INFO:root:Starting Log file.
INFO:root:Beginning test.
INFO:root:Starting Log file.
INFO:root:Starting Log file.
INFO:root:Starting Log file.
INFO:root:Starting Log file.
INFO:root:Starting Log file.
INFO:root:Starting Log file.
INFO:root:Looping....
INFO:root:Starting Log file.
INFO:root:Looping....
INFO:root:Beginning test.Received Speed

INFO:root:Looping....
INFO:root:Received Speed

INFO:root:Looping....
INFO:root:Received Speed

INFO:root:Looping....
INFO:root:Received Speed

INFO:root:Looping....
INFO:root:Received Speed

INFO:root:Looping....
INFO:root:Received Speed

INFO:root:Looping....
INFO:root:Received Speed

INFO:root:Looping....
INFO:root:Received Speed

INFO:root:Looping....
INFO:root:Received Speed

INFO:root:Looping....
INFO:root:Received Speed

INFO:root:Looping....
INFO:root:Received Speed

INFO:root:Looping....
INFO:root:Received Speed

INFO:root:Looping....
INFO:root:Received Speed

INFO:root:Looping....
INFO:root:Received Speed

INFO:root:Looping....
INFO:root:Received Speed

INFO:root:Looping....
INFO:root:Received Speed

INFO:root:Looping....
INFO:root:Received Speed

INFO:root:Looping....
INFO:root:Received Speed

INFO:root:Looping....
INFO:root:Received Speed

INFO:root:Looping....
INFO:root:Received Speed

INFO:root:Looping....
INFO:root:Received Speed

INFO:root:Looping....
INFO:root:Received Speed

INFO:root:Looping....
INFO:root:Received Speed

INFO:root:Looping....
INFO:root:Received Speed

INFO:root:Looping....
INFO:root:Received Speed

INFO:root:Looping....
INFO:root:Received Speed

INFO:root:Looping....
INFO:root:Received Speed

INFO:root:Looping....
INFO:root:Received Speed

INFO:root:Looping....
INFO:root:Received Speed

INFO:root:Looping....
INFO:root:Received Speed

INFO:root:Looping....
INFO:root:Received Speed

INFO:root:Looping....
INFO:root:Received Speed

INFO:root:Looping....
INFO:root:Received Speed

INFO:root:Looping....
INFO:root:Received Speed

INFO:root:Looping....
INFO:root:Received Speed

INFO:root:Looping....
INFO:root:Received Speed

INFO:root:Looping....
INFO:root:Received Speed

INFO:root:Looping....
INFO:root:Received Speed

INFO:root:Looping....
INFO:root:Received Speed

INFO:root:Looping....
INFO:root:Received Speed

INFO:root:Looping....
INFO:root:Received Speed

INFO:root:Looping....
INFO:root:Received Speed

INFO:root:Looping....
INFO:root:Received Speed

INFO:root:Looping....
INFO:root:Received Speed

INFO:root:Looping....
INFO:root:Received Speed

INFO:root:Looping....
INFO:root:Received Speed

INFO:root:Looping....
INFO:root:Received Speed

INFO:root:Looping....
INFO:root:Received Speed

INFO:root:Looping....
INFO:root:Received Speed

INFO:root:Looping....
INFO:root:Received Speed

INFO:root:Looping....
INFO:root:Received Speed

INFO:root:Looping....
INFO:root:Received Speed

INFO:root:Looping....
INFO:root:Received Speed

INFO:root:Looping....
INFO:root:Received Speed

INFO:root:Looping....
INFO:root:Received Speed

INFO:root:Looping....
INFO:root:Received Speed

INFO:root:Looping....
INFO:root:Received Speed

INFO:root:Looping....
INFO:root:Received Speed

INFO:root:Looping....
INFO:root:Received Speed

INFO:root:Looping....
INFO:root:Received Speed

INFO:root:Looping....
INFO:root:Received Speed

INFO:root:Looping....
INFO:root:Received Speed

INFO:root:Looping....
INFO:root:Received Speed

INFO:root:Looping....
INFO:root:Received Speed

INFO:root:Looping....
INFO:root:Received Speed

INFO:root:Looping....
INFO:root:Received Speed

INFO:root:Looping....
INFO:root:Received Speed

INFO:root:Looping....
INFO:root:Received Speed

INFO:root:Looping....
INFO:root:Received Speed

INFO:root:Looping....
INFO:root:Received Speed

INFO:root:Looping....
INFO:root:Received Speed

INFO:root:Looping....
INFO:root:Received Speed

INFO:root:Looping....
INFO:root:Received Speed

INFO:root:Looping....
INFO:root:Received Speed

INFO:root:Looping....
INFO:root:Received Speed

INFO:root:Looping....
INFO:root:Received Speed

INFO:root:Looping....
INFO:root:Received Speed

INFO:root:Looping....
INFO:root:Received Speed

INFO:root:Looping....
INFO:root:Received Speed

INFO:root:Looping....
INFO:root:Received Speed

INFO:root:Looping....
INFO:root:Received Speed

INFO:root:Looping....
INFO:root:Received Speed

INFO:root:Looping....
INFO:root:Received Speed

INFO:root:Looping....
INFO:root:Received Speed

INFO:root:Looping....
INFO:root:Received Speed

INFO:root:Looping....
INFO:root:Received Speed

INFO:root:Looping....
INFO:root:Starting Log file.
INFO:root:Looping....
INFO:root:Beginning test.Speed: 72.857

INFO:root:Looping....
INFO:root:Speed: 72.857

INFO:root:Looping....
INFO:root:Speed: 9.324

INFO:root:Looping....
INFO:root:Speed: 16.011

INFO:root:Looping....
INFO:root:Speed: 19.389

INFO:root:Looping....
INFO:root:Speed: 21.434

INFO:root:Looping....
INFO:root:Speed: 21.434

INFO:root:Looping....
INFO:root:Speed: 21.731

INFO:root:Looping....
INFO:root:Speed: 22.047

INFO:root:Looping....
INFO:root:Speed: 22.301

INFO:root:Looping....
INFO:root:Speed: 22.301

INFO:root:Looping....
INFO:root:Speed: 22.301

INFO:root:Looping....
INFO:root:Speed: 22.301

INFO:root:Looping....
INFO:root:Speed: 22.576

INFO:root:Looping....
INFO:root:Speed: 22.576

INFO:root:Looping....
INFO:root:Speed: 22.576

INFO:root:Looping....
INFO:root:Speed: 22.576

INFO:root:Looping....
INFO:root:Speed: 22.576

INFO:root:Looping....
INFO:root:Speed: 23.477

INFO:root:Looping....
INFO:root:Speed: 25.149

INFO:root:Looping....
INFO:root:Speed: 31.547

INFO:root:Looping....
INFO:root:Speed: 36.261

INFO:root:Looping....
INFO:root:Speed: 44.115

INFO:root:Looping....
INFO:root:Speed: 49.187

INFO:root:Looping....
INFO:root:Speed: 51.073

INFO:root:Looping....
INFO:root:Speed: 53.0

INFO:root:Looping....
INFO:root:Speed: 54.798

INFO:root:Looping....
INFO:root:Speed: 56.48

INFO:root:Looping....
INFO:root:Speed: 57.844

INFO:root:Looping....
INFO:root:Speed: 60.501

INFO:root:Looping....
INFO:root:Speed: 62.117

INFO:root:Looping....
INFO:root:Speed: 63.976

INFO:root:Looping....
INFO:root:Speed: 65.818

INFO:root:Looping....
INFO:root:Speed: 67.541

INFO:root:Looping....
INFO:root:Speed: 69.0

INFO:root:Looping....
INFO:root:Speed: 70.659

INFO:root:Looping....
INFO:root:Speed: 71.814

INFO:root:Looping....
INFO:root:Speed: 72.043

INFO:root:Looping....
INFO:root:Speed: 72.714

INFO:root:Looping....
INFO:root:Speed: 72.714

INFO:root:Looping....
INFO:root:Speed: 72.714

INFO:root:Looping....
INFO:root:Speed: 69.696

INFO:root:Looping....
INFO:root:Speed: 66.428

INFO:root:Looping....
INFO:root:Speed: 56.101

INFO:root:Looping....
INFO:root:Speed: 45.335

INFO:root:Looping....
INFO:root:Speed: 36.599

INFO:root:Looping....
INFO:root:Speed: 23.066

INFO:root:Looping....
INFO:root:Speed: 18.018

INFO:root:Looping....
INFO:root:Speed: 13.152

INFO:root:Looping....
INFO:root:Speed: 5.386

INFO:root:Looping....
INFO:root:Speed: 0.999

INFO:root:Looping....
INFO:root:Speed: 10.452

INFO:root:Looping....
INFO:root:Speed: 22.03

INFO:root:Looping....
INFO:root:Speed: 28.158

INFO:root:Looping....
INFO:root:Speed: 32.622

INFO:root:Looping....
INFO:root:Speed: 37.268

INFO:root:Looping....
INFO:root:Speed: 42.571

INFO:root:Looping....
INFO:root:Speed: 47.481

INFO:root:Looping....
INFO:root:Speed: 50.137

INFO:root:Looping....
INFO:root:Speed: 53.917

INFO:root:Looping....
INFO:root:Speed: 59.206

INFO:root:Looping....
INFO:root:Speed: 63.026

INFO:root:Looping....
INFO:root:Speed: 71.153

INFO:root:Looping....
INFO:root:Speed: 75.531

INFO:root:Looping....
INFO:root:Speed: 78.714

INFO:root:Looping....
INFO:root:Speed: 81.249

INFO:root:Looping....
INFO:root:Speed: 84.979

INFO:root:Looping....
INFO:root:Speed: 87.247

INFO:root:Looping....
INFO:root:Speed: 90.129

INFO:root:Looping....
INFO:root:Speed: 91.286

INFO:root:Looping....
INFO:root:Speed: 91.286

INFO:root:Looping....
INFO:root:Speed: 82.924

INFO:root:Looping....
INFO:root:Speed: 63.161

INFO:root:Looping....
INFO:root:Speed: 56.199

INFO:root:Looping....
INFO:root:Speed: 49.871

INFO:root:Looping....
INFO:root:Speed: 41.141

INFO:root:Looping....
INFO:root:Speed: 35.485

INFO:root:Looping....
INFO:root:Speed: 29.74

INFO:root:Looping....
INFO:root:Speed: 25.126

INFO:root:Looping....
INFO:root:Speed: 19.409

INFO:root:Looping....
INFO:root:Speed: 12.821

INFO:root:Looping....
INFO:root:Speed: 7.492

INFO:root:Looping....
INFO:root:Speed: 4.379

INFO:root:Looping....
INFO:root:Speed: 2.429

INFO:root:Looping....
INFO:root:Speed: 2.964

INFO:root:Looping....
INFO:root:Speed: 15.564

INFO:root:Looping....
INFO:root:Speed: 25.39

INFO:root:Looping....
INFO:root:Speed: 28.944

INFO:root:Looping....
INFO:root:Speed: 38.669

INFO:root:Looping....
INFO:root:Speed: 47.416

INFO:root:Looping....
INFO:root:Speed: 51.972

INFO:root:Looping....
INFO:root:Speed: 56.588

INFO:root:Looping....
INFO:root:Speed: 60.253

INFO:root:Looping....
INFO:root:Speed: 66.138

INFO:root:Looping....
INFO:root:Speed: 69.363

INFO:root:Looping....
INFO:root:Speed: 74.803

INFO:root:Looping....
INFO:root:Speed: 80.713

INFO:root:Looping....
INFO:root:Speed: 87.103

INFO:root:Looping....
INFO:root:Speed: 89.895

INFO:root:Looping....
INFO:root:Speed: 90.1

INFO:root:Looping....
INFO:root:Speed: 78.674

INFO:root:Looping....
INFO:root:Speed: 40.021

INFO:root:Looping....
INFO:root:Speed: 16.855

INFO:root:Looping....
INFO:root:Starting Log file.
INFO:root:Looping....
INFO:root:Starting Log file.
INFO:root:Looping....
INFO:root:Beginning test.Speed: 41.429

INFO:root:Looping....
INFO:root:Speed: 3.936

INFO:root:Looping....
INFO:root:Speed: 8.503

INFO:root:Looping....
INFO:root:Speed: 15.268

INFO:root:Looping....
INFO:root:Speed: 21.139

INFO:root:Looping....
INFO:root:Speed: 28.719

INFO:root:Looping....
INFO:root:Speed: 32.93

INFO:root:Looping....
INFO:root:Speed: 37.515

INFO:root:Looping....
INFO:root:Speed: 38.881

INFO:root:Looping....
INFO:root:Speed: 43.051

INFO:root:Looping....
INFO:root:Speed: 50.857

INFO:root:Looping....
INFO:root:Speed: 52.737

INFO:root:Looping....
INFO:root:Speed: 57.348

INFO:root:Looping....
INFO:root:Speed: 63.033

INFO:root:Looping....
INFO:root:Speed: 68.874

INFO:root:Looping....
INFO:root:Speed: 76.703

INFO:root:Looping....
INFO:root:Speed: 81.093

INFO:root:Looping....
INFO:root:Speed: 86.517

INFO:root:Looping....
INFO:root:Speed: 87.479

INFO:root:Looping....
INFO:root:Speed: 92.745

INFO:root:Looping....
INFO:root:Speed: 96.855

INFO:root:Looping....
INFO:root:Speed: 97.931

INFO:root:Looping....
INFO:root:Speed: 99.699

INFO:root:Looping....
INFO:root:Speed: 99.699

INFO:root:Looping....
INFO:root:Speed: 99.699

INFO:root:Looping....
INFO:root:Speed: 99.699

INFO:root:Looping....
INFO:root:Speed: 99.699

INFO:root:Looping....
INFO:root:Speed: 99.699

INFO:root:Looping....
INFO:root:Speed: 97.365

INFO:root:Looping....
INFO:root:Speed: 85.605

INFO:root:Looping....
INFO:root:Speed: 73.414

INFO:root:Looping....
INFO:root:Speed: 65.455

INFO:root:Looping....
INFO:root:Speed: 59.235

INFO:root:Looping....
INFO:root:Speed: 53.572

INFO:root:Looping....
INFO:root:Speed: 49.981

INFO:root:Looping....
INFO:root:Speed: 40.0

INFO:root:Looping....
INFO:root:Speed: 32.197

INFO:root:Looping....
INFO:root:Speed: 26.275

INFO:root:Looping....
INFO:root:Speed: 23.075

INFO:root:Looping....
INFO:root:Speed: 19.947

INFO:root:Looping....
INFO:root:Speed: 18.671

INFO:root:Looping....
INFO:root:Speed: 13.424

INFO:root:Looping....
INFO:root:Speed: 10.35

INFO:root:Looping....
INFO:root:Speed: 3.86

INFO:root:Looping....
INFO:root:Speed: 0.418

INFO:root:Looping....
INFO:root:Speed: 1.164

INFO:root:Looping....
INFO:root:Speed: 11.523

INFO:root:Looping....
INFO:root:Speed: 15.036

INFO:root:Looping....
INFO:root:Speed: 38.798

INFO:root:Looping....
INFO:root:Speed: 42.799

INFO:root:Looping....
INFO:root:Speed: 50.139

INFO:root:Looping....
INFO:root:Speed: 56.998

INFO:root:Looping....
INFO:root:Speed: 67.239

INFO:root:Looping....
INFO:root:Speed: 70.53

INFO:root:Looping....
INFO:root:Speed: 75.003

INFO:root:Looping....
INFO:root:Speed: 79.51

INFO:root:Looping....
INFO:root:Speed: 83.626

INFO:root:Looping....
INFO:root:Speed: 89.23

INFO:root:Looping....
INFO:root:Speed: 92.945

INFO:root:Looping....
INFO:root:Speed: 97.517

INFO:root:Looping....
INFO:root:Speed: 99.859

INFO:root:Looping....
INFO:root:Speed: 99.859

INFO:root:Looping....
INFO:root:Speed: 99.561

INFO:root:Looping....
INFO:root:Speed: 86.6

INFO:root:Looping....
INFO:root:Speed: 75.893

INFO:root:Looping....
INFO:root:Speed: 63.852

INFO:root:Looping....
INFO:root:Speed: 53.726

INFO:root:Looping....
INFO:root:Speed: 40.633

INFO:root:Looping....
INFO:root:Speed: 31.272

INFO:root:Looping....
INFO:root:Speed: 11.848

INFO:root:Looping....
INFO:root:Speed: 6.019

INFO:root:Looping....
INFO:root:Speed: 11.138

INFO:root:Looping....
INFO:root:Speed: 25.806

INFO:root:Looping....
INFO:root:Speed: 59.148

INFO:root:Looping....
INFO:root:Speed: 81.886

INFO:root:Looping....
INFO:root:Speed: 92.773

INFO:root:Looping....
INFO:root:Speed: 97.64

INFO:root:Looping....
INFO:root:Speed: 97.64

INFO:root:Looping....
INFO:root:Speed: 97.64

INFO:root:Looping....
INFO:root:Speed: 97.64

INFO:root:Looping....
INFO:root:Speed: 97.64

INFO:root:Looping....
INFO:root:Speed: 98.863

INFO:root:Looping....
INFO:root:Speed: 88.805

INFO:root:Looping....
INFO:root:Speed: 72.825

INFO:root:Looping....
INFO:root:Speed: 54.451

INFO:root:Looping....
INFO:root:Speed: 37.896

INFO:root:Looping....
INFO:root:Speed: 31.576

INFO:root:Looping....
INFO:root:Speed: 12.115

INFO:root:Looping....
INFO:root:Speed: 3.431

INFO:root:Looping....
INFO:root:Speed: 1.477

INFO:root:Looping....
INFO:root:Speed: 6.897

INFO:root:Looping....
INFO:root:Speed: 36.839

INFO:root:Looping....
INFO:root:Speed: 55.559

INFO:root:Looping....
INFO:root:Speed: 63.759

INFO:root:Looping....
INFO:root:Speed: 90.563

INFO:root:Looping....
INFO:root:Speed: 99.741

INFO:root:Looping....
INFO:root:Speed: 99.741

INFO:root:Looping....
INFO:root:Speed: 99.741

INFO:root:Looping....
INFO:root:Speed: 99.741

INFO:root:Looping....
INFO:root:Speed: 99.741

INFO:root:Looping....
INFO:root:Speed: 99.741

INFO:root:Looping....
INFO:root:Speed: 99.741

INFO:root:Looping....
INFO:root:Speed: 99.741

INFO:root:Looping....
INFO:root:Speed: 95.529

INFO:root:Looping....
INFO:root:Speed: 27.043

INFO:root:Looping....
INFO:root:Speed: 22.602

INFO:root:Looping....
INFO:root:Speed: 9.206

INFO:root:Looping....
INFO:root:Speed: 1.318

INFO:root:Looping....
INFO:root:Speed: 19.444

INFO:root:Looping....
INFO:root:Speed: 41.714

INFO:root:Looping....
INFO:root:Speed: 50.805

INFO:root:Looping....
INFO:root:Speed: 55.43

INFO:root:Looping....
INFO:root:Speed: 59.763

INFO:root:Looping....
INFO:root:Speed: 62.714

INFO:root:Looping....
INFO:root:Speed: 62.305

INFO:root:Looping....
INFO:root:Speed: 52.963

INFO:root:Looping....
INFO:root:Speed: 45.169

INFO:root:Looping....
INFO:root:Speed: 28.79

INFO:root:Looping....
INFO:root:Speed: 10.409

INFO:root:Looping....
INFO:root:Speed: 6.326

INFO:root:Looping....
INFO:root:Speed: 16.452

INFO:root:Looping....
INFO:root:Speed: 28.236

INFO:root:Looping....
INFO:root:Speed: 35.399

INFO:root:Looping....
INFO:root:Speed: 51.222

INFO:root:Looping....
INFO:root:Speed: 57.617

INFO:root:Looping....
INFO:root:Speed: 71.628

INFO:root:Looping....
INFO:root:Speed: 75.459

INFO:root:Looping....
INFO:root:Speed: 78.697

INFO:root:Looping....
INFO:root:Speed: 80.15

INFO:root:Looping....
INFO:root:Speed: 89.143

INFO:root:Looping....
INFO:root:Speed: 14.708

INFO:root:Looping....
INFO:root:Speed: 18.386

INFO:root:Looping....
INFO:root:Speed: 28.753

INFO:root:Looping....
INFO:root:Speed: 39.776

INFO:root:Looping....
INFO:root:Speed: 55.245

INFO:root:Looping....
INFO:root:Speed: 61.296

INFO:root:Looping....
INFO:root:Speed: 65.833

INFO:root:Looping....
INFO:root:Speed: 69.206

INFO:root:Looping....
INFO:root:Speed: 73.736

INFO:root:Looping....
INFO:root:Speed: 80.105

INFO:root:Looping....
INFO:root:Speed: 83.461

INFO:root:Looping....
INFO:root:Speed: 87.286

INFO:root:Looping....
INFO:root:Speed: 80.223

INFO:root:Looping....
INFO:root:Speed: 65.336

INFO:root:Looping....
INFO:root:Speed: 42.237

INFO:root:Looping....
INFO:root:Speed: 29.578

INFO:root:Looping....
INFO:root:Speed: 0.551

INFO:root:Looping....
INFO:root:Speed: 7.153

INFO:root:Looping....
INFO:root:Speed: 20.049

INFO:root:Looping....
INFO:root:Speed: 46.658

INFO:root:Looping....
INFO:root:Speed: 49.609

INFO:root:Looping....
INFO:root:Speed: 72.777

INFO:root:Looping....
INFO:root:Speed: 85.827

INFO:root:Looping....
INFO:root:Speed: 94.395

INFO:root:Looping....
INFO:root:Speed: 98.744

INFO:root:Looping....
INFO:root:Speed: 98.744

INFO:root:Looping....
INFO:root:Speed: 98.744

INFO:root:Looping....
INFO:root:Speed: 98.744

INFO:root:Looping....
INFO:root:Speed: 98.744

INFO:root:Looping....
INFO:root:Speed: 94.634

INFO:root:Looping....
INFO:root:Speed: 77.352

INFO:root:Looping....
INFO:root:Speed: 64.757

INFO:root:Looping....
INFO:root:Speed: 28.195

INFO:root:Looping....
INFO:root:Starting Log file.
INFO:root:Looping....
INFO:root:Beginning test.Speed: 20.286

INFO:root:Looping....
INFO:root:Speed: -22.778

INFO:root:Looping....
INFO:root:Speed: -20.37

INFO:root:Looping....
INFO:root:Speed: 14.878

INFO:root:Looping....
INFO:root:Speed: 27.832

INFO:root:Looping....
INFO:root:Speed: 33.861

INFO:root:Looping....
INFO:root:Speed: 42.308

INFO:root:Looping....
INFO:root:Speed: 48.289

INFO:root:Looping....
INFO:root:Speed: 55.067

INFO:root:Looping....
INFO:root:Speed: 64.006

INFO:root:Looping....
INFO:root:Speed: 69.498

INFO:root:Looping....
INFO:root:Speed: 60.949

INFO:root:Looping....
INFO:root:Speed: 46.588

INFO:root:Looping....
INFO:root:Speed: 36.127

INFO:root:Looping....
INFO:root:Speed: 22.204

INFO:root:Looping....
INFO:root:Speed: 17.733

INFO:root:Looping....
INFO:root:Speed: 8.836

INFO:root:Looping....
INFO:root:Speed: 3.375

INFO:root:Looping....
INFO:root:Speed: 0.983

INFO:root:Looping....
INFO:root:Speed: -6.507

INFO:root:Looping....
INFO:root:Speed: -8.415

INFO:root:Looping....
INFO:root:Speed: -15.583

INFO:root:Looping....
INFO:root:Speed: -17.274

INFO:root:Looping....
INFO:root:Speed: -23.082

INFO:root:Looping....
INFO:root:Speed: -28.141

INFO:root:Looping....
INFO:root:Speed: -35.207

INFO:root:Looping....
INFO:root:Speed: -37.857

INFO:root:Looping....
INFO:root:Speed: -41.762

INFO:root:Looping....
INFO:root:Speed: -45.21

INFO:root:Looping....
INFO:root:Speed: -48.239

INFO:root:Looping....
INFO:root:Speed: -52.029

INFO:root:Looping....
INFO:root:Speed: -54.87

INFO:root:Looping....
INFO:root:Speed: -57.122

INFO:root:Looping....
INFO:root:Speed: -59.321

INFO:root:Looping....
INFO:root:Speed: -62.714

INFO:root:Looping....
INFO:root:Speed: -64.143

INFO:root:Looping....
INFO:root:Speed: -65.666

INFO:root:Looping....
INFO:root:Speed: -68.567

INFO:root:Looping....
INFO:root:Speed: -71.94

INFO:root:Looping....
INFO:root:Speed: -74.723

INFO:root:Looping....
INFO:root:Speed: -77.084

INFO:root:Looping....
INFO:root:Speed: -80.183

INFO:root:Looping....
INFO:root:Speed: -83.667

INFO:root:Looping....
INFO:root:Speed: -88.143

INFO:root:Looping....
INFO:root:Speed: -91.0

INFO:root:Looping....
INFO:root:Speed: -91.571

INFO:root:Looping....
INFO:root:Speed: -92.013

INFO:root:Looping....
INFO:root:Speed: -92.602

INFO:root:Looping....
INFO:root:Speed: -93.467

INFO:root:Looping....
INFO:root:Speed: -94.585

INFO:root:Looping....
INFO:root:Speed: -95.175

INFO:root:Looping....
INFO:root:Speed: -95.732

INFO:root:Looping....
INFO:root:Speed: -96.069

INFO:root:Looping....
INFO:root:Speed: -96.0

INFO:root:Looping....
INFO:root:Speed: -93.795

INFO:root:Looping....
INFO:root:Speed: -86.689

INFO:root:Looping....
INFO:root:Speed: -67.958

INFO:root:Looping....
INFO:root:Speed: -61.111

INFO:root:Looping....
INFO:root:Speed: -45.389

INFO:root:Looping....
INFO:root:Speed: -39.395

INFO:root:Looping....
INFO:root:Speed: -38.25

INFO:root:Looping....
INFO:root:Speed: -15.714

INFO:root:Looping....
INFO:root:Speed: -35.404

INFO:root:Looping....
INFO:root:Speed: -22.75

INFO:root:Looping....
INFO:root:Speed: 21.777

INFO:root:Looping....
INFO:root:Speed: 24.647

INFO:root:Looping....
INFO:root:Speed: 26.709

INFO:root:Looping....
INFO:root:Speed: 11.997

INFO:root:Looping....
INFO:root:Speed: 8.289

INFO:root:Looping....
INFO:root:Speed: 1.286

INFO:root:Looping....
INFO:root:Speed: -10.618

INFO:root:Looping....
INFO:root:Speed: -18.661

INFO:root:Looping....
INFO:root:Speed: -19.958

INFO:root:Looping....
INFO:root:Speed: -30.571

INFO:root:Looping....
INFO:root:Speed: -54.039

INFO:root:Looping....
INFO:root:Speed: -49.872

INFO:root:Looping....
INFO:root:Speed: -39.726

INFO:root:Looping....
INFO:root:Speed: -31.207

INFO:root:Looping....
INFO:root:Speed: -21.486

INFO:root:Looping....
INFO:root:Speed: -17.422

INFO:root:Looping....
INFO:root:Speed: -15.429

INFO:root:Looping....
INFO:root:Speed: -24.272

INFO:root:Looping....
INFO:root:Speed: -29.259

INFO:root:Looping....
INFO:root:Speed: -37.284

INFO:root:Looping....
INFO:root:Starting Log file.
INFO:root:Looping....
INFO:root:Beginning test.Speed: -34.857

INFO:root:Looping....
INFO:root:Speed: -14.571

INFO:root:Looping....
INFO:root:Speed: -1.787

INFO:root:Looping....
INFO:root:Speed: 3.77

INFO:root:Looping....
INFO:root:Speed: 10.317

INFO:root:Looping....
INFO:root:Speed: 23.008

INFO:root:Looping....
INFO:root:Speed: 23.876

INFO:root:Looping....
INFO:root:Speed: 27.205

INFO:root:Looping....
INFO:root:Speed: 42.503

INFO:root:Looping....
INFO:root:Speed: 43.773

INFO:root:Looping....
INFO:root:Speed: 45.286

INFO:root:Looping....
INFO:root:Speed: 44.306

INFO:root:Looping....
INFO:root:Speed: 42.999

INFO:root:Looping....
INFO:root:Speed: 40.522

INFO:root:Looping....
INFO:root:Speed: 38.585

INFO:root:Looping....
INFO:root:Speed: 34.438

INFO:root:Looping....
INFO:root:Speed: 32.735

INFO:root:Looping....
INFO:root:Speed: 28.976

INFO:root:Looping....
INFO:root:Speed: 27.286

INFO:root:Looping....
INFO:root:Speed: 25.143

INFO:root:Looping....
INFO:root:Speed: 33.799

INFO:root:Looping....
INFO:root:Speed: 11.352

INFO:root:Looping....
INFO:root:Speed: -1.06

INFO:root:Looping....
INFO:root:Speed: -4.072

INFO:root:Looping....
INFO:root:Speed: -8.948

INFO:root:Looping....
INFO:root:Speed: -12.714

INFO:root:Looping....
INFO:root:Speed: -17.218

INFO:root:Looping....
INFO:root:Speed: -25.55

INFO:root:Looping....
INFO:root:Speed: -26.286

INFO:root:Looping....
INFO:root:Speed: -19.12

INFO:root:Looping....
INFO:root:Speed: -14.669

INFO:root:Looping....
INFO:root:Speed: -4.903

INFO:root:Looping....
INFO:root:Speed: -0.371

INFO:root:Looping....
INFO:root:Speed: 4.286

INFO:root:Looping....
INFO:root:Speed: 14.286

INFO:root:Looping....
INFO:root:Speed: 6.853

INFO:root:Looping....
INFO:root:Speed: -0.824

INFO:root:Looping....
INFO:root:Speed: -2.864

INFO:root:Looping....
INFO:root:Speed: -18.218

INFO:root:Looping....
INFO:root:Speed: -22.956

INFO:root:Looping....
INFO:root:Speed: -36.187

INFO:root:Looping....
INFO:root:Speed: -34.629

INFO:root:Looping....
INFO:root:Speed: -30.7

INFO:root:Looping....
INFO:root:Speed: -19.14

INFO:root:Looping....
INFO:root:Speed: -10.045

INFO:root:Looping....
INFO:root:Speed: -5.724

INFO:root:Looping....
INFO:root:Speed: -1.594

INFO:root:Looping....
INFO:root:Speed: -0.276

INFO:root:Looping....
INFO:root:Speed: 10.286

INFO:root:Looping....
INFO:root:Speed: 8.904

INFO:root:Looping....
INFO:root:Speed: 6.857

INFO:root:Looping....
INFO:root:Speed: 6.491

INFO:root:Looping....
INFO:root:Speed: 6.0

INFO:root:Looping....
INFO:root:Speed: 14.286

INFO:root:Looping....
INFO:root:Speed: 14.286

INFO:root:Looping....
INFO:root:Speed: 14.286

INFO:root:Looping....
INFO:root:Speed: 12.0

INFO:root:Looping....
INFO:root:Speed: 9.059

INFO:root:Looping....
INFO:root:Speed: 2.914

INFO:root:Looping....
INFO:root:Speed: -7.711

INFO:root:Looping....
INFO:root:Speed: -12.322

INFO:root:Looping....
INFO:root:Speed: -15.306

INFO:root:Looping....
INFO:root:Speed: -19.107

INFO:root:Looping....
INFO:root:Speed: -21.804

INFO:root:Looping....
INFO:root:Speed: -23.112

INFO:root:Looping....
INFO:root:Speed: -20.341

INFO:root:Looping....
INFO:root:Speed: -12.131

INFO:root:Looping....
INFO:root:Speed: -0.736

INFO:root:Looping....
INFO:root:Speed: 17.191

INFO:root:Looping....
INFO:root:Speed: 30.235

INFO:root:Looping....
INFO:root:Speed: 30.107

INFO:root:Looping....
INFO:root:Speed: -6.198

INFO:root:Looping....
INFO:root:Speed: -18.465

INFO:root:Looping....
INFO:root:Speed: -23.429

INFO:root:Looping....
INFO:root:Speed: 2.789

INFO:root:Looping....
INFO:root:Speed: 8.725

INFO:root:Looping....
INFO:root:Speed: 25.811

INFO:root:Looping....
INFO:root:Speed: 45.789

INFO:root:Looping....
INFO:root:Speed: 59.063

INFO:root:Looping....
INFO:root:Speed: 63.266

INFO:root:Looping....
INFO:root:Speed: 65.168

INFO:root:Looping....
INFO:root:Speed: 66.978

INFO:root:Looping....
INFO:root:Speed: 70.621

INFO:root:Looping....
INFO:root:Speed: 71.429

INFO:root:Looping....
INFO:root:Speed: 69.987

INFO:root:Looping....
INFO:root:Speed: 48.758

INFO:root:Looping....
INFO:root:Speed: 39.232

INFO:root:Looping....
INFO:root:Speed: 26.571

INFO:root:Looping....
INFO:root:Speed: 35.714

INFO:root:Looping....
INFO:root:Speed: 21.712

INFO:root:Looping....
INFO:root:Speed: 1.104

INFO:root:Looping....
INFO:root:Speed: -21.862

INFO:root:Looping....
INFO:root:Speed: -39.468

INFO:root:Looping....
INFO:root:Speed: -48.961

INFO:root:Looping....
INFO:root:Speed: -60.913

INFO:root:Looping....
INFO:root:Speed: -71.766

INFO:root:Looping....
INFO:root:Speed: -76.775

INFO:root:Looping....
INFO:root:Speed: -76.428

INFO:root:Looping....
INFO:root:Speed: -67.806

INFO:root:Looping....
INFO:root:Speed: -55.347

INFO:root:Looping....
INFO:root:Speed: -40.85

INFO:root:Looping....
INFO:root:Speed: -29.948

INFO:root:Looping....
INFO:root:Speed: -25.873

INFO:root:Looping....
INFO:root:Speed: -19.992

INFO:root:Looping....
INFO:root:Speed: -6.087

INFO:root:Looping....
INFO:root:Speed: 5.06

INFO:root:Looping....
INFO:root:Speed: 7.574

INFO:root:Looping....
INFO:root:Speed: 7.924

INFO:root:Looping....
INFO:root:Speed: 8.429

INFO:root:Looping....
INFO:root:Speed: 9.211

INFO:root:Looping....
INFO:root:Speed: 9.211

INFO:root:Looping....
INFO:root:Speed: 9.211

INFO:root:Looping....
INFO:root:Speed: 9.718

INFO:root:Looping....
INFO:root:Speed: 9.718

INFO:root:Looping....
INFO:root:Speed: 9.714

INFO:root:Looping....
INFO:root:Speed: 9.714

INFO:root:Looping....
INFO:root:Speed: 9.714

INFO:root:Looping....
INFO:root:Speed: 9.714

INFO:root:Looping....
INFO:root:Speed: 9.714

INFO:root:Looping....
INFO:root:Speed: 9.714

INFO:root:Looping....
INFO:root:Speed: 9.714

INFO:root:Looping....
INFO:root:Speed: 9.714

INFO:root:Looping....
INFO:root:Speed: 7.665

INFO:root:Looping....
INFO:root:Speed: 0.352

INFO:root:Looping....
INFO:root:Speed: -5.056

INFO:root:Looping....
INFO:root:Speed: -14.311

INFO:root:Looping....
INFO:root:Speed: -29.082

INFO:root:Looping....
INFO:root:Speed: -38.409

INFO:root:Looping....
INFO:root:Speed: -46.866

INFO:root:Looping....
INFO:root:Speed: -53.136

INFO:root:Looping....
INFO:root:Speed: -57.784

INFO:root:Looping....
INFO:root:Speed: -62.569

INFO:root:Looping....
INFO:root:Speed: -66.067

INFO:root:Looping....
INFO:root:Speed: -69.393

INFO:root:Looping....
INFO:root:Speed: 27.143

INFO:root:Looping....
INFO:root:Speed: 7.589

INFO:root:Looping....
INFO:root:Speed: -18.233

INFO:root:Looping....
INFO:root:Speed: -29.857

INFO:root:Looping....
INFO:root:Speed: -46.605

INFO:root:Looping....
INFO:root:Speed: -52.499

INFO:root:Looping....
INFO:root:Speed: -60.253

INFO:root:Looping....
INFO:root:Speed: -69.609

INFO:root:Looping....
INFO:root:Speed: -59.18

INFO:root:Looping....
INFO:root:Speed: -50.991

INFO:root:Looping....
INFO:root:Speed: -43.771

INFO:root:Looping....
INFO:root:Speed: -42.443

INFO:root:Looping....
INFO:root:Speed: -17.535

INFO:root:Looping....
INFO:root:Speed: -15.993

INFO:root:Looping....
INFO:root:Speed: -14.049

INFO:root:Looping....
INFO:root:Speed: -4.269

INFO:root:Looping....
INFO:root:Speed: -0.286

INFO:root:Looping....
INFO:root:Speed: -0.286

INFO:root:Looping....
INFO:root:Speed: 0.857

INFO:root:Looping....
INFO:root:Speed: 0.857

INFO:root:Looping....
INFO:root:Speed: 0.857

INFO:root:Looping....
INFO:root:Speed: 0.857

INFO:root:Looping....
INFO:root:Speed: -0.926

INFO:root:Looping....
INFO:root:Speed: -3.143

INFO:root:Looping....
INFO:root:Speed: -3.429

INFO:root:Looping....
INFO:root:Speed: -3.429

INFO:root:Looping....
INFO:root:Speed: -2.536

INFO:root:Looping....
INFO:root:Speed: -2.0

INFO:root:Looping....
INFO:root:Speed: -1.429

INFO:root:Looping....
INFO:root:Speed: -0.571

INFO:root:Looping....
INFO:root:Speed: 0.571

INFO:root:Looping....
INFO:root:Speed: 1.429

INFO:root:Looping....
INFO:root:Speed: 2.468

INFO:root:Looping....
INFO:root:Speed: 2.857

INFO:root:Looping....
INFO:root:Speed: 3.714

INFO:root:Looping....
INFO:root:Speed: 3.714

INFO:root:Looping....
INFO:root:Speed: 2.493

INFO:root:Looping....
INFO:root:Speed: -3.701

INFO:root:Looping....
INFO:root:Speed: -6.378

INFO:root:Looping....
INFO:root:Speed: -12.209

INFO:root:Looping....
INFO:root:Speed: -16.936

INFO:root:Looping....
INFO:root:Speed: -29.329

INFO:root:Looping....
INFO:root:Speed: -31.897

INFO:root:Looping....
INFO:root:Speed: -49.097

INFO:root:Looping....
INFO:root:Speed: -52.694

INFO:root:Looping....
INFO:root:Speed: -55.714

INFO:root:Looping....
INFO:root:Speed: -55.714

INFO:root:Looping....
INFO:root:Speed: -55.143

INFO:root:Looping....
INFO:root:Speed: -52.738

INFO:root:Looping....
INFO:root:Speed: -49.161

INFO:root:Looping....
INFO:root:Speed: -48.0

INFO:root:Looping....
INFO:root:Speed: -45.676

INFO:root:Looping....
INFO:root:Speed: -40.286

INFO:root:Looping....
INFO:root:Speed: -40.0

INFO:root:Looping....
INFO:root:Speed: -40.0

INFO:root:Looping....
INFO:root:Speed: -36.242

INFO:root:Looping....
INFO:root:Speed: -30.383

INFO:root:Looping....
INFO:root:Speed: -28.476

INFO:root:Looping....
INFO:root:Speed: -19.538

INFO:root:Looping....
INFO:root:Speed: -12.593

INFO:root:Looping....
INFO:root:Speed: -7.547

INFO:root:Looping....
INFO:root:Speed: -1.63

INFO:root:Looping....
INFO:root:Speed: 4.005

INFO:root:Looping....
INFO:root:Speed: 4.286

INFO:root:Looping....
INFO:root:Speed: 4.232

INFO:root:Looping....
INFO:root:Speed: -6.891

INFO:root:Looping....
INFO:root:Speed: -11.92

INFO:root:Looping....
INFO:root:Starting Log file.
INFO:root:Looping....
INFO:root:Starting Log file.
INFO:root:Looping....
DEBUG:root:This is the line: Beginning test.drive:0:0

DEBUG:root:We got command: Beginning test.drive
INFO:root:We got some other kind of command
INFO:root:Looping....
DEBUG:root:This is the line: drive:-15.429:-21.726

DEBUG:root:We got command: drive
DEBUG:root:We got a drive command
INFO:root:Starting Log file.
INFO:root:Looping....
DEBUG:root:This is the line: Beginning test.EMERGENCYSTOP:STOP

DEBUG:root:We got command: Beginning test.EMERGENCYSTOP
INFO:root:We got some other kind of command
INFO:root:Looping....
DEBUG:root:This is the line: EMERGENCYSTOP:STOP

DEBUG:root:We got command: EMERGENCYSTOP
INFO:root:We got the EMERGENCY STOP command.
INFO:root:Looping....
DEBUG:root:This is the line: EMERGENCYSTOP:STOP

DEBUG:root:We got command: EMERGENCYSTOP
INFO:root:We got the EMERGENCY STOP command.
INFO:root:Looping....
DEBUG:root:This is the line: EMERGENCYSTOP:STOP

DEBUG:root:We got command: EMERGENCYSTOP
INFO:root:We got the EMERGENCY STOP command.
INFO:root:Looping....
DEBUG:root:This is the line: EMERGENCYSTOP:STOP

DEBUG:root:We got command: EMERGENCYSTOP
INFO:root:We got the EMERGENCY STOP command.
INFO:root:Looping....
DEBUG:root:This is the line: EMERGENCYSTOP:STOP

DEBUG:root:We got command: EMERGENCYSTOP
INFO:root:We got the EMERGENCY STOP command.
INFO:root:Looping....
DEBUG:root:This is the line: EMERGENCYSTOP:STOP

DEBUG:root:We got command: EMERGENCYSTOP
INFO:root:We got the EMERGENCY STOP command.
INFO:root:Looping....
DEBUG:root:This is the line: EMERGENCYSTOP:STOP

DEBUG:root:We got command: EMERGENCYSTOP
INFO:root:We got the EMERGENCY STOP command.
INFO:root:Looping....
DEBUG:root:This is the line: EMERGENCYSTOP:STOP

DEBUG:root:We got command: EMERGENCYSTOP
INFO:root:We got the EMERGENCY STOP command.
INFO:root:Looping....
DEBUG:root:This is the line: EMERGENCYSTOP:STOP

DEBUG:root:We got command: EMERGENCYSTOP
INFO:root:We got the EMERGENCY STOP command.
INFO:root:Looping....
DEBUG:root:This is the line: EMERGENCYSTOP:STOP

DEBUG:root:We got command: EMERGENCYSTOP
INFO:root:We got the EMERGENCY STOP command.
INFO:root:Looping....
DEBUG:root:This is the line: EMERGENCYSTOP:STOP

DEBUG:root:We got command: EMERGENCYSTOP
INFO:root:We got the EMERGENCY STOP command.
INFO:root:Looping....
DEBUG:root:This is the line: EMERGENCYSTOP:STOP

DEBUG:root:We got command: EMERGENCYSTOP
INFO:root:We got the EMERGENCY STOP command.
INFO:root:Looping....
DEBUG:root:This is the line: EMERGENCYSTOP:STOP

DEBUG:root:We got command: EMERGENCYSTOP
INFO:root:We got the EMERGENCY STOP command.
INFO:root:Looping....
DEBUG:root:This is the line: EMERGENCYSTOP:STOP

DEBUG:root:We got command: EMERGENCYSTOP
INFO:root:We got the EMERGENCY STOP command.
INFO:root:Looping....
DEBUG:root:This is the line: EMERGENCYSTOP:STOP

DEBUG:root:We got command: EMERGENCYSTOP
INFO:root:We got the EMERGENCY STOP command.
INFO:root:Looping....
DEBUG:root:This is the line: EMERGENCYSTOP:STOP

DEBUG:root:We got command: EMERGENCYSTOP
INFO:root:We got the EMERGENCY STOP command.
INFO:root:Looping....
DEBUG:root:This is the line: EMERGENCYSTOP:STOP

DEBUG:root:We got command: EMERGENCYSTOP
INFO:root:We got the EMERGENCY STOP command.
INFO:root:Looping....
DEBUG:root:This is the line: EMERGENCYSTOP:STOP

DEBUG:root:We got command: EMERGENCYSTOP
INFO:root:We got the EMERGENCY STOP command.
INFO:root:Looping....
DEBUG:root:This is the line: EMERGENCYSTOP:STOP

DEBUG:root:We got command: EMERGENCYSTOP
INFO:root:We got the EMERGENCY STOP command.
INFO:root:Looping....
DEBUG:root:This is the line: EMERGENCYSTOP:STOP

DEBUG:root:We got command: EMERGENCYSTOP
INFO:root:We got the EMERGENCY STOP command.
INFO:root:Looping....
DEBUG:root:This is the line: EMERGENCYSTOP:STOP

DEBUG:root:We got command: EMERGENCYSTOP
INFO:root:We got the EMERGENCY STOP command.
INFO:root:Looping....
DEBUG:root:This is the line: EMERGENCYSTOP:STOP

DEBUG:root:We got command: EMERGENCYSTOP
INFO:root:We got the EMERGENCY STOP command.
INFO:root:Looping....
DEBUG:root:This is the line: EMERGENCYSTOP:STOP

DEBUG:root:We got command: EMERGENCYSTOP
INFO:root:We got the EMERGENCY STOP command.
INFO:root:Looping....
DEBUG:root:This is the line: EMERGENCYSTOP:STOP

DEBUG:root:We got command: EMERGENCYSTOP
INFO:root:We got the EMERGENCY STOP command.
INFO:root:Looping....
DEBUG:root:This is the line: EMERGENCYSTOP:STOP

DEBUG:root:We got command: EMERGENCYSTOP
INFO:root:We got the EMERGENCY STOP command.
INFO:root:Looping....
DEBUG:root:This is the line: EMERGENCYSTOP:STOP

DEBUG:root:We got command: EMERGENCYSTOP
INFO:root:We got the EMERGENCY STOP command.
INFO:root:Looping....
DEBUG:root:This is the line: EMERGENCYSTOP:STOP

DEBUG:root:We got command: EMERGENCYSTOP
INFO:root:We got the EMERGENCY STOP command.
INFO:root:Looping....
DEBUG:root:This is the line: drive:5.714:-11.607

DEBUG:root:We got command: drive
DEBUG:root:We got a drive command
DEBUG:root:Left=-17.321000 Right=-11.607000
DEBUG:root:ScaledLeft: 336.027750 ScaledRight: 348.884250
INFO:root:Looping....
DEBUG:root:This is the line: drive:-18.0:0.187

DEBUG:root:We got command: drive
DEBUG:root:We got a drive command
DEBUG:root:Left=0.187000 Right=18.187000
DEBUG:root:ScaledLeft: 375.420750 ScaledRight: 415.920750
INFO:root:Looping....
DEBUG:root:This is the line: drive:-17.104:-4.167

DEBUG:root:We got command: drive
DEBUG:root:We got a drive command
DEBUG:root:Left=12.937000 Right=-4.167000
DEBUG:root:ScaledLeft: 404.108250 ScaledRight: 365.624250
INFO:root:Looping....
DEBUG:root:This is the line: drive:-10.496:-4.167

DEBUG:root:We got command: drive
DEBUG:root:We got a drive command
DEBUG:root:Left=6.329000 Right=-4.167000
DEBUG:root:ScaledLeft: 389.240250 ScaledRight: 365.624250
INFO:root:Looping....
DEBUG:root:This is the line: drive:-5.623:-3.077

DEBUG:root:We got command: drive
DEBUG:root:We got a drive command
DEBUG:root:Left=2.546000 Right=-3.077000
DEBUG:root:ScaledLeft: 380.728500 ScaledRight: 368.076750
INFO:root:Looping....
DEBUG:root:This is the line: drive:-0.571:-0.595

DEBUG:root:We got command: drive
DEBUG:root:We got a drive command
DEBUG:root:Left=-0.024000 Right=-0.595000
DEBUG:root:ScaledLeft: 374.946000 ScaledRight: 373.661250
INFO:root:Looping....
DEBUG:root:This is the line: drive:6.791:1.786

DEBUG:root:We got command: drive
DEBUG:root:We got a drive command
DEBUG:root:Left=1.786000 Right=-5.005000
DEBUG:root:ScaledLeft: 379.018500 ScaledRight: 363.738750
INFO:root:Looping....
DEBUG:root:This is the line: drive:12.373:2.381

DEBUG:root:We got command: drive
DEBUG:root:We got a drive command
DEBUG:root:Left=2.381000 Right=-9.992000
DEBUG:root:ScaledLeft: 380.357250 ScaledRight: 352.518000
INFO:root:Looping....
DEBUG:root:This is the line: drive:20.57:2.381

DEBUG:root:We got command: drive
DEBUG:root:We got a drive command
DEBUG:root:Left=2.381000 Right=-18.189000
DEBUG:root:ScaledLeft: 380.357250 ScaledRight: 334.074750
INFO:root:Looping....
DEBUG:root:This is the line: drive:26.857:-2.861

DEBUG:root:We got command: drive
DEBUG:root:We got a drive command
DEBUG:root:Left=-29.718000 Right=-2.861000
DEBUG:root:ScaledLeft: 308.134500 ScaledRight: 368.562750
INFO:root:Looping....
DEBUG:root:This is the line: drive:26.526:-8.083

DEBUG:root:We got command: drive
DEBUG:root:We got a drive command
DEBUG:root:Left=-34.609000 Right=-8.083000
DEBUG:root:ScaledLeft: 297.129750 ScaledRight: 356.813250
INFO:root:Looping....
DEBUG:root:This is the line: drive:19.946:-7.264

DEBUG:root:We got command: drive
DEBUG:root:We got a drive command
DEBUG:root:Left=-27.210000 Right=-7.264000
DEBUG:root:ScaledLeft: 313.777500 ScaledRight: 358.656000
INFO:root:Looping....
DEBUG:root:This is the line: drive:13.143:-3.72

DEBUG:root:We got command: drive
DEBUG:root:We got a drive command
DEBUG:root:Left=-16.863000 Right=-3.720000
DEBUG:root:ScaledLeft: 337.058250 ScaledRight: 366.630000
INFO:root:Looping....
DEBUG:root:This is the line: drive:8.372:-0.343

DEBUG:root:We got command: drive
DEBUG:root:We got a drive command
DEBUG:root:Left=-8.715000 Right=-0.343000
DEBUG:root:ScaledLeft: 355.391250 ScaledRight: 374.228250
INFO:root:Looping....
DEBUG:root:This is the line: drive:-3.171:10.134

DEBUG:root:We got command: drive
DEBUG:root:We got a drive command
DEBUG:root:Left=10.134000 Right=13.305000
DEBUG:root:ScaledLeft: 397.801500 ScaledRight: 404.936250
INFO:root:Looping....
DEBUG:root:This is the line: drive:-7.45:12.66

DEBUG:root:We got command: drive
DEBUG:root:We got a drive command
DEBUG:root:Left=12.660000 Right=20.110000
DEBUG:root:ScaledLeft: 403.485000 ScaledRight: 420.247500
INFO:root:Looping....
DEBUG:root:This is the line: drive:-20.397:13.393

DEBUG:root:We got command: drive
DEBUG:root:We got a drive command
DEBUG:root:Left=13.393000 Right=33.790000
DEBUG:root:ScaledLeft: 405.134250 ScaledRight: 451.027500
INFO:root:Looping....
DEBUG:root:This is the line: drive:-30.858:8.929

DEBUG:root:We got command: drive
DEBUG:root:We got a drive command
DEBUG:root:Left=8.929000 Right=39.787000
DEBUG:root:ScaledLeft: 395.090250 ScaledRight: 464.520750
INFO:root:Looping....
DEBUG:root:This is the line: drive:-34.286:7.206

DEBUG:root:We got command: drive
DEBUG:root:We got a drive command
DEBUG:root:Left=7.206000 Right=41.492000
DEBUG:root:ScaledLeft: 391.213500 ScaledRight: 468.357000
INFO:root:Looping....
DEBUG:root:This is the line: drive:-30.934:4.802

DEBUG:root:We got command: drive
DEBUG:root:We got a drive command
DEBUG:root:Left=4.802000 Right=35.736000
DEBUG:root:ScaledLeft: 385.804500 ScaledRight: 455.406000
INFO:root:Looping....
DEBUG:root:This is the line: drive:-23.912:2.976

DEBUG:root:We got command: drive
DEBUG:root:We got a drive command
DEBUG:root:Left=2.976000 Right=26.888000
DEBUG:root:ScaledLeft: 381.696000 ScaledRight: 435.498000
INFO:root:Looping....
DEBUG:root:This is the line: drive:-5.256:6.203

DEBUG:root:We got command: drive
DEBUG:root:We got a drive command
DEBUG:root:Left=6.203000 Right=11.459000
DEBUG:root:ScaledLeft: 388.956750 ScaledRight: 400.782750
INFO:root:Looping....
DEBUG:root:This is the line: drive:3.086:10.238

DEBUG:root:We got command: drive
DEBUG:root:We got a drive command
DEBUG:root:Left=10.238000 Right=7.152000
DEBUG:root:ScaledLeft: 398.035500 ScaledRight: 391.092000
INFO:root:Looping....
DEBUG:root:This is the line: drive:9.198:13.422

DEBUG:root:We got command: drive
DEBUG:root:We got a drive command
DEBUG:root:Left=13.422000 Right=4.224000
DEBUG:root:ScaledLeft: 405.199500 ScaledRight: 384.504000
INFO:root:Looping....
DEBUG:root:This is the line: drive:19.319:14.881

DEBUG:root:We got command: drive
DEBUG:root:We got a drive command
DEBUG:root:Left=14.881000 Right=-4.438000
DEBUG:root:ScaledLeft: 408.482250 ScaledRight: 365.014500
INFO:root:Looping....
DEBUG:root:This is the line: drive:0:0

DEBUG:root:We got command: drive
DEBUG:root:We got a drive command
DEBUG:root:Left=0.000000 Right=0.000000
DEBUG:root:ScaledLeft: 375.000000 ScaledRight: 375.000000
INFO:root:Looping....
DEBUG:root:This is the line: drive:12.429:-29.762

DEBUG:root:We got command: drive
DEBUG:root:We got a drive command
DEBUG:root:Left=-42.191000 Right=-29.762000
DEBUG:root:ScaledLeft: 280.070250 ScaledRight: 308.035500
INFO:root:Looping....
DEBUG:root:This is the line: drive:-9.714:-13.095

DEBUG:root:We got command: drive
DEBUG:root:We got a drive command
DEBUG:root:Left=-3.381000 Right=-13.095000
DEBUG:root:ScaledLeft: 367.392750 ScaledRight: 345.536250
INFO:root:Looping....
DEBUG:root:This is the line: drive:0.268:-17.262

DEBUG:root:We got command: drive
DEBUG:root:We got a drive command
DEBUG:root:Left=-17.530000 Right=-17.262000
DEBUG:root:ScaledLeft: 335.557500 ScaledRight: 336.160500
INFO:root:Looping....
DEBUG:root:This is the line: drive:24.699:-17.262

DEBUG:root:We got command: drive
DEBUG:root:We got a drive command
DEBUG:root:Left=-41.961000 Right=-17.262000
DEBUG:root:ScaledLeft: 280.587750 ScaledRight: 336.160500
INFO:root:Looping....
DEBUG:root:This is the line: drive:32.267:-13.71

DEBUG:root:We got command: drive
DEBUG:root:We got a drive command
DEBUG:root:Left=-45.977000 Right=-13.710000
DEBUG:root:ScaledLeft: 271.551750 ScaledRight: 344.152500
INFO:root:Looping....
DEBUG:root:This is the line: drive:35.714:-10.068

DEBUG:root:We got command: drive
DEBUG:root:We got a drive command
DEBUG:root:Left=-45.782000 Right=-10.068000
DEBUG:root:ScaledLeft: 271.990500 ScaledRight: 352.347000
INFO:root:Looping....
DEBUG:root:This is the line: drive:34.494:-8.631

DEBUG:root:We got command: drive
DEBUG:root:We got a drive command
DEBUG:root:Left=-43.125000 Right=-8.631000
DEBUG:root:ScaledLeft: 277.968750 ScaledRight: 355.580250
INFO:root:Looping....
DEBUG:root:This is the line: drive:30.308:-8.631

DEBUG:root:We got command: drive
DEBUG:root:We got a drive command
DEBUG:root:Left=-38.939000 Right=-8.631000
DEBUG:root:ScaledLeft: 287.387250 ScaledRight: 355.580250
INFO:root:Looping....
DEBUG:root:This is the line: drive:21.545:-8.631

DEBUG:root:We got command: drive
DEBUG:root:We got a drive command
DEBUG:root:Left=-30.176000 Right=-8.631000
DEBUG:root:ScaledLeft: 307.104000 ScaledRight: 355.580250
INFO:root:Looping....
DEBUG:root:This is the line: drive:7.869:-14.8

DEBUG:root:We got command: drive
DEBUG:root:We got a drive command
DEBUG:root:Left=-22.669000 Right=-14.800000
DEBUG:root:ScaledLeft: 323.994750 ScaledRight: 341.700000
INFO:root:Looping....
DEBUG:root:This is the line: drive:-0.075:-16.259

DEBUG:root:We got command: drive
DEBUG:root:We got a drive command
DEBUG:root:Left=-16.184000 Right=-16.259000
DEBUG:root:ScaledLeft: 338.586000 ScaledRight: 338.417250
INFO:root:Looping....
DEBUG:root:This is the line: drive:-7.869:-16.667

DEBUG:root:We got command: drive
DEBUG:root:We got a drive command
DEBUG:root:Left=-8.798000 Right=-16.667000
DEBUG:root:ScaledLeft: 355.204500 ScaledRight: 337.499250
INFO:root:Looping....
DEBUG:root:This is the line: drive:-16.682:-16.667

DEBUG:root:We got command: drive
DEBUG:root:We got a drive command
DEBUG:root:Left=0.015000 Right=-16.667000
DEBUG:root:ScaledLeft: 375.033750 ScaledRight: 337.499250
INFO:root:Looping....
DEBUG:root:This is the line: drive:-26.318:-5.622

DEBUG:root:We got command: drive
DEBUG:root:We got a drive command
DEBUG:root:Left=20.696000 Right=-5.622000
DEBUG:root:ScaledLeft: 421.566000 ScaledRight: 362.350500
INFO:root:Looping....
DEBUG:root:This is the line: drive:-29.626:-4.464

DEBUG:root:We got command: drive
DEBUG:root:We got a drive command
DEBUG:root:Left=25.162000 Right=-4.464000
DEBUG:root:ScaledLeft: 431.614500 ScaledRight: 364.956000
INFO:root:Looping....
DEBUG:root:This is the line: drive:-36.273:-4.464

DEBUG:root:We got command: drive
DEBUG:root:We got a drive command
DEBUG:root:Left=31.809000 Right=-4.464000
DEBUG:root:ScaledLeft: 446.570250 ScaledRight: 364.956000
INFO:root:Looping....
DEBUG:root:This is the line: drive:-47.53:-12.011

DEBUG:root:We got command: drive
DEBUG:root:We got a drive command
DEBUG:root:Left=35.519000 Right=-12.011000
DEBUG:root:ScaledLeft: 454.917750 ScaledRight: 347.975250
INFO:root:Looping....
DEBUG:root:This is the line: drive:-47.53:-12.011

DEBUG:root:We got command: drive
DEBUG:root:We got a drive command
DEBUG:root:Left=35.519000 Right=-12.011000
DEBUG:root:ScaledLeft: 454.917750 ScaledRight: 347.975250
INFO:root:Looping....
DEBUG:root:This is the line: drive:0:0

DEBUG:root:We got command: drive
DEBUG:root:We got a drive command
DEBUG:root:Left=0.000000 Right=0.000000
DEBUG:root:ScaledLeft: 375.000000 ScaledRight: 375.000000
INFO:root:Looping....
DEBUG:root:This is the line: drive:-50.571:-20.238

DEBUG:root:We got command: drive
DEBUG:root:We got a drive command
DEBUG:root:Left=30.333000 Right=-20.238000
DEBUG:root:ScaledLeft: 443.249250 ScaledRight: 329.464500
INFO:root:Looping....
DEBUG:root:This is the line: drive:5.143:-1.786

DEBUG:root:We got command: drive
DEBUG:root:We got a drive command
DEBUG:root:Left=-6.929000 Right=-1.786000
DEBUG:root:ScaledLeft: 359.409750 ScaledRight: 370.981500
INFO:root:Looping....
DEBUG:root:This is the line: drive:-7.192:-7.457

DEBUG:root:We got command: drive
DEBUG:root:We got a drive command
DEBUG:root:Left=-0.265000 Right=-7.457000
DEBUG:root:ScaledLeft: 374.403750 ScaledRight: 358.221750
INFO:root:Looping....
DEBUG:root:This is the line: drive:-7.192:-7.457

DEBUG:root:We got command: drive
DEBUG:root:We got a drive command
DEBUG:root:Left=-0.265000 Right=-7.457000
DEBUG:root:ScaledLeft: 374.403750 ScaledRight: 358.221750
INFO:root:Looping....
DEBUG:root:This is the line: drive:-33.898:-16.071

DEBUG:root:We got command: drive
DEBUG:root:We got a drive command
DEBUG:root:Left=17.827000 Right=-16.071000
DEBUG:root:ScaledLeft: 415.110750 ScaledRight: 338.840250
INFO:root:Looping....
DEBUG:root:This is the line: drive:-43.253:-17.022

DEBUG:root:We got command: drive
DEBUG:root:We got a drive command
DEBUG:root:Left=26.231000 Right=-17.022000
DEBUG:root:ScaledLeft: 434.019750 ScaledRight: 336.700500
INFO:root:Looping....
DEBUG:root:This is the line: drive:-54.273:-18.452

DEBUG:root:We got command: drive
DEBUG:root:We got a drive command
DEBUG:root:Left=35.821000 Right=-18.452000
DEBUG:root:ScaledLeft: 455.597250 ScaledRight: 333.483000
INFO:root:Looping....
DEBUG:root:This is the line: drive:-67.39:-19.643

DEBUG:root:We got command: drive
DEBUG:root:We got a drive command
DEBUG:root:Left=47.747000 Right=-19.643000
DEBUG:root:ScaledLeft: 482.430750 ScaledRight: 330.803250
INFO:root:Looping....
DEBUG:root:This is the line: drive:-71.535:-19.643

DEBUG:root:We got command: drive
DEBUG:root:We got a drive command
DEBUG:root:Left=51.892000 Right=-19.643000
DEBUG:root:ScaledLeft: 491.757000 ScaledRight: 330.803250
INFO:root:Looping....
DEBUG:root:This is the line: drive:-74.66:-19.94

DEBUG:root:We got command: drive
DEBUG:root:We got a drive command
DEBUG:root:Left=54.720000 Right=-19.940000
DEBUG:root:ScaledLeft: 498.120000 ScaledRight: 330.135000
INFO:root:Looping....
DEBUG:root:This is the line: drive:-75.429:-20.61

DEBUG:root:We got command: drive
DEBUG:root:We got a drive command
DEBUG:root:Left=54.819000 Right=-20.610000
DEBUG:root:ScaledLeft: 498.342750 ScaledRight: 328.627500
INFO:root:Looping....
DEBUG:root:This is the line: drive:-75.737:-20.536

DEBUG:root:We got command: drive
DEBUG:root:We got a drive command
DEBUG:root:Left=55.201000 Right=-20.536000
DEBUG:root:ScaledLeft: 499.202250 ScaledRight: 328.794000
INFO:root:Looping....
DEBUG:root:This is the line: drive:-76.374:-20.536

DEBUG:root:We got command: drive
DEBUG:root:We got a drive command
DEBUG:root:Left=55.838000 Right=-20.536000
DEBUG:root:ScaledLeft: 500.635500 ScaledRight: 328.794000
INFO:root:Looping....
DEBUG:root:This is the line: drive:-77.429:-22.59

DEBUG:root:We got command: drive
DEBUG:root:We got a drive command
DEBUG:root:Left=54.839000 Right=-22.590000
DEBUG:root:ScaledLeft: 498.387750 ScaledRight: 324.172500
INFO:root:Looping....
DEBUG:root:This is the line: drive:-80.567:-24.405

DEBUG:root:We got command: drive
DEBUG:root:We got a drive command
DEBUG:root:Left=56.162000 Right=-24.405000
DEBUG:root:ScaledLeft: 501.364500 ScaledRight: 320.088750
INFO:root:Looping....
DEBUG:root:This is the line: drive:-81.571:-24.405

DEBUG:root:We got command: drive
DEBUG:root:We got a drive command
DEBUG:root:Left=57.166000 Right=-24.405000
DEBUG:root:ScaledLeft: 503.623500 ScaledRight: 320.088750
INFO:root:Looping....
DEBUG:root:This is the line: drive:-82.589:-24.405

DEBUG:root:We got command: drive
DEBUG:root:We got a drive command
DEBUG:root:Left=58.184000 Right=-24.405000
DEBUG:root:ScaledLeft: 505.914000 ScaledRight: 320.088750
INFO:root:Looping....
DEBUG:root:This is the line: drive:-83.19:-24.702

DEBUG:root:We got command: drive
DEBUG:root:We got a drive command
DEBUG:root:Left=58.488000 Right=-24.702000
DEBUG:root:ScaledLeft: 506.598000 ScaledRight: 319.420500
INFO:root:Looping....
DEBUG:root:This is the line: drive:-83.143:-25.023

DEBUG:root:We got command: drive
DEBUG:root:We got a drive command
DEBUG:root:Left=58.120000 Right=-25.023000
DEBUG:root:ScaledLeft: 505.770000 ScaledRight: 318.698250
INFO:root:Looping....
DEBUG:root:This is the line: drive:-83.143:-25.023

DEBUG:root:We got command: drive
DEBUG:root:We got a drive command
DEBUG:root:Left=58.120000 Right=-25.023000
DEBUG:root:ScaledLeft: 505.770000 ScaledRight: 318.698250
INFO:root:Looping....
DEBUG:root:This is the line: drive:-83.438:-25.0

DEBUG:root:We got command: drive
DEBUG:root:We got a drive command
DEBUG:root:Left=58.438000 Right=-25.000000
DEBUG:root:ScaledLeft: 506.485500 ScaledRight: 318.750000
INFO:root:Looping....
DEBUG:root:This is the line: drive:-83.8:-25.0

DEBUG:root:We got command: drive
DEBUG:root:We got a drive command
DEBUG:root:Left=58.800000 Right=-25.000000
DEBUG:root:ScaledLeft: 507.300000 ScaledRight: 318.750000
INFO:root:Looping....
DEBUG:root:This is the line: drive:-83.8:-25.0

DEBUG:root:We got command: drive
DEBUG:root:We got a drive command
DEBUG:root:Left=58.800000 Right=-25.000000
DEBUG:root:ScaledLeft: 507.300000 ScaledRight: 318.750000
INFO:root:Looping....
DEBUG:root:This is the line: drive:-83.8:-25.0

DEBUG:root:We got command: drive
DEBUG:root:We got a drive command
DEBUG:root:Left=58.800000 Right=-25.000000
DEBUG:root:ScaledLeft: 507.300000 ScaledRight: 318.750000
INFO:root:Looping....
DEBUG:root:This is the line: drive:-84.006:-25.0

DEBUG:root:We got command: drive
DEBUG:root:We got a drive command
DEBUG:root:Left=59.006000 Right=-25.000000
DEBUG:root:ScaledLeft: 507.763500 ScaledRight: 318.750000
INFO:root:Looping....
DEBUG:root:This is the line: drive:-84.306:-28.668

DEBUG:root:We got command: drive
DEBUG:root:We got a drive command
DEBUG:root:Left=55.638000 Right=-28.668000
DEBUG:root:ScaledLeft: 500.185500 ScaledRight: 310.497000
INFO:root:Looping....
DEBUG:root:This is the line: drive:-84.286:-30.812

DEBUG:root:We got command: drive
DEBUG:root:We got a drive command
DEBUG:root:Left=53.474000 Right=-30.812000
DEBUG:root:ScaledLeft: 495.316500 ScaledRight: 305.673000
INFO:root:Looping....
DEBUG:root:This is the line: drive:-84.571:-34.435

DEBUG:root:We got command: drive
DEBUG:root:We got a drive command
DEBUG:root:Left=50.136000 Right=-34.435000
DEBUG:root:ScaledLeft: 487.806000 ScaledRight: 297.521250
INFO:root:Looping....
DEBUG:root:This is the line: drive:-84.857:-38.067

DEBUG:root:We got command: drive
DEBUG:root:We got a drive command
DEBUG:root:Left=46.790000 Right=-38.067000
DEBUG:root:ScaledLeft: 480.277500 ScaledRight: 289.349250
INFO:root:Looping....
DEBUG:root:This is the line: drive:-84.857:-42.043

DEBUG:root:We got command: drive
DEBUG:root:We got a drive command
DEBUG:root:Left=42.814000 Right=-42.043000
DEBUG:root:ScaledLeft: 471.331500 ScaledRight: 280.403250
INFO:root:Looping....
DEBUG:root:This is the line: drive:-84.857:-49.957

DEBUG:root:We got command: drive
DEBUG:root:We got a drive command
DEBUG:root:Left=34.900000 Right=-49.957000
DEBUG:root:ScaledLeft: 453.525000 ScaledRight: 262.596750
INFO:root:Looping....
DEBUG:root:This is the line: drive:-84.857:-55.715

DEBUG:root:We got command: drive
DEBUG:root:We got a drive command
DEBUG:root:Left=29.142000 Right=-55.715000
DEBUG:root:ScaledLeft: 440.569500 ScaledRight: 249.641250
INFO:root:Looping....
DEBUG:root:This is the line: drive:-84.857:-62.097

DEBUG:root:We got command: drive
DEBUG:root:We got a drive command
DEBUG:root:Left=22.760000 Right=-62.097000
DEBUG:root:ScaledLeft: 426.210000 ScaledRight: 235.281750
INFO:root:Looping....
DEBUG:root:This is the line: drive:-84.857:-66.258

DEBUG:root:We got command: drive
DEBUG:root:We got a drive command
DEBUG:root:Left=18.599000 Right=-66.258000
DEBUG:root:ScaledLeft: 416.847750 ScaledRight: 225.919500
INFO:root:Looping....
DEBUG:root:This is the line: drive:-84.857:-70.17

DEBUG:root:We got command: drive
DEBUG:root:We got a drive command
DEBUG:root:Left=14.687000 Right=-70.170000
DEBUG:root:ScaledLeft: 408.045750 ScaledRight: 217.117500
INFO:root:Looping....
DEBUG:root:This is the line: drive:-80.057:-71.072

DEBUG:root:We got command: drive
DEBUG:root:We got a drive command
DEBUG:root:Left=8.985000 Right=-71.072000
DEBUG:root:ScaledLeft: 395.216250 ScaledRight: 215.088000
INFO:root:Looping....
DEBUG:root:This is the line: drive:-55.178:-79.154

DEBUG:root:We got command: drive
DEBUG:root:We got a drive command
DEBUG:root:Left=-23.976000 Right=-79.154000
DEBUG:root:ScaledLeft: 321.054000 ScaledRight: 196.903500
INFO:root:Looping....
DEBUG:root:This is the line: drive:-37.505:-83.294

DEBUG:root:We got command: drive
DEBUG:root:We got a drive command
DEBUG:root:Left=-45.789000 Right=-83.294000
DEBUG:root:ScaledLeft: 271.974750 ScaledRight: 187.588500
INFO:root:Looping....
DEBUG:root:This is the line: drive:-26.393:-86.607

DEBUG:root:We got command: drive
DEBUG:root:We got a drive command
DEBUG:root:Left=-60.214000 Right=-86.607000
DEBUG:root:ScaledLeft: 239.518500 ScaledRight: 180.134250
INFO:root:Looping....
DEBUG:root:This is the line: drive:-22.506:-87.798

DEBUG:root:We got command: drive
DEBUG:root:We got a drive command
DEBUG:root:Left=-65.292000 Right=-87.798000
DEBUG:root:ScaledLeft: 228.093000 ScaledRight: 177.454500
INFO:root:Looping....
DEBUG:root:This is the line: drive:-15.902:-88.393

DEBUG:root:We got command: drive
DEBUG:root:We got a drive command
DEBUG:root:Left=-72.491000 Right=-88.393000
DEBUG:root:ScaledLeft: 211.895250 ScaledRight: 176.115750
INFO:root:Looping....
DEBUG:root:This is the line: drive:-11.194:-88.988

DEBUG:root:We got command: drive
DEBUG:root:We got a drive command
DEBUG:root:Left=-77.794000 Right=-88.988000
DEBUG:root:ScaledLeft: 199.963500 ScaledRight: 174.777000
INFO:root:Looping....
DEBUG:root:This is the line: drive:-7.429:-89.583

DEBUG:root:We got command: drive
DEBUG:root:We got a drive command
DEBUG:root:Left=-82.154000 Right=-89.583000
DEBUG:root:ScaledLeft: 190.153500 ScaledRight: 173.438250
INFO:root:Looping....
DEBUG:root:This is the line: drive:-3.795:-89.583

DEBUG:root:We got command: drive
DEBUG:root:We got a drive command
DEBUG:root:Left=-85.788000 Right=-89.583000
DEBUG:root:ScaledLeft: 181.977000 ScaledRight: 173.438250
INFO:root:Looping....
DEBUG:root:This is the line: drive:-2.857:-89.904

DEBUG:root:We got command: drive
DEBUG:root:We got a drive command
DEBUG:root:Left=-87.047000 Right=-89.904000
DEBUG:root:ScaledLeft: 179.144250 ScaledRight: 172.716000
INFO:root:Looping....
DEBUG:root:This is the line: drive:-1.912:-89.881

DEBUG:root:We got command: drive
DEBUG:root:We got a drive command
DEBUG:root:Left=-87.969000 Right=-89.881000
DEBUG:root:ScaledLeft: 177.069750 ScaledRight: 172.767750
INFO:root:Looping....
DEBUG:root:This is the line: drive:-1.912:-89.881

DEBUG:root:We got command: drive
DEBUG:root:We got a drive command
DEBUG:root:Left=-87.969000 Right=-89.881000
DEBUG:root:ScaledLeft: 177.069750 ScaledRight: 172.767750
INFO:root:Looping....
DEBUG:root:This is the line: drive:-0.455:-90.476

DEBUG:root:We got command: drive
DEBUG:root:We got a drive command
DEBUG:root:Left=-90.021000 Right=-90.476000
DEBUG:root:ScaledLeft: 172.452750 ScaledRight: 171.429000
INFO:root:Looping....
DEBUG:root:This is the line: drive:0.286:-93.776

DEBUG:root:We got command: drive
DEBUG:root:We got a drive command
DEBUG:root:Left=-94.062000 Right=-93.776000
DEBUG:root:ScaledLeft: 163.360500 ScaledRight: 164.004000
INFO:root:Looping....
DEBUG:root:This is the line: drive:0.286:-93.776

DEBUG:root:We got command: drive
DEBUG:root:We got a drive command
DEBUG:root:Left=-94.062000 Right=-93.776000
DEBUG:root:ScaledLeft: 163.360500 ScaledRight: 164.004000
INFO:root:Looping....
DEBUG:root:This is the line: drive:0.286:-93.776

DEBUG:root:We got command: drive
DEBUG:root:We got a drive command
DEBUG:root:Left=-94.062000 Right=-93.776000
DEBUG:root:ScaledLeft: 163.360500 ScaledRight: 164.004000
INFO:root:Looping....
DEBUG:root:This is the line: drive:0.286:-93.776

DEBUG:root:We got command: drive
DEBUG:root:We got a drive command
DEBUG:root:Left=-94.062000 Right=-93.776000
DEBUG:root:ScaledLeft: 163.360500 ScaledRight: 164.004000
INFO:root:Looping....
DEBUG:root:This is the line: drive:0.286:-93.776

DEBUG:root:We got command: drive
DEBUG:root:We got a drive command
DEBUG:root:Left=-94.062000 Right=-93.776000
DEBUG:root:ScaledLeft: 163.360500 ScaledRight: 164.004000
INFO:root:Looping....
DEBUG:root:This is the line: drive:0.286:-93.776

DEBUG:root:We got command: drive
DEBUG:root:We got a drive command
DEBUG:root:Left=-94.062000 Right=-93.776000
DEBUG:root:ScaledLeft: 163.360500 ScaledRight: 164.004000
INFO:root:Looping....
DEBUG:root:This is the line: drive:0.286:-93.776

DEBUG:root:We got command: drive
DEBUG:root:We got a drive command
DEBUG:root:Left=-94.062000 Right=-93.776000
DEBUG:root:ScaledLeft: 163.360500 ScaledRight: 164.004000
INFO:root:Looping....
DEBUG:root:This is the line: drive:0.286:-93.776

DEBUG:root:We got command: drive
DEBUG:root:We got a drive command
DEBUG:root:Left=-94.062000 Right=-93.776000
DEBUG:root:ScaledLeft: 163.360500 ScaledRight: 164.004000
INFO:root:Looping....
DEBUG:root:This is the line: drive:0.286:-93.776

DEBUG:root:We got command: drive
DEBUG:root:We got a drive command
DEBUG:root:Left=-94.062000 Right=-93.776000
DEBUG:root:ScaledLeft: 163.360500 ScaledRight: 164.004000
INFO:root:Looping....
DEBUG:root:This is the line: drive:0.286:-93.776

DEBUG:root:We got command: drive
DEBUG:root:We got a drive command
DEBUG:root:Left=-94.062000 Right=-93.776000
DEBUG:root:ScaledLeft: 163.360500 ScaledRight: 164.004000
INFO:root:Looping....
DEBUG:root:This is the line: drive:0.286:-93.776

DEBUG:root:We got command: drive
DEBUG:root:We got a drive command
DEBUG:root:Left=-94.062000 Right=-93.776000
DEBUG:root:ScaledLeft: 163.360500 ScaledRight: 164.004000
INFO:root:Looping....
DEBUG:root:This is the line: drive:0.286:-93.776

DEBUG:root:We got command: drive
DEBUG:root:We got a drive command
DEBUG:root:Left=-94.062000 Right=-93.776000
DEBUG:root:ScaledLeft: 163.360500 ScaledRight: 164.004000
INFO:root:Looping....
DEBUG:root:This is the line: drive:0.286:-93.776

DEBUG:root:We got command: drive
DEBUG:root:We got a drive command
DEBUG:root:Left=-94.062000 Right=-93.776000
DEBUG:root:ScaledLeft: 163.360500 ScaledRight: 164.004000
INFO:root:Looping....
DEBUG:root:This is the line: drive:0.286:-93.776

DEBUG:root:We got command: drive
DEBUG:root:We got a drive command
DEBUG:root:Left=-94.062000 Right=-93.776000
DEBUG:root:ScaledLeft: 163.360500 ScaledRight: 164.004000
INFO:root:Looping....
DEBUG:root:This is the line: drive:0:0

DEBUG:root:We got command: drive
DEBUG:root:We got a drive command
DEBUG:root:Left=0.000000 Right=0.000000
DEBUG:root:ScaledLeft: 375.000000 ScaledRight: 375.000000
INFO:root:Looping....
DEBUG:root:This is the line: drive:0.286:-93.776

DEBUG:root:We got command: drive
DEBUG:root:We got a drive command
DEBUG:root:Left=-94.062000 Right=-93.776000
DEBUG:root:ScaledLeft: 163.360500 ScaledRight: 164.004000
INFO:root:Looping....
DEBUG:root:This is the line: drive:0.286:-93.776

DEBUG:root:We got command: drive
DEBUG:root:We got a drive command
DEBUG:root:Left=-94.062000 Right=-93.776000
DEBUG:root:ScaledLeft: 163.360500 ScaledRight: 164.004000
INFO:root:Looping....
DEBUG:root:This is the line: drive:24.35:-4.762

DEBUG:root:We got command: drive
DEBUG:root:We got a drive command
DEBUG:root:Left=-29.112000 Right=-4.762000
DEBUG:root:ScaledLeft: 309.498000 ScaledRight: 364.285500
INFO:root:Looping....
DEBUG:root:This is the line: drive:38.128:-4.547

DEBUG:root:We got command: drive
DEBUG:root:We got a drive command
DEBUG:root:Left=-42.675000 Right=-4.547000
DEBUG:root:ScaledLeft: 278.981250 ScaledRight: 364.769250
INFO:root:Looping....
DEBUG:root:This is the line: drive:50.116:-1.786

DEBUG:root:We got command: drive
DEBUG:root:We got a drive command
DEBUG:root:Left=-51.902000 Right=-1.786000
DEBUG:root:ScaledLeft: 258.220500 ScaledRight: 370.981500
INFO:root:Looping....
DEBUG:root:This is the line: drive:59.211:0.0

DEBUG:root:We got command: drive
DEBUG:root:We got a drive command
DEBUG:root:Left=-59.211000 Right=0.000000
DEBUG:root:ScaledLeft: 241.775250 ScaledRight: 375.000000
INFO:root:Looping....
DEBUG:root:This is the line: drive:63.534:1.19

DEBUG:root:We got command: drive
DEBUG:root:We got a drive command
DEBUG:root:Left=1.190000 Right=-62.344000
DEBUG:root:ScaledLeft: 377.677500 ScaledRight: 234.726000
INFO:root:Looping....
DEBUG:root:This is the line: drive:68.706:2.381

DEBUG:root:We got command: drive
DEBUG:root:We got a drive command
DEBUG:root:Left=2.381000 Right=-66.325000
DEBUG:root:ScaledLeft: 380.357250 ScaledRight: 225.768750
INFO:root:Looping....
DEBUG:root:This is the line: drive:73.492:3.637

DEBUG:root:We got command: drive
DEBUG:root:We got a drive command
DEBUG:root:Left=3.637000 Right=-69.855000
DEBUG:root:ScaledLeft: 383.183250 ScaledRight: 217.826250
INFO:root:Looping....
DEBUG:root:This is the line: drive:79.192:4.813

DEBUG:root:We got command: drive
DEBUG:root:We got a drive command
DEBUG:root:Left=4.813000 Right=-74.379000
DEBUG:root:ScaledLeft: 385.829250 ScaledRight: 207.647250
INFO:root:Looping....
DEBUG:root:This is the line: drive:79.546:4.762

DEBUG:root:We got command: drive
DEBUG:root:We got a drive command
DEBUG:root:Left=4.762000 Right=-74.784000
DEBUG:root:ScaledLeft: 385.714500 ScaledRight: 206.736000
INFO:root:Looping....
DEBUG:root:This is the line: drive:79.143:4.291

DEBUG:root:We got command: drive
DEBUG:root:We got a drive command
DEBUG:root:Left=4.291000 Right=-74.852000
DEBUG:root:ScaledLeft: 384.654750 ScaledRight: 206.583000
INFO:root:Looping....
DEBUG:root:This is the line: drive:68.033:-11.462

DEBUG:root:We got command: drive
DEBUG:root:We got a drive command
DEBUG:root:Left=-79.495000 Right=-11.462000
DEBUG:root:ScaledLeft: 196.136250 ScaledRight: 349.210500
INFO:root:Looping....
DEBUG:root:This is the line: drive:61.559:-21.523

DEBUG:root:We got command: drive
DEBUG:root:We got a drive command
DEBUG:root:Left=-83.082000 Right=-21.523000
DEBUG:root:ScaledLeft: 188.065500 ScaledRight: 326.573250
INFO:root:Looping....
DEBUG:root:This is the line: drive:52.408:-35.587

DEBUG:root:We got command: drive
DEBUG:root:We got a drive command
DEBUG:root:Left=-87.995000 Right=-35.587000
DEBUG:root:ScaledLeft: 177.011250 ScaledRight: 294.929250
INFO:root:Looping....
DEBUG:root:This is the line: drive:46.052:-43.399

DEBUG:root:We got command: drive
DEBUG:root:We got a drive command
DEBUG:root:Left=-89.451000 Right=-43.399000
DEBUG:root:ScaledLeft: 173.735250 ScaledRight: 277.352250
INFO:root:Looping....
DEBUG:root:This is the line: drive:38.318:-52.943

DEBUG:root:We got command: drive
DEBUG:root:We got a drive command
DEBUG:root:Left=-91.261000 Right=-52.943000
DEBUG:root:ScaledLeft: 169.662750 ScaledRight: 255.878250
INFO:root:Looping....
DEBUG:root:This is the line: drive:25.726:-66.655

DEBUG:root:We got command: drive
DEBUG:root:We got a drive command
DEBUG:root:Left=-92.381000 Right=-66.655000
DEBUG:root:ScaledLeft: 167.142750 ScaledRight: 225.026250
INFO:root:Looping....
DEBUG:root:This is the line: drive:22.887:-69.612

DEBUG:root:We got command: drive
DEBUG:root:We got a drive command
DEBUG:root:Left=-92.499000 Right=-69.612000
DEBUG:root:ScaledLeft: 166.877250 ScaledRight: 218.373000
INFO:root:Looping....
DEBUG:root:This is the line: drive:18.306:-73.788

DEBUG:root:We got command: drive
DEBUG:root:We got a drive command
DEBUG:root:Left=-92.094000 Right=-73.788000
DEBUG:root:ScaledLeft: 167.788500 ScaledRight: 208.977000
INFO:root:Looping....
DEBUG:root:This is the line: drive:14.0:-80.804

DEBUG:root:We got command: drive
DEBUG:root:We got a drive command
DEBUG:root:Left=-94.804000 Right=-80.804000
DEBUG:root:ScaledLeft: 161.691000 ScaledRight: 193.191000
INFO:root:Looping....
DEBUG:root:This is the line: drive:13.714:-82.949

DEBUG:root:We got command: drive
DEBUG:root:We got a drive command
DEBUG:root:Left=-96.663000 Right=-82.949000
DEBUG:root:ScaledLeft: 157.508250 ScaledRight: 188.364750
INFO:root:Looping....
DEBUG:root:This is the line: drive:13.429:-84.613

DEBUG:root:We got command: drive
DEBUG:root:We got a drive command
DEBUG:root:Left=-98.042000 Right=-84.613000
DEBUG:root:ScaledLeft: 154.405500 ScaledRight: 184.620750
INFO:root:Looping....
DEBUG:root:This is the line: drive:12.759:-85.714

DEBUG:root:We got command: drive
DEBUG:root:We got a drive command
DEBUG:root:Left=-98.473000 Right=-85.714000
DEBUG:root:ScaledLeft: 153.435750 ScaledRight: 182.143500
INFO:root:Looping....
DEBUG:root:This is the line: drive:12.857:-86.577

DEBUG:root:We got command: drive
DEBUG:root:We got a drive command
DEBUG:root:Left=-99.434000 Right=-86.577000
DEBUG:root:ScaledLeft: 151.273500 ScaledRight: 180.201750
INFO:root:Looping....
DEBUG:root:This is the line: drive:12.571:-87.351

DEBUG:root:We got command: drive
DEBUG:root:We got a drive command
DEBUG:root:Left=-99.922000 Right=-87.351000
DEBUG:root:ScaledLeft: 150.175500 ScaledRight: 178.460250
INFO:root:Looping....
DEBUG:root:This is the line: drive:12.571:-87.747

DEBUG:root:We got command: drive
DEBUG:root:We got a drive command
DEBUG:root:Left=-100.318000 Right=-87.747000
DEBUG:root:ScaledLeft: 149.284500 ScaledRight: 177.569250
INFO:root:Looping....
DEBUG:root:This is the line: drive:12.571:-88.119

DEBUG:root:We got command: drive
DEBUG:root:We got a drive command
DEBUG:root:Left=-100.690000 Right=-88.119000
DEBUG:root:ScaledLeft: 148.447500 ScaledRight: 176.732250
INFO:root:Looping....
DEBUG:root:This is the line: drive:12.571:-88.399

DEBUG:root:We got command: drive
DEBUG:root:We got a drive command
DEBUG:root:Left=-100.970000 Right=-88.399000
DEBUG:root:ScaledLeft: 147.817500 ScaledRight: 176.102250
INFO:root:Looping....
DEBUG:root:This is the line: drive:12.571:-88.727

DEBUG:root:We got command: drive
DEBUG:root:We got a drive command
DEBUG:root:Left=-101.298000 Right=-88.727000
DEBUG:root:ScaledLeft: 147.079500 ScaledRight: 175.364250
INFO:root:Looping....
DEBUG:root:This is the line: drive:12.571:-89.301

DEBUG:root:We got command: drive
DEBUG:root:We got a drive command
DEBUG:root:Left=-101.872000 Right=-89.301000
DEBUG:root:ScaledLeft: 145.788000 ScaledRight: 174.072750
INFO:root:Looping....
DEBUG:root:This is the line: drive:12.571:-90.327

DEBUG:root:We got command: drive
DEBUG:root:We got a drive command
DEBUG:root:Left=-102.898000 Right=-90.327000
DEBUG:root:ScaledLeft: 143.479500 ScaledRight: 171.764250
INFO:root:Looping....
DEBUG:root:This is the line: drive:12.571:-91.302

DEBUG:root:We got command: drive
DEBUG:root:We got a drive command
DEBUG:root:Left=-103.873000 Right=-91.302000
DEBUG:root:ScaledLeft: 141.285750 ScaledRight: 169.570500
INFO:root:Looping....
DEBUG:root:This is the line: drive:12.571:-92.014

DEBUG:root:We got command: drive
DEBUG:root:We got a drive command
DEBUG:root:Left=-104.585000 Right=-92.014000
DEBUG:root:ScaledLeft: 139.683750 ScaledRight: 167.968500
INFO:root:Looping....
DEBUG:root:This is the line: drive:12.286:-92.701

DEBUG:root:We got command: drive
DEBUG:root:We got a drive command
DEBUG:root:Left=-104.987000 Right=-92.701000
DEBUG:root:ScaledLeft: 138.779250 ScaledRight: 166.422750
INFO:root:Looping....
DEBUG:root:This is the line: drive:12.0:-93.983

DEBUG:root:We got command: drive
DEBUG:root:We got a drive command
DEBUG:root:Left=-105.983000 Right=-93.983000
DEBUG:root:ScaledLeft: 136.538250 ScaledRight: 163.538250
INFO:root:Looping....
DEBUG:root:This is the line: drive:12.0:-94.514

DEBUG:root:We got command: drive
DEBUG:root:We got a drive command
DEBUG:root:Left=-106.514000 Right=-94.514000
DEBUG:root:ScaledLeft: 135.343500 ScaledRight: 162.343500
INFO:root:Looping....
DEBUG:root:This is the line: drive:10.857:-98.083

DEBUG:root:We got command: drive
DEBUG:root:We got a drive command
DEBUG:root:Left=-108.940000 Right=-98.083000
DEBUG:root:ScaledLeft: 129.885000 ScaledRight: 154.313250
INFO:root:Looping....
DEBUG:root:This is the line: drive:10.857:-98.083

DEBUG:root:We got command: drive
DEBUG:root:We got a drive command
DEBUG:root:Left=-108.940000 Right=-98.083000
DEBUG:root:ScaledLeft: 129.885000 ScaledRight: 154.313250
INFO:root:Looping....
DEBUG:root:This is the line: drive:10.857:-98.083

DEBUG:root:We got command: drive
DEBUG:root:We got a drive command
DEBUG:root:Left=-108.940000 Right=-98.083000
DEBUG:root:ScaledLeft: 129.885000 ScaledRight: 154.313250
INFO:root:Looping....
DEBUG:root:This is the line: drive:10.857:-98.083

DEBUG:root:We got command: drive
DEBUG:root:We got a drive command
DEBUG:root:Left=-108.940000 Right=-98.083000
DEBUG:root:ScaledLeft: 129.885000 ScaledRight: 154.313250
INFO:root:Looping....
DEBUG:root:This is the line: drive:10.857:-98.083

DEBUG:root:We got command: drive
DEBUG:root:We got a drive command
DEBUG:root:Left=-108.940000 Right=-98.083000
DEBUG:root:ScaledLeft: 129.885000 ScaledRight: 154.313250
INFO:root:Looping....
DEBUG:root:This is the line: drive:10.857:-98.083

DEBUG:root:We got command: drive
DEBUG:root:We got a drive command
DEBUG:root:Left=-108.940000 Right=-98.083000
DEBUG:root:ScaledLeft: 129.885000 ScaledRight: 154.313250
INFO:root:Looping....
DEBUG:root:This is the line: drive:10.857:-98.083

DEBUG:root:We got command: drive
DEBUG:root:We got a drive command
DEBUG:root:Left=-108.940000 Right=-98.083000
DEBUG:root:ScaledLeft: 129.885000 ScaledRight: 154.313250
INFO:root:Looping....
DEBUG:root:This is the line: drive:10.857:-98.083

DEBUG:root:We got command: drive
DEBUG:root:We got a drive command
DEBUG:root:Left=-108.940000 Right=-98.083000
DEBUG:root:ScaledLeft: 129.885000 ScaledRight: 154.313250
INFO:root:Looping....
DEBUG:root:This is the line: drive:10.857:-98.083

DEBUG:root:We got command: drive
DEBUG:root:We got a drive command
DEBUG:root:Left=-108.940000 Right=-98.083000
DEBUG:root:ScaledLeft: 129.885000 ScaledRight: 154.313250
INFO:root:Looping....
DEBUG:root:This is the line: drive:10.857:-98.083

DEBUG:root:We got command: drive
DEBUG:root:We got a drive command
DEBUG:root:Left=-108.940000 Right=-98.083000
DEBUG:root:ScaledLeft: 129.885000 ScaledRight: 154.313250
INFO:root:Looping....
DEBUG:root:This is the line: drive:10.857:-98.083

DEBUG:root:We got command: drive
DEBUG:root:We got a drive command
DEBUG:root:Left=-108.940000 Right=-98.083000
DEBUG:root:ScaledLeft: 129.885000 ScaledRight: 154.313250
INFO:root:Looping....
DEBUG:root:This is the line: drive:10.857:-98.083

DEBUG:root:We got command: drive
DEBUG:root:We got a drive command
DEBUG:root:Left=-108.940000 Right=-98.083000
DEBUG:root:ScaledLeft: 129.885000 ScaledRight: 154.313250
INFO:root:Looping....
DEBUG:root:This is the line: drive:10.857:-98.083

DEBUG:root:We got command: drive
DEBUG:root:We got a drive command
DEBUG:root:Left=-108.940000 Right=-98.083000
DEBUG:root:ScaledLeft: 129.885000 ScaledRight: 154.313250
INFO:root:Looping....
DEBUG:root:This is the line: drive:10.857:-98.083

DEBUG:root:We got command: drive
DEBUG:root:We got a drive command
DEBUG:root:Left=-108.940000 Right=-98.083000
DEBUG:root:ScaledLeft: 129.885000 ScaledRight: 154.313250
INFO:root:Looping....
DEBUG:root:This is the line: drive:10.857:-98.083

DEBUG:root:We got command: drive
DEBUG:root:We got a drive command
DEBUG:root:Left=-108.940000 Right=-98.083000
DEBUG:root:ScaledLeft: 129.885000 ScaledRight: 154.313250
INFO:root:Looping....
DEBUG:root:This is the line: drive:10.857:-98.083

DEBUG:root:We got command: drive
DEBUG:root:We got a drive command
DEBUG:root:Left=-108.940000 Right=-98.083000
DEBUG:root:ScaledLeft: 129.885000 ScaledRight: 154.313250
INFO:root:Looping....
DEBUG:root:This is the line: drive:10.857:-98.083

DEBUG:root:We got command: drive
DEBUG:root:We got a drive command
DEBUG:root:Left=-108.940000 Right=-98.083000
DEBUG:root:ScaledLeft: 129.885000 ScaledRight: 154.313250
INFO:root:Looping....
DEBUG:root:This is the line: drive:62.987:-97.483

DEBUG:root:We got command: drive
DEBUG:root:We got a drive command
DEBUG:root:Left=-160.470000 Right=-97.483000
DEBUG:root:ScaledLeft: 13.942500 ScaledRight: 155.663250
INFO:root:Looping....
DEBUG:root:This is the line: drive:62.987:-97.483

DEBUG:root:We got command: drive
DEBUG:root:We got a drive command
DEBUG:root:Left=-160.470000 Right=-97.483000
DEBUG:root:ScaledLeft: 13.942500 ScaledRight: 155.663250
INFO:root:Looping....
DEBUG:root:This is the line: drive:70.571:-85.215

DEBUG:root:We got command: drive
DEBUG:root:We got a drive command
DEBUG:root:Left=-155.786000 Right=-85.215000
DEBUG:root:ScaledLeft: 24.481500 ScaledRight: 183.266250
INFO:root:Looping....
DEBUG:root:This is the line: drive:71.115:-83.065

DEBUG:root:We got command: drive
DEBUG:root:We got a drive command
DEBUG:root:Left=-154.180000 Right=-83.065000
DEBUG:root:ScaledLeft: 28.095000 ScaledRight: 188.103750
INFO:root:Looping....
DEBUG:root:This is the line: drive:71.714:-82.256

DEBUG:root:We got command: drive
DEBUG:root:We got a drive command
DEBUG:root:Left=-153.970000 Right=-82.256000
DEBUG:root:ScaledLeft: 28.567500 ScaledRight: 189.924000
INFO:root:Looping....
DEBUG:root:This is the line: drive:72.429:-82.143

DEBUG:root:We got command: drive
DEBUG:root:We got a drive command
DEBUG:root:Left=-154.572000 Right=-82.143000
DEBUG:root:ScaledLeft: 27.213000 ScaledRight: 190.178250
INFO:root:Looping....
DEBUG:root:This is the line: drive:72.429:-82.143

DEBUG:root:We got command: drive
DEBUG:root:We got a drive command
DEBUG:root:Left=-154.572000 Right=-82.143000
DEBUG:root:ScaledLeft: 27.213000 ScaledRight: 190.178250
INFO:root:Looping....
DEBUG:root:This is the line: drive:72.429:-82.143

DEBUG:root:We got command: drive
DEBUG:root:We got a drive command
DEBUG:root:Left=-154.572000 Right=-82.143000
DEBUG:root:ScaledLeft: 27.213000 ScaledRight: 190.178250
INFO:root:Looping....
DEBUG:root:This is the line: drive:73.857:-82.143

DEBUG:root:We got command: drive
DEBUG:root:We got a drive command
DEBUG:root:Left=-156.000000 Right=-82.143000
DEBUG:root:ScaledLeft: 24.000000 ScaledRight: 190.178250
INFO:root:Looping....
DEBUG:root:This is the line: drive:74.018:-82.143

DEBUG:root:We got command: drive
DEBUG:root:We got a drive command
DEBUG:root:Left=-156.161000 Right=-82.143000
DEBUG:root:ScaledLeft: 23.637750 ScaledRight: 190.178250
INFO:root:Looping....
DEBUG:root:This is the line: drive:74.302:-82.143

DEBUG:root:We got command: drive
DEBUG:root:We got a drive command
DEBUG:root:Left=-156.445000 Right=-82.143000
DEBUG:root:ScaledLeft: 22.998750 ScaledRight: 190.178250
INFO:root:Looping....
DEBUG:root:This is the line: drive:74.302:-82.143

DEBUG:root:We got command: drive
DEBUG:root:We got a drive command
DEBUG:root:Left=-156.445000 Right=-82.143000
DEBUG:root:ScaledLeft: 22.998750 ScaledRight: 190.178250
INFO:root:Looping....
DEBUG:root:This is the line: drive:74.579:-82.143

DEBUG:root:We got command: drive
DEBUG:root:We got a drive command
DEBUG:root:Left=-156.722000 Right=-82.143000
DEBUG:root:ScaledLeft: 22.375500 ScaledRight: 190.178250
INFO:root:Looping....
DEBUG:root:This is the line: drive:74.889:-82.143

DEBUG:root:We got command: drive
DEBUG:root:We got a drive command
DEBUG:root:Left=-157.032000 Right=-82.143000
DEBUG:root:ScaledLeft: 21.678000 ScaledRight: 190.178250
INFO:root:Looping....
DEBUG:root:This is the line: drive:76.29:-82.143

DEBUG:root:We got command: drive
DEBUG:root:We got a drive command
DEBUG:root:Left=-158.433000 Right=-82.143000
DEBUG:root:ScaledLeft: 18.525750 ScaledRight: 190.178250
INFO:root:Looping....
DEBUG:root:This is the line: drive:77.911:-82.143

DEBUG:root:We got command: drive
DEBUG:root:We got a drive command
DEBUG:root:Left=-160.054000 Right=-82.143000
DEBUG:root:ScaledLeft: 14.878500 ScaledRight: 190.178250
INFO:root:Looping....
DEBUG:root:This is the line: drive:79.431:-82.143

DEBUG:root:We got command: drive
DEBUG:root:We got a drive command
DEBUG:root:Left=-161.574000 Right=-82.143000
DEBUG:root:ScaledLeft: 11.458500 ScaledRight: 190.178250
INFO:root:Looping....
DEBUG:root:This is the line: drive:80.944:-82.143

DEBUG:root:We got command: drive
DEBUG:root:We got a drive command
DEBUG:root:Left=-163.087000 Right=-82.143000
DEBUG:root:ScaledLeft: 8.054250 ScaledRight: 190.178250
INFO:root:Looping....
DEBUG:root:This is the line: drive:83.189:-82.143

DEBUG:root:We got command: drive
DEBUG:root:We got a drive command
DEBUG:root:Left=-165.332000 Right=-82.143000
DEBUG:root:ScaledLeft: 3.003000 ScaledRight: 190.178250
INFO:root:Looping....
DEBUG:root:This is the line: drive:83.751:-82.143

DEBUG:root:We got command: drive
DEBUG:root:We got a drive command
DEBUG:root:Left=-165.894000 Right=-82.143000
DEBUG:root:ScaledLeft: 1.738500 ScaledRight: 190.178250
INFO:root:Looping....
DEBUG:root:This is the line: drive:84.024:-82.143

DEBUG:root:We got command: drive
DEBUG:root:We got a drive command
DEBUG:root:Left=-166.167000 Right=-82.143000
DEBUG:root:ScaledLeft: 1.124250 ScaledRight: 190.178250
INFO:root:Looping....
DEBUG:root:This is the line: drive:84.35:-82.143

DEBUG:root:We got command: drive
DEBUG:root:We got a drive command
DEBUG:root:Left=-166.493000 Right=-82.143000
DEBUG:root:ScaledLeft: 0.390750 ScaledRight: 190.178250
INFO:root:Looping....
DEBUG:root:This is the line: drive:84.859:-82.143

DEBUG:root:We got command: drive
DEBUG:root:We got a drive command
DEBUG:root:Left=-167.002000 Right=-82.143000
DEBUG:root:ScaledLeft: -0.754500 ScaledRight: 190.178250
INFO:root:Looping....
DEBUG:root:This is the line: drive:84.859:-82.143

DEBUG:root:We got command: drive
DEBUG:root:We got a drive command
DEBUG:root:Left=-167.002000 Right=-82.143000
DEBUG:root:ScaledLeft: -0.754500 ScaledRight: 190.178250
INFO:root:Looping....
DEBUG:root:This is the line: drive:84.859:-82.143

DEBUG:root:We got command: drive
DEBUG:root:We got a drive command
DEBUG:root:Left=-167.002000 Right=-82.143000
DEBUG:root:ScaledLeft: -0.754500 ScaledRight: 190.178250
INFO:root:Looping....
DEBUG:root:This is the line: drive:84.859:-82.143

DEBUG:root:We got command: drive
DEBUG:root:We got a drive command
DEBUG:root:Left=-167.002000 Right=-82.143000
DEBUG:root:ScaledLeft: -0.754500 ScaledRight: 190.178250
INFO:root:Looping....
DEBUG:root:This is the line: drive:85.148:-82.143

DEBUG:root:We got command: drive
DEBUG:root:We got a drive command
DEBUG:root:Left=-167.291000 Right=-82.143000
DEBUG:root:ScaledLeft: -1.404750 ScaledRight: 190.178250
INFO:root:Looping....
DEBUG:root:This is the line: drive:85.148:-82.143

DEBUG:root:We got command: drive
DEBUG:root:We got a drive command
DEBUG:root:Left=-167.291000 Right=-82.143000
DEBUG:root:ScaledLeft: -1.404750 ScaledRight: 190.178250
INFO:root:Looping....
DEBUG:root:This is the line: drive:85.148:-82.143

DEBUG:root:We got command: drive
DEBUG:root:We got a drive command
DEBUG:root:Left=-167.291000 Right=-82.143000
DEBUG:root:ScaledLeft: -1.404750 ScaledRight: 190.178250
INFO:root:Looping....
DEBUG:root:This is the line: drive:85.148:-82.143

DEBUG:root:We got command: drive
DEBUG:root:We got a drive command
DEBUG:root:Left=-167.291000 Right=-82.143000
DEBUG:root:ScaledLeft: -1.404750 ScaledRight: 190.178250
INFO:root:Looping....
DEBUG:root:This is the line: drive:85.148:-82.143

DEBUG:root:We got command: drive
DEBUG:root:We got a drive command
DEBUG:root:Left=-167.291000 Right=-82.143000
DEBUG:root:ScaledLeft: -1.404750 ScaledRight: 190.178250
INFO:root:Looping....
DEBUG:root:This is the line: drive:85.148:-82.143

DEBUG:root:We got command: drive
DEBUG:root:We got a drive command
DEBUG:root:Left=-167.291000 Right=-82.143000
DEBUG:root:ScaledLeft: -1.404750 ScaledRight: 190.178250
INFO:root:Looping....
DEBUG:root:This is the line: drive:85.148:-82.143

DEBUG:root:We got command: drive
DEBUG:root:We got a drive command
DEBUG:root:Left=-167.291000 Right=-82.143000
DEBUG:root:ScaledLeft: -1.404750 ScaledRight: 190.178250
INFO:root:Looping....
DEBUG:root:This is the line: drive:83.611:-82.143

DEBUG:root:We got command: drive
DEBUG:root:We got a drive command
DEBUG:root:Left=-165.754000 Right=-82.143000
DEBUG:root:ScaledLeft: 2.053500 ScaledRight: 190.178250
INFO:root:Looping....
DEBUG:root:This is the line: drive:79.852:-81.845

DEBUG:root:We got command: drive
DEBUG:root:We got a drive command
DEBUG:root:Left=-161.697000 Right=-81.845000
DEBUG:root:ScaledLeft: 11.181750 ScaledRight: 190.848750
INFO:root:Looping....
DEBUG:root:This is the line: drive:76.767:-81.25

DEBUG:root:We got command: drive
DEBUG:root:We got a drive command
DEBUG:root:Left=-158.017000 Right=-81.250000
DEBUG:root:ScaledLeft: 19.461750 ScaledRight: 192.187500
INFO:root:Looping....
DEBUG:root:This is the line: drive:73.033:-80.655

DEBUG:root:We got command: drive
DEBUG:root:We got a drive command
DEBUG:root:Left=-153.688000 Right=-80.655000
DEBUG:root:ScaledLeft: 29.202000 ScaledRight: 193.526250
INFO:root:Looping....
DEBUG:root:This is the line: drive:66.592:-80.06

DEBUG:root:We got command: drive
DEBUG:root:We got a drive command
DEBUG:root:Left=-146.652000 Right=-80.060000
DEBUG:root:ScaledLeft: 45.033000 ScaledRight: 194.865000
INFO:root:Looping....
DEBUG:root:This is the line: drive:60.846:-79.762

DEBUG:root:We got command: drive
DEBUG:root:We got a drive command
DEBUG:root:Left=-140.608000 Right=-79.762000
DEBUG:root:ScaledLeft: 58.632000 ScaledRight: 195.535500
INFO:root:Looping....
DEBUG:root:This is the line: drive:57.375:-79.408

DEBUG:root:We got command: drive
DEBUG:root:We got a drive command
DEBUG:root:Left=-136.783000 Right=-79.408000
DEBUG:root:ScaledLeft: 67.238250 ScaledRight: 196.332000
INFO:root:Looping....
DEBUG:root:This is the line: drive:55.015:-79.167

DEBUG:root:We got command: drive
DEBUG:root:We got a drive command
DEBUG:root:Left=-134.182000 Right=-79.167000
DEBUG:root:ScaledLeft: 73.090500 ScaledRight: 196.874250
INFO:root:Looping....
DEBUG:root:This is the line: drive:51.511:-79.167

DEBUG:root:We got command: drive
DEBUG:root:We got a drive command
DEBUG:root:Left=-130.678000 Right=-79.167000
DEBUG:root:ScaledLeft: 80.974500 ScaledRight: 196.874250
INFO:root:Looping....
DEBUG:root:This is the line: drive:49.457:-79.167

DEBUG:root:We got command: drive
DEBUG:root:We got a drive command
DEBUG:root:Left=-128.624000 Right=-79.167000
DEBUG:root:ScaledLeft: 85.596000 ScaledRight: 196.874250
INFO:root:Looping....
DEBUG:root:This is the line: drive:47.0:-79.167

DEBUG:root:We got command: drive
DEBUG:root:We got a drive command
DEBUG:root:Left=-126.167000 Right=-79.167000
DEBUG:root:ScaledLeft: 91.124250 ScaledRight: 196.874250
INFO:root:Looping....
DEBUG:root:This is the line: drive:45.214:-79.167

DEBUG:root:We got command: drive
DEBUG:root:We got a drive command
DEBUG:root:Left=-124.381000 Right=-79.167000
DEBUG:root:ScaledLeft: 95.142750 ScaledRight: 196.874250
INFO:root:Looping....
DEBUG:root:This is the line: drive:43.597:-79.167

DEBUG:root:We got command: drive
DEBUG:root:We got a drive command
DEBUG:root:Left=-122.764000 Right=-79.167000
DEBUG:root:ScaledLeft: 98.781000 ScaledRight: 196.874250
INFO:root:Looping....
DEBUG:root:This is the line: drive:42.371:-79.167

DEBUG:root:We got command: drive
DEBUG:root:We got a drive command
DEBUG:root:Left=-121.538000 Right=-79.167000
DEBUG:root:ScaledLeft: 101.539500 ScaledRight: 196.874250
INFO:root:Looping....
DEBUG:root:This is the line: drive:41.654:-79.167

DEBUG:root:We got command: drive
DEBUG:root:We got a drive command
DEBUG:root:Left=-120.821000 Right=-79.167000
DEBUG:root:ScaledLeft: 103.152750 ScaledRight: 196.874250
INFO:root:Looping....
DEBUG:root:This is the line: drive:40.714:-79.167

DEBUG:root:We got command: drive
DEBUG:root:We got a drive command
DEBUG:root:Left=-119.881000 Right=-79.167000
DEBUG:root:ScaledLeft: 105.267750 ScaledRight: 196.874250
INFO:root:Looping....
DEBUG:root:This is the line: drive:44.916:-79.167

DEBUG:root:We got command: drive
DEBUG:root:We got a drive command
DEBUG:root:Left=-124.083000 Right=-79.167000
DEBUG:root:ScaledLeft: 95.813250 ScaledRight: 196.874250
INFO:root:Looping....
DEBUG:root:This is the line: drive:44.916:-79.167

DEBUG:root:We got command: drive
DEBUG:root:We got a drive command
DEBUG:root:Left=-124.083000 Right=-79.167000
DEBUG:root:ScaledLeft: 95.813250 ScaledRight: 196.874250
INFO:root:Looping....
DEBUG:root:This is the line: drive:57.942:-80.774

DEBUG:root:We got command: drive
DEBUG:root:We got a drive command
DEBUG:root:Left=-138.716000 Right=-80.774000
DEBUG:root:ScaledLeft: 62.889000 ScaledRight: 193.258500
INFO:root:Looping....
DEBUG:root:This is the line: drive:66.803:-82.71

DEBUG:root:We got command: drive
DEBUG:root:We got a drive command
DEBUG:root:Left=-149.513000 Right=-82.710000
DEBUG:root:ScaledLeft: 38.595750 ScaledRight: 188.902500
INFO:root:Looping....
DEBUG:root:This is the line: drive:77.286:-84.821

DEBUG:root:We got command: drive
DEBUG:root:We got a drive command
DEBUG:root:Left=-162.107000 Right=-84.821000
DEBUG:root:ScaledLeft: 10.259250 ScaledRight: 184.152750
INFO:root:Looping....
DEBUG:root:This is the line: drive:77.286:-84.821

DEBUG:root:We got command: drive
DEBUG:root:We got a drive command
DEBUG:root:Left=-162.107000 Right=-84.821000
DEBUG:root:ScaledLeft: 10.259250 ScaledRight: 184.152750
INFO:root:Looping....
DEBUG:root:This is the line: drive:77.286:-84.821

DEBUG:root:We got command: drive
DEBUG:root:We got a drive command
DEBUG:root:Left=-162.107000 Right=-84.821000
DEBUG:root:ScaledLeft: 10.259250 ScaledRight: 184.152750
INFO:root:Looping....
DEBUG:root:This is the line: drive:77.286:-84.821

DEBUG:root:We got command: drive
DEBUG:root:We got a drive command
DEBUG:root:Left=-162.107000 Right=-84.821000
DEBUG:root:ScaledLeft: 10.259250 ScaledRight: 184.152750
INFO:root:Looping....
DEBUG:root:This is the line: drive:77.286:-84.821

DEBUG:root:We got command: drive
DEBUG:root:We got a drive command
DEBUG:root:Left=-162.107000 Right=-84.821000
DEBUG:root:ScaledLeft: 10.259250 ScaledRight: 184.152750
INFO:root:Looping....
DEBUG:root:This is the line: drive:77.143:-85.124

DEBUG:root:We got command: drive
DEBUG:root:We got a drive command
DEBUG:root:Left=-162.267000 Right=-85.124000
DEBUG:root:ScaledLeft: 9.899250 ScaledRight: 183.471000
INFO:root:Looping....
DEBUG:root:This is the line: drive:77.143:-86.697

DEBUG:root:We got command: drive
DEBUG:root:We got a drive command
DEBUG:root:Left=-163.840000 Right=-86.697000
DEBUG:root:ScaledLeft: 6.360000 ScaledRight: 179.931750
INFO:root:Looping....
DEBUG:root:This is the line: drive:76.122:-86.607

DEBUG:root:We got command: drive
DEBUG:root:We got a drive command
DEBUG:root:Left=-162.729000 Right=-86.607000
DEBUG:root:ScaledLeft: 8.859750 ScaledRight: 180.134250
INFO:root:Looping....
DEBUG:root:This is the line: drive:75.714:-87.351

DEBUG:root:We got command: drive
DEBUG:root:We got a drive command
DEBUG:root:Left=-163.065000 Right=-87.351000
DEBUG:root:ScaledLeft: 8.103750 ScaledRight: 178.460250
INFO:root:Looping....
DEBUG:root:This is the line: drive:74.143:-87.202

DEBUG:root:We got command: drive
DEBUG:root:We got a drive command
DEBUG:root:Left=-161.345000 Right=-87.202000
DEBUG:root:ScaledLeft: 11.973750 ScaledRight: 178.795500
INFO:root:Looping....
DEBUG:root:This is the line: drive:73.933:-87.202

DEBUG:root:We got command: drive
DEBUG:root:We got a drive command
DEBUG:root:Left=-161.135000 Right=-87.202000
DEBUG:root:ScaledLeft: 12.446250 ScaledRight: 178.795500
INFO:root:Looping....
DEBUG:root:This is the line: drive:72.0:-87.579

DEBUG:root:We got command: drive
DEBUG:root:We got a drive command
DEBUG:root:Left=-159.579000 Right=-87.579000
DEBUG:root:ScaledLeft: 15.947250 ScaledRight: 177.947250
INFO:root:Looping....
DEBUG:root:This is the line: drive:72.0:-87.946

DEBUG:root:We got command: drive
DEBUG:root:We got a drive command
DEBUG:root:Left=-159.946000 Right=-87.946000
DEBUG:root:ScaledLeft: 15.121500 ScaledRight: 177.121500
INFO:root:Looping....
DEBUG:root:This is the line: drive:72.0:-87.946

DEBUG:root:We got command: drive
DEBUG:root:We got a drive command
DEBUG:root:Left=-159.946000 Right=-87.946000
DEBUG:root:ScaledLeft: 15.121500 ScaledRight: 177.121500
INFO:root:Looping....
DEBUG:root:This is the line: drive:72.0:-87.946

DEBUG:root:We got command: drive
DEBUG:root:We got a drive command
DEBUG:root:Left=-159.946000 Right=-87.946000
DEBUG:root:ScaledLeft: 15.121500 ScaledRight: 177.121500
INFO:root:Looping....
DEBUG:root:This is the line: drive:72.0:-88.098

DEBUG:root:We got command: drive
DEBUG:root:We got a drive command
DEBUG:root:Left=-160.098000 Right=-88.098000
DEBUG:root:ScaledLeft: 14.779500 ScaledRight: 176.779500
INFO:root:Looping....
DEBUG:root:This is the line: drive:72.0:-87.321

DEBUG:root:We got command: drive
DEBUG:root:We got a drive command
DEBUG:root:Left=-159.321000 Right=-87.321000
DEBUG:root:ScaledLeft: 16.527750 ScaledRight: 178.527750
INFO:root:Looping....
DEBUG:root:This is the line: drive:74.286:-82.102

DEBUG:root:We got command: drive
DEBUG:root:We got a drive command
DEBUG:root:Left=-156.388000 Right=-82.102000
DEBUG:root:ScaledLeft: 23.127000 ScaledRight: 190.270500
INFO:root:Looping....
DEBUG:root:This is the line: drive:75.429:-75.97

DEBUG:root:We got command: drive
DEBUG:root:We got a drive command
DEBUG:root:Left=-151.399000 Right=-75.970000
DEBUG:root:ScaledLeft: 34.352250 ScaledRight: 204.067500
INFO:root:Looping....
DEBUG:root:This is the line: drive:77.143:-62.541

DEBUG:root:We got command: drive
DEBUG:root:We got a drive command
DEBUG:root:Left=-139.684000 Right=-62.541000
DEBUG:root:ScaledLeft: 60.711000 ScaledRight: 234.282750
INFO:root:Looping....
DEBUG:root:This is the line: drive:78.571:-54.81

DEBUG:root:We got command: drive
DEBUG:root:We got a drive command
DEBUG:root:Left=-133.381000 Right=-54.810000
DEBUG:root:ScaledLeft: 74.892750 ScaledRight: 251.677500
INFO:root:Looping....
DEBUG:root:This is the line: drive:79.429:-41.943

DEBUG:root:We got command: drive
DEBUG:root:We got a drive command
DEBUG:root:Left=-121.372000 Right=-41.943000
DEBUG:root:ScaledLeft: 101.913000 ScaledRight: 280.628250
INFO:root:Looping....
DEBUG:root:This is the line: drive:80.0:-38.25

DEBUG:root:We got command: drive
DEBUG:root:We got a drive command
DEBUG:root:Left=-118.250000 Right=-38.250000
DEBUG:root:ScaledLeft: 108.937500 ScaledRight: 288.937500
INFO:root:Looping....
DEBUG:root:This is the line: drive:80.0:-34.947

DEBUG:root:We got command: drive
DEBUG:root:We got a drive command
DEBUG:root:Left=-114.947000 Right=-34.947000
DEBUG:root:ScaledLeft: 116.369250 ScaledRight: 296.369250
INFO:root:Looping....
DEBUG:root:This is the line: drive:80.286:-30.903

DEBUG:root:We got command: drive
DEBUG:root:We got a drive command
DEBUG:root:Left=-111.189000 Right=-30.903000
DEBUG:root:ScaledLeft: 124.824750 ScaledRight: 305.468250
INFO:root:Looping....
DEBUG:root:This is the line: drive:80.286:-26.116

DEBUG:root:We got command: drive
DEBUG:root:We got a drive command
DEBUG:root:Left=-106.402000 Right=-26.116000
DEBUG:root:ScaledLeft: 135.595500 ScaledRight: 316.239000
INFO:root:Looping....
DEBUG:root:This is the line: drive:80.571:-19.858

DEBUG:root:We got command: drive
DEBUG:root:We got a drive command
DEBUG:root:Left=-100.429000 Right=-19.858000
DEBUG:root:ScaledLeft: 149.034750 ScaledRight: 330.319500
INFO:root:Looping....
DEBUG:root:This is the line: drive:81.429:-15.34

DEBUG:root:We got command: drive
DEBUG:root:We got a drive command
DEBUG:root:Left=-96.769000 Right=-15.340000
DEBUG:root:ScaledLeft: 157.269750 ScaledRight: 340.485000
INFO:root:Looping....
DEBUG:root:This is the line: drive:81.61:-13.393

DEBUG:root:We got command: drive
DEBUG:root:We got a drive command
DEBUG:root:Left=-95.003000 Right=-13.393000
DEBUG:root:ScaledLeft: 161.243250 ScaledRight: 344.865750
INFO:root:Looping....
DEBUG:root:This is the line: drive:81.714:-10.423

DEBUG:root:We got command: drive
DEBUG:root:We got a drive command
DEBUG:root:Left=-92.137000 Right=-10.423000
DEBUG:root:ScaledLeft: 167.691750 ScaledRight: 351.548250
INFO:root:Looping....
DEBUG:root:This is the line: drive:82.0:-5.89

DEBUG:root:We got command: drive
DEBUG:root:We got a drive command
DEBUG:root:Left=-87.890000 Right=-5.890000
DEBUG:root:ScaledLeft: 177.247500 ScaledRight: 361.747500
INFO:root:Looping....
DEBUG:root:This is the line: drive:82.506:-2.449

DEBUG:root:We got command: drive
DEBUG:root:We got a drive command
DEBUG:root:Left=-84.955000 Right=-2.449000
DEBUG:root:ScaledLeft: 183.851250 ScaledRight: 369.489750
INFO:root:Looping....
DEBUG:root:This is the line: drive:82.571:-1.366

DEBUG:root:We got command: drive
DEBUG:root:We got a drive command
DEBUG:root:Left=-83.937000 Right=-1.366000
DEBUG:root:ScaledLeft: 186.141750 ScaledRight: 371.926500
INFO:root:Looping....
DEBUG:root:This is the line: drive:82.857:2.062

DEBUG:root:We got command: drive
DEBUG:root:We got a drive command
DEBUG:root:Left=2.062000 Right=-80.795000
DEBUG:root:ScaledLeft: 379.639500 ScaledRight: 193.211250
INFO:root:Looping....
DEBUG:root:This is the line: drive:83.143:3.96

DEBUG:root:We got command: drive
DEBUG:root:We got a drive command
DEBUG:root:Left=3.960000 Right=-79.183000
DEBUG:root:ScaledLeft: 383.910000 ScaledRight: 196.838250
INFO:root:Looping....
DEBUG:root:This is the line: drive:83.143:4.737

DEBUG:root:We got command: drive
DEBUG:root:We got a drive command
DEBUG:root:Left=4.737000 Right=-78.406000
DEBUG:root:ScaledLeft: 385.658250 ScaledRight: 198.586500
INFO:root:Looping....
DEBUG:root:This is the line: drive:83.143:5.707

DEBUG:root:We got command: drive
DEBUG:root:We got a drive command
DEBUG:root:Left=5.707000 Right=-77.436000
DEBUG:root:ScaledLeft: 387.840750 ScaledRight: 200.769000
INFO:root:Looping....
DEBUG:root:This is the line: drive:83.143:7.258

DEBUG:root:We got command: drive
DEBUG:root:We got a drive command
DEBUG:root:Left=7.258000 Right=-75.885000
DEBUG:root:ScaledLeft: 391.330500 ScaledRight: 204.258750
INFO:root:Looping....
DEBUG:root:This is the line: drive:83.143:8.753

DEBUG:root:We got command: drive
DEBUG:root:We got a drive command
DEBUG:root:Left=8.753000 Right=-74.390000
DEBUG:root:ScaledLeft: 394.694250 ScaledRight: 207.622500
INFO:root:Looping....
DEBUG:root:This is the line: drive:83.143:8.753

DEBUG:root:We got command: drive
DEBUG:root:We got a drive command
DEBUG:root:Left=8.753000 Right=-74.390000
DEBUG:root:ScaledLeft: 394.694250 ScaledRight: 207.622500
INFO:root:Looping....
DEBUG:root:This is the line: drive:83.143:8.932

DEBUG:root:We got command: drive
DEBUG:root:We got a drive command
DEBUG:root:Left=8.932000 Right=-74.211000
DEBUG:root:ScaledLeft: 395.097000 ScaledRight: 208.025250
INFO:root:Looping....
DEBUG:root:This is the line: drive:83.143:11.134

DEBUG:root:We got command: drive
DEBUG:root:We got a drive command
DEBUG:root:Left=11.134000 Right=-72.009000
DEBUG:root:ScaledLeft: 400.051500 ScaledRight: 212.979750
INFO:root:Looping....
DEBUG:root:This is the line: drive:83.143:11.978

DEBUG:root:We got command: drive
DEBUG:root:We got a drive command
DEBUG:root:Left=11.978000 Right=-71.165000
DEBUG:root:ScaledLeft: 401.950500 ScaledRight: 214.878750
INFO:root:Looping....
DEBUG:root:This is the line: drive:83.143:12.475

DEBUG:root:We got command: drive
DEBUG:root:We got a drive command
DEBUG:root:Left=12.475000 Right=-70.668000
DEBUG:root:ScaledLeft: 403.068750 ScaledRight: 215.997000
INFO:root:Looping....
DEBUG:root:This is the line: drive:83.143:12.889

DEBUG:root:We got command: drive
DEBUG:root:We got a drive command
DEBUG:root:Left=12.889000 Right=-70.254000
DEBUG:root:ScaledLeft: 404.000250 ScaledRight: 216.928500
INFO:root:Looping....
DEBUG:root:This is the line: drive:82.857:14.317

DEBUG:root:We got command: drive
DEBUG:root:We got a drive command
DEBUG:root:Left=14.317000 Right=-68.540000
DEBUG:root:ScaledLeft: 407.213250 ScaledRight: 220.785000
INFO:root:Looping....
DEBUG:root:This is the line: drive:82.571:16.058

DEBUG:root:We got command: drive
DEBUG:root:We got a drive command
DEBUG:root:Left=16.058000 Right=-66.513000
DEBUG:root:ScaledLeft: 411.130500 ScaledRight: 225.345750
INFO:root:Looping....
DEBUG:root:This is the line: drive:82.571:16.367

DEBUG:root:We got command: drive
DEBUG:root:We got a drive command
DEBUG:root:Left=16.367000 Right=-66.204000
DEBUG:root:ScaledLeft: 411.825750 ScaledRight: 226.041000
INFO:root:Looping....
DEBUG:root:This is the line: drive:82.571:16.406

DEBUG:root:We got command: drive
DEBUG:root:We got a drive command
DEBUG:root:Left=16.406000 Right=-66.165000
DEBUG:root:ScaledLeft: 411.913500 ScaledRight: 226.128750
INFO:root:Looping....
DEBUG:root:This is the line: drive:82.571:16.066

DEBUG:root:We got command: drive
DEBUG:root:We got a drive command
DEBUG:root:Left=16.066000 Right=-66.505000
DEBUG:root:ScaledLeft: 411.148500 ScaledRight: 225.363750
INFO:root:Looping....
DEBUG:root:This is the line: drive:82.571:11.29

DEBUG:root:We got command: drive
DEBUG:root:We got a drive command
DEBUG:root:Left=11.290000 Right=-71.281000
DEBUG:root:ScaledLeft: 400.402500 ScaledRight: 214.617750
INFO:root:Looping....
DEBUG:root:This is the line: drive:82.571:7.251

DEBUG:root:We got command: drive
DEBUG:root:We got a drive command
DEBUG:root:Left=7.251000 Right=-75.320000
DEBUG:root:ScaledLeft: 391.314750 ScaledRight: 205.530000
INFO:root:Looping....
DEBUG:root:This is the line: drive:82.286:3.72

DEBUG:root:We got command: drive
DEBUG:root:We got a drive command
DEBUG:root:Left=3.720000 Right=-78.566000
DEBUG:root:ScaledLeft: 383.370000 ScaledRight: 198.226500
INFO:root:Looping....
DEBUG:root:This is the line: drive:81.571:3.274

DEBUG:root:We got command: drive
DEBUG:root:We got a drive command
DEBUG:root:Left=3.274000 Right=-78.297000
DEBUG:root:ScaledLeft: 382.366500 ScaledRight: 198.831750
INFO:root:Looping....
DEBUG:root:This is the line: drive:80.959:2.976

DEBUG:root:We got command: drive
DEBUG:root:We got a drive command
DEBUG:root:Left=2.976000 Right=-77.983000
DEBUG:root:ScaledLeft: 381.696000 ScaledRight: 199.538250
INFO:root:Looping....
DEBUG:root:This is the line: drive:80.277:2.976

DEBUG:root:We got command: drive
DEBUG:root:We got a drive command
DEBUG:root:Left=2.976000 Right=-77.301000
DEBUG:root:ScaledLeft: 381.696000 ScaledRight: 201.072750
INFO:root:Looping....
DEBUG:root:This is the line: drive:80.277:2.976

DEBUG:root:We got command: drive
DEBUG:root:We got a drive command
DEBUG:root:Left=2.976000 Right=-77.301000
DEBUG:root:ScaledLeft: 381.696000 ScaledRight: 201.072750
INFO:root:Looping....
DEBUG:root:This is the line: drive:80.277:2.976

DEBUG:root:We got command: drive
DEBUG:root:We got a drive command
DEBUG:root:Left=2.976000 Right=-77.301000
DEBUG:root:ScaledLeft: 381.696000 ScaledRight: 201.072750
INFO:root:Looping....
DEBUG:root:This is the line: drive:80.277:2.976

DEBUG:root:We got command: drive
DEBUG:root:We got a drive command
DEBUG:root:Left=2.976000 Right=-77.301000
DEBUG:root:ScaledLeft: 381.696000 ScaledRight: 201.072750
INFO:root:Looping....
DEBUG:root:This is the line: drive:80.277:2.976

DEBUG:root:We got command: drive
DEBUG:root:We got a drive command
DEBUG:root:Left=2.976000 Right=-77.301000
DEBUG:root:ScaledLeft: 381.696000 ScaledRight: 201.072750
INFO:root:Looping....
DEBUG:root:This is the line: drive:79.996:2.976

DEBUG:root:We got command: drive
DEBUG:root:We got a drive command
DEBUG:root:Left=2.976000 Right=-77.020000
DEBUG:root:ScaledLeft: 381.696000 ScaledRight: 201.705000
INFO:root:Looping....
DEBUG:root:This is the line: drive:79.996:2.976

DEBUG:root:We got command: drive
DEBUG:root:We got a drive command
DEBUG:root:Left=2.976000 Right=-77.020000
DEBUG:root:ScaledLeft: 381.696000 ScaledRight: 201.705000
INFO:root:Looping....
DEBUG:root:This is the line: drive:79.996:2.976

DEBUG:root:We got command: drive
DEBUG:root:We got a drive command
DEBUG:root:Left=2.976000 Right=-77.020000
DEBUG:root:ScaledLeft: 381.696000 ScaledRight: 201.705000
INFO:root:Looping....
DEBUG:root:This is the line: drive:79.996:2.976

DEBUG:root:We got command: drive
DEBUG:root:We got a drive command
DEBUG:root:Left=2.976000 Right=-77.020000
DEBUG:root:ScaledLeft: 381.696000 ScaledRight: 201.705000
INFO:root:Looping....
DEBUG:root:This is the line: drive:79.996:2.976

DEBUG:root:We got command: drive
DEBUG:root:We got a drive command
DEBUG:root:Left=2.976000 Right=-77.020000
DEBUG:root:ScaledLeft: 381.696000 ScaledRight: 201.705000
INFO:root:Looping....
DEBUG:root:This is the line: drive:79.996:2.976

DEBUG:root:We got command: drive
DEBUG:root:We got a drive command
DEBUG:root:Left=2.976000 Right=-77.020000
DEBUG:root:ScaledLeft: 381.696000 ScaledRight: 201.705000
INFO:root:Looping....
DEBUG:root:This is the line: drive:79.996:2.976

DEBUG:root:We got command: drive
DEBUG:root:We got a drive command
DEBUG:root:Left=2.976000 Right=-77.020000
DEBUG:root:ScaledLeft: 381.696000 ScaledRight: 201.705000
INFO:root:Looping....
DEBUG:root:This is the line: drive:79.996:2.976

DEBUG:root:We got command: drive
DEBUG:root:We got a drive command
DEBUG:root:Left=2.976000 Right=-77.020000
DEBUG:root:ScaledLeft: 381.696000 ScaledRight: 201.705000
INFO:root:Looping....
DEBUG:root:This is the line: drive:79.996:2.976

DEBUG:root:We got command: drive
DEBUG:root:We got a drive command
DEBUG:root:Left=2.976000 Right=-77.020000
DEBUG:root:ScaledLeft: 381.696000 ScaledRight: 201.705000
INFO:root:Looping....
DEBUG:root:This is the line: drive:79.996:2.976

DEBUG:root:We got command: drive
DEBUG:root:We got a drive command
DEBUG:root:Left=2.976000 Right=-77.020000
DEBUG:root:ScaledLeft: 381.696000 ScaledRight: 201.705000
INFO:root:Looping....
DEBUG:root:This is the line: drive:79.996:2.976

DEBUG:root:We got command: drive
DEBUG:root:We got a drive command
DEBUG:root:Left=2.976000 Right=-77.020000
DEBUG:root:ScaledLeft: 381.696000 ScaledRight: 201.705000
INFO:root:Looping....
DEBUG:root:This is the line: drive:79.407:2.976

DEBUG:root:We got command: drive
DEBUG:root:We got a drive command
DEBUG:root:Left=2.976000 Right=-76.431000
DEBUG:root:ScaledLeft: 381.696000 ScaledRight: 203.030250
INFO:root:Looping....
DEBUG:root:This is the line: drive:78.878:2.976

DEBUG:root:We got command: drive
DEBUG:root:We got a drive command
DEBUG:root:Left=2.976000 Right=-75.902000
DEBUG:root:ScaledLeft: 381.696000 ScaledRight: 204.220500
INFO:root:Looping....
DEBUG:root:This is the line: drive:77.974:2.976

DEBUG:root:We got command: drive
DEBUG:root:We got a drive command
DEBUG:root:Left=2.976000 Right=-74.998000
DEBUG:root:ScaledLeft: 381.696000 ScaledRight: 206.254500
INFO:root:Looping....
DEBUG:root:This is the line: drive:77.974:2.976

DEBUG:root:We got command: drive
DEBUG:root:We got a drive command
DEBUG:root:Left=2.976000 Right=-74.998000
DEBUG:root:ScaledLeft: 381.696000 ScaledRight: 206.254500
INFO:root:Looping....
DEBUG:root:This is the line: drive:77.974:2.976

DEBUG:root:We got command: drive
DEBUG:root:We got a drive command
DEBUG:root:Left=2.976000 Right=-74.998000
DEBUG:root:ScaledLeft: 381.696000 ScaledRight: 206.254500
INFO:root:Looping....
DEBUG:root:This is the line: drive:77.974:2.976

DEBUG:root:We got command: drive
DEBUG:root:We got a drive command
DEBUG:root:Left=2.976000 Right=-74.998000
DEBUG:root:ScaledLeft: 381.696000 ScaledRight: 206.254500
INFO:root:Looping....
DEBUG:root:This is the line: drive:77.974:2.976

DEBUG:root:We got command: drive
DEBUG:root:We got a drive command
DEBUG:root:Left=2.976000 Right=-74.998000
DEBUG:root:ScaledLeft: 381.696000 ScaledRight: 206.254500
INFO:root:Looping....
DEBUG:root:This is the line: drive:77.974:2.976

DEBUG:root:We got command: drive
DEBUG:root:We got a drive command
DEBUG:root:Left=2.976000 Right=-74.998000
DEBUG:root:ScaledLeft: 381.696000 ScaledRight: 206.254500
INFO:root:Looping....
DEBUG:root:This is the line: drive:77.974:2.976

DEBUG:root:We got command: drive
DEBUG:root:We got a drive command
DEBUG:root:Left=2.976000 Right=-74.998000
DEBUG:root:ScaledLeft: 381.696000 ScaledRight: 206.254500
INFO:root:Looping....
DEBUG:root:This is the line: drive:78.0:2.402

DEBUG:root:We got command: drive
DEBUG:root:We got a drive command
DEBUG:root:Left=2.402000 Right=-75.598000
DEBUG:root:ScaledLeft: 380.404500 ScaledRight: 204.904500
INFO:root:Looping....
DEBUG:root:This is the line: drive:78.0:0.959

DEBUG:root:We got command: drive
DEBUG:root:We got a drive command
DEBUG:root:Left=0.959000 Right=-77.041000
DEBUG:root:ScaledLeft: 377.157750 ScaledRight: 201.657750
INFO:root:Looping....
DEBUG:root:This is the line: drive:78.0:-1.446

DEBUG:root:We got command: drive
DEBUG:root:We got a drive command
DEBUG:root:Left=-79.446000 Right=-1.446000
DEBUG:root:ScaledLeft: 196.246500 ScaledRight: 371.746500
INFO:root:Looping....
DEBUG:root:This is the line: drive:78.0:-3.571

DEBUG:root:We got command: drive
DEBUG:root:We got a drive command
DEBUG:root:Left=-81.571000 Right=-3.571000
DEBUG:root:ScaledLeft: 191.465250 ScaledRight: 366.965250
INFO:root:Looping....
DEBUG:root:This is the line: drive:78.0:-7.257

DEBUG:root:We got command: drive
DEBUG:root:We got a drive command
DEBUG:root:Left=-85.257000 Right=-7.257000
DEBUG:root:ScaledLeft: 183.171750 ScaledRight: 358.671750
INFO:root:Looping....
DEBUG:root:This is the line: drive:78.0:-8.109

DEBUG:root:We got command: drive
DEBUG:root:We got a drive command
DEBUG:root:Left=-86.109000 Right=-8.109000
DEBUG:root:ScaledLeft: 181.254750 ScaledRight: 356.754750
INFO:root:Looping....
DEBUG:root:This is the line: drive:78.0:-10.538

DEBUG:root:We got command: drive
DEBUG:root:We got a drive command
DEBUG:root:Left=-88.538000 Right=-10.538000
DEBUG:root:ScaledLeft: 175.789500 ScaledRight: 351.289500
INFO:root:Looping....
DEBUG:root:This is the line: drive:78.0:-12.696

DEBUG:root:We got command: drive
DEBUG:root:We got a drive command
DEBUG:root:Left=-90.696000 Right=-12.696000
DEBUG:root:ScaledLeft: 170.934000 ScaledRight: 346.434000
INFO:root:Looping....
DEBUG:root:This is the line: drive:78.0:-13.719

DEBUG:root:We got command: drive
DEBUG:root:We got a drive command
DEBUG:root:Left=-91.719000 Right=-13.719000
DEBUG:root:ScaledLeft: 168.632250 ScaledRight: 344.132250
INFO:root:Looping....
DEBUG:root:This is the line: drive:78.0:-14.636

DEBUG:root:We got command: drive
DEBUG:root:We got a drive command
DEBUG:root:Left=-92.636000 Right=-14.636000
DEBUG:root:ScaledLeft: 166.569000 ScaledRight: 342.069000
INFO:root:Looping....
DEBUG:root:This is the line: drive:78.0:-15.192

DEBUG:root:We got command: drive
DEBUG:root:We got a drive command
DEBUG:root:Left=-93.192000 Right=-15.192000
DEBUG:root:ScaledLeft: 165.318000 ScaledRight: 340.818000
INFO:root:Looping....
DEBUG:root:This is the line: drive:78.0:-15.512

DEBUG:root:We got command: drive
DEBUG:root:We got a drive command
DEBUG:root:Left=-93.512000 Right=-15.512000
DEBUG:root:ScaledLeft: 164.598000 ScaledRight: 340.098000
INFO:root:Looping....
DEBUG:root:This is the line: drive:78.0:-12.083

DEBUG:root:We got command: drive
DEBUG:root:We got a drive command
DEBUG:root:Left=-90.083000 Right=-12.083000
DEBUG:root:ScaledLeft: 172.313250 ScaledRight: 347.813250
INFO:root:Looping....
DEBUG:root:This is the line: drive:78.0:-4.518

DEBUG:root:We got command: drive
DEBUG:root:We got a drive command
DEBUG:root:Left=-82.518000 Right=-4.518000
DEBUG:root:ScaledLeft: 189.334500 ScaledRight: 364.834500
INFO:root:Looping....
DEBUG:root:This is the line: drive:78.0:-4.138

DEBUG:root:We got command: drive
DEBUG:root:We got a drive command
DEBUG:root:Left=-82.138000 Right=-4.138000
DEBUG:root:ScaledLeft: 190.189500 ScaledRight: 365.689500
INFO:root:Looping....
DEBUG:root:This is the line: drive:77.694:-4.167

DEBUG:root:We got command: drive
DEBUG:root:We got a drive command
DEBUG:root:Left=-81.861000 Right=-4.167000
DEBUG:root:ScaledLeft: 190.812750 ScaledRight: 365.624250
INFO:root:Looping....
DEBUG:root:This is the line: drive:77.427:-4.167

DEBUG:root:We got command: drive
DEBUG:root:We got a drive command
DEBUG:root:Left=-81.594000 Right=-4.167000
DEBUG:root:ScaledLeft: 191.413500 ScaledRight: 365.624250
INFO:root:Looping....
DEBUG:root:This is the line: drive:77.427:-4.167

DEBUG:root:We got command: drive
DEBUG:root:We got a drive command
DEBUG:root:Left=-81.594000 Right=-4.167000
DEBUG:root:ScaledLeft: 191.413500 ScaledRight: 365.624250
INFO:root:Looping....
DEBUG:root:This is the line: drive:77.427:-4.167

DEBUG:root:We got command: drive
DEBUG:root:We got a drive command
DEBUG:root:Left=-81.594000 Right=-4.167000
DEBUG:root:ScaledLeft: 191.413500 ScaledRight: 365.624250
INFO:root:Looping....
DEBUG:root:This is the line: drive:77.427:-4.167

DEBUG:root:We got command: drive
DEBUG:root:We got a drive command
DEBUG:root:Left=-81.594000 Right=-4.167000
DEBUG:root:ScaledLeft: 191.413500 ScaledRight: 365.624250
INFO:root:Looping....
DEBUG:root:This is the line: drive:77.427:-4.167

DEBUG:root:We got command: drive
DEBUG:root:We got a drive command
DEBUG:root:Left=-81.594000 Right=-4.167000
DEBUG:root:ScaledLeft: 191.413500 ScaledRight: 365.624250
INFO:root:Looping....
DEBUG:root:This is the line: drive:77.427:-4.167

DEBUG:root:We got command: drive
DEBUG:root:We got a drive command
DEBUG:root:Left=-81.594000 Right=-4.167000
DEBUG:root:ScaledLeft: 191.413500 ScaledRight: 365.624250
INFO:root:Looping....
DEBUG:root:This is the line: drive:77.427:-4.167

DEBUG:root:We got command: drive
DEBUG:root:We got a drive command
DEBUG:root:Left=-81.594000 Right=-4.167000
DEBUG:root:ScaledLeft: 191.413500 ScaledRight: 365.624250
INFO:root:Looping....
DEBUG:root:This is the line: drive:77.427:-4.167

DEBUG:root:We got command: drive
DEBUG:root:We got a drive command
DEBUG:root:Left=-81.594000 Right=-4.167000
DEBUG:root:ScaledLeft: 191.413500 ScaledRight: 365.624250
INFO:root:Looping....
DEBUG:root:This is the line: drive:77.427:-4.167

DEBUG:root:We got command: drive
DEBUG:root:We got a drive command
DEBUG:root:Left=-81.594000 Right=-4.167000
DEBUG:root:ScaledLeft: 191.413500 ScaledRight: 365.624250
INFO:root:Looping....
DEBUG:root:This is the line: drive:77.427:-4.167

DEBUG:root:We got command: drive
DEBUG:root:We got a drive command
DEBUG:root:Left=-81.594000 Right=-4.167000
DEBUG:root:ScaledLeft: 191.413500 ScaledRight: 365.624250
INFO:root:Looping....
DEBUG:root:This is the line: drive:77.427:-4.167

DEBUG:root:We got command: drive
DEBUG:root:We got a drive command
DEBUG:root:Left=-81.594000 Right=-4.167000
DEBUG:root:ScaledLeft: 191.413500 ScaledRight: 365.624250
INFO:root:Looping....
DEBUG:root:This is the line: drive:77.427:-4.167

DEBUG:root:We got command: drive
DEBUG:root:We got a drive command
DEBUG:root:Left=-81.594000 Right=-4.167000
DEBUG:root:ScaledLeft: 191.413500 ScaledRight: 365.624250
INFO:root:Looping....
DEBUG:root:This is the line: drive:77.143:-4.167

DEBUG:root:We got command: drive
DEBUG:root:We got a drive command
DEBUG:root:Left=-81.310000 Right=-4.167000
DEBUG:root:ScaledLeft: 192.052500 ScaledRight: 365.624250
INFO:root:Looping....
DEBUG:root:This is the line: drive:74.042:-4.167

DEBUG:root:We got command: drive
DEBUG:root:We got a drive command
DEBUG:root:Left=-78.209000 Right=-4.167000
DEBUG:root:ScaledLeft: 199.029750 ScaledRight: 365.624250
INFO:root:Looping....
DEBUG:root:This is the line: drive:70.269:-4.167

DEBUG:root:We got command: drive
DEBUG:root:We got a drive command
DEBUG:root:Left=-74.436000 Right=-4.167000
DEBUG:root:ScaledLeft: 207.519000 ScaledRight: 365.624250
INFO:root:Looping....
DEBUG:root:This is the line: drive:56.39:-4.167

DEBUG:root:We got command: drive
DEBUG:root:We got a drive command
DEBUG:root:Left=-60.557000 Right=-4.167000
DEBUG:root:ScaledLeft: 238.746750 ScaledRight: 365.624250
INFO:root:Looping....
DEBUG:root:This is the line: drive:52.99:-4.167

DEBUG:root:We got command: drive
DEBUG:root:We got a drive command
DEBUG:root:Left=-57.157000 Right=-4.167000
DEBUG:root:ScaledLeft: 246.396750 ScaledRight: 365.624250
INFO:root:Looping....
DEBUG:root:This is the line: drive:48.257:-4.167

DEBUG:root:We got command: drive
DEBUG:root:We got a drive command
DEBUG:root:Left=-52.424000 Right=-4.167000
DEBUG:root:ScaledLeft: 257.046000 ScaledRight: 365.624250
INFO:root:Looping....
DEBUG:root:This is the line: drive:41.62:-4.167

DEBUG:root:We got command: drive
DEBUG:root:We got a drive command
DEBUG:root:Left=-45.787000 Right=-4.167000
DEBUG:root:ScaledLeft: 271.979250 ScaledRight: 365.624250
INFO:root:Looping....
DEBUG:root:This is the line: drive:41.62:-4.167

DEBUG:root:We got command: drive
DEBUG:root:We got a drive command
DEBUG:root:Left=-45.787000 Right=-4.167000
DEBUG:root:ScaledLeft: 271.979250 ScaledRight: 365.624250
INFO:root:Looping....
DEBUG:root:This is the line: drive:26.986:-4.167

DEBUG:root:We got command: drive
DEBUG:root:We got a drive command
DEBUG:root:Left=-31.153000 Right=-4.167000
DEBUG:root:ScaledLeft: 304.905750 ScaledRight: 365.624250
INFO:root:Looping....
DEBUG:root:This is the line: drive:22.338:-4.167

DEBUG:root:We got command: drive
DEBUG:root:We got a drive command
DEBUG:root:Left=-26.505000 Right=-4.167000
DEBUG:root:ScaledLeft: 315.363750 ScaledRight: 365.624250
INFO:root:Looping....
DEBUG:root:This is the line: drive:17.628:-4.167

DEBUG:root:We got command: drive
DEBUG:root:We got a drive command
DEBUG:root:Left=-21.795000 Right=-4.167000
DEBUG:root:ScaledLeft: 325.961250 ScaledRight: 365.624250
INFO:root:Looping....
DEBUG:root:This is the line: drive:5.08:-4.167

DEBUG:root:We got command: drive
DEBUG:root:We got a drive command
DEBUG:root:Left=-9.247000 Right=-4.167000
DEBUG:root:ScaledLeft: 354.194250 ScaledRight: 365.624250
INFO:root:Looping....
DEBUG:root:This is the line: drive:-0.334:-4.167

DEBUG:root:We got command: drive
DEBUG:root:We got a drive command
DEBUG:root:Left=-3.833000 Right=-4.167000
DEBUG:root:ScaledLeft: 366.375750 ScaledRight: 365.624250
INFO:root:Looping....
DEBUG:root:This is the line: drive:-7.805:-4.167

DEBUG:root:We got command: drive
DEBUG:root:We got a drive command
DEBUG:root:Left=3.638000 Right=-4.167000
DEBUG:root:ScaledLeft: 383.185500 ScaledRight: 365.624250
INFO:root:Looping....
DEBUG:root:This is the line: drive:-12.367:-4.167

DEBUG:root:We got command: drive
DEBUG:root:We got a drive command
DEBUG:root:Left=8.200000 Right=-4.167000
DEBUG:root:ScaledLeft: 393.450000 ScaledRight: 365.624250
INFO:root:Looping....
DEBUG:root:This is the line: drive:-16.814:-4.167

DEBUG:root:We got command: drive
DEBUG:root:We got a drive command
DEBUG:root:Left=12.647000 Right=-4.167000
DEBUG:root:ScaledLeft: 403.455750 ScaledRight: 365.624250
INFO:root:Looping....
DEBUG:root:This is the line: drive:-23.366:-4.167

DEBUG:root:We got command: drive
DEBUG:root:We got a drive command
DEBUG:root:Left=19.199000 Right=-4.167000
DEBUG:root:ScaledLeft: 418.197750 ScaledRight: 365.624250
INFO:root:Looping....
DEBUG:root:This is the line: drive:-27.363:-4.167

DEBUG:root:We got command: drive
DEBUG:root:We got a drive command
DEBUG:root:Left=23.196000 Right=-4.167000
DEBUG:root:ScaledLeft: 427.191000 ScaledRight: 365.624250
INFO:root:Looping....
DEBUG:root:This is the line: drive:-32.973:-4.167

DEBUG:root:We got command: drive
DEBUG:root:We got a drive command
DEBUG:root:Left=28.806000 Right=-4.167000
DEBUG:root:ScaledLeft: 439.813500 ScaledRight: 365.624250
INFO:root:Looping....
DEBUG:root:This is the line: drive:-36.494:-4.167

DEBUG:root:We got command: drive
DEBUG:root:We got a drive command
DEBUG:root:Left=32.327000 Right=-4.167000
DEBUG:root:ScaledLeft: 447.735750 ScaledRight: 365.624250
INFO:root:Looping....
DEBUG:root:This is the line: drive:-41.347:-4.167

DEBUG:root:We got command: drive
DEBUG:root:We got a drive command
DEBUG:root:Left=37.180000 Right=-4.167000
DEBUG:root:ScaledLeft: 458.655000 ScaledRight: 365.624250
INFO:root:Looping....
DEBUG:root:This is the line: drive:-44.869:-4.167

DEBUG:root:We got command: drive
DEBUG:root:We got a drive command
DEBUG:root:Left=40.702000 Right=-4.167000
DEBUG:root:ScaledLeft: 466.579500 ScaledRight: 365.624250
INFO:root:Looping....
DEBUG:root:This is the line: drive:-47.639:-4.167

DEBUG:root:We got command: drive
DEBUG:root:We got a drive command
DEBUG:root:Left=43.472000 Right=-4.167000
DEBUG:root:ScaledLeft: 472.812000 ScaledRight: 365.624250
INFO:root:Looping....
DEBUG:root:This is the line: drive:-47.639:-4.167

DEBUG:root:We got command: drive
DEBUG:root:We got a drive command
DEBUG:root:Left=43.472000 Right=-4.167000
DEBUG:root:ScaledLeft: 472.812000 ScaledRight: 365.624250
INFO:root:Looping....
DEBUG:root:This is the line: drive:-50.604:-4.762

DEBUG:root:We got command: drive
DEBUG:root:We got a drive command
DEBUG:root:Left=45.842000 Right=-4.762000
DEBUG:root:ScaledLeft: 478.144500 ScaledRight: 364.285500
INFO:root:Looping....
DEBUG:root:This is the line: drive:-53.909:-5.655

DEBUG:root:We got command: drive
DEBUG:root:We got a drive command
DEBUG:root:Left=48.254000 Right=-5.655000
DEBUG:root:ScaledLeft: 483.571500 ScaledRight: 362.276250
INFO:root:Looping....
DEBUG:root:This is the line: drive:-55.187:-5.952

DEBUG:root:We got command: drive
DEBUG:root:We got a drive command
DEBUG:root:Left=49.235000 Right=-5.952000
DEBUG:root:ScaledLeft: 485.778750 ScaledRight: 361.608000
INFO:root:Looping....
DEBUG:root:This is the line: drive:-58.143:-6.25

DEBUG:root:We got command: drive
DEBUG:root:We got a drive command
DEBUG:root:Left=51.893000 Right=-6.250000
DEBUG:root:ScaledLeft: 491.759250 ScaledRight: 360.937500
INFO:root:Looping....
DEBUG:root:This is the line: drive:-58.571:-6.363

DEBUG:root:We got command: drive
DEBUG:root:We got a drive command
DEBUG:root:Left=52.208000 Right=-6.363000
DEBUG:root:ScaledLeft: 492.468000 ScaledRight: 360.683250
INFO:root:Looping....
DEBUG:root:This is the line: drive:-61.492:-6.845

DEBUG:root:We got command: drive
DEBUG:root:We got a drive command
DEBUG:root:Left=54.647000 Right=-6.845000
DEBUG:root:ScaledLeft: 497.955750 ScaledRight: 359.598750
INFO:root:Looping....
DEBUG:root:This is the line: drive:-62.986:-6.845

DEBUG:root:We got command: drive
DEBUG:root:We got a drive command
DEBUG:root:Left=56.141000 Right=-6.845000
DEBUG:root:ScaledLeft: 501.317250 ScaledRight: 359.598750
INFO:root:Looping....
DEBUG:root:This is the line: drive:-64.113:-7.143

DEBUG:root:We got command: drive
DEBUG:root:We got a drive command
DEBUG:root:Left=56.970000 Right=-7.143000
DEBUG:root:ScaledLeft: 503.182500 ScaledRight: 358.928250
INFO:root:Looping....
DEBUG:root:This is the line: drive:-65.135:-7.143

DEBUG:root:We got command: drive
DEBUG:root:We got a drive command
DEBUG:root:Left=57.992000 Right=-7.143000
DEBUG:root:ScaledLeft: 505.482000 ScaledRight: 358.928250
INFO:root:Looping....
DEBUG:root:This is the line: drive:-66.0:-7.589

DEBUG:root:We got command: drive
DEBUG:root:We got a drive command
DEBUG:root:Left=58.411000 Right=-7.589000
DEBUG:root:ScaledLeft: 506.424750 ScaledRight: 357.924750
INFO:root:Looping....
DEBUG:root:This is the line: drive:-66.286:-7.787

DEBUG:root:We got command: drive
DEBUG:root:We got a drive command
DEBUG:root:Left=58.499000 Right=-7.787000
DEBUG:root:ScaledLeft: 506.622750 ScaledRight: 357.479250
INFO:root:Looping....
DEBUG:root:This is the line: drive:-66.588:-7.738

DEBUG:root:We got command: drive
DEBUG:root:We got a drive command
DEBUG:root:Left=58.850000 Right=-7.738000
DEBUG:root:ScaledLeft: 507.412500 ScaledRight: 357.589500
INFO:root:Looping....
DEBUG:root:This is the line: drive:0:0

DEBUG:root:We got command: drive
DEBUG:root:We got a drive command
DEBUG:root:Left=0.000000 Right=0.000000
DEBUG:root:ScaledLeft: 375.000000 ScaledRight: 375.000000
INFO:root:Looping....
DEBUG:root:This is the line: drive:-67.143:-8.036

DEBUG:root:We got command: drive
DEBUG:root:We got a drive command
DEBUG:root:Left=59.107000 Right=-8.036000
DEBUG:root:ScaledLeft: 507.990750 ScaledRight: 356.919000
INFO:root:Looping....
DEBUG:root:This is the line: drive:-24.571:2.976

DEBUG:root:We got command: drive
DEBUG:root:We got a drive command
DEBUG:root:Left=2.976000 Right=27.547000
DEBUG:root:ScaledLeft: 381.696000 ScaledRight: 436.980750
INFO:root:Looping....
DEBUG:root:This is the line: drive:-18.97:0.595

DEBUG:root:We got command: drive
DEBUG:root:We got a drive command
DEBUG:root:Left=0.595000 Right=19.565000
DEBUG:root:ScaledLeft: 376.338750 ScaledRight: 419.021250
INFO:root:Looping....
DEBUG:root:This is the line: drive:-15.111:-0.298

DEBUG:root:We got command: drive
DEBUG:root:We got a drive command
DEBUG:root:Left=14.813000 Right=-0.298000
DEBUG:root:ScaledLeft: 408.329250 ScaledRight: 374.329500
INFO:root:Looping....
DEBUG:root:This is the line: drive:-3.755:-0.298

DEBUG:root:We got command: drive
DEBUG:root:We got a drive command
DEBUG:root:Left=3.457000 Right=-0.298000
DEBUG:root:ScaledLeft: 382.778250 ScaledRight: 374.329500
INFO:root:Looping....
DEBUG:root:This is the line: drive:8.735:0.978

DEBUG:root:We got command: drive
DEBUG:root:We got a drive command
DEBUG:root:Left=0.978000 Right=-7.757000
DEBUG:root:ScaledLeft: 377.200500 ScaledRight: 357.546750
INFO:root:Looping....
DEBUG:root:This is the line: drive:15.877:2.679

DEBUG:root:We got command: drive
DEBUG:root:We got a drive command
DEBUG:root:Left=2.679000 Right=-13.198000
DEBUG:root:ScaledLeft: 381.027750 ScaledRight: 345.304500
INFO:root:Looping....
DEBUG:root:This is the line: drive:27.555:5.952

DEBUG:root:We got command: drive
DEBUG:root:We got a drive command
DEBUG:root:Left=5.952000 Right=-21.603000
DEBUG:root:ScaledLeft: 388.392000 ScaledRight: 326.393250
INFO:root:Looping....
DEBUG:root:This is the line: drive:38.818:8.036

DEBUG:root:We got command: drive
DEBUG:root:We got a drive command
DEBUG:root:Left=8.036000 Right=-30.782000
DEBUG:root:ScaledLeft: 393.081000 ScaledRight: 305.740500
INFO:root:Looping....
DEBUG:root:This is the line: drive:42.719:8.036

DEBUG:root:We got command: drive
DEBUG:root:We got a drive command
DEBUG:root:Left=8.036000 Right=-34.683000
DEBUG:root:ScaledLeft: 393.081000 ScaledRight: 296.963250
INFO:root:Looping....
DEBUG:root:This is the line: drive:46.684:8.451

DEBUG:root:We got command: drive
DEBUG:root:We got a drive command
DEBUG:root:Left=8.451000 Right=-38.233000
DEBUG:root:ScaledLeft: 394.014750 ScaledRight: 288.975750
INFO:root:Looping....
DEBUG:root:This is the line: drive:52.76:13.095

DEBUG:root:We got command: drive
DEBUG:root:We got a drive command
DEBUG:root:Left=13.095000 Right=-39.665000
DEBUG:root:ScaledLeft: 404.463750 ScaledRight: 285.753750
INFO:root:Looping....
DEBUG:root:This is the line: drive:55.555:13.988

DEBUG:root:We got command: drive
DEBUG:root:We got a drive command
DEBUG:root:Left=13.988000 Right=-41.567000
DEBUG:root:ScaledLeft: 406.473000 ScaledRight: 281.474250
INFO:root:Looping....
DEBUG:root:This is the line: drive:58.938:14.583

DEBUG:root:We got command: drive
DEBUG:root:We got a drive command
DEBUG:root:Left=14.583000 Right=-44.355000
DEBUG:root:ScaledLeft: 407.811750 ScaledRight: 275.201250
INFO:root:Looping....
DEBUG:root:This is the line: drive:63.626:14.881

DEBUG:root:We got command: drive
DEBUG:root:We got a drive command
DEBUG:root:Left=14.881000 Right=-48.745000
DEBUG:root:ScaledLeft: 408.482250 ScaledRight: 265.323750
INFO:root:Looping....
DEBUG:root:This is the line: drive:64.023:14.881

DEBUG:root:We got command: drive
DEBUG:root:We got a drive command
DEBUG:root:Left=14.881000 Right=-49.142000
DEBUG:root:ScaledLeft: 408.482250 ScaledRight: 264.430500
INFO:root:Looping....
DEBUG:root:This is the line: drive:64.023:14.881

DEBUG:root:We got command: drive
DEBUG:root:We got a drive command
DEBUG:root:Left=14.881000 Right=-49.142000
DEBUG:root:ScaledLeft: 408.482250 ScaledRight: 264.430500
INFO:root:Looping....
DEBUG:root:This is the line: drive:64.293:14.881

DEBUG:root:We got command: drive
DEBUG:root:We got a drive command
DEBUG:root:Left=14.881000 Right=-49.412000
DEBUG:root:ScaledLeft: 408.482250 ScaledRight: 263.823000
INFO:root:Looping....
DEBUG:root:This is the line: drive:69.097:14.881

DEBUG:root:We got command: drive
DEBUG:root:We got a drive command
DEBUG:root:Left=14.881000 Right=-54.216000
DEBUG:root:ScaledLeft: 408.482250 ScaledRight: 253.014000
INFO:root:Looping....
DEBUG:root:This is the line: drive:72.97:14.881

DEBUG:root:We got command: drive
DEBUG:root:We got a drive command
DEBUG:root:Left=14.881000 Right=-58.089000
DEBUG:root:ScaledLeft: 408.482250 ScaledRight: 244.299750
INFO:root:Looping....
DEBUG:root:This is the line: drive:77.231:14.881

DEBUG:root:We got command: drive
DEBUG:root:We got a drive command
DEBUG:root:Left=14.881000 Right=-62.350000
DEBUG:root:ScaledLeft: 408.482250 ScaledRight: 234.712500
INFO:root:Looping....
DEBUG:root:This is the line: drive:80.286:11.84

DEBUG:root:We got command: drive
DEBUG:root:We got a drive command
DEBUG:root:Left=11.840000 Right=-68.446000
DEBUG:root:ScaledLeft: 401.640000 ScaledRight: 220.996500
INFO:root:Looping....
DEBUG:root:This is the line: drive:80.286:8.674

DEBUG:root:We got command: drive
DEBUG:root:We got a drive command
DEBUG:root:Left=8.674000 Right=-71.612000
DEBUG:root:ScaledLeft: 394.516500 ScaledRight: 213.873000
INFO:root:Looping....
DEBUG:root:This is the line: drive:80.286:6.235

DEBUG:root:We got command: drive
DEBUG:root:We got a drive command
DEBUG:root:Left=6.235000 Right=-74.051000
DEBUG:root:ScaledLeft: 389.028750 ScaledRight: 208.385250
INFO:root:Looping....
DEBUG:root:This is the line: drive:80.286:5.947

DEBUG:root:We got command: drive
DEBUG:root:We got a drive command
DEBUG:root:Left=5.947000 Right=-74.339000
DEBUG:root:ScaledLeft: 388.380750 ScaledRight: 207.737250
INFO:root:Looping....
DEBUG:root:This is the line: drive:80.286:4.018

DEBUG:root:We got command: drive
DEBUG:root:We got a drive command
DEBUG:root:Left=4.018000 Right=-76.268000
DEBUG:root:ScaledLeft: 384.040500 ScaledRight: 203.397000
INFO:root:Looping....
DEBUG:root:This is the line: drive:80.286:3.506

DEBUG:root:We got command: drive
DEBUG:root:We got a drive command
DEBUG:root:Left=3.506000 Right=-76.780000
DEBUG:root:ScaledLeft: 382.888500 ScaledRight: 202.245000
INFO:root:Looping....
DEBUG:root:This is the line: drive:80.286:3.205

DEBUG:root:We got command: drive
DEBUG:root:We got a drive command
DEBUG:root:Left=3.205000 Right=-77.081000
DEBUG:root:ScaledLeft: 382.211250 ScaledRight: 201.567750
INFO:root:Looping....
DEBUG:root:This is the line: drive:80.286:3.205

DEBUG:root:We got command: drive
DEBUG:root:We got a drive command
DEBUG:root:Left=3.205000 Right=-77.081000
DEBUG:root:ScaledLeft: 382.211250 ScaledRight: 201.567750
INFO:root:Looping....
DEBUG:root:This is the line: drive:80.286:3.205

DEBUG:root:We got command: drive
DEBUG:root:We got a drive command
DEBUG:root:Left=3.205000 Right=-77.081000
DEBUG:root:ScaledLeft: 382.211250 ScaledRight: 201.567750
INFO:root:Looping....
DEBUG:root:This is the line: drive:80.576:3.274

DEBUG:root:We got command: drive
DEBUG:root:We got a drive command
DEBUG:root:Left=3.274000 Right=-77.302000
DEBUG:root:ScaledLeft: 382.366500 ScaledRight: 201.070500
INFO:root:Looping....
DEBUG:root:This is the line: drive:80.884:3.274

DEBUG:root:We got command: drive
DEBUG:root:We got a drive command
DEBUG:root:Left=3.274000 Right=-77.610000
DEBUG:root:ScaledLeft: 382.366500 ScaledRight: 200.377500
INFO:root:Looping....
DEBUG:root:This is the line: drive:81.163:3.274

DEBUG:root:We got command: drive
DEBUG:root:We got a drive command
DEBUG:root:Left=3.274000 Right=-77.889000
DEBUG:root:ScaledLeft: 382.366500 ScaledRight: 199.749750
INFO:root:Looping....
DEBUG:root:This is the line: drive:81.676:3.571

DEBUG:root:We got command: drive
DEBUG:root:We got a drive command
DEBUG:root:Left=3.571000 Right=-78.105000
DEBUG:root:ScaledLeft: 383.034750 ScaledRight: 199.263750
INFO:root:Looping....
DEBUG:root:This is the line: drive:82.508:5.589

DEBUG:root:We got command: drive
DEBUG:root:We got a drive command
DEBUG:root:Left=5.589000 Right=-76.919000
DEBUG:root:ScaledLeft: 387.575250 ScaledRight: 201.932250
INFO:root:Looping....
DEBUG:root:This is the line: drive:82.571:6.101

DEBUG:root:We got command: drive
DEBUG:root:We got a drive command
DEBUG:root:Left=6.101000 Right=-76.470000
DEBUG:root:ScaledLeft: 388.727250 ScaledRight: 202.942500
INFO:root:Looping....
DEBUG:root:This is the line: drive:83.591:5.952

DEBUG:root:We got command: drive
DEBUG:root:We got a drive command
DEBUG:root:Left=5.952000 Right=-77.639000
DEBUG:root:ScaledLeft: 388.392000 ScaledRight: 200.312250
INFO:root:Looping....
DEBUG:root:This is the line: drive:84.609:5.952

DEBUG:root:We got command: drive
DEBUG:root:We got a drive command
DEBUG:root:Left=5.952000 Right=-78.657000
DEBUG:root:ScaledLeft: 388.392000 ScaledRight: 198.021750
INFO:root:Looping....
DEBUG:root:This is the line: drive:84.609:5.952

DEBUG:root:We got command: drive
DEBUG:root:We got a drive command
DEBUG:root:Left=5.952000 Right=-78.657000
DEBUG:root:ScaledLeft: 388.392000 ScaledRight: 198.021750
INFO:root:Looping....
DEBUG:root:This is the line: drive:84.609:5.952

DEBUG:root:We got command: drive
DEBUG:root:We got a drive command
DEBUG:root:Left=5.952000 Right=-78.657000
DEBUG:root:ScaledLeft: 388.392000 ScaledRight: 198.021750
INFO:root:Looping....
DEBUG:root:This is the line: drive:84.609:5.952

DEBUG:root:We got command: drive
DEBUG:root:We got a drive command
DEBUG:root:Left=5.952000 Right=-78.657000
DEBUG:root:ScaledLeft: 388.392000 ScaledRight: 198.021750
INFO:root:Looping....
DEBUG:root:This is the line: drive:84.609:5.952

DEBUG:root:We got command: drive
DEBUG:root:We got a drive command
DEBUG:root:Left=5.952000 Right=-78.657000
DEBUG:root:ScaledLeft: 388.392000 ScaledRight: 198.021750
INFO:root:Looping....
DEBUG:root:This is the line: drive:84.609:5.952

DEBUG:root:We got command: drive
DEBUG:root:We got a drive command
DEBUG:root:Left=5.952000 Right=-78.657000
DEBUG:root:ScaledLeft: 388.392000 ScaledRight: 198.021750
INFO:root:Looping....
DEBUG:root:This is the line: drive:84.282:5.952

DEBUG:root:We got command: drive
DEBUG:root:We got a drive command
DEBUG:root:Left=5.952000 Right=-78.330000
DEBUG:root:ScaledLeft: 388.392000 ScaledRight: 198.757500
INFO:root:Looping....
DEBUG:root:This is the line: drive:83.67:5.952

DEBUG:root:We got command: drive
DEBUG:root:We got a drive command
DEBUG:root:Left=5.952000 Right=-77.718000
DEBUG:root:ScaledLeft: 388.392000 ScaledRight: 200.134500
INFO:root:Looping....
DEBUG:root:This is the line: drive:83.67:5.952

DEBUG:root:We got command: drive
DEBUG:root:We got a drive command
DEBUG:root:Left=5.952000 Right=-77.718000
DEBUG:root:ScaledLeft: 388.392000 ScaledRight: 200.134500
INFO:root:Looping....
DEBUG:root:This is the line: drive:83.67:5.952

DEBUG:root:We got command: drive
DEBUG:root:We got a drive command
DEBUG:root:Left=5.952000 Right=-77.718000
DEBUG:root:ScaledLeft: 388.392000 ScaledRight: 200.134500
INFO:root:Looping....
DEBUG:root:This is the line: drive:83.67:5.952

DEBUG:root:We got command: drive
DEBUG:root:We got a drive command
DEBUG:root:Left=5.952000 Right=-77.718000
DEBUG:root:ScaledLeft: 388.392000 ScaledRight: 200.134500
INFO:root:Looping....
DEBUG:root:This is the line: drive:83.67:5.952

DEBUG:root:We got command: drive
DEBUG:root:We got a drive command
DEBUG:root:Left=5.952000 Right=-77.718000
DEBUG:root:ScaledLeft: 388.392000 ScaledRight: 200.134500
INFO:root:Looping....
DEBUG:root:This is the line: drive:83.67:5.952

DEBUG:root:We got command: drive
DEBUG:root:We got a drive command
DEBUG:root:Left=5.952000 Right=-77.718000
DEBUG:root:ScaledLeft: 388.392000 ScaledRight: 200.134500
INFO:root:Looping....
DEBUG:root:This is the line: drive:83.67:5.952

DEBUG:root:We got command: drive
DEBUG:root:We got a drive command
DEBUG:root:Left=5.952000 Right=-77.718000
DEBUG:root:ScaledLeft: 388.392000 ScaledRight: 200.134500
INFO:root:Looping....
DEBUG:root:This is the line: drive:83.67:5.952

DEBUG:root:We got command: drive
DEBUG:root:We got a drive command
DEBUG:root:Left=5.952000 Right=-77.718000
DEBUG:root:ScaledLeft: 388.392000 ScaledRight: 200.134500
INFO:root:Looping....
DEBUG:root:This is the line: drive:83.67:5.952

DEBUG:root:We got command: drive
DEBUG:root:We got a drive command
DEBUG:root:Left=5.952000 Right=-77.718000
DEBUG:root:ScaledLeft: 388.392000 ScaledRight: 200.134500
INFO:root:Looping....
DEBUG:root:This is the line: drive:83.67:5.952

DEBUG:root:We got command: drive
DEBUG:root:We got a drive command
DEBUG:root:Left=5.952000 Right=-77.718000
DEBUG:root:ScaledLeft: 388.392000 ScaledRight: 200.134500
INFO:root:Looping....
DEBUG:root:This is the line: drive:83.67:5.952

DEBUG:root:We got command: drive
DEBUG:root:We got a drive command
DEBUG:root:Left=5.952000 Right=-77.718000
DEBUG:root:ScaledLeft: 388.392000 ScaledRight: 200.134500
INFO:root:Looping....
DEBUG:root:This is the line: drive:83.67:5.952

DEBUG:root:We got command: drive
DEBUG:root:We got a drive command
DEBUG:root:Left=5.952000 Right=-77.718000
DEBUG:root:ScaledLeft: 388.392000 ScaledRight: 200.134500
INFO:root:Looping....
DEBUG:root:This is the line: drive:83.67:5.952

DEBUG:root:We got command: drive
DEBUG:root:We got a drive command
DEBUG:root:Left=5.952000 Right=-77.718000
DEBUG:root:ScaledLeft: 388.392000 ScaledRight: 200.134500
INFO:root:Looping....
DEBUG:root:This is the line: drive:83.67:5.952

DEBUG:root:We got command: drive
DEBUG:root:We got a drive command
DEBUG:root:Left=5.952000 Right=-77.718000
DEBUG:root:ScaledLeft: 388.392000 ScaledRight: 200.134500
INFO:root:Looping....
DEBUG:root:This is the line: drive:83.714:5.653

DEBUG:root:We got command: drive
DEBUG:root:We got a drive command
DEBUG:root:Left=5.653000 Right=-78.061000
DEBUG:root:ScaledLeft: 387.719250 ScaledRight: 199.362750
INFO:root:Looping....
DEBUG:root:This is the line: drive:83.714:5.314

DEBUG:root:We got command: drive
DEBUG:root:We got a drive command
DEBUG:root:Left=5.314000 Right=-78.400000
DEBUG:root:ScaledLeft: 386.956500 ScaledRight: 198.600000
INFO:root:Looping....
DEBUG:root:This is the line: drive:83.714:5.314

DEBUG:root:We got command: drive
DEBUG:root:We got a drive command
DEBUG:root:Left=5.314000 Right=-78.400000
DEBUG:root:ScaledLeft: 386.956500 ScaledRight: 198.600000
INFO:root:Looping....
DEBUG:root:This is the line: drive:83.714:5.058

DEBUG:root:We got command: drive
DEBUG:root:We got a drive command
DEBUG:root:Left=5.058000 Right=-78.656000
DEBUG:root:ScaledLeft: 386.380500 ScaledRight: 198.024000
INFO:root:Looping....
DEBUG:root:This is the line: drive:83.714:5.058

DEBUG:root:We got command: drive
DEBUG:root:We got a drive command
DEBUG:root:Left=5.058000 Right=-78.656000
DEBUG:root:ScaledLeft: 386.380500 ScaledRight: 198.024000
INFO:root:Looping....
DEBUG:root:This is the line: drive:83.714:5.058

DEBUG:root:We got command: drive
DEBUG:root:We got a drive command
DEBUG:root:Left=5.058000 Right=-78.656000
DEBUG:root:ScaledLeft: 386.380500 ScaledRight: 198.024000
INFO:root:Looping....
DEBUG:root:This is the line: drive:83.714:5.058

DEBUG:root:We got command: drive
DEBUG:root:We got a drive command
DEBUG:root:Left=5.058000 Right=-78.656000
DEBUG:root:ScaledLeft: 386.380500 ScaledRight: 198.024000
INFO:root:Looping....
DEBUG:root:This is the line: drive:83.714:5.058

DEBUG:root:We got command: drive
DEBUG:root:We got a drive command
DEBUG:root:Left=5.058000 Right=-78.656000
DEBUG:root:ScaledLeft: 386.380500 ScaledRight: 198.024000
INFO:root:Looping....
DEBUG:root:This is the line: drive:83.714:5.058

DEBUG:root:We got command: drive
DEBUG:root:We got a drive command
DEBUG:root:Left=5.058000 Right=-78.656000
DEBUG:root:ScaledLeft: 386.380500 ScaledRight: 198.024000
INFO:root:Looping....
DEBUG:root:This is the line: drive:83.714:5.058

DEBUG:root:We got command: drive
DEBUG:root:We got a drive command
DEBUG:root:Left=5.058000 Right=-78.656000
DEBUG:root:ScaledLeft: 386.380500 ScaledRight: 198.024000
INFO:root:Looping....
DEBUG:root:This is the line: drive:83.714:5.058

DEBUG:root:We got command: drive
DEBUG:root:We got a drive command
DEBUG:root:Left=5.058000 Right=-78.656000
DEBUG:root:ScaledLeft: 386.380500 ScaledRight: 198.024000
INFO:root:Looping....
DEBUG:root:This is the line: drive:83.714:5.058

DEBUG:root:We got command: drive
DEBUG:root:We got a drive command
DEBUG:root:Left=5.058000 Right=-78.656000
DEBUG:root:ScaledLeft: 386.380500 ScaledRight: 198.024000
INFO:root:Looping....
DEBUG:root:This is the line: drive:83.714:5.058

DEBUG:root:We got command: drive
DEBUG:root:We got a drive command
DEBUG:root:Left=5.058000 Right=-78.656000
DEBUG:root:ScaledLeft: 386.380500 ScaledRight: 198.024000
INFO:root:Looping....
DEBUG:root:This is the line: drive:83.714:4.76

DEBUG:root:We got command: drive
DEBUG:root:We got a drive command
DEBUG:root:Left=4.760000 Right=-78.954000
DEBUG:root:ScaledLeft: 385.710000 ScaledRight: 197.353500
INFO:root:Looping....
DEBUG:root:This is the line: drive:83.714:4.76

DEBUG:root:We got command: drive
DEBUG:root:We got a drive command
DEBUG:root:Left=4.760000 Right=-78.954000
DEBUG:root:ScaledLeft: 385.710000 ScaledRight: 197.353500
INFO:root:Looping....
DEBUG:root:This is the line: drive:83.714:4.76

DEBUG:root:We got command: drive
DEBUG:root:We got a drive command
DEBUG:root:Left=4.760000 Right=-78.954000
DEBUG:root:ScaledLeft: 385.710000 ScaledRight: 197.353500
INFO:root:Looping....
DEBUG:root:This is the line: drive:83.714:4.76

DEBUG:root:We got command: drive
DEBUG:root:We got a drive command
DEBUG:root:Left=4.760000 Right=-78.954000
DEBUG:root:ScaledLeft: 385.710000 ScaledRight: 197.353500
INFO:root:Looping....
DEBUG:root:This is the line: drive:83.714:4.464

DEBUG:root:We got command: drive
DEBUG:root:We got a drive command
DEBUG:root:Left=4.464000 Right=-79.250000
DEBUG:root:ScaledLeft: 385.044000 ScaledRight: 196.687500
INFO:root:Looping....
DEBUG:root:This is the line: drive:79.187:3.274

DEBUG:root:We got command: drive
DEBUG:root:We got a drive command
DEBUG:root:Left=3.274000 Right=-75.913000
DEBUG:root:ScaledLeft: 382.366500 ScaledRight: 204.195750
INFO:root:Looping....
DEBUG:root:This is the line: drive:75.839:2.679

DEBUG:root:We got command: drive
DEBUG:root:We got a drive command
DEBUG:root:Left=2.679000 Right=-73.160000
DEBUG:root:ScaledLeft: 381.027750 ScaledRight: 210.390000
INFO:root:Looping....
DEBUG:root:This is the line: drive:72.062:2.679

DEBUG:root:We got command: drive
DEBUG:root:We got a drive command
DEBUG:root:Left=2.679000 Right=-69.383000
DEBUG:root:ScaledLeft: 381.027750 ScaledRight: 218.888250
INFO:root:Looping....
DEBUG:root:This is the line: drive:68.892:2.679

DEBUG:root:We got command: drive
DEBUG:root:We got a drive command
DEBUG:root:Left=2.679000 Right=-66.213000
DEBUG:root:ScaledLeft: 381.027750 ScaledRight: 226.020750
INFO:root:Looping....
DEBUG:root:This is the line: drive:61.734:2.679

DEBUG:root:We got command: drive
DEBUG:root:We got a drive command
DEBUG:root:Left=2.679000 Right=-59.055000
DEBUG:root:ScaledLeft: 381.027750 ScaledRight: 242.126250
INFO:root:Looping....
DEBUG:root:This is the line: drive:54.453:2.679

DEBUG:root:We got command: drive
DEBUG:root:We got a drive command
DEBUG:root:Left=2.679000 Right=-51.774000
DEBUG:root:ScaledLeft: 381.027750 ScaledRight: 258.508500
INFO:root:Looping....
DEBUG:root:This is the line: drive:40.637:2.679

DEBUG:root:We got command: drive
DEBUG:root:We got a drive command
DEBUG:root:Left=2.679000 Right=-37.958000
DEBUG:root:ScaledLeft: 381.027750 ScaledRight: 289.594500
INFO:root:Looping....
DEBUG:root:This is the line: drive:29.226:1.786

DEBUG:root:We got command: drive
DEBUG:root:We got a drive command
DEBUG:root:Left=1.786000 Right=-27.440000
DEBUG:root:ScaledLeft: 379.018500 ScaledRight: 313.260000
INFO:root:Looping....
DEBUG:root:This is the line: drive:16.803:1.19

DEBUG:root:We got command: drive
DEBUG:root:We got a drive command
DEBUG:root:Left=1.190000 Right=-15.613000
DEBUG:root:ScaledLeft: 377.677500 ScaledRight: 339.870750
INFO:root:Looping....
DEBUG:root:This is the line: drive:7.238:0.298

DEBUG:root:We got command: drive
DEBUG:root:We got a drive command
DEBUG:root:Left=0.298000 Right=-6.940000
DEBUG:root:ScaledLeft: 375.670500 ScaledRight: 359.385000
INFO:root:Looping....
DEBUG:root:This is the line: drive:1.921:-1.083

DEBUG:root:We got command: drive
DEBUG:root:We got a drive command
DEBUG:root:Left=-3.004000 Right=-1.083000
DEBUG:root:ScaledLeft: 368.241000 ScaledRight: 372.563250
INFO:root:Looping....
DEBUG:root:This is the line: drive:-7.366:-5.027

DEBUG:root:We got command: drive
DEBUG:root:We got a drive command
DEBUG:root:Left=2.339000 Right=-5.027000
DEBUG:root:ScaledLeft: 380.262750 ScaledRight: 363.689250
INFO:root:Looping....
DEBUG:root:This is the line: drive:-16.797:-6.845

DEBUG:root:We got command: drive
DEBUG:root:We got a drive command
DEBUG:root:Left=9.952000 Right=-6.845000
DEBUG:root:ScaledLeft: 397.392000 ScaledRight: 359.598750
INFO:root:Looping....
DEBUG:root:This is the line: drive:-26.223:-7.738

DEBUG:root:We got command: drive
DEBUG:root:We got a drive command
DEBUG:root:Left=18.485000 Right=-7.738000
DEBUG:root:ScaledLeft: 416.591250 ScaledRight: 357.589500
INFO:root:Looping....
DEBUG:root:This is the line: drive:-31.236:-8.333

DEBUG:root:We got command: drive
DEBUG:root:We got a drive command
DEBUG:root:Left=22.903000 Right=-8.333000
DEBUG:root:ScaledLeft: 426.531750 ScaledRight: 356.250750
INFO:root:Looping....
DEBUG:root:This is the line: drive:-34.09:-8.631

DEBUG:root:We got command: drive
DEBUG:root:We got a drive command
DEBUG:root:Left=25.459000 Right=-8.631000
DEBUG:root:ScaledLeft: 432.282750 ScaledRight: 355.580250
INFO:root:Looping....
DEBUG:root:This is the line: drive:-41.848:-8.929

DEBUG:root:We got command: drive
DEBUG:root:We got a drive command
DEBUG:root:Left=32.919000 Right=-8.929000
DEBUG:root:ScaledLeft: 449.067750 ScaledRight: 354.909750
INFO:root:Looping....
DEBUG:root:This is the line: drive:-51.993:-9.821

DEBUG:root:We got command: drive
DEBUG:root:We got a drive command
DEBUG:root:Left=42.172000 Right=-9.821000
DEBUG:root:ScaledLeft: 469.887000 ScaledRight: 352.902750
INFO:root:Looping....
DEBUG:root:This is the line: drive:-62.059:-9.821

DEBUG:root:We got command: drive
DEBUG:root:We got a drive command
DEBUG:root:Left=52.238000 Right=-9.821000
DEBUG:root:ScaledLeft: 492.535500 ScaledRight: 352.902750
INFO:root:Looping....
DEBUG:root:This is the line: drive:-66.714:-9.821

DEBUG:root:We got command: drive
DEBUG:root:We got a drive command
DEBUG:root:Left=56.893000 Right=-9.821000
DEBUG:root:ScaledLeft: 503.009250 ScaledRight: 352.902750
INFO:root:Looping....
DEBUG:root:This is the line: drive:-68.547:-9.821

DEBUG:root:We got command: drive
DEBUG:root:We got a drive command
DEBUG:root:Left=58.726000 Right=-9.821000
DEBUG:root:ScaledLeft: 507.133500 ScaledRight: 352.902750
INFO:root:Looping....
DEBUG:root:This is the line: drive:-69.707:-9.821

DEBUG:root:We got command: drive
DEBUG:root:We got a drive command
DEBUG:root:Left=59.886000 Right=-9.821000
DEBUG:root:ScaledLeft: 509.743500 ScaledRight: 352.902750
INFO:root:Looping....
DEBUG:root:This is the line: drive:-70.781:-9.821

DEBUG:root:We got command: drive
DEBUG:root:We got a drive command
DEBUG:root:Left=60.960000 Right=-9.821000
DEBUG:root:ScaledLeft: 512.160000 ScaledRight: 352.902750
INFO:root:Looping....
DEBUG:root:This is the line: drive:-72.568:-9.821

DEBUG:root:We got command: drive
DEBUG:root:We got a drive command
DEBUG:root:Left=62.747000 Right=-9.821000
DEBUG:root:ScaledLeft: 516.180750 ScaledRight: 352.902750
INFO:root:Looping....
DEBUG:root:This is the line: drive:-73.781:-9.821

DEBUG:root:We got command: drive
DEBUG:root:We got a drive command
DEBUG:root:Left=63.960000 Right=-9.821000
DEBUG:root:ScaledLeft: 518.910000 ScaledRight: 352.902750
INFO:root:Looping....
DEBUG:root:This is the line: drive:-74.616:-9.821

DEBUG:root:We got command: drive
DEBUG:root:We got a drive command
DEBUG:root:Left=64.795000 Right=-9.821000
DEBUG:root:ScaledLeft: 520.788750 ScaledRight: 352.902750
INFO:root:Looping....
DEBUG:root:This is the line: drive:-74.892:-9.821

DEBUG:root:We got command: drive
DEBUG:root:We got a drive command
DEBUG:root:Left=65.071000 Right=-9.821000
DEBUG:root:ScaledLeft: 521.409750 ScaledRight: 352.902750
INFO:root:Looping....
DEBUG:root:This is the line: drive:-75.738:-9.821

DEBUG:root:We got command: drive
DEBUG:root:We got a drive command
DEBUG:root:Left=65.917000 Right=-9.821000
DEBUG:root:ScaledLeft: 523.313250 ScaledRight: 352.902750
INFO:root:Looping....
DEBUG:root:This is the line: drive:-76.031:-9.821

DEBUG:root:We got command: drive
DEBUG:root:We got a drive command
DEBUG:root:Left=66.210000 Right=-9.821000
DEBUG:root:ScaledLeft: 523.972500 ScaledRight: 352.902750
INFO:root:Looping....
DEBUG:root:This is the line: drive:-76.031:-9.821

DEBUG:root:We got command: drive
DEBUG:root:We got a drive command
DEBUG:root:Left=66.210000 Right=-9.821000
DEBUG:root:ScaledLeft: 523.972500 ScaledRight: 352.902750
INFO:root:Looping....
DEBUG:root:This is the line: drive:-76.031:-9.821

DEBUG:root:We got command: drive
DEBUG:root:We got a drive command
DEBUG:root:Left=66.210000 Right=-9.821000
DEBUG:root:ScaledLeft: 523.972500 ScaledRight: 352.902750
INFO:root:Looping....
DEBUG:root:This is the line: drive:-76.031:-9.821

DEBUG:root:We got command: drive
DEBUG:root:We got a drive command
DEBUG:root:Left=66.210000 Right=-9.821000
DEBUG:root:ScaledLeft: 523.972500 ScaledRight: 352.902750
INFO:root:Looping....
DEBUG:root:This is the line: drive:-76.031:-9.821

DEBUG:root:We got command: drive
DEBUG:root:We got a drive command
DEBUG:root:Left=66.210000 Right=-9.821000
DEBUG:root:ScaledLeft: 523.972500 ScaledRight: 352.902750
INFO:root:Looping....
DEBUG:root:This is the line: drive:-76.031:-9.821

DEBUG:root:We got command: drive
DEBUG:root:We got a drive command
DEBUG:root:Left=66.210000 Right=-9.821000
DEBUG:root:ScaledLeft: 523.972500 ScaledRight: 352.902750
INFO:root:Looping....
DEBUG:root:This is the line: drive:-76.031:-9.821

DEBUG:root:We got command: drive
DEBUG:root:We got a drive command
DEBUG:root:Left=66.210000 Right=-9.821000
DEBUG:root:ScaledLeft: 523.972500 ScaledRight: 352.902750
INFO:root:Looping....
DEBUG:root:This is the line: drive:-76.031:-9.821

DEBUG:root:We got command: drive
DEBUG:root:We got a drive command
DEBUG:root:Left=66.210000 Right=-9.821000
DEBUG:root:ScaledLeft: 523.972500 ScaledRight: 352.902750
INFO:root:Looping....
DEBUG:root:This is the line: drive:-76.031:-9.821

DEBUG:root:We got command: drive
DEBUG:root:We got a drive command
DEBUG:root:Left=66.210000 Right=-9.821000
DEBUG:root:ScaledLeft: 523.972500 ScaledRight: 352.902750
INFO:root:Looping....
DEBUG:root:This is the line: drive:-76.031:-9.821

DEBUG:root:We got command: drive
DEBUG:root:We got a drive command
DEBUG:root:Left=66.210000 Right=-9.821000
DEBUG:root:ScaledLeft: 523.972500 ScaledRight: 352.902750
INFO:root:Looping....
DEBUG:root:This is the line: drive:-76.288:-9.821

DEBUG:root:We got command: drive
DEBUG:root:We got a drive command
DEBUG:root:Left=66.467000 Right=-9.821000
DEBUG:root:ScaledLeft: 524.550750 ScaledRight: 352.902750
INFO:root:Looping....
DEBUG:root:This is the line: drive:-77.714:-7.868

DEBUG:root:We got command: drive
DEBUG:root:We got a drive command
DEBUG:root:Left=69.846000 Right=-7.868000
DEBUG:root:ScaledLeft: 532.153500 ScaledRight: 357.297000
INFO:root:Looping....
DEBUG:root:This is the line: drive:-78.571:-4.911

DEBUG:root:We got command: drive
DEBUG:root:We got a drive command
DEBUG:root:Left=73.660000 Right=-4.911000
DEBUG:root:ScaledLeft: 540.735000 ScaledRight: 363.950250
INFO:root:Looping....
DEBUG:root:This is the line: drive:-81.112:-4.464

DEBUG:root:We got command: drive
DEBUG:root:We got a drive command
DEBUG:root:Left=76.648000 Right=-4.464000
DEBUG:root:ScaledLeft: 547.458000 ScaledRight: 364.956000
INFO:root:Looping....
DEBUG:root:This is the line: drive:-83.514:-4.464

DEBUG:root:We got command: drive
DEBUG:root:We got a drive command
DEBUG:root:Left=79.050000 Right=-4.464000
DEBUG:root:ScaledLeft: 552.862500 ScaledRight: 364.956000
INFO:root:Looping....
DEBUG:root:This is the line: drive:-84.598:-4.167

DEBUG:root:We got command: drive
DEBUG:root:We got a drive command
DEBUG:root:Left=80.431000 Right=-4.167000
DEBUG:root:ScaledLeft: 555.969750 ScaledRight: 365.624250
INFO:root:Looping....
DEBUG:root:This is the line: drive:-85.12:-4.167

DEBUG:root:We got command: drive
DEBUG:root:We got a drive command
DEBUG:root:Left=80.953000 Right=-4.167000
DEBUG:root:ScaledLeft: 557.144250 ScaledRight: 365.624250
INFO:root:Looping....
DEBUG:root:This is the line: drive:-85.453:-4.167

DEBUG:root:We got command: drive
DEBUG:root:We got a drive command
DEBUG:root:Left=81.286000 Right=-4.167000
DEBUG:root:ScaledLeft: 557.893500 ScaledRight: 365.624250
INFO:root:Looping....
DEBUG:root:This is the line: drive:-85.738:-4.167

DEBUG:root:We got command: drive
DEBUG:root:We got a drive command
DEBUG:root:Left=81.571000 Right=-4.167000
DEBUG:root:ScaledLeft: 558.534750 ScaledRight: 365.624250
INFO:root:Looping....
DEBUG:root:This is the line: drive:-86.012:-4.167

DEBUG:root:We got command: drive
DEBUG:root:We got a drive command
DEBUG:root:Left=81.845000 Right=-4.167000
DEBUG:root:ScaledLeft: 559.151250 ScaledRight: 365.624250
INFO:root:Looping....
DEBUG:root:This is the line: drive:-86.012:-4.167

DEBUG:root:We got command: drive
DEBUG:root:We got a drive command
DEBUG:root:Left=81.845000 Right=-4.167000
DEBUG:root:ScaledLeft: 559.151250 ScaledRight: 365.624250
INFO:root:Looping....
DEBUG:root:This is the line: drive:-86.012:-4.167

DEBUG:root:We got command: drive
DEBUG:root:We got a drive command
DEBUG:root:Left=81.845000 Right=-4.167000
DEBUG:root:ScaledLeft: 559.151250 ScaledRight: 365.624250
INFO:root:Looping....
DEBUG:root:This is the line: drive:-86.012:-4.167

DEBUG:root:We got command: drive
DEBUG:root:We got a drive command
DEBUG:root:Left=81.845000 Right=-4.167000
DEBUG:root:ScaledLeft: 559.151250 ScaledRight: 365.624250
INFO:root:Looping....
DEBUG:root:This is the line: drive:-86.286:-4.167

DEBUG:root:We got command: drive
DEBUG:root:We got a drive command
DEBUG:root:Left=82.119000 Right=-4.167000
DEBUG:root:ScaledLeft: 559.767750 ScaledRight: 365.624250
INFO:root:Looping....
DEBUG:root:This is the line: drive:-86.286:-4.167

DEBUG:root:We got command: drive
DEBUG:root:We got a drive command
DEBUG:root:Left=82.119000 Right=-4.167000
DEBUG:root:ScaledLeft: 559.767750 ScaledRight: 365.624250
INFO:root:Looping....
DEBUG:root:This is the line: drive:-86.286:-4.167

DEBUG:root:We got command: drive
DEBUG:root:We got a drive command
DEBUG:root:Left=82.119000 Right=-4.167000
DEBUG:root:ScaledLeft: 559.767750 ScaledRight: 365.624250
INFO:root:Looping....
DEBUG:root:This is the line: drive:-86.286:-4.167

DEBUG:root:We got command: drive
DEBUG:root:We got a drive command
DEBUG:root:Left=82.119000 Right=-4.167000
DEBUG:root:ScaledLeft: 559.767750 ScaledRight: 365.624250
INFO:root:Looping....
DEBUG:root:This is the line: drive:-86.286:-4.167

DEBUG:root:We got command: drive
DEBUG:root:We got a drive command
DEBUG:root:Left=82.119000 Right=-4.167000
DEBUG:root:ScaledLeft: 559.767750 ScaledRight: 365.624250
INFO:root:Looping....
DEBUG:root:This is the line: drive:-86.575:-4.167

DEBUG:root:We got command: drive
DEBUG:root:We got a drive command
DEBUG:root:Left=82.408000 Right=-4.167000
DEBUG:root:ScaledLeft: 560.418000 ScaledRight: 365.624250
INFO:root:Looping....
DEBUG:root:This is the line: drive:0:0

DEBUG:root:We got command: drive
DEBUG:root:We got a drive command
DEBUG:root:Left=0.000000 Right=0.000000
DEBUG:root:ScaledLeft: 375.000000 ScaledRight: 375.000000
INFO:root:Looping....
INFO:root:Starting Log file.
INFO:root:Looping....
DEBUG:root:This is the line: Beginning test.EMERGENCYSTOP:STOP

DEBUG:root:We got command: Beginning test.EMERGENCYSTOP
INFO:root:We got some other kind of command
INFO:root:Looping....
DEBUG:root:This is the line: EMERGENCYSTOP:STOP

DEBUG:root:We got command: EMERGENCYSTOP
INFO:root:We got the EMERGENCY STOP command.
INFO:root:Looping....
DEBUG:root:This is the line: EMERGENCYSTOP:STOP

DEBUG:root:We got command: EMERGENCYSTOP
INFO:root:We got the EMERGENCY STOP command.
INFO:root:Looping....
DEBUG:root:This is the line: EMERGENCYSTOP:STOP

DEBUG:root:We got command: EMERGENCYSTOP
INFO:root:We got the EMERGENCY STOP command.
INFO:root:Looping....
DEBUG:root:This is the line: EMERGENCYSTOP:STOP

DEBUG:root:We got command: EMERGENCYSTOP
INFO:root:We got the EMERGENCY STOP command.
INFO:root:Looping....
DEBUG:root:This is the line: EMERGENCYSTOP:STOP

DEBUG:root:We got command: EMERGENCYSTOP
INFO:root:We got the EMERGENCY STOP command.
INFO:root:Looping....
DEBUG:root:This is the line: EMERGENCYSTOP:STOP

DEBUG:root:We got command: EMERGENCYSTOP
INFO:root:We got the EMERGENCY STOP command.
INFO:root:Looping....
DEBUG:root:This is the line: EMERGENCYSTOP:STOP

DEBUG:root:We got command: EMERGENCYSTOP
INFO:root:We got the EMERGENCY STOP command.
INFO:root:Looping....
DEBUG:root:This is the line: EMERGENCYSTOP:STOP

DEBUG:root:We got command: EMERGENCYSTOP
INFO:root:We got the EMERGENCY STOP command.
INFO:root:Looping....
DEBUG:root:This is the line: EMERGENCYSTOP:STOP

DEBUG:root:We got command: EMERGENCYSTOP
INFO:root:We got the EMERGENCY STOP command.
INFO:root:Looping....
DEBUG:root:This is the line: drive:-86.867:-4.167

DEBUG:root:We got command: drive
DEBUG:root:We got a drive command: rawX:-4.167000 and rawY:-86.867000
DEBUG:root:Left=82.700000 Right=-4.167000
DEBUG:root:ScaledLeft: 561.075000 ScaledRight: 365.624250
INFO:root:Looping....
DEBUG:root:This is the line: drive:38.571:0.893

DEBUG:root:We got command: drive
DEBUG:root:We got a drive command: rawX:0.893000 and rawY:38.571000
DEBUG:root:Left=0.893000 Right=-37.678000
DEBUG:root:ScaledLeft: 377.009250 ScaledRight: 290.224500
INFO:root:Looping....
DEBUG:root:This is the line: drive:49.642:-2.083

DEBUG:root:We got command: drive
DEBUG:root:We got a drive command: rawX:-2.083000 and rawY:49.642000
DEBUG:root:Left=-51.725000 Right=-2.083000
DEBUG:root:ScaledLeft: 258.618750 ScaledRight: 370.313250
INFO:root:Looping....
DEBUG:root:This is the line: drive:54.558:-2.083

DEBUG:root:We got command: drive
DEBUG:root:We got a drive command: rawX:-2.083000 and rawY:54.558000
DEBUG:root:Left=-56.641000 Right=-2.083000
DEBUG:root:ScaledLeft: 247.557750 ScaledRight: 370.313250
INFO:root:Looping....
DEBUG:root:This is the line: drive:66.714:-0.298

DEBUG:root:We got command: drive
DEBUG:root:We got a drive command: rawX:-0.298000 and rawY:66.714000
DEBUG:root:Left=-67.012000 Right=-0.298000
DEBUG:root:ScaledLeft: 224.223000 ScaledRight: 374.329500
INFO:root:Looping....
DEBUG:root:This is the line: drive:77.637:1.488

DEBUG:root:We got command: drive
DEBUG:root:We got a drive command: rawX:1.488000 and rawY:77.637000
DEBUG:root:Left=1.488000 Right=-76.149000
DEBUG:root:ScaledLeft: 378.348000 ScaledRight: 203.664750
INFO:root:Looping....
DEBUG:root:This is the line: drive:82.688:3.098

DEBUG:root:We got command: drive
DEBUG:root:We got a drive command: rawX:3.098000 and rawY:82.688000
DEBUG:root:Left=3.098000 Right=-79.590000
DEBUG:root:ScaledLeft: 381.970500 ScaledRight: 195.922500
INFO:root:Looping....
DEBUG:root:This is the line: drive:83.143:3.423

DEBUG:root:We got command: drive
DEBUG:root:We got a drive command: rawX:3.423000 and rawY:83.143000
DEBUG:root:Left=3.423000 Right=-79.720000
DEBUG:root:ScaledLeft: 382.701750 ScaledRight: 195.630000
INFO:root:Looping....
DEBUG:root:This is the line: drive:84.875:3.571

DEBUG:root:We got command: drive
DEBUG:root:We got a drive command: rawX:3.571000 and rawY:84.875000
DEBUG:root:Left=3.571000 Right=-81.304000
DEBUG:root:ScaledLeft: 383.034750 ScaledRight: 192.066000
INFO:root:Looping....
DEBUG:root:This is the line: drive:85.541:3.571

DEBUG:root:We got command: drive
DEBUG:root:We got a drive command: rawX:3.571000 and rawY:85.541000
DEBUG:root:Left=3.571000 Right=-81.970000
DEBUG:root:ScaledLeft: 383.034750 ScaledRight: 190.567500
INFO:root:Looping....
DEBUG:root:This is the line: drive:87.771:3.869

DEBUG:root:We got command: drive
DEBUG:root:We got a drive command: rawX:3.869000 and rawY:87.771000
DEBUG:root:Left=3.869000 Right=-83.902000
DEBUG:root:ScaledLeft: 383.705250 ScaledRight: 186.220500
INFO:root:Looping....
DEBUG:root:This is the line: drive:88.0:4.19

DEBUG:root:We got command: drive
DEBUG:root:We got a drive command: rawX:4.190000 and rawY:88.000000
DEBUG:root:Left=4.190000 Right=-83.810000
DEBUG:root:ScaledLeft: 384.427500 ScaledRight: 186.427500
INFO:root:Looping....
DEBUG:root:This is the line: drive:88.293:4.167

DEBUG:root:We got command: drive
DEBUG:root:We got a drive command: rawX:4.167000 and rawY:88.293000
DEBUG:root:Left=4.167000 Right=-84.126000
DEBUG:root:ScaledLeft: 384.375750 ScaledRight: 185.716500
INFO:root:Looping....
DEBUG:root:This is the line: drive:82.96:3.571

DEBUG:root:We got command: drive
DEBUG:root:We got a drive command: rawX:3.571000 and rawY:82.960000
DEBUG:root:Left=3.571000 Right=-79.389000
DEBUG:root:ScaledLeft: 383.034750 ScaledRight: 196.374750
INFO:root:Looping....
DEBUG:root:This is the line: drive:80.813:3.571

DEBUG:root:We got command: drive
DEBUG:root:We got a drive command: rawX:3.571000 and rawY:80.813000
DEBUG:root:Left=3.571000 Right=-77.242000
DEBUG:root:ScaledLeft: 383.034750 ScaledRight: 201.205500
INFO:root:Looping....
DEBUG:root:This is the line: drive:80.813:3.571

DEBUG:root:We got command: drive
DEBUG:root:We got a drive command: rawX:3.571000 and rawY:80.813000
DEBUG:root:Left=3.571000 Right=-77.242000
DEBUG:root:ScaledLeft: 383.034750 ScaledRight: 201.205500
INFO:root:Looping....
DEBUG:root:This is the line: drive:80.813:3.571

DEBUG:root:We got command: drive
DEBUG:root:We got a drive command: rawX:3.571000 and rawY:80.813000
DEBUG:root:Left=3.571000 Right=-77.242000
DEBUG:root:ScaledLeft: 383.034750 ScaledRight: 201.205500
INFO:root:Looping....
DEBUG:root:This is the line: drive:80.813:3.571

DEBUG:root:We got command: drive
DEBUG:root:We got a drive command: rawX:3.571000 and rawY:80.813000
DEBUG:root:Left=3.571000 Right=-77.242000
DEBUG:root:ScaledLeft: 383.034750 ScaledRight: 201.205500
INFO:root:Looping....
DEBUG:root:This is the line: drive:80.813:3.571

DEBUG:root:We got command: drive
DEBUG:root:We got a drive command: rawX:3.571000 and rawY:80.813000
DEBUG:root:Left=3.571000 Right=-77.242000
DEBUG:root:ScaledLeft: 383.034750 ScaledRight: 201.205500
INFO:root:Looping....
DEBUG:root:This is the line: drive:80.813:3.571

DEBUG:root:We got command: drive
DEBUG:root:We got a drive command: rawX:3.571000 and rawY:80.813000
DEBUG:root:Left=3.571000 Right=-77.242000
DEBUG:root:ScaledLeft: 383.034750 ScaledRight: 201.205500
INFO:root:Looping....
DEBUG:root:This is the line: drive:80.813:3.571

DEBUG:root:We got command: drive
DEBUG:root:We got a drive command: rawX:3.571000 and rawY:80.813000
DEBUG:root:Left=3.571000 Right=-77.242000
DEBUG:root:ScaledLeft: 383.034750 ScaledRight: 201.205500
INFO:root:Looping....
DEBUG:root:This is the line: drive:78.286:-16.064

DEBUG:root:We got command: drive
DEBUG:root:We got a drive command: rawX:-16.064000 and rawY:78.286000
DEBUG:root:Left=-94.350000 Right=-16.064000
DEBUG:root:ScaledLeft: 162.712500 ScaledRight: 338.856000
INFO:root:Looping....
DEBUG:root:This is the line: drive:78.857:-27.268

DEBUG:root:We got command: drive
DEBUG:root:We got a drive command: rawX:-27.268000 and rawY:78.857000
DEBUG:root:Left=-106.125000 Right=-27.268000
DEBUG:root:ScaledLeft: 136.218750 ScaledRight: 313.647000
INFO:root:Looping....
DEBUG:root:This is the line: drive:79.714:-35.044

DEBUG:root:We got command: drive
DEBUG:root:We got a drive command: rawX:-35.044000 and rawY:79.714000
DEBUG:root:Left=-114.758000 Right=-35.044000
DEBUG:root:ScaledLeft: 116.794500 ScaledRight: 296.151000
INFO:root:Looping....
DEBUG:root:This is the line: drive:79.714:-46.577

DEBUG:root:We got command: drive
DEBUG:root:We got a drive command: rawX:-46.577000 and rawY:79.714000
DEBUG:root:Left=-126.291000 Right=-46.577000
DEBUG:root:ScaledLeft: 90.845250 ScaledRight: 270.201750
INFO:root:Looping....
DEBUG:root:This is the line: drive:79.714:-57.046

DEBUG:root:We got command: drive
DEBUG:root:We got a drive command: rawX:-57.046000 and rawY:79.714000
DEBUG:root:Left=-136.760000 Right=-57.046000
DEBUG:root:ScaledLeft: 67.290000 ScaledRight: 246.646500
INFO:root:Looping....
DEBUG:root:This is the line: drive:79.714:-70.387

DEBUG:root:We got command: drive
DEBUG:root:We got a drive command: rawX:-70.387000 and rawY:79.714000
DEBUG:root:Left=-150.101000 Right=-70.387000
DEBUG:root:ScaledLeft: 37.272750 ScaledRight: 216.629250
INFO:root:Looping....
DEBUG:root:This is the line: drive:82.1:-60.998

DEBUG:root:We got command: drive
DEBUG:root:We got a drive command: rawX:-60.998000 and rawY:82.100000
DEBUG:root:Left=-143.098000 Right=-60.998000
DEBUG:root:ScaledLeft: 53.029500 ScaledRight: 237.754500
INFO:root:Looping....
DEBUG:root:This is the line: drive:82.0:-2.893

DEBUG:root:We got command: drive
DEBUG:root:We got a drive command: rawX:-2.893000 and rawY:82.000000
DEBUG:root:Left=-84.893000 Right=-2.893000
DEBUG:root:ScaledLeft: 183.990750 ScaledRight: 368.490750
INFO:root:Looping....
DEBUG:root:This is the line: drive:82.0:-0.149

DEBUG:root:We got command: drive
DEBUG:root:We got a drive command: rawX:-0.149000 and rawY:82.000000
DEBUG:root:Left=-82.149000 Right=-0.149000
DEBUG:root:ScaledLeft: 190.164750 ScaledRight: 374.664750
INFO:root:Looping....
DEBUG:root:This is the line: drive:82.0:1.014

DEBUG:root:We got command: drive
DEBUG:root:We got a drive command: rawX:1.014000 and rawY:82.000000
DEBUG:root:Left=1.014000 Right=-80.986000
DEBUG:root:ScaledLeft: 377.281500 ScaledRight: 192.781500
INFO:root:Looping....
DEBUG:root:This is the line: drive:81.714:3.52

DEBUG:root:We got command: drive
DEBUG:root:We got a drive command: rawX:3.520000 and rawY:81.714000
DEBUG:root:Left=3.520000 Right=-78.194000
DEBUG:root:ScaledLeft: 382.920000 ScaledRight: 199.063500
INFO:root:Looping....
DEBUG:root:This is the line: drive:81.714:3.878

DEBUG:root:We got command: drive
DEBUG:root:We got a drive command: rawX:3.878000 and rawY:81.714000
DEBUG:root:Left=3.878000 Right=-77.836000
DEBUG:root:ScaledLeft: 383.725500 ScaledRight: 199.869000
INFO:root:Looping....
DEBUG:root:This is the line: drive:81.714:3.878

DEBUG:root:We got command: drive
DEBUG:root:We got a drive command: rawX:3.878000 and rawY:81.714000
DEBUG:root:Left=3.878000 Right=-77.836000
DEBUG:root:ScaledLeft: 383.725500 ScaledRight: 199.869000
INFO:root:Looping....
DEBUG:root:This is the line: drive:81.714:3.878

DEBUG:root:We got command: drive
DEBUG:root:We got a drive command: rawX:3.878000 and rawY:81.714000
DEBUG:root:Left=3.878000 Right=-77.836000
DEBUG:root:ScaledLeft: 383.725500 ScaledRight: 199.869000
INFO:root:Looping....
DEBUG:root:This is the line: drive:82.002:3.869

DEBUG:root:We got command: drive
DEBUG:root:We got a drive command: rawX:3.869000 and rawY:82.002000
DEBUG:root:Left=3.869000 Right=-78.133000
DEBUG:root:ScaledLeft: 383.705250 ScaledRight: 199.200750
INFO:root:Looping....
DEBUG:root:This is the line: drive:84.641:3.869

DEBUG:root:We got command: drive
DEBUG:root:We got a drive command: rawX:3.869000 and rawY:84.641000
DEBUG:root:Left=3.869000 Right=-80.772000
DEBUG:root:ScaledLeft: 383.705250 ScaledRight: 193.263000
INFO:root:Looping....
DEBUG:root:This is the line: drive:0:0

DEBUG:root:We got command: drive
DEBUG:root:We got a drive command: rawX:0.000000 and rawY:0.000000
DEBUG:root:Left=0.000000 Right=0.000000
DEBUG:root:ScaledLeft: 375.000000 ScaledRight: 375.000000
INFO:root:Looping....
DEBUG:root:This is the line: drive:83.714:5.952

DEBUG:root:We got command: drive
DEBUG:root:We got a drive command: rawX:5.952000 and rawY:83.714000
DEBUG:root:Left=5.952000 Right=-77.762000
DEBUG:root:ScaledLeft: 388.392000 ScaledRight: 200.035500
INFO:root:Looping....
DEBUG:root:This is the line: drive:41.284:15.774

DEBUG:root:We got command: drive
DEBUG:root:We got a drive command: rawX:15.774000 and rawY:41.284000
DEBUG:root:Left=15.774000 Right=-25.510000
DEBUG:root:ScaledLeft: 410.491500 ScaledRight: 317.602500
INFO:root:Looping....
DEBUG:root:This is the line: drive:41.284:15.774

DEBUG:root:We got command: drive
DEBUG:root:We got a drive command: rawX:15.774000 and rawY:41.284000
DEBUG:root:Left=15.774000 Right=-25.510000
DEBUG:root:ScaledLeft: 410.491500 ScaledRight: 317.602500
INFO:root:Looping....
DEBUG:root:This is the line: drive:72.429:13.988

DEBUG:root:We got command: drive
DEBUG:root:We got a drive command: rawX:13.988000 and rawY:72.429000
DEBUG:root:Left=13.988000 Right=-58.441000
DEBUG:root:ScaledLeft: 406.473000 ScaledRight: 243.507750
INFO:root:Looping....
DEBUG:root:This is the line: drive:77.202:13.988

DEBUG:root:We got command: drive
DEBUG:root:We got a drive command: rawX:13.988000 and rawY:77.202000
DEBUG:root:Left=13.988000 Right=-63.214000
DEBUG:root:ScaledLeft: 406.473000 ScaledRight: 232.768500
INFO:root:Looping....
DEBUG:root:This is the line: drive:81.208:12.798

DEBUG:root:We got command: drive
DEBUG:root:We got a drive command: rawX:12.798000 and rawY:81.208000
DEBUG:root:Left=12.798000 Right=-68.410000
DEBUG:root:ScaledLeft: 403.795500 ScaledRight: 221.077500
INFO:root:Looping....
DEBUG:root:This is the line: drive:81.731:12.798

DEBUG:root:We got command: drive
DEBUG:root:We got a drive command: rawX:12.798000 and rawY:81.731000
DEBUG:root:Left=12.798000 Right=-68.933000
DEBUG:root:ScaledLeft: 403.795500 ScaledRight: 219.900750
INFO:root:Looping....
DEBUG:root:This is the line: drive:82.299:12.5

DEBUG:root:We got command: drive
DEBUG:root:We got a drive command: rawX:12.500000 and rawY:82.299000
DEBUG:root:Left=12.500000 Right=-69.799000
DEBUG:root:ScaledLeft: 403.125000 ScaledRight: 217.952250
INFO:root:Looping....
DEBUG:root:This is the line: drive:82.589:12.5

DEBUG:root:We got command: drive
DEBUG:root:We got a drive command: rawX:12.500000 and rawY:82.589000
DEBUG:root:Left=12.500000 Right=-70.089000
DEBUG:root:ScaledLeft: 403.125000 ScaledRight: 217.299750
INFO:root:Looping....
DEBUG:root:This is the line: drive:82.589:12.5

DEBUG:root:We got command: drive
DEBUG:root:We got a drive command: rawX:12.500000 and rawY:82.589000
DEBUG:root:Left=12.500000 Right=-70.089000
DEBUG:root:ScaledLeft: 403.125000 ScaledRight: 217.299750
INFO:root:Looping....
DEBUG:root:This is the line: drive:82.589:12.5

DEBUG:root:We got command: drive
DEBUG:root:We got a drive command: rawX:12.500000 and rawY:82.589000
DEBUG:root:Left=12.500000 Right=-70.089000
DEBUG:root:ScaledLeft: 403.125000 ScaledRight: 217.299750
INFO:root:Looping....
DEBUG:root:This is the line: drive:82.589:12.5

DEBUG:root:We got command: drive
DEBUG:root:We got a drive command: rawX:12.500000 and rawY:82.589000
DEBUG:root:Left=12.500000 Right=-70.089000
DEBUG:root:ScaledLeft: 403.125000 ScaledRight: 217.299750
INFO:root:Looping....
DEBUG:root:This is the line: drive:82.857:12.5

DEBUG:root:We got command: drive
DEBUG:root:We got a drive command: rawX:12.500000 and rawY:82.857000
DEBUG:root:Left=12.500000 Right=-70.357000
DEBUG:root:ScaledLeft: 403.125000 ScaledRight: 216.696750
INFO:root:Looping....
DEBUG:root:This is the line: drive:82.857:12.5

DEBUG:root:We got command: drive
DEBUG:root:We got a drive command: rawX:12.500000 and rawY:82.857000
DEBUG:root:Left=12.500000 Right=-70.357000
DEBUG:root:ScaledLeft: 403.125000 ScaledRight: 216.696750
INFO:root:Looping....
DEBUG:root:This is the line: drive:82.857:12.5

DEBUG:root:We got command: drive
DEBUG:root:We got a drive command: rawX:12.500000 and rawY:82.857000
DEBUG:root:Left=12.500000 Right=-70.357000
DEBUG:root:ScaledLeft: 403.125000 ScaledRight: 216.696750
INFO:root:Looping....
DEBUG:root:This is the line: drive:82.857:12.5

DEBUG:root:We got command: drive
DEBUG:root:We got a drive command: rawX:12.500000 and rawY:82.857000
DEBUG:root:Left=12.500000 Right=-70.357000
DEBUG:root:ScaledLeft: 403.125000 ScaledRight: 216.696750
INFO:root:Looping....
DEBUG:root:This is the line: drive:82.857:12.5

DEBUG:root:We got command: drive
DEBUG:root:We got a drive command: rawX:12.500000 and rawY:82.857000
DEBUG:root:Left=12.500000 Right=-70.357000
DEBUG:root:ScaledLeft: 403.125000 ScaledRight: 216.696750
INFO:root:Looping....
DEBUG:root:This is the line: drive:82.857:12.5

DEBUG:root:We got command: drive
DEBUG:root:We got a drive command: rawX:12.500000 and rawY:82.857000
DEBUG:root:Left=12.500000 Right=-70.357000
DEBUG:root:ScaledLeft: 403.125000 ScaledRight: 216.696750
INFO:root:Looping....
DEBUG:root:This is the line: drive:82.857:12.5

DEBUG:root:We got command: drive
DEBUG:root:We got a drive command: rawX:12.500000 and rawY:82.857000
DEBUG:root:Left=12.500000 Right=-70.357000
DEBUG:root:ScaledLeft: 403.125000 ScaledRight: 216.696750
INFO:root:Looping....
DEBUG:root:This is the line: drive:81.469:11.31

DEBUG:root:We got command: drive
DEBUG:root:We got a drive command: rawX:11.310000 and rawY:81.469000
DEBUG:root:Left=11.310000 Right=-70.159000
DEBUG:root:ScaledLeft: 400.447500 ScaledRight: 217.142250
INFO:root:Looping....
DEBUG:root:This is the line: drive:78.787:10.417

DEBUG:root:We got command: drive
DEBUG:root:We got a drive command: rawX:10.417000 and rawY:78.787000
DEBUG:root:Left=10.417000 Right=-68.370000
DEBUG:root:ScaledLeft: 398.438250 ScaledRight: 221.167500
INFO:root:Looping....
DEBUG:root:This is the line: drive:75.143:9.246

DEBUG:root:We got command: drive
DEBUG:root:We got a drive command: rawX:9.246000 and rawY:75.143000
DEBUG:root:Left=9.246000 Right=-65.897000
DEBUG:root:ScaledLeft: 395.803500 ScaledRight: 226.731750
INFO:root:Looping....
DEBUG:root:This is the line: drive:71.647:8.929

DEBUG:root:We got command: drive
DEBUG:root:We got a drive command: rawX:8.929000 and rawY:71.647000
DEBUG:root:Left=8.929000 Right=-62.718000
DEBUG:root:ScaledLeft: 395.090250 ScaledRight: 233.884500
INFO:root:Looping....
DEBUG:root:This is the line: drive:70.53:8.333

DEBUG:root:We got command: drive
DEBUG:root:We got a drive command: rawX:8.333000 and rawY:70.530000
DEBUG:root:Left=8.333000 Right=-62.197000
DEBUG:root:ScaledLeft: 393.749250 ScaledRight: 235.056750
INFO:root:Looping....
DEBUG:root:This is the line: drive:70.53:8.333

DEBUG:root:We got command: drive
DEBUG:root:We got a drive command: rawX:8.333000 and rawY:70.530000
DEBUG:root:Left=8.333000 Right=-62.197000
DEBUG:root:ScaledLeft: 393.749250 ScaledRight: 235.056750
INFO:root:Looping....
DEBUG:root:This is the line: drive:74.945:8.333

DEBUG:root:We got command: drive
DEBUG:root:We got a drive command: rawX:8.333000 and rawY:74.945000
DEBUG:root:Left=8.333000 Right=-66.612000
DEBUG:root:ScaledLeft: 393.749250 ScaledRight: 225.123000
INFO:root:Looping....
DEBUG:root:This is the line: drive:77.429:13.156

DEBUG:root:We got command: drive
DEBUG:root:We got a drive command: rawX:13.156000 and rawY:77.429000
DEBUG:root:Left=13.156000 Right=-64.273000
DEBUG:root:ScaledLeft: 404.601000 ScaledRight: 230.385750
INFO:root:Looping....
DEBUG:root:This is the line: drive:77.714:14.34

DEBUG:root:We got command: drive
DEBUG:root:We got a drive command: rawX:14.340000 and rawY:77.714000
DEBUG:root:Left=14.340000 Right=-63.374000
DEBUG:root:ScaledLeft: 407.265000 ScaledRight: 232.408500
INFO:root:Looping....
DEBUG:root:This is the line: drive:77.714:15.199

DEBUG:root:We got command: drive
DEBUG:root:We got a drive command: rawX:15.199000 and rawY:77.714000
DEBUG:root:Left=15.199000 Right=-62.515000
DEBUG:root:ScaledLeft: 409.197750 ScaledRight: 234.341250
INFO:root:Looping....
DEBUG:root:This is the line: drive:77.714:16.99

DEBUG:root:We got command: drive
DEBUG:root:We got a drive command: rawX:16.990000 and rawY:77.714000
DEBUG:root:Left=16.990000 Right=-60.724000
DEBUG:root:ScaledLeft: 413.227500 ScaledRight: 238.371000
INFO:root:Looping....
DEBUG:root:This is the line: drive:78.286:15.737

DEBUG:root:We got command: drive
DEBUG:root:We got a drive command: rawX:15.737000 and rawY:78.286000
DEBUG:root:Left=15.737000 Right=-62.549000
DEBUG:root:ScaledLeft: 410.408250 ScaledRight: 234.264750
INFO:root:Looping....
DEBUG:root:This is the line: drive:78.286:5.284

DEBUG:root:We got command: drive
DEBUG:root:We got a drive command: rawX:5.284000 and rawY:78.286000
DEBUG:root:Left=5.284000 Right=-73.002000
DEBUG:root:ScaledLeft: 386.889000 ScaledRight: 210.745500
INFO:root:Looping....
DEBUG:root:This is the line: drive:78.286:4.734

DEBUG:root:We got command: drive
DEBUG:root:We got a drive command: rawX:4.734000 and rawY:78.286000
DEBUG:root:Left=4.734000 Right=-73.552000
DEBUG:root:ScaledLeft: 385.651500 ScaledRight: 209.508000
INFO:root:Looping....
DEBUG:root:This is the line: drive:78.857:4.124

DEBUG:root:We got command: drive
DEBUG:root:We got a drive command: rawX:4.124000 and rawY:78.857000
DEBUG:root:Left=4.124000 Right=-74.733000
DEBUG:root:ScaledLeft: 384.279000 ScaledRight: 206.850750
INFO:root:Looping....
DEBUG:root:This is the line: drive:79.213:3.274

DEBUG:root:We got command: drive
DEBUG:root:We got a drive command: rawX:3.274000 and rawY:79.213000
DEBUG:root:Left=3.274000 Right=-75.939000
DEBUG:root:ScaledLeft: 382.366500 ScaledRight: 204.137250
INFO:root:Looping....
DEBUG:root:This is the line: drive:79.143:2.663

DEBUG:root:We got command: drive
DEBUG:root:We got a drive command: rawX:2.663000 and rawY:79.143000
DEBUG:root:Left=2.663000 Right=-76.480000
DEBUG:root:ScaledLeft: 380.991750 ScaledRight: 202.920000
INFO:root:Looping....
DEBUG:root:This is the line: drive:79.143:2.373

DEBUG:root:We got command: drive
DEBUG:root:We got a drive command: rawX:2.373000 and rawY:79.143000
DEBUG:root:Left=2.373000 Right=-76.770000
DEBUG:root:ScaledLeft: 380.339250 ScaledRight: 202.267500
INFO:root:Looping....
DEBUG:root:This is the line: drive:79.75:1.786

DEBUG:root:We got command: drive
DEBUG:root:We got a drive command: rawX:1.786000 and rawY:79.750000
DEBUG:root:Left=1.786000 Right=-77.964000
DEBUG:root:ScaledLeft: 379.018500 ScaledRight: 199.581000
INFO:root:Looping....
DEBUG:root:This is the line: drive:82.006:1.786

DEBUG:root:We got command: drive
DEBUG:root:We got a drive command: rawX:1.786000 and rawY:82.006000
DEBUG:root:Left=1.786000 Right=-80.220000
DEBUG:root:ScaledLeft: 379.018500 ScaledRight: 194.505000
INFO:root:Looping....
DEBUG:root:This is the line: drive:83.74:1.786

DEBUG:root:We got command: drive
DEBUG:root:We got a drive command: rawX:1.786000 and rawY:83.740000
DEBUG:root:Left=1.786000 Right=-81.954000
DEBUG:root:ScaledLeft: 379.018500 ScaledRight: 190.603500
INFO:root:Looping....
DEBUG:root:This is the line: drive:84.303:1.786

DEBUG:root:We got command: drive
DEBUG:root:We got a drive command: rawX:1.786000 and rawY:84.303000
DEBUG:root:Left=1.786000 Right=-82.517000
DEBUG:root:ScaledLeft: 379.018500 ScaledRight: 189.336750
INFO:root:Looping....
DEBUG:root:This is the line: drive:85.429:1.786

DEBUG:root:We got command: drive
DEBUG:root:We got a drive command: rawX:1.786000 and rawY:85.429000
DEBUG:root:Left=1.786000 Right=-83.643000
DEBUG:root:ScaledLeft: 379.018500 ScaledRight: 186.803250
INFO:root:Looping....
DEBUG:root:This is the line: drive:85.429:1.786

DEBUG:root:We got command: drive
DEBUG:root:We got a drive command: rawX:1.786000 and rawY:85.429000
DEBUG:root:Left=1.786000 Right=-83.643000
DEBUG:root:ScaledLeft: 379.018500 ScaledRight: 186.803250
INFO:root:Looping....
DEBUG:root:This is the line: drive:86.016:1.786

DEBUG:root:We got command: drive
DEBUG:root:We got a drive command: rawX:1.786000 and rawY:86.016000
DEBUG:root:Left=1.786000 Right=-84.230000
DEBUG:root:ScaledLeft: 379.018500 ScaledRight: 185.482500
INFO:root:Looping....
DEBUG:root:This is the line: drive:86.586:1.786

DEBUG:root:We got command: drive
DEBUG:root:We got a drive command: rawX:1.786000 and rawY:86.586000
DEBUG:root:Left=1.786000 Right=-84.800000
DEBUG:root:ScaledLeft: 379.018500 ScaledRight: 184.200000
INFO:root:Looping....
DEBUG:root:This is the line: drive:88.016:1.786

DEBUG:root:We got command: drive
DEBUG:root:We got a drive command: rawX:1.786000 and rawY:88.016000
DEBUG:root:Left=1.786000 Right=-86.230000
DEBUG:root:ScaledLeft: 379.018500 ScaledRight: 180.982500
INFO:root:Looping....
DEBUG:root:This is the line: drive:88.291:1.786

DEBUG:root:We got command: drive
DEBUG:root:We got a drive command: rawX:1.786000 and rawY:88.291000
DEBUG:root:Left=1.786000 Right=-86.505000
DEBUG:root:ScaledLeft: 379.018500 ScaledRight: 180.363750
INFO:root:Looping....
DEBUG:root:This is the line: drive:88.291:1.786

DEBUG:root:We got command: drive
DEBUG:root:We got a drive command: rawX:1.786000 and rawY:88.291000
DEBUG:root:Left=1.786000 Right=-86.505000
DEBUG:root:ScaledLeft: 379.018500 ScaledRight: 180.363750
INFO:root:Looping....
DEBUG:root:This is the line: drive:88.574:1.786

DEBUG:root:We got command: drive
DEBUG:root:We got a drive command: rawX:1.786000 and rawY:88.574000
DEBUG:root:Left=1.786000 Right=-86.788000
DEBUG:root:ScaledLeft: 379.018500 ScaledRight: 179.727000
INFO:root:Looping....
DEBUG:root:This is the line: drive:91.77:1.786

DEBUG:root:We got command: drive
DEBUG:root:We got a drive command: rawX:1.786000 and rawY:91.770000
DEBUG:root:Left=1.786000 Right=-89.984000
DEBUG:root:ScaledLeft: 379.018500 ScaledRight: 172.536000
INFO:root:Looping....
DEBUG:root:This is the line: drive:94.314:1.786

DEBUG:root:We got command: drive
DEBUG:root:We got a drive command: rawX:1.786000 and rawY:94.314000
DEBUG:root:Left=1.786000 Right=-92.528000
DEBUG:root:ScaledLeft: 379.018500 ScaledRight: 166.812000
INFO:root:Looping....
DEBUG:root:This is the line: drive:95.485:1.786

DEBUG:root:We got command: drive
DEBUG:root:We got a drive command: rawX:1.786000 and rawY:95.485000
DEBUG:root:Left=1.786000 Right=-93.699000
DEBUG:root:ScaledLeft: 379.018500 ScaledRight: 164.177250
INFO:root:Looping....
DEBUG:root:This is the line: drive:96.542:1.786

DEBUG:root:We got command: drive
DEBUG:root:We got a drive command: rawX:1.786000 and rawY:96.542000
DEBUG:root:Left=1.786000 Right=-94.756000
DEBUG:root:ScaledLeft: 379.018500 ScaledRight: 161.799000
INFO:root:Looping....
DEBUG:root:This is the line: drive:97.16:1.786

DEBUG:root:We got command: drive
DEBUG:root:We got a drive command: rawX:1.786000 and rawY:97.160000
DEBUG:root:Left=1.786000 Right=-95.374000
DEBUG:root:ScaledLeft: 379.018500 ScaledRight: 160.408500
INFO:root:Looping....
DEBUG:root:This is the line: drive:97.721:1.786

DEBUG:root:We got command: drive
DEBUG:root:We got a drive command: rawX:1.786000 and rawY:97.721000
DEBUG:root:Left=1.786000 Right=-95.935000
DEBUG:root:ScaledLeft: 379.018500 ScaledRight: 159.146250
INFO:root:Looping....
DEBUG:root:This is the line: drive:97.721:1.786

DEBUG:root:We got command: drive
DEBUG:root:We got a drive command: rawX:1.786000 and rawY:97.721000
DEBUG:root:Left=1.786000 Right=-95.935000
DEBUG:root:ScaledLeft: 379.018500 ScaledRight: 159.146250
INFO:root:Looping....
DEBUG:root:This is the line: drive:97.721:1.786

DEBUG:root:We got command: drive
DEBUG:root:We got a drive command: rawX:1.786000 and rawY:97.721000
DEBUG:root:Left=1.786000 Right=-95.935000
DEBUG:root:ScaledLeft: 379.018500 ScaledRight: 159.146250
INFO:root:Looping....
DEBUG:root:This is the line: drive:97.721:1.786

DEBUG:root:We got command: drive
DEBUG:root:We got a drive command: rawX:1.786000 and rawY:97.721000
DEBUG:root:Left=1.786000 Right=-95.935000
DEBUG:root:ScaledLeft: 379.018500 ScaledRight: 159.146250
INFO:root:Looping....
DEBUG:root:This is the line: drive:97.721:1.786

DEBUG:root:We got command: drive
DEBUG:root:We got a drive command: rawX:1.786000 and rawY:97.721000
DEBUG:root:Left=1.786000 Right=-95.935000
DEBUG:root:ScaledLeft: 379.018500 ScaledRight: 159.146250
INFO:root:Looping....
DEBUG:root:This is the line: drive:97.721:1.786

DEBUG:root:We got command: drive
DEBUG:root:We got a drive command: rawX:1.786000 and rawY:97.721000
DEBUG:root:Left=1.786000 Right=-95.935000
DEBUG:root:ScaledLeft: 379.018500 ScaledRight: 159.146250
INFO:root:Looping....
DEBUG:root:This is the line: drive:97.721:1.786

DEBUG:root:We got command: drive
DEBUG:root:We got a drive command: rawX:1.786000 and rawY:97.721000
DEBUG:root:Left=1.786000 Right=-95.935000
DEBUG:root:ScaledLeft: 379.018500 ScaledRight: 159.146250
INFO:root:Looping....
DEBUG:root:This is the line: drive:97.721:1.786

DEBUG:root:We got command: drive
DEBUG:root:We got a drive command: rawX:1.786000 and rawY:97.721000
DEBUG:root:Left=1.786000 Right=-95.935000
DEBUG:root:ScaledLeft: 379.018500 ScaledRight: 159.146250
INFO:root:Looping....
DEBUG:root:This is the line: drive:97.721:1.786

DEBUG:root:We got command: drive
DEBUG:root:We got a drive command: rawX:1.786000 and rawY:97.721000
DEBUG:root:Left=1.786000 Right=-95.935000
DEBUG:root:ScaledLeft: 379.018500 ScaledRight: 159.146250
INFO:root:Looping....
DEBUG:root:This is the line: drive:97.721:1.786

DEBUG:root:We got command: drive
DEBUG:root:We got a drive command: rawX:1.786000 and rawY:97.721000
DEBUG:root:Left=1.786000 Right=-95.935000
DEBUG:root:ScaledLeft: 379.018500 ScaledRight: 159.146250
INFO:root:Looping....
DEBUG:root:This is the line: drive:97.721:1.786

DEBUG:root:We got command: drive
DEBUG:root:We got a drive command: rawX:1.786000 and rawY:97.721000
DEBUG:root:Left=1.786000 Right=-95.935000
DEBUG:root:ScaledLeft: 379.018500 ScaledRight: 159.146250
INFO:root:Looping....
DEBUG:root:This is the line: drive:98.0:1.786

DEBUG:root:We got command: drive
DEBUG:root:We got a drive command: rawX:1.786000 and rawY:98.000000
DEBUG:root:Left=1.786000 Right=-96.214000
DEBUG:root:ScaledLeft: 379.018500 ScaledRight: 158.518500
INFO:root:Looping....
DEBUG:root:This is the line: drive:98.0:1.786

DEBUG:root:We got command: drive
DEBUG:root:We got a drive command: rawX:1.786000 and rawY:98.000000
DEBUG:root:Left=1.786000 Right=-96.214000
DEBUG:root:ScaledLeft: 379.018500 ScaledRight: 158.518500
INFO:root:Looping....
DEBUG:root:This is the line: drive:98.0:1.786

DEBUG:root:We got command: drive
DEBUG:root:We got a drive command: rawX:1.786000 and rawY:98.000000
DEBUG:root:Left=1.786000 Right=-96.214000
DEBUG:root:ScaledLeft: 379.018500 ScaledRight: 158.518500
INFO:root:Looping....
DEBUG:root:This is the line: drive:98.0:1.786

DEBUG:root:We got command: drive
DEBUG:root:We got a drive command: rawX:1.786000 and rawY:98.000000
DEBUG:root:Left=1.786000 Right=-96.214000
DEBUG:root:ScaledLeft: 379.018500 ScaledRight: 158.518500
INFO:root:Looping....
DEBUG:root:This is the line: drive:98.0:1.786

DEBUG:root:We got command: drive
DEBUG:root:We got a drive command: rawX:1.786000 and rawY:98.000000
DEBUG:root:Left=1.786000 Right=-96.214000
DEBUG:root:ScaledLeft: 379.018500 ScaledRight: 158.518500
INFO:root:Looping....
DEBUG:root:This is the line: drive:98.0:1.786

DEBUG:root:We got command: drive
DEBUG:root:We got a drive command: rawX:1.786000 and rawY:98.000000
DEBUG:root:Left=1.786000 Right=-96.214000
DEBUG:root:ScaledLeft: 379.018500 ScaledRight: 158.518500
INFO:root:Looping....
DEBUG:root:This is the line: drive:98.0:1.786

DEBUG:root:We got command: drive
DEBUG:root:We got a drive command: rawX:1.786000 and rawY:98.000000
DEBUG:root:Left=1.786000 Right=-96.214000
DEBUG:root:ScaledLeft: 379.018500 ScaledRight: 158.518500
INFO:root:Looping....
DEBUG:root:This is the line: drive:98.0:1.786

DEBUG:root:We got command: drive
DEBUG:root:We got a drive command: rawX:1.786000 and rawY:98.000000
DEBUG:root:Left=1.786000 Right=-96.214000
DEBUG:root:ScaledLeft: 379.018500 ScaledRight: 158.518500
INFO:root:Looping....
DEBUG:root:This is the line: drive:98.286:1.786

DEBUG:root:We got command: drive
DEBUG:root:We got a drive command: rawX:1.786000 and rawY:98.286000
DEBUG:root:Left=1.786000 Right=-96.500000
DEBUG:root:ScaledLeft: 379.018500 ScaledRight: 157.875000
INFO:root:Looping....
DEBUG:root:This is the line: drive:98.286:1.786

DEBUG:root:We got command: drive
DEBUG:root:We got a drive command: rawX:1.786000 and rawY:98.286000
DEBUG:root:Left=1.786000 Right=-96.500000
DEBUG:root:ScaledLeft: 379.018500 ScaledRight: 157.875000
INFO:root:Looping....
DEBUG:root:This is the line: drive:98.286:1.786

DEBUG:root:We got command: drive
DEBUG:root:We got a drive command: rawX:1.786000 and rawY:98.286000
DEBUG:root:Left=1.786000 Right=-96.500000
DEBUG:root:ScaledLeft: 379.018500 ScaledRight: 157.875000
INFO:root:Looping....
DEBUG:root:This is the line: drive:0:0

DEBUG:root:We got command: drive
DEBUG:root:We got a drive command: rawX:0.000000 and rawY:0.000000
DEBUG:root:Left=0.000000 Right=0.000000
DEBUG:root:ScaledLeft: 375.000000 ScaledRight: 375.000000
INFO:root:Looping....
DEBUG:root:This is the line: drive:97.887:2.914

DEBUG:root:We got command: drive
DEBUG:root:We got a drive command: rawX:2.914000 and rawY:97.887000
DEBUG:root:Left=2.914000 Right=-94.973000
DEBUG:root:ScaledLeft: 381.556500 ScaledRight: 161.310750
INFO:root:Looping....
DEBUG:root:This is the line: drive:-18.976:-2.679

DEBUG:root:We got command: drive
DEBUG:root:We got a drive command: rawX:-2.679000 and rawY:-18.976000
DEBUG:root:Left=16.297000 Right=-2.679000
DEBUG:root:ScaledLeft: 411.668250 ScaledRight: 368.972250
INFO:root:Looping....
DEBUG:root:This is the line: drive:2.143:-2.679

DEBUG:root:We got command: drive
DEBUG:root:We got a drive command: rawX:-2.679000 and rawY:2.143000
DEBUG:root:Left=-4.822000 Right=-2.679000
DEBUG:root:ScaledLeft: 364.150500 ScaledRight: 368.972250
INFO:root:Looping....
DEBUG:root:This is the line: drive:13.193:-2.679

DEBUG:root:We got command: drive
DEBUG:root:We got a drive command: rawX:-2.679000 and rawY:13.193000
DEBUG:root:Left=-15.872000 Right=-2.679000
DEBUG:root:ScaledLeft: 339.288000 ScaledRight: 368.972250
INFO:root:Looping....
DEBUG:root:This is the line: drive:20.02:-2.679

DEBUG:root:We got command: drive
DEBUG:root:We got a drive command: rawX:-2.679000 and rawY:20.020000
DEBUG:root:Left=-22.699000 Right=-2.679000
DEBUG:root:ScaledLeft: 323.927250 ScaledRight: 368.972250
INFO:root:Looping....
DEBUG:root:This is the line: drive:66.85:-0.595

DEBUG:root:We got command: drive
DEBUG:root:We got a drive command: rawX:-0.595000 and rawY:66.850000
DEBUG:root:Left=-67.445000 Right=-0.595000
DEBUG:root:ScaledLeft: 223.248750 ScaledRight: 373.661250
INFO:root:Looping....
DEBUG:root:This is the line: drive:77.571:-0.298

DEBUG:root:We got command: drive
DEBUG:root:We got a drive command: rawX:-0.298000 and rawY:77.571000
DEBUG:root:Left=-77.869000 Right=-0.298000
DEBUG:root:ScaledLeft: 199.794750 ScaledRight: 374.329500
INFO:root:Looping....
DEBUG:root:This is the line: drive:80.235:0.893

DEBUG:root:We got command: drive
DEBUG:root:We got a drive command: rawX:0.893000 and rawY:80.235000
DEBUG:root:Left=0.893000 Right=-79.342000
DEBUG:root:ScaledLeft: 377.009250 ScaledRight: 196.480500
INFO:root:Looping....
DEBUG:root:This is the line: drive:80.592:0.893

DEBUG:root:We got command: drive
DEBUG:root:We got a drive command: rawX:0.893000 and rawY:80.592000
DEBUG:root:Left=0.893000 Right=-79.699000
DEBUG:root:ScaledLeft: 377.009250 ScaledRight: 195.677250
INFO:root:Looping....
DEBUG:root:This is the line: drive:81.545:1.19

DEBUG:root:We got command: drive
DEBUG:root:We got a drive command: rawX:1.190000 and rawY:81.545000
DEBUG:root:Left=1.190000 Right=-80.355000
DEBUG:root:ScaledLeft: 377.677500 ScaledRight: 194.201250
INFO:root:Looping....
DEBUG:root:This is the line: drive:81.545:1.19

DEBUG:root:We got command: drive
DEBUG:root:We got a drive command: rawX:1.190000 and rawY:81.545000
DEBUG:root:Left=1.190000 Right=-80.355000
DEBUG:root:ScaledLeft: 377.677500 ScaledRight: 194.201250
INFO:root:Looping....
DEBUG:root:This is the line: drive:83.429:9.66

DEBUG:root:We got command: drive
DEBUG:root:We got a drive command: rawX:9.660000 and rawY:83.429000
DEBUG:root:Left=9.660000 Right=-73.769000
DEBUG:root:ScaledLeft: 396.735000 ScaledRight: 209.019750
INFO:root:Looping....
DEBUG:root:This is the line: drive:84.292:11.905

DEBUG:root:We got command: drive
DEBUG:root:We got a drive command: rawX:11.905000 and rawY:84.292000
DEBUG:root:Left=11.905000 Right=-72.387000
DEBUG:root:ScaledLeft: 401.786250 ScaledRight: 212.129250
INFO:root:Looping....
DEBUG:root:This is the line: drive:84.571:9.375

DEBUG:root:We got command: drive
DEBUG:root:We got a drive command: rawX:9.375000 and rawY:84.571000
DEBUG:root:Left=9.375000 Right=-75.196000
DEBUG:root:ScaledLeft: 396.093750 ScaledRight: 205.809000
INFO:root:Looping....
DEBUG:root:This is the line: drive:84.571:9.375

DEBUG:root:We got command: drive
DEBUG:root:We got a drive command: rawX:9.375000 and rawY:84.571000
DEBUG:root:Left=9.375000 Right=-75.196000
DEBUG:root:ScaledLeft: 396.093750 ScaledRight: 205.809000
INFO:root:Looping....
DEBUG:root:This is the line: drive:84.571:9.375

DEBUG:root:We got command: drive
DEBUG:root:We got a drive command: rawX:9.375000 and rawY:84.571000
DEBUG:root:Left=9.375000 Right=-75.196000
DEBUG:root:ScaledLeft: 396.093750 ScaledRight: 205.809000
INFO:root:Looping....
DEBUG:root:This is the line: drive:85.793:9.524

DEBUG:root:We got command: drive
DEBUG:root:We got a drive command: rawX:9.524000 and rawY:85.793000
DEBUG:root:Left=9.524000 Right=-76.269000
DEBUG:root:ScaledLeft: 396.429000 ScaledRight: 203.394750
INFO:root:Looping....
DEBUG:root:This is the line: drive:87.093:9.524

DEBUG:root:We got command: drive
DEBUG:root:We got a drive command: rawX:9.524000 and rawY:87.093000
DEBUG:root:Left=9.524000 Right=-77.569000
DEBUG:root:ScaledLeft: 396.429000 ScaledRight: 200.469750
INFO:root:Looping....
DEBUG:root:This is the line: drive:0:0

DEBUG:root:We got command: drive
DEBUG:root:We got a drive command: rawX:0.000000 and rawY:0.000000
DEBUG:root:Left=0.000000 Right=0.000000
DEBUG:root:ScaledLeft: 375.000000 ScaledRight: 375.000000
INFO:root:Looping....
INFO:root:Starting Log file.
INFO:root:Looping....
DEBUG:root:This is the line: Beginning test.drive:90.0:10.714

DEBUG:root:We got command: Beginning test.drive
INFO:root:We got some other kind of command
INFO:root:Looping....
DEBUG:root:This is the line: drive:2.734:-29.464

DEBUG:root:We got command: drive
DEBUG:root:We got a drive command: rawX:-29.464000 and rawY:2.734000
DEBUG:root:Forward to the Left/Straight
DEBUG:root:Left=32.198000 Right=-29.464000
DEBUG:root:ScaledLeft: 447.445500 ScaledRight: 308.706000
INFO:root:Looping....
DEBUG:root:This is the line: drive:0:0

DEBUG:root:We got command: drive
DEBUG:root:We got a drive command: rawX:0.000000 and rawY:0.000000
DEBUG:root:Left=0.000000 Right=0.000000
DEBUG:root:ScaledLeft: 375.000000 ScaledRight: 375.000000
INFO:root:Looping....
DEBUG:root:This is the line: drive:17.429:-22.619

DEBUG:root:We got command: drive
DEBUG:root:We got a drive command: rawX:-22.619000 and rawY:17.429000
DEBUG:root:Forward to the Left/Straight
DEBUG:root:Left=40.048000 Right=-22.619000
DEBUG:root:ScaledLeft: 465.108000 ScaledRight: 324.107250
INFO:root:Looping....
DEBUG:root:This is the line: drive:9.041:-19.94

DEBUG:root:We got command: drive
DEBUG:root:We got a drive command: rawX:-19.940000 and rawY:9.041000
DEBUG:root:Forward to the Left/Straight
DEBUG:root:Left=28.981000 Right=-19.940000
DEBUG:root:ScaledLeft: 440.207250 ScaledRight: 330.135000
INFO:root:Looping....
DEBUG:root:This is the line: drive:22.96:-19.94

DEBUG:root:We got command: drive
DEBUG:root:We got a drive command: rawX:-19.940000 and rawY:22.960000
DEBUG:root:Forward to the Left/Straight
DEBUG:root:Left=42.900000 Right=-19.940000
DEBUG:root:ScaledLeft: 471.525000 ScaledRight: 330.135000
INFO:root:Looping....
DEBUG:root:This is the line: drive:29.709:-19.94

DEBUG:root:We got command: drive
DEBUG:root:We got a drive command: rawX:-19.940000 and rawY:29.709000
DEBUG:root:Forward to the Left/Straight
DEBUG:root:Left=49.649000 Right=-19.940000
DEBUG:root:ScaledLeft: 486.710250 ScaledRight: 330.135000
INFO:root:Looping....
DEBUG:root:This is the line: drive:0:0

DEBUG:root:We got command: drive
DEBUG:root:We got a drive command: rawX:0.000000 and rawY:0.000000
DEBUG:root:Left=0.000000 Right=0.000000
DEBUG:root:ScaledLeft: 375.000000 ScaledRight: 375.000000
INFO:root:Looping....
DEBUG:root:This is the line: drive:30.857:-19.345

DEBUG:root:We got command: drive
DEBUG:root:We got a drive command: rawX:-19.345000 and rawY:30.857000
DEBUG:root:Forward to the Left/Straight
DEBUG:root:Left=50.202000 Right=-19.345000
DEBUG:root:ScaledLeft: 487.954500 ScaledRight: 331.473750
INFO:root:Looping....
DEBUG:root:This is the line: drive:47.857:1.786

DEBUG:root:We got command: drive
DEBUG:root:We got a drive command: rawX:1.786000 and rawY:47.857000
DEBUG:root:Forward to the Right
DEBUG:root:Left=-1.786000 Right=-46.071000
DEBUG:root:ScaledLeft: 370.981500 ScaledRight: 271.340250
INFO:root:Looping....
DEBUG:root:This is the line: drive:51.956:1.19

DEBUG:root:We got command: drive
DEBUG:root:We got a drive command: rawX:1.190000 and rawY:51.956000
DEBUG:root:Forward to the Right
DEBUG:root:Left=-1.190000 Right=-50.766000
DEBUG:root:ScaledLeft: 372.322500 ScaledRight: 260.776500
INFO:root:Looping....
DEBUG:root:This is the line: drive:56.038:0.298

DEBUG:root:We got command: drive
DEBUG:root:We got a drive command: rawX:0.298000 and rawY:56.038000
DEBUG:root:Forward to the Right
DEBUG:root:Left=-0.298000 Right=-55.740000
DEBUG:root:ScaledLeft: 374.329500 ScaledRight: 249.585000
INFO:root:Looping....
DEBUG:root:This is the line: drive:57.414:0.298

DEBUG:root:We got command: drive
DEBUG:root:We got a drive command: rawX:0.298000 and rawY:57.414000
DEBUG:root:Forward to the Right
DEBUG:root:Left=-0.298000 Right=-57.116000
DEBUG:root:ScaledLeft: 374.329500 ScaledRight: 246.489000
INFO:root:Looping....
DEBUG:root:This is the line: drive:74.026:4.167

DEBUG:root:We got command: drive
DEBUG:root:We got a drive command: rawX:4.167000 and rawY:74.026000
DEBUG:root:Forward to the Right
DEBUG:root:Left=-4.167000 Right=-69.859000
DEBUG:root:ScaledLeft: 365.624250 ScaledRight: 217.817250
INFO:root:Looping....
DEBUG:root:This is the line: drive:74.87:4.464

DEBUG:root:We got command: drive
DEBUG:root:We got a drive command: rawX:4.464000 and rawY:74.870000
DEBUG:root:Forward to the Right
DEBUG:root:Left=-4.464000 Right=-70.406000
DEBUG:root:ScaledLeft: 364.956000 ScaledRight: 216.586500
INFO:root:Looping....
DEBUG:root:This is the line: drive:75.449:4.762

DEBUG:root:We got command: drive
DEBUG:root:We got a drive command: rawX:4.762000 and rawY:75.449000
DEBUG:root:Forward to the Right
DEBUG:root:Left=-4.762000 Right=-70.687000
DEBUG:root:ScaledLeft: 364.285500 ScaledRight: 215.954250
INFO:root:Looping....
DEBUG:root:This is the line: drive:79.714:8.036

DEBUG:root:We got command: drive
DEBUG:root:We got a drive command: rawX:8.036000 and rawY:79.714000
DEBUG:root:Forward to the Right
DEBUG:root:Left=-8.036000 Right=-71.678000
DEBUG:root:ScaledLeft: 356.919000 ScaledRight: 213.724500
INFO:root:Looping....
DEBUG:root:This is the line: drive:80.596:8.036

DEBUG:root:We got command: drive
DEBUG:root:We got a drive command: rawX:8.036000 and rawY:80.596000
DEBUG:root:Forward to the Right
DEBUG:root:Left=-8.036000 Right=-72.560000
DEBUG:root:ScaledLeft: 356.919000 ScaledRight: 211.740000
INFO:root:Looping....
DEBUG:root:This is the line: drive:80.859:8.036

DEBUG:root:We got command: drive
DEBUG:root:We got a drive command: rawX:8.036000 and rawY:80.859000
DEBUG:root:Forward to the Right
DEBUG:root:Left=-8.036000 Right=-72.823000
DEBUG:root:ScaledLeft: 356.919000 ScaledRight: 211.148250
INFO:root:Looping....
DEBUG:root:This is the line: drive:81.144:8.036

DEBUG:root:We got command: drive
DEBUG:root:We got a drive command: rawX:8.036000 and rawY:81.144000
DEBUG:root:Forward to the Right
DEBUG:root:Left=-8.036000 Right=-73.108000
DEBUG:root:ScaledLeft: 356.919000 ScaledRight: 210.507000
INFO:root:Looping....
DEBUG:root:This is the line: drive:81.143:9.799

DEBUG:root:We got command: drive
DEBUG:root:We got a drive command: rawX:9.799000 and rawY:81.143000
DEBUG:root:Forward to the Right
DEBUG:root:Left=-9.799000 Right=-71.344000
DEBUG:root:ScaledLeft: 352.952250 ScaledRight: 214.476000
INFO:root:Looping....
DEBUG:root:This is the line: drive:76.0:24.72

DEBUG:root:We got command: drive
DEBUG:root:We got a drive command: rawX:24.720000 and rawY:76.000000
DEBUG:root:Forward to the Right
DEBUG:root:Left=-24.720000 Right=-51.280000
DEBUG:root:ScaledLeft: 319.380000 ScaledRight: 259.620000
INFO:root:Looping....
DEBUG:root:This is the line: drive:75.714:25.601

DEBUG:root:We got command: drive
DEBUG:root:We got a drive command: rawX:25.601000 and rawY:75.714000
DEBUG:root:Forward to the Right
DEBUG:root:Left=-25.601000 Right=-50.113000
DEBUG:root:ScaledLeft: 317.397750 ScaledRight: 262.245750
INFO:root:Looping....
DEBUG:root:This is the line: drive:75.714:25.601

DEBUG:root:We got command: drive
DEBUG:root:We got a drive command: rawX:25.601000 and rawY:75.714000
DEBUG:root:Forward to the Right
DEBUG:root:Left=-25.601000 Right=-50.113000
DEBUG:root:ScaledLeft: 317.397750 ScaledRight: 262.245750
INFO:root:Looping....
DEBUG:root:This is the line: drive:75.714:25.601

DEBUG:root:We got command: drive
DEBUG:root:We got a drive command: rawX:25.601000 and rawY:75.714000
DEBUG:root:Forward to the Right
DEBUG:root:Left=-25.601000 Right=-50.113000
DEBUG:root:ScaledLeft: 317.397750 ScaledRight: 262.245750
INFO:root:Looping....
DEBUG:root:This is the line: drive:75.714:25.601

DEBUG:root:We got command: drive
DEBUG:root:We got a drive command: rawX:25.601000 and rawY:75.714000
DEBUG:root:Forward to the Right
DEBUG:root:Left=-25.601000 Right=-50.113000
DEBUG:root:ScaledLeft: 317.397750 ScaledRight: 262.245750
INFO:root:Looping....
DEBUG:root:This is the line: drive:75.714:25.601

DEBUG:root:We got command: drive
DEBUG:root:We got a drive command: rawX:25.601000 and rawY:75.714000
DEBUG:root:Forward to the Right
DEBUG:root:Left=-25.601000 Right=-50.113000
DEBUG:root:ScaledLeft: 317.397750 ScaledRight: 262.245750
INFO:root:Looping....
DEBUG:root:This is the line: drive:75.714:25.601

DEBUG:root:We got command: drive
DEBUG:root:We got a drive command: rawX:25.601000 and rawY:75.714000
DEBUG:root:Forward to the Right
DEBUG:root:Left=-25.601000 Right=-50.113000
DEBUG:root:ScaledLeft: 317.397750 ScaledRight: 262.245750
INFO:root:Looping....
DEBUG:root:This is the line: drive:75.714:25.601

DEBUG:root:We got command: drive
DEBUG:root:We got a drive command: rawX:25.601000 and rawY:75.714000
DEBUG:root:Forward to the Right
DEBUG:root:Left=-25.601000 Right=-50.113000
DEBUG:root:ScaledLeft: 317.397750 ScaledRight: 262.245750
INFO:root:Looping....
DEBUG:root:This is the line: drive:75.714:25.601

DEBUG:root:We got command: drive
DEBUG:root:We got a drive command: rawX:25.601000 and rawY:75.714000
DEBUG:root:Forward to the Right
DEBUG:root:Left=-25.601000 Right=-50.113000
DEBUG:root:ScaledLeft: 317.397750 ScaledRight: 262.245750
INFO:root:Looping....
DEBUG:root:This is the line: drive:75.714:25.601

DEBUG:root:We got command: drive
DEBUG:root:We got a drive command: rawX:25.601000 and rawY:75.714000
DEBUG:root:Forward to the Right
DEBUG:root:Left=-25.601000 Right=-50.113000
DEBUG:root:ScaledLeft: 317.397750 ScaledRight: 262.245750
INFO:root:Looping....
DEBUG:root:This is the line: drive:75.714:25.601

DEBUG:root:We got command: drive
DEBUG:root:We got a drive command: rawX:25.601000 and rawY:75.714000
DEBUG:root:Forward to the Right
DEBUG:root:Left=-25.601000 Right=-50.113000
DEBUG:root:ScaledLeft: 317.397750 ScaledRight: 262.245750
INFO:root:Looping....
DEBUG:root:This is the line: drive:0:0

DEBUG:root:We got command: drive
DEBUG:root:We got a drive command: rawX:0.000000 and rawY:0.000000
DEBUG:root:Left=0.000000 Right=0.000000
DEBUG:root:ScaledLeft: 375.000000 ScaledRight: 375.000000
INFO:root:Looping....
DEBUG:root:This is the line: drive:74.857:26.488

DEBUG:root:We got command: drive
DEBUG:root:We got a drive command: rawX:26.488000 and rawY:74.857000
DEBUG:root:Forward to the Right
DEBUG:root:Left=-26.488000 Right=-48.369000
DEBUG:root:ScaledLeft: 315.402000 ScaledRight: 266.169750
INFO:root:Looping....
DEBUG:root:This is the line: drive:77.202:-5.06

DEBUG:root:We got command: drive
DEBUG:root:We got a drive command: rawX:-5.060000 and rawY:77.202000
DEBUG:root:Forward to the Left/Straight
DEBUG:root:Left=82.262000 Right=-5.060000
DEBUG:root:ScaledLeft: 560.089500 ScaledRight: 363.615000
INFO:root:Looping....
DEBUG:root:This is the line: drive:76.849:-5.952

DEBUG:root:We got command: drive
DEBUG:root:We got a drive command: rawX:-5.952000 and rawY:76.849000
DEBUG:root:Forward to the Left/Straight
DEBUG:root:Left=82.801000 Right=-5.952000
DEBUG:root:ScaledLeft: 561.302250 ScaledRight: 361.608000
INFO:root:Looping....
DEBUG:root:This is the line: drive:76.857:-6.258

DEBUG:root:We got command: drive
DEBUG:root:We got a drive command: rawX:-6.258000 and rawY:76.857000
DEBUG:root:Forward to the Left/Straight
DEBUG:root:Left=83.115000 Right=-6.258000
DEBUG:root:ScaledLeft: 562.008750 ScaledRight: 360.919500
INFO:root:Looping....
DEBUG:root:This is the line: drive:0:0

DEBUG:root:We got command: drive
DEBUG:root:We got a drive command: rawX:0.000000 and rawY:0.000000
DEBUG:root:Left=0.000000 Right=0.000000
DEBUG:root:ScaledLeft: 375.000000 ScaledRight: 375.000000
INFO:root:Looping....
DEBUG:root:This is the line: drive:76.286:-5.06

DEBUG:root:We got command: drive
DEBUG:root:We got a drive command: rawX:-5.060000 and rawY:76.286000
DEBUG:root:Forward to the Left/Straight
DEBUG:root:Left=81.346000 Right=-5.060000
DEBUG:root:ScaledLeft: 558.028500 ScaledRight: 363.615000
INFO:root:Looping....
DEBUG:root:This is the line: drive:20.642:-5.952

DEBUG:root:We got command: drive
DEBUG:root:We got a drive command: rawX:-5.952000 and rawY:20.642000
DEBUG:root:Forward to the Left/Straight
DEBUG:root:Left=26.594000 Right=-5.952000
DEBUG:root:ScaledLeft: 434.836500 ScaledRight: 361.608000
INFO:root:Looping....
DEBUG:root:This is the line: drive:23.157:-5.952

DEBUG:root:We got command: drive
DEBUG:root:We got a drive command: rawX:-5.952000 and rawY:23.157000
DEBUG:root:Forward to the Left/Straight
DEBUG:root:Left=29.109000 Right=-5.952000
DEBUG:root:ScaledLeft: 440.495250 ScaledRight: 361.608000
INFO:root:Looping....
DEBUG:root:This is the line: drive:24.306:-6.271

DEBUG:root:We got command: drive
DEBUG:root:We got a drive command: rawX:-6.271000 and rawY:24.306000
DEBUG:root:Forward to the Left/Straight
DEBUG:root:Left=30.577000 Right=-6.271000
DEBUG:root:ScaledLeft: 443.798250 ScaledRight: 360.890250
INFO:root:Looping....
DEBUG:root:This is the line: drive:25.224:-6.25

DEBUG:root:We got command: drive
DEBUG:root:We got a drive command: rawX:-6.250000 and rawY:25.224000
DEBUG:root:Forward to the Left/Straight
DEBUG:root:Left=31.474000 Right=-6.250000
DEBUG:root:ScaledLeft: 445.816500 ScaledRight: 360.937500
INFO:root:Looping....
DEBUG:root:This is the line: drive:25.832:-6.25

DEBUG:root:We got command: drive
DEBUG:root:We got a drive command: rawX:-6.250000 and rawY:25.832000
DEBUG:root:Forward to the Left/Straight
DEBUG:root:Left=32.082000 Right=-6.250000
DEBUG:root:ScaledLeft: 447.184500 ScaledRight: 360.937500
INFO:root:Looping....
DEBUG:root:This is the line: drive:26.714:-6.25

DEBUG:root:We got command: drive
DEBUG:root:We got a drive command: rawX:-6.250000 and rawY:26.714000
DEBUG:root:Forward to the Left/Straight
DEBUG:root:Left=32.964000 Right=-6.250000
DEBUG:root:ScaledLeft: 449.169000 ScaledRight: 360.937500
INFO:root:Looping....
DEBUG:root:This is the line: drive:27.571:-6.25

DEBUG:root:We got command: drive
DEBUG:root:We got a drive command: rawX:-6.250000 and rawY:27.571000
DEBUG:root:Forward to the Left/Straight
DEBUG:root:Left=33.821000 Right=-6.250000
DEBUG:root:ScaledLeft: 451.097250 ScaledRight: 360.937500
INFO:root:Looping....
DEBUG:root:This is the line: drive:29.286:-6.25

DEBUG:root:We got command: drive
DEBUG:root:We got a drive command: rawX:-6.250000 and rawY:29.286000
DEBUG:root:Forward to the Left/Straight
DEBUG:root:Left=35.536000 Right=-6.250000
DEBUG:root:ScaledLeft: 454.956000 ScaledRight: 360.937500
INFO:root:Looping....
DEBUG:root:This is the line: drive:30.122:-6.25

DEBUG:root:We got command: drive
DEBUG:root:We got a drive command: rawX:-6.250000 and rawY:30.122000
DEBUG:root:Forward to the Left/Straight
DEBUG:root:Left=36.372000 Right=-6.250000
DEBUG:root:ScaledLeft: 456.837000 ScaledRight: 360.937500
INFO:root:Looping....
DEBUG:root:This is the line: drive:30.939:-6.25

DEBUG:root:We got command: drive
DEBUG:root:We got a drive command: rawX:-6.250000 and rawY:30.939000
DEBUG:root:Forward to the Left/Straight
DEBUG:root:Left=37.189000 Right=-6.250000
DEBUG:root:ScaledLeft: 458.675250 ScaledRight: 360.937500
INFO:root:Looping....
DEBUG:root:This is the line: drive:31.857:-6.25

DEBUG:root:We got command: drive
DEBUG:root:We got a drive command: rawX:-6.250000 and rawY:31.857000
DEBUG:root:Forward to the Left/Straight
DEBUG:root:Left=38.107000 Right=-6.250000
DEBUG:root:ScaledLeft: 460.740750 ScaledRight: 360.937500
INFO:root:Looping....
DEBUG:root:This is the line: drive:31.857:-6.25

DEBUG:root:We got command: drive
DEBUG:root:We got a drive command: rawX:-6.250000 and rawY:31.857000
DEBUG:root:Forward to the Left/Straight
DEBUG:root:Left=38.107000 Right=-6.250000
DEBUG:root:ScaledLeft: 460.740750 ScaledRight: 360.937500
INFO:root:Looping....
DEBUG:root:This is the line: drive:31.857:-6.25

DEBUG:root:We got command: drive
DEBUG:root:We got a drive command: rawX:-6.250000 and rawY:31.857000
DEBUG:root:Forward to the Left/Straight
DEBUG:root:Left=38.107000 Right=-6.250000
DEBUG:root:ScaledLeft: 460.740750 ScaledRight: 360.937500
INFO:root:Looping....
DEBUG:root:This is the line: drive:31.857:-6.25

DEBUG:root:We got command: drive
DEBUG:root:We got a drive command: rawX:-6.250000 and rawY:31.857000
DEBUG:root:Forward to the Left/Straight
DEBUG:root:Left=38.107000 Right=-6.250000
DEBUG:root:ScaledLeft: 460.740750 ScaledRight: 360.937500
INFO:root:Looping....
DEBUG:root:This is the line: drive:0:0

DEBUG:root:We got command: drive
DEBUG:root:We got a drive command: rawX:0.000000 and rawY:0.000000
DEBUG:root:Left=0.000000 Right=0.000000
DEBUG:root:ScaledLeft: 375.000000 ScaledRight: 375.000000
INFO:root:Looping....
DEBUG:root:This is the line: drive:7.429:0.298

DEBUG:root:We got command: drive
DEBUG:root:We got a drive command: rawX:0.298000 and rawY:7.429000
DEBUG:root:Forward to the Right
DEBUG:root:Left=-0.298000 Right=-7.131000
DEBUG:root:ScaledLeft: 374.329500 ScaledRight: 358.955250
INFO:root:Looping....
DEBUG:root:This is the line: drive:8.586:-3.586

DEBUG:root:We got command: drive
DEBUG:root:We got a drive command: rawX:-3.586000 and rawY:8.586000
DEBUG:root:Forward to the Left/Straight
DEBUG:root:Left=12.172000 Right=-3.586000
DEBUG:root:ScaledLeft: 402.387000 ScaledRight: 366.931500
INFO:root:Looping....
DEBUG:root:This is the line: drive:12.138:-5.875

DEBUG:root:We got command: drive
DEBUG:root:We got a drive command: rawX:-5.875000 and rawY:12.138000
DEBUG:root:Forward to the Left/Straight
DEBUG:root:Left=18.013000 Right=-5.875000
DEBUG:root:ScaledLeft: 415.529250 ScaledRight: 361.781250
INFO:root:Looping....
DEBUG:root:This is the line: drive:15.5:-8.11

DEBUG:root:We got command: drive
DEBUG:root:We got a drive command: rawX:-8.110000 and rawY:15.500000
DEBUG:root:Forward to the Left/Straight
DEBUG:root:Left=23.610000 Right=-8.110000
DEBUG:root:ScaledLeft: 428.122500 ScaledRight: 356.752500
INFO:root:Looping....
DEBUG:root:This is the line: drive:17.982:-8.929

DEBUG:root:We got command: drive
DEBUG:root:We got a drive command: rawX:-8.929000 and rawY:17.982000
DEBUG:root:Forward to the Left/Straight
DEBUG:root:Left=26.911000 Right=-8.929000
DEBUG:root:ScaledLeft: 435.549750 ScaledRight: 354.909750
INFO:root:Looping....
DEBUG:root:This is the line: drive:20.129:-8.929

DEBUG:root:We got command: drive
DEBUG:root:We got a drive command: rawX:-8.929000 and rawY:20.129000
DEBUG:root:Forward to the Left/Straight
DEBUG:root:Left=29.058000 Right=-8.929000
DEBUG:root:ScaledLeft: 440.380500 ScaledRight: 354.909750
INFO:root:Looping....
DEBUG:root:This is the line: drive:22.368:-8.929

DEBUG:root:We got command: drive
DEBUG:root:We got a drive command: rawX:-8.929000 and rawY:22.368000
DEBUG:root:Forward to the Left/Straight
DEBUG:root:Left=31.297000 Right=-8.929000
DEBUG:root:ScaledLeft: 445.418250 ScaledRight: 354.909750
INFO:root:Looping....
DEBUG:root:This is the line: drive:24.982:-8.929

DEBUG:root:We got command: drive
DEBUG:root:We got a drive command: rawX:-8.929000 and rawY:24.982000
DEBUG:root:Forward to the Left/Straight
DEBUG:root:Left=33.911000 Right=-8.929000
DEBUG:root:ScaledLeft: 451.299750 ScaledRight: 354.909750
INFO:root:Looping....
DEBUG:root:This is the line: drive:26.806:-8.929

DEBUG:root:We got command: drive
DEBUG:root:We got a drive command: rawX:-8.929000 and rawY:26.806000
DEBUG:root:Forward to the Left/Straight
DEBUG:root:Left=35.735000 Right=-8.929000
DEBUG:root:ScaledLeft: 455.403750 ScaledRight: 354.909750
INFO:root:Looping....
DEBUG:root:This is the line: drive:29.039:-8.929

DEBUG:root:We got command: drive
DEBUG:root:We got a drive command: rawX:-8.929000 and rawY:29.039000
DEBUG:root:Forward to the Left/Straight
DEBUG:root:Left=37.968000 Right=-8.929000
DEBUG:root:ScaledLeft: 460.428000 ScaledRight: 354.909750
INFO:root:Looping....
DEBUG:root:This is the line: drive:31.231:-8.929

DEBUG:root:We got command: drive
DEBUG:root:We got a drive command: rawX:-8.929000 and rawY:31.231000
DEBUG:root:Forward to the Left/Straight
DEBUG:root:Left=40.160000 Right=-8.929000
DEBUG:root:ScaledLeft: 465.360000 ScaledRight: 354.909750
INFO:root:Looping....
DEBUG:root:This is the line: drive:33.009:-8.631

DEBUG:root:We got command: drive
DEBUG:root:We got a drive command: rawX:-8.631000 and rawY:33.009000
DEBUG:root:Forward to the Left/Straight
DEBUG:root:Left=41.640000 Right=-8.631000
DEBUG:root:ScaledLeft: 468.690000 ScaledRight: 355.580250
INFO:root:Looping....
DEBUG:root:This is the line: drive:33.571:-8.631

DEBUG:root:We got command: drive
DEBUG:root:We got a drive command: rawX:-8.631000 and rawY:33.571000
DEBUG:root:Forward to the Left/Straight
DEBUG:root:Left=42.202000 Right=-8.631000
DEBUG:root:ScaledLeft: 469.954500 ScaledRight: 355.580250
INFO:root:Looping....
DEBUG:root:This is the line: drive:33.429:-8.303

DEBUG:root:We got command: drive
DEBUG:root:We got a drive command: rawX:-8.303000 and rawY:33.429000
DEBUG:root:Forward to the Left/Straight
DEBUG:root:Left=41.732000 Right=-8.303000
DEBUG:root:ScaledLeft: 468.897000 ScaledRight: 356.318250
INFO:root:Looping....
DEBUG:root:This is the line: drive:33.736:-8.333

DEBUG:root:We got command: drive
DEBUG:root:We got a drive command: rawX:-8.333000 and rawY:33.736000
DEBUG:root:Forward to the Left/Straight
DEBUG:root:Left=42.069000 Right=-8.333000
DEBUG:root:ScaledLeft: 469.655250 ScaledRight: 356.250750
INFO:root:Looping....
DEBUG:root:This is the line: drive:33.736:-8.333

DEBUG:root:We got command: drive
DEBUG:root:We got a drive command: rawX:-8.333000 and rawY:33.736000
DEBUG:root:Forward to the Left/Straight
DEBUG:root:Left=42.069000 Right=-8.333000
DEBUG:root:ScaledLeft: 469.655250 ScaledRight: 356.250750
INFO:root:Looping....
DEBUG:root:This is the line: drive:34.025:-8.333

DEBUG:root:We got command: drive
DEBUG:root:We got a drive command: rawX:-8.333000 and rawY:34.025000
DEBUG:root:Forward to the Left/Straight
DEBUG:root:Left=42.358000 Right=-8.333000
DEBUG:root:ScaledLeft: 470.305500 ScaledRight: 356.250750
INFO:root:Looping....
DEBUG:root:This is the line: drive:34.025:-8.333

DEBUG:root:We got command: drive
DEBUG:root:We got a drive command: rawX:-8.333000 and rawY:34.025000
DEBUG:root:Forward to the Left/Straight
DEBUG:root:Left=42.358000 Right=-8.333000
DEBUG:root:ScaledLeft: 470.305500 ScaledRight: 356.250750
INFO:root:Looping....
DEBUG:root:This is the line: drive:35.169:-7.115

DEBUG:root:We got command: drive
DEBUG:root:We got a drive command: rawX:-7.115000 and rawY:35.169000
DEBUG:root:Forward to the Left/Straight
DEBUG:root:Left=42.284000 Right=-7.115000
DEBUG:root:ScaledLeft: 470.139000 ScaledRight: 358.991250
INFO:root:Looping....
DEBUG:root:This is the line: drive:0:0

DEBUG:root:We got command: drive
DEBUG:root:We got a drive command: rawX:0.000000 and rawY:0.000000
DEBUG:root:Left=0.000000 Right=0.000000
DEBUG:root:ScaledLeft: 375.000000 ScaledRight: 375.000000
INFO:root:Looping....
DEBUG:root:This is the line: drive:36.286:-6.25

DEBUG:root:We got command: drive
DEBUG:root:We got a drive command: rawX:-6.250000 and rawY:36.286000
DEBUG:root:Forward to the Left/Straight
DEBUG:root:Left=42.536000 Right=-6.250000
DEBUG:root:ScaledLeft: 470.706000 ScaledRight: 360.937500
INFO:root:Looping....
DEBUG:root:This is the line: drive:-0.571:-1.19

DEBUG:root:We got command: drive
DEBUG:root:We got a drive command: rawX:-1.190000 and rawY:-0.571000
DEBUG:root:Reverse to the Left/Straight
DEBUG:root:Left=0.619000 Right=-1.190000
DEBUG:root:ScaledLeft: 376.392750 ScaledRight: 372.322500
INFO:root:Looping....
DEBUG:root:This is the line: drive:-0.571:-1.19

DEBUG:root:We got command: drive
DEBUG:root:We got a drive command: rawX:-1.190000 and rawY:-0.571000
DEBUG:root:Reverse to the Left/Straight
DEBUG:root:Left=0.619000 Right=-1.190000
DEBUG:root:ScaledLeft: 376.392750 ScaledRight: 372.322500
INFO:root:Looping....
DEBUG:root:This is the line: drive:3.643:-4.093

DEBUG:root:We got command: drive
DEBUG:root:We got a drive command: rawX:-4.093000 and rawY:3.643000
DEBUG:root:Forward to the Left/Straight
DEBUG:root:Left=7.736000 Right=-4.093000
DEBUG:root:ScaledLeft: 392.406000 ScaledRight: 365.790750
INFO:root:Looping....
DEBUG:root:This is the line: drive:5.46:-5.06

DEBUG:root:We got command: drive
DEBUG:root:We got a drive command: rawX:-5.060000 and rawY:5.460000
DEBUG:root:Forward to the Left/Straight
DEBUG:root:Left=10.520000 Right=-5.060000
DEBUG:root:ScaledLeft: 398.670000 ScaledRight: 363.615000
INFO:root:Looping....
DEBUG:root:This is the line: drive:8.456:-5.357

DEBUG:root:We got command: drive
DEBUG:root:We got a drive command: rawX:-5.357000 and rawY:8.456000
DEBUG:root:Forward to the Left/Straight
DEBUG:root:Left=13.813000 Right=-5.357000
DEBUG:root:ScaledLeft: 406.079250 ScaledRight: 362.946750
INFO:root:Looping....
DEBUG:root:This is the line: drive:10.291:-5.357

DEBUG:root:We got command: drive
DEBUG:root:We got a drive command: rawX:-5.357000 and rawY:10.291000
DEBUG:root:Forward to the Left/Straight
DEBUG:root:Left=15.648000 Right=-5.357000
DEBUG:root:ScaledLeft: 410.208000 ScaledRight: 362.946750
INFO:root:Looping....
DEBUG:root:This is the line: drive:12.536:-5.357

DEBUG:root:We got command: drive
DEBUG:root:We got a drive command: rawX:-5.357000 and rawY:12.536000
DEBUG:root:Forward to the Left/Straight
DEBUG:root:Left=17.893000 Right=-5.357000
DEBUG:root:ScaledLeft: 415.259250 ScaledRight: 362.946750
INFO:root:Looping....
DEBUG:root:This is the line: drive:14.325:-5.357

DEBUG:root:We got command: drive
DEBUG:root:We got a drive command: rawX:-5.357000 and rawY:14.325000
DEBUG:root:Forward to the Left/Straight
DEBUG:root:Left=19.682000 Right=-5.357000
DEBUG:root:ScaledLeft: 419.284500 ScaledRight: 362.946750
INFO:root:Looping....
DEBUG:root:This is the line: drive:17.205:-5.357

DEBUG:root:We got command: drive
DEBUG:root:We got a drive command: rawX:-5.357000 and rawY:17.205000
DEBUG:root:Forward to the Left/Straight
DEBUG:root:Left=22.562000 Right=-5.357000
DEBUG:root:ScaledLeft: 425.764500 ScaledRight: 362.946750
INFO:root:Looping....
DEBUG:root:This is the line: drive:18.981:-5.357

DEBUG:root:We got command: drive
DEBUG:root:We got a drive command: rawX:-5.357000 and rawY:18.981000
DEBUG:root:Forward to the Left/Straight
DEBUG:root:Left=24.338000 Right=-5.357000
DEBUG:root:ScaledLeft: 429.760500 ScaledRight: 362.946750
INFO:root:Looping....
DEBUG:root:This is the line: drive:21.14:-5.357

DEBUG:root:We got command: drive
DEBUG:root:We got a drive command: rawX:-5.357000 and rawY:21.140000
DEBUG:root:Forward to the Left/Straight
DEBUG:root:Left=26.497000 Right=-5.357000
DEBUG:root:ScaledLeft: 434.618250 ScaledRight: 362.946750
INFO:root:Looping....
DEBUG:root:This is the line: drive:23.327:-5.357

DEBUG:root:We got command: drive
DEBUG:root:We got a drive command: rawX:-5.357000 and rawY:23.327000
DEBUG:root:Forward to the Left/Straight
DEBUG:root:Left=28.684000 Right=-5.357000
DEBUG:root:ScaledLeft: 439.539000 ScaledRight: 362.946750
INFO:root:Looping....
DEBUG:root:This is the line: drive:25.16:-5.357

DEBUG:root:We got command: drive
DEBUG:root:We got a drive command: rawX:-5.357000 and rawY:25.160000
DEBUG:root:Forward to the Left/Straight
DEBUG:root:Left=30.517000 Right=-5.357000
DEBUG:root:ScaledLeft: 443.663250 ScaledRight: 362.946750
INFO:root:Looping....
DEBUG:root:This is the line: drive:27.393:-5.357

DEBUG:root:We got command: drive
DEBUG:root:We got a drive command: rawX:-5.357000 and rawY:27.393000
DEBUG:root:Forward to the Left/Straight
DEBUG:root:Left=32.750000 Right=-5.357000
DEBUG:root:ScaledLeft: 448.687500 ScaledRight: 362.946750
INFO:root:Looping....
DEBUG:root:This is the line: drive:29.206:-5.357

DEBUG:root:We got command: drive
DEBUG:root:We got a drive command: rawX:-5.357000 and rawY:29.206000
DEBUG:root:Forward to the Left/Straight
DEBUG:root:Left=34.563000 Right=-5.357000
DEBUG:root:ScaledLeft: 452.766750 ScaledRight: 362.946750
INFO:root:Looping....
DEBUG:root:This is the line: drive:31.375:-5.357

DEBUG:root:We got command: drive
DEBUG:root:We got a drive command: rawX:-5.357000 and rawY:31.375000
DEBUG:root:Forward to the Left/Straight
DEBUG:root:Left=36.732000 Right=-5.357000
DEBUG:root:ScaledLeft: 457.647000 ScaledRight: 362.946750
INFO:root:Looping....
DEBUG:root:This is the line: drive:33.286:-5.357

DEBUG:root:We got command: drive
DEBUG:root:We got a drive command: rawX:-5.357000 and rawY:33.286000
DEBUG:root:Forward to the Left/Straight
DEBUG:root:Left=38.643000 Right=-5.357000
DEBUG:root:ScaledLeft: 461.946750 ScaledRight: 362.946750
INFO:root:Looping....
DEBUG:root:This is the line: drive:35.276:-4.167

DEBUG:root:We got command: drive
DEBUG:root:We got a drive command: rawX:-4.167000 and rawY:35.276000
DEBUG:root:Forward to the Left/Straight
DEBUG:root:Left=39.443000 Right=-4.167000
DEBUG:root:ScaledLeft: 463.746750 ScaledRight: 365.624250
INFO:root:Looping....
DEBUG:root:This is the line: drive:38.125:-3.571

DEBUG:root:We got command: drive
DEBUG:root:We got a drive command: rawX:-3.571000 and rawY:38.125000
DEBUG:root:Forward to the Left/Straight
DEBUG:root:Left=41.696000 Right=-3.571000
DEBUG:root:ScaledLeft: 468.816000 ScaledRight: 366.965250
INFO:root:Looping....
DEBUG:root:This is the line: drive:39.884:-2.976

DEBUG:root:We got command: drive
DEBUG:root:We got a drive command: rawX:-2.976000 and rawY:39.884000
DEBUG:root:Forward to the Left/Straight
DEBUG:root:Left=42.860000 Right=-2.976000
DEBUG:root:ScaledLeft: 471.435000 ScaledRight: 368.304000
INFO:root:Looping....
DEBUG:root:This is the line: drive:42.017:-2.976

DEBUG:root:We got command: drive
DEBUG:root:We got a drive command: rawX:-2.976000 and rawY:42.017000
DEBUG:root:Forward to the Left/Straight
DEBUG:root:Left=44.993000 Right=-2.976000
DEBUG:root:ScaledLeft: 476.234250 ScaledRight: 368.304000
INFO:root:Looping....
DEBUG:root:This is the line: drive:43.773:-2.976

DEBUG:root:We got command: drive
DEBUG:root:We got a drive command: rawX:-2.976000 and rawY:43.773000
DEBUG:root:Forward to the Left/Straight
DEBUG:root:Left=46.749000 Right=-2.976000
DEBUG:root:ScaledLeft: 480.185250 ScaledRight: 368.304000
INFO:root:Looping....
DEBUG:root:This is the line: drive:44.573:-2.976

DEBUG:root:We got command: drive
DEBUG:root:We got a drive command: rawX:-2.976000 and rawY:44.573000
DEBUG:root:Forward to the Left/Straight
DEBUG:root:Left=47.549000 Right=-2.976000
DEBUG:root:ScaledLeft: 481.985250 ScaledRight: 368.304000
INFO:root:Looping....
DEBUG:root:This is the line: drive:45.651:-2.976

DEBUG:root:We got command: drive
DEBUG:root:We got a drive command: rawX:-2.976000 and rawY:45.651000
DEBUG:root:Forward to the Left/Straight
DEBUG:root:Left=48.627000 Right=-2.976000
DEBUG:root:ScaledLeft: 484.410750 ScaledRight: 368.304000
INFO:root:Looping....
DEBUG:root:This is the line: drive:47.785:-2.009

DEBUG:root:We got command: drive
DEBUG:root:We got a drive command: rawX:-2.009000 and rawY:47.785000
DEBUG:root:Forward to the Left/Straight
DEBUG:root:Left=49.794000 Right=-2.009000
DEBUG:root:ScaledLeft: 487.036500 ScaledRight: 370.479750
INFO:root:Looping....
DEBUG:root:This is the line: drive:49.437:-1.182

DEBUG:root:We got command: drive
DEBUG:root:We got a drive command: rawX:-1.182000 and rawY:49.437000
DEBUG:root:Forward to the Left/Straight
DEBUG:root:Left=50.619000 Right=-1.182000
DEBUG:root:ScaledLeft: 488.892750 ScaledRight: 372.340500
INFO:root:Looping....
DEBUG:root:This is the line: drive:51.197:-0.298

DEBUG:root:We got command: drive
DEBUG:root:We got a drive command: rawX:-0.298000 and rawY:51.197000
DEBUG:root:Forward to the Left/Straight
DEBUG:root:Left=51.495000 Right=-0.298000
DEBUG:root:ScaledLeft: 490.863750 ScaledRight: 374.329500
INFO:root:Looping....
DEBUG:root:This is the line: drive:53.334:0.595

DEBUG:root:We got command: drive
DEBUG:root:We got a drive command: rawX:0.595000 and rawY:53.334000
DEBUG:root:Forward to the Right
DEBUG:root:Left=-0.595000 Right=-52.739000
DEBUG:root:ScaledLeft: 373.661250 ScaledRight: 256.337250
INFO:root:Looping....
DEBUG:root:This is the line: drive:55.805:1.19

DEBUG:root:We got command: drive
DEBUG:root:We got a drive command: rawX:1.190000 and rawY:55.805000
DEBUG:root:Forward to the Right
DEBUG:root:Left=-1.190000 Right=-54.615000
DEBUG:root:ScaledLeft: 372.322500 ScaledRight: 252.116250
INFO:root:Looping....
DEBUG:root:This is the line: drive:57.939:1.488

DEBUG:root:We got command: drive
DEBUG:root:We got a drive command: rawX:1.488000 and rawY:57.939000
DEBUG:root:Forward to the Right
DEBUG:root:Left=-1.488000 Right=-56.451000
DEBUG:root:ScaledLeft: 371.652000 ScaledRight: 247.985250
INFO:root:Looping....
DEBUG:root:This is the line: drive:59.706:1.488

DEBUG:root:We got command: drive
DEBUG:root:We got a drive command: rawX:1.488000 and rawY:59.706000
DEBUG:root:Forward to the Right
DEBUG:root:Left=-1.488000 Right=-58.218000
DEBUG:root:ScaledLeft: 371.652000 ScaledRight: 244.009500
INFO:root:Looping....
DEBUG:root:This is the line: drive:61.901:1.488

DEBUG:root:We got command: drive
DEBUG:root:We got a drive command: rawX:1.488000 and rawY:61.901000
DEBUG:root:Forward to the Right
DEBUG:root:Left=-1.488000 Right=-60.413000
DEBUG:root:ScaledLeft: 371.652000 ScaledRight: 239.070750
INFO:root:Looping....
DEBUG:root:This is the line: drive:64.528:1.488

DEBUG:root:We got command: drive
DEBUG:root:We got a drive command: rawX:1.488000 and rawY:64.528000
DEBUG:root:Forward to the Right
DEBUG:root:Left=-1.488000 Right=-63.040000
DEBUG:root:ScaledLeft: 371.652000 ScaledRight: 233.160000
INFO:root:Looping....
DEBUG:root:This is the line: drive:66.619:1.488

DEBUG:root:We got command: drive
DEBUG:root:We got a drive command: rawX:1.488000 and rawY:66.619000
DEBUG:root:Forward to the Right
DEBUG:root:Left=-1.488000 Right=-65.131000
DEBUG:root:ScaledLeft: 371.652000 ScaledRight: 228.455250
INFO:root:Looping....
DEBUG:root:This is the line: drive:68.714:1.488

DEBUG:root:We got command: drive
DEBUG:root:We got a drive command: rawX:1.488000 and rawY:68.714000
DEBUG:root:Forward to the Right
DEBUG:root:Left=-1.488000 Right=-67.226000
DEBUG:root:ScaledLeft: 371.652000 ScaledRight: 223.741500
INFO:root:Looping....
DEBUG:root:This is the line: drive:69.558:1.488

DEBUG:root:We got command: drive
DEBUG:root:We got a drive command: rawX:1.488000 and rawY:69.558000
DEBUG:root:Forward to the Right
DEBUG:root:Left=-1.488000 Right=-68.070000
DEBUG:root:ScaledLeft: 371.652000 ScaledRight: 221.842500
INFO:root:Looping....
DEBUG:root:This is the line: drive:70.781:1.488

DEBUG:root:We got command: drive
DEBUG:root:We got a drive command: rawX:1.488000 and rawY:70.781000
DEBUG:root:Forward to the Right
DEBUG:root:Left=-1.488000 Right=-69.293000
DEBUG:root:ScaledLeft: 371.652000 ScaledRight: 219.090750
INFO:root:Looping....
DEBUG:root:This is the line: drive:71.0:1.488

DEBUG:root:We got command: drive
DEBUG:root:We got a drive command: rawX:1.488000 and rawY:71.000000
DEBUG:root:Forward to the Right
DEBUG:root:Left=-1.488000 Right=-69.512000
DEBUG:root:ScaledLeft: 371.652000 ScaledRight: 218.598000
INFO:root:Looping....
DEBUG:root:This is the line: drive:72.069:1.488

DEBUG:root:We got command: drive
DEBUG:root:We got a drive command: rawX:1.488000 and rawY:72.069000
DEBUG:root:Forward to the Right
DEBUG:root:Left=-1.488000 Right=-70.581000
DEBUG:root:ScaledLeft: 371.652000 ScaledRight: 216.192750
INFO:root:Looping....
DEBUG:root:This is the line: drive:72.573:1.787

DEBUG:root:We got command: drive
DEBUG:root:We got a drive command: rawX:1.787000 and rawY:72.573000
DEBUG:root:Forward to the Right
DEBUG:root:Left=-1.787000 Right=-70.786000
DEBUG:root:ScaledLeft: 370.979250 ScaledRight: 215.731500
INFO:root:Looping....
DEBUG:root:This is the line: drive:72.871:1.786

DEBUG:root:We got command: drive
DEBUG:root:We got a drive command: rawX:1.786000 and rawY:72.871000
DEBUG:root:Forward to the Right
DEBUG:root:Left=-1.786000 Right=-71.085000
DEBUG:root:ScaledLeft: 370.981500 ScaledRight: 215.058750
INFO:root:Looping....
DEBUG:root:This is the line: drive:73.857:1.786

DEBUG:root:We got command: drive
DEBUG:root:We got a drive command: rawX:1.786000 and rawY:73.857000
DEBUG:root:Forward to the Right
DEBUG:root:Left=-1.786000 Right=-72.071000
DEBUG:root:ScaledLeft: 370.981500 ScaledRight: 212.840250
INFO:root:Looping....
DEBUG:root:This is the line: drive:73.857:1.786

DEBUG:root:We got command: drive
DEBUG:root:We got a drive command: rawX:1.786000 and rawY:73.857000
DEBUG:root:Forward to the Right
DEBUG:root:Left=-1.786000 Right=-72.071000
DEBUG:root:ScaledLeft: 370.981500 ScaledRight: 212.840250
INFO:root:Looping....
DEBUG:root:This is the line: drive:74.594:1.786

DEBUG:root:We got command: drive
DEBUG:root:We got a drive command: rawX:1.786000 and rawY:74.594000
DEBUG:root:Forward to the Right
DEBUG:root:Left=-1.786000 Right=-72.808000
DEBUG:root:ScaledLeft: 370.981500 ScaledRight: 211.182000
INFO:root:Looping....
DEBUG:root:This is the line: drive:75.26:1.786

DEBUG:root:We got command: drive
DEBUG:root:We got a drive command: rawX:1.786000 and rawY:75.260000
DEBUG:root:Forward to the Right
DEBUG:root:Left=-1.786000 Right=-73.474000
DEBUG:root:ScaledLeft: 370.981500 ScaledRight: 209.683500
INFO:root:Looping....
DEBUG:root:This is the line: drive:75.26:1.786

DEBUG:root:We got command: drive
DEBUG:root:We got a drive command: rawX:1.786000 and rawY:75.260000
DEBUG:root:Forward to the Right
DEBUG:root:Left=-1.786000 Right=-73.474000
DEBUG:root:ScaledLeft: 370.981500 ScaledRight: 209.683500
INFO:root:Looping....
DEBUG:root:This is the line: drive:75.785:1.786

DEBUG:root:We got command: drive
DEBUG:root:We got a drive command: rawX:1.786000 and rawY:75.785000
DEBUG:root:Forward to the Right
DEBUG:root:Left=-1.786000 Right=-73.999000
DEBUG:root:ScaledLeft: 370.981500 ScaledRight: 208.502250
INFO:root:Looping....
DEBUG:root:This is the line: drive:76.066:1.786

DEBUG:root:We got command: drive
DEBUG:root:We got a drive command: rawX:1.786000 and rawY:76.066000
DEBUG:root:Forward to the Right
DEBUG:root:Left=-1.786000 Right=-74.280000
DEBUG:root:ScaledLeft: 370.981500 ScaledRight: 207.870000
INFO:root:Looping....
DEBUG:root:This is the line: drive:76.299:1.786

DEBUG:root:We got command: drive
DEBUG:root:We got a drive command: rawX:1.786000 and rawY:76.299000
DEBUG:root:Forward to the Right
DEBUG:root:Left=-1.786000 Right=-74.513000
DEBUG:root:ScaledLeft: 370.981500 ScaledRight: 207.345750
INFO:root:Looping....
DEBUG:root:This is the line: drive:76.603:1.786

DEBUG:root:We got command: drive
DEBUG:root:We got a drive command: rawX:1.786000 and rawY:76.603000
DEBUG:root:Forward to the Right
DEBUG:root:Left=-1.786000 Right=-74.817000
DEBUG:root:ScaledLeft: 370.981500 ScaledRight: 206.661750
INFO:root:Looping....
DEBUG:root:This is the line: drive:76.603:1.786

DEBUG:root:We got command: drive
DEBUG:root:We got a drive command: rawX:1.786000 and rawY:76.603000
DEBUG:root:Forward to the Right
DEBUG:root:Left=-1.786000 Right=-74.817000
DEBUG:root:ScaledLeft: 370.981500 ScaledRight: 206.661750
INFO:root:Looping....
DEBUG:root:This is the line: drive:76.873:1.786

DEBUG:root:We got command: drive
DEBUG:root:We got a drive command: rawX:1.786000 and rawY:76.873000
DEBUG:root:Forward to the Right
DEBUG:root:Left=-1.786000 Right=-75.087000
DEBUG:root:ScaledLeft: 370.981500 ScaledRight: 206.054250
INFO:root:Looping....
DEBUG:root:This is the line: drive:77.201:1.786

DEBUG:root:We got command: drive
DEBUG:root:We got a drive command: rawX:1.786000 and rawY:77.201000
DEBUG:root:Forward to the Right
DEBUG:root:Left=-1.786000 Right=-75.415000
DEBUG:root:ScaledLeft: 370.981500 ScaledRight: 205.316250
INFO:root:Looping....
DEBUG:root:This is the line: drive:77.437:1.786

DEBUG:root:We got command: drive
DEBUG:root:We got a drive command: rawX:1.786000 and rawY:77.437000
DEBUG:root:Forward to the Right
DEBUG:root:Left=-1.786000 Right=-75.651000
DEBUG:root:ScaledLeft: 370.981500 ScaledRight: 204.785250
INFO:root:Looping....
DEBUG:root:This is the line: drive:77.437:1.786

DEBUG:root:We got command: drive
DEBUG:root:We got a drive command: rawX:1.786000 and rawY:77.437000
DEBUG:root:Forward to the Right
DEBUG:root:Left=-1.786000 Right=-75.651000
DEBUG:root:ScaledLeft: 370.981500 ScaledRight: 204.785250
INFO:root:Looping....
DEBUG:root:This is the line: drive:77.437:1.786

DEBUG:root:We got command: drive
DEBUG:root:We got a drive command: rawX:1.786000 and rawY:77.437000
DEBUG:root:Forward to the Right
DEBUG:root:Left=-1.786000 Right=-75.651000
DEBUG:root:ScaledLeft: 370.981500 ScaledRight: 204.785250
INFO:root:Looping....
DEBUG:root:This is the line: drive:77.437:1.786

DEBUG:root:We got command: drive
DEBUG:root:We got a drive command: rawX:1.786000 and rawY:77.437000
DEBUG:root:Forward to the Right
DEBUG:root:Left=-1.786000 Right=-75.651000
DEBUG:root:ScaledLeft: 370.981500 ScaledRight: 204.785250
INFO:root:Looping....
DEBUG:root:This is the line: drive:77.437:1.786

DEBUG:root:We got command: drive
DEBUG:root:We got a drive command: rawX:1.786000 and rawY:77.437000
DEBUG:root:Forward to the Right
DEBUG:root:Left=-1.786000 Right=-75.651000
DEBUG:root:ScaledLeft: 370.981500 ScaledRight: 204.785250
INFO:root:Looping....
DEBUG:root:This is the line: drive:77.437:1.786

DEBUG:root:We got command: drive
DEBUG:root:We got a drive command: rawX:1.786000 and rawY:77.437000
DEBUG:root:Forward to the Right
DEBUG:root:Left=-1.786000 Right=-75.651000
DEBUG:root:ScaledLeft: 370.981500 ScaledRight: 204.785250
INFO:root:Looping....
DEBUG:root:This is the line: drive:77.721:1.786

DEBUG:root:We got command: drive
DEBUG:root:We got a drive command: rawX:1.786000 and rawY:77.721000
DEBUG:root:Forward to the Right
DEBUG:root:Left=-1.786000 Right=-75.935000
DEBUG:root:ScaledLeft: 370.981500 ScaledRight: 204.146250
INFO:root:Looping....
DEBUG:root:This is the line: drive:77.721:1.786

DEBUG:root:We got command: drive
DEBUG:root:We got a drive command: rawX:1.786000 and rawY:77.721000
DEBUG:root:Forward to the Right
DEBUG:root:Left=-1.786000 Right=-75.935000
DEBUG:root:ScaledLeft: 370.981500 ScaledRight: 204.146250
INFO:root:Looping....
DEBUG:root:This is the line: drive:77.721:1.786

DEBUG:root:We got command: drive
DEBUG:root:We got a drive command: rawX:1.786000 and rawY:77.721000
DEBUG:root:Forward to the Right
DEBUG:root:Left=-1.786000 Right=-75.935000
DEBUG:root:ScaledLeft: 370.981500 ScaledRight: 204.146250
INFO:root:Looping....
DEBUG:root:This is the line: drive:78.018:1.786

DEBUG:root:We got command: drive
DEBUG:root:We got a drive command: rawX:1.786000 and rawY:78.018000
DEBUG:root:Forward to the Right
DEBUG:root:Left=-1.786000 Right=-76.232000
DEBUG:root:ScaledLeft: 370.981500 ScaledRight: 203.478000
INFO:root:Looping....
DEBUG:root:This is the line: drive:78.018:1.786

DEBUG:root:We got command: drive
DEBUG:root:We got a drive command: rawX:1.786000 and rawY:78.018000
DEBUG:root:Forward to the Right
DEBUG:root:Left=-1.786000 Right=-76.232000
DEBUG:root:ScaledLeft: 370.981500 ScaledRight: 203.478000
INFO:root:Looping....
DEBUG:root:This is the line: drive:78.641:1.786

DEBUG:root:We got command: drive
DEBUG:root:We got a drive command: rawX:1.786000 and rawY:78.641000
DEBUG:root:Forward to the Right
DEBUG:root:Left=-1.786000 Right=-76.855000
DEBUG:root:ScaledLeft: 370.981500 ScaledRight: 202.076250
INFO:root:Looping....
DEBUG:root:This is the line: drive:78.905:1.786

DEBUG:root:We got command: drive
DEBUG:root:We got a drive command: rawX:1.786000 and rawY:78.905000
DEBUG:root:Forward to the Right
DEBUG:root:Left=-1.786000 Right=-77.119000
DEBUG:root:ScaledLeft: 370.981500 ScaledRight: 201.482250
INFO:root:Looping....
DEBUG:root:This is the line: drive:78.905:1.786

DEBUG:root:We got command: drive
DEBUG:root:We got a drive command: rawX:1.786000 and rawY:78.905000
DEBUG:root:Forward to the Right
DEBUG:root:Left=-1.786000 Right=-77.119000
DEBUG:root:ScaledLeft: 370.981500 ScaledRight: 201.482250
INFO:root:Looping....
DEBUG:root:This is the line: drive:79.161:1.786

DEBUG:root:We got command: drive
DEBUG:root:We got a drive command: rawX:1.786000 and rawY:79.161000
DEBUG:root:Forward to the Right
DEBUG:root:Left=-1.786000 Right=-77.375000
DEBUG:root:ScaledLeft: 370.981500 ScaledRight: 200.906250
INFO:root:Looping....
DEBUG:root:This is the line: drive:79.161:1.786

DEBUG:root:We got command: drive
DEBUG:root:We got a drive command: rawX:1.786000 and rawY:79.161000
DEBUG:root:Forward to the Right
DEBUG:root:Left=-1.786000 Right=-77.375000
DEBUG:root:ScaledLeft: 370.981500 ScaledRight: 200.906250
INFO:root:Looping....
DEBUG:root:This is the line: drive:79.161:1.786

DEBUG:root:We got command: drive
DEBUG:root:We got a drive command: rawX:1.786000 and rawY:79.161000
DEBUG:root:Forward to the Right
DEBUG:root:Left=-1.786000 Right=-77.375000
DEBUG:root:ScaledLeft: 370.981500 ScaledRight: 200.906250
INFO:root:Looping....
DEBUG:root:This is the line: drive:79.161:1.786

DEBUG:root:We got command: drive
DEBUG:root:We got a drive command: rawX:1.786000 and rawY:79.161000
DEBUG:root:Forward to the Right
DEBUG:root:Left=-1.786000 Right=-77.375000
DEBUG:root:ScaledLeft: 370.981500 ScaledRight: 200.906250
INFO:root:Looping....
DEBUG:root:This is the line: drive:79.161:1.786

DEBUG:root:We got command: drive
DEBUG:root:We got a drive command: rawX:1.786000 and rawY:79.161000
DEBUG:root:Forward to the Right
DEBUG:root:Left=-1.786000 Right=-77.375000
DEBUG:root:ScaledLeft: 370.981500 ScaledRight: 200.906250
INFO:root:Looping....
DEBUG:root:This is the line: drive:79.161:1.786

DEBUG:root:We got command: drive
DEBUG:root:We got a drive command: rawX:1.786000 and rawY:79.161000
DEBUG:root:Forward to the Right
DEBUG:root:Left=-1.786000 Right=-77.375000
DEBUG:root:ScaledLeft: 370.981500 ScaledRight: 200.906250
INFO:root:Looping....
DEBUG:root:This is the line: drive:79.161:1.786

DEBUG:root:We got command: drive
DEBUG:root:We got a drive command: rawX:1.786000 and rawY:79.161000
DEBUG:root:Forward to the Right
DEBUG:root:Left=-1.786000 Right=-77.375000
DEBUG:root:ScaledLeft: 370.981500 ScaledRight: 200.906250
INFO:root:Looping....
DEBUG:root:This is the line: drive:79.161:1.786

DEBUG:root:We got command: drive
DEBUG:root:We got a drive command: rawX:1.786000 and rawY:79.161000
DEBUG:root:Forward to the Right
DEBUG:root:Left=-1.786000 Right=-77.375000
DEBUG:root:ScaledLeft: 370.981500 ScaledRight: 200.906250
INFO:root:Looping....
DEBUG:root:This is the line: drive:79.161:1.786

DEBUG:root:We got command: drive
DEBUG:root:We got a drive command: rawX:1.786000 and rawY:79.161000
DEBUG:root:Forward to the Right
DEBUG:root:Left=-1.786000 Right=-77.375000
DEBUG:root:ScaledLeft: 370.981500 ScaledRight: 200.906250
INFO:root:Looping....
DEBUG:root:This is the line: drive:79.161:1.786

DEBUG:root:We got command: drive
DEBUG:root:We got a drive command: rawX:1.786000 and rawY:79.161000
DEBUG:root:Forward to the Right
DEBUG:root:Left=-1.786000 Right=-77.375000
DEBUG:root:ScaledLeft: 370.981500 ScaledRight: 200.906250
INFO:root:Looping....
DEBUG:root:This is the line: drive:79.161:1.786

DEBUG:root:We got command: drive
DEBUG:root:We got a drive command: rawX:1.786000 and rawY:79.161000
DEBUG:root:Forward to the Right
DEBUG:root:Left=-1.786000 Right=-77.375000
DEBUG:root:ScaledLeft: 370.981500 ScaledRight: 200.906250
INFO:root:Looping....
DEBUG:root:This is the line: drive:79.161:1.786

DEBUG:root:We got command: drive
DEBUG:root:We got a drive command: rawX:1.786000 and rawY:79.161000
DEBUG:root:Forward to the Right
DEBUG:root:Left=-1.786000 Right=-77.375000
DEBUG:root:ScaledLeft: 370.981500 ScaledRight: 200.906250
INFO:root:Looping....
DEBUG:root:This is the line: drive:79.161:1.786

DEBUG:root:We got command: drive
DEBUG:root:We got a drive command: rawX:1.786000 and rawY:79.161000
DEBUG:root:Forward to the Right
DEBUG:root:Left=-1.786000 Right=-77.375000
DEBUG:root:ScaledLeft: 370.981500 ScaledRight: 200.906250
INFO:root:Looping....
DEBUG:root:This is the line: drive:79.161:1.786

DEBUG:root:We got command: drive
DEBUG:root:We got a drive command: rawX:1.786000 and rawY:79.161000
DEBUG:root:Forward to the Right
DEBUG:root:Left=-1.786000 Right=-77.375000
DEBUG:root:ScaledLeft: 370.981500 ScaledRight: 200.906250
INFO:root:Looping....
DEBUG:root:This is the line: drive:79.161:1.786

DEBUG:root:We got command: drive
DEBUG:root:We got a drive command: rawX:1.786000 and rawY:79.161000
DEBUG:root:Forward to the Right
DEBUG:root:Left=-1.786000 Right=-77.375000
DEBUG:root:ScaledLeft: 370.981500 ScaledRight: 200.906250
INFO:root:Looping....
DEBUG:root:This is the line: drive:79.161:1.786

DEBUG:root:We got command: drive
DEBUG:root:We got a drive command: rawX:1.786000 and rawY:79.161000
DEBUG:root:Forward to the Right
DEBUG:root:Left=-1.786000 Right=-77.375000
DEBUG:root:ScaledLeft: 370.981500 ScaledRight: 200.906250
INFO:root:Looping....
DEBUG:root:This is the line: drive:79.161:1.786

DEBUG:root:We got command: drive
DEBUG:root:We got a drive command: rawX:1.786000 and rawY:79.161000
DEBUG:root:Forward to the Right
DEBUG:root:Left=-1.786000 Right=-77.375000
DEBUG:root:ScaledLeft: 370.981500 ScaledRight: 200.906250
INFO:root:Looping....
DEBUG:root:This is the line: drive:79.161:1.786

DEBUG:root:We got command: drive
DEBUG:root:We got a drive command: rawX:1.786000 and rawY:79.161000
DEBUG:root:Forward to the Right
DEBUG:root:Left=-1.786000 Right=-77.375000
DEBUG:root:ScaledLeft: 370.981500 ScaledRight: 200.906250
INFO:root:Looping....
DEBUG:root:This is the line: drive:79.161:1.786

DEBUG:root:We got command: drive
DEBUG:root:We got a drive command: rawX:1.786000 and rawY:79.161000
DEBUG:root:Forward to the Right
DEBUG:root:Left=-1.786000 Right=-77.375000
DEBUG:root:ScaledLeft: 370.981500 ScaledRight: 200.906250
INFO:root:Looping....
DEBUG:root:This is the line: drive:79.161:1.786

DEBUG:root:We got command: drive
DEBUG:root:We got a drive command: rawX:1.786000 and rawY:79.161000
DEBUG:root:Forward to the Right
DEBUG:root:Left=-1.786000 Right=-77.375000
DEBUG:root:ScaledLeft: 370.981500 ScaledRight: 200.906250
INFO:root:Looping....
DEBUG:root:This is the line: drive:79.161:1.786

DEBUG:root:We got command: drive
DEBUG:root:We got a drive command: rawX:1.786000 and rawY:79.161000
DEBUG:root:Forward to the Right
DEBUG:root:Left=-1.786000 Right=-77.375000
DEBUG:root:ScaledLeft: 370.981500 ScaledRight: 200.906250
INFO:root:Looping....
DEBUG:root:This is the line: drive:79.161:1.786

DEBUG:root:We got command: drive
DEBUG:root:We got a drive command: rawX:1.786000 and rawY:79.161000
DEBUG:root:Forward to the Right
DEBUG:root:Left=-1.786000 Right=-77.375000
DEBUG:root:ScaledLeft: 370.981500 ScaledRight: 200.906250
INFO:root:Looping....
DEBUG:root:This is the line: drive:79.161:1.786

DEBUG:root:We got command: drive
DEBUG:root:We got a drive command: rawX:1.786000 and rawY:79.161000
DEBUG:root:Forward to the Right
DEBUG:root:Left=-1.786000 Right=-77.375000
DEBUG:root:ScaledLeft: 370.981500 ScaledRight: 200.906250
INFO:root:Looping....
DEBUG:root:This is the line: drive:79.161:1.786

DEBUG:root:We got command: drive
DEBUG:root:We got a drive command: rawX:1.786000 and rawY:79.161000
DEBUG:root:Forward to the Right
DEBUG:root:Left=-1.786000 Right=-77.375000
DEBUG:root:ScaledLeft: 370.981500 ScaledRight: 200.906250
INFO:root:Looping....
DEBUG:root:This is the line: drive:79.161:1.786

DEBUG:root:We got command: drive
DEBUG:root:We got a drive command: rawX:1.786000 and rawY:79.161000
DEBUG:root:Forward to the Right
DEBUG:root:Left=-1.786000 Right=-77.375000
DEBUG:root:ScaledLeft: 370.981500 ScaledRight: 200.906250
INFO:root:Looping....
DEBUG:root:This is the line: drive:79.161:1.786

DEBUG:root:We got command: drive
DEBUG:root:We got a drive command: rawX:1.786000 and rawY:79.161000
DEBUG:root:Forward to the Right
DEBUG:root:Left=-1.786000 Right=-77.375000
DEBUG:root:ScaledLeft: 370.981500 ScaledRight: 200.906250
INFO:root:Looping....
DEBUG:root:This is the line: drive:79.161:1.786

DEBUG:root:We got command: drive
DEBUG:root:We got a drive command: rawX:1.786000 and rawY:79.161000
DEBUG:root:Forward to the Right
DEBUG:root:Left=-1.786000 Right=-77.375000
DEBUG:root:ScaledLeft: 370.981500 ScaledRight: 200.906250
INFO:root:Looping....
DEBUG:root:This is the line: drive:79.161:1.786

DEBUG:root:We got command: drive
DEBUG:root:We got a drive command: rawX:1.786000 and rawY:79.161000
DEBUG:root:Forward to the Right
DEBUG:root:Left=-1.786000 Right=-77.375000
DEBUG:root:ScaledLeft: 370.981500 ScaledRight: 200.906250
INFO:root:Looping....
DEBUG:root:This is the line: drive:78.286:3.146

DEBUG:root:We got command: drive
DEBUG:root:We got a drive command: rawX:3.146000 and rawY:78.286000
DEBUG:root:Forward to the Right
DEBUG:root:Left=-3.146000 Right=-75.140000
DEBUG:root:ScaledLeft: 367.921500 ScaledRight: 205.935000
INFO:root:Looping....
DEBUG:root:This is the line: drive:78.286:5.208

DEBUG:root:We got command: drive
DEBUG:root:We got a drive command: rawX:5.208000 and rawY:78.286000
DEBUG:root:Forward to the Right
DEBUG:root:Left=-5.208000 Right=-73.078000
DEBUG:root:ScaledLeft: 363.282000 ScaledRight: 210.574500
INFO:root:Looping....
DEBUG:root:This is the line: drive:78.286:8.759

DEBUG:root:We got command: drive
DEBUG:root:We got a drive command: rawX:8.759000 and rawY:78.286000
DEBUG:root:Forward to the Right
DEBUG:root:Left=-8.759000 Right=-69.527000
DEBUG:root:ScaledLeft: 355.292250 ScaledRight: 218.564250
INFO:root:Looping....
DEBUG:root:This is the line: drive:78.286:13.145

DEBUG:root:We got command: drive
DEBUG:root:We got a drive command: rawX:13.145000 and rawY:78.286000
DEBUG:root:Forward to the Right
DEBUG:root:Left=-13.145000 Right=-65.141000
DEBUG:root:ScaledLeft: 345.423750 ScaledRight: 228.432750
INFO:root:Looping....
DEBUG:root:This is the line: drive:78.286:14.991

DEBUG:root:We got command: drive
DEBUG:root:We got a drive command: rawX:14.991000 and rawY:78.286000
DEBUG:root:Forward to the Right
DEBUG:root:Left=-14.991000 Right=-63.295000
DEBUG:root:ScaledLeft: 341.270250 ScaledRight: 232.586250
INFO:root:Looping....
DEBUG:root:This is the line: drive:78.286:17.198

DEBUG:root:We got command: drive
DEBUG:root:We got a drive command: rawX:17.198000 and rawY:78.286000
DEBUG:root:Forward to the Right
DEBUG:root:Left=-17.198000 Right=-61.088000
DEBUG:root:ScaledLeft: 336.304500 ScaledRight: 237.552000
INFO:root:Looping....
DEBUG:root:This is the line: drive:78.286:19.033

DEBUG:root:We got command: drive
DEBUG:root:We got a drive command: rawX:19.033000 and rawY:78.286000
DEBUG:root:Forward to the Right
DEBUG:root:Left=-19.033000 Right=-59.253000
DEBUG:root:ScaledLeft: 332.175750 ScaledRight: 241.680750
INFO:root:Looping....
DEBUG:root:This is the line: drive:78.286:21.257

DEBUG:root:We got command: drive
DEBUG:root:We got a drive command: rawX:21.257000 and rawY:78.286000
DEBUG:root:Forward to the Right
DEBUG:root:Left=-21.257000 Right=-57.029000
DEBUG:root:ScaledLeft: 327.171750 ScaledRight: 246.684750
INFO:root:Looping....
DEBUG:root:This is the line: drive:78.286:21.506

DEBUG:root:We got command: drive
DEBUG:root:We got a drive command: rawX:21.506000 and rawY:78.286000
DEBUG:root:Forward to the Right
DEBUG:root:Left=-21.506000 Right=-56.780000
DEBUG:root:ScaledLeft: 326.611500 ScaledRight: 247.245000
INFO:root:Looping....
DEBUG:root:This is the line: drive:78.286:22.11

DEBUG:root:We got command: drive
DEBUG:root:We got a drive command: rawX:22.110000 and rawY:78.286000
DEBUG:root:Forward to the Right
DEBUG:root:Left=-22.110000 Right=-56.176000
DEBUG:root:ScaledLeft: 325.252500 ScaledRight: 248.604000
INFO:root:Looping....
DEBUG:root:This is the line: drive:78.286:22.343

DEBUG:root:We got command: drive
DEBUG:root:We got a drive command: rawX:22.343000 and rawY:78.286000
DEBUG:root:Forward to the Right
DEBUG:root:Left=-22.343000 Right=-55.943000
DEBUG:root:ScaledLeft: 324.728250 ScaledRight: 249.128250
INFO:root:Looping....
DEBUG:root:This is the line: drive:78.286:23.065

DEBUG:root:We got command: drive
DEBUG:root:We got a drive command: rawX:23.065000 and rawY:78.286000
DEBUG:root:Forward to the Right
DEBUG:root:Left=-23.065000 Right=-55.221000
DEBUG:root:ScaledLeft: 323.103750 ScaledRight: 250.752750
INFO:root:Looping....
DEBUG:root:This is the line: drive:78.286:23.065

DEBUG:root:We got command: drive
DEBUG:root:We got a drive command: rawX:23.065000 and rawY:78.286000
DEBUG:root:Forward to the Right
DEBUG:root:Left=-23.065000 Right=-55.221000
DEBUG:root:ScaledLeft: 323.103750 ScaledRight: 250.752750
INFO:root:Looping....
DEBUG:root:This is the line: drive:78.286:23.065

DEBUG:root:We got command: drive
DEBUG:root:We got a drive command: rawX:23.065000 and rawY:78.286000
DEBUG:root:Forward to the Right
DEBUG:root:Left=-23.065000 Right=-55.221000
DEBUG:root:ScaledLeft: 323.103750 ScaledRight: 250.752750
INFO:root:Looping....
DEBUG:root:This is the line: drive:78.286:18.141

DEBUG:root:We got command: drive
DEBUG:root:We got a drive command: rawX:18.141000 and rawY:78.286000
DEBUG:root:Forward to the Right
DEBUG:root:Left=-18.141000 Right=-60.145000
DEBUG:root:ScaledLeft: 334.182750 ScaledRight: 239.673750
INFO:root:Looping....
DEBUG:root:This is the line: drive:78.286:14.374

DEBUG:root:We got command: drive
DEBUG:root:We got a drive command: rawX:14.374000 and rawY:78.286000
DEBUG:root:Forward to the Right
DEBUG:root:Left=-14.374000 Right=-63.912000
DEBUG:root:ScaledLeft: 342.658500 ScaledRight: 231.198000
INFO:root:Looping....
DEBUG:root:This is the line: drive:78.571:10.04

DEBUG:root:We got command: drive
DEBUG:root:We got a drive command: rawX:10.040000 and rawY:78.571000
DEBUG:root:Forward to the Right
DEBUG:root:Left=-10.040000 Right=-68.531000
DEBUG:root:ScaledLeft: 352.410000 ScaledRight: 220.805250
INFO:root:Looping....
DEBUG:root:This is the line: drive:78.571:7.86

DEBUG:root:We got command: drive
DEBUG:root:We got a drive command: rawX:7.860000 and rawY:78.571000
DEBUG:root:Forward to the Right
DEBUG:root:Left=-7.860000 Right=-70.711000
DEBUG:root:ScaledLeft: 357.315000 ScaledRight: 215.900250
INFO:root:Looping....
DEBUG:root:This is the line: drive:79.143:6.033

DEBUG:root:We got command: drive
DEBUG:root:We got a drive command: rawX:6.033000 and rawY:79.143000
DEBUG:root:Forward to the Right
DEBUG:root:Left=-6.033000 Right=-73.110000
DEBUG:root:ScaledLeft: 361.425750 ScaledRight: 210.502500
INFO:root:Looping....
DEBUG:root:This is the line: drive:79.143:3.814

DEBUG:root:We got command: drive
DEBUG:root:We got a drive command: rawX:3.814000 and rawY:79.143000
DEBUG:root:Forward to the Right
DEBUG:root:Left=-3.814000 Right=-75.329000
DEBUG:root:ScaledLeft: 366.418500 ScaledRight: 205.509750
INFO:root:Looping....
DEBUG:root:This is the line: drive:79.143:3.125

DEBUG:root:We got command: drive
DEBUG:root:We got a drive command: rawX:3.125000 and rawY:79.143000
DEBUG:root:Forward to the Right
DEBUG:root:Left=-3.125000 Right=-76.018000
DEBUG:root:ScaledLeft: 367.968750 ScaledRight: 203.959500
INFO:root:Looping....
DEBUG:root:This is the line: drive:79.143:2.587

DEBUG:root:We got command: drive
DEBUG:root:We got a drive command: rawX:2.587000 and rawY:79.143000
DEBUG:root:Forward to the Right
DEBUG:root:Left=-2.587000 Right=-76.556000
DEBUG:root:ScaledLeft: 369.179250 ScaledRight: 202.749000
INFO:root:Looping....
DEBUG:root:This is the line: drive:79.456:2.679

DEBUG:root:We got command: drive
DEBUG:root:We got a drive command: rawX:2.679000 and rawY:79.456000
DEBUG:root:Forward to the Right
DEBUG:root:Left=-2.679000 Right=-76.777000
DEBUG:root:ScaledLeft: 368.972250 ScaledRight: 202.251750
INFO:root:Looping....
DEBUG:root:This is the line: drive:79.429:2.323

DEBUG:root:We got command: drive
DEBUG:root:We got a drive command: rawX:2.323000 and rawY:79.429000
DEBUG:root:Forward to the Right
DEBUG:root:Left=-2.323000 Right=-77.106000
DEBUG:root:ScaledLeft: 369.773250 ScaledRight: 201.511500
INFO:root:Looping....
DEBUG:root:This is the line: drive:79.429:1.415

DEBUG:root:We got command: drive
DEBUG:root:We got a drive command: rawX:1.415000 and rawY:79.429000
DEBUG:root:Forward to the Right
DEBUG:root:Left=-1.415000 Right=-78.014000
DEBUG:root:ScaledLeft: 371.816250 ScaledRight: 199.468500
INFO:root:Looping....
DEBUG:root:This is the line: drive:79.429:1.415

DEBUG:root:We got command: drive
DEBUG:root:We got a drive command: rawX:1.415000 and rawY:79.429000
DEBUG:root:Forward to the Right
DEBUG:root:Left=-1.415000 Right=-78.014000
DEBUG:root:ScaledLeft: 371.816250 ScaledRight: 199.468500
INFO:root:Looping....
DEBUG:root:This is the line: drive:79.429:1.415

DEBUG:root:We got command: drive
DEBUG:root:We got a drive command: rawX:1.415000 and rawY:79.429000
DEBUG:root:Forward to the Right
DEBUG:root:Left=-1.415000 Right=-78.014000
DEBUG:root:ScaledLeft: 371.816250 ScaledRight: 199.468500
INFO:root:Looping....
DEBUG:root:This is the line: drive:79.429:1.415

DEBUG:root:We got command: drive
DEBUG:root:We got a drive command: rawX:1.415000 and rawY:79.429000
DEBUG:root:Forward to the Right
DEBUG:root:Left=-1.415000 Right=-78.014000
DEBUG:root:ScaledLeft: 371.816250 ScaledRight: 199.468500
INFO:root:Looping....
DEBUG:root:This is the line: drive:79.715:1.488

DEBUG:root:We got command: drive
DEBUG:root:We got a drive command: rawX:1.488000 and rawY:79.715000
DEBUG:root:Forward to the Right
DEBUG:root:Left=-1.488000 Right=-78.227000
DEBUG:root:ScaledLeft: 371.652000 ScaledRight: 198.989250
INFO:root:Looping....
DEBUG:root:This is the line: drive:79.715:1.488

DEBUG:root:We got command: drive
DEBUG:root:We got a drive command: rawX:1.488000 and rawY:79.715000
DEBUG:root:Forward to the Right
DEBUG:root:Left=-1.488000 Right=-78.227000
DEBUG:root:ScaledLeft: 371.652000 ScaledRight: 198.989250
INFO:root:Looping....
DEBUG:root:This is the line: drive:79.715:1.488

DEBUG:root:We got command: drive
DEBUG:root:We got a drive command: rawX:1.488000 and rawY:79.715000
DEBUG:root:Forward to the Right
DEBUG:root:Left=-1.488000 Right=-78.227000
DEBUG:root:ScaledLeft: 371.652000 ScaledRight: 198.989250
INFO:root:Looping....
DEBUG:root:This is the line: drive:79.715:1.488

DEBUG:root:We got command: drive
DEBUG:root:We got a drive command: rawX:1.488000 and rawY:79.715000
DEBUG:root:Forward to the Right
DEBUG:root:Left=-1.488000 Right=-78.227000
DEBUG:root:ScaledLeft: 371.652000 ScaledRight: 198.989250
INFO:root:Looping....
DEBUG:root:This is the line: drive:79.715:1.488

DEBUG:root:We got command: drive
DEBUG:root:We got a drive command: rawX:1.488000 and rawY:79.715000
DEBUG:root:Forward to the Right
DEBUG:root:Left=-1.488000 Right=-78.227000
DEBUG:root:ScaledLeft: 371.652000 ScaledRight: 198.989250
INFO:root:Looping....
DEBUG:root:This is the line: drive:80.008:1.488

DEBUG:root:We got command: drive
DEBUG:root:We got a drive command: rawX:1.488000 and rawY:80.008000
DEBUG:root:Forward to the Right
DEBUG:root:Left=-1.488000 Right=-78.520000
DEBUG:root:ScaledLeft: 371.652000 ScaledRight: 198.330000
INFO:root:Looping....
DEBUG:root:This is the line: drive:80.304:1.488

DEBUG:root:We got command: drive
DEBUG:root:We got a drive command: rawX:1.488000 and rawY:80.304000
DEBUG:root:Forward to the Right
DEBUG:root:Left=-1.488000 Right=-78.816000
DEBUG:root:ScaledLeft: 371.652000 ScaledRight: 197.664000
INFO:root:Looping....
DEBUG:root:This is the line: drive:80.304:1.488

DEBUG:root:We got command: drive
DEBUG:root:We got a drive command: rawX:1.488000 and rawY:80.304000
DEBUG:root:Forward to the Right
DEBUG:root:Left=-1.488000 Right=-78.816000
DEBUG:root:ScaledLeft: 371.652000 ScaledRight: 197.664000
INFO:root:Looping....
DEBUG:root:This is the line: drive:80.304:1.488

DEBUG:root:We got command: drive
DEBUG:root:We got a drive command: rawX:1.488000 and rawY:80.304000
DEBUG:root:Forward to the Right
DEBUG:root:Left=-1.488000 Right=-78.816000
DEBUG:root:ScaledLeft: 371.652000 ScaledRight: 197.664000
INFO:root:Looping....
DEBUG:root:This is the line: drive:80.304:1.488

DEBUG:root:We got command: drive
DEBUG:root:We got a drive command: rawX:1.488000 and rawY:80.304000
DEBUG:root:Forward to the Right
DEBUG:root:Left=-1.488000 Right=-78.816000
DEBUG:root:ScaledLeft: 371.652000 ScaledRight: 197.664000
INFO:root:Looping....
DEBUG:root:This is the line: drive:80.304:1.488

DEBUG:root:We got command: drive
DEBUG:root:We got a drive command: rawX:1.488000 and rawY:80.304000
DEBUG:root:Forward to the Right
DEBUG:root:Left=-1.488000 Right=-78.816000
DEBUG:root:ScaledLeft: 371.652000 ScaledRight: 197.664000
INFO:root:Looping....
DEBUG:root:This is the line: drive:80.304:1.488

DEBUG:root:We got command: drive
DEBUG:root:We got a drive command: rawX:1.488000 and rawY:80.304000
DEBUG:root:Forward to the Right
DEBUG:root:Left=-1.488000 Right=-78.816000
DEBUG:root:ScaledLeft: 371.652000 ScaledRight: 197.664000
INFO:root:Looping....
DEBUG:root:This is the line: drive:80.304:1.488

DEBUG:root:We got command: drive
DEBUG:root:We got a drive command: rawX:1.488000 and rawY:80.304000
DEBUG:root:Forward to the Right
DEBUG:root:Left=-1.488000 Right=-78.816000
DEBUG:root:ScaledLeft: 371.652000 ScaledRight: 197.664000
INFO:root:Looping....
DEBUG:root:This is the line: drive:80.304:1.488

DEBUG:root:We got command: drive
DEBUG:root:We got a drive command: rawX:1.488000 and rawY:80.304000
DEBUG:root:Forward to the Right
DEBUG:root:Left=-1.488000 Right=-78.816000
DEBUG:root:ScaledLeft: 371.652000 ScaledRight: 197.664000
INFO:root:Looping....
DEBUG:root:This is the line: drive:80.304:1.488

DEBUG:root:We got command: drive
DEBUG:root:We got a drive command: rawX:1.488000 and rawY:80.304000
DEBUG:root:Forward to the Right
DEBUG:root:Left=-1.488000 Right=-78.816000
DEBUG:root:ScaledLeft: 371.652000 ScaledRight: 197.664000
INFO:root:Looping....
DEBUG:root:This is the line: drive:80.573:1.488

DEBUG:root:We got command: drive
DEBUG:root:We got a drive command: rawX:1.488000 and rawY:80.573000
DEBUG:root:Forward to the Right
DEBUG:root:Left=-1.488000 Right=-79.085000
DEBUG:root:ScaledLeft: 371.652000 ScaledRight: 197.058750
INFO:root:Looping....
DEBUG:root:This is the line: drive:80.573:1.488

DEBUG:root:We got command: drive
DEBUG:root:We got a drive command: rawX:1.488000 and rawY:80.573000
DEBUG:root:Forward to the Right
DEBUG:root:Left=-1.488000 Right=-79.085000
DEBUG:root:ScaledLeft: 371.652000 ScaledRight: 197.058750
INFO:root:Looping....
DEBUG:root:This is the line: drive:80.573:1.488

DEBUG:root:We got command: drive
DEBUG:root:We got a drive command: rawX:1.488000 and rawY:80.573000
DEBUG:root:Forward to the Right
DEBUG:root:Left=-1.488000 Right=-79.085000
DEBUG:root:ScaledLeft: 371.652000 ScaledRight: 197.058750
INFO:root:Looping....
DEBUG:root:This is the line: drive:80.573:1.488

DEBUG:root:We got command: drive
DEBUG:root:We got a drive command: rawX:1.488000 and rawY:80.573000
DEBUG:root:Forward to the Right
DEBUG:root:Left=-1.488000 Right=-79.085000
DEBUG:root:ScaledLeft: 371.652000 ScaledRight: 197.058750
INFO:root:Looping....
DEBUG:root:This is the line: drive:80.573:1.488

DEBUG:root:We got command: drive
DEBUG:root:We got a drive command: rawX:1.488000 and rawY:80.573000
DEBUG:root:Forward to the Right
DEBUG:root:Left=-1.488000 Right=-79.085000
DEBUG:root:ScaledLeft: 371.652000 ScaledRight: 197.058750
INFO:root:Looping....
DEBUG:root:This is the line: drive:80.573:1.488

DEBUG:root:We got command: drive
DEBUG:root:We got a drive command: rawX:1.488000 and rawY:80.573000
DEBUG:root:Forward to the Right
DEBUG:root:Left=-1.488000 Right=-79.085000
DEBUG:root:ScaledLeft: 371.652000 ScaledRight: 197.058750
INFO:root:Looping....
DEBUG:root:This is the line: drive:80.573:1.488

DEBUG:root:We got command: drive
DEBUG:root:We got a drive command: rawX:1.488000 and rawY:80.573000
DEBUG:root:Forward to the Right
DEBUG:root:Left=-1.488000 Right=-79.085000
DEBUG:root:ScaledLeft: 371.652000 ScaledRight: 197.058750
INFO:root:Looping....
DEBUG:root:This is the line: drive:80.573:1.488

DEBUG:root:We got command: drive
DEBUG:root:We got a drive command: rawX:1.488000 and rawY:80.573000
DEBUG:root:Forward to the Right
DEBUG:root:Left=-1.488000 Right=-79.085000
DEBUG:root:ScaledLeft: 371.652000 ScaledRight: 197.058750
INFO:root:Looping....
DEBUG:root:This is the line: drive:80.573:1.488

DEBUG:root:We got command: drive
DEBUG:root:We got a drive command: rawX:1.488000 and rawY:80.573000
DEBUG:root:Forward to the Right
DEBUG:root:Left=-1.488000 Right=-79.085000
DEBUG:root:ScaledLeft: 371.652000 ScaledRight: 197.058750
INFO:root:Looping....
DEBUG:root:This is the line: drive:80.573:1.488

DEBUG:root:We got command: drive
DEBUG:root:We got a drive command: rawX:1.488000 and rawY:80.573000
DEBUG:root:Forward to the Right
DEBUG:root:Left=-1.488000 Right=-79.085000
DEBUG:root:ScaledLeft: 371.652000 ScaledRight: 197.058750
INFO:root:Looping....
DEBUG:root:This is the line: drive:80.573:1.488

DEBUG:root:We got command: drive
DEBUG:root:We got a drive command: rawX:1.488000 and rawY:80.573000
DEBUG:root:Forward to the Right
DEBUG:root:Left=-1.488000 Right=-79.085000
DEBUG:root:ScaledLeft: 371.652000 ScaledRight: 197.058750
INFO:root:Looping....
DEBUG:root:This is the line: drive:80.573:1.488

DEBUG:root:We got command: drive
DEBUG:root:We got a drive command: rawX:1.488000 and rawY:80.573000
DEBUG:root:Forward to the Right
DEBUG:root:Left=-1.488000 Right=-79.085000
DEBUG:root:ScaledLeft: 371.652000 ScaledRight: 197.058750
INFO:root:Looping....
DEBUG:root:This is the line: drive:80.573:1.488

DEBUG:root:We got command: drive
DEBUG:root:We got a drive command: rawX:1.488000 and rawY:80.573000
DEBUG:root:Forward to the Right
DEBUG:root:Left=-1.488000 Right=-79.085000
DEBUG:root:ScaledLeft: 371.652000 ScaledRight: 197.058750
INFO:root:Looping....
DEBUG:root:This is the line: drive:80.857:1.488

DEBUG:root:We got command: drive
DEBUG:root:We got a drive command: rawX:1.488000 and rawY:80.857000
DEBUG:root:Forward to the Right
DEBUG:root:Left=-1.488000 Right=-79.369000
DEBUG:root:ScaledLeft: 371.652000 ScaledRight: 196.419750
INFO:root:Looping....
DEBUG:root:This is the line: drive:80.857:1.488

DEBUG:root:We got command: drive
DEBUG:root:We got a drive command: rawX:1.488000 and rawY:80.857000
DEBUG:root:Forward to the Right
DEBUG:root:Left=-1.488000 Right=-79.369000
DEBUG:root:ScaledLeft: 371.652000 ScaledRight: 196.419750
INFO:root:Looping....
DEBUG:root:This is the line: drive:80.857:1.488

DEBUG:root:We got command: drive
DEBUG:root:We got a drive command: rawX:1.488000 and rawY:80.857000
DEBUG:root:Forward to the Right
DEBUG:root:Left=-1.488000 Right=-79.369000
DEBUG:root:ScaledLeft: 371.652000 ScaledRight: 196.419750
INFO:root:Looping....
DEBUG:root:This is the line: drive:80.857:1.488

DEBUG:root:We got command: drive
DEBUG:root:We got a drive command: rawX:1.488000 and rawY:80.857000
DEBUG:root:Forward to the Right
DEBUG:root:Left=-1.488000 Right=-79.369000
DEBUG:root:ScaledLeft: 371.652000 ScaledRight: 196.419750
INFO:root:Looping....
DEBUG:root:This is the line: drive:80.857:1.488

DEBUG:root:We got command: drive
DEBUG:root:We got a drive command: rawX:1.488000 and rawY:80.857000
DEBUG:root:Forward to the Right
DEBUG:root:Left=-1.488000 Right=-79.369000
DEBUG:root:ScaledLeft: 371.652000 ScaledRight: 196.419750
INFO:root:Looping....
DEBUG:root:This is the line: drive:80.857:1.488

DEBUG:root:We got command: drive
DEBUG:root:We got a drive command: rawX:1.488000 and rawY:80.857000
DEBUG:root:Forward to the Right
DEBUG:root:Left=-1.488000 Right=-79.369000
DEBUG:root:ScaledLeft: 371.652000 ScaledRight: 196.419750
INFO:root:Looping....
DEBUG:root:This is the line: drive:80.857:1.488

DEBUG:root:We got command: drive
DEBUG:root:We got a drive command: rawX:1.488000 and rawY:80.857000
DEBUG:root:Forward to the Right
DEBUG:root:Left=-1.488000 Right=-79.369000
DEBUG:root:ScaledLeft: 371.652000 ScaledRight: 196.419750
INFO:root:Looping....
DEBUG:root:This is the line: drive:80.857:1.488

DEBUG:root:We got command: drive
DEBUG:root:We got a drive command: rawX:1.488000 and rawY:80.857000
DEBUG:root:Forward to the Right
DEBUG:root:Left=-1.488000 Right=-79.369000
DEBUG:root:ScaledLeft: 371.652000 ScaledRight: 196.419750
INFO:root:Looping....
DEBUG:root:This is the line: drive:80.857:1.488

DEBUG:root:We got command: drive
DEBUG:root:We got a drive command: rawX:1.488000 and rawY:80.857000
DEBUG:root:Forward to the Right
DEBUG:root:Left=-1.488000 Right=-79.369000
DEBUG:root:ScaledLeft: 371.652000 ScaledRight: 196.419750
INFO:root:Looping....
DEBUG:root:This is the line: drive:80.857:1.488

DEBUG:root:We got command: drive
DEBUG:root:We got a drive command: rawX:1.488000 and rawY:80.857000
DEBUG:root:Forward to the Right
DEBUG:root:Left=-1.488000 Right=-79.369000
DEBUG:root:ScaledLeft: 371.652000 ScaledRight: 196.419750
INFO:root:Looping....
DEBUG:root:This is the line: drive:80.857:1.488

DEBUG:root:We got command: drive
DEBUG:root:We got a drive command: rawX:1.488000 and rawY:80.857000
DEBUG:root:Forward to the Right
DEBUG:root:Left=-1.488000 Right=-79.369000
DEBUG:root:ScaledLeft: 371.652000 ScaledRight: 196.419750
INFO:root:Looping....
DEBUG:root:This is the line: drive:80.857:1.488

DEBUG:root:We got command: drive
DEBUG:root:We got a drive command: rawX:1.488000 and rawY:80.857000
DEBUG:root:Forward to the Right
DEBUG:root:Left=-1.488000 Right=-79.369000
DEBUG:root:ScaledLeft: 371.652000 ScaledRight: 196.419750
INFO:root:Looping....
DEBUG:root:This is the line: drive:80.857:1.488

DEBUG:root:We got command: drive
DEBUG:root:We got a drive command: rawX:1.488000 and rawY:80.857000
DEBUG:root:Forward to the Right
DEBUG:root:Left=-1.488000 Right=-79.369000
DEBUG:root:ScaledLeft: 371.652000 ScaledRight: 196.419750
INFO:root:Looping....
DEBUG:root:This is the line: drive:80.857:1.488

DEBUG:root:We got command: drive
DEBUG:root:We got a drive command: rawX:1.488000 and rawY:80.857000
DEBUG:root:Forward to the Right
DEBUG:root:Left=-1.488000 Right=-79.369000
DEBUG:root:ScaledLeft: 371.652000 ScaledRight: 196.419750
INFO:root:Looping....
DEBUG:root:This is the line: drive:80.857:1.488

DEBUG:root:We got command: drive
DEBUG:root:We got a drive command: rawX:1.488000 and rawY:80.857000
DEBUG:root:Forward to the Right
DEBUG:root:Left=-1.488000 Right=-79.369000
DEBUG:root:ScaledLeft: 371.652000 ScaledRight: 196.419750
INFO:root:Looping....
DEBUG:root:This is the line: drive:80.857:1.488

DEBUG:root:We got command: drive
DEBUG:root:We got a drive command: rawX:1.488000 and rawY:80.857000
DEBUG:root:Forward to the Right
DEBUG:root:Left=-1.488000 Right=-79.369000
DEBUG:root:ScaledLeft: 371.652000 ScaledRight: 196.419750
INFO:root:Looping....
DEBUG:root:This is the line: drive:80.857:1.488

DEBUG:root:We got command: drive
DEBUG:root:We got a drive command: rawX:1.488000 and rawY:80.857000
DEBUG:root:Forward to the Right
DEBUG:root:Left=-1.488000 Right=-79.369000
DEBUG:root:ScaledLeft: 371.652000 ScaledRight: 196.419750
INFO:root:Looping....
DEBUG:root:This is the line: drive:80.857:1.488

DEBUG:root:We got command: drive
DEBUG:root:We got a drive command: rawX:1.488000 and rawY:80.857000
DEBUG:root:Forward to the Right
DEBUG:root:Left=-1.488000 Right=-79.369000
DEBUG:root:ScaledLeft: 371.652000 ScaledRight: 196.419750
INFO:root:Looping....
DEBUG:root:This is the line: drive:80.857:1.488

DEBUG:root:We got command: drive
DEBUG:root:We got a drive command: rawX:1.488000 and rawY:80.857000
DEBUG:root:Forward to the Right
DEBUG:root:Left=-1.488000 Right=-79.369000
DEBUG:root:ScaledLeft: 371.652000 ScaledRight: 196.419750
INFO:root:Looping....
DEBUG:root:This is the line: drive:80.857:1.488

DEBUG:root:We got command: drive
DEBUG:root:We got a drive command: rawX:1.488000 and rawY:80.857000
DEBUG:root:Forward to the Right
DEBUG:root:Left=-1.488000 Right=-79.369000
DEBUG:root:ScaledLeft: 371.652000 ScaledRight: 196.419750
INFO:root:Looping....
DEBUG:root:This is the line: drive:80.857:1.488

DEBUG:root:We got command: drive
DEBUG:root:We got a drive command: rawX:1.488000 and rawY:80.857000
DEBUG:root:Forward to the Right
DEBUG:root:Left=-1.488000 Right=-79.369000
DEBUG:root:ScaledLeft: 371.652000 ScaledRight: 196.419750
INFO:root:Looping....
DEBUG:root:This is the line: drive:80.857:1.488

DEBUG:root:We got command: drive
DEBUG:root:We got a drive command: rawX:1.488000 and rawY:80.857000
DEBUG:root:Forward to the Right
DEBUG:root:Left=-1.488000 Right=-79.369000
DEBUG:root:ScaledLeft: 371.652000 ScaledRight: 196.419750
INFO:root:Looping....
DEBUG:root:This is the line: drive:80.857:1.488

DEBUG:root:We got command: drive
DEBUG:root:We got a drive command: rawX:1.488000 and rawY:80.857000
DEBUG:root:Forward to the Right
DEBUG:root:Left=-1.488000 Right=-79.369000
DEBUG:root:ScaledLeft: 371.652000 ScaledRight: 196.419750
INFO:root:Looping....
DEBUG:root:This is the line: drive:80.857:1.488

DEBUG:root:We got command: drive
DEBUG:root:We got a drive command: rawX:1.488000 and rawY:80.857000
DEBUG:root:Forward to the Right
DEBUG:root:Left=-1.488000 Right=-79.369000
DEBUG:root:ScaledLeft: 371.652000 ScaledRight: 196.419750
INFO:root:Looping....
DEBUG:root:This is the line: drive:80.857:1.488

DEBUG:root:We got command: drive
DEBUG:root:We got a drive command: rawX:1.488000 and rawY:80.857000
DEBUG:root:Forward to the Right
DEBUG:root:Left=-1.488000 Right=-79.369000
DEBUG:root:ScaledLeft: 371.652000 ScaledRight: 196.419750
INFO:root:Looping....
DEBUG:root:This is the line: drive:80.857:1.488

DEBUG:root:We got command: drive
DEBUG:root:We got a drive command: rawX:1.488000 and rawY:80.857000
DEBUG:root:Forward to the Right
DEBUG:root:Left=-1.488000 Right=-79.369000
DEBUG:root:ScaledLeft: 371.652000 ScaledRight: 196.419750
INFO:root:Looping....
DEBUG:root:This is the line: drive:80.857:1.488

DEBUG:root:We got command: drive
DEBUG:root:We got a drive command: rawX:1.488000 and rawY:80.857000
DEBUG:root:Forward to the Right
DEBUG:root:Left=-1.488000 Right=-79.369000
DEBUG:root:ScaledLeft: 371.652000 ScaledRight: 196.419750
INFO:root:Looping....
DEBUG:root:This is the line: drive:80.857:1.488

DEBUG:root:We got command: drive
DEBUG:root:We got a drive command: rawX:1.488000 and rawY:80.857000
DEBUG:root:Forward to the Right
DEBUG:root:Left=-1.488000 Right=-79.369000
DEBUG:root:ScaledLeft: 371.652000 ScaledRight: 196.419750
INFO:root:Looping....
DEBUG:root:This is the line: drive:80.857:1.488

DEBUG:root:We got command: drive
DEBUG:root:We got a drive command: rawX:1.488000 and rawY:80.857000
DEBUG:root:Forward to the Right
DEBUG:root:Left=-1.488000 Right=-79.369000
DEBUG:root:ScaledLeft: 371.652000 ScaledRight: 196.419750
INFO:root:Looping....
DEBUG:root:This is the line: drive:80.857:1.488

DEBUG:root:We got command: drive
DEBUG:root:We got a drive command: rawX:1.488000 and rawY:80.857000
DEBUG:root:Forward to the Right
DEBUG:root:Left=-1.488000 Right=-79.369000
DEBUG:root:ScaledLeft: 371.652000 ScaledRight: 196.419750
INFO:root:Looping....
DEBUG:root:This is the line: drive:80.857:1.488

DEBUG:root:We got command: drive
DEBUG:root:We got a drive command: rawX:1.488000 and rawY:80.857000
DEBUG:root:Forward to the Right
DEBUG:root:Left=-1.488000 Right=-79.369000
DEBUG:root:ScaledLeft: 371.652000 ScaledRight: 196.419750
INFO:root:Looping....
DEBUG:root:This is the line: drive:80.857:1.488

DEBUG:root:We got command: drive
DEBUG:root:We got a drive command: rawX:1.488000 and rawY:80.857000
DEBUG:root:Forward to the Right
DEBUG:root:Left=-1.488000 Right=-79.369000
DEBUG:root:ScaledLeft: 371.652000 ScaledRight: 196.419750
INFO:root:Looping....
DEBUG:root:This is the line: drive:80.857:1.488

DEBUG:root:We got command: drive
DEBUG:root:We got a drive command: rawX:1.488000 and rawY:80.857000
DEBUG:root:Forward to the Right
DEBUG:root:Left=-1.488000 Right=-79.369000
DEBUG:root:ScaledLeft: 371.652000 ScaledRight: 196.419750
INFO:root:Looping....
DEBUG:root:This is the line: drive:80.857:1.488

DEBUG:root:We got command: drive
DEBUG:root:We got a drive command: rawX:1.488000 and rawY:80.857000
DEBUG:root:Forward to the Right
DEBUG:root:Left=-1.488000 Right=-79.369000
DEBUG:root:ScaledLeft: 371.652000 ScaledRight: 196.419750
INFO:root:Looping....
DEBUG:root:This is the line: drive:80.857:1.488

DEBUG:root:We got command: drive
DEBUG:root:We got a drive command: rawX:1.488000 and rawY:80.857000
DEBUG:root:Forward to the Right
DEBUG:root:Left=-1.488000 Right=-79.369000
DEBUG:root:ScaledLeft: 371.652000 ScaledRight: 196.419750
INFO:root:Looping....
DEBUG:root:This is the line: drive:80.857:1.488

DEBUG:root:We got command: drive
DEBUG:root:We got a drive command: rawX:1.488000 and rawY:80.857000
DEBUG:root:Forward to the Right
DEBUG:root:Left=-1.488000 Right=-79.369000
DEBUG:root:ScaledLeft: 371.652000 ScaledRight: 196.419750
INFO:root:Looping....
DEBUG:root:This is the line: drive:80.857:1.488

DEBUG:root:We got command: drive
DEBUG:root:We got a drive command: rawX:1.488000 and rawY:80.857000
DEBUG:root:Forward to the Right
DEBUG:root:Left=-1.488000 Right=-79.369000
DEBUG:root:ScaledLeft: 371.652000 ScaledRight: 196.419750
INFO:root:Looping....
DEBUG:root:This is the line: drive:80.857:1.488

DEBUG:root:We got command: drive
DEBUG:root:We got a drive command: rawX:1.488000 and rawY:80.857000
DEBUG:root:Forward to the Right
DEBUG:root:Left=-1.488000 Right=-79.369000
DEBUG:root:ScaledLeft: 371.652000 ScaledRight: 196.419750
INFO:root:Looping....
DEBUG:root:This is the line: drive:80.857:1.488

DEBUG:root:We got command: drive
DEBUG:root:We got a drive command: rawX:1.488000 and rawY:80.857000
DEBUG:root:Forward to the Right
DEBUG:root:Left=-1.488000 Right=-79.369000
DEBUG:root:ScaledLeft: 371.652000 ScaledRight: 196.419750
INFO:root:Looping....
DEBUG:root:This is the line: drive:80.857:1.488

DEBUG:root:We got command: drive
DEBUG:root:We got a drive command: rawX:1.488000 and rawY:80.857000
DEBUG:root:Forward to the Right
DEBUG:root:Left=-1.488000 Right=-79.369000
DEBUG:root:ScaledLeft: 371.652000 ScaledRight: 196.419750
INFO:root:Looping....
DEBUG:root:This is the line: drive:80.857:1.488

DEBUG:root:We got command: drive
DEBUG:root:We got a drive command: rawX:1.488000 and rawY:80.857000
DEBUG:root:Forward to the Right
DEBUG:root:Left=-1.488000 Right=-79.369000
DEBUG:root:ScaledLeft: 371.652000 ScaledRight: 196.419750
INFO:root:Looping....
DEBUG:root:This is the line: drive:80.857:1.488

DEBUG:root:We got command: drive
DEBUG:root:We got a drive command: rawX:1.488000 and rawY:80.857000
DEBUG:root:Forward to the Right
DEBUG:root:Left=-1.488000 Right=-79.369000
DEBUG:root:ScaledLeft: 371.652000 ScaledRight: 196.419750
INFO:root:Looping....
DEBUG:root:This is the line: drive:80.857:1.488

DEBUG:root:We got command: drive
DEBUG:root:We got a drive command: rawX:1.488000 and rawY:80.857000
DEBUG:root:Forward to the Right
DEBUG:root:Left=-1.488000 Right=-79.369000
DEBUG:root:ScaledLeft: 371.652000 ScaledRight: 196.419750
INFO:root:Looping....
DEBUG:root:This is the line: drive:80.857:1.488

DEBUG:root:We got command: drive
DEBUG:root:We got a drive command: rawX:1.488000 and rawY:80.857000
DEBUG:root:Forward to the Right
DEBUG:root:Left=-1.488000 Right=-79.369000
DEBUG:root:ScaledLeft: 371.652000 ScaledRight: 196.419750
INFO:root:Looping....
DEBUG:root:This is the line: drive:80.857:1.488

DEBUG:root:We got command: drive
DEBUG:root:We got a drive command: rawX:1.488000 and rawY:80.857000
DEBUG:root:Forward to the Right
DEBUG:root:Left=-1.488000 Right=-79.369000
DEBUG:root:ScaledLeft: 371.652000 ScaledRight: 196.419750
INFO:root:Looping....
DEBUG:root:This is the line: drive:80.857:1.488

DEBUG:root:We got command: drive
DEBUG:root:We got a drive command: rawX:1.488000 and rawY:80.857000
DEBUG:root:Forward to the Right
DEBUG:root:Left=-1.488000 Right=-79.369000
DEBUG:root:ScaledLeft: 371.652000 ScaledRight: 196.419750
INFO:root:Looping....
DEBUG:root:This is the line: drive:80.857:1.488

DEBUG:root:We got command: drive
DEBUG:root:We got a drive command: rawX:1.488000 and rawY:80.857000
DEBUG:root:Forward to the Right
DEBUG:root:Left=-1.488000 Right=-79.369000
DEBUG:root:ScaledLeft: 371.652000 ScaledRight: 196.419750
INFO:root:Looping....
DEBUG:root:This is the line: drive:81.144:1.488

DEBUG:root:We got command: drive
DEBUG:root:We got a drive command: rawX:1.488000 and rawY:81.144000
DEBUG:root:Forward to the Right
DEBUG:root:Left=-1.488000 Right=-79.656000
DEBUG:root:ScaledLeft: 371.652000 ScaledRight: 195.774000
INFO:root:Looping....
DEBUG:root:This is the line: drive:81.144:1.488

DEBUG:root:We got command: drive
DEBUG:root:We got a drive command: rawX:1.488000 and rawY:81.144000
DEBUG:root:Forward to the Right
DEBUG:root:Left=-1.488000 Right=-79.656000
DEBUG:root:ScaledLeft: 371.652000 ScaledRight: 195.774000
INFO:root:Looping....
DEBUG:root:This is the line: drive:81.144:1.488

DEBUG:root:We got command: drive
DEBUG:root:We got a drive command: rawX:1.488000 and rawY:81.144000
DEBUG:root:Forward to the Right
DEBUG:root:Left=-1.488000 Right=-79.656000
DEBUG:root:ScaledLeft: 371.652000 ScaledRight: 195.774000
INFO:root:Looping....
DEBUG:root:This is the line: drive:81.144:1.488

DEBUG:root:We got command: drive
DEBUG:root:We got a drive command: rawX:1.488000 and rawY:81.144000
DEBUG:root:Forward to the Right
DEBUG:root:Left=-1.488000 Right=-79.656000
DEBUG:root:ScaledLeft: 371.652000 ScaledRight: 195.774000
INFO:root:Looping....
DEBUG:root:This is the line: drive:81.144:1.488

DEBUG:root:We got command: drive
DEBUG:root:We got a drive command: rawX:1.488000 and rawY:81.144000
DEBUG:root:Forward to the Right
DEBUG:root:Left=-1.488000 Right=-79.656000
DEBUG:root:ScaledLeft: 371.652000 ScaledRight: 195.774000
INFO:root:Looping....
DEBUG:root:This is the line: drive:81.144:1.488

DEBUG:root:We got command: drive
DEBUG:root:We got a drive command: rawX:1.488000 and rawY:81.144000
DEBUG:root:Forward to the Right
DEBUG:root:Left=-1.488000 Right=-79.656000
DEBUG:root:ScaledLeft: 371.652000 ScaledRight: 195.774000
INFO:root:Looping....
DEBUG:root:This is the line: drive:81.144:1.488

DEBUG:root:We got command: drive
DEBUG:root:We got a drive command: rawX:1.488000 and rawY:81.144000
DEBUG:root:Forward to the Right
DEBUG:root:Left=-1.488000 Right=-79.656000
DEBUG:root:ScaledLeft: 371.652000 ScaledRight: 195.774000
INFO:root:Looping....
DEBUG:root:This is the line: drive:81.144:1.488

DEBUG:root:We got command: drive
DEBUG:root:We got a drive command: rawX:1.488000 and rawY:81.144000
DEBUG:root:Forward to the Right
DEBUG:root:Left=-1.488000 Right=-79.656000
DEBUG:root:ScaledLeft: 371.652000 ScaledRight: 195.774000
INFO:root:Looping....
DEBUG:root:This is the line: drive:81.144:1.488

DEBUG:root:We got command: drive
DEBUG:root:We got a drive command: rawX:1.488000 and rawY:81.144000
DEBUG:root:Forward to the Right
DEBUG:root:Left=-1.488000 Right=-79.656000
DEBUG:root:ScaledLeft: 371.652000 ScaledRight: 195.774000
INFO:root:Looping....
DEBUG:root:This is the line: drive:81.143:0.985

DEBUG:root:We got command: drive
DEBUG:root:We got a drive command: rawX:0.985000 and rawY:81.143000
DEBUG:root:Forward to the Right
DEBUG:root:Left=-0.985000 Right=-80.158000
DEBUG:root:ScaledLeft: 372.783750 ScaledRight: 194.644500
INFO:root:Looping....
DEBUG:root:This is the line: drive:81.143:-1.231

DEBUG:root:We got command: drive
DEBUG:root:We got a drive command: rawX:-1.231000 and rawY:81.143000
DEBUG:root:Forward to the Left/Straight
DEBUG:root:Left=82.374000 Right=-1.231000
DEBUG:root:ScaledLeft: 560.341500 ScaledRight: 372.230250
INFO:root:Looping....
DEBUG:root:This is the line: drive:81.143:-3.06

DEBUG:root:We got command: drive
DEBUG:root:We got a drive command: rawX:-3.060000 and rawY:81.143000
DEBUG:root:Forward to the Left/Straight
DEBUG:root:Left=84.203000 Right=-3.060000
DEBUG:root:ScaledLeft: 564.456750 ScaledRight: 368.115000
INFO:root:Looping....
DEBUG:root:This is the line: drive:81.143:-6.095

DEBUG:root:We got command: drive
DEBUG:root:We got a drive command: rawX:-6.095000 and rawY:81.143000
DEBUG:root:Forward to the Left/Straight
DEBUG:root:Left=87.238000 Right=-6.095000
DEBUG:root:ScaledLeft: 571.285500 ScaledRight: 361.286250
INFO:root:Looping....
DEBUG:root:This is the line: drive:81.143:-8.317

DEBUG:root:We got command: drive
DEBUG:root:We got a drive command: rawX:-8.317000 and rawY:81.143000
DEBUG:root:Forward to the Left/Straight
DEBUG:root:Left=89.460000 Right=-8.317000
DEBUG:root:ScaledLeft: 576.285000 ScaledRight: 356.286750
INFO:root:Looping....
DEBUG:root:This is the line: drive:81.143:-11.252

DEBUG:root:We got command: drive
DEBUG:root:We got a drive command: rawX:-11.252000 and rawY:81.143000
DEBUG:root:Forward to the Left/Straight
DEBUG:root:Left=92.395000 Right=-11.252000
DEBUG:root:ScaledLeft: 582.888750 ScaledRight: 349.683000
INFO:root:Looping....
DEBUG:root:This is the line: drive:81.143:-13.244

DEBUG:root:We got command: drive
DEBUG:root:We got a drive command: rawX:-13.244000 and rawY:81.143000
DEBUG:root:Forward to the Left/Straight
DEBUG:root:Left=94.387000 Right=-13.244000
DEBUG:root:ScaledLeft: 587.370750 ScaledRight: 345.201000
INFO:root:Looping....
DEBUG:root:This is the line: drive:81.143:-14.558

DEBUG:root:We got command: drive
DEBUG:root:We got a drive command: rawX:-14.558000 and rawY:81.143000
DEBUG:root:Forward to the Left/Straight
DEBUG:root:Left=95.701000 Right=-14.558000
DEBUG:root:ScaledLeft: 590.327250 ScaledRight: 342.244500
INFO:root:Looping....
DEBUG:root:This is the line: drive:81.143:-16.807

DEBUG:root:We got command: drive
DEBUG:root:We got a drive command: rawX:-16.807000 and rawY:81.143000
DEBUG:root:Forward to the Left/Straight
DEBUG:root:Left=97.950000 Right=-16.807000
DEBUG:root:ScaledLeft: 595.387500 ScaledRight: 337.184250
INFO:root:Looping....
DEBUG:root:This is the line: drive:81.143:-17.276

DEBUG:root:We got command: drive
DEBUG:root:We got a drive command: rawX:-17.276000 and rawY:81.143000
DEBUG:root:Forward to the Left/Straight
DEBUG:root:Left=98.419000 Right=-17.276000
DEBUG:root:ScaledLeft: 596.442750 ScaledRight: 336.129000
INFO:root:Looping....
DEBUG:root:This is the line: drive:81.143:-17.979

DEBUG:root:We got command: drive
DEBUG:root:We got a drive command: rawX:-17.979000 and rawY:81.143000
DEBUG:root:Forward to the Left/Straight
DEBUG:root:Left=99.122000 Right=-17.979000
DEBUG:root:ScaledLeft: 598.024500 ScaledRight: 334.547250
INFO:root:Looping....
DEBUG:root:This is the line: drive:81.143:-17.979

DEBUG:root:We got command: drive
DEBUG:root:We got a drive command: rawX:-17.979000 and rawY:81.143000
DEBUG:root:Forward to the Left/Straight
DEBUG:root:Left=99.122000 Right=-17.979000
DEBUG:root:ScaledLeft: 598.024500 ScaledRight: 334.547250
INFO:root:Looping....
DEBUG:root:This is the line: drive:81.143:-18.182

DEBUG:root:We got command: drive
DEBUG:root:We got a drive command: rawX:-18.182000 and rawY:81.143000
DEBUG:root:Forward to the Left/Straight
DEBUG:root:Left=99.325000 Right=-18.182000
DEBUG:root:ScaledLeft: 598.481250 ScaledRight: 334.090500
INFO:root:Looping....
DEBUG:root:This is the line: drive:81.143:-18.489

DEBUG:root:We got command: drive
DEBUG:root:We got a drive command: rawX:-18.489000 and rawY:81.143000
DEBUG:root:Forward to the Left/Straight
DEBUG:root:Left=99.632000 Right=-18.489000
DEBUG:root:ScaledLeft: 599.172000 ScaledRight: 333.399750
INFO:root:Looping....
DEBUG:root:This is the line: drive:81.143:-18.8

DEBUG:root:We got command: drive
DEBUG:root:We got a drive command: rawX:-18.800000 and rawY:81.143000
DEBUG:root:Forward to the Left/Straight
DEBUG:root:Left=99.943000 Right=-18.800000
DEBUG:root:ScaledLeft: 599.871750 ScaledRight: 332.700000
INFO:root:Looping....
DEBUG:root:This is the line: drive:81.143:-19.354

DEBUG:root:We got command: drive
DEBUG:root:We got a drive command: rawX:-19.354000 and rawY:81.143000
DEBUG:root:Forward to the Left/Straight
DEBUG:root:Left=100.497000 Right=-19.354000
DEBUG:root:ScaledLeft: 601.118250 ScaledRight: 331.453500
INFO:root:Looping....
DEBUG:root:This is the line: drive:81.143:-19.666

DEBUG:root:We got command: drive
DEBUG:root:We got a drive command: rawX:-19.666000 and rawY:81.143000
DEBUG:root:Forward to the Left/Straight
DEBUG:root:Left=100.809000 Right=-19.666000
DEBUG:root:ScaledLeft: 601.820250 ScaledRight: 330.751500
INFO:root:Looping....
DEBUG:root:This is the line: drive:81.143:-19.95

DEBUG:root:We got command: drive
DEBUG:root:We got a drive command: rawX:-19.950000 and rawY:81.143000
DEBUG:root:Forward to the Left/Straight
DEBUG:root:Left=101.093000 Right=-19.950000
DEBUG:root:ScaledLeft: 602.459250 ScaledRight: 330.112500
INFO:root:Looping....
DEBUG:root:This is the line: drive:81.143:-20.47

DEBUG:root:We got command: drive
DEBUG:root:We got a drive command: rawX:-20.470000 and rawY:81.143000
DEBUG:root:Forward to the Left/Straight
DEBUG:root:Left=101.613000 Right=-20.470000
DEBUG:root:ScaledLeft: 603.629250 ScaledRight: 328.942500
INFO:root:Looping....
DEBUG:root:This is the line: drive:81.143:-21.252

DEBUG:root:We got command: drive
DEBUG:root:We got a drive command: rawX:-21.252000 and rawY:81.143000
DEBUG:root:Forward to the Left/Straight
DEBUG:root:Left=102.395000 Right=-21.252000
DEBUG:root:ScaledLeft: 605.388750 ScaledRight: 327.183000
INFO:root:Looping....
DEBUG:root:This is the line: drive:81.143:-21.746

DEBUG:root:We got command: drive
DEBUG:root:We got a drive command: rawX:-21.746000 and rawY:81.143000
DEBUG:root:Forward to the Left/Straight
DEBUG:root:Left=102.889000 Right=-21.746000
DEBUG:root:ScaledLeft: 606.500250 ScaledRight: 326.071500
INFO:root:Looping....
DEBUG:root:This is the line: drive:81.143:-22.924

DEBUG:root:We got command: drive
DEBUG:root:We got a drive command: rawX:-22.924000 and rawY:81.143000
DEBUG:root:Forward to the Left/Straight
DEBUG:root:Left=104.067000 Right=-22.924000
DEBUG:root:ScaledLeft: 609.150750 ScaledRight: 323.421000
INFO:root:Looping....
DEBUG:root:This is the line: drive:81.143:-22.924

DEBUG:root:We got command: drive
DEBUG:root:We got a drive command: rawX:-22.924000 and rawY:81.143000
DEBUG:root:Forward to the Left/Straight
DEBUG:root:Left=104.067000 Right=-22.924000
DEBUG:root:ScaledLeft: 609.150750 ScaledRight: 323.421000
INFO:root:Looping....
DEBUG:root:This is the line: drive:81.143:-22.924

DEBUG:root:We got command: drive
DEBUG:root:We got a drive command: rawX:-22.924000 and rawY:81.143000
DEBUG:root:Forward to the Left/Straight
DEBUG:root:Left=104.067000 Right=-22.924000
DEBUG:root:ScaledLeft: 609.150750 ScaledRight: 323.421000
INFO:root:Looping....
DEBUG:root:This is the line: drive:81.143:-21.531

DEBUG:root:We got command: drive
DEBUG:root:We got a drive command: rawX:-21.531000 and rawY:81.143000
DEBUG:root:Forward to the Left/Straight
DEBUG:root:Left=102.674000 Right=-21.531000
DEBUG:root:ScaledLeft: 606.016500 ScaledRight: 326.555250
INFO:root:Looping....
DEBUG:root:This is the line: drive:81.143:-19.666

DEBUG:root:We got command: drive
DEBUG:root:We got a drive command: rawX:-19.666000 and rawY:81.143000
DEBUG:root:Forward to the Left/Straight
DEBUG:root:Left=100.809000 Right=-19.666000
DEBUG:root:ScaledLeft: 601.820250 ScaledRight: 330.751500
INFO:root:Looping....
DEBUG:root:This is the line: drive:81.143:-16.736

DEBUG:root:We got command: drive
DEBUG:root:We got a drive command: rawX:-16.736000 and rawY:81.143000
DEBUG:root:Forward to the Left/Straight
DEBUG:root:Left=97.879000 Right=-16.736000
DEBUG:root:ScaledLeft: 595.227750 ScaledRight: 337.344000
INFO:root:Looping....
DEBUG:root:This is the line: drive:81.143:-14.732

DEBUG:root:We got command: drive
DEBUG:root:We got a drive command: rawX:-14.732000 and rawY:81.143000
DEBUG:root:Forward to the Left/Straight
DEBUG:root:Left=95.875000 Right=-14.732000
DEBUG:root:ScaledLeft: 590.718750 ScaledRight: 341.853000
INFO:root:Looping....
DEBUG:root:This is the line: drive:81.143:-12.693

DEBUG:root:We got command: drive
DEBUG:root:We got a drive command: rawX:-12.693000 and rawY:81.143000
DEBUG:root:Forward to the Left/Straight
DEBUG:root:Left=93.836000 Right=-12.693000
DEBUG:root:ScaledLeft: 586.131000 ScaledRight: 346.440750
INFO:root:Looping....
DEBUG:root:This is the line: drive:81.143:-10.472

DEBUG:root:We got command: drive
DEBUG:root:We got a drive command: rawX:-10.472000 and rawY:81.143000
DEBUG:root:Forward to the Left/Straight
DEBUG:root:Left=91.615000 Right=-10.472000
DEBUG:root:ScaledLeft: 581.133750 ScaledRight: 351.438000
INFO:root:Looping....
DEBUG:root:This is the line: drive:81.143:-8.643

DEBUG:root:We got command: drive
DEBUG:root:We got a drive command: rawX:-8.643000 and rawY:81.143000
DEBUG:root:Forward to the Left/Straight
DEBUG:root:Left=89.786000 Right=-8.643000
DEBUG:root:ScaledLeft: 577.018500 ScaledRight: 355.553250
INFO:root:Looping....
DEBUG:root:This is the line: drive:81.143:-6.711

DEBUG:root:We got command: drive
DEBUG:root:We got a drive command: rawX:-6.711000 and rawY:81.143000
DEBUG:root:Forward to the Left/Straight
DEBUG:root:Left=87.854000 Right=-6.711000
DEBUG:root:ScaledLeft: 572.671500 ScaledRight: 359.900250
INFO:root:Looping....
DEBUG:root:This is the line: drive:81.143:-5.534

DEBUG:root:We got command: drive
DEBUG:root:We got a drive command: rawX:-5.534000 and rawY:81.143000
DEBUG:root:Forward to the Left/Straight
DEBUG:root:Left=86.677000 Right=-5.534000
DEBUG:root:ScaledLeft: 570.023250 ScaledRight: 362.548500
INFO:root:Looping....
DEBUG:root:This is the line: drive:81.143:-5.289

DEBUG:root:We got command: drive
DEBUG:root:We got a drive command: rawX:-5.289000 and rawY:81.143000
DEBUG:root:Forward to the Left/Straight
DEBUG:root:Left=86.432000 Right=-5.289000
DEBUG:root:ScaledLeft: 569.472000 ScaledRight: 363.099750
INFO:root:Looping....
DEBUG:root:This is the line: drive:81.143:-4.315

DEBUG:root:We got command: drive
DEBUG:root:We got a drive command: rawX:-4.315000 and rawY:81.143000
DEBUG:root:Forward to the Left/Straight
DEBUG:root:Left=85.458000 Right=-4.315000
DEBUG:root:ScaledLeft: 567.280500 ScaledRight: 365.291250
INFO:root:Looping....
DEBUG:root:This is the line: drive:81.143:-4.098

DEBUG:root:We got command: drive
DEBUG:root:We got a drive command: rawX:-4.098000 and rawY:81.143000
DEBUG:root:Forward to the Left/Straight
DEBUG:root:Left=85.241000 Right=-4.098000
DEBUG:root:ScaledLeft: 566.792250 ScaledRight: 365.779500
INFO:root:Looping....
DEBUG:root:This is the line: drive:81.143:-3.539

DEBUG:root:We got command: drive
DEBUG:root:We got a drive command: rawX:-3.539000 and rawY:81.143000
DEBUG:root:Forward to the Left/Straight
DEBUG:root:Left=84.682000 Right=-3.539000
DEBUG:root:ScaledLeft: 565.534500 ScaledRight: 367.037250
INFO:root:Looping....
DEBUG:root:This is the line: drive:81.143:-3.539

DEBUG:root:We got command: drive
DEBUG:root:We got a drive command: rawX:-3.539000 and rawY:81.143000
DEBUG:root:Forward to the Left/Straight
DEBUG:root:Left=84.682000 Right=-3.539000
DEBUG:root:ScaledLeft: 565.534500 ScaledRight: 367.037250
INFO:root:Looping....
DEBUG:root:This is the line: drive:81.143:-3.539

DEBUG:root:We got command: drive
DEBUG:root:We got a drive command: rawX:-3.539000 and rawY:81.143000
DEBUG:root:Forward to the Left/Straight
DEBUG:root:Left=84.682000 Right=-3.539000
DEBUG:root:ScaledLeft: 565.534500 ScaledRight: 367.037250
INFO:root:Looping....
DEBUG:root:This is the line: drive:81.143:-3.539

DEBUG:root:We got command: drive
DEBUG:root:We got a drive command: rawX:-3.539000 and rawY:81.143000
DEBUG:root:Forward to the Left/Straight
DEBUG:root:Left=84.682000 Right=-3.539000
DEBUG:root:ScaledLeft: 565.534500 ScaledRight: 367.037250
INFO:root:Looping....
DEBUG:root:This is the line: drive:81.143:-2.971

DEBUG:root:We got command: drive
DEBUG:root:We got a drive command: rawX:-2.971000 and rawY:81.143000
DEBUG:root:Forward to the Left/Straight
DEBUG:root:Left=84.114000 Right=-2.971000
DEBUG:root:ScaledLeft: 564.256500 ScaledRight: 368.315250
INFO:root:Looping....
DEBUG:root:This is the line: drive:81.143:-2.232

DEBUG:root:We got command: drive
DEBUG:root:We got a drive command: rawX:-2.232000 and rawY:81.143000
DEBUG:root:Forward to the Left/Straight
DEBUG:root:Left=83.375000 Right=-2.232000
DEBUG:root:ScaledLeft: 562.593750 ScaledRight: 369.978000
INFO:root:Looping....
DEBUG:root:This is the line: drive:81.143:-2.08

DEBUG:root:We got command: drive
DEBUG:root:We got a drive command: rawX:-2.080000 and rawY:81.143000
DEBUG:root:Forward to the Left/Straight
DEBUG:root:Left=83.223000 Right=-2.080000
DEBUG:root:ScaledLeft: 562.251750 ScaledRight: 370.320000
INFO:root:Looping....
DEBUG:root:This is the line: drive:81.143:-2.08

DEBUG:root:We got command: drive
DEBUG:root:We got a drive command: rawX:-2.080000 and rawY:81.143000
DEBUG:root:Forward to the Left/Straight
DEBUG:root:Left=83.223000 Right=-2.080000
DEBUG:root:ScaledLeft: 562.251750 ScaledRight: 370.320000
INFO:root:Looping....
DEBUG:root:This is the line: drive:81.143:-1.42

DEBUG:root:We got command: drive
DEBUG:root:We got a drive command: rawX:-1.420000 and rawY:81.143000
DEBUG:root:Forward to the Left/Straight
DEBUG:root:Left=82.563000 Right=-1.420000
DEBUG:root:ScaledLeft: 560.766750 ScaledRight: 371.805000
INFO:root:Looping....
DEBUG:root:This is the line: drive:81.143:-1.42

DEBUG:root:We got command: drive
DEBUG:root:We got a drive command: rawX:-1.420000 and rawY:81.143000
DEBUG:root:Forward to the Left/Straight
DEBUG:root:Left=82.563000 Right=-1.420000
DEBUG:root:ScaledLeft: 560.766750 ScaledRight: 371.805000
INFO:root:Looping....
DEBUG:root:This is the line: drive:81.143:-1.16

DEBUG:root:We got command: drive
DEBUG:root:We got a drive command: rawX:-1.160000 and rawY:81.143000
DEBUG:root:Forward to the Left/Straight
DEBUG:root:Left=82.303000 Right=-1.160000
DEBUG:root:ScaledLeft: 560.181750 ScaledRight: 372.390000
INFO:root:Looping....
DEBUG:root:This is the line: drive:81.143:-0.86

DEBUG:root:We got command: drive
DEBUG:root:We got a drive command: rawX:-0.860000 and rawY:81.143000
DEBUG:root:Forward to the Left/Straight
DEBUG:root:Left=82.003000 Right=-0.860000
DEBUG:root:ScaledLeft: 559.506750 ScaledRight: 373.065000
INFO:root:Looping....
DEBUG:root:This is the line: drive:81.143:-0.86

DEBUG:root:We got command: drive
DEBUG:root:We got a drive command: rawX:-0.860000 and rawY:81.143000
DEBUG:root:Forward to the Left/Straight
DEBUG:root:Left=82.003000 Right=-0.860000
DEBUG:root:ScaledLeft: 559.506750 ScaledRight: 373.065000
INFO:root:Looping....
DEBUG:root:This is the line: drive:81.143:-0.295

DEBUG:root:We got command: drive
DEBUG:root:We got a drive command: rawX:-0.295000 and rawY:81.143000
DEBUG:root:Forward to the Left/Straight
DEBUG:root:Left=81.438000 Right=-0.295000
DEBUG:root:ScaledLeft: 558.235500 ScaledRight: 374.336250
INFO:root:Looping....
DEBUG:root:This is the line: drive:81.143:-0.295

DEBUG:root:We got command: drive
DEBUG:root:We got a drive command: rawX:-0.295000 and rawY:81.143000
DEBUG:root:Forward to the Left/Straight
DEBUG:root:Left=81.438000 Right=-0.295000
DEBUG:root:ScaledLeft: 558.235500 ScaledRight: 374.336250
INFO:root:Looping....
DEBUG:root:This is the line: drive:81.143:0.028

DEBUG:root:We got command: drive
DEBUG:root:We got a drive command: rawX:0.028000 and rawY:81.143000
DEBUG:root:Forward to the Right
DEBUG:root:Left=-0.028000 Right=-81.115000
DEBUG:root:ScaledLeft: 374.937000 ScaledRight: 192.491250
INFO:root:Looping....
DEBUG:root:This is the line: drive:81.143:0.307

DEBUG:root:We got command: drive
DEBUG:root:We got a drive command: rawX:0.307000 and rawY:81.143000
DEBUG:root:Forward to the Right
DEBUG:root:Left=-0.307000 Right=-80.836000
DEBUG:root:ScaledLeft: 374.309250 ScaledRight: 193.119000
INFO:root:Looping....
DEBUG:root:This is the line: drive:81.143:0.307

DEBUG:root:We got command: drive
DEBUG:root:We got a drive command: rawX:0.307000 and rawY:81.143000
DEBUG:root:Forward to the Right
DEBUG:root:Left=-0.307000 Right=-80.836000
DEBUG:root:ScaledLeft: 374.309250 ScaledRight: 193.119000
INFO:root:Looping....
DEBUG:root:This is the line: drive:81.143:0.307

DEBUG:root:We got command: drive
DEBUG:root:We got a drive command: rawX:0.307000 and rawY:81.143000
DEBUG:root:Forward to the Right
DEBUG:root:Left=-0.307000 Right=-80.836000
DEBUG:root:ScaledLeft: 374.309250 ScaledRight: 193.119000
INFO:root:Looping....
DEBUG:root:This is the line: drive:81.143:0.307

DEBUG:root:We got command: drive
DEBUG:root:We got a drive command: rawX:0.307000 and rawY:81.143000
DEBUG:root:Forward to the Right
DEBUG:root:Left=-0.307000 Right=-80.836000
DEBUG:root:ScaledLeft: 374.309250 ScaledRight: 193.119000
INFO:root:Looping....
DEBUG:root:This is the line: drive:81.143:0.608

DEBUG:root:We got command: drive
DEBUG:root:We got a drive command: rawX:0.608000 and rawY:81.143000
DEBUG:root:Forward to the Right
DEBUG:root:Left=-0.608000 Right=-80.535000
DEBUG:root:ScaledLeft: 373.632000 ScaledRight: 193.796250
INFO:root:Looping....
DEBUG:root:This is the line: drive:81.143:0.608

DEBUG:root:We got command: drive
DEBUG:root:We got a drive command: rawX:0.608000 and rawY:81.143000
DEBUG:root:Forward to the Right
DEBUG:root:Left=-0.608000 Right=-80.535000
DEBUG:root:ScaledLeft: 373.632000 ScaledRight: 193.796250
INFO:root:Looping....
DEBUG:root:This is the line: drive:81.143:0.608

DEBUG:root:We got command: drive
DEBUG:root:We got a drive command: rawX:0.608000 and rawY:81.143000
DEBUG:root:Forward to the Right
DEBUG:root:Left=-0.608000 Right=-80.535000
DEBUG:root:ScaledLeft: 373.632000 ScaledRight: 193.796250
INFO:root:Looping....
DEBUG:root:This is the line: drive:81.143:1.251

DEBUG:root:We got command: drive
DEBUG:root:We got a drive command: rawX:1.251000 and rawY:81.143000
DEBUG:root:Forward to the Right
DEBUG:root:Left=-1.251000 Right=-79.892000
DEBUG:root:ScaledLeft: 372.185250 ScaledRight: 195.243000
INFO:root:Looping....
DEBUG:root:This is the line: drive:81.143:1.733

DEBUG:root:We got command: drive
DEBUG:root:We got a drive command: rawX:1.733000 and rawY:81.143000
DEBUG:root:Forward to the Right
DEBUG:root:Left=-1.733000 Right=-79.410000
DEBUG:root:ScaledLeft: 371.100750 ScaledRight: 196.327500
INFO:root:Looping....
DEBUG:root:This is the line: drive:81.143:3.039

DEBUG:root:We got command: drive
DEBUG:root:We got a drive command: rawX:3.039000 and rawY:81.143000
DEBUG:root:Forward to the Right
DEBUG:root:Left=-3.039000 Right=-78.104000
DEBUG:root:ScaledLeft: 368.162250 ScaledRight: 199.266000
INFO:root:Looping....
DEBUG:root:This is the line: drive:81.143:4.008

DEBUG:root:We got command: drive
DEBUG:root:We got a drive command: rawX:4.008000 and rawY:81.143000
DEBUG:root:Forward to the Right
DEBUG:root:Left=-4.008000 Right=-77.135000
DEBUG:root:ScaledLeft: 365.982000 ScaledRight: 201.446250
INFO:root:Looping....
DEBUG:root:This is the line: drive:81.143:5.506

DEBUG:root:We got command: drive
DEBUG:root:We got a drive command: rawX:5.506000 and rawY:81.143000
DEBUG:root:Forward to the Right
DEBUG:root:Left=-5.506000 Right=-75.637000
DEBUG:root:ScaledLeft: 362.611500 ScaledRight: 204.816750
INFO:root:Looping....
DEBUG:root:This is the line: drive:81.143:6.337

DEBUG:root:We got command: drive
DEBUG:root:We got a drive command: rawX:6.337000 and rawY:81.143000
DEBUG:root:Forward to the Right
DEBUG:root:Left=-6.337000 Right=-74.806000
DEBUG:root:ScaledLeft: 360.741750 ScaledRight: 206.686500
INFO:root:Looping....
DEBUG:root:This is the line: drive:81.143:7.179

DEBUG:root:We got command: drive
DEBUG:root:We got a drive command: rawX:7.179000 and rawY:81.143000
DEBUG:root:Forward to the Right
DEBUG:root:Left=-7.179000 Right=-73.964000
DEBUG:root:ScaledLeft: 358.847250 ScaledRight: 208.581000
INFO:root:Looping....
DEBUG:root:This is the line: drive:81.143:8.157

DEBUG:root:We got command: drive
DEBUG:root:We got a drive command: rawX:8.157000 and rawY:81.143000
DEBUG:root:Forward to the Right
DEBUG:root:Left=-8.157000 Right=-72.986000
DEBUG:root:ScaledLeft: 356.646750 ScaledRight: 210.781500
INFO:root:Looping....
DEBUG:root:This is the line: drive:81.143:9.312

DEBUG:root:We got command: drive
DEBUG:root:We got a drive command: rawX:9.312000 and rawY:81.143000
DEBUG:root:Forward to the Right
DEBUG:root:Left=-9.312000 Right=-71.831000
DEBUG:root:ScaledLeft: 354.048000 ScaledRight: 213.380250
INFO:root:Looping....
DEBUG:root:This is the line: drive:81.143:10.125

DEBUG:root:We got command: drive
DEBUG:root:We got a drive command: rawX:10.125000 and rawY:81.143000
DEBUG:root:Forward to the Right
DEBUG:root:Left=-10.125000 Right=-71.018000
DEBUG:root:ScaledLeft: 352.218750 ScaledRight: 215.209500
INFO:root:Looping....
DEBUG:root:This is the line: drive:81.143:11.874

DEBUG:root:We got command: drive
DEBUG:root:We got a drive command: rawX:11.874000 and rawY:81.143000
DEBUG:root:Forward to the Right
DEBUG:root:Left=-11.874000 Right=-69.269000
DEBUG:root:ScaledLeft: 348.283500 ScaledRight: 219.144750
INFO:root:Looping....
DEBUG:root:This is the line: drive:80.857:12.649

DEBUG:root:We got command: drive
DEBUG:root:We got a drive command: rawX:12.649000 and rawY:80.857000
DEBUG:root:Forward to the Right
DEBUG:root:Left=-12.649000 Right=-68.208000
DEBUG:root:ScaledLeft: 346.539750 ScaledRight: 221.532000
INFO:root:Looping....
DEBUG:root:This is the line: drive:80.857:13.116

DEBUG:root:We got command: drive
DEBUG:root:We got a drive command: rawX:13.116000 and rawY:80.857000
DEBUG:root:Forward to the Right
DEBUG:root:Left=-13.116000 Right=-67.741000
DEBUG:root:ScaledLeft: 345.489000 ScaledRight: 222.582750
INFO:root:Looping....
DEBUG:root:This is the line: drive:80.857:13.749

DEBUG:root:We got command: drive
DEBUG:root:We got a drive command: rawX:13.749000 and rawY:80.857000
DEBUG:root:Forward to the Right
DEBUG:root:Left=-13.749000 Right=-67.108000
DEBUG:root:ScaledLeft: 344.064750 ScaledRight: 224.007000
INFO:root:Looping....
DEBUG:root:This is the line: drive:80.857:14.049

DEBUG:root:We got command: drive
DEBUG:root:We got a drive command: rawX:14.049000 and rawY:80.857000
DEBUG:root:Forward to the Right
DEBUG:root:Left=-14.049000 Right=-66.808000
DEBUG:root:ScaledLeft: 343.389750 ScaledRight: 224.682000
INFO:root:Looping....
DEBUG:root:This is the line: drive:80.563:13.988

DEBUG:root:We got command: drive
DEBUG:root:We got a drive command: rawX:13.988000 and rawY:80.563000
DEBUG:root:Forward to the Right
DEBUG:root:Left=-13.988000 Right=-66.575000
DEBUG:root:ScaledLeft: 343.527000 ScaledRight: 225.206250
INFO:root:Looping....
DEBUG:root:This is the line: drive:80.563:13.988

DEBUG:root:We got command: drive
DEBUG:root:We got a drive command: rawX:13.988000 and rawY:80.563000
DEBUG:root:Forward to the Right
DEBUG:root:Left=-13.988000 Right=-66.575000
DEBUG:root:ScaledLeft: 343.527000 ScaledRight: 225.206250
INFO:root:Looping....
DEBUG:root:This is the line: drive:80.571:13.559

DEBUG:root:We got command: drive
DEBUG:root:We got a drive command: rawX:13.559000 and rawY:80.571000
DEBUG:root:Forward to the Right
DEBUG:root:Left=-13.559000 Right=-67.012000
DEBUG:root:ScaledLeft: 344.492250 ScaledRight: 224.223000
INFO:root:Looping....
DEBUG:root:This is the line: drive:80.571:11.339

DEBUG:root:We got command: drive
DEBUG:root:We got a drive command: rawX:11.339000 and rawY:80.571000
DEBUG:root:Forward to the Right
DEBUG:root:Left=-11.339000 Right=-69.232000
DEBUG:root:ScaledLeft: 349.487250 ScaledRight: 219.228000
INFO:root:Looping....
DEBUG:root:This is the line: drive:80.571:9.513

DEBUG:root:We got command: drive
DEBUG:root:We got a drive command: rawX:9.513000 and rawY:80.571000
DEBUG:root:Forward to the Right
DEBUG:root:Left=-9.513000 Right=-71.058000
DEBUG:root:ScaledLeft: 353.595750 ScaledRight: 215.119500
INFO:root:Looping....
DEBUG:root:This is the line: drive:80.571:7.295

DEBUG:root:We got command: drive
DEBUG:root:We got a drive command: rawX:7.295000 and rawY:80.571000
DEBUG:root:Forward to the Right
DEBUG:root:Left=-7.295000 Right=-73.276000
DEBUG:root:ScaledLeft: 358.586250 ScaledRight: 210.129000
INFO:root:Looping....
DEBUG:root:This is the line: drive:80.571:4.729

DEBUG:root:We got command: drive
DEBUG:root:We got a drive command: rawX:4.729000 and rawY:80.571000
DEBUG:root:Forward to the Right
DEBUG:root:Left=-4.729000 Right=-75.842000
DEBUG:root:ScaledLeft: 364.359750 ScaledRight: 204.355500
INFO:root:Looping....
DEBUG:root:This is the line: drive:80.571:2.511

DEBUG:root:We got command: drive
DEBUG:root:We got a drive command: rawX:2.511000 and rawY:80.571000
DEBUG:root:Forward to the Right
DEBUG:root:Left=-2.511000 Right=-78.060000
DEBUG:root:ScaledLeft: 369.350250 ScaledRight: 199.365000
INFO:root:Looping....
DEBUG:root:This is the line: drive:80.571:1.637

DEBUG:root:We got command: drive
DEBUG:root:We got a drive command: rawX:1.637000 and rawY:80.571000
DEBUG:root:Forward to the Right
DEBUG:root:Left=-1.637000 Right=-78.934000
DEBUG:root:ScaledLeft: 371.316750 ScaledRight: 197.398500
INFO:root:Looping....
DEBUG:root:This is the line: drive:80.571:0.744

DEBUG:root:We got command: drive
DEBUG:root:We got a drive command: rawX:0.744000 and rawY:80.571000
DEBUG:root:Forward to the Right
DEBUG:root:Left=-0.744000 Right=-79.827000
DEBUG:root:ScaledLeft: 373.326000 ScaledRight: 195.389250
INFO:root:Looping....
DEBUG:root:This is the line: drive:80.571:-0.007

DEBUG:root:We got command: drive
DEBUG:root:We got a drive command: rawX:-0.007000 and rawY:80.571000
DEBUG:root:Forward to the Left/Straight
DEBUG:root:Left=80.578000 Right=-0.007000
DEBUG:root:ScaledLeft: 556.300500 ScaledRight: 374.984250
INFO:root:Looping....
DEBUG:root:This is the line: drive:80.571:-0.714

DEBUG:root:We got command: drive
DEBUG:root:We got a drive command: rawX:-0.714000 and rawY:80.571000
DEBUG:root:Forward to the Left/Straight
DEBUG:root:Left=81.285000 Right=-0.714000
DEBUG:root:ScaledLeft: 557.891250 ScaledRight: 373.393500
INFO:root:Looping....
DEBUG:root:This is the line: drive:80.571:-0.94

DEBUG:root:We got command: drive
DEBUG:root:We got a drive command: rawX:-0.940000 and rawY:80.571000
DEBUG:root:Forward to the Left/Straight
DEBUG:root:Left=81.511000 Right=-0.940000
DEBUG:root:ScaledLeft: 558.399750 ScaledRight: 372.885000
INFO:root:Looping....
DEBUG:root:This is the line: drive:80.571:-0.94

DEBUG:root:We got command: drive
DEBUG:root:We got a drive command: rawX:-0.940000 and rawY:80.571000
DEBUG:root:Forward to the Left/Straight
DEBUG:root:Left=81.511000 Right=-0.940000
DEBUG:root:ScaledLeft: 558.399750 ScaledRight: 372.885000
INFO:root:Looping....
DEBUG:root:This is the line: drive:80.571:-0.94

DEBUG:root:We got command: drive
DEBUG:root:We got a drive command: rawX:-0.940000 and rawY:80.571000
DEBUG:root:Forward to the Left/Straight
DEBUG:root:Left=81.511000 Right=-0.940000
DEBUG:root:ScaledLeft: 558.399750 ScaledRight: 372.885000
INFO:root:Looping....
DEBUG:root:This is the line: drive:80.571:-0.94

DEBUG:root:We got command: drive
DEBUG:root:We got a drive command: rawX:-0.940000 and rawY:80.571000
DEBUG:root:Forward to the Left/Straight
DEBUG:root:Left=81.511000 Right=-0.940000
DEBUG:root:ScaledLeft: 558.399750 ScaledRight: 372.885000
INFO:root:Looping....
DEBUG:root:This is the line: drive:80.571:-0.94

DEBUG:root:We got command: drive
DEBUG:root:We got a drive command: rawX:-0.940000 and rawY:80.571000
DEBUG:root:Forward to the Left/Straight
DEBUG:root:Left=81.511000 Right=-0.940000
DEBUG:root:ScaledLeft: 558.399750 ScaledRight: 372.885000
INFO:root:Looping....
DEBUG:root:This is the line: drive:80.571:-0.94

DEBUG:root:We got command: drive
DEBUG:root:We got a drive command: rawX:-0.940000 and rawY:80.571000
DEBUG:root:Forward to the Left/Straight
DEBUG:root:Left=81.511000 Right=-0.940000
DEBUG:root:ScaledLeft: 558.399750 ScaledRight: 372.885000
INFO:root:Looping....
DEBUG:root:This is the line: drive:80.571:-0.94

DEBUG:root:We got command: drive
DEBUG:root:We got a drive command: rawX:-0.940000 and rawY:80.571000
DEBUG:root:Forward to the Left/Straight
DEBUG:root:Left=81.511000 Right=-0.940000
DEBUG:root:ScaledLeft: 558.399750 ScaledRight: 372.885000
INFO:root:Looping....
DEBUG:root:This is the line: drive:80.571:-0.94

DEBUG:root:We got command: drive
DEBUG:root:We got a drive command: rawX:-0.940000 and rawY:80.571000
DEBUG:root:Forward to the Left/Straight
DEBUG:root:Left=81.511000 Right=-0.940000
DEBUG:root:ScaledLeft: 558.399750 ScaledRight: 372.885000
INFO:root:Looping....
DEBUG:root:This is the line: drive:80.571:-0.94

DEBUG:root:We got command: drive
DEBUG:root:We got a drive command: rawX:-0.940000 and rawY:80.571000
DEBUG:root:Forward to the Left/Straight
DEBUG:root:Left=81.511000 Right=-0.940000
DEBUG:root:ScaledLeft: 558.399750 ScaledRight: 372.885000
INFO:root:Looping....
DEBUG:root:This is the line: drive:80.571:-0.94

DEBUG:root:We got command: drive
DEBUG:root:We got a drive command: rawX:-0.940000 and rawY:80.571000
DEBUG:root:Forward to the Left/Straight
DEBUG:root:Left=81.511000 Right=-0.940000
DEBUG:root:ScaledLeft: 558.399750 ScaledRight: 372.885000
INFO:root:Looping....
DEBUG:root:This is the line: drive:80.571:-0.94

DEBUG:root:We got command: drive
DEBUG:root:We got a drive command: rawX:-0.940000 and rawY:80.571000
DEBUG:root:Forward to the Left/Straight
DEBUG:root:Left=81.511000 Right=-0.940000
DEBUG:root:ScaledLeft: 558.399750 ScaledRight: 372.885000
INFO:root:Looping....
DEBUG:root:This is the line: drive:80.571:-0.94

DEBUG:root:We got command: drive
DEBUG:root:We got a drive command: rawX:-0.940000 and rawY:80.571000
DEBUG:root:Forward to the Left/Straight
DEBUG:root:Left=81.511000 Right=-0.940000
DEBUG:root:ScaledLeft: 558.399750 ScaledRight: 372.885000
INFO:root:Looping....
DEBUG:root:This is the line: drive:80.571:-0.591

DEBUG:root:We got command: drive
DEBUG:root:We got a drive command: rawX:-0.591000 and rawY:80.571000
DEBUG:root:Forward to the Left/Straight
DEBUG:root:Left=81.162000 Right=-0.591000
DEBUG:root:ScaledLeft: 557.614500 ScaledRight: 373.670250
INFO:root:Looping....
DEBUG:root:This is the line: drive:80.571:-0.274

DEBUG:root:We got command: drive
DEBUG:root:We got a drive command: rawX:-0.274000 and rawY:80.571000
DEBUG:root:Forward to the Left/Straight
DEBUG:root:Left=80.845000 Right=-0.274000
DEBUG:root:ScaledLeft: 556.901250 ScaledRight: 374.383500
INFO:root:Looping....
DEBUG:root:This is the line: drive:80.571:0.041

DEBUG:root:We got command: drive
DEBUG:root:We got a drive command: rawX:0.041000 and rawY:80.571000
DEBUG:root:Forward to the Right
DEBUG:root:Left=-0.041000 Right=-80.530000
DEBUG:root:ScaledLeft: 374.907750 ScaledRight: 193.807500
INFO:root:Looping....
DEBUG:root:This is the line: drive:80.571:0.041

DEBUG:root:We got command: drive
DEBUG:root:We got a drive command: rawX:0.041000 and rawY:80.571000
DEBUG:root:Forward to the Right
DEBUG:root:Left=-0.041000 Right=-80.530000
DEBUG:root:ScaledLeft: 374.907750 ScaledRight: 193.807500
INFO:root:Looping....
DEBUG:root:This is the line: drive:80.571:0.041

DEBUG:root:We got command: drive
DEBUG:root:We got a drive command: rawX:0.041000 and rawY:80.571000
DEBUG:root:Forward to the Right
DEBUG:root:Left=-0.041000 Right=-80.530000
DEBUG:root:ScaledLeft: 374.907750 ScaledRight: 193.807500
INFO:root:Looping....
DEBUG:root:This is the line: drive:80.571:0.3

DEBUG:root:We got command: drive
DEBUG:root:We got a drive command: rawX:0.300000 and rawY:80.571000
DEBUG:root:Forward to the Right
DEBUG:root:Left=-0.300000 Right=-80.271000
DEBUG:root:ScaledLeft: 374.325000 ScaledRight: 194.390250
INFO:root:Looping....
DEBUG:root:This is the line: drive:80.571:0.3

DEBUG:root:We got command: drive
DEBUG:root:We got a drive command: rawX:0.300000 and rawY:80.571000
DEBUG:root:Forward to the Right
DEBUG:root:Left=-0.300000 Right=-80.271000
DEBUG:root:ScaledLeft: 374.325000 ScaledRight: 194.390250
INFO:root:Looping....
DEBUG:root:This is the line: drive:80.571:0.3

DEBUG:root:We got command: drive
DEBUG:root:We got a drive command: rawX:0.300000 and rawY:80.571000
DEBUG:root:Forward to the Right
DEBUG:root:Left=-0.300000 Right=-80.271000
DEBUG:root:ScaledLeft: 374.325000 ScaledRight: 194.390250
INFO:root:Looping....
DEBUG:root:This is the line: drive:80.571:0.3

DEBUG:root:We got command: drive
DEBUG:root:We got a drive command: rawX:0.300000 and rawY:80.571000
DEBUG:root:Forward to the Right
DEBUG:root:Left=-0.300000 Right=-80.271000
DEBUG:root:ScaledLeft: 374.325000 ScaledRight: 194.390250
INFO:root:Looping....
DEBUG:root:This is the line: drive:80.571:0.3

DEBUG:root:We got command: drive
DEBUG:root:We got a drive command: rawX:0.300000 and rawY:80.571000
DEBUG:root:Forward to the Right
DEBUG:root:Left=-0.300000 Right=-80.271000
DEBUG:root:ScaledLeft: 374.325000 ScaledRight: 194.390250
INFO:root:Looping....
DEBUG:root:This is the line: drive:80.571:0.3

DEBUG:root:We got command: drive
DEBUG:root:We got a drive command: rawX:0.300000 and rawY:80.571000
DEBUG:root:Forward to the Right
DEBUG:root:Left=-0.300000 Right=-80.271000
DEBUG:root:ScaledLeft: 374.325000 ScaledRight: 194.390250
INFO:root:Looping....
DEBUG:root:This is the line: drive:80.571:0.3

DEBUG:root:We got command: drive
DEBUG:root:We got a drive command: rawX:0.300000 and rawY:80.571000
DEBUG:root:Forward to the Right
DEBUG:root:Left=-0.300000 Right=-80.271000
DEBUG:root:ScaledLeft: 374.325000 ScaledRight: 194.390250
INFO:root:Looping....
DEBUG:root:This is the line: drive:80.571:0.3

DEBUG:root:We got command: drive
DEBUG:root:We got a drive command: rawX:0.300000 and rawY:80.571000
DEBUG:root:Forward to the Right
DEBUG:root:Left=-0.300000 Right=-80.271000
DEBUG:root:ScaledLeft: 374.325000 ScaledRight: 194.390250
INFO:root:Looping....
DEBUG:root:This is the line: drive:80.571:0.3

DEBUG:root:We got command: drive
DEBUG:root:We got a drive command: rawX:0.300000 and rawY:80.571000
DEBUG:root:Forward to the Right
DEBUG:root:Left=-0.300000 Right=-80.271000
DEBUG:root:ScaledLeft: 374.325000 ScaledRight: 194.390250
INFO:root:Looping....
DEBUG:root:This is the line: drive:80.571:0.3

DEBUG:root:We got command: drive
DEBUG:root:We got a drive command: rawX:0.300000 and rawY:80.571000
DEBUG:root:Forward to the Right
DEBUG:root:Left=-0.300000 Right=-80.271000
DEBUG:root:ScaledLeft: 374.325000 ScaledRight: 194.390250
INFO:root:Looping....
DEBUG:root:This is the line: drive:80.571:0.3

DEBUG:root:We got command: drive
DEBUG:root:We got a drive command: rawX:0.300000 and rawY:80.571000
DEBUG:root:Forward to the Right
DEBUG:root:Left=-0.300000 Right=-80.271000
DEBUG:root:ScaledLeft: 374.325000 ScaledRight: 194.390250
INFO:root:Looping....
DEBUG:root:This is the line: drive:80.571:0.3

DEBUG:root:We got command: drive
DEBUG:root:We got a drive command: rawX:0.300000 and rawY:80.571000
DEBUG:root:Forward to the Right
DEBUG:root:Left=-0.300000 Right=-80.271000
DEBUG:root:ScaledLeft: 374.325000 ScaledRight: 194.390250
INFO:root:Looping....
DEBUG:root:This is the line: drive:80.571:0.3

DEBUG:root:We got command: drive
DEBUG:root:We got a drive command: rawX:0.300000 and rawY:80.571000
DEBUG:root:Forward to the Right
DEBUG:root:Left=-0.300000 Right=-80.271000
DEBUG:root:ScaledLeft: 374.325000 ScaledRight: 194.390250
INFO:root:Looping....
DEBUG:root:This is the line: drive:80.571:0.3

DEBUG:root:We got command: drive
DEBUG:root:We got a drive command: rawX:0.300000 and rawY:80.571000
DEBUG:root:Forward to the Right
DEBUG:root:Left=-0.300000 Right=-80.271000
DEBUG:root:ScaledLeft: 374.325000 ScaledRight: 194.390250
INFO:root:Looping....
DEBUG:root:This is the line: drive:80.571:0.3

DEBUG:root:We got command: drive
DEBUG:root:We got a drive command: rawX:0.300000 and rawY:80.571000
DEBUG:root:Forward to the Right
DEBUG:root:Left=-0.300000 Right=-80.271000
DEBUG:root:ScaledLeft: 374.325000 ScaledRight: 194.390250
INFO:root:Looping....
DEBUG:root:This is the line: drive:80.571:0.3

DEBUG:root:We got command: drive
DEBUG:root:We got a drive command: rawX:0.300000 and rawY:80.571000
DEBUG:root:Forward to the Right
DEBUG:root:Left=-0.300000 Right=-80.271000
DEBUG:root:ScaledLeft: 374.325000 ScaledRight: 194.390250
INFO:root:Looping....
DEBUG:root:This is the line: drive:80.571:0.3

DEBUG:root:We got command: drive
DEBUG:root:We got a drive command: rawX:0.300000 and rawY:80.571000
DEBUG:root:Forward to the Right
DEBUG:root:Left=-0.300000 Right=-80.271000
DEBUG:root:ScaledLeft: 374.325000 ScaledRight: 194.390250
INFO:root:Looping....
DEBUG:root:This is the line: drive:80.571:0.3

DEBUG:root:We got command: drive
DEBUG:root:We got a drive command: rawX:0.300000 and rawY:80.571000
DEBUG:root:Forward to the Right
DEBUG:root:Left=-0.300000 Right=-80.271000
DEBUG:root:ScaledLeft: 374.325000 ScaledRight: 194.390250
INFO:root:Looping....
DEBUG:root:This is the line: drive:80.571:0.3

DEBUG:root:We got command: drive
DEBUG:root:We got a drive command: rawX:0.300000 and rawY:80.571000
DEBUG:root:Forward to the Right
DEBUG:root:Left=-0.300000 Right=-80.271000
DEBUG:root:ScaledLeft: 374.325000 ScaledRight: 194.390250
INFO:root:Looping....
DEBUG:root:This is the line: drive:80.571:0.3

DEBUG:root:We got command: drive
DEBUG:root:We got a drive command: rawX:0.300000 and rawY:80.571000
DEBUG:root:Forward to the Right
DEBUG:root:Left=-0.300000 Right=-80.271000
DEBUG:root:ScaledLeft: 374.325000 ScaledRight: 194.390250
INFO:root:Looping....
DEBUG:root:This is the line: drive:80.571:0.3

DEBUG:root:We got command: drive
DEBUG:root:We got a drive command: rawX:0.300000 and rawY:80.571000
DEBUG:root:Forward to the Right
DEBUG:root:Left=-0.300000 Right=-80.271000
DEBUG:root:ScaledLeft: 374.325000 ScaledRight: 194.390250
INFO:root:Looping....
DEBUG:root:This is the line: drive:80.571:0.3

DEBUG:root:We got command: drive
DEBUG:root:We got a drive command: rawX:0.300000 and rawY:80.571000
DEBUG:root:Forward to the Right
DEBUG:root:Left=-0.300000 Right=-80.271000
DEBUG:root:ScaledLeft: 374.325000 ScaledRight: 194.390250
INFO:root:Looping....
DEBUG:root:This is the line: drive:80.571:0.3

DEBUG:root:We got command: drive
DEBUG:root:We got a drive command: rawX:0.300000 and rawY:80.571000
DEBUG:root:Forward to the Right
DEBUG:root:Left=-0.300000 Right=-80.271000
DEBUG:root:ScaledLeft: 374.325000 ScaledRight: 194.390250
INFO:root:Looping....
DEBUG:root:This is the line: drive:80.571:0.3

DEBUG:root:We got command: drive
DEBUG:root:We got a drive command: rawX:0.300000 and rawY:80.571000
DEBUG:root:Forward to the Right
DEBUG:root:Left=-0.300000 Right=-80.271000
DEBUG:root:ScaledLeft: 374.325000 ScaledRight: 194.390250
INFO:root:Looping....
DEBUG:root:This is the line: drive:80.571:0.3

DEBUG:root:We got command: drive
DEBUG:root:We got a drive command: rawX:0.300000 and rawY:80.571000
DEBUG:root:Forward to the Right
DEBUG:root:Left=-0.300000 Right=-80.271000
DEBUG:root:ScaledLeft: 374.325000 ScaledRight: 194.390250
INFO:root:Looping....
DEBUG:root:This is the line: drive:80.571:0.3

DEBUG:root:We got command: drive
DEBUG:root:We got a drive command: rawX:0.300000 and rawY:80.571000
DEBUG:root:Forward to the Right
DEBUG:root:Left=-0.300000 Right=-80.271000
DEBUG:root:ScaledLeft: 374.325000 ScaledRight: 194.390250
INFO:root:Looping....
DEBUG:root:This is the line: drive:80.571:0.3

DEBUG:root:We got command: drive
DEBUG:root:We got a drive command: rawX:0.300000 and rawY:80.571000
DEBUG:root:Forward to the Right
DEBUG:root:Left=-0.300000 Right=-80.271000
DEBUG:root:ScaledLeft: 374.325000 ScaledRight: 194.390250
INFO:root:Looping....
DEBUG:root:This is the line: drive:80.571:0.3

DEBUG:root:We got command: drive
DEBUG:root:We got a drive command: rawX:0.300000 and rawY:80.571000
DEBUG:root:Forward to the Right
DEBUG:root:Left=-0.300000 Right=-80.271000
DEBUG:root:ScaledLeft: 374.325000 ScaledRight: 194.390250
INFO:root:Looping....
DEBUG:root:This is the line: drive:80.571:0.3

DEBUG:root:We got command: drive
DEBUG:root:We got a drive command: rawX:0.300000 and rawY:80.571000
DEBUG:root:Forward to the Right
DEBUG:root:Left=-0.300000 Right=-80.271000
DEBUG:root:ScaledLeft: 374.325000 ScaledRight: 194.390250
INFO:root:Looping....
DEBUG:root:This is the line: drive:80.571:0.3

DEBUG:root:We got command: drive
DEBUG:root:We got a drive command: rawX:0.300000 and rawY:80.571000
DEBUG:root:Forward to the Right
DEBUG:root:Left=-0.300000 Right=-80.271000
DEBUG:root:ScaledLeft: 374.325000 ScaledRight: 194.390250
INFO:root:Looping....
DEBUG:root:This is the line: drive:80.571:0.3

DEBUG:root:We got command: drive
DEBUG:root:We got a drive command: rawX:0.300000 and rawY:80.571000
DEBUG:root:Forward to the Right
DEBUG:root:Left=-0.300000 Right=-80.271000
DEBUG:root:ScaledLeft: 374.325000 ScaledRight: 194.390250
INFO:root:Looping....
DEBUG:root:This is the line: drive:80.571:0.3

DEBUG:root:We got command: drive
DEBUG:root:We got a drive command: rawX:0.300000 and rawY:80.571000
DEBUG:root:Forward to the Right
DEBUG:root:Left=-0.300000 Right=-80.271000
DEBUG:root:ScaledLeft: 374.325000 ScaledRight: 194.390250
INFO:root:Looping....
DEBUG:root:This is the line: drive:80.571:0.3

DEBUG:root:We got command: drive
DEBUG:root:We got a drive command: rawX:0.300000 and rawY:80.571000
DEBUG:root:Forward to the Right
DEBUG:root:Left=-0.300000 Right=-80.271000
DEBUG:root:ScaledLeft: 374.325000 ScaledRight: 194.390250
INFO:root:Looping....
DEBUG:root:This is the line: drive:80.571:0.3

DEBUG:root:We got command: drive
DEBUG:root:We got a drive command: rawX:0.300000 and rawY:80.571000
DEBUG:root:Forward to the Right
DEBUG:root:Left=-0.300000 Right=-80.271000
DEBUG:root:ScaledLeft: 374.325000 ScaledRight: 194.390250
INFO:root:Looping....
DEBUG:root:This is the line: drive:80.571:0.3

DEBUG:root:We got command: drive
DEBUG:root:We got a drive command: rawX:0.300000 and rawY:80.571000
DEBUG:root:Forward to the Right
DEBUG:root:Left=-0.300000 Right=-80.271000
DEBUG:root:ScaledLeft: 374.325000 ScaledRight: 194.390250
INFO:root:Looping....
DEBUG:root:This is the line: drive:80.571:0.3

DEBUG:root:We got command: drive
DEBUG:root:We got a drive command: rawX:0.300000 and rawY:80.571000
DEBUG:root:Forward to the Right
DEBUG:root:Left=-0.300000 Right=-80.271000
DEBUG:root:ScaledLeft: 374.325000 ScaledRight: 194.390250
INFO:root:Looping....
DEBUG:root:This is the line: drive:80.571:0.3

DEBUG:root:We got command: drive
DEBUG:root:We got a drive command: rawX:0.300000 and rawY:80.571000
DEBUG:root:Forward to the Right
DEBUG:root:Left=-0.300000 Right=-80.271000
DEBUG:root:ScaledLeft: 374.325000 ScaledRight: 194.390250
INFO:root:Looping....
DEBUG:root:This is the line: drive:80.571:0.3

DEBUG:root:We got command: drive
DEBUG:root:We got a drive command: rawX:0.300000 and rawY:80.571000
DEBUG:root:Forward to the Right
DEBUG:root:Left=-0.300000 Right=-80.271000
DEBUG:root:ScaledLeft: 374.325000 ScaledRight: 194.390250
INFO:root:Looping....
DEBUG:root:This is the line: drive:80.571:0.3

DEBUG:root:We got command: drive
DEBUG:root:We got a drive command: rawX:0.300000 and rawY:80.571000
DEBUG:root:Forward to the Right
DEBUG:root:Left=-0.300000 Right=-80.271000
DEBUG:root:ScaledLeft: 374.325000 ScaledRight: 194.390250
INFO:root:Looping....
DEBUG:root:This is the line: drive:80.571:0.3

DEBUG:root:We got command: drive
DEBUG:root:We got a drive command: rawX:0.300000 and rawY:80.571000
DEBUG:root:Forward to the Right
DEBUG:root:Left=-0.300000 Right=-80.271000
DEBUG:root:ScaledLeft: 374.325000 ScaledRight: 194.390250
INFO:root:Looping....
DEBUG:root:This is the line: drive:80.571:0.3

DEBUG:root:We got command: drive
DEBUG:root:We got a drive command: rawX:0.300000 and rawY:80.571000
DEBUG:root:Forward to the Right
DEBUG:root:Left=-0.300000 Right=-80.271000
DEBUG:root:ScaledLeft: 374.325000 ScaledRight: 194.390250
INFO:root:Looping....
DEBUG:root:This is the line: drive:80.571:0.3

DEBUG:root:We got command: drive
DEBUG:root:We got a drive command: rawX:0.300000 and rawY:80.571000
DEBUG:root:Forward to the Right
DEBUG:root:Left=-0.300000 Right=-80.271000
DEBUG:root:ScaledLeft: 374.325000 ScaledRight: 194.390250
INFO:root:Looping....
DEBUG:root:This is the line: drive:80.571:0.3

DEBUG:root:We got command: drive
DEBUG:root:We got a drive command: rawX:0.300000 and rawY:80.571000
DEBUG:root:Forward to the Right
DEBUG:root:Left=-0.300000 Right=-80.271000
DEBUG:root:ScaledLeft: 374.325000 ScaledRight: 194.390250
INFO:root:Looping....
DEBUG:root:This is the line: drive:80.571:0.3

DEBUG:root:We got command: drive
DEBUG:root:We got a drive command: rawX:0.300000 and rawY:80.571000
DEBUG:root:Forward to the Right
DEBUG:root:Left=-0.300000 Right=-80.271000
DEBUG:root:ScaledLeft: 374.325000 ScaledRight: 194.390250
INFO:root:Looping....
DEBUG:root:This is the line: drive:80.571:0.3

DEBUG:root:We got command: drive
DEBUG:root:We got a drive command: rawX:0.300000 and rawY:80.571000
DEBUG:root:Forward to the Right
DEBUG:root:Left=-0.300000 Right=-80.271000
DEBUG:root:ScaledLeft: 374.325000 ScaledRight: 194.390250
INFO:root:Looping....
DEBUG:root:This is the line: drive:80.571:0.3

DEBUG:root:We got command: drive
DEBUG:root:We got a drive command: rawX:0.300000 and rawY:80.571000
DEBUG:root:Forward to the Right
DEBUG:root:Left=-0.300000 Right=-80.271000
DEBUG:root:ScaledLeft: 374.325000 ScaledRight: 194.390250
INFO:root:Looping....
DEBUG:root:This is the line: drive:80.571:0.3

DEBUG:root:We got command: drive
DEBUG:root:We got a drive command: rawX:0.300000 and rawY:80.571000
DEBUG:root:Forward to the Right
DEBUG:root:Left=-0.300000 Right=-80.271000
DEBUG:root:ScaledLeft: 374.325000 ScaledRight: 194.390250
INFO:root:Looping....
DEBUG:root:This is the line: drive:80.571:0.3

DEBUG:root:We got command: drive
DEBUG:root:We got a drive command: rawX:0.300000 and rawY:80.571000
DEBUG:root:Forward to the Right
DEBUG:root:Left=-0.300000 Right=-80.271000
DEBUG:root:ScaledLeft: 374.325000 ScaledRight: 194.390250
INFO:root:Looping....
DEBUG:root:This is the line: drive:80.571:0.3

DEBUG:root:We got command: drive
DEBUG:root:We got a drive command: rawX:0.300000 and rawY:80.571000
DEBUG:root:Forward to the Right
DEBUG:root:Left=-0.300000 Right=-80.271000
DEBUG:root:ScaledLeft: 374.325000 ScaledRight: 194.390250
INFO:root:Looping....
DEBUG:root:This is the line: drive:80.571:0.3

DEBUG:root:We got command: drive
DEBUG:root:We got a drive command: rawX:0.300000 and rawY:80.571000
DEBUG:root:Forward to the Right
DEBUG:root:Left=-0.300000 Right=-80.271000
DEBUG:root:ScaledLeft: 374.325000 ScaledRight: 194.390250
INFO:root:Looping....
DEBUG:root:This is the line: drive:80.571:0.3

DEBUG:root:We got command: drive
DEBUG:root:We got a drive command: rawX:0.300000 and rawY:80.571000
DEBUG:root:Forward to the Right
DEBUG:root:Left=-0.300000 Right=-80.271000
DEBUG:root:ScaledLeft: 374.325000 ScaledRight: 194.390250
INFO:root:Looping....
DEBUG:root:This is the line: drive:80.571:0.3

DEBUG:root:We got command: drive
DEBUG:root:We got a drive command: rawX:0.300000 and rawY:80.571000
DEBUG:root:Forward to the Right
DEBUG:root:Left=-0.300000 Right=-80.271000
DEBUG:root:ScaledLeft: 374.325000 ScaledRight: 194.390250
INFO:root:Looping....
DEBUG:root:This is the line: drive:80.571:0.3

DEBUG:root:We got command: drive
DEBUG:root:We got a drive command: rawX:0.300000 and rawY:80.571000
DEBUG:root:Forward to the Right
DEBUG:root:Left=-0.300000 Right=-80.271000
DEBUG:root:ScaledLeft: 374.325000 ScaledRight: 194.390250
INFO:root:Looping....
DEBUG:root:This is the line: drive:80.571:0.3

DEBUG:root:We got command: drive
DEBUG:root:We got a drive command: rawX:0.300000 and rawY:80.571000
DEBUG:root:Forward to the Right
DEBUG:root:Left=-0.300000 Right=-80.271000
DEBUG:root:ScaledLeft: 374.325000 ScaledRight: 194.390250
INFO:root:Looping....
DEBUG:root:This is the line: drive:80.571:0.3

DEBUG:root:We got command: drive
DEBUG:root:We got a drive command: rawX:0.300000 and rawY:80.571000
DEBUG:root:Forward to the Right
DEBUG:root:Left=-0.300000 Right=-80.271000
DEBUG:root:ScaledLeft: 374.325000 ScaledRight: 194.390250
INFO:root:Looping....
DEBUG:root:This is the line: drive:80.571:0.3

DEBUG:root:We got command: drive
DEBUG:root:We got a drive command: rawX:0.300000 and rawY:80.571000
DEBUG:root:Forward to the Right
DEBUG:root:Left=-0.300000 Right=-80.271000
DEBUG:root:ScaledLeft: 374.325000 ScaledRight: 194.390250
INFO:root:Looping....
DEBUG:root:This is the line: drive:80.571:0.3

DEBUG:root:We got command: drive
DEBUG:root:We got a drive command: rawX:0.300000 and rawY:80.571000
DEBUG:root:Forward to the Right
DEBUG:root:Left=-0.300000 Right=-80.271000
DEBUG:root:ScaledLeft: 374.325000 ScaledRight: 194.390250
INFO:root:Looping....
DEBUG:root:This is the line: drive:78.39:0.298

DEBUG:root:We got command: drive
DEBUG:root:We got a drive command: rawX:0.298000 and rawY:78.390000
DEBUG:root:Forward to the Right
DEBUG:root:Left=-0.298000 Right=-78.092000
DEBUG:root:ScaledLeft: 374.329500 ScaledRight: 199.293000
INFO:root:Looping....
DEBUG:root:This is the line: drive:75.373:0.298

DEBUG:root:We got command: drive
DEBUG:root:We got a drive command: rawX:0.298000 and rawY:75.373000
DEBUG:root:Forward to the Right
DEBUG:root:Left=-0.298000 Right=-75.075000
DEBUG:root:ScaledLeft: 374.329500 ScaledRight: 206.081250
INFO:root:Looping....
DEBUG:root:This is the line: drive:68.974:-1.488

DEBUG:root:We got command: drive
DEBUG:root:We got a drive command: rawX:-1.488000 and rawY:68.974000
DEBUG:root:Forward to the Left/Straight
DEBUG:root:Left=70.462000 Right=-1.488000
DEBUG:root:ScaledLeft: 533.539500 ScaledRight: 371.652000
INFO:root:Looping....
DEBUG:root:This is the line: drive:63.812:-1.786

DEBUG:root:We got command: drive
DEBUG:root:We got a drive command: rawX:-1.786000 and rawY:63.812000
DEBUG:root:Forward to the Left/Straight
DEBUG:root:Left=65.598000 Right=-1.786000
DEBUG:root:ScaledLeft: 522.595500 ScaledRight: 370.981500
INFO:root:Looping....
DEBUG:root:This is the line: drive:59.197:-1.786

DEBUG:root:We got command: drive
DEBUG:root:We got a drive command: rawX:-1.786000 and rawY:59.197000
DEBUG:root:Forward to the Left/Straight
DEBUG:root:Left=60.983000 Right=-1.786000
DEBUG:root:ScaledLeft: 512.211750 ScaledRight: 370.981500
INFO:root:Looping....
DEBUG:root:This is the line: drive:54.913:-1.786

DEBUG:root:We got command: drive
DEBUG:root:We got a drive command: rawX:-1.786000 and rawY:54.913000
DEBUG:root:Forward to the Left/Straight
DEBUG:root:Left=56.699000 Right=-1.786000
DEBUG:root:ScaledLeft: 502.572750 ScaledRight: 370.981500
INFO:root:Looping....
DEBUG:root:This is the line: drive:50.379:-1.786

DEBUG:root:We got command: drive
DEBUG:root:We got a drive command: rawX:-1.786000 and rawY:50.379000
DEBUG:root:Forward to the Left/Straight
DEBUG:root:Left=52.165000 Right=-1.786000
DEBUG:root:ScaledLeft: 492.371250 ScaledRight: 370.981500
INFO:root:Looping....
DEBUG:root:This is the line: drive:44.849:-1.786

DEBUG:root:We got command: drive
DEBUG:root:We got a drive command: rawX:-1.786000 and rawY:44.849000
DEBUG:root:Forward to the Left/Straight
DEBUG:root:Left=46.635000 Right=-1.786000
DEBUG:root:ScaledLeft: 479.928750 ScaledRight: 370.981500
INFO:root:Looping....
DEBUG:root:This is the line: drive:41.159:-1.786

DEBUG:root:We got command: drive
DEBUG:root:We got a drive command: rawX:-1.786000 and rawY:41.159000
DEBUG:root:Forward to the Left/Straight
DEBUG:root:Left=42.945000 Right=-1.786000
DEBUG:root:ScaledLeft: 471.626250 ScaledRight: 370.981500
INFO:root:Looping....
DEBUG:root:This is the line: drive:35.268:-1.786

DEBUG:root:We got command: drive
DEBUG:root:We got a drive command: rawX:-1.786000 and rawY:35.268000
DEBUG:root:Forward to the Left/Straight
DEBUG:root:Left=37.054000 Right=-1.786000
DEBUG:root:ScaledLeft: 458.371500 ScaledRight: 370.981500
INFO:root:Looping....
DEBUG:root:This is the line: drive:30.047:-1.786

DEBUG:root:We got command: drive
DEBUG:root:We got a drive command: rawX:-1.786000 and rawY:30.047000
DEBUG:root:Forward to the Left/Straight
DEBUG:root:Left=31.833000 Right=-1.786000
DEBUG:root:ScaledLeft: 446.624250 ScaledRight: 370.981500
INFO:root:Looping....
DEBUG:root:This is the line: drive:25.0:-1.786

DEBUG:root:We got command: drive
DEBUG:root:We got a drive command: rawX:-1.786000 and rawY:25.000000
DEBUG:root:Forward to the Left/Straight
DEBUG:root:Left=26.786000 Right=-1.786000
DEBUG:root:ScaledLeft: 435.268500 ScaledRight: 370.981500
INFO:root:Looping....
DEBUG:root:This is the line: drive:25.522:-1.786

DEBUG:root:We got command: drive
DEBUG:root:We got a drive command: rawX:-1.786000 and rawY:25.522000
DEBUG:root:Forward to the Left/Straight
DEBUG:root:Left=27.308000 Right=-1.786000
DEBUG:root:ScaledLeft: 436.443000 ScaledRight: 370.981500
INFO:root:Looping....
DEBUG:root:This is the line: drive:30.655:-1.243

DEBUG:root:We got command: drive
DEBUG:root:We got a drive command: rawX:-1.243000 and rawY:30.655000
DEBUG:root:Forward to the Left/Straight
DEBUG:root:Left=31.898000 Right=-1.243000
DEBUG:root:ScaledLeft: 446.770500 ScaledRight: 372.203250
INFO:root:Looping....
DEBUG:root:This is the line: drive:42.043:0.298

DEBUG:root:We got command: drive
DEBUG:root:We got a drive command: rawX:0.298000 and rawY:42.043000
DEBUG:root:Forward to the Right
DEBUG:root:Left=-0.298000 Right=-41.745000
DEBUG:root:ScaledLeft: 374.329500 ScaledRight: 281.073750
INFO:root:Looping....
DEBUG:root:This is the line: drive:51.71:0.595

DEBUG:root:We got command: drive
DEBUG:root:We got a drive command: rawX:0.595000 and rawY:51.710000
DEBUG:root:Forward to the Right
DEBUG:root:Left=-0.595000 Right=-51.115000
DEBUG:root:ScaledLeft: 373.661250 ScaledRight: 259.991250
INFO:root:Looping....
DEBUG:root:This is the line: drive:58.4:0.893

DEBUG:root:We got command: drive
DEBUG:root:We got a drive command: rawX:0.893000 and rawY:58.400000
DEBUG:root:Forward to the Right
DEBUG:root:Left=-0.893000 Right=-57.507000
DEBUG:root:ScaledLeft: 372.990750 ScaledRight: 245.609250
INFO:root:Looping....
DEBUG:root:This is the line: drive:62.058:0.893

DEBUG:root:We got command: drive
DEBUG:root:We got a drive command: rawX:0.893000 and rawY:62.058000
DEBUG:root:Forward to the Right
DEBUG:root:Left=-0.893000 Right=-61.165000
DEBUG:root:ScaledLeft: 372.990750 ScaledRight: 237.378750
INFO:root:Looping....
DEBUG:root:This is the line: drive:66.325:1.19

DEBUG:root:We got command: drive
DEBUG:root:We got a drive command: rawX:1.190000 and rawY:66.325000
DEBUG:root:Forward to the Right
DEBUG:root:Left=-1.190000 Right=-65.135000
DEBUG:root:ScaledLeft: 372.322500 ScaledRight: 228.446250
INFO:root:Looping....
DEBUG:root:This is the line: drive:68.919:1.19

DEBUG:root:We got command: drive
DEBUG:root:We got a drive command: rawX:1.190000 and rawY:68.919000
DEBUG:root:Forward to the Right
DEBUG:root:Left=-1.190000 Right=-67.729000
DEBUG:root:ScaledLeft: 372.322500 ScaledRight: 222.609750
INFO:root:Looping....
DEBUG:root:This is the line: drive:71.05:1.19

DEBUG:root:We got command: drive
DEBUG:root:We got a drive command: rawX:1.190000 and rawY:71.050000
DEBUG:root:Forward to the Right
DEBUG:root:Left=-1.190000 Right=-69.860000
DEBUG:root:ScaledLeft: 372.322500 ScaledRight: 217.815000
INFO:root:Looping....
DEBUG:root:This is the line: drive:73.0:1.19

DEBUG:root:We got command: drive
DEBUG:root:We got a drive command: rawX:1.190000 and rawY:73.000000
DEBUG:root:Forward to the Right
DEBUG:root:Left=-1.190000 Right=-71.810000
DEBUG:root:ScaledLeft: 372.322500 ScaledRight: 213.427500
INFO:root:Looping....
DEBUG:root:This is the line: drive:74.937:1.19

DEBUG:root:We got command: drive
DEBUG:root:We got a drive command: rawX:1.190000 and rawY:74.937000
DEBUG:root:Forward to the Right
DEBUG:root:Left=-1.190000 Right=-73.747000
DEBUG:root:ScaledLeft: 372.322500 ScaledRight: 209.069250
INFO:root:Looping....
DEBUG:root:This is the line: drive:75.571:1.19

DEBUG:root:We got command: drive
DEBUG:root:We got a drive command: rawX:1.190000 and rawY:75.571000
DEBUG:root:Forward to the Right
DEBUG:root:Left=-1.190000 Right=-74.381000
DEBUG:root:ScaledLeft: 372.322500 ScaledRight: 207.642750
INFO:root:Looping....
DEBUG:root:This is the line: drive:75.571:1.19

DEBUG:root:We got command: drive
DEBUG:root:We got a drive command: rawX:1.190000 and rawY:75.571000
DEBUG:root:Forward to the Right
DEBUG:root:Left=-1.190000 Right=-74.381000
DEBUG:root:ScaledLeft: 372.322500 ScaledRight: 207.642750
INFO:root:Looping....
DEBUG:root:This is the line: drive:75.571:1.19

DEBUG:root:We got command: drive
DEBUG:root:We got a drive command: rawX:1.190000 and rawY:75.571000
DEBUG:root:Forward to the Right
DEBUG:root:Left=-1.190000 Right=-74.381000
DEBUG:root:ScaledLeft: 372.322500 ScaledRight: 207.642750
INFO:root:Looping....
DEBUG:root:This is the line: drive:75.571:1.19

DEBUG:root:We got command: drive
DEBUG:root:We got a drive command: rawX:1.190000 and rawY:75.571000
DEBUG:root:Forward to the Right
DEBUG:root:Left=-1.190000 Right=-74.381000
DEBUG:root:ScaledLeft: 372.322500 ScaledRight: 207.642750
INFO:root:Looping....
DEBUG:root:This is the line: drive:75.571:1.19

DEBUG:root:We got command: drive
DEBUG:root:We got a drive command: rawX:1.190000 and rawY:75.571000
DEBUG:root:Forward to the Right
DEBUG:root:Left=-1.190000 Right=-74.381000
DEBUG:root:ScaledLeft: 372.322500 ScaledRight: 207.642750
INFO:root:Looping....
DEBUG:root:This is the line: drive:75.571:1.19

DEBUG:root:We got command: drive
DEBUG:root:We got a drive command: rawX:1.190000 and rawY:75.571000
DEBUG:root:Forward to the Right
DEBUG:root:Left=-1.190000 Right=-74.381000
DEBUG:root:ScaledLeft: 372.322500 ScaledRight: 207.642750
INFO:root:Looping....
DEBUG:root:This is the line: drive:75.571:1.19

DEBUG:root:We got command: drive
DEBUG:root:We got a drive command: rawX:1.190000 and rawY:75.571000
DEBUG:root:Forward to the Right
DEBUG:root:Left=-1.190000 Right=-74.381000
DEBUG:root:ScaledLeft: 372.322500 ScaledRight: 207.642750
INFO:root:Looping....
DEBUG:root:This is the line: drive:75.571:1.19

DEBUG:root:We got command: drive
DEBUG:root:We got a drive command: rawX:1.190000 and rawY:75.571000
DEBUG:root:Forward to the Right
DEBUG:root:Left=-1.190000 Right=-74.381000
DEBUG:root:ScaledLeft: 372.322500 ScaledRight: 207.642750
INFO:root:Looping....
DEBUG:root:This is the line: drive:75.72:1.19

DEBUG:root:We got command: drive
DEBUG:root:We got a drive command: rawX:1.190000 and rawY:75.720000
DEBUG:root:Forward to the Right
DEBUG:root:Left=-1.190000 Right=-74.530000
DEBUG:root:ScaledLeft: 372.322500 ScaledRight: 207.307500
INFO:root:Looping....
DEBUG:root:This is the line: drive:76.605:1.19

DEBUG:root:We got command: drive
DEBUG:root:We got a drive command: rawX:1.190000 and rawY:76.605000
DEBUG:root:Forward to the Right
DEBUG:root:Left=-1.190000 Right=-75.415000
DEBUG:root:ScaledLeft: 372.322500 ScaledRight: 205.316250
INFO:root:Looping....
DEBUG:root:This is the line: drive:76.859:1.19

DEBUG:root:We got command: drive
DEBUG:root:We got a drive command: rawX:1.190000 and rawY:76.859000
DEBUG:root:Forward to the Right
DEBUG:root:Left=-1.190000 Right=-75.669000
DEBUG:root:ScaledLeft: 372.322500 ScaledRight: 204.744750
INFO:root:Looping....
DEBUG:root:This is the line: drive:77.838:1.19

DEBUG:root:We got command: drive
DEBUG:root:We got a drive command: rawX:1.190000 and rawY:77.838000
DEBUG:root:Forward to the Right
DEBUG:root:Left=-1.190000 Right=-76.648000
DEBUG:root:ScaledLeft: 372.322500 ScaledRight: 202.542000
INFO:root:Looping....
DEBUG:root:This is the line: drive:78.032:1.19

DEBUG:root:We got command: drive
DEBUG:root:We got a drive command: rawX:1.190000 and rawY:78.032000
DEBUG:root:Forward to the Right
DEBUG:root:Left=-1.190000 Right=-76.842000
DEBUG:root:ScaledLeft: 372.322500 ScaledRight: 202.105500
INFO:root:Looping....
DEBUG:root:This is the line: drive:78.634:1.19

DEBUG:root:We got command: drive
DEBUG:root:We got a drive command: rawX:1.190000 and rawY:78.634000
DEBUG:root:Forward to the Right
DEBUG:root:Left=-1.190000 Right=-77.444000
DEBUG:root:ScaledLeft: 372.322500 ScaledRight: 200.751000
INFO:root:Looping....
DEBUG:root:This is the line: drive:78.634:1.19

DEBUG:root:We got command: drive
DEBUG:root:We got a drive command: rawX:1.190000 and rawY:78.634000
DEBUG:root:Forward to the Right
DEBUG:root:Left=-1.190000 Right=-77.444000
DEBUG:root:ScaledLeft: 372.322500 ScaledRight: 200.751000
INFO:root:Looping....
DEBUG:root:This is the line: drive:78.896:1.19

DEBUG:root:We got command: drive
DEBUG:root:We got a drive command: rawX:1.190000 and rawY:78.896000
DEBUG:root:Forward to the Right
DEBUG:root:Left=-1.190000 Right=-77.706000
DEBUG:root:ScaledLeft: 372.322500 ScaledRight: 200.161500
INFO:root:Looping....
DEBUG:root:This is the line: drive:79.145:1.19

DEBUG:root:We got command: drive
DEBUG:root:We got a drive command: rawX:1.190000 and rawY:79.145000
DEBUG:root:Forward to the Right
DEBUG:root:Left=-1.190000 Right=-77.955000
DEBUG:root:ScaledLeft: 372.322500 ScaledRight: 199.601250
INFO:root:Looping....
DEBUG:root:This is the line: drive:79.145:1.19

DEBUG:root:We got command: drive
DEBUG:root:We got a drive command: rawX:1.190000 and rawY:79.145000
DEBUG:root:Forward to the Right
DEBUG:root:Left=-1.190000 Right=-77.955000
DEBUG:root:ScaledLeft: 372.322500 ScaledRight: 199.601250
INFO:root:Looping....
DEBUG:root:This is the line: drive:79.145:1.19

DEBUG:root:We got command: drive
DEBUG:root:We got a drive command: rawX:1.190000 and rawY:79.145000
DEBUG:root:Forward to the Right
DEBUG:root:Left=-1.190000 Right=-77.955000
DEBUG:root:ScaledLeft: 372.322500 ScaledRight: 199.601250
INFO:root:Looping....
DEBUG:root:This is the line: drive:79.145:1.19

DEBUG:root:We got command: drive
DEBUG:root:We got a drive command: rawX:1.190000 and rawY:79.145000
DEBUG:root:Forward to the Right
DEBUG:root:Left=-1.190000 Right=-77.955000
DEBUG:root:ScaledLeft: 372.322500 ScaledRight: 199.601250
INFO:root:Looping....
DEBUG:root:This is the line: drive:79.145:1.19

DEBUG:root:We got command: drive
DEBUG:root:We got a drive command: rawX:1.190000 and rawY:79.145000
DEBUG:root:Forward to the Right
DEBUG:root:Left=-1.190000 Right=-77.955000
DEBUG:root:ScaledLeft: 372.322500 ScaledRight: 199.601250
INFO:root:Looping....
DEBUG:root:This is the line: drive:79.145:1.19

DEBUG:root:We got command: drive
DEBUG:root:We got a drive command: rawX:1.190000 and rawY:79.145000
DEBUG:root:Forward to the Right
DEBUG:root:Left=-1.190000 Right=-77.955000
DEBUG:root:ScaledLeft: 372.322500 ScaledRight: 199.601250
INFO:root:Looping....
DEBUG:root:This is the line: drive:79.145:1.19

DEBUG:root:We got command: drive
DEBUG:root:We got a drive command: rawX:1.190000 and rawY:79.145000
DEBUG:root:Forward to the Right
DEBUG:root:Left=-1.190000 Right=-77.955000
DEBUG:root:ScaledLeft: 372.322500 ScaledRight: 199.601250
INFO:root:Looping....
DEBUG:root:This is the line: drive:79.145:1.19

DEBUG:root:We got command: drive
DEBUG:root:We got a drive command: rawX:1.190000 and rawY:79.145000
DEBUG:root:Forward to the Right
DEBUG:root:Left=-1.190000 Right=-77.955000
DEBUG:root:ScaledLeft: 372.322500 ScaledRight: 199.601250
INFO:root:Looping....
DEBUG:root:This is the line: drive:79.145:1.19

DEBUG:root:We got command: drive
DEBUG:root:We got a drive command: rawX:1.190000 and rawY:79.145000
DEBUG:root:Forward to the Right
DEBUG:root:Left=-1.190000 Right=-77.955000
DEBUG:root:ScaledLeft: 372.322500 ScaledRight: 199.601250
INFO:root:Looping....
DEBUG:root:This is the line: drive:79.145:1.19

DEBUG:root:We got command: drive
DEBUG:root:We got a drive command: rawX:1.190000 and rawY:79.145000
DEBUG:root:Forward to the Right
DEBUG:root:Left=-1.190000 Right=-77.955000
DEBUG:root:ScaledLeft: 372.322500 ScaledRight: 199.601250
INFO:root:Looping....
DEBUG:root:This is the line: drive:79.145:1.19

DEBUG:root:We got command: drive
DEBUG:root:We got a drive command: rawX:1.190000 and rawY:79.145000
DEBUG:root:Forward to the Right
DEBUG:root:Left=-1.190000 Right=-77.955000
DEBUG:root:ScaledLeft: 372.322500 ScaledRight: 199.601250
INFO:root:Looping....
DEBUG:root:This is the line: drive:79.145:1.19

DEBUG:root:We got command: drive
DEBUG:root:We got a drive command: rawX:1.190000 and rawY:79.145000
DEBUG:root:Forward to the Right
DEBUG:root:Left=-1.190000 Right=-77.955000
DEBUG:root:ScaledLeft: 372.322500 ScaledRight: 199.601250
INFO:root:Looping....
DEBUG:root:This is the line: drive:79.145:1.19

DEBUG:root:We got command: drive
DEBUG:root:We got a drive command: rawX:1.190000 and rawY:79.145000
DEBUG:root:Forward to the Right
DEBUG:root:Left=-1.190000 Right=-77.955000
DEBUG:root:ScaledLeft: 372.322500 ScaledRight: 199.601250
INFO:root:Looping....
DEBUG:root:This is the line: drive:79.145:1.19

DEBUG:root:We got command: drive
DEBUG:root:We got a drive command: rawX:1.190000 and rawY:79.145000
DEBUG:root:Forward to the Right
DEBUG:root:Left=-1.190000 Right=-77.955000
DEBUG:root:ScaledLeft: 372.322500 ScaledRight: 199.601250
INFO:root:Looping....
DEBUG:root:This is the line: drive:79.145:1.19

DEBUG:root:We got command: drive
DEBUG:root:We got a drive command: rawX:1.190000 and rawY:79.145000
DEBUG:root:Forward to the Right
DEBUG:root:Left=-1.190000 Right=-77.955000
DEBUG:root:ScaledLeft: 372.322500 ScaledRight: 199.601250
INFO:root:Looping....
DEBUG:root:This is the line: drive:79.145:1.19

DEBUG:root:We got command: drive
DEBUG:root:We got a drive command: rawX:1.190000 and rawY:79.145000
DEBUG:root:Forward to the Right
DEBUG:root:Left=-1.190000 Right=-77.955000
DEBUG:root:ScaledLeft: 372.322500 ScaledRight: 199.601250
INFO:root:Looping....
DEBUG:root:This is the line: drive:79.145:1.19

DEBUG:root:We got command: drive
DEBUG:root:We got a drive command: rawX:1.190000 and rawY:79.145000
DEBUG:root:Forward to the Right
DEBUG:root:Left=-1.190000 Right=-77.955000
DEBUG:root:ScaledLeft: 372.322500 ScaledRight: 199.601250
INFO:root:Looping....
DEBUG:root:This is the line: drive:79.145:1.19

DEBUG:root:We got command: drive
DEBUG:root:We got a drive command: rawX:1.190000 and rawY:79.145000
DEBUG:root:Forward to the Right
DEBUG:root:Left=-1.190000 Right=-77.955000
DEBUG:root:ScaledLeft: 372.322500 ScaledRight: 199.601250
INFO:root:Looping....
DEBUG:root:This is the line: drive:79.145:1.19

DEBUG:root:We got command: drive
DEBUG:root:We got a drive command: rawX:1.190000 and rawY:79.145000
DEBUG:root:Forward to the Right
DEBUG:root:Left=-1.190000 Right=-77.955000
DEBUG:root:ScaledLeft: 372.322500 ScaledRight: 199.601250
INFO:root:Looping....
DEBUG:root:This is the line: drive:79.145:1.19

DEBUG:root:We got command: drive
DEBUG:root:We got a drive command: rawX:1.190000 and rawY:79.145000
DEBUG:root:Forward to the Right
DEBUG:root:Left=-1.190000 Right=-77.955000
DEBUG:root:ScaledLeft: 372.322500 ScaledRight: 199.601250
INFO:root:Looping....
DEBUG:root:This is the line: drive:79.145:1.19

DEBUG:root:We got command: drive
DEBUG:root:We got a drive command: rawX:1.190000 and rawY:79.145000
DEBUG:root:Forward to the Right
DEBUG:root:Left=-1.190000 Right=-77.955000
DEBUG:root:ScaledLeft: 372.322500 ScaledRight: 199.601250
INFO:root:Looping....
DEBUG:root:This is the line: drive:79.145:1.19

DEBUG:root:We got command: drive
DEBUG:root:We got a drive command: rawX:1.190000 and rawY:79.145000
DEBUG:root:Forward to the Right
DEBUG:root:Left=-1.190000 Right=-77.955000
DEBUG:root:ScaledLeft: 372.322500 ScaledRight: 199.601250
INFO:root:Looping....
DEBUG:root:This is the line: drive:79.145:1.19

DEBUG:root:We got command: drive
DEBUG:root:We got a drive command: rawX:1.190000 and rawY:79.145000
DEBUG:root:Forward to the Right
DEBUG:root:Left=-1.190000 Right=-77.955000
DEBUG:root:ScaledLeft: 372.322500 ScaledRight: 199.601250
INFO:root:Looping....
DEBUG:root:This is the line: drive:79.145:1.19

DEBUG:root:We got command: drive
DEBUG:root:We got a drive command: rawX:1.190000 and rawY:79.145000
DEBUG:root:Forward to the Right
DEBUG:root:Left=-1.190000 Right=-77.955000
DEBUG:root:ScaledLeft: 372.322500 ScaledRight: 199.601250
INFO:root:Looping....
DEBUG:root:This is the line: drive:79.145:1.19

DEBUG:root:We got command: drive
DEBUG:root:We got a drive command: rawX:1.190000 and rawY:79.145000
DEBUG:root:Forward to the Right
DEBUG:root:Left=-1.190000 Right=-77.955000
DEBUG:root:ScaledLeft: 372.322500 ScaledRight: 199.601250
INFO:root:Looping....
DEBUG:root:This is the line: drive:79.43:1.19

DEBUG:root:We got command: drive
DEBUG:root:We got a drive command: rawX:1.190000 and rawY:79.430000
DEBUG:root:Forward to the Right
DEBUG:root:Left=-1.190000 Right=-78.240000
DEBUG:root:ScaledLeft: 372.322500 ScaledRight: 198.960000
INFO:root:Looping....
DEBUG:root:This is the line: drive:79.43:1.19

DEBUG:root:We got command: drive
DEBUG:root:We got a drive command: rawX:1.190000 and rawY:79.430000
DEBUG:root:Forward to the Right
DEBUG:root:Left=-1.190000 Right=-78.240000
DEBUG:root:ScaledLeft: 372.322500 ScaledRight: 198.960000
INFO:root:Looping....
DEBUG:root:This is the line: drive:79.43:1.19

DEBUG:root:We got command: drive
DEBUG:root:We got a drive command: rawX:1.190000 and rawY:79.430000
DEBUG:root:Forward to the Right
DEBUG:root:Left=-1.190000 Right=-78.240000
DEBUG:root:ScaledLeft: 372.322500 ScaledRight: 198.960000
INFO:root:Looping....
DEBUG:root:This is the line: drive:79.72:1.19

DEBUG:root:We got command: drive
DEBUG:root:We got a drive command: rawX:1.190000 and rawY:79.720000
DEBUG:root:Forward to the Right
DEBUG:root:Left=-1.190000 Right=-78.530000
DEBUG:root:ScaledLeft: 372.322500 ScaledRight: 198.307500
INFO:root:Looping....
DEBUG:root:This is the line: drive:79.72:1.19

DEBUG:root:We got command: drive
DEBUG:root:We got a drive command: rawX:1.190000 and rawY:79.720000
DEBUG:root:Forward to the Right
DEBUG:root:Left=-1.190000 Right=-78.530000
DEBUG:root:ScaledLeft: 372.322500 ScaledRight: 198.307500
INFO:root:Looping....
DEBUG:root:This is the line: drive:79.72:1.19

DEBUG:root:We got command: drive
DEBUG:root:We got a drive command: rawX:1.190000 and rawY:79.720000
DEBUG:root:Forward to the Right
DEBUG:root:Left=-1.190000 Right=-78.530000
DEBUG:root:ScaledLeft: 372.322500 ScaledRight: 198.307500
INFO:root:Looping....
DEBUG:root:This is the line: drive:79.72:1.19

DEBUG:root:We got command: drive
DEBUG:root:We got a drive command: rawX:1.190000 and rawY:79.720000
DEBUG:root:Forward to the Right
DEBUG:root:Left=-1.190000 Right=-78.530000
DEBUG:root:ScaledLeft: 372.322500 ScaledRight: 198.307500
INFO:root:Looping....
DEBUG:root:This is the line: drive:80.002:1.19

DEBUG:root:We got command: drive
DEBUG:root:We got a drive command: rawX:1.190000 and rawY:80.002000
DEBUG:root:Forward to the Right
DEBUG:root:Left=-1.190000 Right=-78.812000
DEBUG:root:ScaledLeft: 372.322500 ScaledRight: 197.673000
INFO:root:Looping....
DEBUG:root:This is the line: drive:80.002:1.19

DEBUG:root:We got command: drive
DEBUG:root:We got a drive command: rawX:1.190000 and rawY:80.002000
DEBUG:root:Forward to the Right
DEBUG:root:Left=-1.190000 Right=-78.812000
DEBUG:root:ScaledLeft: 372.322500 ScaledRight: 197.673000
INFO:root:Looping....
DEBUG:root:This is the line: drive:80.002:1.19

DEBUG:root:We got command: drive
DEBUG:root:We got a drive command: rawX:1.190000 and rawY:80.002000
DEBUG:root:Forward to the Right
DEBUG:root:Left=-1.190000 Right=-78.812000
DEBUG:root:ScaledLeft: 372.322500 ScaledRight: 197.673000
INFO:root:Looping....
DEBUG:root:This is the line: drive:80.002:1.19

DEBUG:root:We got command: drive
DEBUG:root:We got a drive command: rawX:1.190000 and rawY:80.002000
DEBUG:root:Forward to the Right
DEBUG:root:Left=-1.190000 Right=-78.812000
DEBUG:root:ScaledLeft: 372.322500 ScaledRight: 197.673000
INFO:root:Looping....
DEBUG:root:This is the line: drive:80.301:1.19

DEBUG:root:We got command: drive
DEBUG:root:We got a drive command: rawX:1.190000 and rawY:80.301000
DEBUG:root:Forward to the Right
DEBUG:root:Left=-1.190000 Right=-79.111000
DEBUG:root:ScaledLeft: 372.322500 ScaledRight: 197.000250
INFO:root:Looping....
DEBUG:root:This is the line: drive:80.301:1.19

DEBUG:root:We got command: drive
DEBUG:root:We got a drive command: rawX:1.190000 and rawY:80.301000
DEBUG:root:Forward to the Right
DEBUG:root:Left=-1.190000 Right=-79.111000
DEBUG:root:ScaledLeft: 372.322500 ScaledRight: 197.000250
INFO:root:Looping....
DEBUG:root:This is the line: drive:80.301:1.19

DEBUG:root:We got command: drive
DEBUG:root:We got a drive command: rawX:1.190000 and rawY:80.301000
DEBUG:root:Forward to the Right
DEBUG:root:Left=-1.190000 Right=-79.111000
DEBUG:root:ScaledLeft: 372.322500 ScaledRight: 197.000250
INFO:root:Looping....
DEBUG:root:This is the line: drive:80.301:1.19

DEBUG:root:We got command: drive
DEBUG:root:We got a drive command: rawX:1.190000 and rawY:80.301000
DEBUG:root:Forward to the Right
DEBUG:root:Left=-1.190000 Right=-79.111000
DEBUG:root:ScaledLeft: 372.322500 ScaledRight: 197.000250
INFO:root:Looping....
DEBUG:root:This is the line: drive:80.301:1.19

DEBUG:root:We got command: drive
DEBUG:root:We got a drive command: rawX:1.190000 and rawY:80.301000
DEBUG:root:Forward to the Right
DEBUG:root:Left=-1.190000 Right=-79.111000
DEBUG:root:ScaledLeft: 372.322500 ScaledRight: 197.000250
INFO:root:Looping....
DEBUG:root:This is the line: drive:80.301:1.19

DEBUG:root:We got command: drive
DEBUG:root:We got a drive command: rawX:1.190000 and rawY:80.301000
DEBUG:root:Forward to the Right
DEBUG:root:Left=-1.190000 Right=-79.111000
DEBUG:root:ScaledLeft: 372.322500 ScaledRight: 197.000250
INFO:root:Looping....
DEBUG:root:This is the line: drive:80.301:1.19

DEBUG:root:We got command: drive
DEBUG:root:We got a drive command: rawX:1.190000 and rawY:80.301000
DEBUG:root:Forward to the Right
DEBUG:root:Left=-1.190000 Right=-79.111000
DEBUG:root:ScaledLeft: 372.322500 ScaledRight: 197.000250
INFO:root:Looping....
DEBUG:root:This is the line: drive:80.301:1.19

DEBUG:root:We got command: drive
DEBUG:root:We got a drive command: rawX:1.190000 and rawY:80.301000
DEBUG:root:Forward to the Right
DEBUG:root:Left=-1.190000 Right=-79.111000
DEBUG:root:ScaledLeft: 372.322500 ScaledRight: 197.000250
INFO:root:Looping....
DEBUG:root:This is the line: drive:80.301:1.19

DEBUG:root:We got command: drive
DEBUG:root:We got a drive command: rawX:1.190000 and rawY:80.301000
DEBUG:root:Forward to the Right
DEBUG:root:Left=-1.190000 Right=-79.111000
DEBUG:root:ScaledLeft: 372.322500 ScaledRight: 197.000250
INFO:root:Looping....
DEBUG:root:This is the line: drive:80.301:1.19

DEBUG:root:We got command: drive
DEBUG:root:We got a drive command: rawX:1.190000 and rawY:80.301000
DEBUG:root:Forward to the Right
DEBUG:root:Left=-1.190000 Right=-79.111000
DEBUG:root:ScaledLeft: 372.322500 ScaledRight: 197.000250
INFO:root:Looping....
DEBUG:root:This is the line: drive:80.301:1.19

DEBUG:root:We got command: drive
DEBUG:root:We got a drive command: rawX:1.190000 and rawY:80.301000
DEBUG:root:Forward to the Right
DEBUG:root:Left=-1.190000 Right=-79.111000
DEBUG:root:ScaledLeft: 372.322500 ScaledRight: 197.000250
INFO:root:Looping....
DEBUG:root:This is the line: drive:80.301:1.19

DEBUG:root:We got command: drive
DEBUG:root:We got a drive command: rawX:1.190000 and rawY:80.301000
DEBUG:root:Forward to the Right
DEBUG:root:Left=-1.190000 Right=-79.111000
DEBUG:root:ScaledLeft: 372.322500 ScaledRight: 197.000250
INFO:root:Looping....
DEBUG:root:This is the line: drive:80.301:1.19

DEBUG:root:We got command: drive
DEBUG:root:We got a drive command: rawX:1.190000 and rawY:80.301000
DEBUG:root:Forward to the Right
DEBUG:root:Left=-1.190000 Right=-79.111000
DEBUG:root:ScaledLeft: 372.322500 ScaledRight: 197.000250
INFO:root:Looping....
DEBUG:root:This is the line: drive:80.301:1.19

DEBUG:root:We got command: drive
DEBUG:root:We got a drive command: rawX:1.190000 and rawY:80.301000
DEBUG:root:Forward to the Right
DEBUG:root:Left=-1.190000 Right=-79.111000
DEBUG:root:ScaledLeft: 372.322500 ScaledRight: 197.000250
INFO:root:Looping....
DEBUG:root:This is the line: drive:80.301:1.19

DEBUG:root:We got command: drive
DEBUG:root:We got a drive command: rawX:1.190000 and rawY:80.301000
DEBUG:root:Forward to the Right
DEBUG:root:Left=-1.190000 Right=-79.111000
DEBUG:root:ScaledLeft: 372.322500 ScaledRight: 197.000250
INFO:root:Looping....
DEBUG:root:This is the line: drive:80.301:1.19

DEBUG:root:We got command: drive
DEBUG:root:We got a drive command: rawX:1.190000 and rawY:80.301000
DEBUG:root:Forward to the Right
DEBUG:root:Left=-1.190000 Right=-79.111000
DEBUG:root:ScaledLeft: 372.322500 ScaledRight: 197.000250
INFO:root:Looping....
DEBUG:root:This is the line: drive:80.301:1.19

DEBUG:root:We got command: drive
DEBUG:root:We got a drive command: rawX:1.190000 and rawY:80.301000
DEBUG:root:Forward to the Right
DEBUG:root:Left=-1.190000 Right=-79.111000
DEBUG:root:ScaledLeft: 372.322500 ScaledRight: 197.000250
INFO:root:Looping....
DEBUG:root:This is the line: drive:80.301:1.19

DEBUG:root:We got command: drive
DEBUG:root:We got a drive command: rawX:1.190000 and rawY:80.301000
DEBUG:root:Forward to the Right
DEBUG:root:Left=-1.190000 Right=-79.111000
DEBUG:root:ScaledLeft: 372.322500 ScaledRight: 197.000250
INFO:root:Looping....
DEBUG:root:This is the line: drive:80.301:1.19

DEBUG:root:We got command: drive
DEBUG:root:We got a drive command: rawX:1.190000 and rawY:80.301000
DEBUG:root:Forward to the Right
DEBUG:root:Left=-1.190000 Right=-79.111000
DEBUG:root:ScaledLeft: 372.322500 ScaledRight: 197.000250
INFO:root:Looping....
DEBUG:root:This is the line: drive:80.301:1.19

DEBUG:root:We got command: drive
DEBUG:root:We got a drive command: rawX:1.190000 and rawY:80.301000
DEBUG:root:Forward to the Right
DEBUG:root:Left=-1.190000 Right=-79.111000
DEBUG:root:ScaledLeft: 372.322500 ScaledRight: 197.000250
INFO:root:Looping....
DEBUG:root:This is the line: drive:80.301:1.19

DEBUG:root:We got command: drive
DEBUG:root:We got a drive command: rawX:1.190000 and rawY:80.301000
DEBUG:root:Forward to the Right
DEBUG:root:Left=-1.190000 Right=-79.111000
DEBUG:root:ScaledLeft: 372.322500 ScaledRight: 197.000250
INFO:root:Looping....
DEBUG:root:This is the line: drive:80.301:1.19

DEBUG:root:We got command: drive
DEBUG:root:We got a drive command: rawX:1.190000 and rawY:80.301000
DEBUG:root:Forward to the Right
DEBUG:root:Left=-1.190000 Right=-79.111000
DEBUG:root:ScaledLeft: 372.322500 ScaledRight: 197.000250
INFO:root:Looping....
DEBUG:root:This is the line: drive:80.301:1.19

DEBUG:root:We got command: drive
DEBUG:root:We got a drive command: rawX:1.190000 and rawY:80.301000
DEBUG:root:Forward to the Right
DEBUG:root:Left=-1.190000 Right=-79.111000
DEBUG:root:ScaledLeft: 372.322500 ScaledRight: 197.000250
INFO:root:Looping....
DEBUG:root:This is the line: drive:80.301:1.19

DEBUG:root:We got command: drive
DEBUG:root:We got a drive command: rawX:1.190000 and rawY:80.301000
DEBUG:root:Forward to the Right
DEBUG:root:Left=-1.190000 Right=-79.111000
DEBUG:root:ScaledLeft: 372.322500 ScaledRight: 197.000250
INFO:root:Looping....
DEBUG:root:This is the line: drive:80.301:1.19

DEBUG:root:We got command: drive
DEBUG:root:We got a drive command: rawX:1.190000 and rawY:80.301000
DEBUG:root:Forward to the Right
DEBUG:root:Left=-1.190000 Right=-79.111000
DEBUG:root:ScaledLeft: 372.322500 ScaledRight: 197.000250
INFO:root:Looping....
DEBUG:root:This is the line: drive:80.301:1.19

DEBUG:root:We got command: drive
DEBUG:root:We got a drive command: rawX:1.190000 and rawY:80.301000
DEBUG:root:Forward to the Right
DEBUG:root:Left=-1.190000 Right=-79.111000
DEBUG:root:ScaledLeft: 372.322500 ScaledRight: 197.000250
INFO:root:Looping....
DEBUG:root:This is the line: drive:80.301:1.19

DEBUG:root:We got command: drive
DEBUG:root:We got a drive command: rawX:1.190000 and rawY:80.301000
DEBUG:root:Forward to the Right
DEBUG:root:Left=-1.190000 Right=-79.111000
DEBUG:root:ScaledLeft: 372.322500 ScaledRight: 197.000250
INFO:root:Looping....
DEBUG:root:This is the line: drive:80.301:1.19

DEBUG:root:We got command: drive
DEBUG:root:We got a drive command: rawX:1.190000 and rawY:80.301000
DEBUG:root:Forward to the Right
DEBUG:root:Left=-1.190000 Right=-79.111000
DEBUG:root:ScaledLeft: 372.322500 ScaledRight: 197.000250
INFO:root:Looping....
DEBUG:root:This is the line: drive:80.301:1.19

DEBUG:root:We got command: drive
DEBUG:root:We got a drive command: rawX:1.190000 and rawY:80.301000
DEBUG:root:Forward to the Right
DEBUG:root:Left=-1.190000 Right=-79.111000
DEBUG:root:ScaledLeft: 372.322500 ScaledRight: 197.000250
INFO:root:Looping....
DEBUG:root:This is the line: drive:80.286:-0.151

DEBUG:root:We got command: drive
DEBUG:root:We got a drive command: rawX:-0.151000 and rawY:80.286000
DEBUG:root:Forward to the Left/Straight
DEBUG:root:Left=80.437000 Right=-0.151000
DEBUG:root:ScaledLeft: 555.983250 ScaledRight: 374.660250
INFO:root:Looping....
DEBUG:root:This is the line: drive:80.286:-2.368

DEBUG:root:We got command: drive
DEBUG:root:We got a drive command: rawX:-2.368000 and rawY:80.286000
DEBUG:root:Forward to the Left/Straight
DEBUG:root:Left=82.654000 Right=-2.368000
DEBUG:root:ScaledLeft: 560.971500 ScaledRight: 369.672000
INFO:root:Looping....
DEBUG:root:This is the line: drive:80.286:-4.522

DEBUG:root:We got command: drive
DEBUG:root:We got a drive command: rawX:-4.522000 and rawY:80.286000
DEBUG:root:Forward to the Left/Straight
DEBUG:root:Left=84.808000 Right=-4.522000
DEBUG:root:ScaledLeft: 565.818000 ScaledRight: 364.825500
INFO:root:Looping....
DEBUG:root:This is the line: drive:80.286:-6.712

DEBUG:root:We got command: drive
DEBUG:root:We got a drive command: rawX:-6.712000 and rawY:80.286000
DEBUG:root:Forward to the Left/Straight
DEBUG:root:Left=86.998000 Right=-6.712000
DEBUG:root:ScaledLeft: 570.745500 ScaledRight: 359.898000
INFO:root:Looping....
DEBUG:root:This is the line: drive:80.286:-8.78

DEBUG:root:We got command: drive
DEBUG:root:We got a drive command: rawX:-8.780000 and rawY:80.286000
DEBUG:root:Forward to the Left/Straight
DEBUG:root:Left=89.066000 Right=-8.780000
DEBUG:root:ScaledLeft: 575.398500 ScaledRight: 355.245000
INFO:root:Looping....
DEBUG:root:This is the line: drive:80.286:-10.755

DEBUG:root:We got command: drive
DEBUG:root:We got a drive command: rawX:-10.755000 and rawY:80.286000
DEBUG:root:Forward to the Left/Straight
DEBUG:root:Left=91.041000 Right=-10.755000
DEBUG:root:ScaledLeft: 579.842250 ScaledRight: 350.801250
INFO:root:Looping....
DEBUG:root:This is the line: drive:80.286:-12.973

DEBUG:root:We got command: drive
DEBUG:root:We got a drive command: rawX:-12.973000 and rawY:80.286000
DEBUG:root:Forward to the Left/Straight
DEBUG:root:Left=93.259000 Right=-12.973000
DEBUG:root:ScaledLeft: 584.832750 ScaledRight: 345.810750
INFO:root:Looping....
DEBUG:root:This is the line: drive:80.286:-14.801

DEBUG:root:We got command: drive
DEBUG:root:We got a drive command: rawX:-14.801000 and rawY:80.286000
DEBUG:root:Forward to the Left/Straight
DEBUG:root:Left=95.087000 Right=-14.801000
DEBUG:root:ScaledLeft: 588.945750 ScaledRight: 341.697750
INFO:root:Looping....
DEBUG:root:This is the line: drive:80.286:-16.159

DEBUG:root:We got command: drive
DEBUG:root:We got a drive command: rawX:-16.159000 and rawY:80.286000
DEBUG:root:Forward to the Left/Straight
DEBUG:root:Left=96.445000 Right=-16.159000
DEBUG:root:ScaledLeft: 592.001250 ScaledRight: 338.642250
INFO:root:Looping....
DEBUG:root:This is the line: drive:79.419:-17.569

DEBUG:root:We got command: drive
DEBUG:root:We got a drive command: rawX:-17.569000 and rawY:79.419000
DEBUG:root:Forward to the Left/Straight
DEBUG:root:Left=96.988000 Right=-17.569000
DEBUG:root:ScaledLeft: 593.223000 ScaledRight: 335.469750
INFO:root:Looping....
DEBUG:root:This is the line: drive:78.286:-19.787

DEBUG:root:We got command: drive
DEBUG:root:We got a drive command: rawX:-19.787000 and rawY:78.286000
DEBUG:root:Forward to the Left/Straight
DEBUG:root:Left=98.073000 Right=-19.787000
DEBUG:root:ScaledLeft: 595.664250 ScaledRight: 330.479250
INFO:root:Looping....
DEBUG:root:This is the line: drive:76.27:-22.338

DEBUG:root:We got command: drive
DEBUG:root:We got a drive command: rawX:-22.338000 and rawY:76.270000
DEBUG:root:Forward to the Left/Straight
DEBUG:root:Left=98.608000 Right=-22.338000
DEBUG:root:ScaledLeft: 596.868000 ScaledRight: 324.739500
INFO:root:Looping....
DEBUG:root:This is the line: drive:74.857:-24.533

DEBUG:root:We got command: drive
DEBUG:root:We got a drive command: rawX:-24.533000 and rawY:74.857000
DEBUG:root:Forward to the Left/Straight
DEBUG:root:Left=99.390000 Right=-24.533000
DEBUG:root:ScaledLeft: 598.627500 ScaledRight: 319.800750
INFO:root:Looping....
DEBUG:root:This is the line: drive:73.805:-26.691

DEBUG:root:We got command: drive
DEBUG:root:We got a drive command: rawX:-26.691000 and rawY:73.805000
DEBUG:root:Forward to the Left/Straight
DEBUG:root:Left=100.496000 Right=-26.691000
DEBUG:root:ScaledLeft: 601.116000 ScaledRight: 314.945250
INFO:root:Looping....
DEBUG:root:This is the line: drive:73.143:-28.462

DEBUG:root:We got command: drive
DEBUG:root:We got a drive command: rawX:-28.462000 and rawY:73.143000
DEBUG:root:Forward to the Left/Straight
DEBUG:root:Left=101.605000 Right=-28.462000
DEBUG:root:ScaledLeft: 603.611250 ScaledRight: 310.960500
INFO:root:Looping....
DEBUG:root:This is the line: drive:72.286:-30.593

DEBUG:root:We got command: drive
DEBUG:root:We got a drive command: rawX:-30.593000 and rawY:72.286000
DEBUG:root:Forward to the Left/Straight
DEBUG:root:Left=102.879000 Right=-30.593000
DEBUG:root:ScaledLeft: 606.477750 ScaledRight: 306.165750
INFO:root:Looping....
DEBUG:root:This is the line: drive:72.0:-31.696

DEBUG:root:We got command: drive
DEBUG:root:We got a drive command: rawX:-31.696000 and rawY:72.000000
DEBUG:root:Forward to the Left/Straight
DEBUG:root:Left=103.696000 Right=-31.696000
DEBUG:root:ScaledLeft: 608.316000 ScaledRight: 303.684000
INFO:root:Looping....
DEBUG:root:This is the line: drive:71.135:-32.449

DEBUG:root:We got command: drive
DEBUG:root:We got a drive command: rawX:-32.449000 and rawY:71.135000
DEBUG:root:Forward to the Left/Straight
DEBUG:root:Left=103.584000 Right=-32.449000
DEBUG:root:ScaledLeft: 608.064000 ScaledRight: 301.989750
INFO:root:Looping....
DEBUG:root:This is the line: drive:70.143:-32.44

DEBUG:root:We got command: drive
DEBUG:root:We got a drive command: rawX:-32.440000 and rawY:70.143000
DEBUG:root:Forward to the Left/Straight
DEBUG:root:Left=102.583000 Right=-32.440000
DEBUG:root:ScaledLeft: 605.811750 ScaledRight: 302.010000
INFO:root:Looping....
DEBUG:root:This is the line: drive:70.286:-33.185

DEBUG:root:We got command: drive
DEBUG:root:We got a drive command: rawX:-33.185000 and rawY:70.286000
DEBUG:root:Forward to the Left/Straight
DEBUG:root:Left=103.471000 Right=-33.185000
DEBUG:root:ScaledLeft: 607.809750 ScaledRight: 300.333750
INFO:root:Looping....
DEBUG:root:This is the line: drive:70.286:-33.345

DEBUG:root:We got command: drive
DEBUG:root:We got a drive command: rawX:-33.345000 and rawY:70.286000
DEBUG:root:Forward to the Left/Straight
DEBUG:root:Left=103.631000 Right=-33.345000
DEBUG:root:ScaledLeft: 608.169750 ScaledRight: 299.973750
INFO:root:Looping....
DEBUG:root:This is the line: drive:70.286:-33.748

DEBUG:root:We got command: drive
DEBUG:root:We got a drive command: rawX:-33.748000 and rawY:70.286000
DEBUG:root:Forward to the Left/Straight
DEBUG:root:Left=104.034000 Right=-33.748000
DEBUG:root:ScaledLeft: 609.076500 ScaledRight: 299.067000
INFO:root:Looping....
DEBUG:root:This is the line: drive:69.823:-33.631

DEBUG:root:We got command: drive
DEBUG:root:We got a drive command: rawX:-33.631000 and rawY:69.823000
DEBUG:root:Forward to the Left/Straight
DEBUG:root:Left=103.454000 Right=-33.631000
DEBUG:root:ScaledLeft: 607.771500 ScaledRight: 299.330250
INFO:root:Looping....
DEBUG:root:This is the line: drive:68.143:-33.631

DEBUG:root:We got command: drive
DEBUG:root:We got a drive command: rawX:-33.631000 and rawY:68.143000
DEBUG:root:Forward to the Left/Straight
DEBUG:root:Left=101.774000 Right=-33.631000
DEBUG:root:ScaledLeft: 603.991500 ScaledRight: 299.330250
INFO:root:Looping....
DEBUG:root:This is the line: drive:66.517:-33.929

DEBUG:root:We got command: drive
DEBUG:root:We got a drive command: rawX:-33.929000 and rawY:66.517000
DEBUG:root:Forward to the Left/Straight
DEBUG:root:Left=100.446000 Right=-33.929000
DEBUG:root:ScaledLeft: 601.003500 ScaledRight: 298.659750
INFO:root:Looping....
DEBUG:root:This is the line: drive:64.389:-33.929

DEBUG:root:We got command: drive
DEBUG:root:We got a drive command: rawX:-33.929000 and rawY:64.389000
DEBUG:root:Forward to the Left/Straight
DEBUG:root:Left=98.318000 Right=-33.929000
DEBUG:root:ScaledLeft: 596.215500 ScaledRight: 298.659750
INFO:root:Looping....
DEBUG:root:This is the line: drive:62.21:-34.603

DEBUG:root:We got command: drive
DEBUG:root:We got a drive command: rawX:-34.603000 and rawY:62.210000
DEBUG:root:Forward to the Left/Straight
DEBUG:root:Left=96.813000 Right=-34.603000
DEBUG:root:ScaledLeft: 592.829250 ScaledRight: 297.143250
INFO:root:Looping....
DEBUG:root:This is the line: drive:60.571:-36.777

DEBUG:root:We got command: drive
DEBUG:root:We got a drive command: rawX:-36.777000 and rawY:60.571000
DEBUG:root:Forward to the Left/Straight
DEBUG:root:Left=97.348000 Right=-36.777000
DEBUG:root:ScaledLeft: 594.033000 ScaledRight: 292.251750
INFO:root:Looping....
DEBUG:root:This is the line: drive:59.942:-37.56

DEBUG:root:We got command: drive
DEBUG:root:We got a drive command: rawX:-37.560000 and rawY:59.942000
DEBUG:root:Forward to the Left/Straight
DEBUG:root:Left=97.502000 Right=-37.560000
DEBUG:root:ScaledLeft: 594.379500 ScaledRight: 290.490000
INFO:root:Looping....
DEBUG:root:This is the line: drive:58.0:-46.586

DEBUG:root:We got command: drive
DEBUG:root:We got a drive command: rawX:-46.586000 and rawY:58.000000
DEBUG:root:Forward to the Left/Straight
DEBUG:root:Left=104.586000 Right=-46.586000
DEBUG:root:ScaledLeft: 610.318500 ScaledRight: 270.181500
INFO:root:Looping....
DEBUG:root:This is the line: drive:58.0:-50.402

DEBUG:root:We got command: drive
DEBUG:root:We got a drive command: rawX:-50.402000 and rawY:58.000000
DEBUG:root:Forward to the Left/Straight
DEBUG:root:Left=108.402000 Right=-50.402000
DEBUG:root:ScaledLeft: 618.904500 ScaledRight: 261.595500
INFO:root:Looping....
DEBUG:root:This is the line: drive:58.0:-52.53

DEBUG:root:We got command: drive
DEBUG:root:We got a drive command: rawX:-52.530000 and rawY:58.000000
DEBUG:root:Forward to the Left/Straight
DEBUG:root:Left=110.530000 Right=-52.530000
DEBUG:root:ScaledLeft: 623.692500 ScaledRight: 256.807500
INFO:root:Looping....
DEBUG:root:This is the line: drive:58.0:-54.437

DEBUG:root:We got command: drive
DEBUG:root:We got a drive command: rawX:-54.437000 and rawY:58.000000
DEBUG:root:Forward to the Left/Straight
DEBUG:root:Left=112.437000 Right=-54.437000
DEBUG:root:ScaledLeft: 627.983250 ScaledRight: 252.516750
INFO:root:Looping....
DEBUG:root:This is the line: drive:58.0:-56.653

DEBUG:root:We got command: drive
DEBUG:root:We got a drive command: rawX:-56.653000 and rawY:58.000000
DEBUG:root:Forward to the Left/Straight
DEBUG:root:Left=114.653000 Right=-56.653000
DEBUG:root:ScaledLeft: 632.969250 ScaledRight: 247.530750
INFO:root:Looping....
DEBUG:root:This is the line: drive:58.0:-58.475

DEBUG:root:We got command: drive
DEBUG:root:We got a drive command: rawX:-58.475000 and rawY:58.000000
DEBUG:root:Forward to the Left/Straight
DEBUG:root:Left=116.475000 Right=-58.475000
DEBUG:root:ScaledLeft: 637.068750 ScaledRight: 243.431250
INFO:root:Looping....
DEBUG:root:This is the line: drive:58.0:-59.83

DEBUG:root:We got command: drive
DEBUG:root:We got a drive command: rawX:-59.830000 and rawY:58.000000
DEBUG:root:Forward to the Left/Straight
DEBUG:root:Left=117.830000 Right=-59.830000
DEBUG:root:ScaledLeft: 640.117500 ScaledRight: 240.382500
INFO:root:Looping....
DEBUG:root:This is the line: drive:58.0:-60.24

DEBUG:root:We got command: drive
DEBUG:root:We got a drive command: rawX:-60.240000 and rawY:58.000000
DEBUG:root:Forward to the Left/Straight
DEBUG:root:Left=118.240000 Right=-60.240000
DEBUG:root:ScaledLeft: 641.040000 ScaledRight: 239.460000
INFO:root:Looping....
DEBUG:root:This is the line: drive:58.0:-60.805

DEBUG:root:We got command: drive
DEBUG:root:We got a drive command: rawX:-60.805000 and rawY:58.000000
DEBUG:root:Forward to the Left/Straight
DEBUG:root:Left=118.805000 Right=-60.805000
DEBUG:root:ScaledLeft: 642.311250 ScaledRight: 238.188750
INFO:root:Looping....
DEBUG:root:This is the line: drive:58.0:-61.041

DEBUG:root:We got command: drive
DEBUG:root:We got a drive command: rawX:-61.041000 and rawY:58.000000
DEBUG:root:Forward to the Left/Straight
DEBUG:root:Left=119.041000 Right=-61.041000
DEBUG:root:ScaledLeft: 642.842250 ScaledRight: 237.657750
INFO:root:Looping....
DEBUG:root:This is the line: drive:58.0:-61.729

DEBUG:root:We got command: drive
DEBUG:root:We got a drive command: rawX:-61.729000 and rawY:58.000000
DEBUG:root:Forward to the Left/Straight
DEBUG:root:Left=119.729000 Right=-61.729000
DEBUG:root:ScaledLeft: 644.390250 ScaledRight: 236.109750
INFO:root:Looping....
DEBUG:root:This is the line: drive:58.0:-62.273

DEBUG:root:We got command: drive
DEBUG:root:We got a drive command: rawX:-62.273000 and rawY:58.000000
DEBUG:root:Forward to the Left/Straight
DEBUG:root:Left=120.273000 Right=-62.273000
DEBUG:root:ScaledLeft: 645.614250 ScaledRight: 234.885750
INFO:root:Looping....
DEBUG:root:This is the line: drive:58.0:-62.723

DEBUG:root:We got command: drive
DEBUG:root:We got a drive command: rawX:-62.723000 and rawY:58.000000
DEBUG:root:Forward to the Left/Straight
DEBUG:root:Left=120.723000 Right=-62.723000
DEBUG:root:ScaledLeft: 646.626750 ScaledRight: 233.873250
INFO:root:Looping....
DEBUG:root:This is the line: drive:58.0:-63.714

DEBUG:root:We got command: drive
DEBUG:root:We got a drive command: rawX:-63.714000 and rawY:58.000000
DEBUG:root:Forward to the Left/Straight
DEBUG:root:Left=121.714000 Right=-63.714000
DEBUG:root:ScaledLeft: 648.856500 ScaledRight: 231.643500
INFO:root:Looping....
DEBUG:root:This is the line: drive:58.0:-64.616

DEBUG:root:We got command: drive
DEBUG:root:We got a drive command: rawX:-64.616000 and rawY:58.000000
DEBUG:root:Forward to the Left/Straight
DEBUG:root:Left=122.616000 Right=-64.616000
DEBUG:root:ScaledLeft: 650.886000 ScaledRight: 229.614000
INFO:root:Looping....
DEBUG:root:This is the line: drive:58.0:-65.457

DEBUG:root:We got command: drive
DEBUG:root:We got a drive command: rawX:-65.457000 and rawY:58.000000
DEBUG:root:Forward to the Left/Straight
DEBUG:root:Left=123.457000 Right=-65.457000
DEBUG:root:ScaledLeft: 652.778250 ScaledRight: 227.721750
INFO:root:Looping....
DEBUG:root:This is the line: drive:58.0:-66.013

DEBUG:root:We got command: drive
DEBUG:root:We got a drive command: rawX:-66.013000 and rawY:58.000000
DEBUG:root:Forward to the Left/Straight
DEBUG:root:Left=124.013000 Right=-66.013000
DEBUG:root:ScaledLeft: 654.029250 ScaledRight: 226.470750
INFO:root:Looping....
DEBUG:root:This is the line: drive:58.0:-66.588

DEBUG:root:We got command: drive
DEBUG:root:We got a drive command: rawX:-66.588000 and rawY:58.000000
DEBUG:root:Forward to the Left/Straight
DEBUG:root:Left=124.588000 Right=-66.588000
DEBUG:root:ScaledLeft: 655.323000 ScaledRight: 225.177000
INFO:root:Looping....
DEBUG:root:This is the line: drive:58.0:-67.038

DEBUG:root:We got command: drive
DEBUG:root:We got a drive command: rawX:-67.038000 and rawY:58.000000
DEBUG:root:Forward to the Left/Straight
DEBUG:root:Left=125.038000 Right=-67.038000
DEBUG:root:ScaledLeft: 656.335500 ScaledRight: 224.164500
INFO:root:Looping....
DEBUG:root:This is the line: drive:58.0:-67.591

DEBUG:root:We got command: drive
DEBUG:root:We got a drive command: rawX:-67.591000 and rawY:58.000000
DEBUG:root:Forward to the Left/Straight
DEBUG:root:Left=125.591000 Right=-67.591000
DEBUG:root:ScaledLeft: 657.579750 ScaledRight: 222.920250
INFO:root:Looping....
DEBUG:root:This is the line: drive:58.0:-68.201

DEBUG:root:We got command: drive
DEBUG:root:We got a drive command: rawX:-68.201000 and rawY:58.000000
DEBUG:root:Forward to the Left/Straight
DEBUG:root:Left=126.201000 Right=-68.201000
DEBUG:root:ScaledLeft: 658.952250 ScaledRight: 221.547750
INFO:root:Looping....
DEBUG:root:This is the line: drive:58.0:-68.862

DEBUG:root:We got command: drive
DEBUG:root:We got a drive command: rawX:-68.862000 and rawY:58.000000
DEBUG:root:Forward to the Left/Straight
DEBUG:root:Left=126.862000 Right=-68.862000
DEBUG:root:ScaledLeft: 660.439500 ScaledRight: 220.060500
INFO:root:Looping....
DEBUG:root:This is the line: drive:57.571:-70.089

DEBUG:root:We got command: drive
DEBUG:root:We got a drive command: rawX:-70.089000 and rawY:57.571000
DEBUG:root:Forward to the Left/Straight
DEBUG:root:Left=127.660000 Right=-70.089000
DEBUG:root:ScaledLeft: 662.235000 ScaledRight: 217.299750
INFO:root:Looping....
DEBUG:root:This is the line: drive:57.714:-70.982

DEBUG:root:We got command: drive
DEBUG:root:We got a drive command: rawX:-70.982000 and rawY:57.714000
DEBUG:root:Forward to the Left/Straight
DEBUG:root:Left=128.696000 Right=-70.982000
DEBUG:root:ScaledLeft: 664.566000 ScaledRight: 215.290500
INFO:root:Looping....
DEBUG:root:This is the line: drive:57.429:-71.875

DEBUG:root:We got command: drive
DEBUG:root:We got a drive command: rawX:-71.875000 and rawY:57.429000
DEBUG:root:Forward to the Left/Straight
DEBUG:root:Left=129.304000 Right=-71.875000
DEBUG:root:ScaledLeft: 665.934000 ScaledRight: 213.281250
INFO:root:Looping....
DEBUG:root:This is the line: drive:57.429:-73.065

DEBUG:root:We got command: drive
DEBUG:root:We got a drive command: rawX:-73.065000 and rawY:57.429000
DEBUG:root:Forward to the Left/Straight
DEBUG:root:Left=130.494000 Right=-73.065000
DEBUG:root:ScaledLeft: 668.611500 ScaledRight: 210.603750
INFO:root:Looping....
DEBUG:root:This is the line: drive:57.143:-73.675

DEBUG:root:We got command: drive
DEBUG:root:We got a drive command: rawX:-73.675000 and rawY:57.143000
DEBUG:root:Forward to the Left/Straight
DEBUG:root:Left=130.818000 Right=-73.675000
DEBUG:root:ScaledLeft: 669.340500 ScaledRight: 209.231250
INFO:root:Looping....
DEBUG:root:This is the line: drive:57.143:-74.745

DEBUG:root:We got command: drive
DEBUG:root:We got a drive command: rawX:-74.745000 and rawY:57.143000
DEBUG:root:Forward to the Left/Straight
DEBUG:root:Left=131.888000 Right=-74.745000
DEBUG:root:ScaledLeft: 671.748000 ScaledRight: 206.823750
INFO:root:Looping....
DEBUG:root:This is the line: drive:57.143:-75.883

DEBUG:root:We got command: drive
DEBUG:root:We got a drive command: rawX:-75.883000 and rawY:57.143000
DEBUG:root:Forward to the Left/Straight
DEBUG:root:Left=133.026000 Right=-75.883000
DEBUG:root:ScaledLeft: 674.308500 ScaledRight: 204.263250
INFO:root:Looping....
DEBUG:root:This is the line: drive:57.143:-77.035

DEBUG:root:We got command: drive
DEBUG:root:We got a drive command: rawX:-77.035000 and rawY:57.143000
DEBUG:root:Forward to the Left/Straight
DEBUG:root:Left=134.178000 Right=-77.035000
DEBUG:root:ScaledLeft: 676.900500 ScaledRight: 201.671250
INFO:root:Looping....
DEBUG:root:This is the line: drive:56.857:-78.125

DEBUG:root:We got command: drive
DEBUG:root:We got a drive command: rawX:-78.125000 and rawY:56.857000
DEBUG:root:Forward to the Left/Straight
DEBUG:root:Left=134.982000 Right=-78.125000
DEBUG:root:ScaledLeft: 678.709500 ScaledRight: 199.218750
INFO:root:Looping....
DEBUG:root:This is the line: drive:56.857:-78.72

DEBUG:root:We got command: drive
DEBUG:root:We got a drive command: rawX:-78.720000 and rawY:56.857000
DEBUG:root:Forward to the Left/Straight
DEBUG:root:Left=135.577000 Right=-78.720000
DEBUG:root:ScaledLeft: 680.048250 ScaledRight: 197.880000
INFO:root:Looping....
DEBUG:root:This is the line: drive:56.587:-80.06

DEBUG:root:We got command: drive
DEBUG:root:We got a drive command: rawX:-80.060000 and rawY:56.587000
DEBUG:root:Forward to the Left/Straight
DEBUG:root:Left=136.647000 Right=-80.060000
DEBUG:root:ScaledLeft: 682.455750 ScaledRight: 194.865000
INFO:root:Looping....
DEBUG:root:This is the line: drive:56.571:-80.984

DEBUG:root:We got command: drive
DEBUG:root:We got a drive command: rawX:-80.984000 and rawY:56.571000
DEBUG:root:Forward to the Left/Straight
DEBUG:root:Left=137.555000 Right=-80.984000
DEBUG:root:ScaledLeft: 684.498750 ScaledRight: 192.786000
INFO:root:Looping....
DEBUG:root:This is the line: drive:56.571:-82.673

DEBUG:root:We got command: drive
DEBUG:root:We got a drive command: rawX:-82.673000 and rawY:56.571000
DEBUG:root:Forward to the Left/Straight
DEBUG:root:Left=139.244000 Right=-82.673000
DEBUG:root:ScaledLeft: 688.299000 ScaledRight: 188.985750
INFO:root:Looping....
DEBUG:root:This is the line: drive:56.286:-83.78

DEBUG:root:We got command: drive
DEBUG:root:We got a drive command: rawX:-83.780000 and rawY:56.286000
DEBUG:root:Forward to the Left/Straight
DEBUG:root:Left=140.066000 Right=-83.780000
DEBUG:root:ScaledLeft: 690.148500 ScaledRight: 186.495000
INFO:root:Looping....
DEBUG:root:This is the line: drive:56.286:-84.343

DEBUG:root:We got command: drive
DEBUG:root:We got a drive command: rawX:-84.343000 and rawY:56.286000
DEBUG:root:Forward to the Left/Straight
DEBUG:root:Left=140.629000 Right=-84.343000
DEBUG:root:ScaledLeft: 691.415250 ScaledRight: 185.228250
INFO:root:Looping....
DEBUG:root:This is the line: drive:56.286:-85.268

DEBUG:root:We got command: drive
DEBUG:root:We got a drive command: rawX:-85.268000 and rawY:56.286000
DEBUG:root:Forward to the Left/Straight
DEBUG:root:Left=141.554000 Right=-85.268000
DEBUG:root:ScaledLeft: 693.496500 ScaledRight: 183.147000
INFO:root:Looping....
DEBUG:root:This is the line: drive:56.286:-85.833

DEBUG:root:We got command: drive
DEBUG:root:We got a drive command: rawX:-85.833000 and rawY:56.286000
DEBUG:root:Forward to the Left/Straight
DEBUG:root:Left=142.119000 Right=-85.833000
DEBUG:root:ScaledLeft: 694.767750 ScaledRight: 181.875750
INFO:root:Looping....
DEBUG:root:This is the line: drive:56.286:-86.727

DEBUG:root:We got command: drive
DEBUG:root:We got a drive command: rawX:-86.727000 and rawY:56.286000
DEBUG:root:Forward to the Left/Straight
DEBUG:root:Left=143.013000 Right=-86.727000
DEBUG:root:ScaledLeft: 696.779250 ScaledRight: 179.864250
INFO:root:Looping....
DEBUG:root:This is the line: drive:56.286:-86.91

DEBUG:root:We got command: drive
DEBUG:root:We got a drive command: rawX:-86.910000 and rawY:56.286000
DEBUG:root:Forward to the Left/Straight
DEBUG:root:Left=143.196000 Right=-86.910000
DEBUG:root:ScaledLeft: 697.191000 ScaledRight: 179.452500
INFO:root:Looping....
DEBUG:root:This is the line: drive:56.286:-87.622

DEBUG:root:We got command: drive
DEBUG:root:We got a drive command: rawX:-87.622000 and rawY:56.286000
DEBUG:root:Forward to the Left/Straight
DEBUG:root:Left=143.908000 Right=-87.622000
DEBUG:root:ScaledLeft: 698.793000 ScaledRight: 177.850500
INFO:root:Looping....
DEBUG:root:This is the line: drive:55.98:-87.819

DEBUG:root:We got command: drive
DEBUG:root:We got a drive command: rawX:-87.819000 and rawY:55.980000
DEBUG:root:Forward to the Left/Straight
DEBUG:root:Left=143.799000 Right=-87.819000
DEBUG:root:ScaledLeft: 698.547750 ScaledRight: 177.407250
INFO:root:Looping....
DEBUG:root:This is the line: drive:56.0:-88.177

DEBUG:root:We got command: drive
DEBUG:root:We got a drive command: rawX:-88.177000 and rawY:56.000000
DEBUG:root:Forward to the Left/Straight
DEBUG:root:Left=144.177000 Right=-88.177000
DEBUG:root:ScaledLeft: 699.398250 ScaledRight: 176.601750
INFO:root:Looping....
DEBUG:root:This is the line: drive:56.0:-89.263

DEBUG:root:We got command: drive
DEBUG:root:We got a drive command: rawX:-89.263000 and rawY:56.000000
DEBUG:root:Forward to the Left/Straight
DEBUG:root:Left=145.263000 Right=-89.263000
DEBUG:root:ScaledLeft: 701.841750 ScaledRight: 174.158250
INFO:root:Looping....
DEBUG:root:This is the line: drive:55.706:-89.286

DEBUG:root:We got command: drive
DEBUG:root:We got a drive command: rawX:-89.286000 and rawY:55.706000
DEBUG:root:Forward to the Left/Straight
DEBUG:root:Left=144.992000 Right=-89.286000
DEBUG:root:ScaledLeft: 701.232000 ScaledRight: 174.106500
INFO:root:Looping....
DEBUG:root:This is the line: drive:55.714:-89.599

DEBUG:root:We got command: drive
DEBUG:root:We got a drive command: rawX:-89.599000 and rawY:55.714000
DEBUG:root:Forward to the Left/Straight
DEBUG:root:Left=145.313000 Right=-89.599000
DEBUG:root:ScaledLeft: 701.954250 ScaledRight: 173.402250
INFO:root:Looping....
DEBUG:root:This is the line: drive:55.714:-89.884

DEBUG:root:We got command: drive
DEBUG:root:We got a drive command: rawX:-89.884000 and rawY:55.714000
DEBUG:root:Forward to the Left/Straight
DEBUG:root:Left=145.598000 Right=-89.884000
DEBUG:root:ScaledLeft: 702.595500 ScaledRight: 172.761000
INFO:root:Looping....
DEBUG:root:This is the line: drive:55.714:-90.3

DEBUG:root:We got command: drive
DEBUG:root:We got a drive command: rawX:-90.300000 and rawY:55.714000
DEBUG:root:Forward to the Left/Straight
DEBUG:root:Left=146.014000 Right=-90.300000
DEBUG:root:ScaledLeft: 703.531500 ScaledRight: 171.825000
INFO:root:Looping....
DEBUG:root:This is the line: drive:55.714:-90.3

DEBUG:root:We got command: drive
DEBUG:root:We got a drive command: rawX:-90.300000 and rawY:55.714000
DEBUG:root:Forward to the Left/Straight
DEBUG:root:Left=146.014000 Right=-90.300000
DEBUG:root:ScaledLeft: 703.531500 ScaledRight: 171.825000
INFO:root:Looping....
DEBUG:root:This is the line: drive:55.714:-90.504

DEBUG:root:We got command: drive
DEBUG:root:We got a drive command: rawX:-90.504000 and rawY:55.714000
DEBUG:root:Forward to the Left/Straight
DEBUG:root:Left=146.218000 Right=-90.504000
DEBUG:root:ScaledLeft: 703.990500 ScaledRight: 171.366000
INFO:root:Looping....
DEBUG:root:This is the line: drive:55.714:-91.193

DEBUG:root:We got command: drive
DEBUG:root:We got a drive command: rawX:-91.193000 and rawY:55.714000
DEBUG:root:Forward to the Left/Straight
DEBUG:root:Left=146.907000 Right=-91.193000
DEBUG:root:ScaledLeft: 705.540750 ScaledRight: 169.815750
INFO:root:Looping....
DEBUG:root:This is the line: drive:55.286:-91.369

DEBUG:root:We got command: drive
DEBUG:root:We got a drive command: rawX:-91.369000 and rawY:55.286000
DEBUG:root:Forward to the Left/Straight
DEBUG:root:Left=146.655000 Right=-91.369000
DEBUG:root:ScaledLeft: 704.973750 ScaledRight: 169.419750
INFO:root:Looping....
DEBUG:root:This is the line: drive:55.429:-91.739

DEBUG:root:We got command: drive
DEBUG:root:We got a drive command: rawX:-91.739000 and rawY:55.429000
DEBUG:root:Forward to the Left/Straight
DEBUG:root:Left=147.168000 Right=-91.739000
DEBUG:root:ScaledLeft: 706.128000 ScaledRight: 168.587250
INFO:root:Looping....
DEBUG:root:This is the line: drive:55.429:-91.97

DEBUG:root:We got command: drive
DEBUG:root:We got a drive command: rawX:-91.970000 and rawY:55.429000
DEBUG:root:Forward to the Left/Straight
DEBUG:root:Left=147.399000 Right=-91.970000
DEBUG:root:ScaledLeft: 706.647750 ScaledRight: 168.067500
INFO:root:Looping....
DEBUG:root:This is the line: drive:55.429:-92.32

DEBUG:root:We got command: drive
DEBUG:root:We got a drive command: rawX:-92.320000 and rawY:55.429000
DEBUG:root:Forward to the Left/Straight
DEBUG:root:Left=147.749000 Right=-92.320000
DEBUG:root:ScaledLeft: 707.435250 ScaledRight: 167.280000
INFO:root:Looping....
DEBUG:root:This is the line: drive:55.114:-92.262

DEBUG:root:We got command: drive
DEBUG:root:We got a drive command: rawX:-92.262000 and rawY:55.114000
DEBUG:root:Forward to the Left/Straight
DEBUG:root:Left=147.376000 Right=-92.262000
DEBUG:root:ScaledLeft: 706.596000 ScaledRight: 167.410500
INFO:root:Looping....
DEBUG:root:This is the line: drive:55.114:-92.262

DEBUG:root:We got command: drive
DEBUG:root:We got a drive command: rawX:-92.262000 and rawY:55.114000
DEBUG:root:Forward to the Left/Straight
DEBUG:root:Left=147.376000 Right=-92.262000
DEBUG:root:ScaledLeft: 706.596000 ScaledRight: 167.410500
INFO:root:Looping....
DEBUG:root:This is the line: drive:55.114:-92.262

DEBUG:root:We got command: drive
DEBUG:root:We got a drive command: rawX:-92.262000 and rawY:55.114000
DEBUG:root:Forward to the Left/Straight
DEBUG:root:Left=147.376000 Right=-92.262000
DEBUG:root:ScaledLeft: 706.596000 ScaledRight: 167.410500
INFO:root:Looping....
DEBUG:root:This is the line: drive:55.143:-91.378

DEBUG:root:We got command: drive
DEBUG:root:We got a drive command: rawX:-91.378000 and rawY:55.143000
DEBUG:root:Forward to the Left/Straight
DEBUG:root:Left=146.521000 Right=-91.378000
DEBUG:root:ScaledLeft: 704.672250 ScaledRight: 169.399500
INFO:root:Looping....
DEBUG:root:This is the line: drive:55.143:-88.732

DEBUG:root:We got command: drive
DEBUG:root:We got a drive command: rawX:-88.732000 and rawY:55.143000
DEBUG:root:Forward to the Left/Straight
DEBUG:root:Left=143.875000 Right=-88.732000
DEBUG:root:ScaledLeft: 698.718750 ScaledRight: 175.353000
INFO:root:Looping....
DEBUG:root:This is the line: drive:55.143:-83.614

DEBUG:root:We got command: drive
DEBUG:root:We got a drive command: rawX:-83.614000 and rawY:55.143000
DEBUG:root:Forward to the Left/Straight
DEBUG:root:Left=138.757000 Right=-83.614000
DEBUG:root:ScaledLeft: 687.203250 ScaledRight: 186.868500
INFO:root:Looping....
DEBUG:root:This is the line: drive:55.143:-76.598

DEBUG:root:We got command: drive
DEBUG:root:We got a drive command: rawX:-76.598000 and rawY:55.143000
DEBUG:root:Forward to the Left/Straight
DEBUG:root:Left=131.741000 Right=-76.598000
DEBUG:root:ScaledLeft: 671.417250 ScaledRight: 202.654500
INFO:root:Looping....
DEBUG:root:This is the line: drive:55.143:-70.229

DEBUG:root:We got command: drive
DEBUG:root:We got a drive command: rawX:-70.229000 and rawY:55.143000
DEBUG:root:Forward to the Left/Straight
DEBUG:root:Left=125.372000 Right=-70.229000
DEBUG:root:ScaledLeft: 657.087000 ScaledRight: 216.984750
INFO:root:Looping....
DEBUG:root:This is the line: drive:55.143:-63.142

DEBUG:root:We got command: drive
DEBUG:root:We got a drive command: rawX:-63.142000 and rawY:55.143000
DEBUG:root:Forward to the Left/Straight
DEBUG:root:Left=118.285000 Right=-63.142000
DEBUG:root:ScaledLeft: 641.141250 ScaledRight: 232.930500
INFO:root:Looping....
DEBUG:root:This is the line: drive:55.143:-54.477

DEBUG:root:We got command: drive
DEBUG:root:We got a drive command: rawX:-54.477000 and rawY:55.143000
DEBUG:root:Forward to the Left/Straight
DEBUG:root:Left=109.620000 Right=-54.477000
DEBUG:root:ScaledLeft: 621.645000 ScaledRight: 252.426750
INFO:root:Looping....
DEBUG:root:This is the line: drive:55.143:-45.481

DEBUG:root:We got command: drive
DEBUG:root:We got a drive command: rawX:-45.481000 and rawY:55.143000
DEBUG:root:Forward to the Left/Straight
DEBUG:root:Left=100.624000 Right=-45.481000
DEBUG:root:ScaledLeft: 601.404000 ScaledRight: 272.667750
INFO:root:Looping....
DEBUG:root:This is the line: drive:55.143:-36.306

DEBUG:root:We got command: drive
DEBUG:root:We got a drive command: rawX:-36.306000 and rawY:55.143000
DEBUG:root:Forward to the Left/Straight
DEBUG:root:Left=91.449000 Right=-36.306000
DEBUG:root:ScaledLeft: 580.760250 ScaledRight: 293.311500
INFO:root:Looping....
DEBUG:root:This is the line: drive:55.143:-26.471

DEBUG:root:We got command: drive
DEBUG:root:We got a drive command: rawX:-26.471000 and rawY:55.143000
DEBUG:root:Forward to the Left/Straight
DEBUG:root:Left=81.614000 Right=-26.471000
DEBUG:root:ScaledLeft: 558.631500 ScaledRight: 315.440250
INFO:root:Looping....
DEBUG:root:This is the line: drive:55.143:-19.532

DEBUG:root:We got command: drive
DEBUG:root:We got a drive command: rawX:-19.532000 and rawY:55.143000
DEBUG:root:Forward to the Left/Straight
DEBUG:root:Left=74.675000 Right=-19.532000
DEBUG:root:ScaledLeft: 543.018750 ScaledRight: 331.053000
INFO:root:Looping....
DEBUG:root:This is the line: drive:55.143:-12.202

DEBUG:root:We got command: drive
DEBUG:root:We got a drive command: rawX:-12.202000 and rawY:55.143000
DEBUG:root:Forward to the Left/Straight
DEBUG:root:Left=67.345000 Right=-12.202000
DEBUG:root:ScaledLeft: 526.526250 ScaledRight: 347.545500
INFO:root:Looping....
DEBUG:root:This is the line: drive:55.143:-5.32

DEBUG:root:We got command: drive
DEBUG:root:We got a drive command: rawX:-5.320000 and rawY:55.143000
DEBUG:root:Forward to the Left/Straight
DEBUG:root:Left=60.463000 Right=-5.320000
DEBUG:root:ScaledLeft: 511.041750 ScaledRight: 363.030000
INFO:root:Looping....
DEBUG:root:This is the line: drive:55.143:2.374

DEBUG:root:We got command: drive
DEBUG:root:We got a drive command: rawX:2.374000 and rawY:55.143000
DEBUG:root:Forward to the Right
DEBUG:root:Left=-2.374000 Right=-52.769000
DEBUG:root:ScaledLeft: 369.658500 ScaledRight: 256.269750
INFO:root:Looping....
DEBUG:root:This is the line: drive:55.143:9.68

DEBUG:root:We got command: drive
DEBUG:root:We got a drive command: rawX:9.680000 and rawY:55.143000
DEBUG:root:Forward to the Right
DEBUG:root:Left=-9.680000 Right=-45.463000
DEBUG:root:ScaledLeft: 353.220000 ScaledRight: 272.708250
INFO:root:Looping....
DEBUG:root:This is the line: drive:55.143:16.754

DEBUG:root:We got command: drive
DEBUG:root:We got a drive command: rawX:16.754000 and rawY:55.143000
DEBUG:root:Forward to the Right
DEBUG:root:Left=-16.754000 Right=-38.389000
DEBUG:root:ScaledLeft: 337.303500 ScaledRight: 288.624750
INFO:root:Looping....
DEBUG:root:This is the line: drive:54.857:22.631

DEBUG:root:We got command: drive
DEBUG:root:We got a drive command: rawX:22.631000 and rawY:54.857000
DEBUG:root:Forward to the Right
DEBUG:root:Left=-22.631000 Right=-32.226000
DEBUG:root:ScaledLeft: 324.080250 ScaledRight: 302.491500
INFO:root:Looping....
DEBUG:root:This is the line: drive:54.286:29.819

DEBUG:root:We got command: drive
DEBUG:root:We got a drive command: rawX:29.819000 and rawY:54.286000
DEBUG:root:Forward to the Right
DEBUG:root:Left=-29.819000 Right=-24.467000
DEBUG:root:ScaledLeft: 307.907250 ScaledRight: 319.949250
INFO:root:Looping....
DEBUG:root:This is the line: drive:53.714:34.642

DEBUG:root:We got command: drive
DEBUG:root:We got a drive command: rawX:34.642000 and rawY:53.714000
DEBUG:root:Forward to the Right
DEBUG:root:Left=-34.642000 Right=-19.072000
DEBUG:root:ScaledLeft: 297.055500 ScaledRight: 332.088000
INFO:root:Looping....
DEBUG:root:This is the line: drive:53.714:38.31

DEBUG:root:We got command: drive
DEBUG:root:We got a drive command: rawX:38.310000 and rawY:53.714000
DEBUG:root:Forward to the Right
DEBUG:root:Left=-38.310000 Right=-15.404000
DEBUG:root:ScaledLeft: 288.802500 ScaledRight: 340.341000
INFO:root:Looping....
DEBUG:root:This is the line: drive:52.857:42.647

DEBUG:root:We got command: drive
DEBUG:root:We got a drive command: rawX:42.647000 and rawY:52.857000
DEBUG:root:Forward to the Right
DEBUG:root:Left=-42.647000 Right=-10.210000
DEBUG:root:ScaledLeft: 279.044250 ScaledRight: 352.027500
INFO:root:Looping....
DEBUG:root:This is the line: drive:52.286:45.923

DEBUG:root:We got command: drive
DEBUG:root:We got a drive command: rawX:45.923000 and rawY:52.286000
DEBUG:root:Forward to the Right
DEBUG:root:Left=-45.923000 Right=-6.363000
DEBUG:root:ScaledLeft: 271.673250 ScaledRight: 360.683250
INFO:root:Looping....
DEBUG:root:This is the line: drive:51.429:50.468

DEBUG:root:We got command: drive
DEBUG:root:We got a drive command: rawX:50.468000 and rawY:51.429000
DEBUG:root:Forward to the Right
DEBUG:root:Left=-50.468000 Right=-0.961000
DEBUG:root:ScaledLeft: 261.447000 ScaledRight: 372.837750
INFO:root:Looping....
DEBUG:root:This is the line: drive:51.19:53.522

DEBUG:root:We got command: drive
DEBUG:root:We got a drive command: rawX:53.522000 and rawY:51.190000
DEBUG:root:Forward to the Right
DEBUG:root:Left=-53.522000 Right=2.332000
DEBUG:root:ScaledLeft: 254.575500 ScaledRight: 380.247000
INFO:root:Looping....
DEBUG:root:This is the line: drive:50.748:55.769

DEBUG:root:We got command: drive
DEBUG:root:We got a drive command: rawX:55.769000 and rawY:50.748000
DEBUG:root:Forward to the Right
DEBUG:root:Left=-55.769000 Right=5.021000
DEBUG:root:ScaledLeft: 249.519750 ScaledRight: 386.297250
INFO:root:Looping....
DEBUG:root:This is the line: drive:50.0:58.073

DEBUG:root:We got command: drive
DEBUG:root:We got a drive command: rawX:58.073000 and rawY:50.000000
DEBUG:root:Forward to the Right
DEBUG:root:Left=-58.073000 Right=8.073000
DEBUG:root:ScaledLeft: 244.335750 ScaledRight: 393.164250
INFO:root:Looping....
DEBUG:root:This is the line: drive:49.308:60.84

DEBUG:root:We got command: drive
DEBUG:root:We got a drive command: rawX:60.840000 and rawY:49.308000
DEBUG:root:Forward to the Right
DEBUG:root:Left=-60.840000 Right=11.532000
DEBUG:root:ScaledLeft: 238.110000 ScaledRight: 400.947000
INFO:root:Looping....
DEBUG:root:This is the line: drive:48.571:64.623

DEBUG:root:We got command: drive
DEBUG:root:We got a drive command: rawX:64.623000 and rawY:48.571000
DEBUG:root:Forward to the Right
DEBUG:root:Left=-64.623000 Right=16.052000
DEBUG:root:ScaledLeft: 229.598250 ScaledRight: 411.117000
INFO:root:Looping....
DEBUG:root:This is the line: drive:47.429:69.006

DEBUG:root:We got command: drive
DEBUG:root:We got a drive command: rawX:69.006000 and rawY:47.429000
DEBUG:root:Forward to the Right
DEBUG:root:Left=-69.006000 Right=21.577000
DEBUG:root:ScaledLeft: 219.736500 ScaledRight: 423.548250
INFO:root:Looping....
DEBUG:root:This is the line: drive:46.857:71.264

DEBUG:root:We got command: drive
DEBUG:root:We got a drive command: rawX:71.264000 and rawY:46.857000
DEBUG:root:Forward to the Right
DEBUG:root:Left=-71.264000 Right=24.407000
DEBUG:root:ScaledLeft: 214.656000 ScaledRight: 429.915750
INFO:root:Looping....
DEBUG:root:This is the line: drive:46.571:73.13

DEBUG:root:We got command: drive
DEBUG:root:We got a drive command: rawX:73.130000 and rawY:46.571000
DEBUG:root:Forward to the Right
DEBUG:root:Left=-73.130000 Right=26.559000
DEBUG:root:ScaledLeft: 210.457500 ScaledRight: 434.757750
INFO:root:Looping....
DEBUG:root:This is the line: drive:46.0:75.392

DEBUG:root:We got command: drive
DEBUG:root:We got a drive command: rawX:75.392000 and rawY:46.000000
DEBUG:root:Forward to the Right
DEBUG:root:Left=-75.392000 Right=29.392000
DEBUG:root:ScaledLeft: 205.368000 ScaledRight: 441.132000
INFO:root:Looping....
DEBUG:root:This is the line: drive:46.0:77.404

DEBUG:root:We got command: drive
DEBUG:root:We got a drive command: rawX:77.404000 and rawY:46.000000
DEBUG:root:Forward to the Right
DEBUG:root:Left=-77.404000 Right=31.404000
DEBUG:root:ScaledLeft: 200.841000 ScaledRight: 445.659000
INFO:root:Looping....
DEBUG:root:This is the line: drive:45.429:79.697

DEBUG:root:We got command: drive
DEBUG:root:We got a drive command: rawX:79.697000 and rawY:45.429000
DEBUG:root:Forward to the Right
DEBUG:root:Left=-79.697000 Right=34.268000
DEBUG:root:ScaledLeft: 195.681750 ScaledRight: 452.103000
INFO:root:Looping....
DEBUG:root:This is the line: drive:45.143:81.958

DEBUG:root:We got command: drive
DEBUG:root:We got a drive command: rawX:81.958000 and rawY:45.143000
DEBUG:root:Forward to the Right
DEBUG:root:Left=-81.958000 Right=36.815000
DEBUG:root:ScaledLeft: 190.594500 ScaledRight: 457.833750
INFO:root:Looping....
DEBUG:root:This is the line: drive:44.677:83.819

DEBUG:root:We got command: drive
DEBUG:root:We got a drive command: rawX:83.819000 and rawY:44.677000
DEBUG:root:Forward to the Right
DEBUG:root:Left=-83.819000 Right=39.142000
DEBUG:root:ScaledLeft: 186.407250 ScaledRight: 463.069500
INFO:root:Looping....
DEBUG:root:This is the line: drive:44.571:85.154

DEBUG:root:We got command: drive
DEBUG:root:We got a drive command: rawX:85.154000 and rawY:44.571000
DEBUG:root:Forward to the Right
DEBUG:root:Left=-85.154000 Right=40.583000
DEBUG:root:ScaledLeft: 183.403500 ScaledRight: 466.311750
INFO:root:Looping....
DEBUG:root:This is the line: drive:44.571:85.154

DEBUG:root:We got command: drive
DEBUG:root:We got a drive command: rawX:85.154000 and rawY:44.571000
DEBUG:root:Forward to the Right
DEBUG:root:Left=-85.154000 Right=40.583000
DEBUG:root:ScaledLeft: 183.403500 ScaledRight: 466.311750
INFO:root:Looping....
DEBUG:root:This is the line: drive:44.286:86.085

DEBUG:root:We got command: drive
DEBUG:root:We got a drive command: rawX:86.085000 and rawY:44.286000
DEBUG:root:Forward to the Right
DEBUG:root:Left=-86.085000 Right=41.799000
DEBUG:root:ScaledLeft: 181.308750 ScaledRight: 469.047750
INFO:root:Looping....
DEBUG:root:This is the line: drive:44.286:86.347

DEBUG:root:We got command: drive
DEBUG:root:We got a drive command: rawX:86.347000 and rawY:44.286000
DEBUG:root:Forward to the Right
DEBUG:root:Left=-86.347000 Right=42.061000
DEBUG:root:ScaledLeft: 180.719250 ScaledRight: 469.637250
INFO:root:Looping....
DEBUG:root:This is the line: drive:44.0:85.888

DEBUG:root:We got command: drive
DEBUG:root:We got a drive command: rawX:85.888000 and rawY:44.000000
DEBUG:root:Forward to the Right
DEBUG:root:Left=-85.888000 Right=41.888000
DEBUG:root:ScaledLeft: 181.752000 ScaledRight: 469.248000
INFO:root:Looping....
DEBUG:root:This is the line: drive:43.286:86.012

DEBUG:root:We got command: drive
DEBUG:root:We got a drive command: rawX:86.012000 and rawY:43.286000
DEBUG:root:Forward to the Right
DEBUG:root:Left=-86.012000 Right=42.726000
DEBUG:root:ScaledLeft: 181.473000 ScaledRight: 471.133500
INFO:root:Looping....
DEBUG:root:This is the line: drive:41.293:86.012

DEBUG:root:We got command: drive
DEBUG:root:We got a drive command: rawX:86.012000 and rawY:41.293000
DEBUG:root:Forward to the Right
DEBUG:root:Left=-86.012000 Right=44.719000
DEBUG:root:ScaledLeft: 181.473000 ScaledRight: 475.617750
INFO:root:Looping....
DEBUG:root:This is the line: drive:38.429:85.119

DEBUG:root:We got command: drive
DEBUG:root:We got a drive command: rawX:85.119000 and rawY:38.429000
DEBUG:root:Forward to the Right
DEBUG:root:Left=-85.119000 Right=46.690000
DEBUG:root:ScaledLeft: 183.482250 ScaledRight: 480.052500
INFO:root:Looping....
DEBUG:root:This is the line: drive:35.142:83.631

DEBUG:root:We got command: drive
DEBUG:root:We got a drive command: rawX:83.631000 and rawY:35.142000
DEBUG:root:Forward to the Right
DEBUG:root:Left=-83.631000 Right=48.489000
DEBUG:root:ScaledLeft: 186.830250 ScaledRight: 484.100250
INFO:root:Looping....
DEBUG:root:This is the line: drive:29.201:82.56

DEBUG:root:We got command: drive
DEBUG:root:We got a drive command: rawX:82.560000 and rawY:29.201000
DEBUG:root:Forward to the Right
DEBUG:root:Left=-82.560000 Right=53.359000
DEBUG:root:ScaledLeft: 189.240000 ScaledRight: 495.057750
INFO:root:Looping....
DEBUG:root:This is the line: drive:23.978:82.143

DEBUG:root:We got command: drive
DEBUG:root:We got a drive command: rawX:82.143000 and rawY:23.978000
DEBUG:root:Forward to the Right
DEBUG:root:Left=-82.143000 Right=58.165000
DEBUG:root:ScaledLeft: 190.178250 ScaledRight: 505.871250
INFO:root:Looping....
DEBUG:root:This is the line: drive:19.463:82.143

DEBUG:root:We got command: drive
DEBUG:root:We got a drive command: rawX:82.143000 and rawY:19.463000
DEBUG:root:Forward to the Right
DEBUG:root:Left=-82.143000 Right=62.680000
DEBUG:root:ScaledLeft: 190.178250 ScaledRight: 516.030000
INFO:root:Looping....
DEBUG:root:This is the line: drive:15.885:82.143

DEBUG:root:We got command: drive
DEBUG:root:We got a drive command: rawX:82.143000 and rawY:15.885000
DEBUG:root:Forward to the Right
DEBUG:root:Left=-82.143000 Right=66.258000
DEBUG:root:ScaledLeft: 190.178250 ScaledRight: 524.080500
INFO:root:Looping....
DEBUG:root:This is the line: drive:11.54:82.143

DEBUG:root:We got command: drive
DEBUG:root:We got a drive command: rawX:82.143000 and rawY:11.540000
DEBUG:root:Forward to the Right
DEBUG:root:Left=-82.143000 Right=70.603000
DEBUG:root:ScaledLeft: 190.178250 ScaledRight: 533.856750
INFO:root:Looping....
DEBUG:root:This is the line: drive:7.182:82.143

DEBUG:root:We got command: drive
DEBUG:root:We got a drive command: rawX:82.143000 and rawY:7.182000
DEBUG:root:Forward to the Right
DEBUG:root:Left=-82.143000 Right=74.961000
DEBUG:root:ScaledLeft: 190.178250 ScaledRight: 543.662250
INFO:root:Looping....
DEBUG:root:This is the line: drive:3.475:82.143

DEBUG:root:We got command: drive
DEBUG:root:We got a drive command: rawX:82.143000 and rawY:3.475000
DEBUG:root:Forward to the Right
DEBUG:root:Left=-82.143000 Right=78.668000
DEBUG:root:ScaledLeft: 190.178250 ScaledRight: 552.003000
INFO:root:Looping....
DEBUG:root:This is the line: drive:-0.895:82.143

DEBUG:root:We got command: drive
DEBUG:root:We got a drive command: rawX:82.143000 and rawY:-0.895000
DEBUG:root:Reverse to the Right
DEBUG:root:Left=-82.143000 Right=83.038000
DEBUG:root:ScaledLeft: 190.178250 ScaledRight: 561.835500
INFO:root:Looping....
DEBUG:root:This is the line: drive:-4.173:82.143

DEBUG:root:We got command: drive
DEBUG:root:We got a drive command: rawX:82.143000 and rawY:-4.173000
DEBUG:root:Reverse to the Right
DEBUG:root:Left=-82.143000 Right=86.316000
DEBUG:root:ScaledLeft: 190.178250 ScaledRight: 569.211000
INFO:root:Looping....
DEBUG:root:This is the line: drive:-6.418:82.143

DEBUG:root:We got command: drive
DEBUG:root:We got a drive command: rawX:82.143000 and rawY:-6.418000
DEBUG:root:Reverse to the Right
DEBUG:root:Left=-82.143000 Right=88.561000
DEBUG:root:ScaledLeft: 190.178250 ScaledRight: 574.262250
INFO:root:Looping....
DEBUG:root:This is the line: drive:-8.429:82.143

DEBUG:root:We got command: drive
DEBUG:root:We got a drive command: rawX:82.143000 and rawY:-8.429000
DEBUG:root:Reverse to the Right
DEBUG:root:Left=-82.143000 Right=90.572000
DEBUG:root:ScaledLeft: 190.178250 ScaledRight: 578.787000
INFO:root:Looping....
DEBUG:root:This is the line: drive:-11.119:82.44

DEBUG:root:We got command: drive
DEBUG:root:We got a drive command: rawX:82.440000 and rawY:-11.119000
DEBUG:root:Reverse to the Right
DEBUG:root:Left=-82.440000 Right=93.559000
DEBUG:root:ScaledLeft: 189.510000 ScaledRight: 585.507750
INFO:root:Looping....
DEBUG:root:This is the line: drive:-13.286:82.143

DEBUG:root:We got command: drive
DEBUG:root:We got a drive command: rawX:82.143000 and rawY:-13.286000
DEBUG:root:Reverse to the Right
DEBUG:root:Left=-82.143000 Right=95.429000
DEBUG:root:ScaledLeft: 190.178250 ScaledRight: 589.715250
INFO:root:Looping....
DEBUG:root:This is the line: drive:-15.472:82.143

DEBUG:root:We got command: drive
DEBUG:root:We got a drive command: rawX:82.143000 and rawY:-15.472000
DEBUG:root:Reverse to the Right
DEBUG:root:Left=-82.143000 Right=97.615000
DEBUG:root:ScaledLeft: 190.178250 ScaledRight: 594.633750
INFO:root:Looping....
DEBUG:root:This is the line: drive:-19.461:81.531

DEBUG:root:We got command: drive
DEBUG:root:We got a drive command: rawX:81.531000 and rawY:-19.461000
DEBUG:root:Reverse to the Right
DEBUG:root:Left=-81.531000 Right=100.992000
DEBUG:root:ScaledLeft: 191.555250 ScaledRight: 602.232000
INFO:root:Looping....
DEBUG:root:This is the line: drive:-23.724:80.655

DEBUG:root:We got command: drive
DEBUG:root:We got a drive command: rawX:80.655000 and rawY:-23.724000
DEBUG:root:Reverse to the Right
DEBUG:root:Left=-80.655000 Right=104.379000
DEBUG:root:ScaledLeft: 193.526250 ScaledRight: 609.852750
INFO:root:Looping....
DEBUG:root:This is the line: drive:-30.537:79.762

DEBUG:root:We got command: drive
DEBUG:root:We got a drive command: rawX:79.762000 and rawY:-30.537000
DEBUG:root:Reverse to the Right
DEBUG:root:Left=-79.762000 Right=110.299000
DEBUG:root:ScaledLeft: 195.535500 ScaledRight: 623.172750
INFO:root:Looping....
DEBUG:root:This is the line: drive:-35.007:79.464

DEBUG:root:We got command: drive
DEBUG:root:We got a drive command: rawX:79.464000 and rawY:-35.007000
DEBUG:root:Reverse to the Right
DEBUG:root:Left=-79.464000 Right=114.471000
DEBUG:root:ScaledLeft: 196.206000 ScaledRight: 632.559750
INFO:root:Looping....
DEBUG:root:This is the line: drive:-39.365:78.869

DEBUG:root:We got command: drive
DEBUG:root:We got a drive command: rawX:78.869000 and rawY:-39.365000
DEBUG:root:Reverse to the Right
DEBUG:root:Left=-78.869000 Right=118.234000
DEBUG:root:ScaledLeft: 197.544750 ScaledRight: 641.026500
INFO:root:Looping....
DEBUG:root:This is the line: drive:-43.723:78.869

DEBUG:root:We got command: drive
DEBUG:root:We got a drive command: rawX:78.869000 and rawY:-43.723000
DEBUG:root:Reverse to the Right
DEBUG:root:Left=-78.869000 Right=122.592000
DEBUG:root:ScaledLeft: 197.544750 ScaledRight: 650.832000
INFO:root:Looping....
DEBUG:root:This is the line: drive:-47.305:78.869

DEBUG:root:We got command: drive
DEBUG:root:We got a drive command: rawX:78.869000 and rawY:-47.305000
DEBUG:root:Reverse to the Right
DEBUG:root:Left=-78.869000 Right=126.174000
DEBUG:root:ScaledLeft: 197.544750 ScaledRight: 658.891500
INFO:root:Looping....
DEBUG:root:This is the line: drive:-51.901:78.571

DEBUG:root:We got command: drive
DEBUG:root:We got a drive command: rawX:78.571000 and rawY:-51.901000
DEBUG:root:Reverse to the Right
DEBUG:root:Left=-78.571000 Right=130.472000
DEBUG:root:ScaledLeft: 198.215250 ScaledRight: 668.562000
INFO:root:Looping....
DEBUG:root:This is the line: drive:-54.875:78.571

DEBUG:root:We got command: drive
DEBUG:root:We got a drive command: rawX:78.571000 and rawY:-54.875000
DEBUG:root:Reverse to the Right
DEBUG:root:Left=-78.571000 Right=133.446000
DEBUG:root:ScaledLeft: 198.215250 ScaledRight: 675.253500
INFO:root:Looping....
DEBUG:root:This is the line: drive:-57.93:78.571

DEBUG:root:We got command: drive
DEBUG:root:We got a drive command: rawX:78.571000 and rawY:-57.930000
DEBUG:root:Reverse to the Right
DEBUG:root:Left=-78.571000 Right=136.501000
DEBUG:root:ScaledLeft: 198.215250 ScaledRight: 682.127250
INFO:root:Looping....
DEBUG:root:This is the line: drive:-60.831:78.571

DEBUG:root:We got command: drive
DEBUG:root:We got a drive command: rawX:78.571000 and rawY:-60.831000
DEBUG:root:Reverse to the Right
DEBUG:root:Left=-78.571000 Right=139.402000
DEBUG:root:ScaledLeft: 198.215250 ScaledRight: 688.654500
INFO:root:Looping....
DEBUG:root:This is the line: drive:-64.51:78.571

DEBUG:root:We got command: drive
DEBUG:root:We got a drive command: rawX:78.571000 and rawY:-64.510000
DEBUG:root:Reverse to the Right
DEBUG:root:Left=-78.571000 Right=143.081000
DEBUG:root:ScaledLeft: 198.215250 ScaledRight: 696.932250
INFO:root:Looping....
DEBUG:root:This is the line: drive:-67.46:78.274

DEBUG:root:We got command: drive
DEBUG:root:We got a drive command: rawX:78.274000 and rawY:-67.460000
DEBUG:root:Reverse to the Right
DEBUG:root:Left=-78.274000 Right=145.734000
DEBUG:root:ScaledLeft: 198.883500 ScaledRight: 702.901500
INFO:root:Looping....
DEBUG:root:This is the line: drive:-70.373:78.183

DEBUG:root:We got command: drive
DEBUG:root:We got a drive command: rawX:78.183000 and rawY:-70.373000
DEBUG:root:Reverse to the Right
DEBUG:root:Left=-78.183000 Right=148.556000
DEBUG:root:ScaledLeft: 199.088250 ScaledRight: 709.251000
INFO:root:Looping....
DEBUG:root:This is the line: drive:-73.088:77.41

DEBUG:root:We got command: drive
DEBUG:root:We got a drive command: rawX:77.410000 and rawY:-73.088000
DEBUG:root:Reverse to the Right
DEBUG:root:Left=-77.410000 Right=150.498000
DEBUG:root:ScaledLeft: 200.827500 ScaledRight: 713.620500
INFO:root:Looping....
DEBUG:root:This is the line: drive:-77.148:74.848

DEBUG:root:We got command: drive
DEBUG:root:We got a drive command: rawX:74.848000 and rawY:-77.148000
DEBUG:root:Reverse to the Right
DEBUG:root:Left=-74.848000 Right=151.996000
DEBUG:root:ScaledLeft: 206.592000 ScaledRight: 716.991000
INFO:root:Looping....
DEBUG:root:This is the line: drive:-81.255:71.907

DEBUG:root:We got command: drive
DEBUG:root:We got a drive command: rawX:71.907000 and rawY:-81.255000
DEBUG:root:Reverse to the Right
DEBUG:root:Left=-71.907000 Right=153.162000
DEBUG:root:ScaledLeft: 213.209250 ScaledRight: 719.614500
INFO:root:Looping....
DEBUG:root:This is the line: drive:-85.511:66.686

DEBUG:root:We got command: drive
DEBUG:root:We got a drive command: rawX:66.686000 and rawY:-85.511000
DEBUG:root:Reverse to the Right
DEBUG:root:Left=-66.686000 Right=152.197000
DEBUG:root:ScaledLeft: 224.956500 ScaledRight: 717.443250
INFO:root:Looping....
DEBUG:root:This is the line: drive:-89.425:60.13

DEBUG:root:We got command: drive
DEBUG:root:We got a drive command: rawX:60.130000 and rawY:-89.425000
DEBUG:root:Reverse to the Right
DEBUG:root:Left=-60.130000 Right=149.555000
DEBUG:root:ScaledLeft: 239.707500 ScaledRight: 711.498750
INFO:root:Looping....
DEBUG:root:This is the line: drive:-91.488:51.538

DEBUG:root:We got command: drive
DEBUG:root:We got a drive command: rawX:51.538000 and rawY:-91.488000
DEBUG:root:Reverse to the Right
DEBUG:root:Left=-51.538000 Right=143.026000
DEBUG:root:ScaledLeft: 259.039500 ScaledRight: 696.808500
INFO:root:Looping....
DEBUG:root:This is the line: drive:-92.0:44.425

DEBUG:root:We got command: drive
DEBUG:root:We got a drive command: rawX:44.425000 and rawY:-92.000000
DEBUG:root:Reverse to the Right
DEBUG:root:Left=-44.425000 Right=136.425000
DEBUG:root:ScaledLeft: 275.043750 ScaledRight: 681.956250
INFO:root:Looping....
DEBUG:root:This is the line: drive:-91.598:34.812

DEBUG:root:We got command: drive
DEBUG:root:We got a drive command: rawX:34.812000 and rawY:-91.598000
DEBUG:root:Reverse to the Right
DEBUG:root:Left=-34.812000 Right=126.410000
DEBUG:root:ScaledLeft: 296.673000 ScaledRight: 659.422500
INFO:root:Looping....
DEBUG:root:This is the line: drive:-89.893:26.338

DEBUG:root:We got command: drive
DEBUG:root:We got a drive command: rawX:26.338000 and rawY:-89.893000
DEBUG:root:Reverse to the Right
DEBUG:root:Left=-26.338000 Right=116.231000
DEBUG:root:ScaledLeft: 315.739500 ScaledRight: 636.519750
INFO:root:Looping....
DEBUG:root:This is the line: drive:-85.957:17.171

DEBUG:root:We got command: drive
DEBUG:root:We got a drive command: rawX:17.171000 and rawY:-85.957000
DEBUG:root:Reverse to the Right
DEBUG:root:Left=-17.171000 Right=103.128000
DEBUG:root:ScaledLeft: 336.365250 ScaledRight: 607.038000
INFO:root:Looping....
DEBUG:root:This is the line: drive:-82.343:9.109

DEBUG:root:We got command: drive
DEBUG:root:We got a drive command: rawX:9.109000 and rawY:-82.343000
DEBUG:root:Reverse to the Right
DEBUG:root:Left=-9.109000 Right=91.452000
DEBUG:root:ScaledLeft: 354.504750 ScaledRight: 580.767000
INFO:root:Looping....
DEBUG:root:This is the line: drive:-79.847:3.252

DEBUG:root:We got command: drive
DEBUG:root:We got a drive command: rawX:3.252000 and rawY:-79.847000
DEBUG:root:Reverse to the Right
DEBUG:root:Left=-3.252000 Right=83.099000
DEBUG:root:ScaledLeft: 367.683000 ScaledRight: 561.972750
INFO:root:Looping....
DEBUG:root:This is the line: drive:-72.937:-6.274

DEBUG:root:We got command: drive
DEBUG:root:We got a drive command: rawX:-6.274000 and rawY:-72.937000
DEBUG:root:Reverse to the Left/Straight
DEBUG:root:Left=-66.663000 Right=-6.274000
DEBUG:root:ScaledLeft: 225.008250 ScaledRight: 360.883500
INFO:root:Looping....
DEBUG:root:This is the line: drive:-69.2:-12.222

DEBUG:root:We got command: drive
DEBUG:root:We got a drive command: rawX:-12.222000 and rawY:-69.200000
DEBUG:root:Reverse to the Left/Straight
DEBUG:root:Left=-56.978000 Right=-12.222000
DEBUG:root:ScaledLeft: 246.799500 ScaledRight: 347.500500
INFO:root:Looping....
DEBUG:root:This is the line: drive:-64.327:-20.082

DEBUG:root:We got command: drive
DEBUG:root:We got a drive command: rawX:-20.082000 and rawY:-64.327000
DEBUG:root:Reverse to the Left/Straight
DEBUG:root:Left=-44.245000 Right=-20.082000
DEBUG:root:ScaledLeft: 275.448750 ScaledRight: 329.815500
INFO:root:Looping....
DEBUG:root:This is the line: drive:-58.714:-27.976

DEBUG:root:We got command: drive
DEBUG:root:We got a drive command: rawX:-27.976000 and rawY:-58.714000
DEBUG:root:Reverse to the Left/Straight
DEBUG:root:Left=-30.738000 Right=-27.976000
DEBUG:root:ScaledLeft: 305.839500 ScaledRight: 312.054000
INFO:root:Looping....
DEBUG:root:This is the line: drive:-53.203:-36.027

DEBUG:root:We got command: drive
DEBUG:root:We got a drive command: rawX:-36.027000 and rawY:-53.203000
DEBUG:root:Reverse to the Left/Straight
DEBUG:root:Left=-17.176000 Right=-36.027000
DEBUG:root:ScaledLeft: 336.354000 ScaledRight: 293.939250
INFO:root:Looping....
DEBUG:root:This is the line: drive:-46.168:-44.468

DEBUG:root:We got command: drive
DEBUG:root:We got a drive command: rawX:-44.468000 and rawY:-46.168000
DEBUG:root:Reverse to the Left/Straight
DEBUG:root:Left=-1.700000 Right=-44.468000
DEBUG:root:ScaledLeft: 371.175000 ScaledRight: 274.947000
INFO:root:Looping....
DEBUG:root:This is the line: drive:-40.353:-51.418

DEBUG:root:We got command: drive
DEBUG:root:We got a drive command: rawX:-51.418000 and rawY:-40.353000
DEBUG:root:Reverse to the Left/Straight
DEBUG:root:Left=11.065000 Right=-51.418000
DEBUG:root:ScaledLeft: 399.896250 ScaledRight: 259.309500
INFO:root:Looping....
DEBUG:root:This is the line: drive:-36.33:-56.181

DEBUG:root:We got command: drive
DEBUG:root:We got a drive command: rawX:-56.181000 and rawY:-36.330000
DEBUG:root:Reverse to the Left/Straight
DEBUG:root:Left=19.851000 Right=-56.181000
DEBUG:root:ScaledLeft: 419.664750 ScaledRight: 248.592750
INFO:root:Looping....
DEBUG:root:This is the line: drive:0:0

DEBUG:root:We got command: drive
DEBUG:root:We got a drive command: rawX:0.000000 and rawY:0.000000
DEBUG:root:Left=0.000000 Right=0.000000
DEBUG:root:ScaledLeft: 375.000000 ScaledRight: 375.000000
INFO:root:Looping....
DEBUG:root:This is the line: drive:-31.714:-62.5

DEBUG:root:We got command: drive
DEBUG:root:We got a drive command: rawX:-62.500000 and rawY:-31.714000
DEBUG:root:Reverse to the Left/Straight
DEBUG:root:Left=30.786000 Right=-62.500000
DEBUG:root:ScaledLeft: 444.268500 ScaledRight: 234.375000
INFO:root:Looping....
DEBUG:root:This is the line: drive:1.435:-0.34

DEBUG:root:We got command: drive
DEBUG:root:We got a drive command: rawX:-0.340000 and rawY:1.435000
DEBUG:root:Forward to the Left/Straight
DEBUG:root:Left=1.775000 Right=-0.340000
DEBUG:root:ScaledLeft: 378.993750 ScaledRight: 374.235000
INFO:root:Looping....
DEBUG:root:This is the line: drive:2.433:-13.716

DEBUG:root:We got command: drive
DEBUG:root:We got a drive command: rawX:-13.716000 and rawY:2.433000
DEBUG:root:Forward to the Left/Straight
DEBUG:root:Left=16.149000 Right=-13.716000
DEBUG:root:ScaledLeft: 411.335250 ScaledRight: 344.139000
INFO:root:Looping....
DEBUG:root:This is the line: drive:4.663:-25.976

DEBUG:root:We got command: drive
DEBUG:root:We got a drive command: rawX:-25.976000 and rawY:4.663000
DEBUG:root:Forward to the Left/Straight
DEBUG:root:Left=30.639000 Right=-25.976000
DEBUG:root:ScaledLeft: 443.937750 ScaledRight: 316.554000
INFO:root:Looping....
DEBUG:root:This is the line: drive:7.429:-39.417

DEBUG:root:We got command: drive
DEBUG:root:We got a drive command: rawX:-39.417000 and rawY:7.429000
DEBUG:root:Forward to the Left/Straight
DEBUG:root:Left=46.846000 Right=-39.417000
DEBUG:root:ScaledLeft: 480.403500 ScaledRight: 286.311750
INFO:root:Looping....
DEBUG:root:This is the line: drive:7.429:-45.757

DEBUG:root:We got command: drive
DEBUG:root:We got a drive command: rawX:-45.757000 and rawY:7.429000
DEBUG:root:Forward to the Left/Straight
DEBUG:root:Left=53.186000 Right=-45.757000
DEBUG:root:ScaledLeft: 494.668500 ScaledRight: 272.046750
INFO:root:Looping....
DEBUG:root:This is the line: drive:7.429:-51.278

DEBUG:root:We got command: drive
DEBUG:root:We got a drive command: rawX:-51.278000 and rawY:7.429000
DEBUG:root:Forward to the Left/Straight
DEBUG:root:Left=58.707000 Right=-51.278000
DEBUG:root:ScaledLeft: 507.090750 ScaledRight: 259.624500
INFO:root:Looping....
DEBUG:root:This is the line: drive:9.632:-50.426

DEBUG:root:We got command: drive
DEBUG:root:We got a drive command: rawX:-50.426000 and rawY:9.632000
DEBUG:root:Forward to the Left/Straight
DEBUG:root:Left=60.058000 Right=-50.426000
DEBUG:root:ScaledLeft: 510.130500 ScaledRight: 261.541500
INFO:root:Looping....
DEBUG:root:This is the line: drive:18.277:-36.031

DEBUG:root:We got command: drive
DEBUG:root:We got a drive command: rawX:-36.031000 and rawY:18.277000
DEBUG:root:Forward to the Left/Straight
DEBUG:root:Left=54.308000 Right=-36.031000
DEBUG:root:ScaledLeft: 497.193000 ScaledRight: 293.930250
INFO:root:Looping....
DEBUG:root:This is the line: drive:26.391:-13.007

DEBUG:root:We got command: drive
DEBUG:root:We got a drive command: rawX:-13.007000 and rawY:26.391000
DEBUG:root:Forward to the Left/Straight
DEBUG:root:Left=39.398000 Right=-13.007000
DEBUG:root:ScaledLeft: 463.645500 ScaledRight: 345.734250
INFO:root:Looping....
DEBUG:root:This is the line: drive:29.444:-0.797

DEBUG:root:We got command: drive
DEBUG:root:We got a drive command: rawX:-0.797000 and rawY:29.444000
DEBUG:root:Forward to the Left/Straight
DEBUG:root:Left=30.241000 Right=-0.797000
DEBUG:root:ScaledLeft: 443.042250 ScaledRight: 373.206750
INFO:root:Looping....
DEBUG:root:This is the line: drive:31.143:9.962

DEBUG:root:We got command: drive
DEBUG:root:We got a drive command: rawX:9.962000 and rawY:31.143000
DEBUG:root:Forward to the Right
DEBUG:root:Left=-9.962000 Right=-21.181000
DEBUG:root:ScaledLeft: 352.585500 ScaledRight: 327.342750
INFO:root:Looping....
DEBUG:root:This is the line: drive:29.571:13.244

DEBUG:root:We got command: drive
DEBUG:root:We got a drive command: rawX:13.244000 and rawY:29.571000
DEBUG:root:Forward to the Right
DEBUG:root:Left=-13.244000 Right=-16.327000
DEBUG:root:ScaledLeft: 345.201000 ScaledRight: 338.264250
INFO:root:Looping....
DEBUG:root:This is the line: drive:25.173:13.988

DEBUG:root:We got command: drive
DEBUG:root:We got a drive command: rawX:13.988000 and rawY:25.173000
DEBUG:root:Forward to the Right
DEBUG:root:Left=-13.988000 Right=-11.185000
DEBUG:root:ScaledLeft: 343.527000 ScaledRight: 349.833750
INFO:root:Looping....
DEBUG:root:This is the line: drive:19.05:12.269

DEBUG:root:We got command: drive
DEBUG:root:We got a drive command: rawX:12.269000 and rawY:19.050000
DEBUG:root:Forward to the Right
DEBUG:root:Left=-12.269000 Right=-6.781000
DEBUG:root:ScaledLeft: 347.394750 ScaledRight: 359.742750
INFO:root:Looping....
DEBUG:root:This is the line: drive:11.321:9.17

DEBUG:root:We got command: drive
DEBUG:root:We got a drive command: rawX:9.170000 and rawY:11.321000
DEBUG:root:Forward to the Right
DEBUG:root:Left=-9.170000 Right=-2.151000
DEBUG:root:ScaledLeft: 354.367500 ScaledRight: 370.160250
INFO:root:Looping....
DEBUG:root:This is the line: drive:2.981:1.164

DEBUG:root:We got command: drive
DEBUG:root:We got a drive command: rawX:1.164000 and rawY:2.981000
DEBUG:root:Forward to the Right
DEBUG:root:Left=-1.164000 Right=-1.817000
DEBUG:root:ScaledLeft: 372.381000 ScaledRight: 370.911750
INFO:root:Looping....
DEBUG:root:This is the line: drive:-0.533:-5.534

DEBUG:root:We got command: drive
DEBUG:root:We got a drive command: rawX:-5.534000 and rawY:-0.533000
DEBUG:root:Reverse to the Left/Straight
DEBUG:root:Left=5.001000 Right=-5.534000
DEBUG:root:ScaledLeft: 386.252250 ScaledRight: 362.548500
INFO:root:Looping....
DEBUG:root:This is the line: drive:-1.429:-12.534

DEBUG:root:We got command: drive
DEBUG:root:We got a drive command: rawX:-12.534000 and rawY:-1.429000
DEBUG:root:Reverse to the Left/Straight
DEBUG:root:Left=11.105000 Right=-12.534000
DEBUG:root:ScaledLeft: 399.986250 ScaledRight: 346.798500
INFO:root:Looping....
DEBUG:root:This is the line: drive:-0.714:-14.732

DEBUG:root:We got command: drive
DEBUG:root:We got a drive command: rawX:-14.732000 and rawY:-0.714000
DEBUG:root:Reverse to the Left/Straight
DEBUG:root:Left=14.018000 Right=-14.732000
DEBUG:root:ScaledLeft: 406.540500 ScaledRight: 341.853000
INFO:root:Looping....
DEBUG:root:This is the line: drive:2.729:-16.071

DEBUG:root:We got command: drive
DEBUG:root:We got a drive command: rawX:-16.071000 and rawY:2.729000
DEBUG:root:Forward to the Left/Straight
DEBUG:root:Left=18.800000 Right=-16.071000
DEBUG:root:ScaledLeft: 417.300000 ScaledRight: 338.840250
INFO:root:Looping....
DEBUG:root:This is the line: drive:10.397:-14.526

DEBUG:root:We got command: drive
DEBUG:root:We got a drive command: rawX:-14.526000 and rawY:10.397000
DEBUG:root:Forward to the Left/Straight
DEBUG:root:Left=24.923000 Right=-14.526000
DEBUG:root:ScaledLeft: 431.076750 ScaledRight: 342.316500
INFO:root:Looping....
DEBUG:root:This is the line: drive:24.101:-1.064

DEBUG:root:We got command: drive
DEBUG:root:We got a drive command: rawX:-1.064000 and rawY:24.101000
DEBUG:root:Forward to the Left/Straight
DEBUG:root:Left=25.165000 Right=-1.064000
DEBUG:root:ScaledLeft: 431.621250 ScaledRight: 372.606000
INFO:root:Looping....
DEBUG:root:This is the line: drive:29.494:11.946

DEBUG:root:We got command: drive
DEBUG:root:We got a drive command: rawX:11.946000 and rawY:29.494000
DEBUG:root:Forward to the Right
DEBUG:root:Left=-11.946000 Right=-17.548000
DEBUG:root:ScaledLeft: 348.121500 ScaledRight: 335.517000
INFO:root:Looping....
DEBUG:root:This is the line: drive:30.571:20.65

DEBUG:root:We got command: drive
DEBUG:root:We got a drive command: rawX:20.650000 and rawY:30.571000
DEBUG:root:Forward to the Right
DEBUG:root:Left=-20.650000 Right=-9.921000
DEBUG:root:ScaledLeft: 328.537500 ScaledRight: 352.677750
INFO:root:Looping....
DEBUG:root:This is the line: drive:0:0

DEBUG:root:We got command: drive
DEBUG:root:We got a drive command: rawX:0.000000 and rawY:0.000000
DEBUG:root:Left=0.000000 Right=0.000000
DEBUG:root:ScaledLeft: 375.000000 ScaledRight: 375.000000
INFO:root:Looping....
DEBUG:root:This is the line: drive:29.894:27.491

DEBUG:root:We got command: drive
DEBUG:root:We got a drive command: rawX:27.491000 and rawY:29.894000
DEBUG:root:Forward to the Right
DEBUG:root:Left=-27.491000 Right=-2.403000
DEBUG:root:ScaledLeft: 313.145250 ScaledRight: 369.593250
INFO:root:Looping....
DEBUG:root:This is the line: drive:29.894:27.491

DEBUG:root:We got command: drive
DEBUG:root:We got a drive command: rawX:27.491000 and rawY:29.894000
DEBUG:root:Forward to the Right
DEBUG:root:Left=-27.491000 Right=-2.403000
DEBUG:root:ScaledLeft: 313.145250 ScaledRight: 369.593250
INFO:root:Looping....
DEBUG:root:This is the line: drive:1.54:-16.369

DEBUG:root:We got command: drive
DEBUG:root:We got a drive command: rawX:-16.369000 and rawY:1.540000
DEBUG:root:Forward to the Left/Straight
DEBUG:root:Left=17.909000 Right=-16.369000
DEBUG:root:ScaledLeft: 415.295250 ScaledRight: 338.169750
INFO:root:Looping....
DEBUG:root:This is the line: drive:13.879:-12.431

DEBUG:root:We got command: drive
DEBUG:root:We got a drive command: rawX:-12.431000 and rawY:13.879000
DEBUG:root:Forward to the Left/Straight
DEBUG:root:Left=26.310000 Right=-12.431000
DEBUG:root:ScaledLeft: 434.197500 ScaledRight: 347.030250
INFO:root:Looping....
DEBUG:root:This is the line: drive:27.516:-4.469

DEBUG:root:We got command: drive
DEBUG:root:We got a drive command: rawX:-4.469000 and rawY:27.516000
DEBUG:root:Forward to the Left/Straight
DEBUG:root:Left=31.985000 Right=-4.469000
DEBUG:root:ScaledLeft: 446.966250 ScaledRight: 364.944750
INFO:root:Looping....
DEBUG:root:This is the line: drive:36.03:0.991

DEBUG:root:We got command: drive
DEBUG:root:We got a drive command: rawX:0.991000 and rawY:36.030000
DEBUG:root:Forward to the Right
DEBUG:root:Left=-0.991000 Right=-35.039000
DEBUG:root:ScaledLeft: 372.770250 ScaledRight: 296.162250
INFO:root:Looping....
DEBUG:root:This is the line: drive:43.673:8.872

DEBUG:root:We got command: drive
DEBUG:root:We got a drive command: rawX:8.872000 and rawY:43.673000
DEBUG:root:Forward to the Right
DEBUG:root:Left=-8.872000 Right=-34.801000
DEBUG:root:ScaledLeft: 355.038000 ScaledRight: 296.697750
INFO:root:Looping....
DEBUG:root:This is the line: drive:46.557:14.538

DEBUG:root:We got command: drive
DEBUG:root:We got a drive command: rawX:14.538000 and rawY:46.557000
DEBUG:root:Forward to the Right
DEBUG:root:Left=-14.538000 Right=-32.019000
DEBUG:root:ScaledLeft: 342.289500 ScaledRight: 302.957250
INFO:root:Looping....
DEBUG:root:This is the line: drive:46.185:22.338

DEBUG:root:We got command: drive
DEBUG:root:We got a drive command: rawX:22.338000 and rawY:46.185000
DEBUG:root:Forward to the Right
DEBUG:root:Left=-22.338000 Right=-23.847000
DEBUG:root:ScaledLeft: 324.739500 ScaledRight: 321.344250
INFO:root:Looping....
DEBUG:root:This is the line: drive:42.663:28.476

DEBUG:root:We got command: drive
DEBUG:root:We got a drive command: rawX:28.476000 and rawY:42.663000
DEBUG:root:Forward to the Right
DEBUG:root:Left=-28.476000 Right=-14.187000
DEBUG:root:ScaledLeft: 310.929000 ScaledRight: 343.079250
INFO:root:Looping....
DEBUG:root:This is the line: drive:39.692:31.869

DEBUG:root:We got command: drive
DEBUG:root:We got a drive command: rawX:31.869000 and rawY:39.692000
DEBUG:root:Forward to the Right
DEBUG:root:Left=-31.869000 Right=-7.823000
DEBUG:root:ScaledLeft: 303.294750 ScaledRight: 357.398250
INFO:root:Looping....
DEBUG:root:This is the line: drive:35.832:32.799

DEBUG:root:We got command: drive
DEBUG:root:We got a drive command: rawX:32.799000 and rawY:35.832000
DEBUG:root:Forward to the Right
DEBUG:root:Left=-32.799000 Right=-3.033000
DEBUG:root:ScaledLeft: 301.202250 ScaledRight: 368.175750
INFO:root:Looping....
DEBUG:root:This is the line: drive:32.311:30.086

DEBUG:root:We got command: drive
DEBUG:root:We got a drive command: rawX:30.086000 and rawY:32.311000
DEBUG:root:Forward to the Right
DEBUG:root:Left=-30.086000 Right=-2.225000
DEBUG:root:ScaledLeft: 307.306500 ScaledRight: 369.993750
INFO:root:Looping....
DEBUG:root:This is the line: drive:25.756:16.455

DEBUG:root:We got command: drive
DEBUG:root:We got a drive command: rawX:16.455000 and rawY:25.756000
DEBUG:root:Forward to the Right
DEBUG:root:Left=-16.455000 Right=-9.301000
DEBUG:root:ScaledLeft: 337.976250 ScaledRight: 354.072750
INFO:root:Looping....
DEBUG:root:This is the line: drive:23.703:9.181

DEBUG:root:We got command: drive
DEBUG:root:We got a drive command: rawX:9.181000 and rawY:23.703000
DEBUG:root:Forward to the Right
DEBUG:root:Left=-9.181000 Right=-14.522000
DEBUG:root:ScaledLeft: 354.342750 ScaledRight: 342.325500
INFO:root:Looping....
DEBUG:root:This is the line: drive:23.429:-0.514

DEBUG:root:We got command: drive
DEBUG:root:We got a drive command: rawX:-0.514000 and rawY:23.429000
DEBUG:root:Forward to the Left/Straight
DEBUG:root:Left=23.943000 Right=-0.514000
DEBUG:root:ScaledLeft: 428.871750 ScaledRight: 373.843500
INFO:root:Looping....
DEBUG:root:This is the line: drive:25.154:-5.071

DEBUG:root:We got command: drive
DEBUG:root:We got a drive command: rawX:-5.071000 and rawY:25.154000
DEBUG:root:Forward to the Left/Straight
DEBUG:root:Left=30.225000 Right=-5.071000
DEBUG:root:ScaledLeft: 443.006250 ScaledRight: 363.590250
INFO:root:Looping....
DEBUG:root:This is the line: drive:27.839:-5.227

DEBUG:root:We got command: drive
DEBUG:root:We got a drive command: rawX:-5.227000 and rawY:27.839000
DEBUG:root:Forward to the Left/Straight
DEBUG:root:Left=33.066000 Right=-5.227000
DEBUG:root:ScaledLeft: 449.398500 ScaledRight: 363.239250
INFO:root:Looping....
DEBUG:root:This is the line: drive:34.303:5.003

DEBUG:root:We got command: drive
DEBUG:root:We got a drive command: rawX:5.003000 and rawY:34.303000
DEBUG:root:Forward to the Right
DEBUG:root:Left=-5.003000 Right=-29.300000
DEBUG:root:ScaledLeft: 363.743250 ScaledRight: 309.075000
INFO:root:Looping....
DEBUG:root:This is the line: drive:37.386:16.145

DEBUG:root:We got command: drive
DEBUG:root:We got a drive command: rawX:16.145000 and rawY:37.386000
DEBUG:root:Forward to the Right
DEBUG:root:Left=-16.145000 Right=-21.241000
DEBUG:root:ScaledLeft: 338.673750 ScaledRight: 327.207750
INFO:root:Looping....
DEBUG:root:This is the line: drive:37.763:25.792

DEBUG:root:We got command: drive
DEBUG:root:We got a drive command: rawX:25.792000 and rawY:37.763000
DEBUG:root:Forward to the Right
DEBUG:root:Left=-25.792000 Right=-11.971000
DEBUG:root:ScaledLeft: 316.968000 ScaledRight: 348.065250
INFO:root:Looping....
DEBUG:root:This is the line: drive:35.982:27.697

DEBUG:root:We got command: drive
DEBUG:root:We got a drive command: rawX:27.697000 and rawY:35.982000
DEBUG:root:Forward to the Right
DEBUG:root:Left=-27.697000 Right=-8.285000
DEBUG:root:ScaledLeft: 312.681750 ScaledRight: 356.358750
INFO:root:Looping....
DEBUG:root:This is the line: drive:0:0

DEBUG:root:We got command: drive
DEBUG:root:We got a drive command: rawX:0.000000 and rawY:0.000000
DEBUG:root:Left=0.000000 Right=0.000000
DEBUG:root:ScaledLeft: 375.000000 ScaledRight: 375.000000
INFO:root:Looping....
DEBUG:root:This is the line: drive:35.143:28.571

DEBUG:root:We got command: drive
DEBUG:root:We got a drive command: rawX:28.571000 and rawY:35.143000
DEBUG:root:Forward to the Right
DEBUG:root:Left=-28.571000 Right=-6.572000
DEBUG:root:ScaledLeft: 310.715250 ScaledRight: 360.213000
INFO:root:Looping....
DEBUG:root:This is the line: drive:9.143:-0.595

DEBUG:root:We got command: drive
DEBUG:root:We got a drive command: rawX:-0.595000 and rawY:9.143000
DEBUG:root:Forward to the Left/Straight
DEBUG:root:Left=9.738000 Right=-0.595000
DEBUG:root:ScaledLeft: 396.910500 ScaledRight: 373.661250
INFO:root:Looping....
DEBUG:root:This is the line: drive:8.397:-4.283

DEBUG:root:We got command: drive
DEBUG:root:We got a drive command: rawX:-4.283000 and rawY:8.397000
DEBUG:root:Forward to the Left/Straight
DEBUG:root:Left=12.680000 Right=-4.283000
DEBUG:root:ScaledLeft: 403.530000 ScaledRight: 365.363250
INFO:root:Looping....
DEBUG:root:This is the line: drive:12.771:-6.518

DEBUG:root:We got command: drive
DEBUG:root:We got a drive command: rawX:-6.518000 and rawY:12.771000
DEBUG:root:Forward to the Left/Straight
DEBUG:root:Left=19.289000 Right=-6.518000
DEBUG:root:ScaledLeft: 418.400250 ScaledRight: 360.334500
INFO:root:Looping....
DEBUG:root:This is the line: drive:20.136:-7.143

DEBUG:root:We got command: drive
DEBUG:root:We got a drive command: rawX:-7.143000 and rawY:20.136000
DEBUG:root:Forward to the Left/Straight
DEBUG:root:Left=27.279000 Right=-7.143000
DEBUG:root:ScaledLeft: 436.377750 ScaledRight: 358.928250
INFO:root:Looping....
DEBUG:root:This is the line: drive:28.931:-2.621

DEBUG:root:We got command: drive
DEBUG:root:We got a drive command: rawX:-2.621000 and rawY:28.931000
DEBUG:root:Forward to the Left/Straight
DEBUG:root:Left=31.552000 Right=-2.621000
DEBUG:root:ScaledLeft: 445.992000 ScaledRight: 369.102750
INFO:root:Looping....
DEBUG:root:This is the line: drive:35.897:2.869

DEBUG:root:We got command: drive
DEBUG:root:We got a drive command: rawX:2.869000 and rawY:35.897000
DEBUG:root:Forward to the Right
DEBUG:root:Left=-2.869000 Right=-33.028000
DEBUG:root:ScaledLeft: 368.544750 ScaledRight: 300.687000
INFO:root:Looping....
DEBUG:root:This is the line: drive:40.619:10.517

DEBUG:root:We got command: drive
DEBUG:root:We got a drive command: rawX:10.517000 and rawY:40.619000
DEBUG:root:Forward to the Right
DEBUG:root:Left=-10.517000 Right=-30.102000
DEBUG:root:ScaledLeft: 351.336750 ScaledRight: 307.270500
INFO:root:Looping....
DEBUG:root:This is the line: drive:40.405:15.228

DEBUG:root:We got command: drive
DEBUG:root:We got a drive command: rawX:15.228000 and rawY:40.405000
DEBUG:root:Forward to the Right
DEBUG:root:Left=-15.228000 Right=-25.177000
DEBUG:root:ScaledLeft: 340.737000 ScaledRight: 318.351750
INFO:root:Looping....
DEBUG:root:This is the line: drive:38.079:18.114

DEBUG:root:We got command: drive
DEBUG:root:We got a drive command: rawX:18.114000 and rawY:38.079000
DEBUG:root:Forward to the Right
DEBUG:root:Left=-18.114000 Right=-19.965000
DEBUG:root:ScaledLeft: 334.243500 ScaledRight: 330.078750
INFO:root:Looping....
DEBUG:root:This is the line: drive:32.514:18.75

DEBUG:root:We got command: drive
DEBUG:root:We got a drive command: rawX:18.750000 and rawY:32.514000
DEBUG:root:Forward to the Right
DEBUG:root:Left=-18.750000 Right=-13.764000
DEBUG:root:ScaledLeft: 332.812500 ScaledRight: 344.031000
INFO:root:Looping....
DEBUG:root:This is the line: drive:27.815:17.314

DEBUG:root:We got command: drive
DEBUG:root:We got a drive command: rawX:17.314000 and rawY:27.815000
DEBUG:root:Forward to the Right
DEBUG:root:Left=-17.314000 Right=-10.501000
DEBUG:root:ScaledLeft: 336.043500 ScaledRight: 351.372750
INFO:root:Looping....
DEBUG:root:This is the line: drive:23.209:13.165

DEBUG:root:We got command: drive
DEBUG:root:We got a drive command: rawX:13.165000 and rawY:23.209000
DEBUG:root:Forward to the Right
DEBUG:root:Left=-13.165000 Right=-10.044000
DEBUG:root:ScaledLeft: 345.378750 ScaledRight: 352.401000
INFO:root:Looping....
DEBUG:root:This is the line: drive:0:0

DEBUG:root:We got command: drive
DEBUG:root:We got a drive command: rawX:0.000000 and rawY:0.000000
DEBUG:root:Left=0.000000 Right=0.000000
DEBUG:root:ScaledLeft: 375.000000 ScaledRight: 375.000000
INFO:root:Looping....
DEBUG:root:This is the line: drive:19.429:9.226

DEBUG:root:We got command: drive
DEBUG:root:We got a drive command: rawX:9.226000 and rawY:19.429000
DEBUG:root:Forward to the Right
DEBUG:root:Left=-9.226000 Right=-10.203000
DEBUG:root:ScaledLeft: 354.241500 ScaledRight: 352.043250
INFO:root:Looping....
DEBUG:root:This is the line: drive:17.714:5.06

DEBUG:root:We got command: drive
DEBUG:root:We got a drive command: rawX:5.060000 and rawY:17.714000
DEBUG:root:Forward to the Right
DEBUG:root:Left=-5.060000 Right=-12.654000
DEBUG:root:ScaledLeft: 363.615000 ScaledRight: 346.528500
INFO:root:Looping....
DEBUG:root:This is the line: drive:17.714:5.06

DEBUG:root:We got command: drive
DEBUG:root:We got a drive command: rawX:5.060000 and rawY:17.714000
DEBUG:root:Forward to the Right
DEBUG:root:Left=-5.060000 Right=-12.654000
DEBUG:root:ScaledLeft: 363.615000 ScaledRight: 346.528500
INFO:root:Looping....
DEBUG:root:This is the line: drive:26.846:6.242

DEBUG:root:We got command: drive
DEBUG:root:We got a drive command: rawX:6.242000 and rawY:26.846000
DEBUG:root:Forward to the Right
DEBUG:root:Left=-6.242000 Right=-20.604000
DEBUG:root:ScaledLeft: 360.955500 ScaledRight: 328.641000
INFO:root:Looping....
DEBUG:root:This is the line: drive:32.124:10.844

DEBUG:root:We got command: drive
DEBUG:root:We got a drive command: rawX:10.844000 and rawY:32.124000
DEBUG:root:Forward to the Right
DEBUG:root:Left=-10.844000 Right=-21.280000
DEBUG:root:ScaledLeft: 350.601000 ScaledRight: 327.120000
INFO:root:Looping....
DEBUG:root:This is the line: drive:38.901:21.267

DEBUG:root:We got command: drive
DEBUG:root:We got a drive command: rawX:21.267000 and rawY:38.901000
DEBUG:root:Forward to the Right
DEBUG:root:Left=-21.267000 Right=-17.634000
DEBUG:root:ScaledLeft: 327.149250 ScaledRight: 335.323500
INFO:root:Looping....
DEBUG:root:This is the line: drive:40.0:25.788

DEBUG:root:We got command: drive
DEBUG:root:We got a drive command: rawX:25.788000 and rawY:40.000000
DEBUG:root:Forward to the Right
DEBUG:root:Left=-25.788000 Right=-14.212000
DEBUG:root:ScaledLeft: 316.977000 ScaledRight: 343.023000
INFO:root:Looping....
DEBUG:root:This is the line: drive:40.0:29.716

DEBUG:root:We got command: drive
DEBUG:root:We got a drive command: rawX:29.716000 and rawY:40.000000
DEBUG:root:Forward to the Right
DEBUG:root:Left=-29.716000 Right=-10.284000
DEBUG:root:ScaledLeft: 308.139000 ScaledRight: 351.861000
INFO:root:Looping....
DEBUG:root:This is the line: drive:38.158:31.845

DEBUG:root:We got command: drive
DEBUG:root:We got a drive command: rawX:31.845000 and rawY:38.158000
DEBUG:root:Forward to the Right
DEBUG:root:Left=-31.845000 Right=-6.313000
DEBUG:root:ScaledLeft: 303.348750 ScaledRight: 360.795750
INFO:root:Looping....
DEBUG:root:This is the line: drive:35.267:31.315

DEBUG:root:We got command: drive
DEBUG:root:We got a drive command: rawX:31.315000 and rawY:35.267000
DEBUG:root:Forward to the Right
DEBUG:root:Left=-31.315000 Right=-3.952000
DEBUG:root:ScaledLeft: 304.541250 ScaledRight: 366.108000
INFO:root:Looping....
DEBUG:root:This is the line: drive:30.971:28.393

DEBUG:root:We got command: drive
DEBUG:root:We got a drive command: rawX:28.393000 and rawY:30.971000
DEBUG:root:Forward to the Right
DEBUG:root:Left=-28.393000 Right=-2.578000
DEBUG:root:ScaledLeft: 311.115750 ScaledRight: 369.199500
INFO:root:Looping....
DEBUG:root:This is the line: drive:28.579:24.565

DEBUG:root:We got command: drive
DEBUG:root:We got a drive command: rawX:24.565000 and rawY:28.579000
DEBUG:root:Forward to the Right
DEBUG:root:Left=-24.565000 Right=-4.014000
DEBUG:root:ScaledLeft: 319.728750 ScaledRight: 365.968500
INFO:root:Looping....
DEBUG:root:This is the line: drive:25.43:14.885

DEBUG:root:We got command: drive
DEBUG:root:We got a drive command: rawX:14.885000 and rawY:25.430000
DEBUG:root:Forward to the Right
DEBUG:root:Left=-14.885000 Right=-10.545000
DEBUG:root:ScaledLeft: 341.508750 ScaledRight: 351.273750
INFO:root:Looping....
DEBUG:root:This is the line: drive:23.714:5.357

DEBUG:root:We got command: drive
DEBUG:root:We got a drive command: rawX:5.357000 and rawY:23.714000
DEBUG:root:Forward to the Right
DEBUG:root:Left=-5.357000 Right=-18.357000
DEBUG:root:ScaledLeft: 362.946750 ScaledRight: 333.696750
INFO:root:Looping....
DEBUG:root:This is the line: drive:23.143:-1.924

DEBUG:root:We got command: drive
DEBUG:root:We got a drive command: rawX:-1.924000 and rawY:23.143000
DEBUG:root:Forward to the Left/Straight
DEBUG:root:Left=25.067000 Right=-1.924000
DEBUG:root:ScaledLeft: 431.400750 ScaledRight: 370.671000
INFO:root:Looping....
DEBUG:root:This is the line: drive:0:0

DEBUG:root:We got command: drive
DEBUG:root:We got a drive command: rawX:0.000000 and rawY:0.000000
DEBUG:root:Left=0.000000 Right=0.000000
DEBUG:root:ScaledLeft: 375.000000 ScaledRight: 375.000000
INFO:root:Looping....
DEBUG:root:This is the line: drive:22.857:-2.976

DEBUG:root:We got command: drive
DEBUG:root:We got a drive command: rawX:-2.976000 and rawY:22.857000
DEBUG:root:Forward to the Left/Straight
DEBUG:root:Left=25.833000 Right=-2.976000
DEBUG:root:ScaledLeft: 433.124250 ScaledRight: 368.304000
INFO:root:Looping....
DEBUG:root:This is the line: drive:15.429:2.381

DEBUG:root:We got command: drive
DEBUG:root:We got a drive command: rawX:2.381000 and rawY:15.429000
DEBUG:root:Forward to the Right
DEBUG:root:Left=-2.381000 Right=-13.048000
DEBUG:root:ScaledLeft: 369.642750 ScaledRight: 345.642000
INFO:root:Looping....
DEBUG:root:This is the line: drive:15.429:2.381

DEBUG:root:We got command: drive
DEBUG:root:We got a drive command: rawX:2.381000 and rawY:15.429000
DEBUG:root:Forward to the Right
DEBUG:root:Left=-2.381000 Right=-13.048000
DEBUG:root:ScaledLeft: 369.642750 ScaledRight: 345.642000
INFO:root:Looping....
DEBUG:root:This is the line: drive:21.473:-0.595

DEBUG:root:We got command: drive
DEBUG:root:We got a drive command: rawX:-0.595000 and rawY:21.473000
DEBUG:root:Forward to the Left/Straight
DEBUG:root:Left=22.068000 Right=-0.595000
DEBUG:root:ScaledLeft: 424.653000 ScaledRight: 373.661250
INFO:root:Looping....
DEBUG:root:This is the line: drive:25.671:-0.595

DEBUG:root:We got command: drive
DEBUG:root:We got a drive command: rawX:-0.595000 and rawY:25.671000
DEBUG:root:Forward to the Left/Straight
DEBUG:root:Left=26.266000 Right=-0.595000
DEBUG:root:ScaledLeft: 434.098500 ScaledRight: 373.661250
INFO:root:Looping....
DEBUG:root:This is the line: drive:28.746:-0.595

DEBUG:root:We got command: drive
DEBUG:root:We got a drive command: rawX:-0.595000 and rawY:28.746000
DEBUG:root:Forward to the Left/Straight
DEBUG:root:Left=29.341000 Right=-0.595000
DEBUG:root:ScaledLeft: 441.017250 ScaledRight: 373.661250
INFO:root:Looping....
DEBUG:root:This is the line: drive:30.17:-0.595

DEBUG:root:We got command: drive
DEBUG:root:We got a drive command: rawX:-0.595000 and rawY:30.170000
DEBUG:root:Forward to the Left/Straight
DEBUG:root:Left=30.765000 Right=-0.595000
DEBUG:root:ScaledLeft: 444.221250 ScaledRight: 373.661250
INFO:root:Looping....
DEBUG:root:This is the line: drive:32.644:-2.456

DEBUG:root:We got command: drive
DEBUG:root:We got a drive command: rawX:-2.456000 and rawY:32.644000
DEBUG:root:Forward to the Left/Straight
DEBUG:root:Left=35.100000 Right=-2.456000
DEBUG:root:ScaledLeft: 453.975000 ScaledRight: 369.474000
INFO:root:Looping....
DEBUG:root:This is the line: drive:34.781:-4.682

DEBUG:root:We got command: drive
DEBUG:root:We got a drive command: rawX:-4.682000 and rawY:34.781000
DEBUG:root:Forward to the Left/Straight
DEBUG:root:Left=39.463000 Right=-4.682000
DEBUG:root:ScaledLeft: 463.791750 ScaledRight: 364.465500
INFO:root:Looping....
DEBUG:root:This is the line: drive:35.143:-6.896

DEBUG:root:We got command: drive
DEBUG:root:We got a drive command: rawX:-6.896000 and rawY:35.143000
DEBUG:root:Forward to the Left/Straight
DEBUG:root:Left=42.039000 Right=-6.896000
DEBUG:root:ScaledLeft: 469.587750 ScaledRight: 359.484000
INFO:root:Looping....
DEBUG:root:This is the line: drive:35.143:-9.487

DEBUG:root:We got command: drive
DEBUG:root:We got a drive command: rawX:-9.487000 and rawY:35.143000
DEBUG:root:Forward to the Left/Straight
DEBUG:root:Left=44.630000 Right=-9.487000
DEBUG:root:ScaledLeft: 475.417500 ScaledRight: 353.654250
INFO:root:Looping....
DEBUG:root:This is the line: drive:35.143:-11.713

DEBUG:root:We got command: drive
DEBUG:root:We got a drive command: rawX:-11.713000 and rawY:35.143000
DEBUG:root:Forward to the Left/Straight
DEBUG:root:Left=46.856000 Right=-11.713000
DEBUG:root:ScaledLeft: 480.426000 ScaledRight: 348.645750
INFO:root:Looping....
DEBUG:root:This is the line: drive:35.143:-13.545

DEBUG:root:We got command: drive
DEBUG:root:We got a drive command: rawX:-13.545000 and rawY:35.143000
DEBUG:root:Forward to the Left/Straight
DEBUG:root:Left=48.688000 Right=-13.545000
DEBUG:root:ScaledLeft: 484.548000 ScaledRight: 344.523750
INFO:root:Looping....
DEBUG:root:This is the line: drive:35.143:-17.322

DEBUG:root:We got command: drive
DEBUG:root:We got a drive command: rawX:-17.322000 and rawY:35.143000
DEBUG:root:Forward to the Left/Straight
DEBUG:root:Left=52.465000 Right=-17.322000
DEBUG:root:ScaledLeft: 493.046250 ScaledRight: 336.025500
INFO:root:Looping....
DEBUG:root:This is the line: drive:34.437:-20.08

DEBUG:root:We got command: drive
DEBUG:root:We got a drive command: rawX:-20.080000 and rawY:34.437000
DEBUG:root:Forward to the Left/Straight
DEBUG:root:Left=54.517000 Right=-20.080000
DEBUG:root:ScaledLeft: 497.663250 ScaledRight: 329.820000
INFO:root:Looping....
DEBUG:root:This is the line: drive:34.0:-22.404

DEBUG:root:We got command: drive
DEBUG:root:We got a drive command: rawX:-22.404000 and rawY:34.000000
DEBUG:root:Forward to the Left/Straight
DEBUG:root:Left=56.404000 Right=-22.404000
DEBUG:root:ScaledLeft: 501.909000 ScaledRight: 324.591000
INFO:root:Looping....
DEBUG:root:This is the line: drive:33.714:-24.723

DEBUG:root:We got command: drive
DEBUG:root:We got a drive command: rawX:-24.723000 and rawY:33.714000
DEBUG:root:Forward to the Left/Straight
DEBUG:root:Left=58.437000 Right=-24.723000
DEBUG:root:ScaledLeft: 506.483250 ScaledRight: 319.373250
INFO:root:Looping....
DEBUG:root:This is the line: drive:33.323:-24.702

DEBUG:root:We got command: drive
DEBUG:root:We got a drive command: rawX:-24.702000 and rawY:33.323000
DEBUG:root:Forward to the Left/Straight
DEBUG:root:Left=58.025000 Right=-24.702000
DEBUG:root:ScaledLeft: 505.556250 ScaledRight: 319.420500
INFO:root:Looping....
DEBUG:root:This is the line: drive:31.565:-24.547

DEBUG:root:We got command: drive
DEBUG:root:We got a drive command: rawX:-24.547000 and rawY:31.565000
DEBUG:root:Forward to the Left/Straight
DEBUG:root:Left=56.112000 Right=-24.547000
DEBUG:root:ScaledLeft: 501.252000 ScaledRight: 319.769250
INFO:root:Looping....
DEBUG:root:This is the line: drive:0:0

DEBUG:root:We got command: drive
DEBUG:root:We got a drive command: rawX:0.000000 and rawY:0.000000
DEBUG:root:Left=0.000000 Right=0.000000
DEBUG:root:ScaledLeft: 375.000000 ScaledRight: 375.000000
INFO:root:Looping....
DEBUG:root:This is the line: drive:31.143:-23.774

DEBUG:root:We got command: drive
DEBUG:root:We got a drive command: rawX:-23.774000 and rawY:31.143000
DEBUG:root:Forward to the Left/Straight
DEBUG:root:Left=54.917000 Right=-23.774000
DEBUG:root:ScaledLeft: 498.563250 ScaledRight: 321.508500
INFO:root:Looping....
DEBUG:root:This is the line: drive:36.286:38.095

DEBUG:root:We got command: drive
DEBUG:root:We got a drive command: rawX:38.095000 and rawY:36.286000
DEBUG:root:Forward to the Right
DEBUG:root:Left=-38.095000 Right=1.809000
DEBUG:root:ScaledLeft: 289.286250 ScaledRight: 379.070250
INFO:root:Looping....
DEBUG:root:This is the line: drive:36.809:31.698

DEBUG:root:We got command: drive
DEBUG:root:We got a drive command: rawX:31.698000 and rawY:36.809000
DEBUG:root:Forward to the Right
DEBUG:root:Left=-31.698000 Right=-5.111000
DEBUG:root:ScaledLeft: 303.679500 ScaledRight: 363.500250
INFO:root:Looping....
DEBUG:root:This is the line: drive:38.857:23.065

DEBUG:root:We got command: drive
DEBUG:root:We got a drive command: rawX:23.065000 and rawY:38.857000
DEBUG:root:Forward to the Right
DEBUG:root:Left=-23.065000 Right=-15.792000
DEBUG:root:ScaledLeft: 323.103750 ScaledRight: 339.468000
INFO:root:Looping....
DEBUG:root:This is the line: drive:40.289:16.955

DEBUG:root:We got command: drive
DEBUG:root:We got a drive command: rawX:16.955000 and rawY:40.289000
DEBUG:root:Forward to the Right
DEBUG:root:Left=-16.955000 Right=-23.334000
DEBUG:root:ScaledLeft: 336.851250 ScaledRight: 322.498500
INFO:root:Looping....
DEBUG:root:This is the line: drive:41.551:10.459

DEBUG:root:We got command: drive
DEBUG:root:We got a drive command: rawX:10.459000 and rawY:41.551000
DEBUG:root:Forward to the Right
DEBUG:root:Left=-10.459000 Right=-31.092000
DEBUG:root:ScaledLeft: 351.467250 ScaledRight: 305.043000
INFO:root:Looping....
DEBUG:root:This is the line: drive:42.991:6.864

DEBUG:root:We got command: drive
DEBUG:root:We got a drive command: rawX:6.864000 and rawY:42.991000
DEBUG:root:Forward to the Right
DEBUG:root:Left=-6.864000 Right=-36.127000
DEBUG:root:ScaledLeft: 359.556000 ScaledRight: 293.714250
INFO:root:Looping....
DEBUG:root:This is the line: drive:45.16:2.345

DEBUG:root:We got command: drive
DEBUG:root:We got a drive command: rawX:2.345000 and rawY:45.160000
DEBUG:root:Forward to the Right
DEBUG:root:Left=-2.345000 Right=-42.815000
DEBUG:root:ScaledLeft: 369.723750 ScaledRight: 278.666250
INFO:root:Looping....
DEBUG:root:This is the line: drive:47.0:-1.488

DEBUG:root:We got command: drive
DEBUG:root:We got a drive command: rawX:-1.488000 and rawY:47.000000
DEBUG:root:Forward to the Left/Straight
DEBUG:root:Left=48.488000 Right=-1.488000
DEBUG:root:ScaledLeft: 484.098000 ScaledRight: 371.652000
INFO:root:Looping....
DEBUG:root:This is the line: drive:48.571:-5.274

DEBUG:root:We got command: drive
DEBUG:root:We got a drive command: rawX:-5.274000 and rawY:48.571000
DEBUG:root:Forward to the Left/Straight
DEBUG:root:Left=53.845000 Right=-5.274000
DEBUG:root:ScaledLeft: 496.151250 ScaledRight: 363.133500
INFO:root:Looping....
DEBUG:root:This is the line: drive:50.341:-7.498

DEBUG:root:We got command: drive
DEBUG:root:We got a drive command: rawX:-7.498000 and rawY:50.341000
DEBUG:root:Forward to the Left/Straight
DEBUG:root:Left=57.839000 Right=-7.498000
DEBUG:root:ScaledLeft: 505.137750 ScaledRight: 358.129500
INFO:root:Looping....
DEBUG:root:This is the line: drive:51.902:-8.929

DEBUG:root:We got command: drive
DEBUG:root:We got a drive command: rawX:-8.929000 and rawY:51.902000
DEBUG:root:Forward to the Left/Straight
DEBUG:root:Left=60.831000 Right=-8.929000
DEBUG:root:ScaledLeft: 511.869750 ScaledRight: 354.909750
INFO:root:Looping....
DEBUG:root:This is the line: drive:52.338:-8.929

DEBUG:root:We got command: drive
DEBUG:root:We got a drive command: rawX:-8.929000 and rawY:52.338000
DEBUG:root:Forward to the Left/Straight
DEBUG:root:Left=61.267000 Right=-8.929000
DEBUG:root:ScaledLeft: 512.850750 ScaledRight: 354.909750
INFO:root:Looping....
DEBUG:root:This is the line: drive:54.429:-8.929

DEBUG:root:We got command: drive
DEBUG:root:We got a drive command: rawX:-8.929000 and rawY:54.429000
DEBUG:root:Forward to the Left/Straight
DEBUG:root:Left=63.358000 Right=-8.929000
DEBUG:root:ScaledLeft: 517.555500 ScaledRight: 354.909750
INFO:root:Looping....
DEBUG:root:This is the line: drive:55.656:-8.929

DEBUG:root:We got command: drive
DEBUG:root:We got a drive command: rawX:-8.929000 and rawY:55.656000
DEBUG:root:Forward to the Left/Straight
DEBUG:root:Left=64.585000 Right=-8.929000
DEBUG:root:ScaledLeft: 520.316250 ScaledRight: 354.909750
INFO:root:Looping....
DEBUG:root:This is the line: drive:56.714:-8.929

DEBUG:root:We got command: drive
DEBUG:root:We got a drive command: rawX:-8.929000 and rawY:56.714000
DEBUG:root:Forward to the Left/Straight
DEBUG:root:Left=65.643000 Right=-8.929000
DEBUG:root:ScaledLeft: 522.696750 ScaledRight: 354.909750
INFO:root:Looping....
DEBUG:root:This is the line: drive:58.231:-8.929

DEBUG:root:We got command: drive
DEBUG:root:We got a drive command: rawX:-8.929000 and rawY:58.231000
DEBUG:root:Forward to the Left/Straight
DEBUG:root:Left=67.160000 Right=-8.929000
DEBUG:root:ScaledLeft: 526.110000 ScaledRight: 354.909750
INFO:root:Looping....
DEBUG:root:This is the line: drive:59.286:-7.887

DEBUG:root:We got command: drive
DEBUG:root:We got a drive command: rawX:-7.887000 and rawY:59.286000
DEBUG:root:Forward to the Left/Straight
DEBUG:root:Left=67.173000 Right=-7.887000
DEBUG:root:ScaledLeft: 526.139250 ScaledRight: 357.254250
INFO:root:Looping....
DEBUG:root:This is the line: drive:60.505:-7.143

DEBUG:root:We got command: drive
DEBUG:root:We got a drive command: rawX:-7.143000 and rawY:60.505000
DEBUG:root:Forward to the Left/Straight
DEBUG:root:Left=67.648000 Right=-7.143000
DEBUG:root:ScaledLeft: 527.208000 ScaledRight: 358.928250
INFO:root:Looping....
DEBUG:root:This is the line: drive:60.867:-6.845

DEBUG:root:We got command: drive
DEBUG:root:We got a drive command: rawX:-6.845000 and rawY:60.867000
DEBUG:root:Forward to the Left/Straight
DEBUG:root:Left=67.712000 Right=-6.845000
DEBUG:root:ScaledLeft: 527.352000 ScaledRight: 359.598750
INFO:root:Looping....
DEBUG:root:This is the line: drive:61.775:-6.25

DEBUG:root:We got command: drive
DEBUG:root:We got a drive command: rawX:-6.250000 and rawY:61.775000
DEBUG:root:Forward to the Left/Straight
DEBUG:root:Left=68.025000 Right=-6.250000
DEBUG:root:ScaledLeft: 528.056250 ScaledRight: 360.937500
INFO:root:Looping....
DEBUG:root:This is the line: drive:62.429:-5.952

DEBUG:root:We got command: drive
DEBUG:root:We got a drive command: rawX:-5.952000 and rawY:62.429000
DEBUG:root:Forward to the Left/Straight
DEBUG:root:Left=68.381000 Right=-5.952000
DEBUG:root:ScaledLeft: 528.857250 ScaledRight: 361.608000
INFO:root:Looping....
DEBUG:root:This is the line: drive:62.599:-5.655

DEBUG:root:We got command: drive
DEBUG:root:We got a drive command: rawX:-5.655000 and rawY:62.599000
DEBUG:root:Forward to the Left/Straight
DEBUG:root:Left=68.254000 Right=-5.655000
DEBUG:root:ScaledLeft: 528.571500 ScaledRight: 362.276250
INFO:root:Looping....
DEBUG:root:This is the line: drive:63.143:-4.912

DEBUG:root:We got command: drive
DEBUG:root:We got a drive command: rawX:-4.912000 and rawY:63.143000
DEBUG:root:Forward to the Left/Straight
DEBUG:root:Left=68.055000 Right=-4.912000
DEBUG:root:ScaledLeft: 528.123750 ScaledRight: 363.948000
INFO:root:Looping....
DEBUG:root:This is the line: drive:63.143:-4.671

DEBUG:root:We got command: drive
DEBUG:root:We got a drive command: rawX:-4.671000 and rawY:63.143000
DEBUG:root:Forward to the Left/Straight
DEBUG:root:Left=67.814000 Right=-4.671000
DEBUG:root:ScaledLeft: 527.581500 ScaledRight: 364.490250
INFO:root:Looping....
DEBUG:root:This is the line: drive:63.747:-4.762

DEBUG:root:We got command: drive
DEBUG:root:We got a drive command: rawX:-4.762000 and rawY:63.747000
DEBUG:root:Forward to the Left/Straight
DEBUG:root:Left=68.509000 Right=-4.762000
DEBUG:root:ScaledLeft: 529.145250 ScaledRight: 364.285500
INFO:root:Looping....
DEBUG:root:This is the line: drive:63.747:-4.762

DEBUG:root:We got command: drive
DEBUG:root:We got a drive command: rawX:-4.762000 and rawY:63.747000
DEBUG:root:Forward to the Left/Straight
DEBUG:root:Left=68.509000 Right=-4.762000
DEBUG:root:ScaledLeft: 529.145250 ScaledRight: 364.285500
INFO:root:Looping....
DEBUG:root:This is the line: drive:63.747:-4.762

DEBUG:root:We got command: drive
DEBUG:root:We got a drive command: rawX:-4.762000 and rawY:63.747000
DEBUG:root:Forward to the Left/Straight
DEBUG:root:Left=68.509000 Right=-4.762000
DEBUG:root:ScaledLeft: 529.145250 ScaledRight: 364.285500
INFO:root:Looping....
DEBUG:root:This is the line: drive:64.016:-4.448

DEBUG:root:We got command: drive
DEBUG:root:We got a drive command: rawX:-4.448000 and rawY:64.016000
DEBUG:root:Forward to the Left/Straight
DEBUG:root:Left=68.464000 Right=-4.448000
DEBUG:root:ScaledLeft: 529.044000 ScaledRight: 364.992000
INFO:root:Looping....
DEBUG:root:This is the line: drive:64.016:-4.448

DEBUG:root:We got command: drive
DEBUG:root:We got a drive command: rawX:-4.448000 and rawY:64.016000
DEBUG:root:Forward to the Left/Straight
DEBUG:root:Left=68.464000 Right=-4.448000
DEBUG:root:ScaledLeft: 529.044000 ScaledRight: 364.992000
INFO:root:Looping....
DEBUG:root:This is the line: drive:64.339:-4.167

DEBUG:root:We got command: drive
DEBUG:root:We got a drive command: rawX:-4.167000 and rawY:64.339000
DEBUG:root:Forward to the Left/Straight
DEBUG:root:Left=68.506000 Right=-4.167000
DEBUG:root:ScaledLeft: 529.138500 ScaledRight: 365.624250
INFO:root:Looping....
DEBUG:root:This is the line: drive:64.62:-3.869

DEBUG:root:We got command: drive
DEBUG:root:We got a drive command: rawX:-3.869000 and rawY:64.620000
DEBUG:root:Forward to the Left/Straight
DEBUG:root:Left=68.489000 Right=-3.869000
DEBUG:root:ScaledLeft: 529.100250 ScaledRight: 366.294750
INFO:root:Looping....
DEBUG:root:This is the line: drive:64.571:-3.539

DEBUG:root:We got command: drive
DEBUG:root:We got a drive command: rawX:-3.539000 and rawY:64.571000
DEBUG:root:Forward to the Left/Straight
DEBUG:root:Left=68.110000 Right=-3.539000
DEBUG:root:ScaledLeft: 528.247500 ScaledRight: 367.037250
INFO:root:Looping....
DEBUG:root:This is the line: drive:65.43:-3.571

DEBUG:root:We got command: drive
DEBUG:root:We got a drive command: rawX:-3.571000 and rawY:65.430000
DEBUG:root:Forward to the Left/Straight
DEBUG:root:Left=69.001000 Right=-3.571000
DEBUG:root:ScaledLeft: 530.252250 ScaledRight: 366.965250
INFO:root:Looping....
DEBUG:root:This is the line: drive:65.429:-3.267

DEBUG:root:We got command: drive
DEBUG:root:We got a drive command: rawX:-3.267000 and rawY:65.429000
DEBUG:root:Forward to the Left/Straight
DEBUG:root:Left=68.696000 Right=-3.267000
DEBUG:root:ScaledLeft: 529.566000 ScaledRight: 367.649250
INFO:root:Looping....
DEBUG:root:This is the line: drive:65.771:-3.274

DEBUG:root:We got command: drive
DEBUG:root:We got a drive command: rawX:-3.274000 and rawY:65.771000
DEBUG:root:Forward to the Left/Straight
DEBUG:root:Left=69.045000 Right=-3.274000
DEBUG:root:ScaledLeft: 530.351250 ScaledRight: 367.633500
INFO:root:Looping....
DEBUG:root:This is the line: drive:66.143:-2.976

DEBUG:root:We got command: drive
DEBUG:root:We got a drive command: rawX:-2.976000 and rawY:66.143000
DEBUG:root:Forward to the Left/Straight
DEBUG:root:Left=69.119000 Right=-2.976000
DEBUG:root:ScaledLeft: 530.517750 ScaledRight: 368.304000
INFO:root:Looping....
DEBUG:root:This is the line: drive:66.367:-2.679

DEBUG:root:We got command: drive
DEBUG:root:We got a drive command: rawX:-2.679000 and rawY:66.367000
DEBUG:root:Forward to the Left/Straight
DEBUG:root:Left=69.046000 Right=-2.679000
DEBUG:root:ScaledLeft: 530.353500 ScaledRight: 368.972250
INFO:root:Looping....
DEBUG:root:This is the line: drive:67.0:-2.679

DEBUG:root:We got command: drive
DEBUG:root:We got a drive command: rawX:-2.679000 and rawY:67.000000
DEBUG:root:Forward to the Left/Straight
DEBUG:root:Left=69.679000 Right=-2.679000
DEBUG:root:ScaledLeft: 531.777750 ScaledRight: 368.972250
INFO:root:Looping....
DEBUG:root:This is the line: drive:67.429:-1.953

DEBUG:root:We got command: drive
DEBUG:root:We got a drive command: rawX:-1.953000 and rawY:67.429000
DEBUG:root:Forward to the Left/Straight
DEBUG:root:Left=69.382000 Right=-1.953000
DEBUG:root:ScaledLeft: 531.109500 ScaledRight: 370.605750
INFO:root:Looping....
DEBUG:root:This is the line: drive:67.752:-2.083

DEBUG:root:We got command: drive
DEBUG:root:We got a drive command: rawX:-2.083000 and rawY:67.752000
DEBUG:root:Forward to the Left/Straight
DEBUG:root:Left=69.835000 Right=-2.083000
DEBUG:root:ScaledLeft: 532.128750 ScaledRight: 370.313250
INFO:root:Looping....
DEBUG:root:This is the line: drive:68.085:-2.083

DEBUG:root:We got command: drive
DEBUG:root:We got a drive command: rawX:-2.083000 and rawY:68.085000
DEBUG:root:Forward to the Left/Straight
DEBUG:root:Left=70.168000 Right=-2.083000
DEBUG:root:ScaledLeft: 532.878000 ScaledRight: 370.313250
INFO:root:Looping....
DEBUG:root:This is the line: drive:68.429:-1.786

DEBUG:root:We got command: drive
DEBUG:root:We got a drive command: rawX:-1.786000 and rawY:68.429000
DEBUG:root:Forward to the Left/Straight
DEBUG:root:Left=70.215000 Right=-1.786000
DEBUG:root:ScaledLeft: 532.983750 ScaledRight: 370.981500
INFO:root:Looping....
DEBUG:root:This is the line: drive:68.889:-1.786

DEBUG:root:We got command: drive
DEBUG:root:We got a drive command: rawX:-1.786000 and rawY:68.889000
DEBUG:root:Forward to the Left/Straight
DEBUG:root:Left=70.675000 Right=-1.786000
DEBUG:root:ScaledLeft: 534.018750 ScaledRight: 370.981500
INFO:root:Looping....
DEBUG:root:This is the line: drive:69.429:-1.339

DEBUG:root:We got command: drive
DEBUG:root:We got a drive command: rawX:-1.339000 and rawY:69.429000
DEBUG:root:Forward to the Left/Straight
DEBUG:root:Left=70.768000 Right=-1.339000
DEBUG:root:ScaledLeft: 534.228000 ScaledRight: 371.987250
INFO:root:Looping....
DEBUG:root:This is the line: drive:69.727:-1.488

DEBUG:root:We got command: drive
DEBUG:root:We got a drive command: rawX:-1.488000 and rawY:69.727000
DEBUG:root:Forward to the Left/Straight
DEBUG:root:Left=71.215000 Right=-1.488000
DEBUG:root:ScaledLeft: 535.233750 ScaledRight: 371.652000
INFO:root:Looping....
DEBUG:root:This is the line: drive:70.429:-1.19

DEBUG:root:We got command: drive
DEBUG:root:We got a drive command: rawX:-1.190000 and rawY:70.429000
DEBUG:root:Forward to the Left/Straight
DEBUG:root:Left=71.619000 Right=-1.190000
DEBUG:root:ScaledLeft: 536.142750 ScaledRight: 372.322500
INFO:root:Looping....
DEBUG:root:This is the line: drive:70.627:-1.19

DEBUG:root:We got command: drive
DEBUG:root:We got a drive command: rawX:-1.190000 and rawY:70.627000
DEBUG:root:Forward to the Left/Straight
DEBUG:root:Left=71.817000 Right=-1.190000
DEBUG:root:ScaledLeft: 536.588250 ScaledRight: 372.322500
INFO:root:Looping....
DEBUG:root:This is the line: drive:70.896:-1.19

DEBUG:root:We got command: drive
DEBUG:root:We got a drive command: rawX:-1.190000 and rawY:70.896000
DEBUG:root:Forward to the Left/Straight
DEBUG:root:Left=72.086000 Right=-1.190000
DEBUG:root:ScaledLeft: 537.193500 ScaledRight: 372.322500
INFO:root:Looping....
DEBUG:root:This is the line: drive:71.857:-1.19

DEBUG:root:We got command: drive
DEBUG:root:We got a drive command: rawX:-1.190000 and rawY:71.857000
DEBUG:root:Forward to the Left/Straight
DEBUG:root:Left=73.047000 Right=-1.190000
DEBUG:root:ScaledLeft: 539.355750 ScaledRight: 372.322500
INFO:root:Looping....
DEBUG:root:This is the line: drive:71.857:-1.19

DEBUG:root:We got command: drive
DEBUG:root:We got a drive command: rawX:-1.190000 and rawY:71.857000
DEBUG:root:Forward to the Left/Straight
DEBUG:root:Left=73.047000 Right=-1.190000
DEBUG:root:ScaledLeft: 539.355750 ScaledRight: 372.322500
INFO:root:Looping....
DEBUG:root:This is the line: drive:72.517:-1.19

DEBUG:root:We got command: drive
DEBUG:root:We got a drive command: rawX:-1.190000 and rawY:72.517000
DEBUG:root:Forward to the Left/Straight
DEBUG:root:Left=73.707000 Right=-1.190000
DEBUG:root:ScaledLeft: 540.840750 ScaledRight: 372.322500
INFO:root:Looping....
DEBUG:root:This is the line: drive:73.176:-1.19

DEBUG:root:We got command: drive
DEBUG:root:We got a drive command: rawX:-1.190000 and rawY:73.176000
DEBUG:root:Forward to the Left/Straight
DEBUG:root:Left=74.366000 Right=-1.190000
DEBUG:root:ScaledLeft: 542.323500 ScaledRight: 372.322500
INFO:root:Looping....
DEBUG:root:This is the line: drive:73.822:-1.19

DEBUG:root:We got command: drive
DEBUG:root:We got a drive command: rawX:-1.190000 and rawY:73.822000
DEBUG:root:Forward to the Left/Straight
DEBUG:root:Left=75.012000 Right=-1.190000
DEBUG:root:ScaledLeft: 543.777000 ScaledRight: 372.322500
INFO:root:Looping....
DEBUG:root:This is the line: drive:74.07:-1.19

DEBUG:root:We got command: drive
DEBUG:root:We got a drive command: rawX:-1.190000 and rawY:74.070000
DEBUG:root:Forward to the Left/Straight
DEBUG:root:Left=75.260000 Right=-1.190000
DEBUG:root:ScaledLeft: 544.335000 ScaledRight: 372.322500
INFO:root:Looping....
DEBUG:root:This is the line: drive:74.07:-1.19

DEBUG:root:We got command: drive
DEBUG:root:We got a drive command: rawX:-1.190000 and rawY:74.070000
DEBUG:root:Forward to the Left/Straight
DEBUG:root:Left=75.260000 Right=-1.190000
DEBUG:root:ScaledLeft: 544.335000 ScaledRight: 372.322500
INFO:root:Looping....
DEBUG:root:This is the line: drive:74.309:-1.19

DEBUG:root:We got command: drive
DEBUG:root:We got a drive command: rawX:-1.190000 and rawY:74.309000
DEBUG:root:Forward to the Left/Straight
DEBUG:root:Left=75.499000 Right=-1.190000
DEBUG:root:ScaledLeft: 544.872750 ScaledRight: 372.322500
INFO:root:Looping....
DEBUG:root:This is the line: drive:74.857:-0.487

DEBUG:root:We got command: drive
DEBUG:root:We got a drive command: rawX:-0.487000 and rawY:74.857000
DEBUG:root:Forward to the Left/Straight
DEBUG:root:Left=75.344000 Right=-0.487000
DEBUG:root:ScaledLeft: 544.524000 ScaledRight: 373.904250
INFO:root:Looping....
DEBUG:root:This is the line: drive:75.187:-0.595

DEBUG:root:We got command: drive
DEBUG:root:We got a drive command: rawX:-0.595000 and rawY:75.187000
DEBUG:root:Forward to the Left/Straight
DEBUG:root:Left=75.782000 Right=-0.595000
DEBUG:root:ScaledLeft: 545.509500 ScaledRight: 373.661250
INFO:root:Looping....
DEBUG:root:This is the line: drive:75.187:-0.595

DEBUG:root:We got command: drive
DEBUG:root:We got a drive command: rawX:-0.595000 and rawY:75.187000
DEBUG:root:Forward to the Left/Straight
DEBUG:root:Left=75.782000 Right=-0.595000
DEBUG:root:ScaledLeft: 545.509500 ScaledRight: 373.661250
INFO:root:Looping....
DEBUG:root:This is the line: drive:75.429:-0.176

DEBUG:root:We got command: drive
DEBUG:root:We got a drive command: rawX:-0.176000 and rawY:75.429000
DEBUG:root:Forward to the Left/Straight
DEBUG:root:Left=75.605000 Right=-0.176000
DEBUG:root:ScaledLeft: 545.111250 ScaledRight: 374.604000
INFO:root:Looping....
DEBUG:root:This is the line: drive:75.719:-0.298

DEBUG:root:We got command: drive
DEBUG:root:We got a drive command: rawX:-0.298000 and rawY:75.719000
DEBUG:root:Forward to the Left/Straight
DEBUG:root:Left=76.017000 Right=-0.298000
DEBUG:root:ScaledLeft: 546.038250 ScaledRight: 374.329500
INFO:root:Looping....
DEBUG:root:This is the line: drive:75.857:0.0

DEBUG:root:We got command: drive
DEBUG:root:We got a drive command: rawX:0.000000 and rawY:75.857000
DEBUG:root:Forward to the Left/Straight
DEBUG:root:Left=75.857000 Right=0.000000
DEBUG:root:ScaledLeft: 545.678250 ScaledRight: 375.000000
INFO:root:Looping....
DEBUG:root:This is the line: drive:76.143:0.0

DEBUG:root:We got command: drive
DEBUG:root:We got a drive command: rawX:0.000000 and rawY:76.143000
DEBUG:root:Forward to the Left/Straight
DEBUG:root:Left=76.143000 Right=0.000000
DEBUG:root:ScaledLeft: 546.321750 ScaledRight: 375.000000
INFO:root:Looping....
DEBUG:root:This is the line: drive:76.318:0.0

DEBUG:root:We got command: drive
DEBUG:root:We got a drive command: rawX:0.000000 and rawY:76.318000
DEBUG:root:Forward to the Left/Straight
DEBUG:root:Left=76.318000 Right=0.000000
DEBUG:root:ScaledLeft: 546.715500 ScaledRight: 375.000000
INFO:root:Looping....
DEBUG:root:This is the line: drive:76.286:0.304

DEBUG:root:We got command: drive
DEBUG:root:We got a drive command: rawX:0.304000 and rawY:76.286000
DEBUG:root:Forward to the Right
DEBUG:root:Left=-0.304000 Right=-75.982000
DEBUG:root:ScaledLeft: 374.316000 ScaledRight: 204.040500
INFO:root:Looping....
DEBUG:root:This is the line: drive:76.286:0.617

DEBUG:root:We got command: drive
DEBUG:root:We got a drive command: rawX:0.617000 and rawY:76.286000
DEBUG:root:Forward to the Right
DEBUG:root:Left=-0.617000 Right=-75.669000
DEBUG:root:ScaledLeft: 373.611750 ScaledRight: 204.744750
INFO:root:Looping....
DEBUG:root:This is the line: drive:76.609:0.595

DEBUG:root:We got command: drive
DEBUG:root:We got a drive command: rawX:0.595000 and rawY:76.609000
DEBUG:root:Forward to the Right
DEBUG:root:Left=-0.595000 Right=-76.014000
DEBUG:root:ScaledLeft: 373.661250 ScaledRight: 203.968500
INFO:root:Looping....
DEBUG:root:This is the line: drive:76.609:0.595

DEBUG:root:We got command: drive
DEBUG:root:We got a drive command: rawX:0.595000 and rawY:76.609000
DEBUG:root:Forward to the Right
DEBUG:root:Left=-0.595000 Right=-76.014000
DEBUG:root:ScaledLeft: 373.661250 ScaledRight: 203.968500
INFO:root:Looping....
DEBUG:root:This is the line: drive:76.863:0.595

DEBUG:root:We got command: drive
DEBUG:root:We got a drive command: rawX:0.595000 and rawY:76.863000
DEBUG:root:Forward to the Right
DEBUG:root:Left=-0.595000 Right=-76.268000
DEBUG:root:ScaledLeft: 373.661250 ScaledRight: 203.397000
INFO:root:Looping....
DEBUG:root:This is the line: drive:76.857:0.911

DEBUG:root:We got command: drive
DEBUG:root:We got a drive command: rawX:0.911000 and rawY:76.857000
DEBUG:root:Forward to the Right
DEBUG:root:Left=-0.911000 Right=-75.946000
DEBUG:root:ScaledLeft: 372.950250 ScaledRight: 204.121500
INFO:root:Looping....
DEBUG:root:This is the line: drive:77.18:0.893

DEBUG:root:We got command: drive
DEBUG:root:We got a drive command: rawX:0.893000 and rawY:77.180000
DEBUG:root:Forward to the Right
DEBUG:root:Left=-0.893000 Right=-76.287000
DEBUG:root:ScaledLeft: 372.990750 ScaledRight: 203.354250
INFO:root:Looping....
DEBUG:root:This is the line: drive:77.516:0.893

DEBUG:root:We got command: drive
DEBUG:root:We got a drive command: rawX:0.893000 and rawY:77.516000
DEBUG:root:Forward to the Right
DEBUG:root:Left=-0.893000 Right=-76.623000
DEBUG:root:ScaledLeft: 372.990750 ScaledRight: 202.598250
INFO:root:Looping....
DEBUG:root:This is the line: drive:77.516:0.893

DEBUG:root:We got command: drive
DEBUG:root:We got a drive command: rawX:0.893000 and rawY:77.516000
DEBUG:root:Forward to the Right
DEBUG:root:Left=-0.893000 Right=-76.623000
DEBUG:root:ScaledLeft: 372.990750 ScaledRight: 202.598250
INFO:root:Looping....
DEBUG:root:This is the line: drive:77.516:0.893

DEBUG:root:We got command: drive
DEBUG:root:We got a drive command: rawX:0.893000 and rawY:77.516000
DEBUG:root:Forward to the Right
DEBUG:root:Left=-0.893000 Right=-76.623000
DEBUG:root:ScaledLeft: 372.990750 ScaledRight: 202.598250
INFO:root:Looping....
DEBUG:root:This is the line: drive:77.429:1.195

DEBUG:root:We got command: drive
DEBUG:root:We got a drive command: rawX:1.195000 and rawY:77.429000
DEBUG:root:Forward to the Right
DEBUG:root:Left=-1.195000 Right=-76.234000
DEBUG:root:ScaledLeft: 372.311250 ScaledRight: 203.473500
INFO:root:Looping....
DEBUG:root:This is the line: drive:77.429:1.195

DEBUG:root:We got command: drive
DEBUG:root:We got a drive command: rawX:1.195000 and rawY:77.429000
DEBUG:root:Forward to the Right
DEBUG:root:Left=-1.195000 Right=-76.234000
DEBUG:root:ScaledLeft: 372.311250 ScaledRight: 203.473500
INFO:root:Looping....
DEBUG:root:This is the line: drive:77.429:1.195

DEBUG:root:We got command: drive
DEBUG:root:We got a drive command: rawX:1.195000 and rawY:77.429000
DEBUG:root:Forward to the Right
DEBUG:root:Left=-1.195000 Right=-76.234000
DEBUG:root:ScaledLeft: 372.311250 ScaledRight: 203.473500
INFO:root:Looping....
DEBUG:root:This is the line: drive:77.429:1.195

DEBUG:root:We got command: drive
DEBUG:root:We got a drive command: rawX:1.195000 and rawY:77.429000
DEBUG:root:Forward to the Right
DEBUG:root:Left=-1.195000 Right=-76.234000
DEBUG:root:ScaledLeft: 372.311250 ScaledRight: 203.473500
INFO:root:Looping....
DEBUG:root:This is the line: drive:77.429:1.195

DEBUG:root:We got command: drive
DEBUG:root:We got a drive command: rawX:1.195000 and rawY:77.429000
DEBUG:root:Forward to the Right
DEBUG:root:Left=-1.195000 Right=-76.234000
DEBUG:root:ScaledLeft: 372.311250 ScaledRight: 203.473500
INFO:root:Looping....
DEBUG:root:This is the line: drive:77.429:1.195

DEBUG:root:We got command: drive
DEBUG:root:We got a drive command: rawX:1.195000 and rawY:77.429000
DEBUG:root:Forward to the Right
DEBUG:root:Left=-1.195000 Right=-76.234000
DEBUG:root:ScaledLeft: 372.311250 ScaledRight: 203.473500
INFO:root:Looping....
DEBUG:root:This is the line: drive:77.429:1.195

DEBUG:root:We got command: drive
DEBUG:root:We got a drive command: rawX:1.195000 and rawY:77.429000
DEBUG:root:Forward to the Right
DEBUG:root:Left=-1.195000 Right=-76.234000
DEBUG:root:ScaledLeft: 372.311250 ScaledRight: 203.473500
INFO:root:Looping....
DEBUG:root:This is the line: drive:77.429:1.195

DEBUG:root:We got command: drive
DEBUG:root:We got a drive command: rawX:1.195000 and rawY:77.429000
DEBUG:root:Forward to the Right
DEBUG:root:Left=-1.195000 Right=-76.234000
DEBUG:root:ScaledLeft: 372.311250 ScaledRight: 203.473500
INFO:root:Looping....
DEBUG:root:This is the line: drive:77.429:1.195

DEBUG:root:We got command: drive
DEBUG:root:We got a drive command: rawX:1.195000 and rawY:77.429000
DEBUG:root:Forward to the Right
DEBUG:root:Left=-1.195000 Right=-76.234000
DEBUG:root:ScaledLeft: 372.311250 ScaledRight: 203.473500
INFO:root:Looping....
DEBUG:root:This is the line: drive:77.717:1.19

DEBUG:root:We got command: drive
DEBUG:root:We got a drive command: rawX:1.190000 and rawY:77.717000
DEBUG:root:Forward to the Right
DEBUG:root:Left=-1.190000 Right=-76.527000
DEBUG:root:ScaledLeft: 372.322500 ScaledRight: 202.814250
INFO:root:Looping....
DEBUG:root:This is the line: drive:77.717:1.19

DEBUG:root:We got command: drive
DEBUG:root:We got a drive command: rawX:1.190000 and rawY:77.717000
DEBUG:root:Forward to the Right
DEBUG:root:Left=-1.190000 Right=-76.527000
DEBUG:root:ScaledLeft: 372.322500 ScaledRight: 202.814250
INFO:root:Looping....
DEBUG:root:This is the line: drive:77.717:1.19

DEBUG:root:We got command: drive
DEBUG:root:We got a drive command: rawX:1.190000 and rawY:77.717000
DEBUG:root:Forward to the Right
DEBUG:root:Left=-1.190000 Right=-76.527000
DEBUG:root:ScaledLeft: 372.322500 ScaledRight: 202.814250
INFO:root:Looping....
DEBUG:root:This is the line: drive:78.017:1.19

DEBUG:root:We got command: drive
DEBUG:root:We got a drive command: rawX:1.190000 and rawY:78.017000
DEBUG:root:Forward to the Right
DEBUG:root:Left=-1.190000 Right=-76.827000
DEBUG:root:ScaledLeft: 372.322500 ScaledRight: 202.139250
INFO:root:Looping....
DEBUG:root:This is the line: drive:78.0:1.508

DEBUG:root:We got command: drive
DEBUG:root:We got a drive command: rawX:1.508000 and rawY:78.000000
DEBUG:root:Forward to the Right
DEBUG:root:Left=-1.508000 Right=-76.492000
DEBUG:root:ScaledLeft: 371.607000 ScaledRight: 202.893000
INFO:root:Looping....
DEBUG:root:This is the line: drive:78.0:1.508

DEBUG:root:We got command: drive
DEBUG:root:We got a drive command: rawX:1.508000 and rawY:78.000000
DEBUG:root:Forward to the Right
DEBUG:root:Left=-1.508000 Right=-76.492000
DEBUG:root:ScaledLeft: 371.607000 ScaledRight: 202.893000
INFO:root:Looping....
DEBUG:root:This is the line: drive:78.0:1.508

DEBUG:root:We got command: drive
DEBUG:root:We got a drive command: rawX:1.508000 and rawY:78.000000
DEBUG:root:Forward to the Right
DEBUG:root:Left=-1.508000 Right=-76.492000
DEBUG:root:ScaledLeft: 371.607000 ScaledRight: 202.893000
INFO:root:Looping....
DEBUG:root:This is the line: drive:78.0:1.508

DEBUG:root:We got command: drive
DEBUG:root:We got a drive command: rawX:1.508000 and rawY:78.000000
DEBUG:root:Forward to the Right
DEBUG:root:Left=-1.508000 Right=-76.492000
DEBUG:root:ScaledLeft: 371.607000 ScaledRight: 202.893000
INFO:root:Looping....
DEBUG:root:This is the line: drive:78.0:1.508

DEBUG:root:We got command: drive
DEBUG:root:We got a drive command: rawX:1.508000 and rawY:78.000000
DEBUG:root:Forward to the Right
DEBUG:root:Left=-1.508000 Right=-76.492000
DEBUG:root:ScaledLeft: 371.607000 ScaledRight: 202.893000
INFO:root:Looping....
DEBUG:root:This is the line: drive:78.0:1.508

DEBUG:root:We got command: drive
DEBUG:root:We got a drive command: rawX:1.508000 and rawY:78.000000
DEBUG:root:Forward to the Right
DEBUG:root:Left=-1.508000 Right=-76.492000
DEBUG:root:ScaledLeft: 371.607000 ScaledRight: 202.893000
INFO:root:Looping....
DEBUG:root:This is the line: drive:78.0:1.508

DEBUG:root:We got command: drive
DEBUG:root:We got a drive command: rawX:1.508000 and rawY:78.000000
DEBUG:root:Forward to the Right
DEBUG:root:Left=-1.508000 Right=-76.492000
DEBUG:root:ScaledLeft: 371.607000 ScaledRight: 202.893000
INFO:root:Looping....
DEBUG:root:This is the line: drive:78.0:1.508

DEBUG:root:We got command: drive
DEBUG:root:We got a drive command: rawX:1.508000 and rawY:78.000000
DEBUG:root:Forward to the Right
DEBUG:root:Left=-1.508000 Right=-76.492000
DEBUG:root:ScaledLeft: 371.607000 ScaledRight: 202.893000
INFO:root:Looping....
DEBUG:root:This is the line: drive:78.0:1.508

DEBUG:root:We got command: drive
DEBUG:root:We got a drive command: rawX:1.508000 and rawY:78.000000
DEBUG:root:Forward to the Right
DEBUG:root:Left=-1.508000 Right=-76.492000
DEBUG:root:ScaledLeft: 371.607000 ScaledRight: 202.893000
INFO:root:Looping....
DEBUG:root:This is the line: drive:78.0:1.508

DEBUG:root:We got command: drive
DEBUG:root:We got a drive command: rawX:1.508000 and rawY:78.000000
DEBUG:root:Forward to the Right
DEBUG:root:Left=-1.508000 Right=-76.492000
DEBUG:root:ScaledLeft: 371.607000 ScaledRight: 202.893000
INFO:root:Looping....
DEBUG:root:This is the line: drive:78.0:1.508

DEBUG:root:We got command: drive
DEBUG:root:We got a drive command: rawX:1.508000 and rawY:78.000000
DEBUG:root:Forward to the Right
DEBUG:root:Left=-1.508000 Right=-76.492000
DEBUG:root:ScaledLeft: 371.607000 ScaledRight: 202.893000
INFO:root:Looping....
DEBUG:root:This is the line: drive:78.0:1.508

DEBUG:root:We got command: drive
DEBUG:root:We got a drive command: rawX:1.508000 and rawY:78.000000
DEBUG:root:Forward to the Right
DEBUG:root:Left=-1.508000 Right=-76.492000
DEBUG:root:ScaledLeft: 371.607000 ScaledRight: 202.893000
INFO:root:Looping....
DEBUG:root:This is the line: drive:78.0:1.508

DEBUG:root:We got command: drive
DEBUG:root:We got a drive command: rawX:1.508000 and rawY:78.000000
DEBUG:root:Forward to the Right
DEBUG:root:Left=-1.508000 Right=-76.492000
DEBUG:root:ScaledLeft: 371.607000 ScaledRight: 202.893000
INFO:root:Looping....
DEBUG:root:This is the line: drive:78.0:1.508

DEBUG:root:We got command: drive
DEBUG:root:We got a drive command: rawX:1.508000 and rawY:78.000000
DEBUG:root:Forward to the Right
DEBUG:root:Left=-1.508000 Right=-76.492000
DEBUG:root:ScaledLeft: 371.607000 ScaledRight: 202.893000
INFO:root:Looping....
DEBUG:root:This is the line: drive:77.286:1.488

DEBUG:root:We got command: drive
DEBUG:root:We got a drive command: rawX:1.488000 and rawY:77.286000
DEBUG:root:Forward to the Right
DEBUG:root:Left=-1.488000 Right=-75.798000
DEBUG:root:ScaledLeft: 371.652000 ScaledRight: 204.454500
INFO:root:Looping....
DEBUG:root:This is the line: drive:76.053:1.488

DEBUG:root:We got command: drive
DEBUG:root:We got a drive command: rawX:1.488000 and rawY:76.053000
DEBUG:root:Forward to the Right
DEBUG:root:Left=-1.488000 Right=-74.565000
DEBUG:root:ScaledLeft: 371.652000 ScaledRight: 207.228750
INFO:root:Looping....
DEBUG:root:This is the line: drive:75.482:1.488

DEBUG:root:We got command: drive
DEBUG:root:We got a drive command: rawX:1.488000 and rawY:75.482000
DEBUG:root:Forward to the Right
DEBUG:root:Left=-1.488000 Right=-73.994000
DEBUG:root:ScaledLeft: 371.652000 ScaledRight: 208.513500
INFO:root:Looping....
DEBUG:root:This is the line: drive:75.314:1.488

DEBUG:root:We got command: drive
DEBUG:root:We got a drive command: rawX:1.488000 and rawY:75.314000
DEBUG:root:Forward to the Right
DEBUG:root:Left=-1.488000 Right=-73.826000
DEBUG:root:ScaledLeft: 371.652000 ScaledRight: 208.891500
INFO:root:Looping....
DEBUG:root:This is the line: drive:74.663:1.488

DEBUG:root:We got command: drive
DEBUG:root:We got a drive command: rawX:1.488000 and rawY:74.663000
DEBUG:root:Forward to the Right
DEBUG:root:Left=-1.488000 Right=-73.175000
DEBUG:root:ScaledLeft: 371.652000 ScaledRight: 210.356250
INFO:root:Looping....
DEBUG:root:This is the line: drive:74.217:1.488

DEBUG:root:We got command: drive
DEBUG:root:We got a drive command: rawX:1.488000 and rawY:74.217000
DEBUG:root:Forward to the Right
DEBUG:root:Left=-1.488000 Right=-72.729000
DEBUG:root:ScaledLeft: 371.652000 ScaledRight: 211.359750
INFO:root:Looping....
DEBUG:root:This is the line: drive:73.952:1.488

DEBUG:root:We got command: drive
DEBUG:root:We got a drive command: rawX:1.488000 and rawY:73.952000
DEBUG:root:Forward to the Right
DEBUG:root:Left=-1.488000 Right=-72.464000
DEBUG:root:ScaledLeft: 371.652000 ScaledRight: 211.956000
INFO:root:Looping....
DEBUG:root:This is the line: drive:73.286:1.488

DEBUG:root:We got command: drive
DEBUG:root:We got a drive command: rawX:1.488000 and rawY:73.286000
DEBUG:root:Forward to the Right
DEBUG:root:Left=-1.488000 Right=-71.798000
DEBUG:root:ScaledLeft: 371.652000 ScaledRight: 213.454500
INFO:root:Looping....
DEBUG:root:This is the line: drive:73.117:1.488

DEBUG:root:We got command: drive
DEBUG:root:We got a drive command: rawX:1.488000 and rawY:73.117000
DEBUG:root:Forward to the Right
DEBUG:root:Left=-1.488000 Right=-71.629000
DEBUG:root:ScaledLeft: 371.652000 ScaledRight: 213.834750
INFO:root:Looping....
DEBUG:root:This is the line: drive:72.771:1.488

DEBUG:root:We got command: drive
DEBUG:root:We got a drive command: rawX:1.488000 and rawY:72.771000
DEBUG:root:Forward to the Right
DEBUG:root:Left=-1.488000 Right=-71.283000
DEBUG:root:ScaledLeft: 371.652000 ScaledRight: 214.613250
INFO:root:Looping....
DEBUG:root:This is the line: drive:72.528:1.488

DEBUG:root:We got command: drive
DEBUG:root:We got a drive command: rawX:1.488000 and rawY:72.528000
DEBUG:root:Forward to the Right
DEBUG:root:Left=-1.488000 Right=-71.040000
DEBUG:root:ScaledLeft: 371.652000 ScaledRight: 215.160000
INFO:root:Looping....
DEBUG:root:This is the line: drive:72.223:1.488

DEBUG:root:We got command: drive
DEBUG:root:We got a drive command: rawX:1.488000 and rawY:72.223000
DEBUG:root:Forward to the Right
DEBUG:root:Left=-1.488000 Right=-70.735000
DEBUG:root:ScaledLeft: 371.652000 ScaledRight: 215.846250
INFO:root:Looping....
DEBUG:root:This is the line: drive:71.678:1.488

DEBUG:root:We got command: drive
DEBUG:root:We got a drive command: rawX:1.488000 and rawY:71.678000
DEBUG:root:Forward to the Right
DEBUG:root:Left=-1.488000 Right=-70.190000
DEBUG:root:ScaledLeft: 371.652000 ScaledRight: 217.072500
INFO:root:Looping....
DEBUG:root:This is the line: drive:70.714:1.488

DEBUG:root:We got command: drive
DEBUG:root:We got a drive command: rawX:1.488000 and rawY:70.714000
DEBUG:root:Forward to the Right
DEBUG:root:Left=-1.488000 Right=-69.226000
DEBUG:root:ScaledLeft: 371.652000 ScaledRight: 219.241500
INFO:root:Looping....
DEBUG:root:This is the line: drive:68.621:1.488

DEBUG:root:We got command: drive
DEBUG:root:We got a drive command: rawX:1.488000 and rawY:68.621000
DEBUG:root:Forward to the Right
DEBUG:root:Left=-1.488000 Right=-67.133000
DEBUG:root:ScaledLeft: 371.652000 ScaledRight: 223.950750
INFO:root:Looping....
DEBUG:root:This is the line: drive:66.866:1.488

DEBUG:root:We got command: drive
DEBUG:root:We got a drive command: rawX:1.488000 and rawY:66.866000
DEBUG:root:Forward to the Right
DEBUG:root:Left=-1.488000 Right=-65.378000
DEBUG:root:ScaledLeft: 371.652000 ScaledRight: 227.899500
INFO:root:Looping....
DEBUG:root:This is the line: drive:65.611:1.488

DEBUG:root:We got command: drive
DEBUG:root:We got a drive command: rawX:1.488000 and rawY:65.611000
DEBUG:root:Forward to the Right
DEBUG:root:Left=-1.488000 Right=-64.123000
DEBUG:root:ScaledLeft: 371.652000 ScaledRight: 230.723250
INFO:root:Looping....
DEBUG:root:This is the line: drive:64.429:1.488

DEBUG:root:We got command: drive
DEBUG:root:We got a drive command: rawX:1.488000 and rawY:64.429000
DEBUG:root:Forward to the Right
DEBUG:root:Left=-1.488000 Right=-62.941000
DEBUG:root:ScaledLeft: 371.652000 ScaledRight: 233.382750
INFO:root:Looping....
DEBUG:root:This is the line: drive:62.954:1.488

DEBUG:root:We got command: drive
DEBUG:root:We got a drive command: rawX:1.488000 and rawY:62.954000
DEBUG:root:Forward to the Right
DEBUG:root:Left=-1.488000 Right=-61.466000
DEBUG:root:ScaledLeft: 371.652000 ScaledRight: 236.701500
INFO:root:Looping....
DEBUG:root:This is the line: drive:61.474:1.488

DEBUG:root:We got command: drive
DEBUG:root:We got a drive command: rawX:1.488000 and rawY:61.474000
DEBUG:root:Forward to the Right
DEBUG:root:Left=-1.488000 Right=-59.986000
DEBUG:root:ScaledLeft: 371.652000 ScaledRight: 240.031500
INFO:root:Looping....
DEBUG:root:This is the line: drive:60.385:1.488

DEBUG:root:We got command: drive
DEBUG:root:We got a drive command: rawX:1.488000 and rawY:60.385000
DEBUG:root:Forward to the Right
DEBUG:root:Left=-1.488000 Right=-58.897000
DEBUG:root:ScaledLeft: 371.652000 ScaledRight: 242.481750
INFO:root:Looping....
DEBUG:root:This is the line: drive:59.571:1.488

DEBUG:root:We got command: drive
DEBUG:root:We got a drive command: rawX:1.488000 and rawY:59.571000
DEBUG:root:Forward to the Right
DEBUG:root:Left=-1.488000 Right=-58.083000
DEBUG:root:ScaledLeft: 371.652000 ScaledRight: 244.313250
INFO:root:Looping....
DEBUG:root:This is the line: drive:57.956:1.488

DEBUG:root:We got command: drive
DEBUG:root:We got a drive command: rawX:1.488000 and rawY:57.956000
DEBUG:root:Forward to the Right
DEBUG:root:Left=-1.488000 Right=-56.468000
DEBUG:root:ScaledLeft: 371.652000 ScaledRight: 247.947000
INFO:root:Looping....
DEBUG:root:This is the line: drive:56.89:1.488

DEBUG:root:We got command: drive
DEBUG:root:We got a drive command: rawX:1.488000 and rawY:56.890000
DEBUG:root:Forward to the Right
DEBUG:root:Left=-1.488000 Right=-55.402000
DEBUG:root:ScaledLeft: 371.652000 ScaledRight: 250.345500
INFO:root:Looping....
DEBUG:root:This is the line: drive:55.711:1.488

DEBUG:root:We got command: drive
DEBUG:root:We got a drive command: rawX:1.488000 and rawY:55.711000
DEBUG:root:Forward to the Right
DEBUG:root:Left=-1.488000 Right=-54.223000
DEBUG:root:ScaledLeft: 371.652000 ScaledRight: 252.998250
INFO:root:Looping....
DEBUG:root:This is the line: drive:53.606:1.488

DEBUG:root:We got command: drive
DEBUG:root:We got a drive command: rawX:1.488000 and rawY:53.606000
DEBUG:root:Forward to the Right
DEBUG:root:Left=-1.488000 Right=-52.118000
DEBUG:root:ScaledLeft: 371.652000 ScaledRight: 257.734500
INFO:root:Looping....
DEBUG:root:This is the line: drive:51.787:1.488

DEBUG:root:We got command: drive
DEBUG:root:We got a drive command: rawX:1.488000 and rawY:51.787000
DEBUG:root:Forward to the Right
DEBUG:root:Left=-1.488000 Right=-50.299000
DEBUG:root:ScaledLeft: 371.652000 ScaledRight: 261.827250
INFO:root:Looping....
DEBUG:root:This is the line: drive:49.647:1.488

DEBUG:root:We got command: drive
DEBUG:root:We got a drive command: rawX:1.488000 and rawY:49.647000
DEBUG:root:Forward to the Right
DEBUG:root:Left=-1.488000 Right=-48.159000
DEBUG:root:ScaledLeft: 371.652000 ScaledRight: 266.642250
INFO:root:Looping....
DEBUG:root:This is the line: drive:47.79:1.488

DEBUG:root:We got command: drive
DEBUG:root:We got a drive command: rawX:1.488000 and rawY:47.790000
DEBUG:root:Forward to the Right
DEBUG:root:Left=-1.488000 Right=-46.302000
DEBUG:root:ScaledLeft: 371.652000 ScaledRight: 270.820500
INFO:root:Looping....
DEBUG:root:This is the line: drive:45.748:1.488

DEBUG:root:We got command: drive
DEBUG:root:We got a drive command: rawX:1.488000 and rawY:45.748000
DEBUG:root:Forward to the Right
DEBUG:root:Left=-1.488000 Right=-44.260000
DEBUG:root:ScaledLeft: 371.652000 ScaledRight: 275.415000
INFO:root:Looping....
DEBUG:root:This is the line: drive:43.608:1.488

DEBUG:root:We got command: drive
DEBUG:root:We got a drive command: rawX:1.488000 and rawY:43.608000
DEBUG:root:Forward to the Right
DEBUG:root:Left=-1.488000 Right=-42.120000
DEBUG:root:ScaledLeft: 371.652000 ScaledRight: 280.230000
INFO:root:Looping....
DEBUG:root:This is the line: drive:41.958:1.488

DEBUG:root:We got command: drive
DEBUG:root:We got a drive command: rawX:1.488000 and rawY:41.958000
DEBUG:root:Forward to the Right
DEBUG:root:Left=-1.488000 Right=-40.470000
DEBUG:root:ScaledLeft: 371.652000 ScaledRight: 283.942500
INFO:root:Looping....
DEBUG:root:This is the line: drive:39.707:1.488

DEBUG:root:We got command: drive
DEBUG:root:We got a drive command: rawX:1.488000 and rawY:39.707000
DEBUG:root:Forward to the Right
DEBUG:root:Left=-1.488000 Right=-38.219000
DEBUG:root:ScaledLeft: 371.652000 ScaledRight: 289.007250
INFO:root:Looping....
DEBUG:root:This is the line: drive:38.259:1.488

DEBUG:root:We got command: drive
DEBUG:root:We got a drive command: rawX:1.488000 and rawY:38.259000
DEBUG:root:Forward to the Right
DEBUG:root:Left=-1.488000 Right=-36.771000
DEBUG:root:ScaledLeft: 371.652000 ScaledRight: 292.265250
INFO:root:Looping....
DEBUG:root:This is the line: drive:36.822:1.488

DEBUG:root:We got command: drive
DEBUG:root:We got a drive command: rawX:1.488000 and rawY:36.822000
DEBUG:root:Forward to the Right
DEBUG:root:Left=-1.488000 Right=-35.334000
DEBUG:root:ScaledLeft: 371.652000 ScaledRight: 295.498500
INFO:root:Looping....
DEBUG:root:This is the line: drive:35.714:1.19

DEBUG:root:We got command: drive
DEBUG:root:We got a drive command: rawX:1.190000 and rawY:35.714000
DEBUG:root:Forward to the Right
DEBUG:root:Left=-1.190000 Right=-34.524000
DEBUG:root:ScaledLeft: 372.322500 ScaledRight: 297.321000
INFO:root:Looping....
DEBUG:root:This is the line: drive:33.148:0.595

DEBUG:root:We got command: drive
DEBUG:root:We got a drive command: rawX:0.595000 and rawY:33.148000
DEBUG:root:Forward to the Right
DEBUG:root:Left=-0.595000 Right=-32.553000
DEBUG:root:ScaledLeft: 373.661250 ScaledRight: 301.755750
INFO:root:Looping....
DEBUG:root:This is the line: drive:30.974:0.595

DEBUG:root:We got command: drive
DEBUG:root:We got a drive command: rawX:0.595000 and rawY:30.974000
DEBUG:root:Forward to the Right
DEBUG:root:Left=-0.595000 Right=-30.379000
DEBUG:root:ScaledLeft: 373.661250 ScaledRight: 306.647250
INFO:root:Looping....
DEBUG:root:This is the line: drive:28.633:0.298

DEBUG:root:We got command: drive
DEBUG:root:We got a drive command: rawX:0.298000 and rawY:28.633000
DEBUG:root:Forward to the Right
DEBUG:root:Left=-0.298000 Right=-28.335000
DEBUG:root:ScaledLeft: 374.329500 ScaledRight: 311.246250
INFO:root:Looping....
DEBUG:root:This is the line: drive:25.349:-0.298

DEBUG:root:We got command: drive
DEBUG:root:We got a drive command: rawX:-0.298000 and rawY:25.349000
DEBUG:root:Forward to the Left/Straight
DEBUG:root:Left=25.647000 Right=-0.298000
DEBUG:root:ScaledLeft: 432.705750 ScaledRight: 374.329500
INFO:root:Looping....
DEBUG:root:This is the line: drive:24.143:-0.298

DEBUG:root:We got command: drive
DEBUG:root:We got a drive command: rawX:-0.298000 and rawY:24.143000
DEBUG:root:Forward to the Left/Straight
DEBUG:root:Left=24.441000 Right=-0.298000
DEBUG:root:ScaledLeft: 429.992250 ScaledRight: 374.329500
INFO:root:Looping....
DEBUG:root:This is the line: drive:20.562:-0.298

DEBUG:root:We got command: drive
DEBUG:root:We got a drive command: rawX:-0.298000 and rawY:20.562000
DEBUG:root:Forward to the Left/Straight
DEBUG:root:Left=20.860000 Right=-0.298000
DEBUG:root:ScaledLeft: 421.935000 ScaledRight: 374.329500
INFO:root:Looping....
DEBUG:root:This is the line: drive:18.739:-0.298

DEBUG:root:We got command: drive
DEBUG:root:We got a drive command: rawX:-0.298000 and rawY:18.739000
DEBUG:root:Forward to the Left/Straight
DEBUG:root:Left=19.037000 Right=-0.298000
DEBUG:root:ScaledLeft: 417.833250 ScaledRight: 374.329500
INFO:root:Looping....
DEBUG:root:This is the line: drive:15.031:-0.595

DEBUG:root:We got command: drive
DEBUG:root:We got a drive command: rawX:-0.595000 and rawY:15.031000
DEBUG:root:Forward to the Left/Straight
DEBUG:root:Left=15.626000 Right=-0.595000
DEBUG:root:ScaledLeft: 410.158500 ScaledRight: 373.661250
INFO:root:Looping....
DEBUG:root:This is the line: drive:13.242:-0.595

DEBUG:root:We got command: drive
DEBUG:root:We got a drive command: rawX:-0.595000 and rawY:13.242000
DEBUG:root:Forward to the Left/Straight
DEBUG:root:Left=13.837000 Right=-0.595000
DEBUG:root:ScaledLeft: 406.133250 ScaledRight: 373.661250
INFO:root:Looping....
DEBUG:root:This is the line: drive:11.819:-0.595

DEBUG:root:We got command: drive
DEBUG:root:We got a drive command: rawX:-0.595000 and rawY:11.819000
DEBUG:root:Forward to the Left/Straight
DEBUG:root:Left=12.414000 Right=-0.595000
DEBUG:root:ScaledLeft: 402.931500 ScaledRight: 373.661250
INFO:root:Looping....
DEBUG:root:This is the line: drive:11.108:-0.595

DEBUG:root:We got command: drive
DEBUG:root:We got a drive command: rawX:-0.595000 and rawY:11.108000
DEBUG:root:Forward to the Left/Straight
DEBUG:root:Left=11.703000 Right=-0.595000
DEBUG:root:ScaledLeft: 401.331750 ScaledRight: 373.661250
INFO:root:Looping....
DEBUG:root:This is the line: drive:9.693:-0.595

DEBUG:root:We got command: drive
DEBUG:root:We got a drive command: rawX:-0.595000 and rawY:9.693000
DEBUG:root:Forward to the Left/Straight
DEBUG:root:Left=10.288000 Right=-0.595000
DEBUG:root:ScaledLeft: 398.148000 ScaledRight: 373.661250
INFO:root:Looping....
DEBUG:root:This is the line: drive:8.589:-0.595

DEBUG:root:We got command: drive
DEBUG:root:We got a drive command: rawX:-0.595000 and rawY:8.589000
DEBUG:root:Forward to the Left/Straight
DEBUG:root:Left=9.184000 Right=-0.595000
DEBUG:root:ScaledLeft: 395.664000 ScaledRight: 373.661250
INFO:root:Looping....
DEBUG:root:This is the line: drive:7.571:-0.595

DEBUG:root:We got command: drive
DEBUG:root:We got a drive command: rawX:-0.595000 and rawY:7.571000
DEBUG:root:Forward to the Left/Straight
DEBUG:root:Left=8.166000 Right=-0.595000
DEBUG:root:ScaledLeft: 393.373500 ScaledRight: 373.661250
INFO:root:Looping....
DEBUG:root:This is the line: drive:6.887:-0.595

DEBUG:root:We got command: drive
DEBUG:root:We got a drive command: rawX:-0.595000 and rawY:6.887000
DEBUG:root:Forward to the Left/Straight
DEBUG:root:Left=7.482000 Right=-0.595000
DEBUG:root:ScaledLeft: 391.834500 ScaledRight: 373.661250
INFO:root:Looping....
DEBUG:root:This is the line: drive:5.286:-1.042

DEBUG:root:We got command: drive
DEBUG:root:We got a drive command: rawX:-1.042000 and rawY:5.286000
DEBUG:root:Forward to the Left/Straight
DEBUG:root:Left=6.328000 Right=-1.042000
DEBUG:root:ScaledLeft: 389.238000 ScaledRight: 372.655500
INFO:root:Looping....
DEBUG:root:This is the line: drive:4.628:-0.893

DEBUG:root:We got command: drive
DEBUG:root:We got a drive command: rawX:-0.893000 and rawY:4.628000
DEBUG:root:Forward to the Left/Straight
DEBUG:root:Left=5.521000 Right=-0.893000
DEBUG:root:ScaledLeft: 387.422250 ScaledRight: 372.990750
INFO:root:Looping....
DEBUG:root:This is the line: drive:3.505:-0.893

DEBUG:root:We got command: drive
DEBUG:root:We got a drive command: rawX:-0.893000 and rawY:3.505000
DEBUG:root:Forward to the Left/Straight
DEBUG:root:Left=4.398000 Right=-0.893000
DEBUG:root:ScaledLeft: 384.895500 ScaledRight: 372.990750
INFO:root:Looping....
DEBUG:root:This is the line: drive:1.822:-0.893

DEBUG:root:We got command: drive
DEBUG:root:We got a drive command: rawX:-0.893000 and rawY:1.822000
DEBUG:root:Forward to the Left/Straight
DEBUG:root:Left=2.715000 Right=-0.893000
DEBUG:root:ScaledLeft: 381.108750 ScaledRight: 372.990750
INFO:root:Looping....
DEBUG:root:This is the line: drive:-0.143:-0.893

DEBUG:root:We got command: drive
DEBUG:root:We got a drive command: rawX:-0.893000 and rawY:-0.143000
DEBUG:root:Reverse to the Left/Straight
DEBUG:root:Left=0.750000 Right=-0.893000
DEBUG:root:ScaledLeft: 376.687500 ScaledRight: 372.990750
INFO:root:Looping....
DEBUG:root:This is the line: drive:-2.763:-0.893

DEBUG:root:We got command: drive
DEBUG:root:We got a drive command: rawX:-0.893000 and rawY:-2.763000
DEBUG:root:Reverse to the Left/Straight
DEBUG:root:Left=-1.870000 Right=-0.893000
DEBUG:root:ScaledLeft: 370.792500 ScaledRight: 372.990750
INFO:root:Looping....
DEBUG:root:This is the line: drive:-5.197:-0.893

DEBUG:root:We got command: drive
DEBUG:root:We got a drive command: rawX:-0.893000 and rawY:-5.197000
DEBUG:root:Reverse to the Left/Straight
DEBUG:root:Left=-4.304000 Right=-0.893000
DEBUG:root:ScaledLeft: 365.316000 ScaledRight: 372.990750
INFO:root:Looping....
DEBUG:root:This is the line: drive:-6.967:-0.893

DEBUG:root:We got command: drive
DEBUG:root:We got a drive command: rawX:-0.893000 and rawY:-6.967000
DEBUG:root:Reverse to the Left/Straight
DEBUG:root:Left=-6.074000 Right=-0.893000
DEBUG:root:ScaledLeft: 361.333500 ScaledRight: 372.990750
INFO:root:Looping....
DEBUG:root:This is the line: drive:-9.834:-1.488

DEBUG:root:We got command: drive
DEBUG:root:We got a drive command: rawX:-1.488000 and rawY:-9.834000
DEBUG:root:Reverse to the Left/Straight
DEBUG:root:Left=-8.346000 Right=-1.488000
DEBUG:root:ScaledLeft: 356.221500 ScaledRight: 371.652000
INFO:root:Looping....
DEBUG:root:This is the line: drive:-11.609:-1.488

DEBUG:root:We got command: drive
DEBUG:root:We got a drive command: rawX:-1.488000 and rawY:-11.609000
DEBUG:root:Reverse to the Left/Straight
DEBUG:root:Left=-10.121000 Right=-1.488000
DEBUG:root:ScaledLeft: 352.227750 ScaledRight: 371.652000
INFO:root:Looping....
DEBUG:root:This is the line: drive:-13.861:-1.786

DEBUG:root:We got command: drive
DEBUG:root:We got a drive command: rawX:-1.786000 and rawY:-13.861000
DEBUG:root:Reverse to the Left/Straight
DEBUG:root:Left=-12.075000 Right=-1.786000
DEBUG:root:ScaledLeft: 347.831250 ScaledRight: 370.981500
INFO:root:Looping....
DEBUG:root:This is the line: drive:-15.711:-1.786

DEBUG:root:We got command: drive
DEBUG:root:We got a drive command: rawX:-1.786000 and rawY:-15.711000
DEBUG:root:Reverse to the Left/Straight
DEBUG:root:Left=-13.925000 Right=-1.786000
DEBUG:root:ScaledLeft: 343.668750 ScaledRight: 370.981500
INFO:root:Looping....
DEBUG:root:This is the line: drive:-17.952:-1.786

DEBUG:root:We got command: drive
DEBUG:root:We got a drive command: rawX:-1.786000 and rawY:-17.952000
DEBUG:root:Reverse to the Left/Straight
DEBUG:root:Left=-16.166000 Right=-1.786000
DEBUG:root:ScaledLeft: 338.626500 ScaledRight: 370.981500
INFO:root:Looping....
DEBUG:root:This is the line: drive:-20.147:-1.786

DEBUG:root:We got command: drive
DEBUG:root:We got a drive command: rawX:-1.786000 and rawY:-20.147000
DEBUG:root:Reverse to the Left/Straight
DEBUG:root:Left=-18.361000 Right=-1.786000
DEBUG:root:ScaledLeft: 333.687750 ScaledRight: 370.981500
INFO:root:Looping....
DEBUG:root:This is the line: drive:-22.839:-2.083

DEBUG:root:We got command: drive
DEBUG:root:We got a drive command: rawX:-2.083000 and rawY:-22.839000
DEBUG:root:Reverse to the Left/Straight
DEBUG:root:Left=-20.756000 Right=-2.083000
DEBUG:root:ScaledLeft: 328.299000 ScaledRight: 370.313250
INFO:root:Looping....
DEBUG:root:This is the line: drive:-25.283:-2.083

DEBUG:root:We got command: drive
DEBUG:root:We got a drive command: rawX:-2.083000 and rawY:-25.283000
DEBUG:root:Reverse to the Left/Straight
DEBUG:root:Left=-23.200000 Right=-2.083000
DEBUG:root:ScaledLeft: 322.800000 ScaledRight: 370.313250
INFO:root:Looping....
DEBUG:root:This is the line: drive:-27.013:-2.083

DEBUG:root:We got command: drive
DEBUG:root:We got a drive command: rawX:-2.083000 and rawY:-27.013000
DEBUG:root:Reverse to the Left/Straight
DEBUG:root:Left=-24.930000 Right=-2.083000
DEBUG:root:ScaledLeft: 318.907500 ScaledRight: 370.313250
INFO:root:Looping....
DEBUG:root:This is the line: drive:-29.202:-2.083

DEBUG:root:We got command: drive
DEBUG:root:We got a drive command: rawX:-2.083000 and rawY:-29.202000
DEBUG:root:Reverse to the Left/Straight
DEBUG:root:Left=-27.119000 Right=-2.083000
DEBUG:root:ScaledLeft: 313.982250 ScaledRight: 370.313250
INFO:root:Looping....
DEBUG:root:This is the line: drive:-31.713:-2.083

DEBUG:root:We got command: drive
DEBUG:root:We got a drive command: rawX:-2.083000 and rawY:-31.713000
DEBUG:root:Reverse to the Left/Straight
DEBUG:root:Left=-29.630000 Right=-2.083000
DEBUG:root:ScaledLeft: 308.332500 ScaledRight: 370.313250
INFO:root:Looping....
DEBUG:root:This is the line: drive:-33.956:-2.083

DEBUG:root:We got command: drive
DEBUG:root:We got a drive command: rawX:-2.083000 and rawY:-33.956000
DEBUG:root:Reverse to the Left/Straight
DEBUG:root:Left=-31.873000 Right=-2.083000
DEBUG:root:ScaledLeft: 303.285750 ScaledRight: 370.313250
INFO:root:Looping....
DEBUG:root:This is the line: drive:-34.979:-2.083

DEBUG:root:We got command: drive
DEBUG:root:We got a drive command: rawX:-2.083000 and rawY:-34.979000
DEBUG:root:Reverse to the Left/Straight
DEBUG:root:Left=-32.896000 Right=-2.083000
DEBUG:root:ScaledLeft: 300.984000 ScaledRight: 370.313250
INFO:root:Looping....
DEBUG:root:This is the line: drive:-36.866:-2.083

DEBUG:root:We got command: drive
DEBUG:root:We got a drive command: rawX:-2.083000 and rawY:-36.866000
DEBUG:root:Reverse to the Left/Straight
DEBUG:root:Left=-34.783000 Right=-2.083000
DEBUG:root:ScaledLeft: 296.738250 ScaledRight: 370.313250
INFO:root:Looping....
DEBUG:root:This is the line: drive:-37.857:-2.083

DEBUG:root:We got command: drive
DEBUG:root:We got a drive command: rawX:-2.083000 and rawY:-37.857000
DEBUG:root:Reverse to the Left/Straight
DEBUG:root:Left=-35.774000 Right=-2.083000
DEBUG:root:ScaledLeft: 294.508500 ScaledRight: 370.313250
INFO:root:Looping....
DEBUG:root:This is the line: drive:-39.286:-2.083

DEBUG:root:We got command: drive
DEBUG:root:We got a drive command: rawX:-2.083000 and rawY:-39.286000
DEBUG:root:Reverse to the Left/Straight
DEBUG:root:Left=-37.203000 Right=-2.083000
DEBUG:root:ScaledLeft: 291.293250 ScaledRight: 370.313250
INFO:root:Looping....
DEBUG:root:This is the line: drive:-40.249:-2.083

DEBUG:root:We got command: drive
DEBUG:root:We got a drive command: rawX:-2.083000 and rawY:-40.249000
DEBUG:root:Reverse to the Left/Straight
DEBUG:root:Left=-38.166000 Right=-2.083000
DEBUG:root:ScaledLeft: 289.126500 ScaledRight: 370.313250
INFO:root:Looping....
DEBUG:root:This is the line: drive:-41.553:-2.083

DEBUG:root:We got command: drive
DEBUG:root:We got a drive command: rawX:-2.083000 and rawY:-41.553000
DEBUG:root:Reverse to the Left/Straight
DEBUG:root:Left=-39.470000 Right=-2.083000
DEBUG:root:ScaledLeft: 286.192500 ScaledRight: 370.313250
INFO:root:Looping....
DEBUG:root:This is the line: drive:-42.429:-2.083

DEBUG:root:We got command: drive
DEBUG:root:We got a drive command: rawX:-2.083000 and rawY:-42.429000
DEBUG:root:Reverse to the Left/Straight
DEBUG:root:Left=-40.346000 Right=-2.083000
DEBUG:root:ScaledLeft: 284.221500 ScaledRight: 370.313250
INFO:root:Looping....
DEBUG:root:This is the line: drive:-43.095:-2.083

DEBUG:root:We got command: drive
DEBUG:root:We got a drive command: rawX:-2.083000 and rawY:-43.095000
DEBUG:root:Reverse to the Left/Straight
DEBUG:root:Left=-41.012000 Right=-2.083000
DEBUG:root:ScaledLeft: 282.723000 ScaledRight: 370.313250
INFO:root:Looping....
DEBUG:root:This is the line: drive:-43.807:-2.083

DEBUG:root:We got command: drive
DEBUG:root:We got a drive command: rawX:-2.083000 and rawY:-43.807000
DEBUG:root:Reverse to the Left/Straight
DEBUG:root:Left=-41.724000 Right=-2.083000
DEBUG:root:ScaledLeft: 281.121000 ScaledRight: 370.313250
INFO:root:Looping....
DEBUG:root:This is the line: drive:-44.585:-2.083

DEBUG:root:We got command: drive
DEBUG:root:We got a drive command: rawX:-2.083000 and rawY:-44.585000
DEBUG:root:Reverse to the Left/Straight
DEBUG:root:Left=-42.502000 Right=-2.083000
DEBUG:root:ScaledLeft: 279.370500 ScaledRight: 370.313250
INFO:root:Looping....
DEBUG:root:This is the line: drive:-44.967:-2.083

DEBUG:root:We got command: drive
DEBUG:root:We got a drive command: rawX:-2.083000 and rawY:-44.967000
DEBUG:root:Reverse to the Left/Straight
DEBUG:root:Left=-42.884000 Right=-2.083000
DEBUG:root:ScaledLeft: 278.511000 ScaledRight: 370.313250
INFO:root:Looping....
DEBUG:root:This is the line: drive:-45.183:-2.083

DEBUG:root:We got command: drive
DEBUG:root:We got a drive command: rawX:-2.083000 and rawY:-45.183000
DEBUG:root:Reverse to the Left/Straight
DEBUG:root:Left=-43.100000 Right=-2.083000
DEBUG:root:ScaledLeft: 278.025000 ScaledRight: 370.313250
INFO:root:Looping....
DEBUG:root:This is the line: drive:-45.832:-2.083

DEBUG:root:We got command: drive
DEBUG:root:We got a drive command: rawX:-2.083000 and rawY:-45.832000
DEBUG:root:Reverse to the Left/Straight
DEBUG:root:Left=-43.749000 Right=-2.083000
DEBUG:root:ScaledLeft: 276.564750 ScaledRight: 370.313250
INFO:root:Looping....
DEBUG:root:This is the line: drive:-46.571:-2.827

DEBUG:root:We got command: drive
DEBUG:root:We got a drive command: rawX:-2.827000 and rawY:-46.571000
DEBUG:root:Reverse to the Left/Straight
DEBUG:root:Left=-43.744000 Right=-2.827000
DEBUG:root:ScaledLeft: 276.576000 ScaledRight: 368.639250
INFO:root:Looping....
DEBUG:root:This is the line: drive:-47.79:-2.679

DEBUG:root:We got command: drive
DEBUG:root:We got a drive command: rawX:-2.679000 and rawY:-47.790000
DEBUG:root:Reverse to the Left/Straight
DEBUG:root:Left=-45.111000 Right=-2.679000
DEBUG:root:ScaledLeft: 273.500250 ScaledRight: 368.972250
INFO:root:Looping....
DEBUG:root:This is the line: drive:-48.429:-2.976

DEBUG:root:We got command: drive
DEBUG:root:We got a drive command: rawX:-2.976000 and rawY:-48.429000
DEBUG:root:Reverse to the Left/Straight
DEBUG:root:Left=-45.453000 Right=-2.976000
DEBUG:root:ScaledLeft: 272.730750 ScaledRight: 368.304000
INFO:root:Looping....
DEBUG:root:This is the line: drive:-48.579:-3.282

DEBUG:root:We got command: drive
DEBUG:root:We got a drive command: rawX:-3.282000 and rawY:-48.579000
DEBUG:root:Reverse to the Left/Straight
DEBUG:root:Left=-45.297000 Right=-3.282000
DEBUG:root:ScaledLeft: 273.081750 ScaledRight: 367.615500
INFO:root:Looping....
DEBUG:root:This is the line: drive:-48.857:-3.818

DEBUG:root:We got command: drive
DEBUG:root:We got a drive command: rawX:-3.818000 and rawY:-48.857000
DEBUG:root:Reverse to the Left/Straight
DEBUG:root:Left=-45.039000 Right=-3.818000
DEBUG:root:ScaledLeft: 273.662250 ScaledRight: 366.409500
INFO:root:Looping....
DEBUG:root:This is the line: drive:-49.975:-4.167

DEBUG:root:We got command: drive
DEBUG:root:We got a drive command: rawX:-4.167000 and rawY:-49.975000
DEBUG:root:Reverse to the Left/Straight
DEBUG:root:Left=-45.808000 Right=-4.167000
DEBUG:root:ScaledLeft: 271.932000 ScaledRight: 365.624250
INFO:root:Looping....
DEBUG:root:This is the line: drive:-50.999:-4.762

DEBUG:root:We got command: drive
DEBUG:root:We got a drive command: rawX:-4.762000 and rawY:-50.999000
DEBUG:root:Reverse to the Left/Straight
DEBUG:root:Left=-46.237000 Right=-4.762000
DEBUG:root:ScaledLeft: 270.966750 ScaledRight: 364.285500
INFO:root:Looping....
DEBUG:root:This is the line: drive:-52.067:-5.06

DEBUG:root:We got command: drive
DEBUG:root:We got a drive command: rawX:-5.060000 and rawY:-52.067000
DEBUG:root:Reverse to the Left/Straight
DEBUG:root:Left=-47.007000 Right=-5.060000
DEBUG:root:ScaledLeft: 269.234250 ScaledRight: 363.615000
INFO:root:Looping....
DEBUG:root:This is the line: drive:-53.579:-5.06

DEBUG:root:We got command: drive
DEBUG:root:We got a drive command: rawX:-5.060000 and rawY:-53.579000
DEBUG:root:Reverse to the Left/Straight
DEBUG:root:Left=-48.519000 Right=-5.060000
DEBUG:root:ScaledLeft: 265.832250 ScaledRight: 363.615000
INFO:root:Looping....
DEBUG:root:This is the line: drive:-55.542:-5.06

DEBUG:root:We got command: drive
DEBUG:root:We got a drive command: rawX:-5.060000 and rawY:-55.542000
DEBUG:root:Reverse to the Left/Straight
DEBUG:root:Left=-50.482000 Right=-5.060000
DEBUG:root:ScaledLeft: 261.415500 ScaledRight: 363.615000
INFO:root:Looping....
DEBUG:root:This is the line: drive:-57.0:-5.06

DEBUG:root:We got command: drive
DEBUG:root:We got a drive command: rawX:-5.060000 and rawY:-57.000000
DEBUG:root:Reverse to the Left/Straight
DEBUG:root:Left=-51.940000 Right=-5.060000
DEBUG:root:ScaledLeft: 258.135000 ScaledRight: 363.615000
INFO:root:Looping....
DEBUG:root:This is the line: drive:-57.197:-5.06

DEBUG:root:We got command: drive
DEBUG:root:We got a drive command: rawX:-5.060000 and rawY:-57.197000
DEBUG:root:Reverse to the Left/Straight
DEBUG:root:Left=-52.137000 Right=-5.060000
DEBUG:root:ScaledLeft: 257.691750 ScaledRight: 363.615000
INFO:root:Looping....
DEBUG:root:This is the line: drive:-57.197:-5.06

DEBUG:root:We got command: drive
DEBUG:root:We got a drive command: rawX:-5.060000 and rawY:-57.197000
DEBUG:root:Reverse to the Left/Straight
DEBUG:root:Left=-52.137000 Right=-5.060000
DEBUG:root:ScaledLeft: 257.691750 ScaledRight: 363.615000
INFO:root:Looping....
DEBUG:root:This is the line: drive:-58.429:-5.06

DEBUG:root:We got command: drive
DEBUG:root:We got a drive command: rawX:-5.060000 and rawY:-58.429000
DEBUG:root:Reverse to the Left/Straight
DEBUG:root:Left=-53.369000 Right=-5.060000
DEBUG:root:ScaledLeft: 254.919750 ScaledRight: 363.615000
INFO:root:Looping....
DEBUG:root:This is the line: drive:-58.658:-5.06

DEBUG:root:We got command: drive
DEBUG:root:We got a drive command: rawX:-5.060000 and rawY:-58.658000
DEBUG:root:Reverse to the Left/Straight
DEBUG:root:Left=-53.598000 Right=-5.060000
DEBUG:root:ScaledLeft: 254.404500 ScaledRight: 363.615000
INFO:root:Looping....
DEBUG:root:This is the line: drive:-60.26:-5.06

DEBUG:root:We got command: drive
DEBUG:root:We got a drive command: rawX:-5.060000 and rawY:-60.260000
DEBUG:root:Reverse to the Left/Straight
DEBUG:root:Left=-55.200000 Right=-5.060000
DEBUG:root:ScaledLeft: 250.800000 ScaledRight: 363.615000
INFO:root:Looping....
DEBUG:root:This is the line: drive:-61.571:-5.06

DEBUG:root:We got command: drive
DEBUG:root:We got a drive command: rawX:-5.060000 and rawY:-61.571000
DEBUG:root:Reverse to the Left/Straight
DEBUG:root:Left=-56.511000 Right=-5.060000
DEBUG:root:ScaledLeft: 247.850250 ScaledRight: 363.615000
INFO:root:Looping....
DEBUG:root:This is the line: drive:-62.714:-5.06

DEBUG:root:We got command: drive
DEBUG:root:We got a drive command: rawX:-5.060000 and rawY:-62.714000
DEBUG:root:Reverse to the Left/Straight
DEBUG:root:Left=-57.654000 Right=-5.060000
DEBUG:root:ScaledLeft: 245.278500 ScaledRight: 363.615000
INFO:root:Looping....
DEBUG:root:This is the line: drive:-63.604:-5.06

DEBUG:root:We got command: drive
DEBUG:root:We got a drive command: rawX:-5.060000 and rawY:-63.604000
DEBUG:root:Reverse to the Left/Straight
DEBUG:root:Left=-58.544000 Right=-5.060000
DEBUG:root:ScaledLeft: 243.276000 ScaledRight: 363.615000
INFO:root:Looping....
DEBUG:root:This is the line: drive:-65.635:-5.655

DEBUG:root:We got command: drive
DEBUG:root:We got a drive command: rawX:-5.655000 and rawY:-65.635000
DEBUG:root:Reverse to the Left/Straight
DEBUG:root:Left=-59.980000 Right=-5.655000
DEBUG:root:ScaledLeft: 240.045000 ScaledRight: 362.276250
INFO:root:Looping....
DEBUG:root:This is the line: drive:-66.586:-6.25

DEBUG:root:We got command: drive
DEBUG:root:We got a drive command: rawX:-6.250000 and rawY:-66.586000
DEBUG:root:Reverse to the Left/Straight
DEBUG:root:Left=-60.336000 Right=-6.250000
DEBUG:root:ScaledLeft: 239.244000 ScaledRight: 360.937500
INFO:root:Looping....
DEBUG:root:This is the line: drive:-67.0:-6.845

DEBUG:root:We got command: drive
DEBUG:root:We got a drive command: rawX:-6.845000 and rawY:-67.000000
DEBUG:root:Reverse to the Left/Straight
DEBUG:root:Left=-60.155000 Right=-6.845000
DEBUG:root:ScaledLeft: 239.651250 ScaledRight: 359.598750
INFO:root:Looping....
DEBUG:root:This is the line: drive:-67.429:-7.292

DEBUG:root:We got command: drive
DEBUG:root:We got a drive command: rawX:-7.292000 and rawY:-67.429000
DEBUG:root:Reverse to the Left/Straight
DEBUG:root:Left=-60.137000 Right=-7.292000
DEBUG:root:ScaledLeft: 239.691750 ScaledRight: 358.593000
INFO:root:Looping....
DEBUG:root:This is the line: drive:-67.429:-7.529

DEBUG:root:We got command: drive
DEBUG:root:We got a drive command: rawX:-7.529000 and rawY:-67.429000
DEBUG:root:Reverse to the Left/Straight
DEBUG:root:Left=-59.900000 Right=-7.529000
DEBUG:root:ScaledLeft: 240.225000 ScaledRight: 358.059750
INFO:root:Looping....
DEBUG:root:This is the line: drive:-67.429:-8.052

DEBUG:root:We got command: drive
DEBUG:root:We got a drive command: rawX:-8.052000 and rawY:-67.429000
DEBUG:root:Reverse to the Left/Straight
DEBUG:root:Left=-59.377000 Right=-8.052000
DEBUG:root:ScaledLeft: 241.401750 ScaledRight: 356.883000
INFO:root:Looping....
DEBUG:root:This is the line: drive:-66.213:-8.929

DEBUG:root:We got command: drive
DEBUG:root:We got a drive command: rawX:-8.929000 and rawY:-66.213000
DEBUG:root:Reverse to the Left/Straight
DEBUG:root:Left=-57.284000 Right=-8.929000
DEBUG:root:ScaledLeft: 246.111000 ScaledRight: 354.909750
INFO:root:Looping....
DEBUG:root:This is the line: drive:-62.038:-8.929

DEBUG:root:We got command: drive
DEBUG:root:We got a drive command: rawX:-8.929000 and rawY:-62.038000
DEBUG:root:Reverse to the Left/Straight
DEBUG:root:Left=-53.109000 Right=-8.929000
DEBUG:root:ScaledLeft: 255.504750 ScaledRight: 354.909750
INFO:root:Looping....
DEBUG:root:This is the line: drive:-52.916:-8.929

DEBUG:root:We got command: drive
DEBUG:root:We got a drive command: rawX:-8.929000 and rawY:-52.916000
DEBUG:root:Reverse to the Left/Straight
DEBUG:root:Left=-43.987000 Right=-8.929000
DEBUG:root:ScaledLeft: 276.029250 ScaledRight: 354.909750
INFO:root:Looping....
DEBUG:root:This is the line: drive:-44.096:-7.044

DEBUG:root:We got command: drive
DEBUG:root:We got a drive command: rawX:-7.044000 and rawY:-44.096000
DEBUG:root:Reverse to the Left/Straight
DEBUG:root:Left=-37.052000 Right=-7.044000
DEBUG:root:ScaledLeft: 291.633000 ScaledRight: 359.151000
INFO:root:Looping....
DEBUG:root:This is the line: drive:-35.566:-4.81

DEBUG:root:We got command: drive
DEBUG:root:We got a drive command: rawX:-4.810000 and rawY:-35.566000
DEBUG:root:Reverse to the Left/Straight
DEBUG:root:Left=-30.756000 Right=-4.810000
DEBUG:root:ScaledLeft: 305.799000 ScaledRight: 364.177500
INFO:root:Looping....
DEBUG:root:This is the line: drive:-31.159:-2.976

DEBUG:root:We got command: drive
DEBUG:root:We got a drive command: rawX:-2.976000 and rawY:-31.159000
DEBUG:root:Reverse to the Left/Straight
DEBUG:root:Left=-28.183000 Right=-2.976000
DEBUG:root:ScaledLeft: 311.588250 ScaledRight: 368.304000
INFO:root:Looping....
DEBUG:root:This is the line: drive:-28.947:-2.679

DEBUG:root:We got command: drive
DEBUG:root:We got a drive command: rawX:-2.679000 and rawY:-28.947000
DEBUG:root:Reverse to the Left/Straight
DEBUG:root:Left=-26.268000 Right=-2.679000
DEBUG:root:ScaledLeft: 315.897000 ScaledRight: 368.972250
INFO:root:Looping....
DEBUG:root:This is the line: drive:-28.381:-2.679

DEBUG:root:We got command: drive
DEBUG:root:We got a drive command: rawX:-2.679000 and rawY:-28.381000
DEBUG:root:Reverse to the Left/Straight
DEBUG:root:Left=-25.702000 Right=-2.679000
DEBUG:root:ScaledLeft: 317.170500 ScaledRight: 368.972250
INFO:root:Looping....
DEBUG:root:This is the line: drive:-31.18:-2.679

DEBUG:root:We got command: drive
DEBUG:root:We got a drive command: rawX:-2.679000 and rawY:-31.180000
DEBUG:root:Reverse to the Left/Straight
DEBUG:root:Left=-28.501000 Right=-2.679000
DEBUG:root:ScaledLeft: 310.872750 ScaledRight: 368.972250
INFO:root:Looping....
DEBUG:root:This is the line: drive:-40.686:-2.679

DEBUG:root:We got command: drive
DEBUG:root:We got a drive command: rawX:-2.679000 and rawY:-40.686000
DEBUG:root:Reverse to the Left/Straight
DEBUG:root:Left=-38.007000 Right=-2.679000
DEBUG:root:ScaledLeft: 289.484250 ScaledRight: 368.972250
INFO:root:Looping....
DEBUG:root:This is the line: drive:-48.531:-3.274

DEBUG:root:We got command: drive
DEBUG:root:We got a drive command: rawX:-3.274000 and rawY:-48.531000
DEBUG:root:Reverse to the Left/Straight
DEBUG:root:Left=-45.257000 Right=-3.274000
DEBUG:root:ScaledLeft: 273.171750 ScaledRight: 367.633500
INFO:root:Looping....
DEBUG:root:This is the line: drive:-55.188:-3.274

DEBUG:root:We got command: drive
DEBUG:root:We got a drive command: rawX:-3.274000 and rawY:-55.188000
DEBUG:root:Reverse to the Left/Straight
DEBUG:root:Left=-51.914000 Right=-3.274000
DEBUG:root:ScaledLeft: 258.193500 ScaledRight: 367.633500
INFO:root:Looping....
DEBUG:root:This is the line: drive:-59.829:-3.274

DEBUG:root:We got command: drive
DEBUG:root:We got a drive command: rawX:-3.274000 and rawY:-59.829000
DEBUG:root:Reverse to the Left/Straight
DEBUG:root:Left=-56.555000 Right=-3.274000
DEBUG:root:ScaledLeft: 247.751250 ScaledRight: 367.633500
INFO:root:Looping....
DEBUG:root:This is the line: drive:-63.247:-3.274

DEBUG:root:We got command: drive
DEBUG:root:We got a drive command: rawX:-3.274000 and rawY:-63.247000
DEBUG:root:Reverse to the Left/Straight
DEBUG:root:Left=-59.973000 Right=-3.274000
DEBUG:root:ScaledLeft: 240.060750 ScaledRight: 367.633500
INFO:root:Looping....
DEBUG:root:This is the line: drive:-66.394:-3.274

DEBUG:root:We got command: drive
DEBUG:root:We got a drive command: rawX:-3.274000 and rawY:-66.394000
DEBUG:root:Reverse to the Left/Straight
DEBUG:root:Left=-63.120000 Right=-3.274000
DEBUG:root:ScaledLeft: 232.980000 ScaledRight: 367.633500
INFO:root:Looping....
DEBUG:root:This is the line: drive:-68.1:-3.274

DEBUG:root:We got command: drive
DEBUG:root:We got a drive command: rawX:-3.274000 and rawY:-68.100000
DEBUG:root:Reverse to the Left/Straight
DEBUG:root:Left=-64.826000 Right=-3.274000
DEBUG:root:ScaledLeft: 229.141500 ScaledRight: 367.633500
INFO:root:Looping....
DEBUG:root:This is the line: drive:-70.143:-3.274

DEBUG:root:We got command: drive
DEBUG:root:We got a drive command: rawX:-3.274000 and rawY:-70.143000
DEBUG:root:Reverse to the Left/Straight
DEBUG:root:Left=-66.869000 Right=-3.274000
DEBUG:root:ScaledLeft: 224.544750 ScaledRight: 367.633500
INFO:root:Looping....
DEBUG:root:This is the line: drive:-72.194:-3.274

DEBUG:root:We got command: drive
DEBUG:root:We got a drive command: rawX:-3.274000 and rawY:-72.194000
DEBUG:root:Reverse to the Left/Straight
DEBUG:root:Left=-68.920000 Right=-3.274000
DEBUG:root:ScaledLeft: 219.930000 ScaledRight: 367.633500
INFO:root:Looping....
DEBUG:root:This is the line: drive:-74.714:-3.274

DEBUG:root:We got command: drive
DEBUG:root:We got a drive command: rawX:-3.274000 and rawY:-74.714000
DEBUG:root:Reverse to the Left/Straight
DEBUG:root:Left=-71.440000 Right=-3.274000
DEBUG:root:ScaledLeft: 214.260000 ScaledRight: 367.633500
INFO:root:Looping....
DEBUG:root:This is the line: drive:-75.44:-3.274

DEBUG:root:We got command: drive
DEBUG:root:We got a drive command: rawX:-3.274000 and rawY:-75.440000
DEBUG:root:Reverse to the Left/Straight
DEBUG:root:Left=-72.166000 Right=-3.274000
DEBUG:root:ScaledLeft: 212.626500 ScaledRight: 367.633500
INFO:root:Looping....
DEBUG:root:This is the line: drive:-76.415:-3.274

DEBUG:root:We got command: drive
DEBUG:root:We got a drive command: rawX:-3.274000 and rawY:-76.415000
DEBUG:root:Reverse to the Left/Straight
DEBUG:root:Left=-73.141000 Right=-3.274000
DEBUG:root:ScaledLeft: 210.432750 ScaledRight: 367.633500
INFO:root:Looping....
DEBUG:root:This is the line: drive:-76.606:-3.274

DEBUG:root:We got command: drive
DEBUG:root:We got a drive command: rawX:-3.274000 and rawY:-76.606000
DEBUG:root:Reverse to the Left/Straight
DEBUG:root:Left=-73.332000 Right=-3.274000
DEBUG:root:ScaledLeft: 210.003000 ScaledRight: 367.633500
INFO:root:Looping....
DEBUG:root:This is the line: drive:-76.606:-3.274

DEBUG:root:We got command: drive
DEBUG:root:We got a drive command: rawX:-3.274000 and rawY:-76.606000
DEBUG:root:Reverse to the Left/Straight
DEBUG:root:Left=-73.332000 Right=-3.274000
DEBUG:root:ScaledLeft: 210.003000 ScaledRight: 367.633500
INFO:root:Looping....
DEBUG:root:This is the line: drive:-77.231:-3.274

DEBUG:root:We got command: drive
DEBUG:root:We got a drive command: rawX:-3.274000 and rawY:-77.231000
DEBUG:root:Reverse to the Left/Straight
DEBUG:root:Left=-73.957000 Right=-3.274000
DEBUG:root:ScaledLeft: 208.596750 ScaledRight: 367.633500
INFO:root:Looping....
DEBUG:root:This is the line: drive:-77.543:-3.274

DEBUG:root:We got command: drive
DEBUG:root:We got a drive command: rawX:-3.274000 and rawY:-77.543000
DEBUG:root:Reverse to the Left/Straight
DEBUG:root:Left=-74.269000 Right=-3.274000
DEBUG:root:ScaledLeft: 207.894750 ScaledRight: 367.633500
INFO:root:Looping....
DEBUG:root:This is the line: drive:-77.752:-3.274

DEBUG:root:We got command: drive
DEBUG:root:We got a drive command: rawX:-3.274000 and rawY:-77.752000
DEBUG:root:Reverse to the Left/Straight
DEBUG:root:Left=-74.478000 Right=-3.274000
DEBUG:root:ScaledLeft: 207.424500 ScaledRight: 367.633500
INFO:root:Looping....
DEBUG:root:This is the line: drive:-78.354:-3.274

DEBUG:root:We got command: drive
DEBUG:root:We got a drive command: rawX:-3.274000 and rawY:-78.354000
DEBUG:root:Reverse to the Left/Straight
DEBUG:root:Left=-75.080000 Right=-3.274000
DEBUG:root:ScaledLeft: 206.070000 ScaledRight: 367.633500
INFO:root:Looping....
DEBUG:root:This is the line: drive:-78.354:-3.274

DEBUG:root:We got command: drive
DEBUG:root:We got a drive command: rawX:-3.274000 and rawY:-78.354000
DEBUG:root:Reverse to the Left/Straight
DEBUG:root:Left=-75.080000 Right=-3.274000
DEBUG:root:ScaledLeft: 206.070000 ScaledRight: 367.633500
INFO:root:Looping....
DEBUG:root:This is the line: drive:-78.354:-3.274

DEBUG:root:We got command: drive
DEBUG:root:We got a drive command: rawX:-3.274000 and rawY:-78.354000
DEBUG:root:Reverse to the Left/Straight
DEBUG:root:Left=-75.080000 Right=-3.274000
DEBUG:root:ScaledLeft: 206.070000 ScaledRight: 367.633500
INFO:root:Looping....
DEBUG:root:This is the line: drive:-78.589:-3.274

DEBUG:root:We got command: drive
DEBUG:root:We got a drive command: rawX:-3.274000 and rawY:-78.589000
DEBUG:root:Reverse to the Left/Straight
DEBUG:root:Left=-75.315000 Right=-3.274000
DEBUG:root:ScaledLeft: 205.541250 ScaledRight: 367.633500
INFO:root:Looping....
DEBUG:root:This is the line: drive:-78.589:-3.274

DEBUG:root:We got command: drive
DEBUG:root:We got a drive command: rawX:-3.274000 and rawY:-78.589000
DEBUG:root:Reverse to the Left/Straight
DEBUG:root:Left=-75.315000 Right=-3.274000
DEBUG:root:ScaledLeft: 205.541250 ScaledRight: 367.633500
INFO:root:Looping....
DEBUG:root:This is the line: drive:-78.589:-3.274

DEBUG:root:We got command: drive
DEBUG:root:We got a drive command: rawX:-3.274000 and rawY:-78.589000
DEBUG:root:Reverse to the Left/Straight
DEBUG:root:Left=-75.315000 Right=-3.274000
DEBUG:root:ScaledLeft: 205.541250 ScaledRight: 367.633500
INFO:root:Looping....
DEBUG:root:This is the line: drive:-78.589:-3.274

DEBUG:root:We got command: drive
DEBUG:root:We got a drive command: rawX:-3.274000 and rawY:-78.589000
DEBUG:root:Reverse to the Left/Straight
DEBUG:root:Left=-75.315000 Right=-3.274000
DEBUG:root:ScaledLeft: 205.541250 ScaledRight: 367.633500
INFO:root:Looping....
DEBUG:root:This is the line: drive:-78.589:-3.274

DEBUG:root:We got command: drive
DEBUG:root:We got a drive command: rawX:-3.274000 and rawY:-78.589000
DEBUG:root:Reverse to the Left/Straight
DEBUG:root:Left=-75.315000 Right=-3.274000
DEBUG:root:ScaledLeft: 205.541250 ScaledRight: 367.633500
INFO:root:Looping....
DEBUG:root:This is the line: drive:-78.589:-3.274

DEBUG:root:We got command: drive
DEBUG:root:We got a drive command: rawX:-3.274000 and rawY:-78.589000
DEBUG:root:Reverse to the Left/Straight
DEBUG:root:Left=-75.315000 Right=-3.274000
DEBUG:root:ScaledLeft: 205.541250 ScaledRight: 367.633500
INFO:root:Looping....
DEBUG:root:This is the line: drive:-78.589:-3.274

DEBUG:root:We got command: drive
DEBUG:root:We got a drive command: rawX:-3.274000 and rawY:-78.589000
DEBUG:root:Reverse to the Left/Straight
DEBUG:root:Left=-75.315000 Right=-3.274000
DEBUG:root:ScaledLeft: 205.541250 ScaledRight: 367.633500
INFO:root:Looping....
DEBUG:root:This is the line: drive:-78.589:-3.274

DEBUG:root:We got command: drive
DEBUG:root:We got a drive command: rawX:-3.274000 and rawY:-78.589000
DEBUG:root:Reverse to the Left/Straight
DEBUG:root:Left=-75.315000 Right=-3.274000
DEBUG:root:ScaledLeft: 205.541250 ScaledRight: 367.633500
INFO:root:Looping....
DEBUG:root:This is the line: drive:-78.589:-3.274

DEBUG:root:We got command: drive
DEBUG:root:We got a drive command: rawX:-3.274000 and rawY:-78.589000
DEBUG:root:Reverse to the Left/Straight
DEBUG:root:Left=-75.315000 Right=-3.274000
DEBUG:root:ScaledLeft: 205.541250 ScaledRight: 367.633500
INFO:root:Looping....
DEBUG:root:This is the line: drive:-78.589:-3.274

DEBUG:root:We got command: drive
DEBUG:root:We got a drive command: rawX:-3.274000 and rawY:-78.589000
DEBUG:root:Reverse to the Left/Straight
DEBUG:root:Left=-75.315000 Right=-3.274000
DEBUG:root:ScaledLeft: 205.541250 ScaledRight: 367.633500
INFO:root:Looping....
DEBUG:root:This is the line: drive:-78.589:-3.274

DEBUG:root:We got command: drive
DEBUG:root:We got a drive command: rawX:-3.274000 and rawY:-78.589000
DEBUG:root:Reverse to the Left/Straight
DEBUG:root:Left=-75.315000 Right=-3.274000
DEBUG:root:ScaledLeft: 205.541250 ScaledRight: 367.633500
INFO:root:Looping....
DEBUG:root:This is the line: drive:-78.589:-3.274

DEBUG:root:We got command: drive
DEBUG:root:We got a drive command: rawX:-3.274000 and rawY:-78.589000
DEBUG:root:Reverse to the Left/Straight
DEBUG:root:Left=-75.315000 Right=-3.274000
DEBUG:root:ScaledLeft: 205.541250 ScaledRight: 367.633500
INFO:root:Looping....
DEBUG:root:This is the line: drive:-78.589:-3.274

DEBUG:root:We got command: drive
DEBUG:root:We got a drive command: rawX:-3.274000 and rawY:-78.589000
DEBUG:root:Reverse to the Left/Straight
DEBUG:root:Left=-75.315000 Right=-3.274000
DEBUG:root:ScaledLeft: 205.541250 ScaledRight: 367.633500
INFO:root:Looping....
DEBUG:root:This is the line: drive:-78.589:-3.274

DEBUG:root:We got command: drive
DEBUG:root:We got a drive command: rawX:-3.274000 and rawY:-78.589000
DEBUG:root:Reverse to the Left/Straight
DEBUG:root:Left=-75.315000 Right=-3.274000
DEBUG:root:ScaledLeft: 205.541250 ScaledRight: 367.633500
INFO:root:Looping....
DEBUG:root:This is the line: drive:-78.589:-3.274

DEBUG:root:We got command: drive
DEBUG:root:We got a drive command: rawX:-3.274000 and rawY:-78.589000
DEBUG:root:Reverse to the Left/Straight
DEBUG:root:Left=-75.315000 Right=-3.274000
DEBUG:root:ScaledLeft: 205.541250 ScaledRight: 367.633500
INFO:root:Looping....
DEBUG:root:This is the line: drive:-78.589:-3.274

DEBUG:root:We got command: drive
DEBUG:root:We got a drive command: rawX:-3.274000 and rawY:-78.589000
DEBUG:root:Reverse to the Left/Straight
DEBUG:root:Left=-75.315000 Right=-3.274000
DEBUG:root:ScaledLeft: 205.541250 ScaledRight: 367.633500
INFO:root:Looping....
DEBUG:root:This is the line: drive:-78.589:-3.274

DEBUG:root:We got command: drive
DEBUG:root:We got a drive command: rawX:-3.274000 and rawY:-78.589000
DEBUG:root:Reverse to the Left/Straight
DEBUG:root:Left=-75.315000 Right=-3.274000
DEBUG:root:ScaledLeft: 205.541250 ScaledRight: 367.633500
INFO:root:Looping....
DEBUG:root:This is the line: drive:-78.589:-3.274

DEBUG:root:We got command: drive
DEBUG:root:We got a drive command: rawX:-3.274000 and rawY:-78.589000
DEBUG:root:Reverse to the Left/Straight
DEBUG:root:Left=-75.315000 Right=-3.274000
DEBUG:root:ScaledLeft: 205.541250 ScaledRight: 367.633500
INFO:root:Looping....
DEBUG:root:This is the line: drive:-78.589:-3.274

DEBUG:root:We got command: drive
DEBUG:root:We got a drive command: rawX:-3.274000 and rawY:-78.589000
DEBUG:root:Reverse to the Left/Straight
DEBUG:root:Left=-75.315000 Right=-3.274000
DEBUG:root:ScaledLeft: 205.541250 ScaledRight: 367.633500
INFO:root:Looping....
DEBUG:root:This is the line: drive:-78.589:-3.274

DEBUG:root:We got command: drive
DEBUG:root:We got a drive command: rawX:-3.274000 and rawY:-78.589000
DEBUG:root:Reverse to the Left/Straight
DEBUG:root:Left=-75.315000 Right=-3.274000
DEBUG:root:ScaledLeft: 205.541250 ScaledRight: 367.633500
INFO:root:Looping....
DEBUG:root:This is the line: drive:-78.589:-3.274

DEBUG:root:We got command: drive
DEBUG:root:We got a drive command: rawX:-3.274000 and rawY:-78.589000
DEBUG:root:Reverse to the Left/Straight
DEBUG:root:Left=-75.315000 Right=-3.274000
DEBUG:root:ScaledLeft: 205.541250 ScaledRight: 367.633500
INFO:root:Looping....
DEBUG:root:This is the line: drive:-78.589:-3.274

DEBUG:root:We got command: drive
DEBUG:root:We got a drive command: rawX:-3.274000 and rawY:-78.589000
DEBUG:root:Reverse to the Left/Straight
DEBUG:root:Left=-75.315000 Right=-3.274000
DEBUG:root:ScaledLeft: 205.541250 ScaledRight: 367.633500
INFO:root:Looping....
DEBUG:root:This is the line: drive:-78.589:-3.274

DEBUG:root:We got command: drive
DEBUG:root:We got a drive command: rawX:-3.274000 and rawY:-78.589000
DEBUG:root:Reverse to the Left/Straight
DEBUG:root:Left=-75.315000 Right=-3.274000
DEBUG:root:ScaledLeft: 205.541250 ScaledRight: 367.633500
INFO:root:Looping....
DEBUG:root:This is the line: drive:-78.589:-3.274

DEBUG:root:We got command: drive
DEBUG:root:We got a drive command: rawX:-3.274000 and rawY:-78.589000
DEBUG:root:Reverse to the Left/Straight
DEBUG:root:Left=-75.315000 Right=-3.274000
DEBUG:root:ScaledLeft: 205.541250 ScaledRight: 367.633500
INFO:root:Looping....
DEBUG:root:This is the line: drive:-78.589:-3.274

DEBUG:root:We got command: drive
DEBUG:root:We got a drive command: rawX:-3.274000 and rawY:-78.589000
DEBUG:root:Reverse to the Left/Straight
DEBUG:root:Left=-75.315000 Right=-3.274000
DEBUG:root:ScaledLeft: 205.541250 ScaledRight: 367.633500
INFO:root:Looping....
DEBUG:root:This is the line: drive:-78.589:-3.274

DEBUG:root:We got command: drive
DEBUG:root:We got a drive command: rawX:-3.274000 and rawY:-78.589000
DEBUG:root:Reverse to the Left/Straight
DEBUG:root:Left=-75.315000 Right=-3.274000
DEBUG:root:ScaledLeft: 205.541250 ScaledRight: 367.633500
INFO:root:Looping....
DEBUG:root:This is the line: drive:-78.589:-3.274

DEBUG:root:We got command: drive
DEBUG:root:We got a drive command: rawX:-3.274000 and rawY:-78.589000
DEBUG:root:Reverse to the Left/Straight
DEBUG:root:Left=-75.315000 Right=-3.274000
DEBUG:root:ScaledLeft: 205.541250 ScaledRight: 367.633500
INFO:root:Looping....
DEBUG:root:This is the line: drive:-78.571:-3.991

DEBUG:root:We got command: drive
DEBUG:root:We got a drive command: rawX:-3.991000 and rawY:-78.571000
DEBUG:root:Reverse to the Left/Straight
DEBUG:root:Left=-74.580000 Right=-3.991000
DEBUG:root:ScaledLeft: 207.195000 ScaledRight: 366.020250
INFO:root:Looping....
DEBUG:root:This is the line: drive:-77.87:-5.926

DEBUG:root:We got command: drive
DEBUG:root:We got a drive command: rawX:-5.926000 and rawY:-77.870000
DEBUG:root:Reverse to the Left/Straight
DEBUG:root:Left=-71.944000 Right=-5.926000
DEBUG:root:ScaledLeft: 213.126000 ScaledRight: 361.666500
INFO:root:Looping....
DEBUG:root:This is the line: drive:-74.841:-11.641

DEBUG:root:We got command: drive
DEBUG:root:We got a drive command: rawX:-11.641000 and rawY:-74.841000
DEBUG:root:Reverse to the Left/Straight
DEBUG:root:Left=-63.200000 Right=-11.641000
DEBUG:root:ScaledLeft: 232.800000 ScaledRight: 348.807750
INFO:root:Looping....
DEBUG:root:This is the line: drive:-71.969:-15.211

DEBUG:root:We got command: drive
DEBUG:root:We got a drive command: rawX:-15.211000 and rawY:-71.969000
DEBUG:root:Reverse to the Left/Straight
DEBUG:root:Left=-56.758000 Right=-15.211000
DEBUG:root:ScaledLeft: 247.294500 ScaledRight: 340.775250
INFO:root:Looping....
DEBUG:root:This is the line: drive:-69.952:-18.851

DEBUG:root:We got command: drive
DEBUG:root:We got a drive command: rawX:-18.851000 and rawY:-69.952000
DEBUG:root:Reverse to the Left/Straight
DEBUG:root:Left=-51.101000 Right=-18.851000
DEBUG:root:ScaledLeft: 260.022750 ScaledRight: 332.585250
INFO:root:Looping....
DEBUG:root:This is the line: drive:-68.091:-21.334

DEBUG:root:We got command: drive
DEBUG:root:We got a drive command: rawX:-21.334000 and rawY:-68.091000
DEBUG:root:Reverse to the Left/Straight
DEBUG:root:Left=-46.757000 Right=-21.334000
DEBUG:root:ScaledLeft: 269.796750 ScaledRight: 326.998500
INFO:root:Looping....
DEBUG:root:This is the line: drive:-66.14:-23.664

DEBUG:root:We got command: drive
DEBUG:root:We got a drive command: rawX:-23.664000 and rawY:-66.140000
DEBUG:root:Reverse to the Left/Straight
DEBUG:root:Left=-42.476000 Right=-23.664000
DEBUG:root:ScaledLeft: 279.429000 ScaledRight: 321.756000
INFO:root:Looping....
DEBUG:root:This is the line: drive:-64.104:-25.785

DEBUG:root:We got command: drive
DEBUG:root:We got a drive command: rawX:-25.785000 and rawY:-64.104000
DEBUG:root:Reverse to the Left/Straight
DEBUG:root:Left=-38.319000 Right=-25.785000
DEBUG:root:ScaledLeft: 288.782250 ScaledRight: 316.983750
INFO:root:Looping....
DEBUG:root:This is the line: drive:-63.429:-27.585

DEBUG:root:We got command: drive
DEBUG:root:We got a drive command: rawX:-27.585000 and rawY:-63.429000
DEBUG:root:Reverse to the Left/Straight
DEBUG:root:Left=-35.844000 Right=-27.585000
DEBUG:root:ScaledLeft: 294.351000 ScaledRight: 312.933750
INFO:root:Looping....
DEBUG:root:This is the line: drive:-63.143:-29.728

DEBUG:root:We got command: drive
DEBUG:root:We got a drive command: rawX:-29.728000 and rawY:-63.143000
DEBUG:root:Reverse to the Left/Straight
DEBUG:root:Left=-33.415000 Right=-29.728000
DEBUG:root:ScaledLeft: 299.816250 ScaledRight: 308.112000
INFO:root:Looping....
DEBUG:root:This is the line: drive:-62.429:-30.655

DEBUG:root:We got command: drive
DEBUG:root:We got a drive command: rawX:-30.655000 and rawY:-62.429000
DEBUG:root:Reverse to the Left/Straight
DEBUG:root:Left=-31.774000 Right=-30.655000
DEBUG:root:ScaledLeft: 303.508500 ScaledRight: 306.026250
INFO:root:Looping....
DEBUG:root:This is the line: drive:-62.286:-31.582

DEBUG:root:We got command: drive
DEBUG:root:We got a drive command: rawX:-31.582000 and rawY:-62.286000
DEBUG:root:Reverse to the Left/Straight
DEBUG:root:Left=-30.704000 Right=-31.582000
DEBUG:root:ScaledLeft: 305.916000 ScaledRight: 303.940500
INFO:root:Looping....
DEBUG:root:This is the line: drive:-61.956:-31.845

DEBUG:root:We got command: drive
DEBUG:root:We got a drive command: rawX:-31.845000 and rawY:-61.956000
DEBUG:root:Reverse to the Left/Straight
DEBUG:root:Left=-30.111000 Right=-31.845000
DEBUG:root:ScaledLeft: 307.250250 ScaledRight: 303.348750
INFO:root:Looping....
DEBUG:root:This is the line: drive:-61.571:-32.589

DEBUG:root:We got command: drive
DEBUG:root:We got a drive command: rawX:-32.589000 and rawY:-61.571000
DEBUG:root:Reverse to the Left/Straight
DEBUG:root:Left=-28.982000 Right=-32.589000
DEBUG:root:ScaledLeft: 309.790500 ScaledRight: 301.674750
INFO:root:Looping....
DEBUG:root:This is the line: drive:-61.422:-33.036

DEBUG:root:We got command: drive
DEBUG:root:We got a drive command: rawX:-33.036000 and rawY:-61.422000
DEBUG:root:Reverse to the Left/Straight
DEBUG:root:Left=-28.386000 Right=-33.036000
DEBUG:root:ScaledLeft: 311.131500 ScaledRight: 300.669000
INFO:root:Looping....
DEBUG:root:This is the line: drive:-61.422:-33.036

DEBUG:root:We got command: drive
DEBUG:root:We got a drive command: rawX:-33.036000 and rawY:-61.422000
DEBUG:root:Reverse to the Left/Straight
DEBUG:root:Left=-28.386000 Right=-33.036000
DEBUG:root:ScaledLeft: 311.131500 ScaledRight: 300.669000
INFO:root:Looping....
DEBUG:root:This is the line: drive:-61.14:-33.336

DEBUG:root:We got command: drive
DEBUG:root:We got a drive command: rawX:-33.336000 and rawY:-61.140000
DEBUG:root:Reverse to the Left/Straight
DEBUG:root:Left=-27.804000 Right=-33.336000
DEBUG:root:ScaledLeft: 312.441000 ScaledRight: 299.994000
INFO:root:Looping....
DEBUG:root:This is the line: drive:-61.143:-33.71

DEBUG:root:We got command: drive
DEBUG:root:We got a drive command: rawX:-33.710000 and rawY:-61.143000
DEBUG:root:Reverse to the Left/Straight
DEBUG:root:Left=-27.433000 Right=-33.710000
DEBUG:root:ScaledLeft: 313.275750 ScaledRight: 299.152500
INFO:root:Looping....
DEBUG:root:This is the line: drive:-61.143:-33.939

DEBUG:root:We got command: drive
DEBUG:root:We got a drive command: rawX:-33.939000 and rawY:-61.143000
DEBUG:root:Reverse to the Left/Straight
DEBUG:root:Left=-27.204000 Right=-33.939000
DEBUG:root:ScaledLeft: 313.791000 ScaledRight: 298.637250
INFO:root:Looping....
DEBUG:root:This is the line: drive:-61.143:-33.939

DEBUG:root:We got command: drive
DEBUG:root:We got a drive command: rawX:-33.939000 and rawY:-61.143000
DEBUG:root:Reverse to the Left/Straight
DEBUG:root:Left=-27.204000 Right=-33.939000
DEBUG:root:ScaledLeft: 313.791000 ScaledRight: 298.637250
INFO:root:Looping....
DEBUG:root:This is the line: drive:-61.143:-34.258

DEBUG:root:We got command: drive
DEBUG:root:We got a drive command: rawX:-34.258000 and rawY:-61.143000
DEBUG:root:Reverse to the Left/Straight
DEBUG:root:Left=-26.885000 Right=-34.258000
DEBUG:root:ScaledLeft: 314.508750 ScaledRight: 297.919500
INFO:root:Looping....
DEBUG:root:This is the line: drive:-61.143:-34.258

DEBUG:root:We got command: drive
DEBUG:root:We got a drive command: rawX:-34.258000 and rawY:-61.143000
DEBUG:root:Reverse to the Left/Straight
DEBUG:root:Left=-26.885000 Right=-34.258000
DEBUG:root:ScaledLeft: 314.508750 ScaledRight: 297.919500
INFO:root:Looping....
DEBUG:root:This is the line: drive:-61.143:-34.258

DEBUG:root:We got command: drive
DEBUG:root:We got a drive command: rawX:-34.258000 and rawY:-61.143000
DEBUG:root:Reverse to the Left/Straight
DEBUG:root:Left=-26.885000 Right=-34.258000
DEBUG:root:ScaledLeft: 314.508750 ScaledRight: 297.919500
INFO:root:Looping....
DEBUG:root:This is the line: drive:-61.143:-34.258

DEBUG:root:We got command: drive
DEBUG:root:We got a drive command: rawX:-34.258000 and rawY:-61.143000
DEBUG:root:Reverse to the Left/Straight
DEBUG:root:Left=-26.885000 Right=-34.258000
DEBUG:root:ScaledLeft: 314.508750 ScaledRight: 297.919500
INFO:root:Looping....
DEBUG:root:This is the line: drive:-61.143:-34.529

DEBUG:root:We got command: drive
DEBUG:root:We got a drive command: rawX:-34.529000 and rawY:-61.143000
DEBUG:root:Reverse to the Left/Straight
DEBUG:root:Left=-26.614000 Right=-34.529000
DEBUG:root:ScaledLeft: 315.118500 ScaledRight: 297.309750
INFO:root:Looping....
DEBUG:root:This is the line: drive:-61.143:-34.529

DEBUG:root:We got command: drive
DEBUG:root:We got a drive command: rawX:-34.529000 and rawY:-61.143000
DEBUG:root:Reverse to the Left/Straight
DEBUG:root:Left=-26.614000 Right=-34.529000
DEBUG:root:ScaledLeft: 315.118500 ScaledRight: 297.309750
INFO:root:Looping....
DEBUG:root:This is the line: drive:-61.143:-34.529

DEBUG:root:We got command: drive
DEBUG:root:We got a drive command: rawX:-34.529000 and rawY:-61.143000
DEBUG:root:Reverse to the Left/Straight
DEBUG:root:Left=-26.614000 Right=-34.529000
DEBUG:root:ScaledLeft: 315.118500 ScaledRight: 297.309750
INFO:root:Looping....
DEBUG:root:This is the line: drive:-61.143:-34.529

DEBUG:root:We got command: drive
DEBUG:root:We got a drive command: rawX:-34.529000 and rawY:-61.143000
DEBUG:root:Reverse to the Left/Straight
DEBUG:root:Left=-26.614000 Right=-34.529000
DEBUG:root:ScaledLeft: 315.118500 ScaledRight: 297.309750
INFO:root:Looping....
DEBUG:root:This is the line: drive:-61.143:-34.529

DEBUG:root:We got command: drive
DEBUG:root:We got a drive command: rawX:-34.529000 and rawY:-61.143000
DEBUG:root:Reverse to the Left/Straight
DEBUG:root:Left=-26.614000 Right=-34.529000
DEBUG:root:ScaledLeft: 315.118500 ScaledRight: 297.309750
INFO:root:Looping....
DEBUG:root:This is the line: drive:-61.143:-34.529

DEBUG:root:We got command: drive
DEBUG:root:We got a drive command: rawX:-34.529000 and rawY:-61.143000
DEBUG:root:Reverse to the Left/Straight
DEBUG:root:Left=-26.614000 Right=-34.529000
DEBUG:root:ScaledLeft: 315.118500 ScaledRight: 297.309750
INFO:root:Looping....
DEBUG:root:This is the line: drive:-61.143:-34.529

DEBUG:root:We got command: drive
DEBUG:root:We got a drive command: rawX:-34.529000 and rawY:-61.143000
DEBUG:root:Reverse to the Left/Straight
DEBUG:root:Left=-26.614000 Right=-34.529000
DEBUG:root:ScaledLeft: 315.118500 ScaledRight: 297.309750
INFO:root:Looping....
DEBUG:root:This is the line: drive:-61.143:-34.529

DEBUG:root:We got command: drive
DEBUG:root:We got a drive command: rawX:-34.529000 and rawY:-61.143000
DEBUG:root:Reverse to the Left/Straight
DEBUG:root:Left=-26.614000 Right=-34.529000
DEBUG:root:ScaledLeft: 315.118500 ScaledRight: 297.309750
INFO:root:Looping....
DEBUG:root:This is the line: drive:-61.143:-34.529

DEBUG:root:We got command: drive
DEBUG:root:We got a drive command: rawX:-34.529000 and rawY:-61.143000
DEBUG:root:Reverse to the Left/Straight
DEBUG:root:Left=-26.614000 Right=-34.529000
DEBUG:root:ScaledLeft: 315.118500 ScaledRight: 297.309750
INFO:root:Looping....
DEBUG:root:This is the line: drive:-61.143:-34.529

DEBUG:root:We got command: drive
DEBUG:root:We got a drive command: rawX:-34.529000 and rawY:-61.143000
DEBUG:root:Reverse to the Left/Straight
DEBUG:root:Left=-26.614000 Right=-34.529000
DEBUG:root:ScaledLeft: 315.118500 ScaledRight: 297.309750
INFO:root:Looping....
DEBUG:root:This is the line: drive:-61.143:-34.529

DEBUG:root:We got command: drive
DEBUG:root:We got a drive command: rawX:-34.529000 and rawY:-61.143000
DEBUG:root:Reverse to the Left/Straight
DEBUG:root:Left=-26.614000 Right=-34.529000
DEBUG:root:ScaledLeft: 315.118500 ScaledRight: 297.309750
INFO:root:Looping....
DEBUG:root:This is the line: drive:-61.143:-34.529

DEBUG:root:We got command: drive
DEBUG:root:We got a drive command: rawX:-34.529000 and rawY:-61.143000
DEBUG:root:Reverse to the Left/Straight
DEBUG:root:Left=-26.614000 Right=-34.529000
DEBUG:root:ScaledLeft: 315.118500 ScaledRight: 297.309750
INFO:root:Looping....
DEBUG:root:This is the line: drive:-61.143:-34.529

DEBUG:root:We got command: drive
DEBUG:root:We got a drive command: rawX:-34.529000 and rawY:-61.143000
DEBUG:root:Reverse to the Left/Straight
DEBUG:root:Left=-26.614000 Right=-34.529000
DEBUG:root:ScaledLeft: 315.118500 ScaledRight: 297.309750
INFO:root:Looping....
DEBUG:root:This is the line: drive:-61.143:-34.823

DEBUG:root:We got command: drive
DEBUG:root:We got a drive command: rawX:-34.823000 and rawY:-61.143000
DEBUG:root:Reverse to the Left/Straight
DEBUG:root:Left=-26.320000 Right=-34.823000
DEBUG:root:ScaledLeft: 315.780000 ScaledRight: 296.648250
INFO:root:Looping....
DEBUG:root:This is the line: drive:-61.143:-34.823

DEBUG:root:We got command: drive
DEBUG:root:We got a drive command: rawX:-34.823000 and rawY:-61.143000
DEBUG:root:Reverse to the Left/Straight
DEBUG:root:Left=-26.320000 Right=-34.823000
DEBUG:root:ScaledLeft: 315.780000 ScaledRight: 296.648250
INFO:root:Looping....
DEBUG:root:This is the line: drive:-61.143:-34.823

DEBUG:root:We got command: drive
DEBUG:root:We got a drive command: rawX:-34.823000 and rawY:-61.143000
DEBUG:root:Reverse to the Left/Straight
DEBUG:root:Left=-26.320000 Right=-34.823000
DEBUG:root:ScaledLeft: 315.780000 ScaledRight: 296.648250
INFO:root:Looping....
DEBUG:root:This is the line: drive:-61.143:-34.823

DEBUG:root:We got command: drive
DEBUG:root:We got a drive command: rawX:-34.823000 and rawY:-61.143000
DEBUG:root:Reverse to the Left/Straight
DEBUG:root:Left=-26.320000 Right=-34.823000
DEBUG:root:ScaledLeft: 315.780000 ScaledRight: 296.648250
INFO:root:Looping....
DEBUG:root:This is the line: drive:-61.143:-35.565

DEBUG:root:We got command: drive
DEBUG:root:We got a drive command: rawX:-35.565000 and rawY:-61.143000
DEBUG:root:Reverse to the Left/Straight
DEBUG:root:Left=-25.578000 Right=-35.565000
DEBUG:root:ScaledLeft: 317.449500 ScaledRight: 294.978750
INFO:root:Looping....
DEBUG:root:This is the line: drive:-60.845:-35.417

DEBUG:root:We got command: drive
DEBUG:root:We got a drive command: rawX:-35.417000 and rawY:-60.845000
DEBUG:root:Reverse to the Left/Straight
DEBUG:root:Left=-25.428000 Right=-35.417000
DEBUG:root:ScaledLeft: 317.787000 ScaledRight: 295.311750
INFO:root:Looping....
DEBUG:root:This is the line: drive:-60.429:-35.714

DEBUG:root:We got command: drive
DEBUG:root:We got a drive command: rawX:-35.714000 and rawY:-60.429000
DEBUG:root:Reverse to the Left/Straight
DEBUG:root:Left=-24.715000 Right=-35.714000
DEBUG:root:ScaledLeft: 319.391250 ScaledRight: 294.643500
INFO:root:Looping....
DEBUG:root:This is the line: drive:-60.571:-36.332

DEBUG:root:We got command: drive
DEBUG:root:We got a drive command: rawX:-36.332000 and rawY:-60.571000
DEBUG:root:Reverse to the Left/Straight
DEBUG:root:Left=-24.239000 Right=-36.332000
DEBUG:root:ScaledLeft: 320.462250 ScaledRight: 293.253000
INFO:root:Looping....
DEBUG:root:This is the line: drive:-60.571:-36.945

DEBUG:root:We got command: drive
DEBUG:root:We got a drive command: rawX:-36.945000 and rawY:-60.571000
DEBUG:root:Reverse to the Left/Straight
DEBUG:root:Left=-23.626000 Right=-36.945000
DEBUG:root:ScaledLeft: 321.841500 ScaledRight: 291.873750
INFO:root:Looping....
DEBUG:root:This is the line: drive:-60.233:-37.257

DEBUG:root:We got command: drive
DEBUG:root:We got a drive command: rawX:-37.257000 and rawY:-60.233000
DEBUG:root:Reverse to the Left/Straight
DEBUG:root:Left=-22.976000 Right=-37.257000
DEBUG:root:ScaledLeft: 323.304000 ScaledRight: 291.171750
INFO:root:Looping....
DEBUG:root:This is the line: drive:-60.286:-37.88

DEBUG:root:We got command: drive
DEBUG:root:We got a drive command: rawX:-37.880000 and rawY:-60.286000
DEBUG:root:Reverse to the Left/Straight
DEBUG:root:Left=-22.406000 Right=-37.880000
DEBUG:root:ScaledLeft: 324.586500 ScaledRight: 289.770000
INFO:root:Looping....
DEBUG:root:This is the line: drive:-60.286:-38.178

DEBUG:root:We got command: drive
DEBUG:root:We got a drive command: rawX:-38.178000 and rawY:-60.286000
DEBUG:root:Reverse to the Left/Straight
DEBUG:root:Left=-22.108000 Right=-38.178000
DEBUG:root:ScaledLeft: 325.257000 ScaledRight: 289.099500
INFO:root:Looping....
DEBUG:root:This is the line: drive:-60.0:-39.012

DEBUG:root:We got command: drive
DEBUG:root:We got a drive command: rawX:-39.012000 and rawY:-60.000000
DEBUG:root:Reverse to the Left/Straight
DEBUG:root:Left=-20.988000 Right=-39.012000
DEBUG:root:ScaledLeft: 327.777000 ScaledRight: 287.223000
INFO:root:Looping....
DEBUG:root:This is the line: drive:-60.0:-39.351

DEBUG:root:We got command: drive
DEBUG:root:We got a drive command: rawX:-39.351000 and rawY:-60.000000
DEBUG:root:Reverse to the Left/Straight
DEBUG:root:Left=-20.649000 Right=-39.351000
DEBUG:root:ScaledLeft: 328.539750 ScaledRight: 286.460250
INFO:root:Looping....
DEBUG:root:This is the line: drive:-60.0:-39.668

DEBUG:root:We got command: drive
DEBUG:root:We got a drive command: rawX:-39.668000 and rawY:-60.000000
DEBUG:root:Reverse to the Left/Straight
DEBUG:root:Left=-20.332000 Right=-39.668000
DEBUG:root:ScaledLeft: 329.253000 ScaledRight: 285.747000
INFO:root:Looping....
DEBUG:root:This is the line: drive:-59.714:-40.291

DEBUG:root:We got command: drive
DEBUG:root:We got a drive command: rawX:-40.291000 and rawY:-59.714000
DEBUG:root:Reverse to the Left/Straight
DEBUG:root:Left=-19.423000 Right=-40.291000
DEBUG:root:ScaledLeft: 331.298250 ScaledRight: 284.345250
INFO:root:Looping....
DEBUG:root:This is the line: drive:-59.714:-40.522

DEBUG:root:We got command: drive
DEBUG:root:We got a drive command: rawX:-40.522000 and rawY:-59.714000
DEBUG:root:Reverse to the Left/Straight
DEBUG:root:Left=-19.192000 Right=-40.522000
DEBUG:root:ScaledLeft: 331.818000 ScaledRight: 283.825500
INFO:root:Looping....
DEBUG:root:This is the line: drive:-59.429:-41.106

DEBUG:root:We got command: drive
DEBUG:root:We got a drive command: rawX:-41.106000 and rawY:-59.429000
DEBUG:root:Reverse to the Left/Straight
DEBUG:root:Left=-18.323000 Right=-41.106000
DEBUG:root:ScaledLeft: 333.773250 ScaledRight: 282.511500
INFO:root:Looping....
DEBUG:root:This is the line: drive:-59.128:-41.682

DEBUG:root:We got command: drive
DEBUG:root:We got a drive command: rawX:-41.682000 and rawY:-59.128000
DEBUG:root:Reverse to the Left/Straight
DEBUG:root:Left=-17.446000 Right=-41.682000
DEBUG:root:ScaledLeft: 335.746500 ScaledRight: 281.215500
INFO:root:Looping....
DEBUG:root:This is the line: drive:-59.143:-42.006

DEBUG:root:We got command: drive
DEBUG:root:We got a drive command: rawX:-42.006000 and rawY:-59.143000
DEBUG:root:Reverse to the Left/Straight
DEBUG:root:Left=-17.137000 Right=-42.006000
DEBUG:root:ScaledLeft: 336.441750 ScaledRight: 280.486500
INFO:root:Looping....
DEBUG:root:This is the line: drive:-58.857:-42.688

DEBUG:root:We got command: drive
DEBUG:root:We got a drive command: rawX:-42.688000 and rawY:-58.857000
DEBUG:root:Reverse to the Left/Straight
DEBUG:root:Left=-16.169000 Right=-42.688000
DEBUG:root:ScaledLeft: 338.619750 ScaledRight: 278.952000
INFO:root:Looping....
DEBUG:root:This is the line: drive:-58.143:-43.155

DEBUG:root:We got command: drive
DEBUG:root:We got a drive command: rawX:-43.155000 and rawY:-58.143000
DEBUG:root:Reverse to the Left/Straight
DEBUG:root:Left=-14.988000 Right=-43.155000
DEBUG:root:ScaledLeft: 341.277000 ScaledRight: 277.901250
INFO:root:Looping....
DEBUG:root:This is the line: drive:-57.571:-43.75

DEBUG:root:We got command: drive
DEBUG:root:We got a drive command: rawX:-43.750000 and rawY:-57.571000
DEBUG:root:Reverse to the Left/Straight
DEBUG:root:Left=-13.821000 Right=-43.750000
DEBUG:root:ScaledLeft: 343.902750 ScaledRight: 276.562500
INFO:root:Looping....
DEBUG:root:This is the line: drive:-57.143:-44.494

DEBUG:root:We got command: drive
DEBUG:root:We got a drive command: rawX:-44.494000 and rawY:-57.143000
DEBUG:root:Reverse to the Left/Straight
DEBUG:root:Left=-12.649000 Right=-44.494000
DEBUG:root:ScaledLeft: 346.539750 ScaledRight: 274.888500
INFO:root:Looping....
DEBUG:root:This is the line: drive:-56.429:-44.345

DEBUG:root:We got command: drive
DEBUG:root:We got a drive command: rawX:-44.345000 and rawY:-56.429000
DEBUG:root:Reverse to the Left/Straight
DEBUG:root:Left=-12.084000 Right=-44.345000
DEBUG:root:ScaledLeft: 347.811000 ScaledRight: 275.223750
INFO:root:Looping....
DEBUG:root:This is the line: drive:-55.571:-44.94

DEBUG:root:We got command: drive
DEBUG:root:We got a drive command: rawX:-44.940000 and rawY:-55.571000
DEBUG:root:Reverse to the Left/Straight
DEBUG:root:Left=-10.631000 Right=-44.940000
DEBUG:root:ScaledLeft: 351.080250 ScaledRight: 273.885000
INFO:root:Looping....
DEBUG:root:This is the line: drive:-54.628:-45.238

DEBUG:root:We got command: drive
DEBUG:root:We got a drive command: rawX:-45.238000 and rawY:-54.628000
DEBUG:root:Reverse to the Left/Straight
DEBUG:root:Left=-9.390000 Right=-45.238000
DEBUG:root:ScaledLeft: 353.872500 ScaledRight: 273.214500
INFO:root:Looping....
DEBUG:root:This is the line: drive:-53.509:-45.238

DEBUG:root:We got command: drive
DEBUG:root:We got a drive command: rawX:-45.238000 and rawY:-53.509000
DEBUG:root:Reverse to the Left/Straight
DEBUG:root:Left=-8.271000 Right=-45.238000
DEBUG:root:ScaledLeft: 356.390250 ScaledRight: 273.214500
INFO:root:Looping....
DEBUG:root:This is the line: drive:-53.065:-45.915

DEBUG:root:We got command: drive
DEBUG:root:We got a drive command: rawX:-45.915000 and rawY:-53.065000
DEBUG:root:Reverse to the Left/Straight
DEBUG:root:Left=-7.150000 Right=-45.915000
DEBUG:root:ScaledLeft: 358.912500 ScaledRight: 271.691250
INFO:root:Looping....
DEBUG:root:This is the line: drive:-51.857:-45.833

DEBUG:root:We got command: drive
DEBUG:root:We got a drive command: rawX:-45.833000 and rawY:-51.857000
DEBUG:root:Reverse to the Left/Straight
DEBUG:root:Left=-6.024000 Right=-45.833000
DEBUG:root:ScaledLeft: 361.446000 ScaledRight: 271.875750
INFO:root:Looping....
DEBUG:root:This is the line: drive:-51.009:-45.833

DEBUG:root:We got command: drive
DEBUG:root:We got a drive command: rawX:-45.833000 and rawY:-51.009000
DEBUG:root:Reverse to the Left/Straight
DEBUG:root:Left=-5.176000 Right=-45.833000
DEBUG:root:ScaledLeft: 363.354000 ScaledRight: 271.875750
INFO:root:Looping....
DEBUG:root:This is the line: drive:-50.341:-46.131

DEBUG:root:We got command: drive
DEBUG:root:We got a drive command: rawX:-46.131000 and rawY:-50.341000
DEBUG:root:Reverse to the Left/Straight
DEBUG:root:Left=-4.210000 Right=-46.131000
DEBUG:root:ScaledLeft: 365.527500 ScaledRight: 271.205250
INFO:root:Looping....
DEBUG:root:This is the line: drive:-49.959:-46.131

DEBUG:root:We got command: drive
DEBUG:root:We got a drive command: rawX:-46.131000 and rawY:-49.959000
DEBUG:root:Reverse to the Left/Straight
DEBUG:root:Left=-3.828000 Right=-46.131000
DEBUG:root:ScaledLeft: 366.387000 ScaledRight: 271.205250
INFO:root:Looping....
DEBUG:root:This is the line: drive:-49.0:-46.429

DEBUG:root:We got command: drive
DEBUG:root:We got a drive command: rawX:-46.429000 and rawY:-49.000000
DEBUG:root:Reverse to the Left/Straight
DEBUG:root:Left=-2.571000 Right=-46.429000
DEBUG:root:ScaledLeft: 369.215250 ScaledRight: 270.534750
INFO:root:Looping....
DEBUG:root:This is the line: drive:-48.429:-46.429

DEBUG:root:We got command: drive
DEBUG:root:We got a drive command: rawX:-46.429000 and rawY:-48.429000
DEBUG:root:Reverse to the Left/Straight
DEBUG:root:Left=-2.000000 Right=-46.429000
DEBUG:root:ScaledLeft: 370.500000 ScaledRight: 270.534750
INFO:root:Looping....
DEBUG:root:This is the line: drive:-47.711:-46.429

DEBUG:root:We got command: drive
DEBUG:root:We got a drive command: rawX:-46.429000 and rawY:-47.711000
DEBUG:root:Reverse to the Left/Straight
DEBUG:root:Left=-1.282000 Right=-46.429000
DEBUG:root:ScaledLeft: 372.115500 ScaledRight: 270.534750
INFO:root:Looping....
DEBUG:root:This is the line: drive:-46.838:-46.429

DEBUG:root:We got command: drive
DEBUG:root:We got a drive command: rawX:-46.429000 and rawY:-46.838000
DEBUG:root:Reverse to the Left/Straight
DEBUG:root:Left=-0.409000 Right=-46.429000
DEBUG:root:ScaledLeft: 374.079750 ScaledRight: 270.534750
INFO:root:Looping....
DEBUG:root:This is the line: drive:-45.891:-46.429

DEBUG:root:We got command: drive
DEBUG:root:We got a drive command: rawX:-46.429000 and rawY:-45.891000
DEBUG:root:Reverse to the Left/Straight
DEBUG:root:Left=0.538000 Right=-46.429000
DEBUG:root:ScaledLeft: 376.210500 ScaledRight: 270.534750
INFO:root:Looping....
DEBUG:root:This is the line: drive:-45.0:-46.429

DEBUG:root:We got command: drive
DEBUG:root:We got a drive command: rawX:-46.429000 and rawY:-45.000000
DEBUG:root:Reverse to the Left/Straight
DEBUG:root:Left=1.429000 Right=-46.429000
DEBUG:root:ScaledLeft: 378.215250 ScaledRight: 270.534750
INFO:root:Looping....
DEBUG:root:This is the line: drive:-44.51:-46.429

DEBUG:root:We got command: drive
DEBUG:root:We got a drive command: rawX:-46.429000 and rawY:-44.510000
DEBUG:root:Reverse to the Left/Straight
DEBUG:root:Left=1.919000 Right=-46.429000
DEBUG:root:ScaledLeft: 379.317750 ScaledRight: 270.534750
INFO:root:Looping....
DEBUG:root:This is the line: drive:-43.0:-46.429

DEBUG:root:We got command: drive
DEBUG:root:We got a drive command: rawX:-46.429000 and rawY:-43.000000
DEBUG:root:Reverse to the Left/Straight
DEBUG:root:Left=3.429000 Right=-46.429000
DEBUG:root:ScaledLeft: 382.715250 ScaledRight: 270.534750
INFO:root:Looping....
DEBUG:root:This is the line: drive:-42.254:-46.429

DEBUG:root:We got command: drive
DEBUG:root:We got a drive command: rawX:-46.429000 and rawY:-42.254000
DEBUG:root:Reverse to the Left/Straight
DEBUG:root:Left=4.175000 Right=-46.429000
DEBUG:root:ScaledLeft: 384.393750 ScaledRight: 270.534750
INFO:root:Looping....
DEBUG:root:This is the line: drive:-41.481:-46.429

DEBUG:root:We got command: drive
DEBUG:root:We got a drive command: rawX:-46.429000 and rawY:-41.481000
DEBUG:root:Reverse to the Left/Straight
DEBUG:root:Left=4.948000 Right=-46.429000
DEBUG:root:ScaledLeft: 386.133000 ScaledRight: 270.534750
INFO:root:Looping....
DEBUG:root:This is the line: drive:-40.238:-46.429

DEBUG:root:We got command: drive
DEBUG:root:We got a drive command: rawX:-46.429000 and rawY:-40.238000
DEBUG:root:Reverse to the Left/Straight
DEBUG:root:Left=6.191000 Right=-46.429000
DEBUG:root:ScaledLeft: 388.929750 ScaledRight: 270.534750
INFO:root:Looping....
DEBUG:root:This is the line: drive:-39.658:-46.429

DEBUG:root:We got command: drive
DEBUG:root:We got a drive command: rawX:-46.429000 and rawY:-39.658000
DEBUG:root:Reverse to the Left/Straight
DEBUG:root:Left=6.771000 Right=-46.429000
DEBUG:root:ScaledLeft: 390.234750 ScaledRight: 270.534750
INFO:root:Looping....
DEBUG:root:This is the line: drive:-38.732:-46.429

DEBUG:root:We got command: drive
DEBUG:root:We got a drive command: rawX:-46.429000 and rawY:-38.732000
DEBUG:root:Reverse to the Left/Straight
DEBUG:root:Left=7.697000 Right=-46.429000
DEBUG:root:ScaledLeft: 392.318250 ScaledRight: 270.534750
INFO:root:Looping....
DEBUG:root:This is the line: drive:-37.571:-45.833

DEBUG:root:We got command: drive
DEBUG:root:We got a drive command: rawX:-45.833000 and rawY:-37.571000
DEBUG:root:Reverse to the Left/Straight
DEBUG:root:Left=8.262000 Right=-45.833000
DEBUG:root:ScaledLeft: 393.589500 ScaledRight: 271.875750
INFO:root:Looping....
DEBUG:root:This is the line: drive:-36.774:-45.152

DEBUG:root:We got command: drive
DEBUG:root:We got a drive command: rawX:-45.152000 and rawY:-36.774000
DEBUG:root:Reverse to the Left/Straight
DEBUG:root:Left=8.378000 Right=-45.152000
DEBUG:root:ScaledLeft: 393.850500 ScaledRight: 273.408000
INFO:root:Looping....
DEBUG:root:This is the line: drive:-35.584:-44.643

DEBUG:root:We got command: drive
DEBUG:root:We got a drive command: rawX:-44.643000 and rawY:-35.584000
DEBUG:root:Reverse to the Left/Straight
DEBUG:root:Left=9.059000 Right=-44.643000
DEBUG:root:ScaledLeft: 395.382750 ScaledRight: 274.553250
INFO:root:Looping....
DEBUG:root:This is the line: drive:-34.842:-44.048

DEBUG:root:We got command: drive
DEBUG:root:We got a drive command: rawX:-44.048000 and rawY:-34.842000
DEBUG:root:Reverse to the Left/Straight
DEBUG:root:Left=9.206000 Right=-44.048000
DEBUG:root:ScaledLeft: 395.713500 ScaledRight: 275.892000
INFO:root:Looping....
DEBUG:root:This is the line: drive:-33.714:-42.94

DEBUG:root:We got command: drive
DEBUG:root:We got a drive command: rawX:-42.940000 and rawY:-33.714000
DEBUG:root:Reverse to the Left/Straight
DEBUG:root:Left=9.226000 Right=-42.940000
DEBUG:root:ScaledLeft: 395.758500 ScaledRight: 278.385000
INFO:root:Looping....
DEBUG:root:This is the line: drive:-32.714:-42.262

DEBUG:root:We got command: drive
DEBUG:root:We got a drive command: rawX:-42.262000 and rawY:-32.714000
DEBUG:root:Reverse to the Left/Straight
DEBUG:root:Left=9.548000 Right=-42.262000
DEBUG:root:ScaledLeft: 396.483000 ScaledRight: 279.910500
INFO:root:Looping....
DEBUG:root:This is the line: drive:-31.571:-41.667

DEBUG:root:We got command: drive
DEBUG:root:We got a drive command: rawX:-41.667000 and rawY:-31.571000
DEBUG:root:Reverse to the Left/Straight
DEBUG:root:Left=10.096000 Right=-41.667000
DEBUG:root:ScaledLeft: 397.716000 ScaledRight: 281.249250
INFO:root:Looping....
DEBUG:root:This is the line: drive:-30.571:-39.996

DEBUG:root:We got command: drive
DEBUG:root:We got a drive command: rawX:-39.996000 and rawY:-30.571000
DEBUG:root:Reverse to the Left/Straight
DEBUG:root:Left=9.425000 Right=-39.996000
DEBUG:root:ScaledLeft: 396.206250 ScaledRight: 285.009000
INFO:root:Looping....
DEBUG:root:This is the line: drive:-29.478:-38.988

DEBUG:root:We got command: drive
DEBUG:root:We got a drive command: rawX:-38.988000 and rawY:-29.478000
DEBUG:root:Reverse to the Left/Straight
DEBUG:root:Left=9.510000 Right=-38.988000
DEBUG:root:ScaledLeft: 396.397500 ScaledRight: 287.277000
INFO:root:Looping....
DEBUG:root:This is the line: drive:-28.571:-37.684

DEBUG:root:We got command: drive
DEBUG:root:We got a drive command: rawX:-37.684000 and rawY:-28.571000
DEBUG:root:Reverse to the Left/Straight
DEBUG:root:Left=9.113000 Right=-37.684000
DEBUG:root:ScaledLeft: 395.504250 ScaledRight: 290.211000
INFO:root:Looping....
DEBUG:root:This is the line: drive:-27.835:-36.137

DEBUG:root:We got command: drive
DEBUG:root:We got a drive command: rawX:-36.137000 and rawY:-27.835000
DEBUG:root:Reverse to the Left/Straight
DEBUG:root:Left=8.302000 Right=-36.137000
DEBUG:root:ScaledLeft: 393.679500 ScaledRight: 293.691750
INFO:root:Looping....
DEBUG:root:This is the line: drive:-27.143:-34.182

DEBUG:root:We got command: drive
DEBUG:root:We got a drive command: rawX:-34.182000 and rawY:-27.143000
DEBUG:root:Reverse to the Left/Straight
DEBUG:root:Left=7.039000 Right=-34.182000
DEBUG:root:ScaledLeft: 390.837750 ScaledRight: 298.090500
INFO:root:Looping....
DEBUG:root:This is the line: drive:-26.429:-32.589

DEBUG:root:We got command: drive
DEBUG:root:We got a drive command: rawX:-32.589000 and rawY:-26.429000
DEBUG:root:Reverse to the Left/Straight
DEBUG:root:Left=6.160000 Right=-32.589000
DEBUG:root:ScaledLeft: 388.860000 ScaledRight: 301.674750
INFO:root:Looping....
DEBUG:root:This is the line: drive:-25.773:-30.716

DEBUG:root:We got command: drive
DEBUG:root:We got a drive command: rawX:-30.716000 and rawY:-25.773000
DEBUG:root:Reverse to the Left/Straight
DEBUG:root:Left=4.943000 Right=-30.716000
DEBUG:root:ScaledLeft: 386.121750 ScaledRight: 305.889000
INFO:root:Looping....
DEBUG:root:This is the line: drive:-25.041:-29.061

DEBUG:root:We got command: drive
DEBUG:root:We got a drive command: rawX:-29.061000 and rawY:-25.041000
DEBUG:root:Reverse to the Left/Straight
DEBUG:root:Left=4.020000 Right=-29.061000
DEBUG:root:ScaledLeft: 384.045000 ScaledRight: 309.612750
INFO:root:Looping....
DEBUG:root:This is the line: drive:-24.387:-27.486

DEBUG:root:We got command: drive
DEBUG:root:We got a drive command: rawX:-27.486000 and rawY:-24.387000
DEBUG:root:Reverse to the Left/Straight
DEBUG:root:Left=3.099000 Right=-27.486000
DEBUG:root:ScaledLeft: 381.972750 ScaledRight: 313.156500
INFO:root:Looping....
DEBUG:root:This is the line: drive:-24.0:-26.172

DEBUG:root:We got command: drive
DEBUG:root:We got a drive command: rawX:-26.172000 and rawY:-24.000000
DEBUG:root:Reverse to the Left/Straight
DEBUG:root:Left=2.172000 Right=-26.172000
DEBUG:root:ScaledLeft: 379.887000 ScaledRight: 316.113000
INFO:root:Looping....
DEBUG:root:This is the line: drive:-23.51:-24.788

DEBUG:root:We got command: drive
DEBUG:root:We got a drive command: rawX:-24.788000 and rawY:-23.510000
DEBUG:root:Reverse to the Left/Straight
DEBUG:root:Left=1.278000 Right=-24.788000
DEBUG:root:ScaledLeft: 377.875500 ScaledRight: 319.227000
INFO:root:Looping....
DEBUG:root:This is the line: drive:-22.488:-22.917

DEBUG:root:We got command: drive
DEBUG:root:We got a drive command: rawX:-22.917000 and rawY:-22.488000
DEBUG:root:Reverse to the Left/Straight
DEBUG:root:Left=0.429000 Right=-22.917000
DEBUG:root:ScaledLeft: 375.965250 ScaledRight: 323.436750
INFO:root:Looping....
DEBUG:root:This is the line: drive:-22.571:-22.173

DEBUG:root:We got command: drive
DEBUG:root:We got a drive command: rawX:-22.173000 and rawY:-22.571000
DEBUG:root:Reverse to the Left/Straight
DEBUG:root:Left=-0.398000 Right=-22.173000
DEBUG:root:ScaledLeft: 374.104500 ScaledRight: 325.110750
INFO:root:Looping....
DEBUG:root:This is the line: drive:-22.571:-20.982

DEBUG:root:We got command: drive
DEBUG:root:We got a drive command: rawX:-20.982000 and rawY:-22.571000
DEBUG:root:Reverse to the Left/Straight
DEBUG:root:Left=-1.589000 Right=-20.982000
DEBUG:root:ScaledLeft: 371.424750 ScaledRight: 327.790500
INFO:root:Looping....
DEBUG:root:This is the line: drive:-22.286:-20.778

DEBUG:root:We got command: drive
DEBUG:root:We got a drive command: rawX:-20.778000 and rawY:-22.286000
DEBUG:root:Reverse to the Left/Straight
DEBUG:root:Left=-1.508000 Right=-20.778000
DEBUG:root:ScaledLeft: 371.607000 ScaledRight: 328.249500
INFO:root:Looping....
DEBUG:root:This is the line: drive:-21.429:-19.134

DEBUG:root:We got command: drive
DEBUG:root:We got a drive command: rawX:-19.134000 and rawY:-21.429000
DEBUG:root:Reverse to the Left/Straight
DEBUG:root:Left=-2.295000 Right=-19.134000
DEBUG:root:ScaledLeft: 369.836250 ScaledRight: 331.948500
INFO:root:Looping....
DEBUG:root:This is the line: drive:-20.857:-18.31

DEBUG:root:We got command: drive
DEBUG:root:We got a drive command: rawX:-18.310000 and rawY:-20.857000
DEBUG:root:Reverse to the Left/Straight
DEBUG:root:Left=-2.547000 Right=-18.310000
DEBUG:root:ScaledLeft: 369.269250 ScaledRight: 333.802500
INFO:root:Looping....
DEBUG:root:This is the line: drive:-20.857:-17.708

DEBUG:root:We got command: drive
DEBUG:root:We got a drive command: rawX:-17.708000 and rawY:-20.857000
DEBUG:root:Reverse to the Left/Straight
DEBUG:root:Left=-3.149000 Right=-17.708000
DEBUG:root:ScaledLeft: 367.914750 ScaledRight: 335.157000
INFO:root:Looping....
DEBUG:root:This is the line: drive:-20.571:-15.555

DEBUG:root:We got command: drive
DEBUG:root:We got a drive command: rawX:-15.555000 and rawY:-20.571000
DEBUG:root:Reverse to the Left/Straight
DEBUG:root:Left=-5.016000 Right=-15.555000
DEBUG:root:ScaledLeft: 363.714000 ScaledRight: 340.001250
INFO:root:Looping....
DEBUG:root:This is the line: drive:-20.571:-14.435

DEBUG:root:We got command: drive
DEBUG:root:We got a drive command: rawX:-14.435000 and rawY:-20.571000
DEBUG:root:Reverse to the Left/Straight
DEBUG:root:Left=-6.136000 Right=-14.435000
DEBUG:root:ScaledLeft: 361.194000 ScaledRight: 342.521250
INFO:root:Looping....
DEBUG:root:This is the line: drive:-20.571:-14.435

DEBUG:root:We got command: drive
DEBUG:root:We got a drive command: rawX:-14.435000 and rawY:-20.571000
DEBUG:root:Reverse to the Left/Straight
DEBUG:root:Left=-6.136000 Right=-14.435000
DEBUG:root:ScaledLeft: 361.194000 ScaledRight: 342.521250
INFO:root:Looping....
DEBUG:root:This is the line: drive:-20.234:-13.637

DEBUG:root:We got command: drive
DEBUG:root:We got a drive command: rawX:-13.637000 and rawY:-20.234000
DEBUG:root:Reverse to the Left/Straight
DEBUG:root:Left=-6.597000 Right=-13.637000
DEBUG:root:ScaledLeft: 360.156750 ScaledRight: 344.316750
INFO:root:Looping....
DEBUG:root:This is the line: drive:-20.286:-12.044

DEBUG:root:We got command: drive
DEBUG:root:We got a drive command: rawX:-12.044000 and rawY:-20.286000
DEBUG:root:Reverse to the Left/Straight
DEBUG:root:Left=-8.242000 Right=-12.044000
DEBUG:root:ScaledLeft: 356.455500 ScaledRight: 347.901000
INFO:root:Looping....
DEBUG:root:This is the line: drive:-20.0:-10.565

DEBUG:root:We got command: drive
DEBUG:root:We got a drive command: rawX:-10.565000 and rawY:-20.000000
DEBUG:root:Reverse to the Left/Straight
DEBUG:root:Left=-9.435000 Right=-10.565000
DEBUG:root:ScaledLeft: 353.771250 ScaledRight: 351.228750
INFO:root:Looping....
DEBUG:root:This is the line: drive:-19.377:-10.065

DEBUG:root:We got command: drive
DEBUG:root:We got a drive command: rawX:-10.065000 and rawY:-19.377000
DEBUG:root:Reverse to the Left/Straight
DEBUG:root:Left=-9.312000 Right=-10.065000
DEBUG:root:ScaledLeft: 354.048000 ScaledRight: 352.353750
INFO:root:Looping....
DEBUG:root:This is the line: drive:-19.429:-7.887

DEBUG:root:We got command: drive
DEBUG:root:We got a drive command: rawX:-7.887000 and rawY:-19.429000
DEBUG:root:Reverse to the Left/Straight
DEBUG:root:Left=-11.542000 Right=-7.887000
DEBUG:root:ScaledLeft: 349.030500 ScaledRight: 357.254250
INFO:root:Looping....
DEBUG:root:This is the line: drive:-19.143:-6.399

DEBUG:root:We got command: drive
DEBUG:root:We got a drive command: rawX:-6.399000 and rawY:-19.143000
DEBUG:root:Reverse to the Left/Straight
DEBUG:root:Left=-12.744000 Right=-6.399000
DEBUG:root:ScaledLeft: 346.326000 ScaledRight: 360.602250
INFO:root:Looping....
DEBUG:root:This is the line: drive:-18.933:-5.952

DEBUG:root:We got command: drive
DEBUG:root:We got a drive command: rawX:-5.952000 and rawY:-18.933000
DEBUG:root:Reverse to the Left/Straight
DEBUG:root:Left=-12.981000 Right=-5.952000
DEBUG:root:ScaledLeft: 345.792750 ScaledRight: 361.608000
INFO:root:Looping....
DEBUG:root:This is the line: drive:-18.857:-5.534

DEBUG:root:We got command: drive
DEBUG:root:We got a drive command: rawX:-5.534000 and rawY:-18.857000
DEBUG:root:Reverse to the Left/Straight
DEBUG:root:Left=-13.323000 Right=-5.534000
DEBUG:root:ScaledLeft: 345.023250 ScaledRight: 362.548500
INFO:root:Looping....
DEBUG:root:This is the line: drive:-18.491:-5.357

DEBUG:root:We got command: drive
DEBUG:root:We got a drive command: rawX:-5.357000 and rawY:-18.491000
DEBUG:root:Reverse to the Left/Straight
DEBUG:root:Left=-13.134000 Right=-5.357000
DEBUG:root:ScaledLeft: 345.448500 ScaledRight: 362.946750
INFO:root:Looping....
DEBUG:root:This is the line: drive:-18.491:-5.357

DEBUG:root:We got command: drive
DEBUG:root:We got a drive command: rawX:-5.357000 and rawY:-18.491000
DEBUG:root:Reverse to the Left/Straight
DEBUG:root:Left=-13.134000 Right=-5.357000
DEBUG:root:ScaledLeft: 345.448500 ScaledRight: 362.946750
INFO:root:Looping....
DEBUG:root:This is the line: drive:-18.26:-5.357

DEBUG:root:We got command: drive
DEBUG:root:We got a drive command: rawX:-5.357000 and rawY:-18.260000
DEBUG:root:Reverse to the Left/Straight
DEBUG:root:Left=-12.903000 Right=-5.357000
DEBUG:root:ScaledLeft: 345.968250 ScaledRight: 362.946750
INFO:root:Looping....
DEBUG:root:This is the line: drive:-18.286:-5.059

DEBUG:root:We got command: drive
DEBUG:root:We got a drive command: rawX:-5.059000 and rawY:-18.286000
DEBUG:root:Reverse to the Left/Straight
DEBUG:root:Left=-13.227000 Right=-5.059000
DEBUG:root:ScaledLeft: 345.239250 ScaledRight: 363.617250
INFO:root:Looping....
DEBUG:root:This is the line: drive:-18.0:-4.749

DEBUG:root:We got command: drive
DEBUG:root:We got a drive command: rawX:-4.749000 and rawY:-18.000000
DEBUG:root:Reverse to the Left/Straight
DEBUG:root:Left=-13.251000 Right=-4.749000
DEBUG:root:ScaledLeft: 345.185250 ScaledRight: 364.314750
INFO:root:Looping....
DEBUG:root:This is the line: drive:-17.657:-4.762

DEBUG:root:We got command: drive
DEBUG:root:We got a drive command: rawX:-4.762000 and rawY:-17.657000
DEBUG:root:Reverse to the Left/Straight
DEBUG:root:Left=-12.895000 Right=-4.762000
DEBUG:root:ScaledLeft: 345.986250 ScaledRight: 364.285500
INFO:root:Looping....
DEBUG:root:This is the line: drive:-17.714:-4.448

DEBUG:root:We got command: drive
DEBUG:root:We got a drive command: rawX:-4.448000 and rawY:-17.714000
DEBUG:root:Reverse to the Left/Straight
DEBUG:root:Left=-13.266000 Right=-4.448000
DEBUG:root:ScaledLeft: 345.151500 ScaledRight: 364.992000
INFO:root:Looping....
DEBUG:root:This is the line: drive:-17.286:-4.464

DEBUG:root:We got command: drive
DEBUG:root:We got a drive command: rawX:-4.464000 and rawY:-17.286000
DEBUG:root:Reverse to the Left/Straight
DEBUG:root:Left=-12.822000 Right=-4.464000
DEBUG:root:ScaledLeft: 346.150500 ScaledRight: 364.956000
INFO:root:Looping....
DEBUG:root:This is the line: drive:-17.429:-4.15

DEBUG:root:We got command: drive
DEBUG:root:We got a drive command: rawX:-4.150000 and rawY:-17.429000
DEBUG:root:Reverse to the Left/Straight
DEBUG:root:Left=-13.279000 Right=-4.150000
DEBUG:root:ScaledLeft: 345.122250 ScaledRight: 365.662500
INFO:root:Looping....
DEBUG:root:This is the line: drive:-17.136:-3.869

DEBUG:root:We got command: drive
DEBUG:root:We got a drive command: rawX:-3.869000 and rawY:-17.136000
DEBUG:root:Reverse to the Left/Straight
DEBUG:root:Left=-13.267000 Right=-3.869000
DEBUG:root:ScaledLeft: 345.149250 ScaledRight: 366.294750
INFO:root:Looping....
DEBUG:root:This is the line: drive:-17.143:-3.423

DEBUG:root:We got command: drive
DEBUG:root:We got a drive command: rawX:-3.423000 and rawY:-17.143000
DEBUG:root:Reverse to the Left/Straight
DEBUG:root:Left=-13.720000 Right=-3.423000
DEBUG:root:ScaledLeft: 344.130000 ScaledRight: 367.298250
INFO:root:Looping....
DEBUG:root:This is the line: drive:-17.143:-3.423

DEBUG:root:We got command: drive
DEBUG:root:We got a drive command: rawX:-3.423000 and rawY:-17.143000
DEBUG:root:Reverse to the Left/Straight
DEBUG:root:Left=-13.720000 Right=-3.423000
DEBUG:root:ScaledLeft: 344.130000 ScaledRight: 367.298250
INFO:root:Looping....
DEBUG:root:This is the line: drive:-16.857:-2.913

DEBUG:root:We got command: drive
DEBUG:root:We got a drive command: rawX:-2.913000 and rawY:-16.857000
DEBUG:root:Reverse to the Left/Straight
DEBUG:root:Left=-13.944000 Right=-2.913000
DEBUG:root:ScaledLeft: 343.626000 ScaledRight: 368.445750
INFO:root:Looping....
DEBUG:root:This is the line: drive:-16.857:-2.53

DEBUG:root:We got command: drive
DEBUG:root:We got a drive command: rawX:-2.530000 and rawY:-16.857000
DEBUG:root:Reverse to the Left/Straight
DEBUG:root:Left=-14.327000 Right=-2.530000
DEBUG:root:ScaledLeft: 342.764250 ScaledRight: 369.307500
INFO:root:Looping....
DEBUG:root:This is the line: drive:-16.857:-1.534

DEBUG:root:We got command: drive
DEBUG:root:We got a drive command: rawX:-1.534000 and rawY:-16.857000
DEBUG:root:Reverse to the Left/Straight
DEBUG:root:Left=-15.323000 Right=-1.534000
DEBUG:root:ScaledLeft: 340.523250 ScaledRight: 371.548500
INFO:root:Looping....
DEBUG:root:This is the line: drive:-16.857:-0.149

DEBUG:root:We got command: drive
DEBUG:root:We got a drive command: rawX:-0.149000 and rawY:-16.857000
DEBUG:root:Reverse to the Left/Straight
DEBUG:root:Left=-16.708000 Right=-0.149000
DEBUG:root:ScaledLeft: 337.407000 ScaledRight: 374.664750
INFO:root:Looping....
DEBUG:root:This is the line: drive:-16.857:0.785

DEBUG:root:We got command: drive
DEBUG:root:We got a drive command: rawX:0.785000 and rawY:-16.857000
DEBUG:root:Reverse to the Right
DEBUG:root:Left=-0.785000 Right=17.642000
DEBUG:root:ScaledLeft: 373.233750 ScaledRight: 414.694500
INFO:root:Looping....
DEBUG:root:This is the line: drive:-16.857:2.904

DEBUG:root:We got command: drive
DEBUG:root:We got a drive command: rawX:2.904000 and rawY:-16.857000
DEBUG:root:Reverse to the Right
DEBUG:root:Left=-2.904000 Right=19.761000
DEBUG:root:ScaledLeft: 368.466000 ScaledRight: 419.462250
INFO:root:Looping....
DEBUG:root:This is the line: drive:-16.857:5.128

DEBUG:root:We got command: drive
DEBUG:root:We got a drive command: rawX:5.128000 and rawY:-16.857000
DEBUG:root:Reverse to the Right
DEBUG:root:Left=-5.128000 Right=21.985000
DEBUG:root:ScaledLeft: 363.462000 ScaledRight: 424.466250
INFO:root:Looping....
DEBUG:root:This is the line: drive:-16.857:7.423

DEBUG:root:We got command: drive
DEBUG:root:We got a drive command: rawX:7.423000 and rawY:-16.857000
DEBUG:root:Reverse to the Right
DEBUG:root:Left=-7.423000 Right=24.280000
DEBUG:root:ScaledLeft: 358.298250 ScaledRight: 429.630000
INFO:root:Looping....
DEBUG:root:This is the line: drive:-16.571:8.56

DEBUG:root:We got command: drive
DEBUG:root:We got a drive command: rawX:8.560000 and rawY:-16.571000
DEBUG:root:Reverse to the Right
DEBUG:root:Left=-8.560000 Right=25.131000
DEBUG:root:ScaledLeft: 355.740000 ScaledRight: 431.544750
INFO:root:Looping....
DEBUG:root:This is the line: drive:-16.0:9.751

DEBUG:root:We got command: drive
DEBUG:root:We got a drive command: rawX:9.751000 and rawY:-16.000000
DEBUG:root:Reverse to the Right
DEBUG:root:Left=-9.751000 Right=25.751000
DEBUG:root:ScaledLeft: 353.060250 ScaledRight: 432.939750
INFO:root:Looping....
DEBUG:root:This is the line: drive:-16.0:12.18

DEBUG:root:We got command: drive
DEBUG:root:We got a drive command: rawX:12.180000 and rawY:-16.000000
DEBUG:root:Reverse to the Right
DEBUG:root:Left=-12.180000 Right=28.180000
DEBUG:root:ScaledLeft: 347.595000 ScaledRight: 438.405000
INFO:root:Looping....
DEBUG:root:This is the line: drive:-15.573:13.242

DEBUG:root:We got command: drive
DEBUG:root:We got a drive command: rawX:13.242000 and rawY:-15.573000
DEBUG:root:Reverse to the Right
DEBUG:root:Left=-13.242000 Right=28.815000
DEBUG:root:ScaledLeft: 345.205500 ScaledRight: 439.833750
INFO:root:Looping....
DEBUG:root:This is the line: drive:-15.429:14.11

DEBUG:root:We got command: drive
DEBUG:root:We got a drive command: rawX:14.110000 and rawY:-15.429000
DEBUG:root:Reverse to the Right
DEBUG:root:Left=-14.110000 Right=29.539000
DEBUG:root:ScaledLeft: 343.252500 ScaledRight: 441.462750
INFO:root:Looping....
DEBUG:root:This is the line: drive:-15.429:14.888

DEBUG:root:We got command: drive
DEBUG:root:We got a drive command: rawX:14.888000 and rawY:-15.429000
DEBUG:root:Reverse to the Right
DEBUG:root:Left=-14.888000 Right=30.317000
DEBUG:root:ScaledLeft: 341.502000 ScaledRight: 443.213250
INFO:root:Looping....
DEBUG:root:This is the line: drive:-15.429:15.625

DEBUG:root:We got command: drive
DEBUG:root:We got a drive command: rawX:15.625000 and rawY:-15.429000
DEBUG:root:Reverse to the Right
DEBUG:root:Left=-15.625000 Right=31.054000
DEBUG:root:ScaledLeft: 339.843750 ScaledRight: 444.871500
INFO:root:Looping....
DEBUG:root:This is the line: drive:-15.143:16.782

DEBUG:root:We got command: drive
DEBUG:root:We got a drive command: rawX:16.782000 and rawY:-15.143000
DEBUG:root:Reverse to the Right
DEBUG:root:Left=-16.782000 Right=31.925000
DEBUG:root:ScaledLeft: 337.240500 ScaledRight: 446.831250
INFO:root:Looping....
DEBUG:root:This is the line: drive:-14.857:18.221

DEBUG:root:We got command: drive
DEBUG:root:We got a drive command: rawX:18.221000 and rawY:-14.857000
DEBUG:root:Reverse to the Right
DEBUG:root:Left=-18.221000 Right=33.078000
DEBUG:root:ScaledLeft: 334.002750 ScaledRight: 449.425500
INFO:root:Looping....
DEBUG:root:This is the line: drive:-14.571:18.601

DEBUG:root:We got command: drive
DEBUG:root:We got a drive command: rawX:18.601000 and rawY:-14.571000
DEBUG:root:Reverse to the Right
DEBUG:root:Left=-18.601000 Right=33.172000
DEBUG:root:ScaledLeft: 333.147750 ScaledRight: 449.637000
INFO:root:Looping....
DEBUG:root:This is the line: drive:-14.571:19.196

DEBUG:root:We got command: drive
DEBUG:root:We got a drive command: rawX:19.196000 and rawY:-14.571000
DEBUG:root:Reverse to the Right
DEBUG:root:Left=-19.196000 Right=33.767000
DEBUG:root:ScaledLeft: 331.809000 ScaledRight: 450.975750
INFO:root:Looping....
DEBUG:root:This is the line: drive:-14.571:19.792

DEBUG:root:We got command: drive
DEBUG:root:We got a drive command: rawX:19.792000 and rawY:-14.571000
DEBUG:root:Reverse to the Right
DEBUG:root:Left=-19.792000 Right=34.363000
DEBUG:root:ScaledLeft: 330.468000 ScaledRight: 452.316750
INFO:root:Looping....
DEBUG:root:This is the line: drive:-14.571:20.307

DEBUG:root:We got command: drive
DEBUG:root:We got a drive command: rawX:20.307000 and rawY:-14.571000
DEBUG:root:Reverse to the Right
DEBUG:root:Left=-20.307000 Right=34.878000
DEBUG:root:ScaledLeft: 329.309250 ScaledRight: 453.475500
INFO:root:Looping....
DEBUG:root:This is the line: drive:-14.571:20.602

DEBUG:root:We got command: drive
DEBUG:root:We got a drive command: rawX:20.602000 and rawY:-14.571000
DEBUG:root:Reverse to the Right
DEBUG:root:Left=-20.602000 Right=35.173000
DEBUG:root:ScaledLeft: 328.645500 ScaledRight: 454.139250
INFO:root:Looping....
DEBUG:root:This is the line: drive:-14.571:20.602

DEBUG:root:We got command: drive
DEBUG:root:We got a drive command: rawX:20.602000 and rawY:-14.571000
DEBUG:root:Reverse to the Right
DEBUG:root:Left=-20.602000 Right=35.173000
DEBUG:root:ScaledLeft: 328.645500 ScaledRight: 454.139250
INFO:root:Looping....
DEBUG:root:This is the line: drive:-14.571:20.834

DEBUG:root:We got command: drive
DEBUG:root:We got a drive command: rawX:20.834000 and rawY:-14.571000
DEBUG:root:Reverse to the Right
DEBUG:root:Left=-20.834000 Right=35.405000
DEBUG:root:ScaledLeft: 328.123500 ScaledRight: 454.661250
INFO:root:Looping....
DEBUG:root:This is the line: drive:-14.571:21.142

DEBUG:root:We got command: drive
DEBUG:root:We got a drive command: rawX:21.142000 and rawY:-14.571000
DEBUG:root:Reverse to the Right
DEBUG:root:Left=-21.142000 Right=35.713000
DEBUG:root:ScaledLeft: 327.430500 ScaledRight: 455.354250
INFO:root:Looping....
DEBUG:root:This is the line: drive:-14.571:21.142

DEBUG:root:We got command: drive
DEBUG:root:We got a drive command: rawX:21.142000 and rawY:-14.571000
DEBUG:root:Reverse to the Right
DEBUG:root:Left=-21.142000 Right=35.713000
DEBUG:root:ScaledLeft: 327.430500 ScaledRight: 455.354250
INFO:root:Looping....
DEBUG:root:This is the line: drive:-14.571:21.142

DEBUG:root:We got command: drive
DEBUG:root:We got a drive command: rawX:21.142000 and rawY:-14.571000
DEBUG:root:Reverse to the Right
DEBUG:root:Left=-21.142000 Right=35.713000
DEBUG:root:ScaledLeft: 327.430500 ScaledRight: 455.354250
INFO:root:Looping....
DEBUG:root:This is the line: drive:-14.571:21.142

DEBUG:root:We got command: drive
DEBUG:root:We got a drive command: rawX:21.142000 and rawY:-14.571000
DEBUG:root:Reverse to the Right
DEBUG:root:Left=-21.142000 Right=35.713000
DEBUG:root:ScaledLeft: 327.430500 ScaledRight: 455.354250
INFO:root:Looping....
DEBUG:root:This is the line: drive:-14.571:21.429

DEBUG:root:We got command: drive
DEBUG:root:We got a drive command: rawX:21.429000 and rawY:-14.571000
DEBUG:root:Reverse to the Right
DEBUG:root:Left=-21.429000 Right=36.000000
DEBUG:root:ScaledLeft: 326.784750 ScaledRight: 456.000000
INFO:root:Looping....
DEBUG:root:This is the line: drive:-14.252:21.429

DEBUG:root:We got command: drive
DEBUG:root:We got a drive command: rawX:21.429000 and rawY:-14.252000
DEBUG:root:Reverse to the Right
DEBUG:root:Left=-21.429000 Right=35.681000
DEBUG:root:ScaledLeft: 326.784750 ScaledRight: 455.282250
INFO:root:Looping....
DEBUG:root:This is the line: drive:-14.252:21.429

DEBUG:root:We got command: drive
DEBUG:root:We got a drive command: rawX:21.429000 and rawY:-14.252000
DEBUG:root:Reverse to the Right
DEBUG:root:Left=-21.429000 Right=35.681000
DEBUG:root:ScaledLeft: 326.784750 ScaledRight: 455.282250
INFO:root:Looping....
DEBUG:root:This is the line: drive:-14.252:21.429

DEBUG:root:We got command: drive
DEBUG:root:We got a drive command: rawX:21.429000 and rawY:-14.252000
DEBUG:root:Reverse to the Right
DEBUG:root:Left=-21.429000 Right=35.681000
DEBUG:root:ScaledLeft: 326.784750 ScaledRight: 455.282250
INFO:root:Looping....
DEBUG:root:This is the line: drive:-14.252:21.429

DEBUG:root:We got command: drive
DEBUG:root:We got a drive command: rawX:21.429000 and rawY:-14.252000
DEBUG:root:Reverse to the Right
DEBUG:root:Left=-21.429000 Right=35.681000
DEBUG:root:ScaledLeft: 326.784750 ScaledRight: 455.282250
INFO:root:Looping....
DEBUG:root:This is the line: drive:-14.252:21.429

DEBUG:root:We got command: drive
DEBUG:root:We got a drive command: rawX:21.429000 and rawY:-14.252000
DEBUG:root:Reverse to the Right
DEBUG:root:Left=-21.429000 Right=35.681000
DEBUG:root:ScaledLeft: 326.784750 ScaledRight: 455.282250
INFO:root:Looping....
DEBUG:root:This is the line: drive:-14.252:21.429

DEBUG:root:We got command: drive
DEBUG:root:We got a drive command: rawX:21.429000 and rawY:-14.252000
DEBUG:root:Reverse to the Right
DEBUG:root:Left=-21.429000 Right=35.681000
DEBUG:root:ScaledLeft: 326.784750 ScaledRight: 455.282250
INFO:root:Looping....
DEBUG:root:This is the line: drive:-14.252:21.429

DEBUG:root:We got command: drive
DEBUG:root:We got a drive command: rawX:21.429000 and rawY:-14.252000
DEBUG:root:Reverse to the Right
DEBUG:root:Left=-21.429000 Right=35.681000
DEBUG:root:ScaledLeft: 326.784750 ScaledRight: 455.282250
INFO:root:Looping....
DEBUG:root:This is the line: drive:-14.252:21.429

DEBUG:root:We got command: drive
DEBUG:root:We got a drive command: rawX:21.429000 and rawY:-14.252000
DEBUG:root:Reverse to the Right
DEBUG:root:Left=-21.429000 Right=35.681000
DEBUG:root:ScaledLeft: 326.784750 ScaledRight: 455.282250
INFO:root:Looping....
DEBUG:root:This is the line: drive:-14.252:21.429

DEBUG:root:We got command: drive
DEBUG:root:We got a drive command: rawX:21.429000 and rawY:-14.252000
DEBUG:root:Reverse to the Right
DEBUG:root:Left=-21.429000 Right=35.681000
DEBUG:root:ScaledLeft: 326.784750 ScaledRight: 455.282250
INFO:root:Looping....
DEBUG:root:This is the line: drive:-14.252:21.429

DEBUG:root:We got command: drive
DEBUG:root:We got a drive command: rawX:21.429000 and rawY:-14.252000
DEBUG:root:Reverse to the Right
DEBUG:root:Left=-21.429000 Right=35.681000
DEBUG:root:ScaledLeft: 326.784750 ScaledRight: 455.282250
INFO:root:Looping....
DEBUG:root:This is the line: drive:-14.252:21.429

DEBUG:root:We got command: drive
DEBUG:root:We got a drive command: rawX:21.429000 and rawY:-14.252000
DEBUG:root:Reverse to the Right
DEBUG:root:Left=-21.429000 Right=35.681000
DEBUG:root:ScaledLeft: 326.784750 ScaledRight: 455.282250
INFO:root:Looping....
DEBUG:root:This is the line: drive:-14.252:21.429

DEBUG:root:We got command: drive
DEBUG:root:We got a drive command: rawX:21.429000 and rawY:-14.252000
DEBUG:root:Reverse to the Right
DEBUG:root:Left=-21.429000 Right=35.681000
DEBUG:root:ScaledLeft: 326.784750 ScaledRight: 455.282250
INFO:root:Looping....
DEBUG:root:This is the line: drive:-14.252:21.429

DEBUG:root:We got command: drive
DEBUG:root:We got a drive command: rawX:21.429000 and rawY:-14.252000
DEBUG:root:Reverse to the Right
DEBUG:root:Left=-21.429000 Right=35.681000
DEBUG:root:ScaledLeft: 326.784750 ScaledRight: 455.282250
INFO:root:Looping....
DEBUG:root:This is the line: drive:-14.252:21.429

DEBUG:root:We got command: drive
DEBUG:root:We got a drive command: rawX:21.429000 and rawY:-14.252000
DEBUG:root:Reverse to the Right
DEBUG:root:Left=-21.429000 Right=35.681000
DEBUG:root:ScaledLeft: 326.784750 ScaledRight: 455.282250
INFO:root:Looping....
DEBUG:root:This is the line: drive:-14.252:21.429

DEBUG:root:We got command: drive
DEBUG:root:We got a drive command: rawX:21.429000 and rawY:-14.252000
DEBUG:root:Reverse to the Right
DEBUG:root:Left=-21.429000 Right=35.681000
DEBUG:root:ScaledLeft: 326.784750 ScaledRight: 455.282250
INFO:root:Looping....
DEBUG:root:This is the line: drive:-14.252:21.429

DEBUG:root:We got command: drive
DEBUG:root:We got a drive command: rawX:21.429000 and rawY:-14.252000
DEBUG:root:Reverse to the Right
DEBUG:root:Left=-21.429000 Right=35.681000
DEBUG:root:ScaledLeft: 326.784750 ScaledRight: 455.282250
INFO:root:Looping....
DEBUG:root:This is the line: drive:-14.252:21.429

DEBUG:root:We got command: drive
DEBUG:root:We got a drive command: rawX:21.429000 and rawY:-14.252000
DEBUG:root:Reverse to the Right
DEBUG:root:Left=-21.429000 Right=35.681000
DEBUG:root:ScaledLeft: 326.784750 ScaledRight: 455.282250
INFO:root:Looping....
DEBUG:root:This is the line: drive:-14.252:21.429

DEBUG:root:We got command: drive
DEBUG:root:We got a drive command: rawX:21.429000 and rawY:-14.252000
DEBUG:root:Reverse to the Right
DEBUG:root:Left=-21.429000 Right=35.681000
DEBUG:root:ScaledLeft: 326.784750 ScaledRight: 455.282250
INFO:root:Looping....
DEBUG:root:This is the line: drive:-14.252:21.429

DEBUG:root:We got command: drive
DEBUG:root:We got a drive command: rawX:21.429000 and rawY:-14.252000
DEBUG:root:Reverse to the Right
DEBUG:root:Left=-21.429000 Right=35.681000
DEBUG:root:ScaledLeft: 326.784750 ScaledRight: 455.282250
INFO:root:Looping....
DEBUG:root:This is the line: drive:-14.252:21.429

DEBUG:root:We got command: drive
DEBUG:root:We got a drive command: rawX:21.429000 and rawY:-14.252000
DEBUG:root:Reverse to the Right
DEBUG:root:Left=-21.429000 Right=35.681000
DEBUG:root:ScaledLeft: 326.784750 ScaledRight: 455.282250
INFO:root:Looping....
DEBUG:root:This is the line: drive:-14.252:21.429

DEBUG:root:We got command: drive
DEBUG:root:We got a drive command: rawX:21.429000 and rawY:-14.252000
DEBUG:root:Reverse to the Right
DEBUG:root:Left=-21.429000 Right=35.681000
DEBUG:root:ScaledLeft: 326.784750 ScaledRight: 455.282250
INFO:root:Looping....
DEBUG:root:This is the line: drive:-14.252:21.429

DEBUG:root:We got command: drive
DEBUG:root:We got a drive command: rawX:21.429000 and rawY:-14.252000
DEBUG:root:Reverse to the Right
DEBUG:root:Left=-21.429000 Right=35.681000
DEBUG:root:ScaledLeft: 326.784750 ScaledRight: 455.282250
INFO:root:Looping....
DEBUG:root:This is the line: drive:-14.252:21.429

DEBUG:root:We got command: drive
DEBUG:root:We got a drive command: rawX:21.429000 and rawY:-14.252000
DEBUG:root:Reverse to the Right
DEBUG:root:Left=-21.429000 Right=35.681000
DEBUG:root:ScaledLeft: 326.784750 ScaledRight: 455.282250
INFO:root:Looping....
DEBUG:root:This is the line: drive:-14.252:21.429

DEBUG:root:We got command: drive
DEBUG:root:We got a drive command: rawX:21.429000 and rawY:-14.252000
DEBUG:root:Reverse to the Right
DEBUG:root:Left=-21.429000 Right=35.681000
DEBUG:root:ScaledLeft: 326.784750 ScaledRight: 455.282250
INFO:root:Looping....
DEBUG:root:This is the line: drive:-14.252:21.429

DEBUG:root:We got command: drive
DEBUG:root:We got a drive command: rawX:21.429000 and rawY:-14.252000
DEBUG:root:Reverse to the Right
DEBUG:root:Left=-21.429000 Right=35.681000
DEBUG:root:ScaledLeft: 326.784750 ScaledRight: 455.282250
INFO:root:Looping....
DEBUG:root:This is the line: drive:-14.252:21.429

DEBUG:root:We got command: drive
DEBUG:root:We got a drive command: rawX:21.429000 and rawY:-14.252000
DEBUG:root:Reverse to the Right
DEBUG:root:Left=-21.429000 Right=35.681000
DEBUG:root:ScaledLeft: 326.784750 ScaledRight: 455.282250
INFO:root:Looping....
DEBUG:root:This is the line: drive:-14.252:21.429

DEBUG:root:We got command: drive
DEBUG:root:We got a drive command: rawX:21.429000 and rawY:-14.252000
DEBUG:root:Reverse to the Right
DEBUG:root:Left=-21.429000 Right=35.681000
DEBUG:root:ScaledLeft: 326.784750 ScaledRight: 455.282250
INFO:root:Looping....
DEBUG:root:This is the line: drive:-14.252:21.429

DEBUG:root:We got command: drive
DEBUG:root:We got a drive command: rawX:21.429000 and rawY:-14.252000
DEBUG:root:Reverse to the Right
DEBUG:root:Left=-21.429000 Right=35.681000
DEBUG:root:ScaledLeft: 326.784750 ScaledRight: 455.282250
INFO:root:Looping....
DEBUG:root:This is the line: drive:-14.252:21.429

DEBUG:root:We got command: drive
DEBUG:root:We got a drive command: rawX:21.429000 and rawY:-14.252000
DEBUG:root:Reverse to the Right
DEBUG:root:Left=-21.429000 Right=35.681000
DEBUG:root:ScaledLeft: 326.784750 ScaledRight: 455.282250
INFO:root:Looping....
DEBUG:root:This is the line: drive:-14.252:21.429

DEBUG:root:We got command: drive
DEBUG:root:We got a drive command: rawX:21.429000 and rawY:-14.252000
DEBUG:root:Reverse to the Right
DEBUG:root:Left=-21.429000 Right=35.681000
DEBUG:root:ScaledLeft: 326.784750 ScaledRight: 455.282250
INFO:root:Looping....
DEBUG:root:This is the line: drive:-14.252:21.429

DEBUG:root:We got command: drive
DEBUG:root:We got a drive command: rawX:21.429000 and rawY:-14.252000
DEBUG:root:Reverse to the Right
DEBUG:root:Left=-21.429000 Right=35.681000
DEBUG:root:ScaledLeft: 326.784750 ScaledRight: 455.282250
INFO:root:Looping....
DEBUG:root:This is the line: drive:-14.252:21.429

DEBUG:root:We got command: drive
DEBUG:root:We got a drive command: rawX:21.429000 and rawY:-14.252000
DEBUG:root:Reverse to the Right
DEBUG:root:Left=-21.429000 Right=35.681000
DEBUG:root:ScaledLeft: 326.784750 ScaledRight: 455.282250
INFO:root:Looping....
DEBUG:root:This is the line: drive:-14.252:21.429

DEBUG:root:We got command: drive
DEBUG:root:We got a drive command: rawX:21.429000 and rawY:-14.252000
DEBUG:root:Reverse to the Right
DEBUG:root:Left=-21.429000 Right=35.681000
DEBUG:root:ScaledLeft: 326.784750 ScaledRight: 455.282250
INFO:root:Looping....
DEBUG:root:This is the line: drive:-14.252:21.429

DEBUG:root:We got command: drive
DEBUG:root:We got a drive command: rawX:21.429000 and rawY:-14.252000
DEBUG:root:Reverse to the Right
DEBUG:root:Left=-21.429000 Right=35.681000
DEBUG:root:ScaledLeft: 326.784750 ScaledRight: 455.282250
INFO:root:Looping....
DEBUG:root:This is the line: drive:-14.252:21.429

DEBUG:root:We got command: drive
DEBUG:root:We got a drive command: rawX:21.429000 and rawY:-14.252000
DEBUG:root:Reverse to the Right
DEBUG:root:Left=-21.429000 Right=35.681000
DEBUG:root:ScaledLeft: 326.784750 ScaledRight: 455.282250
INFO:root:Looping....
DEBUG:root:This is the line: drive:-14.252:21.429

DEBUG:root:We got command: drive
DEBUG:root:We got a drive command: rawX:21.429000 and rawY:-14.252000
DEBUG:root:Reverse to the Right
DEBUG:root:Left=-21.429000 Right=35.681000
DEBUG:root:ScaledLeft: 326.784750 ScaledRight: 455.282250
INFO:root:Looping....
DEBUG:root:This is the line: drive:-14.252:21.429

DEBUG:root:We got command: drive
DEBUG:root:We got a drive command: rawX:21.429000 and rawY:-14.252000
DEBUG:root:Reverse to the Right
DEBUG:root:Left=-21.429000 Right=35.681000
DEBUG:root:ScaledLeft: 326.784750 ScaledRight: 455.282250
INFO:root:Looping....
DEBUG:root:This is the line: drive:-14.252:21.429

DEBUG:root:We got command: drive
DEBUG:root:We got a drive command: rawX:21.429000 and rawY:-14.252000
DEBUG:root:Reverse to the Right
DEBUG:root:Left=-21.429000 Right=35.681000
DEBUG:root:ScaledLeft: 326.784750 ScaledRight: 455.282250
INFO:root:Looping....
DEBUG:root:This is the line: drive:-14.252:21.429

DEBUG:root:We got command: drive
DEBUG:root:We got a drive command: rawX:21.429000 and rawY:-14.252000
DEBUG:root:Reverse to the Right
DEBUG:root:Left=-21.429000 Right=35.681000
DEBUG:root:ScaledLeft: 326.784750 ScaledRight: 455.282250
INFO:root:Looping....
DEBUG:root:This is the line: drive:-13.645:21.429

DEBUG:root:We got command: drive
DEBUG:root:We got a drive command: rawX:21.429000 and rawY:-13.645000
DEBUG:root:Reverse to the Right
DEBUG:root:Left=-21.429000 Right=35.074000
DEBUG:root:ScaledLeft: 326.784750 ScaledRight: 453.916500
INFO:root:Looping....
DEBUG:root:This is the line: drive:-12.857:19.654

DEBUG:root:We got command: drive
DEBUG:root:We got a drive command: rawX:19.654000 and rawY:-12.857000
DEBUG:root:Reverse to the Right
DEBUG:root:Left=-19.654000 Right=32.511000
DEBUG:root:ScaledLeft: 330.778500 ScaledRight: 448.149750
INFO:root:Looping....
DEBUG:root:This is the line: drive:-12.0:17.42

DEBUG:root:We got command: drive
DEBUG:root:We got a drive command: rawX:17.420000 and rawY:-12.000000
DEBUG:root:Reverse to the Right
DEBUG:root:Left=-17.420000 Right=29.420000
DEBUG:root:ScaledLeft: 335.805000 ScaledRight: 441.195000
INFO:root:Looping....
DEBUG:root:This is the line: drive:-11.429:15.582

DEBUG:root:We got command: drive
DEBUG:root:We got a drive command: rawX:15.582000 and rawY:-11.429000
DEBUG:root:Reverse to the Right
DEBUG:root:Left=-15.582000 Right=27.011000
DEBUG:root:ScaledLeft: 339.940500 ScaledRight: 435.774750
INFO:root:Looping....
DEBUG:root:This is the line: drive:-11.429:13.351

DEBUG:root:We got command: drive
DEBUG:root:We got a drive command: rawX:13.351000 and rawY:-11.429000
DEBUG:root:Reverse to the Right
DEBUG:root:Left=-13.351000 Right=24.780000
DEBUG:root:ScaledLeft: 344.960250 ScaledRight: 430.755000
INFO:root:Looping....
DEBUG:root:This is the line: drive:-11.143:11.511

DEBUG:root:We got command: drive
DEBUG:root:We got a drive command: rawX:11.511000 and rawY:-11.143000
DEBUG:root:Reverse to the Right
DEBUG:root:Left=-11.511000 Right=22.654000
DEBUG:root:ScaledLeft: 349.100250 ScaledRight: 425.971500
INFO:root:Looping....
DEBUG:root:This is the line: drive:-10.857:10.028

DEBUG:root:We got command: drive
DEBUG:root:We got a drive command: rawX:10.028000 and rawY:-10.857000
DEBUG:root:Reverse to the Right
DEBUG:root:Left=-10.028000 Right=20.885000
DEBUG:root:ScaledLeft: 352.437000 ScaledRight: 421.991250
INFO:root:Looping....
DEBUG:root:This is the line: drive:-10.571:6.613

DEBUG:root:We got command: drive
DEBUG:root:We got a drive command: rawX:6.613000 and rawY:-10.571000
DEBUG:root:Reverse to the Right
DEBUG:root:Left=-6.613000 Right=17.184000
DEBUG:root:ScaledLeft: 360.120750 ScaledRight: 413.664000
INFO:root:Looping....
DEBUG:root:This is the line: drive:-10.006:4.471

DEBUG:root:We got command: drive
DEBUG:root:We got a drive command: rawX:4.471000 and rawY:-10.006000
DEBUG:root:Reverse to the Right
DEBUG:root:Left=-4.471000 Right=14.477000
DEBUG:root:ScaledLeft: 364.940250 ScaledRight: 407.573250
INFO:root:Looping....
DEBUG:root:This is the line: drive:-10.0:2.455

DEBUG:root:We got command: drive
DEBUG:root:We got a drive command: rawX:2.455000 and rawY:-10.000000
DEBUG:root:Reverse to the Right
DEBUG:root:Left=-2.455000 Right=12.455000
DEBUG:root:ScaledLeft: 369.476250 ScaledRight: 403.023750
INFO:root:Looping....
DEBUG:root:This is the line: drive:-9.714:1.381

DEBUG:root:We got command: drive
DEBUG:root:We got a drive command: rawX:1.381000 and rawY:-9.714000
DEBUG:root:Reverse to the Right
DEBUG:root:Left=-1.381000 Right=11.095000
DEBUG:root:ScaledLeft: 371.892750 ScaledRight: 399.963750
INFO:root:Looping....
DEBUG:root:This is the line: drive:-9.429:0.556

DEBUG:root:We got command: drive
DEBUG:root:We got a drive command: rawX:0.556000 and rawY:-9.429000
DEBUG:root:Reverse to the Right
DEBUG:root:Left=-0.556000 Right=9.985000
DEBUG:root:ScaledLeft: 373.749000 ScaledRight: 397.466250
INFO:root:Looping....
DEBUG:root:This is the line: drive:-8.857:-1.809

DEBUG:root:We got command: drive
DEBUG:root:We got a drive command: rawX:-1.809000 and rawY:-8.857000
DEBUG:root:Reverse to the Left/Straight
DEBUG:root:Left=-7.048000 Right=-1.809000
DEBUG:root:ScaledLeft: 359.142000 ScaledRight: 370.929750
INFO:root:Looping....
DEBUG:root:This is the line: drive:-8.571:-2.827

DEBUG:root:We got command: drive
DEBUG:root:We got a drive command: rawX:-2.827000 and rawY:-8.571000
DEBUG:root:Reverse to the Left/Straight
DEBUG:root:Left=-5.744000 Right=-2.827000
DEBUG:root:ScaledLeft: 362.076000 ScaledRight: 368.639250
INFO:root:Looping....
DEBUG:root:This is the line: drive:-8.0:-4.156

DEBUG:root:We got command: drive
DEBUG:root:We got a drive command: rawX:-4.156000 and rawY:-8.000000
DEBUG:root:Reverse to the Left/Straight
DEBUG:root:Left=-3.844000 Right=-4.156000
DEBUG:root:ScaledLeft: 366.351000 ScaledRight: 365.649000
INFO:root:Looping....
DEBUG:root:This is the line: drive:-7.286:-5.06

DEBUG:root:We got command: drive
DEBUG:root:We got a drive command: rawX:-5.060000 and rawY:-7.286000
DEBUG:root:Reverse to the Left/Straight
DEBUG:root:Left=-2.226000 Right=-5.060000
DEBUG:root:ScaledLeft: 369.991500 ScaledRight: 363.615000
INFO:root:Looping....
DEBUG:root:This is the line: drive:-6.834:-5.357

DEBUG:root:We got command: drive
DEBUG:root:We got a drive command: rawX:-5.357000 and rawY:-6.834000
DEBUG:root:Reverse to the Left/Straight
DEBUG:root:Left=-1.477000 Right=-5.357000
DEBUG:root:ScaledLeft: 371.676750 ScaledRight: 362.946750
INFO:root:Looping....
DEBUG:root:This is the line: drive:-6.571:-6.399

DEBUG:root:We got command: drive
DEBUG:root:We got a drive command: rawX:-6.399000 and rawY:-6.571000
DEBUG:root:Reverse to the Left/Straight
DEBUG:root:Left=-0.172000 Right=-6.399000
DEBUG:root:ScaledLeft: 374.613000 ScaledRight: 360.602250
INFO:root:Looping....
DEBUG:root:This is the line: drive:-6.286:-6.952

DEBUG:root:We got command: drive
DEBUG:root:We got a drive command: rawX:-6.952000 and rawY:-6.286000
DEBUG:root:Reverse to the Left/Straight
DEBUG:root:Left=0.666000 Right=-6.952000
DEBUG:root:ScaledLeft: 376.498500 ScaledRight: 359.358000
INFO:root:Looping....
DEBUG:root:This is the line: drive:-6.0:-7.536

DEBUG:root:We got command: drive
DEBUG:root:We got a drive command: rawX:-7.536000 and rawY:-6.000000
DEBUG:root:Reverse to the Left/Straight
DEBUG:root:Left=1.536000 Right=-7.536000
DEBUG:root:ScaledLeft: 378.456000 ScaledRight: 358.044000
INFO:root:Looping....
DEBUG:root:This is the line: drive:-5.6:-7.738

DEBUG:root:We got command: drive
DEBUG:root:We got a drive command: rawX:-7.738000 and rawY:-5.600000
DEBUG:root:Reverse to the Left/Straight
DEBUG:root:Left=2.138000 Right=-7.738000
DEBUG:root:ScaledLeft: 379.810500 ScaledRight: 357.589500
INFO:root:Looping....
DEBUG:root:This is the line: drive:-5.6:-7.738

DEBUG:root:We got command: drive
DEBUG:root:We got a drive command: rawX:-7.738000 and rawY:-5.600000
DEBUG:root:Reverse to the Left/Straight
DEBUG:root:Left=2.138000 Right=-7.738000
DEBUG:root:ScaledLeft: 379.810500 ScaledRight: 357.589500
INFO:root:Looping....
DEBUG:root:This is the line: drive:-5.6:-7.738

DEBUG:root:We got command: drive
DEBUG:root:We got a drive command: rawX:-7.738000 and rawY:-5.600000
DEBUG:root:Reverse to the Left/Straight
DEBUG:root:Left=2.138000 Right=-7.738000
DEBUG:root:ScaledLeft: 379.810500 ScaledRight: 357.589500
INFO:root:Looping....
DEBUG:root:This is the line: drive:-5.6:-7.738

DEBUG:root:We got command: drive
DEBUG:root:We got a drive command: rawX:-7.738000 and rawY:-5.600000
DEBUG:root:Reverse to the Left/Straight
DEBUG:root:Left=2.138000 Right=-7.738000
DEBUG:root:ScaledLeft: 379.810500 ScaledRight: 357.589500
INFO:root:Looping....
DEBUG:root:This is the line: drive:-5.6:-7.738

DEBUG:root:We got command: drive
DEBUG:root:We got a drive command: rawX:-7.738000 and rawY:-5.600000
DEBUG:root:Reverse to the Left/Straight
DEBUG:root:Left=2.138000 Right=-7.738000
DEBUG:root:ScaledLeft: 379.810500 ScaledRight: 357.589500
INFO:root:Looping....
DEBUG:root:This is the line: drive:-5.6:-7.738

DEBUG:root:We got command: drive
DEBUG:root:We got a drive command: rawX:-7.738000 and rawY:-5.600000
DEBUG:root:Reverse to the Left/Straight
DEBUG:root:Left=2.138000 Right=-7.738000
DEBUG:root:ScaledLeft: 379.810500 ScaledRight: 357.589500
INFO:root:Looping....
DEBUG:root:This is the line: drive:-5.6:-7.738

DEBUG:root:We got command: drive
DEBUG:root:We got a drive command: rawX:-7.738000 and rawY:-5.600000
DEBUG:root:Reverse to the Left/Straight
DEBUG:root:Left=2.138000 Right=-7.738000
DEBUG:root:ScaledLeft: 379.810500 ScaledRight: 357.589500
INFO:root:Looping....
DEBUG:root:This is the line: drive:-5.6:-7.738

DEBUG:root:We got command: drive
DEBUG:root:We got a drive command: rawX:-7.738000 and rawY:-5.600000
DEBUG:root:Reverse to the Left/Straight
DEBUG:root:Left=2.138000 Right=-7.738000
DEBUG:root:ScaledLeft: 379.810500 ScaledRight: 357.589500
INFO:root:Looping....
DEBUG:root:This is the line: drive:-5.6:-7.738

DEBUG:root:We got command: drive
DEBUG:root:We got a drive command: rawX:-7.738000 and rawY:-5.600000
DEBUG:root:Reverse to the Left/Straight
DEBUG:root:Left=2.138000 Right=-7.738000
DEBUG:root:ScaledLeft: 379.810500 ScaledRight: 357.589500
INFO:root:Looping....
DEBUG:root:This is the line: drive:-5.6:-7.738

DEBUG:root:We got command: drive
DEBUG:root:We got a drive command: rawX:-7.738000 and rawY:-5.600000
DEBUG:root:Reverse to the Left/Straight
DEBUG:root:Left=2.138000 Right=-7.738000
DEBUG:root:ScaledLeft: 379.810500 ScaledRight: 357.589500
INFO:root:Looping....
DEBUG:root:This is the line: drive:-5.6:-7.738

DEBUG:root:We got command: drive
DEBUG:root:We got a drive command: rawX:-7.738000 and rawY:-5.600000
DEBUG:root:Reverse to the Left/Straight
DEBUG:root:Left=2.138000 Right=-7.738000
DEBUG:root:ScaledLeft: 379.810500 ScaledRight: 357.589500
INFO:root:Looping....
DEBUG:root:This is the line: drive:-5.6:-7.738

DEBUG:root:We got command: drive
DEBUG:root:We got a drive command: rawX:-7.738000 and rawY:-5.600000
DEBUG:root:Reverse to the Left/Straight
DEBUG:root:Left=2.138000 Right=-7.738000
DEBUG:root:ScaledLeft: 379.810500 ScaledRight: 357.589500
INFO:root:Looping....
DEBUG:root:This is the line: drive:-5.6:-7.738

DEBUG:root:We got command: drive
DEBUG:root:We got a drive command: rawX:-7.738000 and rawY:-5.600000
DEBUG:root:Reverse to the Left/Straight
DEBUG:root:Left=2.138000 Right=-7.738000
DEBUG:root:ScaledLeft: 379.810500 ScaledRight: 357.589500
INFO:root:Looping....
DEBUG:root:This is the line: drive:-5.6:-7.738

DEBUG:root:We got command: drive
DEBUG:root:We got a drive command: rawX:-7.738000 and rawY:-5.600000
DEBUG:root:Reverse to the Left/Straight
DEBUG:root:Left=2.138000 Right=-7.738000
DEBUG:root:ScaledLeft: 379.810500 ScaledRight: 357.589500
INFO:root:Looping....
DEBUG:root:This is the line: drive:-5.6:-7.738

DEBUG:root:We got command: drive
DEBUG:root:We got a drive command: rawX:-7.738000 and rawY:-5.600000
DEBUG:root:Reverse to the Left/Straight
DEBUG:root:Left=2.138000 Right=-7.738000
DEBUG:root:ScaledLeft: 379.810500 ScaledRight: 357.589500
INFO:root:Looping....
DEBUG:root:This is the line: drive:-5.6:-7.738

DEBUG:root:We got command: drive
DEBUG:root:We got a drive command: rawX:-7.738000 and rawY:-5.600000
DEBUG:root:Reverse to the Left/Straight
DEBUG:root:Left=2.138000 Right=-7.738000
DEBUG:root:ScaledLeft: 379.810500 ScaledRight: 357.589500
INFO:root:Looping....
DEBUG:root:This is the line: drive:-5.426:-7.738

DEBUG:root:We got command: drive
DEBUG:root:We got a drive command: rawX:-7.738000 and rawY:-5.426000
DEBUG:root:Reverse to the Left/Straight
DEBUG:root:Left=2.312000 Right=-7.738000
DEBUG:root:ScaledLeft: 380.202000 ScaledRight: 357.589500
INFO:root:Looping....
DEBUG:root:This is the line: drive:-5.426:-7.738

DEBUG:root:We got command: drive
DEBUG:root:We got a drive command: rawX:-7.738000 and rawY:-5.426000
DEBUG:root:Reverse to the Left/Straight
DEBUG:root:Left=2.312000 Right=-7.738000
DEBUG:root:ScaledLeft: 380.202000 ScaledRight: 357.589500
INFO:root:Looping....
DEBUG:root:This is the line: drive:-4.817:-7.738

DEBUG:root:We got command: drive
DEBUG:root:We got a drive command: rawX:-7.738000 and rawY:-4.817000
DEBUG:root:Reverse to the Left/Straight
DEBUG:root:Left=2.921000 Right=-7.738000
DEBUG:root:ScaledLeft: 381.572250 ScaledRight: 357.589500
INFO:root:Looping....
DEBUG:root:This is the line: drive:-3.087:-7.738

DEBUG:root:We got command: drive
DEBUG:root:We got a drive command: rawX:-7.738000 and rawY:-3.087000
DEBUG:root:Reverse to the Left/Straight
DEBUG:root:Left=4.651000 Right=-7.738000
DEBUG:root:ScaledLeft: 385.464750 ScaledRight: 357.589500
INFO:root:Looping....
DEBUG:root:This is the line: drive:-2.219:-7.738

DEBUG:root:We got command: drive
DEBUG:root:We got a drive command: rawX:-7.738000 and rawY:-2.219000
DEBUG:root:Reverse to the Left/Straight
DEBUG:root:Left=5.519000 Right=-7.738000
DEBUG:root:ScaledLeft: 387.417750 ScaledRight: 357.589500
INFO:root:Looping....
DEBUG:root:This is the line: drive:-1.286:-7.738

DEBUG:root:We got command: drive
DEBUG:root:We got a drive command: rawX:-7.738000 and rawY:-1.286000
DEBUG:root:Reverse to the Left/Straight
DEBUG:root:Left=6.452000 Right=-7.738000
DEBUG:root:ScaledLeft: 389.517000 ScaledRight: 357.589500
INFO:root:Looping....
DEBUG:root:This is the line: drive:-0.552:-7.738

DEBUG:root:We got command: drive
DEBUG:root:We got a drive command: rawX:-7.738000 and rawY:-0.552000
DEBUG:root:Reverse to the Left/Straight
DEBUG:root:Left=7.186000 Right=-7.738000
DEBUG:root:ScaledLeft: 391.168500 ScaledRight: 357.589500
INFO:root:Looping....
DEBUG:root:This is the line: drive:0.07:-7.738

DEBUG:root:We got command: drive
DEBUG:root:We got a drive command: rawX:-7.738000 and rawY:0.070000
DEBUG:root:Forward to the Left/Straight
DEBUG:root:Left=7.808000 Right=-7.738000
DEBUG:root:ScaledLeft: 392.568000 ScaledRight: 357.589500
INFO:root:Looping....
DEBUG:root:This is the line: drive:1.286:-7.738

DEBUG:root:We got command: drive
DEBUG:root:We got a drive command: rawX:-7.738000 and rawY:1.286000
DEBUG:root:Forward to the Left/Straight
DEBUG:root:Left=9.024000 Right=-7.738000
DEBUG:root:ScaledLeft: 395.304000 ScaledRight: 357.589500
INFO:root:Looping....
DEBUG:root:This is the line: drive:1.802:-7.738

DEBUG:root:We got command: drive
DEBUG:root:We got a drive command: rawX:-7.738000 and rawY:1.802000
DEBUG:root:Forward to the Left/Straight
DEBUG:root:Left=9.540000 Right=-7.738000
DEBUG:root:ScaledLeft: 396.465000 ScaledRight: 357.589500
INFO:root:Looping....
DEBUG:root:This is the line: drive:2.621:-7.738

DEBUG:root:We got command: drive
DEBUG:root:We got a drive command: rawX:-7.738000 and rawY:2.621000
DEBUG:root:Forward to the Left/Straight
DEBUG:root:Left=10.359000 Right=-7.738000
DEBUG:root:ScaledLeft: 398.307750 ScaledRight: 357.589500
INFO:root:Looping....
DEBUG:root:This is the line: drive:2.945:-7.738

DEBUG:root:We got command: drive
DEBUG:root:We got a drive command: rawX:-7.738000 and rawY:2.945000
DEBUG:root:Forward to the Left/Straight
DEBUG:root:Left=10.683000 Right=-7.738000
DEBUG:root:ScaledLeft: 399.036750 ScaledRight: 357.589500
INFO:root:Looping....
DEBUG:root:This is the line: drive:3.571:-7.738

DEBUG:root:We got command: drive
DEBUG:root:We got a drive command: rawX:-7.738000 and rawY:3.571000
DEBUG:root:Forward to the Left/Straight
DEBUG:root:Left=11.309000 Right=-7.738000
DEBUG:root:ScaledLeft: 400.445250 ScaledRight: 357.589500
INFO:root:Looping....
DEBUG:root:This is the line: drive:4.042:-7.738

DEBUG:root:We got command: drive
DEBUG:root:We got a drive command: rawX:-7.738000 and rawY:4.042000
DEBUG:root:Forward to the Left/Straight
DEBUG:root:Left=11.780000 Right=-7.738000
DEBUG:root:ScaledLeft: 401.505000 ScaledRight: 357.589500
INFO:root:Looping....
DEBUG:root:This is the line: drive:4.042:-7.738

DEBUG:root:We got command: drive
DEBUG:root:We got a drive command: rawX:-7.738000 and rawY:4.042000
DEBUG:root:Forward to the Left/Straight
DEBUG:root:Left=11.780000 Right=-7.738000
DEBUG:root:ScaledLeft: 401.505000 ScaledRight: 357.589500
INFO:root:Looping....
DEBUG:root:This is the line: drive:5.286:-7.738

DEBUG:root:We got command: drive
DEBUG:root:We got a drive command: rawX:-7.738000 and rawY:5.286000
DEBUG:root:Forward to the Left/Straight
DEBUG:root:Left=13.024000 Right=-7.738000
DEBUG:root:ScaledLeft: 404.304000 ScaledRight: 357.589500
INFO:root:Looping....
DEBUG:root:This is the line: drive:5.455:-7.738

DEBUG:root:We got command: drive
DEBUG:root:We got a drive command: rawX:-7.738000 and rawY:5.455000
DEBUG:root:Forward to the Left/Straight
DEBUG:root:Left=13.193000 Right=-7.738000
DEBUG:root:ScaledLeft: 404.684250 ScaledRight: 357.589500
INFO:root:Looping....
DEBUG:root:This is the line: drive:6.266:-7.738

DEBUG:root:We got command: drive
DEBUG:root:We got a drive command: rawX:-7.738000 and rawY:6.266000
DEBUG:root:Forward to the Left/Straight
DEBUG:root:Left=14.004000 Right=-7.738000
DEBUG:root:ScaledLeft: 406.509000 ScaledRight: 357.589500
INFO:root:Looping....
DEBUG:root:This is the line: drive:6.642:-7.738

DEBUG:root:We got command: drive
DEBUG:root:We got a drive command: rawX:-7.738000 and rawY:6.642000
DEBUG:root:Forward to the Left/Straight
DEBUG:root:Left=14.380000 Right=-7.738000
DEBUG:root:ScaledLeft: 407.355000 ScaledRight: 357.589500
INFO:root:Looping....
DEBUG:root:This is the line: drive:7.545:-7.738

DEBUG:root:We got command: drive
DEBUG:root:We got a drive command: rawX:-7.738000 and rawY:7.545000
DEBUG:root:Forward to the Left/Straight
DEBUG:root:Left=15.283000 Right=-7.738000
DEBUG:root:ScaledLeft: 409.386750 ScaledRight: 357.589500
INFO:root:Looping....
DEBUG:root:This is the line: drive:8.429:-7.738

DEBUG:root:We got command: drive
DEBUG:root:We got a drive command: rawX:-7.738000 and rawY:8.429000
DEBUG:root:Forward to the Left/Straight
DEBUG:root:Left=16.167000 Right=-7.738000
DEBUG:root:ScaledLeft: 411.375750 ScaledRight: 357.589500
INFO:root:Looping....
DEBUG:root:This is the line: drive:9.641:-7.738

DEBUG:root:We got command: drive
DEBUG:root:We got a drive command: rawX:-7.738000 and rawY:9.641000
DEBUG:root:Forward to the Left/Straight
DEBUG:root:Left=17.379000 Right=-7.738000
DEBUG:root:ScaledLeft: 414.102750 ScaledRight: 357.589500
INFO:root:Looping....
DEBUG:root:This is the line: drive:11.935:-7.738

DEBUG:root:We got command: drive
DEBUG:root:We got a drive command: rawX:-7.738000 and rawY:11.935000
DEBUG:root:Forward to the Left/Straight
DEBUG:root:Left=19.673000 Right=-7.738000
DEBUG:root:ScaledLeft: 419.264250 ScaledRight: 357.589500
INFO:root:Looping....
DEBUG:root:This is the line: drive:13.397:-7.738

DEBUG:root:We got command: drive
DEBUG:root:We got a drive command: rawX:-7.738000 and rawY:13.397000
DEBUG:root:Forward to the Left/Straight
DEBUG:root:Left=21.135000 Right=-7.738000
DEBUG:root:ScaledLeft: 422.553750 ScaledRight: 357.589500
INFO:root:Looping....
DEBUG:root:This is the line: drive:15.435:-7.738

DEBUG:root:We got command: drive
DEBUG:root:We got a drive command: rawX:-7.738000 and rawY:15.435000
DEBUG:root:Forward to the Left/Straight
DEBUG:root:Left=23.173000 Right=-7.738000
DEBUG:root:ScaledLeft: 427.139250 ScaledRight: 357.589500
INFO:root:Looping....
DEBUG:root:This is the line: drive:17.476:-7.738

DEBUG:root:We got command: drive
DEBUG:root:We got a drive command: rawX:-7.738000 and rawY:17.476000
DEBUG:root:Forward to the Left/Straight
DEBUG:root:Left=25.214000 Right=-7.738000
DEBUG:root:ScaledLeft: 431.731500 ScaledRight: 357.589500
INFO:root:Looping....
DEBUG:root:This is the line: drive:21.8:-6.057

DEBUG:root:We got command: drive
DEBUG:root:We got a drive command: rawX:-6.057000 and rawY:21.800000
DEBUG:root:Forward to the Left/Straight
DEBUG:root:Left=27.857000 Right=-6.057000
DEBUG:root:ScaledLeft: 437.678250 ScaledRight: 361.371750
INFO:root:Looping....
DEBUG:root:This is the line: drive:25.898:-5.357

DEBUG:root:We got command: drive
DEBUG:root:We got a drive command: rawX:-5.357000 and rawY:25.898000
DEBUG:root:Forward to the Left/Straight
DEBUG:root:Left=31.255000 Right=-5.357000
DEBUG:root:ScaledLeft: 445.323750 ScaledRight: 362.946750
INFO:root:Looping....
DEBUG:root:This is the line: drive:27.643:-5.357

DEBUG:root:We got command: drive
DEBUG:root:We got a drive command: rawX:-5.357000 and rawY:27.643000
DEBUG:root:Forward to the Left/Straight
DEBUG:root:Left=33.000000 Right=-5.357000
DEBUG:root:ScaledLeft: 449.250000 ScaledRight: 362.946750
INFO:root:Looping....
DEBUG:root:This is the line: drive:29.69:-5.357

DEBUG:root:We got command: drive
DEBUG:root:We got a drive command: rawX:-5.357000 and rawY:29.690000
DEBUG:root:Forward to the Left/Straight
DEBUG:root:Left=35.047000 Right=-5.357000
DEBUG:root:ScaledLeft: 453.855750 ScaledRight: 362.946750
INFO:root:Looping....
DEBUG:root:This is the line: drive:31.408:-5.357

DEBUG:root:We got command: drive
DEBUG:root:We got a drive command: rawX:-5.357000 and rawY:31.408000
DEBUG:root:Forward to the Left/Straight
DEBUG:root:Left=36.765000 Right=-5.357000
DEBUG:root:ScaledLeft: 457.721250 ScaledRight: 362.946750
INFO:root:Looping....
DEBUG:root:This is the line: drive:33.426:-5.357

DEBUG:root:We got command: drive
DEBUG:root:We got a drive command: rawX:-5.357000 and rawY:33.426000
DEBUG:root:Forward to the Left/Straight
DEBUG:root:Left=38.783000 Right=-5.357000
DEBUG:root:ScaledLeft: 462.261750 ScaledRight: 362.946750
INFO:root:Looping....
DEBUG:root:This is the line: drive:35.317:-5.357

DEBUG:root:We got command: drive
DEBUG:root:We got a drive command: rawX:-5.357000 and rawY:35.317000
DEBUG:root:Forward to the Left/Straight
DEBUG:root:Left=40.674000 Right=-5.357000
DEBUG:root:ScaledLeft: 466.516500 ScaledRight: 362.946750
INFO:root:Looping....
DEBUG:root:This is the line: drive:36.143:-5.357

DEBUG:root:We got command: drive
DEBUG:root:We got a drive command: rawX:-5.357000 and rawY:36.143000
DEBUG:root:Forward to the Left/Straight
DEBUG:root:Left=41.500000 Right=-5.357000
DEBUG:root:ScaledLeft: 468.375000 ScaledRight: 362.946750
INFO:root:Looping....
DEBUG:root:This is the line: drive:37.571:-5.357

DEBUG:root:We got command: drive
DEBUG:root:We got a drive command: rawX:-5.357000 and rawY:37.571000
DEBUG:root:Forward to the Left/Straight
DEBUG:root:Left=42.928000 Right=-5.357000
DEBUG:root:ScaledLeft: 471.588000 ScaledRight: 362.946750
INFO:root:Looping....
DEBUG:root:This is the line: drive:37.779:-5.357

DEBUG:root:We got command: drive
DEBUG:root:We got a drive command: rawX:-5.357000 and rawY:37.779000
DEBUG:root:Forward to the Left/Straight
DEBUG:root:Left=43.136000 Right=-5.357000
DEBUG:root:ScaledLeft: 472.056000 ScaledRight: 362.946750
INFO:root:Looping....
DEBUG:root:This is the line: drive:38.714:-5.357

DEBUG:root:We got command: drive
DEBUG:root:We got a drive command: rawX:-5.357000 and rawY:38.714000
DEBUG:root:Forward to the Left/Straight
DEBUG:root:Left=44.071000 Right=-5.357000
DEBUG:root:ScaledLeft: 474.159750 ScaledRight: 362.946750
INFO:root:Looping....
DEBUG:root:This is the line: drive:39.2:-5.357

DEBUG:root:We got command: drive
DEBUG:root:We got a drive command: rawX:-5.357000 and rawY:39.200000
DEBUG:root:Forward to the Left/Straight
DEBUG:root:Left=44.557000 Right=-5.357000
DEBUG:root:ScaledLeft: 475.253250 ScaledRight: 362.946750
INFO:root:Looping....
DEBUG:root:This is the line: drive:39.726:-5.357

DEBUG:root:We got command: drive
DEBUG:root:We got a drive command: rawX:-5.357000 and rawY:39.726000
DEBUG:root:Forward to the Left/Straight
DEBUG:root:Left=45.083000 Right=-5.357000
DEBUG:root:ScaledLeft: 476.436750 ScaledRight: 362.946750
INFO:root:Looping....
DEBUG:root:This is the line: drive:40.401:-5.357

DEBUG:root:We got command: drive
DEBUG:root:We got a drive command: rawX:-5.357000 and rawY:40.401000
DEBUG:root:Forward to the Left/Straight
DEBUG:root:Left=45.758000 Right=-5.357000
DEBUG:root:ScaledLeft: 477.955500 ScaledRight: 362.946750
INFO:root:Looping....
DEBUG:root:This is the line: drive:40.602:-5.357

DEBUG:root:We got command: drive
DEBUG:root:We got a drive command: rawX:-5.357000 and rawY:40.602000
DEBUG:root:Forward to the Left/Straight
DEBUG:root:Left=45.959000 Right=-5.357000
DEBUG:root:ScaledLeft: 478.407750 ScaledRight: 362.946750
INFO:root:Looping....
DEBUG:root:This is the line: drive:41.429:-5.357

DEBUG:root:We got command: drive
DEBUG:root:We got a drive command: rawX:-5.357000 and rawY:41.429000
DEBUG:root:Forward to the Left/Straight
DEBUG:root:Left=46.786000 Right=-5.357000
DEBUG:root:ScaledLeft: 480.268500 ScaledRight: 362.946750
INFO:root:Looping....
DEBUG:root:This is the line: drive:41.721:-5.357

DEBUG:root:We got command: drive
DEBUG:root:We got a drive command: rawX:-5.357000 and rawY:41.721000
DEBUG:root:Forward to the Left/Straight
DEBUG:root:Left=47.078000 Right=-5.357000
DEBUG:root:ScaledLeft: 480.925500 ScaledRight: 362.946750
INFO:root:Looping....
DEBUG:root:This is the line: drive:42.402:-5.655

DEBUG:root:We got command: drive
DEBUG:root:We got a drive command: rawX:-5.655000 and rawY:42.402000
DEBUG:root:Forward to the Left/Straight
DEBUG:root:Left=48.057000 Right=-5.655000
DEBUG:root:ScaledLeft: 483.128250 ScaledRight: 362.276250
INFO:root:Looping....
DEBUG:root:This is the line: drive:43.072:-6.25

DEBUG:root:We got command: drive
DEBUG:root:We got a drive command: rawX:-6.250000 and rawY:43.072000
DEBUG:root:Forward to the Left/Straight
DEBUG:root:Left=49.322000 Right=-6.250000
DEBUG:root:ScaledLeft: 485.974500 ScaledRight: 360.937500
INFO:root:Looping....
DEBUG:root:This is the line: drive:43.429:-6.696

DEBUG:root:We got command: drive
DEBUG:root:We got a drive command: rawX:-6.696000 and rawY:43.429000
DEBUG:root:Forward to the Left/Straight
DEBUG:root:Left=50.125000 Right=-6.696000
DEBUG:root:ScaledLeft: 487.781250 ScaledRight: 359.934000
INFO:root:Looping....
DEBUG:root:This is the line: drive:43.714:-6.994

DEBUG:root:We got command: drive
DEBUG:root:We got a drive command: rawX:-6.994000 and rawY:43.714000
DEBUG:root:Forward to the Left/Straight
DEBUG:root:Left=50.708000 Right=-6.994000
DEBUG:root:ScaledLeft: 489.093000 ScaledRight: 359.263500
INFO:root:Looping....
DEBUG:root:This is the line: drive:44.366:-6.845

DEBUG:root:We got command: drive
DEBUG:root:We got a drive command: rawX:-6.845000 and rawY:44.366000
DEBUG:root:Forward to the Left/Straight
DEBUG:root:Left=51.211000 Right=-6.845000
DEBUG:root:ScaledLeft: 490.224750 ScaledRight: 359.598750
INFO:root:Looping....
DEBUG:root:This is the line: drive:44.641:-7.143

DEBUG:root:We got command: drive
DEBUG:root:We got a drive command: rawX:-7.143000 and rawY:44.641000
DEBUG:root:Forward to the Left/Straight
DEBUG:root:Left=51.784000 Right=-7.143000
DEBUG:root:ScaledLeft: 491.514000 ScaledRight: 358.928250
INFO:root:Looping....
DEBUG:root:This is the line: drive:45.146:-7.143

DEBUG:root:We got command: drive
DEBUG:root:We got a drive command: rawX:-7.143000 and rawY:45.146000
DEBUG:root:Forward to the Left/Straight
DEBUG:root:Left=52.289000 Right=-7.143000
DEBUG:root:ScaledLeft: 492.650250 ScaledRight: 358.928250
INFO:root:Looping....
DEBUG:root:This is the line: drive:45.143:-7.887

DEBUG:root:We got command: drive
DEBUG:root:We got a drive command: rawX:-7.887000 and rawY:45.143000
DEBUG:root:Forward to the Left/Straight
DEBUG:root:Left=53.030000 Right=-7.887000
DEBUG:root:ScaledLeft: 494.317500 ScaledRight: 357.254250
INFO:root:Looping....
DEBUG:root:This is the line: drive:45.484:-7.738

DEBUG:root:We got command: drive
DEBUG:root:We got a drive command: rawX:-7.738000 and rawY:45.484000
DEBUG:root:Forward to the Left/Straight
DEBUG:root:Left=53.222000 Right=-7.738000
DEBUG:root:ScaledLeft: 494.749500 ScaledRight: 357.589500
INFO:root:Looping....
DEBUG:root:This is the line: drive:45.733:-7.738

DEBUG:root:We got command: drive
DEBUG:root:We got a drive command: rawX:-7.738000 and rawY:45.733000
DEBUG:root:Forward to the Left/Straight
DEBUG:root:Left=53.471000 Right=-7.738000
DEBUG:root:ScaledLeft: 495.309750 ScaledRight: 357.589500
INFO:root:Looping....
DEBUG:root:This is the line: drive:45.733:-7.738

DEBUG:root:We got command: drive
DEBUG:root:We got a drive command: rawX:-7.738000 and rawY:45.733000
DEBUG:root:Forward to the Left/Straight
DEBUG:root:Left=53.471000 Right=-7.738000
DEBUG:root:ScaledLeft: 495.309750 ScaledRight: 357.589500
INFO:root:Looping....
DEBUG:root:This is the line: drive:46.031:-7.738

DEBUG:root:We got command: drive
DEBUG:root:We got a drive command: rawX:-7.738000 and rawY:46.031000
DEBUG:root:Forward to the Left/Straight
DEBUG:root:Left=53.769000 Right=-7.738000
DEBUG:root:ScaledLeft: 495.980250 ScaledRight: 357.589500
INFO:root:Looping....
DEBUG:root:This is the line: drive:46.308:-7.738

DEBUG:root:We got command: drive
DEBUG:root:We got a drive command: rawX:-7.738000 and rawY:46.308000
DEBUG:root:Forward to the Left/Straight
DEBUG:root:Left=54.046000 Right=-7.738000
DEBUG:root:ScaledLeft: 496.603500 ScaledRight: 357.589500
INFO:root:Looping....
DEBUG:root:This is the line: drive:46.308:-7.738

DEBUG:root:We got command: drive
DEBUG:root:We got a drive command: rawX:-7.738000 and rawY:46.308000
DEBUG:root:Forward to the Left/Straight
DEBUG:root:Left=54.046000 Right=-7.738000
DEBUG:root:ScaledLeft: 496.603500 ScaledRight: 357.589500
INFO:root:Looping....
DEBUG:root:This is the line: drive:46.572:-7.738

DEBUG:root:We got command: drive
DEBUG:root:We got a drive command: rawX:-7.738000 and rawY:46.572000
DEBUG:root:Forward to the Left/Straight
DEBUG:root:Left=54.310000 Right=-7.738000
DEBUG:root:ScaledLeft: 497.197500 ScaledRight: 357.589500
INFO:root:Looping....
DEBUG:root:This is the line: drive:46.572:-7.738

DEBUG:root:We got command: drive
DEBUG:root:We got a drive command: rawX:-7.738000 and rawY:46.572000
DEBUG:root:Forward to the Left/Straight
DEBUG:root:Left=54.310000 Right=-7.738000
DEBUG:root:ScaledLeft: 497.197500 ScaledRight: 357.589500
INFO:root:Looping....
DEBUG:root:This is the line: drive:46.572:-7.738

DEBUG:root:We got command: drive
DEBUG:root:We got a drive command: rawX:-7.738000 and rawY:46.572000
DEBUG:root:Forward to the Left/Straight
DEBUG:root:Left=54.310000 Right=-7.738000
DEBUG:root:ScaledLeft: 497.197500 ScaledRight: 357.589500
INFO:root:Looping....
DEBUG:root:This is the line: drive:46.864:-7.738

DEBUG:root:We got command: drive
DEBUG:root:We got a drive command: rawX:-7.738000 and rawY:46.864000
DEBUG:root:Forward to the Left/Straight
DEBUG:root:Left=54.602000 Right=-7.738000
DEBUG:root:ScaledLeft: 497.854500 ScaledRight: 357.589500
INFO:root:Looping....
DEBUG:root:This is the line: drive:46.864:-7.738

DEBUG:root:We got command: drive
DEBUG:root:We got a drive command: rawX:-7.738000 and rawY:46.864000
DEBUG:root:Forward to the Left/Straight
DEBUG:root:Left=54.602000 Right=-7.738000
DEBUG:root:ScaledLeft: 497.854500 ScaledRight: 357.589500
INFO:root:Looping....
DEBUG:root:This is the line: drive:46.864:-7.738

DEBUG:root:We got command: drive
DEBUG:root:We got a drive command: rawX:-7.738000 and rawY:46.864000
DEBUG:root:Forward to the Left/Straight
DEBUG:root:Left=54.602000 Right=-7.738000
DEBUG:root:ScaledLeft: 497.854500 ScaledRight: 357.589500
INFO:root:Looping....
DEBUG:root:This is the line: drive:46.864:-7.738

DEBUG:root:We got command: drive
DEBUG:root:We got a drive command: rawX:-7.738000 and rawY:46.864000
DEBUG:root:Forward to the Left/Straight
DEBUG:root:Left=54.602000 Right=-7.738000
DEBUG:root:ScaledLeft: 497.854500 ScaledRight: 357.589500
INFO:root:Looping....
DEBUG:root:This is the line: drive:46.864:-7.738

DEBUG:root:We got command: drive
DEBUG:root:We got a drive command: rawX:-7.738000 and rawY:46.864000
DEBUG:root:Forward to the Left/Straight
DEBUG:root:Left=54.602000 Right=-7.738000
DEBUG:root:ScaledLeft: 497.854500 ScaledRight: 357.589500
INFO:root:Looping....
DEBUG:root:This is the line: drive:46.864:-7.738

DEBUG:root:We got command: drive
DEBUG:root:We got a drive command: rawX:-7.738000 and rawY:46.864000
DEBUG:root:Forward to the Left/Straight
DEBUG:root:Left=54.602000 Right=-7.738000
DEBUG:root:ScaledLeft: 497.854500 ScaledRight: 357.589500
INFO:root:Looping....
DEBUG:root:This is the line: drive:46.864:-7.738

DEBUG:root:We got command: drive
DEBUG:root:We got a drive command: rawX:-7.738000 and rawY:46.864000
DEBUG:root:Forward to the Left/Straight
DEBUG:root:Left=54.602000 Right=-7.738000
DEBUG:root:ScaledLeft: 497.854500 ScaledRight: 357.589500
INFO:root:Looping....
DEBUG:root:This is the line: drive:0:0

DEBUG:root:We got command: drive
DEBUG:root:We got a drive command: rawX:0.000000 and rawY:0.000000
DEBUG:root:Left=0.000000 Right=0.000000
DEBUG:root:ScaledLeft: 375.000000 ScaledRight: 375.000000
INFO:root:Looping....
DEBUG:root:This is the line: drive:46.857:-6.548

DEBUG:root:We got command: drive
DEBUG:root:We got a drive command: rawX:-6.548000 and rawY:46.857000
DEBUG:root:Forward to the Left/Straight
DEBUG:root:Left=53.405000 Right=-6.548000
DEBUG:root:ScaledLeft: 495.161250 ScaledRight: 360.267000
INFO:root:Looping....
DEBUG:root:This is the line: drive:19.143:3.571

DEBUG:root:We got command: drive
DEBUG:root:We got a drive command: rawX:3.571000 and rawY:19.143000
DEBUG:root:Forward to the Right
DEBUG:root:Left=-3.571000 Right=-15.572000
DEBUG:root:ScaledLeft: 366.965250 ScaledRight: 339.963000
INFO:root:Looping....
DEBUG:root:This is the line: drive:16.571:0.466

DEBUG:root:We got command: drive
DEBUG:root:We got a drive command: rawX:0.466000 and rawY:16.571000
DEBUG:root:Forward to the Right
DEBUG:root:Left=-0.466000 Right=-16.105000
DEBUG:root:ScaledLeft: 373.951500 ScaledRight: 338.763750
INFO:root:Looping....
DEBUG:root:This is the line: drive:14.883:-1.759

DEBUG:root:We got command: drive
DEBUG:root:We got a drive command: rawX:-1.759000 and rawY:14.883000
DEBUG:root:Forward to the Left/Straight
DEBUG:root:Left=16.642000 Right=-1.759000
DEBUG:root:ScaledLeft: 412.444500 ScaledRight: 371.042250
INFO:root:Looping....
DEBUG:root:This is the line: drive:13.419:-3.581

DEBUG:root:We got command: drive
DEBUG:root:We got a drive command: rawX:-3.581000 and rawY:13.419000
DEBUG:root:Forward to the Left/Straight
DEBUG:root:Left=17.000000 Right=-3.581000
DEBUG:root:ScaledLeft: 413.250000 ScaledRight: 366.942750
INFO:root:Looping....
DEBUG:root:This is the line: drive:11.551:-5.825

DEBUG:root:We got command: drive
DEBUG:root:We got a drive command: rawX:-5.825000 and rawY:11.551000
DEBUG:root:Forward to the Left/Straight
DEBUG:root:Left=17.376000 Right=-5.825000
DEBUG:root:ScaledLeft: 414.096000 ScaledRight: 361.893750
INFO:root:Looping....
DEBUG:root:This is the line: drive:11.143:-8.054

DEBUG:root:We got command: drive
DEBUG:root:We got a drive command: rawX:-8.054000 and rawY:11.143000
DEBUG:root:Forward to the Left/Straight
DEBUG:root:Left=19.197000 Right=-8.054000
DEBUG:root:ScaledLeft: 418.193250 ScaledRight: 356.878500
INFO:root:Looping....
DEBUG:root:This is the line: drive:11.143:-9.885

DEBUG:root:We got command: drive
DEBUG:root:We got a drive command: rawX:-9.885000 and rawY:11.143000
DEBUG:root:Forward to the Left/Straight
DEBUG:root:Left=21.028000 Right=-9.885000
DEBUG:root:ScaledLeft: 422.313000 ScaledRight: 352.758750
INFO:root:Looping....
DEBUG:root:This is the line: drive:11.143:-12.108

DEBUG:root:We got command: drive
DEBUG:root:We got a drive command: rawX:-12.108000 and rawY:11.143000
DEBUG:root:Forward to the Left/Straight
DEBUG:root:Left=23.251000 Right=-12.108000
DEBUG:root:ScaledLeft: 427.314750 ScaledRight: 347.757000
INFO:root:Looping....
DEBUG:root:This is the line: drive:11.143:-13.937

DEBUG:root:We got command: drive
DEBUG:root:We got a drive command: rawX:-13.937000 and rawY:11.143000
DEBUG:root:Forward to the Left/Straight
DEBUG:root:Left=25.080000 Right=-13.937000
DEBUG:root:ScaledLeft: 431.430000 ScaledRight: 343.641750
INFO:root:Looping....
DEBUG:root:This is the line: drive:12.653:-16.156

DEBUG:root:We got command: drive
DEBUG:root:We got a drive command: rawX:-16.156000 and rawY:12.653000
DEBUG:root:Forward to the Left/Straight
DEBUG:root:Left=28.809000 Right=-16.156000
DEBUG:root:ScaledLeft: 439.820250 ScaledRight: 338.649000
INFO:root:Looping....
DEBUG:root:This is the line: drive:14.74:-18.33

DEBUG:root:We got command: drive
DEBUG:root:We got a drive command: rawX:-18.330000 and rawY:14.740000
DEBUG:root:Forward to the Left/Straight
DEBUG:root:Left=33.070000 Right=-18.330000
DEBUG:root:ScaledLeft: 449.407500 ScaledRight: 333.757500
INFO:root:Looping....
DEBUG:root:This is the line: drive:16.474:-19.643

DEBUG:root:We got command: drive
DEBUG:root:We got a drive command: rawX:-19.643000 and rawY:16.474000
DEBUG:root:Forward to the Left/Straight
DEBUG:root:Left=36.117000 Right=-19.643000
DEBUG:root:ScaledLeft: 456.263250 ScaledRight: 330.803250
INFO:root:Looping....
DEBUG:root:This is the line: drive:18.607:-19.643

DEBUG:root:We got command: drive
DEBUG:root:We got a drive command: rawX:-19.643000 and rawY:18.607000
DEBUG:root:Forward to the Left/Straight
DEBUG:root:Left=38.250000 Right=-19.643000
DEBUG:root:ScaledLeft: 461.062500 ScaledRight: 330.803250
INFO:root:Looping....
DEBUG:root:This is the line: drive:20.365:-19.643

DEBUG:root:We got command: drive
DEBUG:root:We got a drive command: rawX:-19.643000 and rawY:20.365000
DEBUG:root:Forward to the Left/Straight
DEBUG:root:Left=40.008000 Right=-19.643000
DEBUG:root:ScaledLeft: 465.018000 ScaledRight: 330.803250
INFO:root:Looping....
DEBUG:root:This is the line: drive:23.21:-19.643

DEBUG:root:We got command: drive
DEBUG:root:We got a drive command: rawX:-19.643000 and rawY:23.210000
DEBUG:root:Forward to the Left/Straight
DEBUG:root:Left=42.853000 Right=-19.643000
DEBUG:root:ScaledLeft: 471.419250 ScaledRight: 330.803250
INFO:root:Looping....
DEBUG:root:This is the line: drive:24.082:-19.643

DEBUG:root:We got command: drive
DEBUG:root:We got a drive command: rawX:-19.643000 and rawY:24.082000
DEBUG:root:Forward to the Left/Straight
DEBUG:root:Left=43.725000 Right=-19.643000
DEBUG:root:ScaledLeft: 473.381250 ScaledRight: 330.803250
INFO:root:Looping....
DEBUG:root:This is the line: drive:25.15:-18.148

DEBUG:root:We got command: drive
DEBUG:root:We got a drive command: rawX:-18.148000 and rawY:25.150000
DEBUG:root:Forward to the Left/Straight
DEBUG:root:Left=43.298000 Right=-18.148000
DEBUG:root:ScaledLeft: 472.420500 ScaledRight: 334.167000
INFO:root:Looping....
DEBUG:root:This is the line: drive:25.429:-16.956

DEBUG:root:We got command: drive
DEBUG:root:We got a drive command: rawX:-16.956000 and rawY:25.429000
DEBUG:root:Forward to the Left/Straight
DEBUG:root:Left=42.385000 Right=-16.956000
DEBUG:root:ScaledLeft: 470.366250 ScaledRight: 336.849000
INFO:root:Looping....
DEBUG:root:This is the line: drive:26.0:-15.416

DEBUG:root:We got command: drive
DEBUG:root:We got a drive command: rawX:-15.416000 and rawY:26.000000
DEBUG:root:Forward to the Left/Straight
DEBUG:root:Left=41.416000 Right=-15.416000
DEBUG:root:ScaledLeft: 468.186000 ScaledRight: 340.314000
INFO:root:Looping....
DEBUG:root:This is the line: drive:26.0:-11.712

DEBUG:root:We got command: drive
DEBUG:root:We got a drive command: rawX:-11.712000 and rawY:26.000000
DEBUG:root:Forward to the Left/Straight
DEBUG:root:Left=37.712000 Right=-11.712000
DEBUG:root:ScaledLeft: 459.852000 ScaledRight: 348.648000
INFO:root:Looping....
DEBUG:root:This is the line: drive:26.0:-9.89

DEBUG:root:We got command: drive
DEBUG:root:We got a drive command: rawX:-9.890000 and rawY:26.000000
DEBUG:root:Forward to the Left/Straight
DEBUG:root:Left=35.890000 Right=-9.890000
DEBUG:root:ScaledLeft: 455.752500 ScaledRight: 352.747500
INFO:root:Looping....
DEBUG:root:This is the line: drive:26.0:-7.663

DEBUG:root:We got command: drive
DEBUG:root:We got a drive command: rawX:-7.663000 and rawY:26.000000
DEBUG:root:Forward to the Left/Straight
DEBUG:root:Left=33.663000 Right=-7.663000
DEBUG:root:ScaledLeft: 450.741750 ScaledRight: 357.758250
INFO:root:Looping....
DEBUG:root:This is the line: drive:26.0:-5.833

DEBUG:root:We got command: drive
DEBUG:root:We got a drive command: rawX:-5.833000 and rawY:26.000000
DEBUG:root:Forward to the Left/Straight
DEBUG:root:Left=31.833000 Right=-5.833000
DEBUG:root:ScaledLeft: 446.624250 ScaledRight: 361.875750
INFO:root:Looping....
DEBUG:root:This is the line: drive:26.0:-4.911

DEBUG:root:We got command: drive
DEBUG:root:We got a drive command: rawX:-4.911000 and rawY:26.000000
DEBUG:root:Forward to the Left/Straight
DEBUG:root:Left=30.911000 Right=-4.911000
DEBUG:root:ScaledLeft: 444.549750 ScaledRight: 363.950250
INFO:root:Looping....
DEBUG:root:This is the line: drive:26.0:-4.911

DEBUG:root:We got command: drive
DEBUG:root:We got a drive command: rawX:-4.911000 and rawY:26.000000
DEBUG:root:Forward to the Left/Straight
DEBUG:root:Left=30.911000 Right=-4.911000
DEBUG:root:ScaledLeft: 444.549750 ScaledRight: 363.950250
INFO:root:Looping....
DEBUG:root:This is the line: drive:26.0:-4.911

DEBUG:root:We got command: drive
DEBUG:root:We got a drive command: rawX:-4.911000 and rawY:26.000000
DEBUG:root:Forward to the Left/Straight
DEBUG:root:Left=30.911000 Right=-4.911000
DEBUG:root:ScaledLeft: 444.549750 ScaledRight: 363.950250
INFO:root:Looping....
DEBUG:root:This is the line: drive:26.0:-4.911

DEBUG:root:We got command: drive
DEBUG:root:We got a drive command: rawX:-4.911000 and rawY:26.000000
DEBUG:root:Forward to the Left/Straight
DEBUG:root:Left=30.911000 Right=-4.911000
DEBUG:root:ScaledLeft: 444.549750 ScaledRight: 363.950250
INFO:root:Looping....
DEBUG:root:This is the line: drive:26.0:-4.911

DEBUG:root:We got command: drive
DEBUG:root:We got a drive command: rawX:-4.911000 and rawY:26.000000
DEBUG:root:Forward to the Left/Straight
DEBUG:root:Left=30.911000 Right=-4.911000
DEBUG:root:ScaledLeft: 444.549750 ScaledRight: 363.950250
INFO:root:Looping....
DEBUG:root:This is the line: drive:26.0:-4.911

DEBUG:root:We got command: drive
DEBUG:root:We got a drive command: rawX:-4.911000 and rawY:26.000000
DEBUG:root:Forward to the Left/Straight
DEBUG:root:Left=30.911000 Right=-4.911000
DEBUG:root:ScaledLeft: 444.549750 ScaledRight: 363.950250
INFO:root:Looping....
DEBUG:root:This is the line: drive:26.0:-4.911

DEBUG:root:We got command: drive
DEBUG:root:We got a drive command: rawX:-4.911000 and rawY:26.000000
DEBUG:root:Forward to the Left/Straight
DEBUG:root:Left=30.911000 Right=-4.911000
DEBUG:root:ScaledLeft: 444.549750 ScaledRight: 363.950250
INFO:root:Looping....
DEBUG:root:This is the line: drive:26.0:-4.911

DEBUG:root:We got command: drive
DEBUG:root:We got a drive command: rawX:-4.911000 and rawY:26.000000
DEBUG:root:Forward to the Left/Straight
DEBUG:root:Left=30.911000 Right=-4.911000
DEBUG:root:ScaledLeft: 444.549750 ScaledRight: 363.950250
INFO:root:Looping....
DEBUG:root:This is the line: drive:26.0:-4.756

DEBUG:root:We got command: drive
DEBUG:root:We got a drive command: rawX:-4.756000 and rawY:26.000000
DEBUG:root:Forward to the Left/Straight
DEBUG:root:Left=30.756000 Right=-4.756000
DEBUG:root:ScaledLeft: 444.201000 ScaledRight: 364.299000
INFO:root:Looping....
DEBUG:root:This is the line: drive:26.0:-4.756

DEBUG:root:We got command: drive
DEBUG:root:We got a drive command: rawX:-4.756000 and rawY:26.000000
DEBUG:root:Forward to the Left/Straight
DEBUG:root:Left=30.756000 Right=-4.756000
DEBUG:root:ScaledLeft: 444.201000 ScaledRight: 364.299000
INFO:root:Looping....
DEBUG:root:This is the line: drive:26.403:-4.464

DEBUG:root:We got command: drive
DEBUG:root:We got a drive command: rawX:-4.464000 and rawY:26.403000
DEBUG:root:Forward to the Left/Straight
DEBUG:root:Left=30.867000 Right=-4.464000
DEBUG:root:ScaledLeft: 444.450750 ScaledRight: 364.956000
INFO:root:Looping....
DEBUG:root:This is the line: drive:26.286:-4.161

DEBUG:root:We got command: drive
DEBUG:root:We got a drive command: rawX:-4.161000 and rawY:26.286000
DEBUG:root:Forward to the Left/Straight
DEBUG:root:Left=30.447000 Right=-4.161000
DEBUG:root:ScaledLeft: 443.505750 ScaledRight: 365.637750
INFO:root:Looping....
DEBUG:root:This is the line: drive:26.659:-4.167

DEBUG:root:We got command: drive
DEBUG:root:We got a drive command: rawX:-4.167000 and rawY:26.659000
DEBUG:root:Forward to the Left/Straight
DEBUG:root:Left=30.826000 Right=-4.167000
DEBUG:root:ScaledLeft: 444.358500 ScaledRight: 365.624250
INFO:root:Looping....
DEBUG:root:This is the line: drive:26.571:-3.796

DEBUG:root:We got command: drive
DEBUG:root:We got a drive command: rawX:-3.796000 and rawY:26.571000
DEBUG:root:Forward to the Left/Straight
DEBUG:root:Left=30.367000 Right=-3.796000
DEBUG:root:ScaledLeft: 443.325750 ScaledRight: 366.459000
INFO:root:Looping....
DEBUG:root:This is the line: drive:27.117:-3.571

DEBUG:root:We got command: drive
DEBUG:root:We got a drive command: rawX:-3.571000 and rawY:27.117000
DEBUG:root:Forward to the Left/Straight
DEBUG:root:Left=30.688000 Right=-3.571000
DEBUG:root:ScaledLeft: 444.048000 ScaledRight: 366.965250
INFO:root:Looping....
DEBUG:root:This is the line: drive:27.429:-3.262

DEBUG:root:We got command: drive
DEBUG:root:We got a drive command: rawX:-3.262000 and rawY:27.429000
DEBUG:root:Forward to the Left/Straight
DEBUG:root:Left=30.691000 Right=-3.262000
DEBUG:root:ScaledLeft: 444.054750 ScaledRight: 367.660500
INFO:root:Looping....
DEBUG:root:This is the line: drive:27.429:-2.587

DEBUG:root:We got command: drive
DEBUG:root:We got a drive command: rawX:-2.587000 and rawY:27.429000
DEBUG:root:Forward to the Left/Straight
DEBUG:root:Left=30.016000 Right=-2.587000
DEBUG:root:ScaledLeft: 442.536000 ScaledRight: 369.179250
INFO:root:Looping....
DEBUG:root:This is the line: drive:27.429:-0.787

DEBUG:root:We got command: drive
DEBUG:root:We got a drive command: rawX:-0.787000 and rawY:27.429000
DEBUG:root:Forward to the Left/Straight
DEBUG:root:Left=28.216000 Right=-0.787000
DEBUG:root:ScaledLeft: 438.486000 ScaledRight: 373.229250
INFO:root:Looping....
DEBUG:root:This is the line: drive:28.0:1.033

DEBUG:root:We got command: drive
DEBUG:root:We got a drive command: rawX:1.033000 and rawY:28.000000
DEBUG:root:Forward to the Right
DEBUG:root:Left=-1.033000 Right=-26.967000
DEBUG:root:ScaledLeft: 372.675750 ScaledRight: 314.324250
INFO:root:Looping....
DEBUG:root:This is the line: drive:28.533:4.086

DEBUG:root:We got command: drive
DEBUG:root:We got a drive command: rawX:4.086000 and rawY:28.533000
DEBUG:root:Forward to the Right
DEBUG:root:Left=-4.086000 Right=-24.447000
DEBUG:root:ScaledLeft: 365.806500 ScaledRight: 319.994250
INFO:root:Looping....
DEBUG:root:This is the line: drive:29.429:8.634

DEBUG:root:We got command: drive
DEBUG:root:We got a drive command: rawX:8.634000 and rawY:29.429000
DEBUG:root:Forward to the Right
DEBUG:root:Left=-8.634000 Right=-20.795000
DEBUG:root:ScaledLeft: 355.573500 ScaledRight: 328.211250
INFO:root:Looping....
DEBUG:root:This is the line: drive:29.714:13.915

DEBUG:root:We got command: drive
DEBUG:root:We got a drive command: rawX:13.915000 and rawY:29.714000
DEBUG:root:Forward to the Right
DEBUG:root:Left=-13.915000 Right=-15.799000
DEBUG:root:ScaledLeft: 343.691250 ScaledRight: 339.452250
INFO:root:Looping....
DEBUG:root:This is the line: drive:29.714:15.743

DEBUG:root:We got command: drive
DEBUG:root:We got a drive command: rawX:15.743000 and rawY:29.714000
DEBUG:root:Forward to the Right
DEBUG:root:Left=-15.743000 Right=-13.971000
DEBUG:root:ScaledLeft: 339.578250 ScaledRight: 343.565250
INFO:root:Looping....
DEBUG:root:This is the line: drive:29.714:17.137

DEBUG:root:We got command: drive
DEBUG:root:We got a drive command: rawX:17.137000 and rawY:29.714000
DEBUG:root:Forward to the Right
DEBUG:root:Left=-17.137000 Right=-12.577000
DEBUG:root:ScaledLeft: 336.441750 ScaledRight: 346.701750
INFO:root:Looping....
DEBUG:root:This is the line: drive:30.08:20.024

DEBUG:root:We got command: drive
DEBUG:root:We got a drive command: rawX:20.024000 and rawY:30.080000
DEBUG:root:Forward to the Right
DEBUG:root:Left=-20.024000 Right=-10.056000
DEBUG:root:ScaledLeft: 329.946000 ScaledRight: 352.374000
INFO:root:Looping....
DEBUG:root:This is the line: drive:30.286:21.794

DEBUG:root:We got command: drive
DEBUG:root:We got a drive command: rawX:21.794000 and rawY:30.286000
DEBUG:root:Forward to the Right
DEBUG:root:Left=-21.794000 Right=-8.492000
DEBUG:root:ScaledLeft: 325.963500 ScaledRight: 355.893000
INFO:root:Looping....
DEBUG:root:This is the line: drive:30.286:22.123

DEBUG:root:We got command: drive
DEBUG:root:We got a drive command: rawX:22.123000 and rawY:30.286000
DEBUG:root:Forward to the Right
DEBUG:root:Left=-22.123000 Right=-8.163000
DEBUG:root:ScaledLeft: 325.223250 ScaledRight: 356.633250
INFO:root:Looping....
DEBUG:root:This is the line: drive:30.58:22.331

DEBUG:root:We got command: drive
DEBUG:root:We got a drive command: rawX:22.331000 and rawY:30.580000
DEBUG:root:Forward to the Right
DEBUG:root:Left=-22.331000 Right=-8.249000
DEBUG:root:ScaledLeft: 324.755250 ScaledRight: 356.439750
INFO:root:Looping....
DEBUG:root:This is the line: drive:31.23:22.321

DEBUG:root:We got command: drive
DEBUG:root:We got a drive command: rawX:22.321000 and rawY:31.230000
DEBUG:root:Forward to the Right
DEBUG:root:Left=-22.321000 Right=-8.909000
DEBUG:root:ScaledLeft: 324.777750 ScaledRight: 354.954750
INFO:root:Looping....
DEBUG:root:This is the line: drive:31.23:22.321

DEBUG:root:We got command: drive
DEBUG:root:We got a drive command: rawX:22.321000 and rawY:31.230000
DEBUG:root:Forward to the Right
DEBUG:root:Left=-22.321000 Right=-8.909000
DEBUG:root:ScaledLeft: 324.777750 ScaledRight: 354.954750
INFO:root:Looping....
DEBUG:root:This is the line: drive:31.434:22.321

DEBUG:root:We got command: drive
DEBUG:root:We got a drive command: rawX:22.321000 and rawY:31.434000
DEBUG:root:Forward to the Right
DEBUG:root:Left=-22.321000 Right=-9.113000
DEBUG:root:ScaledLeft: 324.777750 ScaledRight: 354.495750
INFO:root:Looping....
DEBUG:root:This is the line: drive:31.434:22.321

DEBUG:root:We got command: drive
DEBUG:root:We got a drive command: rawX:22.321000 and rawY:31.434000
DEBUG:root:Forward to the Right
DEBUG:root:Left=-22.321000 Right=-9.113000
DEBUG:root:ScaledLeft: 324.777750 ScaledRight: 354.495750
INFO:root:Looping....
DEBUG:root:This is the line: drive:31.434:22.321

DEBUG:root:We got command: drive
DEBUG:root:We got a drive command: rawX:22.321000 and rawY:31.434000
DEBUG:root:Forward to the Right
DEBUG:root:Left=-22.321000 Right=-9.113000
DEBUG:root:ScaledLeft: 324.777750 ScaledRight: 354.495750
INFO:root:Looping....
DEBUG:root:This is the line: drive:31.434:22.321

DEBUG:root:We got command: drive
DEBUG:root:We got a drive command: rawX:22.321000 and rawY:31.434000
DEBUG:root:Forward to the Right
DEBUG:root:Left=-22.321000 Right=-9.113000
DEBUG:root:ScaledLeft: 324.777750 ScaledRight: 354.495750
INFO:root:Looping....
DEBUG:root:This is the line: drive:31.434:22.321

DEBUG:root:We got command: drive
DEBUG:root:We got a drive command: rawX:22.321000 and rawY:31.434000
DEBUG:root:Forward to the Right
DEBUG:root:Left=-22.321000 Right=-9.113000
DEBUG:root:ScaledLeft: 324.777750 ScaledRight: 354.495750
INFO:root:Looping....
DEBUG:root:This is the line: drive:31.434:22.321

DEBUG:root:We got command: drive
DEBUG:root:We got a drive command: rawX:22.321000 and rawY:31.434000
DEBUG:root:Forward to the Right
DEBUG:root:Left=-22.321000 Right=-9.113000
DEBUG:root:ScaledLeft: 324.777750 ScaledRight: 354.495750
INFO:root:Looping....
DEBUG:root:This is the line: drive:31.434:22.321

DEBUG:root:We got command: drive
DEBUG:root:We got a drive command: rawX:22.321000 and rawY:31.434000
DEBUG:root:Forward to the Right
DEBUG:root:Left=-22.321000 Right=-9.113000
DEBUG:root:ScaledLeft: 324.777750 ScaledRight: 354.495750
INFO:root:Looping....
DEBUG:root:This is the line: drive:31.429:22.885

DEBUG:root:We got command: drive
DEBUG:root:We got a drive command: rawX:22.885000 and rawY:31.429000
DEBUG:root:Forward to the Right
DEBUG:root:Left=-22.885000 Right=-8.544000
DEBUG:root:ScaledLeft: 323.508750 ScaledRight: 355.776000
INFO:root:Looping....
DEBUG:root:This is the line: drive:0:0

DEBUG:root:We got command: drive
DEBUG:root:We got a drive command: rawX:0.000000 and rawY:0.000000
DEBUG:root:Left=0.000000 Right=0.000000
DEBUG:root:ScaledLeft: 375.000000 ScaledRight: 375.000000
INFO:root:Looping....
DEBUG:root:This is the line: drive:31.429:23.81

DEBUG:root:We got command: drive
DEBUG:root:We got a drive command: rawX:23.810000 and rawY:31.429000
DEBUG:root:Forward to the Right
DEBUG:root:Left=-23.810000 Right=-7.619000
DEBUG:root:ScaledLeft: 321.427500 ScaledRight: 357.857250
INFO:root:Looping....
DEBUG:root:This is the line: drive:14.857:0.893

DEBUG:root:We got command: drive
DEBUG:root:We got a drive command: rawX:0.893000 and rawY:14.857000
DEBUG:root:Forward to the Right
DEBUG:root:Left=-0.893000 Right=-13.964000
DEBUG:root:ScaledLeft: 372.990750 ScaledRight: 343.581000
INFO:root:Looping....
DEBUG:root:This is the line: drive:18.056:-0.951

DEBUG:root:We got command: drive
DEBUG:root:We got a drive command: rawX:-0.951000 and rawY:18.056000
DEBUG:root:Forward to the Left/Straight
DEBUG:root:Left=19.007000 Right=-0.951000
DEBUG:root:ScaledLeft: 417.765750 ScaledRight: 372.860250
INFO:root:Looping....
DEBUG:root:This is the line: drive:19.571:-0.893

DEBUG:root:We got command: drive
DEBUG:root:We got a drive command: rawX:-0.893000 and rawY:19.571000
DEBUG:root:Forward to the Left/Straight
DEBUG:root:Left=20.464000 Right=-0.893000
DEBUG:root:ScaledLeft: 421.044000 ScaledRight: 372.990750
INFO:root:Looping....
DEBUG:root:This is the line: drive:20.217:-0.893

DEBUG:root:We got command: drive
DEBUG:root:We got a drive command: rawX:-0.893000 and rawY:20.217000
DEBUG:root:Forward to the Left/Straight
DEBUG:root:Left=21.110000 Right=-0.893000
DEBUG:root:ScaledLeft: 422.497500 ScaledRight: 372.990750
INFO:root:Looping....
DEBUG:root:This is the line: drive:20.95:-0.893

DEBUG:root:We got command: drive
DEBUG:root:We got a drive command: rawX:-0.893000 and rawY:20.950000
DEBUG:root:Forward to the Left/Straight
DEBUG:root:Left=21.843000 Right=-0.893000
DEBUG:root:ScaledLeft: 424.146750 ScaledRight: 372.990750
INFO:root:Looping....
DEBUG:root:This is the line: drive:22.424:-0.893

DEBUG:root:We got command: drive
DEBUG:root:We got a drive command: rawX:-0.893000 and rawY:22.424000
DEBUG:root:Forward to the Left/Straight
DEBUG:root:Left=23.317000 Right=-0.893000
DEBUG:root:ScaledLeft: 427.463250 ScaledRight: 372.990750
INFO:root:Looping....
DEBUG:root:This is the line: drive:23.089:0.0

DEBUG:root:We got command: drive
DEBUG:root:We got a drive command: rawX:0.000000 and rawY:23.089000
DEBUG:root:Forward to the Left/Straight
DEBUG:root:Left=23.089000 Right=0.000000
DEBUG:root:ScaledLeft: 426.950250 ScaledRight: 375.000000
INFO:root:Looping....
DEBUG:root:This is the line: drive:24.711:1.931

DEBUG:root:We got command: drive
DEBUG:root:We got a drive command: rawX:1.931000 and rawY:24.711000
DEBUG:root:Forward to the Right
DEBUG:root:Left=-1.931000 Right=-22.780000
DEBUG:root:ScaledLeft: 370.655250 ScaledRight: 323.745000
INFO:root:Looping....
DEBUG:root:This is the line: drive:25.699:3.869

DEBUG:root:We got command: drive
DEBUG:root:We got a drive command: rawX:3.869000 and rawY:25.699000
DEBUG:root:Forward to the Right
DEBUG:root:Left=-3.869000 Right=-21.830000
DEBUG:root:ScaledLeft: 366.294750 ScaledRight: 325.882500
INFO:root:Looping....
DEBUG:root:This is the line: drive:26.0:4.586

DEBUG:root:We got command: drive
DEBUG:root:We got a drive command: rawX:4.586000 and rawY:26.000000
DEBUG:root:Forward to the Right
DEBUG:root:Left=-4.586000 Right=-21.414000
DEBUG:root:ScaledLeft: 364.681500 ScaledRight: 326.818500
INFO:root:Looping....
DEBUG:root:This is the line: drive:26.571:6.157

DEBUG:root:We got command: drive
DEBUG:root:We got a drive command: rawX:6.157000 and rawY:26.571000
DEBUG:root:Forward to the Right
DEBUG:root:Left=-6.157000 Right=-20.414000
DEBUG:root:ScaledLeft: 361.146750 ScaledRight: 329.068500
INFO:root:Looping....
DEBUG:root:This is the line: drive:27.143:8.123

DEBUG:root:We got command: drive
DEBUG:root:We got a drive command: rawX:8.123000 and rawY:27.143000
DEBUG:root:Forward to the Right
DEBUG:root:Left=-8.123000 Right=-19.020000
DEBUG:root:ScaledLeft: 356.723250 ScaledRight: 332.205000
INFO:root:Looping....
DEBUG:root:This is the line: drive:28.0:9.964

DEBUG:root:We got command: drive
DEBUG:root:We got a drive command: rawX:9.964000 and rawY:28.000000
DEBUG:root:Forward to the Right
DEBUG:root:Left=-9.964000 Right=-18.036000
DEBUG:root:ScaledLeft: 352.581000 ScaledRight: 334.419000
INFO:root:Looping....
DEBUG:root:This is the line: drive:28.857:12.183

DEBUG:root:We got command: drive
DEBUG:root:We got a drive command: rawX:12.183000 and rawY:28.857000
DEBUG:root:Forward to the Right
DEBUG:root:Left=-12.183000 Right=-16.674000
DEBUG:root:ScaledLeft: 347.588250 ScaledRight: 337.483500
INFO:root:Looping....
DEBUG:root:This is the line: drive:29.143:14.005

DEBUG:root:We got command: drive
DEBUG:root:We got a drive command: rawX:14.005000 and rawY:29.143000
DEBUG:root:Forward to the Right
DEBUG:root:Left=-14.005000 Right=-15.138000
DEBUG:root:ScaledLeft: 343.488750 ScaledRight: 340.939500
INFO:root:Looping....
DEBUG:root:This is the line: drive:30.0:16.271

DEBUG:root:We got command: drive
DEBUG:root:We got a drive command: rawX:16.271000 and rawY:30.000000
DEBUG:root:Forward to the Right
DEBUG:root:Left=-16.271000 Right=-13.729000
DEBUG:root:ScaledLeft: 338.390250 ScaledRight: 344.109750
INFO:root:Looping....
DEBUG:root:This is the line: drive:30.286:18.156

DEBUG:root:We got command: drive
DEBUG:root:We got a drive command: rawX:18.156000 and rawY:30.286000
DEBUG:root:Forward to the Right
DEBUG:root:Left=-18.156000 Right=-12.130000
DEBUG:root:ScaledLeft: 334.149000 ScaledRight: 347.707500
INFO:root:Looping....
DEBUG:root:This is the line: drive:30.286:18.509

DEBUG:root:We got command: drive
DEBUG:root:We got a drive command: rawX:18.509000 and rawY:30.286000
DEBUG:root:Forward to the Right
DEBUG:root:Left=-18.509000 Right=-11.777000
DEBUG:root:ScaledLeft: 333.354750 ScaledRight: 348.501750
INFO:root:Looping....
DEBUG:root:This is the line: drive:30.286:18.509

DEBUG:root:We got command: drive
DEBUG:root:We got a drive command: rawX:18.509000 and rawY:30.286000
DEBUG:root:Forward to the Right
DEBUG:root:Left=-18.509000 Right=-11.777000
DEBUG:root:ScaledLeft: 333.354750 ScaledRight: 348.501750
INFO:root:Looping....
DEBUG:root:This is the line: drive:30.888:18.75

DEBUG:root:We got command: drive
DEBUG:root:We got a drive command: rawX:18.750000 and rawY:30.888000
DEBUG:root:Forward to the Right
DEBUG:root:Left=-18.750000 Right=-12.138000
DEBUG:root:ScaledLeft: 332.812500 ScaledRight: 347.689500
INFO:root:Looping....
DEBUG:root:This is the line: drive:31.043:19.837

DEBUG:root:We got command: drive
DEBUG:root:We got a drive command: rawX:19.837000 and rawY:31.043000
DEBUG:root:Forward to the Right
DEBUG:root:Left=-19.837000 Right=-11.206000
DEBUG:root:ScaledLeft: 330.366750 ScaledRight: 349.786500
INFO:root:Looping....
DEBUG:root:This is the line: drive:31.143:20.631

DEBUG:root:We got command: drive
DEBUG:root:We got a drive command: rawX:20.631000 and rawY:31.143000
DEBUG:root:Forward to the Right
DEBUG:root:Left=-20.631000 Right=-10.512000
DEBUG:root:ScaledLeft: 328.580250 ScaledRight: 351.348000
INFO:root:Looping....
DEBUG:root:This is the line: drive:31.429:22.348

DEBUG:root:We got command: drive
DEBUG:root:We got a drive command: rawX:22.348000 and rawY:31.429000
DEBUG:root:Forward to the Right
DEBUG:root:Left=-22.348000 Right=-9.081000
DEBUG:root:ScaledLeft: 324.717000 ScaledRight: 354.567750
INFO:root:Looping....
DEBUG:root:This is the line: drive:31.429:23.713

DEBUG:root:We got command: drive
DEBUG:root:We got a drive command: rawX:23.713000 and rawY:31.429000
DEBUG:root:Forward to the Right
DEBUG:root:Left=-23.713000 Right=-7.716000
DEBUG:root:ScaledLeft: 321.645750 ScaledRight: 357.639000
INFO:root:Looping....
DEBUG:root:This is the line: drive:31.429:25.241

DEBUG:root:We got command: drive
DEBUG:root:We got a drive command: rawX:25.241000 and rawY:31.429000
DEBUG:root:Forward to the Right
DEBUG:root:Left=-25.241000 Right=-6.188000
DEBUG:root:ScaledLeft: 318.207750 ScaledRight: 361.077000
INFO:root:Looping....
DEBUG:root:This is the line: drive:31.429:25.446

DEBUG:root:We got command: drive
DEBUG:root:We got a drive command: rawX:25.446000 and rawY:31.429000
DEBUG:root:Forward to the Right
DEBUG:root:Left=-25.446000 Right=-5.983000
DEBUG:root:ScaledLeft: 317.746500 ScaledRight: 361.538250
INFO:root:Looping....
DEBUG:root:This is the line: drive:31.429:25.446

DEBUG:root:We got command: drive
DEBUG:root:We got a drive command: rawX:25.446000 and rawY:31.429000
DEBUG:root:Forward to the Right
DEBUG:root:Left=-25.446000 Right=-5.983000
DEBUG:root:ScaledLeft: 317.746500 ScaledRight: 361.538250
INFO:root:Looping....
DEBUG:root:This is the line: drive:31.429:24.999

DEBUG:root:We got command: drive
DEBUG:root:We got a drive command: rawX:24.999000 and rawY:31.429000
DEBUG:root:Forward to the Right
DEBUG:root:Left=-24.999000 Right=-6.430000
DEBUG:root:ScaledLeft: 318.752250 ScaledRight: 360.532500
INFO:root:Looping....
DEBUG:root:This is the line: drive:31.429:23.531

DEBUG:root:We got command: drive
DEBUG:root:We got a drive command: rawX:23.531000 and rawY:31.429000
DEBUG:root:Forward to the Right
DEBUG:root:Left=-23.531000 Right=-7.898000
DEBUG:root:ScaledLeft: 322.055250 ScaledRight: 357.229500
INFO:root:Looping....
DEBUG:root:This is the line: drive:31.429:22.761

DEBUG:root:We got command: drive
DEBUG:root:We got a drive command: rawX:22.761000 and rawY:31.429000
DEBUG:root:Forward to the Right
DEBUG:root:Left=-22.761000 Right=-8.668000
DEBUG:root:ScaledLeft: 323.787750 ScaledRight: 355.497000
INFO:root:Looping....
DEBUG:root:This is the line: drive:30.857:21.28

DEBUG:root:We got command: drive
DEBUG:root:We got a drive command: rawX:21.280000 and rawY:30.857000
DEBUG:root:Forward to the Right
DEBUG:root:Left=-21.280000 Right=-9.577000
DEBUG:root:ScaledLeft: 327.120000 ScaledRight: 353.451750
INFO:root:Looping....
DEBUG:root:This is the line: drive:29.356:20.46

DEBUG:root:We got command: drive
DEBUG:root:We got a drive command: rawX:20.460000 and rawY:29.356000
DEBUG:root:Forward to the Right
DEBUG:root:Left=-20.460000 Right=-8.896000
DEBUG:root:ScaledLeft: 328.965000 ScaledRight: 354.984000
INFO:root:Looping....
DEBUG:root:This is the line: drive:27.857:19.196

DEBUG:root:We got command: drive
DEBUG:root:We got a drive command: rawX:19.196000 and rawY:27.857000
DEBUG:root:Forward to the Right
DEBUG:root:Left=-19.196000 Right=-8.661000
DEBUG:root:ScaledLeft: 331.809000 ScaledRight: 355.512750
INFO:root:Looping....
DEBUG:root:This is the line: drive:27.286:19.345

DEBUG:root:We got command: drive
DEBUG:root:We got a drive command: rawX:19.345000 and rawY:27.286000
DEBUG:root:Forward to the Right
DEBUG:root:Left=-19.345000 Right=-7.941000
DEBUG:root:ScaledLeft: 331.473750 ScaledRight: 357.132750
INFO:root:Looping....
DEBUG:root:This is the line: drive:25.959:18.75

DEBUG:root:We got command: drive
DEBUG:root:We got a drive command: rawX:18.750000 and rawY:25.959000
DEBUG:root:Forward to the Right
DEBUG:root:Left=-18.750000 Right=-7.209000
DEBUG:root:ScaledLeft: 332.812500 ScaledRight: 358.779750
INFO:root:Looping....
DEBUG:root:This is the line: drive:25.711:18.452

DEBUG:root:We got command: drive
DEBUG:root:We got a drive command: rawX:18.452000 and rawY:25.711000
DEBUG:root:Forward to the Right
DEBUG:root:Left=-18.452000 Right=-7.259000
DEBUG:root:ScaledLeft: 333.483000 ScaledRight: 358.667250
INFO:root:Looping....
DEBUG:root:This is the line: drive:25.143:17.866

DEBUG:root:We got command: drive
DEBUG:root:We got a drive command: rawX:17.866000 and rawY:25.143000
DEBUG:root:Forward to the Right
DEBUG:root:Left=-17.866000 Right=-7.277000
DEBUG:root:ScaledLeft: 334.801500 ScaledRight: 358.626750
INFO:root:Looping....
DEBUG:root:This is the line: drive:24.857:16.942

DEBUG:root:We got command: drive
DEBUG:root:We got a drive command: rawX:16.942000 and rawY:24.857000
DEBUG:root:Forward to the Right
DEBUG:root:Left=-16.942000 Right=-7.915000
DEBUG:root:ScaledLeft: 336.880500 ScaledRight: 357.191250
INFO:root:Looping....
DEBUG:root:This is the line: drive:24.211:16.369

DEBUG:root:We got command: drive
DEBUG:root:We got a drive command: rawX:16.369000 and rawY:24.211000
DEBUG:root:Forward to the Right
DEBUG:root:Left=-16.369000 Right=-7.842000
DEBUG:root:ScaledLeft: 338.169750 ScaledRight: 357.355500
INFO:root:Looping....
DEBUG:root:This is the line: drive:24.286:15.979

DEBUG:root:We got command: drive
DEBUG:root:We got a drive command: rawX:15.979000 and rawY:24.286000
DEBUG:root:Forward to the Right
DEBUG:root:Left=-15.979000 Right=-8.307000
DEBUG:root:ScaledLeft: 339.047250 ScaledRight: 356.309250
INFO:root:Looping....
DEBUG:root:This is the line: drive:23.571:16.071

DEBUG:root:We got command: drive
DEBUG:root:We got a drive command: rawX:16.071000 and rawY:23.571000
DEBUG:root:Forward to the Right
DEBUG:root:Left=-16.071000 Right=-7.500000
DEBUG:root:ScaledLeft: 338.840250 ScaledRight: 358.125000
INFO:root:Looping....
DEBUG:root:This is the line: drive:23.142:15.774

DEBUG:root:We got command: drive
DEBUG:root:We got a drive command: rawX:15.774000 and rawY:23.142000
DEBUG:root:Forward to the Right
DEBUG:root:Left=-15.774000 Right=-7.368000
DEBUG:root:ScaledLeft: 339.508500 ScaledRight: 358.422000
INFO:root:Looping....
DEBUG:root:This is the line: drive:23.142:15.774

DEBUG:root:We got command: drive
DEBUG:root:We got a drive command: rawX:15.774000 and rawY:23.142000
DEBUG:root:Forward to the Right
DEBUG:root:Left=-15.774000 Right=-7.368000
DEBUG:root:ScaledLeft: 339.508500 ScaledRight: 358.422000
INFO:root:Looping....
DEBUG:root:This is the line: drive:23.142:15.774

DEBUG:root:We got command: drive
DEBUG:root:We got a drive command: rawX:15.774000 and rawY:23.142000
DEBUG:root:Forward to the Right
DEBUG:root:Left=-15.774000 Right=-7.368000
DEBUG:root:ScaledLeft: 339.508500 ScaledRight: 358.422000
INFO:root:Looping....
DEBUG:root:This is the line: drive:23.142:15.774

DEBUG:root:We got command: drive
DEBUG:root:We got a drive command: rawX:15.774000 and rawY:23.142000
DEBUG:root:Forward to the Right
DEBUG:root:Left=-15.774000 Right=-7.368000
DEBUG:root:ScaledLeft: 339.508500 ScaledRight: 358.422000
INFO:root:Looping....
DEBUG:root:This is the line: drive:23.902:18.249

DEBUG:root:We got command: drive
DEBUG:root:We got a drive command: rawX:18.249000 and rawY:23.902000
DEBUG:root:Forward to the Right
DEBUG:root:Left=-18.249000 Right=-5.653000
DEBUG:root:ScaledLeft: 333.939750 ScaledRight: 362.280750
INFO:root:Looping....
DEBUG:root:This is the line: drive:26.969:23.985

DEBUG:root:We got command: drive
DEBUG:root:We got a drive command: rawX:23.985000 and rawY:26.969000
DEBUG:root:Forward to the Right
DEBUG:root:Left=-23.985000 Right=-2.984000
DEBUG:root:ScaledLeft: 321.033750 ScaledRight: 368.286000
INFO:root:Looping....
DEBUG:root:This is the line: drive:30.492:32.679

DEBUG:root:We got command: drive
DEBUG:root:We got a drive command: rawX:32.679000 and rawY:30.492000
DEBUG:root:Forward to the Right
DEBUG:root:Left=-32.679000 Right=2.187000
DEBUG:root:ScaledLeft: 301.472250 ScaledRight: 379.920750
INFO:root:Looping....
DEBUG:root:This is the line: drive:33.962:42.442

DEBUG:root:We got command: drive
DEBUG:root:We got a drive command: rawX:42.442000 and rawY:33.962000
DEBUG:root:Forward to the Right
DEBUG:root:Left=-42.442000 Right=8.480000
DEBUG:root:ScaledLeft: 279.505500 ScaledRight: 394.080000
INFO:root:Looping....
DEBUG:root:This is the line: drive:35.72:46.738

DEBUG:root:We got command: drive
DEBUG:root:We got a drive command: rawX:46.738000 and rawY:35.720000
DEBUG:root:Forward to the Right
DEBUG:root:Left=-46.738000 Right=11.018000
DEBUG:root:ScaledLeft: 269.839500 ScaledRight: 399.790500
INFO:root:Looping....
DEBUG:root:This is the line: drive:36.571:49.552

DEBUG:root:We got command: drive
DEBUG:root:We got a drive command: rawX:49.552000 and rawY:36.571000
DEBUG:root:Forward to the Right
DEBUG:root:Left=-49.552000 Right=12.981000
DEBUG:root:ScaledLeft: 263.508000 ScaledRight: 404.207250
INFO:root:Looping....
DEBUG:root:This is the line: drive:37.571:51.637

DEBUG:root:We got command: drive
DEBUG:root:We got a drive command: rawX:51.637000 and rawY:37.571000
DEBUG:root:Forward to the Right
DEBUG:root:Left=-51.637000 Right=14.066000
DEBUG:root:ScaledLeft: 258.816750 ScaledRight: 406.648500
INFO:root:Looping....
DEBUG:root:This is the line: drive:37.429:50.783

DEBUG:root:We got command: drive
DEBUG:root:We got a drive command: rawX:50.783000 and rawY:37.429000
DEBUG:root:Forward to the Right
DEBUG:root:Left=-50.783000 Right=13.354000
DEBUG:root:ScaledLeft: 260.738250 ScaledRight: 405.046500
INFO:root:Looping....
DEBUG:root:This is the line: drive:35.458:48.543

DEBUG:root:We got command: drive
DEBUG:root:We got a drive command: rawX:48.543000 and rawY:35.458000
DEBUG:root:Forward to the Right
DEBUG:root:Left=-48.543000 Right=13.085000
DEBUG:root:ScaledLeft: 265.778250 ScaledRight: 404.441250
INFO:root:Looping....
DEBUG:root:This is the line: drive:32.806:46.708

DEBUG:root:We got command: drive
DEBUG:root:We got a drive command: rawX:46.708000 and rawY:32.806000
DEBUG:root:Forward to the Right
DEBUG:root:Left=-46.708000 Right=13.902000
DEBUG:root:ScaledLeft: 269.907000 ScaledRight: 406.279500
INFO:root:Looping....
DEBUG:root:This is the line: drive:23.177:42.686

DEBUG:root:We got command: drive
DEBUG:root:We got a drive command: rawX:42.686000 and rawY:23.177000
DEBUG:root:Forward to the Right
DEBUG:root:Left=-42.686000 Right=19.509000
DEBUG:root:ScaledLeft: 278.956500 ScaledRight: 418.895250
INFO:root:Looping....
DEBUG:root:This is the line: drive:7.992:39.471

DEBUG:root:We got command: drive
DEBUG:root:We got a drive command: rawX:39.471000 and rawY:7.992000
DEBUG:root:Forward to the Right
DEBUG:root:Left=-39.471000 Right=31.479000
DEBUG:root:ScaledLeft: 286.190250 ScaledRight: 445.827750
INFO:root:Looping....
DEBUG:root:This is the line: drive:-4.814:37.214

DEBUG:root:We got command: drive
DEBUG:root:We got a drive command: rawX:37.214000 and rawY:-4.814000
DEBUG:root:Reverse to the Right
DEBUG:root:Left=-37.214000 Right=42.028000
DEBUG:root:ScaledLeft: 291.268500 ScaledRight: 469.563000
INFO:root:Looping....
DEBUG:root:This is the line: drive:-10.915:36.31

DEBUG:root:We got command: drive
DEBUG:root:We got a drive command: rawX:36.310000 and rawY:-10.915000
DEBUG:root:Reverse to the Right
DEBUG:root:Left=-36.310000 Right=47.225000
DEBUG:root:ScaledLeft: 293.302500 ScaledRight: 481.256250
INFO:root:Looping....
DEBUG:root:This is the line: drive:-17.132:35.417

DEBUG:root:We got command: drive
DEBUG:root:We got a drive command: rawX:35.417000 and rawY:-17.132000
DEBUG:root:Reverse to the Right
DEBUG:root:Left=-35.417000 Right=52.549000
DEBUG:root:ScaledLeft: 295.311750 ScaledRight: 493.235250
INFO:root:Looping....
DEBUG:root:This is the line: drive:-23.58:35.119

DEBUG:root:We got command: drive
DEBUG:root:We got a drive command: rawX:35.119000 and rawY:-23.580000
DEBUG:root:Reverse to the Right
DEBUG:root:Left=-35.119000 Right=58.699000
DEBUG:root:ScaledLeft: 295.982250 ScaledRight: 507.072750
INFO:root:Looping....
DEBUG:root:This is the line: drive:-28.731:35.119

DEBUG:root:We got command: drive
DEBUG:root:We got a drive command: rawX:35.119000 and rawY:-28.731000
DEBUG:root:Reverse to the Right
DEBUG:root:Left=-35.119000 Right=63.850000
DEBUG:root:ScaledLeft: 295.982250 ScaledRight: 518.662500
INFO:root:Looping....
DEBUG:root:This is the line: drive:-34.087:35.119

DEBUG:root:We got command: drive
DEBUG:root:We got a drive command: rawX:35.119000 and rawY:-34.087000
DEBUG:root:Reverse to the Right
DEBUG:root:Left=-35.119000 Right=69.206000
DEBUG:root:ScaledLeft: 295.982250 ScaledRight: 530.713500
INFO:root:Looping....
DEBUG:root:This is the line: drive:-39.067:34.117

DEBUG:root:We got command: drive
DEBUG:root:We got a drive command: rawX:34.117000 and rawY:-39.067000
DEBUG:root:Reverse to the Right
DEBUG:root:Left=-34.117000 Right=73.184000
DEBUG:root:ScaledLeft: 298.236750 ScaledRight: 539.664000
INFO:root:Looping....
DEBUG:root:This is the line: drive:-43.394:33.333

DEBUG:root:We got command: drive
DEBUG:root:We got a drive command: rawX:33.333000 and rawY:-43.394000
DEBUG:root:Reverse to the Right
DEBUG:root:Left=-33.333000 Right=76.727000
DEBUG:root:ScaledLeft: 300.000750 ScaledRight: 547.635750
INFO:root:Looping....
DEBUG:root:This is the line: drive:-45.138:32.743

DEBUG:root:We got command: drive
DEBUG:root:We got a drive command: rawX:32.743000 and rawY:-45.138000
DEBUG:root:Reverse to the Right
DEBUG:root:Left=-32.743000 Right=77.881000
DEBUG:root:ScaledLeft: 301.328250 ScaledRight: 550.232250
INFO:root:Looping....
DEBUG:root:This is the line: drive:-48.203:32.229

DEBUG:root:We got command: drive
DEBUG:root:We got a drive command: rawX:32.229000 and rawY:-48.203000
DEBUG:root:Reverse to the Right
DEBUG:root:Left=-32.229000 Right=80.432000
DEBUG:root:ScaledLeft: 302.484750 ScaledRight: 555.972000
INFO:root:Looping....
DEBUG:root:This is the line: drive:-50.419:31.707

DEBUG:root:We got command: drive
DEBUG:root:We got a drive command: rawX:31.707000 and rawY:-50.419000
DEBUG:root:Reverse to the Right
DEBUG:root:Left=-31.707000 Right=82.126000
DEBUG:root:ScaledLeft: 303.659250 ScaledRight: 559.783500
INFO:root:Looping....
DEBUG:root:This is the line: drive:-52.26:31.25

DEBUG:root:We got command: drive
DEBUG:root:We got a drive command: rawX:31.250000 and rawY:-52.260000
DEBUG:root:Reverse to the Right
DEBUG:root:Left=-31.250000 Right=83.510000
DEBUG:root:ScaledLeft: 304.687500 ScaledRight: 562.897500
INFO:root:Looping....
DEBUG:root:This is the line: drive:-54.504:30.952

DEBUG:root:We got command: drive
DEBUG:root:We got a drive command: rawX:30.952000 and rawY:-54.504000
DEBUG:root:Reverse to the Right
DEBUG:root:Left=-30.952000 Right=85.456000
DEBUG:root:ScaledLeft: 305.358000 ScaledRight: 567.276000
INFO:root:Looping....
DEBUG:root:This is the line: drive:-56.352:30.655

DEBUG:root:We got command: drive
DEBUG:root:We got a drive command: rawX:30.655000 and rawY:-56.352000
DEBUG:root:Reverse to the Right
DEBUG:root:Left=-30.655000 Right=87.007000
DEBUG:root:ScaledLeft: 306.026250 ScaledRight: 570.765750
INFO:root:Looping....
DEBUG:root:This is the line: drive:-58.537:30.06

DEBUG:root:We got command: drive
DEBUG:root:We got a drive command: rawX:30.060000 and rawY:-58.537000
DEBUG:root:Reverse to the Right
DEBUG:root:Left=-30.060000 Right=88.597000
DEBUG:root:ScaledLeft: 307.365000 ScaledRight: 574.343250
INFO:root:Looping....
DEBUG:root:This is the line: drive:-59.516:29.373

DEBUG:root:We got command: drive
DEBUG:root:We got a drive command: rawX:29.373000 and rawY:-59.516000
DEBUG:root:Reverse to the Right
DEBUG:root:Left=-29.373000 Right=88.889000
DEBUG:root:ScaledLeft: 308.910750 ScaledRight: 575.000250
INFO:root:Looping....
DEBUG:root:This is the line: drive:-60.014:29.152

DEBUG:root:We got command: drive
DEBUG:root:We got a drive command: rawX:29.152000 and rawY:-60.014000
DEBUG:root:Reverse to the Right
DEBUG:root:Left=-29.152000 Right=89.166000
DEBUG:root:ScaledLeft: 309.408000 ScaledRight: 575.623500
INFO:root:Looping....
DEBUG:root:This is the line: drive:-60.33:29.167

DEBUG:root:We got command: drive
DEBUG:root:We got a drive command: rawX:29.167000 and rawY:-60.330000
DEBUG:root:Reverse to the Right
DEBUG:root:Left=-29.167000 Right=89.497000
DEBUG:root:ScaledLeft: 309.374250 ScaledRight: 576.368250
INFO:root:Looping....
DEBUG:root:This is the line: drive:-60.714:28.869

DEBUG:root:We got command: drive
DEBUG:root:We got a drive command: rawX:28.869000 and rawY:-60.714000
DEBUG:root:Reverse to the Right
DEBUG:root:Left=-28.869000 Right=89.583000
DEBUG:root:ScaledLeft: 310.044750 ScaledRight: 576.561750
INFO:root:Looping....
DEBUG:root:This is the line: drive:-60.907:28.571

DEBUG:root:We got command: drive
DEBUG:root:We got a drive command: rawX:28.571000 and rawY:-60.907000
DEBUG:root:Reverse to the Right
DEBUG:root:Left=-28.571000 Right=89.478000
DEBUG:root:ScaledLeft: 310.715250 ScaledRight: 576.325500
INFO:root:Looping....
DEBUG:root:This is the line: drive:-60.907:28.571

DEBUG:root:We got command: drive
DEBUG:root:We got a drive command: rawX:28.571000 and rawY:-60.907000
DEBUG:root:Reverse to the Right
DEBUG:root:Left=-28.571000 Right=89.478000
DEBUG:root:ScaledLeft: 310.715250 ScaledRight: 576.325500
INFO:root:Looping....
DEBUG:root:This is the line: drive:-60.857:28.254

DEBUG:root:We got command: drive
DEBUG:root:We got a drive command: rawX:28.254000 and rawY:-60.857000
DEBUG:root:Reverse to the Right
DEBUG:root:Left=-28.254000 Right=89.111000
DEBUG:root:ScaledLeft: 311.428500 ScaledRight: 575.499750
INFO:root:Looping....
DEBUG:root:This is the line: drive:-60.857:27.954

DEBUG:root:We got command: drive
DEBUG:root:We got a drive command: rawX:27.954000 and rawY:-60.857000
DEBUG:root:Reverse to the Right
DEBUG:root:Left=-27.954000 Right=88.811000
DEBUG:root:ScaledLeft: 312.103500 ScaledRight: 574.824750
INFO:root:Looping....
DEBUG:root:This is the line: drive:-60.857:27.315

DEBUG:root:We got command: drive
DEBUG:root:We got a drive command: rawX:27.315000 and rawY:-60.857000
DEBUG:root:Reverse to the Right
DEBUG:root:Left=-27.315000 Right=88.172000
DEBUG:root:ScaledLeft: 313.541250 ScaledRight: 573.387000
INFO:root:Looping....
DEBUG:root:This is the line: drive:-60.286:26.66

DEBUG:root:We got command: drive
DEBUG:root:We got a drive command: rawX:26.660000 and rawY:-60.286000
DEBUG:root:Reverse to the Right
DEBUG:root:Left=-26.660000 Right=86.946000
DEBUG:root:ScaledLeft: 315.015000 ScaledRight: 570.628500
INFO:root:Looping....
DEBUG:root:This is the line: drive:-59.596:26.488

DEBUG:root:We got command: drive
DEBUG:root:We got a drive command: rawX:26.488000 and rawY:-59.596000
DEBUG:root:Reverse to the Right
DEBUG:root:Left=-26.488000 Right=86.084000
DEBUG:root:ScaledLeft: 315.402000 ScaledRight: 568.689000
INFO:root:Looping....
DEBUG:root:This is the line: drive:-57.394:26.488

DEBUG:root:We got command: drive
DEBUG:root:We got a drive command: rawX:26.488000 and rawY:-57.394000
DEBUG:root:Reverse to the Right
DEBUG:root:Left=-26.488000 Right=83.882000
DEBUG:root:ScaledLeft: 315.402000 ScaledRight: 563.734500
INFO:root:Looping....
DEBUG:root:This is the line: drive:-53.976:26.19

DEBUG:root:We got command: drive
DEBUG:root:We got a drive command: rawX:26.190000 and rawY:-53.976000
DEBUG:root:Reverse to the Right
DEBUG:root:Left=-26.190000 Right=80.166000
DEBUG:root:ScaledLeft: 316.072500 ScaledRight: 555.373500
INFO:root:Looping....
DEBUG:root:This is the line: drive:-42.264:26.19

DEBUG:root:We got command: drive
DEBUG:root:We got a drive command: rawX:26.190000 and rawY:-42.264000
DEBUG:root:Reverse to the Right
DEBUG:root:Left=-26.190000 Right=68.454000
DEBUG:root:ScaledLeft: 316.072500 ScaledRight: 529.021500
INFO:root:Looping....
DEBUG:root:This is the line: drive:-31.038:26.786

DEBUG:root:We got command: drive
DEBUG:root:We got a drive command: rawX:26.786000 and rawY:-31.038000
DEBUG:root:Reverse to the Right
DEBUG:root:Left=-26.786000 Right=57.824000
DEBUG:root:ScaledLeft: 314.731500 ScaledRight: 505.104000
INFO:root:Looping....
DEBUG:root:This is the line: drive:-17.073:28.884

DEBUG:root:We got command: drive
DEBUG:root:We got a drive command: rawX:28.884000 and rawY:-17.073000
DEBUG:root:Reverse to the Right
DEBUG:root:Left=-28.884000 Right=45.957000
DEBUG:root:ScaledLeft: 310.011000 ScaledRight: 478.403250
INFO:root:Looping....
DEBUG:root:This is the line: drive:-7.288:30.84

DEBUG:root:We got command: drive
DEBUG:root:We got a drive command: rawX:30.840000 and rawY:-7.288000
DEBUG:root:Reverse to the Right
DEBUG:root:Left=-30.840000 Right=38.128000
DEBUG:root:ScaledLeft: 305.610000 ScaledRight: 460.788000
INFO:root:Looping....
DEBUG:root:This is the line: drive:1.829:32.713

DEBUG:root:We got command: drive
DEBUG:root:We got a drive command: rawX:32.713000 and rawY:1.829000
DEBUG:root:Forward to the Right
DEBUG:root:Left=-32.713000 Right=30.884000
DEBUG:root:ScaledLeft: 301.395750 ScaledRight: 444.489000
INFO:root:Looping....
DEBUG:root:This is the line: drive:10.069:34.226

DEBUG:root:We got command: drive
DEBUG:root:We got a drive command: rawX:34.226000 and rawY:10.069000
DEBUG:root:Forward to the Right
DEBUG:root:Left=-34.226000 Right=24.157000
DEBUG:root:ScaledLeft: 297.991500 ScaledRight: 429.353250
INFO:root:Looping....
DEBUG:root:This is the line: drive:14.336:34.226

DEBUG:root:We got command: drive
DEBUG:root:We got a drive command: rawX:34.226000 and rawY:14.336000
DEBUG:root:Forward to the Right
DEBUG:root:Left=-34.226000 Right=19.890000
DEBUG:root:ScaledLeft: 297.991500 ScaledRight: 419.752500
INFO:root:Looping....
DEBUG:root:This is the line: drive:20.602:34.226

DEBUG:root:We got command: drive
DEBUG:root:We got a drive command: rawX:34.226000 and rawY:20.602000
DEBUG:root:Forward to the Right
DEBUG:root:Left=-34.226000 Right=13.624000
DEBUG:root:ScaledLeft: 297.991500 ScaledRight: 405.654000
INFO:root:Looping....
DEBUG:root:This is the line: drive:24.201:34.226

DEBUG:root:We got command: drive
DEBUG:root:We got a drive command: rawX:34.226000 and rawY:24.201000
DEBUG:root:Forward to the Right
DEBUG:root:Left=-34.226000 Right=10.025000
DEBUG:root:ScaledLeft: 297.991500 ScaledRight: 397.556250
INFO:root:Looping....
DEBUG:root:This is the line: drive:28.351:34.226

DEBUG:root:We got command: drive
DEBUG:root:We got a drive command: rawX:34.226000 and rawY:28.351000
DEBUG:root:Forward to the Right
DEBUG:root:Left=-34.226000 Right=5.875000
DEBUG:root:ScaledLeft: 297.991500 ScaledRight: 388.218750
INFO:root:Looping....
DEBUG:root:This is the line: drive:31.017:34.226

DEBUG:root:We got command: drive
DEBUG:root:We got a drive command: rawX:34.226000 and rawY:31.017000
DEBUG:root:Forward to the Right
DEBUG:root:Left=-34.226000 Right=3.209000
DEBUG:root:ScaledLeft: 297.991500 ScaledRight: 382.220250
INFO:root:Looping....
DEBUG:root:This is the line: drive:32.06:34.226

DEBUG:root:We got command: drive
DEBUG:root:We got a drive command: rawX:34.226000 and rawY:32.060000
DEBUG:root:Forward to the Right
DEBUG:root:Left=-34.226000 Right=2.166000
DEBUG:root:ScaledLeft: 297.991500 ScaledRight: 379.873500
INFO:root:Looping....
DEBUG:root:This is the line: drive:35.609:34.226

DEBUG:root:We got command: drive
DEBUG:root:We got a drive command: rawX:34.226000 and rawY:35.609000
DEBUG:root:Forward to the Right
DEBUG:root:Left=-34.226000 Right=-1.383000
DEBUG:root:ScaledLeft: 297.991500 ScaledRight: 371.888250
INFO:root:Looping....
DEBUG:root:This is the line: drive:37.0:34.226

DEBUG:root:We got command: drive
DEBUG:root:We got a drive command: rawX:34.226000 and rawY:37.000000
DEBUG:root:Forward to the Right
DEBUG:root:Left=-34.226000 Right=-2.774000
DEBUG:root:ScaledLeft: 297.991500 ScaledRight: 368.758500
INFO:root:Looping....
DEBUG:root:This is the line: drive:35.918:33.929

DEBUG:root:We got command: drive
DEBUG:root:We got a drive command: rawX:33.929000 and rawY:35.918000
DEBUG:root:Forward to the Right
DEBUG:root:Left=-33.929000 Right=-1.989000
DEBUG:root:ScaledLeft: 298.659750 ScaledRight: 370.524750
INFO:root:Looping....
DEBUG:root:This is the line: drive:32.457:33.929

DEBUG:root:We got command: drive
DEBUG:root:We got a drive command: rawX:33.929000 and rawY:32.457000
DEBUG:root:Forward to the Right
DEBUG:root:Left=-33.929000 Right=1.472000
DEBUG:root:ScaledLeft: 298.659750 ScaledRight: 378.312000
INFO:root:Looping....
DEBUG:root:This is the line: drive:24.37:33.631

DEBUG:root:We got command: drive
DEBUG:root:We got a drive command: rawX:33.631000 and rawY:24.370000
DEBUG:root:Forward to the Right
DEBUG:root:Left=-33.631000 Right=9.261000
DEBUG:root:ScaledLeft: 299.330250 ScaledRight: 395.837250
INFO:root:Looping....
DEBUG:root:This is the line: drive:11.399:32.738

DEBUG:root:We got command: drive
DEBUG:root:We got a drive command: rawX:32.738000 and rawY:11.399000
DEBUG:root:Forward to the Right
DEBUG:root:Left=-32.738000 Right=21.339000
DEBUG:root:ScaledLeft: 301.339500 ScaledRight: 423.012750
INFO:root:Looping....
DEBUG:root:This is the line: drive:0.538:31.343

DEBUG:root:We got command: drive
DEBUG:root:We got a drive command: rawX:31.343000 and rawY:0.538000
DEBUG:root:Forward to the Right
DEBUG:root:Left=-31.343000 Right=30.805000
DEBUG:root:ScaledLeft: 304.478250 ScaledRight: 444.311250
INFO:root:Looping....
DEBUG:root:This is the line: drive:-10.273:29.616

DEBUG:root:We got command: drive
DEBUG:root:We got a drive command: rawX:29.616000 and rawY:-10.273000
DEBUG:root:Reverse to the Right
DEBUG:root:Left=-29.616000 Right=39.889000
DEBUG:root:ScaledLeft: 308.364000 ScaledRight: 464.750250
INFO:root:Looping....
DEBUG:root:This is the line: drive:-17.488:28.333

DEBUG:root:We got command: drive
DEBUG:root:We got a drive command: rawX:28.333000 and rawY:-17.488000
DEBUG:root:Reverse to the Right
DEBUG:root:Left=-28.333000 Right=45.821000
DEBUG:root:ScaledLeft: 311.250750 ScaledRight: 478.097250
INFO:root:Looping....
DEBUG:root:This is the line: drive:-27.268:26.643

DEBUG:root:We got command: drive
DEBUG:root:We got a drive command: rawX:26.643000 and rawY:-27.268000
DEBUG:root:Reverse to the Right
DEBUG:root:Left=-26.643000 Right=53.911000
DEBUG:root:ScaledLeft: 315.053250 ScaledRight: 496.299750
INFO:root:Looping....
DEBUG:root:This is the line: drive:-33.327:25.893

DEBUG:root:We got command: drive
DEBUG:root:We got a drive command: rawX:25.893000 and rawY:-33.327000
DEBUG:root:Reverse to the Right
DEBUG:root:Left=-25.893000 Right=59.220000
DEBUG:root:ScaledLeft: 316.740750 ScaledRight: 508.245000
INFO:root:Looping....
DEBUG:root:This is the line: drive:-36.88:25.595

DEBUG:root:We got command: drive
DEBUG:root:We got a drive command: rawX:25.595000 and rawY:-36.880000
DEBUG:root:Reverse to the Right
DEBUG:root:Left=-25.595000 Right=62.475000
DEBUG:root:ScaledLeft: 317.411250 ScaledRight: 515.568750
INFO:root:Looping....
DEBUG:root:This is the line: drive:-40.59:25.298

DEBUG:root:We got command: drive
DEBUG:root:We got a drive command: rawX:25.298000 and rawY:-40.590000
DEBUG:root:Reverse to the Right
DEBUG:root:Left=-25.298000 Right=65.888000
DEBUG:root:ScaledLeft: 318.079500 ScaledRight: 523.248000
INFO:root:Looping....
DEBUG:root:This is the line: drive:-43.073:24.702

DEBUG:root:We got command: drive
DEBUG:root:We got a drive command: rawX:24.702000 and rawY:-43.073000
DEBUG:root:Reverse to the Right
DEBUG:root:Left=-24.702000 Right=67.775000
DEBUG:root:ScaledLeft: 319.420500 ScaledRight: 527.493750
INFO:root:Looping....
DEBUG:root:This is the line: drive:-44.0:23.716

DEBUG:root:We got command: drive
DEBUG:root:We got a drive command: rawX:23.716000 and rawY:-44.000000
DEBUG:root:Reverse to the Right
DEBUG:root:Left=-23.716000 Right=67.716000
DEBUG:root:ScaledLeft: 321.639000 ScaledRight: 527.361000
INFO:root:Looping....
DEBUG:root:This is the line: drive:-44.0:20.89

DEBUG:root:We got command: drive
DEBUG:root:We got a drive command: rawX:20.890000 and rawY:-44.000000
DEBUG:root:Reverse to the Right
DEBUG:root:Left=-20.890000 Right=64.890000
DEBUG:root:ScaledLeft: 327.997500 ScaledRight: 521.002500
INFO:root:Looping....
DEBUG:root:This is the line: drive:-41.714:1.295

DEBUG:root:We got command: drive
DEBUG:root:We got a drive command: rawX:1.295000 and rawY:-41.714000
DEBUG:root:Reverse to the Right
DEBUG:root:Left=-1.295000 Right=43.009000
DEBUG:root:ScaledLeft: 372.086250 ScaledRight: 471.770250
INFO:root:Looping....
DEBUG:root:This is the line: drive:-41.714:-19.94

DEBUG:root:We got command: drive
DEBUG:root:We got a drive command: rawX:-19.940000 and rawY:-41.714000
DEBUG:root:Reverse to the Left/Straight
DEBUG:root:Left=-21.774000 Right=-19.940000
DEBUG:root:ScaledLeft: 326.008500 ScaledRight: 330.135000
INFO:root:Looping....
DEBUG:root:This is the line: drive:-40.571:-39.117

DEBUG:root:We got command: drive
DEBUG:root:We got a drive command: rawX:-39.117000 and rawY:-40.571000
DEBUG:root:Reverse to the Left/Straight
DEBUG:root:Left=-1.454000 Right=-39.117000
DEBUG:root:ScaledLeft: 371.728500 ScaledRight: 286.986750
INFO:root:Looping....
DEBUG:root:This is the line: drive:-40.571:-54.123

DEBUG:root:We got command: drive
DEBUG:root:We got a drive command: rawX:-54.123000 and rawY:-40.571000
DEBUG:root:Reverse to the Left/Straight
DEBUG:root:Left=13.552000 Right=-54.123000
DEBUG:root:ScaledLeft: 405.492000 ScaledRight: 253.223250
INFO:root:Looping....
DEBUG:root:This is the line: drive:-40.571:-63.635

DEBUG:root:We got command: drive
DEBUG:root:We got a drive command: rawX:-63.635000 and rawY:-40.571000
DEBUG:root:Reverse to the Left/Straight
DEBUG:root:Left=23.064000 Right=-63.635000
DEBUG:root:ScaledLeft: 426.894000 ScaledRight: 231.821250
INFO:root:Looping....
DEBUG:root:This is the line: drive:-40.571:-73.537

DEBUG:root:We got command: drive
DEBUG:root:We got a drive command: rawX:-73.537000 and rawY:-40.571000
DEBUG:root:Reverse to the Left/Straight
DEBUG:root:Left=32.966000 Right=-73.537000
DEBUG:root:ScaledLeft: 449.173500 ScaledRight: 209.541750
INFO:root:Looping....
DEBUG:root:This is the line: drive:-40.877:-78.614

DEBUG:root:We got command: drive
DEBUG:root:We got a drive command: rawX:-78.614000 and rawY:-40.877000
DEBUG:root:Reverse to the Left/Straight
DEBUG:root:Left=37.737000 Right=-78.614000
DEBUG:root:ScaledLeft: 459.908250 ScaledRight: 198.118500
INFO:root:Looping....
DEBUG:root:This is the line: drive:-41.429:-83.114

DEBUG:root:We got command: drive
DEBUG:root:We got a drive command: rawX:-83.114000 and rawY:-41.429000
DEBUG:root:Reverse to the Left/Straight
DEBUG:root:Left=41.685000 Right=-83.114000
DEBUG:root:ScaledLeft: 468.791250 ScaledRight: 187.993500
INFO:root:Looping....
DEBUG:root:This is the line: drive:-41.429:-85.739

DEBUG:root:We got command: drive
DEBUG:root:We got a drive command: rawX:-85.739000 and rawY:-41.429000
DEBUG:root:Reverse to the Left/Straight
DEBUG:root:Left=44.310000 Right=-85.739000
DEBUG:root:ScaledLeft: 474.697500 ScaledRight: 182.087250
INFO:root:Looping....
DEBUG:root:This is the line: drive:-41.714:-88.304

DEBUG:root:We got command: drive
DEBUG:root:We got a drive command: rawX:-88.304000 and rawY:-41.714000
DEBUG:root:Reverse to the Left/Straight
DEBUG:root:Left=46.590000 Right=-88.304000
DEBUG:root:ScaledLeft: 479.827500 ScaledRight: 176.316000
INFO:root:Looping....
DEBUG:root:This is the line: drive:-41.714:-89.781

DEBUG:root:We got command: drive
DEBUG:root:We got a drive command: rawX:-89.781000 and rawY:-41.714000
DEBUG:root:Reverse to the Left/Straight
DEBUG:root:Left=48.067000 Right=-89.781000
DEBUG:root:ScaledLeft: 483.150750 ScaledRight: 172.992750
INFO:root:Looping....
DEBUG:root:This is the line: drive:-41.714:-90.235

DEBUG:root:We got command: drive
DEBUG:root:We got a drive command: rawX:-90.235000 and rawY:-41.714000
DEBUG:root:Reverse to the Left/Straight
DEBUG:root:Left=48.521000 Right=-90.235000
DEBUG:root:ScaledLeft: 484.172250 ScaledRight: 171.971250
INFO:root:Looping....
DEBUG:root:This is the line: drive:-41.714:-90.235

DEBUG:root:We got command: drive
DEBUG:root:We got a drive command: rawX:-90.235000 and rawY:-41.714000
DEBUG:root:Reverse to the Left/Straight
DEBUG:root:Left=48.521000 Right=-90.235000
DEBUG:root:ScaledLeft: 484.172250 ScaledRight: 171.971250
INFO:root:Looping....
DEBUG:root:This is the line: drive:-42.143:-90.476

DEBUG:root:We got command: drive
DEBUG:root:We got a drive command: rawX:-90.476000 and rawY:-42.143000
DEBUG:root:Reverse to the Left/Straight
DEBUG:root:Left=48.333000 Right=-90.476000
DEBUG:root:ScaledLeft: 483.749250 ScaledRight: 171.429000
INFO:root:Looping....
DEBUG:root:This is the line: drive:-42.143:-90.476

DEBUG:root:We got command: drive
DEBUG:root:We got a drive command: rawX:-90.476000 and rawY:-42.143000
DEBUG:root:Reverse to the Left/Straight
DEBUG:root:Left=48.333000 Right=-90.476000
DEBUG:root:ScaledLeft: 483.749250 ScaledRight: 171.429000
INFO:root:Looping....
DEBUG:root:This is the line: drive:-42.429:-90.774

DEBUG:root:We got command: drive
DEBUG:root:We got a drive command: rawX:-90.774000 and rawY:-42.429000
DEBUG:root:Reverse to the Left/Straight
DEBUG:root:Left=48.345000 Right=-90.774000
DEBUG:root:ScaledLeft: 483.776250 ScaledRight: 170.758500
INFO:root:Looping....
DEBUG:root:This is the line: drive:-42.286:-91.078

DEBUG:root:We got command: drive
DEBUG:root:We got a drive command: rawX:-91.078000 and rawY:-42.286000
DEBUG:root:Reverse to the Left/Straight
DEBUG:root:Left=48.792000 Right=-91.078000
DEBUG:root:ScaledLeft: 484.782000 ScaledRight: 170.074500
INFO:root:Looping....
DEBUG:root:This is the line: drive:-42.286:-91.078

DEBUG:root:We got command: drive
DEBUG:root:We got a drive command: rawX:-91.078000 and rawY:-42.286000
DEBUG:root:Reverse to the Left/Straight
DEBUG:root:Left=48.792000 Right=-91.078000
DEBUG:root:ScaledLeft: 484.782000 ScaledRight: 170.074500
INFO:root:Looping....
DEBUG:root:This is the line: drive:-42.286:-91.078

DEBUG:root:We got command: drive
DEBUG:root:We got a drive command: rawX:-91.078000 and rawY:-42.286000
DEBUG:root:Reverse to the Left/Straight
DEBUG:root:Left=48.792000 Right=-91.078000
DEBUG:root:ScaledLeft: 484.782000 ScaledRight: 170.074500
INFO:root:Looping....
DEBUG:root:This is the line: drive:-42.593:-91.071

DEBUG:root:We got command: drive
DEBUG:root:We got a drive command: rawX:-91.071000 and rawY:-42.593000
DEBUG:root:Reverse to the Left/Straight
DEBUG:root:Left=48.478000 Right=-91.071000
DEBUG:root:ScaledLeft: 484.075500 ScaledRight: 170.090250
INFO:root:Looping....
DEBUG:root:This is the line: drive:-42.593:-91.071

DEBUG:root:We got command: drive
DEBUG:root:We got a drive command: rawX:-91.071000 and rawY:-42.593000
DEBUG:root:Reverse to the Left/Straight
DEBUG:root:Left=48.478000 Right=-91.071000
DEBUG:root:ScaledLeft: 484.075500 ScaledRight: 170.090250
INFO:root:Looping....
DEBUG:root:This is the line: drive:-42.593:-91.071

DEBUG:root:We got command: drive
DEBUG:root:We got a drive command: rawX:-91.071000 and rawY:-42.593000
DEBUG:root:Reverse to the Left/Straight
DEBUG:root:Left=48.478000 Right=-91.071000
DEBUG:root:ScaledLeft: 484.075500 ScaledRight: 170.090250
INFO:root:Looping....
DEBUG:root:This is the line: drive:-41.286:-91.071

DEBUG:root:We got command: drive
DEBUG:root:We got a drive command: rawX:-91.071000 and rawY:-41.286000
DEBUG:root:Reverse to the Left/Straight
DEBUG:root:Left=49.785000 Right=-91.071000
DEBUG:root:ScaledLeft: 487.016250 ScaledRight: 170.090250
INFO:root:Looping....
DEBUG:root:This is the line: drive:-32.846:-87.963

DEBUG:root:We got command: drive
DEBUG:root:We got a drive command: rawX:-87.963000 and rawY:-32.846000
DEBUG:root:Reverse to the Left/Straight
DEBUG:root:Left=55.117000 Right=-87.963000
DEBUG:root:ScaledLeft: 499.013250 ScaledRight: 177.083250
INFO:root:Looping....
DEBUG:root:This is the line: drive:-15.856:-79.91

DEBUG:root:We got command: drive
DEBUG:root:We got a drive command: rawX:-79.910000 and rawY:-15.856000
DEBUG:root:Reverse to the Left/Straight
DEBUG:root:Left=64.054000 Right=-79.910000
DEBUG:root:ScaledLeft: 519.121500 ScaledRight: 195.202500
INFO:root:Looping....
DEBUG:root:This is the line: drive:-6.405:-75.585

DEBUG:root:We got command: drive
DEBUG:root:We got a drive command: rawX:-75.585000 and rawY:-6.405000
DEBUG:root:Reverse to the Left/Straight
DEBUG:root:Left=69.180000 Right=-75.585000
DEBUG:root:ScaledLeft: 530.655000 ScaledRight: 204.933750
INFO:root:Looping....
DEBUG:root:This is the line: drive:1.691:-72.329

DEBUG:root:We got command: drive
DEBUG:root:We got a drive command: rawX:-72.329000 and rawY:1.691000
DEBUG:root:Forward to the Left/Straight
DEBUG:root:Left=74.020000 Right=-72.329000
DEBUG:root:ScaledLeft: 541.545000 ScaledRight: 212.259750
INFO:root:Looping....
DEBUG:root:This is the line: drive:6.0:-72.024

DEBUG:root:We got command: drive
DEBUG:root:We got a drive command: rawX:-72.024000 and rawY:6.000000
DEBUG:root:Forward to the Left/Straight
DEBUG:root:Left=78.024000 Right=-72.024000
DEBUG:root:ScaledLeft: 550.554000 ScaledRight: 212.946000
INFO:root:Looping....
DEBUG:root:This is the line: drive:11.117:-72.024

DEBUG:root:We got command: drive
DEBUG:root:We got a drive command: rawX:-72.024000 and rawY:11.117000
DEBUG:root:Forward to the Left/Straight
DEBUG:root:Left=83.141000 Right=-72.024000
DEBUG:root:ScaledLeft: 562.067250 ScaledRight: 212.946000
INFO:root:Looping....
DEBUG:root:This is the line: drive:15.045:-72.024

DEBUG:root:We got command: drive
DEBUG:root:We got a drive command: rawX:-72.024000 and rawY:15.045000
DEBUG:root:Forward to the Left/Straight
DEBUG:root:Left=87.069000 Right=-72.024000
DEBUG:root:ScaledLeft: 570.905250 ScaledRight: 212.946000
INFO:root:Looping....
DEBUG:root:This is the line: drive:16.747:-72.024

DEBUG:root:We got command: drive
DEBUG:root:We got a drive command: rawX:-72.024000 and rawY:16.747000
DEBUG:root:Forward to the Left/Straight
DEBUG:root:Left=88.771000 Right=-72.024000
DEBUG:root:ScaledLeft: 574.734750 ScaledRight: 212.946000
INFO:root:Looping....
DEBUG:root:This is the line: drive:18.791:-72.024

DEBUG:root:We got command: drive
DEBUG:root:We got a drive command: rawX:-72.024000 and rawY:18.791000
DEBUG:root:Forward to the Left/Straight
DEBUG:root:Left=90.815000 Right=-72.024000
DEBUG:root:ScaledLeft: 579.333750 ScaledRight: 212.946000
INFO:root:Looping....
DEBUG:root:This is the line: drive:20.477:-72.024

DEBUG:root:We got command: drive
DEBUG:root:We got a drive command: rawX:-72.024000 and rawY:20.477000
DEBUG:root:Forward to the Left/Straight
DEBUG:root:Left=92.501000 Right=-72.024000
DEBUG:root:ScaledLeft: 583.127250 ScaledRight: 212.946000
INFO:root:Looping....
DEBUG:root:This is the line: drive:22.616:-71.382

DEBUG:root:We got command: drive
DEBUG:root:We got a drive command: rawX:-71.382000 and rawY:22.616000
DEBUG:root:Forward to the Left/Straight
DEBUG:root:Left=93.998000 Right=-71.382000
DEBUG:root:ScaledLeft: 586.495500 ScaledRight: 214.390500
INFO:root:Looping....
DEBUG:root:This is the line: drive:26.571:-65.576

DEBUG:root:We got command: drive
DEBUG:root:We got a drive command: rawX:-65.576000 and rawY:26.571000
DEBUG:root:Forward to the Left/Straight
DEBUG:root:Left=92.147000 Right=-65.576000
DEBUG:root:ScaledLeft: 582.330750 ScaledRight: 227.454000
INFO:root:Looping....
DEBUG:root:This is the line: drive:33.183:-52.596

DEBUG:root:We got command: drive
DEBUG:root:We got a drive command: rawX:-52.596000 and rawY:33.183000
DEBUG:root:Forward to the Left/Straight
DEBUG:root:Left=85.779000 Right=-52.596000
DEBUG:root:ScaledLeft: 568.002750 ScaledRight: 256.659000
INFO:root:Looping....
DEBUG:root:This is the line: drive:37.575:-43.671

DEBUG:root:We got command: drive
DEBUG:root:We got a drive command: rawX:-43.671000 and rawY:37.575000
DEBUG:root:Forward to the Left/Straight
DEBUG:root:Left=81.246000 Right=-43.671000
DEBUG:root:ScaledLeft: 557.803500 ScaledRight: 276.740250
INFO:root:Looping....
DEBUG:root:This is the line: drive:39.41:-38.153

DEBUG:root:We got command: drive
DEBUG:root:We got a drive command: rawX:-38.153000 and rawY:39.410000
DEBUG:root:Forward to the Left/Straight
DEBUG:root:Left=77.563000 Right=-38.153000
DEBUG:root:ScaledLeft: 549.516750 ScaledRight: 289.155750
INFO:root:Looping....
DEBUG:root:This is the line: drive:41.541:-31.611

DEBUG:root:We got command: drive
DEBUG:root:We got a drive command: rawX:-31.611000 and rawY:41.541000
DEBUG:root:Forward to the Left/Straight
DEBUG:root:Left=73.152000 Right=-31.611000
DEBUG:root:ScaledLeft: 539.592000 ScaledRight: 303.875250
INFO:root:Looping....
DEBUG:root:This is the line: drive:43.67:-27.175

DEBUG:root:We got command: drive
DEBUG:root:We got a drive command: rawX:-27.175000 and rawY:43.670000
DEBUG:root:Forward to the Left/Straight
DEBUG:root:Left=70.845000 Right=-27.175000
DEBUG:root:ScaledLeft: 534.401250 ScaledRight: 313.856250
INFO:root:Looping....
DEBUG:root:This is the line: drive:44.0:-23.525

DEBUG:root:We got command: drive
DEBUG:root:We got a drive command: rawX:-23.525000 and rawY:44.000000
DEBUG:root:Forward to the Left/Straight
DEBUG:root:Left=67.525000 Right=-23.525000
DEBUG:root:ScaledLeft: 526.931250 ScaledRight: 322.068750
INFO:root:Looping....
DEBUG:root:This is the line: drive:44.286:-21.007

DEBUG:root:We got command: drive
DEBUG:root:We got a drive command: rawX:-21.007000 and rawY:44.286000
DEBUG:root:Forward to the Left/Straight
DEBUG:root:Left=65.293000 Right=-21.007000
DEBUG:root:ScaledLeft: 521.909250 ScaledRight: 327.734250
INFO:root:Looping....
DEBUG:root:This is the line: drive:44.286:-18.441

DEBUG:root:We got command: drive
DEBUG:root:We got a drive command: rawX:-18.441000 and rawY:44.286000
DEBUG:root:Forward to the Left/Straight
DEBUG:root:Left=62.727000 Right=-18.441000
DEBUG:root:ScaledLeft: 516.135750 ScaledRight: 333.507750
INFO:root:Looping....
DEBUG:root:This is the line: drive:44.286:-16.225

DEBUG:root:We got command: drive
DEBUG:root:We got a drive command: rawX:-16.225000 and rawY:44.286000
DEBUG:root:Forward to the Left/Straight
DEBUG:root:Left=60.511000 Right=-16.225000
DEBUG:root:ScaledLeft: 511.149750 ScaledRight: 338.493750
INFO:root:Looping....
DEBUG:root:This is the line: drive:44.286:-14.754

DEBUG:root:We got command: drive
DEBUG:root:We got a drive command: rawX:-14.754000 and rawY:44.286000
DEBUG:root:Forward to the Left/Straight
DEBUG:root:Left=59.040000 Right=-14.754000
DEBUG:root:ScaledLeft: 507.840000 ScaledRight: 341.803500
INFO:root:Looping....
DEBUG:root:This is the line: drive:44.571:-13.572

DEBUG:root:We got command: drive
DEBUG:root:We got a drive command: rawX:-13.572000 and rawY:44.571000
DEBUG:root:Forward to the Left/Straight
DEBUG:root:Left=58.143000 Right=-13.572000
DEBUG:root:ScaledLeft: 505.821750 ScaledRight: 344.463000
INFO:root:Looping....
DEBUG:root:This is the line: drive:44.571:-13.301

DEBUG:root:We got command: drive
DEBUG:root:We got a drive command: rawX:-13.301000 and rawY:44.571000
DEBUG:root:Forward to the Left/Straight
DEBUG:root:Left=57.872000 Right=-13.301000
DEBUG:root:ScaledLeft: 505.212000 ScaledRight: 345.072750
INFO:root:Looping....
DEBUG:root:This is the line: drive:44.571:-13.051

DEBUG:root:We got command: drive
DEBUG:root:We got a drive command: rawX:-13.051000 and rawY:44.571000
DEBUG:root:Forward to the Left/Straight
DEBUG:root:Left=57.622000 Right=-13.051000
DEBUG:root:ScaledLeft: 504.649500 ScaledRight: 345.635250
INFO:root:Looping....
DEBUG:root:This is the line: drive:45.143:-12.351

DEBUG:root:We got command: drive
DEBUG:root:We got a drive command: rawX:-12.351000 and rawY:45.143000
DEBUG:root:Forward to the Left/Straight
DEBUG:root:Left=57.494000 Right=-12.351000
DEBUG:root:ScaledLeft: 504.361500 ScaledRight: 347.210250
INFO:root:Looping....
DEBUG:root:This is the line: drive:45.143:-12.351

DEBUG:root:We got command: drive
DEBUG:root:We got a drive command: rawX:-12.351000 and rawY:45.143000
DEBUG:root:Forward to the Left/Straight
DEBUG:root:Left=57.494000 Right=-12.351000
DEBUG:root:ScaledLeft: 504.361500 ScaledRight: 347.210250
INFO:root:Looping....
DEBUG:root:This is the line: drive:45.143:-12.351

DEBUG:root:We got command: drive
DEBUG:root:We got a drive command: rawX:-12.351000 and rawY:45.143000
DEBUG:root:Forward to the Left/Straight
DEBUG:root:Left=57.494000 Right=-12.351000
DEBUG:root:ScaledLeft: 504.361500 ScaledRight: 347.210250
INFO:root:Looping....
DEBUG:root:This is the line: drive:45.143:-12.351

DEBUG:root:We got command: drive
DEBUG:root:We got a drive command: rawX:-12.351000 and rawY:45.143000
DEBUG:root:Forward to the Left/Straight
DEBUG:root:Left=57.494000 Right=-12.351000
DEBUG:root:ScaledLeft: 504.361500 ScaledRight: 347.210250
INFO:root:Looping....
DEBUG:root:This is the line: drive:45.143:-11.873

DEBUG:root:We got command: drive
DEBUG:root:We got a drive command: rawX:-11.873000 and rawY:45.143000
DEBUG:root:Forward to the Left/Straight
DEBUG:root:Left=57.016000 Right=-11.873000
DEBUG:root:ScaledLeft: 503.286000 ScaledRight: 348.285750
INFO:root:Looping....
DEBUG:root:This is the line: drive:45.143:-11.873

DEBUG:root:We got command: drive
DEBUG:root:We got a drive command: rawX:-11.873000 and rawY:45.143000
DEBUG:root:Forward to the Left/Straight
DEBUG:root:Left=57.016000 Right=-11.873000
DEBUG:root:ScaledLeft: 503.286000 ScaledRight: 348.285750
INFO:root:Looping....
DEBUG:root:This is the line: drive:45.143:-11.873

DEBUG:root:We got command: drive
DEBUG:root:We got a drive command: rawX:-11.873000 and rawY:45.143000
DEBUG:root:Forward to the Left/Straight
DEBUG:root:Left=57.016000 Right=-11.873000
DEBUG:root:ScaledLeft: 503.286000 ScaledRight: 348.285750
INFO:root:Looping....
DEBUG:root:This is the line: drive:45.143:-11.873

DEBUG:root:We got command: drive
DEBUG:root:We got a drive command: rawX:-11.873000 and rawY:45.143000
DEBUG:root:Forward to the Left/Straight
DEBUG:root:Left=57.016000 Right=-11.873000
DEBUG:root:ScaledLeft: 503.286000 ScaledRight: 348.285750
INFO:root:Looping....
DEBUG:root:This is the line: drive:45.143:-11.873

DEBUG:root:We got command: drive
DEBUG:root:We got a drive command: rawX:-11.873000 and rawY:45.143000
DEBUG:root:Forward to the Left/Straight
DEBUG:root:Left=57.016000 Right=-11.873000
DEBUG:root:ScaledLeft: 503.286000 ScaledRight: 348.285750
INFO:root:Looping....
DEBUG:root:This is the line: drive:45.143:-11.873

DEBUG:root:We got command: drive
DEBUG:root:We got a drive command: rawX:-11.873000 and rawY:45.143000
DEBUG:root:Forward to the Left/Straight
DEBUG:root:Left=57.016000 Right=-11.873000
DEBUG:root:ScaledLeft: 503.286000 ScaledRight: 348.285750
INFO:root:Looping....
DEBUG:root:This is the line: drive:45.143:-12.21

DEBUG:root:We got command: drive
DEBUG:root:We got a drive command: rawX:-12.210000 and rawY:45.143000
DEBUG:root:Forward to the Left/Straight
DEBUG:root:Left=57.353000 Right=-12.210000
DEBUG:root:ScaledLeft: 504.044250 ScaledRight: 347.527500
INFO:root:Looping....
DEBUG:root:This is the line: drive:45.143:-14.876

DEBUG:root:We got command: drive
DEBUG:root:We got a drive command: rawX:-14.876000 and rawY:45.143000
DEBUG:root:Forward to the Left/Straight
DEBUG:root:Left=60.019000 Right=-14.876000
DEBUG:root:ScaledLeft: 510.042750 ScaledRight: 341.529000
INFO:root:Looping....
DEBUG:root:This is the line: drive:45.143:-16.406

DEBUG:root:We got command: drive
DEBUG:root:We got a drive command: rawX:-16.406000 and rawY:45.143000
DEBUG:root:Forward to the Left/Straight
DEBUG:root:Left=61.549000 Right=-16.406000
DEBUG:root:ScaledLeft: 513.485250 ScaledRight: 338.086500
INFO:root:Looping....
DEBUG:root:This is the line: drive:45.143:-19.98

DEBUG:root:We got command: drive
DEBUG:root:We got a drive command: rawX:-19.980000 and rawY:45.143000
DEBUG:root:Forward to the Left/Straight
DEBUG:root:Left=65.123000 Right=-19.980000
DEBUG:root:ScaledLeft: 521.526750 ScaledRight: 330.045000
INFO:root:Looping....
DEBUG:root:This is the line: drive:45.143:-24.107

DEBUG:root:We got command: drive
DEBUG:root:We got a drive command: rawX:-24.107000 and rawY:45.143000
DEBUG:root:Forward to the Left/Straight
DEBUG:root:Left=69.250000 Right=-24.107000
DEBUG:root:ScaledLeft: 530.812500 ScaledRight: 320.759250
INFO:root:Looping....
DEBUG:root:This is the line: drive:44.286:-28.072

DEBUG:root:We got command: drive
DEBUG:root:We got a drive command: rawX:-28.072000 and rawY:44.286000
DEBUG:root:Forward to the Left/Straight
DEBUG:root:Left=72.358000 Right=-28.072000
DEBUG:root:ScaledLeft: 537.805500 ScaledRight: 311.838000
INFO:root:Looping....
DEBUG:root:This is the line: drive:43.267:-32.479

DEBUG:root:We got command: drive
DEBUG:root:We got a drive command: rawX:-32.479000 and rawY:43.267000
DEBUG:root:Forward to the Left/Straight
DEBUG:root:Left=75.746000 Right=-32.479000
DEBUG:root:ScaledLeft: 545.428500 ScaledRight: 301.922250
INFO:root:Looping....
DEBUG:root:This is the line: drive:42.397:-36.077

DEBUG:root:We got command: drive
DEBUG:root:We got a drive command: rawX:-36.077000 and rawY:42.397000
DEBUG:root:Forward to the Left/Straight
DEBUG:root:Left=78.474000 Right=-36.077000
DEBUG:root:ScaledLeft: 551.566500 ScaledRight: 293.826750
INFO:root:Looping....
DEBUG:root:This is the line: drive:41.143:-40.377

DEBUG:root:We got command: drive
DEBUG:root:We got a drive command: rawX:-40.377000 and rawY:41.143000
DEBUG:root:Forward to the Left/Straight
DEBUG:root:Left=81.520000 Right=-40.377000
DEBUG:root:ScaledLeft: 558.420000 ScaledRight: 284.151750
INFO:root:Looping....
DEBUG:root:This is the line: drive:39.571:-44.345

DEBUG:root:We got command: drive
DEBUG:root:We got a drive command: rawX:-44.345000 and rawY:39.571000
DEBUG:root:Forward to the Left/Straight
DEBUG:root:Left=83.916000 Right=-44.345000
DEBUG:root:ScaledLeft: 563.811000 ScaledRight: 275.223750
INFO:root:Looping....
DEBUG:root:This is the line: drive:37.063:-49.571

DEBUG:root:We got command: drive
DEBUG:root:We got a drive command: rawX:-49.571000 and rawY:37.063000
DEBUG:root:Forward to the Left/Straight
DEBUG:root:Left=86.634000 Right=-49.571000
DEBUG:root:ScaledLeft: 569.926500 ScaledRight: 263.465250
INFO:root:Looping....
DEBUG:root:This is the line: drive:36.286:-53.096

DEBUG:root:We got command: drive
DEBUG:root:We got a drive command: rawX:-53.096000 and rawY:36.286000
DEBUG:root:Forward to the Left/Straight
DEBUG:root:Left=89.382000 Right=-53.096000
DEBUG:root:ScaledLeft: 576.109500 ScaledRight: 255.534000
INFO:root:Looping....
DEBUG:root:This is the line: drive:36.0:-54.856

DEBUG:root:We got command: drive
DEBUG:root:We got a drive command: rawX:-54.856000 and rawY:36.000000
DEBUG:root:Forward to the Left/Straight
DEBUG:root:Left=90.856000 Right=-54.856000
DEBUG:root:ScaledLeft: 579.426000 ScaledRight: 251.574000
INFO:root:Looping....
DEBUG:root:This is the line: drive:35.714:-56.983

DEBUG:root:We got command: drive
DEBUG:root:We got a drive command: rawX:-56.983000 and rawY:35.714000
DEBUG:root:Forward to the Left/Straight
DEBUG:root:Left=92.697000 Right=-56.983000
DEBUG:root:ScaledLeft: 583.568250 ScaledRight: 246.788250
INFO:root:Looping....
DEBUG:root:This is the line: drive:35.714:-58.739

DEBUG:root:We got command: drive
DEBUG:root:We got a drive command: rawX:-58.739000 and rawY:35.714000
DEBUG:root:Forward to the Left/Straight
DEBUG:root:Left=94.453000 Right=-58.739000
DEBUG:root:ScaledLeft: 587.519250 ScaledRight: 242.837250
INFO:root:Looping....
DEBUG:root:This is the line: drive:35.714:-59.077

DEBUG:root:We got command: drive
DEBUG:root:We got a drive command: rawX:-59.077000 and rawY:35.714000
DEBUG:root:Forward to the Left/Straight
DEBUG:root:Left=94.791000 Right=-59.077000
DEBUG:root:ScaledLeft: 588.279750 ScaledRight: 242.076750
INFO:root:Looping....
DEBUG:root:This is the line: drive:35.714:-59.077

DEBUG:root:We got command: drive
DEBUG:root:We got a drive command: rawX:-59.077000 and rawY:35.714000
DEBUG:root:Forward to the Left/Straight
DEBUG:root:Left=94.791000 Right=-59.077000
DEBUG:root:ScaledLeft: 588.279750 ScaledRight: 242.076750
INFO:root:Looping....
DEBUG:root:This is the line: drive:35.714:-59.077

DEBUG:root:We got command: drive
DEBUG:root:We got a drive command: rawX:-59.077000 and rawY:35.714000
DEBUG:root:Forward to the Left/Straight
DEBUG:root:Left=94.791000 Right=-59.077000
DEBUG:root:ScaledLeft: 588.279750 ScaledRight: 242.076750
INFO:root:Looping....
DEBUG:root:This is the line: drive:0:0

DEBUG:root:We got command: drive
DEBUG:root:We got a drive command: rawX:0.000000 and rawY:0.000000
DEBUG:root:Left=0.000000 Right=0.000000
DEBUG:root:ScaledLeft: 375.000000 ScaledRight: 375.000000
INFO:root:Looping....
DEBUG:root:This is the line: drive:35.714:-56.994

DEBUG:root:We got command: drive
DEBUG:root:We got a drive command: rawX:-56.994000 and rawY:35.714000
DEBUG:root:Forward to the Left/Straight
DEBUG:root:Left=92.708000 Right=-56.994000
DEBUG:root:ScaledLeft: 583.593000 ScaledRight: 246.763500
INFO:root:Looping....
DEBUG:root:This is the line: drive:35.714:-56.994

DEBUG:root:We got command: drive
DEBUG:root:We got a drive command: rawX:-56.994000 and rawY:35.714000
DEBUG:root:Forward to the Left/Straight
DEBUG:root:Left=92.708000 Right=-56.994000
DEBUG:root:ScaledLeft: 583.593000 ScaledRight: 246.763500
INFO:root:Looping....
DEBUG:root:This is the line: drive:35.714:-56.994

DEBUG:root:We got command: drive
DEBUG:root:We got a drive command: rawX:-56.994000 and rawY:35.714000
DEBUG:root:Forward to the Left/Straight
DEBUG:root:Left=92.708000 Right=-56.994000
DEBUG:root:ScaledLeft: 583.593000 ScaledRight: 246.763500
INFO:root:Looping....
DEBUG:root:This is the line: drive:31.128:-4.167

DEBUG:root:We got command: drive
DEBUG:root:We got a drive command: rawX:-4.167000 and rawY:31.128000
DEBUG:root:Forward to the Left/Straight
DEBUG:root:Left=35.295000 Right=-4.167000
DEBUG:root:ScaledLeft: 454.413750 ScaledRight: 365.624250
INFO:root:Looping....
DEBUG:root:This is the line: drive:35.387:-2.254

DEBUG:root:We got command: drive
DEBUG:root:We got a drive command: rawX:-2.254000 and rawY:35.387000
DEBUG:root:Forward to the Left/Straight
DEBUG:root:Left=37.641000 Right=-2.254000
DEBUG:root:ScaledLeft: 459.692250 ScaledRight: 369.928500
INFO:root:Looping....
DEBUG:root:This is the line: drive:39.857:-0.893

DEBUG:root:We got command: drive
DEBUG:root:We got a drive command: rawX:-0.893000 and rawY:39.857000
DEBUG:root:Forward to the Left/Straight
DEBUG:root:Left=40.750000 Right=-0.893000
DEBUG:root:ScaledLeft: 466.687500 ScaledRight: 372.990750
INFO:root:Looping....
DEBUG:root:This is the line: drive:44.8:-0.595

DEBUG:root:We got command: drive
DEBUG:root:We got a drive command: rawX:-0.595000 and rawY:44.800000
DEBUG:root:Forward to the Left/Straight
DEBUG:root:Left=45.395000 Right=-0.595000
DEBUG:root:ScaledLeft: 477.138750 ScaledRight: 373.661250
INFO:root:Looping....
DEBUG:root:This is the line: drive:49.713:-0.298

DEBUG:root:We got command: drive
DEBUG:root:We got a drive command: rawX:-0.298000 and rawY:49.713000
DEBUG:root:Forward to the Left/Straight
DEBUG:root:Left=50.011000 Right=-0.298000
DEBUG:root:ScaledLeft: 487.524750 ScaledRight: 374.329500
INFO:root:Looping....
DEBUG:root:This is the line: drive:53.843:-0.298

DEBUG:root:We got command: drive
DEBUG:root:We got a drive command: rawX:-0.298000 and rawY:53.843000
DEBUG:root:Forward to the Left/Straight
DEBUG:root:Left=54.141000 Right=-0.298000
DEBUG:root:ScaledLeft: 496.817250 ScaledRight: 374.329500
INFO:root:Looping....
DEBUG:root:This is the line: drive:56.544:-0.298

DEBUG:root:We got command: drive
DEBUG:root:We got a drive command: rawX:-0.298000 and rawY:56.544000
DEBUG:root:Forward to the Left/Straight
DEBUG:root:Left=56.842000 Right=-0.298000
DEBUG:root:ScaledLeft: 502.894500 ScaledRight: 374.329500
INFO:root:Looping....
DEBUG:root:This is the line: drive:58.287:-0.298

DEBUG:root:We got command: drive
DEBUG:root:We got a drive command: rawX:-0.298000 and rawY:58.287000
DEBUG:root:Forward to the Left/Straight
DEBUG:root:Left=58.585000 Right=-0.298000
DEBUG:root:ScaledLeft: 506.816250 ScaledRight: 374.329500
INFO:root:Looping....
DEBUG:root:This is the line: drive:60.403:-0.298

DEBUG:root:We got command: drive
DEBUG:root:We got a drive command: rawX:-0.298000 and rawY:60.403000
DEBUG:root:Forward to the Left/Straight
DEBUG:root:Left=60.701000 Right=-0.298000
DEBUG:root:ScaledLeft: 511.577250 ScaledRight: 374.329500
INFO:root:Looping....
DEBUG:root:This is the line: drive:62.103:-0.298

DEBUG:root:We got command: drive
DEBUG:root:We got a drive command: rawX:-0.298000 and rawY:62.103000
DEBUG:root:Forward to the Left/Straight
DEBUG:root:Left=62.401000 Right=-0.298000
DEBUG:root:ScaledLeft: 515.402250 ScaledRight: 374.329500
INFO:root:Looping....
DEBUG:root:This is the line: drive:64.152:-0.298

DEBUG:root:We got command: drive
DEBUG:root:We got a drive command: rawX:-0.298000 and rawY:64.152000
DEBUG:root:Forward to the Left/Straight
DEBUG:root:Left=64.450000 Right=-0.298000
DEBUG:root:ScaledLeft: 520.012500 ScaledRight: 374.329500
INFO:root:Looping....
DEBUG:root:This is the line: drive:65.519:-0.298

DEBUG:root:We got command: drive
DEBUG:root:We got a drive command: rawX:-0.298000 and rawY:65.519000
DEBUG:root:Forward to the Left/Straight
DEBUG:root:Left=65.817000 Right=-0.298000
DEBUG:root:ScaledLeft: 523.088250 ScaledRight: 374.329500
INFO:root:Looping....
DEBUG:root:This is the line: drive:65.519:-0.298

DEBUG:root:We got command: drive
DEBUG:root:We got a drive command: rawX:-0.298000 and rawY:65.519000
DEBUG:root:Forward to the Left/Straight
DEBUG:root:Left=65.817000 Right=-0.298000
DEBUG:root:ScaledLeft: 523.088250 ScaledRight: 374.329500
INFO:root:Looping....
DEBUG:root:This is the line: drive:66.018:-0.298

DEBUG:root:We got command: drive
DEBUG:root:We got a drive command: rawX:-0.298000 and rawY:66.018000
DEBUG:root:Forward to the Left/Straight
DEBUG:root:Left=66.316000 Right=-0.298000
DEBUG:root:ScaledLeft: 524.211000 ScaledRight: 374.329500
INFO:root:Looping....
DEBUG:root:This is the line: drive:66.018:-0.298

DEBUG:root:We got command: drive
DEBUG:root:We got a drive command: rawX:-0.298000 and rawY:66.018000
DEBUG:root:Forward to the Left/Straight
DEBUG:root:Left=66.316000 Right=-0.298000
DEBUG:root:ScaledLeft: 524.211000 ScaledRight: 374.329500
INFO:root:Looping....
DEBUG:root:This is the line: drive:66.286:0.446

DEBUG:root:We got command: drive
DEBUG:root:We got a drive command: rawX:0.446000 and rawY:66.286000
DEBUG:root:Forward to the Right
DEBUG:root:Left=-0.446000 Right=-65.840000
DEBUG:root:ScaledLeft: 373.996500 ScaledRight: 226.860000
INFO:root:Looping....
DEBUG:root:This is the line: drive:66.571:0.603

DEBUG:root:We got command: drive
DEBUG:root:We got a drive command: rawX:0.603000 and rawY:66.571000
DEBUG:root:Forward to the Right
DEBUG:root:Left=-0.603000 Right=-65.968000
DEBUG:root:ScaledLeft: 373.643250 ScaledRight: 226.572000
INFO:root:Looping....
DEBUG:root:This is the line: drive:66.934:0.893

DEBUG:root:We got command: drive
DEBUG:root:We got a drive command: rawX:0.893000 and rawY:66.934000
DEBUG:root:Forward to the Right
DEBUG:root:Left=-0.893000 Right=-66.041000
DEBUG:root:ScaledLeft: 372.990750 ScaledRight: 226.407750
INFO:root:Looping....
DEBUG:root:This is the line: drive:66.934:0.893

DEBUG:root:We got command: drive
DEBUG:root:We got a drive command: rawX:0.893000 and rawY:66.934000
DEBUG:root:Forward to the Right
DEBUG:root:Left=-0.893000 Right=-66.041000
DEBUG:root:ScaledLeft: 372.990750 ScaledRight: 226.407750
INFO:root:Looping....
DEBUG:root:This is the line: drive:67.185:0.893

DEBUG:root:We got command: drive
DEBUG:root:We got a drive command: rawX:0.893000 and rawY:67.185000
DEBUG:root:Forward to the Right
DEBUG:root:Left=-0.893000 Right=-66.292000
DEBUG:root:ScaledLeft: 372.990750 ScaledRight: 225.843000
INFO:root:Looping....
DEBUG:root:This is the line: drive:67.454:0.893

DEBUG:root:We got command: drive
DEBUG:root:We got a drive command: rawX:0.893000 and rawY:67.454000
DEBUG:root:Forward to the Right
DEBUG:root:Left=-0.893000 Right=-66.561000
DEBUG:root:ScaledLeft: 372.990750 ScaledRight: 225.237750
INFO:root:Looping....
DEBUG:root:This is the line: drive:67.454:0.893

DEBUG:root:We got command: drive
DEBUG:root:We got a drive command: rawX:0.893000 and rawY:67.454000
DEBUG:root:Forward to the Right
DEBUG:root:Left=-0.893000 Right=-66.561000
DEBUG:root:ScaledLeft: 372.990750 ScaledRight: 225.237750
INFO:root:Looping....
DEBUG:root:This is the line: drive:67.429:1.215

DEBUG:root:We got command: drive
DEBUG:root:We got a drive command: rawX:1.215000 and rawY:67.429000
DEBUG:root:Forward to the Right
DEBUG:root:Left=-1.215000 Right=-66.214000
DEBUG:root:ScaledLeft: 372.266250 ScaledRight: 226.018500
INFO:root:Looping....
DEBUG:root:This is the line: drive:67.714:1.504

DEBUG:root:We got command: drive
DEBUG:root:We got a drive command: rawX:1.504000 and rawY:67.714000
DEBUG:root:Forward to the Right
DEBUG:root:Left=-1.504000 Right=-66.210000
DEBUG:root:ScaledLeft: 371.616000 ScaledRight: 226.027500
INFO:root:Looping....
DEBUG:root:This is the line: drive:67.714:1.504

DEBUG:root:We got command: drive
DEBUG:root:We got a drive command: rawX:1.504000 and rawY:67.714000
DEBUG:root:Forward to the Right
DEBUG:root:Left=-1.504000 Right=-66.210000
DEBUG:root:ScaledLeft: 371.616000 ScaledRight: 226.027500
INFO:root:Looping....
DEBUG:root:This is the line: drive:67.714:1.504

DEBUG:root:We got command: drive
DEBUG:root:We got a drive command: rawX:1.504000 and rawY:67.714000
DEBUG:root:Forward to the Right
DEBUG:root:Left=-1.504000 Right=-66.210000
DEBUG:root:ScaledLeft: 371.616000 ScaledRight: 226.027500
INFO:root:Looping....
DEBUG:root:This is the line: drive:67.714:1.809

DEBUG:root:We got command: drive
DEBUG:root:We got a drive command: rawX:1.809000 and rawY:67.714000
DEBUG:root:Forward to the Right
DEBUG:root:Left=-1.809000 Right=-65.905000
DEBUG:root:ScaledLeft: 370.929750 ScaledRight: 226.713750
INFO:root:Looping....
DEBUG:root:This is the line: drive:67.714:2.089

DEBUG:root:We got command: drive
DEBUG:root:We got a drive command: rawX:2.089000 and rawY:67.714000
DEBUG:root:Forward to the Right
DEBUG:root:Left=-2.089000 Right=-65.625000
DEBUG:root:ScaledLeft: 370.299750 ScaledRight: 227.343750
INFO:root:Looping....
DEBUG:root:This is the line: drive:67.714:2.089

DEBUG:root:We got command: drive
DEBUG:root:We got a drive command: rawX:2.089000 and rawY:67.714000
DEBUG:root:Forward to the Right
DEBUG:root:Left=-2.089000 Right=-65.625000
DEBUG:root:ScaledLeft: 370.299750 ScaledRight: 227.343750
INFO:root:Looping....
DEBUG:root:This is the line: drive:67.714:2.089

DEBUG:root:We got command: drive
DEBUG:root:We got a drive command: rawX:2.089000 and rawY:67.714000
DEBUG:root:Forward to the Right
DEBUG:root:Left=-2.089000 Right=-65.625000
DEBUG:root:ScaledLeft: 370.299750 ScaledRight: 227.343750
INFO:root:Looping....
DEBUG:root:This is the line: drive:67.714:2.089

DEBUG:root:We got command: drive
DEBUG:root:We got a drive command: rawX:2.089000 and rawY:67.714000
DEBUG:root:Forward to the Right
DEBUG:root:Left=-2.089000 Right=-65.625000
DEBUG:root:ScaledLeft: 370.299750 ScaledRight: 227.343750
INFO:root:Looping....
DEBUG:root:This is the line: drive:67.714:2.089

DEBUG:root:We got command: drive
DEBUG:root:We got a drive command: rawX:2.089000 and rawY:67.714000
DEBUG:root:Forward to the Right
DEBUG:root:Left=-2.089000 Right=-65.625000
DEBUG:root:ScaledLeft: 370.299750 ScaledRight: 227.343750
INFO:root:Looping....
DEBUG:root:This is the line: drive:67.714:2.089

DEBUG:root:We got command: drive
DEBUG:root:We got a drive command: rawX:2.089000 and rawY:67.714000
DEBUG:root:Forward to the Right
DEBUG:root:Left=-2.089000 Right=-65.625000
DEBUG:root:ScaledLeft: 370.299750 ScaledRight: 227.343750
INFO:root:Looping....
DEBUG:root:This is the line: drive:67.714:2.089

DEBUG:root:We got command: drive
DEBUG:root:We got a drive command: rawX:2.089000 and rawY:67.714000
DEBUG:root:Forward to the Right
DEBUG:root:Left=-2.089000 Right=-65.625000
DEBUG:root:ScaledLeft: 370.299750 ScaledRight: 227.343750
INFO:root:Looping....
DEBUG:root:This is the line: drive:67.714:2.089

DEBUG:root:We got command: drive
DEBUG:root:We got a drive command: rawX:2.089000 and rawY:67.714000
DEBUG:root:Forward to the Right
DEBUG:root:Left=-2.089000 Right=-65.625000
DEBUG:root:ScaledLeft: 370.299750 ScaledRight: 227.343750
INFO:root:Looping....
DEBUG:root:This is the line: drive:67.714:2.089

DEBUG:root:We got command: drive
DEBUG:root:We got a drive command: rawX:2.089000 and rawY:67.714000
DEBUG:root:Forward to the Right
DEBUG:root:Left=-2.089000 Right=-65.625000
DEBUG:root:ScaledLeft: 370.299750 ScaledRight: 227.343750
INFO:root:Looping....
DEBUG:root:This is the line: drive:67.714:2.089

DEBUG:root:We got command: drive
DEBUG:root:We got a drive command: rawX:2.089000 and rawY:67.714000
DEBUG:root:Forward to the Right
DEBUG:root:Left=-2.089000 Right=-65.625000
DEBUG:root:ScaledLeft: 370.299750 ScaledRight: 227.343750
INFO:root:Looping....
DEBUG:root:This is the line: drive:67.714:2.089

DEBUG:root:We got command: drive
DEBUG:root:We got a drive command: rawX:2.089000 and rawY:67.714000
DEBUG:root:Forward to the Right
DEBUG:root:Left=-2.089000 Right=-65.625000
DEBUG:root:ScaledLeft: 370.299750 ScaledRight: 227.343750
INFO:root:Looping....
DEBUG:root:This is the line: drive:67.714:2.089

DEBUG:root:We got command: drive
DEBUG:root:We got a drive command: rawX:2.089000 and rawY:67.714000
DEBUG:root:Forward to the Right
DEBUG:root:Left=-2.089000 Right=-65.625000
DEBUG:root:ScaledLeft: 370.299750 ScaledRight: 227.343750
INFO:root:Looping....
DEBUG:root:This is the line: drive:67.714:2.089

DEBUG:root:We got command: drive
DEBUG:root:We got a drive command: rawX:2.089000 and rawY:67.714000
DEBUG:root:Forward to the Right
DEBUG:root:Left=-2.089000 Right=-65.625000
DEBUG:root:ScaledLeft: 370.299750 ScaledRight: 227.343750
INFO:root:Looping....
DEBUG:root:This is the line: drive:67.714:2.089

DEBUG:root:We got command: drive
DEBUG:root:We got a drive command: rawX:2.089000 and rawY:67.714000
DEBUG:root:Forward to the Right
DEBUG:root:Left=-2.089000 Right=-65.625000
DEBUG:root:ScaledLeft: 370.299750 ScaledRight: 227.343750
INFO:root:Looping....
DEBUG:root:This is the line: drive:67.714:2.089

DEBUG:root:We got command: drive
DEBUG:root:We got a drive command: rawX:2.089000 and rawY:67.714000
DEBUG:root:Forward to the Right
DEBUG:root:Left=-2.089000 Right=-65.625000
DEBUG:root:ScaledLeft: 370.299750 ScaledRight: 227.343750
INFO:root:Looping....
DEBUG:root:This is the line: drive:67.714:2.089

DEBUG:root:We got command: drive
DEBUG:root:We got a drive command: rawX:2.089000 and rawY:67.714000
DEBUG:root:Forward to the Right
DEBUG:root:Left=-2.089000 Right=-65.625000
DEBUG:root:ScaledLeft: 370.299750 ScaledRight: 227.343750
INFO:root:Looping....
DEBUG:root:This is the line: drive:67.063:2.083

DEBUG:root:We got command: drive
DEBUG:root:We got a drive command: rawX:2.083000 and rawY:67.063000
DEBUG:root:Forward to the Right
DEBUG:root:Left=-2.083000 Right=-64.980000
DEBUG:root:ScaledLeft: 370.313250 ScaledRight: 228.795000
INFO:root:Looping....
DEBUG:root:This is the line: drive:64.933:2.083

DEBUG:root:We got command: drive
DEBUG:root:We got a drive command: rawX:2.083000 and rawY:64.933000
DEBUG:root:Forward to the Right
DEBUG:root:Left=-2.083000 Right=-62.850000
DEBUG:root:ScaledLeft: 370.313250 ScaledRight: 233.587500
INFO:root:Looping....
DEBUG:root:This is the line: drive:62.801:2.083

DEBUG:root:We got command: drive
DEBUG:root:We got a drive command: rawX:2.083000 and rawY:62.801000
DEBUG:root:Forward to the Right
DEBUG:root:Left=-2.083000 Right=-60.718000
DEBUG:root:ScaledLeft: 370.313250 ScaledRight: 238.384500
INFO:root:Looping....
DEBUG:root:This is the line: drive:58.38:2.083

DEBUG:root:We got command: drive
DEBUG:root:We got a drive command: rawX:2.083000 and rawY:58.380000
DEBUG:root:Forward to the Right
DEBUG:root:Left=-2.083000 Right=-56.297000
DEBUG:root:ScaledLeft: 370.313250 ScaledRight: 248.331750
INFO:root:Looping....
DEBUG:root:This is the line: drive:56.351:2.083

DEBUG:root:We got command: drive
DEBUG:root:We got a drive command: rawX:2.083000 and rawY:56.351000
DEBUG:root:Forward to the Right
DEBUG:root:Left=-2.083000 Right=-54.268000
DEBUG:root:ScaledLeft: 370.313250 ScaledRight: 252.897000
INFO:root:Looping....
DEBUG:root:This is the line: drive:54.625:2.083

DEBUG:root:We got command: drive
DEBUG:root:We got a drive command: rawX:2.083000 and rawY:54.625000
DEBUG:root:Forward to the Right
DEBUG:root:Left=-2.083000 Right=-52.542000
DEBUG:root:ScaledLeft: 370.313250 ScaledRight: 256.780500
INFO:root:Looping....
DEBUG:root:This is the line: drive:52.553:2.083

DEBUG:root:We got command: drive
DEBUG:root:We got a drive command: rawX:2.083000 and rawY:52.553000
DEBUG:root:Forward to the Right
DEBUG:root:Left=-2.083000 Right=-50.470000
DEBUG:root:ScaledLeft: 370.313250 ScaledRight: 261.442500
INFO:root:Looping....
DEBUG:root:This is the line: drive:50.714:2.083

DEBUG:root:We got command: drive
DEBUG:root:We got a drive command: rawX:2.083000 and rawY:50.714000
DEBUG:root:Forward to the Right
DEBUG:root:Left=-2.083000 Right=-48.631000
DEBUG:root:ScaledLeft: 370.313250 ScaledRight: 265.580250
INFO:root:Looping....
DEBUG:root:This is the line: drive:48.666:2.083

DEBUG:root:We got command: drive
DEBUG:root:We got a drive command: rawX:2.083000 and rawY:48.666000
DEBUG:root:Forward to the Right
DEBUG:root:Left=-2.083000 Right=-46.583000
DEBUG:root:ScaledLeft: 370.313250 ScaledRight: 270.188250
INFO:root:Looping....
DEBUG:root:This is the line: drive:45.857:2.083

DEBUG:root:We got command: drive
DEBUG:root:We got a drive command: rawX:2.083000 and rawY:45.857000
DEBUG:root:Forward to the Right
DEBUG:root:Left=-2.083000 Right=-43.774000
DEBUG:root:ScaledLeft: 370.313250 ScaledRight: 276.508500
INFO:root:Looping....
DEBUG:root:This is the line: drive:43.271:2.083

DEBUG:root:We got command: drive
DEBUG:root:We got a drive command: rawX:2.083000 and rawY:43.271000
DEBUG:root:Forward to the Right
DEBUG:root:Left=-2.083000 Right=-41.188000
DEBUG:root:ScaledLeft: 370.313250 ScaledRight: 282.327000
INFO:root:Looping....
DEBUG:root:This is the line: drive:39.127:2.083

DEBUG:root:We got command: drive
DEBUG:root:We got a drive command: rawX:2.083000 and rawY:39.127000
DEBUG:root:Forward to the Right
DEBUG:root:Left=-2.083000 Right=-37.044000
DEBUG:root:ScaledLeft: 370.313250 ScaledRight: 291.651000
INFO:root:Looping....
DEBUG:root:This is the line: drive:37.054:2.083

DEBUG:root:We got command: drive
DEBUG:root:We got a drive command: rawX:2.083000 and rawY:37.054000
DEBUG:root:Forward to the Right
DEBUG:root:Left=-2.083000 Right=-34.971000
DEBUG:root:ScaledLeft: 370.313250 ScaledRight: 296.315250
INFO:root:Looping....
DEBUG:root:This is the line: drive:35.0:2.083

DEBUG:root:We got command: drive
DEBUG:root:We got a drive command: rawX:2.083000 and rawY:35.000000
DEBUG:root:Forward to the Right
DEBUG:root:Left=-2.083000 Right=-32.917000
DEBUG:root:ScaledLeft: 370.313250 ScaledRight: 300.936750
INFO:root:Looping....
DEBUG:root:This is the line: drive:36.413:2.083

DEBUG:root:We got command: drive
DEBUG:root:We got a drive command: rawX:2.083000 and rawY:36.413000
DEBUG:root:Forward to the Right
DEBUG:root:Left=-2.083000 Right=-34.330000
DEBUG:root:ScaledLeft: 370.313250 ScaledRight: 297.757500
INFO:root:Looping....
DEBUG:root:This is the line: drive:44.524:1.872

DEBUG:root:We got command: drive
DEBUG:root:We got a drive command: rawX:1.872000 and rawY:44.524000
DEBUG:root:Forward to the Right
DEBUG:root:Left=-1.872000 Right=-42.652000
DEBUG:root:ScaledLeft: 370.788000 ScaledRight: 279.033000
INFO:root:Looping....
DEBUG:root:This is the line: drive:51.857:1.19

DEBUG:root:We got command: drive
DEBUG:root:We got a drive command: rawX:1.190000 and rawY:51.857000
DEBUG:root:Forward to the Right
DEBUG:root:Left=-1.190000 Right=-50.667000
DEBUG:root:ScaledLeft: 372.322500 ScaledRight: 260.999250
INFO:root:Looping....
DEBUG:root:This is the line: drive:57.261:0.893

DEBUG:root:We got command: drive
DEBUG:root:We got a drive command: rawX:0.893000 and rawY:57.261000
DEBUG:root:Forward to the Right
DEBUG:root:Left=-0.893000 Right=-56.368000
DEBUG:root:ScaledLeft: 372.990750 ScaledRight: 248.172000
INFO:root:Looping....
DEBUG:root:This is the line: drive:61.354:0.893

DEBUG:root:We got command: drive
DEBUG:root:We got a drive command: rawX:0.893000 and rawY:61.354000
DEBUG:root:Forward to the Right
DEBUG:root:Left=-0.893000 Right=-60.461000
DEBUG:root:ScaledLeft: 372.990750 ScaledRight: 238.962750
INFO:root:Looping....
DEBUG:root:This is the line: drive:63.429:1.171

DEBUG:root:We got command: drive
DEBUG:root:We got a drive command: rawX:1.171000 and rawY:63.429000
DEBUG:root:Forward to the Right
DEBUG:root:Left=-1.171000 Right=-62.258000
DEBUG:root:ScaledLeft: 372.365250 ScaledRight: 234.919500
INFO:root:Looping....
DEBUG:root:This is the line: drive:0:0

DEBUG:root:We got command: drive
DEBUG:root:We got a drive command: rawX:0.000000 and rawY:0.000000
DEBUG:root:Left=0.000000 Right=0.000000
DEBUG:root:ScaledLeft: 375.000000 ScaledRight: 375.000000
INFO:root:Looping....
DEBUG:root:This is the line: drive:63.429:1.488

DEBUG:root:We got command: drive
DEBUG:root:We got a drive command: rawX:1.488000 and rawY:63.429000
DEBUG:root:Forward to the Right
DEBUG:root:Left=-1.488000 Right=-61.941000
DEBUG:root:ScaledLeft: 371.652000 ScaledRight: 235.632750
INFO:root:Looping....
DEBUG:root:This is the line: drive:63.429:1.488

DEBUG:root:We got command: drive
DEBUG:root:We got a drive command: rawX:1.488000 and rawY:63.429000
DEBUG:root:Forward to the Right
DEBUG:root:Left=-1.488000 Right=-61.941000
DEBUG:root:ScaledLeft: 371.652000 ScaledRight: 235.632750
INFO:root:Looping....
DEBUG:root:This is the line: drive:20.286:-23.363

DEBUG:root:We got command: drive
DEBUG:root:We got a drive command: rawX:-23.363000 and rawY:20.286000
DEBUG:root:Forward to the Left/Straight
DEBUG:root:Left=43.649000 Right=-23.363000
DEBUG:root:ScaledLeft: 473.210250 ScaledRight: 322.433250
INFO:root:Looping....
DEBUG:root:This is the line: drive:20.286:-25.221

DEBUG:root:We got command: drive
DEBUG:root:We got a drive command: rawX:-25.221000 and rawY:20.286000
DEBUG:root:Forward to the Left/Straight
DEBUG:root:Left=45.507000 Right=-25.221000
DEBUG:root:ScaledLeft: 477.390750 ScaledRight: 318.252750
INFO:root:Looping....
DEBUG:root:This is the line: drive:21.38:-29.362

DEBUG:root:We got command: drive
DEBUG:root:We got a drive command: rawX:-29.362000 and rawY:21.380000
DEBUG:root:Forward to the Left/Straight
DEBUG:root:Left=50.742000 Right=-29.362000
DEBUG:root:ScaledLeft: 489.169500 ScaledRight: 308.935500
INFO:root:Looping....
DEBUG:root:This is the line: drive:22.464:-31.621

DEBUG:root:We got command: drive
DEBUG:root:We got a drive command: rawX:-31.621000 and rawY:22.464000
DEBUG:root:Forward to the Left/Straight
DEBUG:root:Left=54.085000 Right=-31.621000
DEBUG:root:ScaledLeft: 496.691250 ScaledRight: 303.852750
INFO:root:Looping....
DEBUG:root:This is the line: drive:25.393:-37.463

DEBUG:root:We got command: drive
DEBUG:root:We got a drive command: rawX:-37.463000 and rawY:25.393000
DEBUG:root:Forward to the Left/Straight
DEBUG:root:Left=62.856000 Right=-37.463000
DEBUG:root:ScaledLeft: 516.426000 ScaledRight: 290.708250
INFO:root:Looping....
DEBUG:root:This is the line: drive:27.279:-39.427

DEBUG:root:We got command: drive
DEBUG:root:We got a drive command: rawX:-39.427000 and rawY:27.279000
DEBUG:root:Forward to the Left/Straight
DEBUG:root:Left=66.706000 Right=-39.427000
DEBUG:root:ScaledLeft: 525.088500 ScaledRight: 286.289250
INFO:root:Looping....
DEBUG:root:This is the line: drive:29.429:-41.756

DEBUG:root:We got command: drive
DEBUG:root:We got a drive command: rawX:-41.756000 and rawY:29.429000
DEBUG:root:Forward to the Left/Straight
DEBUG:root:Left=71.185000 Right=-41.756000
DEBUG:root:ScaledLeft: 535.166250 ScaledRight: 281.049000
INFO:root:Looping....
DEBUG:root:This is the line: drive:30.429:-42.56

DEBUG:root:We got command: drive
DEBUG:root:We got a drive command: rawX:-42.560000 and rawY:30.429000
DEBUG:root:Forward to the Left/Straight
DEBUG:root:Left=72.989000 Right=-42.560000
DEBUG:root:ScaledLeft: 539.225250 ScaledRight: 279.240000
INFO:root:Looping....
DEBUG:root:This is the line: drive:31.677:-42.56

DEBUG:root:We got command: drive
DEBUG:root:We got a drive command: rawX:-42.560000 and rawY:31.677000
DEBUG:root:Forward to the Left/Straight
DEBUG:root:Left=74.237000 Right=-42.560000
DEBUG:root:ScaledLeft: 542.033250 ScaledRight: 279.240000
INFO:root:Looping....
DEBUG:root:This is the line: drive:32.08:-42.56

DEBUG:root:We got command: drive
DEBUG:root:We got a drive command: rawX:-42.560000 and rawY:32.080000
DEBUG:root:Forward to the Left/Straight
DEBUG:root:Left=74.640000 Right=-42.560000
DEBUG:root:ScaledLeft: 542.940000 ScaledRight: 279.240000
INFO:root:Looping....
DEBUG:root:This is the line: drive:34.063:-42.857

DEBUG:root:We got command: drive
DEBUG:root:We got a drive command: rawX:-42.857000 and rawY:34.063000
DEBUG:root:Forward to the Left/Straight
DEBUG:root:Left=76.920000 Right=-42.857000
DEBUG:root:ScaledLeft: 548.070000 ScaledRight: 278.571750
INFO:root:Looping....
DEBUG:root:This is the line: drive:35.731:-43.155

DEBUG:root:We got command: drive
DEBUG:root:We got a drive command: rawX:-43.155000 and rawY:35.731000
DEBUG:root:Forward to the Left/Straight
DEBUG:root:Left=78.886000 Right=-43.155000
DEBUG:root:ScaledLeft: 552.493500 ScaledRight: 277.901250
INFO:root:Looping....
DEBUG:root:This is the line: drive:36.571:-43.296

DEBUG:root:We got command: drive
DEBUG:root:We got a drive command: rawX:-43.296000 and rawY:36.571000
DEBUG:root:Forward to the Left/Straight
DEBUG:root:Left=79.867000 Right=-43.296000
DEBUG:root:ScaledLeft: 554.700750 ScaledRight: 277.584000
INFO:root:Looping....
DEBUG:root:This is the line: drive:38.429:-44.345

DEBUG:root:We got command: drive
DEBUG:root:We got a drive command: rawX:-44.345000 and rawY:38.429000
DEBUG:root:Forward to the Left/Straight
DEBUG:root:Left=82.774000 Right=-44.345000
DEBUG:root:ScaledLeft: 561.241500 ScaledRight: 275.223750
INFO:root:Looping....
DEBUG:root:This is the line: drive:39.654:-45.176

DEBUG:root:We got command: drive
DEBUG:root:We got a drive command: rawX:-45.176000 and rawY:39.654000
DEBUG:root:Forward to the Left/Straight
DEBUG:root:Left=84.830000 Right=-45.176000
DEBUG:root:ScaledLeft: 565.867500 ScaledRight: 273.354000
INFO:root:Looping....
DEBUG:root:This is the line: drive:41.855:-46.726

DEBUG:root:We got command: drive
DEBUG:root:We got a drive command: rawX:-46.726000 and rawY:41.855000
DEBUG:root:Forward to the Left/Straight
DEBUG:root:Left=88.581000 Right=-46.726000
DEBUG:root:ScaledLeft: 574.307250 ScaledRight: 269.866500
INFO:root:Looping....
DEBUG:root:This is the line: drive:43.857:-46.726

DEBUG:root:We got command: drive
DEBUG:root:We got a drive command: rawX:-46.726000 and rawY:43.857000
DEBUG:root:Forward to the Left/Straight
DEBUG:root:Left=90.583000 Right=-46.726000
DEBUG:root:ScaledLeft: 578.811750 ScaledRight: 269.866500
INFO:root:Looping....
DEBUG:root:This is the line: drive:45.897:-46.726

DEBUG:root:We got command: drive
DEBUG:root:We got a drive command: rawX:-46.726000 and rawY:45.897000
DEBUG:root:Forward to the Left/Straight
DEBUG:root:Left=92.623000 Right=-46.726000
DEBUG:root:ScaledLeft: 583.401750 ScaledRight: 269.866500
INFO:root:Looping....
DEBUG:root:This is the line: drive:48.119:-46.726

DEBUG:root:We got command: drive
DEBUG:root:We got a drive command: rawX:-46.726000 and rawY:48.119000
DEBUG:root:Forward to the Left/Straight
DEBUG:root:Left=94.845000 Right=-46.726000
DEBUG:root:ScaledLeft: 588.401250 ScaledRight: 269.866500
INFO:root:Looping....
DEBUG:root:This is the line: drive:48.857:-47.11

DEBUG:root:We got command: drive
DEBUG:root:We got a drive command: rawX:-47.110000 and rawY:48.857000
DEBUG:root:Forward to the Left/Straight
DEBUG:root:Left=95.967000 Right=-47.110000
DEBUG:root:ScaledLeft: 590.925750 ScaledRight: 269.002500
INFO:root:Looping....
DEBUG:root:This is the line: drive:0:0

DEBUG:root:We got command: drive
DEBUG:root:We got a drive command: rawX:0.000000 and rawY:0.000000
DEBUG:root:Left=0.000000 Right=0.000000
DEBUG:root:ScaledLeft: 375.000000 ScaledRight: 375.000000
INFO:root:Looping....
DEBUG:root:This is the line: drive:49.143:-47.917

DEBUG:root:We got command: drive
DEBUG:root:We got a drive command: rawX:-47.917000 and rawY:49.143000
DEBUG:root:Forward to the Left/Straight
DEBUG:root:Left=97.060000 Right=-47.917000
DEBUG:root:ScaledLeft: 593.385000 ScaledRight: 267.186750
INFO:root:Looping....
DEBUG:root:This is the line: drive:64.0:-8.631

DEBUG:root:We got command: drive
DEBUG:root:We got a drive command: rawX:-8.631000 and rawY:64.000000
DEBUG:root:Forward to the Left/Straight
DEBUG:root:Left=72.631000 Right=-8.631000
DEBUG:root:ScaledLeft: 538.419750 ScaledRight: 355.580250
INFO:root:Looping....
DEBUG:root:This is the line: drive:66.11:-12.614

DEBUG:root:We got command: drive
DEBUG:root:We got a drive command: rawX:-12.614000 and rawY:66.110000
DEBUG:root:Forward to the Left/Straight
DEBUG:root:Left=78.724000 Right=-12.614000
DEBUG:root:ScaledLeft: 552.129000 ScaledRight: 346.618500
INFO:root:Looping....
DEBUG:root:This is the line: drive:68.344:-14.942

DEBUG:root:We got command: drive
DEBUG:root:We got a drive command: rawX:-14.942000 and rawY:68.344000
DEBUG:root:Forward to the Left/Straight
DEBUG:root:Left=83.286000 Right=-14.942000
DEBUG:root:ScaledLeft: 562.393500 ScaledRight: 341.380500
INFO:root:Looping....
DEBUG:root:This is the line: drive:70.238:-16.071

DEBUG:root:We got command: drive
DEBUG:root:We got a drive command: rawX:-16.071000 and rawY:70.238000
DEBUG:root:Forward to the Left/Straight
DEBUG:root:Left=86.309000 Right=-16.071000
DEBUG:root:ScaledLeft: 569.195250 ScaledRight: 338.840250
INFO:root:Looping....
DEBUG:root:This is the line: drive:72.143:-16.071

DEBUG:root:We got command: drive
DEBUG:root:We got a drive command: rawX:-16.071000 and rawY:72.143000
DEBUG:root:Forward to the Left/Straight
DEBUG:root:Left=88.214000 Right=-16.071000
DEBUG:root:ScaledLeft: 573.481500 ScaledRight: 338.840250
INFO:root:Looping....
DEBUG:root:This is the line: drive:72.36:-16.071

DEBUG:root:We got command: drive
DEBUG:root:We got a drive command: rawX:-16.071000 and rawY:72.360000
DEBUG:root:Forward to the Left/Straight
DEBUG:root:Left=88.431000 Right=-16.071000
DEBUG:root:ScaledLeft: 573.969750 ScaledRight: 338.840250
INFO:root:Looping....
DEBUG:root:This is the line: drive:72.36:-16.071

DEBUG:root:We got command: drive
DEBUG:root:We got a drive command: rawX:-16.071000 and rawY:72.360000
DEBUG:root:Forward to the Left/Straight
DEBUG:root:Left=88.431000 Right=-16.071000
DEBUG:root:ScaledLeft: 573.969750 ScaledRight: 338.840250
INFO:root:Looping....
DEBUG:root:This is the line: drive:72.584:-16.071

DEBUG:root:We got command: drive
DEBUG:root:We got a drive command: rawX:-16.071000 and rawY:72.584000
DEBUG:root:Forward to the Left/Straight
DEBUG:root:Left=88.655000 Right=-16.071000
DEBUG:root:ScaledLeft: 574.473750 ScaledRight: 338.840250
INFO:root:Looping....
DEBUG:root:This is the line: drive:72.584:-16.071

DEBUG:root:We got command: drive
DEBUG:root:We got a drive command: rawX:-16.071000 and rawY:72.584000
DEBUG:root:Forward to the Left/Straight
DEBUG:root:Left=88.655000 Right=-16.071000
DEBUG:root:ScaledLeft: 574.473750 ScaledRight: 338.840250
INFO:root:Looping....
DEBUG:root:This is the line: drive:72.571:-15.764

DEBUG:root:We got command: drive
DEBUG:root:We got a drive command: rawX:-15.764000 and rawY:72.571000
DEBUG:root:Forward to the Left/Straight
DEBUG:root:Left=88.335000 Right=-15.764000
DEBUG:root:ScaledLeft: 573.753750 ScaledRight: 339.531000
INFO:root:Looping....
DEBUG:root:This is the line: drive:72.938:-15.095

DEBUG:root:We got command: drive
DEBUG:root:We got a drive command: rawX:-15.095000 and rawY:72.938000
DEBUG:root:Forward to the Left/Straight
DEBUG:root:Left=88.033000 Right=-15.095000
DEBUG:root:ScaledLeft: 573.074250 ScaledRight: 341.036250
INFO:root:Looping....
DEBUG:root:This is the line: drive:73.804:-14.881

DEBUG:root:We got command: drive
DEBUG:root:We got a drive command: rawX:-14.881000 and rawY:73.804000
DEBUG:root:Forward to the Left/Straight
DEBUG:root:Left=88.685000 Right=-14.881000
DEBUG:root:ScaledLeft: 574.541250 ScaledRight: 341.517750
INFO:root:Looping....
DEBUG:root:This is the line: drive:74.689:-14.583

DEBUG:root:We got command: drive
DEBUG:root:We got a drive command: rawX:-14.583000 and rawY:74.689000
DEBUG:root:Forward to the Left/Straight
DEBUG:root:Left=89.272000 Right=-14.583000
DEBUG:root:ScaledLeft: 575.862000 ScaledRight: 342.188250
INFO:root:Looping....
DEBUG:root:This is the line: drive:75.24:-14.583

DEBUG:root:We got command: drive
DEBUG:root:We got a drive command: rawX:-14.583000 and rawY:75.240000
DEBUG:root:Forward to the Left/Straight
DEBUG:root:Left=89.823000 Right=-14.583000
DEBUG:root:ScaledLeft: 577.101750 ScaledRight: 342.188250
INFO:root:Looping....
DEBUG:root:This is the line: drive:75.143:-13.914

DEBUG:root:We got command: drive
DEBUG:root:We got a drive command: rawX:-13.914000 and rawY:75.143000
DEBUG:root:Forward to the Left/Straight
DEBUG:root:Left=89.057000 Right=-13.914000
DEBUG:root:ScaledLeft: 575.378250 ScaledRight: 343.693500
INFO:root:Looping....
DEBUG:root:This is the line: drive:75.143:-13.914

DEBUG:root:We got command: drive
DEBUG:root:We got a drive command: rawX:-13.914000 and rawY:75.143000
DEBUG:root:Forward to the Left/Straight
DEBUG:root:Left=89.057000 Right=-13.914000
DEBUG:root:ScaledLeft: 575.378250 ScaledRight: 343.693500
INFO:root:Looping....
DEBUG:root:This is the line: drive:75.143:-13.682

DEBUG:root:We got command: drive
DEBUG:root:We got a drive command: rawX:-13.682000 and rawY:75.143000
DEBUG:root:Forward to the Left/Straight
DEBUG:root:Left=88.825000 Right=-13.682000
DEBUG:root:ScaledLeft: 574.856250 ScaledRight: 344.215500
INFO:root:Looping....
DEBUG:root:This is the line: drive:75.143:-13.682

DEBUG:root:We got command: drive
DEBUG:root:We got a drive command: rawX:-13.682000 and rawY:75.143000
DEBUG:root:Forward to the Left/Straight
DEBUG:root:Left=88.825000 Right=-13.682000
DEBUG:root:ScaledLeft: 574.856250 ScaledRight: 344.215500
INFO:root:Looping....
DEBUG:root:This is the line: drive:75.143:-13.682

DEBUG:root:We got command: drive
DEBUG:root:We got a drive command: rawX:-13.682000 and rawY:75.143000
DEBUG:root:Forward to the Left/Straight
DEBUG:root:Left=88.825000 Right=-13.682000
DEBUG:root:ScaledLeft: 574.856250 ScaledRight: 344.215500
INFO:root:Looping....
DEBUG:root:This is the line: drive:75.143:-13.682

DEBUG:root:We got command: drive
DEBUG:root:We got a drive command: rawX:-13.682000 and rawY:75.143000
DEBUG:root:Forward to the Left/Straight
DEBUG:root:Left=88.825000 Right=-13.682000
DEBUG:root:ScaledLeft: 574.856250 ScaledRight: 344.215500
INFO:root:Looping....
DEBUG:root:This is the line: drive:75.143:-13.682

DEBUG:root:We got command: drive
DEBUG:root:We got a drive command: rawX:-13.682000 and rawY:75.143000
DEBUG:root:Forward to the Left/Straight
DEBUG:root:Left=88.825000 Right=-13.682000
DEBUG:root:ScaledLeft: 574.856250 ScaledRight: 344.215500
INFO:root:Looping....
DEBUG:root:This is the line: drive:75.143:-13.682

DEBUG:root:We got command: drive
DEBUG:root:We got a drive command: rawX:-13.682000 and rawY:75.143000
DEBUG:root:Forward to the Left/Straight
DEBUG:root:Left=88.825000 Right=-13.682000
DEBUG:root:ScaledLeft: 574.856250 ScaledRight: 344.215500
INFO:root:Looping....
DEBUG:root:This is the line: drive:75.143:-13.682

DEBUG:root:We got command: drive
DEBUG:root:We got a drive command: rawX:-13.682000 and rawY:75.143000
DEBUG:root:Forward to the Left/Straight
DEBUG:root:Left=88.825000 Right=-13.682000
DEBUG:root:ScaledLeft: 574.856250 ScaledRight: 344.215500
INFO:root:Looping....
DEBUG:root:This is the line: drive:75.798:-13.69

DEBUG:root:We got command: drive
DEBUG:root:We got a drive command: rawX:-13.690000 and rawY:75.798000
DEBUG:root:Forward to the Left/Straight
DEBUG:root:Left=89.488000 Right=-13.690000
DEBUG:root:ScaledLeft: 576.348000 ScaledRight: 344.197500
INFO:root:Looping....
DEBUG:root:This is the line: drive:76.403:-13.69

DEBUG:root:We got command: drive
DEBUG:root:We got a drive command: rawX:-13.690000 and rawY:76.403000
DEBUG:root:Forward to the Left/Straight
DEBUG:root:Left=90.093000 Right=-13.690000
DEBUG:root:ScaledLeft: 577.709250 ScaledRight: 344.197500
INFO:root:Looping....
DEBUG:root:This is the line: drive:76.93:-13.69

DEBUG:root:We got command: drive
DEBUG:root:We got a drive command: rawX:-13.690000 and rawY:76.930000
DEBUG:root:Forward to the Left/Straight
DEBUG:root:Left=90.620000 Right=-13.690000
DEBUG:root:ScaledLeft: 578.895000 ScaledRight: 344.197500
INFO:root:Looping....
DEBUG:root:This is the line: drive:76.93:-13.69

DEBUG:root:We got command: drive
DEBUG:root:We got a drive command: rawX:-13.690000 and rawY:76.930000
DEBUG:root:Forward to the Left/Straight
DEBUG:root:Left=90.620000 Right=-13.690000
DEBUG:root:ScaledLeft: 578.895000 ScaledRight: 344.197500
INFO:root:Looping....
DEBUG:root:This is the line: drive:76.93:-13.69

DEBUG:root:We got command: drive
DEBUG:root:We got a drive command: rawX:-13.690000 and rawY:76.930000
DEBUG:root:Forward to the Left/Straight
DEBUG:root:Left=90.620000 Right=-13.690000
DEBUG:root:ScaledLeft: 578.895000 ScaledRight: 344.197500
INFO:root:Looping....
DEBUG:root:This is the line: drive:76.93:-13.69

DEBUG:root:We got command: drive
DEBUG:root:We got a drive command: rawX:-13.690000 and rawY:76.930000
DEBUG:root:Forward to the Left/Straight
DEBUG:root:Left=90.620000 Right=-13.690000
DEBUG:root:ScaledLeft: 578.895000 ScaledRight: 344.197500
INFO:root:Looping....
DEBUG:root:This is the line: drive:76.93:-13.69

DEBUG:root:We got command: drive
DEBUG:root:We got a drive command: rawX:-13.690000 and rawY:76.930000
DEBUG:root:Forward to the Left/Straight
DEBUG:root:Left=90.620000 Right=-13.690000
DEBUG:root:ScaledLeft: 578.895000 ScaledRight: 344.197500
INFO:root:Looping....
DEBUG:root:This is the line: drive:76.93:-13.69

DEBUG:root:We got command: drive
DEBUG:root:We got a drive command: rawX:-13.690000 and rawY:76.930000
DEBUG:root:Forward to the Left/Straight
DEBUG:root:Left=90.620000 Right=-13.690000
DEBUG:root:ScaledLeft: 578.895000 ScaledRight: 344.197500
INFO:root:Looping....
DEBUG:root:This is the line: drive:76.93:-13.69

DEBUG:root:We got command: drive
DEBUG:root:We got a drive command: rawX:-13.690000 and rawY:76.930000
DEBUG:root:Forward to the Left/Straight
DEBUG:root:Left=90.620000 Right=-13.690000
DEBUG:root:ScaledLeft: 578.895000 ScaledRight: 344.197500
INFO:root:Looping....
DEBUG:root:This is the line: drive:76.857:-12.659

DEBUG:root:We got command: drive
DEBUG:root:We got a drive command: rawX:-12.659000 and rawY:76.857000
DEBUG:root:Forward to the Left/Straight
DEBUG:root:Left=89.516000 Right=-12.659000
DEBUG:root:ScaledLeft: 576.411000 ScaledRight: 346.517250
INFO:root:Looping....
DEBUG:root:This is the line: drive:75.968:-11.277

DEBUG:root:We got command: drive
DEBUG:root:We got a drive command: rawX:-11.277000 and rawY:75.968000
DEBUG:root:Forward to the Left/Straight
DEBUG:root:Left=87.245000 Right=-11.277000
DEBUG:root:ScaledLeft: 571.301250 ScaledRight: 349.626750
INFO:root:Looping....
DEBUG:root:This is the line: drive:74.095:-9.623

DEBUG:root:We got command: drive
DEBUG:root:We got a drive command: rawX:-9.623000 and rawY:74.095000
DEBUG:root:Forward to the Left/Straight
DEBUG:root:Left=83.718000 Right=-9.623000
DEBUG:root:ScaledLeft: 563.365500 ScaledRight: 353.348250
INFO:root:Looping....
DEBUG:root:This is the line: drive:73.286:-9.226

DEBUG:root:We got command: drive
DEBUG:root:We got a drive command: rawX:-9.226000 and rawY:73.286000
DEBUG:root:Forward to the Left/Straight
DEBUG:root:Left=82.512000 Right=-9.226000
DEBUG:root:ScaledLeft: 560.652000 ScaledRight: 354.241500
INFO:root:Looping....
DEBUG:root:This is the line: drive:73.143:-8.482

DEBUG:root:We got command: drive
DEBUG:root:We got a drive command: rawX:-8.482000 and rawY:73.143000
DEBUG:root:Forward to the Left/Straight
DEBUG:root:Left=81.625000 Right=-8.482000
DEBUG:root:ScaledLeft: 558.656250 ScaledRight: 355.915500
INFO:root:Looping....
DEBUG:root:This is the line: drive:72.571:-7.091

DEBUG:root:We got command: drive
DEBUG:root:We got a drive command: rawX:-7.091000 and rawY:72.571000
DEBUG:root:Forward to the Left/Straight
DEBUG:root:Left=79.662000 Right=-7.091000
DEBUG:root:ScaledLeft: 554.239500 ScaledRight: 359.045250
INFO:root:Looping....
DEBUG:root:This is the line: drive:72.0:-6.736

DEBUG:root:We got command: drive
DEBUG:root:We got a drive command: rawX:-6.736000 and rawY:72.000000
DEBUG:root:Forward to the Left/Straight
DEBUG:root:Left=78.736000 Right=-6.736000
DEBUG:root:ScaledLeft: 552.156000 ScaledRight: 359.844000
INFO:root:Looping....
DEBUG:root:This is the line: drive:71.429:-4.368

DEBUG:root:We got command: drive
DEBUG:root:We got a drive command: rawX:-4.368000 and rawY:71.429000
DEBUG:root:Forward to the Left/Straight
DEBUG:root:Left=75.797000 Right=-4.368000
DEBUG:root:ScaledLeft: 545.543250 ScaledRight: 365.172000
INFO:root:Looping....
DEBUG:root:This is the line: drive:70.827:-2.35

DEBUG:root:We got command: drive
DEBUG:root:We got a drive command: rawX:-2.350000 and rawY:70.827000
DEBUG:root:Forward to the Left/Straight
DEBUG:root:Left=73.177000 Right=-2.350000
DEBUG:root:ScaledLeft: 539.648250 ScaledRight: 369.712500
INFO:root:Looping....
DEBUG:root:This is the line: drive:70.286:-0.485

DEBUG:root:We got command: drive
DEBUG:root:We got a drive command: rawX:-0.485000 and rawY:70.286000
DEBUG:root:Forward to the Left/Straight
DEBUG:root:Left=70.771000 Right=-0.485000
DEBUG:root:ScaledLeft: 534.234750 ScaledRight: 373.908750
INFO:root:Looping....
DEBUG:root:This is the line: drive:70.286:0.149

DEBUG:root:We got command: drive
DEBUG:root:We got a drive command: rawX:0.149000 and rawY:70.286000
DEBUG:root:Forward to the Right
DEBUG:root:Left=-0.149000 Right=-70.137000
DEBUG:root:ScaledLeft: 374.664750 ScaledRight: 217.191750
INFO:root:Looping....
DEBUG:root:This is the line: drive:70.286:0.345

DEBUG:root:We got command: drive
DEBUG:root:We got a drive command: rawX:0.345000 and rawY:70.286000
DEBUG:root:Forward to the Right
DEBUG:root:Left=-0.345000 Right=-69.941000
DEBUG:root:ScaledLeft: 374.223750 ScaledRight: 217.632750
INFO:root:Looping....
DEBUG:root:This is the line: drive:70.286:0.345

DEBUG:root:We got command: drive
DEBUG:root:We got a drive command: rawX:0.345000 and rawY:70.286000
DEBUG:root:Forward to the Right
DEBUG:root:Left=-0.345000 Right=-69.941000
DEBUG:root:ScaledLeft: 374.223750 ScaledRight: 217.632750
INFO:root:Looping....
DEBUG:root:This is the line: drive:70.286:0.345

DEBUG:root:We got command: drive
DEBUG:root:We got a drive command: rawX:0.345000 and rawY:70.286000
DEBUG:root:Forward to the Right
DEBUG:root:Left=-0.345000 Right=-69.941000
DEBUG:root:ScaledLeft: 374.223750 ScaledRight: 217.632750
INFO:root:Looping....
DEBUG:root:This is the line: drive:70.286:0.606

DEBUG:root:We got command: drive
DEBUG:root:We got a drive command: rawX:0.606000 and rawY:70.286000
DEBUG:root:Forward to the Right
DEBUG:root:Left=-0.606000 Right=-69.680000
DEBUG:root:ScaledLeft: 373.636500 ScaledRight: 218.220000
INFO:root:Looping....
DEBUG:root:This is the line: drive:70.286:0.978

DEBUG:root:We got command: drive
DEBUG:root:We got a drive command: rawX:0.978000 and rawY:70.286000
DEBUG:root:Forward to the Right
DEBUG:root:Left=-0.978000 Right=-69.308000
DEBUG:root:ScaledLeft: 372.799500 ScaledRight: 219.057000
INFO:root:Looping....
DEBUG:root:This is the line: drive:69.816:1.488

DEBUG:root:We got command: drive
DEBUG:root:We got a drive command: rawX:1.488000 and rawY:69.816000
DEBUG:root:Forward to the Right
DEBUG:root:Left=-1.488000 Right=-68.328000
DEBUG:root:ScaledLeft: 371.652000 ScaledRight: 221.262000
INFO:root:Looping....
DEBUG:root:This is the line: drive:68.714:2.083

DEBUG:root:We got command: drive
DEBUG:root:We got a drive command: rawX:2.083000 and rawY:68.714000
DEBUG:root:Forward to the Right
DEBUG:root:Left=-2.083000 Right=-66.631000
DEBUG:root:ScaledLeft: 370.313250 ScaledRight: 225.080250
INFO:root:Looping....
DEBUG:root:This is the line: drive:67.953:2.083

DEBUG:root:We got command: drive
DEBUG:root:We got a drive command: rawX:2.083000 and rawY:67.953000
DEBUG:root:Forward to the Right
DEBUG:root:Left=-2.083000 Right=-65.870000
DEBUG:root:ScaledLeft: 370.313250 ScaledRight: 226.792500
INFO:root:Looping....
DEBUG:root:This is the line: drive:66.933:2.083

DEBUG:root:We got command: drive
DEBUG:root:We got a drive command: rawX:2.083000 and rawY:66.933000
DEBUG:root:Forward to the Right
DEBUG:root:Left=-2.083000 Right=-64.850000
DEBUG:root:ScaledLeft: 370.313250 ScaledRight: 229.087500
INFO:root:Looping....
DEBUG:root:This is the line: drive:66.533:2.083

DEBUG:root:We got command: drive
DEBUG:root:We got a drive command: rawX:2.083000 and rawY:66.533000
DEBUG:root:Forward to the Right
DEBUG:root:Left=-2.083000 Right=-64.450000
DEBUG:root:ScaledLeft: 370.313250 ScaledRight: 229.987500
INFO:root:Looping....
DEBUG:root:This is the line: drive:66.533:2.083

DEBUG:root:We got command: drive
DEBUG:root:We got a drive command: rawX:2.083000 and rawY:66.533000
DEBUG:root:Forward to the Right
DEBUG:root:Left=-2.083000 Right=-64.450000
DEBUG:root:ScaledLeft: 370.313250 ScaledRight: 229.987500
INFO:root:Looping....
DEBUG:root:This is the line: drive:64.429:3.423

DEBUG:root:We got command: drive
DEBUG:root:We got a drive command: rawX:3.423000 and rawY:64.429000
DEBUG:root:Forward to the Right
DEBUG:root:Left=-3.423000 Right=-61.006000
DEBUG:root:ScaledLeft: 367.298250 ScaledRight: 237.736500
INFO:root:Looping....
DEBUG:root:This is the line: drive:64.0:3.961

DEBUG:root:We got command: drive
DEBUG:root:We got a drive command: rawX:3.961000 and rawY:64.000000
DEBUG:root:Forward to the Right
DEBUG:root:Left=-3.961000 Right=-60.039000
DEBUG:root:ScaledLeft: 366.087750 ScaledRight: 239.912250
INFO:root:Looping....
DEBUG:root:This is the line: drive:64.0:3.961

DEBUG:root:We got command: drive
DEBUG:root:We got a drive command: rawX:3.961000 and rawY:64.000000
DEBUG:root:Forward to the Right
DEBUG:root:Left=-3.961000 Right=-60.039000
DEBUG:root:ScaledLeft: 366.087750 ScaledRight: 239.912250
INFO:root:Looping....
DEBUG:root:This is the line: drive:63.704:3.869

DEBUG:root:We got command: drive
DEBUG:root:We got a drive command: rawX:3.869000 and rawY:63.704000
DEBUG:root:Forward to the Right
DEBUG:root:Left=-3.869000 Right=-59.835000
DEBUG:root:ScaledLeft: 366.294750 ScaledRight: 240.371250
INFO:root:Looping....
DEBUG:root:This is the line: drive:63.714:2.156

DEBUG:root:We got command: drive
DEBUG:root:We got a drive command: rawX:2.156000 and rawY:63.714000
DEBUG:root:Forward to the Right
DEBUG:root:Left=-2.156000 Right=-61.558000
DEBUG:root:ScaledLeft: 370.149000 ScaledRight: 236.494500
INFO:root:Looping....
DEBUG:root:This is the line: drive:63.714:-1.918

DEBUG:root:We got command: drive
DEBUG:root:We got a drive command: rawX:-1.918000 and rawY:63.714000
DEBUG:root:Forward to the Left/Straight
DEBUG:root:Left=65.632000 Right=-1.918000
DEBUG:root:ScaledLeft: 522.672000 ScaledRight: 370.684500
INFO:root:Looping....
DEBUG:root:This is the line: drive:63.714:-5.278

DEBUG:root:We got command: drive
DEBUG:root:We got a drive command: rawX:-5.278000 and rawY:63.714000
DEBUG:root:Forward to the Left/Straight
DEBUG:root:Left=68.992000 Right=-5.278000
DEBUG:root:ScaledLeft: 530.232000 ScaledRight: 363.124500
INFO:root:Looping....
DEBUG:root:This is the line: drive:63.714:-7.404

DEBUG:root:We got command: drive
DEBUG:root:We got a drive command: rawX:-7.404000 and rawY:63.714000
DEBUG:root:Forward to the Left/Straight
DEBUG:root:Left=71.118000 Right=-7.404000
DEBUG:root:ScaledLeft: 535.015500 ScaledRight: 358.341000
INFO:root:Looping....
DEBUG:root:This is the line: drive:63.714:-9.623

DEBUG:root:We got command: drive
DEBUG:root:We got a drive command: rawX:-9.623000 and rawY:63.714000
DEBUG:root:Forward to the Left/Straight
DEBUG:root:Left=73.337000 Right=-9.623000
DEBUG:root:ScaledLeft: 540.008250 ScaledRight: 353.348250
INFO:root:Looping....
DEBUG:root:This is the line: drive:63.714:-10.547

DEBUG:root:We got command: drive
DEBUG:root:We got a drive command: rawX:-10.547000 and rawY:63.714000
DEBUG:root:Forward to the Left/Straight
DEBUG:root:Left=74.261000 Right=-10.547000
DEBUG:root:ScaledLeft: 542.087250 ScaledRight: 351.269250
INFO:root:Looping....
DEBUG:root:This is the line: drive:63.714:-11.206

DEBUG:root:We got command: drive
DEBUG:root:We got a drive command: rawX:-11.206000 and rawY:63.714000
DEBUG:root:Forward to the Left/Straight
DEBUG:root:Left=74.920000 Right=-11.206000
DEBUG:root:ScaledLeft: 543.570000 ScaledRight: 349.786500
INFO:root:Looping....
DEBUG:root:This is the line: drive:63.714:-12.246

DEBUG:root:We got command: drive
DEBUG:root:We got a drive command: rawX:-12.246000 and rawY:63.714000
DEBUG:root:Forward to the Left/Straight
DEBUG:root:Left=75.960000 Right=-12.246000
DEBUG:root:ScaledLeft: 545.910000 ScaledRight: 347.446500
INFO:root:Looping....
DEBUG:root:This is the line: drive:63.714:-14.474

DEBUG:root:We got command: drive
DEBUG:root:We got a drive command: rawX:-14.474000 and rawY:63.714000
DEBUG:root:Forward to the Left/Straight
DEBUG:root:Left=78.188000 Right=-14.474000
DEBUG:root:ScaledLeft: 550.923000 ScaledRight: 342.433500
INFO:root:Looping....
DEBUG:root:This is the line: drive:63.714:-16.342

DEBUG:root:We got command: drive
DEBUG:root:We got a drive command: rawX:-16.342000 and rawY:63.714000
DEBUG:root:Forward to the Left/Straight
DEBUG:root:Left=80.056000 Right=-16.342000
DEBUG:root:ScaledLeft: 555.126000 ScaledRight: 338.230500
INFO:root:Looping....
DEBUG:root:This is the line: drive:63.714:-18.528

DEBUG:root:We got command: drive
DEBUG:root:We got a drive command: rawX:-18.528000 and rawY:63.714000
DEBUG:root:Forward to the Left/Straight
DEBUG:root:Left=82.242000 Right=-18.528000
DEBUG:root:ScaledLeft: 560.044500 ScaledRight: 333.312000
INFO:root:Looping....
DEBUG:root:This is the line: drive:63.714:-19.494

DEBUG:root:We got command: drive
DEBUG:root:We got a drive command: rawX:-19.494000 and rawY:63.714000
DEBUG:root:Forward to the Left/Straight
DEBUG:root:Left=83.208000 Right=-19.494000
DEBUG:root:ScaledLeft: 562.218000 ScaledRight: 331.138500
INFO:root:Looping....
DEBUG:root:This is the line: drive:63.714:-19.494

DEBUG:root:We got command: drive
DEBUG:root:We got a drive command: rawX:-19.494000 and rawY:63.714000
DEBUG:root:Forward to the Left/Straight
DEBUG:root:Left=83.208000 Right=-19.494000
DEBUG:root:ScaledLeft: 562.218000 ScaledRight: 331.138500
INFO:root:Looping....
DEBUG:root:This is the line: drive:63.714:-19.494

DEBUG:root:We got command: drive
DEBUG:root:We got a drive command: rawX:-19.494000 and rawY:63.714000
DEBUG:root:Forward to the Left/Straight
DEBUG:root:Left=83.208000 Right=-19.494000
DEBUG:root:ScaledLeft: 562.218000 ScaledRight: 331.138500
INFO:root:Looping....
DEBUG:root:This is the line: drive:63.714:-19.494

DEBUG:root:We got command: drive
DEBUG:root:We got a drive command: rawX:-19.494000 and rawY:63.714000
DEBUG:root:Forward to the Left/Straight
DEBUG:root:Left=83.208000 Right=-19.494000
DEBUG:root:ScaledLeft: 562.218000 ScaledRight: 331.138500
INFO:root:Looping....
DEBUG:root:This is the line: drive:63.714:-19.494

DEBUG:root:We got command: drive
DEBUG:root:We got a drive command: rawX:-19.494000 and rawY:63.714000
DEBUG:root:Forward to the Left/Straight
DEBUG:root:Left=83.208000 Right=-19.494000
DEBUG:root:ScaledLeft: 562.218000 ScaledRight: 331.138500
INFO:root:Looping....
DEBUG:root:This is the line: drive:63.714:-19.494

DEBUG:root:We got command: drive
DEBUG:root:We got a drive command: rawX:-19.494000 and rawY:63.714000
DEBUG:root:Forward to the Left/Straight
DEBUG:root:Left=83.208000 Right=-19.494000
DEBUG:root:ScaledLeft: 562.218000 ScaledRight: 331.138500
INFO:root:Looping....
DEBUG:root:This is the line: drive:63.714:-19.494

DEBUG:root:We got command: drive
DEBUG:root:We got a drive command: rawX:-19.494000 and rawY:63.714000
DEBUG:root:Forward to the Left/Straight
DEBUG:root:Left=83.208000 Right=-19.494000
DEBUG:root:ScaledLeft: 562.218000 ScaledRight: 331.138500
INFO:root:Looping....
DEBUG:root:This is the line: drive:63.714:-19.494

DEBUG:root:We got command: drive
DEBUG:root:We got a drive command: rawX:-19.494000 and rawY:63.714000
DEBUG:root:Forward to the Left/Straight
DEBUG:root:Left=83.208000 Right=-19.494000
DEBUG:root:ScaledLeft: 562.218000 ScaledRight: 331.138500
INFO:root:Looping....
DEBUG:root:This is the line: drive:63.714:-19.95

DEBUG:root:We got command: drive
DEBUG:root:We got a drive command: rawX:-19.950000 and rawY:63.714000
DEBUG:root:Forward to the Left/Straight
DEBUG:root:Left=83.664000 Right=-19.950000
DEBUG:root:ScaledLeft: 563.244000 ScaledRight: 330.112500
INFO:root:Looping....
DEBUG:root:This is the line: drive:63.714:-19.95

DEBUG:root:We got command: drive
DEBUG:root:We got a drive command: rawX:-19.950000 and rawY:63.714000
DEBUG:root:Forward to the Left/Straight
DEBUG:root:Left=83.664000 Right=-19.950000
DEBUG:root:ScaledLeft: 563.244000 ScaledRight: 330.112500
INFO:root:Looping....
DEBUG:root:This is the line: drive:0:0

DEBUG:root:We got command: drive
DEBUG:root:We got a drive command: rawX:0.000000 and rawY:0.000000
DEBUG:root:Left=0.000000 Right=0.000000
DEBUG:root:ScaledLeft: 375.000000 ScaledRight: 375.000000
INFO:root:Looping....
INFO:root:Starting Log file.
INFO:root:Looping....
DEBUG:root:This is the line: Beginning test.drive:-25.287:-3.045

DEBUG:root:We got command: Beginning test.drive
INFO:root:We got some other kind of command
INFO:root:Looping....
DEBUG:root:This is the line: drive:-9.143:4.167

DEBUG:root:We got command: drive
DEBUG:root:We got a drive command: rawX:4.167000 and rawY:-9.143000
DEBUG:root:Reverse to the Right
DEBUG:root:Left=9.143000 Right=-13.310000
DEBUG:root:ScaledLeft: 395.571750 ScaledRight: 345.052500
INFO:root:Looping....
DEBUG:root:This is the line: drive:-9.143:4.167

DEBUG:root:We got command: drive
DEBUG:root:We got a drive command: rawX:4.167000 and rawY:-9.143000
DEBUG:root:Reverse to the Right
DEBUG:root:Left=9.143000 Right=-13.310000
DEBUG:root:ScaledLeft: 395.571750 ScaledRight: 345.052500
INFO:root:Looping....
DEBUG:root:This is the line: drive:-2.527:-0.298

DEBUG:root:We got command: drive
DEBUG:root:We got a drive command: rawX:-0.298000 and rawY:-2.527000
DEBUG:root:Reverse to the Left/Straight
DEBUG:root:Left=2.229000 Right=-2.527000
DEBUG:root:ScaledLeft: 380.015250 ScaledRight: 369.314250
INFO:root:Looping....
DEBUG:root:This is the line: drive:-1.434:-0.298

DEBUG:root:We got command: drive
DEBUG:root:We got a drive command: rawX:-0.298000 and rawY:-1.434000
DEBUG:root:Reverse to the Left/Straight
DEBUG:root:Left=1.136000 Right=-1.434000
DEBUG:root:ScaledLeft: 377.556000 ScaledRight: 371.773500
INFO:root:Looping....
DEBUG:root:This is the line: drive:4.932:-0.595

DEBUG:root:We got command: drive
DEBUG:root:We got a drive command: rawX:-0.595000 and rawY:4.932000
DEBUG:root:Forward to the Left/Straight
DEBUG:root:Left=-5.527000 Right=4.932000
DEBUG:root:ScaledLeft: 362.564250 ScaledRight: 386.097000
INFO:root:Looping....
DEBUG:root:This is the line: drive:8.624:-0.298

DEBUG:root:We got command: drive
DEBUG:root:We got a drive command: rawX:-0.298000 and rawY:8.624000
DEBUG:root:Forward to the Left/Straight
DEBUG:root:Left=-8.922000 Right=8.624000
DEBUG:root:ScaledLeft: 354.925500 ScaledRight: 394.404000
INFO:root:Looping....
DEBUG:root:This is the line: drive:11.625:0.846

DEBUG:root:We got command: drive
DEBUG:root:We got a drive command: rawX:0.846000 and rawY:11.625000
DEBUG:root:Forward to the Right
DEBUG:root:Left=-11.625000 Right=10.779000
DEBUG:root:ScaledLeft: 348.843750 ScaledRight: 399.252750
INFO:root:Looping....
DEBUG:root:This is the line: drive:15.093:3.519

DEBUG:root:We got command: drive
DEBUG:root:We got a drive command: rawX:3.519000 and rawY:15.093000
DEBUG:root:Forward to the Right
DEBUG:root:Left=-15.093000 Right=11.574000
DEBUG:root:ScaledLeft: 341.040750 ScaledRight: 401.041500
INFO:root:Looping....
DEBUG:root:This is the line: drive:17.287:5.507

DEBUG:root:We got command: drive
DEBUG:root:We got a drive command: rawX:5.507000 and rawY:17.287000
DEBUG:root:Forward to the Right
DEBUG:root:Left=-17.287000 Right=11.780000
DEBUG:root:ScaledLeft: 336.104250 ScaledRight: 401.505000
INFO:root:Looping....
DEBUG:root:This is the line: drive:19.286:6.25

DEBUG:root:We got command: drive
DEBUG:root:We got a drive command: rawX:6.250000 and rawY:19.286000
DEBUG:root:Forward to the Right
DEBUG:root:Left=-19.286000 Right=13.036000
DEBUG:root:ScaledLeft: 331.606500 ScaledRight: 404.331000
INFO:root:Looping....
DEBUG:root:This is the line: drive:21.343:6.25

DEBUG:root:We got command: drive
DEBUG:root:We got a drive command: rawX:6.250000 and rawY:21.343000
DEBUG:root:Forward to the Right
DEBUG:root:Left=-21.343000 Right=15.093000
DEBUG:root:ScaledLeft: 326.978250 ScaledRight: 408.959250
INFO:root:Looping....
DEBUG:root:This is the line: drive:23.592:6.845

DEBUG:root:We got command: drive
DEBUG:root:We got a drive command: rawX:6.845000 and rawY:23.592000
DEBUG:root:Forward to the Right
DEBUG:root:Left=-23.592000 Right=16.747000
DEBUG:root:ScaledLeft: 321.918000 ScaledRight: 412.680750
INFO:root:Looping....
DEBUG:root:This is the line: drive:26.459:6.845

DEBUG:root:We got command: drive
DEBUG:root:We got a drive command: rawX:6.845000 and rawY:26.459000
DEBUG:root:Forward to the Right
DEBUG:root:Left=-26.459000 Right=19.614000
DEBUG:root:ScaledLeft: 315.467250 ScaledRight: 419.131500
INFO:root:Looping....
DEBUG:root:This is the line: drive:28.707:7.143

DEBUG:root:We got command: drive
DEBUG:root:We got a drive command: rawX:7.143000 and rawY:28.707000
DEBUG:root:Forward to the Right
DEBUG:root:Left=-28.707000 Right=21.564000
DEBUG:root:ScaledLeft: 310.409250 ScaledRight: 423.519000
INFO:root:Looping....
DEBUG:root:This is the line: drive:31.112:7.143

DEBUG:root:We got command: drive
DEBUG:root:We got a drive command: rawX:7.143000 and rawY:31.112000
DEBUG:root:Forward to the Right
DEBUG:root:Left=-31.112000 Right=23.969000
DEBUG:root:ScaledLeft: 304.998000 ScaledRight: 428.930250
INFO:root:Looping....
DEBUG:root:This is the line: drive:33.338:7.143

DEBUG:root:We got command: drive
DEBUG:root:We got a drive command: rawX:7.143000 and rawY:33.338000
DEBUG:root:Forward to the Right
DEBUG:root:Left=-33.338000 Right=26.195000
DEBUG:root:ScaledLeft: 299.989500 ScaledRight: 433.938750
INFO:root:Looping....
DEBUG:root:This is the line: drive:34.714:7.143

DEBUG:root:We got command: drive
DEBUG:root:We got a drive command: rawX:7.143000 and rawY:34.714000
DEBUG:root:Forward to the Right
DEBUG:root:Left=-34.714000 Right=27.571000
DEBUG:root:ScaledLeft: 296.893500 ScaledRight: 437.034750
INFO:root:Looping....
DEBUG:root:This is the line: drive:37.281:7.143

DEBUG:root:We got command: drive
DEBUG:root:We got a drive command: rawX:7.143000 and rawY:37.281000
DEBUG:root:Forward to the Right
DEBUG:root:Left=-37.281000 Right=30.138000
DEBUG:root:ScaledLeft: 291.117750 ScaledRight: 442.810500
INFO:root:Looping....
DEBUG:root:This is the line: drive:39.46:7.143

DEBUG:root:We got command: drive
DEBUG:root:We got a drive command: rawX:7.143000 and rawY:39.460000
DEBUG:root:Forward to the Right
DEBUG:root:Left=-39.460000 Right=32.317000
DEBUG:root:ScaledLeft: 286.215000 ScaledRight: 447.713250
INFO:root:Looping....
DEBUG:root:This is the line: drive:41.304:7.311

DEBUG:root:We got command: drive
DEBUG:root:We got a drive command: rawX:7.311000 and rawY:41.304000
DEBUG:root:Forward to the Right
DEBUG:root:Left=-41.304000 Right=33.993000
DEBUG:root:ScaledLeft: 282.066000 ScaledRight: 451.484250
INFO:root:Looping....
DEBUG:root:This is the line: drive:44.021:7.44

DEBUG:root:We got command: drive
DEBUG:root:We got a drive command: rawX:7.440000 and rawY:44.021000
DEBUG:root:Forward to the Right
DEBUG:root:Left=-44.021000 Right=36.581000
DEBUG:root:ScaledLeft: 275.952750 ScaledRight: 457.307250
INFO:root:Looping....
DEBUG:root:This is the line: drive:45.851:7.44

DEBUG:root:We got command: drive
DEBUG:root:We got a drive command: rawX:7.440000 and rawY:45.851000
DEBUG:root:Forward to the Right
DEBUG:root:Left=-45.851000 Right=38.411000
DEBUG:root:ScaledLeft: 271.835250 ScaledRight: 461.424750
INFO:root:Looping....
DEBUG:root:This is the line: drive:48.834:7.44

DEBUG:root:We got command: drive
DEBUG:root:We got a drive command: rawX:7.440000 and rawY:48.834000
DEBUG:root:Forward to the Right
DEBUG:root:Left=-48.834000 Right=41.394000
DEBUG:root:ScaledLeft: 265.123500 ScaledRight: 468.136500
INFO:root:Looping....
DEBUG:root:This is the line: drive:50.659:6.456

DEBUG:root:We got command: drive
DEBUG:root:We got a drive command: rawX:6.456000 and rawY:50.659000
DEBUG:root:Forward to the Right
DEBUG:root:Left=-50.659000 Right=44.203000
DEBUG:root:ScaledLeft: 261.017250 ScaledRight: 474.456750
INFO:root:Looping....
DEBUG:root:This is the line: drive:53.044:6.25

DEBUG:root:We got command: drive
DEBUG:root:We got a drive command: rawX:6.250000 and rawY:53.044000
DEBUG:root:Forward to the Right
DEBUG:root:Left=-53.044000 Right=46.794000
DEBUG:root:ScaledLeft: 255.651000 ScaledRight: 480.286500
INFO:root:Looping....
DEBUG:root:This is the line: drive:55.029:6.25

DEBUG:root:We got command: drive
DEBUG:root:We got a drive command: rawX:6.250000 and rawY:55.029000
DEBUG:root:Forward to the Right
DEBUG:root:Left=-55.029000 Right=48.779000
DEBUG:root:ScaledLeft: 251.184750 ScaledRight: 484.752750
INFO:root:Looping....
DEBUG:root:This is the line: drive:60.27:6.25

DEBUG:root:We got command: drive
DEBUG:root:We got a drive command: rawX:6.250000 and rawY:60.270000
DEBUG:root:Forward to the Right
DEBUG:root:Left=-60.270000 Right=54.020000
DEBUG:root:ScaledLeft: 239.392500 ScaledRight: 496.545000
INFO:root:Looping....
DEBUG:root:This is the line: drive:62.493:7.127

DEBUG:root:We got command: drive
DEBUG:root:We got a drive command: rawX:7.127000 and rawY:62.493000
DEBUG:root:Forward to the Right
DEBUG:root:Left=-62.493000 Right=55.366000
DEBUG:root:ScaledLeft: 234.390750 ScaledRight: 499.573500
INFO:root:Looping....
DEBUG:root:This is the line: drive:65.935:8.631

DEBUG:root:We got command: drive
DEBUG:root:We got a drive command: rawX:8.631000 and rawY:65.935000
DEBUG:root:Forward to the Right
DEBUG:root:Left=-65.935000 Right=57.304000
DEBUG:root:ScaledLeft: 226.646250 ScaledRight: 503.934000
INFO:root:Looping....
DEBUG:root:This is the line: drive:67.426:8.926

DEBUG:root:We got command: drive
DEBUG:root:We got a drive command: rawX:8.926000 and rawY:67.426000
DEBUG:root:Forward to the Right
DEBUG:root:Left=-67.426000 Right=58.500000
DEBUG:root:ScaledLeft: 223.291500 ScaledRight: 506.625000
INFO:root:Looping....
DEBUG:root:This is the line: drive:69.945:9.226

DEBUG:root:We got command: drive
DEBUG:root:We got a drive command: rawX:9.226000 and rawY:69.945000
DEBUG:root:Forward to the Right
DEBUG:root:Left=-69.945000 Right=60.719000
DEBUG:root:ScaledLeft: 217.623750 ScaledRight: 511.617750
INFO:root:Looping....
DEBUG:root:This is the line: drive:72.092:9.821

DEBUG:root:We got command: drive
DEBUG:root:We got a drive command: rawX:9.821000 and rawY:72.092000
DEBUG:root:Forward to the Right
DEBUG:root:Left=-72.092000 Right=62.271000
DEBUG:root:ScaledLeft: 212.793000 ScaledRight: 515.109750
INFO:root:Looping....
DEBUG:root:This is the line: drive:73.866:9.821

DEBUG:root:We got command: drive
DEBUG:root:We got a drive command: rawX:9.821000 and rawY:73.866000
DEBUG:root:Forward to the Right
DEBUG:root:Left=-73.866000 Right=64.045000
DEBUG:root:ScaledLeft: 208.801500 ScaledRight: 519.101250
INFO:root:Looping....
DEBUG:root:This is the line: drive:76.044:9.821

DEBUG:root:We got command: drive
DEBUG:root:We got a drive command: rawX:9.821000 and rawY:76.044000
DEBUG:root:Forward to the Right
DEBUG:root:Left=-76.044000 Right=66.223000
DEBUG:root:ScaledLeft: 203.901000 ScaledRight: 524.001750
INFO:root:Looping....
DEBUG:root:This is the line: drive:78.617:9.821

DEBUG:root:We got command: drive
DEBUG:root:We got a drive command: rawX:9.821000 and rawY:78.617000
DEBUG:root:Forward to the Right
DEBUG:root:Left=-78.617000 Right=68.796000
DEBUG:root:ScaledLeft: 198.111750 ScaledRight: 529.791000
INFO:root:Looping....
DEBUG:root:This is the line: drive:80.853:9.821

DEBUG:root:We got command: drive
DEBUG:root:We got a drive command: rawX:9.821000 and rawY:80.853000
DEBUG:root:Forward to the Right
DEBUG:root:Left=-80.853000 Right=71.032000
DEBUG:root:ScaledLeft: 193.080750 ScaledRight: 534.822000
INFO:root:Looping....
DEBUG:root:This is the line: drive:82.397:9.821

DEBUG:root:We got command: drive
DEBUG:root:We got a drive command: rawX:9.821000 and rawY:82.397000
DEBUG:root:Forward to the Right
DEBUG:root:Left=-82.397000 Right=72.576000
DEBUG:root:ScaledLeft: 189.606750 ScaledRight: 538.296000
INFO:root:Looping....
DEBUG:root:This is the line: drive:84.629:9.821

DEBUG:root:We got command: drive
DEBUG:root:We got a drive command: rawX:9.821000 and rawY:84.629000
DEBUG:root:Forward to the Right
DEBUG:root:Left=-84.629000 Right=74.808000
DEBUG:root:ScaledLeft: 184.584750 ScaledRight: 543.318000
INFO:root:Looping....
DEBUG:root:This is the line: drive:86.863:9.821

DEBUG:root:We got command: drive
DEBUG:root:We got a drive command: rawX:9.821000 and rawY:86.863000
DEBUG:root:Forward to the Right
DEBUG:root:Left=-86.863000 Right=77.042000
DEBUG:root:ScaledLeft: 179.558250 ScaledRight: 548.344500
INFO:root:Looping....
DEBUG:root:This is the line: drive:88.549:9.821

DEBUG:root:We got command: drive
DEBUG:root:We got a drive command: rawX:9.821000 and rawY:88.549000
DEBUG:root:Forward to the Right
DEBUG:root:Left=-88.549000 Right=78.728000
DEBUG:root:ScaledLeft: 175.764750 ScaledRight: 552.138000
INFO:root:Looping....
DEBUG:root:This is the line: drive:89.716:9.821

DEBUG:root:We got command: drive
DEBUG:root:We got a drive command: rawX:9.821000 and rawY:89.716000
DEBUG:root:Forward to the Right
DEBUG:root:Left=-89.716000 Right=79.895000
DEBUG:root:ScaledLeft: 173.139000 ScaledRight: 554.763750
INFO:root:Looping....
DEBUG:root:This is the line: drive:90.043:9.821

DEBUG:root:We got command: drive
DEBUG:root:We got a drive command: rawX:9.821000 and rawY:90.043000
DEBUG:root:Forward to the Right
DEBUG:root:Left=-90.043000 Right=80.222000
DEBUG:root:ScaledLeft: 172.403250 ScaledRight: 555.499500
INFO:root:Looping....
DEBUG:root:This is the line: drive:90.585:9.821

DEBUG:root:We got command: drive
DEBUG:root:We got a drive command: rawX:9.821000 and rawY:90.585000
DEBUG:root:Forward to the Right
DEBUG:root:Left=-90.585000 Right=80.764000
DEBUG:root:ScaledLeft: 171.183750 ScaledRight: 556.719000
INFO:root:Looping....
DEBUG:root:This is the line: drive:91.178:9.821

DEBUG:root:We got command: drive
DEBUG:root:We got a drive command: rawX:9.821000 and rawY:91.178000
DEBUG:root:Forward to the Right
DEBUG:root:Left=-91.178000 Right=81.357000
DEBUG:root:ScaledLeft: 169.849500 ScaledRight: 558.053250
INFO:root:Looping....
DEBUG:root:This is the line: drive:91.488:9.821

DEBUG:root:We got command: drive
DEBUG:root:We got a drive command: rawX:9.821000 and rawY:91.488000
DEBUG:root:Forward to the Right
DEBUG:root:Left=-91.488000 Right=81.667000
DEBUG:root:ScaledLeft: 169.152000 ScaledRight: 558.750750
INFO:root:Looping....
DEBUG:root:This is the line: drive:92.581:9.821

DEBUG:root:We got command: drive
DEBUG:root:We got a drive command: rawX:9.821000 and rawY:92.581000
DEBUG:root:Forward to the Right
DEBUG:root:Left=-92.581000 Right=82.760000
DEBUG:root:ScaledLeft: 166.692750 ScaledRight: 561.210000
INFO:root:Looping....
DEBUG:root:This is the line: drive:93.231:9.821

DEBUG:root:We got command: drive
DEBUG:root:We got a drive command: rawX:9.821000 and rawY:93.231000
DEBUG:root:Forward to the Right
DEBUG:root:Left=-93.231000 Right=83.410000
DEBUG:root:ScaledLeft: 165.230250 ScaledRight: 562.672500
INFO:root:Looping....
DEBUG:root:This is the line: drive:94.143:9.821

DEBUG:root:We got command: drive
DEBUG:root:We got a drive command: rawX:9.821000 and rawY:94.143000
DEBUG:root:Forward to the Right
DEBUG:root:Left=-94.143000 Right=84.322000
DEBUG:root:ScaledLeft: 163.178250 ScaledRight: 564.724500
INFO:root:Looping....
DEBUG:root:This is the line: drive:94.321:9.821

DEBUG:root:We got command: drive
DEBUG:root:We got a drive command: rawX:9.821000 and rawY:94.321000
DEBUG:root:Forward to the Right
DEBUG:root:Left=-94.321000 Right=84.500000
DEBUG:root:ScaledLeft: 162.777750 ScaledRight: 565.125000
INFO:root:Looping....
DEBUG:root:This is the line: drive:94.571:10.863

DEBUG:root:We got command: drive
DEBUG:root:We got a drive command: rawX:10.863000 and rawY:94.571000
DEBUG:root:Forward to the Right
DEBUG:root:Left=-94.571000 Right=83.708000
DEBUG:root:ScaledLeft: 162.215250 ScaledRight: 563.343000
INFO:root:Looping....
DEBUG:root:This is the line: drive:95.286:11.607

DEBUG:root:We got command: drive
DEBUG:root:We got a drive command: rawX:11.607000 and rawY:95.286000
DEBUG:root:Forward to the Right
DEBUG:root:Left=-95.286000 Right=83.679000
DEBUG:root:ScaledLeft: 160.606500 ScaledRight: 563.277750
INFO:root:Looping....
DEBUG:root:This is the line: drive:95.429:12.373

DEBUG:root:We got command: drive
DEBUG:root:We got a drive command: rawX:12.373000 and rawY:95.429000
DEBUG:root:Forward to the Right
DEBUG:root:Left=-95.429000 Right=83.056000
DEBUG:root:ScaledLeft: 160.284750 ScaledRight: 561.876000
INFO:root:Looping....
DEBUG:root:This is the line: drive:95.429:13.804

DEBUG:root:We got command: drive
DEBUG:root:We got a drive command: rawX:13.804000 and rawY:95.429000
DEBUG:root:Forward to the Right
DEBUG:root:Left=-95.429000 Right=81.625000
DEBUG:root:ScaledLeft: 160.284750 ScaledRight: 558.656250
INFO:root:Looping....
DEBUG:root:This is the line: drive:96.143:15.476

DEBUG:root:We got command: drive
DEBUG:root:We got a drive command: rawX:15.476000 and rawY:96.143000
DEBUG:root:Forward to the Right
DEBUG:root:Left=-96.143000 Right=80.667000
DEBUG:root:ScaledLeft: 158.678250 ScaledRight: 556.500750
INFO:root:Looping....
DEBUG:root:This is the line: drive:96.585:16.179

DEBUG:root:We got command: drive
DEBUG:root:We got a drive command: rawX:16.179000 and rawY:96.585000
DEBUG:root:Forward to the Right
DEBUG:root:Left=-96.585000 Right=80.406000
DEBUG:root:ScaledLeft: 157.683750 ScaledRight: 555.913500
INFO:root:Looping....
DEBUG:root:This is the line: drive:96.571:16.179

DEBUG:root:We got command: drive
DEBUG:root:We got a drive command: rawX:16.179000 and rawY:96.571000
DEBUG:root:Forward to the Right
DEBUG:root:Left=-96.571000 Right=80.392000
DEBUG:root:ScaledLeft: 157.715250 ScaledRight: 555.882000
INFO:root:Looping....
DEBUG:root:This is the line: drive:97.143:17.113

DEBUG:root:We got command: drive
DEBUG:root:We got a drive command: rawX:17.113000 and rawY:97.143000
DEBUG:root:Forward to the Right
DEBUG:root:Left=-97.143000 Right=80.030000
DEBUG:root:ScaledLeft: 156.428250 ScaledRight: 555.067500
INFO:root:Looping....
DEBUG:root:This is the line: drive:97.143:17.113

DEBUG:root:We got command: drive
DEBUG:root:We got a drive command: rawX:17.113000 and rawY:97.143000
DEBUG:root:Forward to the Right
DEBUG:root:Left=-97.143000 Right=80.030000
DEBUG:root:ScaledLeft: 156.428250 ScaledRight: 555.067500
INFO:root:Looping....
DEBUG:root:This is the line: drive:97.143:17.113

DEBUG:root:We got command: drive
DEBUG:root:We got a drive command: rawX:17.113000 and rawY:97.143000
DEBUG:root:Forward to the Right
DEBUG:root:Left=-97.143000 Right=80.030000
DEBUG:root:ScaledLeft: 156.428250 ScaledRight: 555.067500
INFO:root:Looping....
DEBUG:root:This is the line: drive:97.143:17.113

DEBUG:root:We got command: drive
DEBUG:root:We got a drive command: rawX:17.113000 and rawY:97.143000
DEBUG:root:Forward to the Right
DEBUG:root:Left=-97.143000 Right=80.030000
DEBUG:root:ScaledLeft: 156.428250 ScaledRight: 555.067500
INFO:root:Looping....
DEBUG:root:This is the line: drive:97.143:18.006

DEBUG:root:We got command: drive
DEBUG:root:We got a drive command: rawX:18.006000 and rawY:97.143000
DEBUG:root:Forward to the Right
DEBUG:root:Left=-97.143000 Right=79.137000
DEBUG:root:ScaledLeft: 156.428250 ScaledRight: 553.058250
INFO:root:Looping....
DEBUG:root:This is the line: drive:97.143:18.503

DEBUG:root:We got command: drive
DEBUG:root:We got a drive command: rawX:18.503000 and rawY:97.143000
DEBUG:root:Forward to the Right
DEBUG:root:Left=-97.143000 Right=78.640000
DEBUG:root:ScaledLeft: 156.428250 ScaledRight: 551.940000
INFO:root:Looping....
DEBUG:root:This is the line: drive:97.143:19.409

DEBUG:root:We got command: drive
DEBUG:root:We got a drive command: rawX:19.409000 and rawY:97.143000
DEBUG:root:Forward to the Right
DEBUG:root:Left=-97.143000 Right=77.734000
DEBUG:root:ScaledLeft: 156.428250 ScaledRight: 549.901500
INFO:root:Looping....
DEBUG:root:This is the line: drive:97.467:19.345

DEBUG:root:We got command: drive
DEBUG:root:We got a drive command: rawX:19.345000 and rawY:97.467000
DEBUG:root:Forward to the Right
DEBUG:root:Left=-97.467000 Right=78.122000
DEBUG:root:ScaledLeft: 155.699250 ScaledRight: 550.774500
INFO:root:Looping....
DEBUG:root:This is the line: drive:97.714:20.089

DEBUG:root:We got command: drive
DEBUG:root:We got a drive command: rawX:20.089000 and rawY:97.714000
DEBUG:root:Forward to the Right
DEBUG:root:Left=-97.714000 Right=77.625000
DEBUG:root:ScaledLeft: 155.143500 ScaledRight: 549.656250
INFO:root:Looping....
DEBUG:root:This is the line: drive:98.0:20.62

DEBUG:root:We got command: drive
DEBUG:root:We got a drive command: rawX:20.620000 and rawY:98.000000
DEBUG:root:Forward to the Right
DEBUG:root:Left=-98.000000 Right=77.380000
DEBUG:root:ScaledLeft: 154.500000 ScaledRight: 549.105000
INFO:root:Looping....
DEBUG:root:This is the line: drive:98.0:20.886

DEBUG:root:We got command: drive
DEBUG:root:We got a drive command: rawX:20.886000 and rawY:98.000000
DEBUG:root:Forward to the Right
DEBUG:root:Left=-98.000000 Right=77.114000
DEBUG:root:ScaledLeft: 154.500000 ScaledRight: 548.506500
INFO:root:Looping....
DEBUG:root:This is the line: drive:98.0:21.757

DEBUG:root:We got command: drive
DEBUG:root:We got a drive command: rawX:21.757000 and rawY:98.000000
DEBUG:root:Forward to the Right
DEBUG:root:Left=-98.000000 Right=76.243000
DEBUG:root:ScaledLeft: 154.500000 ScaledRight: 546.546750
INFO:root:Looping....
DEBUG:root:This is the line: drive:98.0:22.861

DEBUG:root:We got command: drive
DEBUG:root:We got a drive command: rawX:22.861000 and rawY:98.000000
DEBUG:root:Forward to the Right
DEBUG:root:Left=-98.000000 Right=75.139000
DEBUG:root:ScaledLeft: 154.500000 ScaledRight: 544.062750
INFO:root:Looping....
DEBUG:root:This is the line: drive:98.0:23.038

DEBUG:root:We got command: drive
DEBUG:root:We got a drive command: rawX:23.038000 and rawY:98.000000
DEBUG:root:Forward to the Right
DEBUG:root:Left=-98.000000 Right=74.962000
DEBUG:root:ScaledLeft: 154.500000 ScaledRight: 543.664500
INFO:root:Looping....
DEBUG:root:This is the line: drive:98.429:23.512

DEBUG:root:We got command: drive
DEBUG:root:We got a drive command: rawX:23.512000 and rawY:98.429000
DEBUG:root:Forward to the Right
DEBUG:root:Left=-98.429000 Right=74.917000
DEBUG:root:ScaledLeft: 153.534750 ScaledRight: 543.563250
INFO:root:Looping....
DEBUG:root:This is the line: drive:98.571:24.256

DEBUG:root:We got command: drive
DEBUG:root:We got a drive command: rawX:24.256000 and rawY:98.571000
DEBUG:root:Forward to the Right
DEBUG:root:Left=-98.571000 Right=74.315000
DEBUG:root:ScaledLeft: 153.215250 ScaledRight: 542.208750
INFO:root:Looping....
DEBUG:root:This is the line: drive:98.571:24.406

DEBUG:root:We got command: drive
DEBUG:root:We got a drive command: rawX:24.406000 and rawY:98.571000
DEBUG:root:Forward to the Right
DEBUG:root:Left=-98.571000 Right=74.165000
DEBUG:root:ScaledLeft: 153.215250 ScaledRight: 541.871250
INFO:root:Looping....
DEBUG:root:This is the line: drive:98.571:24.406

DEBUG:root:We got command: drive
DEBUG:root:We got a drive command: rawX:24.406000 and rawY:98.571000
DEBUG:root:Forward to the Right
DEBUG:root:Left=-98.571000 Right=74.165000
DEBUG:root:ScaledLeft: 153.215250 ScaledRight: 541.871250
INFO:root:Looping....
DEBUG:root:This is the line: drive:98.857:24.752

DEBUG:root:We got command: drive
DEBUG:root:We got a drive command: rawX:24.752000 and rawY:98.857000
DEBUG:root:Forward to the Right
DEBUG:root:Left=-98.857000 Right=74.105000
DEBUG:root:ScaledLeft: 152.571750 ScaledRight: 541.736250
INFO:root:Looping....
DEBUG:root:This is the line: drive:99.368:25.122

DEBUG:root:We got command: drive
DEBUG:root:We got a drive command: rawX:25.122000 and rawY:99.368000
DEBUG:root:Forward to the Right
DEBUG:root:Left=-99.368000 Right=74.246000
DEBUG:root:ScaledLeft: 151.422000 ScaledRight: 542.053500
INFO:root:Looping....
DEBUG:root:This is the line: drive:99.546:25.122

DEBUG:root:We got command: drive
DEBUG:root:We got a drive command: rawX:25.122000 and rawY:99.546000
DEBUG:root:Forward to the Right
DEBUG:root:Left=-99.546000 Right=74.424000
DEBUG:root:ScaledLeft: 151.021500 ScaledRight: 542.454000
INFO:root:Looping....
DEBUG:root:This is the line: drive:99.429:25.669

DEBUG:root:We got command: drive
DEBUG:root:We got a drive command: rawX:25.669000 and rawY:99.429000
DEBUG:root:Forward to the Right
DEBUG:root:Left=-99.429000 Right=73.760000
DEBUG:root:ScaledLeft: 151.284750 ScaledRight: 540.960000
INFO:root:Looping....
DEBUG:root:This is the line: drive:99.429:25.669

DEBUG:root:We got command: drive
DEBUG:root:We got a drive command: rawX:25.669000 and rawY:99.429000
DEBUG:root:Forward to the Right
DEBUG:root:Left=-99.429000 Right=73.760000
DEBUG:root:ScaledLeft: 151.284750 ScaledRight: 540.960000
INFO:root:Looping....
DEBUG:root:This is the line: drive:99.429:25.923

DEBUG:root:We got command: drive
DEBUG:root:We got a drive command: rawX:25.923000 and rawY:99.429000
DEBUG:root:Forward to the Right
DEBUG:root:Left=-99.429000 Right=73.506000
DEBUG:root:ScaledLeft: 151.284750 ScaledRight: 540.388500
INFO:root:Looping....
DEBUG:root:This is the line: drive:99.743:25.893

DEBUG:root:We got command: drive
DEBUG:root:We got a drive command: rawX:25.893000 and rawY:99.743000
DEBUG:root:Forward to the Right
DEBUG:root:Left=-99.743000 Right=73.850000
DEBUG:root:ScaledLeft: 150.578250 ScaledRight: 541.162500
INFO:root:Looping....
DEBUG:root:This is the line: drive:99.714:26.197

DEBUG:root:We got command: drive
DEBUG:root:We got a drive command: rawX:26.197000 and rawY:99.714000
DEBUG:root:Forward to the Right
DEBUG:root:Left=-99.714000 Right=73.517000
DEBUG:root:ScaledLeft: 150.643500 ScaledRight: 540.413250
INFO:root:Looping....
DEBUG:root:This is the line: drive:99.714:26.197

DEBUG:root:We got command: drive
DEBUG:root:We got a drive command: rawX:26.197000 and rawY:99.714000
DEBUG:root:Forward to the Right
DEBUG:root:Left=-99.714000 Right=73.517000
DEBUG:root:ScaledLeft: 150.643500 ScaledRight: 540.413250
INFO:root:Looping....
DEBUG:root:This is the line: drive:99.714:26.197

DEBUG:root:We got command: drive
DEBUG:root:We got a drive command: rawX:26.197000 and rawY:99.714000
DEBUG:root:Forward to the Right
DEBUG:root:Left=-99.714000 Right=73.517000
DEBUG:root:ScaledLeft: 150.643500 ScaledRight: 540.413250
INFO:root:Looping....
DEBUG:root:This is the line: drive:99.714:26.197

DEBUG:root:We got command: drive
DEBUG:root:We got a drive command: rawX:26.197000 and rawY:99.714000
DEBUG:root:Forward to the Right
DEBUG:root:Left=-99.714000 Right=73.517000
DEBUG:root:ScaledLeft: 150.643500 ScaledRight: 540.413250
INFO:root:Looping....
DEBUG:root:This is the line: drive:99.714:26.197

DEBUG:root:We got command: drive
DEBUG:root:We got a drive command: rawX:26.197000 and rawY:99.714000
DEBUG:root:Forward to the Right
DEBUG:root:Left=-99.714000 Right=73.517000
DEBUG:root:ScaledLeft: 150.643500 ScaledRight: 540.413250
INFO:root:Looping....
DEBUG:root:This is the line: drive:99.714:26.197

DEBUG:root:We got command: drive
DEBUG:root:We got a drive command: rawX:26.197000 and rawY:99.714000
DEBUG:root:Forward to the Right
DEBUG:root:Left=-99.714000 Right=73.517000
DEBUG:root:ScaledLeft: 150.643500 ScaledRight: 540.413250
INFO:root:Looping....
DEBUG:root:This is the line: drive:99.714:26.197

DEBUG:root:We got command: drive
DEBUG:root:We got a drive command: rawX:26.197000 and rawY:99.714000
DEBUG:root:Forward to the Right
DEBUG:root:Left=-99.714000 Right=73.517000
DEBUG:root:ScaledLeft: 150.643500 ScaledRight: 540.413250
INFO:root:Looping....
DEBUG:root:This is the line: drive:99.714:26.197

DEBUG:root:We got command: drive
DEBUG:root:We got a drive command: rawX:26.197000 and rawY:99.714000
DEBUG:root:Forward to the Right
DEBUG:root:Left=-99.714000 Right=73.517000
DEBUG:root:ScaledLeft: 150.643500 ScaledRight: 540.413250
INFO:root:Looping....
DEBUG:root:This is the line: drive:99.714:26.197

DEBUG:root:We got command: drive
DEBUG:root:We got a drive command: rawX:26.197000 and rawY:99.714000
DEBUG:root:Forward to the Right
DEBUG:root:Left=-99.714000 Right=73.517000
DEBUG:root:ScaledLeft: 150.643500 ScaledRight: 540.413250
INFO:root:Looping....
DEBUG:root:This is the line: drive:99.714:26.197

DEBUG:root:We got command: drive
DEBUG:root:We got a drive command: rawX:26.197000 and rawY:99.714000
DEBUG:root:Forward to the Right
DEBUG:root:Left=-99.714000 Right=73.517000
DEBUG:root:ScaledLeft: 150.643500 ScaledRight: 540.413250
INFO:root:Looping....
DEBUG:root:This is the line: drive:99.714:26.197

DEBUG:root:We got command: drive
DEBUG:root:We got a drive command: rawX:26.197000 and rawY:99.714000
DEBUG:root:Forward to the Right
DEBUG:root:Left=-99.714000 Right=73.517000
DEBUG:root:ScaledLeft: 150.643500 ScaledRight: 540.413250
INFO:root:Looping....
DEBUG:root:This is the line: drive:99.714:26.197

DEBUG:root:We got command: drive
DEBUG:root:We got a drive command: rawX:26.197000 and rawY:99.714000
DEBUG:root:Forward to the Right
DEBUG:root:Left=-99.714000 Right=73.517000
DEBUG:root:ScaledLeft: 150.643500 ScaledRight: 540.413250
INFO:root:Looping....
DEBUG:root:This is the line: drive:99.714:26.197

DEBUG:root:We got command: drive
DEBUG:root:We got a drive command: rawX:26.197000 and rawY:99.714000
DEBUG:root:Forward to the Right
DEBUG:root:Left=-99.714000 Right=73.517000
DEBUG:root:ScaledLeft: 150.643500 ScaledRight: 540.413250
INFO:root:Looping....
DEBUG:root:This is the line: drive:99.714:26.197

DEBUG:root:We got command: drive
DEBUG:root:We got a drive command: rawX:26.197000 and rawY:99.714000
DEBUG:root:Forward to the Right
DEBUG:root:Left=-99.714000 Right=73.517000
DEBUG:root:ScaledLeft: 150.643500 ScaledRight: 540.413250
INFO:root:Looping....
DEBUG:root:This is the line: drive:99.714:26.197

DEBUG:root:We got command: drive
DEBUG:root:We got a drive command: rawX:26.197000 and rawY:99.714000
DEBUG:root:Forward to the Right
DEBUG:root:Left=-99.714000 Right=73.517000
DEBUG:root:ScaledLeft: 150.643500 ScaledRight: 540.413250
INFO:root:Looping....
DEBUG:root:This is the line: drive:99.714:26.197

DEBUG:root:We got command: drive
DEBUG:root:We got a drive command: rawX:26.197000 and rawY:99.714000
DEBUG:root:Forward to the Right
DEBUG:root:Left=-99.714000 Right=73.517000
DEBUG:root:ScaledLeft: 150.643500 ScaledRight: 540.413250
INFO:root:Looping....
DEBUG:root:This is the line: drive:99.714:26.197

DEBUG:root:We got command: drive
DEBUG:root:We got a drive command: rawX:26.197000 and rawY:99.714000
DEBUG:root:Forward to the Right
DEBUG:root:Left=-99.714000 Right=73.517000
DEBUG:root:ScaledLeft: 150.643500 ScaledRight: 540.413250
INFO:root:Looping....
DEBUG:root:This is the line: drive:99.714:26.197

DEBUG:root:We got command: drive
DEBUG:root:We got a drive command: rawX:26.197000 and rawY:99.714000
DEBUG:root:Forward to the Right
DEBUG:root:Left=-99.714000 Right=73.517000
DEBUG:root:ScaledLeft: 150.643500 ScaledRight: 540.413250
INFO:root:Looping....
DEBUG:root:This is the line: drive:99.714:26.197

DEBUG:root:We got command: drive
DEBUG:root:We got a drive command: rawX:26.197000 and rawY:99.714000
DEBUG:root:Forward to the Right
DEBUG:root:Left=-99.714000 Right=73.517000
DEBUG:root:ScaledLeft: 150.643500 ScaledRight: 540.413250
INFO:root:Looping....
DEBUG:root:This is the line: drive:99.714:26.197

DEBUG:root:We got command: drive
DEBUG:root:We got a drive command: rawX:26.197000 and rawY:99.714000
DEBUG:root:Forward to the Right
DEBUG:root:Left=-99.714000 Right=73.517000
DEBUG:root:ScaledLeft: 150.643500 ScaledRight: 540.413250
INFO:root:Looping....
DEBUG:root:This is the line: drive:99.714:26.197

DEBUG:root:We got command: drive
DEBUG:root:We got a drive command: rawX:26.197000 and rawY:99.714000
DEBUG:root:Forward to the Right
DEBUG:root:Left=-99.714000 Right=73.517000
DEBUG:root:ScaledLeft: 150.643500 ScaledRight: 540.413250
INFO:root:Looping....
DEBUG:root:This is the line: drive:97.693:29.145

DEBUG:root:We got command: drive
DEBUG:root:We got a drive command: rawX:29.145000 and rawY:97.693000
DEBUG:root:Forward to the Right
DEBUG:root:Left=-97.693000 Right=68.548000
DEBUG:root:ScaledLeft: 155.190750 ScaledRight: 529.233000
INFO:root:Looping....
DEBUG:root:This is the line: drive:95.571:27.53

DEBUG:root:We got command: drive
DEBUG:root:We got a drive command: rawX:27.530000 and rawY:95.571000
DEBUG:root:Forward to the Right
DEBUG:root:Left=-95.571000 Right=68.041000
DEBUG:root:ScaledLeft: 159.965250 ScaledRight: 528.092250
INFO:root:Looping....
DEBUG:root:This is the line: drive:93.737:25.917

DEBUG:root:We got command: drive
DEBUG:root:We got a drive command: rawX:25.917000 and rawY:93.737000
DEBUG:root:Forward to the Right
DEBUG:root:Left=-93.737000 Right=67.820000
DEBUG:root:ScaledLeft: 164.091750 ScaledRight: 527.595000
INFO:root:Looping....
DEBUG:root:This is the line: drive:91.541:23.629

DEBUG:root:We got command: drive
DEBUG:root:We got a drive command: rawX:23.629000 and rawY:91.541000
DEBUG:root:Forward to the Right
DEBUG:root:Left=-91.541000 Right=67.912000
DEBUG:root:ScaledLeft: 169.032750 ScaledRight: 527.802000
INFO:root:Looping....
DEBUG:root:This is the line: drive:88.571:20.183

DEBUG:root:We got command: drive
DEBUG:root:We got a drive command: rawX:20.183000 and rawY:88.571000
DEBUG:root:Forward to the Right
DEBUG:root:Left=-88.571000 Right=68.388000
DEBUG:root:ScaledLeft: 175.715250 ScaledRight: 528.873000
INFO:root:Looping....
DEBUG:root:This is the line: drive:88.571:17.875

DEBUG:root:We got command: drive
DEBUG:root:We got a drive command: rawX:17.875000 and rawY:88.571000
DEBUG:root:Forward to the Right
DEBUG:root:Left=-88.571000 Right=70.696000
DEBUG:root:ScaledLeft: 175.715250 ScaledRight: 534.066000
INFO:root:Looping....
DEBUG:root:This is the line: drive:88.286:16.001

DEBUG:root:We got command: drive
DEBUG:root:We got a drive command: rawX:16.001000 and rawY:88.286000
DEBUG:root:Forward to the Right
DEBUG:root:Left=-88.286000 Right=72.285000
DEBUG:root:ScaledLeft: 176.356500 ScaledRight: 537.641250
INFO:root:Looping....
DEBUG:root:This is the line: drive:88.286:14.281

DEBUG:root:We got command: drive
DEBUG:root:We got a drive command: rawX:14.281000 and rawY:88.286000
DEBUG:root:Forward to the Right
DEBUG:root:Left=-88.286000 Right=74.005000
DEBUG:root:ScaledLeft: 176.356500 ScaledRight: 541.511250
INFO:root:Looping....
DEBUG:root:This is the line: drive:88.286:12.959

DEBUG:root:We got command: drive
DEBUG:root:We got a drive command: rawX:12.959000 and rawY:88.286000
DEBUG:root:Forward to the Right
DEBUG:root:Left=-88.286000 Right=75.327000
DEBUG:root:ScaledLeft: 176.356500 ScaledRight: 544.485750
INFO:root:Looping....
DEBUG:root:This is the line: drive:88.286:10.597

DEBUG:root:We got command: drive
DEBUG:root:We got a drive command: rawX:10.597000 and rawY:88.286000
DEBUG:root:Forward to the Right
DEBUG:root:Left=-88.286000 Right=77.689000
DEBUG:root:ScaledLeft: 176.356500 ScaledRight: 549.800250
INFO:root:Looping....
DEBUG:root:This is the line: drive:88.286:9.444

DEBUG:root:We got command: drive
DEBUG:root:We got a drive command: rawX:9.444000 and rawY:88.286000
DEBUG:root:Forward to the Right
DEBUG:root:Left=-88.286000 Right=78.842000
DEBUG:root:ScaledLeft: 176.356500 ScaledRight: 552.394500
INFO:root:Looping....
DEBUG:root:This is the line: drive:88.286:7.428

DEBUG:root:We got command: drive
DEBUG:root:We got a drive command: rawX:7.428000 and rawY:88.286000
DEBUG:root:Forward to the Right
DEBUG:root:Left=-88.286000 Right=80.858000
DEBUG:root:ScaledLeft: 176.356500 ScaledRight: 556.930500
INFO:root:Looping....
DEBUG:root:This is the line: drive:88.286:5.723

DEBUG:root:We got command: drive
DEBUG:root:We got a drive command: rawX:5.723000 and rawY:88.286000
DEBUG:root:Forward to the Right
DEBUG:root:Left=-88.286000 Right=82.563000
DEBUG:root:ScaledLeft: 176.356500 ScaledRight: 560.766750
INFO:root:Looping....
DEBUG:root:This is the line: drive:88.286:4.315

DEBUG:root:We got command: drive
DEBUG:root:We got a drive command: rawX:4.315000 and rawY:88.286000
DEBUG:root:Forward to the Right
DEBUG:root:Left=-88.286000 Right=83.971000
DEBUG:root:ScaledLeft: 176.356500 ScaledRight: 563.934750
INFO:root:Looping....
DEBUG:root:This is the line: drive:88.286:2.16

DEBUG:root:We got command: drive
DEBUG:root:We got a drive command: rawX:2.160000 and rawY:88.286000
DEBUG:root:Forward to the Right
DEBUG:root:Left=-88.286000 Right=86.126000
DEBUG:root:ScaledLeft: 176.356500 ScaledRight: 568.783500
INFO:root:Looping....
DEBUG:root:This is the line: drive:88.286:0.848

DEBUG:root:We got command: drive
DEBUG:root:We got a drive command: rawX:0.848000 and rawY:88.286000
DEBUG:root:Forward to the Right
DEBUG:root:Left=-88.286000 Right=87.438000
DEBUG:root:ScaledLeft: 176.356500 ScaledRight: 571.735500
INFO:root:Looping....
DEBUG:root:This is the line: drive:88.286:0.149

DEBUG:root:We got command: drive
DEBUG:root:We got a drive command: rawX:0.149000 and rawY:88.286000
DEBUG:root:Forward to the Right
DEBUG:root:Left=-88.286000 Right=88.137000
DEBUG:root:ScaledLeft: 176.356500 ScaledRight: 573.308250
INFO:root:Looping....
DEBUG:root:This is the line: drive:88.571:-0.966

DEBUG:root:We got command: drive
DEBUG:root:We got a drive command: rawX:-0.966000 and rawY:88.571000
DEBUG:root:Forward to the Left/Straight
DEBUG:root:Left=-89.537000 Right=88.571000
DEBUG:root:ScaledLeft: 173.541750 ScaledRight: 574.284750
INFO:root:Looping....
DEBUG:root:This is the line: drive:89.0:-1.637

DEBUG:root:We got command: drive
DEBUG:root:We got a drive command: rawX:-1.637000 and rawY:89.000000
DEBUG:root:Forward to the Left/Straight
DEBUG:root:Left=-90.637000 Right=89.000000
DEBUG:root:ScaledLeft: 171.066750 ScaledRight: 575.250000
INFO:root:Looping....
DEBUG:root:This is the line: drive:89.143:-1.8

DEBUG:root:We got command: drive
DEBUG:root:We got a drive command: rawX:-1.800000 and rawY:89.143000
DEBUG:root:Forward to the Left/Straight
DEBUG:root:Left=-90.943000 Right=89.143000
DEBUG:root:ScaledLeft: 170.378250 ScaledRight: 575.571750
INFO:root:Looping....
DEBUG:root:This is the line: drive:89.429:-2.315

DEBUG:root:We got command: drive
DEBUG:root:We got a drive command: rawX:-2.315000 and rawY:89.429000
DEBUG:root:Forward to the Left/Straight
DEBUG:root:Left=-91.744000 Right=89.429000
DEBUG:root:ScaledLeft: 168.576000 ScaledRight: 576.215250
INFO:root:Looping....
DEBUG:root:This is the line: drive:89.924:-2.976

DEBUG:root:We got command: drive
DEBUG:root:We got a drive command: rawX:-2.976000 and rawY:89.924000
DEBUG:root:Forward to the Left/Straight
DEBUG:root:Left=-92.900000 Right=89.924000
DEBUG:root:ScaledLeft: 165.975000 ScaledRight: 577.329000
INFO:root:Looping....
DEBUG:root:This is the line: drive:90.0:-3.645

DEBUG:root:We got command: drive
DEBUG:root:We got a drive command: rawX:-3.645000 and rawY:90.000000
DEBUG:root:Forward to the Left/Straight
DEBUG:root:Left=-93.645000 Right=90.000000
DEBUG:root:ScaledLeft: 164.298750 ScaledRight: 577.500000
INFO:root:Looping....
DEBUG:root:This is the line: drive:90.674:-3.571

DEBUG:root:We got command: drive
DEBUG:root:We got a drive command: rawX:-3.571000 and rawY:90.674000
DEBUG:root:Forward to the Left/Straight
DEBUG:root:Left=-94.245000 Right=90.674000
DEBUG:root:ScaledLeft: 162.948750 ScaledRight: 579.016500
INFO:root:Looping....
DEBUG:root:This is the line: drive:90.571:-4.018

DEBUG:root:We got command: drive
DEBUG:root:We got a drive command: rawX:-4.018000 and rawY:90.571000
DEBUG:root:Forward to the Left/Straight
DEBUG:root:Left=-94.589000 Right=90.571000
DEBUG:root:ScaledLeft: 162.174750 ScaledRight: 578.784750
INFO:root:Looping....
DEBUG:root:This is the line: drive:90.857:-4.24

DEBUG:root:We got command: drive
DEBUG:root:We got a drive command: rawX:-4.240000 and rawY:90.857000
DEBUG:root:Forward to the Left/Straight
DEBUG:root:Left=-95.097000 Right=90.857000
DEBUG:root:ScaledLeft: 161.031750 ScaledRight: 579.428250
INFO:root:Looping....
DEBUG:root:This is the line: drive:90.857:-4.24

DEBUG:root:We got command: drive
DEBUG:root:We got a drive command: rawX:-4.240000 and rawY:90.857000
DEBUG:root:Forward to the Left/Straight
DEBUG:root:Left=-95.097000 Right=90.857000
DEBUG:root:ScaledLeft: 161.031750 ScaledRight: 579.428250
INFO:root:Looping....
DEBUG:root:This is the line: drive:90.857:-4.24

DEBUG:root:We got command: drive
DEBUG:root:We got a drive command: rawX:-4.240000 and rawY:90.857000
DEBUG:root:Forward to the Left/Straight
DEBUG:root:Left=-95.097000 Right=90.857000
DEBUG:root:ScaledLeft: 161.031750 ScaledRight: 579.428250
INFO:root:Looping....
DEBUG:root:This is the line: drive:90.857:-4.24

DEBUG:root:We got command: drive
DEBUG:root:We got a drive command: rawX:-4.240000 and rawY:90.857000
DEBUG:root:Forward to the Left/Straight
DEBUG:root:Left=-95.097000 Right=90.857000
DEBUG:root:ScaledLeft: 161.031750 ScaledRight: 579.428250
INFO:root:Looping....
DEBUG:root:This is the line: drive:90.857:-4.24

DEBUG:root:We got command: drive
DEBUG:root:We got a drive command: rawX:-4.240000 and rawY:90.857000
DEBUG:root:Forward to the Left/Straight
DEBUG:root:Left=-95.097000 Right=90.857000
DEBUG:root:ScaledLeft: 161.031750 ScaledRight: 579.428250
INFO:root:Looping....
DEBUG:root:This is the line: drive:91.571:-4.167

DEBUG:root:We got command: drive
DEBUG:root:We got a drive command: rawX:-4.167000 and rawY:91.571000
DEBUG:root:Forward to the Left/Straight
DEBUG:root:Left=-95.738000 Right=91.571000
DEBUG:root:ScaledLeft: 159.589500 ScaledRight: 581.034750
INFO:root:Looping....
DEBUG:root:This is the line: drive:91.571:-4.167

DEBUG:root:We got command: drive
DEBUG:root:We got a drive command: rawX:-4.167000 and rawY:91.571000
DEBUG:root:Forward to the Left/Straight
DEBUG:root:Left=-95.738000 Right=91.571000
DEBUG:root:ScaledLeft: 159.589500 ScaledRight: 581.034750
INFO:root:Looping....
DEBUG:root:This is the line: drive:91.429:-3.262

DEBUG:root:We got command: drive
DEBUG:root:We got a drive command: rawX:-3.262000 and rawY:91.429000
DEBUG:root:Forward to the Left/Straight
DEBUG:root:Left=-94.691000 Right=91.429000
DEBUG:root:ScaledLeft: 161.945250 ScaledRight: 580.715250
INFO:root:Looping....
DEBUG:root:This is the line: drive:91.429:-2.93

DEBUG:root:We got command: drive
DEBUG:root:We got a drive command: rawX:-2.930000 and rawY:91.429000
DEBUG:root:Forward to the Left/Straight
DEBUG:root:Left=-94.359000 Right=91.429000
DEBUG:root:ScaledLeft: 162.692250 ScaledRight: 580.715250
INFO:root:Looping....
DEBUG:root:This is the line: drive:92.143:-1.637

DEBUG:root:We got command: drive
DEBUG:root:We got a drive command: rawX:-1.637000 and rawY:92.143000
DEBUG:root:Forward to the Left/Straight
DEBUG:root:Left=-93.780000 Right=92.143000
DEBUG:root:ScaledLeft: 163.995000 ScaledRight: 582.321750
INFO:root:Looping....
DEBUG:root:This is the line: drive:92.286:-1.074

DEBUG:root:We got command: drive
DEBUG:root:We got a drive command: rawX:-1.074000 and rawY:92.286000
DEBUG:root:Forward to the Left/Straight
DEBUG:root:Left=-93.360000 Right=92.286000
DEBUG:root:ScaledLeft: 164.940000 ScaledRight: 582.643500
INFO:root:Looping....
DEBUG:root:This is the line: drive:92.87:-0.595

DEBUG:root:We got command: drive
DEBUG:root:We got a drive command: rawX:-0.595000 and rawY:92.870000
DEBUG:root:Forward to the Left/Straight
DEBUG:root:Left=-93.465000 Right=92.870000
DEBUG:root:ScaledLeft: 164.703750 ScaledRight: 583.957500
INFO:root:Looping....
DEBUG:root:This is the line: drive:92.857:0.019

DEBUG:root:We got command: drive
DEBUG:root:We got a drive command: rawX:0.019000 and rawY:92.857000
DEBUG:root:Forward to the Right
DEBUG:root:Left=-92.857000 Right=92.838000
DEBUG:root:ScaledLeft: 166.071750 ScaledRight: 583.885500
INFO:root:Looping....
DEBUG:root:This is the line: drive:93.18:0.0

DEBUG:root:We got command: drive
DEBUG:root:We got a drive command: rawX:0.000000 and rawY:93.180000
DEBUG:root:Forward to the Left/Straight
DEBUG:root:Left=-93.180000 Right=93.180000
DEBUG:root:ScaledLeft: 165.345000 ScaledRight: 584.655000
INFO:root:Looping....
DEBUG:root:This is the line: drive:94.097:0.0

DEBUG:root:We got command: drive
DEBUG:root:We got a drive command: rawX:0.000000 and rawY:94.097000
DEBUG:root:Forward to the Left/Straight
DEBUG:root:Left=-94.097000 Right=94.097000
DEBUG:root:ScaledLeft: 163.281750 ScaledRight: 586.718250
INFO:root:Looping....
DEBUG:root:This is the line: drive:95.578:0.0

DEBUG:root:We got command: drive
DEBUG:root:We got a drive command: rawX:0.000000 and rawY:95.578000
DEBUG:root:Forward to the Left/Straight
DEBUG:root:Left=-95.578000 Right=95.578000
DEBUG:root:ScaledLeft: 159.949500 ScaledRight: 590.050500
INFO:root:Looping....
DEBUG:root:This is the line: drive:96.999:0.0

DEBUG:root:We got command: drive
DEBUG:root:We got a drive command: rawX:0.000000 and rawY:96.999000
DEBUG:root:Forward to the Left/Straight
DEBUG:root:Left=-96.999000 Right=96.999000
DEBUG:root:ScaledLeft: 156.752250 ScaledRight: 593.247750
INFO:root:Looping....
DEBUG:root:This is the line: drive:99.791:0.0

DEBUG:root:We got command: drive
DEBUG:root:We got a drive command: rawX:0.000000 and rawY:99.791000
DEBUG:root:Forward to the Left/Straight
DEBUG:root:Left=-99.791000 Right=99.791000
DEBUG:root:ScaledLeft: 150.470250 ScaledRight: 599.529750
INFO:root:Looping....
DEBUG:root:This is the line: drive:99.791:0.0

DEBUG:root:We got command: drive
DEBUG:root:We got a drive command: rawX:0.000000 and rawY:99.791000
DEBUG:root:Forward to the Left/Straight
DEBUG:root:Left=-99.791000 Right=99.791000
DEBUG:root:ScaledLeft: 150.470250 ScaledRight: 599.529750
INFO:root:Looping....
DEBUG:root:This is the line: drive:99.791:0.0

DEBUG:root:We got command: drive
DEBUG:root:We got a drive command: rawX:0.000000 and rawY:99.791000
DEBUG:root:Forward to the Left/Straight
DEBUG:root:Left=-99.791000 Right=99.791000
DEBUG:root:ScaledLeft: 150.470250 ScaledRight: 599.529750
INFO:root:Looping....
DEBUG:root:This is the line: drive:99.791:0.0

DEBUG:root:We got command: drive
DEBUG:root:We got a drive command: rawX:0.000000 and rawY:99.791000
DEBUG:root:Forward to the Left/Straight
DEBUG:root:Left=-99.791000 Right=99.791000
DEBUG:root:ScaledLeft: 150.470250 ScaledRight: 599.529750
INFO:root:Looping....
DEBUG:root:This is the line: drive:99.791:0.0

DEBUG:root:We got command: drive
DEBUG:root:We got a drive command: rawX:0.000000 and rawY:99.791000
DEBUG:root:Forward to the Left/Straight
DEBUG:root:Left=-99.791000 Right=99.791000
DEBUG:root:ScaledLeft: 150.470250 ScaledRight: 599.529750
INFO:root:Looping....
DEBUG:root:This is the line: drive:99.791:0.0

DEBUG:root:We got command: drive
DEBUG:root:We got a drive command: rawX:0.000000 and rawY:99.791000
DEBUG:root:Forward to the Left/Straight
DEBUG:root:Left=-99.791000 Right=99.791000
DEBUG:root:ScaledLeft: 150.470250 ScaledRight: 599.529750
INFO:root:Looping....
DEBUG:root:This is the line: drive:99.791:0.0

DEBUG:root:We got command: drive
DEBUG:root:We got a drive command: rawX:0.000000 and rawY:99.791000
DEBUG:root:Forward to the Left/Straight
DEBUG:root:Left=-99.791000 Right=99.791000
DEBUG:root:ScaledLeft: 150.470250 ScaledRight: 599.529750
INFO:root:Looping....
DEBUG:root:This is the line: drive:99.791:0.0

DEBUG:root:We got command: drive
DEBUG:root:We got a drive command: rawX:0.000000 and rawY:99.791000
DEBUG:root:Forward to the Left/Straight
DEBUG:root:Left=-99.791000 Right=99.791000
DEBUG:root:ScaledLeft: 150.470250 ScaledRight: 599.529750
INFO:root:Looping....
DEBUG:root:This is the line: drive:99.791:0.0

DEBUG:root:We got command: drive
DEBUG:root:We got a drive command: rawX:0.000000 and rawY:99.791000
DEBUG:root:Forward to the Left/Straight
DEBUG:root:Left=-99.791000 Right=99.791000
DEBUG:root:ScaledLeft: 150.470250 ScaledRight: 599.529750
INFO:root:Looping....
DEBUG:root:This is the line: drive:99.791:0.0

DEBUG:root:We got command: drive
DEBUG:root:We got a drive command: rawX:0.000000 and rawY:99.791000
DEBUG:root:Forward to the Left/Straight
DEBUG:root:Left=-99.791000 Right=99.791000
DEBUG:root:ScaledLeft: 150.470250 ScaledRight: 599.529750
INFO:root:Looping....
DEBUG:root:This is the line: drive:99.791:0.0

DEBUG:root:We got command: drive
DEBUG:root:We got a drive command: rawX:0.000000 and rawY:99.791000
DEBUG:root:Forward to the Left/Straight
DEBUG:root:Left=-99.791000 Right=99.791000
DEBUG:root:ScaledLeft: 150.470250 ScaledRight: 599.529750
INFO:root:Looping....
DEBUG:root:This is the line: drive:99.791:0.0

DEBUG:root:We got command: drive
DEBUG:root:We got a drive command: rawX:0.000000 and rawY:99.791000
DEBUG:root:Forward to the Left/Straight
DEBUG:root:Left=-99.791000 Right=99.791000
DEBUG:root:ScaledLeft: 150.470250 ScaledRight: 599.529750
INFO:root:Looping....
DEBUG:root:This is the line: drive:99.791:0.0

DEBUG:root:We got command: drive
DEBUG:root:We got a drive command: rawX:0.000000 and rawY:99.791000
DEBUG:root:Forward to the Left/Straight
DEBUG:root:Left=-99.791000 Right=99.791000
DEBUG:root:ScaledLeft: 150.470250 ScaledRight: 599.529750
INFO:root:Looping....
DEBUG:root:This is the line: drive:99.791:0.0

DEBUG:root:We got command: drive
DEBUG:root:We got a drive command: rawX:0.000000 and rawY:99.791000
DEBUG:root:Forward to the Left/Straight
DEBUG:root:Left=-99.791000 Right=99.791000
DEBUG:root:ScaledLeft: 150.470250 ScaledRight: 599.529750
INFO:root:Looping....
DEBUG:root:This is the line: drive:99.791:0.0

DEBUG:root:We got command: drive
DEBUG:root:We got a drive command: rawX:0.000000 and rawY:99.791000
DEBUG:root:Forward to the Left/Straight
DEBUG:root:Left=-99.791000 Right=99.791000
DEBUG:root:ScaledLeft: 150.470250 ScaledRight: 599.529750
INFO:root:Looping....
DEBUG:root:This is the line: drive:99.791:0.0

DEBUG:root:We got command: drive
DEBUG:root:We got a drive command: rawX:0.000000 and rawY:99.791000
DEBUG:root:Forward to the Left/Straight
DEBUG:root:Left=-99.791000 Right=99.791000
DEBUG:root:ScaledLeft: 150.470250 ScaledRight: 599.529750
INFO:root:Looping....
DEBUG:root:This is the line: drive:99.791:0.0

DEBUG:root:We got command: drive
DEBUG:root:We got a drive command: rawX:0.000000 and rawY:99.791000
DEBUG:root:Forward to the Left/Straight
DEBUG:root:Left=-99.791000 Right=99.791000
DEBUG:root:ScaledLeft: 150.470250 ScaledRight: 599.529750
INFO:root:Looping....
DEBUG:root:This is the line: drive:99.791:0.0

DEBUG:root:We got command: drive
DEBUG:root:We got a drive command: rawX:0.000000 and rawY:99.791000
DEBUG:root:Forward to the Left/Straight
DEBUG:root:Left=-99.791000 Right=99.791000
DEBUG:root:ScaledLeft: 150.470250 ScaledRight: 599.529750
INFO:root:Looping....
DEBUG:root:This is the line: drive:99.791:0.0

DEBUG:root:We got command: drive
DEBUG:root:We got a drive command: rawX:0.000000 and rawY:99.791000
DEBUG:root:Forward to the Left/Straight
DEBUG:root:Left=-99.791000 Right=99.791000
DEBUG:root:ScaledLeft: 150.470250 ScaledRight: 599.529750
INFO:root:Looping....
DEBUG:root:This is the line: drive:99.791:0.0

DEBUG:root:We got command: drive
DEBUG:root:We got a drive command: rawX:0.000000 and rawY:99.791000
DEBUG:root:Forward to the Left/Straight
DEBUG:root:Left=-99.791000 Right=99.791000
DEBUG:root:ScaledLeft: 150.470250 ScaledRight: 599.529750
INFO:root:Looping....
DEBUG:root:This is the line: drive:99.791:0.0

DEBUG:root:We got command: drive
DEBUG:root:We got a drive command: rawX:0.000000 and rawY:99.791000
DEBUG:root:Forward to the Left/Straight
DEBUG:root:Left=-99.791000 Right=99.791000
DEBUG:root:ScaledLeft: 150.470250 ScaledRight: 599.529750
INFO:root:Looping....
DEBUG:root:This is the line: drive:99.791:0.0

DEBUG:root:We got command: drive
DEBUG:root:We got a drive command: rawX:0.000000 and rawY:99.791000
DEBUG:root:Forward to the Left/Straight
DEBUG:root:Left=-99.791000 Right=99.791000
DEBUG:root:ScaledLeft: 150.470250 ScaledRight: 599.529750
INFO:root:Looping....
DEBUG:root:This is the line: drive:99.791:0.0

DEBUG:root:We got command: drive
DEBUG:root:We got a drive command: rawX:0.000000 and rawY:99.791000
DEBUG:root:Forward to the Left/Straight
DEBUG:root:Left=-99.791000 Right=99.791000
DEBUG:root:ScaledLeft: 150.470250 ScaledRight: 599.529750
INFO:root:Looping....
DEBUG:root:This is the line: drive:99.791:0.0

DEBUG:root:We got command: drive
DEBUG:root:We got a drive command: rawX:0.000000 and rawY:99.791000
DEBUG:root:Forward to the Left/Straight
DEBUG:root:Left=-99.791000 Right=99.791000
DEBUG:root:ScaledLeft: 150.470250 ScaledRight: 599.529750
INFO:root:Looping....
DEBUG:root:This is the line: drive:99.791:0.0

DEBUG:root:We got command: drive
DEBUG:root:We got a drive command: rawX:0.000000 and rawY:99.791000
DEBUG:root:Forward to the Left/Straight
DEBUG:root:Left=-99.791000 Right=99.791000
DEBUG:root:ScaledLeft: 150.470250 ScaledRight: 599.529750
INFO:root:Looping....
DEBUG:root:This is the line: drive:99.791:0.0

DEBUG:root:We got command: drive
DEBUG:root:We got a drive command: rawX:0.000000 and rawY:99.791000
DEBUG:root:Forward to the Left/Straight
DEBUG:root:Left=-99.791000 Right=99.791000
DEBUG:root:ScaledLeft: 150.470250 ScaledRight: 599.529750
INFO:root:Looping....
DEBUG:root:This is the line: drive:99.791:0.0

DEBUG:root:We got command: drive
DEBUG:root:We got a drive command: rawX:0.000000 and rawY:99.791000
DEBUG:root:Forward to the Left/Straight
DEBUG:root:Left=-99.791000 Right=99.791000
DEBUG:root:ScaledLeft: 150.470250 ScaledRight: 599.529750
INFO:root:Looping....
DEBUG:root:This is the line: drive:99.791:0.0

DEBUG:root:We got command: drive
DEBUG:root:We got a drive command: rawX:0.000000 and rawY:99.791000
DEBUG:root:Forward to the Left/Straight
DEBUG:root:Left=-99.791000 Right=99.791000
DEBUG:root:ScaledLeft: 150.470250 ScaledRight: 599.529750
INFO:root:Looping....
DEBUG:root:This is the line: drive:99.791:0.0

DEBUG:root:We got command: drive
DEBUG:root:We got a drive command: rawX:0.000000 and rawY:99.791000
DEBUG:root:Forward to the Left/Straight
DEBUG:root:Left=-99.791000 Right=99.791000
DEBUG:root:ScaledLeft: 150.470250 ScaledRight: 599.529750
INFO:root:Looping....
DEBUG:root:This is the line: drive:99.791:0.0

DEBUG:root:We got command: drive
DEBUG:root:We got a drive command: rawX:0.000000 and rawY:99.791000
DEBUG:root:Forward to the Left/Straight
DEBUG:root:Left=-99.791000 Right=99.791000
DEBUG:root:ScaledLeft: 150.470250 ScaledRight: 599.529750
INFO:root:Looping....
DEBUG:root:This is the line: drive:99.791:0.0

DEBUG:root:We got command: drive
DEBUG:root:We got a drive command: rawX:0.000000 and rawY:99.791000
DEBUG:root:Forward to the Left/Straight
DEBUG:root:Left=-99.791000 Right=99.791000
DEBUG:root:ScaledLeft: 150.470250 ScaledRight: 599.529750
INFO:root:Looping....
DEBUG:root:This is the line: drive:99.791:0.0

DEBUG:root:We got command: drive
DEBUG:root:We got a drive command: rawX:0.000000 and rawY:99.791000
DEBUG:root:Forward to the Left/Straight
DEBUG:root:Left=-99.791000 Right=99.791000
DEBUG:root:ScaledLeft: 150.470250 ScaledRight: 599.529750
INFO:root:Looping....
DEBUG:root:This is the line: drive:99.791:0.0

DEBUG:root:We got command: drive
DEBUG:root:We got a drive command: rawX:0.000000 and rawY:99.791000
DEBUG:root:Forward to the Left/Straight
DEBUG:root:Left=-99.791000 Right=99.791000
DEBUG:root:ScaledLeft: 150.470250 ScaledRight: 599.529750
INFO:root:Looping....
DEBUG:root:This is the line: drive:99.791:0.0

DEBUG:root:We got command: drive
DEBUG:root:We got a drive command: rawX:0.000000 and rawY:99.791000
DEBUG:root:Forward to the Left/Straight
DEBUG:root:Left=-99.791000 Right=99.791000
DEBUG:root:ScaledLeft: 150.470250 ScaledRight: 599.529750
INFO:root:Looping....
DEBUG:root:This is the line: drive:99.791:0.0

DEBUG:root:We got command: drive
DEBUG:root:We got a drive command: rawX:0.000000 and rawY:99.791000
DEBUG:root:Forward to the Left/Straight
DEBUG:root:Left=-99.791000 Right=99.791000
DEBUG:root:ScaledLeft: 150.470250 ScaledRight: 599.529750
INFO:root:Looping....
DEBUG:root:This is the line: drive:99.791:0.0

DEBUG:root:We got command: drive
DEBUG:root:We got a drive command: rawX:0.000000 and rawY:99.791000
DEBUG:root:Forward to the Left/Straight
DEBUG:root:Left=-99.791000 Right=99.791000
DEBUG:root:ScaledLeft: 150.470250 ScaledRight: 599.529750
INFO:root:Looping....
DEBUG:root:This is the line: drive:99.791:0.0

DEBUG:root:We got command: drive
DEBUG:root:We got a drive command: rawX:0.000000 and rawY:99.791000
DEBUG:root:Forward to the Left/Straight
DEBUG:root:Left=-99.791000 Right=99.791000
DEBUG:root:ScaledLeft: 150.470250 ScaledRight: 599.529750
INFO:root:Looping....
DEBUG:root:This is the line: drive:99.791:0.0

DEBUG:root:We got command: drive
DEBUG:root:We got a drive command: rawX:0.000000 and rawY:99.791000
DEBUG:root:Forward to the Left/Straight
DEBUG:root:Left=-99.791000 Right=99.791000
DEBUG:root:ScaledLeft: 150.470250 ScaledRight: 599.529750
INFO:root:Looping....
DEBUG:root:This is the line: drive:99.791:0.0

DEBUG:root:We got command: drive
DEBUG:root:We got a drive command: rawX:0.000000 and rawY:99.791000
DEBUG:root:Forward to the Left/Straight
DEBUG:root:Left=-99.791000 Right=99.791000
DEBUG:root:ScaledLeft: 150.470250 ScaledRight: 599.529750
INFO:root:Looping....
DEBUG:root:This is the line: drive:99.791:0.0

DEBUG:root:We got command: drive
DEBUG:root:We got a drive command: rawX:0.000000 and rawY:99.791000
DEBUG:root:Forward to the Left/Straight
DEBUG:root:Left=-99.791000 Right=99.791000
DEBUG:root:ScaledLeft: 150.470250 ScaledRight: 599.529750
INFO:root:Looping....
DEBUG:root:This is the line: drive:99.791:0.0

DEBUG:root:We got command: drive
DEBUG:root:We got a drive command: rawX:0.000000 and rawY:99.791000
DEBUG:root:Forward to the Left/Straight
DEBUG:root:Left=-99.791000 Right=99.791000
DEBUG:root:ScaledLeft: 150.470250 ScaledRight: 599.529750
INFO:root:Looping....
DEBUG:root:This is the line: drive:99.791:0.0

DEBUG:root:We got command: drive
DEBUG:root:We got a drive command: rawX:0.000000 and rawY:99.791000
DEBUG:root:Forward to the Left/Straight
DEBUG:root:Left=-99.791000 Right=99.791000
DEBUG:root:ScaledLeft: 150.470250 ScaledRight: 599.529750
INFO:root:Looping....
DEBUG:root:This is the line: drive:99.791:0.0

DEBUG:root:We got command: drive
DEBUG:root:We got a drive command: rawX:0.000000 and rawY:99.791000
DEBUG:root:Forward to the Left/Straight
DEBUG:root:Left=-99.791000 Right=99.791000
DEBUG:root:ScaledLeft: 150.470250 ScaledRight: 599.529750
INFO:root:Looping....
DEBUG:root:This is the line: drive:99.791:0.0

DEBUG:root:We got command: drive
DEBUG:root:We got a drive command: rawX:0.000000 and rawY:99.791000
DEBUG:root:Forward to the Left/Straight
DEBUG:root:Left=-99.791000 Right=99.791000
DEBUG:root:ScaledLeft: 150.470250 ScaledRight: 599.529750
INFO:root:Looping....
DEBUG:root:This is the line: drive:99.791:0.0

DEBUG:root:We got command: drive
DEBUG:root:We got a drive command: rawX:0.000000 and rawY:99.791000
DEBUG:root:Forward to the Left/Straight
DEBUG:root:Left=-99.791000 Right=99.791000
DEBUG:root:ScaledLeft: 150.470250 ScaledRight: 599.529750
INFO:root:Looping....
DEBUG:root:This is the line: drive:99.791:0.0

DEBUG:root:We got command: drive
DEBUG:root:We got a drive command: rawX:0.000000 and rawY:99.791000
DEBUG:root:Forward to the Left/Straight
DEBUG:root:Left=-99.791000 Right=99.791000
DEBUG:root:ScaledLeft: 150.470250 ScaledRight: 599.529750
INFO:root:Looping....
DEBUG:root:This is the line: drive:99.791:0.0

DEBUG:root:We got command: drive
DEBUG:root:We got a drive command: rawX:0.000000 and rawY:99.791000
DEBUG:root:Forward to the Left/Straight
DEBUG:root:Left=-99.791000 Right=99.791000
DEBUG:root:ScaledLeft: 150.470250 ScaledRight: 599.529750
INFO:root:Looping....
DEBUG:root:This is the line: drive:99.791:0.0

DEBUG:root:We got command: drive
DEBUG:root:We got a drive command: rawX:0.000000 and rawY:99.791000
DEBUG:root:Forward to the Left/Straight
DEBUG:root:Left=-99.791000 Right=99.791000
DEBUG:root:ScaledLeft: 150.470250 ScaledRight: 599.529750
INFO:root:Looping....
DEBUG:root:This is the line: drive:99.791:0.0

DEBUG:root:We got command: drive
DEBUG:root:We got a drive command: rawX:0.000000 and rawY:99.791000
DEBUG:root:Forward to the Left/Straight
DEBUG:root:Left=-99.791000 Right=99.791000
DEBUG:root:ScaledLeft: 150.470250 ScaledRight: 599.529750
INFO:root:Looping....
DEBUG:root:This is the line: drive:99.791:0.0

DEBUG:root:We got command: drive
DEBUG:root:We got a drive command: rawX:0.000000 and rawY:99.791000
DEBUG:root:Forward to the Left/Straight
DEBUG:root:Left=-99.791000 Right=99.791000
DEBUG:root:ScaledLeft: 150.470250 ScaledRight: 599.529750
INFO:root:Looping....
DEBUG:root:This is the line: drive:99.791:0.0

DEBUG:root:We got command: drive
DEBUG:root:We got a drive command: rawX:0.000000 and rawY:99.791000
DEBUG:root:Forward to the Left/Straight
DEBUG:root:Left=-99.791000 Right=99.791000
DEBUG:root:ScaledLeft: 150.470250 ScaledRight: 599.529750
INFO:root:Looping....
DEBUG:root:This is the line: drive:99.791:0.0

DEBUG:root:We got command: drive
DEBUG:root:We got a drive command: rawX:0.000000 and rawY:99.791000
DEBUG:root:Forward to the Left/Straight
DEBUG:root:Left=-99.791000 Right=99.791000
DEBUG:root:ScaledLeft: 150.470250 ScaledRight: 599.529750
INFO:root:Looping....
DEBUG:root:This is the line: drive:99.791:0.0

DEBUG:root:We got command: drive
DEBUG:root:We got a drive command: rawX:0.000000 and rawY:99.791000
DEBUG:root:Forward to the Left/Straight
DEBUG:root:Left=-99.791000 Right=99.791000
DEBUG:root:ScaledLeft: 150.470250 ScaledRight: 599.529750
INFO:root:Looping....
DEBUG:root:This is the line: drive:99.791:0.0

DEBUG:root:We got command: drive
DEBUG:root:We got a drive command: rawX:0.000000 and rawY:99.791000
DEBUG:root:Forward to the Left/Straight
DEBUG:root:Left=-99.791000 Right=99.791000
DEBUG:root:ScaledLeft: 150.470250 ScaledRight: 599.529750
INFO:root:Looping....
DEBUG:root:This is the line: drive:99.791:0.0

DEBUG:root:We got command: drive
DEBUG:root:We got a drive command: rawX:0.000000 and rawY:99.791000
DEBUG:root:Forward to the Left/Straight
DEBUG:root:Left=-99.791000 Right=99.791000
DEBUG:root:ScaledLeft: 150.470250 ScaledRight: 599.529750
INFO:root:Looping....
DEBUG:root:This is the line: drive:99.791:0.0

DEBUG:root:We got command: drive
DEBUG:root:We got a drive command: rawX:0.000000 and rawY:99.791000
DEBUG:root:Forward to the Left/Straight
DEBUG:root:Left=-99.791000 Right=99.791000
DEBUG:root:ScaledLeft: 150.470250 ScaledRight: 599.529750
INFO:root:Looping....
DEBUG:root:This is the line: drive:98.812:-8.333

DEBUG:root:We got command: drive
DEBUG:root:We got a drive command: rawX:-8.333000 and rawY:98.812000
DEBUG:root:Forward to the Left/Straight
DEBUG:root:Left=-107.145000 Right=98.812000
DEBUG:root:ScaledLeft: 133.923750 ScaledRight: 597.327000
INFO:root:Looping....
DEBUG:root:This is the line: drive:94.34:-7.022

DEBUG:root:We got command: drive
DEBUG:root:We got a drive command: rawX:-7.022000 and rawY:94.340000
DEBUG:root:Forward to the Left/Straight
DEBUG:root:Left=-101.362000 Right=94.340000
DEBUG:root:ScaledLeft: 146.935500 ScaledRight: 587.265000
INFO:root:Looping....
DEBUG:root:This is the line: drive:90.685:-5.714

DEBUG:root:We got command: drive
DEBUG:root:We got a drive command: rawX:-5.714000 and rawY:90.685000
DEBUG:root:Forward to the Left/Straight
DEBUG:root:Left=-96.399000 Right=90.685000
DEBUG:root:ScaledLeft: 158.102250 ScaledRight: 579.041250
INFO:root:Looping....
DEBUG:root:This is the line: drive:86.512:-5.06

DEBUG:root:We got command: drive
DEBUG:root:We got a drive command: rawX:-5.060000 and rawY:86.512000
DEBUG:root:Forward to the Left/Straight
DEBUG:root:Left=-91.572000 Right=86.512000
DEBUG:root:ScaledLeft: 168.963000 ScaledRight: 569.652000
INFO:root:Looping....
DEBUG:root:This is the line: drive:85.262:-5.06

DEBUG:root:We got command: drive
DEBUG:root:We got a drive command: rawX:-5.060000 and rawY:85.262000
DEBUG:root:Forward to the Left/Straight
DEBUG:root:Left=-90.322000 Right=85.262000
DEBUG:root:ScaledLeft: 171.775500 ScaledRight: 566.839500
INFO:root:Looping....
DEBUG:root:This is the line: drive:82.661:-4.464

DEBUG:root:We got command: drive
DEBUG:root:We got a drive command: rawX:-4.464000 and rawY:82.661000
DEBUG:root:Forward to the Left/Straight
DEBUG:root:Left=-87.125000 Right=82.661000
DEBUG:root:ScaledLeft: 178.968750 ScaledRight: 560.987250
INFO:root:Looping....
DEBUG:root:This is the line: drive:81.571:-4.167

DEBUG:root:We got command: drive
DEBUG:root:We got a drive command: rawX:-4.167000 and rawY:81.571000
DEBUG:root:Forward to the Left/Straight
DEBUG:root:Left=-85.738000 Right=81.571000
DEBUG:root:ScaledLeft: 182.089500 ScaledRight: 558.534750
INFO:root:Looping....
DEBUG:root:This is the line: drive:81.429:-3.423

DEBUG:root:We got command: drive
DEBUG:root:We got a drive command: rawX:-3.423000 and rawY:81.429000
DEBUG:root:Forward to the Left/Straight
DEBUG:root:Left=-84.852000 Right=81.429000
DEBUG:root:ScaledLeft: 184.083000 ScaledRight: 558.215250
INFO:root:Looping....
DEBUG:root:This is the line: drive:80.714:-3.274

DEBUG:root:We got command: drive
DEBUG:root:We got a drive command: rawX:-3.274000 and rawY:80.714000
DEBUG:root:Forward to the Left/Straight
DEBUG:root:Left=-83.988000 Right=80.714000
DEBUG:root:ScaledLeft: 186.027000 ScaledRight: 556.606500
INFO:root:Looping....
DEBUG:root:This is the line: drive:80.714:-3.274

DEBUG:root:We got command: drive
DEBUG:root:We got a drive command: rawX:-3.274000 and rawY:80.714000
DEBUG:root:Forward to the Left/Straight
DEBUG:root:Left=-83.988000 Right=80.714000
DEBUG:root:ScaledLeft: 186.027000 ScaledRight: 556.606500
INFO:root:Looping....
DEBUG:root:This is the line: drive:82.429:-3.274

DEBUG:root:We got command: drive
DEBUG:root:We got a drive command: rawX:-3.274000 and rawY:82.429000
DEBUG:root:Forward to the Left/Straight
DEBUG:root:Left=-85.703000 Right=82.429000
DEBUG:root:ScaledLeft: 182.168250 ScaledRight: 560.465250
INFO:root:Looping....
DEBUG:root:This is the line: drive:84.532:-2.719

DEBUG:root:We got command: drive
DEBUG:root:We got a drive command: rawX:-2.719000 and rawY:84.532000
DEBUG:root:Forward to the Left/Straight
DEBUG:root:Left=-87.251000 Right=84.532000
DEBUG:root:ScaledLeft: 178.685250 ScaledRight: 565.197000
INFO:root:Looping....
DEBUG:root:This is the line: drive:87.289:-2.679

DEBUG:root:We got command: drive
DEBUG:root:We got a drive command: rawX:-2.679000 and rawY:87.289000
DEBUG:root:Forward to the Left/Straight
DEBUG:root:Left=-89.968000 Right=87.289000
DEBUG:root:ScaledLeft: 172.572000 ScaledRight: 571.400250
INFO:root:Looping....
DEBUG:root:This is the line: drive:90.797:-2.679

DEBUG:root:We got command: drive
DEBUG:root:We got a drive command: rawX:-2.679000 and rawY:90.797000
DEBUG:root:Forward to the Left/Straight
DEBUG:root:Left=-93.476000 Right=90.797000
DEBUG:root:ScaledLeft: 164.679000 ScaledRight: 579.293250
INFO:root:Looping....
DEBUG:root:This is the line: drive:92.007:-2.679

DEBUG:root:We got command: drive
DEBUG:root:We got a drive command: rawX:-2.679000 and rawY:92.007000
DEBUG:root:Forward to the Left/Straight
DEBUG:root:Left=-94.686000 Right=92.007000
DEBUG:root:ScaledLeft: 161.956500 ScaledRight: 582.015750
INFO:root:Looping....
DEBUG:root:This is the line: drive:92.932:-2.679

DEBUG:root:We got command: drive
DEBUG:root:We got a drive command: rawX:-2.679000 and rawY:92.932000
DEBUG:root:Forward to the Left/Straight
DEBUG:root:Left=-95.611000 Right=92.932000
DEBUG:root:ScaledLeft: 159.875250 ScaledRight: 584.097000
INFO:root:Looping....
DEBUG:root:This is the line: drive:93.202:-2.679

DEBUG:root:We got command: drive
DEBUG:root:We got a drive command: rawX:-2.679000 and rawY:93.202000
DEBUG:root:Forward to the Left/Straight
DEBUG:root:Left=-95.881000 Right=93.202000
DEBUG:root:ScaledLeft: 159.267750 ScaledRight: 584.704500
INFO:root:Looping....
DEBUG:root:This is the line: drive:93.463:-2.679

DEBUG:root:We got command: drive
DEBUG:root:We got a drive command: rawX:-2.679000 and rawY:93.463000
DEBUG:root:Forward to the Left/Straight
DEBUG:root:Left=-96.142000 Right=93.463000
DEBUG:root:ScaledLeft: 158.680500 ScaledRight: 585.291750
INFO:root:Looping....
DEBUG:root:This is the line: drive:94.027:-2.679

DEBUG:root:We got command: drive
DEBUG:root:We got a drive command: rawX:-2.679000 and rawY:94.027000
DEBUG:root:Forward to the Left/Straight
DEBUG:root:Left=-96.706000 Right=94.027000
DEBUG:root:ScaledLeft: 157.411500 ScaledRight: 586.560750
INFO:root:Looping....
DEBUG:root:This is the line: drive:94.571:-4.193

DEBUG:root:We got command: drive
DEBUG:root:We got a drive command: rawX:-4.193000 and rawY:94.571000
DEBUG:root:Forward to the Left/Straight
DEBUG:root:Left=-98.764000 Right=94.571000
DEBUG:root:ScaledLeft: 152.781000 ScaledRight: 587.784750
INFO:root:Looping....
DEBUG:root:This is the line: drive:95.0:-4.167

DEBUG:root:We got command: drive
DEBUG:root:We got a drive command: rawX:-4.167000 and rawY:95.000000
DEBUG:root:Forward to the Left/Straight
DEBUG:root:Left=-99.167000 Right=95.000000
DEBUG:root:ScaledLeft: 151.874250 ScaledRight: 588.750000
INFO:root:Looping....
DEBUG:root:This is the line: drive:95.368:-4.167

DEBUG:root:We got command: drive
DEBUG:root:We got a drive command: rawX:-4.167000 and rawY:95.368000
DEBUG:root:Forward to the Left/Straight
DEBUG:root:Left=-99.535000 Right=95.368000
DEBUG:root:ScaledLeft: 151.046250 ScaledRight: 589.578000
INFO:root:Looping....
DEBUG:root:This is the line: drive:95.546:-4.167

DEBUG:root:We got command: drive
DEBUG:root:We got a drive command: rawX:-4.167000 and rawY:95.546000
DEBUG:root:Forward to the Left/Straight
DEBUG:root:Left=-99.713000 Right=95.546000
DEBUG:root:ScaledLeft: 150.645750 ScaledRight: 589.978500
INFO:root:Looping....
DEBUG:root:This is the line: drive:95.546:-4.167

DEBUG:root:We got command: drive
DEBUG:root:We got a drive command: rawX:-4.167000 and rawY:95.546000
DEBUG:root:Forward to the Left/Straight
DEBUG:root:Left=-99.713000 Right=95.546000
DEBUG:root:ScaledLeft: 150.645750 ScaledRight: 589.978500
INFO:root:Looping....
DEBUG:root:This is the line: drive:95.721:-4.167

DEBUG:root:We got command: drive
DEBUG:root:We got a drive command: rawX:-4.167000 and rawY:95.721000
DEBUG:root:Forward to the Left/Straight
DEBUG:root:Left=-99.888000 Right=95.721000
DEBUG:root:ScaledLeft: 150.252000 ScaledRight: 590.372250
INFO:root:Looping....
DEBUG:root:This is the line: drive:95.721:-4.167

DEBUG:root:We got command: drive
DEBUG:root:We got a drive command: rawX:-4.167000 and rawY:95.721000
DEBUG:root:Forward to the Left/Straight
DEBUG:root:Left=-99.888000 Right=95.721000
DEBUG:root:ScaledLeft: 150.252000 ScaledRight: 590.372250
INFO:root:Looping....
DEBUG:root:This is the line: drive:95.714:-1.669

DEBUG:root:We got command: drive
DEBUG:root:We got a drive command: rawX:-1.669000 and rawY:95.714000
DEBUG:root:Forward to the Left/Straight
DEBUG:root:Left=-97.383000 Right=95.714000
DEBUG:root:ScaledLeft: 155.888250 ScaledRight: 590.356500
INFO:root:Looping....
DEBUG:root:This is the line: drive:95.714:-0.854

DEBUG:root:We got command: drive
DEBUG:root:We got a drive command: rawX:-0.854000 and rawY:95.714000
DEBUG:root:Forward to the Left/Straight
DEBUG:root:Left=-96.568000 Right=95.714000
DEBUG:root:ScaledLeft: 157.722000 ScaledRight: 590.356500
INFO:root:Looping....
DEBUG:root:This is the line: drive:95.714:1.339

DEBUG:root:We got command: drive
DEBUG:root:We got a drive command: rawX:1.339000 and rawY:95.714000
DEBUG:root:Forward to the Right
DEBUG:root:Left=-95.714000 Right=94.375000
DEBUG:root:ScaledLeft: 159.643500 ScaledRight: 587.343750
INFO:root:Looping....
DEBUG:root:This is the line: drive:95.714:1.541

DEBUG:root:We got command: drive
DEBUG:root:We got a drive command: rawX:1.541000 and rawY:95.714000
DEBUG:root:Forward to the Right
DEBUG:root:Left=-95.714000 Right=94.173000
DEBUG:root:ScaledLeft: 159.643500 ScaledRight: 586.889250
INFO:root:Looping....
DEBUG:root:This is the line: drive:95.714:1.797

DEBUG:root:We got command: drive
DEBUG:root:We got a drive command: rawX:1.797000 and rawY:95.714000
DEBUG:root:Forward to the Right
DEBUG:root:Left=-95.714000 Right=93.917000
DEBUG:root:ScaledLeft: 159.643500 ScaledRight: 586.313250
INFO:root:Looping....
DEBUG:root:This is the line: drive:95.714:1.797

DEBUG:root:We got command: drive
DEBUG:root:We got a drive command: rawX:1.797000 and rawY:95.714000
DEBUG:root:Forward to the Right
DEBUG:root:Left=-95.714000 Right=93.917000
DEBUG:root:ScaledLeft: 159.643500 ScaledRight: 586.313250
INFO:root:Looping....
DEBUG:root:This is the line: drive:95.714:1.797

DEBUG:root:We got command: drive
DEBUG:root:We got a drive command: rawX:1.797000 and rawY:95.714000
DEBUG:root:Forward to the Right
DEBUG:root:Left=-95.714000 Right=93.917000
DEBUG:root:ScaledLeft: 159.643500 ScaledRight: 586.313250
INFO:root:Looping....
DEBUG:root:This is the line: drive:95.714:1.797

DEBUG:root:We got command: drive
DEBUG:root:We got a drive command: rawX:1.797000 and rawY:95.714000
DEBUG:root:Forward to the Right
DEBUG:root:Left=-95.714000 Right=93.917000
DEBUG:root:ScaledLeft: 159.643500 ScaledRight: 586.313250
INFO:root:Looping....
DEBUG:root:This is the line: drive:95.714:1.797

DEBUG:root:We got command: drive
DEBUG:root:We got a drive command: rawX:1.797000 and rawY:95.714000
DEBUG:root:Forward to the Right
DEBUG:root:Left=-95.714000 Right=93.917000
DEBUG:root:ScaledLeft: 159.643500 ScaledRight: 586.313250
INFO:root:Looping....
DEBUG:root:This is the line: drive:95.714:1.797

DEBUG:root:We got command: drive
DEBUG:root:We got a drive command: rawX:1.797000 and rawY:95.714000
DEBUG:root:Forward to the Right
DEBUG:root:Left=-95.714000 Right=93.917000
DEBUG:root:ScaledLeft: 159.643500 ScaledRight: 586.313250
INFO:root:Looping....
DEBUG:root:This is the line: drive:95.714:1.797

DEBUG:root:We got command: drive
DEBUG:root:We got a drive command: rawX:1.797000 and rawY:95.714000
DEBUG:root:Forward to the Right
DEBUG:root:Left=-95.714000 Right=93.917000
DEBUG:root:ScaledLeft: 159.643500 ScaledRight: 586.313250
INFO:root:Looping....
DEBUG:root:This is the line: drive:95.714:1.797

DEBUG:root:We got command: drive
DEBUG:root:We got a drive command: rawX:1.797000 and rawY:95.714000
DEBUG:root:Forward to the Right
DEBUG:root:Left=-95.714000 Right=93.917000
DEBUG:root:ScaledLeft: 159.643500 ScaledRight: 586.313250
INFO:root:Looping....
DEBUG:root:This is the line: drive:95.714:1.797

DEBUG:root:We got command: drive
DEBUG:root:We got a drive command: rawX:1.797000 and rawY:95.714000
DEBUG:root:Forward to the Right
DEBUG:root:Left=-95.714000 Right=93.917000
DEBUG:root:ScaledLeft: 159.643500 ScaledRight: 586.313250
INFO:root:Looping....
DEBUG:root:This is the line: drive:95.714:1.797

DEBUG:root:We got command: drive
DEBUG:root:We got a drive command: rawX:1.797000 and rawY:95.714000
DEBUG:root:Forward to the Right
DEBUG:root:Left=-95.714000 Right=93.917000
DEBUG:root:ScaledLeft: 159.643500 ScaledRight: 586.313250
INFO:root:Looping....
DEBUG:root:This is the line: drive:95.714:1.15

DEBUG:root:We got command: drive
DEBUG:root:We got a drive command: rawX:1.150000 and rawY:95.714000
DEBUG:root:Forward to the Right
DEBUG:root:Left=-95.714000 Right=94.564000
DEBUG:root:ScaledLeft: 159.643500 ScaledRight: 587.769000
INFO:root:Looping....
DEBUG:root:This is the line: drive:95.714:0.446

DEBUG:root:We got command: drive
DEBUG:root:We got a drive command: rawX:0.446000 and rawY:95.714000
DEBUG:root:Forward to the Right
DEBUG:root:Left=-95.714000 Right=95.268000
DEBUG:root:ScaledLeft: 159.643500 ScaledRight: 589.353000
INFO:root:Looping....
DEBUG:root:This is the line: drive:95.714:-0.092

DEBUG:root:We got command: drive
DEBUG:root:We got a drive command: rawX:-0.092000 and rawY:95.714000
DEBUG:root:Forward to the Left/Straight
DEBUG:root:Left=-95.806000 Right=95.714000
DEBUG:root:ScaledLeft: 159.436500 ScaledRight: 590.356500
INFO:root:Looping....
DEBUG:root:This is the line: drive:95.714:-0.324

DEBUG:root:We got command: drive
DEBUG:root:We got a drive command: rawX:-0.324000 and rawY:95.714000
DEBUG:root:Forward to the Left/Straight
DEBUG:root:Left=-96.038000 Right=95.714000
DEBUG:root:ScaledLeft: 158.914500 ScaledRight: 590.356500
INFO:root:Looping....
DEBUG:root:This is the line: drive:95.714:-0.687

DEBUG:root:We got command: drive
DEBUG:root:We got a drive command: rawX:-0.687000 and rawY:95.714000
DEBUG:root:Forward to the Left/Straight
DEBUG:root:Left=-96.401000 Right=95.714000
DEBUG:root:ScaledLeft: 158.097750 ScaledRight: 590.356500
INFO:root:Looping....
DEBUG:root:This is the line: drive:95.714:-1.276

DEBUG:root:We got command: drive
DEBUG:root:We got a drive command: rawX:-1.276000 and rawY:95.714000
DEBUG:root:Forward to the Left/Straight
DEBUG:root:Left=-96.990000 Right=95.714000
DEBUG:root:ScaledLeft: 156.772500 ScaledRight: 590.356500
INFO:root:Looping....
DEBUG:root:This is the line: drive:95.714:-1.276

DEBUG:root:We got command: drive
DEBUG:root:We got a drive command: rawX:-1.276000 and rawY:95.714000
DEBUG:root:Forward to the Left/Straight
DEBUG:root:Left=-96.990000 Right=95.714000
DEBUG:root:ScaledLeft: 156.772500 ScaledRight: 590.356500
INFO:root:Looping....
DEBUG:root:This is the line: drive:95.714:-1.276

DEBUG:root:We got command: drive
DEBUG:root:We got a drive command: rawX:-1.276000 and rawY:95.714000
DEBUG:root:Forward to the Left/Straight
DEBUG:root:Left=-96.990000 Right=95.714000
DEBUG:root:ScaledLeft: 156.772500 ScaledRight: 590.356500
INFO:root:Looping....
DEBUG:root:This is the line: drive:95.714:-1.276

DEBUG:root:We got command: drive
DEBUG:root:We got a drive command: rawX:-1.276000 and rawY:95.714000
DEBUG:root:Forward to the Left/Straight
DEBUG:root:Left=-96.990000 Right=95.714000
DEBUG:root:ScaledLeft: 156.772500 ScaledRight: 590.356500
INFO:root:Looping....
DEBUG:root:This is the line: drive:95.714:-1.276

DEBUG:root:We got command: drive
DEBUG:root:We got a drive command: rawX:-1.276000 and rawY:95.714000
DEBUG:root:Forward to the Left/Straight
DEBUG:root:Left=-96.990000 Right=95.714000
DEBUG:root:ScaledLeft: 156.772500 ScaledRight: 590.356500
INFO:root:Looping....
DEBUG:root:This is the line: drive:95.714:-1.276

DEBUG:root:We got command: drive
DEBUG:root:We got a drive command: rawX:-1.276000 and rawY:95.714000
DEBUG:root:Forward to the Left/Straight
DEBUG:root:Left=-96.990000 Right=95.714000
DEBUG:root:ScaledLeft: 156.772500 ScaledRight: 590.356500
INFO:root:Looping....
DEBUG:root:This is the line: drive:95.714:-1.276

DEBUG:root:We got command: drive
DEBUG:root:We got a drive command: rawX:-1.276000 and rawY:95.714000
DEBUG:root:Forward to the Left/Straight
DEBUG:root:Left=-96.990000 Right=95.714000
DEBUG:root:ScaledLeft: 156.772500 ScaledRight: 590.356500
INFO:root:Looping....
DEBUG:root:This is the line: drive:95.714:-1.276

DEBUG:root:We got command: drive
DEBUG:root:We got a drive command: rawX:-1.276000 and rawY:95.714000
DEBUG:root:Forward to the Left/Straight
DEBUG:root:Left=-96.990000 Right=95.714000
DEBUG:root:ScaledLeft: 156.772500 ScaledRight: 590.356500
INFO:root:Looping....
DEBUG:root:This is the line: drive:95.714:-1.276

DEBUG:root:We got command: drive
DEBUG:root:We got a drive command: rawX:-1.276000 and rawY:95.714000
DEBUG:root:Forward to the Left/Straight
DEBUG:root:Left=-96.990000 Right=95.714000
DEBUG:root:ScaledLeft: 156.772500 ScaledRight: 590.356500
INFO:root:Looping....
DEBUG:root:This is the line: drive:95.714:-1.276

DEBUG:root:We got command: drive
DEBUG:root:We got a drive command: rawX:-1.276000 and rawY:95.714000
DEBUG:root:Forward to the Left/Straight
DEBUG:root:Left=-96.990000 Right=95.714000
DEBUG:root:ScaledLeft: 156.772500 ScaledRight: 590.356500
INFO:root:Looping....
DEBUG:root:This is the line: drive:95.714:-1.276

DEBUG:root:We got command: drive
DEBUG:root:We got a drive command: rawX:-1.276000 and rawY:95.714000
DEBUG:root:Forward to the Left/Straight
DEBUG:root:Left=-96.990000 Right=95.714000
DEBUG:root:ScaledLeft: 156.772500 ScaledRight: 590.356500
INFO:root:Looping....
DEBUG:root:This is the line: drive:95.714:-1.276

DEBUG:root:We got command: drive
DEBUG:root:We got a drive command: rawX:-1.276000 and rawY:95.714000
DEBUG:root:Forward to the Left/Straight
DEBUG:root:Left=-96.990000 Right=95.714000
DEBUG:root:ScaledLeft: 156.772500 ScaledRight: 590.356500
INFO:root:Looping....
DEBUG:root:This is the line: drive:95.714:-1.276

DEBUG:root:We got command: drive
DEBUG:root:We got a drive command: rawX:-1.276000 and rawY:95.714000
DEBUG:root:Forward to the Left/Straight
DEBUG:root:Left=-96.990000 Right=95.714000
DEBUG:root:ScaledLeft: 156.772500 ScaledRight: 590.356500
INFO:root:Looping....
DEBUG:root:This is the line: drive:95.714:-1.492

DEBUG:root:We got command: drive
DEBUG:root:We got a drive command: rawX:-1.492000 and rawY:95.714000
DEBUG:root:Forward to the Left/Straight
DEBUG:root:Left=-97.206000 Right=95.714000
DEBUG:root:ScaledLeft: 156.286500 ScaledRight: 590.356500
INFO:root:Looping....
DEBUG:root:This is the line: drive:0:0

DEBUG:root:We got command: drive
DEBUG:root:We got a drive command: rawX:0.000000 and rawY:0.000000
DEBUG:root:Left=0.000000 Right=0.000000
DEBUG:root:ScaledLeft: 375.000000 ScaledRight: 375.000000
INFO:root:Looping....
DEBUG:root:This is the line: drive:96.143:-8.929

DEBUG:root:We got command: drive
DEBUG:root:We got a drive command: rawX:-8.929000 and rawY:96.143000
DEBUG:root:Forward to the Left/Straight
DEBUG:root:Left=-105.072000 Right=96.143000
DEBUG:root:ScaledLeft: 138.588000 ScaledRight: 591.321750
INFO:root:Looping....
DEBUG:root:This is the line: drive:-0.286:-8.929

DEBUG:root:We got command: drive
DEBUG:root:We got a drive command: rawX:-8.929000 and rawY:-0.286000
DEBUG:root:Reverse to the Left/Straight
DEBUG:root:Left=-8.643000 Right=-0.286000
DEBUG:root:ScaledLeft: 355.553250 ScaledRight: 374.356500
INFO:root:Looping....
DEBUG:root:This is the line: drive:-0.286:-8.929

DEBUG:root:We got command: drive
DEBUG:root:We got a drive command: rawX:-8.929000 and rawY:-0.286000
DEBUG:root:Reverse to the Left/Straight
DEBUG:root:Left=-8.643000 Right=-0.286000
DEBUG:root:ScaledLeft: 355.553250 ScaledRight: 374.356500
INFO:root:Looping....
DEBUG:root:This is the line: drive:-0.286:-8.929

DEBUG:root:We got command: drive
DEBUG:root:We got a drive command: rawX:-8.929000 and rawY:-0.286000
DEBUG:root:Reverse to the Left/Straight
DEBUG:root:Left=-8.643000 Right=-0.286000
DEBUG:root:ScaledLeft: 355.553250 ScaledRight: 374.356500
INFO:root:Looping....
DEBUG:root:This is the line: drive:-0.286:-8.929

DEBUG:root:We got command: drive
DEBUG:root:We got a drive command: rawX:-8.929000 and rawY:-0.286000
DEBUG:root:Reverse to the Left/Straight
DEBUG:root:Left=-8.643000 Right=-0.286000
DEBUG:root:ScaledLeft: 355.553250 ScaledRight: 374.356500
INFO:root:Looping....
DEBUG:root:This is the line: drive:-0.286:-8.929

DEBUG:root:We got command: drive
DEBUG:root:We got a drive command: rawX:-8.929000 and rawY:-0.286000
DEBUG:root:Reverse to the Left/Straight
DEBUG:root:Left=-8.643000 Right=-0.286000
DEBUG:root:ScaledLeft: 355.553250 ScaledRight: 374.356500
INFO:root:Looping....
DEBUG:root:This is the line: drive:-0.286:-8.929

DEBUG:root:We got command: drive
DEBUG:root:We got a drive command: rawX:-8.929000 and rawY:-0.286000
DEBUG:root:Reverse to the Left/Straight
DEBUG:root:Left=-8.643000 Right=-0.286000
DEBUG:root:ScaledLeft: 355.553250 ScaledRight: 374.356500
INFO:root:Looping....
DEBUG:root:This is the line: drive:-0.286:-8.929

DEBUG:root:We got command: drive
DEBUG:root:We got a drive command: rawX:-8.929000 and rawY:-0.286000
DEBUG:root:Reverse to the Left/Straight
DEBUG:root:Left=-8.643000 Right=-0.286000
DEBUG:root:ScaledLeft: 355.553250 ScaledRight: 374.356500
INFO:root:Looping....
DEBUG:root:This is the line: drive:-0.286:-8.929

DEBUG:root:We got command: drive
DEBUG:root:We got a drive command: rawX:-8.929000 and rawY:-0.286000
DEBUG:root:Reverse to the Left/Straight
DEBUG:root:Left=-8.643000 Right=-0.286000
DEBUG:root:ScaledLeft: 355.553250 ScaledRight: 374.356500
INFO:root:Looping....
DEBUG:root:This is the line: drive:-0.286:-8.929

DEBUG:root:We got command: drive
DEBUG:root:We got a drive command: rawX:-8.929000 and rawY:-0.286000
DEBUG:root:Reverse to the Left/Straight
DEBUG:root:Left=-8.643000 Right=-0.286000
DEBUG:root:ScaledLeft: 355.553250 ScaledRight: 374.356500
INFO:root:Looping....
DEBUG:root:This is the line: drive:-0.286:-8.929

DEBUG:root:We got command: drive
DEBUG:root:We got a drive command: rawX:-8.929000 and rawY:-0.286000
DEBUG:root:Reverse to the Left/Straight
DEBUG:root:Left=-8.643000 Right=-0.286000
DEBUG:root:ScaledLeft: 355.553250 ScaledRight: 374.356500
INFO:root:Looping....
DEBUG:root:This is the line: drive:-0.286:-8.929

DEBUG:root:We got command: drive
DEBUG:root:We got a drive command: rawX:-8.929000 and rawY:-0.286000
DEBUG:root:Reverse to the Left/Straight
DEBUG:root:Left=-8.643000 Right=-0.286000
DEBUG:root:ScaledLeft: 355.553250 ScaledRight: 374.356500
INFO:root:Looping....
DEBUG:root:This is the line: drive:-0.286:-8.929

DEBUG:root:We got command: drive
DEBUG:root:We got a drive command: rawX:-8.929000 and rawY:-0.286000
DEBUG:root:Reverse to the Left/Straight
DEBUG:root:Left=-8.643000 Right=-0.286000
DEBUG:root:ScaledLeft: 355.553250 ScaledRight: 374.356500
INFO:root:Looping....
DEBUG:root:This is the line: drive:-0.286:-8.929

DEBUG:root:We got command: drive
DEBUG:root:We got a drive command: rawX:-8.929000 and rawY:-0.286000
DEBUG:root:Reverse to the Left/Straight
DEBUG:root:Left=-8.643000 Right=-0.286000
DEBUG:root:ScaledLeft: 355.553250 ScaledRight: 374.356500
INFO:root:Looping....
DEBUG:root:This is the line: drive:-0.286:-8.929

DEBUG:root:We got command: drive
DEBUG:root:We got a drive command: rawX:-8.929000 and rawY:-0.286000
DEBUG:root:Reverse to the Left/Straight
DEBUG:root:Left=-8.643000 Right=-0.286000
DEBUG:root:ScaledLeft: 355.553250 ScaledRight: 374.356500
INFO:root:Looping....
DEBUG:root:This is the line: drive:-0.286:-8.929

DEBUG:root:We got command: drive
DEBUG:root:We got a drive command: rawX:-8.929000 and rawY:-0.286000
DEBUG:root:Reverse to the Left/Straight
DEBUG:root:Left=-8.643000 Right=-0.286000
DEBUG:root:ScaledLeft: 355.553250 ScaledRight: 374.356500
INFO:root:Looping....
DEBUG:root:This is the line: drive:-0.286:-8.929

DEBUG:root:We got command: drive
DEBUG:root:We got a drive command: rawX:-8.929000 and rawY:-0.286000
DEBUG:root:Reverse to the Left/Straight
DEBUG:root:Left=-8.643000 Right=-0.286000
DEBUG:root:ScaledLeft: 355.553250 ScaledRight: 374.356500
INFO:root:Looping....
DEBUG:root:This is the line: drive:-0.286:-8.929

DEBUG:root:We got command: drive
DEBUG:root:We got a drive command: rawX:-8.929000 and rawY:-0.286000
DEBUG:root:Reverse to the Left/Straight
DEBUG:root:Left=-8.643000 Right=-0.286000
DEBUG:root:ScaledLeft: 355.553250 ScaledRight: 374.356500
INFO:root:Looping....
DEBUG:root:This is the line: drive:-0.286:-8.929

DEBUG:root:We got command: drive
DEBUG:root:We got a drive command: rawX:-8.929000 and rawY:-0.286000
DEBUG:root:Reverse to the Left/Straight
DEBUG:root:Left=-8.643000 Right=-0.286000
DEBUG:root:ScaledLeft: 355.553250 ScaledRight: 374.356500
INFO:root:Looping....
DEBUG:root:This is the line: drive:-0.286:-8.929

DEBUG:root:We got command: drive
DEBUG:root:We got a drive command: rawX:-8.929000 and rawY:-0.286000
DEBUG:root:Reverse to the Left/Straight
DEBUG:root:Left=-8.643000 Right=-0.286000
DEBUG:root:ScaledLeft: 355.553250 ScaledRight: 374.356500
INFO:root:Looping....
DEBUG:root:This is the line: drive:-0.286:-8.929

DEBUG:root:We got command: drive
DEBUG:root:We got a drive command: rawX:-8.929000 and rawY:-0.286000
DEBUG:root:Reverse to the Left/Straight
DEBUG:root:Left=-8.643000 Right=-0.286000
DEBUG:root:ScaledLeft: 355.553250 ScaledRight: 374.356500
INFO:root:Looping....
DEBUG:root:This is the line: drive:-0.286:-8.929

DEBUG:root:We got command: drive
DEBUG:root:We got a drive command: rawX:-8.929000 and rawY:-0.286000
DEBUG:root:Reverse to the Left/Straight
DEBUG:root:Left=-8.643000 Right=-0.286000
DEBUG:root:ScaledLeft: 355.553250 ScaledRight: 374.356500
INFO:root:Looping....
DEBUG:root:This is the line: drive:-0.286:-8.929

DEBUG:root:We got command: drive
DEBUG:root:We got a drive command: rawX:-8.929000 and rawY:-0.286000
DEBUG:root:Reverse to the Left/Straight
DEBUG:root:Left=-8.643000 Right=-0.286000
DEBUG:root:ScaledLeft: 355.553250 ScaledRight: 374.356500
INFO:root:Looping....
DEBUG:root:This is the line: drive:-0.286:-8.929

DEBUG:root:We got command: drive
DEBUG:root:We got a drive command: rawX:-8.929000 and rawY:-0.286000
DEBUG:root:Reverse to the Left/Straight
DEBUG:root:Left=-8.643000 Right=-0.286000
DEBUG:root:ScaledLeft: 355.553250 ScaledRight: 374.356500
INFO:root:Looping....
DEBUG:root:This is the line: drive:-0.286:-8.929

DEBUG:root:We got command: drive
DEBUG:root:We got a drive command: rawX:-8.929000 and rawY:-0.286000
DEBUG:root:Reverse to the Left/Straight
DEBUG:root:Left=-8.643000 Right=-0.286000
DEBUG:root:ScaledLeft: 355.553250 ScaledRight: 374.356500
INFO:root:Looping....
DEBUG:root:This is the line: drive:-0.286:-8.929

DEBUG:root:We got command: drive
DEBUG:root:We got a drive command: rawX:-8.929000 and rawY:-0.286000
DEBUG:root:Reverse to the Left/Straight
DEBUG:root:Left=-8.643000 Right=-0.286000
DEBUG:root:ScaledLeft: 355.553250 ScaledRight: 374.356500
INFO:root:Looping....
DEBUG:root:This is the line: drive:-0.286:-8.929

DEBUG:root:We got command: drive
DEBUG:root:We got a drive command: rawX:-8.929000 and rawY:-0.286000
DEBUG:root:Reverse to the Left/Straight
DEBUG:root:Left=-8.643000 Right=-0.286000
DEBUG:root:ScaledLeft: 355.553250 ScaledRight: 374.356500
INFO:root:Looping....
DEBUG:root:This is the line: drive:-0.286:-8.929

DEBUG:root:We got command: drive
DEBUG:root:We got a drive command: rawX:-8.929000 and rawY:-0.286000
DEBUG:root:Reverse to the Left/Straight
DEBUG:root:Left=-8.643000 Right=-0.286000
DEBUG:root:ScaledLeft: 355.553250 ScaledRight: 374.356500
INFO:root:Looping....
DEBUG:root:This is the line: drive:-0.286:-8.929

DEBUG:root:We got command: drive
DEBUG:root:We got a drive command: rawX:-8.929000 and rawY:-0.286000
DEBUG:root:Reverse to the Left/Straight
DEBUG:root:Left=-8.643000 Right=-0.286000
DEBUG:root:ScaledLeft: 355.553250 ScaledRight: 374.356500
INFO:root:Looping....
DEBUG:root:This is the line: drive:-0.286:-8.929

DEBUG:root:We got command: drive
DEBUG:root:We got a drive command: rawX:-8.929000 and rawY:-0.286000
DEBUG:root:Reverse to the Left/Straight
DEBUG:root:Left=-8.643000 Right=-0.286000
DEBUG:root:ScaledLeft: 355.553250 ScaledRight: 374.356500
INFO:root:Looping....
DEBUG:root:This is the line: drive:-0.286:-8.929

DEBUG:root:We got command: drive
DEBUG:root:We got a drive command: rawX:-8.929000 and rawY:-0.286000
DEBUG:root:Reverse to the Left/Straight
DEBUG:root:Left=-8.643000 Right=-0.286000
DEBUG:root:ScaledLeft: 355.553250 ScaledRight: 374.356500
INFO:root:Looping....
DEBUG:root:This is the line: drive:-0.286:-8.929

DEBUG:root:We got command: drive
DEBUG:root:We got a drive command: rawX:-8.929000 and rawY:-0.286000
DEBUG:root:Reverse to the Left/Straight
DEBUG:root:Left=-8.643000 Right=-0.286000
DEBUG:root:ScaledLeft: 355.553250 ScaledRight: 374.356500
INFO:root:Looping....
DEBUG:root:This is the line: drive:-0.286:-8.929

DEBUG:root:We got command: drive
DEBUG:root:We got a drive command: rawX:-8.929000 and rawY:-0.286000
DEBUG:root:Reverse to the Left/Straight
DEBUG:root:Left=-8.643000 Right=-0.286000
DEBUG:root:ScaledLeft: 355.553250 ScaledRight: 374.356500
INFO:root:Looping....
DEBUG:root:This is the line: drive:-0.286:-8.929

DEBUG:root:We got command: drive
DEBUG:root:We got a drive command: rawX:-8.929000 and rawY:-0.286000
DEBUG:root:Reverse to the Left/Straight
DEBUG:root:Left=-8.643000 Right=-0.286000
DEBUG:root:ScaledLeft: 355.553250 ScaledRight: 374.356500
INFO:root:Looping....
DEBUG:root:This is the line: drive:-0.286:-8.929

DEBUG:root:We got command: drive
DEBUG:root:We got a drive command: rawX:-8.929000 and rawY:-0.286000
DEBUG:root:Reverse to the Left/Straight
DEBUG:root:Left=-8.643000 Right=-0.286000
DEBUG:root:ScaledLeft: 355.553250 ScaledRight: 374.356500
INFO:root:Looping....
DEBUG:root:This is the line: drive:-0.286:-8.929

DEBUG:root:We got command: drive
DEBUG:root:We got a drive command: rawX:-8.929000 and rawY:-0.286000
DEBUG:root:Reverse to the Left/Straight
DEBUG:root:Left=-8.643000 Right=-0.286000
DEBUG:root:ScaledLeft: 355.553250 ScaledRight: 374.356500
INFO:root:Looping....
DEBUG:root:This is the line: drive:-0.286:-8.929

DEBUG:root:We got command: drive
DEBUG:root:We got a drive command: rawX:-8.929000 and rawY:-0.286000
DEBUG:root:Reverse to the Left/Straight
DEBUG:root:Left=-8.643000 Right=-0.286000
DEBUG:root:ScaledLeft: 355.553250 ScaledRight: 374.356500
INFO:root:Looping....
DEBUG:root:This is the line: drive:-0.286:-8.929

DEBUG:root:We got command: drive
DEBUG:root:We got a drive command: rawX:-8.929000 and rawY:-0.286000
DEBUG:root:Reverse to the Left/Straight
DEBUG:root:Left=-8.643000 Right=-0.286000
DEBUG:root:ScaledLeft: 355.553250 ScaledRight: 374.356500
INFO:root:Looping....
DEBUG:root:This is the line: drive:-0.286:-8.929

DEBUG:root:We got command: drive
DEBUG:root:We got a drive command: rawX:-8.929000 and rawY:-0.286000
DEBUG:root:Reverse to the Left/Straight
DEBUG:root:Left=-8.643000 Right=-0.286000
DEBUG:root:ScaledLeft: 355.553250 ScaledRight: 374.356500
INFO:root:Looping....
DEBUG:root:This is the line: drive:-0.286:-8.929

DEBUG:root:We got command: drive
DEBUG:root:We got a drive command: rawX:-8.929000 and rawY:-0.286000
DEBUG:root:Reverse to the Left/Straight
DEBUG:root:Left=-8.643000 Right=-0.286000
DEBUG:root:ScaledLeft: 355.553250 ScaledRight: 374.356500
INFO:root:Looping....
DEBUG:root:This is the line: drive:-0.286:-8.929

DEBUG:root:We got command: drive
DEBUG:root:We got a drive command: rawX:-8.929000 and rawY:-0.286000
DEBUG:root:Reverse to the Left/Straight
DEBUG:root:Left=-8.643000 Right=-0.286000
DEBUG:root:ScaledLeft: 355.553250 ScaledRight: 374.356500
INFO:root:Looping....
DEBUG:root:This is the line: drive:-0.286:-8.929

DEBUG:root:We got command: drive
DEBUG:root:We got a drive command: rawX:-8.929000 and rawY:-0.286000
DEBUG:root:Reverse to the Left/Straight
DEBUG:root:Left=-8.643000 Right=-0.286000
DEBUG:root:ScaledLeft: 355.553250 ScaledRight: 374.356500
INFO:root:Looping....
DEBUG:root:This is the line: drive:-0.286:-8.929

DEBUG:root:We got command: drive
DEBUG:root:We got a drive command: rawX:-8.929000 and rawY:-0.286000
DEBUG:root:Reverse to the Left/Straight
DEBUG:root:Left=-8.643000 Right=-0.286000
DEBUG:root:ScaledLeft: 355.553250 ScaledRight: 374.356500
INFO:root:Looping....
DEBUG:root:This is the line: drive:-0.286:-8.929

DEBUG:root:We got command: drive
DEBUG:root:We got a drive command: rawX:-8.929000 and rawY:-0.286000
DEBUG:root:Reverse to the Left/Straight
DEBUG:root:Left=-8.643000 Right=-0.286000
DEBUG:root:ScaledLeft: 355.553250 ScaledRight: 374.356500
INFO:root:Looping....
DEBUG:root:This is the line: drive:-0.286:-8.929

DEBUG:root:We got command: drive
DEBUG:root:We got a drive command: rawX:-8.929000 and rawY:-0.286000
DEBUG:root:Reverse to the Left/Straight
DEBUG:root:Left=-8.643000 Right=-0.286000
DEBUG:root:ScaledLeft: 355.553250 ScaledRight: 374.356500
INFO:root:Looping....
DEBUG:root:This is the line: drive:-0.286:-8.929

DEBUG:root:We got command: drive
DEBUG:root:We got a drive command: rawX:-8.929000 and rawY:-0.286000
DEBUG:root:Reverse to the Left/Straight
DEBUG:root:Left=-8.643000 Right=-0.286000
DEBUG:root:ScaledLeft: 355.553250 ScaledRight: 374.356500
INFO:root:Looping....
DEBUG:root:This is the line: drive:-0.286:-8.929

DEBUG:root:We got command: drive
DEBUG:root:We got a drive command: rawX:-8.929000 and rawY:-0.286000
DEBUG:root:Reverse to the Left/Straight
DEBUG:root:Left=-8.643000 Right=-0.286000
DEBUG:root:ScaledLeft: 355.553250 ScaledRight: 374.356500
INFO:root:Looping....
DEBUG:root:This is the line: drive:-0.286:-8.929

DEBUG:root:We got command: drive
DEBUG:root:We got a drive command: rawX:-8.929000 and rawY:-0.286000
DEBUG:root:Reverse to the Left/Straight
DEBUG:root:Left=-8.643000 Right=-0.286000
DEBUG:root:ScaledLeft: 355.553250 ScaledRight: 374.356500
INFO:root:Looping....
DEBUG:root:This is the line: drive:-0.286:-8.929

DEBUG:root:We got command: drive
DEBUG:root:We got a drive command: rawX:-8.929000 and rawY:-0.286000
DEBUG:root:Reverse to the Left/Straight
DEBUG:root:Left=-8.643000 Right=-0.286000
DEBUG:root:ScaledLeft: 355.553250 ScaledRight: 374.356500
INFO:root:Looping....
DEBUG:root:This is the line: drive:-0.286:-8.929

DEBUG:root:We got command: drive
DEBUG:root:We got a drive command: rawX:-8.929000 and rawY:-0.286000
DEBUG:root:Reverse to the Left/Straight
DEBUG:root:Left=-8.643000 Right=-0.286000
DEBUG:root:ScaledLeft: 355.553250 ScaledRight: 374.356500
INFO:root:Looping....
DEBUG:root:This is the line: drive:-0.286:-8.929

DEBUG:root:We got command: drive
DEBUG:root:We got a drive command: rawX:-8.929000 and rawY:-0.286000
DEBUG:root:Reverse to the Left/Straight
DEBUG:root:Left=-8.643000 Right=-0.286000
DEBUG:root:ScaledLeft: 355.553250 ScaledRight: 374.356500
INFO:root:Looping....
DEBUG:root:This is the line: drive:-0.286:-8.929

DEBUG:root:We got command: drive
DEBUG:root:We got a drive command: rawX:-8.929000 and rawY:-0.286000
DEBUG:root:Reverse to the Left/Straight
DEBUG:root:Left=-8.643000 Right=-0.286000
DEBUG:root:ScaledLeft: 355.553250 ScaledRight: 374.356500
INFO:root:Looping....
DEBUG:root:This is the line: drive:-0.286:-8.929

DEBUG:root:We got command: drive
DEBUG:root:We got a drive command: rawX:-8.929000 and rawY:-0.286000
DEBUG:root:Reverse to the Left/Straight
DEBUG:root:Left=-8.643000 Right=-0.286000
DEBUG:root:ScaledLeft: 355.553250 ScaledRight: 374.356500
INFO:root:Looping....
DEBUG:root:This is the line: drive:-0.286:-8.929

DEBUG:root:We got command: drive
DEBUG:root:We got a drive command: rawX:-8.929000 and rawY:-0.286000
DEBUG:root:Reverse to the Left/Straight
DEBUG:root:Left=-8.643000 Right=-0.286000
DEBUG:root:ScaledLeft: 355.553250 ScaledRight: 374.356500
INFO:root:Looping....
DEBUG:root:This is the line: drive:-0.286:-8.929

DEBUG:root:We got command: drive
DEBUG:root:We got a drive command: rawX:-8.929000 and rawY:-0.286000
DEBUG:root:Reverse to the Left/Straight
DEBUG:root:Left=-8.643000 Right=-0.286000
DEBUG:root:ScaledLeft: 355.553250 ScaledRight: 374.356500
INFO:root:Looping....
DEBUG:root:This is the line: drive:-0.286:-8.929

DEBUG:root:We got command: drive
DEBUG:root:We got a drive command: rawX:-8.929000 and rawY:-0.286000
DEBUG:root:Reverse to the Left/Straight
DEBUG:root:Left=-8.643000 Right=-0.286000
DEBUG:root:ScaledLeft: 355.553250 ScaledRight: 374.356500
INFO:root:Looping....
DEBUG:root:This is the line: drive:-0.286:-8.929

DEBUG:root:We got command: drive
DEBUG:root:We got a drive command: rawX:-8.929000 and rawY:-0.286000
DEBUG:root:Reverse to the Left/Straight
DEBUG:root:Left=-8.643000 Right=-0.286000
DEBUG:root:ScaledLeft: 355.553250 ScaledRight: 374.356500
INFO:root:Looping....
DEBUG:root:This is the line: drive:-0.286:-8.929

DEBUG:root:We got command: drive
DEBUG:root:We got a drive command: rawX:-8.929000 and rawY:-0.286000
DEBUG:root:Reverse to the Left/Straight
DEBUG:root:Left=-8.643000 Right=-0.286000
DEBUG:root:ScaledLeft: 355.553250 ScaledRight: 374.356500
INFO:root:Looping....
DEBUG:root:This is the line: drive:-0.286:-8.929

DEBUG:root:We got command: drive
DEBUG:root:We got a drive command: rawX:-8.929000 and rawY:-0.286000
DEBUG:root:Reverse to the Left/Straight
DEBUG:root:Left=-8.643000 Right=-0.286000
DEBUG:root:ScaledLeft: 355.553250 ScaledRight: 374.356500
INFO:root:Looping....
DEBUG:root:This is the line: drive:-0.286:-8.929

DEBUG:root:We got command: drive
DEBUG:root:We got a drive command: rawX:-8.929000 and rawY:-0.286000
DEBUG:root:Reverse to the Left/Straight
DEBUG:root:Left=-8.643000 Right=-0.286000
DEBUG:root:ScaledLeft: 355.553250 ScaledRight: 374.356500
INFO:root:Looping....
DEBUG:root:This is the line: drive:-0.286:-8.929

DEBUG:root:We got command: drive
DEBUG:root:We got a drive command: rawX:-8.929000 and rawY:-0.286000
DEBUG:root:Reverse to the Left/Straight
DEBUG:root:Left=-8.643000 Right=-0.286000
DEBUG:root:ScaledLeft: 355.553250 ScaledRight: 374.356500
INFO:root:Looping....
DEBUG:root:This is the line: drive:-0.286:-8.929

DEBUG:root:We got command: drive
DEBUG:root:We got a drive command: rawX:-8.929000 and rawY:-0.286000
DEBUG:root:Reverse to the Left/Straight
DEBUG:root:Left=-8.643000 Right=-0.286000
DEBUG:root:ScaledLeft: 355.553250 ScaledRight: 374.356500
INFO:root:Looping....
DEBUG:root:This is the line: drive:-0.286:-8.929

DEBUG:root:We got command: drive
DEBUG:root:We got a drive command: rawX:-8.929000 and rawY:-0.286000
DEBUG:root:Reverse to the Left/Straight
DEBUG:root:Left=-8.643000 Right=-0.286000
DEBUG:root:ScaledLeft: 355.553250 ScaledRight: 374.356500
INFO:root:Looping....
DEBUG:root:This is the line: drive:-0.286:-8.929

DEBUG:root:We got command: drive
DEBUG:root:We got a drive command: rawX:-8.929000 and rawY:-0.286000
DEBUG:root:Reverse to the Left/Straight
DEBUG:root:Left=-8.643000 Right=-0.286000
DEBUG:root:ScaledLeft: 355.553250 ScaledRight: 374.356500
INFO:root:Looping....
DEBUG:root:This is the line: drive:-0.286:-8.929

DEBUG:root:We got command: drive
DEBUG:root:We got a drive command: rawX:-8.929000 and rawY:-0.286000
DEBUG:root:Reverse to the Left/Straight
DEBUG:root:Left=-8.643000 Right=-0.286000
DEBUG:root:ScaledLeft: 355.553250 ScaledRight: 374.356500
INFO:root:Looping....
DEBUG:root:This is the line: drive:-0.286:-8.929

DEBUG:root:We got command: drive
DEBUG:root:We got a drive command: rawX:-8.929000 and rawY:-0.286000
DEBUG:root:Reverse to the Left/Straight
DEBUG:root:Left=-8.643000 Right=-0.286000
DEBUG:root:ScaledLeft: 355.553250 ScaledRight: 374.356500
INFO:root:Looping....
DEBUG:root:This is the line: drive:-0.286:-8.929

DEBUG:root:We got command: drive
DEBUG:root:We got a drive command: rawX:-8.929000 and rawY:-0.286000
DEBUG:root:Reverse to the Left/Straight
DEBUG:root:Left=-8.643000 Right=-0.286000
DEBUG:root:ScaledLeft: 355.553250 ScaledRight: 374.356500
INFO:root:Looping....
DEBUG:root:This is the line: drive:-0.286:-8.929

DEBUG:root:We got command: drive
DEBUG:root:We got a drive command: rawX:-8.929000 and rawY:-0.286000
DEBUG:root:Reverse to the Left/Straight
DEBUG:root:Left=-8.643000 Right=-0.286000
DEBUG:root:ScaledLeft: 355.553250 ScaledRight: 374.356500
INFO:root:Looping....
DEBUG:root:This is the line: drive:-0.286:-8.929

DEBUG:root:We got command: drive
DEBUG:root:We got a drive command: rawX:-8.929000 and rawY:-0.286000
DEBUG:root:Reverse to the Left/Straight
DEBUG:root:Left=-8.643000 Right=-0.286000
DEBUG:root:ScaledLeft: 355.553250 ScaledRight: 374.356500
INFO:root:Looping....
DEBUG:root:This is the line: drive:-0.286:-8.929

DEBUG:root:We got command: drive
DEBUG:root:We got a drive command: rawX:-8.929000 and rawY:-0.286000
DEBUG:root:Reverse to the Left/Straight
DEBUG:root:Left=-8.643000 Right=-0.286000
DEBUG:root:ScaledLeft: 355.553250 ScaledRight: 374.356500
INFO:root:Looping....
DEBUG:root:This is the line: drive:-0.286:-8.929

DEBUG:root:We got command: drive
DEBUG:root:We got a drive command: rawX:-8.929000 and rawY:-0.286000
DEBUG:root:Reverse to the Left/Straight
DEBUG:root:Left=-8.643000 Right=-0.286000
DEBUG:root:ScaledLeft: 355.553250 ScaledRight: 374.356500
INFO:root:Looping....
DEBUG:root:This is the line: drive:-0.286:-8.929

DEBUG:root:We got command: drive
DEBUG:root:We got a drive command: rawX:-8.929000 and rawY:-0.286000
DEBUG:root:Reverse to the Left/Straight
DEBUG:root:Left=-8.643000 Right=-0.286000
DEBUG:root:ScaledLeft: 355.553250 ScaledRight: 374.356500
INFO:root:Looping....
DEBUG:root:This is the line: drive:-0.286:-8.929

DEBUG:root:We got command: drive
DEBUG:root:We got a drive command: rawX:-8.929000 and rawY:-0.286000
DEBUG:root:Reverse to the Left/Straight
DEBUG:root:Left=-8.643000 Right=-0.286000
DEBUG:root:ScaledLeft: 355.553250 ScaledRight: 374.356500
INFO:root:Looping....
DEBUG:root:This is the line: drive:-0.286:-8.929

DEBUG:root:We got command: drive
DEBUG:root:We got a drive command: rawX:-8.929000 and rawY:-0.286000
DEBUG:root:Reverse to the Left/Straight
DEBUG:root:Left=-8.643000 Right=-0.286000
DEBUG:root:ScaledLeft: 355.553250 ScaledRight: 374.356500
INFO:root:Looping....
DEBUG:root:This is the line: drive:-0.286:-8.929

DEBUG:root:We got command: drive
DEBUG:root:We got a drive command: rawX:-8.929000 and rawY:-0.286000
DEBUG:root:Reverse to the Left/Straight
DEBUG:root:Left=-8.643000 Right=-0.286000
DEBUG:root:ScaledLeft: 355.553250 ScaledRight: 374.356500
INFO:root:Looping....
DEBUG:root:This is the line: drive:-0.286:-8.929

DEBUG:root:We got command: drive
DEBUG:root:We got a drive command: rawX:-8.929000 and rawY:-0.286000
DEBUG:root:Reverse to the Left/Straight
DEBUG:root:Left=-8.643000 Right=-0.286000
DEBUG:root:ScaledLeft: 355.553250 ScaledRight: 374.356500
INFO:root:Looping....
DEBUG:root:This is the line: drive:-0.286:-8.929

DEBUG:root:We got command: drive
DEBUG:root:We got a drive command: rawX:-8.929000 and rawY:-0.286000
DEBUG:root:Reverse to the Left/Straight
DEBUG:root:Left=-8.643000 Right=-0.286000
DEBUG:root:ScaledLeft: 355.553250 ScaledRight: 374.356500
INFO:root:Looping....
DEBUG:root:This is the line: drive:-0.286:-8.929

DEBUG:root:We got command: drive
DEBUG:root:We got a drive command: rawX:-8.929000 and rawY:-0.286000
DEBUG:root:Reverse to the Left/Straight
DEBUG:root:Left=-8.643000 Right=-0.286000
DEBUG:root:ScaledLeft: 355.553250 ScaledRight: 374.356500
INFO:root:Looping....
DEBUG:root:This is the line: drive:-0.286:-8.929

DEBUG:root:We got command: drive
DEBUG:root:We got a drive command: rawX:-8.929000 and rawY:-0.286000
DEBUG:root:Reverse to the Left/Straight
DEBUG:root:Left=-8.643000 Right=-0.286000
DEBUG:root:ScaledLeft: 355.553250 ScaledRight: 374.356500
INFO:root:Looping....
DEBUG:root:This is the line: drive:-0.286:-8.929

DEBUG:root:We got command: drive
DEBUG:root:We got a drive command: rawX:-8.929000 and rawY:-0.286000
DEBUG:root:Reverse to the Left/Straight
DEBUG:root:Left=-8.643000 Right=-0.286000
DEBUG:root:ScaledLeft: 355.553250 ScaledRight: 374.356500
INFO:root:Looping....
DEBUG:root:This is the line: drive:-0.286:-8.929

DEBUG:root:We got command: drive
DEBUG:root:We got a drive command: rawX:-8.929000 and rawY:-0.286000
DEBUG:root:Reverse to the Left/Straight
DEBUG:root:Left=-8.643000 Right=-0.286000
DEBUG:root:ScaledLeft: 355.553250 ScaledRight: 374.356500
INFO:root:Looping....
DEBUG:root:This is the line: drive:-0.286:-8.929

DEBUG:root:We got command: drive
DEBUG:root:We got a drive command: rawX:-8.929000 and rawY:-0.286000
DEBUG:root:Reverse to the Left/Straight
DEBUG:root:Left=-8.643000 Right=-0.286000
DEBUG:root:ScaledLeft: 355.553250 ScaledRight: 374.356500
INFO:root:Looping....
DEBUG:root:This is the line: drive:-0.286:-8.929

DEBUG:root:We got command: drive
DEBUG:root:We got a drive command: rawX:-8.929000 and rawY:-0.286000
DEBUG:root:Reverse to the Left/Straight
DEBUG:root:Left=-8.643000 Right=-0.286000
DEBUG:root:ScaledLeft: 355.553250 ScaledRight: 374.356500
INFO:root:Looping....
DEBUG:root:This is the line: drive:-0.286:-8.929

DEBUG:root:We got command: drive
DEBUG:root:We got a drive command: rawX:-8.929000 and rawY:-0.286000
DEBUG:root:Reverse to the Left/Straight
DEBUG:root:Left=-8.643000 Right=-0.286000
DEBUG:root:ScaledLeft: 355.553250 ScaledRight: 374.356500
INFO:root:Looping....
DEBUG:root:This is the line: drive:-0.286:-8.929

DEBUG:root:We got command: drive
DEBUG:root:We got a drive command: rawX:-8.929000 and rawY:-0.286000
DEBUG:root:Reverse to the Left/Straight
DEBUG:root:Left=-8.643000 Right=-0.286000
DEBUG:root:ScaledLeft: 355.553250 ScaledRight: 374.356500
INFO:root:Looping....
DEBUG:root:This is the line: drive:-0.286:-8.929

DEBUG:root:We got command: drive
DEBUG:root:We got a drive command: rawX:-8.929000 and rawY:-0.286000
DEBUG:root:Reverse to the Left/Straight
DEBUG:root:Left=-8.643000 Right=-0.286000
DEBUG:root:ScaledLeft: 355.553250 ScaledRight: 374.356500
INFO:root:Looping....
DEBUG:root:This is the line: drive:-0.286:-8.929

DEBUG:root:We got command: drive
DEBUG:root:We got a drive command: rawX:-8.929000 and rawY:-0.286000
DEBUG:root:Reverse to the Left/Straight
DEBUG:root:Left=-8.643000 Right=-0.286000
DEBUG:root:ScaledLeft: 355.553250 ScaledRight: 374.356500
INFO:root:Looping....
DEBUG:root:This is the line: drive:-0.286:-8.929

DEBUG:root:We got command: drive
DEBUG:root:We got a drive command: rawX:-8.929000 and rawY:-0.286000
DEBUG:root:Reverse to the Left/Straight
DEBUG:root:Left=-8.643000 Right=-0.286000
DEBUG:root:ScaledLeft: 355.553250 ScaledRight: 374.356500
INFO:root:Looping....
DEBUG:root:This is the line: drive:-0.286:-8.929

DEBUG:root:We got command: drive
DEBUG:root:We got a drive command: rawX:-8.929000 and rawY:-0.286000
DEBUG:root:Reverse to the Left/Straight
DEBUG:root:Left=-8.643000 Right=-0.286000
DEBUG:root:ScaledLeft: 355.553250 ScaledRight: 374.356500
INFO:root:Looping....
DEBUG:root:This is the line: drive:-0.286:-8.929

DEBUG:root:We got command: drive
DEBUG:root:We got a drive command: rawX:-8.929000 and rawY:-0.286000
DEBUG:root:Reverse to the Left/Straight
DEBUG:root:Left=-8.643000 Right=-0.286000
DEBUG:root:ScaledLeft: 355.553250 ScaledRight: 374.356500
INFO:root:Looping....
DEBUG:root:This is the line: drive:-0.286:-8.929

DEBUG:root:We got command: drive
DEBUG:root:We got a drive command: rawX:-8.929000 and rawY:-0.286000
DEBUG:root:Reverse to the Left/Straight
DEBUG:root:Left=-8.643000 Right=-0.286000
DEBUG:root:ScaledLeft: 355.553250 ScaledRight: 374.356500
INFO:root:Looping....
DEBUG:root:This is the line: drive:-0.286:-8.929

DEBUG:root:We got command: drive
DEBUG:root:We got a drive command: rawX:-8.929000 and rawY:-0.286000
DEBUG:root:Reverse to the Left/Straight
DEBUG:root:Left=-8.643000 Right=-0.286000
DEBUG:root:ScaledLeft: 355.553250 ScaledRight: 374.356500
INFO:root:Looping....
DEBUG:root:This is the line: drive:-0.286:-8.929

DEBUG:root:We got command: drive
DEBUG:root:We got a drive command: rawX:-8.929000 and rawY:-0.286000
DEBUG:root:Reverse to the Left/Straight
DEBUG:root:Left=-8.643000 Right=-0.286000
DEBUG:root:ScaledLeft: 355.553250 ScaledRight: 374.356500
INFO:root:Looping....
DEBUG:root:This is the line: drive:-0.286:-8.929

DEBUG:root:We got command: drive
DEBUG:root:We got a drive command: rawX:-8.929000 and rawY:-0.286000
DEBUG:root:Reverse to the Left/Straight
DEBUG:root:Left=-8.643000 Right=-0.286000
DEBUG:root:ScaledLeft: 355.553250 ScaledRight: 374.356500
INFO:root:Looping....
DEBUG:root:This is the line: drive:-0.286:-8.929

DEBUG:root:We got command: drive
DEBUG:root:We got a drive command: rawX:-8.929000 and rawY:-0.286000
DEBUG:root:Reverse to the Left/Straight
DEBUG:root:Left=-8.643000 Right=-0.286000
DEBUG:root:ScaledLeft: 355.553250 ScaledRight: 374.356500
INFO:root:Looping....
DEBUG:root:This is the line: drive:-0.286:-8.929

DEBUG:root:We got command: drive
DEBUG:root:We got a drive command: rawX:-8.929000 and rawY:-0.286000
DEBUG:root:Reverse to the Left/Straight
DEBUG:root:Left=-8.643000 Right=-0.286000
DEBUG:root:ScaledLeft: 355.553250 ScaledRight: 374.356500
INFO:root:Looping....
DEBUG:root:This is the line: drive:-0.286:-8.929

DEBUG:root:We got command: drive
DEBUG:root:We got a drive command: rawX:-8.929000 and rawY:-0.286000
DEBUG:root:Reverse to the Left/Straight
DEBUG:root:Left=-8.643000 Right=-0.286000
DEBUG:root:ScaledLeft: 355.553250 ScaledRight: 374.356500
INFO:root:Looping....
DEBUG:root:This is the line: drive:-0.286:-8.929

DEBUG:root:We got command: drive
DEBUG:root:We got a drive command: rawX:-8.929000 and rawY:-0.286000
DEBUG:root:Reverse to the Left/Straight
DEBUG:root:Left=-8.643000 Right=-0.286000
DEBUG:root:ScaledLeft: 355.553250 ScaledRight: 374.356500
INFO:root:Looping....
DEBUG:root:This is the line: drive:-0.286:-8.929

DEBUG:root:We got command: drive
DEBUG:root:We got a drive command: rawX:-8.929000 and rawY:-0.286000
DEBUG:root:Reverse to the Left/Straight
DEBUG:root:Left=-8.643000 Right=-0.286000
DEBUG:root:ScaledLeft: 355.553250 ScaledRight: 374.356500
INFO:root:Looping....
DEBUG:root:This is the line: drive:-0.286:-8.929

DEBUG:root:We got command: drive
DEBUG:root:We got a drive command: rawX:-8.929000 and rawY:-0.286000
DEBUG:root:Reverse to the Left/Straight
DEBUG:root:Left=-8.643000 Right=-0.286000
DEBUG:root:ScaledLeft: 355.553250 ScaledRight: 374.356500
INFO:root:Looping....
DEBUG:root:This is the line: drive:-0.286:-8.929

DEBUG:root:We got command: drive
DEBUG:root:We got a drive command: rawX:-8.929000 and rawY:-0.286000
DEBUG:root:Reverse to the Left/Straight
DEBUG:root:Left=-8.643000 Right=-0.286000
DEBUG:root:ScaledLeft: 355.553250 ScaledRight: 374.356500
INFO:root:Looping....
DEBUG:root:This is the line: drive:35.143:-11.31

DEBUG:root:We got command: drive
DEBUG:root:We got a drive command: rawX:-11.310000 and rawY:35.143000
DEBUG:root:Forward to the Left/Straight
DEBUG:root:Left=-46.453000 Right=35.143000
DEBUG:root:ScaledLeft: 270.480750 ScaledRight: 454.071750
INFO:root:Looping....
DEBUG:root:This is the line: drive:35.143:-11.31

DEBUG:root:We got command: drive
DEBUG:root:We got a drive command: rawX:-11.310000 and rawY:35.143000
DEBUG:root:Forward to the Left/Straight
DEBUG:root:Left=-46.453000 Right=35.143000
DEBUG:root:ScaledLeft: 270.480750 ScaledRight: 454.071750
INFO:root:Looping....
DEBUG:root:This is the line: drive:35.143:-11.31

DEBUG:root:We got command: drive
DEBUG:root:We got a drive command: rawX:-11.310000 and rawY:35.143000
DEBUG:root:Forward to the Left/Straight
DEBUG:root:Left=-46.453000 Right=35.143000
DEBUG:root:ScaledLeft: 270.480750 ScaledRight: 454.071750
INFO:root:Looping....
DEBUG:root:This is the line: drive:29.143:14.286

DEBUG:root:We got command: drive
DEBUG:root:We got a drive command: rawX:14.286000 and rawY:29.143000
DEBUG:root:Forward to the Right
DEBUG:root:Left=-29.143000 Right=14.857000
DEBUG:root:ScaledLeft: 309.428250 ScaledRight: 408.428250
INFO:root:Looping....
DEBUG:root:This is the line: drive:35.143:-11.31

DEBUG:root:We got command: drive
DEBUG:root:We got a drive command: rawX:-11.310000 and rawY:35.143000
DEBUG:root:Forward to the Left/Straight
DEBUG:root:Left=-46.453000 Right=35.143000
DEBUG:root:ScaledLeft: 270.480750 ScaledRight: 454.071750
INFO:root:Looping....
DEBUG:root:This is the line: drive:29.143:14.286

DEBUG:root:We got command: drive
DEBUG:root:We got a drive command: rawX:14.286000 and rawY:29.143000
DEBUG:root:Forward to the Right
DEBUG:root:Left=-29.143000 Right=14.857000
DEBUG:root:ScaledLeft: 309.428250 ScaledRight: 408.428250
INFO:root:Looping....
DEBUG:root:This is the line: drive:35.143:-11.31

DEBUG:root:We got command: drive
DEBUG:root:We got a drive command: rawX:-11.310000 and rawY:35.143000
DEBUG:root:Forward to the Left/Straight
DEBUG:root:Left=-46.453000 Right=35.143000
DEBUG:root:ScaledLeft: 270.480750 ScaledRight: 454.071750
INFO:root:Looping....
DEBUG:root:This is the line: drive:29.143:14.286

DEBUG:root:We got command: drive
DEBUG:root:We got a drive command: rawX:14.286000 and rawY:29.143000
DEBUG:root:Forward to the Right
DEBUG:root:Left=-29.143000 Right=14.857000
DEBUG:root:ScaledLeft: 309.428250 ScaledRight: 408.428250
INFO:root:Looping....
DEBUG:root:This is the line: drive:35.143:-11.31

DEBUG:root:We got command: drive
DEBUG:root:We got a drive command: rawX:-11.310000 and rawY:35.143000
DEBUG:root:Forward to the Left/Straight
DEBUG:root:Left=-46.453000 Right=35.143000
DEBUG:root:ScaledLeft: 270.480750 ScaledRight: 454.071750
INFO:root:Looping....
DEBUG:root:This is the line: drive:29.143:14.286

DEBUG:root:We got command: drive
DEBUG:root:We got a drive command: rawX:14.286000 and rawY:29.143000
DEBUG:root:Forward to the Right
DEBUG:root:Left=-29.143000 Right=14.857000
DEBUG:root:ScaledLeft: 309.428250 ScaledRight: 408.428250
INFO:root:Looping....
DEBUG:root:This is the line: drive:35.143:-11.31

DEBUG:root:We got command: drive
DEBUG:root:We got a drive command: rawX:-11.310000 and rawY:35.143000
DEBUG:root:Forward to the Left/Straight
DEBUG:root:Left=-46.453000 Right=35.143000
DEBUG:root:ScaledLeft: 270.480750 ScaledRight: 454.071750
INFO:root:Looping....
DEBUG:root:This is the line: drive:29.143:14.286

DEBUG:root:We got command: drive
DEBUG:root:We got a drive command: rawX:14.286000 and rawY:29.143000
DEBUG:root:Forward to the Right
DEBUG:root:Left=-29.143000 Right=14.857000
DEBUG:root:ScaledLeft: 309.428250 ScaledRight: 408.428250
INFO:root:Looping....
DEBUG:root:This is the line: drive:35.143:-11.31

DEBUG:root:We got command: drive
DEBUG:root:We got a drive command: rawX:-11.310000 and rawY:35.143000
DEBUG:root:Forward to the Left/Straight
DEBUG:root:Left=-46.453000 Right=35.143000
DEBUG:root:ScaledLeft: 270.480750 ScaledRight: 454.071750
INFO:root:Looping....
DEBUG:root:This is the line: drive:29.143:14.286

DEBUG:root:We got command: drive
DEBUG:root:We got a drive command: rawX:14.286000 and rawY:29.143000
DEBUG:root:Forward to the Right
DEBUG:root:Left=-29.143000 Right=14.857000
DEBUG:root:ScaledLeft: 309.428250 ScaledRight: 408.428250
INFO:root:Looping....
DEBUG:root:This is the line: drive:35.143:-11.31

DEBUG:root:We got command: drive
DEBUG:root:We got a drive command: rawX:-11.310000 and rawY:35.143000
DEBUG:root:Forward to the Left/Straight
DEBUG:root:Left=-46.453000 Right=35.143000
DEBUG:root:ScaledLeft: 270.480750 ScaledRight: 454.071750
INFO:root:Looping....
DEBUG:root:This is the line: drive:29.143:14.286

DEBUG:root:We got command: drive
DEBUG:root:We got a drive command: rawX:14.286000 and rawY:29.143000
DEBUG:root:Forward to the Right
DEBUG:root:Left=-29.143000 Right=14.857000
DEBUG:root:ScaledLeft: 309.428250 ScaledRight: 408.428250
INFO:root:Looping....
DEBUG:root:This is the line: drive:29.143:14.286

DEBUG:root:We got command: drive
DEBUG:root:We got a drive command: rawX:14.286000 and rawY:29.143000
DEBUG:root:Forward to the Right
DEBUG:root:Left=-29.143000 Right=14.857000
DEBUG:root:ScaledLeft: 309.428250 ScaledRight: 408.428250
INFO:root:Looping....
DEBUG:root:This is the line: drive:35.143:-11.31

DEBUG:root:We got command: drive
DEBUG:root:We got a drive command: rawX:-11.310000 and rawY:35.143000
DEBUG:root:Forward to the Left/Straight
DEBUG:root:Left=-46.453000 Right=35.143000
DEBUG:root:ScaledLeft: 270.480750 ScaledRight: 454.071750
INFO:root:Looping....
DEBUG:root:This is the line: drive:29.143:14.286

DEBUG:root:We got command: drive
DEBUG:root:We got a drive command: rawX:14.286000 and rawY:29.143000
DEBUG:root:Forward to the Right
DEBUG:root:Left=-29.143000 Right=14.857000
DEBUG:root:ScaledLeft: 309.428250 ScaledRight: 408.428250
INFO:root:Looping....
DEBUG:root:This is the line: drive:35.143:-11.31

DEBUG:root:We got command: drive
DEBUG:root:We got a drive command: rawX:-11.310000 and rawY:35.143000
DEBUG:root:Forward to the Left/Straight
DEBUG:root:Left=-46.453000 Right=35.143000
DEBUG:root:ScaledLeft: 270.480750 ScaledRight: 454.071750
INFO:root:Looping....
DEBUG:root:This is the line: drive:29.143:14.286

DEBUG:root:We got command: drive
DEBUG:root:We got a drive command: rawX:14.286000 and rawY:29.143000
DEBUG:root:Forward to the Right
DEBUG:root:Left=-29.143000 Right=14.857000
DEBUG:root:ScaledLeft: 309.428250 ScaledRight: 408.428250
INFO:root:Looping....
DEBUG:root:This is the line: drive:35.143:-11.31

DEBUG:root:We got command: drive
DEBUG:root:We got a drive command: rawX:-11.310000 and rawY:35.143000
DEBUG:root:Forward to the Left/Straight
DEBUG:root:Left=-46.453000 Right=35.143000
DEBUG:root:ScaledLeft: 270.480750 ScaledRight: 454.071750
INFO:root:Looping....
DEBUG:root:This is the line: drive:35.143:-11.31

DEBUG:root:We got command: drive
DEBUG:root:We got a drive command: rawX:-11.310000 and rawY:35.143000
DEBUG:root:Forward to the Left/Straight
DEBUG:root:Left=-46.453000 Right=35.143000
DEBUG:root:ScaledLeft: 270.480750 ScaledRight: 454.071750
INFO:root:Looping....
DEBUG:root:This is the line: drive:29.143:14.286

DEBUG:root:We got command: drive
DEBUG:root:We got a drive command: rawX:14.286000 and rawY:29.143000
DEBUG:root:Forward to the Right
DEBUG:root:Left=-29.143000 Right=14.857000
DEBUG:root:ScaledLeft: 309.428250 ScaledRight: 408.428250
INFO:root:Looping....
DEBUG:root:This is the line: drive:35.143:-11.31

DEBUG:root:We got command: drive
DEBUG:root:We got a drive command: rawX:-11.310000 and rawY:35.143000
DEBUG:root:Forward to the Left/Straight
DEBUG:root:Left=-46.453000 Right=35.143000
DEBUG:root:ScaledLeft: 270.480750 ScaledRight: 454.071750
INFO:root:Looping....
DEBUG:root:This is the line: drive:29.143:14.286

DEBUG:root:We got command: drive
DEBUG:root:We got a drive command: rawX:14.286000 and rawY:29.143000
DEBUG:root:Forward to the Right
DEBUG:root:Left=-29.143000 Right=14.857000
DEBUG:root:ScaledLeft: 309.428250 ScaledRight: 408.428250
INFO:root:Looping....
DEBUG:root:This is the line: drive:35.143:-11.31

DEBUG:root:We got command: drive
DEBUG:root:We got a drive command: rawX:-11.310000 and rawY:35.143000
DEBUG:root:Forward to the Left/Straight
DEBUG:root:Left=-46.453000 Right=35.143000
DEBUG:root:ScaledLeft: 270.480750 ScaledRight: 454.071750
INFO:root:Looping....
DEBUG:root:This is the line: drive:29.143:14.286

DEBUG:root:We got command: drive
DEBUG:root:We got a drive command: rawX:14.286000 and rawY:29.143000
DEBUG:root:Forward to the Right
DEBUG:root:Left=-29.143000 Right=14.857000
DEBUG:root:ScaledLeft: 309.428250 ScaledRight: 408.428250
INFO:root:Looping....
DEBUG:root:This is the line: drive:35.143:-11.31

DEBUG:root:We got command: drive
DEBUG:root:We got a drive command: rawX:-11.310000 and rawY:35.143000
DEBUG:root:Forward to the Left/Straight
DEBUG:root:Left=-46.453000 Right=35.143000
DEBUG:root:ScaledLeft: 270.480750 ScaledRight: 454.071750
INFO:root:Looping....
DEBUG:root:This is the line: drive:29.143:14.286

DEBUG:root:We got command: drive
DEBUG:root:We got a drive command: rawX:14.286000 and rawY:29.143000
DEBUG:root:Forward to the Right
DEBUG:root:Left=-29.143000 Right=14.857000
DEBUG:root:ScaledLeft: 309.428250 ScaledRight: 408.428250
INFO:root:Looping....
DEBUG:root:This is the line: drive:29.143:14.286

DEBUG:root:We got command: drive
DEBUG:root:We got a drive command: rawX:14.286000 and rawY:29.143000
DEBUG:root:Forward to the Right
DEBUG:root:Left=-29.143000 Right=14.857000
DEBUG:root:ScaledLeft: 309.428250 ScaledRight: 408.428250
INFO:root:Looping....
DEBUG:root:This is the line: drive:35.143:-11.31

DEBUG:root:We got command: drive
DEBUG:root:We got a drive command: rawX:-11.310000 and rawY:35.143000
DEBUG:root:Forward to the Left/Straight
DEBUG:root:Left=-46.453000 Right=35.143000
DEBUG:root:ScaledLeft: 270.480750 ScaledRight: 454.071750
INFO:root:Looping....
DEBUG:root:This is the line: drive:29.143:14.286

DEBUG:root:We got command: drive
DEBUG:root:We got a drive command: rawX:14.286000 and rawY:29.143000
DEBUG:root:Forward to the Right
DEBUG:root:Left=-29.143000 Right=14.857000
DEBUG:root:ScaledLeft: 309.428250 ScaledRight: 408.428250
INFO:root:Looping....
DEBUG:root:This is the line: drive:35.143:-11.31

DEBUG:root:We got command: drive
DEBUG:root:We got a drive command: rawX:-11.310000 and rawY:35.143000
DEBUG:root:Forward to the Left/Straight
DEBUG:root:Left=-46.453000 Right=35.143000
DEBUG:root:ScaledLeft: 270.480750 ScaledRight: 454.071750
INFO:root:Looping....
DEBUG:root:This is the line: drive:29.143:14.286

DEBUG:root:We got command: drive
DEBUG:root:We got a drive command: rawX:14.286000 and rawY:29.143000
DEBUG:root:Forward to the Right
DEBUG:root:Left=-29.143000 Right=14.857000
DEBUG:root:ScaledLeft: 309.428250 ScaledRight: 408.428250
INFO:root:Looping....
DEBUG:root:This is the line: drive:35.143:-11.31

DEBUG:root:We got command: drive
DEBUG:root:We got a drive command: rawX:-11.310000 and rawY:35.143000
DEBUG:root:Forward to the Left/Straight
DEBUG:root:Left=-46.453000 Right=35.143000
DEBUG:root:ScaledLeft: 270.480750 ScaledRight: 454.071750
INFO:root:Looping....
DEBUG:root:This is the line: drive:29.143:14.286

DEBUG:root:We got command: drive
DEBUG:root:We got a drive command: rawX:14.286000 and rawY:29.143000
DEBUG:root:Forward to the Right
DEBUG:root:Left=-29.143000 Right=14.857000
DEBUG:root:ScaledLeft: 309.428250 ScaledRight: 408.428250
INFO:root:Looping....
DEBUG:root:This is the line: drive:35.143:-11.31

DEBUG:root:We got command: drive
DEBUG:root:We got a drive command: rawX:-11.310000 and rawY:35.143000
DEBUG:root:Forward to the Left/Straight
DEBUG:root:Left=-46.453000 Right=35.143000
DEBUG:root:ScaledLeft: 270.480750 ScaledRight: 454.071750
INFO:root:Looping....
DEBUG:root:This is the line: drive:29.143:14.286

DEBUG:root:We got command: drive
DEBUG:root:We got a drive command: rawX:14.286000 and rawY:29.143000
DEBUG:root:Forward to the Right
DEBUG:root:Left=-29.143000 Right=14.857000
DEBUG:root:ScaledLeft: 309.428250 ScaledRight: 408.428250
INFO:root:Looping....
DEBUG:root:This is the line: drive:35.143:-11.31

DEBUG:root:We got command: drive
DEBUG:root:We got a drive command: rawX:-11.310000 and rawY:35.143000
DEBUG:root:Forward to the Left/Straight
DEBUG:root:Left=-46.453000 Right=35.143000
DEBUG:root:ScaledLeft: 270.480750 ScaledRight: 454.071750
INFO:root:Looping....
DEBUG:root:This is the line: drive:29.143:14.286

DEBUG:root:We got command: drive
DEBUG:root:We got a drive command: rawX:14.286000 and rawY:29.143000
DEBUG:root:Forward to the Right
DEBUG:root:Left=-29.143000 Right=14.857000
DEBUG:root:ScaledLeft: 309.428250 ScaledRight: 408.428250
INFO:root:Looping....
DEBUG:root:This is the line: drive:35.143:-11.31

DEBUG:root:We got command: drive
DEBUG:root:We got a drive command: rawX:-11.310000 and rawY:35.143000
DEBUG:root:Forward to the Left/Straight
DEBUG:root:Left=-46.453000 Right=35.143000
DEBUG:root:ScaledLeft: 270.480750 ScaledRight: 454.071750
INFO:root:Looping....
DEBUG:root:This is the line: drive:29.143:14.286

DEBUG:root:We got command: drive
DEBUG:root:We got a drive command: rawX:14.286000 and rawY:29.143000
DEBUG:root:Forward to the Right
DEBUG:root:Left=-29.143000 Right=14.857000
DEBUG:root:ScaledLeft: 309.428250 ScaledRight: 408.428250
INFO:root:Looping....
DEBUG:root:This is the line: drive:35.143:-11.31

DEBUG:root:We got command: drive
DEBUG:root:We got a drive command: rawX:-11.310000 and rawY:35.143000
DEBUG:root:Forward to the Left/Straight
DEBUG:root:Left=-46.453000 Right=35.143000
DEBUG:root:ScaledLeft: 270.480750 ScaledRight: 454.071750
INFO:root:Looping....
DEBUG:root:This is the line: drive:29.143:14.286

DEBUG:root:We got command: drive
DEBUG:root:We got a drive command: rawX:14.286000 and rawY:29.143000
DEBUG:root:Forward to the Right
DEBUG:root:Left=-29.143000 Right=14.857000
DEBUG:root:ScaledLeft: 309.428250 ScaledRight: 408.428250
INFO:root:Looping....
DEBUG:root:This is the line: drive:35.143:-11.31

DEBUG:root:We got command: drive
DEBUG:root:We got a drive command: rawX:-11.310000 and rawY:35.143000
DEBUG:root:Forward to the Left/Straight
DEBUG:root:Left=-46.453000 Right=35.143000
DEBUG:root:ScaledLeft: 270.480750 ScaledRight: 454.071750
INFO:root:Looping....
DEBUG:root:This is the line: drive:29.143:14.286

DEBUG:root:We got command: drive
DEBUG:root:We got a drive command: rawX:14.286000 and rawY:29.143000
DEBUG:root:Forward to the Right
DEBUG:root:Left=-29.143000 Right=14.857000
DEBUG:root:ScaledLeft: 309.428250 ScaledRight: 408.428250
INFO:root:Looping....
DEBUG:root:This is the line: drive:35.143:-11.31

DEBUG:root:We got command: drive
DEBUG:root:We got a drive command: rawX:-11.310000 and rawY:35.143000
DEBUG:root:Forward to the Left/Straight
DEBUG:root:Left=-46.453000 Right=35.143000
DEBUG:root:ScaledLeft: 270.480750 ScaledRight: 454.071750
INFO:root:Looping....
DEBUG:root:This is the line: drive:29.143:14.286

DEBUG:root:We got command: drive
DEBUG:root:We got a drive command: rawX:14.286000 and rawY:29.143000
DEBUG:root:Forward to the Right
DEBUG:root:Left=-29.143000 Right=14.857000
DEBUG:root:ScaledLeft: 309.428250 ScaledRight: 408.428250
INFO:root:Looping....
DEBUG:root:This is the line: drive:35.143:-11.31

DEBUG:root:We got command: drive
DEBUG:root:We got a drive command: rawX:-11.310000 and rawY:35.143000
DEBUG:root:Forward to the Left/Straight
DEBUG:root:Left=-46.453000 Right=35.143000
DEBUG:root:ScaledLeft: 270.480750 ScaledRight: 454.071750
INFO:root:Looping....
DEBUG:root:This is the line: drive:29.143:14.286

DEBUG:root:We got command: drive
DEBUG:root:We got a drive command: rawX:14.286000 and rawY:29.143000
DEBUG:root:Forward to the Right
DEBUG:root:Left=-29.143000 Right=14.857000
DEBUG:root:ScaledLeft: 309.428250 ScaledRight: 408.428250
INFO:root:Looping....
DEBUG:root:This is the line: drive:35.143:-11.31

DEBUG:root:We got command: drive
DEBUG:root:We got a drive command: rawX:-11.310000 and rawY:35.143000
DEBUG:root:Forward to the Left/Straight
DEBUG:root:Left=-46.453000 Right=35.143000
DEBUG:root:ScaledLeft: 270.480750 ScaledRight: 454.071750
INFO:root:Looping....
DEBUG:root:This is the line: drive:29.143:14.286

DEBUG:root:We got command: drive
DEBUG:root:We got a drive command: rawX:14.286000 and rawY:29.143000
DEBUG:root:Forward to the Right
DEBUG:root:Left=-29.143000 Right=14.857000
DEBUG:root:ScaledLeft: 309.428250 ScaledRight: 408.428250
INFO:root:Looping....
DEBUG:root:This is the line: drive:35.143:-11.31

DEBUG:root:We got command: drive
DEBUG:root:We got a drive command: rawX:-11.310000 and rawY:35.143000
DEBUG:root:Forward to the Left/Straight
DEBUG:root:Left=-46.453000 Right=35.143000
DEBUG:root:ScaledLeft: 270.480750 ScaledRight: 454.071750
INFO:root:Looping....
DEBUG:root:This is the line: drive:29.143:14.286

DEBUG:root:We got command: drive
DEBUG:root:We got a drive command: rawX:14.286000 and rawY:29.143000
DEBUG:root:Forward to the Right
DEBUG:root:Left=-29.143000 Right=14.857000
DEBUG:root:ScaledLeft: 309.428250 ScaledRight: 408.428250
INFO:root:Looping....
DEBUG:root:This is the line: drive:35.143:-11.31

DEBUG:root:We got command: drive
DEBUG:root:We got a drive command: rawX:-11.310000 and rawY:35.143000
DEBUG:root:Forward to the Left/Straight
DEBUG:root:Left=-46.453000 Right=35.143000
DEBUG:root:ScaledLeft: 270.480750 ScaledRight: 454.071750
INFO:root:Looping....
DEBUG:root:This is the line: drive:29.143:14.286

DEBUG:root:We got command: drive
DEBUG:root:We got a drive command: rawX:14.286000 and rawY:29.143000
DEBUG:root:Forward to the Right
DEBUG:root:Left=-29.143000 Right=14.857000
DEBUG:root:ScaledLeft: 309.428250 ScaledRight: 408.428250
INFO:root:Looping....
DEBUG:root:This is the line: drive:35.143:-11.31

DEBUG:root:We got command: drive
DEBUG:root:We got a drive command: rawX:-11.310000 and rawY:35.143000
DEBUG:root:Forward to the Left/Straight
DEBUG:root:Left=-46.453000 Right=35.143000
DEBUG:root:ScaledLeft: 270.480750 ScaledRight: 454.071750
INFO:root:Looping....
DEBUG:root:This is the line: drive:29.143:14.286

DEBUG:root:We got command: drive
DEBUG:root:We got a drive command: rawX:14.286000 and rawY:29.143000
DEBUG:root:Forward to the Right
DEBUG:root:Left=-29.143000 Right=14.857000
DEBUG:root:ScaledLeft: 309.428250 ScaledRight: 408.428250
INFO:root:Looping....
DEBUG:root:This is the line: drive:35.143:-11.31

DEBUG:root:We got command: drive
DEBUG:root:We got a drive command: rawX:-11.310000 and rawY:35.143000
DEBUG:root:Forward to the Left/Straight
DEBUG:root:Left=-46.453000 Right=35.143000
DEBUG:root:ScaledLeft: 270.480750 ScaledRight: 454.071750
INFO:root:Looping....
DEBUG:root:This is the line: drive:29.143:14.286

DEBUG:root:We got command: drive
DEBUG:root:We got a drive command: rawX:14.286000 and rawY:29.143000
DEBUG:root:Forward to the Right
DEBUG:root:Left=-29.143000 Right=14.857000
DEBUG:root:ScaledLeft: 309.428250 ScaledRight: 408.428250
INFO:root:Looping....
DEBUG:root:This is the line: drive:35.143:-11.31

DEBUG:root:We got command: drive
DEBUG:root:We got a drive command: rawX:-11.310000 and rawY:35.143000
DEBUG:root:Forward to the Left/Straight
DEBUG:root:Left=-46.453000 Right=35.143000
DEBUG:root:ScaledLeft: 270.480750 ScaledRight: 454.071750
INFO:root:Looping....
DEBUG:root:This is the line: drive:29.143:14.286

DEBUG:root:We got command: drive
DEBUG:root:We got a drive command: rawX:14.286000 and rawY:29.143000
DEBUG:root:Forward to the Right
DEBUG:root:Left=-29.143000 Right=14.857000
DEBUG:root:ScaledLeft: 309.428250 ScaledRight: 408.428250
INFO:root:Looping....
DEBUG:root:This is the line: drive:35.143:-11.31

DEBUG:root:We got command: drive
DEBUG:root:We got a drive command: rawX:-11.310000 and rawY:35.143000
DEBUG:root:Forward to the Left/Straight
DEBUG:root:Left=-46.453000 Right=35.143000
DEBUG:root:ScaledLeft: 270.480750 ScaledRight: 454.071750
INFO:root:Looping....
DEBUG:root:This is the line: drive:35.143:-11.31

DEBUG:root:We got command: drive
DEBUG:root:We got a drive command: rawX:-11.310000 and rawY:35.143000
DEBUG:root:Forward to the Left/Straight
DEBUG:root:Left=-46.453000 Right=35.143000
DEBUG:root:ScaledLeft: 270.480750 ScaledRight: 454.071750
INFO:root:Looping....
DEBUG:root:This is the line: drive:29.143:14.286

DEBUG:root:We got command: drive
DEBUG:root:We got a drive command: rawX:14.286000 and rawY:29.143000
DEBUG:root:Forward to the Right
DEBUG:root:Left=-29.143000 Right=14.857000
DEBUG:root:ScaledLeft: 309.428250 ScaledRight: 408.428250
INFO:root:Looping....
DEBUG:root:This is the line: drive:35.143:-11.31

DEBUG:root:We got command: drive
DEBUG:root:We got a drive command: rawX:-11.310000 and rawY:35.143000
DEBUG:root:Forward to the Left/Straight
DEBUG:root:Left=-46.453000 Right=35.143000
DEBUG:root:ScaledLeft: 270.480750 ScaledRight: 454.071750
INFO:root:Looping....
DEBUG:root:This is the line: drive:29.143:14.286

DEBUG:root:We got command: drive
DEBUG:root:We got a drive command: rawX:14.286000 and rawY:29.143000
DEBUG:root:Forward to the Right
DEBUG:root:Left=-29.143000 Right=14.857000
DEBUG:root:ScaledLeft: 309.428250 ScaledRight: 408.428250
INFO:root:Looping....
DEBUG:root:This is the line: drive:35.143:-11.31

DEBUG:root:We got command: drive
DEBUG:root:We got a drive command: rawX:-11.310000 and rawY:35.143000
DEBUG:root:Forward to the Left/Straight
DEBUG:root:Left=-46.453000 Right=35.143000
DEBUG:root:ScaledLeft: 270.480750 ScaledRight: 454.071750
INFO:root:Looping....
DEBUG:root:This is the line: drive:29.143:14.286

DEBUG:root:We got command: drive
DEBUG:root:We got a drive command: rawX:14.286000 and rawY:29.143000
DEBUG:root:Forward to the Right
DEBUG:root:Left=-29.143000 Right=14.857000
DEBUG:root:ScaledLeft: 309.428250 ScaledRight: 408.428250
INFO:root:Looping....
DEBUG:root:This is the line: drive:35.143:-11.31

DEBUG:root:We got command: drive
DEBUG:root:We got a drive command: rawX:-11.310000 and rawY:35.143000
DEBUG:root:Forward to the Left/Straight
DEBUG:root:Left=-46.453000 Right=35.143000
DEBUG:root:ScaledLeft: 270.480750 ScaledRight: 454.071750
INFO:root:Looping....
DEBUG:root:This is the line: drive:29.143:14.286

DEBUG:root:We got command: drive
DEBUG:root:We got a drive command: rawX:14.286000 and rawY:29.143000
DEBUG:root:Forward to the Right
DEBUG:root:Left=-29.143000 Right=14.857000
DEBUG:root:ScaledLeft: 309.428250 ScaledRight: 408.428250
INFO:root:Looping....
DEBUG:root:This is the line: drive:35.143:-11.31

DEBUG:root:We got command: drive
DEBUG:root:We got a drive command: rawX:-11.310000 and rawY:35.143000
DEBUG:root:Forward to the Left/Straight
DEBUG:root:Left=-46.453000 Right=35.143000
DEBUG:root:ScaledLeft: 270.480750 ScaledRight: 454.071750
INFO:root:Looping....
DEBUG:root:This is the line: drive:29.143:14.286

DEBUG:root:We got command: drive
DEBUG:root:We got a drive command: rawX:14.286000 and rawY:29.143000
DEBUG:root:Forward to the Right
DEBUG:root:Left=-29.143000 Right=14.857000
DEBUG:root:ScaledLeft: 309.428250 ScaledRight: 408.428250
INFO:root:Looping....
DEBUG:root:This is the line: drive:29.143:14.286

DEBUG:root:We got command: drive
DEBUG:root:We got a drive command: rawX:14.286000 and rawY:29.143000
DEBUG:root:Forward to the Right
DEBUG:root:Left=-29.143000 Right=14.857000
DEBUG:root:ScaledLeft: 309.428250 ScaledRight: 408.428250
INFO:root:Looping....
DEBUG:root:This is the line: drive:35.143:-11.31

DEBUG:root:We got command: drive
DEBUG:root:We got a drive command: rawX:-11.310000 and rawY:35.143000
DEBUG:root:Forward to the Left/Straight
DEBUG:root:Left=-46.453000 Right=35.143000
DEBUG:root:ScaledLeft: 270.480750 ScaledRight: 454.071750
INFO:root:Looping....
DEBUG:root:This is the line: drive:29.143:14.286

DEBUG:root:We got command: drive
DEBUG:root:We got a drive command: rawX:14.286000 and rawY:29.143000
DEBUG:root:Forward to the Right
DEBUG:root:Left=-29.143000 Right=14.857000
DEBUG:root:ScaledLeft: 309.428250 ScaledRight: 408.428250
INFO:root:Looping....
DEBUG:root:This is the line: drive:35.143:-11.31

DEBUG:root:We got command: drive
DEBUG:root:We got a drive command: rawX:-11.310000 and rawY:35.143000
DEBUG:root:Forward to the Left/Straight
DEBUG:root:Left=-46.453000 Right=35.143000
DEBUG:root:ScaledLeft: 270.480750 ScaledRight: 454.071750
INFO:root:Looping....
DEBUG:root:This is the line: drive:29.143:14.286

DEBUG:root:We got command: drive
DEBUG:root:We got a drive command: rawX:14.286000 and rawY:29.143000
DEBUG:root:Forward to the Right
DEBUG:root:Left=-29.143000 Right=14.857000
DEBUG:root:ScaledLeft: 309.428250 ScaledRight: 408.428250
INFO:root:Looping....
DEBUG:root:This is the line: drive:35.143:-11.31

DEBUG:root:We got command: drive
DEBUG:root:We got a drive command: rawX:-11.310000 and rawY:35.143000
DEBUG:root:Forward to the Left/Straight
DEBUG:root:Left=-46.453000 Right=35.143000
DEBUG:root:ScaledLeft: 270.480750 ScaledRight: 454.071750
INFO:root:Looping....
DEBUG:root:This is the line: drive:29.143:14.286

DEBUG:root:We got command: drive
DEBUG:root:We got a drive command: rawX:14.286000 and rawY:29.143000
DEBUG:root:Forward to the Right
DEBUG:root:Left=-29.143000 Right=14.857000
DEBUG:root:ScaledLeft: 309.428250 ScaledRight: 408.428250
INFO:root:Looping....
DEBUG:root:This is the line: drive:35.143:-11.31

DEBUG:root:We got command: drive
DEBUG:root:We got a drive command: rawX:-11.310000 and rawY:35.143000
DEBUG:root:Forward to the Left/Straight
DEBUG:root:Left=-46.453000 Right=35.143000
DEBUG:root:ScaledLeft: 270.480750 ScaledRight: 454.071750
INFO:root:Looping....
DEBUG:root:This is the line: drive:29.143:14.286

DEBUG:root:We got command: drive
DEBUG:root:We got a drive command: rawX:14.286000 and rawY:29.143000
DEBUG:root:Forward to the Right
DEBUG:root:Left=-29.143000 Right=14.857000
DEBUG:root:ScaledLeft: 309.428250 ScaledRight: 408.428250
INFO:root:Looping....
DEBUG:root:This is the line: drive:35.143:-11.31

DEBUG:root:We got command: drive
DEBUG:root:We got a drive command: rawX:-11.310000 and rawY:35.143000
DEBUG:root:Forward to the Left/Straight
DEBUG:root:Left=-46.453000 Right=35.143000
DEBUG:root:ScaledLeft: 270.480750 ScaledRight: 454.071750
INFO:root:Looping....
DEBUG:root:This is the line: drive:29.143:14.286

DEBUG:root:We got command: drive
DEBUG:root:We got a drive command: rawX:14.286000 and rawY:29.143000
DEBUG:root:Forward to the Right
DEBUG:root:Left=-29.143000 Right=14.857000
DEBUG:root:ScaledLeft: 309.428250 ScaledRight: 408.428250
INFO:root:Looping....
DEBUG:root:This is the line: drive:35.143:-11.31

DEBUG:root:We got command: drive
DEBUG:root:We got a drive command: rawX:-11.310000 and rawY:35.143000
DEBUG:root:Forward to the Left/Straight
DEBUG:root:Left=-46.453000 Right=35.143000
DEBUG:root:ScaledLeft: 270.480750 ScaledRight: 454.071750
INFO:root:Looping....
DEBUG:root:This is the line: drive:29.143:14.286

DEBUG:root:We got command: drive
DEBUG:root:We got a drive command: rawX:14.286000 and rawY:29.143000
DEBUG:root:Forward to the Right
DEBUG:root:Left=-29.143000 Right=14.857000
DEBUG:root:ScaledLeft: 309.428250 ScaledRight: 408.428250
INFO:root:Looping....
DEBUG:root:This is the line: drive:35.143:-11.31

DEBUG:root:We got command: drive
DEBUG:root:We got a drive command: rawX:-11.310000 and rawY:35.143000
DEBUG:root:Forward to the Left/Straight
DEBUG:root:Left=-46.453000 Right=35.143000
DEBUG:root:ScaledLeft: 270.480750 ScaledRight: 454.071750
INFO:root:Looping....
DEBUG:root:This is the line: drive:29.143:14.286

DEBUG:root:We got command: drive
DEBUG:root:We got a drive command: rawX:14.286000 and rawY:29.143000
DEBUG:root:Forward to the Right
DEBUG:root:Left=-29.143000 Right=14.857000
DEBUG:root:ScaledLeft: 309.428250 ScaledRight: 408.428250
INFO:root:Looping....
DEBUG:root:This is the line: drive:35.143:-11.31

DEBUG:root:We got command: drive
DEBUG:root:We got a drive command: rawX:-11.310000 and rawY:35.143000
DEBUG:root:Forward to the Left/Straight
DEBUG:root:Left=-46.453000 Right=35.143000
DEBUG:root:ScaledLeft: 270.480750 ScaledRight: 454.071750
INFO:root:Looping....
DEBUG:root:This is the line: drive:29.143:14.286

DEBUG:root:We got command: drive
DEBUG:root:We got a drive command: rawX:14.286000 and rawY:29.143000
DEBUG:root:Forward to the Right
DEBUG:root:Left=-29.143000 Right=14.857000
DEBUG:root:ScaledLeft: 309.428250 ScaledRight: 408.428250
INFO:root:Looping....
DEBUG:root:This is the line: drive:35.143:-11.31

DEBUG:root:We got command: drive
DEBUG:root:We got a drive command: rawX:-11.310000 and rawY:35.143000
DEBUG:root:Forward to the Left/Straight
DEBUG:root:Left=-46.453000 Right=35.143000
DEBUG:root:ScaledLeft: 270.480750 ScaledRight: 454.071750
INFO:root:Looping....
DEBUG:root:This is the line: drive:29.143:14.286

DEBUG:root:We got command: drive
DEBUG:root:We got a drive command: rawX:14.286000 and rawY:29.143000
DEBUG:root:Forward to the Right
DEBUG:root:Left=-29.143000 Right=14.857000
DEBUG:root:ScaledLeft: 309.428250 ScaledRight: 408.428250
INFO:root:Looping....
DEBUG:root:This is the line: drive:35.143:-11.31

DEBUG:root:We got command: drive
DEBUG:root:We got a drive command: rawX:-11.310000 and rawY:35.143000
DEBUG:root:Forward to the Left/Straight
DEBUG:root:Left=-46.453000 Right=35.143000
DEBUG:root:ScaledLeft: 270.480750 ScaledRight: 454.071750
INFO:root:Looping....
DEBUG:root:This is the line: drive:29.143:14.286

DEBUG:root:We got command: drive
DEBUG:root:We got a drive command: rawX:14.286000 and rawY:29.143000
DEBUG:root:Forward to the Right
DEBUG:root:Left=-29.143000 Right=14.857000
DEBUG:root:ScaledLeft: 309.428250 ScaledRight: 408.428250
INFO:root:Looping....
DEBUG:root:This is the line: drive:35.143:-11.31

DEBUG:root:We got command: drive
DEBUG:root:We got a drive command: rawX:-11.310000 and rawY:35.143000
DEBUG:root:Forward to the Left/Straight
DEBUG:root:Left=-46.453000 Right=35.143000
DEBUG:root:ScaledLeft: 270.480750 ScaledRight: 454.071750
INFO:root:Looping....
DEBUG:root:This is the line: drive:29.143:14.286

DEBUG:root:We got command: drive
DEBUG:root:We got a drive command: rawX:14.286000 and rawY:29.143000
DEBUG:root:Forward to the Right
DEBUG:root:Left=-29.143000 Right=14.857000
DEBUG:root:ScaledLeft: 309.428250 ScaledRight: 408.428250
INFO:root:Looping....
DEBUG:root:This is the line: drive:35.143:-11.31

DEBUG:root:We got command: drive
DEBUG:root:We got a drive command: rawX:-11.310000 and rawY:35.143000
DEBUG:root:Forward to the Left/Straight
DEBUG:root:Left=-46.453000 Right=35.143000
DEBUG:root:ScaledLeft: 270.480750 ScaledRight: 454.071750
INFO:root:Looping....
DEBUG:root:This is the line: drive:29.143:14.286

DEBUG:root:We got command: drive
DEBUG:root:We got a drive command: rawX:14.286000 and rawY:29.143000
DEBUG:root:Forward to the Right
DEBUG:root:Left=-29.143000 Right=14.857000
DEBUG:root:ScaledLeft: 309.428250 ScaledRight: 408.428250
INFO:root:Looping....
DEBUG:root:This is the line: drive:35.143:-11.31

DEBUG:root:We got command: drive
DEBUG:root:We got a drive command: rawX:-11.310000 and rawY:35.143000
DEBUG:root:Forward to the Left/Straight
DEBUG:root:Left=-46.453000 Right=35.143000
DEBUG:root:ScaledLeft: 270.480750 ScaledRight: 454.071750
INFO:root:Looping....
DEBUG:root:This is the line: drive:29.143:14.286

DEBUG:root:We got command: drive
DEBUG:root:We got a drive command: rawX:14.286000 and rawY:29.143000
DEBUG:root:Forward to the Right
DEBUG:root:Left=-29.143000 Right=14.857000
DEBUG:root:ScaledLeft: 309.428250 ScaledRight: 408.428250
INFO:root:Looping....
DEBUG:root:This is the line: drive:35.143:-11.31

DEBUG:root:We got command: drive
DEBUG:root:We got a drive command: rawX:-11.310000 and rawY:35.143000
DEBUG:root:Forward to the Left/Straight
DEBUG:root:Left=-46.453000 Right=35.143000
DEBUG:root:ScaledLeft: 270.480750 ScaledRight: 454.071750
INFO:root:Looping....
DEBUG:root:This is the line: drive:29.143:14.286

DEBUG:root:We got command: drive
DEBUG:root:We got a drive command: rawX:14.286000 and rawY:29.143000
DEBUG:root:Forward to the Right
DEBUG:root:Left=-29.143000 Right=14.857000
DEBUG:root:ScaledLeft: 309.428250 ScaledRight: 408.428250
INFO:root:Looping....
DEBUG:root:This is the line: drive:35.143:-11.31

DEBUG:root:We got command: drive
DEBUG:root:We got a drive command: rawX:-11.310000 and rawY:35.143000
DEBUG:root:Forward to the Left/Straight
DEBUG:root:Left=-46.453000 Right=35.143000
DEBUG:root:ScaledLeft: 270.480750 ScaledRight: 454.071750
INFO:root:Looping....
DEBUG:root:This is the line: drive:29.143:14.286

DEBUG:root:We got command: drive
DEBUG:root:We got a drive command: rawX:14.286000 and rawY:29.143000
DEBUG:root:Forward to the Right
DEBUG:root:Left=-29.143000 Right=14.857000
DEBUG:root:ScaledLeft: 309.428250 ScaledRight: 408.428250
INFO:root:Looping....
DEBUG:root:This is the line: drive:29.143:14.286

DEBUG:root:We got command: drive
DEBUG:root:We got a drive command: rawX:14.286000 and rawY:29.143000
DEBUG:root:Forward to the Right
DEBUG:root:Left=-29.143000 Right=14.857000
DEBUG:root:ScaledLeft: 309.428250 ScaledRight: 408.428250
INFO:root:Looping....
DEBUG:root:This is the line: drive:35.143:-11.31

DEBUG:root:We got command: drive
DEBUG:root:We got a drive command: rawX:-11.310000 and rawY:35.143000
DEBUG:root:Forward to the Left/Straight
DEBUG:root:Left=-46.453000 Right=35.143000
DEBUG:root:ScaledLeft: 270.480750 ScaledRight: 454.071750
INFO:root:Looping....
DEBUG:root:This is the line: drive:29.143:14.286

DEBUG:root:We got command: drive
DEBUG:root:We got a drive command: rawX:14.286000 and rawY:29.143000
DEBUG:root:Forward to the Right
DEBUG:root:Left=-29.143000 Right=14.857000
DEBUG:root:ScaledLeft: 309.428250 ScaledRight: 408.428250
INFO:root:Looping....
DEBUG:root:This is the line: drive:35.143:-11.31

DEBUG:root:We got command: drive
DEBUG:root:We got a drive command: rawX:-11.310000 and rawY:35.143000
DEBUG:root:Forward to the Left/Straight
DEBUG:root:Left=-46.453000 Right=35.143000
DEBUG:root:ScaledLeft: 270.480750 ScaledRight: 454.071750
INFO:root:Looping....
DEBUG:root:This is the line: drive:29.143:14.286

DEBUG:root:We got command: drive
DEBUG:root:We got a drive command: rawX:14.286000 and rawY:29.143000
DEBUG:root:Forward to the Right
DEBUG:root:Left=-29.143000 Right=14.857000
DEBUG:root:ScaledLeft: 309.428250 ScaledRight: 408.428250
INFO:root:Looping....
DEBUG:root:This is the line: drive:35.143:-11.31

DEBUG:root:We got command: drive
DEBUG:root:We got a drive command: rawX:-11.310000 and rawY:35.143000
DEBUG:root:Forward to the Left/Straight
DEBUG:root:Left=-46.453000 Right=35.143000
DEBUG:root:ScaledLeft: 270.480750 ScaledRight: 454.071750
INFO:root:Looping....
DEBUG:root:This is the line: drive:29.143:14.286

DEBUG:root:We got command: drive
DEBUG:root:We got a drive command: rawX:14.286000 and rawY:29.143000
DEBUG:root:Forward to the Right
DEBUG:root:Left=-29.143000 Right=14.857000
DEBUG:root:ScaledLeft: 309.428250 ScaledRight: 408.428250
INFO:root:Looping....
DEBUG:root:This is the line: drive:35.143:-11.31

DEBUG:root:We got command: drive
DEBUG:root:We got a drive command: rawX:-11.310000 and rawY:35.143000
DEBUG:root:Forward to the Left/Straight
DEBUG:root:Left=-46.453000 Right=35.143000
DEBUG:root:ScaledLeft: 270.480750 ScaledRight: 454.071750
INFO:root:Looping....
DEBUG:root:This is the line: drive:29.143:14.286

DEBUG:root:We got command: drive
DEBUG:root:We got a drive command: rawX:14.286000 and rawY:29.143000
DEBUG:root:Forward to the Right
DEBUG:root:Left=-29.143000 Right=14.857000
DEBUG:root:ScaledLeft: 309.428250 ScaledRight: 408.428250
INFO:root:Looping....
DEBUG:root:This is the line: drive:35.143:-11.31

DEBUG:root:We got command: drive
DEBUG:root:We got a drive command: rawX:-11.310000 and rawY:35.143000
DEBUG:root:Forward to the Left/Straight
DEBUG:root:Left=-46.453000 Right=35.143000
DEBUG:root:ScaledLeft: 270.480750 ScaledRight: 454.071750
INFO:root:Looping....
DEBUG:root:This is the line: drive:29.143:14.286

DEBUG:root:We got command: drive
DEBUG:root:We got a drive command: rawX:14.286000 and rawY:29.143000
DEBUG:root:Forward to the Right
DEBUG:root:Left=-29.143000 Right=14.857000
DEBUG:root:ScaledLeft: 309.428250 ScaledRight: 408.428250
INFO:root:Looping....
DEBUG:root:This is the line: drive:29.143:14.286

DEBUG:root:We got command: drive
DEBUG:root:We got a drive command: rawX:14.286000 and rawY:29.143000
DEBUG:root:Forward to the Right
DEBUG:root:Left=-29.143000 Right=14.857000
DEBUG:root:ScaledLeft: 309.428250 ScaledRight: 408.428250
INFO:root:Looping....
DEBUG:root:This is the line: drive:35.143:-11.31

DEBUG:root:We got command: drive
DEBUG:root:We got a drive command: rawX:-11.310000 and rawY:35.143000
DEBUG:root:Forward to the Left/Straight
DEBUG:root:Left=-46.453000 Right=35.143000
DEBUG:root:ScaledLeft: 270.480750 ScaledRight: 454.071750
INFO:root:Looping....
DEBUG:root:This is the line: drive:29.143:14.286

DEBUG:root:We got command: drive
DEBUG:root:We got a drive command: rawX:14.286000 and rawY:29.143000
DEBUG:root:Forward to the Right
DEBUG:root:Left=-29.143000 Right=14.857000
DEBUG:root:ScaledLeft: 309.428250 ScaledRight: 408.428250
INFO:root:Looping....
DEBUG:root:This is the line: drive:35.143:-11.31

DEBUG:root:We got command: drive
DEBUG:root:We got a drive command: rawX:-11.310000 and rawY:35.143000
DEBUG:root:Forward to the Left/Straight
DEBUG:root:Left=-46.453000 Right=35.143000
DEBUG:root:ScaledLeft: 270.480750 ScaledRight: 454.071750
INFO:root:Looping....
DEBUG:root:This is the line: drive:29.143:14.286

DEBUG:root:We got command: drive
DEBUG:root:We got a drive command: rawX:14.286000 and rawY:29.143000
DEBUG:root:Forward to the Right
DEBUG:root:Left=-29.143000 Right=14.857000
DEBUG:root:ScaledLeft: 309.428250 ScaledRight: 408.428250
INFO:root:Looping....
DEBUG:root:This is the line: drive:35.143:-11.31

DEBUG:root:We got command: drive
DEBUG:root:We got a drive command: rawX:-11.310000 and rawY:35.143000
DEBUG:root:Forward to the Left/Straight
DEBUG:root:Left=-46.453000 Right=35.143000
DEBUG:root:ScaledLeft: 270.480750 ScaledRight: 454.071750
INFO:root:Looping....
DEBUG:root:This is the line: drive:29.143:14.286

DEBUG:root:We got command: drive
DEBUG:root:We got a drive command: rawX:14.286000 and rawY:29.143000
DEBUG:root:Forward to the Right
DEBUG:root:Left=-29.143000 Right=14.857000
DEBUG:root:ScaledLeft: 309.428250 ScaledRight: 408.428250
INFO:root:Looping....
DEBUG:root:This is the line: drive:35.143:-11.31

DEBUG:root:We got command: drive
DEBUG:root:We got a drive command: rawX:-11.310000 and rawY:35.143000
DEBUG:root:Forward to the Left/Straight
DEBUG:root:Left=-46.453000 Right=35.143000
DEBUG:root:ScaledLeft: 270.480750 ScaledRight: 454.071750
INFO:root:Looping....
DEBUG:root:This is the line: drive:29.143:14.286

DEBUG:root:We got command: drive
DEBUG:root:We got a drive command: rawX:14.286000 and rawY:29.143000
DEBUG:root:Forward to the Right
DEBUG:root:Left=-29.143000 Right=14.857000
DEBUG:root:ScaledLeft: 309.428250 ScaledRight: 408.428250
INFO:root:Looping....
DEBUG:root:This is the line: drive:35.143:-11.31

DEBUG:root:We got command: drive
DEBUG:root:We got a drive command: rawX:-11.310000 and rawY:35.143000
DEBUG:root:Forward to the Left/Straight
DEBUG:root:Left=-46.453000 Right=35.143000
DEBUG:root:ScaledLeft: 270.480750 ScaledRight: 454.071750
INFO:root:Looping....
DEBUG:root:This is the line: drive:29.143:14.286

DEBUG:root:We got command: drive
DEBUG:root:We got a drive command: rawX:14.286000 and rawY:29.143000
DEBUG:root:Forward to the Right
DEBUG:root:Left=-29.143000 Right=14.857000
DEBUG:root:ScaledLeft: 309.428250 ScaledRight: 408.428250
INFO:root:Looping....
DEBUG:root:This is the line: drive:35.143:-11.31

DEBUG:root:We got command: drive
DEBUG:root:We got a drive command: rawX:-11.310000 and rawY:35.143000
DEBUG:root:Forward to the Left/Straight
DEBUG:root:Left=-46.453000 Right=35.143000
DEBUG:root:ScaledLeft: 270.480750 ScaledRight: 454.071750
INFO:root:Looping....
DEBUG:root:This is the line: drive:29.143:14.286

DEBUG:root:We got command: drive
DEBUG:root:We got a drive command: rawX:14.286000 and rawY:29.143000
DEBUG:root:Forward to the Right
DEBUG:root:Left=-29.143000 Right=14.857000
DEBUG:root:ScaledLeft: 309.428250 ScaledRight: 408.428250
INFO:root:Looping....
DEBUG:root:This is the line: drive:35.143:-11.31

DEBUG:root:We got command: drive
DEBUG:root:We got a drive command: rawX:-11.310000 and rawY:35.143000
DEBUG:root:Forward to the Left/Straight
DEBUG:root:Left=-46.453000 Right=35.143000
DEBUG:root:ScaledLeft: 270.480750 ScaledRight: 454.071750
INFO:root:Looping....
DEBUG:root:This is the line: drive:29.143:14.286

DEBUG:root:We got command: drive
DEBUG:root:We got a drive command: rawX:14.286000 and rawY:29.143000
DEBUG:root:Forward to the Right
DEBUG:root:Left=-29.143000 Right=14.857000
DEBUG:root:ScaledLeft: 309.428250 ScaledRight: 408.428250
INFO:root:Looping....
DEBUG:root:This is the line: drive:35.143:-11.31

DEBUG:root:We got command: drive
DEBUG:root:We got a drive command: rawX:-11.310000 and rawY:35.143000
DEBUG:root:Forward to the Left/Straight
DEBUG:root:Left=-46.453000 Right=35.143000
DEBUG:root:ScaledLeft: 270.480750 ScaledRight: 454.071750
INFO:root:Looping....
DEBUG:root:This is the line: drive:29.143:14.286

DEBUG:root:We got command: drive
DEBUG:root:We got a drive command: rawX:14.286000 and rawY:29.143000
DEBUG:root:Forward to the Right
DEBUG:root:Left=-29.143000 Right=14.857000
DEBUG:root:ScaledLeft: 309.428250 ScaledRight: 408.428250
INFO:root:Looping....
DEBUG:root:This is the line: drive:35.143:-11.31

DEBUG:root:We got command: drive
DEBUG:root:We got a drive command: rawX:-11.310000 and rawY:35.143000
DEBUG:root:Forward to the Left/Straight
DEBUG:root:Left=-46.453000 Right=35.143000
DEBUG:root:ScaledLeft: 270.480750 ScaledRight: 454.071750
INFO:root:Looping....
DEBUG:root:This is the line: drive:29.143:14.286

DEBUG:root:We got command: drive
DEBUG:root:We got a drive command: rawX:14.286000 and rawY:29.143000
DEBUG:root:Forward to the Right
DEBUG:root:Left=-29.143000 Right=14.857000
DEBUG:root:ScaledLeft: 309.428250 ScaledRight: 408.428250
INFO:root:Looping....
DEBUG:root:This is the line: drive:35.143:-11.31

DEBUG:root:We got command: drive
DEBUG:root:We got a drive command: rawX:-11.310000 and rawY:35.143000
DEBUG:root:Forward to the Left/Straight
DEBUG:root:Left=-46.453000 Right=35.143000
DEBUG:root:ScaledLeft: 270.480750 ScaledRight: 454.071750
INFO:root:Looping....
DEBUG:root:This is the line: drive:35.143:-11.31

DEBUG:root:We got command: drive
DEBUG:root:We got a drive command: rawX:-11.310000 and rawY:35.143000
DEBUG:root:Forward to the Left/Straight
DEBUG:root:Left=-46.453000 Right=35.143000
DEBUG:root:ScaledLeft: 270.480750 ScaledRight: 454.071750
INFO:root:Looping....
DEBUG:root:This is the line: drive:29.143:14.286

DEBUG:root:We got command: drive
DEBUG:root:We got a drive command: rawX:14.286000 and rawY:29.143000
DEBUG:root:Forward to the Right
DEBUG:root:Left=-29.143000 Right=14.857000
DEBUG:root:ScaledLeft: 309.428250 ScaledRight: 408.428250
INFO:root:Looping....
DEBUG:root:This is the line: drive:35.143:-11.31

DEBUG:root:We got command: drive
DEBUG:root:We got a drive command: rawX:-11.310000 and rawY:35.143000
DEBUG:root:Forward to the Left/Straight
DEBUG:root:Left=-46.453000 Right=35.143000
DEBUG:root:ScaledLeft: 270.480750 ScaledRight: 454.071750
INFO:root:Looping....
DEBUG:root:This is the line: drive:29.143:14.286

DEBUG:root:We got command: drive
DEBUG:root:We got a drive command: rawX:14.286000 and rawY:29.143000
DEBUG:root:Forward to the Right
DEBUG:root:Left=-29.143000 Right=14.857000
DEBUG:root:ScaledLeft: 309.428250 ScaledRight: 408.428250
INFO:root:Looping....
DEBUG:root:This is the line: drive:35.143:-11.31

DEBUG:root:We got command: drive
DEBUG:root:We got a drive command: rawX:-11.310000 and rawY:35.143000
DEBUG:root:Forward to the Left/Straight
DEBUG:root:Left=-46.453000 Right=35.143000
DEBUG:root:ScaledLeft: 270.480750 ScaledRight: 454.071750
INFO:root:Looping....
DEBUG:root:This is the line: drive:29.143:14.286

DEBUG:root:We got command: drive
DEBUG:root:We got a drive command: rawX:14.286000 and rawY:29.143000
DEBUG:root:Forward to the Right
DEBUG:root:Left=-29.143000 Right=14.857000
DEBUG:root:ScaledLeft: 309.428250 ScaledRight: 408.428250
INFO:root:Looping....
DEBUG:root:This is the line: drive:35.143:-11.31

DEBUG:root:We got command: drive
DEBUG:root:We got a drive command: rawX:-11.310000 and rawY:35.143000
DEBUG:root:Forward to the Left/Straight
DEBUG:root:Left=-46.453000 Right=35.143000
DEBUG:root:ScaledLeft: 270.480750 ScaledRight: 454.071750
INFO:root:Looping....
DEBUG:root:This is the line: drive:29.143:14.286

DEBUG:root:We got command: drive
DEBUG:root:We got a drive command: rawX:14.286000 and rawY:29.143000
DEBUG:root:Forward to the Right
DEBUG:root:Left=-29.143000 Right=14.857000
DEBUG:root:ScaledLeft: 309.428250 ScaledRight: 408.428250
INFO:root:Looping....
DEBUG:root:This is the line: drive:35.143:-11.31

DEBUG:root:We got command: drive
DEBUG:root:We got a drive command: rawX:-11.310000 and rawY:35.143000
DEBUG:root:Forward to the Left/Straight
DEBUG:root:Left=-46.453000 Right=35.143000
DEBUG:root:ScaledLeft: 270.480750 ScaledRight: 454.071750
INFO:root:Looping....
DEBUG:root:This is the line: drive:29.143:14.286

DEBUG:root:We got command: drive
DEBUG:root:We got a drive command: rawX:14.286000 and rawY:29.143000
DEBUG:root:Forward to the Right
DEBUG:root:Left=-29.143000 Right=14.857000
DEBUG:root:ScaledLeft: 309.428250 ScaledRight: 408.428250
INFO:root:Looping....
DEBUG:root:This is the line: drive:35.143:-11.31

DEBUG:root:We got command: drive
DEBUG:root:We got a drive command: rawX:-11.310000 and rawY:35.143000
DEBUG:root:Forward to the Left/Straight
DEBUG:root:Left=-46.453000 Right=35.143000
DEBUG:root:ScaledLeft: 270.480750 ScaledRight: 454.071750
INFO:root:Looping....
DEBUG:root:This is the line: drive:29.143:14.286

DEBUG:root:We got command: drive
DEBUG:root:We got a drive command: rawX:14.286000 and rawY:29.143000
DEBUG:root:Forward to the Right
DEBUG:root:Left=-29.143000 Right=14.857000
DEBUG:root:ScaledLeft: 309.428250 ScaledRight: 408.428250
INFO:root:Looping....
DEBUG:root:This is the line: drive:35.143:-11.31

DEBUG:root:We got command: drive
DEBUG:root:We got a drive command: rawX:-11.310000 and rawY:35.143000
DEBUG:root:Forward to the Left/Straight
DEBUG:root:Left=-46.453000 Right=35.143000
DEBUG:root:ScaledLeft: 270.480750 ScaledRight: 454.071750
INFO:root:Looping....
DEBUG:root:This is the line: drive:29.143:14.286

DEBUG:root:We got command: drive
DEBUG:root:We got a drive command: rawX:14.286000 and rawY:29.143000
DEBUG:root:Forward to the Right
DEBUG:root:Left=-29.143000 Right=14.857000
DEBUG:root:ScaledLeft: 309.428250 ScaledRight: 408.428250
INFO:root:Looping....
DEBUG:root:This is the line: drive:35.143:-11.31

DEBUG:root:We got command: drive
DEBUG:root:We got a drive command: rawX:-11.310000 and rawY:35.143000
DEBUG:root:Forward to the Left/Straight
DEBUG:root:Left=-46.453000 Right=35.143000
DEBUG:root:ScaledLeft: 270.480750 ScaledRight: 454.071750
INFO:root:Looping....
DEBUG:root:This is the line: drive:29.143:14.286

DEBUG:root:We got command: drive
DEBUG:root:We got a drive command: rawX:14.286000 and rawY:29.143000
DEBUG:root:Forward to the Right
DEBUG:root:Left=-29.143000 Right=14.857000
DEBUG:root:ScaledLeft: 309.428250 ScaledRight: 408.428250
INFO:root:Looping....
DEBUG:root:This is the line: drive:35.143:-11.31

DEBUG:root:We got command: drive
DEBUG:root:We got a drive command: rawX:-11.310000 and rawY:35.143000
DEBUG:root:Forward to the Left/Straight
DEBUG:root:Left=-46.453000 Right=35.143000
DEBUG:root:ScaledLeft: 270.480750 ScaledRight: 454.071750
INFO:root:Looping....
DEBUG:root:This is the line: drive:29.143:14.286

DEBUG:root:We got command: drive
DEBUG:root:We got a drive command: rawX:14.286000 and rawY:29.143000
DEBUG:root:Forward to the Right
DEBUG:root:Left=-29.143000 Right=14.857000
DEBUG:root:ScaledLeft: 309.428250 ScaledRight: 408.428250
INFO:root:Looping....
DEBUG:root:This is the line: drive:35.143:-11.31

DEBUG:root:We got command: drive
DEBUG:root:We got a drive command: rawX:-11.310000 and rawY:35.143000
DEBUG:root:Forward to the Left/Straight
DEBUG:root:Left=-46.453000 Right=35.143000
DEBUG:root:ScaledLeft: 270.480750 ScaledRight: 454.071750
INFO:root:Looping....
DEBUG:root:This is the line: drive:29.143:14.286

DEBUG:root:We got command: drive
DEBUG:root:We got a drive command: rawX:14.286000 and rawY:29.143000
DEBUG:root:Forward to the Right
DEBUG:root:Left=-29.143000 Right=14.857000
DEBUG:root:ScaledLeft: 309.428250 ScaledRight: 408.428250
INFO:root:Looping....
DEBUG:root:This is the line: drive:35.143:-11.31

DEBUG:root:We got command: drive
DEBUG:root:We got a drive command: rawX:-11.310000 and rawY:35.143000
DEBUG:root:Forward to the Left/Straight
DEBUG:root:Left=-46.453000 Right=35.143000
DEBUG:root:ScaledLeft: 270.480750 ScaledRight: 454.071750
INFO:root:Looping....
DEBUG:root:This is the line: drive:29.143:14.286

DEBUG:root:We got command: drive
DEBUG:root:We got a drive command: rawX:14.286000 and rawY:29.143000
DEBUG:root:Forward to the Right
DEBUG:root:Left=-29.143000 Right=14.857000
DEBUG:root:ScaledLeft: 309.428250 ScaledRight: 408.428250
INFO:root:Looping....
DEBUG:root:This is the line: drive:29.143:14.286

DEBUG:root:We got command: drive
DEBUG:root:We got a drive command: rawX:14.286000 and rawY:29.143000
DEBUG:root:Forward to the Right
DEBUG:root:Left=-29.143000 Right=14.857000
DEBUG:root:ScaledLeft: 309.428250 ScaledRight: 408.428250
INFO:root:Looping....
DEBUG:root:This is the line: drive:35.143:-11.31

DEBUG:root:We got command: drive
DEBUG:root:We got a drive command: rawX:-11.310000 and rawY:35.143000
DEBUG:root:Forward to the Left/Straight
DEBUG:root:Left=-46.453000 Right=35.143000
DEBUG:root:ScaledLeft: 270.480750 ScaledRight: 454.071750
INFO:root:Looping....
DEBUG:root:This is the line: drive:35.143:-11.31

DEBUG:root:We got command: drive
DEBUG:root:We got a drive command: rawX:-11.310000 and rawY:35.143000
DEBUG:root:Forward to the Left/Straight
DEBUG:root:Left=-46.453000 Right=35.143000
DEBUG:root:ScaledLeft: 270.480750 ScaledRight: 454.071750
INFO:root:Looping....
DEBUG:root:This is the line: drive:29.143:14.286

DEBUG:root:We got command: drive
DEBUG:root:We got a drive command: rawX:14.286000 and rawY:29.143000
DEBUG:root:Forward to the Right
DEBUG:root:Left=-29.143000 Right=14.857000
DEBUG:root:ScaledLeft: 309.428250 ScaledRight: 408.428250
INFO:root:Looping....
DEBUG:root:This is the line: drive:35.143:-11.31

DEBUG:root:We got command: drive
DEBUG:root:We got a drive command: rawX:-11.310000 and rawY:35.143000
DEBUG:root:Forward to the Left/Straight
DEBUG:root:Left=-46.453000 Right=35.143000
DEBUG:root:ScaledLeft: 270.480750 ScaledRight: 454.071750
INFO:root:Looping....
DEBUG:root:This is the line: drive:29.143:14.286

DEBUG:root:We got command: drive
DEBUG:root:We got a drive command: rawX:14.286000 and rawY:29.143000
DEBUG:root:Forward to the Right
DEBUG:root:Left=-29.143000 Right=14.857000
DEBUG:root:ScaledLeft: 309.428250 ScaledRight: 408.428250
INFO:root:Looping....
DEBUG:root:This is the line: drive:35.143:-11.31

DEBUG:root:We got command: drive
DEBUG:root:We got a drive command: rawX:-11.310000 and rawY:35.143000
DEBUG:root:Forward to the Left/Straight
DEBUG:root:Left=-46.453000 Right=35.143000
DEBUG:root:ScaledLeft: 270.480750 ScaledRight: 454.071750
INFO:root:Looping....
DEBUG:root:This is the line: drive:29.143:14.286

DEBUG:root:We got command: drive
DEBUG:root:We got a drive command: rawX:14.286000 and rawY:29.143000
DEBUG:root:Forward to the Right
DEBUG:root:Left=-29.143000 Right=14.857000
DEBUG:root:ScaledLeft: 309.428250 ScaledRight: 408.428250
INFO:root:Looping....
DEBUG:root:This is the line: drive:35.143:-11.31

DEBUG:root:We got command: drive
DEBUG:root:We got a drive command: rawX:-11.310000 and rawY:35.143000
DEBUG:root:Forward to the Left/Straight
DEBUG:root:Left=-46.453000 Right=35.143000
DEBUG:root:ScaledLeft: 270.480750 ScaledRight: 454.071750
INFO:root:Looping....
DEBUG:root:This is the line: drive:29.143:14.286

DEBUG:root:We got command: drive
DEBUG:root:We got a drive command: rawX:14.286000 and rawY:29.143000
DEBUG:root:Forward to the Right
DEBUG:root:Left=-29.143000 Right=14.857000
DEBUG:root:ScaledLeft: 309.428250 ScaledRight: 408.428250
INFO:root:Looping....
DEBUG:root:This is the line: drive:35.143:-11.31

DEBUG:root:We got command: drive
DEBUG:root:We got a drive command: rawX:-11.310000 and rawY:35.143000
DEBUG:root:Forward to the Left/Straight
DEBUG:root:Left=-46.453000 Right=35.143000
DEBUG:root:ScaledLeft: 270.480750 ScaledRight: 454.071750
INFO:root:Looping....
DEBUG:root:This is the line: drive:29.143:14.286

DEBUG:root:We got command: drive
DEBUG:root:We got a drive command: rawX:14.286000 and rawY:29.143000
DEBUG:root:Forward to the Right
DEBUG:root:Left=-29.143000 Right=14.857000
DEBUG:root:ScaledLeft: 309.428250 ScaledRight: 408.428250
INFO:root:Looping....
DEBUG:root:This is the line: drive:35.143:-11.31

DEBUG:root:We got command: drive
DEBUG:root:We got a drive command: rawX:-11.310000 and rawY:35.143000
DEBUG:root:Forward to the Left/Straight
DEBUG:root:Left=-46.453000 Right=35.143000
DEBUG:root:ScaledLeft: 270.480750 ScaledRight: 454.071750
INFO:root:Looping....
DEBUG:root:This is the line: drive:29.143:14.286

DEBUG:root:We got command: drive
DEBUG:root:We got a drive command: rawX:14.286000 and rawY:29.143000
DEBUG:root:Forward to the Right
DEBUG:root:Left=-29.143000 Right=14.857000
DEBUG:root:ScaledLeft: 309.428250 ScaledRight: 408.428250
INFO:root:Looping....
DEBUG:root:This is the line: drive:35.143:-11.31

DEBUG:root:We got command: drive
DEBUG:root:We got a drive command: rawX:-11.310000 and rawY:35.143000
DEBUG:root:Forward to the Left/Straight
DEBUG:root:Left=-46.453000 Right=35.143000
DEBUG:root:ScaledLeft: 270.480750 ScaledRight: 454.071750
INFO:root:Looping....
DEBUG:root:This is the line: drive:29.143:14.286

DEBUG:root:We got command: drive
DEBUG:root:We got a drive command: rawX:14.286000 and rawY:29.143000
DEBUG:root:Forward to the Right
DEBUG:root:Left=-29.143000 Right=14.857000
DEBUG:root:ScaledLeft: 309.428250 ScaledRight: 408.428250
INFO:root:Looping....
DEBUG:root:This is the line: drive:35.143:-11.31

DEBUG:root:We got command: drive
DEBUG:root:We got a drive command: rawX:-11.310000 and rawY:35.143000
DEBUG:root:Forward to the Left/Straight
DEBUG:root:Left=-46.453000 Right=35.143000
DEBUG:root:ScaledLeft: 270.480750 ScaledRight: 454.071750
INFO:root:Looping....
DEBUG:root:This is the line: drive:35.143:-11.31

DEBUG:root:We got command: drive
DEBUG:root:We got a drive command: rawX:-11.310000 and rawY:35.143000
DEBUG:root:Forward to the Left/Straight
DEBUG:root:Left=-46.453000 Right=35.143000
DEBUG:root:ScaledLeft: 270.480750 ScaledRight: 454.071750
INFO:root:Looping....
DEBUG:root:This is the line: drive:27.714:11.31

DEBUG:root:We got command: drive
DEBUG:root:We got a drive command: rawX:11.310000 and rawY:27.714000
DEBUG:root:Forward to the Right
DEBUG:root:Left=-27.714000 Right=16.404000
DEBUG:root:ScaledLeft: 312.643500 ScaledRight: 411.909000
INFO:root:Looping....
DEBUG:root:This is the line: drive:35.143:-11.31

DEBUG:root:We got command: drive
DEBUG:root:We got a drive command: rawX:-11.310000 and rawY:35.143000
DEBUG:root:Forward to the Left/Straight
DEBUG:root:Left=-46.453000 Right=35.143000
DEBUG:root:ScaledLeft: 270.480750 ScaledRight: 454.071750
INFO:root:Looping....
DEBUG:root:This is the line: drive:27.714:11.31

DEBUG:root:We got command: drive
DEBUG:root:We got a drive command: rawX:11.310000 and rawY:27.714000
DEBUG:root:Forward to the Right
DEBUG:root:Left=-27.714000 Right=16.404000
DEBUG:root:ScaledLeft: 312.643500 ScaledRight: 411.909000
INFO:root:Looping....
DEBUG:root:This is the line: drive:35.143:-11.31

DEBUG:root:We got command: drive
DEBUG:root:We got a drive command: rawX:-11.310000 and rawY:35.143000
DEBUG:root:Forward to the Left/Straight
DEBUG:root:Left=-46.453000 Right=35.143000
DEBUG:root:ScaledLeft: 270.480750 ScaledRight: 454.071750
INFO:root:Looping....
DEBUG:root:This is the line: drive:27.714:11.31

DEBUG:root:We got command: drive
DEBUG:root:We got a drive command: rawX:11.310000 and rawY:27.714000
DEBUG:root:Forward to the Right
DEBUG:root:Left=-27.714000 Right=16.404000
DEBUG:root:ScaledLeft: 312.643500 ScaledRight: 411.909000
INFO:root:Looping....
DEBUG:root:This is the line: drive:35.143:-11.31

DEBUG:root:We got command: drive
DEBUG:root:We got a drive command: rawX:-11.310000 and rawY:35.143000
DEBUG:root:Forward to the Left/Straight
DEBUG:root:Left=-46.453000 Right=35.143000
DEBUG:root:ScaledLeft: 270.480750 ScaledRight: 454.071750
INFO:root:Looping....
DEBUG:root:This is the line: drive:27.714:11.31

DEBUG:root:We got command: drive
DEBUG:root:We got a drive command: rawX:11.310000 and rawY:27.714000
DEBUG:root:Forward to the Right
DEBUG:root:Left=-27.714000 Right=16.404000
DEBUG:root:ScaledLeft: 312.643500 ScaledRight: 411.909000
INFO:root:Looping....
DEBUG:root:This is the line: drive:35.143:-11.31

DEBUG:root:We got command: drive
DEBUG:root:We got a drive command: rawX:-11.310000 and rawY:35.143000
DEBUG:root:Forward to the Left/Straight
DEBUG:root:Left=-46.453000 Right=35.143000
DEBUG:root:ScaledLeft: 270.480750 ScaledRight: 454.071750
INFO:root:Looping....
DEBUG:root:This is the line: drive:27.714:11.31

DEBUG:root:We got command: drive
DEBUG:root:We got a drive command: rawX:11.310000 and rawY:27.714000
DEBUG:root:Forward to the Right
DEBUG:root:Left=-27.714000 Right=16.404000
DEBUG:root:ScaledLeft: 312.643500 ScaledRight: 411.909000
INFO:root:Looping....
DEBUG:root:This is the line: drive:35.143:-11.31

DEBUG:root:We got command: drive
DEBUG:root:We got a drive command: rawX:-11.310000 and rawY:35.143000
DEBUG:root:Forward to the Left/Straight
DEBUG:root:Left=-46.453000 Right=35.143000
DEBUG:root:ScaledLeft: 270.480750 ScaledRight: 454.071750
INFO:root:Looping....
DEBUG:root:This is the line: drive:27.714:11.31

DEBUG:root:We got command: drive
DEBUG:root:We got a drive command: rawX:11.310000 and rawY:27.714000
DEBUG:root:Forward to the Right
DEBUG:root:Left=-27.714000 Right=16.404000
DEBUG:root:ScaledLeft: 312.643500 ScaledRight: 411.909000
INFO:root:Looping....
DEBUG:root:This is the line: drive:35.143:-11.31

DEBUG:root:We got command: drive
DEBUG:root:We got a drive command: rawX:-11.310000 and rawY:35.143000
DEBUG:root:Forward to the Left/Straight
DEBUG:root:Left=-46.453000 Right=35.143000
DEBUG:root:ScaledLeft: 270.480750 ScaledRight: 454.071750
INFO:root:Looping....
DEBUG:root:This is the line: drive:27.714:11.31

DEBUG:root:We got command: drive
DEBUG:root:We got a drive command: rawX:11.310000 and rawY:27.714000
DEBUG:root:Forward to the Right
DEBUG:root:Left=-27.714000 Right=16.404000
DEBUG:root:ScaledLeft: 312.643500 ScaledRight: 411.909000
INFO:root:Looping....
DEBUG:root:This is the line: drive:35.143:-11.31

DEBUG:root:We got command: drive
DEBUG:root:We got a drive command: rawX:-11.310000 and rawY:35.143000
DEBUG:root:Forward to the Left/Straight
DEBUG:root:Left=-46.453000 Right=35.143000
DEBUG:root:ScaledLeft: 270.480750 ScaledRight: 454.071750
INFO:root:Looping....
DEBUG:root:This is the line: drive:27.714:11.31

DEBUG:root:We got command: drive
DEBUG:root:We got a drive command: rawX:11.310000 and rawY:27.714000
DEBUG:root:Forward to the Right
DEBUG:root:Left=-27.714000 Right=16.404000
DEBUG:root:ScaledLeft: 312.643500 ScaledRight: 411.909000
INFO:root:Looping....
DEBUG:root:This is the line: drive:27.714:11.31

DEBUG:root:We got command: drive
DEBUG:root:We got a drive command: rawX:11.310000 and rawY:27.714000
DEBUG:root:Forward to the Right
DEBUG:root:Left=-27.714000 Right=16.404000
DEBUG:root:ScaledLeft: 312.643500 ScaledRight: 411.909000
INFO:root:Looping....
DEBUG:root:This is the line: drive:35.143:-11.31

DEBUG:root:We got command: drive
DEBUG:root:We got a drive command: rawX:-11.310000 and rawY:35.143000
DEBUG:root:Forward to the Left/Straight
DEBUG:root:Left=-46.453000 Right=35.143000
DEBUG:root:ScaledLeft: 270.480750 ScaledRight: 454.071750
INFO:root:Looping....
DEBUG:root:This is the line: drive:35.143:-11.31

DEBUG:root:We got command: drive
DEBUG:root:We got a drive command: rawX:-11.310000 and rawY:35.143000
DEBUG:root:Forward to the Left/Straight
DEBUG:root:Left=-46.453000 Right=35.143000
DEBUG:root:ScaledLeft: 270.480750 ScaledRight: 454.071750
INFO:root:Looping....
DEBUG:root:This is the line: drive:27.714:11.31

DEBUG:root:We got command: drive
DEBUG:root:We got a drive command: rawX:11.310000 and rawY:27.714000
DEBUG:root:Forward to the Right
DEBUG:root:Left=-27.714000 Right=16.404000
DEBUG:root:ScaledLeft: 312.643500 ScaledRight: 411.909000
INFO:root:Looping....
DEBUG:root:This is the line: drive:35.143:-11.31

DEBUG:root:We got command: drive
DEBUG:root:We got a drive command: rawX:-11.310000 and rawY:35.143000
DEBUG:root:Forward to the Left/Straight
DEBUG:root:Left=-46.453000 Right=35.143000
DEBUG:root:ScaledLeft: 270.480750 ScaledRight: 454.071750
INFO:root:Looping....
DEBUG:root:This is the line: drive:27.714:11.31

DEBUG:root:We got command: drive
DEBUG:root:We got a drive command: rawX:11.310000 and rawY:27.714000
DEBUG:root:Forward to the Right
DEBUG:root:Left=-27.714000 Right=16.404000
DEBUG:root:ScaledLeft: 312.643500 ScaledRight: 411.909000
INFO:root:Looping....
DEBUG:root:This is the line: drive:27.714:11.31

DEBUG:root:We got command: drive
DEBUG:root:We got a drive command: rawX:11.310000 and rawY:27.714000
DEBUG:root:Forward to the Right
DEBUG:root:Left=-27.714000 Right=16.404000
DEBUG:root:ScaledLeft: 312.643500 ScaledRight: 411.909000
INFO:root:Looping....
DEBUG:root:This is the line: drive:35.143:-11.31

DEBUG:root:We got command: drive
DEBUG:root:We got a drive command: rawX:-11.310000 and rawY:35.143000
DEBUG:root:Forward to the Left/Straight
DEBUG:root:Left=-46.453000 Right=35.143000
DEBUG:root:ScaledLeft: 270.480750 ScaledRight: 454.071750
INFO:root:Looping....
DEBUG:root:This is the line: drive:27.714:11.31

DEBUG:root:We got command: drive
DEBUG:root:We got a drive command: rawX:11.310000 and rawY:27.714000
DEBUG:root:Forward to the Right
DEBUG:root:Left=-27.714000 Right=16.404000
DEBUG:root:ScaledLeft: 312.643500 ScaledRight: 411.909000
INFO:root:Looping....
DEBUG:root:This is the line: drive:35.143:-11.31

DEBUG:root:We got command: drive
DEBUG:root:We got a drive command: rawX:-11.310000 and rawY:35.143000
DEBUG:root:Forward to the Left/Straight
DEBUG:root:Left=-46.453000 Right=35.143000
DEBUG:root:ScaledLeft: 270.480750 ScaledRight: 454.071750
INFO:root:Looping....
DEBUG:root:This is the line: drive:27.714:11.31

DEBUG:root:We got command: drive
DEBUG:root:We got a drive command: rawX:11.310000 and rawY:27.714000
DEBUG:root:Forward to the Right
DEBUG:root:Left=-27.714000 Right=16.404000
DEBUG:root:ScaledLeft: 312.643500 ScaledRight: 411.909000
INFO:root:Looping....
DEBUG:root:This is the line: drive:35.143:-11.31

DEBUG:root:We got command: drive
DEBUG:root:We got a drive command: rawX:-11.310000 and rawY:35.143000
DEBUG:root:Forward to the Left/Straight
DEBUG:root:Left=-46.453000 Right=35.143000
DEBUG:root:ScaledLeft: 270.480750 ScaledRight: 454.071750
INFO:root:Looping....
DEBUG:root:This is the line: drive:27.714:11.31

DEBUG:root:We got command: drive
DEBUG:root:We got a drive command: rawX:11.310000 and rawY:27.714000
DEBUG:root:Forward to the Right
DEBUG:root:Left=-27.714000 Right=16.404000
DEBUG:root:ScaledLeft: 312.643500 ScaledRight: 411.909000
INFO:root:Looping....
DEBUG:root:This is the line: drive:35.143:-11.31

DEBUG:root:We got command: drive
DEBUG:root:We got a drive command: rawX:-11.310000 and rawY:35.143000
DEBUG:root:Forward to the Left/Straight
DEBUG:root:Left=-46.453000 Right=35.143000
DEBUG:root:ScaledLeft: 270.480750 ScaledRight: 454.071750
INFO:root:Looping....
DEBUG:root:This is the line: drive:27.714:11.31

DEBUG:root:We got command: drive
DEBUG:root:We got a drive command: rawX:11.310000 and rawY:27.714000
DEBUG:root:Forward to the Right
DEBUG:root:Left=-27.714000 Right=16.404000
DEBUG:root:ScaledLeft: 312.643500 ScaledRight: 411.909000
INFO:root:Looping....
DEBUG:root:This is the line: drive:35.143:-11.31

DEBUG:root:We got command: drive
DEBUG:root:We got a drive command: rawX:-11.310000 and rawY:35.143000
DEBUG:root:Forward to the Left/Straight
DEBUG:root:Left=-46.453000 Right=35.143000
DEBUG:root:ScaledLeft: 270.480750 ScaledRight: 454.071750
INFO:root:Looping....
DEBUG:root:This is the line: drive:27.714:11.31

DEBUG:root:We got command: drive
DEBUG:root:We got a drive command: rawX:11.310000 and rawY:27.714000
DEBUG:root:Forward to the Right
DEBUG:root:Left=-27.714000 Right=16.404000
DEBUG:root:ScaledLeft: 312.643500 ScaledRight: 411.909000
INFO:root:Looping....
DEBUG:root:This is the line: drive:35.143:-11.31

DEBUG:root:We got command: drive
DEBUG:root:We got a drive command: rawX:-11.310000 and rawY:35.143000
DEBUG:root:Forward to the Left/Straight
DEBUG:root:Left=-46.453000 Right=35.143000
DEBUG:root:ScaledLeft: 270.480750 ScaledRight: 454.071750
INFO:root:Looping....
DEBUG:root:This is the line: drive:27.714:11.31

DEBUG:root:We got command: drive
DEBUG:root:We got a drive command: rawX:11.310000 and rawY:27.714000
DEBUG:root:Forward to the Right
DEBUG:root:Left=-27.714000 Right=16.404000
DEBUG:root:ScaledLeft: 312.643500 ScaledRight: 411.909000
INFO:root:Looping....
DEBUG:root:This is the line: drive:35.143:-11.31

DEBUG:root:We got command: drive
DEBUG:root:We got a drive command: rawX:-11.310000 and rawY:35.143000
DEBUG:root:Forward to the Left/Straight
DEBUG:root:Left=-46.453000 Right=35.143000
DEBUG:root:ScaledLeft: 270.480750 ScaledRight: 454.071750
INFO:root:Looping....
DEBUG:root:This is the line: drive:27.714:11.31

DEBUG:root:We got command: drive
DEBUG:root:We got a drive command: rawX:11.310000 and rawY:27.714000
DEBUG:root:Forward to the Right
DEBUG:root:Left=-27.714000 Right=16.404000
DEBUG:root:ScaledLeft: 312.643500 ScaledRight: 411.909000
INFO:root:Looping....
DEBUG:root:This is the line: drive:35.143:-11.31

DEBUG:root:We got command: drive
DEBUG:root:We got a drive command: rawX:-11.310000 and rawY:35.143000
DEBUG:root:Forward to the Left/Straight
DEBUG:root:Left=-46.453000 Right=35.143000
DEBUG:root:ScaledLeft: 270.480750 ScaledRight: 454.071750
INFO:root:Looping....
DEBUG:root:This is the line: drive:27.714:11.31

DEBUG:root:We got command: drive
DEBUG:root:We got a drive command: rawX:11.310000 and rawY:27.714000
DEBUG:root:Forward to the Right
DEBUG:root:Left=-27.714000 Right=16.404000
DEBUG:root:ScaledLeft: 312.643500 ScaledRight: 411.909000
INFO:root:Looping....
DEBUG:root:This is the line: drive:35.143:-11.31

DEBUG:root:We got command: drive
DEBUG:root:We got a drive command: rawX:-11.310000 and rawY:35.143000
DEBUG:root:Forward to the Left/Straight
DEBUG:root:Left=-46.453000 Right=35.143000
DEBUG:root:ScaledLeft: 270.480750 ScaledRight: 454.071750
INFO:root:Looping....
DEBUG:root:This is the line: drive:27.714:11.31

DEBUG:root:We got command: drive
DEBUG:root:We got a drive command: rawX:11.310000 and rawY:27.714000
DEBUG:root:Forward to the Right
DEBUG:root:Left=-27.714000 Right=16.404000
DEBUG:root:ScaledLeft: 312.643500 ScaledRight: 411.909000
INFO:root:Looping....
DEBUG:root:This is the line: drive:35.143:-11.31

DEBUG:root:We got command: drive
DEBUG:root:We got a drive command: rawX:-11.310000 and rawY:35.143000
DEBUG:root:Forward to the Left/Straight
DEBUG:root:Left=-46.453000 Right=35.143000
DEBUG:root:ScaledLeft: 270.480750 ScaledRight: 454.071750
INFO:root:Looping....
DEBUG:root:This is the line: drive:27.714:11.31

DEBUG:root:We got command: drive
DEBUG:root:We got a drive command: rawX:11.310000 and rawY:27.714000
DEBUG:root:Forward to the Right
DEBUG:root:Left=-27.714000 Right=16.404000
DEBUG:root:ScaledLeft: 312.643500 ScaledRight: 411.909000
INFO:root:Looping....
DEBUG:root:This is the line: drive:35.143:-11.31

DEBUG:root:We got command: drive
DEBUG:root:We got a drive command: rawX:-11.310000 and rawY:35.143000
DEBUG:root:Forward to the Left/Straight
DEBUG:root:Left=-46.453000 Right=35.143000
DEBUG:root:ScaledLeft: 270.480750 ScaledRight: 454.071750
INFO:root:Looping....
DEBUG:root:This is the line: drive:27.714:11.31

DEBUG:root:We got command: drive
DEBUG:root:We got a drive command: rawX:11.310000 and rawY:27.714000
DEBUG:root:Forward to the Right
DEBUG:root:Left=-27.714000 Right=16.404000
DEBUG:root:ScaledLeft: 312.643500 ScaledRight: 411.909000
INFO:root:Looping....
DEBUG:root:This is the line: drive:35.143:-11.31

DEBUG:root:We got command: drive
DEBUG:root:We got a drive command: rawX:-11.310000 and rawY:35.143000
DEBUG:root:Forward to the Left/Straight
DEBUG:root:Left=-46.453000 Right=35.143000
DEBUG:root:ScaledLeft: 270.480750 ScaledRight: 454.071750
INFO:root:Looping....
DEBUG:root:This is the line: drive:27.714:11.31

DEBUG:root:We got command: drive
DEBUG:root:We got a drive command: rawX:11.310000 and rawY:27.714000
DEBUG:root:Forward to the Right
DEBUG:root:Left=-27.714000 Right=16.404000
DEBUG:root:ScaledLeft: 312.643500 ScaledRight: 411.909000
INFO:root:Looping....
DEBUG:root:This is the line: drive:35.143:-11.31

DEBUG:root:We got command: drive
DEBUG:root:We got a drive command: rawX:-11.310000 and rawY:35.143000
DEBUG:root:Forward to the Left/Straight
DEBUG:root:Left=-46.453000 Right=35.143000
DEBUG:root:ScaledLeft: 270.480750 ScaledRight: 454.071750
INFO:root:Looping....
DEBUG:root:This is the line: drive:35.143:-11.31

DEBUG:root:We got command: drive
DEBUG:root:We got a drive command: rawX:-11.310000 and rawY:35.143000
DEBUG:root:Forward to the Left/Straight
DEBUG:root:Left=-46.453000 Right=35.143000
DEBUG:root:ScaledLeft: 270.480750 ScaledRight: 454.071750
INFO:root:Looping....
DEBUG:root:This is the line: drive:27.714:11.31

DEBUG:root:We got command: drive
DEBUG:root:We got a drive command: rawX:11.310000 and rawY:27.714000
DEBUG:root:Forward to the Right
DEBUG:root:Left=-27.714000 Right=16.404000
DEBUG:root:ScaledLeft: 312.643500 ScaledRight: 411.909000
INFO:root:Looping....
DEBUG:root:This is the line: drive:35.143:-11.31

DEBUG:root:We got command: drive
DEBUG:root:We got a drive command: rawX:-11.310000 and rawY:35.143000
DEBUG:root:Forward to the Left/Straight
DEBUG:root:Left=-46.453000 Right=35.143000
DEBUG:root:ScaledLeft: 270.480750 ScaledRight: 454.071750
INFO:root:Looping....
DEBUG:root:This is the line: drive:27.714:11.31

DEBUG:root:We got command: drive
DEBUG:root:We got a drive command: rawX:11.310000 and rawY:27.714000
DEBUG:root:Forward to the Right
DEBUG:root:Left=-27.714000 Right=16.404000
DEBUG:root:ScaledLeft: 312.643500 ScaledRight: 411.909000
INFO:root:Looping....
DEBUG:root:This is the line: drive:35.143:-11.31

DEBUG:root:We got command: drive
DEBUG:root:We got a drive command: rawX:-11.310000 and rawY:35.143000
DEBUG:root:Forward to the Left/Straight
DEBUG:root:Left=-46.453000 Right=35.143000
DEBUG:root:ScaledLeft: 270.480750 ScaledRight: 454.071750
INFO:root:Looping....
DEBUG:root:This is the line: drive:27.714:11.31

DEBUG:root:We got command: drive
DEBUG:root:We got a drive command: rawX:11.310000 and rawY:27.714000
DEBUG:root:Forward to the Right
DEBUG:root:Left=-27.714000 Right=16.404000
DEBUG:root:ScaledLeft: 312.643500 ScaledRight: 411.909000
INFO:root:Looping....
DEBUG:root:This is the line: drive:27.714:11.31

DEBUG:root:We got command: drive
DEBUG:root:We got a drive command: rawX:11.310000 and rawY:27.714000
DEBUG:root:Forward to the Right
DEBUG:root:Left=-27.714000 Right=16.404000
DEBUG:root:ScaledLeft: 312.643500 ScaledRight: 411.909000
INFO:root:Looping....
DEBUG:root:This is the line: drive:35.143:-11.31

DEBUG:root:We got command: drive
DEBUG:root:We got a drive command: rawX:-11.310000 and rawY:35.143000
DEBUG:root:Forward to the Left/Straight
DEBUG:root:Left=-46.453000 Right=35.143000
DEBUG:root:ScaledLeft: 270.480750 ScaledRight: 454.071750
INFO:root:Looping....
DEBUG:root:This is the line: drive:35.143:-11.31

DEBUG:root:We got command: drive
DEBUG:root:We got a drive command: rawX:-11.310000 and rawY:35.143000
DEBUG:root:Forward to the Left/Straight
DEBUG:root:Left=-46.453000 Right=35.143000
DEBUG:root:ScaledLeft: 270.480750 ScaledRight: 454.071750
INFO:root:Looping....
DEBUG:root:This is the line: drive:27.714:11.31

DEBUG:root:We got command: drive
DEBUG:root:We got a drive command: rawX:11.310000 and rawY:27.714000
DEBUG:root:Forward to the Right
DEBUG:root:Left=-27.714000 Right=16.404000
DEBUG:root:ScaledLeft: 312.643500 ScaledRight: 411.909000
INFO:root:Looping....
DEBUG:root:This is the line: drive:35.143:-11.31

DEBUG:root:We got command: drive
DEBUG:root:We got a drive command: rawX:-11.310000 and rawY:35.143000
DEBUG:root:Forward to the Left/Straight
DEBUG:root:Left=-46.453000 Right=35.143000
DEBUG:root:ScaledLeft: 270.480750 ScaledRight: 454.071750
INFO:root:Looping....
DEBUG:root:This is the line: drive:27.714:11.31

DEBUG:root:We got command: drive
DEBUG:root:We got a drive command: rawX:11.310000 and rawY:27.714000
DEBUG:root:Forward to the Right
DEBUG:root:Left=-27.714000 Right=16.404000
DEBUG:root:ScaledLeft: 312.643500 ScaledRight: 411.909000
INFO:root:Looping....
DEBUG:root:This is the line: drive:35.143:-11.31

DEBUG:root:We got command: drive
DEBUG:root:We got a drive command: rawX:-11.310000 and rawY:35.143000
DEBUG:root:Forward to the Left/Straight
DEBUG:root:Left=-46.453000 Right=35.143000
DEBUG:root:ScaledLeft: 270.480750 ScaledRight: 454.071750
INFO:root:Looping....
DEBUG:root:This is the line: drive:27.714:11.31

DEBUG:root:We got command: drive
DEBUG:root:We got a drive command: rawX:11.310000 and rawY:27.714000
DEBUG:root:Forward to the Right
DEBUG:root:Left=-27.714000 Right=16.404000
DEBUG:root:ScaledLeft: 312.643500 ScaledRight: 411.909000
INFO:root:Looping....
DEBUG:root:This is the line: drive:35.143:-11.31

DEBUG:root:We got command: drive
DEBUG:root:We got a drive command: rawX:-11.310000 and rawY:35.143000
DEBUG:root:Forward to the Left/Straight
DEBUG:root:Left=-46.453000 Right=35.143000
DEBUG:root:ScaledLeft: 270.480750 ScaledRight: 454.071750
INFO:root:Looping....
DEBUG:root:This is the line: drive:27.714:11.31

DEBUG:root:We got command: drive
DEBUG:root:We got a drive command: rawX:11.310000 and rawY:27.714000
DEBUG:root:Forward to the Right
DEBUG:root:Left=-27.714000 Right=16.404000
DEBUG:root:ScaledLeft: 312.643500 ScaledRight: 411.909000
INFO:root:Looping....
DEBUG:root:This is the line: drive:35.143:-11.31

DEBUG:root:We got command: drive
DEBUG:root:We got a drive command: rawX:-11.310000 and rawY:35.143000
DEBUG:root:Forward to the Left/Straight
DEBUG:root:Left=-46.453000 Right=35.143000
DEBUG:root:ScaledLeft: 270.480750 ScaledRight: 454.071750
INFO:root:Looping....
DEBUG:root:This is the line: drive:27.714:11.31

DEBUG:root:We got command: drive
DEBUG:root:We got a drive command: rawX:11.310000 and rawY:27.714000
DEBUG:root:Forward to the Right
DEBUG:root:Left=-27.714000 Right=16.404000
DEBUG:root:ScaledLeft: 312.643500 ScaledRight: 411.909000
INFO:root:Looping....
DEBUG:root:This is the line: drive:35.143:-11.31

DEBUG:root:We got command: drive
DEBUG:root:We got a drive command: rawX:-11.310000 and rawY:35.143000
DEBUG:root:Forward to the Left/Straight
DEBUG:root:Left=-46.453000 Right=35.143000
DEBUG:root:ScaledLeft: 270.480750 ScaledRight: 454.071750
INFO:root:Looping....
DEBUG:root:This is the line: drive:27.714:11.31

DEBUG:root:We got command: drive
DEBUG:root:We got a drive command: rawX:11.310000 and rawY:27.714000
DEBUG:root:Forward to the Right
DEBUG:root:Left=-27.714000 Right=16.404000
DEBUG:root:ScaledLeft: 312.643500 ScaledRight: 411.909000
INFO:root:Looping....
DEBUG:root:This is the line: drive:35.143:-11.31

DEBUG:root:We got command: drive
DEBUG:root:We got a drive command: rawX:-11.310000 and rawY:35.143000
DEBUG:root:Forward to the Left/Straight
DEBUG:root:Left=-46.453000 Right=35.143000
DEBUG:root:ScaledLeft: 270.480750 ScaledRight: 454.071750
INFO:root:Looping....
DEBUG:root:This is the line: drive:27.714:11.31

DEBUG:root:We got command: drive
DEBUG:root:We got a drive command: rawX:11.310000 and rawY:27.714000
DEBUG:root:Forward to the Right
DEBUG:root:Left=-27.714000 Right=16.404000
DEBUG:root:ScaledLeft: 312.643500 ScaledRight: 411.909000
INFO:root:Looping....
DEBUG:root:This is the line: drive:35.143:-11.31

DEBUG:root:We got command: drive
DEBUG:root:We got a drive command: rawX:-11.310000 and rawY:35.143000
DEBUG:root:Forward to the Left/Straight
DEBUG:root:Left=-46.453000 Right=35.143000
DEBUG:root:ScaledLeft: 270.480750 ScaledRight: 454.071750
INFO:root:Looping....
DEBUG:root:This is the line: drive:27.714:11.31

DEBUG:root:We got command: drive
DEBUG:root:We got a drive command: rawX:11.310000 and rawY:27.714000
DEBUG:root:Forward to the Right
DEBUG:root:Left=-27.714000 Right=16.404000
DEBUG:root:ScaledLeft: 312.643500 ScaledRight: 411.909000
INFO:root:Looping....
DEBUG:root:This is the line: drive:35.143:-11.31

DEBUG:root:We got command: drive
DEBUG:root:We got a drive command: rawX:-11.310000 and rawY:35.143000
DEBUG:root:Forward to the Left/Straight
DEBUG:root:Left=-46.453000 Right=35.143000
DEBUG:root:ScaledLeft: 270.480750 ScaledRight: 454.071750
INFO:root:Looping....
DEBUG:root:This is the line: drive:27.714:11.31

DEBUG:root:We got command: drive
DEBUG:root:We got a drive command: rawX:11.310000 and rawY:27.714000
DEBUG:root:Forward to the Right
DEBUG:root:Left=-27.714000 Right=16.404000
DEBUG:root:ScaledLeft: 312.643500 ScaledRight: 411.909000
INFO:root:Looping....
DEBUG:root:This is the line: drive:27.714:11.31

DEBUG:root:We got command: drive
DEBUG:root:We got a drive command: rawX:11.310000 and rawY:27.714000
DEBUG:root:Forward to the Right
DEBUG:root:Left=-27.714000 Right=16.404000
DEBUG:root:ScaledLeft: 312.643500 ScaledRight: 411.909000
INFO:root:Looping....
DEBUG:root:This is the line: drive:35.143:-11.31

DEBUG:root:We got command: drive
DEBUG:root:We got a drive command: rawX:-11.310000 and rawY:35.143000
DEBUG:root:Forward to the Left/Straight
DEBUG:root:Left=-46.453000 Right=35.143000
DEBUG:root:ScaledLeft: 270.480750 ScaledRight: 454.071750
INFO:root:Looping....
DEBUG:root:This is the line: drive:27.714:11.31

DEBUG:root:We got command: drive
DEBUG:root:We got a drive command: rawX:11.310000 and rawY:27.714000
DEBUG:root:Forward to the Right
DEBUG:root:Left=-27.714000 Right=16.404000
DEBUG:root:ScaledLeft: 312.643500 ScaledRight: 411.909000
INFO:root:Looping....
DEBUG:root:This is the line: drive:35.143:-11.31

DEBUG:root:We got command: drive
DEBUG:root:We got a drive command: rawX:-11.310000 and rawY:35.143000
DEBUG:root:Forward to the Left/Straight
DEBUG:root:Left=-46.453000 Right=35.143000
DEBUG:root:ScaledLeft: 270.480750 ScaledRight: 454.071750
INFO:root:Looping....
DEBUG:root:This is the line: drive:27.714:11.31

DEBUG:root:We got command: drive
DEBUG:root:We got a drive command: rawX:11.310000 and rawY:27.714000
DEBUG:root:Forward to the Right
DEBUG:root:Left=-27.714000 Right=16.404000
DEBUG:root:ScaledLeft: 312.643500 ScaledRight: 411.909000
INFO:root:Looping....
DEBUG:root:This is the line: drive:35.143:-11.31

DEBUG:root:We got command: drive
DEBUG:root:We got a drive command: rawX:-11.310000 and rawY:35.143000
DEBUG:root:Forward to the Left/Straight
DEBUG:root:Left=-46.453000 Right=35.143000
DEBUG:root:ScaledLeft: 270.480750 ScaledRight: 454.071750
INFO:root:Looping....
DEBUG:root:This is the line: drive:27.714:11.31

DEBUG:root:We got command: drive
DEBUG:root:We got a drive command: rawX:11.310000 and rawY:27.714000
DEBUG:root:Forward to the Right
DEBUG:root:Left=-27.714000 Right=16.404000
DEBUG:root:ScaledLeft: 312.643500 ScaledRight: 411.909000
INFO:root:Looping....
DEBUG:root:This is the line: drive:35.143:-11.31

DEBUG:root:We got command: drive
DEBUG:root:We got a drive command: rawX:-11.310000 and rawY:35.143000
DEBUG:root:Forward to the Left/Straight
DEBUG:root:Left=-46.453000 Right=35.143000
DEBUG:root:ScaledLeft: 270.480750 ScaledRight: 454.071750
INFO:root:Looping....
DEBUG:root:This is the line: drive:35.143:-11.31

DEBUG:root:We got command: drive
DEBUG:root:We got a drive command: rawX:-11.310000 and rawY:35.143000
DEBUG:root:Forward to the Left/Straight
DEBUG:root:Left=-46.453000 Right=35.143000
DEBUG:root:ScaledLeft: 270.480750 ScaledRight: 454.071750
INFO:root:Looping....
DEBUG:root:This is the line: drive:27.714:11.31

DEBUG:root:We got command: drive
DEBUG:root:We got a drive command: rawX:11.310000 and rawY:27.714000
DEBUG:root:Forward to the Right
DEBUG:root:Left=-27.714000 Right=16.404000
DEBUG:root:ScaledLeft: 312.643500 ScaledRight: 411.909000
INFO:root:Looping....
DEBUG:root:This is the line: drive:35.143:-11.31

DEBUG:root:We got command: drive
DEBUG:root:We got a drive command: rawX:-11.310000 and rawY:35.143000
DEBUG:root:Forward to the Left/Straight
DEBUG:root:Left=-46.453000 Right=35.143000
DEBUG:root:ScaledLeft: 270.480750 ScaledRight: 454.071750
INFO:root:Looping....
DEBUG:root:This is the line: drive:27.714:11.31

DEBUG:root:We got command: drive
DEBUG:root:We got a drive command: rawX:11.310000 and rawY:27.714000
DEBUG:root:Forward to the Right
DEBUG:root:Left=-27.714000 Right=16.404000
DEBUG:root:ScaledLeft: 312.643500 ScaledRight: 411.909000
INFO:root:Looping....
DEBUG:root:This is the line: drive:35.143:-11.31

DEBUG:root:We got command: drive
DEBUG:root:We got a drive command: rawX:-11.310000 and rawY:35.143000
DEBUG:root:Forward to the Left/Straight
DEBUG:root:Left=-46.453000 Right=35.143000
DEBUG:root:ScaledLeft: 270.480750 ScaledRight: 454.071750
INFO:root:Looping....
DEBUG:root:This is the line: drive:27.714:11.31

DEBUG:root:We got command: drive
DEBUG:root:We got a drive command: rawX:11.310000 and rawY:27.714000
DEBUG:root:Forward to the Right
DEBUG:root:Left=-27.714000 Right=16.404000
DEBUG:root:ScaledLeft: 312.643500 ScaledRight: 411.909000
INFO:root:Looping....
DEBUG:root:This is the line: drive:35.143:-11.31

DEBUG:root:We got command: drive
DEBUG:root:We got a drive command: rawX:-11.310000 and rawY:35.143000
DEBUG:root:Forward to the Left/Straight
DEBUG:root:Left=-46.453000 Right=35.143000
DEBUG:root:ScaledLeft: 270.480750 ScaledRight: 454.071750
INFO:root:Looping....
DEBUG:root:This is the line: drive:27.714:11.31

DEBUG:root:We got command: drive
DEBUG:root:We got a drive command: rawX:11.310000 and rawY:27.714000
DEBUG:root:Forward to the Right
DEBUG:root:Left=-27.714000 Right=16.404000
DEBUG:root:ScaledLeft: 312.643500 ScaledRight: 411.909000
INFO:root:Looping....
DEBUG:root:This is the line: drive:35.143:-11.31

DEBUG:root:We got command: drive
DEBUG:root:We got a drive command: rawX:-11.310000 and rawY:35.143000
DEBUG:root:Forward to the Left/Straight
DEBUG:root:Left=-46.453000 Right=35.143000
DEBUG:root:ScaledLeft: 270.480750 ScaledRight: 454.071750
INFO:root:Looping....
DEBUG:root:This is the line: drive:27.714:11.31

DEBUG:root:We got command: drive
DEBUG:root:We got a drive command: rawX:11.310000 and rawY:27.714000
DEBUG:root:Forward to the Right
DEBUG:root:Left=-27.714000 Right=16.404000
DEBUG:root:ScaledLeft: 312.643500 ScaledRight: 411.909000
INFO:root:Looping....
DEBUG:root:This is the line: drive:35.143:-11.31

DEBUG:root:We got command: drive
DEBUG:root:We got a drive command: rawX:-11.310000 and rawY:35.143000
DEBUG:root:Forward to the Left/Straight
DEBUG:root:Left=-46.453000 Right=35.143000
DEBUG:root:ScaledLeft: 270.480750 ScaledRight: 454.071750
INFO:root:Looping....
DEBUG:root:This is the line: drive:27.714:11.31

DEBUG:root:We got command: drive
DEBUG:root:We got a drive command: rawX:11.310000 and rawY:27.714000
DEBUG:root:Forward to the Right
DEBUG:root:Left=-27.714000 Right=16.404000
DEBUG:root:ScaledLeft: 312.643500 ScaledRight: 411.909000
INFO:root:Looping....
DEBUG:root:This is the line: drive:35.143:-11.31

DEBUG:root:We got command: drive
DEBUG:root:We got a drive command: rawX:-11.310000 and rawY:35.143000
DEBUG:root:Forward to the Left/Straight
DEBUG:root:Left=-46.453000 Right=35.143000
DEBUG:root:ScaledLeft: 270.480750 ScaledRight: 454.071750
INFO:root:Looping....
DEBUG:root:This is the line: drive:27.714:11.31

DEBUG:root:We got command: drive
DEBUG:root:We got a drive command: rawX:11.310000 and rawY:27.714000
DEBUG:root:Forward to the Right
DEBUG:root:Left=-27.714000 Right=16.404000
DEBUG:root:ScaledLeft: 312.643500 ScaledRight: 411.909000
INFO:root:Looping....
DEBUG:root:This is the line: drive:35.143:-11.31

DEBUG:root:We got command: drive
DEBUG:root:We got a drive command: rawX:-11.310000 and rawY:35.143000
DEBUG:root:Forward to the Left/Straight
DEBUG:root:Left=-46.453000 Right=35.143000
DEBUG:root:ScaledLeft: 270.480750 ScaledRight: 454.071750
INFO:root:Looping....
DEBUG:root:This is the line: drive:27.714:11.31

DEBUG:root:We got command: drive
DEBUG:root:We got a drive command: rawX:11.310000 and rawY:27.714000
DEBUG:root:Forward to the Right
DEBUG:root:Left=-27.714000 Right=16.404000
DEBUG:root:ScaledLeft: 312.643500 ScaledRight: 411.909000
INFO:root:Looping....
DEBUG:root:This is the line: drive:35.143:-11.31

DEBUG:root:We got command: drive
DEBUG:root:We got a drive command: rawX:-11.310000 and rawY:35.143000
DEBUG:root:Forward to the Left/Straight
DEBUG:root:Left=-46.453000 Right=35.143000
DEBUG:root:ScaledLeft: 270.480750 ScaledRight: 454.071750
INFO:root:Looping....
DEBUG:root:This is the line: drive:27.714:11.31

DEBUG:root:We got command: drive
DEBUG:root:We got a drive command: rawX:11.310000 and rawY:27.714000
DEBUG:root:Forward to the Right
DEBUG:root:Left=-27.714000 Right=16.404000
DEBUG:root:ScaledLeft: 312.643500 ScaledRight: 411.909000
INFO:root:Looping....
DEBUG:root:This is the line: drive:27.714:11.31

DEBUG:root:We got command: drive
DEBUG:root:We got a drive command: rawX:11.310000 and rawY:27.714000
DEBUG:root:Forward to the Right
DEBUG:root:Left=-27.714000 Right=16.404000
DEBUG:root:ScaledLeft: 312.643500 ScaledRight: 411.909000
INFO:root:Looping....
DEBUG:root:This is the line: drive:35.143:-11.31

DEBUG:root:We got command: drive
DEBUG:root:We got a drive command: rawX:-11.310000 and rawY:35.143000
DEBUG:root:Forward to the Left/Straight
DEBUG:root:Left=-46.453000 Right=35.143000
DEBUG:root:ScaledLeft: 270.480750 ScaledRight: 454.071750
INFO:root:Looping....
DEBUG:root:This is the line: drive:27.714:11.31

DEBUG:root:We got command: drive
DEBUG:root:We got a drive command: rawX:11.310000 and rawY:27.714000
DEBUG:root:Forward to the Right
DEBUG:root:Left=-27.714000 Right=16.404000
DEBUG:root:ScaledLeft: 312.643500 ScaledRight: 411.909000
INFO:root:Looping....
DEBUG:root:This is the line: drive:35.143:-11.31

DEBUG:root:We got command: drive
DEBUG:root:We got a drive command: rawX:-11.310000 and rawY:35.143000
DEBUG:root:Forward to the Left/Straight
DEBUG:root:Left=-46.453000 Right=35.143000
DEBUG:root:ScaledLeft: 270.480750 ScaledRight: 454.071750
INFO:root:Looping....
DEBUG:root:This is the line: drive:27.714:11.31

DEBUG:root:We got command: drive
DEBUG:root:We got a drive command: rawX:11.310000 and rawY:27.714000
DEBUG:root:Forward to the Right
DEBUG:root:Left=-27.714000 Right=16.404000
DEBUG:root:ScaledLeft: 312.643500 ScaledRight: 411.909000
INFO:root:Looping....
DEBUG:root:This is the line: drive:35.143:-11.31

DEBUG:root:We got command: drive
DEBUG:root:We got a drive command: rawX:-11.310000 and rawY:35.143000
DEBUG:root:Forward to the Left/Straight
DEBUG:root:Left=-46.453000 Right=35.143000
DEBUG:root:ScaledLeft: 270.480750 ScaledRight: 454.071750
INFO:root:Looping....
DEBUG:root:This is the line: drive:27.714:11.31

DEBUG:root:We got command: drive
DEBUG:root:We got a drive command: rawX:11.310000 and rawY:27.714000
DEBUG:root:Forward to the Right
DEBUG:root:Left=-27.714000 Right=16.404000
DEBUG:root:ScaledLeft: 312.643500 ScaledRight: 411.909000
INFO:root:Looping....
DEBUG:root:This is the line: drive:35.143:-11.31

DEBUG:root:We got command: drive
DEBUG:root:We got a drive command: rawX:-11.310000 and rawY:35.143000
DEBUG:root:Forward to the Left/Straight
DEBUG:root:Left=-46.453000 Right=35.143000
DEBUG:root:ScaledLeft: 270.480750 ScaledRight: 454.071750
INFO:root:Looping....
DEBUG:root:This is the line: drive:27.714:11.31

DEBUG:root:We got command: drive
DEBUG:root:We got a drive command: rawX:11.310000 and rawY:27.714000
DEBUG:root:Forward to the Right
DEBUG:root:Left=-27.714000 Right=16.404000
DEBUG:root:ScaledLeft: 312.643500 ScaledRight: 411.909000
INFO:root:Looping....
DEBUG:root:This is the line: drive:35.143:-11.31

DEBUG:root:We got command: drive
DEBUG:root:We got a drive command: rawX:-11.310000 and rawY:35.143000
DEBUG:root:Forward to the Left/Straight
DEBUG:root:Left=-46.453000 Right=35.143000
DEBUG:root:ScaledLeft: 270.480750 ScaledRight: 454.071750
INFO:root:Looping....
DEBUG:root:This is the line: drive:27.714:11.31

DEBUG:root:We got command: drive
DEBUG:root:We got a drive command: rawX:11.310000 and rawY:27.714000
DEBUG:root:Forward to the Right
DEBUG:root:Left=-27.714000 Right=16.404000
DEBUG:root:ScaledLeft: 312.643500 ScaledRight: 411.909000
INFO:root:Looping....
DEBUG:root:This is the line: drive:35.143:-11.31

DEBUG:root:We got command: drive
DEBUG:root:We got a drive command: rawX:-11.310000 and rawY:35.143000
DEBUG:root:Forward to the Left/Straight
DEBUG:root:Left=-46.453000 Right=35.143000
DEBUG:root:ScaledLeft: 270.480750 ScaledRight: 454.071750
INFO:root:Looping....
DEBUG:root:This is the line: drive:35.143:-11.31

DEBUG:root:We got command: drive
DEBUG:root:We got a drive command: rawX:-11.310000 and rawY:35.143000
DEBUG:root:Forward to the Left/Straight
DEBUG:root:Left=-46.453000 Right=35.143000
DEBUG:root:ScaledLeft: 270.480750 ScaledRight: 454.071750
INFO:root:Looping....
DEBUG:root:This is the line: drive:27.714:11.31

DEBUG:root:We got command: drive
DEBUG:root:We got a drive command: rawX:11.310000 and rawY:27.714000
DEBUG:root:Forward to the Right
DEBUG:root:Left=-27.714000 Right=16.404000
DEBUG:root:ScaledLeft: 312.643500 ScaledRight: 411.909000
INFO:root:Looping....
DEBUG:root:This is the line: drive:35.143:-11.31

DEBUG:root:We got command: drive
DEBUG:root:We got a drive command: rawX:-11.310000 and rawY:35.143000
DEBUG:root:Forward to the Left/Straight
DEBUG:root:Left=-46.453000 Right=35.143000
DEBUG:root:ScaledLeft: 270.480750 ScaledRight: 454.071750
INFO:root:Looping....
DEBUG:root:This is the line: drive:27.714:11.31

DEBUG:root:We got command: drive
DEBUG:root:We got a drive command: rawX:11.310000 and rawY:27.714000
DEBUG:root:Forward to the Right
DEBUG:root:Left=-27.714000 Right=16.404000
DEBUG:root:ScaledLeft: 312.643500 ScaledRight: 411.909000
INFO:root:Looping....
DEBUG:root:This is the line: drive:27.714:11.31

DEBUG:root:We got command: drive
DEBUG:root:We got a drive command: rawX:11.310000 and rawY:27.714000
DEBUG:root:Forward to the Right
DEBUG:root:Left=-27.714000 Right=16.404000
DEBUG:root:ScaledLeft: 312.643500 ScaledRight: 411.909000
INFO:root:Looping....
DEBUG:root:This is the line: drive:35.143:-11.31

DEBUG:root:We got command: drive
DEBUG:root:We got a drive command: rawX:-11.310000 and rawY:35.143000
DEBUG:root:Forward to the Left/Straight
DEBUG:root:Left=-46.453000 Right=35.143000
DEBUG:root:ScaledLeft: 270.480750 ScaledRight: 454.071750
INFO:root:Looping....
DEBUG:root:This is the line: drive:27.714:11.31

DEBUG:root:We got command: drive
DEBUG:root:We got a drive command: rawX:11.310000 and rawY:27.714000
DEBUG:root:Forward to the Right
DEBUG:root:Left=-27.714000 Right=16.404000
DEBUG:root:ScaledLeft: 312.643500 ScaledRight: 411.909000
INFO:root:Looping....
DEBUG:root:This is the line: drive:35.143:-11.31

DEBUG:root:We got command: drive
DEBUG:root:We got a drive command: rawX:-11.310000 and rawY:35.143000
DEBUG:root:Forward to the Left/Straight
DEBUG:root:Left=-46.453000 Right=35.143000
DEBUG:root:ScaledLeft: 270.480750 ScaledRight: 454.071750
INFO:root:Looping....
DEBUG:root:This is the line: drive:27.714:11.31

DEBUG:root:We got command: drive
DEBUG:root:We got a drive command: rawX:11.310000 and rawY:27.714000
DEBUG:root:Forward to the Right
DEBUG:root:Left=-27.714000 Right=16.404000
DEBUG:root:ScaledLeft: 312.643500 ScaledRight: 411.909000
INFO:root:Looping....
DEBUG:root:This is the line: drive:35.143:-11.31

DEBUG:root:We got command: drive
DEBUG:root:We got a drive command: rawX:-11.310000 and rawY:35.143000
DEBUG:root:Forward to the Left/Straight
DEBUG:root:Left=-46.453000 Right=35.143000
DEBUG:root:ScaledLeft: 270.480750 ScaledRight: 454.071750
INFO:root:Looping....
DEBUG:root:This is the line: drive:27.714:11.31

DEBUG:root:We got command: drive
DEBUG:root:We got a drive command: rawX:11.310000 and rawY:27.714000
DEBUG:root:Forward to the Right
DEBUG:root:Left=-27.714000 Right=16.404000
DEBUG:root:ScaledLeft: 312.643500 ScaledRight: 411.909000
INFO:root:Looping....
DEBUG:root:This is the line: drive:35.143:-11.31

DEBUG:root:We got command: drive
DEBUG:root:We got a drive command: rawX:-11.310000 and rawY:35.143000
DEBUG:root:Forward to the Left/Straight
DEBUG:root:Left=-46.453000 Right=35.143000
DEBUG:root:ScaledLeft: 270.480750 ScaledRight: 454.071750
INFO:root:Looping....
DEBUG:root:This is the line: drive:27.714:11.31

DEBUG:root:We got command: drive
DEBUG:root:We got a drive command: rawX:11.310000 and rawY:27.714000
DEBUG:root:Forward to the Right
DEBUG:root:Left=-27.714000 Right=16.404000
DEBUG:root:ScaledLeft: 312.643500 ScaledRight: 411.909000
INFO:root:Looping....
DEBUG:root:This is the line: drive:35.143:-11.31

DEBUG:root:We got command: drive
DEBUG:root:We got a drive command: rawX:-11.310000 and rawY:35.143000
DEBUG:root:Forward to the Left/Straight
DEBUG:root:Left=-46.453000 Right=35.143000
DEBUG:root:ScaledLeft: 270.480750 ScaledRight: 454.071750
INFO:root:Looping....
DEBUG:root:This is the line: drive:27.714:11.31

DEBUG:root:We got command: drive
DEBUG:root:We got a drive command: rawX:11.310000 and rawY:27.714000
DEBUG:root:Forward to the Right
DEBUG:root:Left=-27.714000 Right=16.404000
DEBUG:root:ScaledLeft: 312.643500 ScaledRight: 411.909000
INFO:root:Looping....
DEBUG:root:This is the line: drive:35.143:-11.31

DEBUG:root:We got command: drive
DEBUG:root:We got a drive command: rawX:-11.310000 and rawY:35.143000
DEBUG:root:Forward to the Left/Straight
DEBUG:root:Left=-46.453000 Right=35.143000
DEBUG:root:ScaledLeft: 270.480750 ScaledRight: 454.071750
INFO:root:Looping....
DEBUG:root:This is the line: drive:27.714:11.31

DEBUG:root:We got command: drive
DEBUG:root:We got a drive command: rawX:11.310000 and rawY:27.714000
DEBUG:root:Forward to the Right
DEBUG:root:Left=-27.714000 Right=16.404000
DEBUG:root:ScaledLeft: 312.643500 ScaledRight: 411.909000
INFO:root:Looping....
DEBUG:root:This is the line: drive:35.143:-11.31

DEBUG:root:We got command: drive
DEBUG:root:We got a drive command: rawX:-11.310000 and rawY:35.143000
DEBUG:root:Forward to the Left/Straight
DEBUG:root:Left=-46.453000 Right=35.143000
DEBUG:root:ScaledLeft: 270.480750 ScaledRight: 454.071750
INFO:root:Looping....
DEBUG:root:This is the line: drive:27.714:11.31

DEBUG:root:We got command: drive
DEBUG:root:We got a drive command: rawX:11.310000 and rawY:27.714000
DEBUG:root:Forward to the Right
DEBUG:root:Left=-27.714000 Right=16.404000
DEBUG:root:ScaledLeft: 312.643500 ScaledRight: 411.909000
INFO:root:Looping....
DEBUG:root:This is the line: drive:35.143:-11.31

DEBUG:root:We got command: drive
DEBUG:root:We got a drive command: rawX:-11.310000 and rawY:35.143000
DEBUG:root:Forward to the Left/Straight
DEBUG:root:Left=-46.453000 Right=35.143000
DEBUG:root:ScaledLeft: 270.480750 ScaledRight: 454.071750
INFO:root:Looping....
DEBUG:root:This is the line: drive:35.143:-11.31

DEBUG:root:We got command: drive
DEBUG:root:We got a drive command: rawX:-11.310000 and rawY:35.143000
DEBUG:root:Forward to the Left/Straight
DEBUG:root:Left=-46.453000 Right=35.143000
DEBUG:root:ScaledLeft: 270.480750 ScaledRight: 454.071750
INFO:root:Looping....
DEBUG:root:This is the line: drive:27.714:11.31

DEBUG:root:We got command: drive
DEBUG:root:We got a drive command: rawX:11.310000 and rawY:27.714000
DEBUG:root:Forward to the Right
DEBUG:root:Left=-27.714000 Right=16.404000
DEBUG:root:ScaledLeft: 312.643500 ScaledRight: 411.909000
INFO:root:Looping....
DEBUG:root:This is the line: drive:35.143:-11.31

DEBUG:root:We got command: drive
DEBUG:root:We got a drive command: rawX:-11.310000 and rawY:35.143000
DEBUG:root:Forward to the Left/Straight
DEBUG:root:Left=-46.453000 Right=35.143000
DEBUG:root:ScaledLeft: 270.480750 ScaledRight: 454.071750
INFO:root:Looping....
DEBUG:root:This is the line: drive:27.714:11.31

DEBUG:root:We got command: drive
DEBUG:root:We got a drive command: rawX:11.310000 and rawY:27.714000
DEBUG:root:Forward to the Right
DEBUG:root:Left=-27.714000 Right=16.404000
DEBUG:root:ScaledLeft: 312.643500 ScaledRight: 411.909000
INFO:root:Looping....
DEBUG:root:This is the line: drive:35.143:-11.31

DEBUG:root:We got command: drive
DEBUG:root:We got a drive command: rawX:-11.310000 and rawY:35.143000
DEBUG:root:Forward to the Left/Straight
DEBUG:root:Left=-46.453000 Right=35.143000
DEBUG:root:ScaledLeft: 270.480750 ScaledRight: 454.071750
INFO:root:Looping....
DEBUG:root:This is the line: drive:27.714:11.31

DEBUG:root:We got command: drive
DEBUG:root:We got a drive command: rawX:11.310000 and rawY:27.714000
DEBUG:root:Forward to the Right
DEBUG:root:Left=-27.714000 Right=16.404000
DEBUG:root:ScaledLeft: 312.643500 ScaledRight: 411.909000
INFO:root:Looping....
DEBUG:root:This is the line: drive:35.143:-11.31

DEBUG:root:We got command: drive
DEBUG:root:We got a drive command: rawX:-11.310000 and rawY:35.143000
DEBUG:root:Forward to the Left/Straight
DEBUG:root:Left=-46.453000 Right=35.143000
DEBUG:root:ScaledLeft: 270.480750 ScaledRight: 454.071750
INFO:root:Looping....
DEBUG:root:This is the line: drive:27.714:11.31

DEBUG:root:We got command: drive
DEBUG:root:We got a drive command: rawX:11.310000 and rawY:27.714000
DEBUG:root:Forward to the Right
DEBUG:root:Left=-27.714000 Right=16.404000
DEBUG:root:ScaledLeft: 312.643500 ScaledRight: 411.909000
INFO:root:Looping....
DEBUG:root:This is the line: drive:35.143:-11.31

DEBUG:root:We got command: drive
DEBUG:root:We got a drive command: rawX:-11.310000 and rawY:35.143000
DEBUG:root:Forward to the Left/Straight
DEBUG:root:Left=-46.453000 Right=35.143000
DEBUG:root:ScaledLeft: 270.480750 ScaledRight: 454.071750
INFO:root:Looping....
DEBUG:root:This is the line: drive:27.714:11.31

DEBUG:root:We got command: drive
DEBUG:root:We got a drive command: rawX:11.310000 and rawY:27.714000
DEBUG:root:Forward to the Right
DEBUG:root:Left=-27.714000 Right=16.404000
DEBUG:root:ScaledLeft: 312.643500 ScaledRight: 411.909000
INFO:root:Looping....
DEBUG:root:This is the line: drive:35.143:-11.31

DEBUG:root:We got command: drive
DEBUG:root:We got a drive command: rawX:-11.310000 and rawY:35.143000
DEBUG:root:Forward to the Left/Straight
DEBUG:root:Left=-46.453000 Right=35.143000
DEBUG:root:ScaledLeft: 270.480750 ScaledRight: 454.071750
INFO:root:Looping....
DEBUG:root:This is the line: drive:27.714:11.31

DEBUG:root:We got command: drive
DEBUG:root:We got a drive command: rawX:11.310000 and rawY:27.714000
DEBUG:root:Forward to the Right
DEBUG:root:Left=-27.714000 Right=16.404000
DEBUG:root:ScaledLeft: 312.643500 ScaledRight: 411.909000
INFO:root:Looping....
DEBUG:root:This is the line: drive:35.143:-11.31

DEBUG:root:We got command: drive
DEBUG:root:We got a drive command: rawX:-11.310000 and rawY:35.143000
DEBUG:root:Forward to the Left/Straight
DEBUG:root:Left=-46.453000 Right=35.143000
DEBUG:root:ScaledLeft: 270.480750 ScaledRight: 454.071750
INFO:root:Looping....
DEBUG:root:This is the line: drive:27.714:11.31

DEBUG:root:We got command: drive
DEBUG:root:We got a drive command: rawX:11.310000 and rawY:27.714000
DEBUG:root:Forward to the Right
DEBUG:root:Left=-27.714000 Right=16.404000
DEBUG:root:ScaledLeft: 312.643500 ScaledRight: 411.909000
INFO:root:Looping....
DEBUG:root:This is the line: drive:35.143:-11.31

DEBUG:root:We got command: drive
DEBUG:root:We got a drive command: rawX:-11.310000 and rawY:35.143000
DEBUG:root:Forward to the Left/Straight
DEBUG:root:Left=-46.453000 Right=35.143000
DEBUG:root:ScaledLeft: 270.480750 ScaledRight: 454.071750
INFO:root:Looping....
DEBUG:root:This is the line: drive:27.714:11.31

DEBUG:root:We got command: drive
DEBUG:root:We got a drive command: rawX:11.310000 and rawY:27.714000
DEBUG:root:Forward to the Right
DEBUG:root:Left=-27.714000 Right=16.404000
DEBUG:root:ScaledLeft: 312.643500 ScaledRight: 411.909000
INFO:root:Looping....
DEBUG:root:This is the line: drive:35.143:-11.31

DEBUG:root:We got command: drive
DEBUG:root:We got a drive command: rawX:-11.310000 and rawY:35.143000
DEBUG:root:Forward to the Left/Straight
DEBUG:root:Left=-46.453000 Right=35.143000
DEBUG:root:ScaledLeft: 270.480750 ScaledRight: 454.071750
INFO:root:Looping....
DEBUG:root:This is the line: drive:27.714:11.31

DEBUG:root:We got command: drive
DEBUG:root:We got a drive command: rawX:11.310000 and rawY:27.714000
DEBUG:root:Forward to the Right
DEBUG:root:Left=-27.714000 Right=16.404000
DEBUG:root:ScaledLeft: 312.643500 ScaledRight: 411.909000
INFO:root:Looping....
DEBUG:root:This is the line: drive:35.143:-11.31

DEBUG:root:We got command: drive
DEBUG:root:We got a drive command: rawX:-11.310000 and rawY:35.143000
DEBUG:root:Forward to the Left/Straight
DEBUG:root:Left=-46.453000 Right=35.143000
DEBUG:root:ScaledLeft: 270.480750 ScaledRight: 454.071750
INFO:root:Looping....
DEBUG:root:This is the line: drive:27.714:11.31

DEBUG:root:We got command: drive
DEBUG:root:We got a drive command: rawX:11.310000 and rawY:27.714000
DEBUG:root:Forward to the Right
DEBUG:root:Left=-27.714000 Right=16.404000
DEBUG:root:ScaledLeft: 312.643500 ScaledRight: 411.909000
INFO:root:Looping....
DEBUG:root:This is the line: drive:35.143:-11.31

DEBUG:root:We got command: drive
DEBUG:root:We got a drive command: rawX:-11.310000 and rawY:35.143000
DEBUG:root:Forward to the Left/Straight
DEBUG:root:Left=-46.453000 Right=35.143000
DEBUG:root:ScaledLeft: 270.480750 ScaledRight: 454.071750
INFO:root:Looping....
DEBUG:root:This is the line: drive:27.714:11.31

DEBUG:root:We got command: drive
DEBUG:root:We got a drive command: rawX:11.310000 and rawY:27.714000
DEBUG:root:Forward to the Right
DEBUG:root:Left=-27.714000 Right=16.404000
DEBUG:root:ScaledLeft: 312.643500 ScaledRight: 411.909000
INFO:root:Looping....
DEBUG:root:This is the line: drive:35.143:-11.31

DEBUG:root:We got command: drive
DEBUG:root:We got a drive command: rawX:-11.310000 and rawY:35.143000
DEBUG:root:Forward to the Left/Straight
DEBUG:root:Left=-46.453000 Right=35.143000
DEBUG:root:ScaledLeft: 270.480750 ScaledRight: 454.071750
INFO:root:Looping....
DEBUG:root:This is the line: drive:27.714:11.31

DEBUG:root:We got command: drive
DEBUG:root:We got a drive command: rawX:11.310000 and rawY:27.714000
DEBUG:root:Forward to the Right
DEBUG:root:Left=-27.714000 Right=16.404000
DEBUG:root:ScaledLeft: 312.643500 ScaledRight: 411.909000
INFO:root:Looping....
DEBUG:root:This is the line: drive:35.143:-11.31

DEBUG:root:We got command: drive
DEBUG:root:We got a drive command: rawX:-11.310000 and rawY:35.143000
DEBUG:root:Forward to the Left/Straight
DEBUG:root:Left=-46.453000 Right=35.143000
DEBUG:root:ScaledLeft: 270.480750 ScaledRight: 454.071750
INFO:root:Looping....
DEBUG:root:This is the line: drive:27.714:11.31

DEBUG:root:We got command: drive
DEBUG:root:We got a drive command: rawX:11.310000 and rawY:27.714000
DEBUG:root:Forward to the Right
DEBUG:root:Left=-27.714000 Right=16.404000
DEBUG:root:ScaledLeft: 312.643500 ScaledRight: 411.909000
INFO:root:Looping....
DEBUG:root:This is the line: drive:35.143:-11.31

DEBUG:root:We got command: drive
DEBUG:root:We got a drive command: rawX:-11.310000 and rawY:35.143000
DEBUG:root:Forward to the Left/Straight
DEBUG:root:Left=-46.453000 Right=35.143000
DEBUG:root:ScaledLeft: 270.480750 ScaledRight: 454.071750
INFO:root:Looping....
DEBUG:root:This is the line: drive:27.714:11.31

DEBUG:root:We got command: drive
DEBUG:root:We got a drive command: rawX:11.310000 and rawY:27.714000
DEBUG:root:Forward to the Right
DEBUG:root:Left=-27.714000 Right=16.404000
DEBUG:root:ScaledLeft: 312.643500 ScaledRight: 411.909000
INFO:root:Looping....
DEBUG:root:This is the line: drive:35.143:-11.31

DEBUG:root:We got command: drive
DEBUG:root:We got a drive command: rawX:-11.310000 and rawY:35.143000
DEBUG:root:Forward to the Left/Straight
DEBUG:root:Left=-46.453000 Right=35.143000
DEBUG:root:ScaledLeft: 270.480750 ScaledRight: 454.071750
INFO:root:Looping....
DEBUG:root:This is the line: drive:27.714:11.31

DEBUG:root:We got command: drive
DEBUG:root:We got a drive command: rawX:11.310000 and rawY:27.714000
DEBUG:root:Forward to the Right
DEBUG:root:Left=-27.714000 Right=16.404000
DEBUG:root:ScaledLeft: 312.643500 ScaledRight: 411.909000
INFO:root:Looping....
DEBUG:root:This is the line: drive:35.143:-11.31

DEBUG:root:We got command: drive
DEBUG:root:We got a drive command: rawX:-11.310000 and rawY:35.143000
DEBUG:root:Forward to the Left/Straight
DEBUG:root:Left=-46.453000 Right=35.143000
DEBUG:root:ScaledLeft: 270.480750 ScaledRight: 454.071750
INFO:root:Looping....
DEBUG:root:This is the line: drive:27.714:11.31

DEBUG:root:We got command: drive
DEBUG:root:We got a drive command: rawX:11.310000 and rawY:27.714000
DEBUG:root:Forward to the Right
DEBUG:root:Left=-27.714000 Right=16.404000
DEBUG:root:ScaledLeft: 312.643500 ScaledRight: 411.909000
INFO:root:Looping....
DEBUG:root:This is the line: drive:35.143:-11.31

DEBUG:root:We got command: drive
DEBUG:root:We got a drive command: rawX:-11.310000 and rawY:35.143000
DEBUG:root:Forward to the Left/Straight
DEBUG:root:Left=-46.453000 Right=35.143000
DEBUG:root:ScaledLeft: 270.480750 ScaledRight: 454.071750
INFO:root:Looping....
DEBUG:root:This is the line: drive:27.714:11.31

DEBUG:root:We got command: drive
DEBUG:root:We got a drive command: rawX:11.310000 and rawY:27.714000
DEBUG:root:Forward to the Right
DEBUG:root:Left=-27.714000 Right=16.404000
DEBUG:root:ScaledLeft: 312.643500 ScaledRight: 411.909000
INFO:root:Looping....
DEBUG:root:This is the line: drive:35.143:-11.31

DEBUG:root:We got command: drive
DEBUG:root:We got a drive command: rawX:-11.310000 and rawY:35.143000
DEBUG:root:Forward to the Left/Straight
DEBUG:root:Left=-46.453000 Right=35.143000
DEBUG:root:ScaledLeft: 270.480750 ScaledRight: 454.071750
INFO:root:Looping....
DEBUG:root:This is the line: drive:27.714:11.31

DEBUG:root:We got command: drive
DEBUG:root:We got a drive command: rawX:11.310000 and rawY:27.714000
DEBUG:root:Forward to the Right
DEBUG:root:Left=-27.714000 Right=16.404000
DEBUG:root:ScaledLeft: 312.643500 ScaledRight: 411.909000
INFO:root:Looping....
DEBUG:root:This is the line: drive:35.143:-11.31

DEBUG:root:We got command: drive
DEBUG:root:We got a drive command: rawX:-11.310000 and rawY:35.143000
DEBUG:root:Forward to the Left/Straight
DEBUG:root:Left=-46.453000 Right=35.143000
DEBUG:root:ScaledLeft: 270.480750 ScaledRight: 454.071750
INFO:root:Looping....
DEBUG:root:This is the line: drive:27.714:11.31

DEBUG:root:We got command: drive
DEBUG:root:We got a drive command: rawX:11.310000 and rawY:27.714000
DEBUG:root:Forward to the Right
DEBUG:root:Left=-27.714000 Right=16.404000
DEBUG:root:ScaledLeft: 312.643500 ScaledRight: 411.909000
INFO:root:Looping....
DEBUG:root:This is the line: drive:35.143:-11.31

DEBUG:root:We got command: drive
DEBUG:root:We got a drive command: rawX:-11.310000 and rawY:35.143000
DEBUG:root:Forward to the Left/Straight
DEBUG:root:Left=-46.453000 Right=35.143000
DEBUG:root:ScaledLeft: 270.480750 ScaledRight: 454.071750
INFO:root:Looping....
DEBUG:root:This is the line: drive:27.714:11.31

DEBUG:root:We got command: drive
DEBUG:root:We got a drive command: rawX:11.310000 and rawY:27.714000
DEBUG:root:Forward to the Right
DEBUG:root:Left=-27.714000 Right=16.404000
DEBUG:root:ScaledLeft: 312.643500 ScaledRight: 411.909000
INFO:root:Looping....
DEBUG:root:This is the line: drive:35.143:-11.31

DEBUG:root:We got command: drive
DEBUG:root:We got a drive command: rawX:-11.310000 and rawY:35.143000
DEBUG:root:Forward to the Left/Straight
DEBUG:root:Left=-46.453000 Right=35.143000
DEBUG:root:ScaledLeft: 270.480750 ScaledRight: 454.071750
INFO:root:Looping....
DEBUG:root:This is the line: drive:27.714:11.31

DEBUG:root:We got command: drive
DEBUG:root:We got a drive command: rawX:11.310000 and rawY:27.714000
DEBUG:root:Forward to the Right
DEBUG:root:Left=-27.714000 Right=16.404000
DEBUG:root:ScaledLeft: 312.643500 ScaledRight: 411.909000
INFO:root:Looping....
DEBUG:root:This is the line: drive:35.143:-11.31

DEBUG:root:We got command: drive
DEBUG:root:We got a drive command: rawX:-11.310000 and rawY:35.143000
DEBUG:root:Forward to the Left/Straight
DEBUG:root:Left=-46.453000 Right=35.143000
DEBUG:root:ScaledLeft: 270.480750 ScaledRight: 454.071750
INFO:root:Looping....
DEBUG:root:This is the line: drive:27.714:11.31

DEBUG:root:We got command: drive
DEBUG:root:We got a drive command: rawX:11.310000 and rawY:27.714000
DEBUG:root:Forward to the Right
DEBUG:root:Left=-27.714000 Right=16.404000
DEBUG:root:ScaledLeft: 312.643500 ScaledRight: 411.909000
INFO:root:Looping....
DEBUG:root:This is the line: drive:35.143:-11.31

DEBUG:root:We got command: drive
DEBUG:root:We got a drive command: rawX:-11.310000 and rawY:35.143000
DEBUG:root:Forward to the Left/Straight
DEBUG:root:Left=-46.453000 Right=35.143000
DEBUG:root:ScaledLeft: 270.480750 ScaledRight: 454.071750
INFO:root:Looping....
DEBUG:root:This is the line: drive:27.714:11.31

DEBUG:root:We got command: drive
DEBUG:root:We got a drive command: rawX:11.310000 and rawY:27.714000
DEBUG:root:Forward to the Right
DEBUG:root:Left=-27.714000 Right=16.404000
DEBUG:root:ScaledLeft: 312.643500 ScaledRight: 411.909000
INFO:root:Looping....
DEBUG:root:This is the line: drive:35.143:-11.31

DEBUG:root:We got command: drive
DEBUG:root:We got a drive command: rawX:-11.310000 and rawY:35.143000
DEBUG:root:Forward to the Left/Straight
DEBUG:root:Left=-46.453000 Right=35.143000
DEBUG:root:ScaledLeft: 270.480750 ScaledRight: 454.071750
INFO:root:Looping....
DEBUG:root:This is the line: drive:27.714:11.31

DEBUG:root:We got command: drive
DEBUG:root:We got a drive command: rawX:11.310000 and rawY:27.714000
DEBUG:root:Forward to the Right
DEBUG:root:Left=-27.714000 Right=16.404000
DEBUG:root:ScaledLeft: 312.643500 ScaledRight: 411.909000
INFO:root:Looping....
DEBUG:root:This is the line: drive:27.714:11.31

DEBUG:root:We got command: drive
DEBUG:root:We got a drive command: rawX:11.310000 and rawY:27.714000
DEBUG:root:Forward to the Right
DEBUG:root:Left=-27.714000 Right=16.404000
DEBUG:root:ScaledLeft: 312.643500 ScaledRight: 411.909000
INFO:root:Looping....
DEBUG:root:This is the line: drive:35.143:-11.31

DEBUG:root:We got command: drive
DEBUG:root:We got a drive command: rawX:-11.310000 and rawY:35.143000
DEBUG:root:Forward to the Left/Straight
DEBUG:root:Left=-46.453000 Right=35.143000
DEBUG:root:ScaledLeft: 270.480750 ScaledRight: 454.071750
INFO:root:Looping....
DEBUG:root:This is the line: drive:27.714:11.31

DEBUG:root:We got command: drive
DEBUG:root:We got a drive command: rawX:11.310000 and rawY:27.714000
DEBUG:root:Forward to the Right
DEBUG:root:Left=-27.714000 Right=16.404000
DEBUG:root:ScaledLeft: 312.643500 ScaledRight: 411.909000
INFO:root:Looping....
DEBUG:root:This is the line: drive:35.143:-11.31

DEBUG:root:We got command: drive
DEBUG:root:We got a drive command: rawX:-11.310000 and rawY:35.143000
DEBUG:root:Forward to the Left/Straight
DEBUG:root:Left=-46.453000 Right=35.143000
DEBUG:root:ScaledLeft: 270.480750 ScaledRight: 454.071750
INFO:root:Looping....
DEBUG:root:This is the line: drive:27.714:11.31

DEBUG:root:We got command: drive
DEBUG:root:We got a drive command: rawX:11.310000 and rawY:27.714000
DEBUG:root:Forward to the Right
DEBUG:root:Left=-27.714000 Right=16.404000
DEBUG:root:ScaledLeft: 312.643500 ScaledRight: 411.909000
INFO:root:Looping....
DEBUG:root:This is the line: drive:35.143:-11.31

DEBUG:root:We got command: drive
DEBUG:root:We got a drive command: rawX:-11.310000 and rawY:35.143000
DEBUG:root:Forward to the Left/Straight
DEBUG:root:Left=-46.453000 Right=35.143000
DEBUG:root:ScaledLeft: 270.480750 ScaledRight: 454.071750
INFO:root:Looping....
DEBUG:root:This is the line: drive:27.714:11.31

DEBUG:root:We got command: drive
DEBUG:root:We got a drive command: rawX:11.310000 and rawY:27.714000
DEBUG:root:Forward to the Right
DEBUG:root:Left=-27.714000 Right=16.404000
DEBUG:root:ScaledLeft: 312.643500 ScaledRight: 411.909000
INFO:root:Looping....
DEBUG:root:This is the line: drive:35.143:-11.31

DEBUG:root:We got command: drive
DEBUG:root:We got a drive command: rawX:-11.310000 and rawY:35.143000
DEBUG:root:Forward to the Left/Straight
DEBUG:root:Left=-46.453000 Right=35.143000
DEBUG:root:ScaledLeft: 270.480750 ScaledRight: 454.071750
INFO:root:Looping....
DEBUG:root:This is the line: drive:27.714:11.31

DEBUG:root:We got command: drive
DEBUG:root:We got a drive command: rawX:11.310000 and rawY:27.714000
DEBUG:root:Forward to the Right
DEBUG:root:Left=-27.714000 Right=16.404000
DEBUG:root:ScaledLeft: 312.643500 ScaledRight: 411.909000
INFO:root:Looping....
DEBUG:root:This is the line: drive:35.143:-11.31

DEBUG:root:We got command: drive
DEBUG:root:We got a drive command: rawX:-11.310000 and rawY:35.143000
DEBUG:root:Forward to the Left/Straight
DEBUG:root:Left=-46.453000 Right=35.143000
DEBUG:root:ScaledLeft: 270.480750 ScaledRight: 454.071750
INFO:root:Looping....
DEBUG:root:This is the line: drive:27.714:11.31

DEBUG:root:We got command: drive
DEBUG:root:We got a drive command: rawX:11.310000 and rawY:27.714000
DEBUG:root:Forward to the Right
DEBUG:root:Left=-27.714000 Right=16.404000
DEBUG:root:ScaledLeft: 312.643500 ScaledRight: 411.909000
INFO:root:Looping....
DEBUG:root:This is the line: drive:35.143:-11.31

DEBUG:root:We got command: drive
DEBUG:root:We got a drive command: rawX:-11.310000 and rawY:35.143000
DEBUG:root:Forward to the Left/Straight
DEBUG:root:Left=-46.453000 Right=35.143000
DEBUG:root:ScaledLeft: 270.480750 ScaledRight: 454.071750
INFO:root:Looping....
DEBUG:root:This is the line: drive:27.714:11.31

DEBUG:root:We got command: drive
DEBUG:root:We got a drive command: rawX:11.310000 and rawY:27.714000
DEBUG:root:Forward to the Right
DEBUG:root:Left=-27.714000 Right=16.404000
DEBUG:root:ScaledLeft: 312.643500 ScaledRight: 411.909000
INFO:root:Looping....
DEBUG:root:This is the line: drive:35.143:-11.31

DEBUG:root:We got command: drive
DEBUG:root:We got a drive command: rawX:-11.310000 and rawY:35.143000
DEBUG:root:Forward to the Left/Straight
DEBUG:root:Left=-46.453000 Right=35.143000
DEBUG:root:ScaledLeft: 270.480750 ScaledRight: 454.071750
INFO:root:Looping....
DEBUG:root:This is the line: drive:27.714:11.31

DEBUG:root:We got command: drive
DEBUG:root:We got a drive command: rawX:11.310000 and rawY:27.714000
DEBUG:root:Forward to the Right
DEBUG:root:Left=-27.714000 Right=16.404000
DEBUG:root:ScaledLeft: 312.643500 ScaledRight: 411.909000
INFO:root:Looping....
DEBUG:root:This is the line: drive:35.143:-11.31

DEBUG:root:We got command: drive
DEBUG:root:We got a drive command: rawX:-11.310000 and rawY:35.143000
DEBUG:root:Forward to the Left/Straight
DEBUG:root:Left=-46.453000 Right=35.143000
DEBUG:root:ScaledLeft: 270.480750 ScaledRight: 454.071750
INFO:root:Looping....
DEBUG:root:This is the line: drive:27.714:11.31

DEBUG:root:We got command: drive
DEBUG:root:We got a drive command: rawX:11.310000 and rawY:27.714000
DEBUG:root:Forward to the Right
DEBUG:root:Left=-27.714000 Right=16.404000
DEBUG:root:ScaledLeft: 312.643500 ScaledRight: 411.909000
INFO:root:Looping....
DEBUG:root:This is the line: drive:35.143:-11.31

DEBUG:root:We got command: drive
DEBUG:root:We got a drive command: rawX:-11.310000 and rawY:35.143000
DEBUG:root:Forward to the Left/Straight
DEBUG:root:Left=-46.453000 Right=35.143000
DEBUG:root:ScaledLeft: 270.480750 ScaledRight: 454.071750
INFO:root:Looping....
DEBUG:root:This is the line: drive:27.714:11.31

DEBUG:root:We got command: drive
DEBUG:root:We got a drive command: rawX:11.310000 and rawY:27.714000
DEBUG:root:Forward to the Right
DEBUG:root:Left=-27.714000 Right=16.404000
DEBUG:root:ScaledLeft: 312.643500 ScaledRight: 411.909000
INFO:root:Looping....
DEBUG:root:This is the line: drive:35.143:-11.31

DEBUG:root:We got command: drive
DEBUG:root:We got a drive command: rawX:-11.310000 and rawY:35.143000
DEBUG:root:Forward to the Left/Straight
DEBUG:root:Left=-46.453000 Right=35.143000
DEBUG:root:ScaledLeft: 270.480750 ScaledRight: 454.071750
INFO:root:Looping....
DEBUG:root:This is the line: drive:27.714:11.31

DEBUG:root:We got command: drive
DEBUG:root:We got a drive command: rawX:11.310000 and rawY:27.714000
DEBUG:root:Forward to the Right
DEBUG:root:Left=-27.714000 Right=16.404000
DEBUG:root:ScaledLeft: 312.643500 ScaledRight: 411.909000
INFO:root:Looping....
DEBUG:root:This is the line: drive:35.143:-11.31

DEBUG:root:We got command: drive
DEBUG:root:We got a drive command: rawX:-11.310000 and rawY:35.143000
DEBUG:root:Forward to the Left/Straight
DEBUG:root:Left=-46.453000 Right=35.143000
DEBUG:root:ScaledLeft: 270.480750 ScaledRight: 454.071750
INFO:root:Looping....
DEBUG:root:This is the line: drive:27.714:11.31

DEBUG:root:We got command: drive
DEBUG:root:We got a drive command: rawX:11.310000 and rawY:27.714000
DEBUG:root:Forward to the Right
DEBUG:root:Left=-27.714000 Right=16.404000
DEBUG:root:ScaledLeft: 312.643500 ScaledRight: 411.909000
INFO:root:Looping....
DEBUG:root:This is the line: drive:0:0

DEBUG:root:We got command: drive
DEBUG:root:We got a drive command: rawX:0.000000 and rawY:0.000000
DEBUG:root:Left=0.000000 Right=0.000000
DEBUG:root:ScaledLeft: 375.000000 ScaledRight: 375.000000
INFO:root:Looping....
DEBUG:root:This is the line: drive:-19.714:3.571

DEBUG:root:We got command: drive
DEBUG:root:We got a drive command: rawX:3.571000 and rawY:-19.714000
DEBUG:root:Reverse to the Right
DEBUG:root:Left=19.714000 Right=-23.285000
DEBUG:root:ScaledLeft: 419.356500 ScaledRight: 322.608750
INFO:root:Looping....
DEBUG:root:This is the line: drive:-19.714:3.571

DEBUG:root:We got command: drive
DEBUG:root:We got a drive command: rawX:3.571000 and rawY:-19.714000
DEBUG:root:Reverse to the Right
DEBUG:root:Left=19.714000 Right=-23.285000
DEBUG:root:ScaledLeft: 419.356500 ScaledRight: 322.608750
INFO:root:Looping....
DEBUG:root:This is the line: drive:-6.886:1.786

DEBUG:root:We got command: drive
DEBUG:root:We got a drive command: rawX:1.786000 and rawY:-6.886000
DEBUG:root:Reverse to the Right
DEBUG:root:Left=6.886000 Right=-8.672000
DEBUG:root:ScaledLeft: 390.493500 ScaledRight: 355.488000
INFO:root:Looping....
DEBUG:root:This is the line: drive:-1.391:1.786

DEBUG:root:We got command: drive
DEBUG:root:We got a drive command: rawX:1.786000 and rawY:-1.391000
DEBUG:root:Reverse to the Right
DEBUG:root:Left=1.391000 Right=-3.177000
DEBUG:root:ScaledLeft: 378.129750 ScaledRight: 367.851750
INFO:root:Looping....
DEBUG:root:This is the line: drive:3.432:1.786

DEBUG:root:We got command: drive
DEBUG:root:We got a drive command: rawX:1.786000 and rawY:3.432000
DEBUG:root:Forward to the Right
DEBUG:root:Left=-3.432000 Right=1.646000
DEBUG:root:ScaledLeft: 367.278000 ScaledRight: 378.703500
INFO:root:Looping....
DEBUG:root:This is the line: drive:6.344:1.786

DEBUG:root:We got command: drive
DEBUG:root:We got a drive command: rawX:1.786000 and rawY:6.344000
DEBUG:root:Forward to the Right
DEBUG:root:Left=-6.344000 Right=4.558000
DEBUG:root:ScaledLeft: 360.726000 ScaledRight: 385.255500
INFO:root:Looping....
DEBUG:root:This is the line: drive:10.497:1.786

DEBUG:root:We got command: drive
DEBUG:root:We got a drive command: rawX:1.786000 and rawY:10.497000
DEBUG:root:Forward to the Right
DEBUG:root:Left=-10.497000 Right=8.711000
DEBUG:root:ScaledLeft: 351.381750 ScaledRight: 394.599750
INFO:root:Looping....
DEBUG:root:This is the line: drive:12.63:1.786

DEBUG:root:We got command: drive
DEBUG:root:We got a drive command: rawX:1.786000 and rawY:12.630000
DEBUG:root:Forward to the Right
DEBUG:root:Left=-12.630000 Right=10.844000
DEBUG:root:ScaledLeft: 346.582500 ScaledRight: 399.399000
INFO:root:Looping....
DEBUG:root:This is the line: drive:14.673:1.786

DEBUG:root:We got command: drive
DEBUG:root:We got a drive command: rawX:1.786000 and rawY:14.673000
DEBUG:root:Forward to the Right
DEBUG:root:Left=-14.673000 Right=12.887000
DEBUG:root:ScaledLeft: 341.985750 ScaledRight: 403.995750
INFO:root:Looping....
DEBUG:root:This is the line: drive:17.613:1.786

DEBUG:root:We got command: drive
DEBUG:root:We got a drive command: rawX:1.786000 and rawY:17.613000
DEBUG:root:Forward to the Right
DEBUG:root:Left=-17.613000 Right=15.827000
DEBUG:root:ScaledLeft: 335.370750 ScaledRight: 410.610750
INFO:root:Looping....
DEBUG:root:This is the line: drive:20.839:2.381

DEBUG:root:We got command: drive
DEBUG:root:We got a drive command: rawX:2.381000 and rawY:20.839000
DEBUG:root:Forward to the Right
DEBUG:root:Left=-20.839000 Right=18.458000
DEBUG:root:ScaledLeft: 328.112250 ScaledRight: 416.530500
INFO:root:Looping....
DEBUG:root:This is the line: drive:25.122:3.274

DEBUG:root:We got command: drive
DEBUG:root:We got a drive command: rawX:3.274000 and rawY:25.122000
DEBUG:root:Forward to the Right
DEBUG:root:Left=-25.122000 Right=21.848000
DEBUG:root:ScaledLeft: 318.475500 ScaledRight: 424.158000
INFO:root:Looping....
DEBUG:root:This is the line: drive:26.857:3.869

DEBUG:root:We got command: drive
DEBUG:root:We got a drive command: rawX:3.869000 and rawY:26.857000
DEBUG:root:Forward to the Right
DEBUG:root:Left=-26.857000 Right=22.988000
DEBUG:root:ScaledLeft: 314.571750 ScaledRight: 426.723000
INFO:root:Looping....
DEBUG:root:This is the line: drive:28.99:4.167

DEBUG:root:We got command: drive
DEBUG:root:We got a drive command: rawX:4.167000 and rawY:28.990000
DEBUG:root:Forward to the Right
DEBUG:root:Left=-28.990000 Right=24.823000
DEBUG:root:ScaledLeft: 309.772500 ScaledRight: 430.851750
INFO:root:Looping....
DEBUG:root:This is the line: drive:31.125:4.464

DEBUG:root:We got command: drive
DEBUG:root:We got a drive command: rawX:4.464000 and rawY:31.125000
DEBUG:root:Forward to the Right
DEBUG:root:Left=-31.125000 Right=26.661000
DEBUG:root:ScaledLeft: 304.968750 ScaledRight: 434.987250
INFO:root:Looping....
DEBUG:root:This is the line: drive:32.883:5.06

DEBUG:root:We got command: drive
DEBUG:root:We got a drive command: rawX:5.060000 and rawY:32.883000
DEBUG:root:Forward to the Right
DEBUG:root:Left=-32.883000 Right=27.823000
DEBUG:root:ScaledLeft: 301.013250 ScaledRight: 437.601750
INFO:root:Looping....
DEBUG:root:This is the line: drive:34.714:5.06

DEBUG:root:We got command: drive
DEBUG:root:We got a drive command: rawX:5.060000 and rawY:34.714000
DEBUG:root:Forward to the Right
DEBUG:root:Left=-34.714000 Right=29.654000
DEBUG:root:ScaledLeft: 296.893500 ScaledRight: 441.721500
INFO:root:Looping....
DEBUG:root:This is the line: drive:35.286:5.06

DEBUG:root:We got command: drive
DEBUG:root:We got a drive command: rawX:5.060000 and rawY:35.286000
DEBUG:root:Forward to the Right
DEBUG:root:Left=-35.286000 Right=30.226000
DEBUG:root:ScaledLeft: 295.606500 ScaledRight: 443.008500
INFO:root:Looping....
DEBUG:root:This is the line: drive:37.065:5.357

DEBUG:root:We got command: drive
DEBUG:root:We got a drive command: rawX:5.357000 and rawY:37.065000
DEBUG:root:Forward to the Right
DEBUG:root:Left=-37.065000 Right=31.708000
DEBUG:root:ScaledLeft: 291.603750 ScaledRight: 446.343000
INFO:root:Looping....
DEBUG:root:This is the line: drive:39.442:5.668

DEBUG:root:We got command: drive
DEBUG:root:We got a drive command: rawX:5.668000 and rawY:39.442000
DEBUG:root:Forward to the Right
DEBUG:root:Left=-39.442000 Right=33.774000
DEBUG:root:ScaledLeft: 286.255500 ScaledRight: 450.991500
INFO:root:Looping....
DEBUG:root:This is the line: drive:41.589:5.952

DEBUG:root:We got command: drive
DEBUG:root:We got a drive command: rawX:5.952000 and rawY:41.589000
DEBUG:root:Forward to the Right
DEBUG:root:Left=-41.589000 Right=35.637000
DEBUG:root:ScaledLeft: 281.424750 ScaledRight: 455.183250
INFO:root:Looping....
DEBUG:root:This is the line: drive:43.721:5.952

DEBUG:root:We got command: drive
DEBUG:root:We got a drive command: rawX:5.952000 and rawY:43.721000
DEBUG:root:Forward to the Right
DEBUG:root:Left=-43.721000 Right=37.769000
DEBUG:root:ScaledLeft: 276.627750 ScaledRight: 459.980250
INFO:root:Looping....
DEBUG:root:This is the line: drive:45.443:5.952

DEBUG:root:We got command: drive
DEBUG:root:We got a drive command: rawX:5.952000 and rawY:45.443000
DEBUG:root:Forward to the Right
DEBUG:root:Left=-45.443000 Right=39.491000
DEBUG:root:ScaledLeft: 272.753250 ScaledRight: 463.854750
INFO:root:Looping....
DEBUG:root:This is the line: drive:47.492:5.952

DEBUG:root:We got command: drive
DEBUG:root:We got a drive command: rawX:5.952000 and rawY:47.492000
DEBUG:root:Forward to the Right
DEBUG:root:Left=-47.492000 Right=41.540000
DEBUG:root:ScaledLeft: 268.143000 ScaledRight: 468.465000
INFO:root:Looping....
DEBUG:root:This is the line: drive:49.236:6.25

DEBUG:root:We got command: drive
DEBUG:root:We got a drive command: rawX:6.250000 and rawY:49.236000
DEBUG:root:Forward to the Right
DEBUG:root:Left=-49.236000 Right=42.986000
DEBUG:root:ScaledLeft: 264.219000 ScaledRight: 471.718500
INFO:root:Looping....
DEBUG:root:This is the line: drive:51.366:6.548

DEBUG:root:We got command: drive
DEBUG:root:We got a drive command: rawX:6.548000 and rawY:51.366000
DEBUG:root:Forward to the Right
DEBUG:root:Left=-51.366000 Right=44.818000
DEBUG:root:ScaledLeft: 259.426500 ScaledRight: 475.840500
INFO:root:Looping....
DEBUG:root:This is the line: drive:52.475:6.548

DEBUG:root:We got command: drive
DEBUG:root:We got a drive command: rawX:6.548000 and rawY:52.475000
DEBUG:root:Forward to the Right
DEBUG:root:Left=-52.475000 Right=45.927000
DEBUG:root:ScaledLeft: 256.931250 ScaledRight: 478.335750
INFO:root:Looping....
DEBUG:root:This is the line: drive:53.857:6.548

DEBUG:root:We got command: drive
DEBUG:root:We got a drive command: rawX:6.548000 and rawY:53.857000
DEBUG:root:Forward to the Right
DEBUG:root:Left=-53.857000 Right=47.309000
DEBUG:root:ScaledLeft: 253.821750 ScaledRight: 481.445250
INFO:root:Looping....
DEBUG:root:This is the line: drive:55.185:6.548

DEBUG:root:We got command: drive
DEBUG:root:We got a drive command: rawX:6.548000 and rawY:55.185000
DEBUG:root:Forward to the Right
DEBUG:root:Left=-55.185000 Right=48.637000
DEBUG:root:ScaledLeft: 250.833750 ScaledRight: 484.433250
INFO:root:Looping....
DEBUG:root:This is the line: drive:56.752:6.548

DEBUG:root:We got command: drive
DEBUG:root:We got a drive command: rawX:6.548000 and rawY:56.752000
DEBUG:root:Forward to the Right
DEBUG:root:Left=-56.752000 Right=50.204000
DEBUG:root:ScaledLeft: 247.308000 ScaledRight: 487.959000
INFO:root:Looping....
DEBUG:root:This is the line: drive:58.8:6.548

DEBUG:root:We got command: drive
DEBUG:root:We got a drive command: rawX:6.548000 and rawY:58.800000
DEBUG:root:Forward to the Right
DEBUG:root:Left=-58.800000 Right=52.252000
DEBUG:root:ScaledLeft: 242.700000 ScaledRight: 492.567000
INFO:root:Looping....
DEBUG:root:This is the line: drive:59.77:6.548

DEBUG:root:We got command: drive
DEBUG:root:We got a drive command: rawX:6.548000 and rawY:59.770000
DEBUG:root:Forward to the Right
DEBUG:root:Left=-59.770000 Right=53.222000
DEBUG:root:ScaledLeft: 240.517500 ScaledRight: 494.749500
INFO:root:Looping....
DEBUG:root:This is the line: drive:61.034:6.548

DEBUG:root:We got command: drive
DEBUG:root:We got a drive command: rawX:6.548000 and rawY:61.034000
DEBUG:root:Forward to the Right
DEBUG:root:Left=-61.034000 Right=54.486000
DEBUG:root:ScaledLeft: 237.673500 ScaledRight: 497.593500
INFO:root:Looping....
DEBUG:root:This is the line: drive:62.143:6.548

DEBUG:root:We got command: drive
DEBUG:root:We got a drive command: rawX:6.548000 and rawY:62.143000
DEBUG:root:Forward to the Right
DEBUG:root:Left=-62.143000 Right=55.595000
DEBUG:root:ScaledLeft: 235.178250 ScaledRight: 500.088750
INFO:root:Looping....
DEBUG:root:This is the line: drive:62.313:6.548

DEBUG:root:We got command: drive
DEBUG:root:We got a drive command: rawX:6.548000 and rawY:62.313000
DEBUG:root:Forward to the Right
DEBUG:root:Left=-62.313000 Right=55.765000
DEBUG:root:ScaledLeft: 234.795750 ScaledRight: 500.471250
INFO:root:Looping....
DEBUG:root:This is the line: drive:63.0:6.548

DEBUG:root:We got command: drive
DEBUG:root:We got a drive command: rawX:6.548000 and rawY:63.000000
DEBUG:root:Forward to the Right
DEBUG:root:Left=-63.000000 Right=56.452000
DEBUG:root:ScaledLeft: 233.250000 ScaledRight: 502.017000
INFO:root:Looping....
DEBUG:root:This is the line: drive:63.503:6.548

DEBUG:root:We got command: drive
DEBUG:root:We got a drive command: rawX:6.548000 and rawY:63.503000
DEBUG:root:Forward to the Right
DEBUG:root:Left=-63.503000 Right=56.955000
DEBUG:root:ScaledLeft: 232.118250 ScaledRight: 503.148750
INFO:root:Looping....
DEBUG:root:This is the line: drive:63.503:6.548

DEBUG:root:We got command: drive
DEBUG:root:We got a drive command: rawX:6.548000 and rawY:63.503000
DEBUG:root:Forward to the Right
DEBUG:root:Left=-63.503000 Right=56.955000
DEBUG:root:ScaledLeft: 232.118250 ScaledRight: 503.148750
INFO:root:Looping....
DEBUG:root:This is the line: drive:64.429:6.548

DEBUG:root:We got command: drive
DEBUG:root:We got a drive command: rawX:6.548000 and rawY:64.429000
DEBUG:root:Forward to the Right
DEBUG:root:Left=-64.429000 Right=57.881000
DEBUG:root:ScaledLeft: 230.034750 ScaledRight: 505.232250
INFO:root:Looping....
DEBUG:root:This is the line: drive:64.859:6.548

DEBUG:root:We got command: drive
DEBUG:root:We got a drive command: rawX:6.548000 and rawY:64.859000
DEBUG:root:Forward to the Right
DEBUG:root:Left=-64.859000 Right=58.311000
DEBUG:root:ScaledLeft: 229.067250 ScaledRight: 506.199750
INFO:root:Looping....
DEBUG:root:This is the line: drive:65.854:6.548

DEBUG:root:We got command: drive
DEBUG:root:We got a drive command: rawX:6.548000 and rawY:65.854000
DEBUG:root:Forward to the Right
DEBUG:root:Left=-65.854000 Right=59.306000
DEBUG:root:ScaledLeft: 226.828500 ScaledRight: 508.438500
INFO:root:Looping....
DEBUG:root:This is the line: drive:66.429:6.548

DEBUG:root:We got command: drive
DEBUG:root:We got a drive command: rawX:6.548000 and rawY:66.429000
DEBUG:root:Forward to the Right
DEBUG:root:Left=-66.429000 Right=59.881000
DEBUG:root:ScaledLeft: 225.534750 ScaledRight: 509.732250
INFO:root:Looping....
DEBUG:root:This is the line: drive:66.628:6.548

DEBUG:root:We got command: drive
DEBUG:root:We got a drive command: rawX:6.548000 and rawY:66.628000
DEBUG:root:Forward to the Right
DEBUG:root:Left=-66.628000 Right=60.080000
DEBUG:root:ScaledLeft: 225.087000 ScaledRight: 510.180000
INFO:root:Looping....
DEBUG:root:This is the line: drive:67.246:6.548

DEBUG:root:We got command: drive
DEBUG:root:We got a drive command: rawX:6.548000 and rawY:67.246000
DEBUG:root:Forward to the Right
DEBUG:root:Left=-67.246000 Right=60.698000
DEBUG:root:ScaledLeft: 223.696500 ScaledRight: 511.570500
INFO:root:Looping....
DEBUG:root:This is the line: drive:67.473:6.548

DEBUG:root:We got command: drive
DEBUG:root:We got a drive command: rawX:6.548000 and rawY:67.473000
DEBUG:root:Forward to the Right
DEBUG:root:Left=-67.473000 Right=60.925000
DEBUG:root:ScaledLeft: 223.185750 ScaledRight: 512.081250
INFO:root:Looping....
DEBUG:root:This is the line: drive:68.063:6.548

DEBUG:root:We got command: drive
DEBUG:root:We got a drive command: rawX:6.548000 and rawY:68.063000
DEBUG:root:Forward to the Right
DEBUG:root:Left=-68.063000 Right=61.515000
DEBUG:root:ScaledLeft: 221.858250 ScaledRight: 513.408750
INFO:root:Looping....
DEBUG:root:This is the line: drive:68.636:6.548

DEBUG:root:We got command: drive
DEBUG:root:We got a drive command: rawX:6.548000 and rawY:68.636000
DEBUG:root:Forward to the Right
DEBUG:root:Left=-68.636000 Right=62.088000
DEBUG:root:ScaledLeft: 220.569000 ScaledRight: 514.698000
INFO:root:Looping....
DEBUG:root:This is the line: drive:68.9:6.548

DEBUG:root:We got command: drive
DEBUG:root:We got a drive command: rawX:6.548000 and rawY:68.900000
DEBUG:root:Forward to the Right
DEBUG:root:Left=-68.900000 Right=62.352000
DEBUG:root:ScaledLeft: 219.975000 ScaledRight: 515.292000
INFO:root:Looping....
DEBUG:root:This is the line: drive:69.741:6.548

DEBUG:root:We got command: drive
DEBUG:root:We got a drive command: rawX:6.548000 and rawY:69.741000
DEBUG:root:Forward to the Right
DEBUG:root:Left=-69.741000 Right=63.193000
DEBUG:root:ScaledLeft: 218.082750 ScaledRight: 517.184250
INFO:root:Looping....
DEBUG:root:This is the line: drive:69.741:6.548

DEBUG:root:We got command: drive
DEBUG:root:We got a drive command: rawX:6.548000 and rawY:69.741000
DEBUG:root:Forward to the Right
DEBUG:root:Left=-69.741000 Right=63.193000
DEBUG:root:ScaledLeft: 218.082750 ScaledRight: 517.184250
INFO:root:Looping....
DEBUG:root:This is the line: drive:70.429:6.548

DEBUG:root:We got command: drive
DEBUG:root:We got a drive command: rawX:6.548000 and rawY:70.429000
DEBUG:root:Forward to the Right
DEBUG:root:Left=-70.429000 Right=63.881000
DEBUG:root:ScaledLeft: 216.534750 ScaledRight: 518.732250
INFO:root:Looping....
DEBUG:root:This is the line: drive:70.64:6.548

DEBUG:root:We got command: drive
DEBUG:root:We got a drive command: rawX:6.548000 and rawY:70.640000
DEBUG:root:Forward to the Right
DEBUG:root:Left=-70.640000 Right=64.092000
DEBUG:root:ScaledLeft: 216.060000 ScaledRight: 519.207000
INFO:root:Looping....
DEBUG:root:This is the line: drive:70.895:6.548

DEBUG:root:We got command: drive
DEBUG:root:We got a drive command: rawX:6.548000 and rawY:70.895000
DEBUG:root:Forward to the Right
DEBUG:root:Left=-70.895000 Right=64.347000
DEBUG:root:ScaledLeft: 215.486250 ScaledRight: 519.780750
INFO:root:Looping....
DEBUG:root:This is the line: drive:71.187:6.548

DEBUG:root:We got command: drive
DEBUG:root:We got a drive command: rawX:6.548000 and rawY:71.187000
DEBUG:root:Forward to the Right
DEBUG:root:Left=-71.187000 Right=64.639000
DEBUG:root:ScaledLeft: 214.829250 ScaledRight: 520.437750
INFO:root:Looping....
DEBUG:root:This is the line: drive:71.545:6.548

DEBUG:root:We got command: drive
DEBUG:root:We got a drive command: rawX:6.548000 and rawY:71.545000
DEBUG:root:Forward to the Right
DEBUG:root:Left=-71.545000 Right=64.997000
DEBUG:root:ScaledLeft: 214.023750 ScaledRight: 521.243250
INFO:root:Looping....
DEBUG:root:This is the line: drive:71.545:6.548

DEBUG:root:We got command: drive
DEBUG:root:We got a drive command: rawX:6.548000 and rawY:71.545000
DEBUG:root:Forward to the Right
DEBUG:root:Left=-71.545000 Right=64.997000
DEBUG:root:ScaledLeft: 214.023750 ScaledRight: 521.243250
INFO:root:Looping....
DEBUG:root:This is the line: drive:72.088:6.548

DEBUG:root:We got command: drive
DEBUG:root:We got a drive command: rawX:6.548000 and rawY:72.088000
DEBUG:root:Forward to the Right
DEBUG:root:Left=-72.088000 Right=65.540000
DEBUG:root:ScaledLeft: 212.802000 ScaledRight: 522.465000
INFO:root:Looping....
DEBUG:root:This is the line: drive:72.339:6.548

DEBUG:root:We got command: drive
DEBUG:root:We got a drive command: rawX:6.548000 and rawY:72.339000
DEBUG:root:Forward to the Right
DEBUG:root:Left=-72.339000 Right=65.791000
DEBUG:root:ScaledLeft: 212.237250 ScaledRight: 523.029750
INFO:root:Looping....
DEBUG:root:This is the line: drive:72.339:6.548

DEBUG:root:We got command: drive
DEBUG:root:We got a drive command: rawX:6.548000 and rawY:72.339000
DEBUG:root:Forward to the Right
DEBUG:root:Left=-72.339000 Right=65.791000
DEBUG:root:ScaledLeft: 212.237250 ScaledRight: 523.029750
INFO:root:Looping....
DEBUG:root:This is the line: drive:73.0:6.548

DEBUG:root:We got command: drive
DEBUG:root:We got a drive command: rawX:6.548000 and rawY:73.000000
DEBUG:root:Forward to the Right
DEBUG:root:Left=-73.000000 Right=66.452000
DEBUG:root:ScaledLeft: 210.750000 ScaledRight: 524.517000
INFO:root:Looping....
DEBUG:root:This is the line: drive:73.0:6.548

DEBUG:root:We got command: drive
DEBUG:root:We got a drive command: rawX:6.548000 and rawY:73.000000
DEBUG:root:Forward to the Right
DEBUG:root:Left=-73.000000 Right=66.452000
DEBUG:root:ScaledLeft: 210.750000 ScaledRight: 524.517000
INFO:root:Looping....
DEBUG:root:This is the line: drive:73.0:6.548

DEBUG:root:We got command: drive
DEBUG:root:We got a drive command: rawX:6.548000 and rawY:73.000000
DEBUG:root:Forward to the Right
DEBUG:root:Left=-73.000000 Right=66.452000
DEBUG:root:ScaledLeft: 210.750000 ScaledRight: 524.517000
INFO:root:Looping....
DEBUG:root:This is the line: drive:73.479:6.548

DEBUG:root:We got command: drive
DEBUG:root:We got a drive command: rawX:6.548000 and rawY:73.479000
DEBUG:root:Forward to the Right
DEBUG:root:Left=-73.479000 Right=66.931000
DEBUG:root:ScaledLeft: 209.672250 ScaledRight: 525.594750
INFO:root:Looping....
DEBUG:root:This is the line: drive:73.479:6.548

DEBUG:root:We got command: drive
DEBUG:root:We got a drive command: rawX:6.548000 and rawY:73.479000
DEBUG:root:Forward to the Right
DEBUG:root:Left=-73.479000 Right=66.931000
DEBUG:root:ScaledLeft: 209.672250 ScaledRight: 525.594750
INFO:root:Looping....
DEBUG:root:This is the line: drive:73.479:6.548

DEBUG:root:We got command: drive
DEBUG:root:We got a drive command: rawX:6.548000 and rawY:73.479000
DEBUG:root:Forward to the Right
DEBUG:root:Left=-73.479000 Right=66.931000
DEBUG:root:ScaledLeft: 209.672250 ScaledRight: 525.594750
INFO:root:Looping....
DEBUG:root:This is the line: drive:73.722:6.548

DEBUG:root:We got command: drive
DEBUG:root:We got a drive command: rawX:6.548000 and rawY:73.722000
DEBUG:root:Forward to the Right
DEBUG:root:Left=-73.722000 Right=67.174000
DEBUG:root:ScaledLeft: 209.125500 ScaledRight: 526.141500
INFO:root:Looping....
DEBUG:root:This is the line: drive:73.722:6.548

DEBUG:root:We got command: drive
DEBUG:root:We got a drive command: rawX:6.548000 and rawY:73.722000
DEBUG:root:Forward to the Right
DEBUG:root:Left=-73.722000 Right=67.174000
DEBUG:root:ScaledLeft: 209.125500 ScaledRight: 526.141500
INFO:root:Looping....
DEBUG:root:This is the line: drive:73.722:6.548

DEBUG:root:We got command: drive
DEBUG:root:We got a drive command: rawX:6.548000 and rawY:73.722000
DEBUG:root:Forward to the Right
DEBUG:root:Left=-73.722000 Right=67.174000
DEBUG:root:ScaledLeft: 209.125500 ScaledRight: 526.141500
INFO:root:Looping....
DEBUG:root:This is the line: drive:73.722:6.548

DEBUG:root:We got command: drive
DEBUG:root:We got a drive command: rawX:6.548000 and rawY:73.722000
DEBUG:root:Forward to the Right
DEBUG:root:Left=-73.722000 Right=67.174000
DEBUG:root:ScaledLeft: 209.125500 ScaledRight: 526.141500
INFO:root:Looping....
DEBUG:root:This is the line: drive:73.722:6.548

DEBUG:root:We got command: drive
DEBUG:root:We got a drive command: rawX:6.548000 and rawY:73.722000
DEBUG:root:Forward to the Right
DEBUG:root:Left=-73.722000 Right=67.174000
DEBUG:root:ScaledLeft: 209.125500 ScaledRight: 526.141500
INFO:root:Looping....
DEBUG:root:This is the line: drive:74.005:6.548

DEBUG:root:We got command: drive
DEBUG:root:We got a drive command: rawX:6.548000 and rawY:74.005000
DEBUG:root:Forward to the Right
DEBUG:root:Left=-74.005000 Right=67.457000
DEBUG:root:ScaledLeft: 208.488750 ScaledRight: 526.778250
INFO:root:Looping....
DEBUG:root:This is the line: drive:74.005:6.548

DEBUG:root:We got command: drive
DEBUG:root:We got a drive command: rawX:6.548000 and rawY:74.005000
DEBUG:root:Forward to the Right
DEBUG:root:Left=-74.005000 Right=67.457000
DEBUG:root:ScaledLeft: 208.488750 ScaledRight: 526.778250
INFO:root:Looping....
DEBUG:root:This is the line: drive:74.005:6.548

DEBUG:root:We got command: drive
DEBUG:root:We got a drive command: rawX:6.548000 and rawY:74.005000
DEBUG:root:Forward to the Right
DEBUG:root:Left=-74.005000 Right=67.457000
DEBUG:root:ScaledLeft: 208.488750 ScaledRight: 526.778250
INFO:root:Looping....
DEBUG:root:This is the line: drive:74.005:6.548

DEBUG:root:We got command: drive
DEBUG:root:We got a drive command: rawX:6.548000 and rawY:74.005000
DEBUG:root:Forward to the Right
DEBUG:root:Left=-74.005000 Right=67.457000
DEBUG:root:ScaledLeft: 208.488750 ScaledRight: 526.778250
INFO:root:Looping....
DEBUG:root:This is the line: drive:74.005:6.548

DEBUG:root:We got command: drive
DEBUG:root:We got a drive command: rawX:6.548000 and rawY:74.005000
DEBUG:root:Forward to the Right
DEBUG:root:Left=-74.005000 Right=67.457000
DEBUG:root:ScaledLeft: 208.488750 ScaledRight: 526.778250
INFO:root:Looping....
DEBUG:root:This is the line: drive:74.295:6.548

DEBUG:root:We got command: drive
DEBUG:root:We got a drive command: rawX:6.548000 and rawY:74.295000
DEBUG:root:Forward to the Right
DEBUG:root:Left=-74.295000 Right=67.747000
DEBUG:root:ScaledLeft: 207.836250 ScaledRight: 527.430750
INFO:root:Looping....
DEBUG:root:This is the line: drive:74.295:6.548

DEBUG:root:We got command: drive
DEBUG:root:We got a drive command: rawX:6.548000 and rawY:74.295000
DEBUG:root:Forward to the Right
DEBUG:root:Left=-74.295000 Right=67.747000
DEBUG:root:ScaledLeft: 207.836250 ScaledRight: 527.430750
INFO:root:Looping....
DEBUG:root:This is the line: drive:74.295:6.548

DEBUG:root:We got command: drive
DEBUG:root:We got a drive command: rawX:6.548000 and rawY:74.295000
DEBUG:root:Forward to the Right
DEBUG:root:Left=-74.295000 Right=67.747000
DEBUG:root:ScaledLeft: 207.836250 ScaledRight: 527.430750
INFO:root:Looping....
DEBUG:root:This is the line: drive:74.589:6.548

DEBUG:root:We got command: drive
DEBUG:root:We got a drive command: rawX:6.548000 and rawY:74.589000
DEBUG:root:Forward to the Right
DEBUG:root:Left=-74.589000 Right=68.041000
DEBUG:root:ScaledLeft: 207.174750 ScaledRight: 528.092250
INFO:root:Looping....
DEBUG:root:This is the line: drive:74.589:6.548

DEBUG:root:We got command: drive
DEBUG:root:We got a drive command: rawX:6.548000 and rawY:74.589000
DEBUG:root:Forward to the Right
DEBUG:root:Left=-74.589000 Right=68.041000
DEBUG:root:ScaledLeft: 207.174750 ScaledRight: 528.092250
INFO:root:Looping....
DEBUG:root:This is the line: drive:74.589:6.548

DEBUG:root:We got command: drive
DEBUG:root:We got a drive command: rawX:6.548000 and rawY:74.589000
DEBUG:root:Forward to the Right
DEBUG:root:Left=-74.589000 Right=68.041000
DEBUG:root:ScaledLeft: 207.174750 ScaledRight: 528.092250
INFO:root:Looping....
DEBUG:root:This is the line: drive:74.871:6.548

DEBUG:root:We got command: drive
DEBUG:root:We got a drive command: rawX:6.548000 and rawY:74.871000
DEBUG:root:Forward to the Right
DEBUG:root:Left=-74.871000 Right=68.323000
DEBUG:root:ScaledLeft: 206.540250 ScaledRight: 528.726750
INFO:root:Looping....
DEBUG:root:This is the line: drive:74.871:6.548

DEBUG:root:We got command: drive
DEBUG:root:We got a drive command: rawX:6.548000 and rawY:74.871000
DEBUG:root:Forward to the Right
DEBUG:root:Left=-74.871000 Right=68.323000
DEBUG:root:ScaledLeft: 206.540250 ScaledRight: 528.726750
INFO:root:Looping....
DEBUG:root:This is the line: drive:75.166:6.548

DEBUG:root:We got command: drive
DEBUG:root:We got a drive command: rawX:6.548000 and rawY:75.166000
DEBUG:root:Forward to the Right
DEBUG:root:Left=-75.166000 Right=68.618000
DEBUG:root:ScaledLeft: 205.876500 ScaledRight: 529.390500
INFO:root:Looping....
DEBUG:root:This is the line: drive:75.166:6.548

DEBUG:root:We got command: drive
DEBUG:root:We got a drive command: rawX:6.548000 and rawY:75.166000
DEBUG:root:Forward to the Right
DEBUG:root:Left=-75.166000 Right=68.618000
DEBUG:root:ScaledLeft: 205.876500 ScaledRight: 529.390500
INFO:root:Looping....
DEBUG:root:This is the line: drive:75.166:6.548

DEBUG:root:We got command: drive
DEBUG:root:We got a drive command: rawX:6.548000 and rawY:75.166000
DEBUG:root:Forward to the Right
DEBUG:root:Left=-75.166000 Right=68.618000
DEBUG:root:ScaledLeft: 205.876500 ScaledRight: 529.390500
INFO:root:Looping....
DEBUG:root:This is the line: drive:75.439:6.548

DEBUG:root:We got command: drive
DEBUG:root:We got a drive command: rawX:6.548000 and rawY:75.439000
DEBUG:root:Forward to the Right
DEBUG:root:Left=-75.439000 Right=68.891000
DEBUG:root:ScaledLeft: 205.262250 ScaledRight: 530.004750
INFO:root:Looping....
DEBUG:root:This is the line: drive:75.439:6.548

DEBUG:root:We got command: drive
DEBUG:root:We got a drive command: rawX:6.548000 and rawY:75.439000
DEBUG:root:Forward to the Right
DEBUG:root:Left=-75.439000 Right=68.891000
DEBUG:root:ScaledLeft: 205.262250 ScaledRight: 530.004750
INFO:root:Looping....
DEBUG:root:This is the line: drive:75.429:6.229

DEBUG:root:We got command: drive
DEBUG:root:We got a drive command: rawX:6.229000 and rawY:75.429000
DEBUG:root:Forward to the Right
DEBUG:root:Left=-75.429000 Right=69.200000
DEBUG:root:ScaledLeft: 205.284750 ScaledRight: 530.700000
INFO:root:Looping....
DEBUG:root:This is the line: drive:75.429:5.208

DEBUG:root:We got command: drive
DEBUG:root:We got a drive command: rawX:5.208000 and rawY:75.429000
DEBUG:root:Forward to the Right
DEBUG:root:Left=-75.429000 Right=70.221000
DEBUG:root:ScaledLeft: 205.284750 ScaledRight: 532.997250
INFO:root:Looping....
DEBUG:root:This is the line: drive:75.429:5.029

DEBUG:root:We got command: drive
DEBUG:root:We got a drive command: rawX:5.029000 and rawY:75.429000
DEBUG:root:Forward to the Right
DEBUG:root:Left=-75.429000 Right=70.400000
DEBUG:root:ScaledLeft: 205.284750 ScaledRight: 533.400000
INFO:root:Looping....
DEBUG:root:This is the line: drive:75.429:4.728

DEBUG:root:We got command: drive
DEBUG:root:We got a drive command: rawX:4.728000 and rawY:75.429000
DEBUG:root:Forward to the Right
DEBUG:root:Left=-75.429000 Right=70.701000
DEBUG:root:ScaledLeft: 205.284750 ScaledRight: 534.077250
INFO:root:Looping....
DEBUG:root:This is the line: drive:75.429:4.42

DEBUG:root:We got command: drive
DEBUG:root:We got a drive command: rawX:4.420000 and rawY:75.429000
DEBUG:root:Forward to the Right
DEBUG:root:Left=-75.429000 Right=71.009000
DEBUG:root:ScaledLeft: 205.284750 ScaledRight: 534.770250
INFO:root:Looping....
DEBUG:root:This is the line: drive:75.429:4.13

DEBUG:root:We got command: drive
DEBUG:root:We got a drive command: rawX:4.130000 and rawY:75.429000
DEBUG:root:Forward to the Right
DEBUG:root:Left=-75.429000 Right=71.299000
DEBUG:root:ScaledLeft: 205.284750 ScaledRight: 535.422750
INFO:root:Looping....
DEBUG:root:This is the line: drive:75.429:3.866

DEBUG:root:We got command: drive
DEBUG:root:We got a drive command: rawX:3.866000 and rawY:75.429000
DEBUG:root:Forward to the Right
DEBUG:root:Left=-75.429000 Right=71.563000
DEBUG:root:ScaledLeft: 205.284750 ScaledRight: 536.016750
INFO:root:Looping....
DEBUG:root:This is the line: drive:75.429:2.827

DEBUG:root:We got command: drive
DEBUG:root:We got a drive command: rawX:2.827000 and rawY:75.429000
DEBUG:root:Forward to the Right
DEBUG:root:Left=-75.429000 Right=72.602000
DEBUG:root:ScaledLeft: 205.284750 ScaledRight: 538.354500
INFO:root:Looping....
DEBUG:root:This is the line: drive:75.429:2.297

DEBUG:root:We got command: drive
DEBUG:root:We got a drive command: rawX:2.297000 and rawY:75.429000
DEBUG:root:Forward to the Right
DEBUG:root:Left=-75.429000 Right=73.132000
DEBUG:root:ScaledLeft: 205.284750 ScaledRight: 539.547000
INFO:root:Looping....
DEBUG:root:This is the line: drive:76.007:2.083

DEBUG:root:We got command: drive
DEBUG:root:We got a drive command: rawX:2.083000 and rawY:76.007000
DEBUG:root:Forward to the Right
DEBUG:root:Left=-76.007000 Right=73.924000
DEBUG:root:ScaledLeft: 203.984250 ScaledRight: 541.329000
INFO:root:Looping....
DEBUG:root:This is the line: drive:76.007:2.083

DEBUG:root:We got command: drive
DEBUG:root:We got a drive command: rawX:2.083000 and rawY:76.007000
DEBUG:root:Forward to the Right
DEBUG:root:Left=-76.007000 Right=73.924000
DEBUG:root:ScaledLeft: 203.984250 ScaledRight: 541.329000
INFO:root:Looping....
DEBUG:root:This is the line: drive:76.288:2.083

DEBUG:root:We got command: drive
DEBUG:root:We got a drive command: rawX:2.083000 and rawY:76.288000
DEBUG:root:Forward to the Right
DEBUG:root:Left=-76.288000 Right=74.205000
DEBUG:root:ScaledLeft: 203.352000 ScaledRight: 541.961250
INFO:root:Looping....
DEBUG:root:This is the line: drive:76.603:1.786

DEBUG:root:We got command: drive
DEBUG:root:We got a drive command: rawX:1.786000 and rawY:76.603000
DEBUG:root:Forward to the Right
DEBUG:root:Left=-76.603000 Right=74.817000
DEBUG:root:ScaledLeft: 202.643250 ScaledRight: 543.338250
INFO:root:Looping....
DEBUG:root:This is the line: drive:76.961:1.786

DEBUG:root:We got command: drive
DEBUG:root:We got a drive command: rawX:1.786000 and rawY:76.961000
DEBUG:root:Forward to the Right
DEBUG:root:Left=-76.961000 Right=75.175000
DEBUG:root:ScaledLeft: 201.837750 ScaledRight: 544.143750
INFO:root:Looping....
DEBUG:root:This is the line: drive:77.286:1.488

DEBUG:root:We got command: drive
DEBUG:root:We got a drive command: rawX:1.488000 and rawY:77.286000
DEBUG:root:Forward to the Right
DEBUG:root:Left=-77.286000 Right=75.798000
DEBUG:root:ScaledLeft: 201.106500 ScaledRight: 545.545500
INFO:root:Looping....
DEBUG:root:This is the line: drive:77.78:1.488

DEBUG:root:We got command: drive
DEBUG:root:We got a drive command: rawX:1.488000 and rawY:77.780000
DEBUG:root:Forward to the Right
DEBUG:root:Left=-77.780000 Right=76.292000
DEBUG:root:ScaledLeft: 199.995000 ScaledRight: 546.657000
INFO:root:Looping....
DEBUG:root:This is the line: drive:78.649:1.488

DEBUG:root:We got command: drive
DEBUG:root:We got a drive command: rawX:1.488000 and rawY:78.649000
DEBUG:root:Forward to the Right
DEBUG:root:Left=-78.649000 Right=77.161000
DEBUG:root:ScaledLeft: 198.039750 ScaledRight: 548.612250
INFO:root:Looping....
DEBUG:root:This is the line: drive:78.857:1.082

DEBUG:root:We got command: drive
DEBUG:root:We got a drive command: rawX:1.082000 and rawY:78.857000
DEBUG:root:Forward to the Right
DEBUG:root:Left=-78.857000 Right=77.775000
DEBUG:root:ScaledLeft: 197.571750 ScaledRight: 549.993750
INFO:root:Looping....
DEBUG:root:This is the line: drive:79.541:1.19

DEBUG:root:We got command: drive
DEBUG:root:We got a drive command: rawX:1.190000 and rawY:79.541000
DEBUG:root:Forward to the Right
DEBUG:root:Left=-79.541000 Right=78.351000
DEBUG:root:ScaledLeft: 196.032750 ScaledRight: 551.289750
INFO:root:Looping....
DEBUG:root:This is the line: drive:80.07:1.19

DEBUG:root:We got command: drive
DEBUG:root:We got a drive command: rawX:1.190000 and rawY:80.070000
DEBUG:root:Forward to the Right
DEBUG:root:Left=-80.070000 Right=78.880000
DEBUG:root:ScaledLeft: 194.842500 ScaledRight: 552.480000
INFO:root:Looping....
DEBUG:root:This is the line: drive:80.686:1.19

DEBUG:root:We got command: drive
DEBUG:root:We got a drive command: rawX:1.190000 and rawY:80.686000
DEBUG:root:Forward to the Right
DEBUG:root:Left=-80.686000 Right=79.496000
DEBUG:root:ScaledLeft: 193.456500 ScaledRight: 553.866000
INFO:root:Looping....
DEBUG:root:This is the line: drive:80.892:1.19

DEBUG:root:We got command: drive
DEBUG:root:We got a drive command: rawX:1.190000 and rawY:80.892000
DEBUG:root:Forward to the Right
DEBUG:root:Left=-80.892000 Right=79.702000
DEBUG:root:ScaledLeft: 192.993000 ScaledRight: 554.329500
INFO:root:Looping....
DEBUG:root:This is the line: drive:81.18:1.19

DEBUG:root:We got command: drive
DEBUG:root:We got a drive command: rawX:1.190000 and rawY:81.180000
DEBUG:root:Forward to the Right
DEBUG:root:Left=-81.180000 Right=79.990000
DEBUG:root:ScaledLeft: 192.345000 ScaledRight: 554.977500
INFO:root:Looping....
DEBUG:root:This is the line: drive:81.458:1.19

DEBUG:root:We got command: drive
DEBUG:root:We got a drive command: rawX:1.190000 and rawY:81.458000
DEBUG:root:Forward to the Right
DEBUG:root:Left=-81.458000 Right=80.268000
DEBUG:root:ScaledLeft: 191.719500 ScaledRight: 555.603000
INFO:root:Looping....
DEBUG:root:This is the line: drive:81.458:1.19

DEBUG:root:We got command: drive
DEBUG:root:We got a drive command: rawX:1.190000 and rawY:81.458000
DEBUG:root:Forward to the Right
DEBUG:root:Left=-81.458000 Right=80.268000
DEBUG:root:ScaledLeft: 191.719500 ScaledRight: 555.603000
INFO:root:Looping....
DEBUG:root:This is the line: drive:81.458:1.19

DEBUG:root:We got command: drive
DEBUG:root:We got a drive command: rawX:1.190000 and rawY:81.458000
DEBUG:root:Forward to the Right
DEBUG:root:Left=-81.458000 Right=80.268000
DEBUG:root:ScaledLeft: 191.719500 ScaledRight: 555.603000
INFO:root:Looping....
DEBUG:root:This is the line: drive:81.458:1.19

DEBUG:root:We got command: drive
DEBUG:root:We got a drive command: rawX:1.190000 and rawY:81.458000
DEBUG:root:Forward to the Right
DEBUG:root:Left=-81.458000 Right=80.268000
DEBUG:root:ScaledLeft: 191.719500 ScaledRight: 555.603000
INFO:root:Looping....
DEBUG:root:This is the line: drive:81.458:1.19

DEBUG:root:We got command: drive
DEBUG:root:We got a drive command: rawX:1.190000 and rawY:81.458000
DEBUG:root:Forward to the Right
DEBUG:root:Left=-81.458000 Right=80.268000
DEBUG:root:ScaledLeft: 191.719500 ScaledRight: 555.603000
INFO:root:Looping....
DEBUG:root:This is the line: drive:81.458:1.19

DEBUG:root:We got command: drive
DEBUG:root:We got a drive command: rawX:1.190000 and rawY:81.458000
DEBUG:root:Forward to the Right
DEBUG:root:Left=-81.458000 Right=80.268000
DEBUG:root:ScaledLeft: 191.719500 ScaledRight: 555.603000
INFO:root:Looping....
DEBUG:root:This is the line: drive:81.723:1.19

DEBUG:root:We got command: drive
DEBUG:root:We got a drive command: rawX:1.190000 and rawY:81.723000
DEBUG:root:Forward to the Right
DEBUG:root:Left=-81.723000 Right=80.533000
DEBUG:root:ScaledLeft: 191.123250 ScaledRight: 556.199250
INFO:root:Looping....
DEBUG:root:This is the line: drive:82.015:1.19

DEBUG:root:We got command: drive
DEBUG:root:We got a drive command: rawX:1.190000 and rawY:82.015000
DEBUG:root:Forward to the Right
DEBUG:root:Left=-82.015000 Right=80.825000
DEBUG:root:ScaledLeft: 190.466250 ScaledRight: 556.856250
INFO:root:Looping....
DEBUG:root:This is the line: drive:82.015:1.19

DEBUG:root:We got command: drive
DEBUG:root:We got a drive command: rawX:1.190000 and rawY:82.015000
DEBUG:root:Forward to the Right
DEBUG:root:Left=-82.015000 Right=80.825000
DEBUG:root:ScaledLeft: 190.466250 ScaledRight: 556.856250
INFO:root:Looping....
DEBUG:root:This is the line: drive:82.015:1.19

DEBUG:root:We got command: drive
DEBUG:root:We got a drive command: rawX:1.190000 and rawY:82.015000
DEBUG:root:Forward to the Right
DEBUG:root:Left=-82.015000 Right=80.825000
DEBUG:root:ScaledLeft: 190.466250 ScaledRight: 556.856250
INFO:root:Looping....
DEBUG:root:This is the line: drive:82.015:1.19

DEBUG:root:We got command: drive
DEBUG:root:We got a drive command: rawX:1.190000 and rawY:82.015000
DEBUG:root:Forward to the Right
DEBUG:root:Left=-82.015000 Right=80.825000
DEBUG:root:ScaledLeft: 190.466250 ScaledRight: 556.856250
INFO:root:Looping....
DEBUG:root:This is the line: drive:82.015:1.19

DEBUG:root:We got command: drive
DEBUG:root:We got a drive command: rawX:1.190000 and rawY:82.015000
DEBUG:root:Forward to the Right
DEBUG:root:Left=-82.015000 Right=80.825000
DEBUG:root:ScaledLeft: 190.466250 ScaledRight: 556.856250
INFO:root:Looping....
DEBUG:root:This is the line: drive:82.015:1.19

DEBUG:root:We got command: drive
DEBUG:root:We got a drive command: rawX:1.190000 and rawY:82.015000
DEBUG:root:Forward to the Right
DEBUG:root:Left=-82.015000 Right=80.825000
DEBUG:root:ScaledLeft: 190.466250 ScaledRight: 556.856250
INFO:root:Looping....
DEBUG:root:This is the line: drive:82.015:1.19

DEBUG:root:We got command: drive
DEBUG:root:We got a drive command: rawX:1.190000 and rawY:82.015000
DEBUG:root:Forward to the Right
DEBUG:root:Left=-82.015000 Right=80.825000
DEBUG:root:ScaledLeft: 190.466250 ScaledRight: 556.856250
INFO:root:Looping....
DEBUG:root:This is the line: drive:82.015:1.19

DEBUG:root:We got command: drive
DEBUG:root:We got a drive command: rawX:1.190000 and rawY:82.015000
DEBUG:root:Forward to the Right
DEBUG:root:Left=-82.015000 Right=80.825000
DEBUG:root:ScaledLeft: 190.466250 ScaledRight: 556.856250
INFO:root:Looping....
DEBUG:root:This is the line: drive:82.292:1.19

DEBUG:root:We got command: drive
DEBUG:root:We got a drive command: rawX:1.190000 and rawY:82.292000
DEBUG:root:Forward to the Right
DEBUG:root:Left=-82.292000 Right=81.102000
DEBUG:root:ScaledLeft: 189.843000 ScaledRight: 557.479500
INFO:root:Looping....
DEBUG:root:This is the line: drive:82.286:0.882

DEBUG:root:We got command: drive
DEBUG:root:We got a drive command: rawX:0.882000 and rawY:82.286000
DEBUG:root:Forward to the Right
DEBUG:root:Left=-82.286000 Right=81.404000
DEBUG:root:ScaledLeft: 189.856500 ScaledRight: 558.159000
INFO:root:Looping....
DEBUG:root:This is the line: drive:82.286:-1.7

DEBUG:root:We got command: drive
DEBUG:root:We got a drive command: rawX:-1.700000 and rawY:82.286000
DEBUG:root:Forward to the Left/Straight
DEBUG:root:Left=-83.986000 Right=82.286000
DEBUG:root:ScaledLeft: 186.031500 ScaledRight: 560.143500
INFO:root:Looping....
DEBUG:root:This is the line: drive:82.286:-3.512

DEBUG:root:We got command: drive
DEBUG:root:We got a drive command: rawX:-3.512000 and rawY:82.286000
DEBUG:root:Forward to the Left/Straight
DEBUG:root:Left=-85.798000 Right=82.286000
DEBUG:root:ScaledLeft: 181.954500 ScaledRight: 560.143500
INFO:root:Looping....
DEBUG:root:This is the line: drive:82.286:-5.732

DEBUG:root:We got command: drive
DEBUG:root:We got a drive command: rawX:-5.732000 and rawY:82.286000
DEBUG:root:Forward to the Left/Straight
DEBUG:root:Left=-88.018000 Right=82.286000
DEBUG:root:ScaledLeft: 176.959500 ScaledRight: 560.143500
INFO:root:Looping....
DEBUG:root:This is the line: drive:82.286:-7.558

DEBUG:root:We got command: drive
DEBUG:root:We got a drive command: rawX:-7.558000 and rawY:82.286000
DEBUG:root:Forward to the Left/Straight
DEBUG:root:Left=-89.844000 Right=82.286000
DEBUG:root:ScaledLeft: 172.851000 ScaledRight: 560.143500
INFO:root:Looping....
DEBUG:root:This is the line: drive:82.0:-10.51

DEBUG:root:We got command: drive
DEBUG:root:We got a drive command: rawX:-10.510000 and rawY:82.000000
DEBUG:root:Forward to the Left/Straight
DEBUG:root:Left=-92.510000 Right=82.000000
DEBUG:root:ScaledLeft: 166.852500 ScaledRight: 559.500000
INFO:root:Looping....
DEBUG:root:This is the line: drive:82.0:-12.428

DEBUG:root:We got command: drive
DEBUG:root:We got a drive command: rawX:-12.428000 and rawY:82.000000
DEBUG:root:Forward to the Left/Straight
DEBUG:root:Left=-94.428000 Right=82.000000
DEBUG:root:ScaledLeft: 162.537000 ScaledRight: 559.500000
INFO:root:Looping....
DEBUG:root:This is the line: drive:81.714:-14.541

DEBUG:root:We got command: drive
DEBUG:root:We got a drive command: rawX:-14.541000 and rawY:81.714000
DEBUG:root:Forward to the Left/Straight
DEBUG:root:Left=-96.255000 Right=81.714000
DEBUG:root:ScaledLeft: 158.426250 ScaledRight: 558.856500
INFO:root:Looping....
DEBUG:root:This is the line: drive:81.429:-16.765

DEBUG:root:We got command: drive
DEBUG:root:We got a drive command: rawX:-16.765000 and rawY:81.429000
DEBUG:root:Forward to the Left/Straight
DEBUG:root:Left=-98.194000 Right=81.429000
DEBUG:root:ScaledLeft: 154.063500 ScaledRight: 558.215250
INFO:root:Looping....
DEBUG:root:This is the line: drive:81.429:-18.587

DEBUG:root:We got command: drive
DEBUG:root:We got a drive command: rawX:-18.587000 and rawY:81.429000
DEBUG:root:Forward to the Left/Straight
DEBUG:root:Left=-100.016000 Right=81.429000
DEBUG:root:ScaledLeft: 149.964000 ScaledRight: 558.215250
INFO:root:Looping....
DEBUG:root:This is the line: drive:81.429:-20.8

DEBUG:root:We got command: drive
DEBUG:root:We got a drive command: rawX:-20.800000 and rawY:81.429000
DEBUG:root:Forward to the Left/Straight
DEBUG:root:Left=-102.229000 Right=81.429000
DEBUG:root:ScaledLeft: 144.984750 ScaledRight: 558.215250
INFO:root:Looping....
DEBUG:root:This is the line: drive:81.429:-22.919

DEBUG:root:We got command: drive
DEBUG:root:We got a drive command: rawX:-22.919000 and rawY:81.429000
DEBUG:root:Forward to the Left/Straight
DEBUG:root:Left=-104.348000 Right=81.429000
DEBUG:root:ScaledLeft: 140.217000 ScaledRight: 558.215250
INFO:root:Looping....
DEBUG:root:This is the line: drive:81.429:-25.137

DEBUG:root:We got command: drive
DEBUG:root:We got a drive command: rawX:-25.137000 and rawY:81.429000
DEBUG:root:Forward to the Left/Straight
DEBUG:root:Left=-106.566000 Right=81.429000
DEBUG:root:ScaledLeft: 135.226500 ScaledRight: 558.215250
INFO:root:Looping....
DEBUG:root:This is the line: drive:81.429:-27.351

DEBUG:root:We got command: drive
DEBUG:root:We got a drive command: rawX:-27.351000 and rawY:81.429000
DEBUG:root:Forward to the Left/Straight
DEBUG:root:Left=-108.780000 Right=81.429000
DEBUG:root:ScaledLeft: 130.245000 ScaledRight: 558.215250
INFO:root:Looping....
DEBUG:root:This is the line: drive:81.429:-29.175

DEBUG:root:We got command: drive
DEBUG:root:We got a drive command: rawX:-29.175000 and rawY:81.429000
DEBUG:root:Forward to the Left/Straight
DEBUG:root:Left=-110.604000 Right=81.429000
DEBUG:root:ScaledLeft: 126.141000 ScaledRight: 558.215250
INFO:root:Looping....
DEBUG:root:This is the line: drive:81.429:-32.12

DEBUG:root:We got command: drive
DEBUG:root:We got a drive command: rawX:-32.120000 and rawY:81.429000
DEBUG:root:Forward to the Left/Straight
DEBUG:root:Left=-113.549000 Right=81.429000
DEBUG:root:ScaledLeft: 119.514750 ScaledRight: 558.215250
INFO:root:Looping....
DEBUG:root:This is the line: drive:81.429:-33.482

DEBUG:root:We got command: drive
DEBUG:root:We got a drive command: rawX:-33.482000 and rawY:81.429000
DEBUG:root:Forward to the Left/Straight
DEBUG:root:Left=-114.911000 Right=81.429000
DEBUG:root:ScaledLeft: 116.450250 ScaledRight: 558.215250
INFO:root:Looping....
DEBUG:root:This is the line: drive:81.429:-34.673

DEBUG:root:We got command: drive
DEBUG:root:We got a drive command: rawX:-34.673000 and rawY:81.429000
DEBUG:root:Forward to the Left/Straight
DEBUG:root:Left=-116.102000 Right=81.429000
DEBUG:root:ScaledLeft: 113.770500 ScaledRight: 558.215250
INFO:root:Looping....
DEBUG:root:This is the line: drive:81.429:-35.615

DEBUG:root:We got command: drive
DEBUG:root:We got a drive command: rawX:-35.615000 and rawY:81.429000
DEBUG:root:Forward to the Left/Straight
DEBUG:root:Left=-117.044000 Right=81.429000
DEBUG:root:ScaledLeft: 111.651000 ScaledRight: 558.215250
INFO:root:Looping....
DEBUG:root:This is the line: drive:81.143:-37.054

DEBUG:root:We got command: drive
DEBUG:root:We got a drive command: rawX:-37.054000 and rawY:81.143000
DEBUG:root:Forward to the Left/Straight
DEBUG:root:Left=-118.197000 Right=81.143000
DEBUG:root:ScaledLeft: 109.056750 ScaledRight: 557.571750
INFO:root:Looping....
DEBUG:root:This is the line: drive:80.714:-37.649

DEBUG:root:We got command: drive
DEBUG:root:We got a drive command: rawX:-37.649000 and rawY:80.714000
DEBUG:root:Forward to the Left/Straight
DEBUG:root:Left=-118.363000 Right=80.714000
DEBUG:root:ScaledLeft: 108.683250 ScaledRight: 556.606500
INFO:root:Looping....
DEBUG:root:This is the line: drive:80.571:-39.262

DEBUG:root:We got command: drive
DEBUG:root:We got a drive command: rawX:-39.262000 and rawY:80.571000
DEBUG:root:Forward to the Left/Straight
DEBUG:root:Left=-119.833000 Right=80.571000
DEBUG:root:ScaledLeft: 105.375750 ScaledRight: 556.284750
INFO:root:Looping....
DEBUG:root:This is the line: drive:80.286:-40.3

DEBUG:root:We got command: drive
DEBUG:root:We got a drive command: rawX:-40.300000 and rawY:80.286000
DEBUG:root:Forward to the Left/Straight
DEBUG:root:Left=-120.586000 Right=80.286000
DEBUG:root:ScaledLeft: 103.681500 ScaledRight: 555.643500
INFO:root:Looping....
DEBUG:root:This is the line: drive:80.286:-41.688

DEBUG:root:We got command: drive
DEBUG:root:We got a drive command: rawX:-41.688000 and rawY:80.286000
DEBUG:root:Forward to the Left/Straight
DEBUG:root:Left=-121.974000 Right=80.286000
DEBUG:root:ScaledLeft: 100.558500 ScaledRight: 555.643500
INFO:root:Looping....
DEBUG:root:This is the line: drive:79.714:-42.956

DEBUG:root:We got command: drive
DEBUG:root:We got a drive command: rawX:-42.956000 and rawY:79.714000
DEBUG:root:Forward to the Left/Straight
DEBUG:root:Left=-122.670000 Right=79.714000
DEBUG:root:ScaledLeft: 98.992500 ScaledRight: 554.356500
INFO:root:Looping....
DEBUG:root:This is the line: drive:79.714:-43.727

DEBUG:root:We got command: drive
DEBUG:root:We got a drive command: rawX:-43.727000 and rawY:79.714000
DEBUG:root:Forward to the Left/Straight
DEBUG:root:Left=-123.441000 Right=79.714000
DEBUG:root:ScaledLeft: 97.257750 ScaledRight: 554.356500
INFO:root:Looping....
DEBUG:root:This is the line: drive:79.429:-45.941

DEBUG:root:We got command: drive
DEBUG:root:We got a drive command: rawX:-45.941000 and rawY:79.429000
DEBUG:root:Forward to the Left/Straight
DEBUG:root:Left=-125.370000 Right=79.429000
DEBUG:root:ScaledLeft: 92.917500 ScaledRight: 553.715250
INFO:root:Looping....
DEBUG:root:This is the line: drive:79.429:-46.875

DEBUG:root:We got command: drive
DEBUG:root:We got a drive command: rawX:-46.875000 and rawY:79.429000
DEBUG:root:Forward to the Left/Straight
DEBUG:root:Left=-126.304000 Right=79.429000
DEBUG:root:ScaledLeft: 90.816000 ScaledRight: 553.715250
INFO:root:Looping....
DEBUG:root:This is the line: drive:79.429:-47.648

DEBUG:root:We got command: drive
DEBUG:root:We got a drive command: rawX:-47.648000 and rawY:79.429000
DEBUG:root:Forward to the Left/Straight
DEBUG:root:Left=-127.077000 Right=79.429000
DEBUG:root:ScaledLeft: 89.076750 ScaledRight: 553.715250
INFO:root:Looping....
DEBUG:root:This is the line: drive:79.429:-48.661

DEBUG:root:We got command: drive
DEBUG:root:We got a drive command: rawX:-48.661000 and rawY:79.429000
DEBUG:root:Forward to the Left/Straight
DEBUG:root:Left=-128.090000 Right=79.429000
DEBUG:root:ScaledLeft: 86.797500 ScaledRight: 553.715250
INFO:root:Looping....
DEBUG:root:This is the line: drive:79.429:-48.878

DEBUG:root:We got command: drive
DEBUG:root:We got a drive command: rawX:-48.878000 and rawY:79.429000
DEBUG:root:Forward to the Left/Straight
DEBUG:root:Left=-128.307000 Right=79.429000
DEBUG:root:ScaledLeft: 86.309250 ScaledRight: 553.715250
INFO:root:Looping....
DEBUG:root:This is the line: drive:79.429:-49.722

DEBUG:root:We got command: drive
DEBUG:root:We got a drive command: rawX:-49.722000 and rawY:79.429000
DEBUG:root:Forward to the Left/Straight
DEBUG:root:Left=-129.151000 Right=79.429000
DEBUG:root:ScaledLeft: 84.410250 ScaledRight: 553.715250
INFO:root:Looping....
DEBUG:root:This is the line: drive:79.429:-49.722

DEBUG:root:We got command: drive
DEBUG:root:We got a drive command: rawX:-49.722000 and rawY:79.429000
DEBUG:root:Forward to the Left/Straight
DEBUG:root:Left=-129.151000 Right=79.429000
DEBUG:root:ScaledLeft: 84.410250 ScaledRight: 553.715250
INFO:root:Looping....
DEBUG:root:This is the line: drive:79.429:-50.32

DEBUG:root:We got command: drive
DEBUG:root:We got a drive command: rawX:-50.320000 and rawY:79.429000
DEBUG:root:Forward to the Left/Straight
DEBUG:root:Left=-129.749000 Right=79.429000
DEBUG:root:ScaledLeft: 83.064750 ScaledRight: 553.715250
INFO:root:Looping....
DEBUG:root:This is the line: drive:79.429:-50.92

DEBUG:root:We got command: drive
DEBUG:root:We got a drive command: rawX:-50.920000 and rawY:79.429000
DEBUG:root:Forward to the Left/Straight
DEBUG:root:Left=-130.349000 Right=79.429000
DEBUG:root:ScaledLeft: 81.714750 ScaledRight: 553.715250
INFO:root:Looping....
DEBUG:root:This is the line: drive:79.429:-51.226

DEBUG:root:We got command: drive
DEBUG:root:We got a drive command: rawX:-51.226000 and rawY:79.429000
DEBUG:root:Forward to the Left/Straight
DEBUG:root:Left=-130.655000 Right=79.429000
DEBUG:root:ScaledLeft: 81.026250 ScaledRight: 553.715250
INFO:root:Looping....
DEBUG:root:This is the line: drive:79.429:-51.553

DEBUG:root:We got command: drive
DEBUG:root:We got a drive command: rawX:-51.553000 and rawY:79.429000
DEBUG:root:Forward to the Left/Straight
DEBUG:root:Left=-130.982000 Right=79.429000
DEBUG:root:ScaledLeft: 80.290500 ScaledRight: 553.715250
INFO:root:Looping....
DEBUG:root:This is the line: drive:79.429:-51.846

DEBUG:root:We got command: drive
DEBUG:root:We got a drive command: rawX:-51.846000 and rawY:79.429000
DEBUG:root:Forward to the Left/Straight
DEBUG:root:Left=-131.275000 Right=79.429000
DEBUG:root:ScaledLeft: 79.631250 ScaledRight: 553.715250
INFO:root:Looping....
DEBUG:root:This is the line: drive:79.429:-52.102

DEBUG:root:We got command: drive
DEBUG:root:We got a drive command: rawX:-52.102000 and rawY:79.429000
DEBUG:root:Forward to the Left/Straight
DEBUG:root:Left=-131.531000 Right=79.429000
DEBUG:root:ScaledLeft: 79.055250 ScaledRight: 553.715250
INFO:root:Looping....
DEBUG:root:This is the line: drive:79.143:-52.764

DEBUG:root:We got command: drive
DEBUG:root:We got a drive command: rawX:-52.764000 and rawY:79.143000
DEBUG:root:Forward to the Left/Straight
DEBUG:root:Left=-131.907000 Right=79.143000
DEBUG:root:ScaledLeft: 78.209250 ScaledRight: 553.071750
INFO:root:Looping....
DEBUG:root:This is the line: drive:79.143:-53.028

DEBUG:root:We got command: drive
DEBUG:root:We got a drive command: rawX:-53.028000 and rawY:79.143000
DEBUG:root:Forward to the Left/Straight
DEBUG:root:Left=-132.171000 Right=79.143000
DEBUG:root:ScaledLeft: 77.615250 ScaledRight: 553.071750
INFO:root:Looping....
DEBUG:root:This is the line: drive:78.857:-53.369

DEBUG:root:We got command: drive
DEBUG:root:We got a drive command: rawX:-53.369000 and rawY:78.857000
DEBUG:root:Forward to the Left/Straight
DEBUG:root:Left=-132.226000 Right=78.857000
DEBUG:root:ScaledLeft: 77.491500 ScaledRight: 552.428250
INFO:root:Looping....
DEBUG:root:This is the line: drive:78.571:-53.808

DEBUG:root:We got command: drive
DEBUG:root:We got a drive command: rawX:-53.808000 and rawY:78.571000
DEBUG:root:Forward to the Left/Straight
DEBUG:root:Left=-132.379000 Right=78.571000
DEBUG:root:ScaledLeft: 77.147250 ScaledRight: 551.784750
INFO:root:Looping....
DEBUG:root:This is the line: drive:78.286:-54.584

DEBUG:root:We got command: drive
DEBUG:root:We got a drive command: rawX:-54.584000 and rawY:78.286000
DEBUG:root:Forward to the Left/Straight
DEBUG:root:Left=-132.870000 Right=78.286000
DEBUG:root:ScaledLeft: 76.042500 ScaledRight: 551.143500
INFO:root:Looping....
DEBUG:root:This is the line: drive:78.0:-55.122

DEBUG:root:We got command: drive
DEBUG:root:We got a drive command: rawX:-55.122000 and rawY:78.000000
DEBUG:root:Forward to the Left/Straight
DEBUG:root:Left=-133.122000 Right=78.000000
DEBUG:root:ScaledLeft: 75.475500 ScaledRight: 550.500000
INFO:root:Looping....
DEBUG:root:This is the line: drive:77.571:-55.357

DEBUG:root:We got command: drive
DEBUG:root:We got a drive command: rawX:-55.357000 and rawY:77.571000
DEBUG:root:Forward to the Left/Straight
DEBUG:root:Left=-132.928000 Right=77.571000
DEBUG:root:ScaledLeft: 75.912000 ScaledRight: 549.534750
INFO:root:Looping....
DEBUG:root:This is the line: drive:77.714:-56.101

DEBUG:root:We got command: drive
DEBUG:root:We got a drive command: rawX:-56.101000 and rawY:77.714000
DEBUG:root:Forward to the Left/Straight
DEBUG:root:Left=-133.815000 Right=77.714000
DEBUG:root:ScaledLeft: 73.916250 ScaledRight: 549.856500
INFO:root:Looping....
DEBUG:root:This is the line: drive:77.714:-56.255

DEBUG:root:We got command: drive
DEBUG:root:We got a drive command: rawX:-56.255000 and rawY:77.714000
DEBUG:root:Forward to the Left/Straight
DEBUG:root:Left=-133.969000 Right=77.714000
DEBUG:root:ScaledLeft: 73.569750 ScaledRight: 549.856500
INFO:root:Looping....
DEBUG:root:This is the line: drive:77.374:-56.902

DEBUG:root:We got command: drive
DEBUG:root:We got a drive command: rawX:-56.902000 and rawY:77.374000
DEBUG:root:Forward to the Left/Straight
DEBUG:root:Left=-134.276000 Right=77.374000
DEBUG:root:ScaledLeft: 72.879000 ScaledRight: 549.091500
INFO:root:Looping....
DEBUG:root:This is the line: drive:77.429:-57.56

DEBUG:root:We got command: drive
DEBUG:root:We got a drive command: rawX:-57.560000 and rawY:77.429000
DEBUG:root:Forward to the Left/Straight
DEBUG:root:Left=-134.989000 Right=77.429000
DEBUG:root:ScaledLeft: 71.274750 ScaledRight: 549.215250
INFO:root:Looping....
DEBUG:root:This is the line: drive:77.429:-58.087

DEBUG:root:We got command: drive
DEBUG:root:We got a drive command: rawX:-58.087000 and rawY:77.429000
DEBUG:root:Forward to the Left/Straight
DEBUG:root:Left=-135.516000 Right=77.429000
DEBUG:root:ScaledLeft: 70.089000 ScaledRight: 549.215250
INFO:root:Looping....
DEBUG:root:This is the line: drive:77.429:-58.766

DEBUG:root:We got command: drive
DEBUG:root:We got a drive command: rawX:-58.766000 and rawY:77.429000
DEBUG:root:Forward to the Left/Straight
DEBUG:root:Left=-136.195000 Right=77.429000
DEBUG:root:ScaledLeft: 68.561250 ScaledRight: 549.215250
INFO:root:Looping....
DEBUG:root:This is the line: drive:77.429:-59.077

DEBUG:root:We got command: drive
DEBUG:root:We got a drive command: rawX:-59.077000 and rawY:77.429000
DEBUG:root:Forward to the Left/Straight
DEBUG:root:Left=-136.506000 Right=77.429000
DEBUG:root:ScaledLeft: 67.861500 ScaledRight: 549.215250
INFO:root:Looping....
DEBUG:root:This is the line: drive:77.429:-59.276

DEBUG:root:We got command: drive
DEBUG:root:We got a drive command: rawX:-59.276000 and rawY:77.429000
DEBUG:root:Forward to the Left/Straight
DEBUG:root:Left=-136.705000 Right=77.429000
DEBUG:root:ScaledLeft: 67.413750 ScaledRight: 549.215250
INFO:root:Looping....
DEBUG:root:This is the line: drive:77.429:-59.88

DEBUG:root:We got command: drive
DEBUG:root:We got a drive command: rawX:-59.880000 and rawY:77.429000
DEBUG:root:Forward to the Left/Straight
DEBUG:root:Left=-137.309000 Right=77.429000
DEBUG:root:ScaledLeft: 66.054750 ScaledRight: 549.215250
INFO:root:Looping....
DEBUG:root:This is the line: drive:77.429:-60.506

DEBUG:root:We got command: drive
DEBUG:root:We got a drive command: rawX:-60.506000 and rawY:77.429000
DEBUG:root:Forward to the Left/Straight
DEBUG:root:Left=-137.935000 Right=77.429000
DEBUG:root:ScaledLeft: 64.646250 ScaledRight: 549.215250
INFO:root:Looping....
DEBUG:root:This is the line: drive:77.429:-61.063

DEBUG:root:We got command: drive
DEBUG:root:We got a drive command: rawX:-61.063000 and rawY:77.429000
DEBUG:root:Forward to the Left/Straight
DEBUG:root:Left=-138.492000 Right=77.429000
DEBUG:root:ScaledLeft: 63.393000 ScaledRight: 549.215250
INFO:root:Looping....
DEBUG:root:This is the line: drive:77.429:-61.648

DEBUG:root:We got command: drive
DEBUG:root:We got a drive command: rawX:-61.648000 and rawY:77.429000
DEBUG:root:Forward to the Left/Straight
DEBUG:root:Left=-139.077000 Right=77.429000
DEBUG:root:ScaledLeft: 62.076750 ScaledRight: 549.215250
INFO:root:Looping....
DEBUG:root:This is the line: drive:77.429:-62.314

DEBUG:root:We got command: drive
DEBUG:root:We got a drive command: rawX:-62.314000 and rawY:77.429000
DEBUG:root:Forward to the Left/Straight
DEBUG:root:Left=-139.743000 Right=77.429000
DEBUG:root:ScaledLeft: 60.578250 ScaledRight: 549.215250
INFO:root:Looping....
DEBUG:root:This is the line: drive:77.429:-63.943

DEBUG:root:We got command: drive
DEBUG:root:We got a drive command: rawX:-63.943000 and rawY:77.429000
DEBUG:root:Forward to the Left/Straight
DEBUG:root:Left=-141.372000 Right=77.429000
DEBUG:root:ScaledLeft: 56.913000 ScaledRight: 549.215250
INFO:root:Looping....
DEBUG:root:This is the line: drive:77.143:-64.619

DEBUG:root:We got command: drive
DEBUG:root:We got a drive command: rawX:-64.619000 and rawY:77.143000
DEBUG:root:Forward to the Left/Straight
DEBUG:root:Left=-141.762000 Right=77.143000
DEBUG:root:ScaledLeft: 56.035500 ScaledRight: 548.571750
INFO:root:Looping....
DEBUG:root:This is the line: drive:77.143:-64.971

DEBUG:root:We got command: drive
DEBUG:root:We got a drive command: rawX:-64.971000 and rawY:77.143000
DEBUG:root:Forward to the Left/Straight
DEBUG:root:Left=-142.114000 Right=77.143000
DEBUG:root:ScaledLeft: 55.243500 ScaledRight: 548.571750
INFO:root:Looping....
DEBUG:root:This is the line: drive:77.143:-65.479

DEBUG:root:We got command: drive
DEBUG:root:We got a drive command: rawX:-65.479000 and rawY:77.143000
DEBUG:root:Forward to the Left/Straight
DEBUG:root:Left=-142.622000 Right=77.143000
DEBUG:root:ScaledLeft: 54.100500 ScaledRight: 548.571750
INFO:root:Looping....
DEBUG:root:This is the line: drive:77.012:-66.071

DEBUG:root:We got command: drive
DEBUG:root:We got a drive command: rawX:-66.071000 and rawY:77.012000
DEBUG:root:Forward to the Left/Straight
DEBUG:root:Left=-143.083000 Right=77.012000
DEBUG:root:ScaledLeft: 53.063250 ScaledRight: 548.277000
INFO:root:Looping....
DEBUG:root:This is the line: drive:76.857:-66.41

DEBUG:root:We got command: drive
DEBUG:root:We got a drive command: rawX:-66.410000 and rawY:76.857000
DEBUG:root:Forward to the Left/Straight
DEBUG:root:Left=-143.267000 Right=76.857000
DEBUG:root:ScaledLeft: 52.649250 ScaledRight: 547.928250
INFO:root:Looping....
DEBUG:root:This is the line: drive:76.857:-66.723

DEBUG:root:We got command: drive
DEBUG:root:We got a drive command: rawX:-66.723000 and rawY:76.857000
DEBUG:root:Forward to the Left/Straight
DEBUG:root:Left=-143.580000 Right=76.857000
DEBUG:root:ScaledLeft: 51.945000 ScaledRight: 547.928250
INFO:root:Looping....
DEBUG:root:This is the line: drive:76.857:-67.352

DEBUG:root:We got command: drive
DEBUG:root:We got a drive command: rawX:-67.352000 and rawY:76.857000
DEBUG:root:Forward to the Left/Straight
DEBUG:root:Left=-144.209000 Right=76.857000
DEBUG:root:ScaledLeft: 50.529750 ScaledRight: 547.928250
INFO:root:Looping....
DEBUG:root:This is the line: drive:76.857:-67.847

DEBUG:root:We got command: drive
DEBUG:root:We got a drive command: rawX:-67.847000 and rawY:76.857000
DEBUG:root:Forward to the Left/Straight
DEBUG:root:Left=-144.704000 Right=76.857000
DEBUG:root:ScaledLeft: 49.416000 ScaledRight: 547.928250
INFO:root:Looping....
DEBUG:root:This is the line: drive:76.857:-68.225

DEBUG:root:We got command: drive
DEBUG:root:We got a drive command: rawX:-68.225000 and rawY:76.857000
DEBUG:root:Forward to the Left/Straight
DEBUG:root:Left=-145.082000 Right=76.857000
DEBUG:root:ScaledLeft: 48.565500 ScaledRight: 547.928250
INFO:root:Looping....
DEBUG:root:This is the line: drive:76.857:-68.569

DEBUG:root:We got command: drive
DEBUG:root:We got a drive command: rawX:-68.569000 and rawY:76.857000
DEBUG:root:Forward to the Left/Straight
DEBUG:root:Left=-145.426000 Right=76.857000
DEBUG:root:ScaledLeft: 47.791500 ScaledRight: 547.928250
INFO:root:Looping....
DEBUG:root:This is the line: drive:76.857:-68.779

DEBUG:root:We got command: drive
DEBUG:root:We got a drive command: rawX:-68.779000 and rawY:76.857000
DEBUG:root:Forward to the Left/Straight
DEBUG:root:Left=-145.636000 Right=76.857000
DEBUG:root:ScaledLeft: 47.319000 ScaledRight: 547.928250
INFO:root:Looping....
DEBUG:root:This is the line: drive:76.571:-69.395

DEBUG:root:We got command: drive
DEBUG:root:We got a drive command: rawX:-69.395000 and rawY:76.571000
DEBUG:root:Forward to the Left/Straight
DEBUG:root:Left=-145.966000 Right=76.571000
DEBUG:root:ScaledLeft: 46.576500 ScaledRight: 547.284750
INFO:root:Looping....
DEBUG:root:This is the line: drive:76.571:-69.395

DEBUG:root:We got command: drive
DEBUG:root:We got a drive command: rawX:-69.395000 and rawY:76.571000
DEBUG:root:Forward to the Left/Straight
DEBUG:root:Left=-145.966000 Right=76.571000
DEBUG:root:ScaledLeft: 46.576500 ScaledRight: 547.284750
INFO:root:Looping....
DEBUG:root:This is the line: drive:76.286:-69.792

DEBUG:root:We got command: drive
DEBUG:root:We got a drive command: rawX:-69.792000 and rawY:76.286000
DEBUG:root:Forward to the Left/Straight
DEBUG:root:Left=-146.078000 Right=76.286000
DEBUG:root:ScaledLeft: 46.324500 ScaledRight: 546.643500
INFO:root:Looping....
DEBUG:root:This is the line: drive:76.286:-69.947

DEBUG:root:We got command: drive
DEBUG:root:We got a drive command: rawX:-69.947000 and rawY:76.286000
DEBUG:root:Forward to the Left/Straight
DEBUG:root:Left=-146.233000 Right=76.286000
DEBUG:root:ScaledLeft: 45.975750 ScaledRight: 546.643500
INFO:root:Looping....
DEBUG:root:This is the line: drive:76.286:-70.295

DEBUG:root:We got command: drive
DEBUG:root:We got a drive command: rawX:-70.295000 and rawY:76.286000
DEBUG:root:Forward to the Left/Straight
DEBUG:root:Left=-146.581000 Right=76.286000
DEBUG:root:ScaledLeft: 45.192750 ScaledRight: 546.643500
INFO:root:Looping....
DEBUG:root:This is the line: drive:75.705:-70.546

DEBUG:root:We got command: drive
DEBUG:root:We got a drive command: rawX:-70.546000 and rawY:75.705000
DEBUG:root:Forward to the Left/Straight
DEBUG:root:Left=-146.251000 Right=75.705000
DEBUG:root:ScaledLeft: 45.935250 ScaledRight: 545.336250
INFO:root:Looping....
DEBUG:root:This is the line: drive:75.714:-70.842

DEBUG:root:We got command: drive
DEBUG:root:We got a drive command: rawX:-70.842000 and rawY:75.714000
DEBUG:root:Forward to the Left/Straight
DEBUG:root:Left=-146.556000 Right=75.714000
DEBUG:root:ScaledLeft: 45.249000 ScaledRight: 545.356500
INFO:root:Looping....
DEBUG:root:This is the line: drive:75.386:-71.175

DEBUG:root:We got command: drive
DEBUG:root:We got a drive command: rawX:-71.175000 and rawY:75.386000
DEBUG:root:Forward to the Left/Straight
DEBUG:root:Left=-146.561000 Right=75.386000
DEBUG:root:ScaledLeft: 45.237750 ScaledRight: 544.618500
INFO:root:Looping....
DEBUG:root:This is the line: drive:75.429:-71.444

DEBUG:root:We got command: drive
DEBUG:root:We got a drive command: rawX:-71.444000 and rawY:75.429000
DEBUG:root:Forward to the Left/Straight
DEBUG:root:Left=-146.873000 Right=75.429000
DEBUG:root:ScaledLeft: 44.535750 ScaledRight: 544.715250
INFO:root:Looping....
DEBUG:root:This is the line: drive:75.429:-71.444

DEBUG:root:We got command: drive
DEBUG:root:We got a drive command: rawX:-71.444000 and rawY:75.429000
DEBUG:root:Forward to the Left/Straight
DEBUG:root:Left=-146.873000 Right=75.429000
DEBUG:root:ScaledLeft: 44.535750 ScaledRight: 544.715250
INFO:root:Looping....
DEBUG:root:This is the line: drive:75.143:-72.024

DEBUG:root:We got command: drive
DEBUG:root:We got a drive command: rawX:-72.024000 and rawY:75.143000
DEBUG:root:Forward to the Left/Straight
DEBUG:root:Left=-147.167000 Right=75.143000
DEBUG:root:ScaledLeft: 43.874250 ScaledRight: 544.071750
INFO:root:Looping....
DEBUG:root:This is the line: drive:74.843:-72.337

DEBUG:root:We got command: drive
DEBUG:root:We got a drive command: rawX:-72.337000 and rawY:74.843000
DEBUG:root:Forward to the Left/Straight
DEBUG:root:Left=-147.180000 Right=74.843000
DEBUG:root:ScaledLeft: 43.845000 ScaledRight: 543.396750
INFO:root:Looping....
DEBUG:root:This is the line: drive:74.843:-72.337

DEBUG:root:We got command: drive
DEBUG:root:We got a drive command: rawX:-72.337000 and rawY:74.843000
DEBUG:root:Forward to the Left/Straight
DEBUG:root:Left=-147.180000 Right=74.843000
DEBUG:root:ScaledLeft: 43.845000 ScaledRight: 543.396750
INFO:root:Looping....
DEBUG:root:This is the line: drive:74.857:-72.939

DEBUG:root:We got command: drive
DEBUG:root:We got a drive command: rawX:-72.939000 and rawY:74.857000
DEBUG:root:Forward to the Left/Straight
DEBUG:root:Left=-147.796000 Right=74.857000
DEBUG:root:ScaledLeft: 42.459000 ScaledRight: 543.428250
INFO:root:Looping....
DEBUG:root:This is the line: drive:74.857:-73.604

DEBUG:root:We got command: drive
DEBUG:root:We got a drive command: rawX:-73.604000 and rawY:74.857000
DEBUG:root:Forward to the Left/Straight
DEBUG:root:Left=-148.461000 Right=74.857000
DEBUG:root:ScaledLeft: 40.962750 ScaledRight: 543.428250
INFO:root:Looping....
DEBUG:root:This is the line: drive:74.571:-73.903

DEBUG:root:We got command: drive
DEBUG:root:We got a drive command: rawX:-73.903000 and rawY:74.571000
DEBUG:root:Forward to the Left/Straight
DEBUG:root:Left=-148.474000 Right=74.571000
DEBUG:root:ScaledLeft: 40.933500 ScaledRight: 542.784750
INFO:root:Looping....
DEBUG:root:This is the line: drive:74.571:-74.405

DEBUG:root:We got command: drive
DEBUG:root:We got a drive command: rawX:-74.405000 and rawY:74.571000
DEBUG:root:Forward to the Left/Straight
DEBUG:root:Left=-148.976000 Right=74.571000
DEBUG:root:ScaledLeft: 39.804000 ScaledRight: 542.784750
INFO:root:Looping....
DEBUG:root:This is the line: drive:74.571:-74.717

DEBUG:root:We got command: drive
DEBUG:root:We got a drive command: rawX:-74.717000 and rawY:74.571000
DEBUG:root:Forward to the Left/Straight
DEBUG:root:Left=-149.288000 Right=74.571000
DEBUG:root:ScaledLeft: 39.102000 ScaledRight: 542.784750
INFO:root:Looping....
DEBUG:root:This is the line: drive:74.571:-75.325

DEBUG:root:We got command: drive
DEBUG:root:We got a drive command: rawX:-75.325000 and rawY:74.571000
DEBUG:root:Forward to the Left/Straight
DEBUG:root:Left=-149.896000 Right=74.571000
DEBUG:root:ScaledLeft: 37.734000 ScaledRight: 542.784750
INFO:root:Looping....
DEBUG:root:This is the line: drive:74.571:-75.902

DEBUG:root:We got command: drive
DEBUG:root:We got a drive command: rawX:-75.902000 and rawY:74.571000
DEBUG:root:Forward to the Left/Straight
DEBUG:root:Left=-150.473000 Right=74.571000
DEBUG:root:ScaledLeft: 36.435750 ScaledRight: 542.784750
INFO:root:Looping....
DEBUG:root:This is the line: drive:74.286:-76.434

DEBUG:root:We got command: drive
DEBUG:root:We got a drive command: rawX:-76.434000 and rawY:74.286000
DEBUG:root:Forward to the Left/Straight
DEBUG:root:Left=-150.720000 Right=74.286000
DEBUG:root:ScaledLeft: 35.880000 ScaledRight: 542.143500
INFO:root:Looping....
DEBUG:root:This is the line: drive:74.286:-77.182

DEBUG:root:We got command: drive
DEBUG:root:We got a drive command: rawX:-77.182000 and rawY:74.286000
DEBUG:root:Forward to the Left/Straight
DEBUG:root:Left=-151.468000 Right=74.286000
DEBUG:root:ScaledLeft: 34.197000 ScaledRight: 542.143500
INFO:root:Looping....
DEBUG:root:This is the line: drive:74.286:-77.468

DEBUG:root:We got command: drive
DEBUG:root:We got a drive command: rawX:-77.468000 and rawY:74.286000
DEBUG:root:Forward to the Left/Straight
DEBUG:root:Left=-151.754000 Right=74.286000
DEBUG:root:ScaledLeft: 33.553500 ScaledRight: 542.143500
INFO:root:Looping....
DEBUG:root:This is the line: drive:74.286:-78.01

DEBUG:root:We got command: drive
DEBUG:root:We got a drive command: rawX:-78.010000 and rawY:74.286000
DEBUG:root:Forward to the Left/Straight
DEBUG:root:Left=-152.296000 Right=74.286000
DEBUG:root:ScaledLeft: 32.334000 ScaledRight: 542.143500
INFO:root:Looping....
DEBUG:root:This is the line: drive:74.286:-78.303

DEBUG:root:We got command: drive
DEBUG:root:We got a drive command: rawX:-78.303000 and rawY:74.286000
DEBUG:root:Forward to the Left/Straight
DEBUG:root:Left=-152.589000 Right=74.286000
DEBUG:root:ScaledLeft: 31.674750 ScaledRight: 542.143500
INFO:root:Looping....
DEBUG:root:This is the line: drive:73.951:-78.571

DEBUG:root:We got command: drive
DEBUG:root:We got a drive command: rawX:-78.571000 and rawY:73.951000
DEBUG:root:Forward to the Left/Straight
DEBUG:root:Left=-152.522000 Right=73.951000
DEBUG:root:ScaledLeft: 31.825500 ScaledRight: 541.389750
INFO:root:Looping....
DEBUG:root:This is the line: drive:74.0:-79.255

DEBUG:root:We got command: drive
DEBUG:root:We got a drive command: rawX:-79.255000 and rawY:74.000000
DEBUG:root:Forward to the Left/Straight
DEBUG:root:Left=-153.255000 Right=74.000000
DEBUG:root:ScaledLeft: 30.176250 ScaledRight: 541.500000
INFO:root:Looping....
DEBUG:root:This is the line: drive:73.429:-80.506

DEBUG:root:We got command: drive
DEBUG:root:We got a drive command: rawX:-80.506000 and rawY:73.429000
DEBUG:root:Forward to the Left/Straight
DEBUG:root:Left=-153.935000 Right=73.429000
DEBUG:root:ScaledLeft: 28.646250 ScaledRight: 540.215250
INFO:root:Looping....
DEBUG:root:This is the line: drive:71.265:-81.25

DEBUG:root:We got command: drive
DEBUG:root:We got a drive command: rawX:-81.250000 and rawY:71.265000
DEBUG:root:Forward to the Left/Straight
DEBUG:root:Left=-152.515000 Right=71.265000
DEBUG:root:ScaledLeft: 31.841250 ScaledRight: 535.346250
INFO:root:Looping....
DEBUG:root:This is the line: drive:69.226:-82.143

DEBUG:root:We got command: drive
DEBUG:root:We got a drive command: rawX:-82.143000 and rawY:69.226000
DEBUG:root:Forward to the Left/Straight
DEBUG:root:Left=-151.369000 Right=69.226000
DEBUG:root:ScaledLeft: 34.419750 ScaledRight: 530.758500
INFO:root:Looping....
DEBUG:root:This is the line: drive:68.216:-82.143

DEBUG:root:We got command: drive
DEBUG:root:We got a drive command: rawX:-82.143000 and rawY:68.216000
DEBUG:root:Forward to the Left/Straight
DEBUG:root:Left=-150.359000 Right=68.216000
DEBUG:root:ScaledLeft: 36.692250 ScaledRight: 528.486000
INFO:root:Looping....
DEBUG:root:This is the line: drive:64.807:-82.493

DEBUG:root:We got command: drive
DEBUG:root:We got a drive command: rawX:-82.493000 and rawY:64.807000
DEBUG:root:Forward to the Left/Straight
DEBUG:root:Left=-147.300000 Right=64.807000
DEBUG:root:ScaledLeft: 43.575000 ScaledRight: 520.815750
INFO:root:Looping....
DEBUG:root:This is the line: drive:63.082:-82.738

DEBUG:root:We got command: drive
DEBUG:root:We got a drive command: rawX:-82.738000 and rawY:63.082000
DEBUG:root:Forward to the Left/Straight
DEBUG:root:Left=-145.820000 Right=63.082000
DEBUG:root:ScaledLeft: 46.905000 ScaledRight: 516.934500
INFO:root:Looping....
DEBUG:root:This is the line: drive:61.075:-83.106

DEBUG:root:We got command: drive
DEBUG:root:We got a drive command: rawX:-83.106000 and rawY:61.075000
DEBUG:root:Forward to the Left/Straight
DEBUG:root:Left=-144.181000 Right=61.075000
DEBUG:root:ScaledLeft: 50.592750 ScaledRight: 512.418750
INFO:root:Looping....
DEBUG:root:This is the line: drive:59.24:-83.333

DEBUG:root:We got command: drive
DEBUG:root:We got a drive command: rawX:-83.333000 and rawY:59.240000
DEBUG:root:Forward to the Left/Straight
DEBUG:root:Left=-142.573000 Right=59.240000
DEBUG:root:ScaledLeft: 54.210750 ScaledRight: 508.290000
INFO:root:Looping....
DEBUG:root:This is the line: drive:57.315:-83.749

DEBUG:root:We got command: drive
DEBUG:root:We got a drive command: rawX:-83.749000 and rawY:57.315000
DEBUG:root:Forward to the Left/Straight
DEBUG:root:Left=-141.064000 Right=57.315000
DEBUG:root:ScaledLeft: 57.606000 ScaledRight: 503.958750
INFO:root:Looping....
DEBUG:root:This is the line: drive:55.274:-84.226

DEBUG:root:We got command: drive
DEBUG:root:We got a drive command: rawX:-84.226000 and rawY:55.274000
DEBUG:root:Forward to the Left/Straight
DEBUG:root:Left=-139.500000 Right=55.274000
DEBUG:root:ScaledLeft: 61.125000 ScaledRight: 499.366500
INFO:root:Looping....
DEBUG:root:This is the line: drive:53.58:-85.119

DEBUG:root:We got command: drive
DEBUG:root:We got a drive command: rawX:-85.119000 and rawY:53.580000
DEBUG:root:Forward to the Left/Straight
DEBUG:root:Left=-138.699000 Right=53.580000
DEBUG:root:ScaledLeft: 62.927250 ScaledRight: 495.555000
INFO:root:Looping....
DEBUG:root:This is the line: drive:51.714:-85.601

DEBUG:root:We got command: drive
DEBUG:root:We got a drive command: rawX:-85.601000 and rawY:51.714000
DEBUG:root:Forward to the Left/Straight
DEBUG:root:Left=-137.315000 Right=51.714000
DEBUG:root:ScaledLeft: 66.041250 ScaledRight: 491.356500
INFO:root:Looping....
DEBUG:root:This is the line: drive:50.733:-86.012

DEBUG:root:We got command: drive
DEBUG:root:We got a drive command: rawX:-86.012000 and rawY:50.733000
DEBUG:root:Forward to the Left/Straight
DEBUG:root:Left=-136.745000 Right=50.733000
DEBUG:root:ScaledLeft: 67.323750 ScaledRight: 489.149250
INFO:root:Looping....
DEBUG:root:This is the line: drive:49.726:-86.31

DEBUG:root:We got command: drive
DEBUG:root:We got a drive command: rawX:-86.310000 and rawY:49.726000
DEBUG:root:Forward to the Left/Straight
DEBUG:root:Left=-136.036000 Right=49.726000
DEBUG:root:ScaledLeft: 68.919000 ScaledRight: 486.883500
INFO:root:Looping....
DEBUG:root:This is the line: drive:48.535:-86.905

DEBUG:root:We got command: drive
DEBUG:root:We got a drive command: rawX:-86.905000 and rawY:48.535000
DEBUG:root:Forward to the Left/Straight
DEBUG:root:Left=-135.440000 Right=48.535000
DEBUG:root:ScaledLeft: 70.260000 ScaledRight: 484.203750
INFO:root:Looping....
DEBUG:root:This is the line: drive:47.571:-87.202

DEBUG:root:We got command: drive
DEBUG:root:We got a drive command: rawX:-87.202000 and rawY:47.571000
DEBUG:root:Forward to the Left/Straight
DEBUG:root:Left=-134.773000 Right=47.571000
DEBUG:root:ScaledLeft: 71.760750 ScaledRight: 482.034750
INFO:root:Looping....
DEBUG:root:This is the line: drive:46.429:-87.202

DEBUG:root:We got command: drive
DEBUG:root:We got a drive command: rawX:-87.202000 and rawY:46.429000
DEBUG:root:Forward to the Left/Straight
DEBUG:root:Left=-133.631000 Right=46.429000
DEBUG:root:ScaledLeft: 74.330250 ScaledRight: 479.465250
INFO:root:Looping....
DEBUG:root:This is the line: drive:46.143:-87.5

DEBUG:root:We got command: drive
DEBUG:root:We got a drive command: rawX:-87.500000 and rawY:46.143000
DEBUG:root:Forward to the Left/Straight
DEBUG:root:Left=-133.643000 Right=46.143000
DEBUG:root:ScaledLeft: 74.303250 ScaledRight: 478.821750
INFO:root:Looping....
DEBUG:root:This is the line: drive:44.774:-87.798

DEBUG:root:We got command: drive
DEBUG:root:We got a drive command: rawX:-87.798000 and rawY:44.774000
DEBUG:root:Forward to the Left/Straight
DEBUG:root:Left=-132.572000 Right=44.774000
DEBUG:root:ScaledLeft: 76.713000 ScaledRight: 475.741500
INFO:root:Looping....
DEBUG:root:This is the line: drive:42.693:-88.095

DEBUG:root:We got command: drive
DEBUG:root:We got a drive command: rawX:-88.095000 and rawY:42.693000
DEBUG:root:Forward to the Left/Straight
DEBUG:root:Left=-130.788000 Right=42.693000
DEBUG:root:ScaledLeft: 80.727000 ScaledRight: 471.059250
INFO:root:Looping....
DEBUG:root:This is the line: drive:41.748:-88.095

DEBUG:root:We got command: drive
DEBUG:root:We got a drive command: rawX:-88.095000 and rawY:41.748000
DEBUG:root:Forward to the Left/Straight
DEBUG:root:Left=-129.843000 Right=41.748000
DEBUG:root:ScaledLeft: 82.853250 ScaledRight: 468.933000
INFO:root:Looping....
DEBUG:root:This is the line: drive:40.043:-88.095

DEBUG:root:We got command: drive
DEBUG:root:We got a drive command: rawX:-88.095000 and rawY:40.043000
DEBUG:root:Forward to the Left/Straight
DEBUG:root:Left=-128.138000 Right=40.043000
DEBUG:root:ScaledLeft: 86.689500 ScaledRight: 465.096750
INFO:root:Looping....
DEBUG:root:This is the line: drive:39.286:-88.393

DEBUG:root:We got command: drive
DEBUG:root:We got a drive command: rawX:-88.393000 and rawY:39.286000
DEBUG:root:Forward to the Left/Straight
DEBUG:root:Left=-127.679000 Right=39.286000
DEBUG:root:ScaledLeft: 87.722250 ScaledRight: 463.393500
INFO:root:Looping....
DEBUG:root:This is the line: drive:37.969:-88.393

DEBUG:root:We got command: drive
DEBUG:root:We got a drive command: rawX:-88.393000 and rawY:37.969000
DEBUG:root:Forward to the Left/Straight
DEBUG:root:Left=-126.362000 Right=37.969000
DEBUG:root:ScaledLeft: 90.685500 ScaledRight: 460.430250
INFO:root:Looping....
DEBUG:root:This is the line: drive:37.0:-88.393

DEBUG:root:We got command: drive
DEBUG:root:We got a drive command: rawX:-88.393000 and rawY:37.000000
DEBUG:root:Forward to the Left/Straight
DEBUG:root:Left=-125.393000 Right=37.000000
DEBUG:root:ScaledLeft: 92.865750 ScaledRight: 458.250000
INFO:root:Looping....
DEBUG:root:This is the line: drive:36.244:-88.393

DEBUG:root:We got command: drive
DEBUG:root:We got a drive command: rawX:-88.393000 and rawY:36.244000
DEBUG:root:Forward to the Left/Straight
DEBUG:root:Left=-124.637000 Right=36.244000
DEBUG:root:ScaledLeft: 94.566750 ScaledRight: 456.549000
INFO:root:Looping....
DEBUG:root:This is the line: drive:35.359:-88.393

DEBUG:root:We got command: drive
DEBUG:root:We got a drive command: rawX:-88.393000 and rawY:35.359000
DEBUG:root:Forward to the Left/Straight
DEBUG:root:Left=-123.752000 Right=35.359000
DEBUG:root:ScaledLeft: 96.558000 ScaledRight: 454.557750
INFO:root:Looping....
DEBUG:root:This is the line: drive:34.429:-88.69

DEBUG:root:We got command: drive
DEBUG:root:We got a drive command: rawX:-88.690000 and rawY:34.429000
DEBUG:root:Forward to the Left/Straight
DEBUG:root:Left=-123.119000 Right=34.429000
DEBUG:root:ScaledLeft: 97.982250 ScaledRight: 452.465250
INFO:root:Looping....
DEBUG:root:This is the line: drive:33.709:-88.993

DEBUG:root:We got command: drive
DEBUG:root:We got a drive command: rawX:-88.993000 and rawY:33.709000
DEBUG:root:Forward to the Left/Straight
DEBUG:root:Left=-122.702000 Right=33.709000
DEBUG:root:ScaledLeft: 98.920500 ScaledRight: 450.845250
INFO:root:Looping....
DEBUG:root:This is the line: drive:33.0:-88.988

DEBUG:root:We got command: drive
DEBUG:root:We got a drive command: rawX:-88.988000 and rawY:33.000000
DEBUG:root:Forward to the Left/Straight
DEBUG:root:Left=-121.988000 Right=33.000000
DEBUG:root:ScaledLeft: 100.527000 ScaledRight: 449.250000
INFO:root:Looping....
DEBUG:root:This is the line: drive:31.937:-88.988

DEBUG:root:We got command: drive
DEBUG:root:We got a drive command: rawX:-88.988000 and rawY:31.937000
DEBUG:root:Forward to the Left/Straight
DEBUG:root:Left=-120.925000 Right=31.937000
DEBUG:root:ScaledLeft: 102.918750 ScaledRight: 446.858250
INFO:root:Looping....
DEBUG:root:This is the line: drive:31.316:-89.286

DEBUG:root:We got command: drive
DEBUG:root:We got a drive command: rawX:-89.286000 and rawY:31.316000
DEBUG:root:Forward to the Left/Straight
DEBUG:root:Left=-120.602000 Right=31.316000
DEBUG:root:ScaledLeft: 103.645500 ScaledRight: 445.461000
INFO:root:Looping....
DEBUG:root:This is the line: drive:30.46:-89.286

DEBUG:root:We got command: drive
DEBUG:root:We got a drive command: rawX:-89.286000 and rawY:30.460000
DEBUG:root:Forward to the Left/Straight
DEBUG:root:Left=-119.746000 Right=30.460000
DEBUG:root:ScaledLeft: 105.571500 ScaledRight: 443.535000
INFO:root:Looping....
DEBUG:root:This is the line: drive:29.571:-89.732

DEBUG:root:We got command: drive
DEBUG:root:We got a drive command: rawX:-89.732000 and rawY:29.571000
DEBUG:root:Forward to the Left/Straight
DEBUG:root:Left=-119.303000 Right=29.571000
DEBUG:root:ScaledLeft: 106.568250 ScaledRight: 441.534750
INFO:root:Looping....
DEBUG:root:This is the line: drive:28.998:-89.583

DEBUG:root:We got command: drive
DEBUG:root:We got a drive command: rawX:-89.583000 and rawY:28.998000
DEBUG:root:Forward to the Left/Straight
DEBUG:root:Left=-118.581000 Right=28.998000
DEBUG:root:ScaledLeft: 108.192750 ScaledRight: 440.245500
INFO:root:Looping....
DEBUG:root:This is the line: drive:28.566:-89.583

DEBUG:root:We got command: drive
DEBUG:root:We got a drive command: rawX:-89.583000 and rawY:28.566000
DEBUG:root:Forward to the Left/Straight
DEBUG:root:Left=-118.149000 Right=28.566000
DEBUG:root:ScaledLeft: 109.164750 ScaledRight: 439.273500
INFO:root:Looping....
DEBUG:root:This is the line: drive:27.63:-89.881

DEBUG:root:We got command: drive
DEBUG:root:We got a drive command: rawX:-89.881000 and rawY:27.630000
DEBUG:root:Forward to the Left/Straight
DEBUG:root:Left=-117.511000 Right=27.630000
DEBUG:root:ScaledLeft: 110.600250 ScaledRight: 437.167500
INFO:root:Looping....
DEBUG:root:This is the line: drive:26.952:-90.179

DEBUG:root:We got command: drive
DEBUG:root:We got a drive command: rawX:-90.179000 and rawY:26.952000
DEBUG:root:Forward to the Left/Straight
DEBUG:root:Left=-117.131000 Right=26.952000
DEBUG:root:ScaledLeft: 111.455250 ScaledRight: 435.642000
INFO:root:Looping....
DEBUG:root:This is the line: drive:25.634:-90.179

DEBUG:root:We got command: drive
DEBUG:root:We got a drive command: rawX:-90.179000 and rawY:25.634000
DEBUG:root:Forward to the Left/Straight
DEBUG:root:Left=-115.813000 Right=25.634000
DEBUG:root:ScaledLeft: 114.420750 ScaledRight: 432.676500
INFO:root:Looping....
DEBUG:root:This is the line: drive:24.376:-90.382

DEBUG:root:We got command: drive
DEBUG:root:We got a drive command: rawX:-90.382000 and rawY:24.376000
DEBUG:root:Forward to the Left/Straight
DEBUG:root:Left=-114.758000 Right=24.376000
DEBUG:root:ScaledLeft: 116.794500 ScaledRight: 429.846000
INFO:root:Looping....
DEBUG:root:This is the line: drive:23.592:-90.476

DEBUG:root:We got command: drive
DEBUG:root:We got a drive command: rawX:-90.476000 and rawY:23.592000
DEBUG:root:Forward to the Left/Straight
DEBUG:root:Left=-114.068000 Right=23.592000
DEBUG:root:ScaledLeft: 118.347000 ScaledRight: 428.082000
INFO:root:Looping....
DEBUG:root:This is the line: drive:23.133:-90.774

DEBUG:root:We got command: drive
DEBUG:root:We got a drive command: rawX:-90.774000 and rawY:23.133000
DEBUG:root:Forward to the Left/Straight
DEBUG:root:Left=-113.907000 Right=23.133000
DEBUG:root:ScaledLeft: 118.709250 ScaledRight: 427.049250
INFO:root:Looping....
DEBUG:root:This is the line: drive:22.338:-91.017

DEBUG:root:We got command: drive
DEBUG:root:We got a drive command: rawX:-91.017000 and rawY:22.338000
DEBUG:root:Forward to the Left/Straight
DEBUG:root:Left=-113.355000 Right=22.338000
DEBUG:root:ScaledLeft: 119.951250 ScaledRight: 425.260500
INFO:root:Looping....
DEBUG:root:This is the line: drive:21.884:-91.071

DEBUG:root:We got command: drive
DEBUG:root:We got a drive command: rawX:-91.071000 and rawY:21.884000
DEBUG:root:Forward to the Left/Straight
DEBUG:root:Left=-112.955000 Right=21.884000
DEBUG:root:ScaledLeft: 120.851250 ScaledRight: 424.239000
INFO:root:Looping....
DEBUG:root:This is the line: drive:20.929:-91.369

DEBUG:root:We got command: drive
DEBUG:root:We got a drive command: rawX:-91.369000 and rawY:20.929000
DEBUG:root:Forward to the Left/Straight
DEBUG:root:Left=-112.298000 Right=20.929000
DEBUG:root:ScaledLeft: 122.329500 ScaledRight: 422.090250
INFO:root:Looping....
DEBUG:root:This is the line: drive:20.569:-91.369

DEBUG:root:We got command: drive
DEBUG:root:We got a drive command: rawX:-91.369000 and rawY:20.569000
DEBUG:root:Forward to the Left/Straight
DEBUG:root:Left=-111.938000 Right=20.569000
DEBUG:root:ScaledLeft: 123.139500 ScaledRight: 421.280250
INFO:root:Looping....
DEBUG:root:This is the line: drive:19.823:-91.667

DEBUG:root:We got command: drive
DEBUG:root:We got a drive command: rawX:-91.667000 and rawY:19.823000
DEBUG:root:Forward to the Left/Straight
DEBUG:root:Left=-111.490000 Right=19.823000
DEBUG:root:ScaledLeft: 124.147500 ScaledRight: 419.601750
INFO:root:Looping....
DEBUG:root:This is the line: drive:19.039:-91.667

DEBUG:root:We got command: drive
DEBUG:root:We got a drive command: rawX:-91.667000 and rawY:19.039000
DEBUG:root:Forward to the Left/Straight
DEBUG:root:Left=-110.706000 Right=19.039000
DEBUG:root:ScaledLeft: 125.911500 ScaledRight: 417.837750
INFO:root:Looping....
DEBUG:root:This is the line: drive:18.429:-91.964

DEBUG:root:We got command: drive
DEBUG:root:We got a drive command: rawX:-91.964000 and rawY:18.429000
DEBUG:root:Forward to the Left/Straight
DEBUG:root:Left=-110.393000 Right=18.429000
DEBUG:root:ScaledLeft: 126.615750 ScaledRight: 416.465250
INFO:root:Looping....
DEBUG:root:This is the line: drive:17.995:-92.262

DEBUG:root:We got command: drive
DEBUG:root:We got a drive command: rawX:-92.262000 and rawY:17.995000
DEBUG:root:Forward to the Left/Straight
DEBUG:root:Left=-110.257000 Right=17.995000
DEBUG:root:ScaledLeft: 126.921750 ScaledRight: 415.488750
INFO:root:Looping....
DEBUG:root:This is the line: drive:17.395:-92.262

DEBUG:root:We got command: drive
DEBUG:root:We got a drive command: rawX:-92.262000 and rawY:17.395000
DEBUG:root:Forward to the Left/Straight
DEBUG:root:Left=-109.657000 Right=17.395000
DEBUG:root:ScaledLeft: 128.271750 ScaledRight: 414.138750
INFO:root:Looping....
DEBUG:root:This is the line: drive:16.74:-92.682

DEBUG:root:We got command: drive
DEBUG:root:We got a drive command: rawX:-92.682000 and rawY:16.740000
DEBUG:root:Forward to the Left/Straight
DEBUG:root:Left=-109.422000 Right=16.740000
DEBUG:root:ScaledLeft: 128.800500 ScaledRight: 412.665000
INFO:root:Looping....
DEBUG:root:This is the line: drive:16.216:-92.56

DEBUG:root:We got command: drive
DEBUG:root:We got a drive command: rawX:-92.560000 and rawY:16.216000
DEBUG:root:Forward to the Left/Straight
DEBUG:root:Left=-108.776000 Right=16.216000
DEBUG:root:ScaledLeft: 130.254000 ScaledRight: 411.486000
INFO:root:Looping....
DEBUG:root:This is the line: drive:15.964:-92.895

DEBUG:root:We got command: drive
DEBUG:root:We got a drive command: rawX:-92.895000 and rawY:15.964000
DEBUG:root:Forward to the Left/Straight
DEBUG:root:Left=-108.859000 Right=15.964000
DEBUG:root:ScaledLeft: 130.067250 ScaledRight: 410.919000
INFO:root:Looping....
DEBUG:root:This is the line: drive:15.331:-92.857

DEBUG:root:We got command: drive
DEBUG:root:We got a drive command: rawX:-92.857000 and rawY:15.331000
DEBUG:root:Forward to the Left/Straight
DEBUG:root:Left=-108.188000 Right=15.331000
DEBUG:root:ScaledLeft: 131.577000 ScaledRight: 409.494750
INFO:root:Looping....
DEBUG:root:This is the line: drive:14.714:-93.155

DEBUG:root:We got command: drive
DEBUG:root:We got a drive command: rawX:-93.155000 and rawY:14.714000
DEBUG:root:Forward to the Left/Straight
DEBUG:root:Left=-107.869000 Right=14.714000
DEBUG:root:ScaledLeft: 132.294750 ScaledRight: 408.106500
INFO:root:Looping....
DEBUG:root:This is the line: drive:14.309:-93.452

DEBUG:root:We got command: drive
DEBUG:root:We got a drive command: rawX:-93.452000 and rawY:14.309000
DEBUG:root:Forward to the Left/Straight
DEBUG:root:Left=-107.761000 Right=14.309000
DEBUG:root:ScaledLeft: 132.537750 ScaledRight: 407.195250
INFO:root:Looping....
DEBUG:root:This is the line: drive:13.944:-93.452

DEBUG:root:We got command: drive
DEBUG:root:We got a drive command: rawX:-93.452000 and rawY:13.944000
DEBUG:root:Forward to the Left/Straight
DEBUG:root:Left=-107.396000 Right=13.944000
DEBUG:root:ScaledLeft: 133.359000 ScaledRight: 406.374000
INFO:root:Looping....
DEBUG:root:This is the line: drive:13.623:-93.75

DEBUG:root:We got command: drive
DEBUG:root:We got a drive command: rawX:-93.750000 and rawY:13.623000
DEBUG:root:Forward to the Left/Straight
DEBUG:root:Left=-107.373000 Right=13.623000
DEBUG:root:ScaledLeft: 133.410750 ScaledRight: 405.651750
INFO:root:Looping....
DEBUG:root:This is the line: drive:13.403:-94.048

DEBUG:root:We got command: drive
DEBUG:root:We got a drive command: rawX:-94.048000 and rawY:13.403000
DEBUG:root:Forward to the Left/Straight
DEBUG:root:Left=-107.451000 Right=13.403000
DEBUG:root:ScaledLeft: 133.235250 ScaledRight: 405.156750
INFO:root:Looping....
DEBUG:root:This is the line: drive:13.113:-94.048

DEBUG:root:We got command: drive
DEBUG:root:We got a drive command: rawX:-94.048000 and rawY:13.113000
DEBUG:root:Forward to the Left/Straight
DEBUG:root:Left=-107.161000 Right=13.113000
DEBUG:root:ScaledLeft: 133.887750 ScaledRight: 404.504250
INFO:root:Looping....
DEBUG:root:This is the line: drive:12.809:-94.048

DEBUG:root:We got command: drive
DEBUG:root:We got a drive command: rawX:-94.048000 and rawY:12.809000
DEBUG:root:Forward to the Left/Straight
DEBUG:root:Left=-106.857000 Right=12.809000
DEBUG:root:ScaledLeft: 134.571750 ScaledRight: 403.820250
INFO:root:Looping....
DEBUG:root:This is the line: drive:12.606:-94.345

DEBUG:root:We got command: drive
DEBUG:root:We got a drive command: rawX:-94.345000 and rawY:12.606000
DEBUG:root:Forward to the Left/Straight
DEBUG:root:Left=-106.951000 Right=12.606000
DEBUG:root:ScaledLeft: 134.360250 ScaledRight: 403.363500
INFO:root:Looping....
DEBUG:root:This is the line: drive:12.429:-94.345

DEBUG:root:We got command: drive
DEBUG:root:We got a drive command: rawX:-94.345000 and rawY:12.429000
DEBUG:root:Forward to the Left/Straight
DEBUG:root:Left=-106.774000 Right=12.429000
DEBUG:root:ScaledLeft: 134.758500 ScaledRight: 402.965250
INFO:root:Looping....
DEBUG:root:This is the line: drive:12.264:-94.666

DEBUG:root:We got command: drive
DEBUG:root:We got a drive command: rawX:-94.666000 and rawY:12.264000
DEBUG:root:Forward to the Left/Straight
DEBUG:root:Left=-106.930000 Right=12.264000
DEBUG:root:ScaledLeft: 134.407500 ScaledRight: 402.594000
INFO:root:Looping....
DEBUG:root:This is the line: drive:12.286:-94.961

DEBUG:root:We got command: drive
DEBUG:root:We got a drive command: rawX:-94.961000 and rawY:12.286000
DEBUG:root:Forward to the Left/Straight
DEBUG:root:Left=-107.247000 Right=12.286000
DEBUG:root:ScaledLeft: 133.694250 ScaledRight: 402.643500
INFO:root:Looping....
DEBUG:root:This is the line: drive:12.286:-95.282

DEBUG:root:We got command: drive
DEBUG:root:We got a drive command: rawX:-95.282000 and rawY:12.286000
DEBUG:root:Forward to the Left/Straight
DEBUG:root:Left=-107.568000 Right=12.286000
DEBUG:root:ScaledLeft: 132.972000 ScaledRight: 402.643500
INFO:root:Looping....
DEBUG:root:This is the line: drive:12.286:-95.606

DEBUG:root:We got command: drive
DEBUG:root:We got a drive command: rawX:-95.606000 and rawY:12.286000
DEBUG:root:Forward to the Left/Straight
DEBUG:root:Left=-107.892000 Right=12.286000
DEBUG:root:ScaledLeft: 132.243000 ScaledRight: 402.643500
INFO:root:Looping....
DEBUG:root:This is the line: drive:11.964:-95.536

DEBUG:root:We got command: drive
DEBUG:root:We got a drive command: rawX:-95.536000 and rawY:11.964000
DEBUG:root:Forward to the Left/Straight
DEBUG:root:Left=-107.500000 Right=11.964000
DEBUG:root:ScaledLeft: 133.125000 ScaledRight: 401.919000
INFO:root:Looping....
DEBUG:root:This is the line: drive:11.964:-95.536

DEBUG:root:We got command: drive
DEBUG:root:We got a drive command: rawX:-95.536000 and rawY:11.964000
DEBUG:root:Forward to the Left/Straight
DEBUG:root:Left=-107.500000 Right=11.964000
DEBUG:root:ScaledLeft: 133.125000 ScaledRight: 401.919000
INFO:root:Looping....
DEBUG:root:This is the line: drive:11.964:-95.536

DEBUG:root:We got command: drive
DEBUG:root:We got a drive command: rawX:-95.536000 and rawY:11.964000
DEBUG:root:Forward to the Left/Straight
DEBUG:root:Left=-107.500000 Right=11.964000
DEBUG:root:ScaledLeft: 133.125000 ScaledRight: 401.919000
INFO:root:Looping....
DEBUG:root:This is the line: drive:11.7:-95.536

DEBUG:root:We got command: drive
DEBUG:root:We got a drive command: rawX:-95.536000 and rawY:11.700000
DEBUG:root:Forward to the Left/Straight
DEBUG:root:Left=-107.236000 Right=11.700000
DEBUG:root:ScaledLeft: 133.719000 ScaledRight: 401.325000
INFO:root:Looping....
DEBUG:root:This is the line: drive:11.714:-95.884

DEBUG:root:We got command: drive
DEBUG:root:We got a drive command: rawX:-95.884000 and rawY:11.714000
DEBUG:root:Forward to the Left/Straight
DEBUG:root:Left=-107.598000 Right=11.714000
DEBUG:root:ScaledLeft: 132.904500 ScaledRight: 401.356500
INFO:root:Looping....
DEBUG:root:This is the line: drive:11.411:-95.833

DEBUG:root:We got command: drive
DEBUG:root:We got a drive command: rawX:-95.833000 and rawY:11.411000
DEBUG:root:Forward to the Left/Straight
DEBUG:root:Left=-107.244000 Right=11.411000
DEBUG:root:ScaledLeft: 133.701000 ScaledRight: 400.674750
INFO:root:Looping....
DEBUG:root:This is the line: drive:11.031:-96.131

DEBUG:root:We got command: drive
DEBUG:root:We got a drive command: rawX:-96.131000 and rawY:11.031000
DEBUG:root:Forward to the Left/Straight
DEBUG:root:Left=-107.162000 Right=11.031000
DEBUG:root:ScaledLeft: 133.885500 ScaledRight: 399.819750
INFO:root:Looping....
DEBUG:root:This is the line: drive:11.143:-96.517

DEBUG:root:We got command: drive
DEBUG:root:We got a drive command: rawX:-96.517000 and rawY:11.143000
DEBUG:root:Forward to the Left/Straight
DEBUG:root:Left=-107.660000 Right=11.143000
DEBUG:root:ScaledLeft: 132.765000 ScaledRight: 400.071750
INFO:root:Looping....
DEBUG:root:This is the line: drive:10.836:-96.748

DEBUG:root:We got command: drive
DEBUG:root:We got a drive command: rawX:-96.748000 and rawY:10.836000
DEBUG:root:Forward to the Left/Straight
DEBUG:root:Left=-107.584000 Right=10.836000
DEBUG:root:ScaledLeft: 132.936000 ScaledRight: 399.381000
INFO:root:Looping....
DEBUG:root:This is the line: drive:10.429:-97.024

DEBUG:root:We got command: drive
DEBUG:root:We got a drive command: rawX:-97.024000 and rawY:10.429000
DEBUG:root:Forward to the Left/Straight
DEBUG:root:Left=-107.453000 Right=10.429000
DEBUG:root:ScaledLeft: 133.230750 ScaledRight: 398.465250
INFO:root:Looping....
DEBUG:root:This is the line: drive:10.248:-97.024

DEBUG:root:We got command: drive
DEBUG:root:We got a drive command: rawX:-97.024000 and rawY:10.248000
DEBUG:root:Forward to the Left/Straight
DEBUG:root:Left=-107.272000 Right=10.248000
DEBUG:root:ScaledLeft: 133.638000 ScaledRight: 398.058000
INFO:root:Looping....
DEBUG:root:This is the line: drive:9.981:-97.321

DEBUG:root:We got command: drive
DEBUG:root:We got a drive command: rawX:-97.321000 and rawY:9.981000
DEBUG:root:Forward to the Left/Straight
DEBUG:root:Left=-107.302000 Right=9.981000
DEBUG:root:ScaledLeft: 133.570500 ScaledRight: 397.457250
INFO:root:Looping....
DEBUG:root:This is the line: drive:9.981:-97.321

DEBUG:root:We got command: drive
DEBUG:root:We got a drive command: rawX:-97.321000 and rawY:9.981000
DEBUG:root:Forward to the Left/Straight
DEBUG:root:Left=-107.302000 Right=9.981000
DEBUG:root:ScaledLeft: 133.570500 ScaledRight: 397.457250
INFO:root:Looping....
DEBUG:root:This is the line: drive:10.0:-97.646

DEBUG:root:We got command: drive
DEBUG:root:We got a drive command: rawX:-97.646000 and rawY:10.000000
DEBUG:root:Forward to the Left/Straight
DEBUG:root:Left=-107.646000 Right=10.000000
DEBUG:root:ScaledLeft: 132.796500 ScaledRight: 397.500000
INFO:root:Looping....
DEBUG:root:This is the line: drive:9.601:-97.619

DEBUG:root:We got command: drive
DEBUG:root:We got a drive command: rawX:-97.619000 and rawY:9.601000
DEBUG:root:Forward to the Left/Straight
DEBUG:root:Left=-107.220000 Right=9.601000
DEBUG:root:ScaledLeft: 133.755000 ScaledRight: 396.602250
INFO:root:Looping....
DEBUG:root:This is the line: drive:9.714:-97.967

DEBUG:root:We got command: drive
DEBUG:root:We got a drive command: rawX:-97.967000 and rawY:9.714000
DEBUG:root:Forward to the Left/Straight
DEBUG:root:Left=-107.681000 Right=9.714000
DEBUG:root:ScaledLeft: 132.717750 ScaledRight: 396.856500
INFO:root:Looping....
DEBUG:root:This is the line: drive:9.344:-98.214

DEBUG:root:We got command: drive
DEBUG:root:We got a drive command: rawX:-98.214000 and rawY:9.344000
DEBUG:root:Forward to the Left/Straight
DEBUG:root:Left=-107.558000 Right=9.344000
DEBUG:root:ScaledLeft: 132.994500 ScaledRight: 396.024000
INFO:root:Looping....
DEBUG:root:This is the line: drive:9.344:-98.214

DEBUG:root:We got command: drive
DEBUG:root:We got a drive command: rawX:-98.214000 and rawY:9.344000
DEBUG:root:Forward to the Left/Straight
DEBUG:root:Left=-107.558000 Right=9.344000
DEBUG:root:ScaledLeft: 132.994500 ScaledRight: 396.024000
INFO:root:Looping....
DEBUG:root:This is the line: drive:9.344:-98.214

DEBUG:root:We got command: drive
DEBUG:root:We got a drive command: rawX:-98.214000 and rawY:9.344000
DEBUG:root:Forward to the Left/Straight
DEBUG:root:Left=-107.558000 Right=9.344000
DEBUG:root:ScaledLeft: 132.994500 ScaledRight: 396.024000
INFO:root:Looping....
DEBUG:root:This is the line: drive:9.429:-98.526

DEBUG:root:We got command: drive
DEBUG:root:We got a drive command: rawX:-98.526000 and rawY:9.429000
DEBUG:root:Forward to the Left/Straight
DEBUG:root:Left=-107.955000 Right=9.429000
DEBUG:root:ScaledLeft: 132.101250 ScaledRight: 396.215250
INFO:root:Looping....
DEBUG:root:This is the line: drive:9.429:-98.526

DEBUG:root:We got command: drive
DEBUG:root:We got a drive command: rawX:-98.526000 and rawY:9.429000
DEBUG:root:Forward to the Left/Straight
DEBUG:root:Left=-107.955000 Right=9.429000
DEBUG:root:ScaledLeft: 132.101250 ScaledRight: 396.215250
INFO:root:Looping....
DEBUG:root:This is the line: drive:9.141:-98.811

DEBUG:root:We got command: drive
DEBUG:root:We got a drive command: rawX:-98.811000 and rawY:9.141000
DEBUG:root:Forward to the Left/Straight
DEBUG:root:Left=-107.952000 Right=9.141000
DEBUG:root:ScaledLeft: 132.108000 ScaledRight: 395.567250
INFO:root:Looping....
DEBUG:root:This is the line: drive:8.834:-98.81

DEBUG:root:We got command: drive
DEBUG:root:We got a drive command: rawX:-98.810000 and rawY:8.834000
DEBUG:root:Forward to the Left/Straight
DEBUG:root:Left=-107.644000 Right=8.834000
DEBUG:root:ScaledLeft: 132.801000 ScaledRight: 394.876500
INFO:root:Looping....
DEBUG:root:This is the line: drive:8.143:-98.81

DEBUG:root:We got command: drive
DEBUG:root:We got a drive command: rawX:-98.810000 and rawY:8.143000
DEBUG:root:Forward to the Left/Straight
DEBUG:root:Left=-106.953000 Right=8.143000
DEBUG:root:ScaledLeft: 134.355750 ScaledRight: 393.321750
INFO:root:Looping....
DEBUG:root:This is the line: drive:7.088:-98.81

DEBUG:root:We got command: drive
DEBUG:root:We got a drive command: rawX:-98.810000 and rawY:7.088000
DEBUG:root:Forward to the Left/Straight
DEBUG:root:Left=-105.898000 Right=7.088000
DEBUG:root:ScaledLeft: 136.729500 ScaledRight: 390.948000
INFO:root:Looping....
DEBUG:root:This is the line: drive:5.836:-98.81

DEBUG:root:We got command: drive
DEBUG:root:We got a drive command: rawX:-98.810000 and rawY:5.836000
DEBUG:root:Forward to the Left/Straight
DEBUG:root:Left=-104.646000 Right=5.836000
DEBUG:root:ScaledLeft: 139.546500 ScaledRight: 388.131000
INFO:root:Looping....
DEBUG:root:This is the line: drive:4.143:-98.81

DEBUG:root:We got command: drive
DEBUG:root:We got a drive command: rawX:-98.810000 and rawY:4.143000
DEBUG:root:Forward to the Left/Straight
DEBUG:root:Left=-102.953000 Right=4.143000
DEBUG:root:ScaledLeft: 143.355750 ScaledRight: 384.321750
INFO:root:Looping....
DEBUG:root:This is the line: drive:3.691:-98.81

DEBUG:root:We got command: drive
DEBUG:root:We got a drive command: rawX:-98.810000 and rawY:3.691000
DEBUG:root:Forward to the Left/Straight
DEBUG:root:Left=-102.501000 Right=3.691000
DEBUG:root:ScaledLeft: 144.372750 ScaledRight: 383.304750
INFO:root:Looping....
DEBUG:root:This is the line: drive:2.714:-98.81

DEBUG:root:We got command: drive
DEBUG:root:We got a drive command: rawX:-98.810000 and rawY:2.714000
DEBUG:root:Forward to the Left/Straight
DEBUG:root:Left=-101.524000 Right=2.714000
DEBUG:root:ScaledLeft: 146.571000 ScaledRight: 381.106500
INFO:root:Looping....
DEBUG:root:This is the line: drive:2.286:-99.554

DEBUG:root:We got command: drive
DEBUG:root:We got a drive command: rawX:-99.554000 and rawY:2.286000
DEBUG:root:Forward to the Left/Straight
DEBUG:root:Left=-101.840000 Right=2.286000
DEBUG:root:ScaledLeft: 145.860000 ScaledRight: 380.143500
INFO:root:Looping....
DEBUG:root:This is the line: drive:1.173:-99.405

DEBUG:root:We got command: drive
DEBUG:root:We got a drive command: rawX:-99.405000 and rawY:1.173000
DEBUG:root:Forward to the Left/Straight
DEBUG:root:Left=-100.578000 Right=1.173000
DEBUG:root:ScaledLeft: 148.699500 ScaledRight: 377.639250
INFO:root:Looping....
DEBUG:root:This is the line: drive:0.249:-99.405

DEBUG:root:We got command: drive
DEBUG:root:We got a drive command: rawX:-99.405000 and rawY:0.249000
DEBUG:root:Forward to the Left/Straight
DEBUG:root:Left=-99.654000 Right=0.249000
DEBUG:root:ScaledLeft: 150.778500 ScaledRight: 375.560250
INFO:root:Looping....
DEBUG:root:This is the line: drive:-0.179:-99.405

DEBUG:root:We got command: drive
DEBUG:root:We got a drive command: rawX:-99.405000 and rawY:-0.179000
DEBUG:root:Reverse to the Left/Straight
DEBUG:root:Left=-99.226000 Right=-0.179000
DEBUG:root:ScaledLeft: 151.741500 ScaledRight: 374.597250
INFO:root:Looping....
DEBUG:root:This is the line: drive:-0.857:-99.723

DEBUG:root:We got command: drive
DEBUG:root:We got a drive command: rawX:-99.723000 and rawY:-0.857000
DEBUG:root:Reverse to the Left/Straight
DEBUG:root:Left=-98.866000 Right=-0.857000
DEBUG:root:ScaledLeft: 152.551500 ScaledRight: 373.071750
INFO:root:Looping....
DEBUG:root:This is the line: drive:-0.857:-99.723

DEBUG:root:We got command: drive
DEBUG:root:We got a drive command: rawX:-99.723000 and rawY:-0.857000
DEBUG:root:Reverse to the Left/Straight
DEBUG:root:Left=-98.866000 Right=-0.857000
DEBUG:root:ScaledLeft: 152.551500 ScaledRight: 373.071750
INFO:root:Looping....
DEBUG:root:This is the line: drive:-0.857:-99.723

DEBUG:root:We got command: drive
DEBUG:root:We got a drive command: rawX:-99.723000 and rawY:-0.857000
DEBUG:root:Reverse to the Left/Straight
DEBUG:root:Left=-98.866000 Right=-0.857000
DEBUG:root:ScaledLeft: 152.551500 ScaledRight: 373.071750
INFO:root:Looping....
DEBUG:root:This is the line: drive:-0.857:-99.723

DEBUG:root:We got command: drive
DEBUG:root:We got a drive command: rawX:-99.723000 and rawY:-0.857000
DEBUG:root:Reverse to the Left/Straight
DEBUG:root:Left=-98.866000 Right=-0.857000
DEBUG:root:ScaledLeft: 152.551500 ScaledRight: 373.071750
INFO:root:Looping....
DEBUG:root:This is the line: drive:-0.857:-99.723

DEBUG:root:We got command: drive
DEBUG:root:We got a drive command: rawX:-99.723000 and rawY:-0.857000
DEBUG:root:Reverse to the Left/Straight
DEBUG:root:Left=-98.866000 Right=-0.857000
DEBUG:root:ScaledLeft: 152.551500 ScaledRight: 373.071750
INFO:root:Looping....
DEBUG:root:This is the line: drive:-0.857:-99.723

DEBUG:root:We got command: drive
DEBUG:root:We got a drive command: rawX:-99.723000 and rawY:-0.857000
DEBUG:root:Reverse to the Left/Straight
DEBUG:root:Left=-98.866000 Right=-0.857000
DEBUG:root:ScaledLeft: 152.551500 ScaledRight: 373.071750
INFO:root:Looping....
DEBUG:root:This is the line: drive:-0.857:-99.723

DEBUG:root:We got command: drive
DEBUG:root:We got a drive command: rawX:-99.723000 and rawY:-0.857000
DEBUG:root:Reverse to the Left/Straight
DEBUG:root:Left=-98.866000 Right=-0.857000
DEBUG:root:ScaledLeft: 152.551500 ScaledRight: 373.071750
INFO:root:Looping....
DEBUG:root:This is the line: drive:-0.857:-99.723

DEBUG:root:We got command: drive
DEBUG:root:We got a drive command: rawX:-99.723000 and rawY:-0.857000
DEBUG:root:Reverse to the Left/Straight
DEBUG:root:Left=-98.866000 Right=-0.857000
DEBUG:root:ScaledLeft: 152.551500 ScaledRight: 373.071750
INFO:root:Looping....
DEBUG:root:This is the line: drive:-0.857:-99.723

DEBUG:root:We got command: drive
DEBUG:root:We got a drive command: rawX:-99.723000 and rawY:-0.857000
DEBUG:root:Reverse to the Left/Straight
DEBUG:root:Left=-98.866000 Right=-0.857000
DEBUG:root:ScaledLeft: 152.551500 ScaledRight: 373.071750
INFO:root:Looping....
DEBUG:root:This is the line: drive:-0.857:-99.723

DEBUG:root:We got command: drive
DEBUG:root:We got a drive command: rawX:-99.723000 and rawY:-0.857000
DEBUG:root:Reverse to the Left/Straight
DEBUG:root:Left=-98.866000 Right=-0.857000
DEBUG:root:ScaledLeft: 152.551500 ScaledRight: 373.071750
INFO:root:Looping....
DEBUG:root:This is the line: drive:-0.857:-99.723

DEBUG:root:We got command: drive
DEBUG:root:We got a drive command: rawX:-99.723000 and rawY:-0.857000
DEBUG:root:Reverse to the Left/Straight
DEBUG:root:Left=-98.866000 Right=-0.857000
DEBUG:root:ScaledLeft: 152.551500 ScaledRight: 373.071750
INFO:root:Looping....
DEBUG:root:This is the line: drive:-0.857:-99.723

DEBUG:root:We got command: drive
DEBUG:root:We got a drive command: rawX:-99.723000 and rawY:-0.857000
DEBUG:root:Reverse to the Left/Straight
DEBUG:root:Left=-98.866000 Right=-0.857000
DEBUG:root:ScaledLeft: 152.551500 ScaledRight: 373.071750
INFO:root:Looping....
DEBUG:root:This is the line: drive:-0.857:-99.723

DEBUG:root:We got command: drive
DEBUG:root:We got a drive command: rawX:-99.723000 and rawY:-0.857000
DEBUG:root:Reverse to the Left/Straight
DEBUG:root:Left=-98.866000 Right=-0.857000
DEBUG:root:ScaledLeft: 152.551500 ScaledRight: 373.071750
INFO:root:Looping....
DEBUG:root:This is the line: drive:-0.857:-99.723

DEBUG:root:We got command: drive
DEBUG:root:We got a drive command: rawX:-99.723000 and rawY:-0.857000
DEBUG:root:Reverse to the Left/Straight
DEBUG:root:Left=-98.866000 Right=-0.857000
DEBUG:root:ScaledLeft: 152.551500 ScaledRight: 373.071750
INFO:root:Looping....
DEBUG:root:This is the line: drive:-0.857:-99.723

DEBUG:root:We got command: drive
DEBUG:root:We got a drive command: rawX:-99.723000 and rawY:-0.857000
DEBUG:root:Reverse to the Left/Straight
DEBUG:root:Left=-98.866000 Right=-0.857000
DEBUG:root:ScaledLeft: 152.551500 ScaledRight: 373.071750
INFO:root:Looping....
DEBUG:root:This is the line: drive:-0.857:-99.723

DEBUG:root:We got command: drive
DEBUG:root:We got a drive command: rawX:-99.723000 and rawY:-0.857000
DEBUG:root:Reverse to the Left/Straight
DEBUG:root:Left=-98.866000 Right=-0.857000
DEBUG:root:ScaledLeft: 152.551500 ScaledRight: 373.071750
INFO:root:Looping....
DEBUG:root:This is the line: drive:0:0

DEBUG:root:We got command: drive
DEBUG:root:We got a drive command: rawX:0.000000 and rawY:0.000000
DEBUG:root:Left=0.000000 Right=0.000000
DEBUG:root:ScaledLeft: 375.000000 ScaledRight: 375.000000
INFO:root:Looping....
DEBUG:root:This is the line: drive:-13.714:-59.821

DEBUG:root:We got command: drive
DEBUG:root:We got a drive command: rawX:-59.821000 and rawY:-13.714000
DEBUG:root:Reverse to the Left/Straight
DEBUG:root:Left=-46.107000 Right=-13.714000
DEBUG:root:ScaledLeft: 271.259250 ScaledRight: 344.143500
INFO:root:Looping....
DEBUG:root:This is the line: drive:14.857:-59.821

DEBUG:root:We got command: drive
DEBUG:root:We got a drive command: rawX:-59.821000 and rawY:14.857000
DEBUG:root:Forward to the Left/Straight
DEBUG:root:Left=-74.678000 Right=14.857000
DEBUG:root:ScaledLeft: 206.974500 ScaledRight: 408.428250
INFO:root:Looping....
DEBUG:root:This is the line: drive:12.286:-64.475

DEBUG:root:We got command: drive
DEBUG:root:We got a drive command: rawX:-64.475000 and rawY:12.286000
DEBUG:root:Forward to the Left/Straight
DEBUG:root:Left=-76.761000 Right=12.286000
DEBUG:root:ScaledLeft: 202.287750 ScaledRight: 402.643500
INFO:root:Looping....
DEBUG:root:This is the line: drive:9.364:-72.522

DEBUG:root:We got command: drive
DEBUG:root:We got a drive command: rawX:-72.522000 and rawY:9.364000
DEBUG:root:Forward to the Left/Straight
DEBUG:root:Left=-81.886000 Right=9.364000
DEBUG:root:ScaledLeft: 190.756500 ScaledRight: 396.069000
INFO:root:Looping....
DEBUG:root:This is the line: drive:7.608:-76.413

DEBUG:root:We got command: drive
DEBUG:root:We got a drive command: rawX:-76.413000 and rawY:7.608000
DEBUG:root:Forward to the Left/Straight
DEBUG:root:Left=-84.021000 Right=7.608000
DEBUG:root:ScaledLeft: 185.952750 ScaledRight: 392.118000
INFO:root:Looping....
DEBUG:root:This is the line: drive:5.764:-80.85

DEBUG:root:We got command: drive
DEBUG:root:We got a drive command: rawX:-80.850000 and rawY:5.764000
DEBUG:root:Forward to the Left/Straight
DEBUG:root:Left=-86.614000 Right=5.764000
DEBUG:root:ScaledLeft: 180.118500 ScaledRight: 387.969000
INFO:root:Looping....
DEBUG:root:This is the line: drive:3.857:-84.821

DEBUG:root:We got command: drive
DEBUG:root:We got a drive command: rawX:-84.821000 and rawY:3.857000
DEBUG:root:Forward to the Left/Straight
DEBUG:root:Left=-88.678000 Right=3.857000
DEBUG:root:ScaledLeft: 175.474500 ScaledRight: 383.678250
INFO:root:Looping....
DEBUG:root:This is the line: drive:1.88:-87.327

DEBUG:root:We got command: drive
DEBUG:root:We got a drive command: rawX:-87.327000 and rawY:1.880000
DEBUG:root:Forward to the Left/Straight
DEBUG:root:Left=-89.207000 Right=1.880000
DEBUG:root:ScaledLeft: 174.284250 ScaledRight: 379.230000
INFO:root:Looping....
DEBUG:root:This is the line: drive:0.333:-89.534

DEBUG:root:We got command: drive
DEBUG:root:We got a drive command: rawX:-89.534000 and rawY:0.333000
DEBUG:root:Forward to the Left/Straight
DEBUG:root:Left=-89.867000 Right=0.333000
DEBUG:root:ScaledLeft: 172.799250 ScaledRight: 375.749250
INFO:root:Looping....
DEBUG:root:This is the line: drive:-1.778:-92.031

DEBUG:root:We got command: drive
DEBUG:root:We got a drive command: rawX:-92.031000 and rawY:-1.778000
DEBUG:root:Reverse to the Left/Straight
DEBUG:root:Left=-90.253000 Right=-1.778000
DEBUG:root:ScaledLeft: 171.930750 ScaledRight: 370.999500
INFO:root:Looping....
DEBUG:root:This is the line: drive:-3.855:-93.75

DEBUG:root:We got command: drive
DEBUG:root:We got a drive command: rawX:-93.750000 and rawY:-3.855000
DEBUG:root:Reverse to the Left/Straight
DEBUG:root:Left=-89.895000 Right=-3.855000
DEBUG:root:ScaledLeft: 172.736250 ScaledRight: 366.326250
INFO:root:Looping....
DEBUG:root:This is the line: drive:-5.608:-94.345

DEBUG:root:We got command: drive
DEBUG:root:We got a drive command: rawX:-94.345000 and rawY:-5.608000
DEBUG:root:Reverse to the Left/Straight
DEBUG:root:Left=-88.737000 Right=-5.608000
DEBUG:root:ScaledLeft: 175.341750 ScaledRight: 362.382000
INFO:root:Looping....
DEBUG:root:This is the line: drive:-8.031:-94.345

DEBUG:root:We got command: drive
DEBUG:root:We got a drive command: rawX:-94.345000 and rawY:-8.031000
DEBUG:root:Reverse to the Left/Straight
DEBUG:root:Left=-86.314000 Right=-8.031000
DEBUG:root:ScaledLeft: 180.793500 ScaledRight: 356.930250
INFO:root:Looping....
DEBUG:root:This is the line: drive:-10.429:-94.345

DEBUG:root:We got command: drive
DEBUG:root:We got a drive command: rawX:-94.345000 and rawY:-10.429000
DEBUG:root:Reverse to the Left/Straight
DEBUG:root:Left=-83.916000 Right=-10.429000
DEBUG:root:ScaledLeft: 186.189000 ScaledRight: 351.534750
INFO:root:Looping....
DEBUG:root:This is the line: drive:-12.194:-94.345

DEBUG:root:We got command: drive
DEBUG:root:We got a drive command: rawX:-94.345000 and rawY:-12.194000
DEBUG:root:Reverse to the Left/Straight
DEBUG:root:Left=-82.151000 Right=-12.194000
DEBUG:root:ScaledLeft: 190.160250 ScaledRight: 347.563500
INFO:root:Looping....
DEBUG:root:This is the line: drive:-14.326:-94.345

DEBUG:root:We got command: drive
DEBUG:root:We got a drive command: rawX:-94.345000 and rawY:-14.326000
DEBUG:root:Reverse to the Left/Straight
DEBUG:root:Left=-80.019000 Right=-14.326000
DEBUG:root:ScaledLeft: 194.957250 ScaledRight: 342.766500
INFO:root:Looping....
DEBUG:root:This is the line: drive:-16.078:-94.345

DEBUG:root:We got command: drive
DEBUG:root:We got a drive command: rawX:-94.345000 and rawY:-16.078000
DEBUG:root:Reverse to the Left/Straight
DEBUG:root:Left=-78.267000 Right=-16.078000
DEBUG:root:ScaledLeft: 198.899250 ScaledRight: 338.824500
INFO:root:Looping....
DEBUG:root:This is the line: drive:-18.881:-94.345

DEBUG:root:We got command: drive
DEBUG:root:We got a drive command: rawX:-94.345000 and rawY:-18.881000
DEBUG:root:Reverse to the Left/Straight
DEBUG:root:Left=-75.464000 Right=-18.881000
DEBUG:root:ScaledLeft: 205.206000 ScaledRight: 332.517750
INFO:root:Looping....
DEBUG:root:This is the line: drive:-20.593:-94.345

DEBUG:root:We got command: drive
DEBUG:root:We got a drive command: rawX:-94.345000 and rawY:-20.593000
DEBUG:root:Reverse to the Left/Straight
DEBUG:root:Left=-73.752000 Right=-20.593000
DEBUG:root:ScaledLeft: 209.058000 ScaledRight: 328.665750
INFO:root:Looping....
DEBUG:root:This is the line: drive:-22.722:-94.345

DEBUG:root:We got command: drive
DEBUG:root:We got a drive command: rawX:-94.345000 and rawY:-22.722000
DEBUG:root:Reverse to the Left/Straight
DEBUG:root:Left=-71.623000 Right=-22.722000
DEBUG:root:ScaledLeft: 213.848250 ScaledRight: 323.875500
INFO:root:Looping....
DEBUG:root:This is the line: drive:-24.853:-94.345

DEBUG:root:We got command: drive
DEBUG:root:We got a drive command: rawX:-94.345000 and rawY:-24.853000
DEBUG:root:Reverse to the Left/Straight
DEBUG:root:Left=-69.492000 Right=-24.853000
DEBUG:root:ScaledLeft: 218.643000 ScaledRight: 319.080750
INFO:root:Looping....
DEBUG:root:This is the line: drive:-26.608:-94.345

DEBUG:root:We got command: drive
DEBUG:root:We got a drive command: rawX:-94.345000 and rawY:-26.608000
DEBUG:root:Reverse to the Left/Straight
DEBUG:root:Left=-67.737000 Right=-26.608000
DEBUG:root:ScaledLeft: 222.591750 ScaledRight: 315.132000
INFO:root:Looping....
DEBUG:root:This is the line: drive:-28.739:-94.345

DEBUG:root:We got command: drive
DEBUG:root:We got a drive command: rawX:-94.345000 and rawY:-28.739000
DEBUG:root:Reverse to the Left/Straight
DEBUG:root:Left=-65.606000 Right=-28.739000
DEBUG:root:ScaledLeft: 227.386500 ScaledRight: 310.337250
INFO:root:Looping....
DEBUG:root:This is the line: drive:-30.496:-94.345

DEBUG:root:We got command: drive
DEBUG:root:We got a drive command: rawX:-94.345000 and rawY:-30.496000
DEBUG:root:Reverse to the Left/Straight
DEBUG:root:Left=-63.849000 Right=-30.496000
DEBUG:root:ScaledLeft: 231.339750 ScaledRight: 306.384000
INFO:root:Looping....
DEBUG:root:This is the line: drive:-32.617:-94.345

DEBUG:root:We got command: drive
DEBUG:root:We got a drive command: rawX:-94.345000 and rawY:-32.617000
DEBUG:root:Reverse to the Left/Straight
DEBUG:root:Left=-61.728000 Right=-32.617000
DEBUG:root:ScaledLeft: 236.112000 ScaledRight: 301.611750
INFO:root:Looping....
DEBUG:root:This is the line: drive:-34.714:-94.345

DEBUG:root:We got command: drive
DEBUG:root:We got a drive command: rawX:-94.345000 and rawY:-34.714000
DEBUG:root:Reverse to the Left/Straight
DEBUG:root:Left=-59.631000 Right=-34.714000
DEBUG:root:ScaledLeft: 240.830250 ScaledRight: 296.893500
INFO:root:Looping....
DEBUG:root:This is the line: drive:-36.509:-94.643

DEBUG:root:We got command: drive
DEBUG:root:We got a drive command: rawX:-94.643000 and rawY:-36.509000
DEBUG:root:Reverse to the Left/Straight
DEBUG:root:Left=-58.134000 Right=-36.509000
DEBUG:root:ScaledLeft: 244.198500 ScaledRight: 292.854750
INFO:root:Looping....
DEBUG:root:This is the line: drive:-39.286:-94.643

DEBUG:root:We got command: drive
DEBUG:root:We got a drive command: rawX:-94.643000 and rawY:-39.286000
DEBUG:root:Reverse to the Left/Straight
DEBUG:root:Left=-55.357000 Right=-39.286000
DEBUG:root:ScaledLeft: 250.446750 ScaledRight: 286.606500
INFO:root:Looping....
DEBUG:root:This is the line: drive:-41.536:-94.643

DEBUG:root:We got command: drive
DEBUG:root:We got a drive command: rawX:-94.643000 and rawY:-41.536000
DEBUG:root:Reverse to the Left/Straight
DEBUG:root:Left=-53.107000 Right=-41.536000
DEBUG:root:ScaledLeft: 255.509250 ScaledRight: 281.544000
INFO:root:Looping....
DEBUG:root:This is the line: drive:-43.669:-94.643

DEBUG:root:We got command: drive
DEBUG:root:We got a drive command: rawX:-94.643000 and rawY:-43.669000
DEBUG:root:Reverse to the Left/Straight
DEBUG:root:Left=-50.974000 Right=-43.669000
DEBUG:root:ScaledLeft: 260.308500 ScaledRight: 276.744750
INFO:root:Looping....
DEBUG:root:This is the line: drive:-45.422:-94.643

DEBUG:root:We got command: drive
DEBUG:root:We got a drive command: rawX:-94.643000 and rawY:-45.422000
DEBUG:root:Reverse to the Left/Straight
DEBUG:root:Left=-49.221000 Right=-45.422000
DEBUG:root:ScaledLeft: 264.252750 ScaledRight: 272.800500
INFO:root:Looping....
DEBUG:root:This is the line: drive:-47.555:-94.643

DEBUG:root:We got command: drive
DEBUG:root:We got a drive command: rawX:-94.643000 and rawY:-47.555000
DEBUG:root:Reverse to the Left/Straight
DEBUG:root:Left=-47.088000 Right=-47.555000
DEBUG:root:ScaledLeft: 269.052000 ScaledRight: 268.001250
INFO:root:Looping....
DEBUG:root:This is the line: drive:-50.024:-94.643

DEBUG:root:We got command: drive
DEBUG:root:We got a drive command: rawX:-94.643000 and rawY:-50.024000
DEBUG:root:Reverse to the Left/Straight
DEBUG:root:Left=-44.619000 Right=-50.024000
DEBUG:root:ScaledLeft: 274.607250 ScaledRight: 262.446000
INFO:root:Looping....
DEBUG:root:This is the line: drive:-52.152:-94.643

DEBUG:root:We got command: drive
DEBUG:root:We got a drive command: rawX:-94.643000 and rawY:-52.152000
DEBUG:root:Reverse to the Left/Straight
DEBUG:root:Left=-42.491000 Right=-52.152000
DEBUG:root:ScaledLeft: 279.395250 ScaledRight: 257.658000
INFO:root:Looping....
DEBUG:root:This is the line: drive:-53.949:-94.643

DEBUG:root:We got command: drive
DEBUG:root:We got a drive command: rawX:-94.643000 and rawY:-53.949000
DEBUG:root:Reverse to the Left/Straight
DEBUG:root:Left=-40.694000 Right=-53.949000
DEBUG:root:ScaledLeft: 283.438500 ScaledRight: 253.614750
INFO:root:Looping....
DEBUG:root:This is the line: drive:-55.865:-94.643

DEBUG:root:We got command: drive
DEBUG:root:We got a drive command: rawX:-94.643000 and rawY:-55.865000
DEBUG:root:Reverse to the Left/Straight
DEBUG:root:Left=-38.778000 Right=-55.865000
DEBUG:root:ScaledLeft: 287.749500 ScaledRight: 249.303750
INFO:root:Looping....
DEBUG:root:This is the line: drive:-57.874:-94.643

DEBUG:root:We got command: drive
DEBUG:root:We got a drive command: rawX:-94.643000 and rawY:-57.874000
DEBUG:root:Reverse to the Left/Straight
DEBUG:root:Left=-36.769000 Right=-57.874000
DEBUG:root:ScaledLeft: 292.269750 ScaledRight: 244.783500
INFO:root:Looping....
DEBUG:root:This is the line: drive:-59.564:-94.643

DEBUG:root:We got command: drive
DEBUG:root:We got a drive command: rawX:-94.643000 and rawY:-59.564000
DEBUG:root:Reverse to the Left/Straight
DEBUG:root:Left=-35.079000 Right=-59.564000
DEBUG:root:ScaledLeft: 296.072250 ScaledRight: 240.981000
INFO:root:Looping....
DEBUG:root:This is the line: drive:-61.613:-94.643

DEBUG:root:We got command: drive
DEBUG:root:We got a drive command: rawX:-94.643000 and rawY:-61.613000
DEBUG:root:Reverse to the Left/Straight
DEBUG:root:Left=-33.030000 Right=-61.613000
DEBUG:root:ScaledLeft: 300.682500 ScaledRight: 236.370750
INFO:root:Looping....
DEBUG:root:This is the line: drive:-63.268:-94.643

DEBUG:root:We got command: drive
DEBUG:root:We got a drive command: rawX:-94.643000 and rawY:-63.268000
DEBUG:root:Reverse to the Left/Straight
DEBUG:root:Left=-31.375000 Right=-63.268000
DEBUG:root:ScaledLeft: 304.406250 ScaledRight: 232.647000
INFO:root:Looping....
DEBUG:root:This is the line: drive:-64.714:-94.643

DEBUG:root:We got command: drive
DEBUG:root:We got a drive command: rawX:-94.643000 and rawY:-64.714000
DEBUG:root:Reverse to the Left/Straight
DEBUG:root:Left=-29.929000 Right=-64.714000
DEBUG:root:ScaledLeft: 307.659750 ScaledRight: 229.393500
INFO:root:Looping....
DEBUG:root:This is the line: drive:-65.739:-94.643

DEBUG:root:We got command: drive
DEBUG:root:We got a drive command: rawX:-94.643000 and rawY:-65.739000
DEBUG:root:Reverse to the Left/Straight
DEBUG:root:Left=-28.904000 Right=-65.739000
DEBUG:root:ScaledLeft: 309.966000 ScaledRight: 227.087250
INFO:root:Looping....
DEBUG:root:This is the line: drive:-66.604:-94.643

DEBUG:root:We got command: drive
DEBUG:root:We got a drive command: rawX:-94.643000 and rawY:-66.604000
DEBUG:root:Reverse to the Left/Straight
DEBUG:root:Left=-28.039000 Right=-66.604000
DEBUG:root:ScaledLeft: 311.912250 ScaledRight: 225.141000
INFO:root:Looping....
DEBUG:root:This is the line: drive:-68.429:-94.643

DEBUG:root:We got command: drive
DEBUG:root:We got a drive command: rawX:-94.643000 and rawY:-68.429000
DEBUG:root:Reverse to the Left/Straight
DEBUG:root:Left=-26.214000 Right=-68.429000
DEBUG:root:ScaledLeft: 316.018500 ScaledRight: 221.034750
INFO:root:Looping....
DEBUG:root:This is the line: drive:-69.229:-94.643

DEBUG:root:We got command: drive
DEBUG:root:We got a drive command: rawX:-94.643000 and rawY:-69.229000
DEBUG:root:Reverse to the Left/Straight
DEBUG:root:Left=-25.414000 Right=-69.229000
DEBUG:root:ScaledLeft: 317.818500 ScaledRight: 219.234750
INFO:root:Looping....
DEBUG:root:This is the line: drive:-70.467:-94.643

DEBUG:root:We got command: drive
DEBUG:root:We got a drive command: rawX:-94.643000 and rawY:-70.467000
DEBUG:root:Reverse to the Left/Straight
DEBUG:root:Left=-24.176000 Right=-70.467000
DEBUG:root:ScaledLeft: 320.604000 ScaledRight: 216.449250
INFO:root:Looping....
DEBUG:root:This is the line: drive:-71.232:-94.643

DEBUG:root:We got command: drive
DEBUG:root:We got a drive command: rawX:-94.643000 and rawY:-71.232000
DEBUG:root:Reverse to the Left/Straight
DEBUG:root:Left=-23.411000 Right=-71.232000
DEBUG:root:ScaledLeft: 322.325250 ScaledRight: 214.728000
INFO:root:Looping....
DEBUG:root:This is the line: drive:-72.096:-94.94

DEBUG:root:We got command: drive
DEBUG:root:We got a drive command: rawX:-94.940000 and rawY:-72.096000
DEBUG:root:Reverse to the Left/Straight
DEBUG:root:Left=-22.844000 Right=-72.096000
DEBUG:root:ScaledLeft: 323.601000 ScaledRight: 212.784000
INFO:root:Looping....
DEBUG:root:This is the line: drive:-73.0:-94.94

DEBUG:root:We got command: drive
DEBUG:root:We got a drive command: rawX:-94.940000 and rawY:-73.000000
DEBUG:root:Reverse to the Left/Straight
DEBUG:root:Left=-21.940000 Right=-73.000000
DEBUG:root:ScaledLeft: 325.635000 ScaledRight: 210.750000
INFO:root:Looping....
DEBUG:root:This is the line: drive:-73.721:-94.94

DEBUG:root:We got command: drive
DEBUG:root:We got a drive command: rawX:-94.940000 and rawY:-73.721000
DEBUG:root:Reverse to the Left/Straight
DEBUG:root:Left=-21.219000 Right=-73.721000
DEBUG:root:ScaledLeft: 327.257250 ScaledRight: 209.127750
INFO:root:Looping....
DEBUG:root:This is the line: drive:-74.857:-95.482

DEBUG:root:We got command: drive
DEBUG:root:We got a drive command: rawX:-95.482000 and rawY:-74.857000
DEBUG:root:Reverse to the Left/Straight
DEBUG:root:Left=-20.625000 Right=-74.857000
DEBUG:root:ScaledLeft: 328.593750 ScaledRight: 206.571750
INFO:root:Looping....
DEBUG:root:This is the line: drive:-75.541:-95.536

DEBUG:root:We got command: drive
DEBUG:root:We got a drive command: rawX:-95.536000 and rawY:-75.541000
DEBUG:root:Reverse to the Left/Straight
DEBUG:root:Left=-19.995000 Right=-75.541000
DEBUG:root:ScaledLeft: 330.011250 ScaledRight: 205.032750
INFO:root:Looping....
DEBUG:root:This is the line: drive:-76.429:-95.833

DEBUG:root:We got command: drive
DEBUG:root:We got a drive command: rawX:-95.833000 and rawY:-76.429000
DEBUG:root:Reverse to the Left/Straight
DEBUG:root:Left=-19.404000 Right=-76.429000
DEBUG:root:ScaledLeft: 331.341000 ScaledRight: 203.034750
INFO:root:Looping....
DEBUG:root:This is the line: drive:-77.0:-95.833

DEBUG:root:We got command: drive
DEBUG:root:We got a drive command: rawX:-95.833000 and rawY:-77.000000
DEBUG:root:Reverse to the Left/Straight
DEBUG:root:Left=-18.833000 Right=-77.000000
DEBUG:root:ScaledLeft: 332.625750 ScaledRight: 201.750000
INFO:root:Looping....
DEBUG:root:This is the line: drive:-77.491:-95.833

DEBUG:root:We got command: drive
DEBUG:root:We got a drive command: rawX:-95.833000 and rawY:-77.491000
DEBUG:root:Reverse to the Left/Straight
DEBUG:root:Left=-18.342000 Right=-77.491000
DEBUG:root:ScaledLeft: 333.730500 ScaledRight: 200.645250
INFO:root:Looping....
DEBUG:root:This is the line: drive:-78.296:-95.833

DEBUG:root:We got command: drive
DEBUG:root:We got a drive command: rawX:-95.833000 and rawY:-78.296000
DEBUG:root:Reverse to the Left/Straight
DEBUG:root:Left=-17.537000 Right=-78.296000
DEBUG:root:ScaledLeft: 335.541750 ScaledRight: 198.834000
INFO:root:Looping....
DEBUG:root:This is the line: drive:-78.647:-95.833

DEBUG:root:We got command: drive
DEBUG:root:We got a drive command: rawX:-95.833000 and rawY:-78.647000
DEBUG:root:Reverse to the Left/Straight
DEBUG:root:Left=-17.186000 Right=-78.647000
DEBUG:root:ScaledLeft: 336.331500 ScaledRight: 198.044250
INFO:root:Looping....
DEBUG:root:This is the line: drive:-79.151:-95.833

DEBUG:root:We got command: drive
DEBUG:root:We got a drive command: rawX:-95.833000 and rawY:-79.151000
DEBUG:root:Reverse to the Left/Straight
DEBUG:root:Left=-16.682000 Right=-79.151000
DEBUG:root:ScaledLeft: 337.465500 ScaledRight: 196.910250
INFO:root:Looping....
DEBUG:root:This is the line: drive:-80.429:-94.94

DEBUG:root:We got command: drive
DEBUG:root:We got a drive command: rawX:-94.940000 and rawY:-80.429000
DEBUG:root:Reverse to the Left/Straight
DEBUG:root:Left=-14.511000 Right=-80.429000
DEBUG:root:ScaledLeft: 342.350250 ScaledRight: 194.034750
INFO:root:Looping....
DEBUG:root:This is the line: drive:-81.319:-94.048

DEBUG:root:We got command: drive
DEBUG:root:We got a drive command: rawX:-94.048000 and rawY:-81.319000
DEBUG:root:Reverse to the Left/Straight
DEBUG:root:Left=-12.729000 Right=-81.319000
DEBUG:root:ScaledLeft: 346.359750 ScaledRight: 192.032250
INFO:root:Looping....
DEBUG:root:This is the line: drive:-82.0:-93.372

DEBUG:root:We got command: drive
DEBUG:root:We got a drive command: rawX:-93.372000 and rawY:-82.000000
DEBUG:root:Reverse to the Left/Straight
DEBUG:root:Left=-11.372000 Right=-82.000000
DEBUG:root:ScaledLeft: 349.413000 ScaledRight: 190.500000
INFO:root:Looping....
DEBUG:root:This is the line: drive:-82.714:-93.155

DEBUG:root:We got command: drive
DEBUG:root:We got a drive command: rawX:-93.155000 and rawY:-82.714000
DEBUG:root:Reverse to the Left/Straight
DEBUG:root:Left=-10.441000 Right=-82.714000
DEBUG:root:ScaledLeft: 351.507750 ScaledRight: 188.893500
INFO:root:Looping....
DEBUG:root:This is the line: drive:-83.429:-92.885

DEBUG:root:We got command: drive
DEBUG:root:We got a drive command: rawX:-92.885000 and rawY:-83.429000
DEBUG:root:Reverse to the Left/Straight
DEBUG:root:Left=-9.456000 Right=-83.429000
DEBUG:root:ScaledLeft: 353.724000 ScaledRight: 187.284750
INFO:root:Looping....
DEBUG:root:This is the line: drive:-84.143:-92.56

DEBUG:root:We got command: drive
DEBUG:root:We got a drive command: rawX:-92.560000 and rawY:-84.143000
DEBUG:root:Reverse to the Left/Straight
DEBUG:root:Left=-8.417000 Right=-84.143000
DEBUG:root:ScaledLeft: 356.061750 ScaledRight: 185.678250
INFO:root:Looping....
DEBUG:root:This is the line: drive:-84.94:-92.56

DEBUG:root:We got command: drive
DEBUG:root:We got a drive command: rawX:-92.560000 and rawY:-84.940000
DEBUG:root:Reverse to the Left/Straight
DEBUG:root:Left=-7.620000 Right=-84.940000
DEBUG:root:ScaledLeft: 357.855000 ScaledRight: 183.885000
INFO:root:Looping....
DEBUG:root:This is the line: drive:-86.143:-92.56

DEBUG:root:We got command: drive
DEBUG:root:We got a drive command: rawX:-92.560000 and rawY:-86.143000
DEBUG:root:Reverse to the Left/Straight
DEBUG:root:Left=-6.417000 Right=-86.143000
DEBUG:root:ScaledLeft: 360.561750 ScaledRight: 181.178250
INFO:root:Looping....
DEBUG:root:This is the line: drive:-86.674:-92.56

DEBUG:root:We got command: drive
DEBUG:root:We got a drive command: rawX:-92.560000 and rawY:-86.674000
DEBUG:root:Reverse to the Left/Straight
DEBUG:root:Left=-5.886000 Right=-86.674000
DEBUG:root:ScaledLeft: 361.756500 ScaledRight: 179.983500
INFO:root:Looping....
DEBUG:root:This is the line: drive:-87.286:-92.262

DEBUG:root:We got command: drive
DEBUG:root:We got a drive command: rawX:-92.262000 and rawY:-87.286000
DEBUG:root:Reverse to the Left/Straight
DEBUG:root:Left=-4.976000 Right=-87.286000
DEBUG:root:ScaledLeft: 363.804000 ScaledRight: 178.606500
INFO:root:Looping....
DEBUG:root:This is the line: drive:-87.429:-91.815

DEBUG:root:We got command: drive
DEBUG:root:We got a drive command: rawX:-91.815000 and rawY:-87.429000
DEBUG:root:Reverse to the Left/Straight
DEBUG:root:Left=-4.386000 Right=-87.429000
DEBUG:root:ScaledLeft: 365.131500 ScaledRight: 178.284750
INFO:root:Looping....
DEBUG:root:This is the line: drive:-87.429:-90.923

DEBUG:root:We got command: drive
DEBUG:root:We got a drive command: rawX:-90.923000 and rawY:-87.429000
DEBUG:root:Reverse to the Left/Straight
DEBUG:root:Left=-3.494000 Right=-87.429000
DEBUG:root:ScaledLeft: 367.138500 ScaledRight: 178.284750
INFO:root:Looping....
DEBUG:root:This is the line: drive:-87.429:-89.372

DEBUG:root:We got command: drive
DEBUG:root:We got a drive command: rawX:-89.372000 and rawY:-87.429000
DEBUG:root:Reverse to the Left/Straight
DEBUG:root:Left=-1.943000 Right=-87.429000
DEBUG:root:ScaledLeft: 370.628250 ScaledRight: 178.284750
INFO:root:Looping....
DEBUG:root:This is the line: drive:-87.429:-87.597

DEBUG:root:We got command: drive
DEBUG:root:We got a drive command: rawX:-87.597000 and rawY:-87.429000
DEBUG:root:Reverse to the Left/Straight
DEBUG:root:Left=-0.168000 Right=-87.429000
DEBUG:root:ScaledLeft: 374.622000 ScaledRight: 178.284750
INFO:root:Looping....
DEBUG:root:This is the line: drive:-87.429:-84.907

DEBUG:root:We got command: drive
DEBUG:root:We got a drive command: rawX:-84.907000 and rawY:-87.429000
DEBUG:root:Reverse to the Left/Straight
DEBUG:root:Left=2.522000 Right=-87.429000
DEBUG:root:ScaledLeft: 380.674500 ScaledRight: 178.284750
INFO:root:Looping....
DEBUG:root:This is the line: drive:-87.429:-80.007

DEBUG:root:We got command: drive
DEBUG:root:We got a drive command: rawX:-80.007000 and rawY:-87.429000
DEBUG:root:Reverse to the Left/Straight
DEBUG:root:Left=7.422000 Right=-87.429000
DEBUG:root:ScaledLeft: 391.699500 ScaledRight: 178.284750
INFO:root:Looping....
DEBUG:root:This is the line: drive:-87.429:-75.66

DEBUG:root:We got command: drive
DEBUG:root:We got a drive command: rawX:-75.660000 and rawY:-87.429000
DEBUG:root:Reverse to the Left/Straight
DEBUG:root:Left=11.769000 Right=-87.429000
DEBUG:root:ScaledLeft: 401.480250 ScaledRight: 178.284750
INFO:root:Looping....
DEBUG:root:This is the line: drive:-87.429:-73.039

DEBUG:root:We got command: drive
DEBUG:root:We got a drive command: rawX:-73.039000 and rawY:-87.429000
DEBUG:root:Reverse to the Left/Straight
DEBUG:root:Left=14.390000 Right=-87.429000
DEBUG:root:ScaledLeft: 407.377500 ScaledRight: 178.284750
INFO:root:Looping....
DEBUG:root:This is the line: drive:-87.429:-71.084

DEBUG:root:We got command: drive
DEBUG:root:We got a drive command: rawX:-71.084000 and rawY:-87.429000
DEBUG:root:Reverse to the Left/Straight
DEBUG:root:Left=16.345000 Right=-87.429000
DEBUG:root:ScaledLeft: 411.776250 ScaledRight: 178.284750
INFO:root:Looping....
DEBUG:root:This is the line: drive:-87.429:-68.224

DEBUG:root:We got command: drive
DEBUG:root:We got a drive command: rawX:-68.224000 and rawY:-87.429000
DEBUG:root:Reverse to the Left/Straight
DEBUG:root:Left=19.205000 Right=-87.429000
DEBUG:root:ScaledLeft: 418.211250 ScaledRight: 178.284750
INFO:root:Looping....
DEBUG:root:This is the line: drive:-87.429:-65.413

DEBUG:root:We got command: drive
DEBUG:root:We got a drive command: rawX:-65.413000 and rawY:-87.429000
DEBUG:root:Reverse to the Left/Straight
DEBUG:root:Left=22.016000 Right=-87.429000
DEBUG:root:ScaledLeft: 424.536000 ScaledRight: 178.284750
INFO:root:Looping....
DEBUG:root:This is the line: drive:-87.429:-62.626

DEBUG:root:We got command: drive
DEBUG:root:We got a drive command: rawX:-62.626000 and rawY:-87.429000
DEBUG:root:Reverse to the Left/Straight
DEBUG:root:Left=24.803000 Right=-87.429000
DEBUG:root:ScaledLeft: 430.806750 ScaledRight: 178.284750
INFO:root:Looping....
DEBUG:root:This is the line: drive:-87.429:-59.378

DEBUG:root:We got command: drive
DEBUG:root:We got a drive command: rawX:-59.378000 and rawY:-87.429000
DEBUG:root:Reverse to the Left/Straight
DEBUG:root:Left=28.051000 Right=-87.429000
DEBUG:root:ScaledLeft: 438.114750 ScaledRight: 178.284750
INFO:root:Looping....
DEBUG:root:This is the line: drive:-87.429:-55.684

DEBUG:root:We got command: drive
DEBUG:root:We got a drive command: rawX:-55.684000 and rawY:-87.429000
DEBUG:root:Reverse to the Left/Straight
DEBUG:root:Left=31.745000 Right=-87.429000
DEBUG:root:ScaledLeft: 446.426250 ScaledRight: 178.284750
INFO:root:Looping....
DEBUG:root:This is the line: drive:-87.429:-51.935

DEBUG:root:We got command: drive
DEBUG:root:We got a drive command: rawX:-51.935000 and rawY:-87.429000
DEBUG:root:Reverse to the Left/Straight
DEBUG:root:Left=35.494000 Right=-87.429000
DEBUG:root:ScaledLeft: 454.861500 ScaledRight: 178.284750
INFO:root:Looping....
DEBUG:root:This is the line: drive:-85.557:-48.185

DEBUG:root:We got command: drive
DEBUG:root:We got a drive command: rawX:-48.185000 and rawY:-85.557000
DEBUG:root:Reverse to the Left/Straight
DEBUG:root:Left=37.372000 Right=-85.557000
DEBUG:root:ScaledLeft: 459.087000 ScaledRight: 182.496750
INFO:root:Looping....
DEBUG:root:This is the line: drive:-82.027:-43.779

DEBUG:root:We got command: drive
DEBUG:root:We got a drive command: rawX:-43.779000 and rawY:-82.027000
DEBUG:root:Reverse to the Left/Straight
DEBUG:root:Left=38.248000 Right=-82.027000
DEBUG:root:ScaledLeft: 461.058000 ScaledRight: 190.439250
INFO:root:Looping....
DEBUG:root:This is the line: drive:-78.342:-40.218

DEBUG:root:We got command: drive
DEBUG:root:We got a drive command: rawX:-40.218000 and rawY:-78.342000
DEBUG:root:Reverse to the Left/Straight
DEBUG:root:Left=38.124000 Right=-78.342000
DEBUG:root:ScaledLeft: 460.779000 ScaledRight: 198.730500
INFO:root:Looping....
DEBUG:root:This is the line: drive:-68.293:-31.553

DEBUG:root:We got command: drive
DEBUG:root:We got a drive command: rawX:-31.553000 and rawY:-68.293000
DEBUG:root:Reverse to the Left/Straight
DEBUG:root:Left=36.740000 Right=-68.293000
DEBUG:root:ScaledLeft: 457.665000 ScaledRight: 221.340750
INFO:root:Looping....
DEBUG:root:This is the line: drive:-62.62:-27.853

DEBUG:root:We got command: drive
DEBUG:root:We got a drive command: rawX:-27.853000 and rawY:-62.620000
DEBUG:root:Reverse to the Left/Straight
DEBUG:root:Left=34.767000 Right=-62.620000
DEBUG:root:ScaledLeft: 453.225750 ScaledRight: 234.105000
INFO:root:Looping....
DEBUG:root:This is the line: drive:-52.774:-23.299

DEBUG:root:We got command: drive
DEBUG:root:We got a drive command: rawX:-23.299000 and rawY:-52.774000
DEBUG:root:Reverse to the Left/Straight
DEBUG:root:Left=29.475000 Right=-52.774000
DEBUG:root:ScaledLeft: 441.318750 ScaledRight: 256.258500
INFO:root:Looping....
DEBUG:root:This is the line: drive:-45.143:-21.28

DEBUG:root:We got command: drive
DEBUG:root:We got a drive command: rawX:-21.280000 and rawY:-45.143000
DEBUG:root:Reverse to the Left/Straight
DEBUG:root:Left=23.863000 Right=-45.143000
DEBUG:root:ScaledLeft: 428.691750 ScaledRight: 273.428250
INFO:root:Looping....
DEBUG:root:This is the line: drive:-36.942:-19.94

DEBUG:root:We got command: drive
DEBUG:root:We got a drive command: rawX:-19.940000 and rawY:-36.942000
DEBUG:root:Reverse to the Left/Straight
DEBUG:root:Left=17.002000 Right=-36.942000
DEBUG:root:ScaledLeft: 413.254500 ScaledRight: 291.880500
INFO:root:Looping....
DEBUG:root:This is the line: drive:-29.106:-19.94

DEBUG:root:We got command: drive
DEBUG:root:We got a drive command: rawX:-19.940000 and rawY:-29.106000
DEBUG:root:Reverse to the Left/Straight
DEBUG:root:Left=9.166000 Right=-29.106000
DEBUG:root:ScaledLeft: 395.623500 ScaledRight: 309.511500
INFO:root:Looping....
DEBUG:root:This is the line: drive:-22.932:-19.94

DEBUG:root:We got command: drive
DEBUG:root:We got a drive command: rawX:-19.940000 and rawY:-22.932000
DEBUG:root:Reverse to the Left/Straight
DEBUG:root:Left=2.992000 Right=-22.932000
DEBUG:root:ScaledLeft: 381.732000 ScaledRight: 323.403000
INFO:root:Looping....
DEBUG:root:This is the line: drive:-15.069:-19.94

DEBUG:root:We got command: drive
DEBUG:root:We got a drive command: rawX:-19.940000 and rawY:-15.069000
DEBUG:root:Reverse to the Left/Straight
DEBUG:root:Left=-4.871000 Right=-15.069000
DEBUG:root:ScaledLeft: 364.040250 ScaledRight: 341.094750
INFO:root:Looping....
DEBUG:root:This is the line: drive:-7.175:-19.94

DEBUG:root:We got command: drive
DEBUG:root:We got a drive command: rawX:-19.940000 and rawY:-7.175000
DEBUG:root:Reverse to the Left/Straight
DEBUG:root:Left=-12.765000 Right=-7.175000
DEBUG:root:ScaledLeft: 346.278750 ScaledRight: 358.856250
INFO:root:Looping....
DEBUG:root:This is the line: drive:-0.693:-19.94

DEBUG:root:We got command: drive
DEBUG:root:We got a drive command: rawX:-19.940000 and rawY:-0.693000
DEBUG:root:Reverse to the Left/Straight
DEBUG:root:Left=-19.247000 Right=-0.693000
DEBUG:root:ScaledLeft: 331.694250 ScaledRight: 373.440750
INFO:root:Looping....
DEBUG:root:This is the line: drive:4.449:-19.94

DEBUG:root:We got command: drive
DEBUG:root:We got a drive command: rawX:-19.940000 and rawY:4.449000
DEBUG:root:Forward to the Left/Straight
DEBUG:root:Left=-24.389000 Right=4.449000
DEBUG:root:ScaledLeft: 320.124750 ScaledRight: 385.010250
INFO:root:Looping....
DEBUG:root:This is the line: drive:9.696:-19.94

DEBUG:root:We got command: drive
DEBUG:root:We got a drive command: rawX:-19.940000 and rawY:9.696000
DEBUG:root:Forward to the Left/Straight
DEBUG:root:Left=-29.636000 Right=9.696000
DEBUG:root:ScaledLeft: 308.319000 ScaledRight: 396.816000
INFO:root:Looping....
DEBUG:root:This is the line: drive:13.966:-19.94

DEBUG:root:We got command: drive
DEBUG:root:We got a drive command: rawX:-19.940000 and rawY:13.966000
DEBUG:root:Forward to the Left/Straight
DEBUG:root:Left=-33.906000 Right=13.966000
DEBUG:root:ScaledLeft: 298.711500 ScaledRight: 406.423500
INFO:root:Looping....
DEBUG:root:This is the line: drive:17.48:-19.94

DEBUG:root:We got command: drive
DEBUG:root:We got a drive command: rawX:-19.940000 and rawY:17.480000
DEBUG:root:Forward to the Left/Straight
DEBUG:root:Left=-37.420000 Right=17.480000
DEBUG:root:ScaledLeft: 290.805000 ScaledRight: 414.330000
INFO:root:Looping....
DEBUG:root:This is the line: drive:21.746:-19.94

DEBUG:root:We got command: drive
DEBUG:root:We got a drive command: rawX:-19.940000 and rawY:21.746000
DEBUG:root:Forward to the Left/Straight
DEBUG:root:Left=-41.686000 Right=21.746000
DEBUG:root:ScaledLeft: 281.206500 ScaledRight: 423.928500
INFO:root:Looping....
DEBUG:root:This is the line: drive:25.277:-19.94

DEBUG:root:We got command: drive
DEBUG:root:We got a drive command: rawX:-19.940000 and rawY:25.277000
DEBUG:root:Forward to the Left/Straight
DEBUG:root:Left=-45.217000 Right=25.277000
DEBUG:root:ScaledLeft: 273.261750 ScaledRight: 431.873250
INFO:root:Looping....
DEBUG:root:This is the line: drive:28.768:-19.94

DEBUG:root:We got command: drive
DEBUG:root:We got a drive command: rawX:-19.940000 and rawY:28.768000
DEBUG:root:Forward to the Left/Straight
DEBUG:root:Left=-48.708000 Right=28.768000
DEBUG:root:ScaledLeft: 265.407000 ScaledRight: 439.728000
INFO:root:Looping....
DEBUG:root:This is the line: drive:31.63:-20.536

DEBUG:root:We got command: drive
DEBUG:root:We got a drive command: rawX:-20.536000 and rawY:31.630000
DEBUG:root:Forward to the Left/Straight
DEBUG:root:Left=-52.166000 Right=31.630000
DEBUG:root:ScaledLeft: 257.626500 ScaledRight: 446.167500
INFO:root:Looping....
DEBUG:root:This is the line: drive:34.509:-21.131

DEBUG:root:We got command: drive
DEBUG:root:We got a drive command: rawX:-21.131000 and rawY:34.509000
DEBUG:root:Forward to the Left/Straight
DEBUG:root:Left=-55.640000 Right=34.509000
DEBUG:root:ScaledLeft: 249.810000 ScaledRight: 452.645250
INFO:root:Looping....
DEBUG:root:This is the line: drive:36.641:-21.131

DEBUG:root:We got command: drive
DEBUG:root:We got a drive command: rawX:-21.131000 and rawY:36.641000
DEBUG:root:Forward to the Left/Straight
DEBUG:root:Left=-57.772000 Right=36.641000
DEBUG:root:ScaledLeft: 245.013000 ScaledRight: 457.442250
INFO:root:Looping....
DEBUG:root:This is the line: drive:38.396:-21.543

DEBUG:root:We got command: drive
DEBUG:root:We got a drive command: rawX:-21.543000 and rawY:38.396000
DEBUG:root:Forward to the Left/Straight
DEBUG:root:Left=-59.939000 Right=38.396000
DEBUG:root:ScaledLeft: 240.137250 ScaledRight: 461.391000
INFO:root:Looping....
DEBUG:root:This is the line: drive:41.24:-22.125

DEBUG:root:We got command: drive
DEBUG:root:We got a drive command: rawX:-22.125000 and rawY:41.240000
DEBUG:root:Forward to the Left/Straight
DEBUG:root:Left=-63.365000 Right=41.240000
DEBUG:root:ScaledLeft: 232.428750 ScaledRight: 467.790000
INFO:root:Looping....
DEBUG:root:This is the line: drive:43.709:-23.214

DEBUG:root:We got command: drive
DEBUG:root:We got a drive command: rawX:-23.214000 and rawY:43.709000
DEBUG:root:Forward to the Left/Straight
DEBUG:root:Left=-66.923000 Right=43.709000
DEBUG:root:ScaledLeft: 224.423250 ScaledRight: 473.345250
INFO:root:Looping....
DEBUG:root:This is the line: drive:45.821:-23.512

DEBUG:root:We got command: drive
DEBUG:root:We got a drive command: rawX:-23.512000 and rawY:45.821000
DEBUG:root:Forward to the Left/Straight
DEBUG:root:Left=-69.333000 Right=45.821000
DEBUG:root:ScaledLeft: 219.000750 ScaledRight: 478.097250
INFO:root:Looping....
DEBUG:root:This is the line: drive:47.553:-23.81

DEBUG:root:We got command: drive
DEBUG:root:We got a drive command: rawX:-23.810000 and rawY:47.553000
DEBUG:root:Forward to the Left/Straight
DEBUG:root:Left=-71.363000 Right=47.553000
DEBUG:root:ScaledLeft: 214.433250 ScaledRight: 481.994250
INFO:root:Looping....
DEBUG:root:This is the line: drive:49.661:-23.81

DEBUG:root:We got command: drive
DEBUG:root:We got a drive command: rawX:-23.810000 and rawY:49.661000
DEBUG:root:Forward to the Left/Straight
DEBUG:root:Left=-73.471000 Right=49.661000
DEBUG:root:ScaledLeft: 209.690250 ScaledRight: 486.737250
INFO:root:Looping....
DEBUG:root:This is the line: drive:50.972:-23.81

DEBUG:root:We got command: drive
DEBUG:root:We got a drive command: rawX:-23.810000 and rawY:50.972000
DEBUG:root:Forward to the Left/Straight
DEBUG:root:Left=-74.782000 Right=50.972000
DEBUG:root:ScaledLeft: 206.740500 ScaledRight: 489.687000
INFO:root:Looping....
DEBUG:root:This is the line: drive:52.143:-24.107

DEBUG:root:We got command: drive
DEBUG:root:We got a drive command: rawX:-24.107000 and rawY:52.143000
DEBUG:root:Forward to the Left/Straight
DEBUG:root:Left=-76.250000 Right=52.143000
DEBUG:root:ScaledLeft: 203.437500 ScaledRight: 492.321750
INFO:root:Looping....
DEBUG:root:This is the line: drive:53.0:-24.107

DEBUG:root:We got command: drive
DEBUG:root:We got a drive command: rawX:-24.107000 and rawY:53.000000
DEBUG:root:Forward to the Left/Straight
DEBUG:root:Left=-77.107000 Right=53.000000
DEBUG:root:ScaledLeft: 201.509250 ScaledRight: 494.250000
INFO:root:Looping....
DEBUG:root:This is the line: drive:54.142:-24.107

DEBUG:root:We got command: drive
DEBUG:root:We got a drive command: rawX:-24.107000 and rawY:54.142000
DEBUG:root:Forward to the Left/Straight
DEBUG:root:Left=-78.249000 Right=54.142000
DEBUG:root:ScaledLeft: 198.939750 ScaledRight: 496.819500
INFO:root:Looping....
DEBUG:root:This is the line: drive:55.156:-24.107

DEBUG:root:We got command: drive
DEBUG:root:We got a drive command: rawX:-24.107000 and rawY:55.156000
DEBUG:root:Forward to the Left/Straight
DEBUG:root:Left=-79.263000 Right=55.156000
DEBUG:root:ScaledLeft: 196.658250 ScaledRight: 499.101000
INFO:root:Looping....
DEBUG:root:This is the line: drive:56.429:-24.107

DEBUG:root:We got command: drive
DEBUG:root:We got a drive command: rawX:-24.107000 and rawY:56.429000
DEBUG:root:Forward to the Left/Straight
DEBUG:root:Left=-80.536000 Right=56.429000
DEBUG:root:ScaledLeft: 193.794000 ScaledRight: 501.965250
INFO:root:Looping....
DEBUG:root:This is the line: drive:57.831:-24.107

DEBUG:root:We got command: drive
DEBUG:root:We got a drive command: rawX:-24.107000 and rawY:57.831000
DEBUG:root:Forward to the Left/Straight
DEBUG:root:Left=-81.938000 Right=57.831000
DEBUG:root:ScaledLeft: 190.639500 ScaledRight: 505.119750
INFO:root:Looping....
DEBUG:root:This is the line: drive:57.714:-22.812

DEBUG:root:We got command: drive
DEBUG:root:We got a drive command: rawX:-22.812000 and rawY:57.714000
DEBUG:root:Forward to the Left/Straight
DEBUG:root:Left=-80.526000 Right=57.714000
DEBUG:root:ScaledLeft: 193.816500 ScaledRight: 504.856500
INFO:root:Looping....
DEBUG:root:This is the line: drive:55.347:-20.791

DEBUG:root:We got command: drive
DEBUG:root:We got a drive command: rawX:-20.791000 and rawY:55.347000
DEBUG:root:Forward to the Left/Straight
DEBUG:root:Left=-76.138000 Right=55.347000
DEBUG:root:ScaledLeft: 203.689500 ScaledRight: 499.530750
INFO:root:Looping....
DEBUG:root:This is the line: drive:39.2:-18.251

DEBUG:root:We got command: drive
DEBUG:root:We got a drive command: rawX:-18.251000 and rawY:39.200000
DEBUG:root:Forward to the Left/Straight
DEBUG:root:Left=-57.451000 Right=39.200000
DEBUG:root:ScaledLeft: 245.735250 ScaledRight: 463.200000
INFO:root:Looping....
DEBUG:root:This is the line: drive:18.407:-15.793

DEBUG:root:We got command: drive
DEBUG:root:We got a drive command: rawX:-15.793000 and rawY:18.407000
DEBUG:root:Forward to the Left/Straight
DEBUG:root:Left=-34.200000 Right=18.407000
DEBUG:root:ScaledLeft: 298.050000 ScaledRight: 416.415750
INFO:root:Looping....
DEBUG:root:This is the line: drive:-1.079:-11.252

DEBUG:root:We got command: drive
DEBUG:root:We got a drive command: rawX:-11.252000 and rawY:-1.079000
DEBUG:root:Reverse to the Left/Straight
DEBUG:root:Left=-10.173000 Right=-1.079000
DEBUG:root:ScaledLeft: 352.110750 ScaledRight: 372.572250
INFO:root:Looping....
DEBUG:root:This is the line: drive:-14.246:-8.34

DEBUG:root:We got command: drive
DEBUG:root:We got a drive command: rawX:-8.340000 and rawY:-14.246000
DEBUG:root:Reverse to the Left/Straight
DEBUG:root:Left=5.906000 Right=-14.246000
DEBUG:root:ScaledLeft: 388.288500 ScaledRight: 342.946500
INFO:root:Looping....
DEBUG:root:This is the line: drive:-26.244:-5.74

DEBUG:root:We got command: drive
DEBUG:root:We got a drive command: rawX:-5.740000 and rawY:-26.244000
DEBUG:root:Reverse to the Left/Straight
DEBUG:root:Left=20.504000 Right=-26.244000
DEBUG:root:ScaledLeft: 421.134000 ScaledRight: 315.951000
INFO:root:Looping....
DEBUG:root:This is the line: drive:-35.486:-3.482

DEBUG:root:We got command: drive
DEBUG:root:We got a drive command: rawX:-3.482000 and rawY:-35.486000
DEBUG:root:Reverse to the Left/Straight
DEBUG:root:Left=32.004000 Right=-35.486000
DEBUG:root:ScaledLeft: 447.009000 ScaledRight: 295.156500
INFO:root:Looping....
DEBUG:root:This is the line: drive:-41.273:-1.641

DEBUG:root:We got command: drive
DEBUG:root:We got a drive command: rawX:-1.641000 and rawY:-41.273000
DEBUG:root:Reverse to the Left/Straight
DEBUG:root:Left=39.632000 Right=-41.273000
DEBUG:root:ScaledLeft: 464.172000 ScaledRight: 282.135750
INFO:root:Looping....
DEBUG:root:This is the line: drive:-47.652:1.455

DEBUG:root:We got command: drive
DEBUG:root:We got a drive command: rawX:1.455000 and rawY:-47.652000
DEBUG:root:Reverse to the Right
DEBUG:root:Left=47.652000 Right=-49.107000
DEBUG:root:ScaledLeft: 482.217000 ScaledRight: 264.509250
INFO:root:Looping....
DEBUG:root:This is the line: drive:-52.389:3.31

DEBUG:root:We got command: drive
DEBUG:root:We got a drive command: rawX:3.310000 and rawY:-52.389000
DEBUG:root:Reverse to the Right
DEBUG:root:Left=52.389000 Right=-55.699000
DEBUG:root:ScaledLeft: 492.875250 ScaledRight: 249.677250
INFO:root:Looping....
DEBUG:root:This is the line: drive:-58.218:4.167

DEBUG:root:We got command: drive
DEBUG:root:We got a drive command: rawX:4.167000 and rawY:-58.218000
DEBUG:root:Reverse to the Right
DEBUG:root:Left=58.218000 Right=-62.385000
DEBUG:root:ScaledLeft: 505.990500 ScaledRight: 234.633750
INFO:root:Looping....
DEBUG:root:This is the line: drive:-63.389:5.634

DEBUG:root:We got command: drive
DEBUG:root:We got a drive command: rawX:5.634000 and rawY:-63.389000
DEBUG:root:Reverse to the Right
DEBUG:root:Left=63.389000 Right=-69.023000
DEBUG:root:ScaledLeft: 517.625250 ScaledRight: 219.698250
INFO:root:Looping....
DEBUG:root:This is the line: drive:-67.834:6.093

DEBUG:root:We got command: drive
DEBUG:root:We got a drive command: rawX:6.093000 and rawY:-67.834000
DEBUG:root:Reverse to the Right
DEBUG:root:Left=67.834000 Right=-73.927000
DEBUG:root:ScaledLeft: 527.626500 ScaledRight: 208.664250
INFO:root:Looping....
DEBUG:root:This is the line: drive:-71.927:6.845

DEBUG:root:We got command: drive
DEBUG:root:We got a drive command: rawX:6.845000 and rawY:-71.927000
DEBUG:root:Reverse to the Right
DEBUG:root:Left=71.927000 Right=-78.772000
DEBUG:root:ScaledLeft: 536.835750 ScaledRight: 197.763000
INFO:root:Looping....
DEBUG:root:This is the line: drive:-76.031:7.457

DEBUG:root:We got command: drive
DEBUG:root:We got a drive command: rawX:7.457000 and rawY:-76.031000
DEBUG:root:Reverse to the Right
DEBUG:root:Left=76.031000 Right=-83.488000
DEBUG:root:ScaledLeft: 546.069750 ScaledRight: 187.152000
INFO:root:Looping....
DEBUG:root:This is the line: drive:-77.41:7.44

DEBUG:root:We got command: drive
DEBUG:root:We got a drive command: rawX:7.440000 and rawY:-77.410000
DEBUG:root:Reverse to the Right
DEBUG:root:Left=77.410000 Right=-84.850000
DEBUG:root:ScaledLeft: 549.172500 ScaledRight: 184.087500
INFO:root:Looping....
DEBUG:root:This is the line: drive:-82.672:7.44

DEBUG:root:We got command: drive
DEBUG:root:We got a drive command: rawX:7.440000 and rawY:-82.672000
DEBUG:root:Reverse to the Right
DEBUG:root:Left=82.672000 Right=-90.112000
DEBUG:root:ScaledLeft: 561.012000 ScaledRight: 172.248000
INFO:root:Looping....
DEBUG:root:This is the line: drive:-84.746:7.44

DEBUG:root:We got command: drive
DEBUG:root:We got a drive command: rawX:7.440000 and rawY:-84.746000
DEBUG:root:Reverse to the Right
DEBUG:root:Left=84.746000 Right=-92.186000
DEBUG:root:ScaledLeft: 565.678500 ScaledRight: 167.581500
INFO:root:Looping....
DEBUG:root:This is the line: drive:-86.525:7.44

DEBUG:root:We got command: drive
DEBUG:root:We got a drive command: rawX:7.440000 and rawY:-86.525000
DEBUG:root:Reverse to the Right
DEBUG:root:Left=86.525000 Right=-93.965000
DEBUG:root:ScaledLeft: 569.681250 ScaledRight: 163.578750
INFO:root:Looping....
DEBUG:root:This is the line: drive:-89.312:7.44

DEBUG:root:We got command: drive
DEBUG:root:We got a drive command: rawX:7.440000 and rawY:-89.312000
DEBUG:root:Reverse to the Right
DEBUG:root:Left=89.312000 Right=-96.752000
DEBUG:root:ScaledLeft: 575.952000 ScaledRight: 157.308000
INFO:root:Looping....
DEBUG:root:This is the line: drive:-91.0:7.44

DEBUG:root:We got command: drive
DEBUG:root:We got a drive command: rawX:7.440000 and rawY:-91.000000
DEBUG:root:Reverse to the Right
DEBUG:root:Left=91.000000 Right=-98.440000
DEBUG:root:ScaledLeft: 579.750000 ScaledRight: 153.510000
INFO:root:Looping....
DEBUG:root:This is the line: drive:-92.52:7.44

DEBUG:root:We got command: drive
DEBUG:root:We got a drive command: rawX:7.440000 and rawY:-92.520000
DEBUG:root:Reverse to the Right
DEBUG:root:Left=92.520000 Right=-99.960000
DEBUG:root:ScaledLeft: 583.170000 ScaledRight: 150.090000
INFO:root:Looping....
DEBUG:root:This is the line: drive:-93.454:7.44

DEBUG:root:We got command: drive
DEBUG:root:We got a drive command: rawX:7.440000 and rawY:-93.454000
DEBUG:root:Reverse to the Right
DEBUG:root:Left=93.454000 Right=-100.894000
DEBUG:root:ScaledLeft: 585.271500 ScaledRight: 147.988500
INFO:root:Looping....
DEBUG:root:This is the line: drive:-94.43:7.44

DEBUG:root:We got command: drive
DEBUG:root:We got a drive command: rawX:7.440000 and rawY:-94.430000
DEBUG:root:Reverse to the Right
DEBUG:root:Left=94.430000 Right=-101.870000
DEBUG:root:ScaledLeft: 587.467500 ScaledRight: 145.792500
INFO:root:Looping....
DEBUG:root:This is the line: drive:-95.547:7.44

DEBUG:root:We got command: drive
DEBUG:root:We got a drive command: rawX:7.440000 and rawY:-95.547000
DEBUG:root:Reverse to the Right
DEBUG:root:Left=95.547000 Right=-102.987000
DEBUG:root:ScaledLeft: 589.980750 ScaledRight: 143.279250
INFO:root:Looping....
DEBUG:root:This is the line: drive:-96.118:7.44

DEBUG:root:We got command: drive
DEBUG:root:We got a drive command: rawX:7.440000 and rawY:-96.118000
DEBUG:root:Reverse to the Right
DEBUG:root:Left=96.118000 Right=-103.558000
DEBUG:root:ScaledLeft: 591.265500 ScaledRight: 141.994500
INFO:root:Looping....
DEBUG:root:This is the line: drive:-96.976:7.44

DEBUG:root:We got command: drive
DEBUG:root:We got a drive command: rawX:7.440000 and rawY:-96.976000
DEBUG:root:Reverse to the Right
DEBUG:root:Left=96.976000 Right=-104.416000
DEBUG:root:ScaledLeft: 593.196000 ScaledRight: 140.064000
INFO:root:Looping....
DEBUG:root:This is the line: drive:-97.44:7.44

DEBUG:root:We got command: drive
DEBUG:root:We got a drive command: rawX:7.440000 and rawY:-97.440000
DEBUG:root:Reverse to the Right
DEBUG:root:Left=97.440000 Right=-104.880000
DEBUG:root:ScaledLeft: 594.240000 ScaledRight: 139.020000
INFO:root:Looping....
DEBUG:root:This is the line: drive:-97.77:7.44

DEBUG:root:We got command: drive
DEBUG:root:We got a drive command: rawX:7.440000 and rawY:-97.770000
DEBUG:root:Reverse to the Right
DEBUG:root:Left=97.770000 Right=-105.210000
DEBUG:root:ScaledLeft: 594.982500 ScaledRight: 138.277500
INFO:root:Looping....
DEBUG:root:This is the line: drive:-98.304:7.44

DEBUG:root:We got command: drive
DEBUG:root:We got a drive command: rawX:7.440000 and rawY:-98.304000
DEBUG:root:Reverse to the Right
DEBUG:root:Left=98.304000 Right=-105.744000
DEBUG:root:ScaledLeft: 596.184000 ScaledRight: 137.076000
INFO:root:Looping....
DEBUG:root:This is the line: drive:-98.948:7.44

DEBUG:root:We got command: drive
DEBUG:root:We got a drive command: rawX:7.440000 and rawY:-98.948000
DEBUG:root:Reverse to the Right
DEBUG:root:Left=98.948000 Right=-106.388000
DEBUG:root:ScaledLeft: 597.633000 ScaledRight: 135.627000
INFO:root:Looping....
DEBUG:root:This is the line: drive:-100.033:7.44

DEBUG:root:We got command: drive
DEBUG:root:We got a drive command: rawX:7.440000 and rawY:-100.033000
DEBUG:root:Reverse to the Right
DEBUG:root:Left=100.033000 Right=-107.473000
DEBUG:root:ScaledLeft: 600.074250 ScaledRight: 133.185750
INFO:root:Looping....
DEBUG:root:This is the line: drive:-100.69:7.44

DEBUG:root:We got command: drive
DEBUG:root:We got a drive command: rawX:7.440000 and rawY:-100.690000
DEBUG:root:Reverse to the Right
DEBUG:root:Left=100.690000 Right=-108.130000
DEBUG:root:ScaledLeft: 601.552500 ScaledRight: 131.707500
INFO:root:Looping....
DEBUG:root:This is the line: drive:-101.583:7.44

DEBUG:root:We got command: drive
DEBUG:root:We got a drive command: rawX:7.440000 and rawY:-101.583000
DEBUG:root:Reverse to the Right
DEBUG:root:Left=101.583000 Right=-109.023000
DEBUG:root:ScaledLeft: 603.561750 ScaledRight: 129.698250
INFO:root:Looping....
DEBUG:root:This is the line: drive:-102.714:7.44

DEBUG:root:We got command: drive
DEBUG:root:We got a drive command: rawX:7.440000 and rawY:-102.714000
DEBUG:root:Reverse to the Right
DEBUG:root:Left=102.714000 Right=-110.154000
DEBUG:root:ScaledLeft: 606.106500 ScaledRight: 127.153500
INFO:root:Looping....
DEBUG:root:This is the line: drive:-103.152:6.835

DEBUG:root:We got command: drive
DEBUG:root:We got a drive command: rawX:6.835000 and rawY:-103.152000
DEBUG:root:Reverse to the Right
DEBUG:root:Left=103.152000 Right=-109.987000
DEBUG:root:ScaledLeft: 607.092000 ScaledRight: 127.529250
INFO:root:Looping....
DEBUG:root:This is the line: drive:-103.447:6.845

DEBUG:root:We got command: drive
DEBUG:root:We got a drive command: rawX:6.845000 and rawY:-103.447000
DEBUG:root:Reverse to the Right
DEBUG:root:Left=103.447000 Right=-110.292000
DEBUG:root:ScaledLeft: 607.755750 ScaledRight: 126.843000
INFO:root:Looping....
DEBUG:root:This is the line: drive:-103.714:5.926

DEBUG:root:We got command: drive
DEBUG:root:We got a drive command: rawX:5.926000 and rawY:-103.714000
DEBUG:root:Reverse to the Right
DEBUG:root:Left=103.714000 Right=-109.640000
DEBUG:root:ScaledLeft: 608.356500 ScaledRight: 128.310000
INFO:root:Looping....
DEBUG:root:This is the line: drive:-104.089:5.952

DEBUG:root:We got command: drive
DEBUG:root:We got a drive command: rawX:5.952000 and rawY:-104.089000
DEBUG:root:Reverse to the Right
DEBUG:root:Left=104.089000 Right=-110.041000
DEBUG:root:ScaledLeft: 609.200250 ScaledRight: 127.407750
INFO:root:Looping....
DEBUG:root:This is the line: drive:-104.089:5.952

DEBUG:root:We got command: drive
DEBUG:root:We got a drive command: rawX:5.952000 and rawY:-104.089000
DEBUG:root:Reverse to the Right
DEBUG:root:Left=104.089000 Right=-110.041000
DEBUG:root:ScaledLeft: 609.200250 ScaledRight: 127.407750
INFO:root:Looping....
DEBUG:root:This is the line: drive:-104.089:5.952

DEBUG:root:We got command: drive
DEBUG:root:We got a drive command: rawX:5.952000 and rawY:-104.089000
DEBUG:root:Reverse to the Right
DEBUG:root:Left=104.089000 Right=-110.041000
DEBUG:root:ScaledLeft: 609.200250 ScaledRight: 127.407750
INFO:root:Looping....
DEBUG:root:This is the line: drive:-104.089:5.952

DEBUG:root:We got command: drive
DEBUG:root:We got a drive command: rawX:5.952000 and rawY:-104.089000
DEBUG:root:Reverse to the Right
DEBUG:root:Left=104.089000 Right=-110.041000
DEBUG:root:ScaledLeft: 609.200250 ScaledRight: 127.407750
INFO:root:Looping....
DEBUG:root:This is the line: drive:-104.0:5.302

DEBUG:root:We got command: drive
DEBUG:root:We got a drive command: rawX:5.302000 and rawY:-104.000000
DEBUG:root:Reverse to the Right
DEBUG:root:Left=104.000000 Right=-109.302000
DEBUG:root:ScaledLeft: 609.000000 ScaledRight: 129.070500
INFO:root:Looping....
DEBUG:root:This is the line: drive:-104.0:4.427

DEBUG:root:We got command: drive
DEBUG:root:We got a drive command: rawX:4.427000 and rawY:-104.000000
DEBUG:root:Reverse to the Right
DEBUG:root:Left=104.000000 Right=-108.427000
DEBUG:root:ScaledLeft: 609.000000 ScaledRight: 131.039250
INFO:root:Looping....
DEBUG:root:This is the line: drive:-100.9:2.998

DEBUG:root:We got command: drive
DEBUG:root:We got a drive command: rawX:2.998000 and rawY:-100.900000
DEBUG:root:Reverse to the Right
DEBUG:root:Left=100.900000 Right=-103.898000
DEBUG:root:ScaledLeft: 602.025000 ScaledRight: 141.229500
INFO:root:Looping....
DEBUG:root:This is the line: drive:-94.363:1.434

DEBUG:root:We got command: drive
DEBUG:root:We got a drive command: rawX:1.434000 and rawY:-94.363000
DEBUG:root:Reverse to the Right
DEBUG:root:Left=94.363000 Right=-95.797000
DEBUG:root:ScaledLeft: 587.316750 ScaledRight: 159.456750
INFO:root:Looping....
DEBUG:root:This is the line: drive:-86.827:-0.376

DEBUG:root:We got command: drive
DEBUG:root:We got a drive command: rawX:-0.376000 and rawY:-86.827000
DEBUG:root:Reverse to the Left/Straight
DEBUG:root:Left=86.451000 Right=-86.827000
DEBUG:root:ScaledLeft: 569.514750 ScaledRight: 179.639250
INFO:root:Looping....
DEBUG:root:This is the line: drive:-75.254:-1.346

DEBUG:root:We got command: drive
DEBUG:root:We got a drive command: rawX:-1.346000 and rawY:-75.254000
DEBUG:root:Reverse to the Left/Straight
DEBUG:root:Left=73.908000 Right=-75.254000
DEBUG:root:ScaledLeft: 541.293000 ScaledRight: 205.678500
INFO:root:Looping....
DEBUG:root:This is the line: drive:-66.571:-2.232

DEBUG:root:We got command: drive
DEBUG:root:We got a drive command: rawX:-2.232000 and rawY:-66.571000
DEBUG:root:Reverse to the Left/Straight
DEBUG:root:Left=64.339000 Right=-66.571000
DEBUG:root:ScaledLeft: 519.762750 ScaledRight: 225.215250
INFO:root:Looping....
DEBUG:root:This is the line: drive:-55.757:-2.381

DEBUG:root:We got command: drive
DEBUG:root:We got a drive command: rawX:-2.381000 and rawY:-55.757000
DEBUG:root:Reverse to the Left/Straight
DEBUG:root:Left=53.376000 Right=-55.757000
DEBUG:root:ScaledLeft: 495.096000 ScaledRight: 249.546750
INFO:root:Looping....
DEBUG:root:This is the line: drive:-47.857:-2.381

DEBUG:root:We got command: drive
DEBUG:root:We got a drive command: rawX:-2.381000 and rawY:-47.857000
DEBUG:root:Reverse to the Left/Straight
DEBUG:root:Left=45.476000 Right=-47.857000
DEBUG:root:ScaledLeft: 477.321000 ScaledRight: 267.321750
INFO:root:Looping....
DEBUG:root:This is the line: drive:-42.221:-2.381

DEBUG:root:We got command: drive
DEBUG:root:We got a drive command: rawX:-2.381000 and rawY:-42.221000
DEBUG:root:Reverse to the Left/Straight
DEBUG:root:Left=39.840000 Right=-42.221000
DEBUG:root:ScaledLeft: 464.640000 ScaledRight: 280.002750
INFO:root:Looping....
DEBUG:root:This is the line: drive:-33.719:-2.381

DEBUG:root:We got command: drive
DEBUG:root:We got a drive command: rawX:-2.381000 and rawY:-33.719000
DEBUG:root:Reverse to the Left/Straight
DEBUG:root:Left=31.338000 Right=-33.719000
DEBUG:root:ScaledLeft: 445.510500 ScaledRight: 299.132250
INFO:root:Looping....
DEBUG:root:This is the line: drive:-29.871:-2.381

DEBUG:root:We got command: drive
DEBUG:root:We got a drive command: rawX:-2.381000 and rawY:-29.871000
DEBUG:root:Reverse to the Left/Straight
DEBUG:root:Left=27.490000 Right=-29.871000
DEBUG:root:ScaledLeft: 436.852500 ScaledRight: 307.790250
INFO:root:Looping....
DEBUG:root:This is the line: drive:-25.317:-2.381

DEBUG:root:We got command: drive
DEBUG:root:We got a drive command: rawX:-2.381000 and rawY:-25.317000
DEBUG:root:Reverse to the Left/Straight
DEBUG:root:Left=22.936000 Right=-25.317000
DEBUG:root:ScaledLeft: 426.606000 ScaledRight: 318.036750
INFO:root:Looping....
DEBUG:root:This is the line: drive:-21.79:-2.381

DEBUG:root:We got command: drive
DEBUG:root:We got a drive command: rawX:-2.381000 and rawY:-21.790000
DEBUG:root:Reverse to the Left/Straight
DEBUG:root:Left=19.409000 Right=-21.790000
DEBUG:root:ScaledLeft: 418.670250 ScaledRight: 325.972500
INFO:root:Looping....
DEBUG:root:This is the line: drive:-17.513:-2.381

DEBUG:root:We got command: drive
DEBUG:root:We got a drive command: rawX:-2.381000 and rawY:-17.513000
DEBUG:root:Reverse to the Left/Straight
DEBUG:root:Left=15.132000 Right=-17.513000
DEBUG:root:ScaledLeft: 409.047000 ScaledRight: 335.595750
INFO:root:Looping....
DEBUG:root:This is the line: drive:-12.857:-2.381

DEBUG:root:We got command: drive
DEBUG:root:We got a drive command: rawX:-2.381000 and rawY:-12.857000
DEBUG:root:Reverse to the Left/Straight
DEBUG:root:Left=10.476000 Right=-12.857000
DEBUG:root:ScaledLeft: 398.571000 ScaledRight: 346.071750
INFO:root:Looping....
DEBUG:root:This is the line: drive:-8.165:-2.381

DEBUG:root:We got command: drive
DEBUG:root:We got a drive command: rawX:-2.381000 and rawY:-8.165000
DEBUG:root:Reverse to the Left/Straight
DEBUG:root:Left=5.784000 Right=-8.165000
DEBUG:root:ScaledLeft: 388.014000 ScaledRight: 356.628750
INFO:root:Looping....
DEBUG:root:This is the line: drive:-1.872:-2.381

DEBUG:root:We got command: drive
DEBUG:root:We got a drive command: rawX:-2.381000 and rawY:-1.872000
DEBUG:root:Reverse to the Left/Straight
DEBUG:root:Left=-0.509000 Right=-1.872000
DEBUG:root:ScaledLeft: 373.854750 ScaledRight: 370.788000
INFO:root:Looping....
DEBUG:root:This is the line: drive:2.513:-2.381

DEBUG:root:We got command: drive
DEBUG:root:We got a drive command: rawX:-2.381000 and rawY:2.513000
DEBUG:root:Forward to the Left/Straight
DEBUG:root:Left=-4.894000 Right=2.513000
DEBUG:root:ScaledLeft: 363.988500 ScaledRight: 380.654250
INFO:root:Looping....
DEBUG:root:This is the line: drive:6.909:-2.381

DEBUG:root:We got command: drive
DEBUG:root:We got a drive command: rawX:-2.381000 and rawY:6.909000
DEBUG:root:Forward to the Left/Straight
DEBUG:root:Left=-9.290000 Right=6.909000
DEBUG:root:ScaledLeft: 354.097500 ScaledRight: 390.545250
INFO:root:Looping....
DEBUG:root:This is the line: drive:10.419:-2.381

DEBUG:root:We got command: drive
DEBUG:root:We got a drive command: rawX:-2.381000 and rawY:10.419000
DEBUG:root:Forward to the Left/Straight
DEBUG:root:Left=-12.800000 Right=10.419000
DEBUG:root:ScaledLeft: 346.200000 ScaledRight: 398.442750
INFO:root:Looping....
DEBUG:root:This is the line: drive:14.465:-2.381

DEBUG:root:We got command: drive
DEBUG:root:We got a drive command: rawX:-2.381000 and rawY:14.465000
DEBUG:root:Forward to the Left/Straight
DEBUG:root:Left=-16.846000 Right=14.465000
DEBUG:root:ScaledLeft: 337.096500 ScaledRight: 407.546250
INFO:root:Looping....
DEBUG:root:This is the line: drive:17.0:-2.381

DEBUG:root:We got command: drive
DEBUG:root:We got a drive command: rawX:-2.381000 and rawY:17.000000
DEBUG:root:Forward to the Left/Straight
DEBUG:root:Left=-19.381000 Right=17.000000
DEBUG:root:ScaledLeft: 331.392750 ScaledRight: 413.250000
INFO:root:Looping....
DEBUG:root:This is the line: drive:19.231:-2.381

DEBUG:root:We got command: drive
DEBUG:root:We got a drive command: rawX:-2.381000 and rawY:19.231000
DEBUG:root:Forward to the Left/Straight
DEBUG:root:Left=-21.612000 Right=19.231000
DEBUG:root:ScaledLeft: 326.373000 ScaledRight: 418.269750
INFO:root:Looping....
DEBUG:root:This is the line: drive:21.355:-2.381

DEBUG:root:We got command: drive
DEBUG:root:We got a drive command: rawX:-2.381000 and rawY:21.355000
DEBUG:root:Forward to the Left/Straight
DEBUG:root:Left=-23.736000 Right=21.355000
DEBUG:root:ScaledLeft: 321.594000 ScaledRight: 423.048750
INFO:root:Looping....
DEBUG:root:This is the line: drive:23.118:-2.381

DEBUG:root:We got command: drive
DEBUG:root:We got a drive command: rawX:-2.381000 and rawY:23.118000
DEBUG:root:Forward to the Left/Straight
DEBUG:root:Left=-25.499000 Right=23.118000
DEBUG:root:ScaledLeft: 317.627250 ScaledRight: 427.015500
INFO:root:Looping....
DEBUG:root:This is the line: drive:25.249:-2.381

DEBUG:root:We got command: drive
DEBUG:root:We got a drive command: rawX:-2.381000 and rawY:25.249000
DEBUG:root:Forward to the Left/Straight
DEBUG:root:Left=-27.630000 Right=25.249000
DEBUG:root:ScaledLeft: 312.832500 ScaledRight: 431.810250
INFO:root:Looping....
DEBUG:root:This is the line: drive:27.646:-2.381

DEBUG:root:We got command: drive
DEBUG:root:We got a drive command: rawX:-2.381000 and rawY:27.646000
DEBUG:root:Forward to the Left/Straight
DEBUG:root:Left=-30.027000 Right=27.646000
DEBUG:root:ScaledLeft: 307.439250 ScaledRight: 437.203500
INFO:root:Looping....
DEBUG:root:This is the line: drive:29.739:-2.381

DEBUG:root:We got command: drive
DEBUG:root:We got a drive command: rawX:-2.381000 and rawY:29.739000
DEBUG:root:Forward to the Left/Straight
DEBUG:root:Left=-32.120000 Right=29.739000
DEBUG:root:ScaledLeft: 302.730000 ScaledRight: 441.912750
INFO:root:Looping....
DEBUG:root:This is the line: drive:31.843:-2.381

DEBUG:root:We got command: drive
DEBUG:root:We got a drive command: rawX:-2.381000 and rawY:31.843000
DEBUG:root:Forward to the Left/Straight
DEBUG:root:Left=-34.224000 Right=31.843000
DEBUG:root:ScaledLeft: 297.996000 ScaledRight: 446.646750
INFO:root:Looping....
DEBUG:root:This is the line: drive:33.235:-2.381

DEBUG:root:We got command: drive
DEBUG:root:We got a drive command: rawX:-2.381000 and rawY:33.235000
DEBUG:root:Forward to the Left/Straight
DEBUG:root:Left=-35.616000 Right=33.235000
DEBUG:root:ScaledLeft: 294.864000 ScaledRight: 449.778750
INFO:root:Looping....
DEBUG:root:This is the line: drive:34.08:-2.381

DEBUG:root:We got command: drive
DEBUG:root:We got a drive command: rawX:-2.381000 and rawY:34.080000
DEBUG:root:Forward to the Left/Straight
DEBUG:root:Left=-36.461000 Right=34.080000
DEBUG:root:ScaledLeft: 292.962750 ScaledRight: 451.680000
INFO:root:Looping....
DEBUG:root:This is the line: drive:35.152:-2.381

DEBUG:root:We got command: drive
DEBUG:root:We got a drive command: rawX:-2.381000 and rawY:35.152000
DEBUG:root:Forward to the Left/Straight
DEBUG:root:Left=-37.533000 Right=35.152000
DEBUG:root:ScaledLeft: 290.550750 ScaledRight: 454.092000
INFO:root:Looping....
DEBUG:root:This is the line: drive:35.857:-2.381

DEBUG:root:We got command: drive
DEBUG:root:We got a drive command: rawX:-2.381000 and rawY:35.857000
DEBUG:root:Forward to the Left/Straight
DEBUG:root:Left=-38.238000 Right=35.857000
DEBUG:root:ScaledLeft: 288.964500 ScaledRight: 455.678250
INFO:root:Looping....
DEBUG:root:This is the line: drive:36.57:-2.381

DEBUG:root:We got command: drive
DEBUG:root:We got a drive command: rawX:-2.381000 and rawY:36.570000
DEBUG:root:Forward to the Left/Straight
DEBUG:root:Left=-38.951000 Right=36.570000
DEBUG:root:ScaledLeft: 287.360250 ScaledRight: 457.282500
INFO:root:Looping....
DEBUG:root:This is the line: drive:37.857:-2.381

DEBUG:root:We got command: drive
DEBUG:root:We got a drive command: rawX:-2.381000 and rawY:37.857000
DEBUG:root:Forward to the Left/Straight
DEBUG:root:Left=-40.238000 Right=37.857000
DEBUG:root:ScaledLeft: 284.464500 ScaledRight: 460.178250
INFO:root:Looping....
DEBUG:root:This is the line: drive:38.429:-2.381

DEBUG:root:We got command: drive
DEBUG:root:We got a drive command: rawX:-2.381000 and rawY:38.429000
DEBUG:root:Forward to the Left/Straight
DEBUG:root:Left=-40.810000 Right=38.429000
DEBUG:root:ScaledLeft: 283.177500 ScaledRight: 461.465250
INFO:root:Looping....
DEBUG:root:This is the line: drive:39.007:-2.381

DEBUG:root:We got command: drive
DEBUG:root:We got a drive command: rawX:-2.381000 and rawY:39.007000
DEBUG:root:Forward to the Left/Straight
DEBUG:root:Left=-41.388000 Right=39.007000
DEBUG:root:ScaledLeft: 281.877000 ScaledRight: 462.765750
INFO:root:Looping....
DEBUG:root:This is the line: drive:39.473:-2.381

DEBUG:root:We got command: drive
DEBUG:root:We got a drive command: rawX:-2.381000 and rawY:39.473000
DEBUG:root:Forward to the Left/Straight
DEBUG:root:Left=-41.854000 Right=39.473000
DEBUG:root:ScaledLeft: 280.828500 ScaledRight: 463.814250
INFO:root:Looping....
DEBUG:root:This is the line: drive:39.473:-2.381

DEBUG:root:We got command: drive
DEBUG:root:We got a drive command: rawX:-2.381000 and rawY:39.473000
DEBUG:root:Forward to the Left/Straight
DEBUG:root:Left=-41.854000 Right=39.473000
DEBUG:root:ScaledLeft: 280.828500 ScaledRight: 463.814250
INFO:root:Looping....
DEBUG:root:This is the line: drive:40.615:-2.381

DEBUG:root:We got command: drive
DEBUG:root:We got a drive command: rawX:-2.381000 and rawY:40.615000
DEBUG:root:Forward to the Left/Straight
DEBUG:root:Left=-42.996000 Right=40.615000
DEBUG:root:ScaledLeft: 278.259000 ScaledRight: 466.383750
INFO:root:Looping....
DEBUG:root:This is the line: drive:41.979:-2.381

DEBUG:root:We got command: drive
DEBUG:root:We got a drive command: rawX:-2.381000 and rawY:41.979000
DEBUG:root:Forward to the Left/Straight
DEBUG:root:Left=-44.360000 Right=41.979000
DEBUG:root:ScaledLeft: 275.190000 ScaledRight: 469.452750
INFO:root:Looping....
DEBUG:root:This is the line: drive:43.283:-2.381

DEBUG:root:We got command: drive
DEBUG:root:We got a drive command: rawX:-2.381000 and rawY:43.283000
DEBUG:root:Forward to the Left/Straight
DEBUG:root:Left=-45.664000 Right=43.283000
DEBUG:root:ScaledLeft: 272.256000 ScaledRight: 472.386750
INFO:root:Looping....
DEBUG:root:This is the line: drive:45.097:-2.131

DEBUG:root:We got command: drive
DEBUG:root:We got a drive command: rawX:-2.131000 and rawY:45.097000
DEBUG:root:Forward to the Left/Straight
DEBUG:root:Left=-47.228000 Right=45.097000
DEBUG:root:ScaledLeft: 268.737000 ScaledRight: 476.468250
INFO:root:Looping....
DEBUG:root:This is the line: drive:48.858:-0.297

DEBUG:root:We got command: drive
DEBUG:root:We got a drive command: rawX:-0.297000 and rawY:48.858000
DEBUG:root:Forward to the Left/Straight
DEBUG:root:Left=-49.155000 Right=48.858000
DEBUG:root:ScaledLeft: 264.401250 ScaledRight: 484.930500
INFO:root:Looping....
DEBUG:root:This is the line: drive:57.0:1.786

DEBUG:root:We got command: drive
DEBUG:root:We got a drive command: rawX:1.786000 and rawY:57.000000
DEBUG:root:Forward to the Right
DEBUG:root:Left=-57.000000 Right=55.214000
DEBUG:root:ScaledLeft: 246.750000 ScaledRight: 499.231500
INFO:root:Looping....
DEBUG:root:This is the line: drive:61.021:1.786

DEBUG:root:We got command: drive
DEBUG:root:We got a drive command: rawX:1.786000 and rawY:61.021000
DEBUG:root:Forward to the Right
DEBUG:root:Left=-61.021000 Right=59.235000
DEBUG:root:ScaledLeft: 237.702750 ScaledRight: 508.278750
INFO:root:Looping....
DEBUG:root:This is the line: drive:64.554:1.786

DEBUG:root:We got command: drive
DEBUG:root:We got a drive command: rawX:1.786000 and rawY:64.554000
DEBUG:root:Forward to the Right
DEBUG:root:Left=-64.554000 Right=62.768000
DEBUG:root:ScaledLeft: 229.753500 ScaledRight: 516.228000
INFO:root:Looping....
DEBUG:root:This is the line: drive:66.543:1.786

DEBUG:root:We got command: drive
DEBUG:root:We got a drive command: rawX:1.786000 and rawY:66.543000
DEBUG:root:Forward to the Right
DEBUG:root:Left=-66.543000 Right=64.757000
DEBUG:root:ScaledLeft: 225.278250 ScaledRight: 520.703250
INFO:root:Looping....
DEBUG:root:This is the line: drive:68.646:1.786

DEBUG:root:We got command: drive
DEBUG:root:We got a drive command: rawX:1.786000 and rawY:68.646000
DEBUG:root:Forward to the Right
DEBUG:root:Left=-68.646000 Right=66.860000
DEBUG:root:ScaledLeft: 220.546500 ScaledRight: 525.435000
INFO:root:Looping....
DEBUG:root:This is the line: drive:71.286:1.786

DEBUG:root:We got command: drive
DEBUG:root:We got a drive command: rawX:1.786000 and rawY:71.286000
DEBUG:root:Forward to the Right
DEBUG:root:Left=-71.286000 Right=69.500000
DEBUG:root:ScaledLeft: 214.606500 ScaledRight: 531.375000
INFO:root:Looping....
DEBUG:root:This is the line: drive:73.668:1.786

DEBUG:root:We got command: drive
DEBUG:root:We got a drive command: rawX:1.786000 and rawY:73.668000
DEBUG:root:Forward to the Right
DEBUG:root:Left=-73.668000 Right=71.882000
DEBUG:root:ScaledLeft: 209.247000 ScaledRight: 536.734500
INFO:root:Looping....
DEBUG:root:This is the line: drive:75.794:1.786

DEBUG:root:We got command: drive
DEBUG:root:We got a drive command: rawX:1.786000 and rawY:75.794000
DEBUG:root:Forward to the Right
DEBUG:root:Left=-75.794000 Right=74.008000
DEBUG:root:ScaledLeft: 204.463500 ScaledRight: 541.518000
INFO:root:Looping....
DEBUG:root:This is the line: drive:77.802:1.786

DEBUG:root:We got command: drive
DEBUG:root:We got a drive command: rawX:1.786000 and rawY:77.802000
DEBUG:root:Forward to the Right
DEBUG:root:Left=-77.802000 Right=76.016000
DEBUG:root:ScaledLeft: 199.945500 ScaledRight: 546.036000
INFO:root:Looping....
DEBUG:root:This is the line: drive:80.528:1.786

DEBUG:root:We got command: drive
DEBUG:root:We got a drive command: rawX:1.786000 and rawY:80.528000
DEBUG:root:Forward to the Right
DEBUG:root:Left=-80.528000 Right=78.742000
DEBUG:root:ScaledLeft: 193.812000 ScaledRight: 552.169500
INFO:root:Looping....
DEBUG:root:This is the line: drive:82.219:1.786

DEBUG:root:We got command: drive
DEBUG:root:We got a drive command: rawX:1.786000 and rawY:82.219000
DEBUG:root:Forward to the Right
DEBUG:root:Left=-82.219000 Right=80.433000
DEBUG:root:ScaledLeft: 190.007250 ScaledRight: 555.974250
INFO:root:Looping....
DEBUG:root:This is the line: drive:84.256:1.786

DEBUG:root:We got command: drive
DEBUG:root:We got a drive command: rawX:1.786000 and rawY:84.256000
DEBUG:root:Forward to the Right
DEBUG:root:Left=-84.256000 Right=82.470000
DEBUG:root:ScaledLeft: 185.424000 ScaledRight: 560.557500
INFO:root:Looping....
DEBUG:root:This is the line: drive:86.295:1.786

DEBUG:root:We got command: drive
DEBUG:root:We got a drive command: rawX:1.786000 and rawY:86.295000
DEBUG:root:Forward to the Right
DEBUG:root:Left=-86.295000 Right=84.509000
DEBUG:root:ScaledLeft: 180.836250 ScaledRight: 565.145250
INFO:root:Looping....
DEBUG:root:This is the line: drive:87.712:1.786

DEBUG:root:We got command: drive
DEBUG:root:We got a drive command: rawX:1.786000 and rawY:87.712000
DEBUG:root:Forward to the Right
DEBUG:root:Left=-87.712000 Right=85.926000
DEBUG:root:ScaledLeft: 177.648000 ScaledRight: 568.333500
INFO:root:Looping....
DEBUG:root:This is the line: drive:88.094:1.786

DEBUG:root:We got command: drive
DEBUG:root:We got a drive command: rawX:1.786000 and rawY:88.094000
DEBUG:root:Forward to the Right
DEBUG:root:Left=-88.094000 Right=86.308000
DEBUG:root:ScaledLeft: 176.788500 ScaledRight: 569.193000
INFO:root:Looping....
DEBUG:root:This is the line: drive:88.683:1.786

DEBUG:root:We got command: drive
DEBUG:root:We got a drive command: rawX:1.786000 and rawY:88.683000
DEBUG:root:Forward to the Right
DEBUG:root:Left=-88.683000 Right=86.897000
DEBUG:root:ScaledLeft: 175.463250 ScaledRight: 570.518250
INFO:root:Looping....
DEBUG:root:This is the line: drive:89.756:1.786

DEBUG:root:We got command: drive
DEBUG:root:We got a drive command: rawX:1.786000 and rawY:89.756000
DEBUG:root:Forward to the Right
DEBUG:root:Left=-89.756000 Right=87.970000
DEBUG:root:ScaledLeft: 173.049000 ScaledRight: 572.932500
INFO:root:Looping....
DEBUG:root:This is the line: drive:90.074:1.786

DEBUG:root:We got command: drive
DEBUG:root:We got a drive command: rawX:1.786000 and rawY:90.074000
DEBUG:root:Forward to the Right
DEBUG:root:Left=-90.074000 Right=88.288000
DEBUG:root:ScaledLeft: 172.333500 ScaledRight: 573.648000
INFO:root:Looping....
DEBUG:root:This is the line: drive:92.116:1.786

DEBUG:root:We got command: drive
DEBUG:root:We got a drive command: rawX:1.786000 and rawY:92.116000
DEBUG:root:Forward to the Right
DEBUG:root:Left=-92.116000 Right=90.330000
DEBUG:root:ScaledLeft: 167.739000 ScaledRight: 578.242500
INFO:root:Looping....
DEBUG:root:This is the line: drive:92.714:1.786

DEBUG:root:We got command: drive
DEBUG:root:We got a drive command: rawX:1.786000 and rawY:92.714000
DEBUG:root:Forward to the Right
DEBUG:root:Left=-92.714000 Right=90.928000
DEBUG:root:ScaledLeft: 166.393500 ScaledRight: 579.588000
INFO:root:Looping....
DEBUG:root:This is the line: drive:92.872:1.786

DEBUG:root:We got command: drive
DEBUG:root:We got a drive command: rawX:1.786000 and rawY:92.872000
DEBUG:root:Forward to the Right
DEBUG:root:Left=-92.872000 Right=91.086000
DEBUG:root:ScaledLeft: 166.038000 ScaledRight: 579.943500
INFO:root:Looping....
DEBUG:root:This is the line: drive:93.473:1.786

DEBUG:root:We got command: drive
DEBUG:root:We got a drive command: rawX:1.786000 and rawY:93.473000
DEBUG:root:Forward to the Right
DEBUG:root:Left=-93.473000 Right=91.687000
DEBUG:root:ScaledLeft: 164.685750 ScaledRight: 581.295750
INFO:root:Looping....
DEBUG:root:This is the line: drive:94.365:1.786

DEBUG:root:We got command: drive
DEBUG:root:We got a drive command: rawX:1.786000 and rawY:94.365000
DEBUG:root:Forward to the Right
DEBUG:root:Left=-94.365000 Right=92.579000
DEBUG:root:ScaledLeft: 162.678750 ScaledRight: 583.302750
INFO:root:Looping....
DEBUG:root:This is the line: drive:95.53:1.786

DEBUG:root:We got command: drive
DEBUG:root:We got a drive command: rawX:1.786000 and rawY:95.530000
DEBUG:root:Forward to the Right
DEBUG:root:Left=-95.530000 Right=93.744000
DEBUG:root:ScaledLeft: 160.057500 ScaledRight: 585.924000
INFO:root:Looping....
DEBUG:root:This is the line: drive:96.045:1.786

DEBUG:root:We got command: drive
DEBUG:root:We got a drive command: rawX:1.786000 and rawY:96.045000
DEBUG:root:Forward to the Right
DEBUG:root:Left=-96.045000 Right=94.259000
DEBUG:root:ScaledLeft: 158.898750 ScaledRight: 587.082750
INFO:root:Looping....
DEBUG:root:This is the line: drive:96.608:1.786

DEBUG:root:We got command: drive
DEBUG:root:We got a drive command: rawX:1.786000 and rawY:96.608000
DEBUG:root:Forward to the Right
DEBUG:root:Left=-96.608000 Right=94.822000
DEBUG:root:ScaledLeft: 157.632000 ScaledRight: 588.349500
INFO:root:Looping....
DEBUG:root:This is the line: drive:97.228:1.786

DEBUG:root:We got command: drive
DEBUG:root:We got a drive command: rawX:1.786000 and rawY:97.228000
DEBUG:root:Forward to the Right
DEBUG:root:Left=-97.228000 Right=95.442000
DEBUG:root:ScaledLeft: 156.237000 ScaledRight: 589.744500
INFO:root:Looping....
DEBUG:root:This is the line: drive:97.497:1.786

DEBUG:root:We got command: drive
DEBUG:root:We got a drive command: rawX:1.786000 and rawY:97.497000
DEBUG:root:Forward to the Right
DEBUG:root:Left=-97.497000 Right=95.711000
DEBUG:root:ScaledLeft: 155.631750 ScaledRight: 590.349750
INFO:root:Looping....
DEBUG:root:This is the line: drive:98.224:1.786

DEBUG:root:We got command: drive
DEBUG:root:We got a drive command: rawX:1.786000 and rawY:98.224000
DEBUG:root:Forward to the Right
DEBUG:root:Left=-98.224000 Right=96.438000
DEBUG:root:ScaledLeft: 153.996000 ScaledRight: 591.985500
INFO:root:Looping....
DEBUG:root:This is the line: drive:98.614:1.786

DEBUG:root:We got command: drive
DEBUG:root:We got a drive command: rawX:1.786000 and rawY:98.614000
DEBUG:root:Forward to the Right
DEBUG:root:Left=-98.614000 Right=96.828000
DEBUG:root:ScaledLeft: 153.118500 ScaledRight: 592.863000
INFO:root:Looping....
DEBUG:root:This is the line: drive:98.89:1.786

DEBUG:root:We got command: drive
DEBUG:root:We got a drive command: rawX:1.786000 and rawY:98.890000
DEBUG:root:Forward to the Right
DEBUG:root:Left=-98.890000 Right=97.104000
DEBUG:root:ScaledLeft: 152.497500 ScaledRight: 593.484000
INFO:root:Looping....
DEBUG:root:This is the line: drive:99.571:1.786

DEBUG:root:We got command: drive
DEBUG:root:We got a drive command: rawX:1.786000 and rawY:99.571000
DEBUG:root:Forward to the Right
DEBUG:root:Left=-99.571000 Right=97.785000
DEBUG:root:ScaledLeft: 150.965250 ScaledRight: 595.016250
INFO:root:Looping....
DEBUG:root:This is the line: drive:99.717:1.786

DEBUG:root:We got command: drive
DEBUG:root:We got a drive command: rawX:1.786000 and rawY:99.717000
DEBUG:root:Forward to the Right
DEBUG:root:Left=-99.717000 Right=97.931000
DEBUG:root:ScaledLeft: 150.636750 ScaledRight: 595.344750
INFO:root:Looping....
DEBUG:root:This is the line: drive:99.717:1.786

DEBUG:root:We got command: drive
DEBUG:root:We got a drive command: rawX:1.786000 and rawY:99.717000
DEBUG:root:Forward to the Right
DEBUG:root:Left=-99.717000 Right=97.931000
DEBUG:root:ScaledLeft: 150.636750 ScaledRight: 595.344750
INFO:root:Looping....
DEBUG:root:This is the line: drive:99.717:1.786

DEBUG:root:We got command: drive
DEBUG:root:We got a drive command: rawX:1.786000 and rawY:99.717000
DEBUG:root:Forward to the Right
DEBUG:root:Left=-99.717000 Right=97.931000
DEBUG:root:ScaledLeft: 150.636750 ScaledRight: 595.344750
INFO:root:Looping....
DEBUG:root:This is the line: drive:98.139:1.786

DEBUG:root:We got command: drive
DEBUG:root:We got a drive command: rawX:1.786000 and rawY:98.139000
DEBUG:root:Forward to the Right
DEBUG:root:Left=-98.139000 Right=96.353000
DEBUG:root:ScaledLeft: 154.187250 ScaledRight: 591.794250
INFO:root:Looping....
DEBUG:root:This is the line: drive:94.062:1.786

DEBUG:root:We got command: drive
DEBUG:root:We got a drive command: rawX:1.786000 and rawY:94.062000
DEBUG:root:Forward to the Right
DEBUG:root:Left=-94.062000 Right=92.276000
DEBUG:root:ScaledLeft: 163.360500 ScaledRight: 582.621000
INFO:root:Looping....
DEBUG:root:This is the line: drive:87.103:1.786

DEBUG:root:We got command: drive
DEBUG:root:We got a drive command: rawX:1.786000 and rawY:87.103000
DEBUG:root:Forward to the Right
DEBUG:root:Left=-87.103000 Right=85.317000
DEBUG:root:ScaledLeft: 179.018250 ScaledRight: 566.963250
INFO:root:Looping....
DEBUG:root:This is the line: drive:74.335:2.381

DEBUG:root:We got command: drive
DEBUG:root:We got a drive command: rawX:2.381000 and rawY:74.335000
DEBUG:root:Forward to the Right
DEBUG:root:Left=-74.335000 Right=71.954000
DEBUG:root:ScaledLeft: 207.746250 ScaledRight: 536.896500
INFO:root:Looping....
DEBUG:root:This is the line: drive:62.057:3.366

DEBUG:root:We got command: drive
DEBUG:root:We got a drive command: rawX:3.366000 and rawY:62.057000
DEBUG:root:Forward to the Right
DEBUG:root:Left=-62.057000 Right=58.691000
DEBUG:root:ScaledLeft: 235.371750 ScaledRight: 507.054750
INFO:root:Looping....
DEBUG:root:This is the line: drive:45.541:4.693

DEBUG:root:We got command: drive
DEBUG:root:We got a drive command: rawX:4.693000 and rawY:45.541000
DEBUG:root:Forward to the Right
DEBUG:root:Left=-45.541000 Right=40.848000
DEBUG:root:ScaledLeft: 272.532750 ScaledRight: 466.908000
INFO:root:Looping....
DEBUG:root:This is the line: drive:32.284:5.754

DEBUG:root:We got command: drive
DEBUG:root:We got a drive command: rawX:5.754000 and rawY:32.284000
DEBUG:root:Forward to the Right
DEBUG:root:Left=-32.284000 Right=26.530000
DEBUG:root:ScaledLeft: 302.361000 ScaledRight: 434.692500
INFO:root:Looping....
DEBUG:root:This is the line: drive:10.755:7.158

DEBUG:root:We got command: drive
DEBUG:root:We got a drive command: rawX:7.158000 and rawY:10.755000
DEBUG:root:Forward to the Right
DEBUG:root:Left=-10.755000 Right=3.597000
DEBUG:root:ScaledLeft: 350.801250 ScaledRight: 383.093250
INFO:root:Looping....
DEBUG:root:This is the line: drive:-5.621:7.44

DEBUG:root:We got command: drive
DEBUG:root:We got a drive command: rawX:7.440000 and rawY:-5.621000
DEBUG:root:Reverse to the Right
DEBUG:root:Left=5.621000 Right=-13.061000
DEBUG:root:ScaledLeft: 387.647250 ScaledRight: 345.612750
INFO:root:Looping....
DEBUG:root:This is the line: drive:-19.533:7.44

DEBUG:root:We got command: drive
DEBUG:root:We got a drive command: rawX:7.440000 and rawY:-19.533000
DEBUG:root:Reverse to the Right
DEBUG:root:Left=19.533000 Right=-26.973000
DEBUG:root:ScaledLeft: 418.949250 ScaledRight: 314.310750
INFO:root:Looping....
DEBUG:root:This is the line: drive:-31.947:7.44

DEBUG:root:We got command: drive
DEBUG:root:We got a drive command: rawX:7.440000 and rawY:-31.947000
DEBUG:root:Reverse to the Right
DEBUG:root:Left=31.947000 Right=-39.387000
DEBUG:root:ScaledLeft: 446.880750 ScaledRight: 286.379250
INFO:root:Looping....
DEBUG:root:This is the line: drive:-40.618:7.44

DEBUG:root:We got command: drive
DEBUG:root:We got a drive command: rawX:7.440000 and rawY:-40.618000
DEBUG:root:Reverse to the Right
DEBUG:root:Left=40.618000 Right=-48.058000
DEBUG:root:ScaledLeft: 466.390500 ScaledRight: 266.869500
INFO:root:Looping....
DEBUG:root:This is the line: drive:-51.086:7.44

DEBUG:root:We got command: drive
DEBUG:root:We got a drive command: rawX:7.440000 and rawY:-51.086000
DEBUG:root:Reverse to the Right
DEBUG:root:Left=51.086000 Right=-58.526000
DEBUG:root:ScaledLeft: 489.943500 ScaledRight: 243.316500
INFO:root:Looping....
DEBUG:root:This is the line: drive:-58.066:7.44

DEBUG:root:We got command: drive
DEBUG:root:We got a drive command: rawX:7.440000 and rawY:-58.066000
DEBUG:root:Reverse to the Right
DEBUG:root:Left=58.066000 Right=-65.506000
DEBUG:root:ScaledLeft: 505.648500 ScaledRight: 227.611500
INFO:root:Looping....
DEBUG:root:This is the line: drive:-65.513:7.44

DEBUG:root:We got command: drive
DEBUG:root:We got a drive command: rawX:7.440000 and rawY:-65.513000
DEBUG:root:Reverse to the Right
DEBUG:root:Left=65.513000 Right=-72.953000
DEBUG:root:ScaledLeft: 522.404250 ScaledRight: 210.855750
INFO:root:Looping....
DEBUG:root:This is the line: drive:-71.827:7.44

DEBUG:root:We got command: drive
DEBUG:root:We got a drive command: rawX:7.440000 and rawY:-71.827000
DEBUG:root:Reverse to the Right
DEBUG:root:Left=71.827000 Right=-79.267000
DEBUG:root:ScaledLeft: 536.610750 ScaledRight: 196.649250
INFO:root:Looping....
DEBUG:root:This is the line: drive:-76.281:7.44

DEBUG:root:We got command: drive
DEBUG:root:We got a drive command: rawX:7.440000 and rawY:-76.281000
DEBUG:root:Reverse to the Right
DEBUG:root:Left=76.281000 Right=-83.721000
DEBUG:root:ScaledLeft: 546.632250 ScaledRight: 186.627750
INFO:root:Looping....
DEBUG:root:This is the line: drive:-80.435:7.44

DEBUG:root:We got command: drive
DEBUG:root:We got a drive command: rawX:7.440000 and rawY:-80.435000
DEBUG:root:Reverse to the Right
DEBUG:root:Left=80.435000 Right=-87.875000
DEBUG:root:ScaledLeft: 555.978750 ScaledRight: 177.281250
INFO:root:Looping....
DEBUG:root:This is the line: drive:-83.143:7.44

DEBUG:root:We got command: drive
DEBUG:root:We got a drive command: rawX:7.440000 and rawY:-83.143000
DEBUG:root:Reverse to the Right
DEBUG:root:Left=83.143000 Right=-90.583000
DEBUG:root:ScaledLeft: 562.071750 ScaledRight: 171.188250
INFO:root:Looping....
DEBUG:root:This is the line: drive:-87.242:7.44

DEBUG:root:We got command: drive
DEBUG:root:We got a drive command: rawX:7.440000 and rawY:-87.242000
DEBUG:root:Reverse to the Right
DEBUG:root:Left=87.242000 Right=-94.682000
DEBUG:root:ScaledLeft: 571.294500 ScaledRight: 161.965500
INFO:root:Looping....
DEBUG:root:This is the line: drive:-89.391:7.44

DEBUG:root:We got command: drive
DEBUG:root:We got a drive command: rawX:7.440000 and rawY:-89.391000
DEBUG:root:Reverse to the Right
DEBUG:root:Left=89.391000 Right=-96.831000
DEBUG:root:ScaledLeft: 576.129750 ScaledRight: 157.130250
INFO:root:Looping....
DEBUG:root:This is the line: drive:-91.458:7.44

DEBUG:root:We got command: drive
DEBUG:root:We got a drive command: rawX:7.440000 and rawY:-91.458000
DEBUG:root:Reverse to the Right
DEBUG:root:Left=91.458000 Right=-98.898000
DEBUG:root:ScaledLeft: 580.780500 ScaledRight: 152.479500
INFO:root:Looping....
DEBUG:root:This is the line: drive:-93.607:7.44

DEBUG:root:We got command: drive
DEBUG:root:We got a drive command: rawX:7.440000 and rawY:-93.607000
DEBUG:root:Reverse to the Right
DEBUG:root:Left=93.607000 Right=-101.047000
DEBUG:root:ScaledLeft: 585.615750 ScaledRight: 147.644250
INFO:root:Looping....
DEBUG:root:This is the line: drive:-95.383:7.44

DEBUG:root:We got command: drive
DEBUG:root:We got a drive command: rawX:7.440000 and rawY:-95.383000
DEBUG:root:Reverse to the Right
DEBUG:root:Left=95.383000 Right=-102.823000
DEBUG:root:ScaledLeft: 589.611750 ScaledRight: 143.648250
INFO:root:Looping....
DEBUG:root:This is the line: drive:-97.54:7.44

DEBUG:root:We got command: drive
DEBUG:root:We got a drive command: rawX:7.440000 and rawY:-97.540000
DEBUG:root:Reverse to the Right
DEBUG:root:Left=97.540000 Right=-104.980000
DEBUG:root:ScaledLeft: 594.465000 ScaledRight: 138.795000
INFO:root:Looping....
DEBUG:root:This is the line: drive:-99.571:7.44

DEBUG:root:We got command: drive
DEBUG:root:We got a drive command: rawX:7.440000 and rawY:-99.571000
DEBUG:root:Reverse to the Right
DEBUG:root:Left=99.571000 Right=-107.011000
DEBUG:root:ScaledLeft: 599.034750 ScaledRight: 134.225250
INFO:root:Looping....
DEBUG:root:This is the line: drive:-100.659:7.44

DEBUG:root:We got command: drive
DEBUG:root:We got a drive command: rawX:7.440000 and rawY:-100.659000
DEBUG:root:Reverse to the Right
DEBUG:root:Left=100.659000 Right=-108.099000
DEBUG:root:ScaledLeft: 601.482750 ScaledRight: 131.777250
INFO:root:Looping....
DEBUG:root:This is the line: drive:-101.286:7.44

DEBUG:root:We got command: drive
DEBUG:root:We got a drive command: rawX:7.440000 and rawY:-101.286000
DEBUG:root:Reverse to the Right
DEBUG:root:Left=101.286000 Right=-108.726000
DEBUG:root:ScaledLeft: 602.893500 ScaledRight: 130.366500
INFO:root:Looping....
DEBUG:root:This is the line: drive:-101.803:7.44

DEBUG:root:We got command: drive
DEBUG:root:We got a drive command: rawX:7.440000 and rawY:-101.803000
DEBUG:root:Reverse to the Right
DEBUG:root:Left=101.803000 Right=-109.243000
DEBUG:root:ScaledLeft: 604.056750 ScaledRight: 129.203250
INFO:root:Looping....
DEBUG:root:This is the line: drive:-102.402:7.44

DEBUG:root:We got command: drive
DEBUG:root:We got a drive command: rawX:7.440000 and rawY:-102.402000
DEBUG:root:Reverse to the Right
DEBUG:root:Left=102.402000 Right=-109.842000
DEBUG:root:ScaledLeft: 605.404500 ScaledRight: 127.855500
INFO:root:Looping....
DEBUG:root:This is the line: drive:-102.61:7.44

DEBUG:root:We got command: drive
DEBUG:root:We got a drive command: rawX:7.440000 and rawY:-102.610000
DEBUG:root:Reverse to the Right
DEBUG:root:Left=102.610000 Right=-110.050000
DEBUG:root:ScaledLeft: 605.872500 ScaledRight: 127.387500
INFO:root:Looping....
DEBUG:root:This is the line: drive:-102.61:7.44

DEBUG:root:We got command: drive
DEBUG:root:We got a drive command: rawX:7.440000 and rawY:-102.610000
DEBUG:root:Reverse to the Right
DEBUG:root:Left=102.610000 Right=-110.050000
DEBUG:root:ScaledLeft: 605.872500 ScaledRight: 127.387500
INFO:root:Looping....
DEBUG:root:This is the line: drive:-102.89:7.44

DEBUG:root:We got command: drive
DEBUG:root:We got a drive command: rawX:7.440000 and rawY:-102.890000
DEBUG:root:Reverse to the Right
DEBUG:root:Left=102.890000 Right=-110.330000
DEBUG:root:ScaledLeft: 606.502500 ScaledRight: 126.757500
INFO:root:Looping....
DEBUG:root:This is the line: drive:-102.89:7.44

DEBUG:root:We got command: drive
DEBUG:root:We got a drive command: rawX:7.440000 and rawY:-102.890000
DEBUG:root:Reverse to the Right
DEBUG:root:Left=102.890000 Right=-110.330000
DEBUG:root:ScaledLeft: 606.502500 ScaledRight: 126.757500
INFO:root:Looping....
DEBUG:root:This is the line: drive:-102.89:7.44

DEBUG:root:We got command: drive
DEBUG:root:We got a drive command: rawX:7.440000 and rawY:-102.890000
DEBUG:root:Reverse to the Right
DEBUG:root:Left=102.890000 Right=-110.330000
DEBUG:root:ScaledLeft: 606.502500 ScaledRight: 126.757500
INFO:root:Looping....
DEBUG:root:This is the line: drive:-102.857:6.399

DEBUG:root:We got command: drive
DEBUG:root:We got a drive command: rawX:6.399000 and rawY:-102.857000
DEBUG:root:Reverse to the Right
DEBUG:root:Left=102.857000 Right=-109.256000
DEBUG:root:ScaledLeft: 606.428250 ScaledRight: 129.174000
INFO:root:Looping....
DEBUG:root:This is the line: drive:-101.115:5.03

DEBUG:root:We got command: drive
DEBUG:root:We got a drive command: rawX:5.030000 and rawY:-101.115000
DEBUG:root:Reverse to the Right
DEBUG:root:Left=101.115000 Right=-106.145000
DEBUG:root:ScaledLeft: 602.508750 ScaledRight: 136.173750
INFO:root:Looping....
DEBUG:root:This is the line: drive:-96.642:2.802

DEBUG:root:We got command: drive
DEBUG:root:We got a drive command: rawX:2.802000 and rawY:-96.642000
DEBUG:root:Reverse to the Right
DEBUG:root:Left=96.642000 Right=-99.444000
DEBUG:root:ScaledLeft: 592.444500 ScaledRight: 151.251000
INFO:root:Looping....
DEBUG:root:This is the line: drive:-88.898:0.904

DEBUG:root:We got command: drive
DEBUG:root:We got a drive command: rawX:0.904000 and rawY:-88.898000
DEBUG:root:Reverse to the Right
DEBUG:root:Left=88.898000 Right=-89.802000
DEBUG:root:ScaledLeft: 575.020500 ScaledRight: 172.945500
INFO:root:Looping....
DEBUG:root:This is the line: drive:-82.075:0.0

DEBUG:root:We got command: drive
DEBUG:root:We got a drive command: rawX:0.000000 and rawY:-82.075000
DEBUG:root:Reverse to the Left/Straight
DEBUG:root:Left=82.075000 Right=-82.075000
DEBUG:root:ScaledLeft: 559.668750 ScaledRight: 190.331250
INFO:root:Looping....
DEBUG:root:This is the line: drive:-72.502:-1.19

DEBUG:root:We got command: drive
DEBUG:root:We got a drive command: rawX:-1.190000 and rawY:-72.502000
DEBUG:root:Reverse to the Left/Straight
DEBUG:root:Left=71.312000 Right=-72.502000
DEBUG:root:ScaledLeft: 535.452000 ScaledRight: 211.870500
INFO:root:Looping....
DEBUG:root:This is the line: drive:-63.637:-1.488

DEBUG:root:We got command: drive
DEBUG:root:We got a drive command: rawX:-1.488000 and rawY:-63.637000
DEBUG:root:Reverse to the Left/Straight
DEBUG:root:Left=62.149000 Right=-63.637000
DEBUG:root:ScaledLeft: 514.835250 ScaledRight: 231.816750
INFO:root:Looping....
DEBUG:root:This is the line: drive:-56.543:-1.488

DEBUG:root:We got command: drive
DEBUG:root:We got a drive command: rawX:-1.488000 and rawY:-56.543000
DEBUG:root:Reverse to the Left/Straight
DEBUG:root:Left=55.055000 Right=-56.543000
DEBUG:root:ScaledLeft: 498.873750 ScaledRight: 247.778250
INFO:root:Looping....
DEBUG:root:This is the line: drive:-47.866:-1.488

DEBUG:root:We got command: drive
DEBUG:root:We got a drive command: rawX:-1.488000 and rawY:-47.866000
DEBUG:root:Reverse to the Left/Straight
DEBUG:root:Left=46.378000 Right=-47.866000
DEBUG:root:ScaledLeft: 479.350500 ScaledRight: 267.301500
INFO:root:Looping....
DEBUG:root:This is the line: drive:-37.752:-1.488

DEBUG:root:We got command: drive
DEBUG:root:We got a drive command: rawX:-1.488000 and rawY:-37.752000
DEBUG:root:Reverse to the Left/Straight
DEBUG:root:Left=36.264000 Right=-37.752000
DEBUG:root:ScaledLeft: 456.594000 ScaledRight: 290.058000
INFO:root:Looping....
DEBUG:root:This is the line: drive:-27.798:-1.488

DEBUG:root:We got command: drive
DEBUG:root:We got a drive command: rawX:-1.488000 and rawY:-27.798000
DEBUG:root:Reverse to the Left/Straight
DEBUG:root:Left=26.310000 Right=-27.798000
DEBUG:root:ScaledLeft: 434.197500 ScaledRight: 312.454500
INFO:root:Looping....
DEBUG:root:This is the line: drive:-20.746:-1.488

DEBUG:root:We got command: drive
DEBUG:root:We got a drive command: rawX:-1.488000 and rawY:-20.746000
DEBUG:root:Reverse to the Left/Straight
DEBUG:root:Left=19.258000 Right=-20.746000
DEBUG:root:ScaledLeft: 418.330500 ScaledRight: 328.321500
INFO:root:Looping....
DEBUG:root:This is the line: drive:-11.601:-1.488

DEBUG:root:We got command: drive
DEBUG:root:We got a drive command: rawX:-1.488000 and rawY:-11.601000
DEBUG:root:Reverse to the Left/Straight
DEBUG:root:Left=10.113000 Right=-11.601000
DEBUG:root:ScaledLeft: 397.754250 ScaledRight: 348.897750
INFO:root:Looping....
DEBUG:root:This is the line: drive:-4.213:-1.488

DEBUG:root:We got command: drive
DEBUG:root:We got a drive command: rawX:-1.488000 and rawY:-4.213000
DEBUG:root:Reverse to the Left/Straight
DEBUG:root:Left=2.725000 Right=-4.213000
DEBUG:root:ScaledLeft: 381.131250 ScaledRight: 365.520750
INFO:root:Looping....
DEBUG:root:This is the line: drive:1.975:-0.802

DEBUG:root:We got command: drive
DEBUG:root:We got a drive command: rawX:-0.802000 and rawY:1.975000
DEBUG:root:Forward to the Left/Straight
DEBUG:root:Left=-2.777000 Right=1.975000
DEBUG:root:ScaledLeft: 368.751750 ScaledRight: 379.443750
INFO:root:Looping....
DEBUG:root:This is the line: drive:11.81:-0.298

DEBUG:root:We got command: drive
DEBUG:root:We got a drive command: rawX:-0.298000 and rawY:11.810000
DEBUG:root:Forward to the Left/Straight
DEBUG:root:Left=-12.108000 Right=11.810000
DEBUG:root:ScaledLeft: 347.757000 ScaledRight: 401.572500
INFO:root:Looping....
DEBUG:root:This is the line: drive:17.958:0.595

DEBUG:root:We got command: drive
DEBUG:root:We got a drive command: rawX:0.595000 and rawY:17.958000
DEBUG:root:Forward to the Right
DEBUG:root:Left=-17.958000 Right=17.363000
DEBUG:root:ScaledLeft: 334.594500 ScaledRight: 414.066750
INFO:root:Looping....
DEBUG:root:This is the line: drive:23.997:1.19

DEBUG:root:We got command: drive
DEBUG:root:We got a drive command: rawX:1.190000 and rawY:23.997000
DEBUG:root:Forward to the Right
DEBUG:root:Left=-23.997000 Right=22.807000
DEBUG:root:ScaledLeft: 321.006750 ScaledRight: 426.315750
INFO:root:Looping....
DEBUG:root:This is the line: drive:28.396:1.626

DEBUG:root:We got command: drive
DEBUG:root:We got a drive command: rawX:1.626000 and rawY:28.396000
DEBUG:root:Forward to the Right
DEBUG:root:Left=-28.396000 Right=26.770000
DEBUG:root:ScaledLeft: 311.109000 ScaledRight: 435.232500
INFO:root:Looping....
DEBUG:root:This is the line: drive:33.385:1.786

DEBUG:root:We got command: drive
DEBUG:root:We got a drive command: rawX:1.786000 and rawY:33.385000
DEBUG:root:Forward to the Right
DEBUG:root:Left=-33.385000 Right=31.599000
DEBUG:root:ScaledLeft: 299.883750 ScaledRight: 446.097750
INFO:root:Looping....
DEBUG:root:This is the line: drive:36.872:2.083

DEBUG:root:We got command: drive
DEBUG:root:We got a drive command: rawX:2.083000 and rawY:36.872000
DEBUG:root:Forward to the Right
DEBUG:root:Left=-36.872000 Right=34.789000
DEBUG:root:ScaledLeft: 292.038000 ScaledRight: 453.275250
INFO:root:Looping....
DEBUG:root:This is the line: drive:41.096:2.679

DEBUG:root:We got command: drive
DEBUG:root:We got a drive command: rawX:2.679000 and rawY:41.096000
DEBUG:root:Forward to the Right
DEBUG:root:Left=-41.096000 Right=38.417000
DEBUG:root:ScaledLeft: 282.534000 ScaledRight: 461.438250
INFO:root:Looping....
DEBUG:root:This is the line: drive:45.229:2.679

DEBUG:root:We got command: drive
DEBUG:root:We got a drive command: rawX:2.679000 and rawY:45.229000
DEBUG:root:Forward to the Right
DEBUG:root:Left=-45.229000 Right=42.550000
DEBUG:root:ScaledLeft: 273.234750 ScaledRight: 470.737500
INFO:root:Looping....
DEBUG:root:This is the line: drive:49.261:2.679

DEBUG:root:We got command: drive
DEBUG:root:We got a drive command: rawX:2.679000 and rawY:49.261000
DEBUG:root:Forward to the Right
DEBUG:root:Left=-49.261000 Right=46.582000
DEBUG:root:ScaledLeft: 264.162750 ScaledRight: 479.809500
INFO:root:Looping....
DEBUG:root:This is the line: drive:53.524:3.274

DEBUG:root:We got command: drive
DEBUG:root:We got a drive command: rawX:3.274000 and rawY:53.524000
DEBUG:root:Forward to the Right
DEBUG:root:Left=-53.524000 Right=50.250000
DEBUG:root:ScaledLeft: 254.571000 ScaledRight: 488.062500
INFO:root:Looping....
DEBUG:root:This is the line: drive:56.745:3.274

DEBUG:root:We got command: drive
DEBUG:root:We got a drive command: rawX:3.274000 and rawY:56.745000
DEBUG:root:Forward to the Right
DEBUG:root:Left=-56.745000 Right=53.471000
DEBUG:root:ScaledLeft: 247.323750 ScaledRight: 495.309750
INFO:root:Looping....
DEBUG:root:This is the line: drive:60.886:3.274

DEBUG:root:We got command: drive
DEBUG:root:We got a drive command: rawX:3.274000 and rawY:60.886000
DEBUG:root:Forward to the Right
DEBUG:root:Left=-60.886000 Right=57.612000
DEBUG:root:ScaledLeft: 238.006500 ScaledRight: 504.627000
INFO:root:Looping....
DEBUG:root:This is the line: drive:63.286:3.274

DEBUG:root:We got command: drive
DEBUG:root:We got a drive command: rawX:3.274000 and rawY:63.286000
DEBUG:root:Forward to the Right
DEBUG:root:Left=-63.286000 Right=60.012000
DEBUG:root:ScaledLeft: 232.606500 ScaledRight: 510.027000
INFO:root:Looping....
DEBUG:root:This is the line: drive:66.049:3.274

DEBUG:root:We got command: drive
DEBUG:root:We got a drive command: rawX:3.274000 and rawY:66.049000
DEBUG:root:Forward to the Right
DEBUG:root:Left=-66.049000 Right=62.775000
DEBUG:root:ScaledLeft: 226.389750 ScaledRight: 516.243750
INFO:root:Looping....
DEBUG:root:This is the line: drive:68.141:3.274

DEBUG:root:We got command: drive
DEBUG:root:We got a drive command: rawX:3.274000 and rawY:68.141000
DEBUG:root:Forward to the Right
DEBUG:root:Left=-68.141000 Right=64.867000
DEBUG:root:ScaledLeft: 221.682750 ScaledRight: 520.950750
INFO:root:Looping....
DEBUG:root:This is the line: drive:70.304:3.274

DEBUG:root:We got command: drive
DEBUG:root:We got a drive command: rawX:3.274000 and rawY:70.304000
DEBUG:root:Forward to the Right
DEBUG:root:Left=-70.304000 Right=67.030000
DEBUG:root:ScaledLeft: 216.816000 ScaledRight: 525.817500
INFO:root:Looping....
DEBUG:root:This is the line: drive:73.565:3.274

DEBUG:root:We got command: drive
DEBUG:root:We got a drive command: rawX:3.274000 and rawY:73.565000
DEBUG:root:Forward to the Right
DEBUG:root:Left=-73.565000 Right=70.291000
DEBUG:root:ScaledLeft: 209.478750 ScaledRight: 533.154750
INFO:root:Looping....
DEBUG:root:This is the line: drive:75.317:3.274

DEBUG:root:We got command: drive
DEBUG:root:We got a drive command: rawX:3.274000 and rawY:75.317000
DEBUG:root:Forward to the Right
DEBUG:root:Left=-75.317000 Right=72.043000
DEBUG:root:ScaledLeft: 205.536750 ScaledRight: 537.096750
INFO:root:Looping....
DEBUG:root:This is the line: drive:77.443:3.274

DEBUG:root:We got command: drive
DEBUG:root:We got a drive command: rawX:3.274000 and rawY:77.443000
DEBUG:root:Forward to the Right
DEBUG:root:Left=-77.443000 Right=74.169000
DEBUG:root:ScaledLeft: 200.753250 ScaledRight: 541.880250
INFO:root:Looping....
DEBUG:root:This is the line: drive:77.443:3.274

DEBUG:root:We got command: drive
DEBUG:root:We got a drive command: rawX:3.274000 and rawY:77.443000
DEBUG:root:Forward to the Right
DEBUG:root:Left=-77.443000 Right=74.169000
DEBUG:root:ScaledLeft: 200.753250 ScaledRight: 541.880250
INFO:root:Looping....
DEBUG:root:This is the line: drive:81.571:3.274

DEBUG:root:We got command: drive
DEBUG:root:We got a drive command: rawX:3.274000 and rawY:81.571000
DEBUG:root:Forward to the Right
DEBUG:root:Left=-81.571000 Right=78.297000
DEBUG:root:ScaledLeft: 191.465250 ScaledRight: 551.168250
INFO:root:Looping....
DEBUG:root:This is the line: drive:81.783:3.274

DEBUG:root:We got command: drive
DEBUG:root:We got a drive command: rawX:3.274000 and rawY:81.783000
DEBUG:root:Forward to the Right
DEBUG:root:Left=-81.783000 Right=78.509000
DEBUG:root:ScaledLeft: 190.988250 ScaledRight: 551.645250
INFO:root:Looping....
DEBUG:root:This is the line: drive:82.398:3.274

DEBUG:root:We got command: drive
DEBUG:root:We got a drive command: rawX:3.274000 and rawY:82.398000
DEBUG:root:Forward to the Right
DEBUG:root:Left=-82.398000 Right=79.124000
DEBUG:root:ScaledLeft: 189.604500 ScaledRight: 553.029000
INFO:root:Looping....
DEBUG:root:This is the line: drive:82.941:3.274

DEBUG:root:We got command: drive
DEBUG:root:We got a drive command: rawX:3.274000 and rawY:82.941000
DEBUG:root:Forward to the Right
DEBUG:root:Left=-82.941000 Right=79.667000
DEBUG:root:ScaledLeft: 188.382750 ScaledRight: 554.250750
INFO:root:Looping....
DEBUG:root:This is the line: drive:83.365:3.274

DEBUG:root:We got command: drive
DEBUG:root:We got a drive command: rawX:3.274000 and rawY:83.365000
DEBUG:root:Forward to the Right
DEBUG:root:Left=-83.365000 Right=80.091000
DEBUG:root:ScaledLeft: 187.428750 ScaledRight: 555.204750
INFO:root:Looping....
DEBUG:root:This is the line: drive:84.01:3.274

DEBUG:root:We got command: drive
DEBUG:root:We got a drive command: rawX:3.274000 and rawY:84.010000
DEBUG:root:Forward to the Right
DEBUG:root:Left=-84.010000 Right=80.736000
DEBUG:root:ScaledLeft: 185.977500 ScaledRight: 556.656000
INFO:root:Looping....
DEBUG:root:This is the line: drive:84.296:3.274

DEBUG:root:We got command: drive
DEBUG:root:We got a drive command: rawX:3.274000 and rawY:84.296000
DEBUG:root:Forward to the Right
DEBUG:root:Left=-84.296000 Right=81.022000
DEBUG:root:ScaledLeft: 185.334000 ScaledRight: 557.299500
INFO:root:Looping....
DEBUG:root:This is the line: drive:84.58:3.274

DEBUG:root:We got command: drive
DEBUG:root:We got a drive command: rawX:3.274000 and rawY:84.580000
DEBUG:root:Forward to the Right
DEBUG:root:Left=-84.580000 Right=81.306000
DEBUG:root:ScaledLeft: 184.695000 ScaledRight: 557.938500
INFO:root:Looping....
DEBUG:root:This is the line: drive:84.58:3.274

DEBUG:root:We got command: drive
DEBUG:root:We got a drive command: rawX:3.274000 and rawY:84.580000
DEBUG:root:Forward to the Right
DEBUG:root:Left=-84.580000 Right=81.306000
DEBUG:root:ScaledLeft: 184.695000 ScaledRight: 557.938500
INFO:root:Looping....
DEBUG:root:This is the line: drive:84.58:3.274

DEBUG:root:We got command: drive
DEBUG:root:We got a drive command: rawX:3.274000 and rawY:84.580000
DEBUG:root:Forward to the Right
DEBUG:root:Left=-84.580000 Right=81.306000
DEBUG:root:ScaledLeft: 184.695000 ScaledRight: 557.938500
INFO:root:Looping....
DEBUG:root:This is the line: drive:84.58:3.274

DEBUG:root:We got command: drive
DEBUG:root:We got a drive command: rawX:3.274000 and rawY:84.580000
DEBUG:root:Forward to the Right
DEBUG:root:Left=-84.580000 Right=81.306000
DEBUG:root:ScaledLeft: 184.695000 ScaledRight: 557.938500
INFO:root:Looping....
DEBUG:root:This is the line: drive:84.58:3.274

DEBUG:root:We got command: drive
DEBUG:root:We got a drive command: rawX:3.274000 and rawY:84.580000
DEBUG:root:Forward to the Right
DEBUG:root:Left=-84.580000 Right=81.306000
DEBUG:root:ScaledLeft: 184.695000 ScaledRight: 557.938500
INFO:root:Looping....
DEBUG:root:This is the line: drive:84.58:3.274

DEBUG:root:We got command: drive
DEBUG:root:We got a drive command: rawX:3.274000 and rawY:84.580000
DEBUG:root:Forward to the Right
DEBUG:root:Left=-84.580000 Right=81.306000
DEBUG:root:ScaledLeft: 184.695000 ScaledRight: 557.938500
INFO:root:Looping....
DEBUG:root:This is the line: drive:84.58:3.274

DEBUG:root:We got command: drive
DEBUG:root:We got a drive command: rawX:3.274000 and rawY:84.580000
DEBUG:root:Forward to the Right
DEBUG:root:Left=-84.580000 Right=81.306000
DEBUG:root:ScaledLeft: 184.695000 ScaledRight: 557.938500
INFO:root:Looping....
DEBUG:root:This is the line: drive:84.58:3.274

DEBUG:root:We got command: drive
DEBUG:root:We got a drive command: rawX:3.274000 and rawY:84.580000
DEBUG:root:Forward to the Right
DEBUG:root:Left=-84.580000 Right=81.306000
DEBUG:root:ScaledLeft: 184.695000 ScaledRight: 557.938500
INFO:root:Looping....
DEBUG:root:This is the line: drive:84.58:3.274

DEBUG:root:We got command: drive
DEBUG:root:We got a drive command: rawX:3.274000 and rawY:84.580000
DEBUG:root:Forward to the Right
DEBUG:root:Left=-84.580000 Right=81.306000
DEBUG:root:ScaledLeft: 184.695000 ScaledRight: 557.938500
INFO:root:Looping....
DEBUG:root:This is the line: drive:84.58:3.274

DEBUG:root:We got command: drive
DEBUG:root:We got a drive command: rawX:3.274000 and rawY:84.580000
DEBUG:root:Forward to the Right
DEBUG:root:Left=-84.580000 Right=81.306000
DEBUG:root:ScaledLeft: 184.695000 ScaledRight: 557.938500
INFO:root:Looping....
DEBUG:root:This is the line: drive:84.58:3.274

DEBUG:root:We got command: drive
DEBUG:root:We got a drive command: rawX:3.274000 and rawY:84.580000
DEBUG:root:Forward to the Right
DEBUG:root:Left=-84.580000 Right=81.306000
DEBUG:root:ScaledLeft: 184.695000 ScaledRight: 557.938500
INFO:root:Looping....
DEBUG:root:This is the line: drive:84.58:3.274

DEBUG:root:We got command: drive
DEBUG:root:We got a drive command: rawX:3.274000 and rawY:84.580000
DEBUG:root:Forward to the Right
DEBUG:root:Left=-84.580000 Right=81.306000
DEBUG:root:ScaledLeft: 184.695000 ScaledRight: 557.938500
INFO:root:Looping....
DEBUG:root:This is the line: drive:81.741:3.274

DEBUG:root:We got command: drive
DEBUG:root:We got a drive command: rawX:3.274000 and rawY:81.741000
DEBUG:root:Forward to the Right
DEBUG:root:Left=-81.741000 Right=78.467000
DEBUG:root:ScaledLeft: 191.082750 ScaledRight: 551.550750
INFO:root:Looping....
DEBUG:root:This is the line: drive:77.553:2.226

DEBUG:root:We got command: drive
DEBUG:root:We got a drive command: rawX:2.226000 and rawY:77.553000
DEBUG:root:Forward to the Right
DEBUG:root:Left=-77.553000 Right=75.327000
DEBUG:root:ScaledLeft: 200.505750 ScaledRight: 544.485750
INFO:root:Looping....
DEBUG:root:This is the line: drive:69.745:1.488

DEBUG:root:We got command: drive
DEBUG:root:We got a drive command: rawX:1.488000 and rawY:69.745000
DEBUG:root:Forward to the Right
DEBUG:root:Left=-69.745000 Right=68.257000
DEBUG:root:ScaledLeft: 218.073750 ScaledRight: 528.578250
INFO:root:Looping....
DEBUG:root:This is the line: drive:62.848:1.488

DEBUG:root:We got command: drive
DEBUG:root:We got a drive command: rawX:1.488000 and rawY:62.848000
DEBUG:root:Forward to the Right
DEBUG:root:Left=-62.848000 Right=61.360000
DEBUG:root:ScaledLeft: 233.592000 ScaledRight: 513.060000
INFO:root:Looping....
DEBUG:root:This is the line: drive:53.742:1.488

DEBUG:root:We got command: drive
DEBUG:root:We got a drive command: rawX:1.488000 and rawY:53.742000
DEBUG:root:Forward to the Right
DEBUG:root:Left=-53.742000 Right=52.254000
DEBUG:root:ScaledLeft: 254.080500 ScaledRight: 492.571500
INFO:root:Looping....
DEBUG:root:This is the line: drive:46.379:1.488

DEBUG:root:We got command: drive
DEBUG:root:We got a drive command: rawX:1.488000 and rawY:46.379000
DEBUG:root:Forward to the Right
DEBUG:root:Left=-46.379000 Right=44.891000
DEBUG:root:ScaledLeft: 270.647250 ScaledRight: 476.004750
INFO:root:Looping....
DEBUG:root:This is the line: drive:40.583:1.488

DEBUG:root:We got command: drive
DEBUG:root:We got a drive command: rawX:1.488000 and rawY:40.583000
DEBUG:root:Forward to the Right
DEBUG:root:Left=-40.583000 Right=39.095000
DEBUG:root:ScaledLeft: 283.688250 ScaledRight: 462.963750
INFO:root:Looping....
DEBUG:root:This is the line: drive:34.314:1.488

DEBUG:root:We got command: drive
DEBUG:root:We got a drive command: rawX:1.488000 and rawY:34.314000
DEBUG:root:Forward to the Right
DEBUG:root:Left=-34.314000 Right=32.826000
DEBUG:root:ScaledLeft: 297.793500 ScaledRight: 448.858500
INFO:root:Looping....
DEBUG:root:This is the line: drive:30.518:1.488

DEBUG:root:We got command: drive
DEBUG:root:We got a drive command: rawX:1.488000 and rawY:30.518000
DEBUG:root:Forward to the Right
DEBUG:root:Left=-30.518000 Right=29.030000
DEBUG:root:ScaledLeft: 306.334500 ScaledRight: 440.317500
INFO:root:Looping....
DEBUG:root:This is the line: drive:25.971:1.488

DEBUG:root:We got command: drive
DEBUG:root:We got a drive command: rawX:1.488000 and rawY:25.971000
DEBUG:root:Forward to the Right
DEBUG:root:Left=-25.971000 Right=24.483000
DEBUG:root:ScaledLeft: 316.565250 ScaledRight: 430.086750
INFO:root:Looping....
DEBUG:root:This is the line: drive:20.681:1.488

DEBUG:root:We got command: drive
DEBUG:root:We got a drive command: rawX:1.488000 and rawY:20.681000
DEBUG:root:Forward to the Right
DEBUG:root:Left=-20.681000 Right=19.193000
DEBUG:root:ScaledLeft: 328.467750 ScaledRight: 418.184250
INFO:root:Looping....
DEBUG:root:This is the line: drive:14.411:1.488

DEBUG:root:We got command: drive
DEBUG:root:We got a drive command: rawX:1.488000 and rawY:14.411000
DEBUG:root:Forward to the Right
DEBUG:root:Left=-14.411000 Right=12.923000
DEBUG:root:ScaledLeft: 342.575250 ScaledRight: 404.076750
INFO:root:Looping....
DEBUG:root:This is the line: drive:9.629:1.488

DEBUG:root:We got command: drive
DEBUG:root:We got a drive command: rawX:1.488000 and rawY:9.629000
DEBUG:root:Forward to the Right
DEBUG:root:Left=-9.629000 Right=8.141000
DEBUG:root:ScaledLeft: 353.334750 ScaledRight: 393.317250
INFO:root:Looping....
DEBUG:root:This is the line: drive:5.248:1.488

DEBUG:root:We got command: drive
DEBUG:root:We got a drive command: rawX:1.488000 and rawY:5.248000
DEBUG:root:Forward to the Right
DEBUG:root:Left=-5.248000 Right=3.760000
DEBUG:root:ScaledLeft: 363.192000 ScaledRight: 383.460000
INFO:root:Looping....
DEBUG:root:This is the line: drive:0.374:1.488

DEBUG:root:We got command: drive
DEBUG:root:We got a drive command: rawX:1.488000 and rawY:0.374000
DEBUG:root:Forward to the Right
DEBUG:root:Left=-0.374000 Right=-1.114000
DEBUG:root:ScaledLeft: 374.158500 ScaledRight: 372.493500
INFO:root:Looping....
DEBUG:root:This is the line: drive:-3.438:1.488

DEBUG:root:We got command: drive
DEBUG:root:We got a drive command: rawX:1.488000 and rawY:-3.438000
DEBUG:root:Reverse to the Right
DEBUG:root:Left=3.438000 Right=-4.926000
DEBUG:root:ScaledLeft: 382.735500 ScaledRight: 363.916500
INFO:root:Looping....
DEBUG:root:This is the line: drive:-7.715:1.488

DEBUG:root:We got command: drive
DEBUG:root:We got a drive command: rawX:1.488000 and rawY:-7.715000
DEBUG:root:Reverse to the Right
DEBUG:root:Left=7.715000 Right=-9.203000
DEBUG:root:ScaledLeft: 392.358750 ScaledRight: 354.293250
INFO:root:Looping....
DEBUG:root:This is the line: drive:-12.024:1.488

DEBUG:root:We got command: drive
DEBUG:root:We got a drive command: rawX:1.488000 and rawY:-12.024000
DEBUG:root:Reverse to the Right
DEBUG:root:Left=12.024000 Right=-13.512000
DEBUG:root:ScaledLeft: 402.054000 ScaledRight: 344.598000
INFO:root:Looping....
DEBUG:root:This is the line: drive:-15.66:1.488

DEBUG:root:We got command: drive
DEBUG:root:We got a drive command: rawX:1.488000 and rawY:-15.660000
DEBUG:root:Reverse to the Right
DEBUG:root:Left=15.660000 Right=-17.148000
DEBUG:root:ScaledLeft: 410.235000 ScaledRight: 336.417000
INFO:root:Looping....
DEBUG:root:This is the line: drive:-19.998:1.488

DEBUG:root:We got command: drive
DEBUG:root:We got a drive command: rawX:1.488000 and rawY:-19.998000
DEBUG:root:Reverse to the Right
DEBUG:root:Left=19.998000 Right=-21.486000
DEBUG:root:ScaledLeft: 419.995500 ScaledRight: 326.656500
INFO:root:Looping....
DEBUG:root:This is the line: drive:-24.944:1.488

DEBUG:root:We got command: drive
DEBUG:root:We got a drive command: rawX:1.488000 and rawY:-24.944000
DEBUG:root:Reverse to the Right
DEBUG:root:Left=24.944000 Right=-26.432000
DEBUG:root:ScaledLeft: 431.124000 ScaledRight: 315.528000
INFO:root:Looping....
DEBUG:root:This is the line: drive:-29.215:1.19

DEBUG:root:We got command: drive
DEBUG:root:We got a drive command: rawX:1.190000 and rawY:-29.215000
DEBUG:root:Reverse to the Right
DEBUG:root:Left=29.215000 Right=-30.405000
DEBUG:root:ScaledLeft: 440.733750 ScaledRight: 306.588750
INFO:root:Looping....
DEBUG:root:This is the line: drive:-31.864:0.595

DEBUG:root:We got command: drive
DEBUG:root:We got a drive command: rawX:0.595000 and rawY:-31.864000
DEBUG:root:Reverse to the Right
DEBUG:root:Left=31.864000 Right=-32.459000
DEBUG:root:ScaledLeft: 446.694000 ScaledRight: 301.967250
INFO:root:Looping....
DEBUG:root:This is the line: drive:-36.389:0.393

DEBUG:root:We got command: drive
DEBUG:root:We got a drive command: rawX:0.393000 and rawY:-36.389000
DEBUG:root:Reverse to the Right
DEBUG:root:Left=36.389000 Right=-36.782000
DEBUG:root:ScaledLeft: 456.875250 ScaledRight: 292.240500
INFO:root:Looping....
DEBUG:root:This is the line: drive:-41.359:-0.298

DEBUG:root:We got command: drive
DEBUG:root:We got a drive command: rawX:-0.298000 and rawY:-41.359000
DEBUG:root:Reverse to the Left/Straight
DEBUG:root:Left=41.061000 Right=-41.359000
DEBUG:root:ScaledLeft: 467.387250 ScaledRight: 281.942250
INFO:root:Looping....
DEBUG:root:This is the line: drive:-45.637:-0.893

DEBUG:root:We got command: drive
DEBUG:root:We got a drive command: rawX:-0.893000 and rawY:-45.637000
DEBUG:root:Reverse to the Left/Straight
DEBUG:root:Left=44.744000 Right=-45.637000
DEBUG:root:ScaledLeft: 475.674000 ScaledRight: 272.316750
INFO:root:Looping....
DEBUG:root:This is the line: drive:-50.032:-0.893

DEBUG:root:We got command: drive
DEBUG:root:We got a drive command: rawX:-0.893000 and rawY:-50.032000
DEBUG:root:Reverse to the Left/Straight
DEBUG:root:Left=49.139000 Right=-50.032000
DEBUG:root:ScaledLeft: 485.562750 ScaledRight: 262.428000
INFO:root:Looping....
DEBUG:root:This is the line: drive:-53.591:-0.893

DEBUG:root:We got command: drive
DEBUG:root:We got a drive command: rawX:-0.893000 and rawY:-53.591000
DEBUG:root:Reverse to the Left/Straight
DEBUG:root:Left=52.698000 Right=-53.591000
DEBUG:root:ScaledLeft: 493.570500 ScaledRight: 254.420250
INFO:root:Looping....
DEBUG:root:This is the line: drive:-57.421:-1.19

DEBUG:root:We got command: drive
DEBUG:root:We got a drive command: rawX:-1.190000 and rawY:-57.421000
DEBUG:root:Reverse to the Left/Straight
DEBUG:root:Left=56.231000 Right=-57.421000
DEBUG:root:ScaledLeft: 501.519750 ScaledRight: 245.802750
INFO:root:Looping....
DEBUG:root:This is the line: drive:-59.698:-1.19

DEBUG:root:We got command: drive
DEBUG:root:We got a drive command: rawX:-1.190000 and rawY:-59.698000
DEBUG:root:Reverse to the Left/Straight
DEBUG:root:Left=58.508000 Right=-59.698000
DEBUG:root:ScaledLeft: 506.643000 ScaledRight: 240.679500
INFO:root:Looping....
DEBUG:root:This is the line: drive:-62.906:-1.19

DEBUG:root:We got command: drive
DEBUG:root:We got a drive command: rawX:-1.190000 and rawY:-62.906000
DEBUG:root:Reverse to the Left/Straight
DEBUG:root:Left=61.716000 Right=-62.906000
DEBUG:root:ScaledLeft: 513.861000 ScaledRight: 233.461500
INFO:root:Looping....
DEBUG:root:This is the line: drive:-64.967:-1.488

DEBUG:root:We got command: drive
DEBUG:root:We got a drive command: rawX:-1.488000 and rawY:-64.967000
DEBUG:root:Reverse to the Left/Straight
DEBUG:root:Left=63.479000 Right=-64.967000
DEBUG:root:ScaledLeft: 517.827750 ScaledRight: 228.824250
INFO:root:Looping....
DEBUG:root:This is the line: drive:-66.958:-1.488

DEBUG:root:We got command: drive
DEBUG:root:We got a drive command: rawX:-1.488000 and rawY:-66.958000
DEBUG:root:Reverse to the Left/Straight
DEBUG:root:Left=65.470000 Right=-66.958000
DEBUG:root:ScaledLeft: 522.307500 ScaledRight: 224.344500
INFO:root:Looping....
DEBUG:root:This is the line: drive:-69.745:-1.488

DEBUG:root:We got command: drive
DEBUG:root:We got a drive command: rawX:-1.488000 and rawY:-69.745000
DEBUG:root:Reverse to the Left/Straight
DEBUG:root:Left=68.257000 Right=-69.745000
DEBUG:root:ScaledLeft: 528.578250 ScaledRight: 218.073750
INFO:root:Looping....
DEBUG:root:This is the line: drive:-71.504:-1.488

DEBUG:root:We got command: drive
DEBUG:root:We got a drive command: rawX:-1.488000 and rawY:-71.504000
DEBUG:root:Reverse to the Left/Straight
DEBUG:root:Left=70.016000 Right=-71.504000
DEBUG:root:ScaledLeft: 532.536000 ScaledRight: 214.116000
INFO:root:Looping....
DEBUG:root:This is the line: drive:-73.641:-1.488

DEBUG:root:We got command: drive
DEBUG:root:We got a drive command: rawX:-1.488000 and rawY:-73.641000
DEBUG:root:Reverse to the Left/Straight
DEBUG:root:Left=72.153000 Right=-73.641000
DEBUG:root:ScaledLeft: 537.344250 ScaledRight: 209.307750
INFO:root:Looping....
DEBUG:root:This is the line: drive:-75.416:-1.488

DEBUG:root:We got command: drive
DEBUG:root:We got a drive command: rawX:-1.488000 and rawY:-75.416000
DEBUG:root:Reverse to the Left/Straight
DEBUG:root:Left=73.928000 Right=-75.416000
DEBUG:root:ScaledLeft: 541.338000 ScaledRight: 205.314000
INFO:root:Looping....
DEBUG:root:This is the line: drive:-77.498:-1.488

DEBUG:root:We got command: drive
DEBUG:root:We got a drive command: rawX:-1.488000 and rawY:-77.498000
DEBUG:root:Reverse to the Left/Straight
DEBUG:root:Left=76.010000 Right=-77.498000
DEBUG:root:ScaledLeft: 546.022500 ScaledRight: 200.629500
INFO:root:Looping....
DEBUG:root:This is the line: drive:-79.565:-1.488

DEBUG:root:We got command: drive
DEBUG:root:We got a drive command: rawX:-1.488000 and rawY:-79.565000
DEBUG:root:Reverse to the Left/Straight
DEBUG:root:Left=78.077000 Right=-79.565000
DEBUG:root:ScaledLeft: 550.673250 ScaledRight: 195.978750
INFO:root:Looping....
DEBUG:root:This is the line: drive:-81.268:-1.488

DEBUG:root:We got command: drive
DEBUG:root:We got a drive command: rawX:-1.488000 and rawY:-81.268000
DEBUG:root:Reverse to the Left/Straight
DEBUG:root:Left=79.780000 Right=-81.268000
DEBUG:root:ScaledLeft: 554.505000 ScaledRight: 192.147000
INFO:root:Looping....
DEBUG:root:This is the line: drive:-83.286:-1.488

DEBUG:root:We got command: drive
DEBUG:root:We got a drive command: rawX:-1.488000 and rawY:-83.286000
DEBUG:root:Reverse to the Left/Straight
DEBUG:root:Left=81.798000 Right=-83.286000
DEBUG:root:ScaledLeft: 559.045500 ScaledRight: 187.606500
INFO:root:Looping....
DEBUG:root:This is the line: drive:-84.622:-1.488

DEBUG:root:We got command: drive
DEBUG:root:We got a drive command: rawX:-1.488000 and rawY:-84.622000
DEBUG:root:Reverse to the Left/Straight
DEBUG:root:Left=83.134000 Right=-84.622000
DEBUG:root:ScaledLeft: 562.051500 ScaledRight: 184.600500
INFO:root:Looping....
DEBUG:root:This is the line: drive:-85.855:-1.488

DEBUG:root:We got command: drive
DEBUG:root:We got a drive command: rawX:-1.488000 and rawY:-85.855000
DEBUG:root:Reverse to the Left/Straight
DEBUG:root:Left=84.367000 Right=-85.855000
DEBUG:root:ScaledLeft: 564.825750 ScaledRight: 181.826250
INFO:root:Looping....
DEBUG:root:This is the line: drive:-86.695:-1.488

DEBUG:root:We got command: drive
DEBUG:root:We got a drive command: rawX:-1.488000 and rawY:-86.695000
DEBUG:root:Reverse to the Left/Straight
DEBUG:root:Left=85.207000 Right=-86.695000
DEBUG:root:ScaledLeft: 566.715750 ScaledRight: 179.936250
INFO:root:Looping....
DEBUG:root:This is the line: drive:-87.841:-1.488

DEBUG:root:We got command: drive
DEBUG:root:We got a drive command: rawX:-1.488000 and rawY:-87.841000
DEBUG:root:Reverse to the Left/Straight
DEBUG:root:Left=86.353000 Right=-87.841000
DEBUG:root:ScaledLeft: 569.294250 ScaledRight: 177.357750
INFO:root:Looping....
DEBUG:root:This is the line: drive:-88.714:-1.488

DEBUG:root:We got command: drive
DEBUG:root:We got a drive command: rawX:-1.488000 and rawY:-88.714000
DEBUG:root:Reverse to the Left/Straight
DEBUG:root:Left=87.226000 Right=-88.714000
DEBUG:root:ScaledLeft: 571.258500 ScaledRight: 175.393500
INFO:root:Looping....
DEBUG:root:This is the line: drive:-89.481:-1.488

DEBUG:root:We got command: drive
DEBUG:root:We got a drive command: rawX:-1.488000 and rawY:-89.481000
DEBUG:root:Reverse to the Left/Straight
DEBUG:root:Left=87.993000 Right=-89.481000
DEBUG:root:ScaledLeft: 572.984250 ScaledRight: 173.667750
INFO:root:Looping....
DEBUG:root:This is the line: drive:-90.429:-1.488

DEBUG:root:We got command: drive
DEBUG:root:We got a drive command: rawX:-1.488000 and rawY:-90.429000
DEBUG:root:Reverse to the Left/Straight
DEBUG:root:Left=88.941000 Right=-90.429000
DEBUG:root:ScaledLeft: 575.117250 ScaledRight: 171.534750
INFO:root:Looping....
DEBUG:root:This is the line: drive:-90.938:-1.488

DEBUG:root:We got command: drive
DEBUG:root:We got a drive command: rawX:-1.488000 and rawY:-90.938000
DEBUG:root:Reverse to the Left/Straight
DEBUG:root:Left=89.450000 Right=-90.938000
DEBUG:root:ScaledLeft: 576.262500 ScaledRight: 170.389500
INFO:root:Looping....
DEBUG:root:This is the line: drive:-90.857:-1.796

DEBUG:root:We got command: drive
DEBUG:root:We got a drive command: rawX:-1.796000 and rawY:-90.857000
DEBUG:root:Reverse to the Left/Straight
DEBUG:root:Left=89.061000 Right=-90.857000
DEBUG:root:ScaledLeft: 575.387250 ScaledRight: 170.571750
INFO:root:Looping....
DEBUG:root:This is the line: drive:-90.857:-3.295

DEBUG:root:We got command: drive
DEBUG:root:We got a drive command: rawX:-3.295000 and rawY:-90.857000
DEBUG:root:Reverse to the Left/Straight
DEBUG:root:Left=87.562000 Right=-90.857000
DEBUG:root:ScaledLeft: 572.014500 ScaledRight: 170.571750
INFO:root:Looping....
DEBUG:root:This is the line: drive:-89.685:-5.09

DEBUG:root:We got command: drive
DEBUG:root:We got a drive command: rawX:-5.090000 and rawY:-89.685000
DEBUG:root:Reverse to the Left/Straight
DEBUG:root:Left=84.595000 Right=-89.685000
DEBUG:root:ScaledLeft: 565.338750 ScaledRight: 173.208750
INFO:root:Looping....
DEBUG:root:This is the line: drive:-85.526:-7.308

DEBUG:root:We got command: drive
DEBUG:root:We got a drive command: rawX:-7.308000 and rawY:-85.526000
DEBUG:root:Reverse to the Left/Straight
DEBUG:root:Left=78.218000 Right=-85.526000
DEBUG:root:ScaledLeft: 550.990500 ScaledRight: 182.566500
INFO:root:Looping....
DEBUG:root:This is the line: drive:-79.966:-9.086

DEBUG:root:We got command: drive
DEBUG:root:We got a drive command: rawX:-9.086000 and rawY:-79.966000
DEBUG:root:Reverse to the Left/Straight
DEBUG:root:Left=70.880000 Right=-79.966000
DEBUG:root:ScaledLeft: 534.480000 ScaledRight: 195.076500
INFO:root:Looping....
DEBUG:root:This is the line: drive:-71.569:-11.273

DEBUG:root:We got command: drive
DEBUG:root:We got a drive command: rawX:-11.273000 and rawY:-71.569000
DEBUG:root:Reverse to the Left/Straight
DEBUG:root:Left=60.296000 Right=-71.569000
DEBUG:root:ScaledLeft: 510.666000 ScaledRight: 213.969750
INFO:root:Looping....
DEBUG:root:This is the line: drive:-63.65:-12.798

DEBUG:root:We got command: drive
DEBUG:root:We got a drive command: rawX:-12.798000 and rawY:-63.650000
DEBUG:root:Reverse to the Left/Straight
DEBUG:root:Left=50.852000 Right=-63.650000
DEBUG:root:ScaledLeft: 489.417000 ScaledRight: 231.787500
INFO:root:Looping....
DEBUG:root:This is the line: drive:-57.516:-12.798

DEBUG:root:We got command: drive
DEBUG:root:We got a drive command: rawX:-12.798000 and rawY:-57.516000
DEBUG:root:Reverse to the Left/Straight
DEBUG:root:Left=44.718000 Right=-57.516000
DEBUG:root:ScaledLeft: 475.615500 ScaledRight: 245.589000
INFO:root:Looping....
DEBUG:root:This is the line: drive:-49.719:-12.798

DEBUG:root:We got command: drive
DEBUG:root:We got a drive command: rawX:-12.798000 and rawY:-49.719000
DEBUG:root:Reverse to the Left/Straight
DEBUG:root:Left=36.921000 Right=-49.719000
DEBUG:root:ScaledLeft: 458.072250 ScaledRight: 263.132250
INFO:root:Looping....
DEBUG:root:This is the line: drive:-43.941:-12.798

DEBUG:root:We got command: drive
DEBUG:root:We got a drive command: rawX:-12.798000 and rawY:-43.941000
DEBUG:root:Reverse to the Left/Straight
DEBUG:root:Left=31.143000 Right=-43.941000
DEBUG:root:ScaledLeft: 445.071750 ScaledRight: 276.132750
INFO:root:Looping....
DEBUG:root:This is the line: drive:-37.538:-12.798

DEBUG:root:We got command: drive
DEBUG:root:We got a drive command: rawX:-12.798000 and rawY:-37.538000
DEBUG:root:Reverse to the Left/Straight
DEBUG:root:Left=24.740000 Right=-37.538000
DEBUG:root:ScaledLeft: 430.665000 ScaledRight: 290.539500
INFO:root:Looping....
DEBUG:root:This is the line: drive:-30.277:-12.798

DEBUG:root:We got command: drive
DEBUG:root:We got a drive command: rawX:-12.798000 and rawY:-30.277000
DEBUG:root:Reverse to the Left/Straight
DEBUG:root:Left=17.479000 Right=-30.277000
DEBUG:root:ScaledLeft: 414.327750 ScaledRight: 306.876750
INFO:root:Looping....
DEBUG:root:This is the line: drive:-23.576:-12.798

DEBUG:root:We got command: drive
DEBUG:root:We got a drive command: rawX:-12.798000 and rawY:-23.576000
DEBUG:root:Reverse to the Left/Straight
DEBUG:root:Left=10.778000 Right=-23.576000
DEBUG:root:ScaledLeft: 399.250500 ScaledRight: 321.954000
INFO:root:Looping....
DEBUG:root:This is the line: drive:-17.286:-12.798

DEBUG:root:We got command: drive
DEBUG:root:We got a drive command: rawX:-12.798000 and rawY:-17.286000
DEBUG:root:Reverse to the Left/Straight
DEBUG:root:Left=4.488000 Right=-17.286000
DEBUG:root:ScaledLeft: 385.098000 ScaledRight: 336.106500
INFO:root:Looping....
DEBUG:root:This is the line: drive:-11.081:-12.798

DEBUG:root:We got command: drive
DEBUG:root:We got a drive command: rawX:-12.798000 and rawY:-11.081000
DEBUG:root:Reverse to the Left/Straight
DEBUG:root:Left=-1.717000 Right=-11.081000
DEBUG:root:ScaledLeft: 371.136750 ScaledRight: 350.067750
INFO:root:Looping....
DEBUG:root:This is the line: drive:-4.676:-12.798

DEBUG:root:We got command: drive
DEBUG:root:We got a drive command: rawX:-12.798000 and rawY:-4.676000
DEBUG:root:Reverse to the Left/Straight
DEBUG:root:Left=-8.122000 Right=-4.676000
DEBUG:root:ScaledLeft: 356.725500 ScaledRight: 364.479000
INFO:root:Looping....
DEBUG:root:This is the line: drive:-0.549:-12.798

DEBUG:root:We got command: drive
DEBUG:root:We got a drive command: rawX:-12.798000 and rawY:-0.549000
DEBUG:root:Reverse to the Left/Straight
DEBUG:root:Left=-12.249000 Right=-0.549000
DEBUG:root:ScaledLeft: 347.439750 ScaledRight: 373.764750
INFO:root:Looping....
DEBUG:root:This is the line: drive:4.384:-12.202

DEBUG:root:We got command: drive
DEBUG:root:We got a drive command: rawX:-12.202000 and rawY:4.384000
DEBUG:root:Forward to the Left/Straight
DEBUG:root:Left=-16.586000 Right=4.384000
DEBUG:root:ScaledLeft: 337.681500 ScaledRight: 384.864000
INFO:root:Looping....
DEBUG:root:This is the line: drive:9.286:-11.756

DEBUG:root:We got command: drive
DEBUG:root:We got a drive command: rawX:-11.756000 and rawY:9.286000
DEBUG:root:Forward to the Left/Straight
DEBUG:root:Left=-21.042000 Right=9.286000
DEBUG:root:ScaledLeft: 327.655500 ScaledRight: 395.893500
INFO:root:Looping....
DEBUG:root:This is the line: drive:14.126:-10.946

DEBUG:root:We got command: drive
DEBUG:root:We got a drive command: rawX:-10.946000 and rawY:14.126000
DEBUG:root:Forward to the Left/Straight
DEBUG:root:Left=-25.072000 Right=14.126000
DEBUG:root:ScaledLeft: 318.588000 ScaledRight: 406.783500
INFO:root:Looping....
DEBUG:root:This is the line: drive:18.592:-10.417

DEBUG:root:We got command: drive
DEBUG:root:We got a drive command: rawX:-10.417000 and rawY:18.592000
DEBUG:root:Forward to the Left/Straight
DEBUG:root:Left=-29.009000 Right=18.592000
DEBUG:root:ScaledLeft: 309.729750 ScaledRight: 416.832000
INFO:root:Looping....
DEBUG:root:This is the line: drive:23.481:-9.902

DEBUG:root:We got command: drive
DEBUG:root:We got a drive command: rawX:-9.902000 and rawY:23.481000
DEBUG:root:Forward to the Left/Straight
DEBUG:root:Left=-33.383000 Right=23.481000
DEBUG:root:ScaledLeft: 299.888250 ScaledRight: 427.832250
INFO:root:Looping....
DEBUG:root:This is the line: drive:28.957:-9.524

DEBUG:root:We got command: drive
DEBUG:root:We got a drive command: rawX:-9.524000 and rawY:28.957000
DEBUG:root:Forward to the Left/Straight
DEBUG:root:Left=-38.481000 Right=28.957000
DEBUG:root:ScaledLeft: 288.417750 ScaledRight: 440.153250
INFO:root:Looping....
DEBUG:root:This is the line: drive:32.687:-9.524

DEBUG:root:We got command: drive
DEBUG:root:We got a drive command: rawX:-9.524000 and rawY:32.687000
DEBUG:root:Forward to the Left/Straight
DEBUG:root:Left=-42.211000 Right=32.687000
DEBUG:root:ScaledLeft: 280.025250 ScaledRight: 448.545750
INFO:root:Looping....
DEBUG:root:This is the line: drive:38.125:-8.566

DEBUG:root:We got command: drive
DEBUG:root:We got a drive command: rawX:-8.566000 and rawY:38.125000
DEBUG:root:Forward to the Left/Straight
DEBUG:root:Left=-46.691000 Right=38.125000
DEBUG:root:ScaledLeft: 269.945250 ScaledRight: 460.781250
INFO:root:Looping....
DEBUG:root:This is the line: drive:42.266:-7.897

DEBUG:root:We got command: drive
DEBUG:root:We got a drive command: rawX:-7.897000 and rawY:42.266000
DEBUG:root:Forward to the Left/Straight
DEBUG:root:Left=-50.163000 Right=42.266000
DEBUG:root:ScaledLeft: 262.133250 ScaledRight: 470.098500
INFO:root:Looping....
DEBUG:root:This is the line: drive:45.682:-7.44

DEBUG:root:We got command: drive
DEBUG:root:We got a drive command: rawX:-7.440000 and rawY:45.682000
DEBUG:root:Forward to the Left/Straight
DEBUG:root:Left=-53.122000 Right=45.682000
DEBUG:root:ScaledLeft: 255.475500 ScaledRight: 477.784500
INFO:root:Looping....
DEBUG:root:This is the line: drive:49.889:-6.548

DEBUG:root:We got command: drive
DEBUG:root:We got a drive command: rawX:-6.548000 and rawY:49.889000
DEBUG:root:Forward to the Left/Straight
DEBUG:root:Left=-56.437000 Right=49.889000
DEBUG:root:ScaledLeft: 248.016750 ScaledRight: 487.250250
INFO:root:Looping....
DEBUG:root:This is the line: drive:53.39:-6.548

DEBUG:root:We got command: drive
DEBUG:root:We got a drive command: rawX:-6.548000 and rawY:53.390000
DEBUG:root:Forward to the Left/Straight
DEBUG:root:Left=-59.938000 Right=53.390000
DEBUG:root:ScaledLeft: 240.139500 ScaledRight: 495.127500
INFO:root:Looping....
DEBUG:root:This is the line: drive:57.562:-6.548

DEBUG:root:We got command: drive
DEBUG:root:We got a drive command: rawX:-6.548000 and rawY:57.562000
DEBUG:root:Forward to the Left/Straight
DEBUG:root:Left=-64.110000 Right=57.562000
DEBUG:root:ScaledLeft: 230.752500 ScaledRight: 504.514500
INFO:root:Looping....
DEBUG:root:This is the line: drive:62.319:-6.548

DEBUG:root:We got command: drive
DEBUG:root:We got a drive command: rawX:-6.548000 and rawY:62.319000
DEBUG:root:Forward to the Left/Straight
DEBUG:root:Left=-68.867000 Right=62.319000
DEBUG:root:ScaledLeft: 220.049250 ScaledRight: 515.217750
INFO:root:Looping....
DEBUG:root:This is the line: drive:65.848:-6.548

DEBUG:root:We got command: drive
DEBUG:root:We got a drive command: rawX:-6.548000 and rawY:65.848000
DEBUG:root:Forward to the Left/Straight
DEBUG:root:Left=-72.396000 Right=65.848000
DEBUG:root:ScaledLeft: 212.109000 ScaledRight: 523.158000
INFO:root:Looping....
DEBUG:root:This is the line: drive:67.981:-6.548

DEBUG:root:We got command: drive
DEBUG:root:We got a drive command: rawX:-6.548000 and rawY:67.981000
DEBUG:root:Forward to the Left/Straight
DEBUG:root:Left=-74.529000 Right=67.981000
DEBUG:root:ScaledLeft: 207.309750 ScaledRight: 527.957250
INFO:root:Looping....
DEBUG:root:This is the line: drive:71.57:-6.548

DEBUG:root:We got command: drive
DEBUG:root:We got a drive command: rawX:-6.548000 and rawY:71.570000
DEBUG:root:Forward to the Left/Straight
DEBUG:root:Left=-78.118000 Right=71.570000
DEBUG:root:ScaledLeft: 199.234500 ScaledRight: 536.032500
INFO:root:Looping....
DEBUG:root:This is the line: drive:73.685:-6.548

DEBUG:root:We got command: drive
DEBUG:root:We got a drive command: rawX:-6.548000 and rawY:73.685000
DEBUG:root:Forward to the Left/Straight
DEBUG:root:Left=-80.233000 Right=73.685000
DEBUG:root:ScaledLeft: 194.475750 ScaledRight: 540.791250
INFO:root:Looping....
DEBUG:root:This is the line: drive:75.422:-6.548

DEBUG:root:We got command: drive
DEBUG:root:We got a drive command: rawX:-6.548000 and rawY:75.422000
DEBUG:root:Forward to the Left/Straight
DEBUG:root:Left=-81.970000 Right=75.422000
DEBUG:root:ScaledLeft: 190.567500 ScaledRight: 544.699500
INFO:root:Looping....
DEBUG:root:This is the line: drive:78.0:-6.282

DEBUG:root:We got command: drive
DEBUG:root:We got a drive command: rawX:-6.282000 and rawY:78.000000
DEBUG:root:Forward to the Left/Straight
DEBUG:root:Left=-84.282000 Right=78.000000
DEBUG:root:ScaledLeft: 185.365500 ScaledRight: 550.500000
INFO:root:Looping....
DEBUG:root:This is the line: drive:0:0

DEBUG:root:We got command: drive
DEBUG:root:We got a drive command: rawX:0.000000 and rawY:0.000000
DEBUG:root:Left=0.000000 Right=0.000000
DEBUG:root:ScaledLeft: 375.000000 ScaledRight: 375.000000
INFO:root:Looping....
DEBUG:root:This is the line: drive:78.286:-4.762

DEBUG:root:We got command: drive
DEBUG:root:We got a drive command: rawX:-4.762000 and rawY:78.286000
DEBUG:root:Forward to the Left/Straight
DEBUG:root:Left=-83.048000 Right=78.286000
DEBUG:root:ScaledLeft: 188.142000 ScaledRight: 551.143500
INFO:root:Looping....
DEBUG:root:This is the line: drive:8.571:11.555

DEBUG:root:We got command: drive
DEBUG:root:We got a drive command: rawX:11.555000 and rawY:8.571000
DEBUG:root:Forward to the Right
DEBUG:root:Left=-8.571000 Right=-2.984000
DEBUG:root:ScaledLeft: 355.715250 ScaledRight: 368.286000
INFO:root:Looping....
DEBUG:root:This is the line: drive:9.089:5.583

DEBUG:root:We got command: drive
DEBUG:root:We got a drive command: rawX:5.583000 and rawY:9.089000
DEBUG:root:Forward to the Right
DEBUG:root:Left=-9.089000 Right=3.506000
DEBUG:root:ScaledLeft: 354.549750 ScaledRight: 382.888500
INFO:root:Looping....
DEBUG:root:This is the line: drive:10.857:-3.219

DEBUG:root:We got command: drive
DEBUG:root:We got a drive command: rawX:-3.219000 and rawY:10.857000
DEBUG:root:Forward to the Left/Straight
DEBUG:root:Left=-14.076000 Right=10.857000
DEBUG:root:ScaledLeft: 343.329000 ScaledRight: 399.428250
INFO:root:Looping....
DEBUG:root:This is the line: drive:10.857:-8.326

DEBUG:root:We got command: drive
DEBUG:root:We got a drive command: rawX:-8.326000 and rawY:10.857000
DEBUG:root:Forward to the Left/Straight
DEBUG:root:Left=-19.183000 Right=10.857000
DEBUG:root:ScaledLeft: 331.838250 ScaledRight: 399.428250
INFO:root:Looping....
DEBUG:root:This is the line: drive:10.857:-12.812

DEBUG:root:We got command: drive
DEBUG:root:We got a drive command: rawX:-12.812000 and rawY:10.857000
DEBUG:root:Forward to the Left/Straight
DEBUG:root:Left=-23.669000 Right=10.857000
DEBUG:root:ScaledLeft: 321.744750 ScaledRight: 399.428250
INFO:root:Looping....
DEBUG:root:This is the line: drive:10.857:-17.29

DEBUG:root:We got command: drive
DEBUG:root:We got a drive command: rawX:-17.290000 and rawY:10.857000
DEBUG:root:Forward to the Left/Straight
DEBUG:root:Left=-28.147000 Right=10.857000
DEBUG:root:ScaledLeft: 311.669250 ScaledRight: 399.428250
INFO:root:Looping....
DEBUG:root:This is the line: drive:10.857:-22.421

DEBUG:root:We got command: drive
DEBUG:root:We got a drive command: rawX:-22.421000 and rawY:10.857000
DEBUG:root:Forward to the Left/Straight
DEBUG:root:Left=-33.278000 Right=10.857000
DEBUG:root:ScaledLeft: 300.124500 ScaledRight: 399.428250
INFO:root:Looping....
DEBUG:root:This is the line: drive:10.286:-26.247

DEBUG:root:We got command: drive
DEBUG:root:We got a drive command: rawX:-26.247000 and rawY:10.286000
DEBUG:root:Forward to the Left/Straight
DEBUG:root:Left=-36.533000 Right=10.286000
DEBUG:root:ScaledLeft: 292.800750 ScaledRight: 398.143500
INFO:root:Looping....
DEBUG:root:This is the line: drive:10.286:-28.083

DEBUG:root:We got command: drive
DEBUG:root:We got a drive command: rawX:-28.083000 and rawY:10.286000
DEBUG:root:Forward to the Left/Straight
DEBUG:root:Left=-38.369000 Right=10.286000
DEBUG:root:ScaledLeft: 288.669750 ScaledRight: 398.143500
INFO:root:Looping....
DEBUG:root:This is the line: drive:10.286:-29.018

DEBUG:root:We got command: drive
DEBUG:root:We got a drive command: rawX:-29.018000 and rawY:10.286000
DEBUG:root:Forward to the Left/Straight
DEBUG:root:Left=-39.304000 Right=10.286000
DEBUG:root:ScaledLeft: 286.566000 ScaledRight: 398.143500
INFO:root:Looping....
DEBUG:root:This is the line: drive:9.671:-28.869

DEBUG:root:We got command: drive
DEBUG:root:We got a drive command: rawX:-28.869000 and rawY:9.671000
DEBUG:root:Forward to the Left/Straight
DEBUG:root:Left=-38.540000 Right=9.671000
DEBUG:root:ScaledLeft: 288.285000 ScaledRight: 396.759750
INFO:root:Looping....
DEBUG:root:This is the line: drive:0:0

DEBUG:root:We got command: drive
DEBUG:root:We got a drive command: rawX:0.000000 and rawY:0.000000
DEBUG:root:Left=0.000000 Right=0.000000
DEBUG:root:ScaledLeft: 375.000000 ScaledRight: 375.000000
INFO:root:Looping....
DEBUG:root:This is the line: drive:9.429:-28.571

DEBUG:root:We got command: drive
DEBUG:root:We got a drive command: rawX:-28.571000 and rawY:9.429000
DEBUG:root:Forward to the Left/Straight
DEBUG:root:Left=-38.000000 Right=9.429000
DEBUG:root:ScaledLeft: 289.500000 ScaledRight: 396.215250
INFO:root:Looping....
DEBUG:root:This is the line: drive:-3.429:9.821

DEBUG:root:We got command: drive
DEBUG:root:We got a drive command: rawX:9.821000 and rawY:-3.429000
DEBUG:root:Reverse to the Right
DEBUG:root:Left=3.429000 Right=-13.250000
DEBUG:root:ScaledLeft: 382.715250 ScaledRight: 345.187500
INFO:root:Looping....
DEBUG:root:This is the line: drive:3.584:6.548

DEBUG:root:We got command: drive
DEBUG:root:We got a drive command: rawX:6.548000 and rawY:3.584000
DEBUG:root:Forward to the Right
DEBUG:root:Left=-3.584000 Right=-2.964000
DEBUG:root:ScaledLeft: 366.936000 ScaledRight: 368.331000
INFO:root:Looping....
DEBUG:root:This is the line: drive:13.386:6.548

DEBUG:root:We got command: drive
DEBUG:root:We got a drive command: rawX:6.548000 and rawY:13.386000
DEBUG:root:Forward to the Right
DEBUG:root:Left=-13.386000 Right=6.838000
DEBUG:root:ScaledLeft: 344.881500 ScaledRight: 390.385500
INFO:root:Looping....
DEBUG:root:This is the line: drive:24.429:6.548

DEBUG:root:We got command: drive
DEBUG:root:We got a drive command: rawX:6.548000 and rawY:24.429000
DEBUG:root:Forward to the Right
DEBUG:root:Left=-24.429000 Right=17.881000
DEBUG:root:ScaledLeft: 320.034750 ScaledRight: 415.232250
INFO:root:Looping....
DEBUG:root:This is the line: drive:31.989:6.548

DEBUG:root:We got command: drive
DEBUG:root:We got a drive command: rawX:6.548000 and rawY:31.989000
DEBUG:root:Forward to the Right
DEBUG:root:Left=-31.989000 Right=25.441000
DEBUG:root:ScaledLeft: 303.024750 ScaledRight: 432.242250
INFO:root:Looping....
DEBUG:root:This is the line: drive:37.319:6.548

DEBUG:root:We got command: drive
DEBUG:root:We got a drive command: rawX:6.548000 and rawY:37.319000
DEBUG:root:Forward to the Right
DEBUG:root:Left=-37.319000 Right=30.771000
DEBUG:root:ScaledLeft: 291.032250 ScaledRight: 444.234750
INFO:root:Looping....
DEBUG:root:This is the line: drive:40.98:6.845

DEBUG:root:We got command: drive
DEBUG:root:We got a drive command: rawX:6.845000 and rawY:40.980000
DEBUG:root:Forward to the Right
DEBUG:root:Left=-40.980000 Right=34.135000
DEBUG:root:ScaledLeft: 282.795000 ScaledRight: 451.803750
INFO:root:Looping....
DEBUG:root:This is the line: drive:44.291:6.845

DEBUG:root:We got command: drive
DEBUG:root:We got a drive command: rawX:6.845000 and rawY:44.291000
DEBUG:root:Forward to the Right
DEBUG:root:Left=-44.291000 Right=37.446000
DEBUG:root:ScaledLeft: 275.345250 ScaledRight: 459.253500
INFO:root:Looping....
DEBUG:root:This is the line: drive:46.076:6.845

DEBUG:root:We got command: drive
DEBUG:root:We got a drive command: rawX:6.845000 and rawY:46.076000
DEBUG:root:Forward to the Right
DEBUG:root:Left=-46.076000 Right=39.231000
DEBUG:root:ScaledLeft: 271.329000 ScaledRight: 463.269750
INFO:root:Looping....
DEBUG:root:This is the line: drive:49.015:7.307

DEBUG:root:We got command: drive
DEBUG:root:We got a drive command: rawX:7.307000 and rawY:49.015000
DEBUG:root:Forward to the Right
DEBUG:root:Left=-49.015000 Right=41.708000
DEBUG:root:ScaledLeft: 264.716250 ScaledRight: 468.843000
INFO:root:Looping....
DEBUG:root:This is the line: drive:0:0

DEBUG:root:We got command: drive
DEBUG:root:We got a drive command: rawX:0.000000 and rawY:0.000000
DEBUG:root:Left=0.000000 Right=0.000000
DEBUG:root:ScaledLeft: 375.000000 ScaledRight: 375.000000
INFO:root:Looping....
DEBUG:root:This is the line: drive:49.143:9.226

DEBUG:root:We got command: drive
DEBUG:root:We got a drive command: rawX:9.226000 and rawY:49.143000
DEBUG:root:Forward to the Right
DEBUG:root:Left=-49.143000 Right=39.917000
DEBUG:root:ScaledLeft: 264.428250 ScaledRight: 464.813250
INFO:root:Looping....
DEBUG:root:This is the line: drive:24.857:5.06

DEBUG:root:We got command: drive
DEBUG:root:We got a drive command: rawX:5.060000 and rawY:24.857000
DEBUG:root:Forward to the Right
DEBUG:root:Left=-24.857000 Right=19.797000
DEBUG:root:ScaledLeft: 319.071750 ScaledRight: 419.543250
INFO:root:Looping....
DEBUG:root:This is the line: drive:24.857:5.06

DEBUG:root:We got command: drive
DEBUG:root:We got a drive command: rawX:5.060000 and rawY:24.857000
DEBUG:root:Forward to the Right
DEBUG:root:Left=-24.857000 Right=19.797000
DEBUG:root:ScaledLeft: 319.071750 ScaledRight: 419.543250
INFO:root:Looping....
DEBUG:root:This is the line: drive:31.167:5.06

DEBUG:root:We got command: drive
DEBUG:root:We got a drive command: rawX:5.060000 and rawY:31.167000
DEBUG:root:Forward to the Right
DEBUG:root:Left=-31.167000 Right=26.107000
DEBUG:root:ScaledLeft: 304.874250 ScaledRight: 433.740750
INFO:root:Looping....
DEBUG:root:This is the line: drive:36.143:5.06

DEBUG:root:We got command: drive
DEBUG:root:We got a drive command: rawX:5.060000 and rawY:36.143000
DEBUG:root:Forward to the Right
DEBUG:root:Left=-36.143000 Right=31.083000
DEBUG:root:ScaledLeft: 293.678250 ScaledRight: 444.936750
INFO:root:Looping....
DEBUG:root:This is the line: drive:40.832:5.06

DEBUG:root:We got command: drive
DEBUG:root:We got a drive command: rawX:5.060000 and rawY:40.832000
DEBUG:root:Forward to the Right
DEBUG:root:Left=-40.832000 Right=35.772000
DEBUG:root:ScaledLeft: 283.128000 ScaledRight: 455.487000
INFO:root:Looping....
DEBUG:root:This is the line: drive:45.531:5.06

DEBUG:root:We got command: drive
DEBUG:root:We got a drive command: rawX:5.060000 and rawY:45.531000
DEBUG:root:Forward to the Right
DEBUG:root:Left=-45.531000 Right=40.471000
DEBUG:root:ScaledLeft: 272.555250 ScaledRight: 466.059750
INFO:root:Looping....
DEBUG:root:This is the line: drive:49.065:5.06

DEBUG:root:We got command: drive
DEBUG:root:We got a drive command: rawX:5.060000 and rawY:49.065000
DEBUG:root:Forward to the Right
DEBUG:root:Left=-49.065000 Right=44.005000
DEBUG:root:ScaledLeft: 264.603750 ScaledRight: 474.011250
INFO:root:Looping....
DEBUG:root:This is the line: drive:52.956:5.06

DEBUG:root:We got command: drive
DEBUG:root:We got a drive command: rawX:5.060000 and rawY:52.956000
DEBUG:root:Forward to the Right
DEBUG:root:Left=-52.956000 Right=47.896000
DEBUG:root:ScaledLeft: 255.849000 ScaledRight: 482.766000
INFO:root:Looping....
DEBUG:root:This is the line: drive:54.798:5.06

DEBUG:root:We got command: drive
DEBUG:root:We got a drive command: rawX:5.060000 and rawY:54.798000
DEBUG:root:Forward to the Right
DEBUG:root:Left=-54.798000 Right=49.738000
DEBUG:root:ScaledLeft: 251.704500 ScaledRight: 486.910500
INFO:root:Looping....
DEBUG:root:This is the line: drive:57.142:5.06

DEBUG:root:We got command: drive
DEBUG:root:We got a drive command: rawX:5.060000 and rawY:57.142000
DEBUG:root:Forward to the Right
DEBUG:root:Left=-57.142000 Right=52.082000
DEBUG:root:ScaledLeft: 246.430500 ScaledRight: 492.184500
INFO:root:Looping....
DEBUG:root:This is the line: drive:59.284:5.06

DEBUG:root:We got command: drive
DEBUG:root:We got a drive command: rawX:5.060000 and rawY:59.284000
DEBUG:root:Forward to the Right
DEBUG:root:Left=-59.284000 Right=54.224000
DEBUG:root:ScaledLeft: 241.611000 ScaledRight: 497.004000
INFO:root:Looping....
DEBUG:root:This is the line: drive:61.814:5.06

DEBUG:root:We got command: drive
DEBUG:root:We got a drive command: rawX:5.060000 and rawY:61.814000
DEBUG:root:Forward to the Right
DEBUG:root:Left=-61.814000 Right=56.754000
DEBUG:root:ScaledLeft: 235.918500 ScaledRight: 502.696500
INFO:root:Looping....
DEBUG:root:This is the line: drive:64.028:5.06

DEBUG:root:We got command: drive
DEBUG:root:We got a drive command: rawX:5.060000 and rawY:64.028000
DEBUG:root:Forward to the Right
DEBUG:root:Left=-64.028000 Right=58.968000
DEBUG:root:ScaledLeft: 230.937000 ScaledRight: 507.678000
INFO:root:Looping....
DEBUG:root:This is the line: drive:65.798:5.06

DEBUG:root:We got command: drive
DEBUG:root:We got a drive command: rawX:5.060000 and rawY:65.798000
DEBUG:root:Forward to the Right
DEBUG:root:Left=-65.798000 Right=60.738000
DEBUG:root:ScaledLeft: 226.954500 ScaledRight: 511.660500
INFO:root:Looping....
DEBUG:root:This is the line: drive:67.934:5.06

DEBUG:root:We got command: drive
DEBUG:root:We got a drive command: rawX:5.060000 and rawY:67.934000
DEBUG:root:Forward to the Right
DEBUG:root:Left=-67.934000 Right=62.874000
DEBUG:root:ScaledLeft: 222.148500 ScaledRight: 516.466500
INFO:root:Looping....
DEBUG:root:This is the line: drive:69.705:5.06

DEBUG:root:We got command: drive
DEBUG:root:We got a drive command: rawX:5.060000 and rawY:69.705000
DEBUG:root:Forward to the Right
DEBUG:root:Left=-69.705000 Right=64.645000
DEBUG:root:ScaledLeft: 218.163750 ScaledRight: 520.451250
INFO:root:Looping....
DEBUG:root:This is the line: drive:71.829:5.06

DEBUG:root:We got command: drive
DEBUG:root:We got a drive command: rawX:5.060000 and rawY:71.829000
DEBUG:root:Forward to the Right
DEBUG:root:Left=-71.829000 Right=66.769000
DEBUG:root:ScaledLeft: 213.384750 ScaledRight: 525.230250
INFO:root:Looping....
DEBUG:root:This is the line: drive:72.869:5.357

DEBUG:root:We got command: drive
DEBUG:root:We got a drive command: rawX:5.357000 and rawY:72.869000
DEBUG:root:Forward to the Right
DEBUG:root:Left=-72.869000 Right=67.512000
DEBUG:root:ScaledLeft: 211.044750 ScaledRight: 526.902000
INFO:root:Looping....
DEBUG:root:This is the line: drive:73.158:5.357

DEBUG:root:We got command: drive
DEBUG:root:We got a drive command: rawX:5.357000 and rawY:73.158000
DEBUG:root:Forward to the Right
DEBUG:root:Left=-73.158000 Right=67.801000
DEBUG:root:ScaledLeft: 210.394500 ScaledRight: 527.552250
INFO:root:Looping....
DEBUG:root:This is the line: drive:73.831:5.357

DEBUG:root:We got command: drive
DEBUG:root:We got a drive command: rawX:5.357000 and rawY:73.831000
DEBUG:root:Forward to the Right
DEBUG:root:Left=-73.831000 Right=68.474000
DEBUG:root:ScaledLeft: 208.880250 ScaledRight: 529.066500
INFO:root:Looping....
DEBUG:root:This is the line: drive:74.857:5.552

DEBUG:root:We got command: drive
DEBUG:root:We got a drive command: rawX:5.552000 and rawY:74.857000
DEBUG:root:Forward to the Right
DEBUG:root:Left=-74.857000 Right=69.305000
DEBUG:root:ScaledLeft: 206.571750 ScaledRight: 530.936250
INFO:root:Looping....
DEBUG:root:This is the line: drive:75.174:5.655

DEBUG:root:We got command: drive
DEBUG:root:We got a drive command: rawX:5.655000 and rawY:75.174000
DEBUG:root:Forward to the Right
DEBUG:root:Left=-75.174000 Right=69.519000
DEBUG:root:ScaledLeft: 205.858500 ScaledRight: 531.417750
INFO:root:Looping....
DEBUG:root:This is the line: drive:75.857:5.655

DEBUG:root:We got command: drive
DEBUG:root:We got a drive command: rawX:5.655000 and rawY:75.857000
DEBUG:root:Forward to the Right
DEBUG:root:Left=-75.857000 Right=70.202000
DEBUG:root:ScaledLeft: 204.321750 ScaledRight: 532.954500
INFO:root:Looping....
DEBUG:root:This is the line: drive:76.714:5.655

DEBUG:root:We got command: drive
DEBUG:root:We got a drive command: rawX:5.655000 and rawY:76.714000
DEBUG:root:Forward to the Right
DEBUG:root:Left=-76.714000 Right=71.059000
DEBUG:root:ScaledLeft: 202.393500 ScaledRight: 534.882750
INFO:root:Looping....
DEBUG:root:This is the line: drive:77.169:5.655

DEBUG:root:We got command: drive
DEBUG:root:We got a drive command: rawX:5.655000 and rawY:77.169000
DEBUG:root:Forward to the Right
DEBUG:root:Left=-77.169000 Right=71.514000
DEBUG:root:ScaledLeft: 201.369750 ScaledRight: 535.906500
INFO:root:Looping....
DEBUG:root:This is the line: drive:77.72:5.958

DEBUG:root:We got command: drive
DEBUG:root:We got a drive command: rawX:5.958000 and rawY:77.720000
DEBUG:root:Forward to the Right
DEBUG:root:Left=-77.720000 Right=71.762000
DEBUG:root:ScaledLeft: 200.130000 ScaledRight: 536.464500
INFO:root:Looping....
DEBUG:root:This is the line: drive:77.72:5.958

DEBUG:root:We got command: drive
DEBUG:root:We got a drive command: rawX:5.958000 and rawY:77.720000
DEBUG:root:Forward to the Right
DEBUG:root:Left=-77.720000 Right=71.762000
DEBUG:root:ScaledLeft: 200.130000 ScaledRight: 536.464500
INFO:root:Looping....
DEBUG:root:This is the line: drive:78.367:5.952

DEBUG:root:We got command: drive
DEBUG:root:We got a drive command: rawX:5.952000 and rawY:78.367000
DEBUG:root:Forward to the Right
DEBUG:root:Left=-78.367000 Right=72.415000
DEBUG:root:ScaledLeft: 198.674250 ScaledRight: 537.933750
INFO:root:Looping....
DEBUG:root:This is the line: drive:78.685:5.952

DEBUG:root:We got command: drive
DEBUG:root:We got a drive command: rawX:5.952000 and rawY:78.685000
DEBUG:root:Forward to the Right
DEBUG:root:Left=-78.685000 Right=72.733000
DEBUG:root:ScaledLeft: 197.958750 ScaledRight: 538.649250
INFO:root:Looping....
DEBUG:root:This is the line: drive:78.908:5.952

DEBUG:root:We got command: drive
DEBUG:root:We got a drive command: rawX:5.952000 and rawY:78.908000
DEBUG:root:Forward to the Right
DEBUG:root:Left=-78.908000 Right=72.956000
DEBUG:root:ScaledLeft: 197.457000 ScaledRight: 539.151000
INFO:root:Looping....
DEBUG:root:This is the line: drive:78.908:5.952

DEBUG:root:We got command: drive
DEBUG:root:We got a drive command: rawX:5.952000 and rawY:78.908000
DEBUG:root:Forward to the Right
DEBUG:root:Left=-78.908000 Right=72.956000
DEBUG:root:ScaledLeft: 197.457000 ScaledRight: 539.151000
INFO:root:Looping....
DEBUG:root:This is the line: drive:79.151:5.952

DEBUG:root:We got command: drive
DEBUG:root:We got a drive command: rawX:5.952000 and rawY:79.151000
DEBUG:root:Forward to the Right
DEBUG:root:Left=-79.151000 Right=73.199000
DEBUG:root:ScaledLeft: 196.910250 ScaledRight: 539.697750
INFO:root:Looping....
DEBUG:root:This is the line: drive:79.151:5.952

DEBUG:root:We got command: drive
DEBUG:root:We got a drive command: rawX:5.952000 and rawY:79.151000
DEBUG:root:Forward to the Right
DEBUG:root:Left=-79.151000 Right=73.199000
DEBUG:root:ScaledLeft: 196.910250 ScaledRight: 539.697750
INFO:root:Looping....
DEBUG:root:This is the line: drive:79.151:5.952

DEBUG:root:We got command: drive
DEBUG:root:We got a drive command: rawX:5.952000 and rawY:79.151000
DEBUG:root:Forward to the Right
DEBUG:root:Left=-79.151000 Right=73.199000
DEBUG:root:ScaledLeft: 196.910250 ScaledRight: 539.697750
INFO:root:Looping....
DEBUG:root:This is the line: drive:79.151:5.952

DEBUG:root:We got command: drive
DEBUG:root:We got a drive command: rawX:5.952000 and rawY:79.151000
DEBUG:root:Forward to the Right
DEBUG:root:Left=-79.151000 Right=73.199000
DEBUG:root:ScaledLeft: 196.910250 ScaledRight: 539.697750
INFO:root:Looping....
DEBUG:root:This is the line: drive:79.151:5.952

DEBUG:root:We got command: drive
DEBUG:root:We got a drive command: rawX:5.952000 and rawY:79.151000
DEBUG:root:Forward to the Right
DEBUG:root:Left=-79.151000 Right=73.199000
DEBUG:root:ScaledLeft: 196.910250 ScaledRight: 539.697750
INFO:root:Looping....
DEBUG:root:This is the line: drive:79.151:5.952

DEBUG:root:We got command: drive
DEBUG:root:We got a drive command: rawX:5.952000 and rawY:79.151000
DEBUG:root:Forward to the Right
DEBUG:root:Left=-79.151000 Right=73.199000
DEBUG:root:ScaledLeft: 196.910250 ScaledRight: 539.697750
INFO:root:Looping....
DEBUG:root:This is the line: drive:79.151:5.952

DEBUG:root:We got command: drive
DEBUG:root:We got a drive command: rawX:5.952000 and rawY:79.151000
DEBUG:root:Forward to the Right
DEBUG:root:Left=-79.151000 Right=73.199000
DEBUG:root:ScaledLeft: 196.910250 ScaledRight: 539.697750
INFO:root:Looping....
DEBUG:root:This is the line: drive:79.151:5.952

DEBUG:root:We got command: drive
DEBUG:root:We got a drive command: rawX:5.952000 and rawY:79.151000
DEBUG:root:Forward to the Right
DEBUG:root:Left=-79.151000 Right=73.199000
DEBUG:root:ScaledLeft: 196.910250 ScaledRight: 539.697750
INFO:root:Looping....
DEBUG:root:This is the line: drive:79.151:5.952

DEBUG:root:We got command: drive
DEBUG:root:We got a drive command: rawX:5.952000 and rawY:79.151000
DEBUG:root:Forward to the Right
DEBUG:root:Left=-79.151000 Right=73.199000
DEBUG:root:ScaledLeft: 196.910250 ScaledRight: 539.697750
INFO:root:Looping....
DEBUG:root:This is the line: drive:79.151:5.952

DEBUG:root:We got command: drive
DEBUG:root:We got a drive command: rawX:5.952000 and rawY:79.151000
DEBUG:root:Forward to the Right
DEBUG:root:Left=-79.151000 Right=73.199000
DEBUG:root:ScaledLeft: 196.910250 ScaledRight: 539.697750
INFO:root:Looping....
DEBUG:root:This is the line: drive:79.151:5.952

DEBUG:root:We got command: drive
DEBUG:root:We got a drive command: rawX:5.952000 and rawY:79.151000
DEBUG:root:Forward to the Right
DEBUG:root:Left=-79.151000 Right=73.199000
DEBUG:root:ScaledLeft: 196.910250 ScaledRight: 539.697750
INFO:root:Looping....
DEBUG:root:This is the line: drive:79.151:5.952

DEBUG:root:We got command: drive
DEBUG:root:We got a drive command: rawX:5.952000 and rawY:79.151000
DEBUG:root:Forward to the Right
DEBUG:root:Left=-79.151000 Right=73.199000
DEBUG:root:ScaledLeft: 196.910250 ScaledRight: 539.697750
INFO:root:Looping....
DEBUG:root:This is the line: drive:79.151:5.952

DEBUG:root:We got command: drive
DEBUG:root:We got a drive command: rawX:5.952000 and rawY:79.151000
DEBUG:root:Forward to the Right
DEBUG:root:Left=-79.151000 Right=73.199000
DEBUG:root:ScaledLeft: 196.910250 ScaledRight: 539.697750
INFO:root:Looping....
DEBUG:root:This is the line: drive:79.151:5.952

DEBUG:root:We got command: drive
DEBUG:root:We got a drive command: rawX:5.952000 and rawY:79.151000
DEBUG:root:Forward to the Right
DEBUG:root:Left=-79.151000 Right=73.199000
DEBUG:root:ScaledLeft: 196.910250 ScaledRight: 539.697750
INFO:root:Looping....
DEBUG:root:This is the line: drive:79.151:5.952

DEBUG:root:We got command: drive
DEBUG:root:We got a drive command: rawX:5.952000 and rawY:79.151000
DEBUG:root:Forward to the Right
DEBUG:root:Left=-79.151000 Right=73.199000
DEBUG:root:ScaledLeft: 196.910250 ScaledRight: 539.697750
INFO:root:Looping....
DEBUG:root:This is the line: drive:79.151:5.952

DEBUG:root:We got command: drive
DEBUG:root:We got a drive command: rawX:5.952000 and rawY:79.151000
DEBUG:root:Forward to the Right
DEBUG:root:Left=-79.151000 Right=73.199000
DEBUG:root:ScaledLeft: 196.910250 ScaledRight: 539.697750
INFO:root:Looping....
DEBUG:root:This is the line: drive:79.151:5.952

DEBUG:root:We got command: drive
DEBUG:root:We got a drive command: rawX:5.952000 and rawY:79.151000
DEBUG:root:Forward to the Right
DEBUG:root:Left=-79.151000 Right=73.199000
DEBUG:root:ScaledLeft: 196.910250 ScaledRight: 539.697750
INFO:root:Looping....
DEBUG:root:This is the line: drive:79.151:5.952

DEBUG:root:We got command: drive
DEBUG:root:We got a drive command: rawX:5.952000 and rawY:79.151000
DEBUG:root:Forward to the Right
DEBUG:root:Left=-79.151000 Right=73.199000
DEBUG:root:ScaledLeft: 196.910250 ScaledRight: 539.697750
INFO:root:Looping....
DEBUG:root:This is the line: drive:79.151:5.952

DEBUG:root:We got command: drive
DEBUG:root:We got a drive command: rawX:5.952000 and rawY:79.151000
DEBUG:root:Forward to the Right
DEBUG:root:Left=-79.151000 Right=73.199000
DEBUG:root:ScaledLeft: 196.910250 ScaledRight: 539.697750
INFO:root:Looping....
DEBUG:root:This is the line: drive:79.151:5.952

DEBUG:root:We got command: drive
DEBUG:root:We got a drive command: rawX:5.952000 and rawY:79.151000
DEBUG:root:Forward to the Right
DEBUG:root:Left=-79.151000 Right=73.199000
DEBUG:root:ScaledLeft: 196.910250 ScaledRight: 539.697750
INFO:root:Looping....
DEBUG:root:This is the line: drive:79.151:5.952

DEBUG:root:We got command: drive
DEBUG:root:We got a drive command: rawX:5.952000 and rawY:79.151000
DEBUG:root:Forward to the Right
DEBUG:root:Left=-79.151000 Right=73.199000
DEBUG:root:ScaledLeft: 196.910250 ScaledRight: 539.697750
INFO:root:Looping....
DEBUG:root:This is the line: drive:79.151:5.952

DEBUG:root:We got command: drive
DEBUG:root:We got a drive command: rawX:5.952000 and rawY:79.151000
DEBUG:root:Forward to the Right
DEBUG:root:Left=-79.151000 Right=73.199000
DEBUG:root:ScaledLeft: 196.910250 ScaledRight: 539.697750
INFO:root:Looping....
DEBUG:root:This is the line: drive:79.151:5.952

DEBUG:root:We got command: drive
DEBUG:root:We got a drive command: rawX:5.952000 and rawY:79.151000
DEBUG:root:Forward to the Right
DEBUG:root:Left=-79.151000 Right=73.199000
DEBUG:root:ScaledLeft: 196.910250 ScaledRight: 539.697750
INFO:root:Looping....
DEBUG:root:This is the line: drive:79.151:5.952

DEBUG:root:We got command: drive
DEBUG:root:We got a drive command: rawX:5.952000 and rawY:79.151000
DEBUG:root:Forward to the Right
DEBUG:root:Left=-79.151000 Right=73.199000
DEBUG:root:ScaledLeft: 196.910250 ScaledRight: 539.697750
INFO:root:Looping....
DEBUG:root:This is the line: drive:79.151:5.952

DEBUG:root:We got command: drive
DEBUG:root:We got a drive command: rawX:5.952000 and rawY:79.151000
DEBUG:root:Forward to the Right
DEBUG:root:Left=-79.151000 Right=73.199000
DEBUG:root:ScaledLeft: 196.910250 ScaledRight: 539.697750
INFO:root:Looping....
DEBUG:root:This is the line: drive:79.151:5.952

DEBUG:root:We got command: drive
DEBUG:root:We got a drive command: rawX:5.952000 and rawY:79.151000
DEBUG:root:Forward to the Right
DEBUG:root:Left=-79.151000 Right=73.199000
DEBUG:root:ScaledLeft: 196.910250 ScaledRight: 539.697750
INFO:root:Looping....
DEBUG:root:This is the line: drive:79.151:5.952

DEBUG:root:We got command: drive
DEBUG:root:We got a drive command: rawX:5.952000 and rawY:79.151000
DEBUG:root:Forward to the Right
DEBUG:root:Left=-79.151000 Right=73.199000
DEBUG:root:ScaledLeft: 196.910250 ScaledRight: 539.697750
INFO:root:Looping....
DEBUG:root:This is the line: drive:79.151:5.952

DEBUG:root:We got command: drive
DEBUG:root:We got a drive command: rawX:5.952000 and rawY:79.151000
DEBUG:root:Forward to the Right
DEBUG:root:Left=-79.151000 Right=73.199000
DEBUG:root:ScaledLeft: 196.910250 ScaledRight: 539.697750
INFO:root:Looping....
DEBUG:root:This is the line: drive:79.151:5.952

DEBUG:root:We got command: drive
DEBUG:root:We got a drive command: rawX:5.952000 and rawY:79.151000
DEBUG:root:Forward to the Right
DEBUG:root:Left=-79.151000 Right=73.199000
DEBUG:root:ScaledLeft: 196.910250 ScaledRight: 539.697750
INFO:root:Looping....
DEBUG:root:This is the line: drive:79.151:5.952

DEBUG:root:We got command: drive
DEBUG:root:We got a drive command: rawX:5.952000 and rawY:79.151000
DEBUG:root:Forward to the Right
DEBUG:root:Left=-79.151000 Right=73.199000
DEBUG:root:ScaledLeft: 196.910250 ScaledRight: 539.697750
INFO:root:Looping....
DEBUG:root:This is the line: drive:79.151:5.952

DEBUG:root:We got command: drive
DEBUG:root:We got a drive command: rawX:5.952000 and rawY:79.151000
DEBUG:root:Forward to the Right
DEBUG:root:Left=-79.151000 Right=73.199000
DEBUG:root:ScaledLeft: 196.910250 ScaledRight: 539.697750
INFO:root:Looping....
DEBUG:root:This is the line: drive:79.151:5.952

DEBUG:root:We got command: drive
DEBUG:root:We got a drive command: rawX:5.952000 and rawY:79.151000
DEBUG:root:Forward to the Right
DEBUG:root:Left=-79.151000 Right=73.199000
DEBUG:root:ScaledLeft: 196.910250 ScaledRight: 539.697750
INFO:root:Looping....
DEBUG:root:This is the line: drive:79.151:5.952

DEBUG:root:We got command: drive
DEBUG:root:We got a drive command: rawX:5.952000 and rawY:79.151000
DEBUG:root:Forward to the Right
DEBUG:root:Left=-79.151000 Right=73.199000
DEBUG:root:ScaledLeft: 196.910250 ScaledRight: 539.697750
INFO:root:Looping....
DEBUG:root:This is the line: drive:76.942:5.952

DEBUG:root:We got command: drive
DEBUG:root:We got a drive command: rawX:5.952000 and rawY:76.942000
DEBUG:root:Forward to the Right
DEBUG:root:Left=-76.942000 Right=70.990000
DEBUG:root:ScaledLeft: 201.880500 ScaledRight: 534.727500
INFO:root:Looping....
DEBUG:root:This is the line: drive:75.0:5.952

DEBUG:root:We got command: drive
DEBUG:root:We got a drive command: rawX:5.952000 and rawY:75.000000
DEBUG:root:Forward to the Right
DEBUG:root:Left=-75.000000 Right=69.048000
DEBUG:root:ScaledLeft: 206.250000 ScaledRight: 530.358000
INFO:root:Looping....
DEBUG:root:This is the line: drive:73.036:5.952

DEBUG:root:We got command: drive
DEBUG:root:We got a drive command: rawX:5.952000 and rawY:73.036000
DEBUG:root:Forward to the Right
DEBUG:root:Left=-73.036000 Right=67.084000
DEBUG:root:ScaledLeft: 210.669000 ScaledRight: 525.939000
INFO:root:Looping....
DEBUG:root:This is the line: drive:70.351:5.952

DEBUG:root:We got command: drive
DEBUG:root:We got a drive command: rawX:5.952000 and rawY:70.351000
DEBUG:root:Forward to the Right
DEBUG:root:Left=-70.351000 Right=64.399000
DEBUG:root:ScaledLeft: 216.710250 ScaledRight: 519.897750
INFO:root:Looping....
DEBUG:root:This is the line: drive:65.85:5.952

DEBUG:root:We got command: drive
DEBUG:root:We got a drive command: rawX:5.952000 and rawY:65.850000
DEBUG:root:Forward to the Right
DEBUG:root:Left=-65.850000 Right=59.898000
DEBUG:root:ScaledLeft: 226.837500 ScaledRight: 509.770500
INFO:root:Looping....
DEBUG:root:This is the line: drive:63.714:5.952

DEBUG:root:We got command: drive
DEBUG:root:We got a drive command: rawX:5.952000 and rawY:63.714000
DEBUG:root:Forward to the Right
DEBUG:root:Left=-63.714000 Right=57.762000
DEBUG:root:ScaledLeft: 231.643500 ScaledRight: 504.964500
INFO:root:Looping....
DEBUG:root:This is the line: drive:61.955:5.608

DEBUG:root:We got command: drive
DEBUG:root:We got a drive command: rawX:5.608000 and rawY:61.955000
DEBUG:root:Forward to the Right
DEBUG:root:Left=-61.955000 Right=56.347000
DEBUG:root:ScaledLeft: 235.601250 ScaledRight: 501.780750
INFO:root:Looping....
DEBUG:root:This is the line: drive:59.823:5.655

DEBUG:root:We got command: drive
DEBUG:root:We got a drive command: rawX:5.655000 and rawY:59.823000
DEBUG:root:Forward to the Right
DEBUG:root:Left=-59.823000 Right=54.168000
DEBUG:root:ScaledLeft: 240.398250 ScaledRight: 496.878000
INFO:root:Looping....
DEBUG:root:This is the line: drive:57.857:5.655

DEBUG:root:We got command: drive
DEBUG:root:We got a drive command: rawX:5.655000 and rawY:57.857000
DEBUG:root:Forward to the Right
DEBUG:root:Left=-57.857000 Right=52.202000
DEBUG:root:ScaledLeft: 244.821750 ScaledRight: 492.454500
INFO:root:Looping....
DEBUG:root:This is the line: drive:55.926:5.655

DEBUG:root:We got command: drive
DEBUG:root:We got a drive command: rawX:5.655000 and rawY:55.926000
DEBUG:root:Forward to the Right
DEBUG:root:Left=-55.926000 Right=50.271000
DEBUG:root:ScaledLeft: 249.166500 ScaledRight: 488.109750
INFO:root:Looping....
DEBUG:root:This is the line: drive:55.312:5.655

DEBUG:root:We got command: drive
DEBUG:root:We got a drive command: rawX:5.655000 and rawY:55.312000
DEBUG:root:Forward to the Right
DEBUG:root:Left=-55.312000 Right=49.657000
DEBUG:root:ScaledLeft: 250.548000 ScaledRight: 486.728250
INFO:root:Looping....
DEBUG:root:This is the line: drive:54.429:5.655

DEBUG:root:We got command: drive
DEBUG:root:We got a drive command: rawX:5.655000 and rawY:54.429000
DEBUG:root:Forward to the Right
DEBUG:root:Left=-54.429000 Right=48.774000
DEBUG:root:ScaledLeft: 252.534750 ScaledRight: 484.741500
INFO:root:Looping....
DEBUG:root:This is the line: drive:53.95:5.655

DEBUG:root:We got command: drive
DEBUG:root:We got a drive command: rawX:5.655000 and rawY:53.950000
DEBUG:root:Forward to the Right
DEBUG:root:Left=-53.950000 Right=48.295000
DEBUG:root:ScaledLeft: 253.612500 ScaledRight: 483.663750
INFO:root:Looping....
DEBUG:root:This is the line: drive:53.306:5.655

DEBUG:root:We got command: drive
DEBUG:root:We got a drive command: rawX:5.655000 and rawY:53.306000
DEBUG:root:Forward to the Right
DEBUG:root:Left=-53.306000 Right=47.651000
DEBUG:root:ScaledLeft: 255.061500 ScaledRight: 482.214750
INFO:root:Looping....
DEBUG:root:This is the line: drive:51.527:5.655

DEBUG:root:We got command: drive
DEBUG:root:We got a drive command: rawX:5.655000 and rawY:51.527000
DEBUG:root:Forward to the Right
DEBUG:root:Left=-51.527000 Right=45.872000
DEBUG:root:ScaledLeft: 259.064250 ScaledRight: 478.212000
INFO:root:Looping....
DEBUG:root:This is the line: drive:50.429:5.655

DEBUG:root:We got command: drive
DEBUG:root:We got a drive command: rawX:5.655000 and rawY:50.429000
DEBUG:root:Forward to the Right
DEBUG:root:Left=-50.429000 Right=44.774000
DEBUG:root:ScaledLeft: 261.534750 ScaledRight: 475.741500
INFO:root:Looping....
DEBUG:root:This is the line: drive:48.714:5.357

DEBUG:root:We got command: drive
DEBUG:root:We got a drive command: rawX:5.357000 and rawY:48.714000
DEBUG:root:Forward to the Right
DEBUG:root:Left=-48.714000 Right=43.357000
DEBUG:root:ScaledLeft: 265.393500 ScaledRight: 472.553250
INFO:root:Looping....
DEBUG:root:This is the line: drive:47.857:5.357

DEBUG:root:We got command: drive
DEBUG:root:We got a drive command: rawX:5.357000 and rawY:47.857000
DEBUG:root:Forward to the Right
DEBUG:root:Left=-47.857000 Right=42.500000
DEBUG:root:ScaledLeft: 267.321750 ScaledRight: 470.625000
INFO:root:Looping....
DEBUG:root:This is the line: drive:46.813:5.357

DEBUG:root:We got command: drive
DEBUG:root:We got a drive command: rawX:5.357000 and rawY:46.813000
DEBUG:root:Forward to the Right
DEBUG:root:Left=-46.813000 Right=41.456000
DEBUG:root:ScaledLeft: 269.670750 ScaledRight: 468.276000
INFO:root:Looping....
DEBUG:root:This is the line: drive:45.913:5.06

DEBUG:root:We got command: drive
DEBUG:root:We got a drive command: rawX:5.060000 and rawY:45.913000
DEBUG:root:Forward to the Right
DEBUG:root:Left=-45.913000 Right=40.853000
DEBUG:root:ScaledLeft: 271.695750 ScaledRight: 466.919250
INFO:root:Looping....
DEBUG:root:This is the line: drive:45.13:5.06

DEBUG:root:We got command: drive
DEBUG:root:We got a drive command: rawX:5.060000 and rawY:45.130000
DEBUG:root:Forward to the Right
DEBUG:root:Left=-45.130000 Right=40.070000
DEBUG:root:ScaledLeft: 273.457500 ScaledRight: 465.157500
INFO:root:Looping....
DEBUG:root:This is the line: drive:44.209:4.762

DEBUG:root:We got command: drive
DEBUG:root:We got a drive command: rawX:4.762000 and rawY:44.209000
DEBUG:root:Forward to the Right
DEBUG:root:Left=-44.209000 Right=39.447000
DEBUG:root:ScaledLeft: 275.529750 ScaledRight: 463.755750
INFO:root:Looping....
DEBUG:root:This is the line: drive:43.571:4.762

DEBUG:root:We got command: drive
DEBUG:root:We got a drive command: rawX:4.762000 and rawY:43.571000
DEBUG:root:Forward to the Right
DEBUG:root:Left=-43.571000 Right=38.809000
DEBUG:root:ScaledLeft: 276.965250 ScaledRight: 462.320250
INFO:root:Looping....
DEBUG:root:This is the line: drive:42.714:4.762

DEBUG:root:We got command: drive
DEBUG:root:We got a drive command: rawX:4.762000 and rawY:42.714000
DEBUG:root:Forward to the Right
DEBUG:root:Left=-42.714000 Right=37.952000
DEBUG:root:ScaledLeft: 278.893500 ScaledRight: 460.392000
INFO:root:Looping....
DEBUG:root:This is the line: drive:41.973:4.762

DEBUG:root:We got command: drive
DEBUG:root:We got a drive command: rawX:4.762000 and rawY:41.973000
DEBUG:root:Forward to the Right
DEBUG:root:Left=-41.973000 Right=37.211000
DEBUG:root:ScaledLeft: 280.560750 ScaledRight: 458.724750
INFO:root:Looping....
DEBUG:root:This is the line: drive:41.175:4.497

DEBUG:root:We got command: drive
DEBUG:root:We got a drive command: rawX:4.497000 and rawY:41.175000
DEBUG:root:Forward to the Right
DEBUG:root:Left=-41.175000 Right=36.678000
DEBUG:root:ScaledLeft: 282.356250 ScaledRight: 457.525500
INFO:root:Looping....
DEBUG:root:This is the line: drive:40.198:4.464

DEBUG:root:We got command: drive
DEBUG:root:We got a drive command: rawX:4.464000 and rawY:40.198000
DEBUG:root:Forward to the Right
DEBUG:root:Left=-40.198000 Right=35.734000
DEBUG:root:ScaledLeft: 284.554500 ScaledRight: 455.401500
INFO:root:Looping....
DEBUG:root:This is the line: drive:39.687:4.167

DEBUG:root:We got command: drive
DEBUG:root:We got a drive command: rawX:4.167000 and rawY:39.687000
DEBUG:root:Forward to the Right
DEBUG:root:Left=-39.687000 Right=35.520000
DEBUG:root:ScaledLeft: 285.704250 ScaledRight: 454.920000
INFO:root:Looping....
DEBUG:root:This is the line: drive:39.0:4.167

DEBUG:root:We got command: drive
DEBUG:root:We got a drive command: rawX:4.167000 and rawY:39.000000
DEBUG:root:Forward to the Right
DEBUG:root:Left=-39.000000 Right=34.833000
DEBUG:root:ScaledLeft: 287.250000 ScaledRight: 453.374250
INFO:root:Looping....
DEBUG:root:This is the line: drive:38.786:4.167

DEBUG:root:We got command: drive
DEBUG:root:We got a drive command: rawX:4.167000 and rawY:38.786000
DEBUG:root:Forward to the Right
DEBUG:root:Left=-38.786000 Right=34.619000
DEBUG:root:ScaledLeft: 287.731500 ScaledRight: 452.892750
INFO:root:Looping....
DEBUG:root:This is the line: drive:37.708:4.167

DEBUG:root:We got command: drive
DEBUG:root:We got a drive command: rawX:4.167000 and rawY:37.708000
DEBUG:root:Forward to the Right
DEBUG:root:Left=-37.708000 Right=33.541000
DEBUG:root:ScaledLeft: 290.157000 ScaledRight: 450.467250
INFO:root:Looping....
DEBUG:root:This is the line: drive:36.852:4.167

DEBUG:root:We got command: drive
DEBUG:root:We got a drive command: rawX:4.167000 and rawY:36.852000
DEBUG:root:Forward to the Right
DEBUG:root:Left=-36.852000 Right=32.685000
DEBUG:root:ScaledLeft: 292.083000 ScaledRight: 448.541250
INFO:root:Looping....
DEBUG:root:This is the line: drive:36.234:3.869

DEBUG:root:We got command: drive
DEBUG:root:We got a drive command: rawX:3.869000 and rawY:36.234000
DEBUG:root:Forward to the Right
DEBUG:root:Left=-36.234000 Right=32.365000
DEBUG:root:ScaledLeft: 293.473500 ScaledRight: 447.821250
INFO:root:Looping....
DEBUG:root:This is the line: drive:35.279:3.869

DEBUG:root:We got command: drive
DEBUG:root:We got a drive command: rawX:3.869000 and rawY:35.279000
DEBUG:root:Forward to the Right
DEBUG:root:Left=-35.279000 Right=31.410000
DEBUG:root:ScaledLeft: 295.622250 ScaledRight: 445.672500
INFO:root:Looping....
DEBUG:root:This is the line: drive:34.833:3.869

DEBUG:root:We got command: drive
DEBUG:root:We got a drive command: rawX:3.869000 and rawY:34.833000
DEBUG:root:Forward to the Right
DEBUG:root:Left=-34.833000 Right=30.964000
DEBUG:root:ScaledLeft: 296.625750 ScaledRight: 444.669000
INFO:root:Looping....
DEBUG:root:This is the line: drive:33.571:3.869

DEBUG:root:We got command: drive
DEBUG:root:We got a drive command: rawX:3.869000 and rawY:33.571000
DEBUG:root:Forward to the Right
DEBUG:root:Left=-33.571000 Right=29.702000
DEBUG:root:ScaledLeft: 299.465250 ScaledRight: 441.829500
INFO:root:Looping....
DEBUG:root:This is the line: drive:32.81:3.522

DEBUG:root:We got command: drive
DEBUG:root:We got a drive command: rawX:3.522000 and rawY:32.810000
DEBUG:root:Forward to the Right
DEBUG:root:Left=-32.810000 Right=29.288000
DEBUG:root:ScaledLeft: 301.177500 ScaledRight: 440.898000
INFO:root:Looping....
DEBUG:root:This is the line: drive:31.685:3.571

DEBUG:root:We got command: drive
DEBUG:root:We got a drive command: rawX:3.571000 and rawY:31.685000
DEBUG:root:Forward to the Right
DEBUG:root:Left=-31.685000 Right=28.114000
DEBUG:root:ScaledLeft: 303.708750 ScaledRight: 438.256500
INFO:root:Looping....
DEBUG:root:This is the line: drive:30.828:3.571

DEBUG:root:We got command: drive
DEBUG:root:We got a drive command: rawX:3.571000 and rawY:30.828000
DEBUG:root:Forward to the Right
DEBUG:root:Left=-30.828000 Right=27.257000
DEBUG:root:ScaledLeft: 305.637000 ScaledRight: 436.328250
INFO:root:Looping....
DEBUG:root:This is the line: drive:29.476:3.571

DEBUG:root:We got command: drive
DEBUG:root:We got a drive command: rawX:3.571000 and rawY:29.476000
DEBUG:root:Forward to the Right
DEBUG:root:Left=-29.476000 Right=25.905000
DEBUG:root:ScaledLeft: 308.679000 ScaledRight: 433.286250
INFO:root:Looping....
DEBUG:root:This is the line: drive:28.479:3.571

DEBUG:root:We got command: drive
DEBUG:root:We got a drive command: rawX:3.571000 and rawY:28.479000
DEBUG:root:Forward to the Right
DEBUG:root:Left=-28.479000 Right=24.908000
DEBUG:root:ScaledLeft: 310.922250 ScaledRight: 431.043000
INFO:root:Looping....
DEBUG:root:This is the line: drive:27.379:3.571

DEBUG:root:We got command: drive
DEBUG:root:We got a drive command: rawX:3.571000 and rawY:27.379000
DEBUG:root:Forward to the Right
DEBUG:root:Left=-27.379000 Right=23.808000
DEBUG:root:ScaledLeft: 313.397250 ScaledRight: 428.568000
INFO:root:Looping....
DEBUG:root:This is the line: drive:26.31:3.571

DEBUG:root:We got command: drive
DEBUG:root:We got a drive command: rawX:3.571000 and rawY:26.310000
DEBUG:root:Forward to the Right
DEBUG:root:Left=-26.310000 Right=22.739000
DEBUG:root:ScaledLeft: 315.802500 ScaledRight: 426.162750
INFO:root:Looping....
DEBUG:root:This is the line: drive:25.69:3.571

DEBUG:root:We got command: drive
DEBUG:root:We got a drive command: rawX:3.571000 and rawY:25.690000
DEBUG:root:Forward to the Right
DEBUG:root:Left=-25.690000 Right=22.119000
DEBUG:root:ScaledLeft: 317.197500 ScaledRight: 424.767750
INFO:root:Looping....
DEBUG:root:This is the line: drive:24.777:3.571

DEBUG:root:We got command: drive
DEBUG:root:We got a drive command: rawX:3.571000 and rawY:24.777000
DEBUG:root:Forward to the Right
DEBUG:root:Left=-24.777000 Right=21.206000
DEBUG:root:ScaledLeft: 319.251750 ScaledRight: 422.713500
INFO:root:Looping....
DEBUG:root:This is the line: drive:24.197:3.571

DEBUG:root:We got command: drive
DEBUG:root:We got a drive command: rawX:3.571000 and rawY:24.197000
DEBUG:root:Forward to the Right
DEBUG:root:Left=-24.197000 Right=20.626000
DEBUG:root:ScaledLeft: 320.556750 ScaledRight: 421.408500
INFO:root:Looping....
DEBUG:root:This is the line: drive:23.364:3.571

DEBUG:root:We got command: drive
DEBUG:root:We got a drive command: rawX:3.571000 and rawY:23.364000
DEBUG:root:Forward to the Right
DEBUG:root:Left=-23.364000 Right=19.793000
DEBUG:root:ScaledLeft: 322.431000 ScaledRight: 419.534250
INFO:root:Looping....
DEBUG:root:This is the line: drive:23.0:3.571

DEBUG:root:We got command: drive
DEBUG:root:We got a drive command: rawX:3.571000 and rawY:23.000000
DEBUG:root:Forward to the Right
DEBUG:root:Left=-23.000000 Right=19.429000
DEBUG:root:ScaledLeft: 323.250000 ScaledRight: 418.715250
INFO:root:Looping....
DEBUG:root:This is the line: drive:22.205:3.571

DEBUG:root:We got command: drive
DEBUG:root:We got a drive command: rawX:3.571000 and rawY:22.205000
DEBUG:root:Forward to the Right
DEBUG:root:Left=-22.205000 Right=18.634000
DEBUG:root:ScaledLeft: 325.038750 ScaledRight: 416.926500
INFO:root:Looping....
DEBUG:root:This is the line: drive:21.338:3.571

DEBUG:root:We got command: drive
DEBUG:root:We got a drive command: rawX:3.571000 and rawY:21.338000
DEBUG:root:Forward to the Right
DEBUG:root:Left=-21.338000 Right=17.767000
DEBUG:root:ScaledLeft: 326.989500 ScaledRight: 414.975750
INFO:root:Looping....
DEBUG:root:This is the line: drive:21.135:3.571

DEBUG:root:We got command: drive
DEBUG:root:We got a drive command: rawX:3.571000 and rawY:21.135000
DEBUG:root:Forward to the Right
DEBUG:root:Left=-21.135000 Right=17.564000
DEBUG:root:ScaledLeft: 327.446250 ScaledRight: 414.519000
INFO:root:Looping....
DEBUG:root:This is the line: drive:19.921:3.571

DEBUG:root:We got command: drive
DEBUG:root:We got a drive command: rawX:3.571000 and rawY:19.921000
DEBUG:root:Forward to the Right
DEBUG:root:Left=-19.921000 Right=16.350000
DEBUG:root:ScaledLeft: 330.177750 ScaledRight: 411.787500
INFO:root:Looping....
DEBUG:root:This is the line: drive:19.234:3.571

DEBUG:root:We got command: drive
DEBUG:root:We got a drive command: rawX:3.571000 and rawY:19.234000
DEBUG:root:Forward to the Right
DEBUG:root:Left=-19.234000 Right=15.663000
DEBUG:root:ScaledLeft: 331.723500 ScaledRight: 410.241750
INFO:root:Looping....
DEBUG:root:This is the line: drive:18.795:3.571

DEBUG:root:We got command: drive
DEBUG:root:We got a drive command: rawX:3.571000 and rawY:18.795000
DEBUG:root:Forward to the Right
DEBUG:root:Left=-18.795000 Right=15.224000
DEBUG:root:ScaledLeft: 332.711250 ScaledRight: 409.254000
INFO:root:Looping....
DEBUG:root:This is the line: drive:17.857:3.571

DEBUG:root:We got command: drive
DEBUG:root:We got a drive command: rawX:3.571000 and rawY:17.857000
DEBUG:root:Forward to the Right
DEBUG:root:Left=-17.857000 Right=14.286000
DEBUG:root:ScaledLeft: 334.821750 ScaledRight: 407.143500
INFO:root:Looping....
DEBUG:root:This is the line: drive:17.246:3.571

DEBUG:root:We got command: drive
DEBUG:root:We got a drive command: rawX:3.571000 and rawY:17.246000
DEBUG:root:Forward to the Right
DEBUG:root:Left=-17.246000 Right=13.675000
DEBUG:root:ScaledLeft: 336.196500 ScaledRight: 405.768750
INFO:root:Looping....
DEBUG:root:This is the line: drive:15.878:3.274

DEBUG:root:We got command: drive
DEBUG:root:We got a drive command: rawX:3.274000 and rawY:15.878000
DEBUG:root:Forward to the Right
DEBUG:root:Left=-15.878000 Right=12.604000
DEBUG:root:ScaledLeft: 339.274500 ScaledRight: 403.359000
INFO:root:Looping....
DEBUG:root:This is the line: drive:15.022:3.274

DEBUG:root:We got command: drive
DEBUG:root:We got a drive command: rawX:3.274000 and rawY:15.022000
DEBUG:root:Forward to the Right
DEBUG:root:Left=-15.022000 Right=11.748000
DEBUG:root:ScaledLeft: 341.200500 ScaledRight: 401.433000
INFO:root:Looping....
DEBUG:root:This is the line: drive:13.992:3.274

DEBUG:root:We got command: drive
DEBUG:root:We got a drive command: rawX:3.274000 and rawY:13.992000
DEBUG:root:Forward to the Right
DEBUG:root:Left=-13.992000 Right=10.718000
DEBUG:root:ScaledLeft: 343.518000 ScaledRight: 399.115500
INFO:root:Looping....
DEBUG:root:This is the line: drive:13.203:3.274

DEBUG:root:We got command: drive
DEBUG:root:We got a drive command: rawX:3.274000 and rawY:13.203000
DEBUG:root:Forward to the Right
DEBUG:root:Left=-13.203000 Right=9.929000
DEBUG:root:ScaledLeft: 345.293250 ScaledRight: 397.340250
INFO:root:Looping....
DEBUG:root:This is the line: drive:12.06:3.274

DEBUG:root:We got command: drive
DEBUG:root:We got a drive command: rawX:3.274000 and rawY:12.060000
DEBUG:root:Forward to the Right
DEBUG:root:Left=-12.060000 Right=8.786000
DEBUG:root:ScaledLeft: 347.865000 ScaledRight: 394.768500
INFO:root:Looping....
DEBUG:root:This is the line: drive:11.597:3.274

DEBUG:root:We got command: drive
DEBUG:root:We got a drive command: rawX:3.274000 and rawY:11.597000
DEBUG:root:Forward to the Right
DEBUG:root:Left=-11.597000 Right=8.323000
DEBUG:root:ScaledLeft: 348.906750 ScaledRight: 393.726750
INFO:root:Looping....
DEBUG:root:This is the line: drive:10.538:3.274

DEBUG:root:We got command: drive
DEBUG:root:We got a drive command: rawX:3.274000 and rawY:10.538000
DEBUG:root:Forward to the Right
DEBUG:root:Left=-10.538000 Right=7.264000
DEBUG:root:ScaledLeft: 351.289500 ScaledRight: 391.344000
INFO:root:Looping....
DEBUG:root:This is the line: drive:9.571:3.274

DEBUG:root:We got command: drive
DEBUG:root:We got a drive command: rawX:3.274000 and rawY:9.571000
DEBUG:root:Forward to the Right
DEBUG:root:Left=-9.571000 Right=6.297000
DEBUG:root:ScaledLeft: 353.465250 ScaledRight: 389.168250
INFO:root:Looping....
DEBUG:root:This is the line: drive:8.725:3.274

DEBUG:root:We got command: drive
DEBUG:root:We got a drive command: rawX:3.274000 and rawY:8.725000
DEBUG:root:Forward to the Right
DEBUG:root:Left=-8.725000 Right=5.451000
DEBUG:root:ScaledLeft: 355.368750 ScaledRight: 387.264750
INFO:root:Looping....
DEBUG:root:This is the line: drive:7.857:3.274

DEBUG:root:We got command: drive
DEBUG:root:We got a drive command: rawX:3.274000 and rawY:7.857000
DEBUG:root:Forward to the Right
DEBUG:root:Left=-7.857000 Right=4.583000
DEBUG:root:ScaledLeft: 357.321750 ScaledRight: 385.311750
INFO:root:Looping....
DEBUG:root:This is the line: drive:7.429:3.051

DEBUG:root:We got command: drive
DEBUG:root:We got a drive command: rawX:3.051000 and rawY:7.429000
DEBUG:root:Forward to the Right
DEBUG:root:Left=-7.429000 Right=4.378000
DEBUG:root:ScaledLeft: 358.284750 ScaledRight: 384.850500
INFO:root:Looping....
DEBUG:root:This is the line: drive:6.183:2.976

DEBUG:root:We got command: drive
DEBUG:root:We got a drive command: rawX:2.976000 and rawY:6.183000
DEBUG:root:Forward to the Right
DEBUG:root:Left=-6.183000 Right=3.207000
DEBUG:root:ScaledLeft: 361.088250 ScaledRight: 382.215750
INFO:root:Looping....
DEBUG:root:This is the line: drive:5.571:2.976

DEBUG:root:We got command: drive
DEBUG:root:We got a drive command: rawX:2.976000 and rawY:5.571000
DEBUG:root:Forward to the Right
DEBUG:root:Left=-5.571000 Right=2.595000
DEBUG:root:ScaledLeft: 362.465250 ScaledRight: 380.838750
INFO:root:Looping....
DEBUG:root:This is the line: drive:5.359:2.976

DEBUG:root:We got command: drive
DEBUG:root:We got a drive command: rawX:2.976000 and rawY:5.359000
DEBUG:root:Forward to the Right
DEBUG:root:Left=-5.359000 Right=2.383000
DEBUG:root:ScaledLeft: 362.942250 ScaledRight: 380.361750
INFO:root:Looping....
DEBUG:root:This is the line: drive:4.789:2.976

DEBUG:root:We got command: drive
DEBUG:root:We got a drive command: rawX:2.976000 and rawY:4.789000
DEBUG:root:Forward to the Right
DEBUG:root:Left=-4.789000 Right=1.813000
DEBUG:root:ScaledLeft: 364.224750 ScaledRight: 379.079250
INFO:root:Looping....
DEBUG:root:This is the line: drive:4.143:2.976

DEBUG:root:We got command: drive
DEBUG:root:We got a drive command: rawX:2.976000 and rawY:4.143000
DEBUG:root:Forward to the Right
DEBUG:root:Left=-4.143000 Right=1.167000
DEBUG:root:ScaledLeft: 365.678250 ScaledRight: 377.625750
INFO:root:Looping....
DEBUG:root:This is the line: drive:3.296:2.976

DEBUG:root:We got command: drive
DEBUG:root:We got a drive command: rawX:2.976000 and rawY:3.296000
DEBUG:root:Forward to the Right
DEBUG:root:Left=-3.296000 Right=0.320000
DEBUG:root:ScaledLeft: 367.584000 ScaledRight: 375.720000
INFO:root:Looping....
DEBUG:root:This is the line: drive:2.569:2.976

DEBUG:root:We got command: drive
DEBUG:root:We got a drive command: rawX:2.976000 and rawY:2.569000
DEBUG:root:Forward to the Right
DEBUG:root:Left=-2.569000 Right=-0.407000
DEBUG:root:ScaledLeft: 369.219750 ScaledRight: 374.084250
INFO:root:Looping....
DEBUG:root:This is the line: drive:2.263:2.976

DEBUG:root:We got command: drive
DEBUG:root:We got a drive command: rawX:2.976000 and rawY:2.263000
DEBUG:root:Forward to the Right
DEBUG:root:Left=-2.263000 Right=-0.713000
DEBUG:root:ScaledLeft: 369.908250 ScaledRight: 373.395750
INFO:root:Looping....
DEBUG:root:This is the line: drive:1.672:2.976

DEBUG:root:We got command: drive
DEBUG:root:We got a drive command: rawX:2.976000 and rawY:1.672000
DEBUG:root:Forward to the Right
DEBUG:root:Left=-1.672000 Right=-1.304000
DEBUG:root:ScaledLeft: 371.238000 ScaledRight: 372.066000
INFO:root:Looping....
DEBUG:root:This is the line: drive:1.0:2.976

DEBUG:root:We got command: drive
DEBUG:root:We got a drive command: rawX:2.976000 and rawY:1.000000
DEBUG:root:Forward to the Right
DEBUG:root:Left=-1.000000 Right=-1.976000
DEBUG:root:ScaledLeft: 372.750000 ScaledRight: 370.554000
INFO:root:Looping....
DEBUG:root:This is the line: drive:0.566:2.976

DEBUG:root:We got command: drive
DEBUG:root:We got a drive command: rawX:2.976000 and rawY:0.566000
DEBUG:root:Forward to the Right
DEBUG:root:Left=-0.566000 Right=-2.410000
DEBUG:root:ScaledLeft: 373.726500 ScaledRight: 369.577500
INFO:root:Looping....
DEBUG:root:This is the line: drive:0.262:2.976

DEBUG:root:We got command: drive
DEBUG:root:We got a drive command: rawX:2.976000 and rawY:0.262000
DEBUG:root:Forward to the Right
DEBUG:root:Left=-0.262000 Right=-2.714000
DEBUG:root:ScaledLeft: 374.410500 ScaledRight: 368.893500
INFO:root:Looping....
DEBUG:root:This is the line: drive:-0.714:2.976

DEBUG:root:We got command: drive
DEBUG:root:We got a drive command: rawX:2.976000 and rawY:-0.714000
DEBUG:root:Reverse to the Right
DEBUG:root:Left=0.714000 Right=-3.690000
DEBUG:root:ScaledLeft: 376.606500 ScaledRight: 366.697500
INFO:root:Looping....
DEBUG:root:This is the line: drive:-1.267:2.976

DEBUG:root:We got command: drive
DEBUG:root:We got a drive command: rawX:2.976000 and rawY:-1.267000
DEBUG:root:Reverse to the Right
DEBUG:root:Left=1.267000 Right=-4.243000
DEBUG:root:ScaledLeft: 377.850750 ScaledRight: 365.453250
INFO:root:Looping....
DEBUG:root:This is the line: drive:-1.788:2.976

DEBUG:root:We got command: drive
DEBUG:root:We got a drive command: rawX:2.976000 and rawY:-1.788000
DEBUG:root:Reverse to the Right
DEBUG:root:Left=1.788000 Right=-4.764000
DEBUG:root:ScaledLeft: 379.023000 ScaledRight: 364.281000
INFO:root:Looping....
DEBUG:root:This is the line: drive:-2.59:2.976

DEBUG:root:We got command: drive
DEBUG:root:We got a drive command: rawX:2.976000 and rawY:-2.590000
DEBUG:root:Reverse to the Right
DEBUG:root:Left=2.590000 Right=-5.566000
DEBUG:root:ScaledLeft: 380.827500 ScaledRight: 362.476500
INFO:root:Looping....
DEBUG:root:This is the line: drive:-3.265:2.976

DEBUG:root:We got command: drive
DEBUG:root:We got a drive command: rawX:2.976000 and rawY:-3.265000
DEBUG:root:Reverse to the Right
DEBUG:root:Left=3.265000 Right=-6.241000
DEBUG:root:ScaledLeft: 382.346250 ScaledRight: 360.957750
INFO:root:Looping....
DEBUG:root:This is the line: drive:-3.857:2.976

DEBUG:root:We got command: drive
DEBUG:root:We got a drive command: rawX:2.976000 and rawY:-3.857000
DEBUG:root:Reverse to the Right
DEBUG:root:Left=3.857000 Right=-6.833000
DEBUG:root:ScaledLeft: 383.678250 ScaledRight: 359.625750
INFO:root:Looping....
DEBUG:root:This is the line: drive:-4.537:2.976

DEBUG:root:We got command: drive
DEBUG:root:We got a drive command: rawX:2.976000 and rawY:-4.537000
DEBUG:root:Reverse to the Right
DEBUG:root:Left=4.537000 Right=-7.513000
DEBUG:root:ScaledLeft: 385.208250 ScaledRight: 358.095750
INFO:root:Looping....
DEBUG:root:This is the line: drive:-5.196:2.976

DEBUG:root:We got command: drive
DEBUG:root:We got a drive command: rawX:2.976000 and rawY:-5.196000
DEBUG:root:Reverse to the Right
DEBUG:root:Left=5.196000 Right=-8.172000
DEBUG:root:ScaledLeft: 386.691000 ScaledRight: 356.613000
INFO:root:Looping....
DEBUG:root:This is the line: drive:-5.743:2.976

DEBUG:root:We got command: drive
DEBUG:root:We got a drive command: rawX:2.976000 and rawY:-5.743000
DEBUG:root:Reverse to the Right
DEBUG:root:Left=5.743000 Right=-8.719000
DEBUG:root:ScaledLeft: 387.921750 ScaledRight: 355.382250
INFO:root:Looping....
DEBUG:root:This is the line: drive:-6.429:2.976

DEBUG:root:We got command: drive
DEBUG:root:We got a drive command: rawX:2.976000 and rawY:-6.429000
DEBUG:root:Reverse to the Right
DEBUG:root:Left=6.429000 Right=-9.405000
DEBUG:root:ScaledLeft: 389.465250 ScaledRight: 353.838750
INFO:root:Looping....
DEBUG:root:This is the line: drive:-7.153:2.976

DEBUG:root:We got command: drive
DEBUG:root:We got a drive command: rawX:2.976000 and rawY:-7.153000
DEBUG:root:Reverse to the Right
DEBUG:root:Left=7.153000 Right=-10.129000
DEBUG:root:ScaledLeft: 391.094250 ScaledRight: 352.209750
INFO:root:Looping....
DEBUG:root:This is the line: drive:-7.447:2.976

DEBUG:root:We got command: drive
DEBUG:root:We got a drive command: rawX:2.976000 and rawY:-7.447000
DEBUG:root:Reverse to the Right
DEBUG:root:Left=7.447000 Right=-10.423000
DEBUG:root:ScaledLeft: 391.755750 ScaledRight: 351.548250
INFO:root:Looping....
DEBUG:root:This is the line: drive:-7.447:2.976

DEBUG:root:We got command: drive
DEBUG:root:We got a drive command: rawX:2.976000 and rawY:-7.447000
DEBUG:root:Reverse to the Right
DEBUG:root:Left=7.447000 Right=-10.423000
DEBUG:root:ScaledLeft: 391.755750 ScaledRight: 351.548250
INFO:root:Looping....
DEBUG:root:This is the line: drive:-9.231:2.976

DEBUG:root:We got command: drive
DEBUG:root:We got a drive command: rawX:2.976000 and rawY:-9.231000
DEBUG:root:Reverse to the Right
DEBUG:root:Left=9.231000 Right=-12.207000
DEBUG:root:ScaledLeft: 395.769750 ScaledRight: 347.534250
INFO:root:Looping....
DEBUG:root:This is the line: drive:-9.857:2.976

DEBUG:root:We got command: drive
DEBUG:root:We got a drive command: rawX:2.976000 and rawY:-9.857000
DEBUG:root:Reverse to the Right
DEBUG:root:Left=9.857000 Right=-12.833000
DEBUG:root:ScaledLeft: 397.178250 ScaledRight: 346.125750
INFO:root:Looping....
DEBUG:root:This is the line: drive:-10.071:2.976

DEBUG:root:We got command: drive
DEBUG:root:We got a drive command: rawX:2.976000 and rawY:-10.071000
DEBUG:root:Reverse to the Right
DEBUG:root:Left=10.071000 Right=-13.047000
DEBUG:root:ScaledLeft: 397.659750 ScaledRight: 345.644250
INFO:root:Looping....
DEBUG:root:This is the line: drive:-10.637:2.976

DEBUG:root:We got command: drive
DEBUG:root:We got a drive command: rawX:2.976000 and rawY:-10.637000
DEBUG:root:Reverse to the Right
DEBUG:root:Left=10.637000 Right=-13.613000
DEBUG:root:ScaledLeft: 398.933250 ScaledRight: 344.370750
INFO:root:Looping....
DEBUG:root:This is the line: drive:-11.21:2.976

DEBUG:root:We got command: drive
DEBUG:root:We got a drive command: rawX:2.976000 and rawY:-11.210000
DEBUG:root:Reverse to the Right
DEBUG:root:Left=11.210000 Right=-14.186000
DEBUG:root:ScaledLeft: 400.222500 ScaledRight: 343.081500
INFO:root:Looping....
DEBUG:root:This is the line: drive:-11.479:2.976

DEBUG:root:We got command: drive
DEBUG:root:We got a drive command: rawX:2.976000 and rawY:-11.479000
DEBUG:root:Reverse to the Right
DEBUG:root:Left=11.479000 Right=-14.455000
DEBUG:root:ScaledLeft: 400.827750 ScaledRight: 342.476250
INFO:root:Looping....
DEBUG:root:This is the line: drive:-12.079:2.976

DEBUG:root:We got command: drive
DEBUG:root:We got a drive command: rawX:2.976000 and rawY:-12.079000
DEBUG:root:Reverse to the Right
DEBUG:root:Left=12.079000 Right=-15.055000
DEBUG:root:ScaledLeft: 402.177750 ScaledRight: 341.126250
INFO:root:Looping....
DEBUG:root:This is the line: drive:-12.662:2.976

DEBUG:root:We got command: drive
DEBUG:root:We got a drive command: rawX:2.976000 and rawY:-12.662000
DEBUG:root:Reverse to the Right
DEBUG:root:Left=12.662000 Right=-15.638000
DEBUG:root:ScaledLeft: 403.489500 ScaledRight: 339.814500
INFO:root:Looping....
DEBUG:root:This is the line: drive:-12.895:2.976

DEBUG:root:We got command: drive
DEBUG:root:We got a drive command: rawX:2.976000 and rawY:-12.895000
DEBUG:root:Reverse to the Right
DEBUG:root:Left=12.895000 Right=-15.871000
DEBUG:root:ScaledLeft: 404.013750 ScaledRight: 339.290250
INFO:root:Looping....
DEBUG:root:This is the line: drive:-13.361:2.976

DEBUG:root:We got command: drive
DEBUG:root:We got a drive command: rawX:2.976000 and rawY:-13.361000
DEBUG:root:Reverse to the Right
DEBUG:root:Left=13.361000 Right=-16.337000
DEBUG:root:ScaledLeft: 405.062250 ScaledRight: 338.241750
INFO:root:Looping....
DEBUG:root:This is the line: drive:-13.743:2.976

DEBUG:root:We got command: drive
DEBUG:root:We got a drive command: rawX:2.976000 and rawY:-13.743000
DEBUG:root:Reverse to the Right
DEBUG:root:Left=13.743000 Right=-16.719000
DEBUG:root:ScaledLeft: 405.921750 ScaledRight: 337.382250
INFO:root:Looping....
DEBUG:root:This is the line: drive:-14.04:2.976

DEBUG:root:We got command: drive
DEBUG:root:We got a drive command: rawX:2.976000 and rawY:-14.040000
DEBUG:root:Reverse to the Right
DEBUG:root:Left=14.040000 Right=-17.016000
DEBUG:root:ScaledLeft: 406.590000 ScaledRight: 336.714000
INFO:root:Looping....
DEBUG:root:This is the line: drive:-14.714:2.976

DEBUG:root:We got command: drive
DEBUG:root:We got a drive command: rawX:2.976000 and rawY:-14.714000
DEBUG:root:Reverse to the Right
DEBUG:root:Left=14.714000 Right=-17.690000
DEBUG:root:ScaledLeft: 408.106500 ScaledRight: 335.197500
INFO:root:Looping....
DEBUG:root:This is the line: drive:-14.905:2.976

DEBUG:root:We got command: drive
DEBUG:root:We got a drive command: rawX:2.976000 and rawY:-14.905000
DEBUG:root:Reverse to the Right
DEBUG:root:Left=14.905000 Right=-17.881000
DEBUG:root:ScaledLeft: 408.536250 ScaledRight: 334.767750
INFO:root:Looping....
DEBUG:root:This is the line: drive:-15.179:2.976

DEBUG:root:We got command: drive
DEBUG:root:We got a drive command: rawX:2.976000 and rawY:-15.179000
DEBUG:root:Reverse to the Right
DEBUG:root:Left=15.179000 Right=-18.155000
DEBUG:root:ScaledLeft: 409.152750 ScaledRight: 334.151250
INFO:root:Looping....
DEBUG:root:This is the line: drive:-15.791:2.976

DEBUG:root:We got command: drive
DEBUG:root:We got a drive command: rawX:2.976000 and rawY:-15.791000
DEBUG:root:Reverse to the Right
DEBUG:root:Left=15.791000 Right=-18.767000
DEBUG:root:ScaledLeft: 410.529750 ScaledRight: 332.774250
INFO:root:Looping....
DEBUG:root:This is the line: drive:-16.037:2.976

DEBUG:root:We got command: drive
DEBUG:root:We got a drive command: rawX:2.976000 and rawY:-16.037000
DEBUG:root:Reverse to the Right
DEBUG:root:Left=16.037000 Right=-19.013000
DEBUG:root:ScaledLeft: 411.083250 ScaledRight: 332.220750
INFO:root:Looping....
DEBUG:root:This is the line: drive:-16.353:2.976

DEBUG:root:We got command: drive
DEBUG:root:We got a drive command: rawX:2.976000 and rawY:-16.353000
DEBUG:root:Reverse to the Right
DEBUG:root:Left=16.353000 Right=-19.329000
DEBUG:root:ScaledLeft: 411.794250 ScaledRight: 331.509750
INFO:root:Looping....
DEBUG:root:This is the line: drive:-17.162:2.976

DEBUG:root:We got command: drive
DEBUG:root:We got a drive command: rawX:2.976000 and rawY:-17.162000
DEBUG:root:Reverse to the Right
DEBUG:root:Left=17.162000 Right=-20.138000
DEBUG:root:ScaledLeft: 413.614500 ScaledRight: 329.689500
INFO:root:Looping....
DEBUG:root:This is the line: drive:-17.752:2.976

DEBUG:root:We got command: drive
DEBUG:root:We got a drive command: rawX:2.976000 and rawY:-17.752000
DEBUG:root:Reverse to the Right
DEBUG:root:Left=17.752000 Right=-20.728000
DEBUG:root:ScaledLeft: 414.942000 ScaledRight: 328.362000
INFO:root:Looping....
DEBUG:root:This is the line: drive:-18.008:2.976

DEBUG:root:We got command: drive
DEBUG:root:We got a drive command: rawX:2.976000 and rawY:-18.008000
DEBUG:root:Reverse to the Right
DEBUG:root:Left=18.008000 Right=-20.984000
DEBUG:root:ScaledLeft: 415.518000 ScaledRight: 327.786000
INFO:root:Looping....
DEBUG:root:This is the line: drive:-18.573:2.976

DEBUG:root:We got command: drive
DEBUG:root:We got a drive command: rawX:2.976000 and rawY:-18.573000
DEBUG:root:Reverse to the Right
DEBUG:root:Left=18.573000 Right=-21.549000
DEBUG:root:ScaledLeft: 416.789250 ScaledRight: 326.514750
INFO:root:Looping....
DEBUG:root:This is the line: drive:-19.148:2.976

DEBUG:root:We got command: drive
DEBUG:root:We got a drive command: rawX:2.976000 and rawY:-19.148000
DEBUG:root:Reverse to the Right
DEBUG:root:Left=19.148000 Right=-22.124000
DEBUG:root:ScaledLeft: 418.083000 ScaledRight: 325.221000
INFO:root:Looping....
DEBUG:root:This is the line: drive:-19.458:2.976

DEBUG:root:We got command: drive
DEBUG:root:We got a drive command: rawX:2.976000 and rawY:-19.458000
DEBUG:root:Reverse to the Right
DEBUG:root:Left=19.458000 Right=-22.434000
DEBUG:root:ScaledLeft: 418.780500 ScaledRight: 324.523500
INFO:root:Looping....
DEBUG:root:This is the line: drive:-20.143:2.976

DEBUG:root:We got command: drive
DEBUG:root:We got a drive command: rawX:2.976000 and rawY:-20.143000
DEBUG:root:Reverse to the Right
DEBUG:root:Left=20.143000 Right=-23.119000
DEBUG:root:ScaledLeft: 420.321750 ScaledRight: 322.982250
INFO:root:Looping....
DEBUG:root:This is the line: drive:-20.682:2.976

DEBUG:root:We got command: drive
DEBUG:root:We got a drive command: rawX:2.976000 and rawY:-20.682000
DEBUG:root:Reverse to the Right
DEBUG:root:Left=20.682000 Right=-23.658000
DEBUG:root:ScaledLeft: 421.534500 ScaledRight: 321.769500
INFO:root:Looping....
DEBUG:root:This is the line: drive:-21.266:2.976

DEBUG:root:We got command: drive
DEBUG:root:We got a drive command: rawX:2.976000 and rawY:-21.266000
DEBUG:root:Reverse to the Right
DEBUG:root:Left=21.266000 Right=-24.242000
DEBUG:root:ScaledLeft: 422.848500 ScaledRight: 320.455500
INFO:root:Looping....
DEBUG:root:This is the line: drive:-21.807:2.976

DEBUG:root:We got command: drive
DEBUG:root:We got a drive command: rawX:2.976000 and rawY:-21.807000
DEBUG:root:Reverse to the Right
DEBUG:root:Left=21.807000 Right=-24.783000
DEBUG:root:ScaledLeft: 424.065750 ScaledRight: 319.238250
INFO:root:Looping....
DEBUG:root:This is the line: drive:-22.359:2.976

DEBUG:root:We got command: drive
DEBUG:root:We got a drive command: rawX:2.976000 and rawY:-22.359000
DEBUG:root:Reverse to the Right
DEBUG:root:Left=22.359000 Right=-25.335000
DEBUG:root:ScaledLeft: 425.307750 ScaledRight: 317.996250
INFO:root:Looping....
DEBUG:root:This is the line: drive:-22.871:2.976

DEBUG:root:We got command: drive
DEBUG:root:We got a drive command: rawX:2.976000 and rawY:-22.871000
DEBUG:root:Reverse to the Right
DEBUG:root:Left=22.871000 Right=-25.847000
DEBUG:root:ScaledLeft: 426.459750 ScaledRight: 316.844250
INFO:root:Looping....
DEBUG:root:This is the line: drive:-23.266:2.976

DEBUG:root:We got command: drive
DEBUG:root:We got a drive command: rawX:2.976000 and rawY:-23.266000
DEBUG:root:Reverse to the Right
DEBUG:root:Left=23.266000 Right=-26.242000
DEBUG:root:ScaledLeft: 427.348500 ScaledRight: 315.955500
INFO:root:Looping....
DEBUG:root:This is the line: drive:-23.857:2.976

DEBUG:root:We got command: drive
DEBUG:root:We got a drive command: rawX:2.976000 and rawY:-23.857000
DEBUG:root:Reverse to the Right
DEBUG:root:Left=23.857000 Right=-26.833000
DEBUG:root:ScaledLeft: 428.678250 ScaledRight: 314.625750
INFO:root:Looping....
DEBUG:root:This is the line: drive:-24.308:2.976

DEBUG:root:We got command: drive
DEBUG:root:We got a drive command: rawX:2.976000 and rawY:-24.308000
DEBUG:root:Reverse to the Right
DEBUG:root:Left=24.308000 Right=-27.284000
DEBUG:root:ScaledLeft: 429.693000 ScaledRight: 313.611000
INFO:root:Looping....
DEBUG:root:This is the line: drive:-24.629:2.976

DEBUG:root:We got command: drive
DEBUG:root:We got a drive command: rawX:2.976000 and rawY:-24.629000
DEBUG:root:Reverse to the Right
DEBUG:root:Left=24.629000 Right=-27.605000
DEBUG:root:ScaledLeft: 430.415250 ScaledRight: 312.888750
INFO:root:Looping....
DEBUG:root:This is the line: drive:-25.205:2.976

DEBUG:root:We got command: drive
DEBUG:root:We got a drive command: rawX:2.976000 and rawY:-25.205000
DEBUG:root:Reverse to the Right
DEBUG:root:Left=25.205000 Right=-28.181000
DEBUG:root:ScaledLeft: 431.711250 ScaledRight: 311.592750
INFO:root:Looping....
DEBUG:root:This is the line: drive:-25.717:2.976

DEBUG:root:We got command: drive
DEBUG:root:We got a drive command: rawX:2.976000 and rawY:-25.717000
DEBUG:root:Reverse to the Right
DEBUG:root:Left=25.717000 Right=-28.693000
DEBUG:root:ScaledLeft: 432.863250 ScaledRight: 310.440750
INFO:root:Looping....
DEBUG:root:This is the line: drive:-26.02:2.976

DEBUG:root:We got command: drive
DEBUG:root:We got a drive command: rawX:2.976000 and rawY:-26.020000
DEBUG:root:Reverse to the Right
DEBUG:root:Left=26.020000 Right=-28.996000
DEBUG:root:ScaledLeft: 433.545000 ScaledRight: 309.759000
INFO:root:Looping....
DEBUG:root:This is the line: drive:-26.803:2.976

DEBUG:root:We got command: drive
DEBUG:root:We got a drive command: rawX:2.976000 and rawY:-26.803000
DEBUG:root:Reverse to the Right
DEBUG:root:Left=26.803000 Right=-29.779000
DEBUG:root:ScaledLeft: 435.306750 ScaledRight: 307.997250
INFO:root:Looping....
DEBUG:root:This is the line: drive:-27.214:2.976

DEBUG:root:We got command: drive
DEBUG:root:We got a drive command: rawX:2.976000 and rawY:-27.214000
DEBUG:root:Reverse to the Right
DEBUG:root:Left=27.214000 Right=-30.190000
DEBUG:root:ScaledLeft: 436.231500 ScaledRight: 307.072500
INFO:root:Looping....
DEBUG:root:This is the line: drive:-27.753:2.976

DEBUG:root:We got command: drive
DEBUG:root:We got a drive command: rawX:2.976000 and rawY:-27.753000
DEBUG:root:Reverse to the Right
DEBUG:root:Left=27.753000 Right=-30.729000
DEBUG:root:ScaledLeft: 437.444250 ScaledRight: 305.859750
INFO:root:Looping....
DEBUG:root:This is the line: drive:-28.429:2.976

DEBUG:root:We got command: drive
DEBUG:root:We got a drive command: rawX:2.976000 and rawY:-28.429000
DEBUG:root:Reverse to the Right
DEBUG:root:Left=28.429000 Right=-31.405000
DEBUG:root:ScaledLeft: 438.965250 ScaledRight: 304.338750
INFO:root:Looping....
DEBUG:root:This is the line: drive:-28.9:2.976

DEBUG:root:We got command: drive
DEBUG:root:We got a drive command: rawX:2.976000 and rawY:-28.900000
DEBUG:root:Reverse to the Right
DEBUG:root:Left=28.900000 Right=-31.876000
DEBUG:root:ScaledLeft: 440.025000 ScaledRight: 303.279000
INFO:root:Looping....
DEBUG:root:This is the line: drive:-29.199:2.976

DEBUG:root:We got command: drive
DEBUG:root:We got a drive command: rawX:2.976000 and rawY:-29.199000
DEBUG:root:Reverse to the Right
DEBUG:root:Left=29.199000 Right=-32.175000
DEBUG:root:ScaledLeft: 440.697750 ScaledRight: 302.606250
INFO:root:Looping....
DEBUG:root:This is the line: drive:-30.082:2.976

DEBUG:root:We got command: drive
DEBUG:root:We got a drive command: rawX:2.976000 and rawY:-30.082000
DEBUG:root:Reverse to the Right
DEBUG:root:Left=30.082000 Right=-33.058000
DEBUG:root:ScaledLeft: 442.684500 ScaledRight: 300.619500
INFO:root:Looping....
DEBUG:root:This is the line: drive:-30.62:2.976

DEBUG:root:We got command: drive
DEBUG:root:We got a drive command: rawX:2.976000 and rawY:-30.620000
DEBUG:root:Reverse to the Right
DEBUG:root:Left=30.620000 Right=-33.596000
DEBUG:root:ScaledLeft: 443.895000 ScaledRight: 299.409000
INFO:root:Looping....
DEBUG:root:This is the line: drive:-31.167:2.976

DEBUG:root:We got command: drive
DEBUG:root:We got a drive command: rawX:2.976000 and rawY:-31.167000
DEBUG:root:Reverse to the Right
DEBUG:root:Left=31.167000 Right=-34.143000
DEBUG:root:ScaledLeft: 445.125750 ScaledRight: 298.178250
INFO:root:Looping....
DEBUG:root:This is the line: drive:-31.454:2.976

DEBUG:root:We got command: drive
DEBUG:root:We got a drive command: rawX:2.976000 and rawY:-31.454000
DEBUG:root:Reverse to the Right
DEBUG:root:Left=31.454000 Right=-34.430000
DEBUG:root:ScaledLeft: 445.771500 ScaledRight: 297.532500
INFO:root:Looping....
DEBUG:root:This is the line: drive:-32.571:3.363

DEBUG:root:We got command: drive
DEBUG:root:We got a drive command: rawX:3.363000 and rawY:-32.571000
DEBUG:root:Reverse to the Right
DEBUG:root:Left=32.571000 Right=-35.934000
DEBUG:root:ScaledLeft: 448.284750 ScaledRight: 294.148500
INFO:root:Looping....
DEBUG:root:This is the line: drive:-32.857:4.776

DEBUG:root:We got command: drive
DEBUG:root:We got a drive command: rawX:4.776000 and rawY:-32.857000
DEBUG:root:Reverse to the Right
DEBUG:root:Left=32.857000 Right=-37.633000
DEBUG:root:ScaledLeft: 448.928250 ScaledRight: 290.325750
INFO:root:Looping....
DEBUG:root:This is the line: drive:-33.625:6.753

DEBUG:root:We got command: drive
DEBUG:root:We got a drive command: rawX:6.753000 and rawY:-33.625000
DEBUG:root:Reverse to the Right
DEBUG:root:Left=33.625000 Right=-40.378000
DEBUG:root:ScaledLeft: 450.656250 ScaledRight: 284.149500
INFO:root:Looping....
DEBUG:root:This is the line: drive:-34.0:8.999

DEBUG:root:We got command: drive
DEBUG:root:We got a drive command: rawX:8.999000 and rawY:-34.000000
DEBUG:root:Reverse to the Right
DEBUG:root:Left=34.000000 Right=-42.999000
DEBUG:root:ScaledLeft: 451.500000 ScaledRight: 278.252250
INFO:root:Looping....
DEBUG:root:This is the line: drive:-34.415:10.849

DEBUG:root:We got command: drive
DEBUG:root:We got a drive command: rawX:10.849000 and rawY:-34.415000
DEBUG:root:Reverse to the Right
DEBUG:root:Left=34.415000 Right=-45.264000
DEBUG:root:ScaledLeft: 452.433750 ScaledRight: 273.156000
INFO:root:Looping....
DEBUG:root:This is the line: drive:-34.857:13.131

DEBUG:root:We got command: drive
DEBUG:root:We got a drive command: rawX:13.131000 and rawY:-34.857000
DEBUG:root:Reverse to the Right
DEBUG:root:Left=34.857000 Right=-47.988000
DEBUG:root:ScaledLeft: 453.428250 ScaledRight: 267.027000
INFO:root:Looping....
DEBUG:root:This is the line: drive:-34.857:15.783

DEBUG:root:We got command: drive
DEBUG:root:We got a drive command: rawX:15.783000 and rawY:-34.857000
DEBUG:root:Reverse to the Right
DEBUG:root:Left=34.857000 Right=-50.640000
DEBUG:root:ScaledLeft: 453.428250 ScaledRight: 261.060000
INFO:root:Looping....
DEBUG:root:This is the line: drive:-35.143:19.633

DEBUG:root:We got command: drive
DEBUG:root:We got a drive command: rawX:19.633000 and rawY:-35.143000
DEBUG:root:Reverse to the Right
DEBUG:root:Left=35.143000 Right=-54.776000
DEBUG:root:ScaledLeft: 454.071750 ScaledRight: 251.754000
INFO:root:Looping....
DEBUG:root:This is the line: drive:-35.429:21.52

DEBUG:root:We got command: drive
DEBUG:root:We got a drive command: rawX:21.520000 and rawY:-35.429000
DEBUG:root:Reverse to the Right
DEBUG:root:Left=35.429000 Right=-56.949000
DEBUG:root:ScaledLeft: 454.715250 ScaledRight: 246.864750
INFO:root:Looping....
DEBUG:root:This is the line: drive:-35.714:23.883

DEBUG:root:We got command: drive
DEBUG:root:We got a drive command: rawX:23.883000 and rawY:-35.714000
DEBUG:root:Reverse to the Right
DEBUG:root:Left=35.714000 Right=-59.597000
DEBUG:root:ScaledLeft: 455.356500 ScaledRight: 240.906750
INFO:root:Looping....
DEBUG:root:This is the line: drive:-35.714:26.042

DEBUG:root:We got command: drive
DEBUG:root:We got a drive command: rawX:26.042000 and rawY:-35.714000
DEBUG:root:Reverse to the Right
DEBUG:root:Left=35.714000 Right=-61.756000
DEBUG:root:ScaledLeft: 455.356500 ScaledRight: 236.049000
INFO:root:Looping....
DEBUG:root:This is the line: drive:-36.0:28.139

DEBUG:root:We got command: drive
DEBUG:root:We got a drive command: rawX:28.139000 and rawY:-36.000000
DEBUG:root:Reverse to the Right
DEBUG:root:Left=36.000000 Right=-64.139000
DEBUG:root:ScaledLeft: 456.000000 ScaledRight: 230.687250
INFO:root:Looping....
DEBUG:root:This is the line: drive:-36.0:30.478

DEBUG:root:We got command: drive
DEBUG:root:We got a drive command: rawX:30.478000 and rawY:-36.000000
DEBUG:root:Reverse to the Right
DEBUG:root:Left=36.000000 Right=-66.478000
DEBUG:root:ScaledLeft: 456.000000 ScaledRight: 225.424500
INFO:root:Looping....
DEBUG:root:This is the line: drive:-36.0:31.994

DEBUG:root:We got command: drive
DEBUG:root:We got a drive command: rawX:31.994000 and rawY:-36.000000
DEBUG:root:Reverse to the Right
DEBUG:root:Left=36.000000 Right=-67.994000
DEBUG:root:ScaledLeft: 456.000000 ScaledRight: 222.013500
INFO:root:Looping....
DEBUG:root:This is the line: drive:-36.286:33.185

DEBUG:root:We got command: drive
DEBUG:root:We got a drive command: rawX:33.185000 and rawY:-36.286000
DEBUG:root:Reverse to the Right
DEBUG:root:Left=36.286000 Right=-69.471000
DEBUG:root:ScaledLeft: 456.643500 ScaledRight: 218.690250
INFO:root:Looping....
DEBUG:root:This is the line: drive:-36.286:33.346

DEBUG:root:We got command: drive
DEBUG:root:We got a drive command: rawX:33.346000 and rawY:-36.286000
DEBUG:root:Reverse to the Right
DEBUG:root:Left=36.286000 Right=-69.632000
DEBUG:root:ScaledLeft: 456.643500 ScaledRight: 218.328000
INFO:root:Looping....
DEBUG:root:This is the line: drive:-36.857:34.284

DEBUG:root:We got command: drive
DEBUG:root:We got a drive command: rawX:34.284000 and rawY:-36.857000
DEBUG:root:Reverse to the Right
DEBUG:root:Left=36.857000 Right=-71.141000
DEBUG:root:ScaledLeft: 457.928250 ScaledRight: 214.932750
INFO:root:Looping....
DEBUG:root:This is the line: drive:-37.143:34.601

DEBUG:root:We got command: drive
DEBUG:root:We got a drive command: rawX:34.601000 and rawY:-37.143000
DEBUG:root:Reverse to the Right
DEBUG:root:Left=37.143000 Right=-71.744000
DEBUG:root:ScaledLeft: 458.571750 ScaledRight: 213.576000
INFO:root:Looping....
DEBUG:root:This is the line: drive:-37.806:35.214

DEBUG:root:We got command: drive
DEBUG:root:We got a drive command: rawX:35.214000 and rawY:-37.806000
DEBUG:root:Reverse to the Right
DEBUG:root:Left=37.806000 Right=-73.020000
DEBUG:root:ScaledLeft: 460.063500 ScaledRight: 210.705000
INFO:root:Looping....
DEBUG:root:This is the line: drive:-38.0:35.863

DEBUG:root:We got command: drive
DEBUG:root:We got a drive command: rawX:35.863000 and rawY:-38.000000
DEBUG:root:Reverse to the Right
DEBUG:root:Left=38.000000 Right=-73.863000
DEBUG:root:ScaledLeft: 460.500000 ScaledRight: 208.808250
INFO:root:Looping....
DEBUG:root:This is the line: drive:-38.286:36.458

DEBUG:root:We got command: drive
DEBUG:root:We got a drive command: rawX:36.458000 and rawY:-38.286000
DEBUG:root:Reverse to the Right
DEBUG:root:Left=38.286000 Right=-74.744000
DEBUG:root:ScaledLeft: 461.143500 ScaledRight: 206.826000
INFO:root:Looping....
DEBUG:root:This is the line: drive:-38.571:37.075

DEBUG:root:We got command: drive
DEBUG:root:We got a drive command: rawX:37.075000 and rawY:-38.571000
DEBUG:root:Reverse to the Right
DEBUG:root:Left=38.571000 Right=-75.646000
DEBUG:root:ScaledLeft: 461.784750 ScaledRight: 204.796500
INFO:root:Looping....
DEBUG:root:This is the line: drive:-39.0:37.798

DEBUG:root:We got command: drive
DEBUG:root:We got a drive command: rawX:37.798000 and rawY:-39.000000
DEBUG:root:Reverse to the Right
DEBUG:root:Left=39.000000 Right=-76.798000
DEBUG:root:ScaledLeft: 462.750000 ScaledRight: 202.204500
INFO:root:Looping....
DEBUG:root:This is the line: drive:-38.857:38.501

DEBUG:root:We got command: drive
DEBUG:root:We got a drive command: rawX:38.501000 and rawY:-38.857000
DEBUG:root:Reverse to the Right
DEBUG:root:Left=38.857000 Right=-77.358000
DEBUG:root:ScaledLeft: 462.428250 ScaledRight: 200.944500
INFO:root:Looping....
DEBUG:root:This is the line: drive:-39.055:38.988

DEBUG:root:We got command: drive
DEBUG:root:We got a drive command: rawX:38.988000 and rawY:-39.055000
DEBUG:root:Reverse to the Right
DEBUG:root:Left=39.055000 Right=-78.043000
DEBUG:root:ScaledLeft: 462.873750 ScaledRight: 199.403250
INFO:root:Looping....
DEBUG:root:This is the line: drive:-39.143:39.713

DEBUG:root:We got command: drive
DEBUG:root:We got a drive command: rawX:39.713000 and rawY:-39.143000
DEBUG:root:Reverse to the Right
DEBUG:root:Left=39.143000 Right=-78.856000
DEBUG:root:ScaledLeft: 463.071750 ScaledRight: 197.574000
INFO:root:Looping....
DEBUG:root:This is the line: drive:-39.143:40.184

DEBUG:root:We got command: drive
DEBUG:root:We got a drive command: rawX:40.184000 and rawY:-39.143000
DEBUG:root:Reverse to the Right
DEBUG:root:Left=39.143000 Right=-79.327000
DEBUG:root:ScaledLeft: 463.071750 ScaledRight: 196.514250
INFO:root:Looping....
DEBUG:root:This is the line: drive:-39.143:40.839

DEBUG:root:We got command: drive
DEBUG:root:We got a drive command: rawX:40.839000 and rawY:-39.143000
DEBUG:root:Reverse to the Right
DEBUG:root:Left=39.143000 Right=-79.982000
DEBUG:root:ScaledLeft: 463.071750 ScaledRight: 195.040500
INFO:root:Looping....
DEBUG:root:This is the line: drive:-39.143:41.409

DEBUG:root:We got command: drive
DEBUG:root:We got a drive command: rawX:41.409000 and rawY:-39.143000
DEBUG:root:Reverse to the Right
DEBUG:root:Left=39.143000 Right=-80.552000
DEBUG:root:ScaledLeft: 463.071750 ScaledRight: 193.758000
INFO:root:Looping....
DEBUG:root:This is the line: drive:-39.143:42.908

DEBUG:root:We got command: drive
DEBUG:root:We got a drive command: rawX:42.908000 and rawY:-39.143000
DEBUG:root:Reverse to the Right
DEBUG:root:Left=39.143000 Right=-82.051000
DEBUG:root:ScaledLeft: 463.071750 ScaledRight: 190.385250
INFO:root:Looping....
DEBUG:root:This is the line: drive:-39.143:43.494

DEBUG:root:We got command: drive
DEBUG:root:We got a drive command: rawX:43.494000 and rawY:-39.143000
DEBUG:root:Reverse to the Right
DEBUG:root:Left=39.143000 Right=-82.637000
DEBUG:root:ScaledLeft: 463.071750 ScaledRight: 189.066750
INFO:root:Looping....
DEBUG:root:This is the line: drive:-39.143:44.173

DEBUG:root:We got command: drive
DEBUG:root:We got a drive command: rawX:44.173000 and rawY:-39.143000
DEBUG:root:Reverse to the Right
DEBUG:root:Left=39.143000 Right=-83.316000
DEBUG:root:ScaledLeft: 463.071750 ScaledRight: 187.539000
INFO:root:Looping....
DEBUG:root:This is the line: drive:-39.143:44.667

DEBUG:root:We got command: drive
DEBUG:root:We got a drive command: rawX:44.667000 and rawY:-39.143000
DEBUG:root:Reverse to the Right
DEBUG:root:Left=39.143000 Right=-83.810000
DEBUG:root:ScaledLeft: 463.071750 ScaledRight: 186.427500
INFO:root:Looping....
DEBUG:root:This is the line: drive:-39.143:45.027

DEBUG:root:We got command: drive
DEBUG:root:We got a drive command: rawX:45.027000 and rawY:-39.143000
DEBUG:root:Reverse to the Right
DEBUG:root:Left=39.143000 Right=-84.170000
DEBUG:root:ScaledLeft: 463.071750 ScaledRight: 185.617500
INFO:root:Looping....
DEBUG:root:This is the line: drive:-39.143:45.605

DEBUG:root:We got command: drive
DEBUG:root:We got a drive command: rawX:45.605000 and rawY:-39.143000
DEBUG:root:Reverse to the Right
DEBUG:root:Left=39.143000 Right=-84.748000
DEBUG:root:ScaledLeft: 463.071750 ScaledRight: 184.317000
INFO:root:Looping....
DEBUG:root:This is the line: drive:-39.143:46.28

DEBUG:root:We got command: drive
DEBUG:root:We got a drive command: rawX:46.280000 and rawY:-39.143000
DEBUG:root:Reverse to the Right
DEBUG:root:Left=39.143000 Right=-85.423000
DEBUG:root:ScaledLeft: 463.071750 ScaledRight: 182.798250
INFO:root:Looping....
DEBUG:root:This is the line: drive:-39.143:46.767

DEBUG:root:We got command: drive
DEBUG:root:We got a drive command: rawX:46.767000 and rawY:-39.143000
DEBUG:root:Reverse to the Right
DEBUG:root:Left=39.143000 Right=-85.910000
DEBUG:root:ScaledLeft: 463.071750 ScaledRight: 181.702500
INFO:root:Looping....
DEBUG:root:This is the line: drive:-39.143:47.347

DEBUG:root:We got command: drive
DEBUG:root:We got a drive command: rawX:47.347000 and rawY:-39.143000
DEBUG:root:Reverse to the Right
DEBUG:root:Left=39.143000 Right=-86.490000
DEBUG:root:ScaledLeft: 463.071750 ScaledRight: 180.397500
INFO:root:Looping....
DEBUG:root:This is the line: drive:-39.143:47.704

DEBUG:root:We got command: drive
DEBUG:root:We got a drive command: rawX:47.704000 and rawY:-39.143000
DEBUG:root:Reverse to the Right
DEBUG:root:Left=39.143000 Right=-86.847000
DEBUG:root:ScaledLeft: 463.071750 ScaledRight: 179.594250
INFO:root:Looping....
DEBUG:root:This is the line: drive:-39.143:47.704

DEBUG:root:We got command: drive
DEBUG:root:We got a drive command: rawX:47.704000 and rawY:-39.143000
DEBUG:root:Reverse to the Right
DEBUG:root:Left=39.143000 Right=-86.847000
DEBUG:root:ScaledLeft: 463.071750 ScaledRight: 179.594250
INFO:root:Looping....
DEBUG:root:This is the line: drive:-39.143:47.704

DEBUG:root:We got command: drive
DEBUG:root:We got a drive command: rawX:47.704000 and rawY:-39.143000
DEBUG:root:Reverse to the Right
DEBUG:root:Left=39.143000 Right=-86.847000
DEBUG:root:ScaledLeft: 463.071750 ScaledRight: 179.594250
INFO:root:Looping....
DEBUG:root:This is the line: drive:-39.143:47.704

DEBUG:root:We got command: drive
DEBUG:root:We got a drive command: rawX:47.704000 and rawY:-39.143000
DEBUG:root:Reverse to the Right
DEBUG:root:Left=39.143000 Right=-86.847000
DEBUG:root:ScaledLeft: 463.071750 ScaledRight: 179.594250
INFO:root:Looping....
DEBUG:root:This is the line: drive:-39.143:47.704

DEBUG:root:We got command: drive
DEBUG:root:We got a drive command: rawX:47.704000 and rawY:-39.143000
DEBUG:root:Reverse to the Right
DEBUG:root:Left=39.143000 Right=-86.847000
DEBUG:root:ScaledLeft: 463.071750 ScaledRight: 179.594250
INFO:root:Looping....
DEBUG:root:This is the line: drive:-39.143:45.027

DEBUG:root:We got command: drive
DEBUG:root:We got a drive command: rawX:45.027000 and rawY:-39.143000
DEBUG:root:Reverse to the Right
DEBUG:root:Left=39.143000 Right=-84.170000
DEBUG:root:ScaledLeft: 463.071750 ScaledRight: 185.617500
INFO:root:Looping....
DEBUG:root:This is the line: drive:-39.143:38.964

DEBUG:root:We got command: drive
DEBUG:root:We got a drive command: rawX:38.964000 and rawY:-39.143000
DEBUG:root:Reverse to the Right
DEBUG:root:Left=39.143000 Right=-78.107000
DEBUG:root:ScaledLeft: 463.071750 ScaledRight: 199.259250
INFO:root:Looping....
DEBUG:root:This is the line: drive:-39.143:27.765

DEBUG:root:We got command: drive
DEBUG:root:We got a drive command: rawX:27.765000 and rawY:-39.143000
DEBUG:root:Reverse to the Right
DEBUG:root:Left=39.143000 Right=-66.908000
DEBUG:root:ScaledLeft: 463.071750 ScaledRight: 224.457000
INFO:root:Looping....
DEBUG:root:This is the line: drive:-39.143:17.601

DEBUG:root:We got command: drive
DEBUG:root:We got a drive command: rawX:17.601000 and rawY:-39.143000
DEBUG:root:Reverse to the Right
DEBUG:root:Left=39.143000 Right=-56.744000
DEBUG:root:ScaledLeft: 463.071750 ScaledRight: 247.326000
INFO:root:Looping....
DEBUG:root:This is the line: drive:-39.143:6.003

DEBUG:root:We got command: drive
DEBUG:root:We got a drive command: rawX:6.003000 and rawY:-39.143000
DEBUG:root:Reverse to the Right
DEBUG:root:Left=39.143000 Right=-45.146000
DEBUG:root:ScaledLeft: 463.071750 ScaledRight: 273.421500
INFO:root:Looping....
DEBUG:root:This is the line: drive:-40.0:-2.212

DEBUG:root:We got command: drive
DEBUG:root:We got a drive command: rawX:-2.212000 and rawY:-40.000000
DEBUG:root:Reverse to the Left/Straight
DEBUG:root:Left=37.788000 Right=-40.000000
DEBUG:root:ScaledLeft: 460.023000 ScaledRight: 285.000000
INFO:root:Looping....
DEBUG:root:This is the line: drive:-41.253:-8.379

DEBUG:root:We got command: drive
DEBUG:root:We got a drive command: rawX:-8.379000 and rawY:-41.253000
DEBUG:root:Reverse to the Left/Straight
DEBUG:root:Left=32.874000 Right=-41.253000
DEBUG:root:ScaledLeft: 448.966500 ScaledRight: 282.180750
INFO:root:Looping....
DEBUG:root:This is the line: drive:-41.754:-14.963

DEBUG:root:We got command: drive
DEBUG:root:We got a drive command: rawX:-14.963000 and rawY:-41.754000
DEBUG:root:Reverse to the Left/Straight
DEBUG:root:Left=26.791000 Right=-41.754000
DEBUG:root:ScaledLeft: 435.279750 ScaledRight: 281.053500
INFO:root:Looping....
DEBUG:root:This is the line: drive:-42.686:-18.69

DEBUG:root:We got command: drive
DEBUG:root:We got a drive command: rawX:-18.690000 and rawY:-42.686000
DEBUG:root:Reverse to the Left/Straight
DEBUG:root:Left=23.996000 Right=-42.686000
DEBUG:root:ScaledLeft: 428.991000 ScaledRight: 278.956500
INFO:root:Looping....
DEBUG:root:This is the line: drive:-43.429:-23.152

DEBUG:root:We got command: drive
DEBUG:root:We got a drive command: rawX:-23.152000 and rawY:-43.429000
DEBUG:root:Reverse to the Left/Straight
DEBUG:root:Left=20.277000 Right=-43.429000
DEBUG:root:ScaledLeft: 420.623250 ScaledRight: 277.284750
INFO:root:Looping....
DEBUG:root:This is the line: drive:-44.143:-27.083

DEBUG:root:We got command: drive
DEBUG:root:We got a drive command: rawX:-27.083000 and rawY:-44.143000
DEBUG:root:Reverse to the Left/Straight
DEBUG:root:Left=17.060000 Right=-44.143000
DEBUG:root:ScaledLeft: 413.385000 ScaledRight: 275.678250
INFO:root:Looping....
DEBUG:root:This is the line: drive:-44.857:-30.219

DEBUG:root:We got command: drive
DEBUG:root:We got a drive command: rawX:-30.219000 and rawY:-44.857000
DEBUG:root:Reverse to the Left/Straight
DEBUG:root:Left=14.638000 Right=-44.857000
DEBUG:root:ScaledLeft: 407.935500 ScaledRight: 274.071750
INFO:root:Looping....
DEBUG:root:This is the line: drive:-45.429:-33.031

DEBUG:root:We got command: drive
DEBUG:root:We got a drive command: rawX:-33.031000 and rawY:-45.429000
DEBUG:root:Reverse to the Left/Straight
DEBUG:root:Left=12.398000 Right=-45.429000
DEBUG:root:ScaledLeft: 402.895500 ScaledRight: 272.784750
INFO:root:Looping....
DEBUG:root:This is the line: drive:-45.761:-35.465

DEBUG:root:We got command: drive
DEBUG:root:We got a drive command: rawX:-35.465000 and rawY:-45.761000
DEBUG:root:Reverse to the Left/Straight
DEBUG:root:Left=10.296000 Right=-45.761000
DEBUG:root:ScaledLeft: 398.166000 ScaledRight: 272.037750
INFO:root:Looping....
DEBUG:root:This is the line: drive:-46.286:-40.263

DEBUG:root:We got command: drive
DEBUG:root:We got a drive command: rawX:-40.263000 and rawY:-46.286000
DEBUG:root:Reverse to the Left/Straight
DEBUG:root:Left=6.023000 Right=-46.286000
DEBUG:root:ScaledLeft: 388.551750 ScaledRight: 270.856500
INFO:root:Looping....
DEBUG:root:This is the line: drive:-46.571:-41.346

DEBUG:root:We got command: drive
DEBUG:root:We got a drive command: rawX:-41.346000 and rawY:-46.571000
DEBUG:root:Reverse to the Left/Straight
DEBUG:root:Left=5.225000 Right=-46.571000
DEBUG:root:ScaledLeft: 386.756250 ScaledRight: 270.215250
INFO:root:Looping....
DEBUG:root:This is the line: drive:-46.857:-45.18

DEBUG:root:We got command: drive
DEBUG:root:We got a drive command: rawX:-45.180000 and rawY:-46.857000
DEBUG:root:Reverse to the Left/Straight
DEBUG:root:Left=1.677000 Right=-46.857000
DEBUG:root:ScaledLeft: 378.773250 ScaledRight: 269.571750
INFO:root:Looping....
DEBUG:root:This is the line: drive:-46.857:-47.173

DEBUG:root:We got command: drive
DEBUG:root:We got a drive command: rawX:-47.173000 and rawY:-46.857000
DEBUG:root:Reverse to the Left/Straight
DEBUG:root:Left=-0.316000 Right=-46.857000
DEBUG:root:ScaledLeft: 374.289000 ScaledRight: 269.571750
INFO:root:Looping....
DEBUG:root:This is the line: drive:-46.857:-49.239

DEBUG:root:We got command: drive
DEBUG:root:We got a drive command: rawX:-49.239000 and rawY:-46.857000
DEBUG:root:Reverse to the Left/Straight
DEBUG:root:Left=-2.382000 Right=-46.857000
DEBUG:root:ScaledLeft: 369.640500 ScaledRight: 269.571750
INFO:root:Looping....
DEBUG:root:This is the line: drive:-47.143:-51.465

DEBUG:root:We got command: drive
DEBUG:root:We got a drive command: rawX:-51.465000 and rawY:-47.143000
DEBUG:root:Reverse to the Left/Straight
DEBUG:root:Left=-4.322000 Right=-47.143000
DEBUG:root:ScaledLeft: 365.275500 ScaledRight: 268.928250
INFO:root:Looping....
DEBUG:root:This is the line: drive:-47.143:-53.297

DEBUG:root:We got command: drive
DEBUG:root:We got a drive command: rawX:-53.297000 and rawY:-47.143000
DEBUG:root:Reverse to the Left/Straight
DEBUG:root:Left=-6.154000 Right=-47.143000
DEBUG:root:ScaledLeft: 361.153500 ScaledRight: 268.928250
INFO:root:Looping....
DEBUG:root:This is the line: drive:-47.429:-55.295

DEBUG:root:We got command: drive
DEBUG:root:We got a drive command: rawX:-55.295000 and rawY:-47.429000
DEBUG:root:Reverse to the Left/Straight
DEBUG:root:Left=-7.866000 Right=-47.429000
DEBUG:root:ScaledLeft: 357.301500 ScaledRight: 268.284750
INFO:root:Looping....
DEBUG:root:This is the line: drive:-47.429:-56.101

DEBUG:root:We got command: drive
DEBUG:root:We got a drive command: rawX:-56.101000 and rawY:-47.429000
DEBUG:root:Reverse to the Left/Straight
DEBUG:root:Left=-8.672000 Right=-47.429000
DEBUG:root:ScaledLeft: 355.488000 ScaledRight: 268.284750
INFO:root:Looping....
DEBUG:root:This is the line: drive:-47.429:-57.292

DEBUG:root:We got command: drive
DEBUG:root:We got a drive command: rawX:-57.292000 and rawY:-47.429000
DEBUG:root:Reverse to the Left/Straight
DEBUG:root:Left=-9.863000 Right=-47.429000
DEBUG:root:ScaledLeft: 352.808250 ScaledRight: 268.284750
INFO:root:Looping....
DEBUG:root:This is the line: drive:-47.714:-59.077

DEBUG:root:We got command: drive
DEBUG:root:We got a drive command: rawX:-59.077000 and rawY:-47.714000
DEBUG:root:Reverse to the Left/Straight
DEBUG:root:Left=-11.363000 Right=-47.714000
DEBUG:root:ScaledLeft: 349.433250 ScaledRight: 267.643500
INFO:root:Looping....
DEBUG:root:This is the line: drive:-47.714:-59.906

DEBUG:root:We got command: drive
DEBUG:root:We got a drive command: rawX:-59.906000 and rawY:-47.714000
DEBUG:root:Reverse to the Left/Straight
DEBUG:root:Left=-12.192000 Right=-47.714000
DEBUG:root:ScaledLeft: 347.568000 ScaledRight: 267.643500
INFO:root:Looping....
DEBUG:root:This is the line: drive:-48.0:-61.156

DEBUG:root:We got command: drive
DEBUG:root:We got a drive command: rawX:-61.156000 and rawY:-48.000000
DEBUG:root:Reverse to the Left/Straight
DEBUG:root:Left=-13.156000 Right=-48.000000
DEBUG:root:ScaledLeft: 345.399000 ScaledRight: 267.000000
INFO:root:Looping....
DEBUG:root:This is the line: drive:-48.0:-62.311

DEBUG:root:We got command: drive
DEBUG:root:We got a drive command: rawX:-62.311000 and rawY:-48.000000
DEBUG:root:Reverse to the Left/Straight
DEBUG:root:Left=-14.311000 Right=-48.000000
DEBUG:root:ScaledLeft: 342.800250 ScaledRight: 267.000000
INFO:root:Looping....
DEBUG:root:This is the line: drive:-48.286:-63.839

DEBUG:root:We got command: drive
DEBUG:root:We got a drive command: rawX:-63.839000 and rawY:-48.286000
DEBUG:root:Reverse to the Left/Straight
DEBUG:root:Left=-15.553000 Right=-48.286000
DEBUG:root:ScaledLeft: 340.005750 ScaledRight: 266.356500
INFO:root:Looping....
DEBUG:root:This is the line: drive:-48.286:-64.686

DEBUG:root:We got command: drive
DEBUG:root:We got a drive command: rawX:-64.686000 and rawY:-48.286000
DEBUG:root:Reverse to the Left/Straight
DEBUG:root:Left=-16.400000 Right=-48.286000
DEBUG:root:ScaledLeft: 338.100000 ScaledRight: 266.356500
INFO:root:Looping....
DEBUG:root:This is the line: drive:-48.571:-65.787

DEBUG:root:We got command: drive
DEBUG:root:We got a drive command: rawX:-65.787000 and rawY:-48.571000
DEBUG:root:Reverse to the Left/Straight
DEBUG:root:Left=-17.216000 Right=-48.571000
DEBUG:root:ScaledLeft: 336.264000 ScaledRight: 265.715250
INFO:root:Looping....
DEBUG:root:This is the line: drive:-48.857:-66.815

DEBUG:root:We got command: drive
DEBUG:root:We got a drive command: rawX:-66.815000 and rawY:-48.857000
DEBUG:root:Reverse to the Left/Straight
DEBUG:root:Left=-17.958000 Right=-48.857000
DEBUG:root:ScaledLeft: 334.594500 ScaledRight: 265.071750
INFO:root:Looping....
DEBUG:root:This is the line: drive:-49.429:-67.708

DEBUG:root:We got command: drive
DEBUG:root:We got a drive command: rawX:-67.708000 and rawY:-49.429000
DEBUG:root:Reverse to the Left/Straight
DEBUG:root:Left=-18.279000 Right=-49.429000
DEBUG:root:ScaledLeft: 333.872250 ScaledRight: 263.784750
INFO:root:Looping....
DEBUG:root:This is the line: drive:-49.429:-68.173

DEBUG:root:We got command: drive
DEBUG:root:We got a drive command: rawX:-68.173000 and rawY:-49.429000
DEBUG:root:Reverse to the Left/Straight
DEBUG:root:Left=-18.744000 Right=-49.429000
DEBUG:root:ScaledLeft: 332.826000 ScaledRight: 263.784750
INFO:root:Looping....
DEBUG:root:This is the line: drive:-49.818:-68.155

DEBUG:root:We got command: drive
DEBUG:root:We got a drive command: rawX:-68.155000 and rawY:-49.818000
DEBUG:root:Reverse to the Left/Straight
DEBUG:root:Left=-18.337000 Right=-49.818000
DEBUG:root:ScaledLeft: 333.741750 ScaledRight: 262.909500
INFO:root:Looping....
DEBUG:root:This is the line: drive:-49.818:-68.155

DEBUG:root:We got command: drive
DEBUG:root:We got a drive command: rawX:-68.155000 and rawY:-49.818000
DEBUG:root:Reverse to the Left/Straight
DEBUG:root:Left=-18.337000 Right=-49.818000
DEBUG:root:ScaledLeft: 333.741750 ScaledRight: 262.909500
INFO:root:Looping....
DEBUG:root:This is the line: drive:-49.818:-68.155

DEBUG:root:We got command: drive
DEBUG:root:We got a drive command: rawX:-68.155000 and rawY:-49.818000
DEBUG:root:Reverse to the Left/Straight
DEBUG:root:Left=-18.337000 Right=-49.818000
DEBUG:root:ScaledLeft: 333.741750 ScaledRight: 262.909500
INFO:root:Looping....
DEBUG:root:This is the line: drive:-49.818:-68.155

DEBUG:root:We got command: drive
DEBUG:root:We got a drive command: rawX:-68.155000 and rawY:-49.818000
DEBUG:root:Reverse to the Left/Straight
DEBUG:root:Left=-18.337000 Right=-49.818000
DEBUG:root:ScaledLeft: 333.741750 ScaledRight: 262.909500
INFO:root:Looping....
DEBUG:root:This is the line: drive:-49.818:-68.155

DEBUG:root:We got command: drive
DEBUG:root:We got a drive command: rawX:-68.155000 and rawY:-49.818000
DEBUG:root:Reverse to the Left/Straight
DEBUG:root:Left=-18.337000 Right=-49.818000
DEBUG:root:ScaledLeft: 333.741750 ScaledRight: 262.909500
INFO:root:Looping....
DEBUG:root:This is the line: drive:-50.009:-68.155

DEBUG:root:We got command: drive
DEBUG:root:We got a drive command: rawX:-68.155000 and rawY:-50.009000
DEBUG:root:Reverse to the Left/Straight
DEBUG:root:Left=-18.146000 Right=-50.009000
DEBUG:root:ScaledLeft: 334.171500 ScaledRight: 262.479750
INFO:root:Looping....
DEBUG:root:This is the line: drive:-50.321:-68.155

DEBUG:root:We got command: drive
DEBUG:root:We got a drive command: rawX:-68.155000 and rawY:-50.321000
DEBUG:root:Reverse to the Left/Straight
DEBUG:root:Left=-17.834000 Right=-50.321000
DEBUG:root:ScaledLeft: 334.873500 ScaledRight: 261.777750
INFO:root:Looping....
DEBUG:root:This is the line: drive:-50.614:-68.155

DEBUG:root:We got command: drive
DEBUG:root:We got a drive command: rawX:-68.155000 and rawY:-50.614000
DEBUG:root:Reverse to the Left/Straight
DEBUG:root:Left=-17.541000 Right=-50.614000
DEBUG:root:ScaledLeft: 335.532750 ScaledRight: 261.118500
INFO:root:Looping....
DEBUG:root:This is the line: drive:-50.614:-68.155

DEBUG:root:We got command: drive
DEBUG:root:We got a drive command: rawX:-68.155000 and rawY:-50.614000
DEBUG:root:Reverse to the Left/Straight
DEBUG:root:Left=-17.541000 Right=-50.614000
DEBUG:root:ScaledLeft: 335.532750 ScaledRight: 261.118500
INFO:root:Looping....
DEBUG:root:This is the line: drive:-50.857:-69.96

DEBUG:root:We got command: drive
DEBUG:root:We got a drive command: rawX:-69.960000 and rawY:-50.857000
DEBUG:root:Reverse to the Left/Straight
DEBUG:root:Left=-19.103000 Right=-50.857000
DEBUG:root:ScaledLeft: 332.018250 ScaledRight: 260.571750
INFO:root:Looping....
DEBUG:root:This is the line: drive:-50.857:-71.957

DEBUG:root:We got command: drive
DEBUG:root:We got a drive command: rawX:-71.957000 and rawY:-50.857000
DEBUG:root:Reverse to the Left/Straight
DEBUG:root:Left=-21.100000 Right=-50.857000
DEBUG:root:ScaledLeft: 327.525000 ScaledRight: 260.571750
INFO:root:Looping....
DEBUG:root:This is the line: drive:-50.857:-72.768

DEBUG:root:We got command: drive
DEBUG:root:We got a drive command: rawX:-72.768000 and rawY:-50.857000
DEBUG:root:Reverse to the Left/Straight
DEBUG:root:Left=-21.911000 Right=-50.857000
DEBUG:root:ScaledLeft: 325.700250 ScaledRight: 260.571750
INFO:root:Looping....
DEBUG:root:This is the line: drive:-50.857:-73.958

DEBUG:root:We got command: drive
DEBUG:root:We got a drive command: rawX:-73.958000 and rawY:-50.857000
DEBUG:root:Reverse to the Left/Straight
DEBUG:root:Left=-23.101000 Right=-50.857000
DEBUG:root:ScaledLeft: 323.022750 ScaledRight: 260.571750
INFO:root:Looping....
DEBUG:root:This is the line: drive:-50.857:-74.107

DEBUG:root:We got command: drive
DEBUG:root:We got a drive command: rawX:-74.107000 and rawY:-50.857000
DEBUG:root:Reverse to the Left/Straight
DEBUG:root:Left=-23.250000 Right=-50.857000
DEBUG:root:ScaledLeft: 322.687500 ScaledRight: 260.571750
INFO:root:Looping....
DEBUG:root:This is the line: drive:-50.857:-74.417

DEBUG:root:We got command: drive
DEBUG:root:We got a drive command: rawX:-74.417000 and rawY:-50.857000
DEBUG:root:Reverse to the Left/Straight
DEBUG:root:Left=-23.560000 Right=-50.857000
DEBUG:root:ScaledLeft: 321.990000 ScaledRight: 260.571750
INFO:root:Looping....
DEBUG:root:This is the line: drive:-50.857:-74.417

DEBUG:root:We got command: drive
DEBUG:root:We got a drive command: rawX:-74.417000 and rawY:-50.857000
DEBUG:root:Reverse to the Left/Straight
DEBUG:root:Left=-23.560000 Right=-50.857000
DEBUG:root:ScaledLeft: 321.990000 ScaledRight: 260.571750
INFO:root:Looping....
DEBUG:root:This is the line: drive:-50.857:-74.417

DEBUG:root:We got command: drive
DEBUG:root:We got a drive command: rawX:-74.417000 and rawY:-50.857000
DEBUG:root:Reverse to the Left/Straight
DEBUG:root:Left=-23.560000 Right=-50.857000
DEBUG:root:ScaledLeft: 321.990000 ScaledRight: 260.571750
INFO:root:Looping....
DEBUG:root:This is the line: drive:-50.857:-74.417

DEBUG:root:We got command: drive
DEBUG:root:We got a drive command: rawX:-74.417000 and rawY:-50.857000
DEBUG:root:Reverse to the Left/Straight
DEBUG:root:Left=-23.560000 Right=-50.857000
DEBUG:root:ScaledLeft: 321.990000 ScaledRight: 260.571750
INFO:root:Looping....
DEBUG:root:This is the line: drive:-50.857:-73.984

DEBUG:root:We got command: drive
DEBUG:root:We got a drive command: rawX:-73.984000 and rawY:-50.857000
DEBUG:root:Reverse to the Left/Straight
DEBUG:root:Left=-23.127000 Right=-50.857000
DEBUG:root:ScaledLeft: 322.964250 ScaledRight: 260.571750
INFO:root:Looping....
DEBUG:root:This is the line: drive:-50.857:-69.283

DEBUG:root:We got command: drive
DEBUG:root:We got a drive command: rawX:-69.283000 and rawY:-50.857000
DEBUG:root:Reverse to the Left/Straight
DEBUG:root:Left=-18.426000 Right=-50.857000
DEBUG:root:ScaledLeft: 333.541500 ScaledRight: 260.571750
INFO:root:Looping....
DEBUG:root:This is the line: drive:-50.857:-64.826

DEBUG:root:We got command: drive
DEBUG:root:We got a drive command: rawX:-64.826000 and rawY:-50.857000
DEBUG:root:Reverse to the Left/Straight
DEBUG:root:Left=-13.969000 Right=-50.857000
DEBUG:root:ScaledLeft: 343.569750 ScaledRight: 260.571750
INFO:root:Looping....
DEBUG:root:This is the line: drive:-50.857:-60.261

DEBUG:root:We got command: drive
DEBUG:root:We got a drive command: rawX:-60.261000 and rawY:-50.857000
DEBUG:root:Reverse to the Left/Straight
DEBUG:root:Left=-9.404000 Right=-50.857000
DEBUG:root:ScaledLeft: 353.841000 ScaledRight: 260.571750
INFO:root:Looping....
DEBUG:root:This is the line: drive:-50.857:-54.893

DEBUG:root:We got command: drive
DEBUG:root:We got a drive command: rawX:-54.893000 and rawY:-50.857000
DEBUG:root:Reverse to the Left/Straight
DEBUG:root:Left=-4.036000 Right=-50.857000
DEBUG:root:ScaledLeft: 365.919000 ScaledRight: 260.571750
INFO:root:Looping....
DEBUG:root:This is the line: drive:-50.857:-48.838

DEBUG:root:We got command: drive
DEBUG:root:We got a drive command: rawX:-48.838000 and rawY:-50.857000
DEBUG:root:Reverse to the Left/Straight
DEBUG:root:Left=2.019000 Right=-50.857000
DEBUG:root:ScaledLeft: 379.542750 ScaledRight: 260.571750
INFO:root:Looping....
DEBUG:root:This is the line: drive:-50.857:-44.375

DEBUG:root:We got command: drive
DEBUG:root:We got a drive command: rawX:-44.375000 and rawY:-50.857000
DEBUG:root:Reverse to the Left/Straight
DEBUG:root:Left=6.482000 Right=-50.857000
DEBUG:root:ScaledLeft: 389.584500 ScaledRight: 260.571750
INFO:root:Looping....
DEBUG:root:This is the line: drive:-50.857:-40.691

DEBUG:root:We got command: drive
DEBUG:root:We got a drive command: rawX:-40.691000 and rawY:-50.857000
DEBUG:root:Reverse to the Left/Straight
DEBUG:root:Left=10.166000 Right=-50.857000
DEBUG:root:ScaledLeft: 397.873500 ScaledRight: 260.571750
INFO:root:Looping....
DEBUG:root:This is the line: drive:-50.857:-36.199

DEBUG:root:We got command: drive
DEBUG:root:We got a drive command: rawX:-36.199000 and rawY:-50.857000
DEBUG:root:Reverse to the Left/Straight
DEBUG:root:Left=14.658000 Right=-50.857000
DEBUG:root:ScaledLeft: 407.980500 ScaledRight: 260.571750
INFO:root:Looping....
DEBUG:root:This is the line: drive:-50.857:-31.719

DEBUG:root:We got command: drive
DEBUG:root:We got a drive command: rawX:-31.719000 and rawY:-50.857000
DEBUG:root:Reverse to the Left/Straight
DEBUG:root:Left=19.138000 Right=-50.857000
DEBUG:root:ScaledLeft: 418.060500 ScaledRight: 260.571750
INFO:root:Looping....
DEBUG:root:This is the line: drive:-50.857:-28.052

DEBUG:root:We got command: drive
DEBUG:root:We got a drive command: rawX:-28.052000 and rawY:-50.857000
DEBUG:root:Reverse to the Left/Straight
DEBUG:root:Left=22.805000 Right=-50.857000
DEBUG:root:ScaledLeft: 426.311250 ScaledRight: 260.571750
INFO:root:Looping....
DEBUG:root:This is the line: drive:-50.857:-22.424

DEBUG:root:We got command: drive
DEBUG:root:We got a drive command: rawX:-22.424000 and rawY:-50.857000
DEBUG:root:Reverse to the Left/Straight
DEBUG:root:Left=28.433000 Right=-50.857000
DEBUG:root:ScaledLeft: 438.974250 ScaledRight: 260.571750
INFO:root:Looping....
DEBUG:root:This is the line: drive:-50.857:-17.162

DEBUG:root:We got command: drive
DEBUG:root:We got a drive command: rawX:-17.162000 and rawY:-50.857000
DEBUG:root:Reverse to the Left/Straight
DEBUG:root:Left=33.695000 Right=-50.857000
DEBUG:root:ScaledLeft: 450.813750 ScaledRight: 260.571750
INFO:root:Looping....
DEBUG:root:This is the line: drive:-48.657:-10.596

DEBUG:root:We got command: drive
DEBUG:root:We got a drive command: rawX:-10.596000 and rawY:-48.657000
DEBUG:root:Reverse to the Left/Straight
DEBUG:root:Left=38.061000 Right=-48.657000
DEBUG:root:ScaledLeft: 460.637250 ScaledRight: 265.521750
INFO:root:Looping....
DEBUG:root:This is the line: drive:-44.714:-4.613

DEBUG:root:We got command: drive
DEBUG:root:We got a drive command: rawX:-4.613000 and rawY:-44.714000
DEBUG:root:Reverse to the Left/Straight
DEBUG:root:Left=40.101000 Right=-44.714000
DEBUG:root:ScaledLeft: 465.227250 ScaledRight: 274.393500
INFO:root:Looping....
DEBUG:root:This is the line: drive:-37.195:2.713

DEBUG:root:We got command: drive
DEBUG:root:We got a drive command: rawX:2.713000 and rawY:-37.195000
DEBUG:root:Reverse to the Right
DEBUG:root:Left=37.195000 Right=-39.908000
DEBUG:root:ScaledLeft: 458.688750 ScaledRight: 285.207000
INFO:root:Looping....
DEBUG:root:This is the line: drive:-28.374:9.18

DEBUG:root:We got command: drive
DEBUG:root:We got a drive command: rawX:9.180000 and rawY:-28.374000
DEBUG:root:Reverse to the Right
DEBUG:root:Left=28.374000 Right=-37.554000
DEBUG:root:ScaledLeft: 438.841500 ScaledRight: 290.503500
INFO:root:Looping....
DEBUG:root:This is the line: drive:-21.714:12.857

DEBUG:root:We got command: drive
DEBUG:root:We got a drive command: rawX:12.857000 and rawY:-21.714000
DEBUG:root:Reverse to the Right
DEBUG:root:Left=21.714000 Right=-34.571000
DEBUG:root:ScaledLeft: 423.856500 ScaledRight: 297.215250
INFO:root:Looping....
DEBUG:root:This is the line: drive:-12.298:15.774

DEBUG:root:We got command: drive
DEBUG:root:We got a drive command: rawX:15.774000 and rawY:-12.298000
DEBUG:root:Reverse to the Right
DEBUG:root:Left=12.298000 Right=-28.072000
DEBUG:root:ScaledLeft: 402.670500 ScaledRight: 311.838000
INFO:root:Looping....
DEBUG:root:This is the line: drive:-2.967:16.638

DEBUG:root:We got command: drive
DEBUG:root:We got a drive command: rawX:16.638000 and rawY:-2.967000
DEBUG:root:Reverse to the Right
DEBUG:root:Left=2.967000 Right=-19.605000
DEBUG:root:ScaledLeft: 381.675750 ScaledRight: 330.888750
INFO:root:Looping....
DEBUG:root:This is the line: drive:5.825:17.737

DEBUG:root:We got command: drive
DEBUG:root:We got a drive command: rawX:17.737000 and rawY:5.825000
DEBUG:root:Forward to the Right
DEBUG:root:Left=-5.825000 Right=-11.912000
DEBUG:root:ScaledLeft: 361.893750 ScaledRight: 348.198000
INFO:root:Looping....
DEBUG:root:This is the line: drive:11.616:17.857

DEBUG:root:We got command: drive
DEBUG:root:We got a drive command: rawX:17.857000 and rawY:11.616000
DEBUG:root:Forward to the Right
DEBUG:root:Left=-11.616000 Right=-6.241000
DEBUG:root:ScaledLeft: 348.864000 ScaledRight: 360.957750
INFO:root:Looping....
DEBUG:root:This is the line: drive:18.005:18.256

DEBUG:root:We got command: drive
DEBUG:root:We got a drive command: rawX:18.256000 and rawY:18.005000
DEBUG:root:Forward to the Right
DEBUG:root:Left=-18.005000 Right=-0.251000
DEBUG:root:ScaledLeft: 334.488750 ScaledRight: 374.435250
INFO:root:Looping....
DEBUG:root:This is the line: drive:24.693:19.048

DEBUG:root:We got command: drive
DEBUG:root:We got a drive command: rawX:19.048000 and rawY:24.693000
DEBUG:root:Forward to the Right
DEBUG:root:Left=-24.693000 Right=5.645000
DEBUG:root:ScaledLeft: 319.440750 ScaledRight: 387.701250
INFO:root:Looping....
DEBUG:root:This is the line: drive:29.588:19.048

DEBUG:root:We got command: drive
DEBUG:root:We got a drive command: rawX:19.048000 and rawY:29.588000
DEBUG:root:Forward to the Right
DEBUG:root:Left=-29.588000 Right=10.540000
DEBUG:root:ScaledLeft: 308.427000 ScaledRight: 398.715000
INFO:root:Looping....
DEBUG:root:This is the line: drive:33.836:19.048

DEBUG:root:We got command: drive
DEBUG:root:We got a drive command: rawX:19.048000 and rawY:33.836000
DEBUG:root:Forward to the Right
DEBUG:root:Left=-33.836000 Right=14.788000
DEBUG:root:ScaledLeft: 298.869000 ScaledRight: 408.273000
INFO:root:Looping....
DEBUG:root:This is the line: drive:36.571:19.048

DEBUG:root:We got command: drive
DEBUG:root:We got a drive command: rawX:19.048000 and rawY:36.571000
DEBUG:root:Forward to the Right
DEBUG:root:Left=-36.571000 Right=17.523000
DEBUG:root:ScaledLeft: 292.715250 ScaledRight: 414.426750
INFO:root:Looping....
DEBUG:root:This is the line: drive:42.355:19.048

DEBUG:root:We got command: drive
DEBUG:root:We got a drive command: rawX:19.048000 and rawY:42.355000
DEBUG:root:Forward to the Right
DEBUG:root:Left=-42.355000 Right=23.307000
DEBUG:root:ScaledLeft: 279.701250 ScaledRight: 427.440750
INFO:root:Looping....
DEBUG:root:This is the line: drive:44.167:19.048

DEBUG:root:We got command: drive
DEBUG:root:We got a drive command: rawX:19.048000 and rawY:44.167000
DEBUG:root:Forward to the Right
DEBUG:root:Left=-44.167000 Right=25.119000
DEBUG:root:ScaledLeft: 275.624250 ScaledRight: 431.517750
INFO:root:Looping....
DEBUG:root:This is the line: drive:46.611:19.048

DEBUG:root:We got command: drive
DEBUG:root:We got a drive command: rawX:19.048000 and rawY:46.611000
DEBUG:root:Forward to the Right
DEBUG:root:Left=-46.611000 Right=27.563000
DEBUG:root:ScaledLeft: 270.125250 ScaledRight: 437.016750
INFO:root:Looping....
DEBUG:root:This is the line: drive:48.746:19.048

DEBUG:root:We got command: drive
DEBUG:root:We got a drive command: rawX:19.048000 and rawY:48.746000
DEBUG:root:Forward to the Right
DEBUG:root:Left=-48.746000 Right=29.698000
DEBUG:root:ScaledLeft: 265.321500 ScaledRight: 441.820500
INFO:root:Looping....
DEBUG:root:This is the line: drive:50.504:19.048

DEBUG:root:We got command: drive
DEBUG:root:We got a drive command: rawX:19.048000 and rawY:50.504000
DEBUG:root:Forward to the Right
DEBUG:root:Left=-50.504000 Right=31.456000
DEBUG:root:ScaledLeft: 261.366000 ScaledRight: 445.776000
INFO:root:Looping....
DEBUG:root:This is the line: drive:52.638:19.345

DEBUG:root:We got command: drive
DEBUG:root:We got a drive command: rawX:19.345000 and rawY:52.638000
DEBUG:root:Forward to the Right
DEBUG:root:Left=-52.638000 Right=33.293000
DEBUG:root:ScaledLeft: 256.564500 ScaledRight: 449.909250
INFO:root:Looping....
DEBUG:root:This is the line: drive:54.396:19.345

DEBUG:root:We got command: drive
DEBUG:root:We got a drive command: rawX:19.345000 and rawY:54.396000
DEBUG:root:Forward to the Right
DEBUG:root:Left=-54.396000 Right=35.051000
DEBUG:root:ScaledLeft: 252.609000 ScaledRight: 453.864750
INFO:root:Looping....
DEBUG:root:This is the line: drive:55.286:19.345

DEBUG:root:We got command: drive
DEBUG:root:We got a drive command: rawX:19.345000 and rawY:55.286000
DEBUG:root:Forward to the Right
DEBUG:root:Left=-55.286000 Right=35.941000
DEBUG:root:ScaledLeft: 250.606500 ScaledRight: 455.867250
INFO:root:Looping....
DEBUG:root:This is the line: drive:55.286:19.345

DEBUG:root:We got command: drive
DEBUG:root:We got a drive command: rawX:19.345000 and rawY:55.286000
DEBUG:root:Forward to the Right
DEBUG:root:Left=-55.286000 Right=35.941000
DEBUG:root:ScaledLeft: 250.606500 ScaledRight: 455.867250
INFO:root:Looping....
DEBUG:root:This is the line: drive:55.143:17.015

DEBUG:root:We got command: drive
DEBUG:root:We got a drive command: rawX:17.015000 and rawY:55.143000
DEBUG:root:Forward to the Right
DEBUG:root:Left=-55.143000 Right=38.128000
DEBUG:root:ScaledLeft: 250.928250 ScaledRight: 460.788000
INFO:root:Looping....
DEBUG:root:This is the line: drive:55.143:12.563

DEBUG:root:We got command: drive
DEBUG:root:We got a drive command: rawX:12.563000 and rawY:55.143000
DEBUG:root:Forward to the Right
DEBUG:root:Left=-55.143000 Right=42.580000
DEBUG:root:ScaledLeft: 250.928250 ScaledRight: 470.805000
INFO:root:Looping....
DEBUG:root:This is the line: drive:55.143:7.429

DEBUG:root:We got command: drive
DEBUG:root:We got a drive command: rawX:7.429000 and rawY:55.143000
DEBUG:root:Forward to the Right
DEBUG:root:Left=-55.143000 Right=47.714000
DEBUG:root:ScaledLeft: 250.928250 ScaledRight: 482.356500
INFO:root:Looping....
DEBUG:root:This is the line: drive:55.143:3.884

DEBUG:root:We got command: drive
DEBUG:root:We got a drive command: rawX:3.884000 and rawY:55.143000
DEBUG:root:Forward to the Right
DEBUG:root:Left=-55.143000 Right=51.259000
DEBUG:root:ScaledLeft: 250.928250 ScaledRight: 490.332750
INFO:root:Looping....
DEBUG:root:This is the line: drive:55.143:0.525

DEBUG:root:We got command: drive
DEBUG:root:We got a drive command: rawX:0.525000 and rawY:55.143000
DEBUG:root:Forward to the Right
DEBUG:root:Left=-55.143000 Right=54.618000
DEBUG:root:ScaledLeft: 250.928250 ScaledRight: 497.890500
INFO:root:Looping....
DEBUG:root:This is the line: drive:54.263:-4.832

DEBUG:root:We got command: drive
DEBUG:root:We got a drive command: rawX:-4.832000 and rawY:54.263000
DEBUG:root:Forward to the Left/Straight
DEBUG:root:Left=-59.095000 Right=54.263000
DEBUG:root:ScaledLeft: 242.036250 ScaledRight: 497.091750
INFO:root:Looping....
DEBUG:root:This is the line: drive:52.184:-12.329

DEBUG:root:We got command: drive
DEBUG:root:We got a drive command: rawX:-12.329000 and rawY:52.184000
DEBUG:root:Forward to the Left/Straight
DEBUG:root:Left=-64.513000 Right=52.184000
DEBUG:root:ScaledLeft: 229.845750 ScaledRight: 492.414000
INFO:root:Looping....
DEBUG:root:This is the line: drive:49.42:-20.255

DEBUG:root:We got command: drive
DEBUG:root:We got a drive command: rawX:-20.255000 and rawY:49.420000
DEBUG:root:Forward to the Left/Straight
DEBUG:root:Left=-69.675000 Right=49.420000
DEBUG:root:ScaledLeft: 218.231250 ScaledRight: 486.195000
INFO:root:Looping....
DEBUG:root:This is the line: drive:46.018:-28.832

DEBUG:root:We got command: drive
DEBUG:root:We got a drive command: rawX:-28.832000 and rawY:46.018000
DEBUG:root:Forward to the Left/Straight
DEBUG:root:Left=-74.850000 Right=46.018000
DEBUG:root:ScaledLeft: 206.587500 ScaledRight: 478.540500
INFO:root:Looping....
DEBUG:root:This is the line: drive:43.398:-36.138

DEBUG:root:We got command: drive
DEBUG:root:We got a drive command: rawX:-36.138000 and rawY:43.398000
DEBUG:root:Forward to the Left/Straight
DEBUG:root:Left=-79.536000 Right=43.398000
DEBUG:root:ScaledLeft: 196.044000 ScaledRight: 472.645500
INFO:root:Looping....
DEBUG:root:This is the line: drive:40.562:-45.565

DEBUG:root:We got command: drive
DEBUG:root:We got a drive command: rawX:-45.565000 and rawY:40.562000
DEBUG:root:Forward to the Left/Straight
DEBUG:root:Left=-86.127000 Right=40.562000
DEBUG:root:ScaledLeft: 181.214250 ScaledRight: 466.264500
INFO:root:Looping....
DEBUG:root:This is the line: drive:39.429:-51.044

DEBUG:root:We got command: drive
DEBUG:root:We got a drive command: rawX:-51.044000 and rawY:39.429000
DEBUG:root:Forward to the Left/Straight
DEBUG:root:Left=-90.473000 Right=39.429000
DEBUG:root:ScaledLeft: 171.435750 ScaledRight: 463.715250
INFO:root:Looping....
DEBUG:root:This is the line: drive:38.857:-57.631

DEBUG:root:We got command: drive
DEBUG:root:We got a drive command: rawX:-57.631000 and rawY:38.857000
DEBUG:root:Forward to the Left/Straight
DEBUG:root:Left=-96.488000 Right=38.857000
DEBUG:root:ScaledLeft: 157.902000 ScaledRight: 462.428250
INFO:root:Looping....
DEBUG:root:This is the line: drive:38.286:-62.243

DEBUG:root:We got command: drive
DEBUG:root:We got a drive command: rawX:-62.243000 and rawY:38.286000
DEBUG:root:Forward to the Left/Straight
DEBUG:root:Left=-100.529000 Right=38.286000
DEBUG:root:ScaledLeft: 148.809750 ScaledRight: 461.143500
INFO:root:Looping....
DEBUG:root:This is the line: drive:38.0:-65.887

DEBUG:root:We got command: drive
DEBUG:root:We got a drive command: rawX:-65.887000 and rawY:38.000000
DEBUG:root:Forward to the Left/Straight
DEBUG:root:Left=-103.887000 Right=38.000000
DEBUG:root:ScaledLeft: 141.254250 ScaledRight: 460.500000
INFO:root:Looping....
DEBUG:root:This is the line: drive:38.0:-68.646

DEBUG:root:We got command: drive
DEBUG:root:We got a drive command: rawX:-68.646000 and rawY:38.000000
DEBUG:root:Forward to the Left/Straight
DEBUG:root:Left=-106.646000 Right=38.000000
DEBUG:root:ScaledLeft: 135.046500 ScaledRight: 460.500000
INFO:root:Looping....
DEBUG:root:This is the line: drive:38.0:-70.468

DEBUG:root:We got command: drive
DEBUG:root:We got a drive command: rawX:-70.468000 and rawY:38.000000
DEBUG:root:Forward to the Left/Straight
DEBUG:root:Left=-108.468000 Right=38.000000
DEBUG:root:ScaledLeft: 130.947000 ScaledRight: 460.500000
INFO:root:Looping....
DEBUG:root:This is the line: drive:38.0:-73.422

DEBUG:root:We got command: drive
DEBUG:root:We got a drive command: rawX:-73.422000 and rawY:38.000000
DEBUG:root:Forward to the Left/Straight
DEBUG:root:Left=-111.422000 Right=38.000000
DEBUG:root:ScaledLeft: 124.300500 ScaledRight: 460.500000
INFO:root:Looping....
DEBUG:root:This is the line: drive:38.0:-74.851

DEBUG:root:We got command: drive
DEBUG:root:We got a drive command: rawX:-74.851000 and rawY:38.000000
DEBUG:root:Forward to the Left/Straight
DEBUG:root:Left=-112.851000 Right=38.000000
DEBUG:root:ScaledLeft: 121.085250 ScaledRight: 460.500000
INFO:root:Looping....
DEBUG:root:This is the line: drive:37.918:-78.657

DEBUG:root:We got command: drive
DEBUG:root:We got a drive command: rawX:-78.657000 and rawY:37.918000
DEBUG:root:Forward to the Left/Straight
DEBUG:root:Left=-116.575000 Right=37.918000
DEBUG:root:ScaledLeft: 112.706250 ScaledRight: 460.315500
INFO:root:Looping....
DEBUG:root:This is the line: drive:36.376:-80.858

DEBUG:root:We got command: drive
DEBUG:root:We got a drive command: rawX:-80.858000 and rawY:36.376000
DEBUG:root:Forward to the Left/Straight
DEBUG:root:Left=-117.234000 Right=36.376000
DEBUG:root:ScaledLeft: 111.223500 ScaledRight: 456.846000
INFO:root:Looping....
DEBUG:root:This is the line: drive:34.653:-82.653

DEBUG:root:We got command: drive
DEBUG:root:We got a drive command: rawX:-82.653000 and rawY:34.653000
DEBUG:root:Forward to the Left/Straight
DEBUG:root:Left=-117.306000 Right=34.653000
DEBUG:root:ScaledLeft: 111.061500 ScaledRight: 452.969250
INFO:root:Looping....
DEBUG:root:This is the line: drive:30.757:-84.576

DEBUG:root:We got command: drive
DEBUG:root:We got a drive command: rawX:-84.576000 and rawY:30.757000
DEBUG:root:Forward to the Left/Straight
DEBUG:root:Left=-115.333000 Right=30.757000
DEBUG:root:ScaledLeft: 115.500750 ScaledRight: 444.203250
INFO:root:Looping....
DEBUG:root:This is the line: drive:25.73:-85.119

DEBUG:root:We got command: drive
DEBUG:root:We got a drive command: rawX:-85.119000 and rawY:25.730000
DEBUG:root:Forward to the Left/Straight
DEBUG:root:Left=-110.849000 Right=25.730000
DEBUG:root:ScaledLeft: 125.589750 ScaledRight: 432.892500
INFO:root:Looping....
DEBUG:root:This is the line: drive:19.052:-85.119

DEBUG:root:We got command: drive
DEBUG:root:We got a drive command: rawX:-85.119000 and rawY:19.052000
DEBUG:root:Forward to the Left/Straight
DEBUG:root:Left=-104.171000 Right=19.052000
DEBUG:root:ScaledLeft: 140.615250 ScaledRight: 417.867000
INFO:root:Looping....
DEBUG:root:This is the line: drive:13.859:-85.119

DEBUG:root:We got command: drive
DEBUG:root:We got a drive command: rawX:-85.119000 and rawY:13.859000
DEBUG:root:Forward to the Left/Straight
DEBUG:root:Left=-98.978000 Right=13.859000
DEBUG:root:ScaledLeft: 152.299500 ScaledRight: 406.182750
INFO:root:Looping....
DEBUG:root:This is the line: drive:10.348:-85.119

DEBUG:root:We got command: drive
DEBUG:root:We got a drive command: rawX:-85.119000 and rawY:10.348000
DEBUG:root:Forward to the Left/Straight
DEBUG:root:Left=-95.467000 Right=10.348000
DEBUG:root:ScaledLeft: 160.199250 ScaledRight: 398.283000
INFO:root:Looping....
DEBUG:root:This is the line: drive:6.145:-85.119

DEBUG:root:We got command: drive
DEBUG:root:We got a drive command: rawX:-85.119000 and rawY:6.145000
DEBUG:root:Forward to the Left/Straight
DEBUG:root:Left=-91.264000 Right=6.145000
DEBUG:root:ScaledLeft: 169.656000 ScaledRight: 388.826250
INFO:root:Looping....
DEBUG:root:This is the line: drive:2.661:-85.119

DEBUG:root:We got command: drive
DEBUG:root:We got a drive command: rawX:-85.119000 and rawY:2.661000
DEBUG:root:Forward to the Left/Straight
DEBUG:root:Left=-87.780000 Right=2.661000
DEBUG:root:ScaledLeft: 177.495000 ScaledRight: 380.987250
INFO:root:Looping....
DEBUG:root:This is the line: drive:-1.616:-83.929

DEBUG:root:We got command: drive
DEBUG:root:We got a drive command: rawX:-83.929000 and rawY:-1.616000
DEBUG:root:Reverse to the Left/Straight
DEBUG:root:Left=-82.313000 Right=-1.616000
DEBUG:root:ScaledLeft: 189.795750 ScaledRight: 371.364000
INFO:root:Looping....
DEBUG:root:This is the line: drive:-7.138:-83.929

DEBUG:root:We got command: drive
DEBUG:root:We got a drive command: rawX:-83.929000 and rawY:-7.138000
DEBUG:root:Reverse to the Left/Straight
DEBUG:root:Left=-76.791000 Right=-7.138000
DEBUG:root:ScaledLeft: 202.220250 ScaledRight: 358.939500
INFO:root:Looping....
DEBUG:root:This is the line: drive:-11.972:-83.333

DEBUG:root:We got command: drive
DEBUG:root:We got a drive command: rawX:-83.333000 and rawY:-11.972000
DEBUG:root:Reverse to the Left/Straight
DEBUG:root:Left=-71.361000 Right=-11.972000
DEBUG:root:ScaledLeft: 214.437750 ScaledRight: 348.063000
INFO:root:Looping....
DEBUG:root:This is the line: drive:-16.315:-83.036

DEBUG:root:We got command: drive
DEBUG:root:We got a drive command: rawX:-83.036000 and rawY:-16.315000
DEBUG:root:Reverse to the Left/Straight
DEBUG:root:Left=-66.721000 Right=-16.315000
DEBUG:root:ScaledLeft: 224.877750 ScaledRight: 338.291250
INFO:root:Looping....
DEBUG:root:This is the line: drive:-19.843:-82.738

DEBUG:root:We got command: drive
DEBUG:root:We got a drive command: rawX:-82.738000 and rawY:-19.843000
DEBUG:root:Reverse to the Left/Straight
DEBUG:root:Left=-62.895000 Right=-19.843000
DEBUG:root:ScaledLeft: 233.486250 ScaledRight: 330.353250
INFO:root:Looping....
DEBUG:root:This is the line: drive:-24.13:-82.44

DEBUG:root:We got command: drive
DEBUG:root:We got a drive command: rawX:-82.440000 and rawY:-24.130000
DEBUG:root:Reverse to the Left/Straight
DEBUG:root:Left=-58.310000 Right=-24.130000
DEBUG:root:ScaledLeft: 243.802500 ScaledRight: 320.707500
INFO:root:Looping....
DEBUG:root:This is the line: drive:-27.644:-82.143

DEBUG:root:We got command: drive
DEBUG:root:We got a drive command: rawX:-82.143000 and rawY:-27.644000
DEBUG:root:Reverse to the Left/Straight
DEBUG:root:Left=-54.499000 Right=-27.644000
DEBUG:root:ScaledLeft: 252.377250 ScaledRight: 312.801000
INFO:root:Looping....
DEBUG:root:This is the line: drive:-31.918:-82.143

DEBUG:root:We got command: drive
DEBUG:root:We got a drive command: rawX:-82.143000 and rawY:-31.918000
DEBUG:root:Reverse to the Left/Straight
DEBUG:root:Left=-50.225000 Right=-31.918000
DEBUG:root:ScaledLeft: 261.993750 ScaledRight: 303.184500
INFO:root:Looping....
DEBUG:root:This is the line: drive:-36.0:-82.143

DEBUG:root:We got command: drive
DEBUG:root:We got a drive command: rawX:-82.143000 and rawY:-36.000000
DEBUG:root:Reverse to the Left/Straight
DEBUG:root:Left=-46.143000 Right=-36.000000
DEBUG:root:ScaledLeft: 271.178250 ScaledRight: 294.000000
INFO:root:Looping....
DEBUG:root:This is the line: drive:-39.475:-82.143

DEBUG:root:We got command: drive
DEBUG:root:We got a drive command: rawX:-82.143000 and rawY:-39.475000
DEBUG:root:Reverse to the Left/Straight
DEBUG:root:Left=-42.668000 Right=-39.475000
DEBUG:root:ScaledLeft: 278.997000 ScaledRight: 286.181250
INFO:root:Looping....
DEBUG:root:This is the line: drive:-42.657:-82.143

DEBUG:root:We got command: drive
DEBUG:root:We got a drive command: rawX:-82.143000 and rawY:-42.657000
DEBUG:root:Reverse to the Left/Straight
DEBUG:root:Left=-39.486000 Right=-42.657000
DEBUG:root:ScaledLeft: 286.156500 ScaledRight: 279.021750
INFO:root:Looping....
DEBUG:root:This is the line: drive:-46.949:-82.143

DEBUG:root:We got command: drive
DEBUG:root:We got a drive command: rawX:-82.143000 and rawY:-46.949000
DEBUG:root:Reverse to the Left/Straight
DEBUG:root:Left=-35.194000 Right=-46.949000
DEBUG:root:ScaledLeft: 295.813500 ScaledRight: 269.364750
INFO:root:Looping....
DEBUG:root:This is the line: drive:-49.373:-82.143

DEBUG:root:We got command: drive
DEBUG:root:We got a drive command: rawX:-82.143000 and rawY:-49.373000
DEBUG:root:Reverse to the Left/Straight
DEBUG:root:Left=-32.770000 Right=-49.373000
DEBUG:root:ScaledLeft: 301.267500 ScaledRight: 263.910750
INFO:root:Looping....
DEBUG:root:This is the line: drive:-51.896:-82.143

DEBUG:root:We got command: drive
DEBUG:root:We got a drive command: rawX:-82.143000 and rawY:-51.896000
DEBUG:root:Reverse to the Left/Straight
DEBUG:root:Left=-30.247000 Right=-51.896000
DEBUG:root:ScaledLeft: 306.944250 ScaledRight: 258.234000
INFO:root:Looping....
DEBUG:root:This is the line: drive:-54.861:-82.143

DEBUG:root:We got command: drive
DEBUG:root:We got a drive command: rawX:-82.143000 and rawY:-54.861000
DEBUG:root:Reverse to the Left/Straight
DEBUG:root:Left=-27.282000 Right=-54.861000
DEBUG:root:ScaledLeft: 313.615500 ScaledRight: 251.562750
INFO:root:Looping....
DEBUG:root:This is the line: drive:-56.521:-82.143

DEBUG:root:We got command: drive
DEBUG:root:We got a drive command: rawX:-82.143000 and rawY:-56.521000
DEBUG:root:Reverse to the Left/Straight
DEBUG:root:Left=-25.622000 Right=-56.521000
DEBUG:root:ScaledLeft: 317.350500 ScaledRight: 247.827750
INFO:root:Looping....
DEBUG:root:This is the line: drive:-59.201:-82.143

DEBUG:root:We got command: drive
DEBUG:root:We got a drive command: rawX:-82.143000 and rawY:-59.201000
DEBUG:root:Reverse to the Left/Straight
DEBUG:root:Left=-22.942000 Right=-59.201000
DEBUG:root:ScaledLeft: 323.380500 ScaledRight: 241.797750
INFO:root:Looping....
DEBUG:root:This is the line: drive:-61.255:-82.143

DEBUG:root:We got command: drive
DEBUG:root:We got a drive command: rawX:-82.143000 and rawY:-61.255000
DEBUG:root:Reverse to the Left/Straight
DEBUG:root:Left=-20.888000 Right=-61.255000
DEBUG:root:ScaledLeft: 328.002000 ScaledRight: 237.176250
INFO:root:Looping....
DEBUG:root:This is the line: drive:-62.964:-82.143

DEBUG:root:We got command: drive
DEBUG:root:We got a drive command: rawX:-82.143000 and rawY:-62.964000
DEBUG:root:Reverse to the Left/Straight
DEBUG:root:Left=-19.179000 Right=-62.964000
DEBUG:root:ScaledLeft: 331.847250 ScaledRight: 233.331000
INFO:root:Looping....
DEBUG:root:This is the line: drive:-65.713:-82.143

DEBUG:root:We got command: drive
DEBUG:root:We got a drive command: rawX:-82.143000 and rawY:-65.713000
DEBUG:root:Reverse to the Left/Straight
DEBUG:root:Left=-16.430000 Right=-65.713000
DEBUG:root:ScaledLeft: 338.032500 ScaledRight: 227.145750
INFO:root:Looping....
DEBUG:root:This is the line: drive:-67.424:-82.143

DEBUG:root:We got command: drive
DEBUG:root:We got a drive command: rawX:-82.143000 and rawY:-67.424000
DEBUG:root:Reverse to the Left/Straight
DEBUG:root:Left=-14.719000 Right=-67.424000
DEBUG:root:ScaledLeft: 341.882250 ScaledRight: 223.296000
INFO:root:Looping....
DEBUG:root:This is the line: drive:-69.175:-82.143

DEBUG:root:We got command: drive
DEBUG:root:We got a drive command: rawX:-82.143000 and rawY:-69.175000
DEBUG:root:Reverse to the Left/Straight
DEBUG:root:Left=-12.968000 Right=-69.175000
DEBUG:root:ScaledLeft: 345.822000 ScaledRight: 219.356250
INFO:root:Looping....
DEBUG:root:This is the line: drive:-69.857:-82.143

DEBUG:root:We got command: drive
DEBUG:root:We got a drive command: rawX:-82.143000 and rawY:-69.857000
DEBUG:root:Reverse to the Left/Straight
DEBUG:root:Left=-12.286000 Right=-69.857000
DEBUG:root:ScaledLeft: 347.356500 ScaledRight: 217.821750
INFO:root:Looping....
DEBUG:root:This is the line: drive:-70.429:-81.845

DEBUG:root:We got command: drive
DEBUG:root:We got a drive command: rawX:-81.845000 and rawY:-70.429000
DEBUG:root:Reverse to the Left/Straight
DEBUG:root:Left=-11.416000 Right=-70.429000
DEBUG:root:ScaledLeft: 349.314000 ScaledRight: 216.534750
INFO:root:Looping....
DEBUG:root:This is the line: drive:-70.961:-81.845

DEBUG:root:We got command: drive
DEBUG:root:We got a drive command: rawX:-81.845000 and rawY:-70.961000
DEBUG:root:Reverse to the Left/Straight
DEBUG:root:Left=-10.884000 Right=-70.961000
DEBUG:root:ScaledLeft: 350.511000 ScaledRight: 215.337750
INFO:root:Looping....
DEBUG:root:This is the line: drive:-71.571:-81.548

DEBUG:root:We got command: drive
DEBUG:root:We got a drive command: rawX:-81.548000 and rawY:-71.571000
DEBUG:root:Reverse to the Left/Straight
DEBUG:root:Left=-9.977000 Right=-71.571000
DEBUG:root:ScaledLeft: 352.551750 ScaledRight: 213.965250
INFO:root:Looping....
DEBUG:root:This is the line: drive:-72.116:-80.655

DEBUG:root:We got command: drive
DEBUG:root:We got a drive command: rawX:-80.655000 and rawY:-72.116000
DEBUG:root:Reverse to the Left/Straight
DEBUG:root:Left=-8.539000 Right=-72.116000
DEBUG:root:ScaledLeft: 355.787250 ScaledRight: 212.739000
INFO:root:Looping....
DEBUG:root:This is the line: drive:-72.9:-80.655

DEBUG:root:We got command: drive
DEBUG:root:We got a drive command: rawX:-80.655000 and rawY:-72.900000
DEBUG:root:Reverse to the Left/Straight
DEBUG:root:Left=-7.755000 Right=-72.900000
DEBUG:root:ScaledLeft: 357.551250 ScaledRight: 210.975000
INFO:root:Looping....
DEBUG:root:This is the line: drive:-73.507:-80.275

DEBUG:root:We got command: drive
DEBUG:root:We got a drive command: rawX:-80.275000 and rawY:-73.507000
DEBUG:root:Reverse to the Left/Straight
DEBUG:root:Left=-6.768000 Right=-73.507000
DEBUG:root:ScaledLeft: 359.772000 ScaledRight: 209.609250
INFO:root:Looping....
DEBUG:root:This is the line: drive:-73.771:-80.357

DEBUG:root:We got command: drive
DEBUG:root:We got a drive command: rawX:-80.357000 and rawY:-73.771000
DEBUG:root:Reverse to the Left/Straight
DEBUG:root:Left=-6.586000 Right=-73.771000
DEBUG:root:ScaledLeft: 360.181500 ScaledRight: 209.015250
INFO:root:Looping....
DEBUG:root:This is the line: drive:-74.312:-80.06

DEBUG:root:We got command: drive
DEBUG:root:We got a drive command: rawX:-80.060000 and rawY:-74.312000
DEBUG:root:Reverse to the Left/Straight
DEBUG:root:Left=-5.748000 Right=-74.312000
DEBUG:root:ScaledLeft: 362.067000 ScaledRight: 207.798000
INFO:root:Looping....
DEBUG:root:This is the line: drive:-75.087:-79.762

DEBUG:root:We got command: drive
DEBUG:root:We got a drive command: rawX:-79.762000 and rawY:-75.087000
DEBUG:root:Reverse to the Left/Straight
DEBUG:root:Left=-4.675000 Right=-75.087000
DEBUG:root:ScaledLeft: 364.481250 ScaledRight: 206.054250
INFO:root:Looping....
DEBUG:root:This is the line: drive:-75.541:-79.762

DEBUG:root:We got command: drive
DEBUG:root:We got a drive command: rawX:-79.762000 and rawY:-75.541000
DEBUG:root:Reverse to the Left/Straight
DEBUG:root:Left=-4.221000 Right=-75.541000
DEBUG:root:ScaledLeft: 365.502750 ScaledRight: 205.032750
INFO:root:Looping....
DEBUG:root:This is the line: drive:-76.054:-79.762

DEBUG:root:We got command: drive
DEBUG:root:We got a drive command: rawX:-79.762000 and rawY:-76.054000
DEBUG:root:Reverse to the Left/Straight
DEBUG:root:Left=-3.708000 Right=-76.054000
DEBUG:root:ScaledLeft: 366.657000 ScaledRight: 203.878500
INFO:root:Looping....
DEBUG:root:This is the line: drive:-76.317:-79.762

DEBUG:root:We got command: drive
DEBUG:root:We got a drive command: rawX:-79.762000 and rawY:-76.317000
DEBUG:root:Reverse to the Left/Straight
DEBUG:root:Left=-3.445000 Right=-76.317000
DEBUG:root:ScaledLeft: 367.248750 ScaledRight: 203.286750
INFO:root:Looping....
DEBUG:root:This is the line: drive:-76.317:-79.762

DEBUG:root:We got command: drive
DEBUG:root:We got a drive command: rawX:-79.762000 and rawY:-76.317000
DEBUG:root:Reverse to the Left/Straight
DEBUG:root:Left=-3.445000 Right=-76.317000
DEBUG:root:ScaledLeft: 367.248750 ScaledRight: 203.286750
INFO:root:Looping....
DEBUG:root:This is the line: drive:-76.595:-79.762

DEBUG:root:We got command: drive
DEBUG:root:We got a drive command: rawX:-79.762000 and rawY:-76.595000
DEBUG:root:Reverse to the Left/Straight
DEBUG:root:Left=-3.167000 Right=-76.595000
DEBUG:root:ScaledLeft: 367.874250 ScaledRight: 202.661250
INFO:root:Looping....
DEBUG:root:This is the line: drive:-76.913:-79.406

DEBUG:root:We got command: drive
DEBUG:root:We got a drive command: rawX:-79.406000 and rawY:-76.913000
DEBUG:root:Reverse to the Left/Straight
DEBUG:root:Left=-2.493000 Right=-76.913000
DEBUG:root:ScaledLeft: 369.390750 ScaledRight: 201.945750
INFO:root:Looping....
DEBUG:root:This is the line: drive:-77.143:-78.999

DEBUG:root:We got command: drive
DEBUG:root:We got a drive command: rawX:-78.999000 and rawY:-77.143000
DEBUG:root:Reverse to the Left/Straight
DEBUG:root:Left=-1.856000 Right=-77.143000
DEBUG:root:ScaledLeft: 370.824000 ScaledRight: 201.428250
INFO:root:Looping....
DEBUG:root:This is the line: drive:-77.714:-77.992

DEBUG:root:We got command: drive
DEBUG:root:We got a drive command: rawX:-77.992000 and rawY:-77.714000
DEBUG:root:Reverse to the Left/Straight
DEBUG:root:Left=-0.278000 Right=-77.714000
DEBUG:root:ScaledLeft: 374.374500 ScaledRight: 200.143500
INFO:root:Looping....
DEBUG:root:This is the line: drive:-78.0:-77.686

DEBUG:root:We got command: drive
DEBUG:root:We got a drive command: rawX:-77.686000 and rawY:-78.000000
DEBUG:root:Reverse to the Left/Straight
DEBUG:root:Left=0.314000 Right=-78.000000
DEBUG:root:ScaledLeft: 375.706500 ScaledRight: 199.500000
INFO:root:Looping....
DEBUG:root:This is the line: drive:-78.286:-76.935

DEBUG:root:We got command: drive
DEBUG:root:We got a drive command: rawX:-76.935000 and rawY:-78.286000
DEBUG:root:Reverse to the Left/Straight
DEBUG:root:Left=1.351000 Right=-78.286000
DEBUG:root:ScaledLeft: 378.039750 ScaledRight: 198.856500
INFO:root:Looping....
DEBUG:root:This is the line: drive:-78.714:-76.637

DEBUG:root:We got command: drive
DEBUG:root:We got a drive command: rawX:-76.637000 and rawY:-78.714000
DEBUG:root:Reverse to the Left/Straight
DEBUG:root:Left=2.077000 Right=-78.714000
DEBUG:root:ScaledLeft: 379.673250 ScaledRight: 197.893500
INFO:root:Looping....
DEBUG:root:This is the line: drive:-78.571:-76.073

DEBUG:root:We got command: drive
DEBUG:root:We got a drive command: rawX:-76.073000 and rawY:-78.571000
DEBUG:root:Reverse to the Left/Straight
DEBUG:root:Left=2.498000 Right=-78.571000
DEBUG:root:ScaledLeft: 380.620500 ScaledRight: 198.215250
INFO:root:Looping....
DEBUG:root:This is the line: drive:-78.571:-75.865

DEBUG:root:We got command: drive
DEBUG:root:We got a drive command: rawX:-75.865000 and rawY:-78.571000
DEBUG:root:Reverse to the Left/Straight
DEBUG:root:Left=2.706000 Right=-78.571000
DEBUG:root:ScaledLeft: 381.088500 ScaledRight: 198.215250
INFO:root:Looping....
DEBUG:root:This is the line: drive:-78.571:-75.865

DEBUG:root:We got command: drive
DEBUG:root:We got a drive command: rawX:-75.865000 and rawY:-78.571000
DEBUG:root:Reverse to the Left/Straight
DEBUG:root:Left=2.706000 Right=-78.571000
DEBUG:root:ScaledLeft: 381.088500 ScaledRight: 198.215250
INFO:root:Looping....
DEBUG:root:This is the line: drive:-78.571:-75.865

DEBUG:root:We got command: drive
DEBUG:root:We got a drive command: rawX:-75.865000 and rawY:-78.571000
DEBUG:root:Reverse to the Left/Straight
DEBUG:root:Left=2.706000 Right=-78.571000
DEBUG:root:ScaledLeft: 381.088500 ScaledRight: 198.215250
INFO:root:Looping....
DEBUG:root:This is the line: drive:-77.789:-75.893

DEBUG:root:We got command: drive
DEBUG:root:We got a drive command: rawX:-75.893000 and rawY:-77.789000
DEBUG:root:Reverse to the Left/Straight
DEBUG:root:Left=1.896000 Right=-77.789000
DEBUG:root:ScaledLeft: 379.266000 ScaledRight: 199.974750
INFO:root:Looping....
DEBUG:root:This is the line: drive:-74.502:-75.893

DEBUG:root:We got command: drive
DEBUG:root:We got a drive command: rawX:-75.893000 and rawY:-74.502000
DEBUG:root:Reverse to the Left/Straight
DEBUG:root:Left=-1.391000 Right=-74.502000
DEBUG:root:ScaledLeft: 371.870250 ScaledRight: 207.370500
INFO:root:Looping....
DEBUG:root:This is the line: drive:-68.517:-75.893

DEBUG:root:We got command: drive
DEBUG:root:We got a drive command: rawX:-75.893000 and rawY:-68.517000
DEBUG:root:Reverse to the Left/Straight
DEBUG:root:Left=-7.376000 Right=-68.517000
DEBUG:root:ScaledLeft: 358.404000 ScaledRight: 220.836750
INFO:root:Looping....
DEBUG:root:This is the line: drive:-64.083:-75.893

DEBUG:root:We got command: drive
DEBUG:root:We got a drive command: rawX:-75.893000 and rawY:-64.083000
DEBUG:root:Reverse to the Left/Straight
DEBUG:root:Left=-11.810000 Right=-64.083000
DEBUG:root:ScaledLeft: 348.427500 ScaledRight: 230.813250
INFO:root:Looping....
DEBUG:root:This is the line: drive:-57.824:-75.893

DEBUG:root:We got command: drive
DEBUG:root:We got a drive command: rawX:-75.893000 and rawY:-57.824000
DEBUG:root:Reverse to the Left/Straight
DEBUG:root:Left=-18.069000 Right=-57.824000
DEBUG:root:ScaledLeft: 334.344750 ScaledRight: 244.896000
INFO:root:Looping....
DEBUG:root:This is the line: drive:-54.309:-75.893

DEBUG:root:We got command: drive
DEBUG:root:We got a drive command: rawX:-75.893000 and rawY:-54.309000
DEBUG:root:Reverse to the Left/Straight
DEBUG:root:Left=-21.584000 Right=-54.309000
DEBUG:root:ScaledLeft: 326.436000 ScaledRight: 252.804750
INFO:root:Looping....
DEBUG:root:This is the line: drive:-50.001:-75.893

DEBUG:root:We got command: drive
DEBUG:root:We got a drive command: rawX:-75.893000 and rawY:-50.001000
DEBUG:root:Reverse to the Left/Straight
DEBUG:root:Left=-25.892000 Right=-50.001000
DEBUG:root:ScaledLeft: 316.743000 ScaledRight: 262.497750
INFO:root:Looping....
DEBUG:root:This is the line: drive:-46.0:-75.893

DEBUG:root:We got command: drive
DEBUG:root:We got a drive command: rawX:-75.893000 and rawY:-46.000000
DEBUG:root:Reverse to the Left/Straight
DEBUG:root:Left=-29.893000 Right=-46.000000
DEBUG:root:ScaledLeft: 307.740750 ScaledRight: 271.500000
INFO:root:Looping....
DEBUG:root:This is the line: drive:-42.228:-75.893

DEBUG:root:We got command: drive
DEBUG:root:We got a drive command: rawX:-75.893000 and rawY:-42.228000
DEBUG:root:Reverse to the Left/Straight
DEBUG:root:Left=-33.665000 Right=-42.228000
DEBUG:root:ScaledLeft: 299.253750 ScaledRight: 279.987000
INFO:root:Looping....
DEBUG:root:This is the line: drive:-38.024:-75.893

DEBUG:root:We got command: drive
DEBUG:root:We got a drive command: rawX:-75.893000 and rawY:-38.024000
DEBUG:root:Reverse to the Left/Straight
DEBUG:root:Left=-37.869000 Right=-38.024000
DEBUG:root:ScaledLeft: 289.794750 ScaledRight: 289.446000
INFO:root:Looping....
DEBUG:root:This is the line: drive:-34.728:-75.893

DEBUG:root:We got command: drive
DEBUG:root:We got a drive command: rawX:-75.893000 and rawY:-34.728000
DEBUG:root:Reverse to the Left/Straight
DEBUG:root:Left=-41.165000 Right=-34.728000
DEBUG:root:ScaledLeft: 282.378750 ScaledRight: 296.862000
INFO:root:Looping....
DEBUG:root:This is the line: drive:-32.232:-75.893

DEBUG:root:We got command: drive
DEBUG:root:We got a drive command: rawX:-75.893000 and rawY:-32.232000
DEBUG:root:Reverse to the Left/Straight
DEBUG:root:Left=-43.661000 Right=-32.232000
DEBUG:root:ScaledLeft: 276.762750 ScaledRight: 302.478000
INFO:root:Looping....
DEBUG:root:This is the line: drive:-29.803:-75.893

DEBUG:root:We got command: drive
DEBUG:root:We got a drive command: rawX:-75.893000 and rawY:-29.803000
DEBUG:root:Reverse to the Left/Straight
DEBUG:root:Left=-46.090000 Right=-29.803000
DEBUG:root:ScaledLeft: 271.297500 ScaledRight: 307.943250
INFO:root:Looping....
DEBUG:root:This is the line: drive:-26.644:-75.893

DEBUG:root:We got command: drive
DEBUG:root:We got a drive command: rawX:-75.893000 and rawY:-26.644000
DEBUG:root:Reverse to the Left/Straight
DEBUG:root:Left=-49.249000 Right=-26.644000
DEBUG:root:ScaledLeft: 264.189750 ScaledRight: 315.051000
INFO:root:Looping....
DEBUG:root:This is the line: drive:-22.0:-75.893

DEBUG:root:We got command: drive
DEBUG:root:We got a drive command: rawX:-75.893000 and rawY:-22.000000
DEBUG:root:Reverse to the Left/Straight
DEBUG:root:Left=-53.893000 Right=-22.000000
DEBUG:root:ScaledLeft: 253.740750 ScaledRight: 325.500000
INFO:root:Looping....
DEBUG:root:This is the line: drive:-17.291:-75.893

DEBUG:root:We got command: drive
DEBUG:root:We got a drive command: rawX:-75.893000 and rawY:-17.291000
DEBUG:root:Reverse to the Left/Straight
DEBUG:root:Left=-58.602000 Right=-17.291000
DEBUG:root:ScaledLeft: 243.145500 ScaledRight: 336.095250
INFO:root:Looping....
DEBUG:root:This is the line: drive:-10.437:-75.893

DEBUG:root:We got command: drive
DEBUG:root:We got a drive command: rawX:-75.893000 and rawY:-10.437000
DEBUG:root:Reverse to the Left/Straight
DEBUG:root:Left=-65.456000 Right=-10.437000
DEBUG:root:ScaledLeft: 227.724000 ScaledRight: 351.516750
INFO:root:Looping....
DEBUG:root:This is the line: drive:-4.233:-75.595

DEBUG:root:We got command: drive
DEBUG:root:We got a drive command: rawX:-75.595000 and rawY:-4.233000
DEBUG:root:Reverse to the Left/Straight
DEBUG:root:Left=-71.362000 Right=-4.233000
DEBUG:root:ScaledLeft: 214.435500 ScaledRight: 365.475750
INFO:root:Looping....
DEBUG:root:This is the line: drive:1.55:-75.0

DEBUG:root:We got command: drive
DEBUG:root:We got a drive command: rawX:-75.000000 and rawY:1.550000
DEBUG:root:Forward to the Left/Straight
DEBUG:root:Left=-76.550000 Right=1.550000
DEBUG:root:ScaledLeft: 202.762500 ScaledRight: 378.487500
INFO:root:Looping....
DEBUG:root:This is the line: drive:5.429:-75.0

DEBUG:root:We got command: drive
DEBUG:root:We got a drive command: rawX:-75.000000 and rawY:5.429000
DEBUG:root:Forward to the Left/Straight
DEBUG:root:Left=-80.429000 Right=5.429000
DEBUG:root:ScaledLeft: 194.034750 ScaledRight: 387.215250
INFO:root:Looping....
DEBUG:root:This is the line: drive:8.849:-75.0

DEBUG:root:We got command: drive
DEBUG:root:We got a drive command: rawX:-75.000000 and rawY:8.849000
DEBUG:root:Forward to the Left/Straight
DEBUG:root:Left=-83.849000 Right=8.849000
DEBUG:root:ScaledLeft: 186.339750 ScaledRight: 394.910250
INFO:root:Looping....
DEBUG:root:This is the line: drive:11.257:-74.702

DEBUG:root:We got command: drive
DEBUG:root:We got a drive command: rawX:-74.702000 and rawY:11.257000
DEBUG:root:Forward to the Left/Straight
DEBUG:root:Left=-85.959000 Right=11.257000
DEBUG:root:ScaledLeft: 181.592250 ScaledRight: 400.328250
INFO:root:Looping....
DEBUG:root:This is the line: drive:13.455:-74.702

DEBUG:root:We got command: drive
DEBUG:root:We got a drive command: rawX:-74.702000 and rawY:13.455000
DEBUG:root:Forward to the Left/Straight
DEBUG:root:Left=-88.157000 Right=13.455000
DEBUG:root:ScaledLeft: 176.646750 ScaledRight: 405.273750
INFO:root:Looping....
DEBUG:root:This is the line: drive:16.858:-73.809

DEBUG:root:We got command: drive
DEBUG:root:We got a drive command: rawX:-73.809000 and rawY:16.858000
DEBUG:root:Forward to the Left/Straight
DEBUG:root:Left=-90.667000 Right=16.858000
DEBUG:root:ScaledLeft: 170.999250 ScaledRight: 412.930500
INFO:root:Looping....
DEBUG:root:This is the line: drive:19.0:-73.81

DEBUG:root:We got command: drive
DEBUG:root:We got a drive command: rawX:-73.810000 and rawY:19.000000
DEBUG:root:Forward to the Left/Straight
DEBUG:root:Left=-92.810000 Right=19.000000
DEBUG:root:ScaledLeft: 166.177500 ScaledRight: 417.750000
INFO:root:Looping....
DEBUG:root:This is the line: drive:22.849:-73.214

DEBUG:root:We got command: drive
DEBUG:root:We got a drive command: rawX:-73.214000 and rawY:22.849000
DEBUG:root:Forward to the Left/Straight
DEBUG:root:Left=-96.063000 Right=22.849000
DEBUG:root:ScaledLeft: 158.858250 ScaledRight: 426.410250
INFO:root:Looping....
DEBUG:root:This is the line: drive:26.997:-72.619

DEBUG:root:We got command: drive
DEBUG:root:We got a drive command: rawX:-72.619000 and rawY:26.997000
DEBUG:root:Forward to the Left/Straight
DEBUG:root:Left=-99.616000 Right=26.997000
DEBUG:root:ScaledLeft: 150.864000 ScaledRight: 435.743250
INFO:root:Looping....
DEBUG:root:This is the line: drive:30.502:-71.131

DEBUG:root:We got command: drive
DEBUG:root:We got a drive command: rawX:-71.131000 and rawY:30.502000
DEBUG:root:Forward to the Left/Straight
DEBUG:root:Left=-101.633000 Right=30.502000
DEBUG:root:ScaledLeft: 146.325750 ScaledRight: 443.629500
INFO:root:Looping....
DEBUG:root:This is the line: drive:35.658:-71.131

DEBUG:root:We got command: drive
DEBUG:root:We got a drive command: rawX:-71.131000 and rawY:35.658000
DEBUG:root:Forward to the Left/Straight
DEBUG:root:Left=-106.789000 Right=35.658000
DEBUG:root:ScaledLeft: 134.724750 ScaledRight: 455.230500
INFO:root:Looping....
DEBUG:root:This is the line: drive:36.789:-71.131

DEBUG:root:We got command: drive
DEBUG:root:We got a drive command: rawX:-71.131000 and rawY:36.789000
DEBUG:root:Forward to the Left/Straight
DEBUG:root:Left=-107.920000 Right=36.789000
DEBUG:root:ScaledLeft: 132.180000 ScaledRight: 457.775250
INFO:root:Looping....
DEBUG:root:This is the line: drive:40.523:-70.288

DEBUG:root:We got command: drive
DEBUG:root:We got a drive command: rawX:-70.288000 and rawY:40.523000
DEBUG:root:Forward to the Left/Straight
DEBUG:root:Left=-110.811000 Right=40.523000
DEBUG:root:ScaledLeft: 125.675250 ScaledRight: 466.176750
INFO:root:Looping....
DEBUG:root:This is the line: drive:42.241:-70.238

DEBUG:root:We got command: drive
DEBUG:root:We got a drive command: rawX:-70.238000 and rawY:42.241000
DEBUG:root:Forward to the Left/Straight
DEBUG:root:Left=-112.479000 Right=42.241000
DEBUG:root:ScaledLeft: 121.922250 ScaledRight: 470.042250
INFO:root:Looping....
DEBUG:root:This is the line: drive:44.286:-69.94

DEBUG:root:We got command: drive
DEBUG:root:We got a drive command: rawX:-69.940000 and rawY:44.286000
DEBUG:root:Forward to the Left/Straight
DEBUG:root:Left=-114.226000 Right=44.286000
DEBUG:root:ScaledLeft: 117.991500 ScaledRight: 474.643500
INFO:root:Looping....
DEBUG:root:This is the line: drive:46.343:-69.345

DEBUG:root:We got command: drive
DEBUG:root:We got a drive command: rawX:-69.345000 and rawY:46.343000
DEBUG:root:Forward to the Left/Straight
DEBUG:root:Left=-115.688000 Right=46.343000
DEBUG:root:ScaledLeft: 114.702000 ScaledRight: 479.271750
INFO:root:Looping....
DEBUG:root:This is the line: drive:48.089:-69.345

DEBUG:root:We got command: drive
DEBUG:root:We got a drive command: rawX:-69.345000 and rawY:48.089000
DEBUG:root:Forward to the Left/Straight
DEBUG:root:Left=-117.434000 Right=48.089000
DEBUG:root:ScaledLeft: 110.773500 ScaledRight: 483.200250
INFO:root:Looping....
DEBUG:root:This is the line: drive:50.217:-68.75

DEBUG:root:We got command: drive
DEBUG:root:We got a drive command: rawX:-68.750000 and rawY:50.217000
DEBUG:root:Forward to the Left/Straight
DEBUG:root:Left=-118.967000 Right=50.217000
DEBUG:root:ScaledLeft: 107.324250 ScaledRight: 487.988250
INFO:root:Looping....
DEBUG:root:This is the line: drive:51.97:-68.75

DEBUG:root:We got command: drive
DEBUG:root:We got a drive command: rawX:-68.750000 and rawY:51.970000
DEBUG:root:Forward to the Left/Straight
DEBUG:root:Left=-120.720000 Right=51.970000
DEBUG:root:ScaledLeft: 103.380000 ScaledRight: 491.932500
INFO:root:Looping....
DEBUG:root:This is the line: drive:54.0:-68.65

DEBUG:root:We got command: drive
DEBUG:root:We got a drive command: rawX:-68.650000 and rawY:54.000000
DEBUG:root:Forward to the Left/Straight
DEBUG:root:Left=-122.650000 Right=54.000000
DEBUG:root:ScaledLeft: 99.037500 ScaledRight: 496.500000
INFO:root:Looping....
DEBUG:root:This is the line: drive:55.378:-68.155

DEBUG:root:We got command: drive
DEBUG:root:We got a drive command: rawX:-68.155000 and rawY:55.378000
DEBUG:root:Forward to the Left/Straight
DEBUG:root:Left=-123.533000 Right=55.378000
DEBUG:root:ScaledLeft: 97.050750 ScaledRight: 499.600500
INFO:root:Looping....
DEBUG:root:This is the line: drive:57.289:-67.705

DEBUG:root:We got command: drive
DEBUG:root:We got a drive command: rawX:-67.705000 and rawY:57.289000
DEBUG:root:Forward to the Left/Straight
DEBUG:root:Left=-124.994000 Right=57.289000
DEBUG:root:ScaledLeft: 93.763500 ScaledRight: 503.900250
INFO:root:Looping....
DEBUG:root:This is the line: drive:58.843:-65.789

DEBUG:root:We got command: drive
DEBUG:root:We got a drive command: rawX:-65.789000 and rawY:58.843000
DEBUG:root:Forward to the Left/Straight
DEBUG:root:Left=-124.632000 Right=58.843000
DEBUG:root:ScaledLeft: 94.578000 ScaledRight: 507.396750
INFO:root:Looping....
DEBUG:root:This is the line: drive:59.857:-64.137

DEBUG:root:We got command: drive
DEBUG:root:We got a drive command: rawX:-64.137000 and rawY:59.857000
DEBUG:root:Forward to the Left/Straight
DEBUG:root:Left=-123.994000 Right=59.857000
DEBUG:root:ScaledLeft: 96.013500 ScaledRight: 509.678250
INFO:root:Looping....
DEBUG:root:This is the line: drive:61.07:-63.69

DEBUG:root:We got command: drive
DEBUG:root:We got a drive command: rawX:-63.690000 and rawY:61.070000
DEBUG:root:Forward to the Left/Straight
DEBUG:root:Left=-124.760000 Right=61.070000
DEBUG:root:ScaledLeft: 94.290000 ScaledRight: 512.407500
INFO:root:Looping....
DEBUG:root:This is the line: drive:61.857:-63.244

DEBUG:root:We got command: drive
DEBUG:root:We got a drive command: rawX:-63.244000 and rawY:61.857000
DEBUG:root:Forward to the Left/Straight
DEBUG:root:Left=-125.101000 Right=61.857000
DEBUG:root:ScaledLeft: 93.522750 ScaledRight: 514.178250
INFO:root:Looping....
DEBUG:root:This is the line: drive:61.714:-63.012

DEBUG:root:We got command: drive
DEBUG:root:We got a drive command: rawX:-63.012000 and rawY:61.714000
DEBUG:root:Forward to the Left/Straight
DEBUG:root:Left=-124.726000 Right=61.714000
DEBUG:root:ScaledLeft: 94.366500 ScaledRight: 513.856500
INFO:root:Looping....
DEBUG:root:This is the line: drive:61.714:-63.012

DEBUG:root:We got command: drive
DEBUG:root:We got a drive command: rawX:-63.012000 and rawY:61.714000
DEBUG:root:Forward to the Left/Straight
DEBUG:root:Left=-124.726000 Right=61.714000
DEBUG:root:ScaledLeft: 94.366500 ScaledRight: 513.856500
INFO:root:Looping....
DEBUG:root:This is the line: drive:60.262:-63.095

DEBUG:root:We got command: drive
DEBUG:root:We got a drive command: rawX:-63.095000 and rawY:60.262000
DEBUG:root:Forward to the Left/Straight
DEBUG:root:Left=-123.357000 Right=60.262000
DEBUG:root:ScaledLeft: 97.446750 ScaledRight: 510.589500
INFO:root:Looping....
DEBUG:root:This is the line: drive:56.36:-63.095

DEBUG:root:We got command: drive
DEBUG:root:We got a drive command: rawX:-63.095000 and rawY:56.360000
DEBUG:root:Forward to the Left/Straight
DEBUG:root:Left=-119.455000 Right=56.360000
DEBUG:root:ScaledLeft: 106.226250 ScaledRight: 501.810000
INFO:root:Looping....
DEBUG:root:This is the line: drive:51.565:-63.095

DEBUG:root:We got command: drive
DEBUG:root:We got a drive command: rawX:-63.095000 and rawY:51.565000
DEBUG:root:Forward to the Left/Straight
DEBUG:root:Left=-114.660000 Right=51.565000
DEBUG:root:ScaledLeft: 117.015000 ScaledRight: 491.021250
INFO:root:Looping....
DEBUG:root:This is the line: drive:45.283:-61.953

DEBUG:root:We got command: drive
DEBUG:root:We got a drive command: rawX:-61.953000 and rawY:45.283000
DEBUG:root:Forward to the Left/Straight
DEBUG:root:Left=-107.236000 Right=45.283000
DEBUG:root:ScaledLeft: 133.719000 ScaledRight: 476.886750
INFO:root:Looping....
DEBUG:root:This is the line: drive:38.92:-61.607

DEBUG:root:We got command: drive
DEBUG:root:We got a drive command: rawX:-61.607000 and rawY:38.920000
DEBUG:root:Forward to the Left/Straight
DEBUG:root:Left=-100.527000 Right=38.920000
DEBUG:root:ScaledLeft: 148.814250 ScaledRight: 462.570000
INFO:root:Looping....
DEBUG:root:This is the line: drive:34.119:-61.607

DEBUG:root:We got command: drive
DEBUG:root:We got a drive command: rawX:-61.607000 and rawY:34.119000
DEBUG:root:Forward to the Left/Straight
DEBUG:root:Left=-95.726000 Right=34.119000
DEBUG:root:ScaledLeft: 159.616500 ScaledRight: 451.767750
INFO:root:Looping....
DEBUG:root:This is the line: drive:28.718:-61.607

DEBUG:root:We got command: drive
DEBUG:root:We got a drive command: rawX:-61.607000 and rawY:28.718000
DEBUG:root:Forward to the Left/Straight
DEBUG:root:Left=-90.325000 Right=28.718000
DEBUG:root:ScaledLeft: 171.768750 ScaledRight: 439.615500
INFO:root:Looping....
DEBUG:root:This is the line: drive:24.138:-61.607

DEBUG:root:We got command: drive
DEBUG:root:We got a drive command: rawX:-61.607000 and rawY:24.138000
DEBUG:root:Forward to the Left/Straight
DEBUG:root:Left=-85.745000 Right=24.138000
DEBUG:root:ScaledLeft: 182.073750 ScaledRight: 429.310500
INFO:root:Looping....
DEBUG:root:This is the line: drive:16.405:-61.31

DEBUG:root:We got command: drive
DEBUG:root:We got a drive command: rawX:-61.310000 and rawY:16.405000
DEBUG:root:Forward to the Left/Straight
DEBUG:root:Left=-77.715000 Right=16.405000
DEBUG:root:ScaledLeft: 200.141250 ScaledRight: 411.911250
INFO:root:Looping....
DEBUG:root:This is the line: drive:13.0:-61.31

DEBUG:root:We got command: drive
DEBUG:root:We got a drive command: rawX:-61.310000 and rawY:13.000000
DEBUG:root:Forward to the Left/Straight
DEBUG:root:Left=-74.310000 Right=13.000000
DEBUG:root:ScaledLeft: 207.802500 ScaledRight: 404.250000
INFO:root:Looping....
DEBUG:root:This is the line: drive:5.254:-61.31

DEBUG:root:We got command: drive
DEBUG:root:We got a drive command: rawX:-61.310000 and rawY:5.254000
DEBUG:root:Forward to the Left/Straight
DEBUG:root:Left=-66.564000 Right=5.254000
DEBUG:root:ScaledLeft: 225.231000 ScaledRight: 386.821500
INFO:root:Looping....
DEBUG:root:This is the line: drive:0.322:-61.31

DEBUG:root:We got command: drive
DEBUG:root:We got a drive command: rawX:-61.310000 and rawY:0.322000
DEBUG:root:Forward to the Left/Straight
DEBUG:root:Left=-61.632000 Right=0.322000
DEBUG:root:ScaledLeft: 236.328000 ScaledRight: 375.724500
INFO:root:Looping....
DEBUG:root:This is the line: drive:-4.686:-61.31

DEBUG:root:We got command: drive
DEBUG:root:We got a drive command: rawX:-61.310000 and rawY:-4.686000
DEBUG:root:Reverse to the Left/Straight
DEBUG:root:Left=-56.624000 Right=-4.686000
DEBUG:root:ScaledLeft: 247.596000 ScaledRight: 364.456500
INFO:root:Looping....
DEBUG:root:This is the line: drive:-6.443:-61.31

DEBUG:root:We got command: drive
DEBUG:root:We got a drive command: rawX:-61.310000 and rawY:-6.443000
DEBUG:root:Reverse to the Left/Straight
DEBUG:root:Left=-54.867000 Right=-6.443000
DEBUG:root:ScaledLeft: 251.549250 ScaledRight: 360.503250
INFO:root:Looping....
DEBUG:root:This is the line: drive:-8.585:-61.31

DEBUG:root:We got command: drive
DEBUG:root:We got a drive command: rawX:-61.310000 and rawY:-8.585000
DEBUG:root:Reverse to the Left/Straight
DEBUG:root:Left=-52.725000 Right=-8.585000
DEBUG:root:ScaledLeft: 256.368750 ScaledRight: 355.683750
INFO:root:Looping....
DEBUG:root:This is the line: drive:-10.714:-61.31

DEBUG:root:We got command: drive
DEBUG:root:We got a drive command: rawX:-61.310000 and rawY:-10.714000
DEBUG:root:Reverse to the Left/Straight
DEBUG:root:Left=-50.596000 Right=-10.714000
DEBUG:root:ScaledLeft: 261.159000 ScaledRight: 350.893500
INFO:root:Looping....
DEBUG:root:This is the line: drive:-13.048:-61.31

DEBUG:root:We got command: drive
DEBUG:root:We got a drive command: rawX:-61.310000 and rawY:-13.048000
DEBUG:root:Reverse to the Left/Straight
DEBUG:root:Left=-48.262000 Right=-13.048000
DEBUG:root:ScaledLeft: 266.410500 ScaledRight: 345.642000
INFO:root:Looping....
DEBUG:root:This is the line: drive:-15.938:-61.31

DEBUG:root:We got command: drive
DEBUG:root:We got a drive command: rawX:-61.310000 and rawY:-15.938000
DEBUG:root:Reverse to the Left/Straight
DEBUG:root:Left=-45.372000 Right=-15.938000
DEBUG:root:ScaledLeft: 272.913000 ScaledRight: 339.139500
INFO:root:Looping....
DEBUG:root:This is the line: drive:-19.516:-61.31

DEBUG:root:We got command: drive
DEBUG:root:We got a drive command: rawX:-61.310000 and rawY:-19.516000
DEBUG:root:Reverse to the Left/Straight
DEBUG:root:Left=-41.794000 Right=-19.516000
DEBUG:root:ScaledLeft: 280.963500 ScaledRight: 331.089000
INFO:root:Looping....
DEBUG:root:This is the line: drive:-23.796:-61.31

DEBUG:root:We got command: drive
DEBUG:root:We got a drive command: rawX:-61.310000 and rawY:-23.796000
DEBUG:root:Reverse to the Left/Straight
DEBUG:root:Left=-37.514000 Right=-23.796000
DEBUG:root:ScaledLeft: 290.593500 ScaledRight: 321.459000
INFO:root:Looping....
DEBUG:root:This is the line: drive:-27.54:-61.31

DEBUG:root:We got command: drive
DEBUG:root:We got a drive command: rawX:-61.310000 and rawY:-27.540000
DEBUG:root:Reverse to the Left/Straight
DEBUG:root:Left=-33.770000 Right=-27.540000
DEBUG:root:ScaledLeft: 299.017500 ScaledRight: 313.035000
INFO:root:Looping....
DEBUG:root:This is the line: drive:-31.576:-61.31

DEBUG:root:We got command: drive
DEBUG:root:We got a drive command: rawX:-61.310000 and rawY:-31.576000
DEBUG:root:Reverse to the Left/Straight
DEBUG:root:Left=-29.734000 Right=-31.576000
DEBUG:root:ScaledLeft: 308.098500 ScaledRight: 303.954000
INFO:root:Looping....
DEBUG:root:This is the line: drive:-34.423:-61.31

DEBUG:root:We got command: drive
DEBUG:root:We got a drive command: rawX:-61.310000 and rawY:-34.423000
DEBUG:root:Reverse to the Left/Straight
DEBUG:root:Left=-26.887000 Right=-34.423000
DEBUG:root:ScaledLeft: 314.504250 ScaledRight: 297.548250
INFO:root:Looping....
DEBUG:root:This is the line: drive:-36.242:-61.31

DEBUG:root:We got command: drive
DEBUG:root:We got a drive command: rawX:-61.310000 and rawY:-36.242000
DEBUG:root:Reverse to the Left/Straight
DEBUG:root:Left=-25.068000 Right=-36.242000
DEBUG:root:ScaledLeft: 318.597000 ScaledRight: 293.455500
INFO:root:Looping....
DEBUG:root:This is the line: drive:-39.168:-61.31

DEBUG:root:We got command: drive
DEBUG:root:We got a drive command: rawX:-61.310000 and rawY:-39.168000
DEBUG:root:Reverse to the Left/Straight
DEBUG:root:Left=-22.142000 Right=-39.168000
DEBUG:root:ScaledLeft: 325.180500 ScaledRight: 286.872000
INFO:root:Looping....
DEBUG:root:This is the line: drive:-40.941:-61.31

DEBUG:root:We got command: drive
DEBUG:root:We got a drive command: rawX:-61.310000 and rawY:-40.941000
DEBUG:root:Reverse to the Left/Straight
DEBUG:root:Left=-20.369000 Right=-40.941000
DEBUG:root:ScaledLeft: 329.169750 ScaledRight: 282.882750
INFO:root:Looping....
DEBUG:root:This is the line: drive:-43.077:-61.31

DEBUG:root:We got command: drive
DEBUG:root:We got a drive command: rawX:-61.310000 and rawY:-43.077000
DEBUG:root:Reverse to the Left/Straight
DEBUG:root:Left=-18.233000 Right=-43.077000
DEBUG:root:ScaledLeft: 333.975750 ScaledRight: 278.076750
INFO:root:Looping....
DEBUG:root:This is the line: drive:-44.85:-61.31

DEBUG:root:We got command: drive
DEBUG:root:We got a drive command: rawX:-61.310000 and rawY:-44.850000
DEBUG:root:Reverse to the Left/Straight
DEBUG:root:Left=-16.460000 Right=-44.850000
DEBUG:root:ScaledLeft: 337.965000 ScaledRight: 274.087500
INFO:root:Looping....
DEBUG:root:This is the line: drive:-46.982:-61.31

DEBUG:root:We got command: drive
DEBUG:root:We got a drive command: rawX:-61.310000 and rawY:-46.982000
DEBUG:root:Reverse to the Left/Straight
DEBUG:root:Left=-14.328000 Right=-46.982000
DEBUG:root:ScaledLeft: 342.762000 ScaledRight: 269.290500
INFO:root:Looping....
DEBUG:root:This is the line: drive:-48.714:-61.31

DEBUG:root:We got command: drive
DEBUG:root:We got a drive command: rawX:-61.310000 and rawY:-48.714000
DEBUG:root:Reverse to the Left/Straight
DEBUG:root:Left=-12.596000 Right=-48.714000
DEBUG:root:ScaledLeft: 346.659000 ScaledRight: 265.393500
INFO:root:Looping....
DEBUG:root:This is the line: drive:-49.797:-61.31

DEBUG:root:We got command: drive
DEBUG:root:We got a drive command: rawX:-61.310000 and rawY:-49.797000
DEBUG:root:Reverse to the Left/Straight
DEBUG:root:Left=-11.513000 Right=-49.797000
DEBUG:root:ScaledLeft: 349.095750 ScaledRight: 262.956750
INFO:root:Looping....
DEBUG:root:This is the line: drive:-51.383:-61.31

DEBUG:root:We got command: drive
DEBUG:root:We got a drive command: rawX:-61.310000 and rawY:-51.383000
DEBUG:root:Reverse to the Left/Straight
DEBUG:root:Left=-9.927000 Right=-51.383000
DEBUG:root:ScaledLeft: 352.664250 ScaledRight: 259.388250
INFO:root:Looping....
DEBUG:root:This is the line: drive:-52.418:-61.31

DEBUG:root:We got command: drive
DEBUG:root:We got a drive command: rawX:-61.310000 and rawY:-52.418000
DEBUG:root:Reverse to the Left/Straight
DEBUG:root:Left=-8.892000 Right=-52.418000
DEBUG:root:ScaledLeft: 354.993000 ScaledRight: 257.059500
INFO:root:Looping....
DEBUG:root:This is the line: drive:-53.95:-61.31

DEBUG:root:We got command: drive
DEBUG:root:We got a drive command: rawX:-61.310000 and rawY:-53.950000
DEBUG:root:Reverse to the Left/Straight
DEBUG:root:Left=-7.360000 Right=-53.950000
DEBUG:root:ScaledLeft: 358.440000 ScaledRight: 253.612500
INFO:root:Looping....
DEBUG:root:This is the line: drive:-55.523:-61.31

DEBUG:root:We got command: drive
DEBUG:root:We got a drive command: rawX:-61.310000 and rawY:-55.523000
DEBUG:root:Reverse to the Left/Straight
DEBUG:root:Left=-5.787000 Right=-55.523000
DEBUG:root:ScaledLeft: 361.979250 ScaledRight: 250.073250
INFO:root:Looping....
DEBUG:root:This is the line: drive:-57.045:-61.31

DEBUG:root:We got command: drive
DEBUG:root:We got a drive command: rawX:-61.310000 and rawY:-57.045000
DEBUG:root:Reverse to the Left/Straight
DEBUG:root:Left=-4.265000 Right=-57.045000
DEBUG:root:ScaledLeft: 365.403750 ScaledRight: 246.648750
INFO:root:Looping....
DEBUG:root:This is the line: drive:-59.149:-61.31

DEBUG:root:We got command: drive
DEBUG:root:We got a drive command: rawX:-61.310000 and rawY:-59.149000
DEBUG:root:Reverse to the Left/Straight
DEBUG:root:Left=-2.161000 Right=-59.149000
DEBUG:root:ScaledLeft: 370.137750 ScaledRight: 241.914750
INFO:root:Looping....
DEBUG:root:This is the line: drive:-61.259:-61.31

DEBUG:root:We got command: drive
DEBUG:root:We got a drive command: rawX:-61.310000 and rawY:-61.259000
DEBUG:root:Reverse to the Left/Straight
DEBUG:root:Left=-0.051000 Right=-61.259000
DEBUG:root:ScaledLeft: 374.885250 ScaledRight: 237.167250
INFO:root:Looping....
DEBUG:root:This is the line: drive:-62.629:-61.31

DEBUG:root:We got command: drive
DEBUG:root:We got a drive command: rawX:-61.310000 and rawY:-62.629000
DEBUG:root:Reverse to the Left/Straight
DEBUG:root:Left=1.319000 Right=-62.629000
DEBUG:root:ScaledLeft: 377.967750 ScaledRight: 234.084750
INFO:root:Looping....
DEBUG:root:This is the line: drive:-64.429:-61.31

DEBUG:root:We got command: drive
DEBUG:root:We got a drive command: rawX:-61.310000 and rawY:-64.429000
DEBUG:root:Reverse to the Left/Straight
DEBUG:root:Left=3.119000 Right=-64.429000
DEBUG:root:ScaledLeft: 382.017750 ScaledRight: 230.034750
INFO:root:Looping....
DEBUG:root:This is the line: drive:-65.0:-61.31

DEBUG:root:We got command: drive
DEBUG:root:We got a drive command: rawX:-61.310000 and rawY:-65.000000
DEBUG:root:Reverse to the Left/Straight
DEBUG:root:Left=3.690000 Right=-65.000000
DEBUG:root:ScaledLeft: 383.302500 ScaledRight: 228.750000
INFO:root:Looping....
DEBUG:root:This is the line: drive:-65.0:-61.31

DEBUG:root:We got command: drive
DEBUG:root:We got a drive command: rawX:-61.310000 and rawY:-65.000000
DEBUG:root:Reverse to the Left/Straight
DEBUG:root:Left=3.690000 Right=-65.000000
DEBUG:root:ScaledLeft: 383.302500 ScaledRight: 228.750000
INFO:root:Looping....
DEBUG:root:This is the line: drive:-65.0:-61.31

DEBUG:root:We got command: drive
DEBUG:root:We got a drive command: rawX:-61.310000 and rawY:-65.000000
DEBUG:root:Reverse to the Left/Straight
DEBUG:root:Left=3.690000 Right=-65.000000
DEBUG:root:ScaledLeft: 383.302500 ScaledRight: 228.750000
INFO:root:Looping....
DEBUG:root:This is the line: drive:-61.328:-61.31

DEBUG:root:We got command: drive
DEBUG:root:We got a drive command: rawX:-61.310000 and rawY:-61.328000
DEBUG:root:Reverse to the Left/Straight
DEBUG:root:Left=0.018000 Right=-61.328000
DEBUG:root:ScaledLeft: 375.040500 ScaledRight: 237.012000
INFO:root:Looping....
DEBUG:root:This is the line: drive:-55.526:-61.31

DEBUG:root:We got command: drive
DEBUG:root:We got a drive command: rawX:-61.310000 and rawY:-55.526000
DEBUG:root:Reverse to the Left/Straight
DEBUG:root:Left=-5.784000 Right=-55.526000
DEBUG:root:ScaledLeft: 361.986000 ScaledRight: 250.066500
INFO:root:Looping....
DEBUG:root:This is the line: drive:-46.84:-61.31

DEBUG:root:We got command: drive
DEBUG:root:We got a drive command: rawX:-61.310000 and rawY:-46.840000
DEBUG:root:Reverse to the Left/Straight
DEBUG:root:Left=-14.470000 Right=-46.840000
DEBUG:root:ScaledLeft: 342.442500 ScaledRight: 269.610000
INFO:root:Looping....
DEBUG:root:This is the line: drive:-40.862:-61.31

DEBUG:root:We got command: drive
DEBUG:root:We got a drive command: rawX:-61.310000 and rawY:-40.862000
DEBUG:root:Reverse to the Left/Straight
DEBUG:root:Left=-20.448000 Right=-40.862000
DEBUG:root:ScaledLeft: 328.992000 ScaledRight: 283.060500
INFO:root:Looping....
DEBUG:root:This is the line: drive:-34.391:-61.31

DEBUG:root:We got command: drive
DEBUG:root:We got a drive command: rawX:-61.310000 and rawY:-34.391000
DEBUG:root:Reverse to the Left/Straight
DEBUG:root:Left=-26.919000 Right=-34.391000
DEBUG:root:ScaledLeft: 314.432250 ScaledRight: 297.620250
INFO:root:Looping....
DEBUG:root:This is the line: drive:-28.748:-61.31

DEBUG:root:We got command: drive
DEBUG:root:We got a drive command: rawX:-61.310000 and rawY:-28.748000
DEBUG:root:Reverse to the Left/Straight
DEBUG:root:Left=-32.562000 Right=-28.748000
DEBUG:root:ScaledLeft: 301.735500 ScaledRight: 310.317000
INFO:root:Looping....
DEBUG:root:This is the line: drive:-23.475:-61.31

DEBUG:root:We got command: drive
DEBUG:root:We got a drive command: rawX:-61.310000 and rawY:-23.475000
DEBUG:root:Reverse to the Left/Straight
DEBUG:root:Left=-37.835000 Right=-23.475000
DEBUG:root:ScaledLeft: 289.871250 ScaledRight: 322.181250
INFO:root:Looping....
DEBUG:root:This is the line: drive:-18.492:-61.31

DEBUG:root:We got command: drive
DEBUG:root:We got a drive command: rawX:-61.310000 and rawY:-18.492000
DEBUG:root:Reverse to the Left/Straight
DEBUG:root:Left=-42.818000 Right=-18.492000
DEBUG:root:ScaledLeft: 278.659500 ScaledRight: 333.393000
INFO:root:Looping....
DEBUG:root:This is the line: drive:-13.506:-61.31

DEBUG:root:We got command: drive
DEBUG:root:We got a drive command: rawX:-61.310000 and rawY:-13.506000
DEBUG:root:Reverse to the Left/Straight
DEBUG:root:Left=-47.804000 Right=-13.506000
DEBUG:root:ScaledLeft: 267.441000 ScaledRight: 344.611500
INFO:root:Looping....
DEBUG:root:This is the line: drive:-6.274:-61.31

DEBUG:root:We got command: drive
DEBUG:root:We got a drive command: rawX:-61.310000 and rawY:-6.274000
DEBUG:root:Reverse to the Left/Straight
DEBUG:root:Left=-55.036000 Right=-6.274000
DEBUG:root:ScaledLeft: 251.169000 ScaledRight: 360.883500
INFO:root:Looping....
DEBUG:root:This is the line: drive:-2.764:-61.31

DEBUG:root:We got command: drive
DEBUG:root:We got a drive command: rawX:-61.310000 and rawY:-2.764000
DEBUG:root:Reverse to the Left/Straight
DEBUG:root:Left=-58.546000 Right=-2.764000
DEBUG:root:ScaledLeft: 243.271500 ScaledRight: 368.781000
INFO:root:Looping....
DEBUG:root:This is the line: drive:1.524:-61.31

DEBUG:root:We got command: drive
DEBUG:root:We got a drive command: rawX:-61.310000 and rawY:1.524000
DEBUG:root:Forward to the Left/Straight
DEBUG:root:Left=-62.834000 Right=1.524000
DEBUG:root:ScaledLeft: 233.623500 ScaledRight: 378.429000
INFO:root:Looping....
DEBUG:root:This is the line: drive:5.824:-61.31

DEBUG:root:We got command: drive
DEBUG:root:We got a drive command: rawX:-61.310000 and rawY:5.824000
DEBUG:root:Forward to the Left/Straight
DEBUG:root:Left=-67.134000 Right=5.824000
DEBUG:root:ScaledLeft: 223.948500 ScaledRight: 388.104000
INFO:root:Looping....
DEBUG:root:This is the line: drive:9.338:-61.31

DEBUG:root:We got command: drive
DEBUG:root:We got a drive command: rawX:-61.310000 and rawY:9.338000
DEBUG:root:Forward to the Left/Straight
DEBUG:root:Left=-70.648000 Right=9.338000
DEBUG:root:ScaledLeft: 216.042000 ScaledRight: 396.010500
INFO:root:Looping....
DEBUG:root:This is the line: drive:14.173:-61.31

DEBUG:root:We got command: drive
DEBUG:root:We got a drive command: rawX:-61.310000 and rawY:14.173000
DEBUG:root:Forward to the Left/Straight
DEBUG:root:Left=-75.483000 Right=14.173000
DEBUG:root:ScaledLeft: 205.163250 ScaledRight: 406.889250
INFO:root:Looping....
DEBUG:root:This is the line: drive:17.684:-61.31

DEBUG:root:We got command: drive
DEBUG:root:We got a drive command: rawX:-61.310000 and rawY:17.684000
DEBUG:root:Forward to the Left/Straight
DEBUG:root:Left=-78.994000 Right=17.684000
DEBUG:root:ScaledLeft: 197.263500 ScaledRight: 414.789000
INFO:root:Looping....
DEBUG:root:This is the line: drive:22.252:-61.31

DEBUG:root:We got command: drive
DEBUG:root:We got a drive command: rawX:-61.310000 and rawY:22.252000
DEBUG:root:Forward to the Left/Straight
DEBUG:root:Left=-83.562000 Right=22.252000
DEBUG:root:ScaledLeft: 186.985500 ScaledRight: 425.067000
INFO:root:Looping....
DEBUG:root:This is the line: drive:26.532:-61.31

DEBUG:root:We got command: drive
DEBUG:root:We got a drive command: rawX:-61.310000 and rawY:26.532000
DEBUG:root:Forward to the Left/Straight
DEBUG:root:Left=-87.842000 Right=26.532000
DEBUG:root:ScaledLeft: 177.355500 ScaledRight: 434.697000
INFO:root:Looping....
DEBUG:root:This is the line: drive:29.731:-61.31

DEBUG:root:We got command: drive
DEBUG:root:We got a drive command: rawX:-61.310000 and rawY:29.731000
DEBUG:root:Forward to the Left/Straight
DEBUG:root:Left=-91.041000 Right=29.731000
DEBUG:root:ScaledLeft: 170.157750 ScaledRight: 441.894750
INFO:root:Looping....
DEBUG:root:This is the line: drive:31.86:-61.31

DEBUG:root:We got command: drive
DEBUG:root:We got a drive command: rawX:-61.310000 and rawY:31.860000
DEBUG:root:Forward to the Left/Straight
DEBUG:root:Left=-93.170000 Right=31.860000
DEBUG:root:ScaledLeft: 165.367500 ScaledRight: 446.685000
INFO:root:Looping....
DEBUG:root:This is the line: drive:33.615:-61.31

DEBUG:root:We got command: drive
DEBUG:root:We got a drive command: rawX:-61.310000 and rawY:33.615000
DEBUG:root:Forward to the Left/Straight
DEBUG:root:Left=-94.925000 Right=33.615000
DEBUG:root:ScaledLeft: 161.418750 ScaledRight: 450.633750
INFO:root:Looping....
DEBUG:root:This is the line: drive:35.745:-61.31

DEBUG:root:We got command: drive
DEBUG:root:We got a drive command: rawX:-61.310000 and rawY:35.745000
DEBUG:root:Forward to the Left/Straight
DEBUG:root:Left=-97.055000 Right=35.745000
DEBUG:root:ScaledLeft: 156.626250 ScaledRight: 455.426250
INFO:root:Looping....
DEBUG:root:This is the line: drive:37.497:-60.714

DEBUG:root:We got command: drive
DEBUG:root:We got a drive command: rawX:-60.714000 and rawY:37.497000
DEBUG:root:Forward to the Left/Straight
DEBUG:root:Left=-98.211000 Right=37.497000
DEBUG:root:ScaledLeft: 154.025250 ScaledRight: 459.368250
INFO:root:Looping....
DEBUG:root:This is the line: drive:38.919:-60.417

DEBUG:root:We got command: drive
DEBUG:root:We got a drive command: rawX:-60.417000 and rawY:38.919000
DEBUG:root:Forward to the Left/Straight
DEBUG:root:Left=-99.336000 Right=38.919000
DEBUG:root:ScaledLeft: 151.494000 ScaledRight: 462.567750
INFO:root:Looping....
DEBUG:root:This is the line: drive:41.757:-59.479

DEBUG:root:We got command: drive
DEBUG:root:We got a drive command: rawX:-59.479000 and rawY:41.757000
DEBUG:root:Forward to the Left/Straight
DEBUG:root:Left=-101.236000 Right=41.757000
DEBUG:root:ScaledLeft: 147.219000 ScaledRight: 468.953250
INFO:root:Looping....
DEBUG:root:This is the line: drive:44.191:-59.226

DEBUG:root:We got command: drive
DEBUG:root:We got a drive command: rawX:-59.226000 and rawY:44.191000
DEBUG:root:Forward to the Left/Straight
DEBUG:root:Left=-103.417000 Right=44.191000
DEBUG:root:ScaledLeft: 142.311750 ScaledRight: 474.429750
INFO:root:Looping....
DEBUG:root:This is the line: drive:46.316:-59.226

DEBUG:root:We got command: drive
DEBUG:root:We got a drive command: rawX:-59.226000 and rawY:46.316000
DEBUG:root:Forward to the Left/Straight
DEBUG:root:Left=-105.542000 Right=46.316000
DEBUG:root:ScaledLeft: 137.530500 ScaledRight: 479.211000
INFO:root:Looping....
DEBUG:root:This is the line: drive:48.068:-58.929

DEBUG:root:We got command: drive
DEBUG:root:We got a drive command: rawX:-58.929000 and rawY:48.068000
DEBUG:root:Forward to the Left/Straight
DEBUG:root:Left=-106.997000 Right=48.068000
DEBUG:root:ScaledLeft: 134.256750 ScaledRight: 483.153000
INFO:root:Looping....
DEBUG:root:This is the line: drive:50.195:-58.929

DEBUG:root:We got command: drive
DEBUG:root:We got a drive command: rawX:-58.929000 and rawY:50.195000
DEBUG:root:Forward to the Left/Straight
DEBUG:root:Left=-109.124000 Right=50.195000
DEBUG:root:ScaledLeft: 129.471000 ScaledRight: 487.938750
INFO:root:Looping....
DEBUG:root:This is the line: drive:51.0:-58.929

DEBUG:root:We got command: drive
DEBUG:root:We got a drive command: rawX:-58.929000 and rawY:51.000000
DEBUG:root:Forward to the Left/Straight
DEBUG:root:Left=-109.929000 Right=51.000000
DEBUG:root:ScaledLeft: 127.659750 ScaledRight: 489.750000
INFO:root:Looping....
DEBUG:root:This is the line: drive:51.223:-58.929

DEBUG:root:We got command: drive
DEBUG:root:We got a drive command: rawX:-58.929000 and rawY:51.223000
DEBUG:root:Forward to the Left/Straight
DEBUG:root:Left=-110.152000 Right=51.223000
DEBUG:root:ScaledLeft: 127.158000 ScaledRight: 490.251750
INFO:root:Looping....
DEBUG:root:This is the line: drive:49.761:-58.929

DEBUG:root:We got command: drive
DEBUG:root:We got a drive command: rawX:-58.929000 and rawY:49.761000
DEBUG:root:Forward to the Left/Straight
DEBUG:root:Left=-108.690000 Right=49.761000
DEBUG:root:ScaledLeft: 130.447500 ScaledRight: 486.962250
INFO:root:Looping....
DEBUG:root:This is the line: drive:48.009:-58.929

DEBUG:root:We got command: drive
DEBUG:root:We got a drive command: rawX:-58.929000 and rawY:48.009000
DEBUG:root:Forward to the Left/Straight
DEBUG:root:Left=-106.938000 Right=48.009000
DEBUG:root:ScaledLeft: 134.389500 ScaledRight: 483.020250
INFO:root:Looping....
DEBUG:root:This is the line: drive:44.617:-58.929

DEBUG:root:We got command: drive
DEBUG:root:We got a drive command: rawX:-58.929000 and rawY:44.617000
DEBUG:root:Forward to the Left/Straight
DEBUG:root:Left=-103.546000 Right=44.617000
DEBUG:root:ScaledLeft: 142.021500 ScaledRight: 475.388250
INFO:root:Looping....
DEBUG:root:This is the line: drive:41.135:-58.929

DEBUG:root:We got command: drive
DEBUG:root:We got a drive command: rawX:-58.929000 and rawY:41.135000
DEBUG:root:Forward to the Left/Straight
DEBUG:root:Left=-100.064000 Right=41.135000
DEBUG:root:ScaledLeft: 149.856000 ScaledRight: 467.553750
INFO:root:Looping....
DEBUG:root:This is the line: drive:36.875:-58.929

DEBUG:root:We got command: drive
DEBUG:root:We got a drive command: rawX:-58.929000 and rawY:36.875000
DEBUG:root:Forward to the Left/Straight
DEBUG:root:Left=-95.804000 Right=36.875000
DEBUG:root:ScaledLeft: 159.441000 ScaledRight: 457.968750
INFO:root:Looping....
DEBUG:root:This is the line: drive:32.614:-58.929

DEBUG:root:We got command: drive
DEBUG:root:We got a drive command: rawX:-58.929000 and rawY:32.614000
DEBUG:root:Forward to the Left/Straight
DEBUG:root:Left=-91.543000 Right=32.614000
DEBUG:root:ScaledLeft: 169.028250 ScaledRight: 448.381500
INFO:root:Looping....
DEBUG:root:This is the line: drive:29.552:-58.929

DEBUG:root:We got command: drive
DEBUG:root:We got a drive command: rawX:-58.929000 and rawY:29.552000
DEBUG:root:Forward to the Left/Straight
DEBUG:root:Left=-88.481000 Right=29.552000
DEBUG:root:ScaledLeft: 175.917750 ScaledRight: 441.492000
INFO:root:Looping....
DEBUG:root:This is the line: drive:27.42:-58.929

DEBUG:root:We got command: drive
DEBUG:root:We got a drive command: rawX:-58.929000 and rawY:27.420000
DEBUG:root:Forward to the Left/Straight
DEBUG:root:Left=-86.349000 Right=27.420000
DEBUG:root:ScaledLeft: 180.714750 ScaledRight: 436.695000
INFO:root:Looping....
DEBUG:root:This is the line: drive:25.667:-58.929

DEBUG:root:We got command: drive
DEBUG:root:We got a drive command: rawX:-58.929000 and rawY:25.667000
DEBUG:root:Forward to the Left/Straight
DEBUG:root:Left=-84.596000 Right=25.667000
DEBUG:root:ScaledLeft: 184.659000 ScaledRight: 432.750750
INFO:root:Looping....
DEBUG:root:This is the line: drive:23.537:-58.929

DEBUG:root:We got command: drive
DEBUG:root:We got a drive command: rawX:-58.929000 and rawY:23.537000
DEBUG:root:Forward to the Left/Straight
DEBUG:root:Left=-82.466000 Right=23.537000
DEBUG:root:ScaledLeft: 189.451500 ScaledRight: 427.958250
INFO:root:Looping....
DEBUG:root:This is the line: drive:21.571:-58.929

DEBUG:root:We got command: drive
DEBUG:root:We got a drive command: rawX:-58.929000 and rawY:21.571000
DEBUG:root:Forward to the Left/Straight
DEBUG:root:Left=-80.500000 Right=21.571000
DEBUG:root:ScaledLeft: 193.875000 ScaledRight: 423.534750
INFO:root:Looping....
DEBUG:root:This is the line: drive:19.323:-58.929

DEBUG:root:We got command: drive
DEBUG:root:We got a drive command: rawX:-58.929000 and rawY:19.323000
DEBUG:root:Forward to the Left/Straight
DEBUG:root:Left=-78.252000 Right=19.323000
DEBUG:root:ScaledLeft: 198.933000 ScaledRight: 418.476750
INFO:root:Looping....
DEBUG:root:This is the line: drive:17.915:-58.929

DEBUG:root:We got command: drive
DEBUG:root:We got a drive command: rawX:-58.929000 and rawY:17.915000
DEBUG:root:Forward to the Left/Straight
DEBUG:root:Left=-76.844000 Right=17.915000
DEBUG:root:ScaledLeft: 202.101000 ScaledRight: 415.308750
INFO:root:Looping....
DEBUG:root:This is the line: drive:16.714:-58.929

DEBUG:root:We got command: drive
DEBUG:root:We got a drive command: rawX:-58.929000 and rawY:16.714000
DEBUG:root:Forward to the Left/Straight
DEBUG:root:Left=-75.643000 Right=16.714000
DEBUG:root:ScaledLeft: 204.803250 ScaledRight: 412.606500
INFO:root:Looping....
DEBUG:root:This is the line: drive:16.205:-58.929

DEBUG:root:We got command: drive
DEBUG:root:We got a drive command: rawX:-58.929000 and rawY:16.205000
DEBUG:root:Forward to the Left/Straight
DEBUG:root:Left=-75.134000 Right=16.205000
DEBUG:root:ScaledLeft: 205.948500 ScaledRight: 411.461250
INFO:root:Looping....
DEBUG:root:This is the line: drive:15.038:-58.929

DEBUG:root:We got command: drive
DEBUG:root:We got a drive command: rawX:-58.929000 and rawY:15.038000
DEBUG:root:Forward to the Left/Straight
DEBUG:root:Left=-73.967000 Right=15.038000
DEBUG:root:ScaledLeft: 208.574250 ScaledRight: 408.835500
INFO:root:Looping....
DEBUG:root:This is the line: drive:14.143:-58.929

DEBUG:root:We got command: drive
DEBUG:root:We got a drive command: rawX:-58.929000 and rawY:14.143000
DEBUG:root:Forward to the Left/Straight
DEBUG:root:Left=-73.072000 Right=14.143000
DEBUG:root:ScaledLeft: 210.588000 ScaledRight: 406.821750
INFO:root:Looping....
DEBUG:root:This is the line: drive:13.286:-58.929

DEBUG:root:We got command: drive
DEBUG:root:We got a drive command: rawX:-58.929000 and rawY:13.286000
DEBUG:root:Forward to the Left/Straight
DEBUG:root:Left=-72.215000 Right=13.286000
DEBUG:root:ScaledLeft: 212.516250 ScaledRight: 404.893500
INFO:root:Looping....
DEBUG:root:This is the line: drive:12.143:-58.929

DEBUG:root:We got command: drive
DEBUG:root:We got a drive command: rawX:-58.929000 and rawY:12.143000
DEBUG:root:Forward to the Left/Straight
DEBUG:root:Left=-71.072000 Right=12.143000
DEBUG:root:ScaledLeft: 215.088000 ScaledRight: 402.321750
INFO:root:Looping....
DEBUG:root:This is the line: drive:11.054:-58.929

DEBUG:root:We got command: drive
DEBUG:root:We got a drive command: rawX:-58.929000 and rawY:11.054000
DEBUG:root:Forward to the Left/Straight
DEBUG:root:Left=-69.983000 Right=11.054000
DEBUG:root:ScaledLeft: 217.538250 ScaledRight: 399.871500
INFO:root:Looping....
DEBUG:root:This is the line: drive:10.143:-58.929

DEBUG:root:We got command: drive
DEBUG:root:We got a drive command: rawX:-58.929000 and rawY:10.143000
DEBUG:root:Forward to the Left/Straight
DEBUG:root:Left=-69.072000 Right=10.143000
DEBUG:root:ScaledLeft: 219.588000 ScaledRight: 397.821750
INFO:root:Looping....
DEBUG:root:This is the line: drive:9.352:-58.929

DEBUG:root:We got command: drive
DEBUG:root:We got a drive command: rawX:-58.929000 and rawY:9.352000
DEBUG:root:Forward to the Left/Straight
DEBUG:root:Left=-68.281000 Right=9.352000
DEBUG:root:ScaledLeft: 221.367750 ScaledRight: 396.042000
INFO:root:Looping....
DEBUG:root:This is the line: drive:8.533:-58.929

DEBUG:root:We got command: drive
DEBUG:root:We got a drive command: rawX:-58.929000 and rawY:8.533000
DEBUG:root:Forward to the Left/Straight
DEBUG:root:Left=-67.462000 Right=8.533000
DEBUG:root:ScaledLeft: 223.210500 ScaledRight: 394.199250
INFO:root:Looping....
DEBUG:root:This is the line: drive:7.571:-58.929

DEBUG:root:We got command: drive
DEBUG:root:We got a drive command: rawX:-58.929000 and rawY:7.571000
DEBUG:root:Forward to the Left/Straight
DEBUG:root:Left=-66.500000 Right=7.571000
DEBUG:root:ScaledLeft: 225.375000 ScaledRight: 392.034750
INFO:root:Looping....
DEBUG:root:This is the line: drive:7.134:-58.929

DEBUG:root:We got command: drive
DEBUG:root:We got a drive command: rawX:-58.929000 and rawY:7.134000
DEBUG:root:Forward to the Left/Straight
DEBUG:root:Left=-66.063000 Right=7.134000
DEBUG:root:ScaledLeft: 226.358250 ScaledRight: 391.051500
INFO:root:Looping....
DEBUG:root:This is the line: drive:5.979:-58.929

DEBUG:root:We got command: drive
DEBUG:root:We got a drive command: rawX:-58.929000 and rawY:5.979000
DEBUG:root:Forward to the Left/Straight
DEBUG:root:Left=-64.908000 Right=5.979000
DEBUG:root:ScaledLeft: 228.957000 ScaledRight: 388.452750
INFO:root:Looping....
DEBUG:root:This is the line: drive:5.388:-59.268

DEBUG:root:We got command: drive
DEBUG:root:We got a drive command: rawX:-59.268000 and rawY:5.388000
DEBUG:root:Forward to the Left/Straight
DEBUG:root:Left=-64.656000 Right=5.388000
DEBUG:root:ScaledLeft: 229.524000 ScaledRight: 387.123000
INFO:root:Looping....
DEBUG:root:This is the line: drive:4.244:-59.524

DEBUG:root:We got command: drive
DEBUG:root:We got a drive command: rawX:-59.524000 and rawY:4.244000
DEBUG:root:Forward to the Left/Straight
DEBUG:root:Left=-63.768000 Right=4.244000
DEBUG:root:ScaledLeft: 231.522000 ScaledRight: 384.549000
INFO:root:Looping....
DEBUG:root:This is the line: drive:3.913:-59.821

DEBUG:root:We got command: drive
DEBUG:root:We got a drive command: rawX:-59.821000 and rawY:3.913000
DEBUG:root:Forward to the Left/Straight
DEBUG:root:Left=-63.734000 Right=3.913000
DEBUG:root:ScaledLeft: 231.598500 ScaledRight: 383.804250
INFO:root:Looping....
DEBUG:root:This is the line: drive:3.286:-59.821

DEBUG:root:We got command: drive
DEBUG:root:We got a drive command: rawX:-59.821000 and rawY:3.286000
DEBUG:root:Forward to the Left/Straight
DEBUG:root:Left=-63.107000 Right=3.286000
DEBUG:root:ScaledLeft: 233.009250 ScaledRight: 382.393500
INFO:root:Looping....
DEBUG:root:This is the line: drive:2.769:-60.119

DEBUG:root:We got command: drive
DEBUG:root:We got a drive command: rawX:-60.119000 and rawY:2.769000
DEBUG:root:Forward to the Left/Straight
DEBUG:root:Left=-62.888000 Right=2.769000
DEBUG:root:ScaledLeft: 233.502000 ScaledRight: 381.230250
INFO:root:Looping....
DEBUG:root:This is the line: drive:2.508:-60.119

DEBUG:root:We got command: drive
DEBUG:root:We got a drive command: rawX:-60.119000 and rawY:2.508000
DEBUG:root:Forward to the Left/Straight
DEBUG:root:Left=-62.627000 Right=2.508000
DEBUG:root:ScaledLeft: 234.089250 ScaledRight: 380.643000
INFO:root:Looping....
DEBUG:root:This is the line: drive:1.883:-60.119

DEBUG:root:We got command: drive
DEBUG:root:We got a drive command: rawX:-60.119000 and rawY:1.883000
DEBUG:root:Forward to the Left/Straight
DEBUG:root:Left=-62.002000 Right=1.883000
DEBUG:root:ScaledLeft: 235.495500 ScaledRight: 379.236750
INFO:root:Looping....
DEBUG:root:This is the line: drive:1.714:-60.119

DEBUG:root:We got command: drive
DEBUG:root:We got a drive command: rawX:-60.119000 and rawY:1.714000
DEBUG:root:Forward to the Left/Straight
DEBUG:root:Left=-61.833000 Right=1.714000
DEBUG:root:ScaledLeft: 235.875750 ScaledRight: 378.856500
INFO:root:Looping....
DEBUG:root:This is the line: drive:1.0:-60.119

DEBUG:root:We got command: drive
DEBUG:root:We got a drive command: rawX:-60.119000 and rawY:1.000000
DEBUG:root:Forward to the Left/Straight
DEBUG:root:Left=-61.119000 Right=1.000000
DEBUG:root:ScaledLeft: 237.482250 ScaledRight: 377.250000
INFO:root:Looping....
DEBUG:root:This is the line: drive:0.813:-60.119

DEBUG:root:We got command: drive
DEBUG:root:We got a drive command: rawX:-60.119000 and rawY:0.813000
DEBUG:root:Forward to the Left/Straight
DEBUG:root:Left=-60.932000 Right=0.813000
DEBUG:root:ScaledLeft: 237.903000 ScaledRight: 376.829250
INFO:root:Looping....
DEBUG:root:This is the line: drive:0.143:-60.119

DEBUG:root:We got command: drive
DEBUG:root:We got a drive command: rawX:-60.119000 and rawY:0.143000
DEBUG:root:Forward to the Left/Straight
DEBUG:root:Left=-60.262000 Right=0.143000
DEBUG:root:ScaledLeft: 239.410500 ScaledRight: 375.321750
INFO:root:Looping....
DEBUG:root:This is the line: drive:0:0

DEBUG:root:We got command: drive
DEBUG:root:We got a drive command: rawX:0.000000 and rawY:0.000000
DEBUG:root:Left=0.000000 Right=0.000000
DEBUG:root:ScaledLeft: 375.000000 ScaledRight: 375.000000
INFO:root:Looping....
DEBUG:root:This is the line: drive:-0.588:-60.714

DEBUG:root:We got command: drive
DEBUG:root:We got a drive command: rawX:-60.714000 and rawY:-0.588000
DEBUG:root:Reverse to the Left/Straight
DEBUG:root:Left=-60.126000 Right=-0.588000
DEBUG:root:ScaledLeft: 239.716500 ScaledRight: 373.677000
INFO:root:Looping....
DEBUG:root:This is the line: drive:-1.21:-60.714

DEBUG:root:We got command: drive
DEBUG:root:We got a drive command: rawX:-60.714000 and rawY:-1.210000
DEBUG:root:Reverse to the Left/Straight
DEBUG:root:Left=-59.504000 Right=-1.210000
DEBUG:root:ScaledLeft: 241.116000 ScaledRight: 372.277500
INFO:root:Looping....
DEBUG:root:This is the line: drive:-1.431:-60.714

DEBUG:root:We got command: drive
DEBUG:root:We got a drive command: rawX:-60.714000 and rawY:-1.431000
DEBUG:root:Reverse to the Left/Straight
DEBUG:root:Left=-59.283000 Right=-1.431000
DEBUG:root:ScaledLeft: 241.613250 ScaledRight: 371.780250
INFO:root:Looping....
DEBUG:root:This is the line: drive:-2.069:-61.084

DEBUG:root:We got command: drive
DEBUG:root:We got a drive command: rawX:-61.084000 and rawY:-2.069000
DEBUG:root:Reverse to the Left/Straight
DEBUG:root:Left=-59.015000 Right=-2.069000
DEBUG:root:ScaledLeft: 242.216250 ScaledRight: 370.344750
INFO:root:Looping....
DEBUG:root:This is the line: drive:-2.288:-61.012

DEBUG:root:We got command: drive
DEBUG:root:We got a drive command: rawX:-61.012000 and rawY:-2.288000
DEBUG:root:Reverse to the Left/Straight
DEBUG:root:Left=-58.724000 Right=-2.288000
DEBUG:root:ScaledLeft: 242.871000 ScaledRight: 369.852000
INFO:root:Looping....
DEBUG:root:This is the line: drive:-2.885:-61.012

DEBUG:root:We got command: drive
DEBUG:root:We got a drive command: rawX:-61.012000 and rawY:-2.885000
DEBUG:root:Reverse to the Left/Straight
DEBUG:root:Left=-58.127000 Right=-2.885000
DEBUG:root:ScaledLeft: 244.214250 ScaledRight: 368.508750
INFO:root:Looping....
DEBUG:root:This is the line: drive:-3.147:-61.314

DEBUG:root:We got command: drive
DEBUG:root:We got a drive command: rawX:-61.314000 and rawY:-3.147000
DEBUG:root:Reverse to the Left/Straight
DEBUG:root:Left=-58.167000 Right=-3.147000
DEBUG:root:ScaledLeft: 244.124250 ScaledRight: 367.919250
INFO:root:Looping....
DEBUG:root:This is the line: drive:-3.147:-61.314

DEBUG:root:We got command: drive
DEBUG:root:We got a drive command: rawX:-61.314000 and rawY:-3.147000
DEBUG:root:Reverse to the Left/Straight
DEBUG:root:Left=-58.167000 Right=-3.147000
DEBUG:root:ScaledLeft: 244.124250 ScaledRight: 367.919250
INFO:root:Looping....
DEBUG:root:This is the line: drive:-3.147:-61.314

DEBUG:root:We got command: drive
DEBUG:root:We got a drive command: rawX:-61.314000 and rawY:-3.147000
DEBUG:root:Reverse to the Left/Straight
DEBUG:root:Left=-58.167000 Right=-3.147000
DEBUG:root:ScaledLeft: 244.124250 ScaledRight: 367.919250
INFO:root:Looping....
DEBUG:root:This is the line: drive:-3.147:-61.314

DEBUG:root:We got command: drive
DEBUG:root:We got a drive command: rawX:-61.314000 and rawY:-3.147000
DEBUG:root:Reverse to the Left/Straight
DEBUG:root:Left=-58.167000 Right=-3.147000
DEBUG:root:ScaledLeft: 244.124250 ScaledRight: 367.919250
INFO:root:Looping....
DEBUG:root:This is the line: drive:-3.147:-61.314

DEBUG:root:We got command: drive
DEBUG:root:We got a drive command: rawX:-61.314000 and rawY:-3.147000
DEBUG:root:Reverse to the Left/Straight
DEBUG:root:Left=-58.167000 Right=-3.147000
DEBUG:root:ScaledLeft: 244.124250 ScaledRight: 367.919250
INFO:root:Looping....
DEBUG:root:This is the line: drive:-3.147:-61.314

DEBUG:root:We got command: drive
DEBUG:root:We got a drive command: rawX:-61.314000 and rawY:-3.147000
DEBUG:root:Reverse to the Left/Straight
DEBUG:root:Left=-58.167000 Right=-3.147000
DEBUG:root:ScaledLeft: 244.124250 ScaledRight: 367.919250
INFO:root:Looping....
DEBUG:root:This is the line: drive:-3.147:-61.314

DEBUG:root:We got command: drive
DEBUG:root:We got a drive command: rawX:-61.314000 and rawY:-3.147000
DEBUG:root:Reverse to the Left/Straight
DEBUG:root:Left=-58.167000 Right=-3.147000
DEBUG:root:ScaledLeft: 244.124250 ScaledRight: 367.919250
INFO:root:Looping....
DEBUG:root:This is the line: drive:-3.143:-61.612

DEBUG:root:We got command: drive
DEBUG:root:We got a drive command: rawX:-61.612000 and rawY:-3.143000
DEBUG:root:Reverse to the Left/Straight
DEBUG:root:Left=-58.469000 Right=-3.143000
DEBUG:root:ScaledLeft: 243.444750 ScaledRight: 367.928250
INFO:root:Looping....
DEBUG:root:This is the line: drive:-3.143:-61.932

DEBUG:root:We got command: drive
DEBUG:root:We got a drive command: rawX:-61.932000 and rawY:-3.143000
DEBUG:root:Reverse to the Left/Straight
DEBUG:root:Left=-58.789000 Right=-3.143000
DEBUG:root:ScaledLeft: 242.724750 ScaledRight: 367.928250
INFO:root:Looping....
DEBUG:root:This is the line: drive:-3.143:-62.254

DEBUG:root:We got command: drive
DEBUG:root:We got a drive command: rawX:-62.254000 and rawY:-3.143000
DEBUG:root:Reverse to the Left/Straight
DEBUG:root:Left=-59.111000 Right=-3.143000
DEBUG:root:ScaledLeft: 242.000250 ScaledRight: 367.928250
INFO:root:Looping....
DEBUG:root:This is the line: drive:-3.143:-62.254

DEBUG:root:We got command: drive
DEBUG:root:We got a drive command: rawX:-62.254000 and rawY:-3.143000
DEBUG:root:Reverse to the Left/Straight
DEBUG:root:Left=-59.111000 Right=-3.143000
DEBUG:root:ScaledLeft: 242.000250 ScaledRight: 367.928250
INFO:root:Looping....
DEBUG:root:This is the line: drive:-3.143:-62.254

DEBUG:root:We got command: drive
DEBUG:root:We got a drive command: rawX:-62.254000 and rawY:-3.143000
DEBUG:root:Reverse to the Left/Straight
DEBUG:root:Left=-59.111000 Right=-3.143000
DEBUG:root:ScaledLeft: 242.000250 ScaledRight: 367.928250
INFO:root:Looping....
DEBUG:root:This is the line: drive:-3.143:-62.254

DEBUG:root:We got command: drive
DEBUG:root:We got a drive command: rawX:-62.254000 and rawY:-3.143000
DEBUG:root:Reverse to the Left/Straight
DEBUG:root:Left=-59.111000 Right=-3.143000
DEBUG:root:ScaledLeft: 242.000250 ScaledRight: 367.928250
INFO:root:Looping....
DEBUG:root:This is the line: drive:-3.143:-62.254

DEBUG:root:We got command: drive
DEBUG:root:We got a drive command: rawX:-62.254000 and rawY:-3.143000
DEBUG:root:Reverse to the Left/Straight
DEBUG:root:Left=-59.111000 Right=-3.143000
DEBUG:root:ScaledLeft: 242.000250 ScaledRight: 367.928250
INFO:root:Looping....
DEBUG:root:This is the line: drive:-3.143:-62.254

DEBUG:root:We got command: drive
DEBUG:root:We got a drive command: rawX:-62.254000 and rawY:-3.143000
DEBUG:root:Reverse to the Left/Straight
DEBUG:root:Left=-59.111000 Right=-3.143000
DEBUG:root:ScaledLeft: 242.000250 ScaledRight: 367.928250
INFO:root:Looping....
DEBUG:root:This is the line: drive:-3.143:-62.254

DEBUG:root:We got command: drive
DEBUG:root:We got a drive command: rawX:-62.254000 and rawY:-3.143000
DEBUG:root:Reverse to the Left/Straight
DEBUG:root:Left=-59.111000 Right=-3.143000
DEBUG:root:ScaledLeft: 242.000250 ScaledRight: 367.928250
INFO:root:Looping....
DEBUG:root:This is the line: drive:-3.143:-62.254

DEBUG:root:We got command: drive
DEBUG:root:We got a drive command: rawX:-62.254000 and rawY:-3.143000
DEBUG:root:Reverse to the Left/Straight
DEBUG:root:Left=-59.111000 Right=-3.143000
DEBUG:root:ScaledLeft: 242.000250 ScaledRight: 367.928250
INFO:root:Looping....
DEBUG:root:This is the line: drive:-3.143:-62.254

DEBUG:root:We got command: drive
DEBUG:root:We got a drive command: rawX:-62.254000 and rawY:-3.143000
DEBUG:root:Reverse to the Left/Straight
DEBUG:root:Left=-59.111000 Right=-3.143000
DEBUG:root:ScaledLeft: 242.000250 ScaledRight: 367.928250
INFO:root:Looping....
DEBUG:root:This is the line: drive:-3.143:-62.254

DEBUG:root:We got command: drive
DEBUG:root:We got a drive command: rawX:-62.254000 and rawY:-3.143000
DEBUG:root:Reverse to the Left/Straight
DEBUG:root:Left=-59.111000 Right=-3.143000
DEBUG:root:ScaledLeft: 242.000250 ScaledRight: 367.928250
INFO:root:Looping....
DEBUG:root:This is the line: drive:0:0

DEBUG:root:We got command: drive
DEBUG:root:We got a drive command: rawX:0.000000 and rawY:0.000000
DEBUG:root:Left=0.000000 Right=0.000000
DEBUG:root:ScaledLeft: 375.000000 ScaledRight: 375.000000
INFO:root:Looping....
DEBUG:root:This is the line: drive:-3.143:-61.904

DEBUG:root:We got command: drive
DEBUG:root:We got a drive command: rawX:-61.904000 and rawY:-3.143000
DEBUG:root:Reverse to the Left/Straight
DEBUG:root:Left=-58.761000 Right=-3.143000
DEBUG:root:ScaledLeft: 242.787750 ScaledRight: 367.928250
INFO:root:Looping....
DEBUG:root:This is the line: drive:-3.143:-61.904

DEBUG:root:We got command: drive
DEBUG:root:We got a drive command: rawX:-61.904000 and rawY:-3.143000
DEBUG:root:Reverse to the Left/Straight
DEBUG:root:Left=-58.761000 Right=-3.143000
DEBUG:root:ScaledLeft: 242.787750 ScaledRight: 367.928250
INFO:root:Looping....
DEBUG:root:This is the line: drive:-3.143:-61.904

DEBUG:root:We got command: drive
DEBUG:root:We got a drive command: rawX:-61.904000 and rawY:-3.143000
DEBUG:root:Reverse to the Left/Straight
DEBUG:root:Left=-58.761000 Right=-3.143000
DEBUG:root:ScaledLeft: 242.787750 ScaledRight: 367.928250
INFO:root:Looping....
DEBUG:root:This is the line: drive:59.08:-31.315

DEBUG:root:We got command: drive
DEBUG:root:We got a drive command: rawX:-31.315000 and rawY:59.080000
DEBUG:root:Forward to the Left/Straight
DEBUG:root:Left=-90.395000 Right=59.080000
DEBUG:root:ScaledLeft: 171.611250 ScaledRight: 507.930000
INFO:root:Looping....
DEBUG:root:This is the line: drive:56.843:-33.645

DEBUG:root:We got command: drive
DEBUG:root:We got a drive command: rawX:-33.645000 and rawY:56.843000
DEBUG:root:Forward to the Left/Straight
DEBUG:root:Left=-90.488000 Right=56.843000
DEBUG:root:ScaledLeft: 171.402000 ScaledRight: 502.896750
INFO:root:Looping....
DEBUG:root:This is the line: drive:54.6:-37.173

DEBUG:root:We got command: drive
DEBUG:root:We got a drive command: rawX:-37.173000 and rawY:54.600000
DEBUG:root:Forward to the Left/Straight
DEBUG:root:Left=-91.773000 Right=54.600000
DEBUG:root:ScaledLeft: 168.510750 ScaledRight: 497.850000
INFO:root:Looping....
DEBUG:root:This is the line: drive:53.143:-39.083

DEBUG:root:We got command: drive
DEBUG:root:We got a drive command: rawX:-39.083000 and rawY:53.143000
DEBUG:root:Forward to the Left/Straight
DEBUG:root:Left=-92.226000 Right=53.143000
DEBUG:root:ScaledLeft: 167.491500 ScaledRight: 494.571750
INFO:root:Looping....
DEBUG:root:This is the line: drive:51.095:-42.065

DEBUG:root:We got command: drive
DEBUG:root:We got a drive command: rawX:-42.065000 and rawY:51.095000
DEBUG:root:Forward to the Left/Straight
DEBUG:root:Left=-93.160000 Right=51.095000
DEBUG:root:ScaledLeft: 165.390000 ScaledRight: 489.963750
INFO:root:Looping....
DEBUG:root:This is the line: drive:49.714:-45.576

DEBUG:root:We got command: drive
DEBUG:root:We got a drive command: rawX:-45.576000 and rawY:49.714000
DEBUG:root:Forward to the Left/Straight
DEBUG:root:Left=-95.290000 Right=49.714000
DEBUG:root:ScaledLeft: 160.597500 ScaledRight: 486.856500
INFO:root:Looping....
DEBUG:root:This is the line: drive:49.597:-49.055

DEBUG:root:We got command: drive
DEBUG:root:We got a drive command: rawX:-49.055000 and rawY:49.597000
DEBUG:root:Forward to the Left/Straight
DEBUG:root:Left=-98.652000 Right=49.597000
DEBUG:root:ScaledLeft: 153.033000 ScaledRight: 486.593250
INFO:root:Looping....
DEBUG:root:This is the line: drive:48.305:-52.936

DEBUG:root:We got command: drive
DEBUG:root:We got a drive command: rawX:-52.936000 and rawY:48.305000
DEBUG:root:Forward to the Left/Straight
DEBUG:root:Left=-101.241000 Right=48.305000
DEBUG:root:ScaledLeft: 147.207750 ScaledRight: 483.686250
INFO:root:Looping....
DEBUG:root:This is the line: drive:48.0:-56.456

DEBUG:root:We got command: drive
DEBUG:root:We got a drive command: rawX:-56.456000 and rawY:48.000000
DEBUG:root:Forward to the Left/Straight
DEBUG:root:Left=-104.456000 Right=48.000000
DEBUG:root:ScaledLeft: 139.974000 ScaledRight: 483.000000
INFO:root:Looping....
DEBUG:root:This is the line: drive:47.848:-58.789

DEBUG:root:We got command: drive
DEBUG:root:We got a drive command: rawX:-58.789000 and rawY:47.848000
DEBUG:root:Forward to the Left/Straight
DEBUG:root:Left=-106.637000 Right=47.848000
DEBUG:root:ScaledLeft: 135.066750 ScaledRight: 482.658000
INFO:root:Looping....
DEBUG:root:This is the line: drive:47.714:-60.67

DEBUG:root:We got command: drive
DEBUG:root:We got a drive command: rawX:-60.670000 and rawY:47.714000
DEBUG:root:Forward to the Left/Straight
DEBUG:root:Left=-108.384000 Right=47.714000
DEBUG:root:ScaledLeft: 131.136000 ScaledRight: 482.356500
INFO:root:Looping....
DEBUG:root:This is the line: drive:46.439:-63.393

DEBUG:root:We got command: drive
DEBUG:root:We got a drive command: rawX:-63.393000 and rawY:46.439000
DEBUG:root:Forward to the Left/Straight
DEBUG:root:Left=-109.832000 Right=46.439000
DEBUG:root:ScaledLeft: 127.878000 ScaledRight: 479.487750
INFO:root:Looping....
DEBUG:root:This is the line: drive:46.286:-64.035

DEBUG:root:We got command: drive
DEBUG:root:We got a drive command: rawX:-64.035000 and rawY:46.286000
DEBUG:root:Forward to the Left/Straight
DEBUG:root:Left=-110.321000 Right=46.286000
DEBUG:root:ScaledLeft: 126.777750 ScaledRight: 479.143500
INFO:root:Looping....
DEBUG:root:This is the line: drive:46.286:-64.65

DEBUG:root:We got command: drive
DEBUG:root:We got a drive command: rawX:-64.650000 and rawY:46.286000
DEBUG:root:Forward to the Left/Straight
DEBUG:root:Left=-110.936000 Right=46.286000
DEBUG:root:ScaledLeft: 125.394000 ScaledRight: 479.143500
INFO:root:Looping....
DEBUG:root:This is the line: drive:46.286:-65.923

DEBUG:root:We got command: drive
DEBUG:root:We got a drive command: rawX:-65.923000 and rawY:46.286000
DEBUG:root:Forward to the Left/Straight
DEBUG:root:Left=-112.209000 Right=46.286000
DEBUG:root:ScaledLeft: 122.529750 ScaledRight: 479.143500
INFO:root:Looping....
DEBUG:root:This is the line: drive:46.286:-66.539

DEBUG:root:We got command: drive
DEBUG:root:We got a drive command: rawX:-66.539000 and rawY:46.286000
DEBUG:root:Forward to the Left/Straight
DEBUG:root:Left=-112.825000 Right=46.286000
DEBUG:root:ScaledLeft: 121.143750 ScaledRight: 479.143500
INFO:root:Looping....
DEBUG:root:This is the line: drive:46.286:-67.925

DEBUG:root:We got command: drive
DEBUG:root:We got a drive command: rawX:-67.925000 and rawY:46.286000
DEBUG:root:Forward to the Left/Straight
DEBUG:root:Left=-114.211000 Right=46.286000
DEBUG:root:ScaledLeft: 118.025250 ScaledRight: 479.143500
INFO:root:Looping....
DEBUG:root:This is the line: drive:46.286:-69.899

DEBUG:root:We got command: drive
DEBUG:root:We got a drive command: rawX:-69.899000 and rawY:46.286000
DEBUG:root:Forward to the Left/Straight
DEBUG:root:Left=-116.185000 Right=46.286000
DEBUG:root:ScaledLeft: 113.583750 ScaledRight: 479.143500
INFO:root:Looping....
DEBUG:root:This is the line: drive:46.286:-70.881

DEBUG:root:We got command: drive
DEBUG:root:We got a drive command: rawX:-70.881000 and rawY:46.286000
DEBUG:root:Forward to the Left/Straight
DEBUG:root:Left=-117.167000 Right=46.286000
DEBUG:root:ScaledLeft: 111.374250 ScaledRight: 479.143500
INFO:root:Looping....
DEBUG:root:This is the line: drive:46.286:-71.577

DEBUG:root:We got command: drive
DEBUG:root:We got a drive command: rawX:-71.577000 and rawY:46.286000
DEBUG:root:Forward to the Left/Straight
DEBUG:root:Left=-117.863000 Right=46.286000
DEBUG:root:ScaledLeft: 109.808250 ScaledRight: 479.143500
INFO:root:Looping....
DEBUG:root:This is the line: drive:46.286:-72.173

DEBUG:root:We got command: drive
DEBUG:root:We got a drive command: rawX:-72.173000 and rawY:46.286000
DEBUG:root:Forward to the Left/Straight
DEBUG:root:Left=-118.459000 Right=46.286000
DEBUG:root:ScaledLeft: 108.467250 ScaledRight: 479.143500
INFO:root:Looping....
DEBUG:root:This is the line: drive:46.286:-73.661

DEBUG:root:We got command: drive
DEBUG:root:We got a drive command: rawX:-73.661000 and rawY:46.286000
DEBUG:root:Forward to the Left/Straight
DEBUG:root:Left=-119.947000 Right=46.286000
DEBUG:root:ScaledLeft: 105.119250 ScaledRight: 479.143500
INFO:root:Looping....
DEBUG:root:This is the line: drive:46.286:-74.423

DEBUG:root:We got command: drive
DEBUG:root:We got a drive command: rawX:-74.423000 and rawY:46.286000
DEBUG:root:Forward to the Left/Straight
DEBUG:root:Left=-120.709000 Right=46.286000
DEBUG:root:ScaledLeft: 103.404750 ScaledRight: 479.143500
INFO:root:Looping....
DEBUG:root:This is the line: drive:46.286:-75.917

DEBUG:root:We got command: drive
DEBUG:root:We got a drive command: rawX:-75.917000 and rawY:46.286000
DEBUG:root:Forward to the Left/Straight
DEBUG:root:Left=-122.203000 Right=46.286000
DEBUG:root:ScaledLeft: 100.043250 ScaledRight: 479.143500
INFO:root:Looping....
DEBUG:root:This is the line: drive:46.286:-77.184

DEBUG:root:We got command: drive
DEBUG:root:We got a drive command: rawX:-77.184000 and rawY:46.286000
DEBUG:root:Forward to the Left/Straight
DEBUG:root:Left=-123.470000 Right=46.286000
DEBUG:root:ScaledLeft: 97.192500 ScaledRight: 479.143500
INFO:root:Looping....
DEBUG:root:This is the line: drive:46.286:-77.396

DEBUG:root:We got command: drive
DEBUG:root:We got a drive command: rawX:-77.396000 and rawY:46.286000
DEBUG:root:Forward to the Left/Straight
DEBUG:root:Left=-123.682000 Right=46.286000
DEBUG:root:ScaledLeft: 96.715500 ScaledRight: 479.143500
INFO:root:Looping....
DEBUG:root:This is the line: drive:46.286:-78.041

DEBUG:root:We got command: drive
DEBUG:root:We got a drive command: rawX:-78.041000 and rawY:46.286000
DEBUG:root:Forward to the Left/Straight
DEBUG:root:Left=-124.327000 Right=46.286000
DEBUG:root:ScaledLeft: 95.264250 ScaledRight: 479.143500
INFO:root:Looping....
DEBUG:root:This is the line: drive:45.483:-78.217

DEBUG:root:We got command: drive
DEBUG:root:We got a drive command: rawX:-78.217000 and rawY:45.483000
DEBUG:root:Forward to the Left/Straight
DEBUG:root:Left=-123.700000 Right=45.483000
DEBUG:root:ScaledLeft: 96.675000 ScaledRight: 477.336750
INFO:root:Looping....
DEBUG:root:This is the line: drive:43.951:-78.92

DEBUG:root:We got command: drive
DEBUG:root:We got a drive command: rawX:-78.920000 and rawY:43.951000
DEBUG:root:Forward to the Left/Straight
DEBUG:root:Left=-122.871000 Right=43.951000
DEBUG:root:ScaledLeft: 98.540250 ScaledRight: 473.889750
INFO:root:Looping....
DEBUG:root:This is the line: drive:42.143:-78.869

DEBUG:root:We got command: drive
DEBUG:root:We got a drive command: rawX:-78.869000 and rawY:42.143000
DEBUG:root:Forward to the Left/Straight
DEBUG:root:Left=-121.012000 Right=42.143000
DEBUG:root:ScaledLeft: 102.723000 ScaledRight: 469.821750
INFO:root:Looping....
DEBUG:root:This is the line: drive:39.427:-78.869

DEBUG:root:We got command: drive
DEBUG:root:We got a drive command: rawX:-78.869000 and rawY:39.427000
DEBUG:root:Forward to the Left/Straight
DEBUG:root:Left=-118.296000 Right=39.427000
DEBUG:root:ScaledLeft: 108.834000 ScaledRight: 463.710750
INFO:root:Looping....
DEBUG:root:This is the line: drive:38.475:-79.167

DEBUG:root:We got command: drive
DEBUG:root:We got a drive command: rawX:-79.167000 and rawY:38.475000
DEBUG:root:Forward to the Left/Straight
DEBUG:root:Left=-117.642000 Right=38.475000
DEBUG:root:ScaledLeft: 110.305500 ScaledRight: 461.568750
INFO:root:Looping....
DEBUG:root:This is the line: drive:36.465:-79.464

DEBUG:root:We got command: drive
DEBUG:root:We got a drive command: rawX:-79.464000 and rawY:36.465000
DEBUG:root:Forward to the Left/Straight
DEBUG:root:Left=-115.929000 Right=36.465000
DEBUG:root:ScaledLeft: 114.159750 ScaledRight: 457.046250
INFO:root:Looping....
DEBUG:root:This is the line: drive:34.185:-79.464

DEBUG:root:We got command: drive
DEBUG:root:We got a drive command: rawX:-79.464000 and rawY:34.185000
DEBUG:root:Forward to the Left/Straight
DEBUG:root:Left=-113.649000 Right=34.185000
DEBUG:root:ScaledLeft: 119.289750 ScaledRight: 451.916250
INFO:root:Looping....
DEBUG:root:This is the line: drive:32.32:-80.321

DEBUG:root:We got command: drive
DEBUG:root:We got a drive command: rawX:-80.321000 and rawY:32.320000
DEBUG:root:Forward to the Left/Straight
DEBUG:root:Left=-112.641000 Right=32.320000
DEBUG:root:ScaledLeft: 121.557750 ScaledRight: 447.720000
INFO:root:Looping....
DEBUG:root:This is the line: drive:30.101:-80.655

DEBUG:root:We got command: drive
DEBUG:root:We got a drive command: rawX:-80.655000 and rawY:30.101000
DEBUG:root:Forward to the Left/Straight
DEBUG:root:Left=-110.756000 Right=30.101000
DEBUG:root:ScaledLeft: 125.799000 ScaledRight: 442.727250
INFO:root:Looping....
DEBUG:root:This is the line: drive:29.7:-80.655

DEBUG:root:We got command: drive
DEBUG:root:We got a drive command: rawX:-80.655000 and rawY:29.700000
DEBUG:root:Forward to the Left/Straight
DEBUG:root:Left=-110.355000 Right=29.700000
DEBUG:root:ScaledLeft: 126.701250 ScaledRight: 441.825000
INFO:root:Looping....
DEBUG:root:This is the line: drive:29.714:-81.27

DEBUG:root:We got command: drive
DEBUG:root:We got a drive command: rawX:-81.270000 and rawY:29.714000
DEBUG:root:Forward to the Left/Straight
DEBUG:root:Left=-110.984000 Right=29.714000
DEBUG:root:ScaledLeft: 125.286000 ScaledRight: 441.856500
INFO:root:Looping....
DEBUG:root:This is the line: drive:29.714:-81.557

DEBUG:root:We got command: drive
DEBUG:root:We got a drive command: rawX:-81.557000 and rawY:29.714000
DEBUG:root:Forward to the Left/Straight
DEBUG:root:Left=-111.271000 Right=29.714000
DEBUG:root:ScaledLeft: 124.640250 ScaledRight: 441.856500
INFO:root:Looping....
DEBUG:root:This is the line: drive:30.03:-82.472

DEBUG:root:We got command: drive
DEBUG:root:We got a drive command: rawX:-82.472000 and rawY:30.030000
DEBUG:root:Forward to the Left/Straight
DEBUG:root:Left=-112.502000 Right=30.030000
DEBUG:root:ScaledLeft: 121.870500 ScaledRight: 442.567500
INFO:root:Looping....
DEBUG:root:This is the line: drive:32.003:-82.44

DEBUG:root:We got command: drive
DEBUG:root:We got a drive command: rawX:-82.440000 and rawY:32.003000
DEBUG:root:Forward to the Left/Straight
DEBUG:root:Left=-114.443000 Right=32.003000
DEBUG:root:ScaledLeft: 117.503250 ScaledRight: 447.006750
INFO:root:Looping....
DEBUG:root:This is the line: drive:33.833:-83.036

DEBUG:root:We got command: drive
DEBUG:root:We got a drive command: rawX:-83.036000 and rawY:33.833000
DEBUG:root:Forward to the Left/Straight
DEBUG:root:Left=-116.869000 Right=33.833000
DEBUG:root:ScaledLeft: 112.044750 ScaledRight: 451.124250
INFO:root:Looping....
DEBUG:root:This is the line: drive:36.015:-83.333

DEBUG:root:We got command: drive
DEBUG:root:We got a drive command: rawX:-83.333000 and rawY:36.015000
DEBUG:root:Forward to the Left/Straight
DEBUG:root:Left=-119.348000 Right=36.015000
DEBUG:root:ScaledLeft: 106.467000 ScaledRight: 456.033750
INFO:root:Looping....
DEBUG:root:This is the line: drive:38.429:-83.333

DEBUG:root:We got command: drive
DEBUG:root:We got a drive command: rawX:-83.333000 and rawY:38.429000
DEBUG:root:Forward to the Left/Straight
DEBUG:root:Left=-121.762000 Right=38.429000
DEBUG:root:ScaledLeft: 101.035500 ScaledRight: 461.465250
INFO:root:Looping....
DEBUG:root:This is the line: drive:38.594:-83.333

DEBUG:root:We got command: drive
DEBUG:root:We got a drive command: rawX:-83.333000 and rawY:38.594000
DEBUG:root:Forward to the Left/Straight
DEBUG:root:Left=-121.927000 Right=38.594000
DEBUG:root:ScaledLeft: 100.664250 ScaledRight: 461.836500
INFO:root:Looping....
DEBUG:root:This is the line: drive:38.594:-83.333

DEBUG:root:We got command: drive
DEBUG:root:We got a drive command: rawX:-83.333000 and rawY:38.594000
DEBUG:root:Forward to the Left/Straight
DEBUG:root:Left=-121.927000 Right=38.594000
DEBUG:root:ScaledLeft: 100.664250 ScaledRight: 461.836500
INFO:root:Looping....
DEBUG:root:This is the line: drive:38.857:-83.683

DEBUG:root:We got command: drive
DEBUG:root:We got a drive command: rawX:-83.683000 and rawY:38.857000
DEBUG:root:Forward to the Left/Straight
DEBUG:root:Left=-122.540000 Right=38.857000
DEBUG:root:ScaledLeft: 99.285000 ScaledRight: 462.428250
INFO:root:Looping....
DEBUG:root:This is the line: drive:39.208:-83.631

DEBUG:root:We got command: drive
DEBUG:root:We got a drive command: rawX:-83.631000 and rawY:39.208000
DEBUG:root:Forward to the Left/Straight
DEBUG:root:Left=-122.839000 Right=39.208000
DEBUG:root:ScaledLeft: 98.612250 ScaledRight: 463.218000
INFO:root:Looping....
DEBUG:root:This is the line: drive:39.208:-83.631

DEBUG:root:We got command: drive
DEBUG:root:We got a drive command: rawX:-83.631000 and rawY:39.208000
DEBUG:root:Forward to the Left/Straight
DEBUG:root:Left=-122.839000 Right=39.208000
DEBUG:root:ScaledLeft: 98.612250 ScaledRight: 463.218000
INFO:root:Looping....
DEBUG:root:This is the line: drive:39.208:-83.631

DEBUG:root:We got command: drive
DEBUG:root:We got a drive command: rawX:-83.631000 and rawY:39.208000
DEBUG:root:Forward to the Left/Straight
DEBUG:root:Left=-122.839000 Right=39.208000
DEBUG:root:ScaledLeft: 98.612250 ScaledRight: 463.218000
INFO:root:Looping....
DEBUG:root:This is the line: drive:39.442:-83.631

DEBUG:root:We got command: drive
DEBUG:root:We got a drive command: rawX:-83.631000 and rawY:39.442000
DEBUG:root:Forward to the Left/Straight
DEBUG:root:Left=-123.073000 Right=39.442000
DEBUG:root:ScaledLeft: 98.085750 ScaledRight: 463.744500
INFO:root:Looping....
DEBUG:root:This is the line: drive:39.442:-83.631

DEBUG:root:We got command: drive
DEBUG:root:We got a drive command: rawX:-83.631000 and rawY:39.442000
DEBUG:root:Forward to the Left/Straight
DEBUG:root:Left=-123.073000 Right=39.442000
DEBUG:root:ScaledLeft: 98.085750 ScaledRight: 463.744500
INFO:root:Looping....
DEBUG:root:This is the line: drive:39.737:-83.631

DEBUG:root:We got command: drive
DEBUG:root:We got a drive command: rawX:-83.631000 and rawY:39.737000
DEBUG:root:Forward to the Left/Straight
DEBUG:root:Left=-123.368000 Right=39.737000
DEBUG:root:ScaledLeft: 97.422000 ScaledRight: 464.408250
INFO:root:Looping....
DEBUG:root:This is the line: drive:40.0:-84.065

DEBUG:root:We got command: drive
DEBUG:root:We got a drive command: rawX:-84.065000 and rawY:40.000000
DEBUG:root:Forward to the Left/Straight
DEBUG:root:Left=-124.065000 Right=40.000000
DEBUG:root:ScaledLeft: 95.853750 ScaledRight: 465.000000
INFO:root:Looping....
DEBUG:root:This is the line: drive:40.29:-83.929

DEBUG:root:We got command: drive
DEBUG:root:We got a drive command: rawX:-83.929000 and rawY:40.290000
DEBUG:root:Forward to the Left/Straight
DEBUG:root:Left=-124.219000 Right=40.290000
DEBUG:root:ScaledLeft: 95.507250 ScaledRight: 465.652500
INFO:root:Looping....
DEBUG:root:This is the line: drive:40.95:-83.929

DEBUG:root:We got command: drive
DEBUG:root:We got a drive command: rawX:-83.929000 and rawY:40.950000
DEBUG:root:Forward to the Left/Straight
DEBUG:root:Left=-124.879000 Right=40.950000
DEBUG:root:ScaledLeft: 94.022250 ScaledRight: 467.137500
INFO:root:Looping....
DEBUG:root:This is the line: drive:41.571:-84.226

DEBUG:root:We got command: drive
DEBUG:root:We got a drive command: rawX:-84.226000 and rawY:41.571000
DEBUG:root:Forward to the Left/Straight
DEBUG:root:Left=-125.797000 Right=41.571000
DEBUG:root:ScaledLeft: 91.956750 ScaledRight: 468.534750
INFO:root:Looping....
DEBUG:root:This is the line: drive:41.764:-84.226

DEBUG:root:We got command: drive
DEBUG:root:We got a drive command: rawX:-84.226000 and rawY:41.764000
DEBUG:root:Forward to the Left/Straight
DEBUG:root:Left=-125.990000 Right=41.764000
DEBUG:root:ScaledLeft: 91.522500 ScaledRight: 468.969000
INFO:root:Looping....
DEBUG:root:This is the line: drive:43.0:-84.226

DEBUG:root:We got command: drive
DEBUG:root:We got a drive command: rawX:-84.226000 and rawY:43.000000
DEBUG:root:Forward to the Left/Straight
DEBUG:root:Left=-127.226000 Right=43.000000
DEBUG:root:ScaledLeft: 88.741500 ScaledRight: 471.750000
INFO:root:Looping....
DEBUG:root:This is the line: drive:43.486:-84.226

DEBUG:root:We got command: drive
DEBUG:root:We got a drive command: rawX:-84.226000 and rawY:43.486000
DEBUG:root:Forward to the Left/Straight
DEBUG:root:Left=-127.712000 Right=43.486000
DEBUG:root:ScaledLeft: 87.648000 ScaledRight: 472.843500
INFO:root:Looping....
DEBUG:root:This is the line: drive:44.497:-84.226

DEBUG:root:We got command: drive
DEBUG:root:We got a drive command: rawX:-84.226000 and rawY:44.497000
DEBUG:root:Forward to the Left/Straight
DEBUG:root:Left=-128.723000 Right=44.497000
DEBUG:root:ScaledLeft: 85.373250 ScaledRight: 475.118250
INFO:root:Looping....
DEBUG:root:This is the line: drive:44.906:-84.226

DEBUG:root:We got command: drive
DEBUG:root:We got a drive command: rawX:-84.226000 and rawY:44.906000
DEBUG:root:Forward to the Left/Straight
DEBUG:root:Left=-129.132000 Right=44.906000
DEBUG:root:ScaledLeft: 84.453000 ScaledRight: 476.038500
INFO:root:Looping....
DEBUG:root:This is the line: drive:45.723:-84.533

DEBUG:root:We got command: drive
DEBUG:root:We got a drive command: rawX:-84.533000 and rawY:45.723000
DEBUG:root:Forward to the Left/Straight
DEBUG:root:Left=-130.256000 Right=45.723000
DEBUG:root:ScaledLeft: 81.924000 ScaledRight: 477.876750
INFO:root:Looping....
DEBUG:root:This is the line: drive:46.123:-84.524

DEBUG:root:We got command: drive
DEBUG:root:We got a drive command: rawX:-84.524000 and rawY:46.123000
DEBUG:root:Forward to the Left/Straight
DEBUG:root:Left=-130.647000 Right=46.123000
DEBUG:root:ScaledLeft: 81.044250 ScaledRight: 478.776750
INFO:root:Looping....
DEBUG:root:This is the line: drive:46.123:-84.524

DEBUG:root:We got command: drive
DEBUG:root:We got a drive command: rawX:-84.524000 and rawY:46.123000
DEBUG:root:Forward to the Left/Straight
DEBUG:root:Left=-130.647000 Right=46.123000
DEBUG:root:ScaledLeft: 81.044250 ScaledRight: 478.776750
INFO:root:Looping....
DEBUG:root:This is the line: drive:45.17:-84.524

DEBUG:root:We got command: drive
DEBUG:root:We got a drive command: rawX:-84.524000 and rawY:45.170000
DEBUG:root:Forward to the Left/Straight
DEBUG:root:Left=-129.694000 Right=45.170000
DEBUG:root:ScaledLeft: 83.188500 ScaledRight: 476.632500
INFO:root:Looping....
DEBUG:root:This is the line: drive:43.727:-84.524

DEBUG:root:We got command: drive
DEBUG:root:We got a drive command: rawX:-84.524000 and rawY:43.727000
DEBUG:root:Forward to the Left/Straight
DEBUG:root:Left=-128.251000 Right=43.727000
DEBUG:root:ScaledLeft: 86.435250 ScaledRight: 473.385750
INFO:root:Looping....
DEBUG:root:This is the line: drive:40.4:-84.524

DEBUG:root:We got command: drive
DEBUG:root:We got a drive command: rawX:-84.524000 and rawY:40.400000
DEBUG:root:Forward to the Left/Straight
DEBUG:root:Left=-124.924000 Right=40.400000
DEBUG:root:ScaledLeft: 93.921000 ScaledRight: 465.900000
INFO:root:Looping....
DEBUG:root:This is the line: drive:38.156:-84.524

DEBUG:root:We got command: drive
DEBUG:root:We got a drive command: rawX:-84.524000 and rawY:38.156000
DEBUG:root:Forward to the Left/Straight
DEBUG:root:Left=-122.680000 Right=38.156000
DEBUG:root:ScaledLeft: 98.970000 ScaledRight: 460.851000
INFO:root:Looping....
DEBUG:root:This is the line: drive:36.32:-84.524

DEBUG:root:We got command: drive
DEBUG:root:We got a drive command: rawX:-84.524000 and rawY:36.320000
DEBUG:root:Forward to the Left/Straight
DEBUG:root:Left=-120.844000 Right=36.320000
DEBUG:root:ScaledLeft: 103.101000 ScaledRight: 456.720000
INFO:root:Looping....
DEBUG:root:This is the line: drive:33.22:-84.524

DEBUG:root:We got command: drive
DEBUG:root:We got a drive command: rawX:-84.524000 and rawY:33.220000
DEBUG:root:Forward to the Left/Straight
DEBUG:root:Left=-117.744000 Right=33.220000
DEBUG:root:ScaledLeft: 110.076000 ScaledRight: 449.745000
INFO:root:Looping....
DEBUG:root:This is the line: drive:30.429:-84.524

DEBUG:root:We got command: drive
DEBUG:root:We got a drive command: rawX:-84.524000 and rawY:30.429000
DEBUG:root:Forward to the Left/Straight
DEBUG:root:Left=-114.953000 Right=30.429000
DEBUG:root:ScaledLeft: 116.355750 ScaledRight: 443.465250
INFO:root:Looping....
DEBUG:root:This is the line: drive:28.352:-85.348

DEBUG:root:We got command: drive
DEBUG:root:We got a drive command: rawX:-85.348000 and rawY:28.352000
DEBUG:root:Forward to the Left/Straight
DEBUG:root:Left=-113.700000 Right=28.352000
DEBUG:root:ScaledLeft: 119.175000 ScaledRight: 438.792000
INFO:root:Looping....
DEBUG:root:This is the line: drive:26.173:-85.832

DEBUG:root:We got command: drive
DEBUG:root:We got a drive command: rawX:-85.832000 and rawY:26.173000
DEBUG:root:Forward to the Left/Straight
DEBUG:root:Left=-112.005000 Right=26.173000
DEBUG:root:ScaledLeft: 122.988750 ScaledRight: 433.889250
INFO:root:Looping....
DEBUG:root:This is the line: drive:24.343:-86.31

DEBUG:root:We got command: drive
DEBUG:root:We got a drive command: rawX:-86.310000 and rawY:24.343000
DEBUG:root:Forward to the Left/Straight
DEBUG:root:Left=-110.653000 Right=24.343000
DEBUG:root:ScaledLeft: 126.030750 ScaledRight: 429.771750
INFO:root:Looping....
DEBUG:root:This is the line: drive:21.356:-86.981

DEBUG:root:We got command: drive
DEBUG:root:We got a drive command: rawX:-86.981000 and rawY:21.356000
DEBUG:root:Forward to the Left/Straight
DEBUG:root:Left=-108.337000 Right=21.356000
DEBUG:root:ScaledLeft: 131.241750 ScaledRight: 423.051000
INFO:root:Looping....
DEBUG:root:This is the line: drive:19.036:-87.202

DEBUG:root:We got command: drive
DEBUG:root:We got a drive command: rawX:-87.202000 and rawY:19.036000
DEBUG:root:Forward to the Left/Straight
DEBUG:root:Left=-106.238000 Right=19.036000
DEBUG:root:ScaledLeft: 135.964500 ScaledRight: 417.831000
INFO:root:Looping....
DEBUG:root:This is the line: drive:15.564:-87.202

DEBUG:root:We got command: drive
DEBUG:root:We got a drive command: rawX:-87.202000 and rawY:15.564000
DEBUG:root:Forward to the Left/Straight
DEBUG:root:Left=-102.766000 Right=15.564000
DEBUG:root:ScaledLeft: 143.776500 ScaledRight: 410.019000
INFO:root:Looping....
DEBUG:root:This is the line: drive:13.44:-87.202

DEBUG:root:We got command: drive
DEBUG:root:We got a drive command: rawX:-87.202000 and rawY:13.440000
DEBUG:root:Forward to the Left/Straight
DEBUG:root:Left=-100.642000 Right=13.440000
DEBUG:root:ScaledLeft: 148.555500 ScaledRight: 405.240000
INFO:root:Looping....
DEBUG:root:This is the line: drive:10.731:-87.202

DEBUG:root:We got command: drive
DEBUG:root:We got a drive command: rawX:-87.202000 and rawY:10.731000
DEBUG:root:Forward to the Left/Straight
DEBUG:root:Left=-97.933000 Right=10.731000
DEBUG:root:ScaledLeft: 154.650750 ScaledRight: 399.144750
INFO:root:Looping....
DEBUG:root:This is the line: drive:8.575:-87.202

DEBUG:root:We got command: drive
DEBUG:root:We got a drive command: rawX:-87.202000 and rawY:8.575000
DEBUG:root:Forward to the Left/Straight
DEBUG:root:Left=-95.777000 Right=8.575000
DEBUG:root:ScaledLeft: 159.501750 ScaledRight: 394.293750
INFO:root:Looping....
DEBUG:root:This is the line: drive:6.024:-87.202

DEBUG:root:We got command: drive
DEBUG:root:We got a drive command: rawX:-87.202000 and rawY:6.024000
DEBUG:root:Forward to the Left/Straight
DEBUG:root:Left=-93.226000 Right=6.024000
DEBUG:root:ScaledLeft: 165.241500 ScaledRight: 388.554000
INFO:root:Looping....
DEBUG:root:This is the line: drive:3.771:-87.202

DEBUG:root:We got command: drive
DEBUG:root:We got a drive command: rawX:-87.202000 and rawY:3.771000
DEBUG:root:Forward to the Left/Straight
DEBUG:root:Left=-90.973000 Right=3.771000
DEBUG:root:ScaledLeft: 170.310750 ScaledRight: 383.484750
INFO:root:Looping....
DEBUG:root:This is the line: drive:1.939:-87.202

DEBUG:root:We got command: drive
DEBUG:root:We got a drive command: rawX:-87.202000 and rawY:1.939000
DEBUG:root:Forward to the Left/Straight
DEBUG:root:Left=-89.141000 Right=1.939000
DEBUG:root:ScaledLeft: 174.432750 ScaledRight: 379.362750
INFO:root:Looping....
DEBUG:root:This is the line: drive:-0.305:-87.202

DEBUG:root:We got command: drive
DEBUG:root:We got a drive command: rawX:-87.202000 and rawY:-0.305000
DEBUG:root:Reverse to the Left/Straight
DEBUG:root:Left=-86.897000 Right=-0.305000
DEBUG:root:ScaledLeft: 179.481750 ScaledRight: 374.313750
INFO:root:Looping....
DEBUG:root:This is the line: drive:-2.138:-87.202

DEBUG:root:We got command: drive
DEBUG:root:We got a drive command: rawX:-87.202000 and rawY:-2.138000
DEBUG:root:Reverse to the Left/Straight
DEBUG:root:Left=-85.064000 Right=-2.138000
DEBUG:root:ScaledLeft: 183.606000 ScaledRight: 370.189500
INFO:root:Looping....
DEBUG:root:This is the line: drive:-4.381:-87.202

DEBUG:root:We got command: drive
DEBUG:root:We got a drive command: rawX:-87.202000 and rawY:-4.381000
DEBUG:root:Reverse to the Left/Straight
DEBUG:root:Left=-82.821000 Right=-4.381000
DEBUG:root:ScaledLeft: 188.652750 ScaledRight: 365.142750
INFO:root:Looping....
DEBUG:root:This is the line: drive:-6.429:-87.202

DEBUG:root:We got command: drive
DEBUG:root:We got a drive command: rawX:-87.202000 and rawY:-6.429000
DEBUG:root:Reverse to the Left/Straight
DEBUG:root:Left=-80.773000 Right=-6.429000
DEBUG:root:ScaledLeft: 193.260750 ScaledRight: 360.534750
INFO:root:Looping....
DEBUG:root:This is the line: drive:-7.715:-87.202

DEBUG:root:We got command: drive
DEBUG:root:We got a drive command: rawX:-87.202000 and rawY:-7.715000
DEBUG:root:Reverse to the Left/Straight
DEBUG:root:Left=-79.487000 Right=-7.715000
DEBUG:root:ScaledLeft: 196.154250 ScaledRight: 357.641250
INFO:root:Looping....
DEBUG:root:This is the line: drive:-8.579:-87.202

DEBUG:root:We got command: drive
DEBUG:root:We got a drive command: rawX:-87.202000 and rawY:-8.579000
DEBUG:root:Reverse to the Left/Straight
DEBUG:root:Left=-78.623000 Right=-8.579000
DEBUG:root:ScaledLeft: 198.098250 ScaledRight: 355.697250
INFO:root:Looping....
DEBUG:root:This is the line: drive:-9.571:-87.202

DEBUG:root:We got command: drive
DEBUG:root:We got a drive command: rawX:-87.202000 and rawY:-9.571000
DEBUG:root:Reverse to the Left/Straight
DEBUG:root:Left=-77.631000 Right=-9.571000
DEBUG:root:ScaledLeft: 200.330250 ScaledRight: 353.465250
INFO:root:Looping....
DEBUG:root:This is the line: drive:-10.714:-87.202

DEBUG:root:We got command: drive
DEBUG:root:We got a drive command: rawX:-87.202000 and rawY:-10.714000
DEBUG:root:Reverse to the Left/Straight
DEBUG:root:Left=-76.488000 Right=-10.714000
DEBUG:root:ScaledLeft: 202.902000 ScaledRight: 350.893500
INFO:root:Looping....
DEBUG:root:This is the line: drive:-11.63:-87.202

DEBUG:root:We got command: drive
DEBUG:root:We got a drive command: rawX:-87.202000 and rawY:-11.630000
DEBUG:root:Reverse to the Left/Straight
DEBUG:root:Left=-75.572000 Right=-11.630000
DEBUG:root:ScaledLeft: 204.963000 ScaledRight: 348.832500
INFO:root:Looping....
DEBUG:root:This is the line: drive:-13.0:-87.202

DEBUG:root:We got command: drive
DEBUG:root:We got a drive command: rawX:-87.202000 and rawY:-13.000000
DEBUG:root:Reverse to the Left/Straight
DEBUG:root:Left=-74.202000 Right=-13.000000
DEBUG:root:ScaledLeft: 208.045500 ScaledRight: 345.750000
INFO:root:Looping....
DEBUG:root:This is the line: drive:-13.819:-87.202

DEBUG:root:We got command: drive
DEBUG:root:We got a drive command: rawX:-87.202000 and rawY:-13.819000
DEBUG:root:Reverse to the Left/Straight
DEBUG:root:Left=-73.383000 Right=-13.819000
DEBUG:root:ScaledLeft: 209.888250 ScaledRight: 343.907250
INFO:root:Looping....
DEBUG:root:This is the line: drive:-14.961:-87.202

DEBUG:root:We got command: drive
DEBUG:root:We got a drive command: rawX:-87.202000 and rawY:-14.961000
DEBUG:root:Reverse to the Left/Straight
DEBUG:root:Left=-72.241000 Right=-14.961000
DEBUG:root:ScaledLeft: 212.457750 ScaledRight: 341.337750
INFO:root:Looping....
DEBUG:root:This is the line: drive:-15.571:-87.202

DEBUG:root:We got command: drive
DEBUG:root:We got a drive command: rawX:-87.202000 and rawY:-15.571000
DEBUG:root:Reverse to the Left/Straight
DEBUG:root:Left=-71.631000 Right=-15.571000
DEBUG:root:ScaledLeft: 213.830250 ScaledRight: 339.965250
INFO:root:Looping....
DEBUG:root:This is the line: drive:-16.952:-87.202

DEBUG:root:We got command: drive
DEBUG:root:We got a drive command: rawX:-87.202000 and rawY:-16.952000
DEBUG:root:Reverse to the Left/Straight
DEBUG:root:Left=-70.250000 Right=-16.952000
DEBUG:root:ScaledLeft: 216.937500 ScaledRight: 336.858000
INFO:root:Looping....
DEBUG:root:This is the line: drive:-17.571:-87.202

DEBUG:root:We got command: drive
DEBUG:root:We got a drive command: rawX:-87.202000 and rawY:-17.571000
DEBUG:root:Reverse to the Left/Straight
DEBUG:root:Left=-69.631000 Right=-17.571000
DEBUG:root:ScaledLeft: 218.330250 ScaledRight: 335.465250
INFO:root:Looping....
DEBUG:root:This is the line: drive:-19.482:-86.905

DEBUG:root:We got command: drive
DEBUG:root:We got a drive command: rawX:-86.905000 and rawY:-19.482000
DEBUG:root:Reverse to the Left/Straight
DEBUG:root:Left=-67.423000 Right=-19.482000
DEBUG:root:ScaledLeft: 223.298250 ScaledRight: 331.165500
INFO:root:Looping....
DEBUG:root:This is the line: drive:-21.632:-86.693

DEBUG:root:We got command: drive
DEBUG:root:We got a drive command: rawX:-86.693000 and rawY:-21.632000
DEBUG:root:Reverse to the Left/Straight
DEBUG:root:Left=-65.061000 Right=-21.632000
DEBUG:root:ScaledLeft: 228.612750 ScaledRight: 326.328000
INFO:root:Looping....
DEBUG:root:This is the line: drive:-23.488:-86.31

DEBUG:root:We got command: drive
DEBUG:root:We got a drive command: rawX:-86.310000 and rawY:-23.488000
DEBUG:root:Reverse to the Left/Straight
DEBUG:root:Left=-62.822000 Right=-23.488000
DEBUG:root:ScaledLeft: 233.650500 ScaledRight: 322.152000
INFO:root:Looping....
DEBUG:root:This is the line: drive:-25.738:-86.31

DEBUG:root:We got command: drive
DEBUG:root:We got a drive command: rawX:-86.310000 and rawY:-25.738000
DEBUG:root:Reverse to the Left/Straight
DEBUG:root:Left=-60.572000 Right=-25.738000
DEBUG:root:ScaledLeft: 238.713000 ScaledRight: 317.089500
INFO:root:Looping....
DEBUG:root:This is the line: drive:-27.283:-86.012

DEBUG:root:We got command: drive
DEBUG:root:We got a drive command: rawX:-86.012000 and rawY:-27.283000
DEBUG:root:Reverse to the Left/Straight
DEBUG:root:Left=-58.729000 Right=-27.283000
DEBUG:root:ScaledLeft: 242.859750 ScaledRight: 313.613250
INFO:root:Looping....
DEBUG:root:This is the line: drive:-28.805:-86.012

DEBUG:root:We got command: drive
DEBUG:root:We got a drive command: rawX:-86.012000 and rawY:-28.805000
DEBUG:root:Reverse to the Left/Straight
DEBUG:root:Left=-57.207000 Right=-28.805000
DEBUG:root:ScaledLeft: 246.284250 ScaledRight: 310.188750
INFO:root:Looping....
DEBUG:root:This is the line: drive:-29.713:-85.714

DEBUG:root:We got command: drive
DEBUG:root:We got a drive command: rawX:-85.714000 and rawY:-29.713000
DEBUG:root:Reverse to the Left/Straight
DEBUG:root:Left=-56.001000 Right=-29.713000
DEBUG:root:ScaledLeft: 248.997750 ScaledRight: 308.145750
INFO:root:Looping....
DEBUG:root:This is the line: drive:-31.093:-85.714

DEBUG:root:We got command: drive
DEBUG:root:We got a drive command: rawX:-85.714000 and rawY:-31.093000
DEBUG:root:Reverse to the Left/Straight
DEBUG:root:Left=-54.621000 Right=-31.093000
DEBUG:root:ScaledLeft: 252.102750 ScaledRight: 305.040750
INFO:root:Looping....
DEBUG:root:This is the line: drive:-31.745:-85.714

DEBUG:root:We got command: drive
DEBUG:root:We got a drive command: rawX:-85.714000 and rawY:-31.745000
DEBUG:root:Reverse to the Left/Straight
DEBUG:root:Left=-53.969000 Right=-31.745000
DEBUG:root:ScaledLeft: 253.569750 ScaledRight: 303.573750
INFO:root:Looping....
DEBUG:root:This is the line: drive:-32.599:-85.714

DEBUG:root:We got command: drive
DEBUG:root:We got a drive command: rawX:-85.714000 and rawY:-32.599000
DEBUG:root:Reverse to the Left/Straight
DEBUG:root:Left=-53.115000 Right=-32.599000
DEBUG:root:ScaledLeft: 255.491250 ScaledRight: 301.652250
INFO:root:Looping....
DEBUG:root:This is the line: drive:-33.474:-85.714

DEBUG:root:We got command: drive
DEBUG:root:We got a drive command: rawX:-85.714000 and rawY:-33.474000
DEBUG:root:Reverse to the Left/Straight
DEBUG:root:Left=-52.240000 Right=-33.474000
DEBUG:root:ScaledLeft: 257.460000 ScaledRight: 299.683500
INFO:root:Looping....
DEBUG:root:This is the line: drive:-34.293:-85.714

DEBUG:root:We got command: drive
DEBUG:root:We got a drive command: rawX:-85.714000 and rawY:-34.293000
DEBUG:root:Reverse to the Left/Straight
DEBUG:root:Left=-51.421000 Right=-34.293000
DEBUG:root:ScaledLeft: 259.302750 ScaledRight: 297.840750
INFO:root:Looping....
DEBUG:root:This is the line: drive:-35.719:-85.714

DEBUG:root:We got command: drive
DEBUG:root:We got a drive command: rawX:-85.714000 and rawY:-35.719000
DEBUG:root:Reverse to the Left/Straight
DEBUG:root:Left=-49.995000 Right=-35.719000
DEBUG:root:ScaledLeft: 262.511250 ScaledRight: 294.632250
INFO:root:Looping....
DEBUG:root:This is the line: drive:-36.571:-85.482

DEBUG:root:We got command: drive
DEBUG:root:We got a drive command: rawX:-85.482000 and rawY:-36.571000
DEBUG:root:Reverse to the Left/Straight
DEBUG:root:Left=-48.911000 Right=-36.571000
DEBUG:root:ScaledLeft: 264.950250 ScaledRight: 292.715250
INFO:root:Looping....
DEBUG:root:This is the line: drive:-38.896:-85.417

DEBUG:root:We got command: drive
DEBUG:root:We got a drive command: rawX:-85.417000 and rawY:-38.896000
DEBUG:root:Reverse to the Left/Straight
DEBUG:root:Left=-46.521000 Right=-38.896000
DEBUG:root:ScaledLeft: 270.327750 ScaledRight: 287.484000
INFO:root:Looping....
DEBUG:root:This is the line: drive:-40.192:-85.119

DEBUG:root:We got command: drive
DEBUG:root:We got a drive command: rawX:-85.119000 and rawY:-40.192000
DEBUG:root:Reverse to the Left/Straight
DEBUG:root:Left=-44.927000 Right=-40.192000
DEBUG:root:ScaledLeft: 273.914250 ScaledRight: 284.568000
INFO:root:Looping....
DEBUG:root:This is the line: drive:-41.807:-85.119

DEBUG:root:We got command: drive
DEBUG:root:We got a drive command: rawX:-85.119000 and rawY:-41.807000
DEBUG:root:Reverse to the Left/Straight
DEBUG:root:Left=-43.312000 Right=-41.807000
DEBUG:root:ScaledLeft: 277.548000 ScaledRight: 280.934250
INFO:root:Looping....
DEBUG:root:This is the line: drive:-43.445:-85.119

DEBUG:root:We got command: drive
DEBUG:root:We got a drive command: rawX:-85.119000 and rawY:-43.445000
DEBUG:root:Reverse to the Left/Straight
DEBUG:root:Left=-41.674000 Right=-43.445000
DEBUG:root:ScaledLeft: 281.233500 ScaledRight: 277.248750
INFO:root:Looping....
DEBUG:root:This is the line: drive:-45.0:-85.119

DEBUG:root:We got command: drive
DEBUG:root:We got a drive command: rawX:-85.119000 and rawY:-45.000000
DEBUG:root:Reverse to the Left/Straight
DEBUG:root:Left=-40.119000 Right=-45.000000
DEBUG:root:ScaledLeft: 284.732250 ScaledRight: 273.750000
INFO:root:Looping....
DEBUG:root:This is the line: drive:-46.587:-84.821

DEBUG:root:We got command: drive
DEBUG:root:We got a drive command: rawX:-84.821000 and rawY:-46.587000
DEBUG:root:Reverse to the Left/Straight
DEBUG:root:Left=-38.234000 Right=-46.587000
DEBUG:root:ScaledLeft: 288.973500 ScaledRight: 270.179250
INFO:root:Looping....
DEBUG:root:This is the line: drive:-48.143:-84.524

DEBUG:root:We got command: drive
DEBUG:root:We got a drive command: rawX:-84.524000 and rawY:-48.143000
DEBUG:root:Reverse to the Left/Straight
DEBUG:root:Left=-36.381000 Right=-48.143000
DEBUG:root:ScaledLeft: 293.142750 ScaledRight: 266.678250
INFO:root:Looping....
DEBUG:root:This is the line: drive:-48.669:-84.124

DEBUG:root:We got command: drive
DEBUG:root:We got a drive command: rawX:-84.124000 and rawY:-48.669000
DEBUG:root:Reverse to the Left/Straight
DEBUG:root:Left=-35.455000 Right=-48.669000
DEBUG:root:ScaledLeft: 295.226250 ScaledRight: 265.494750
INFO:root:Looping....
DEBUG:root:This is the line: drive:-49.447:-84.226

DEBUG:root:We got command: drive
DEBUG:root:We got a drive command: rawX:-84.226000 and rawY:-49.447000
DEBUG:root:Reverse to the Left/Straight
DEBUG:root:Left=-34.779000 Right=-49.447000
DEBUG:root:ScaledLeft: 296.747250 ScaledRight: 263.744250
INFO:root:Looping....
DEBUG:root:This is the line: drive:-49.732:-84.226

DEBUG:root:We got command: drive
DEBUG:root:We got a drive command: rawX:-84.226000 and rawY:-49.732000
DEBUG:root:Reverse to the Left/Straight
DEBUG:root:Left=-34.494000 Right=-49.732000
DEBUG:root:ScaledLeft: 297.388500 ScaledRight: 263.103000
INFO:root:Looping....
DEBUG:root:This is the line: drive:-50.06:-84.226

DEBUG:root:We got command: drive
DEBUG:root:We got a drive command: rawX:-84.226000 and rawY:-50.060000
DEBUG:root:Reverse to the Left/Straight
DEBUG:root:Left=-34.166000 Right=-50.060000
DEBUG:root:ScaledLeft: 298.126500 ScaledRight: 262.365000
INFO:root:Looping....
DEBUG:root:This is the line: drive:-50.937:-84.226

DEBUG:root:We got command: drive
DEBUG:root:We got a drive command: rawX:-84.226000 and rawY:-50.937000
DEBUG:root:Reverse to the Left/Straight
DEBUG:root:Left=-33.289000 Right=-50.937000
DEBUG:root:ScaledLeft: 300.099750 ScaledRight: 260.391750
INFO:root:Looping....
DEBUG:root:This is the line: drive:-51.192:-83.929

DEBUG:root:We got command: drive
DEBUG:root:We got a drive command: rawX:-83.929000 and rawY:-51.192000
DEBUG:root:Reverse to the Left/Straight
DEBUG:root:Left=-32.737000 Right=-51.192000
DEBUG:root:ScaledLeft: 301.341750 ScaledRight: 259.818000
INFO:root:Looping....
DEBUG:root:This is the line: drive:-51.192:-83.929

DEBUG:root:We got command: drive
DEBUG:root:We got a drive command: rawX:-83.929000 and rawY:-51.192000
DEBUG:root:Reverse to the Left/Straight
DEBUG:root:Left=-32.737000 Right=-51.192000
DEBUG:root:ScaledLeft: 301.341750 ScaledRight: 259.818000
INFO:root:Looping....
DEBUG:root:This is the line: drive:-51.192:-83.929

DEBUG:root:We got command: drive
DEBUG:root:We got a drive command: rawX:-83.929000 and rawY:-51.192000
DEBUG:root:Reverse to the Left/Straight
DEBUG:root:Left=-32.737000 Right=-51.192000
DEBUG:root:ScaledLeft: 301.341750 ScaledRight: 259.818000
INFO:root:Looping....
DEBUG:root:This is the line: drive:-51.843:-83.929

DEBUG:root:We got command: drive
DEBUG:root:We got a drive command: rawX:-83.929000 and rawY:-51.843000
DEBUG:root:Reverse to the Left/Straight
DEBUG:root:Left=-32.086000 Right=-51.843000
DEBUG:root:ScaledLeft: 302.806500 ScaledRight: 258.353250
INFO:root:Looping....
DEBUG:root:This is the line: drive:-52.002:-83.929

DEBUG:root:We got command: drive
DEBUG:root:We got a drive command: rawX:-83.929000 and rawY:-52.002000
DEBUG:root:Reverse to the Left/Straight
DEBUG:root:Left=-31.927000 Right=-52.002000
DEBUG:root:ScaledLeft: 303.164250 ScaledRight: 257.995500
INFO:root:Looping....
DEBUG:root:This is the line: drive:-52.0:-83.571

DEBUG:root:We got command: drive
DEBUG:root:We got a drive command: rawX:-83.571000 and rawY:-52.000000
DEBUG:root:Reverse to the Left/Straight
DEBUG:root:Left=-31.571000 Right=-52.000000
DEBUG:root:ScaledLeft: 303.965250 ScaledRight: 258.000000
INFO:root:Looping....
DEBUG:root:This is the line: drive:-52.314:-83.631

DEBUG:root:We got command: drive
DEBUG:root:We got a drive command: rawX:-83.631000 and rawY:-52.314000
DEBUG:root:Reverse to the Left/Straight
DEBUG:root:Left=-31.317000 Right=-52.314000
DEBUG:root:ScaledLeft: 304.536750 ScaledRight: 257.293500
INFO:root:Looping....
DEBUG:root:This is the line: drive:-52.314:-83.631

DEBUG:root:We got command: drive
DEBUG:root:We got a drive command: rawX:-83.631000 and rawY:-52.314000
DEBUG:root:Reverse to the Left/Straight
DEBUG:root:Left=-31.317000 Right=-52.314000
DEBUG:root:ScaledLeft: 304.536750 ScaledRight: 257.293500
INFO:root:Looping....
DEBUG:root:This is the line: drive:-52.314:-83.631

DEBUG:root:We got command: drive
DEBUG:root:We got a drive command: rawX:-83.631000 and rawY:-52.314000
DEBUG:root:Reverse to the Left/Straight
DEBUG:root:Left=-31.317000 Right=-52.314000
DEBUG:root:ScaledLeft: 304.536750 ScaledRight: 257.293500
INFO:root:Looping....
DEBUG:root:This is the line: drive:-52.314:-83.333

DEBUG:root:We got command: drive
DEBUG:root:We got a drive command: rawX:-83.333000 and rawY:-52.314000
DEBUG:root:Reverse to the Left/Straight
DEBUG:root:Left=-31.019000 Right=-52.314000
DEBUG:root:ScaledLeft: 305.207250 ScaledRight: 257.293500
INFO:root:Looping....
DEBUG:root:This is the line: drive:-52.286:-83.333

DEBUG:root:We got command: drive
DEBUG:root:We got a drive command: rawX:-83.333000 and rawY:-52.286000
DEBUG:root:Reverse to the Left/Straight
DEBUG:root:Left=-31.047000 Right=-52.286000
DEBUG:root:ScaledLeft: 305.144250 ScaledRight: 257.356500
INFO:root:Looping....
DEBUG:root:This is the line: drive:-52.613:-83.333

DEBUG:root:We got command: drive
DEBUG:root:We got a drive command: rawX:-83.333000 and rawY:-52.613000
DEBUG:root:Reverse to the Left/Straight
DEBUG:root:Left=-30.720000 Right=-52.613000
DEBUG:root:ScaledLeft: 305.880000 ScaledRight: 256.620750
INFO:root:Looping....
DEBUG:root:This is the line: drive:-52.613:-83.333

DEBUG:root:We got command: drive
DEBUG:root:We got a drive command: rawX:-83.333000 and rawY:-52.613000
DEBUG:root:Reverse to the Left/Straight
DEBUG:root:Left=-30.720000 Right=-52.613000
DEBUG:root:ScaledLeft: 305.880000 ScaledRight: 256.620750
INFO:root:Looping....
DEBUG:root:This is the line: drive:-52.875:-83.333

DEBUG:root:We got command: drive
DEBUG:root:We got a drive command: rawX:-83.333000 and rawY:-52.875000
DEBUG:root:Reverse to the Left/Straight
DEBUG:root:Left=-30.458000 Right=-52.875000
DEBUG:root:ScaledLeft: 306.469500 ScaledRight: 256.031250
INFO:root:Looping....
DEBUG:root:This is the line: drive:-53.429:-83.065

DEBUG:root:We got command: drive
DEBUG:root:We got a drive command: rawX:-83.065000 and rawY:-53.429000
DEBUG:root:Reverse to the Left/Straight
DEBUG:root:Left=-29.636000 Right=-53.429000
DEBUG:root:ScaledLeft: 308.319000 ScaledRight: 254.784750
INFO:root:Looping....
DEBUG:root:This is the line: drive:-54.143:-83.036

DEBUG:root:We got command: drive
DEBUG:root:We got a drive command: rawX:-83.036000 and rawY:-54.143000
DEBUG:root:Reverse to the Left/Straight
DEBUG:root:Left=-28.893000 Right=-54.143000
DEBUG:root:ScaledLeft: 309.990750 ScaledRight: 253.178250
INFO:root:Looping....
DEBUG:root:This is the line: drive:-54.985:-82.605

DEBUG:root:We got command: drive
DEBUG:root:We got a drive command: rawX:-82.605000 and rawY:-54.985000
DEBUG:root:Reverse to the Left/Straight
DEBUG:root:Left=-27.620000 Right=-54.985000
DEBUG:root:ScaledLeft: 312.855000 ScaledRight: 251.283750
INFO:root:Looping....
DEBUG:root:This is the line: drive:-55.765:-82.44

DEBUG:root:We got command: drive
DEBUG:root:We got a drive command: rawX:-82.440000 and rawY:-55.765000
DEBUG:root:Reverse to the Left/Straight
DEBUG:root:Left=-26.675000 Right=-55.765000
DEBUG:root:ScaledLeft: 314.981250 ScaledRight: 249.528750
INFO:root:Looping....
DEBUG:root:This is the line: drive:-57.0:-82.143

DEBUG:root:We got command: drive
DEBUG:root:We got a drive command: rawX:-82.143000 and rawY:-57.000000
DEBUG:root:Reverse to the Left/Straight
DEBUG:root:Left=-25.143000 Right=-57.000000
DEBUG:root:ScaledLeft: 318.428250 ScaledRight: 246.750000
INFO:root:Looping....
DEBUG:root:This is the line: drive:-58.286:-81.591

DEBUG:root:We got command: drive
DEBUG:root:We got a drive command: rawX:-81.591000 and rawY:-58.286000
DEBUG:root:Reverse to the Left/Straight
DEBUG:root:Left=-23.305000 Right=-58.286000
DEBUG:root:ScaledLeft: 322.563750 ScaledRight: 243.856500
INFO:root:Looping....
DEBUG:root:This is the line: drive:-59.356:-81.548

DEBUG:root:We got command: drive
DEBUG:root:We got a drive command: rawX:-81.548000 and rawY:-59.356000
DEBUG:root:Reverse to the Left/Straight
DEBUG:root:Left=-22.192000 Right=-59.356000
DEBUG:root:ScaledLeft: 325.068000 ScaledRight: 241.449000
INFO:root:Looping....
DEBUG:root:This is the line: drive:-60.468:-81.548

DEBUG:root:We got command: drive
DEBUG:root:We got a drive command: rawX:-81.548000 and rawY:-60.468000
DEBUG:root:Reverse to the Left/Straight
DEBUG:root:Left=-21.080000 Right=-60.468000
DEBUG:root:ScaledLeft: 327.570000 ScaledRight: 238.947000
INFO:root:Looping....
DEBUG:root:This is the line: drive:-61.693:-81.548

DEBUG:root:We got command: drive
DEBUG:root:We got a drive command: rawX:-81.548000 and rawY:-61.693000
DEBUG:root:Reverse to the Left/Straight
DEBUG:root:Left=-19.855000 Right=-61.693000
DEBUG:root:ScaledLeft: 330.326250 ScaledRight: 236.190750
INFO:root:Looping....
DEBUG:root:This is the line: drive:-63.0:-81.548

DEBUG:root:We got command: drive
DEBUG:root:We got a drive command: rawX:-81.548000 and rawY:-63.000000
DEBUG:root:Reverse to the Left/Straight
DEBUG:root:Left=-18.548000 Right=-63.000000
DEBUG:root:ScaledLeft: 333.267000 ScaledRight: 233.250000
INFO:root:Looping....
DEBUG:root:This is the line: drive:-63.985:-81.548

DEBUG:root:We got command: drive
DEBUG:root:We got a drive command: rawX:-81.548000 and rawY:-63.985000
DEBUG:root:Reverse to the Left/Straight
DEBUG:root:Left=-17.563000 Right=-63.985000
DEBUG:root:ScaledLeft: 335.483250 ScaledRight: 231.033750
INFO:root:Looping....
DEBUG:root:This is the line: drive:-65.571:-81.548

DEBUG:root:We got command: drive
DEBUG:root:We got a drive command: rawX:-81.548000 and rawY:-65.571000
DEBUG:root:Reverse to the Left/Straight
DEBUG:root:Left=-15.977000 Right=-65.571000
DEBUG:root:ScaledLeft: 339.051750 ScaledRight: 227.465250
INFO:root:Looping....
DEBUG:root:This is the line: drive:-65.764:-81.548

DEBUG:root:We got command: drive
DEBUG:root:We got a drive command: rawX:-81.548000 and rawY:-65.764000
DEBUG:root:Reverse to the Left/Straight
DEBUG:root:Left=-15.784000 Right=-65.764000
DEBUG:root:ScaledLeft: 339.486000 ScaledRight: 227.031000
INFO:root:Looping....
DEBUG:root:This is the line: drive:-67.0:-81.548

DEBUG:root:We got command: drive
DEBUG:root:We got a drive command: rawX:-81.548000 and rawY:-67.000000
DEBUG:root:Reverse to the Left/Straight
DEBUG:root:Left=-14.548000 Right=-67.000000
DEBUG:root:ScaledLeft: 342.267000 ScaledRight: 224.250000
INFO:root:Looping....
DEBUG:root:This is the line: drive:-67.443:-81.548

DEBUG:root:We got command: drive
DEBUG:root:We got a drive command: rawX:-81.548000 and rawY:-67.443000
DEBUG:root:Reverse to the Left/Straight
DEBUG:root:Left=-14.105000 Right=-67.443000
DEBUG:root:ScaledLeft: 343.263750 ScaledRight: 223.253250
INFO:root:Looping....
DEBUG:root:This is the line: drive:-68.037:-81.548

DEBUG:root:We got command: drive
DEBUG:root:We got a drive command: rawX:-81.548000 and rawY:-68.037000
DEBUG:root:Reverse to the Left/Straight
DEBUG:root:Left=-13.511000 Right=-68.037000
DEBUG:root:ScaledLeft: 344.600250 ScaledRight: 221.916750
INFO:root:Looping....
DEBUG:root:This is the line: drive:-68.64:-81.548

DEBUG:root:We got command: drive
DEBUG:root:We got a drive command: rawX:-81.548000 and rawY:-68.640000
DEBUG:root:Reverse to the Left/Straight
DEBUG:root:Left=-12.908000 Right=-68.640000
DEBUG:root:ScaledLeft: 345.957000 ScaledRight: 220.560000
INFO:root:Looping....
DEBUG:root:This is the line: drive:-69.214:-81.548

DEBUG:root:We got command: drive
DEBUG:root:We got a drive command: rawX:-81.548000 and rawY:-69.214000
DEBUG:root:Reverse to the Left/Straight
DEBUG:root:Left=-12.334000 Right=-69.214000
DEBUG:root:ScaledLeft: 347.248500 ScaledRight: 219.268500
INFO:root:Looping....
DEBUG:root:This is the line: drive:-70.143:-81.25

DEBUG:root:We got command: drive
DEBUG:root:We got a drive command: rawX:-81.250000 and rawY:-70.143000
DEBUG:root:Reverse to the Left/Straight
DEBUG:root:Left=-11.107000 Right=-70.143000
DEBUG:root:ScaledLeft: 350.009250 ScaledRight: 217.178250
INFO:root:Looping....
DEBUG:root:This is the line: drive:-70.857:-80.886

DEBUG:root:We got command: drive
DEBUG:root:We got a drive command: rawX:-80.886000 and rawY:-70.857000
DEBUG:root:Reverse to the Left/Straight
DEBUG:root:Left=-10.029000 Right=-70.857000
DEBUG:root:ScaledLeft: 352.434750 ScaledRight: 215.571750
INFO:root:Looping....
DEBUG:root:This is the line: drive:-71.857:-80.952

DEBUG:root:We got command: drive
DEBUG:root:We got a drive command: rawX:-80.952000 and rawY:-71.857000
DEBUG:root:Reverse to the Left/Straight
DEBUG:root:Left=-9.095000 Right=-71.857000
DEBUG:root:ScaledLeft: 354.536250 ScaledRight: 213.321750
INFO:root:Looping....
DEBUG:root:This is the line: drive:-73.286:-80.952

DEBUG:root:We got command: drive
DEBUG:root:We got a drive command: rawX:-80.952000 and rawY:-73.286000
DEBUG:root:Reverse to the Left/Straight
DEBUG:root:Left=-7.666000 Right=-73.286000
DEBUG:root:ScaledLeft: 357.751500 ScaledRight: 210.106500
INFO:root:Looping....
DEBUG:root:This is the line: drive:-73.963:-80.952

DEBUG:root:We got command: drive
DEBUG:root:We got a drive command: rawX:-80.952000 and rawY:-73.963000
DEBUG:root:Reverse to the Left/Straight
DEBUG:root:Left=-6.989000 Right=-73.963000
DEBUG:root:ScaledLeft: 359.274750 ScaledRight: 208.583250
INFO:root:Looping....
DEBUG:root:This is the line: drive:-76.189:-80.952

DEBUG:root:We got command: drive
DEBUG:root:We got a drive command: rawX:-80.952000 and rawY:-76.189000
DEBUG:root:Reverse to the Left/Straight
DEBUG:root:Left=-4.763000 Right=-76.189000
DEBUG:root:ScaledLeft: 364.283250 ScaledRight: 203.574750
INFO:root:Looping....
DEBUG:root:This is the line: drive:-77.417:-80.952

DEBUG:root:We got command: drive
DEBUG:root:We got a drive command: rawX:-80.952000 and rawY:-77.417000
DEBUG:root:Reverse to the Left/Straight
DEBUG:root:Left=-3.535000 Right=-77.417000
DEBUG:root:ScaledLeft: 367.046250 ScaledRight: 200.811750
INFO:root:Looping....
DEBUG:root:This is the line: drive:-78.803:-80.655

DEBUG:root:We got command: drive
DEBUG:root:We got a drive command: rawX:-80.655000 and rawY:-78.803000
DEBUG:root:Reverse to the Left/Straight
DEBUG:root:Left=-1.852000 Right=-78.803000
DEBUG:root:ScaledLeft: 370.833000 ScaledRight: 197.693250
INFO:root:Looping....
DEBUG:root:This is the line: drive:-79.987:-80.357

DEBUG:root:We got command: drive
DEBUG:root:We got a drive command: rawX:-80.357000 and rawY:-79.987000
DEBUG:root:Reverse to the Left/Straight
DEBUG:root:Left=-0.370000 Right=-79.987000
DEBUG:root:ScaledLeft: 374.167500 ScaledRight: 195.029250
INFO:root:Looping....
DEBUG:root:This is the line: drive:-81.0:-80.357

DEBUG:root:We got command: drive
DEBUG:root:We got a drive command: rawX:-80.357000 and rawY:-81.000000
DEBUG:root:Reverse to the Left/Straight
DEBUG:root:Left=0.643000 Right=-81.000000
DEBUG:root:ScaledLeft: 376.446750 ScaledRight: 192.750000
INFO:root:Looping....
DEBUG:root:This is the line: drive:-83.287:-79.762

DEBUG:root:We got command: drive
DEBUG:root:We got a drive command: rawX:-79.762000 and rawY:-83.287000
DEBUG:root:Reverse to the Left/Straight
DEBUG:root:Left=3.525000 Right=-83.287000
DEBUG:root:ScaledLeft: 382.931250 ScaledRight: 187.604250
INFO:root:Looping....
DEBUG:root:This is the line: drive:-85.0:-79.018

DEBUG:root:We got command: drive
DEBUG:root:We got a drive command: rawX:-79.018000 and rawY:-85.000000
DEBUG:root:Reverse to the Left/Straight
DEBUG:root:Left=5.982000 Right=-85.000000
DEBUG:root:ScaledLeft: 388.459500 ScaledRight: 183.750000
INFO:root:Looping....
DEBUG:root:This is the line: drive:-85.537:-79.167

DEBUG:root:We got command: drive
DEBUG:root:We got a drive command: rawX:-79.167000 and rawY:-85.537000
DEBUG:root:Reverse to the Left/Straight
DEBUG:root:Left=6.370000 Right=-85.537000
DEBUG:root:ScaledLeft: 389.332500 ScaledRight: 182.541750
INFO:root:Looping....
DEBUG:root:This is the line: drive:-86.198:-78.869

DEBUG:root:We got command: drive
DEBUG:root:We got a drive command: rawX:-78.869000 and rawY:-86.198000
DEBUG:root:Reverse to the Left/Straight
DEBUG:root:Left=7.329000 Right=-86.198000
DEBUG:root:ScaledLeft: 391.490250 ScaledRight: 181.054500
INFO:root:Looping....
DEBUG:root:This is the line: drive:-87.0:-78.423

DEBUG:root:We got command: drive
DEBUG:root:We got a drive command: rawX:-78.423000 and rawY:-87.000000
DEBUG:root:Reverse to the Left/Straight
DEBUG:root:Left=8.577000 Right=-87.000000
DEBUG:root:ScaledLeft: 394.298250 ScaledRight: 179.250000
INFO:root:Looping....
DEBUG:root:This is the line: drive:-87.638:-78.571

DEBUG:root:We got command: drive
DEBUG:root:We got a drive command: rawX:-78.571000 and rawY:-87.638000
DEBUG:root:Reverse to the Left/Straight
DEBUG:root:Left=9.067000 Right=-87.638000
DEBUG:root:ScaledLeft: 395.400750 ScaledRight: 177.814500
INFO:root:Looping....
DEBUG:root:This is the line: drive:-88.175:-78.389

DEBUG:root:We got command: drive
DEBUG:root:We got a drive command: rawX:-78.389000 and rawY:-88.175000
DEBUG:root:Reverse to the Left/Straight
DEBUG:root:Left=9.786000 Right=-88.175000
DEBUG:root:ScaledLeft: 397.018500 ScaledRight: 176.606250
INFO:root:Looping....
DEBUG:root:This is the line: drive:-88.714:-78.274

DEBUG:root:We got command: drive
DEBUG:root:We got a drive command: rawX:-78.274000 and rawY:-88.714000
DEBUG:root:Reverse to the Left/Straight
DEBUG:root:Left=10.440000 Right=-88.714000
DEBUG:root:ScaledLeft: 398.490000 ScaledRight: 175.393500
INFO:root:Looping....
DEBUG:root:This is the line: drive:-89.529:-77.976

DEBUG:root:We got command: drive
DEBUG:root:We got a drive command: rawX:-77.976000 and rawY:-89.529000
DEBUG:root:Reverse to the Left/Straight
DEBUG:root:Left=11.553000 Right=-89.529000
DEBUG:root:ScaledLeft: 400.994250 ScaledRight: 173.559750
INFO:root:Looping....
DEBUG:root:This is the line: drive:-90.068:-77.679

DEBUG:root:We got command: drive
DEBUG:root:We got a drive command: rawX:-77.679000 and rawY:-90.068000
DEBUG:root:Reverse to the Left/Straight
DEBUG:root:Left=12.389000 Right=-90.068000
DEBUG:root:ScaledLeft: 402.875250 ScaledRight: 172.347000
INFO:root:Looping....
DEBUG:root:This is the line: drive:-91.0:-77.679

DEBUG:root:We got command: drive
DEBUG:root:We got a drive command: rawX:-77.679000 and rawY:-91.000000
DEBUG:root:Reverse to the Left/Straight
DEBUG:root:Left=13.321000 Right=-91.000000
DEBUG:root:ScaledLeft: 404.972250 ScaledRight: 170.250000
INFO:root:Looping....
DEBUG:root:This is the line: drive:-92.143:-77.381

DEBUG:root:We got command: drive
DEBUG:root:We got a drive command: rawX:-77.381000 and rawY:-92.143000
DEBUG:root:Reverse to the Left/Straight
DEBUG:root:Left=14.762000 Right=-92.143000
DEBUG:root:ScaledLeft: 408.214500 ScaledRight: 167.678250
INFO:root:Looping....
DEBUG:root:This is the line: drive:-93.571:-77.381

DEBUG:root:We got command: drive
DEBUG:root:We got a drive command: rawX:-77.381000 and rawY:-93.571000
DEBUG:root:Reverse to the Left/Straight
DEBUG:root:Left=16.190000 Right=-93.571000
DEBUG:root:ScaledLeft: 411.427500 ScaledRight: 164.465250
INFO:root:Looping....
DEBUG:root:This is the line: drive:-94.8:-77.381

DEBUG:root:We got command: drive
DEBUG:root:We got a drive command: rawX:-77.381000 and rawY:-94.800000
DEBUG:root:Reverse to the Left/Straight
DEBUG:root:Left=17.419000 Right=-94.800000
DEBUG:root:ScaledLeft: 414.192750 ScaledRight: 161.700000
INFO:root:Looping....
DEBUG:root:This is the line: drive:-96.429:-77.083

DEBUG:root:We got command: drive
DEBUG:root:We got a drive command: rawX:-77.083000 and rawY:-96.429000
DEBUG:root:Reverse to the Left/Straight
DEBUG:root:Left=19.346000 Right=-96.429000
DEBUG:root:ScaledLeft: 418.528500 ScaledRight: 158.034750
INFO:root:Looping....
DEBUG:root:This is the line: drive:-97.857:-77.083

DEBUG:root:We got command: drive
DEBUG:root:We got a drive command: rawX:-77.083000 and rawY:-97.857000
DEBUG:root:Reverse to the Left/Straight
DEBUG:root:Left=20.774000 Right=-97.857000
DEBUG:root:ScaledLeft: 421.741500 ScaledRight: 154.821750
INFO:root:Looping....
DEBUG:root:This is the line: drive:-98.866:-77.083

DEBUG:root:We got command: drive
DEBUG:root:We got a drive command: rawX:-77.083000 and rawY:-98.866000
DEBUG:root:Reverse to the Left/Straight
DEBUG:root:Left=21.783000 Right=-98.866000
DEBUG:root:ScaledLeft: 424.011750 ScaledRight: 152.551500
INFO:root:Looping....
DEBUG:root:This is the line: drive:-100.026:-77.083

DEBUG:root:We got command: drive
DEBUG:root:We got a drive command: rawX:-77.083000 and rawY:-100.026000
DEBUG:root:Reverse to the Left/Straight
DEBUG:root:Left=22.943000 Right=-100.026000
DEBUG:root:ScaledLeft: 426.621750 ScaledRight: 149.941500
INFO:root:Looping....
DEBUG:root:This is the line: drive:-101.571:-77.083

DEBUG:root:We got command: drive
DEBUG:root:We got a drive command: rawX:-77.083000 and rawY:-101.571000
DEBUG:root:Reverse to the Left/Straight
DEBUG:root:Left=24.488000 Right=-101.571000
DEBUG:root:ScaledLeft: 430.098000 ScaledRight: 146.465250
INFO:root:Looping....
DEBUG:root:This is the line: drive:-102.429:-76.786

DEBUG:root:We got command: drive
DEBUG:root:We got a drive command: rawX:-76.786000 and rawY:-102.429000
DEBUG:root:Reverse to the Left/Straight
DEBUG:root:Left=25.643000 Right=-102.429000
DEBUG:root:ScaledLeft: 432.696750 ScaledRight: 144.534750
INFO:root:Looping....
DEBUG:root:This is the line: drive:-103.372:-76.786

DEBUG:root:We got command: drive
DEBUG:root:We got a drive command: rawX:-76.786000 and rawY:-103.372000
DEBUG:root:Reverse to the Left/Straight
DEBUG:root:Left=26.586000 Right=-103.372000
DEBUG:root:ScaledLeft: 434.818500 ScaledRight: 142.413000
INFO:root:Looping....
DEBUG:root:This is the line: drive:-103.74:-76.786

DEBUG:root:We got command: drive
DEBUG:root:We got a drive command: rawX:-76.786000 and rawY:-103.740000
DEBUG:root:Reverse to the Left/Straight
DEBUG:root:Left=26.954000 Right=-103.740000
DEBUG:root:ScaledLeft: 435.646500 ScaledRight: 141.585000
INFO:root:Looping....
DEBUG:root:This is the line: drive:-104.661:-76.097

DEBUG:root:We got command: drive
DEBUG:root:We got a drive command: rawX:-76.097000 and rawY:-104.661000
DEBUG:root:Reverse to the Left/Straight
DEBUG:root:Left=28.564000 Right=-104.661000
DEBUG:root:ScaledLeft: 439.269000 ScaledRight: 139.512750
INFO:root:Looping....
DEBUG:root:This is the line: drive:-104.929:-76.19

DEBUG:root:We got command: drive
DEBUG:root:We got a drive command: rawX:-76.190000 and rawY:-104.929000
DEBUG:root:Reverse to the Left/Straight
DEBUG:root:Left=28.739000 Right=-104.929000
DEBUG:root:ScaledLeft: 439.662750 ScaledRight: 138.909750
INFO:root:Looping....
DEBUG:root:This is the line: drive:-105.833:-76.19

DEBUG:root:We got command: drive
DEBUG:root:We got a drive command: rawX:-76.190000 and rawY:-105.833000
DEBUG:root:Reverse to the Left/Straight
DEBUG:root:Left=29.643000 Right=-105.833000
DEBUG:root:ScaledLeft: 441.696750 ScaledRight: 136.875750
INFO:root:Looping....
DEBUG:root:This is the line: drive:-106.0:-75.892

DEBUG:root:We got command: drive
DEBUG:root:We got a drive command: rawX:-75.892000 and rawY:-106.000000
DEBUG:root:Reverse to the Left/Straight
DEBUG:root:Left=30.108000 Right=-106.000000
DEBUG:root:ScaledLeft: 442.743000 ScaledRight: 136.500000
INFO:root:Looping....
DEBUG:root:This is the line: drive:-106.683:-75.893

DEBUG:root:We got command: drive
DEBUG:root:We got a drive command: rawX:-75.893000 and rawY:-106.683000
DEBUG:root:Reverse to the Left/Straight
DEBUG:root:Left=30.790000 Right=-106.683000
DEBUG:root:ScaledLeft: 444.277500 ScaledRight: 134.963250
INFO:root:Looping....
DEBUG:root:This is the line: drive:-107.238:-75.893

DEBUG:root:We got command: drive
DEBUG:root:We got a drive command: rawX:-75.893000 and rawY:-107.238000
DEBUG:root:Reverse to the Left/Straight
DEBUG:root:Left=31.345000 Right=-107.238000
DEBUG:root:ScaledLeft: 445.526250 ScaledRight: 133.714500
INFO:root:Looping....
DEBUG:root:This is the line: drive:-108.004:-75.893

DEBUG:root:We got command: drive
DEBUG:root:We got a drive command: rawX:-75.893000 and rawY:-108.004000
DEBUG:root:Reverse to the Left/Straight
DEBUG:root:Left=32.111000 Right=-108.004000
DEBUG:root:ScaledLeft: 447.249750 ScaledRight: 131.991000
INFO:root:Looping....
DEBUG:root:This is the line: drive:-109.286:-75.595

DEBUG:root:We got command: drive
DEBUG:root:We got a drive command: rawX:-75.595000 and rawY:-109.286000
DEBUG:root:Reverse to the Left/Straight
DEBUG:root:Left=33.691000 Right=-109.286000
DEBUG:root:ScaledLeft: 450.804750 ScaledRight: 129.106500
INFO:root:Looping....
DEBUG:root:This is the line: drive:-109.143:-75.149

DEBUG:root:We got command: drive
DEBUG:root:We got a drive command: rawX:-75.149000 and rawY:-109.143000
DEBUG:root:Reverse to the Left/Straight
DEBUG:root:Left=33.994000 Right=-109.143000
DEBUG:root:ScaledLeft: 451.486500 ScaledRight: 129.428250
INFO:root:Looping....
DEBUG:root:This is the line: drive:-109.464:-75.298

DEBUG:root:We got command: drive
DEBUG:root:We got a drive command: rawX:-75.298000 and rawY:-109.464000
DEBUG:root:Reverse to the Left/Straight
DEBUG:root:Left=34.166000 Right=-109.464000
DEBUG:root:ScaledLeft: 451.873500 ScaledRight: 128.706000
INFO:root:Looping....
DEBUG:root:This is the line: drive:-109.464:-75.298

DEBUG:root:We got command: drive
DEBUG:root:We got a drive command: rawX:-75.298000 and rawY:-109.464000
DEBUG:root:Reverse to the Left/Straight
DEBUG:root:Left=34.166000 Right=-109.464000
DEBUG:root:ScaledLeft: 451.873500 ScaledRight: 128.706000
INFO:root:Looping....
DEBUG:root:This is the line: drive:-109.738:-75.298

DEBUG:root:We got command: drive
DEBUG:root:We got a drive command: rawX:-75.298000 and rawY:-109.738000
DEBUG:root:Reverse to the Left/Straight
DEBUG:root:Left=34.440000 Right=-109.738000
DEBUG:root:ScaledLeft: 452.490000 ScaledRight: 128.089500
INFO:root:Looping....
DEBUG:root:This is the line: drive:-109.738:-75.298

DEBUG:root:We got command: drive
DEBUG:root:We got a drive command: rawX:-75.298000 and rawY:-109.738000
DEBUG:root:Reverse to the Left/Straight
DEBUG:root:Left=34.440000 Right=-109.738000
DEBUG:root:ScaledLeft: 452.490000 ScaledRight: 128.089500
INFO:root:Looping....
DEBUG:root:This is the line: drive:-109.738:-75.298

DEBUG:root:We got command: drive
DEBUG:root:We got a drive command: rawX:-75.298000 and rawY:-109.738000
DEBUG:root:Reverse to the Left/Straight
DEBUG:root:Left=34.440000 Right=-109.738000
DEBUG:root:ScaledLeft: 452.490000 ScaledRight: 128.089500
INFO:root:Looping....
DEBUG:root:This is the line: drive:-109.738:-75.298

DEBUG:root:We got command: drive
DEBUG:root:We got a drive command: rawX:-75.298000 and rawY:-109.738000
DEBUG:root:Reverse to the Left/Straight
DEBUG:root:Left=34.440000 Right=-109.738000
DEBUG:root:ScaledLeft: 452.490000 ScaledRight: 128.089500
INFO:root:Looping....
DEBUG:root:This is the line: drive:-109.738:-75.298

DEBUG:root:We got command: drive
DEBUG:root:We got a drive command: rawX:-75.298000 and rawY:-109.738000
DEBUG:root:Reverse to the Left/Straight
DEBUG:root:Left=34.440000 Right=-109.738000
DEBUG:root:ScaledLeft: 452.490000 ScaledRight: 128.089500
INFO:root:Looping....
DEBUG:root:This is the line: drive:-109.738:-75.298

DEBUG:root:We got command: drive
DEBUG:root:We got a drive command: rawX:-75.298000 and rawY:-109.738000
DEBUG:root:Reverse to the Left/Straight
DEBUG:root:Left=34.440000 Right=-109.738000
DEBUG:root:ScaledLeft: 452.490000 ScaledRight: 128.089500
INFO:root:Looping....
DEBUG:root:This is the line: drive:-109.738:-75.298

DEBUG:root:We got command: drive
DEBUG:root:We got a drive command: rawX:-75.298000 and rawY:-109.738000
DEBUG:root:Reverse to the Left/Straight
DEBUG:root:Left=34.440000 Right=-109.738000
DEBUG:root:ScaledLeft: 452.490000 ScaledRight: 128.089500
INFO:root:Looping....
DEBUG:root:This is the line: drive:-109.738:-75.298

DEBUG:root:We got command: drive
DEBUG:root:We got a drive command: rawX:-75.298000 and rawY:-109.738000
DEBUG:root:Reverse to the Left/Straight
DEBUG:root:Left=34.440000 Right=-109.738000
DEBUG:root:ScaledLeft: 452.490000 ScaledRight: 128.089500
INFO:root:Looping....
DEBUG:root:This is the line: drive:-109.738:-75.298

DEBUG:root:We got command: drive
DEBUG:root:We got a drive command: rawX:-75.298000 and rawY:-109.738000
DEBUG:root:Reverse to the Left/Straight
DEBUG:root:Left=34.440000 Right=-109.738000
DEBUG:root:ScaledLeft: 452.490000 ScaledRight: 128.089500
INFO:root:Looping....
DEBUG:root:This is the line: drive:-109.738:-75.298

DEBUG:root:We got command: drive
DEBUG:root:We got a drive command: rawX:-75.298000 and rawY:-109.738000
DEBUG:root:Reverse to the Left/Straight
DEBUG:root:Left=34.440000 Right=-109.738000
DEBUG:root:ScaledLeft: 452.490000 ScaledRight: 128.089500
INFO:root:Looping....
DEBUG:root:This is the line: drive:-107.832:-75.298

DEBUG:root:We got command: drive
DEBUG:root:We got a drive command: rawX:-75.298000 and rawY:-107.832000
DEBUG:root:Reverse to the Left/Straight
DEBUG:root:Left=32.534000 Right=-107.832000
DEBUG:root:ScaledLeft: 448.201500 ScaledRight: 132.378000
INFO:root:Looping....
DEBUG:root:This is the line: drive:-100.757:-73.775

DEBUG:root:We got command: drive
DEBUG:root:We got a drive command: rawX:-73.775000 and rawY:-100.757000
DEBUG:root:Reverse to the Left/Straight
DEBUG:root:Left=26.982000 Right=-100.757000
DEBUG:root:ScaledLeft: 435.709500 ScaledRight: 148.296750
INFO:root:Looping....
DEBUG:root:This is the line: drive:-92.896:-72.917

DEBUG:root:We got command: drive
DEBUG:root:We got a drive command: rawX:-72.917000 and rawY:-92.896000
DEBUG:root:Reverse to the Left/Straight
DEBUG:root:Left=19.979000 Right=-92.896000
DEBUG:root:ScaledLeft: 419.952750 ScaledRight: 165.984000
INFO:root:Looping....
DEBUG:root:This is the line: drive:-81.811:-72.024

DEBUG:root:We got command: drive
DEBUG:root:We got a drive command: rawX:-72.024000 and rawY:-81.811000
DEBUG:root:Reverse to the Left/Straight
DEBUG:root:Left=9.787000 Right=-81.811000
DEBUG:root:ScaledLeft: 397.020750 ScaledRight: 190.925250
INFO:root:Looping....
DEBUG:root:This is the line: drive:-73.353:-72.024

DEBUG:root:We got command: drive
DEBUG:root:We got a drive command: rawX:-72.024000 and rawY:-73.353000
DEBUG:root:Reverse to the Left/Straight
DEBUG:root:Left=1.329000 Right=-73.353000
DEBUG:root:ScaledLeft: 377.990250 ScaledRight: 209.955750
INFO:root:Looping....
DEBUG:root:This is the line: drive:-65.988:-72.024

DEBUG:root:We got command: drive
DEBUG:root:We got a drive command: rawX:-72.024000 and rawY:-65.988000
DEBUG:root:Reverse to the Left/Straight
DEBUG:root:Left=-6.036000 Right=-65.988000
DEBUG:root:ScaledLeft: 361.419000 ScaledRight: 226.527000
INFO:root:Looping....
DEBUG:root:This is the line: drive:-56.716:-72.024

DEBUG:root:We got command: drive
DEBUG:root:We got a drive command: rawX:-72.024000 and rawY:-56.716000
DEBUG:root:Reverse to the Left/Straight
DEBUG:root:Left=-15.308000 Right=-56.716000
DEBUG:root:ScaledLeft: 340.557000 ScaledRight: 247.389000
INFO:root:Looping....
DEBUG:root:This is the line: drive:-49.634:-71.798

DEBUG:root:We got command: drive
DEBUG:root:We got a drive command: rawX:-71.798000 and rawY:-49.634000
DEBUG:root:Reverse to the Left/Straight
DEBUG:root:Left=-22.164000 Right=-49.634000
DEBUG:root:ScaledLeft: 325.131000 ScaledRight: 263.323500
INFO:root:Looping....
DEBUG:root:This is the line: drive:-44.744:-71.726

DEBUG:root:We got command: drive
DEBUG:root:We got a drive command: rawX:-71.726000 and rawY:-44.744000
DEBUG:root:Reverse to the Left/Straight
DEBUG:root:Left=-26.982000 Right=-44.744000
DEBUG:root:ScaledLeft: 314.290500 ScaledRight: 274.326000
INFO:root:Looping....
DEBUG:root:This is the line: drive:-41.634:-71.726

DEBUG:root:We got command: drive
DEBUG:root:We got a drive command: rawX:-71.726000 and rawY:-41.634000
DEBUG:root:Reverse to the Left/Straight
DEBUG:root:Left=-30.092000 Right=-41.634000
DEBUG:root:ScaledLeft: 307.293000 ScaledRight: 281.323500
INFO:root:Looping....
DEBUG:root:This is the line: drive:-37.161:-71.726

DEBUG:root:We got command: drive
DEBUG:root:We got a drive command: rawX:-71.726000 and rawY:-37.161000
DEBUG:root:Reverse to the Left/Straight
DEBUG:root:Left=-34.565000 Right=-37.161000
DEBUG:root:ScaledLeft: 297.228750 ScaledRight: 291.387750
INFO:root:Looping....
DEBUG:root:This is the line: drive:-32.857:-71.726

DEBUG:root:We got command: drive
DEBUG:root:We got a drive command: rawX:-71.726000 and rawY:-32.857000
DEBUG:root:Reverse to the Left/Straight
DEBUG:root:Left=-38.869000 Right=-32.857000
DEBUG:root:ScaledLeft: 287.544750 ScaledRight: 301.071750
INFO:root:Looping....
DEBUG:root:This is the line: drive:-26.663:-71.726

DEBUG:root:We got command: drive
DEBUG:root:We got a drive command: rawX:-71.726000 and rawY:-26.663000
DEBUG:root:Reverse to the Left/Straight
DEBUG:root:Left=-45.063000 Right=-26.663000
DEBUG:root:ScaledLeft: 273.608250 ScaledRight: 315.008250
INFO:root:Looping....
DEBUG:root:This is the line: drive:-22.242:-72.024

DEBUG:root:We got command: drive
DEBUG:root:We got a drive command: rawX:-72.024000 and rawY:-22.242000
DEBUG:root:Reverse to the Left/Straight
DEBUG:root:Left=-49.782000 Right=-22.242000
DEBUG:root:ScaledLeft: 262.990500 ScaledRight: 324.955500
INFO:root:Looping....
DEBUG:root:This is the line: drive:-19.001:-72.024

DEBUG:root:We got command: drive
DEBUG:root:We got a drive command: rawX:-72.024000 and rawY:-19.001000
DEBUG:root:Reverse to the Left/Straight
DEBUG:root:Left=-53.023000 Right=-19.001000
DEBUG:root:ScaledLeft: 255.698250 ScaledRight: 332.247750
INFO:root:Looping....
DEBUG:root:This is the line: drive:-16.742:-72.024

DEBUG:root:We got command: drive
DEBUG:root:We got a drive command: rawX:-72.024000 and rawY:-16.742000
DEBUG:root:Reverse to the Left/Straight
DEBUG:root:Left=-55.282000 Right=-16.742000
DEBUG:root:ScaledLeft: 250.615500 ScaledRight: 337.330500
INFO:root:Looping....
DEBUG:root:This is the line: drive:-11.798:-72.024

DEBUG:root:We got command: drive
DEBUG:root:We got a drive command: rawX:-72.024000 and rawY:-11.798000
DEBUG:root:Reverse to the Left/Straight
DEBUG:root:Left=-60.226000 Right=-11.798000
DEBUG:root:ScaledLeft: 239.491500 ScaledRight: 348.454500
INFO:root:Looping....
DEBUG:root:This is the line: drive:-9.207:-72.024

DEBUG:root:We got command: drive
DEBUG:root:We got a drive command: rawX:-72.024000 and rawY:-9.207000
DEBUG:root:Reverse to the Left/Straight
DEBUG:root:Left=-62.817000 Right=-9.207000
DEBUG:root:ScaledLeft: 233.661750 ScaledRight: 354.284250
INFO:root:Looping....
DEBUG:root:This is the line: drive:-6.963:-72.024

DEBUG:root:We got command: drive
DEBUG:root:We got a drive command: rawX:-72.024000 and rawY:-6.963000
DEBUG:root:Reverse to the Left/Straight
DEBUG:root:Left=-65.061000 Right=-6.963000
DEBUG:root:ScaledLeft: 228.612750 ScaledRight: 359.333250
INFO:root:Looping....
DEBUG:root:This is the line: drive:-4.725:-72.024

DEBUG:root:We got command: drive
DEBUG:root:We got a drive command: rawX:-72.024000 and rawY:-4.725000
DEBUG:root:Reverse to the Left/Straight
DEBUG:root:Left=-67.299000 Right=-4.725000
DEBUG:root:ScaledLeft: 223.577250 ScaledRight: 364.368750
INFO:root:Looping....
DEBUG:root:This is the line: drive:-2.895:-72.024

DEBUG:root:We got command: drive
DEBUG:root:We got a drive command: rawX:-72.024000 and rawY:-2.895000
DEBUG:root:Reverse to the Left/Straight
DEBUG:root:Left=-69.129000 Right=-2.895000
DEBUG:root:ScaledLeft: 219.459750 ScaledRight: 368.486250
INFO:root:Looping....
DEBUG:root:This is the line: drive:-0.729:-72.024

DEBUG:root:We got command: drive
DEBUG:root:We got a drive command: rawX:-72.024000 and rawY:-0.729000
DEBUG:root:Reverse to the Left/Straight
DEBUG:root:Left=-71.295000 Right=-0.729000
DEBUG:root:ScaledLeft: 214.586250 ScaledRight: 373.359750
INFO:root:Looping....
DEBUG:root:This is the line: drive:1.057:-72.024

DEBUG:root:We got command: drive
DEBUG:root:We got a drive command: rawX:-72.024000 and rawY:1.057000
DEBUG:root:Forward to the Left/Straight
DEBUG:root:Left=-73.081000 Right=1.057000
DEBUG:root:ScaledLeft: 210.567750 ScaledRight: 377.378250
INFO:root:Looping....
DEBUG:root:This is the line: drive:3.261:-72.024

DEBUG:root:We got command: drive
DEBUG:root:We got a drive command: rawX:-72.024000 and rawY:3.261000
DEBUG:root:Forward to the Left/Straight
DEBUG:root:Left=-75.285000 Right=3.261000
DEBUG:root:ScaledLeft: 205.608750 ScaledRight: 382.337250
INFO:root:Looping....
DEBUG:root:This is the line: drive:5.576:-72.024

DEBUG:root:We got command: drive
DEBUG:root:We got a drive command: rawX:-72.024000 and rawY:5.576000
DEBUG:root:Forward to the Left/Straight
DEBUG:root:Left=-77.600000 Right=5.576000
DEBUG:root:ScaledLeft: 200.400000 ScaledRight: 387.546000
INFO:root:Looping....
DEBUG:root:This is the line: drive:7.819:-72.024

DEBUG:root:We got command: drive
DEBUG:root:We got a drive command: rawX:-72.024000 and rawY:7.819000
DEBUG:root:Forward to the Left/Straight
DEBUG:root:Left=-79.843000 Right=7.819000
DEBUG:root:ScaledLeft: 195.353250 ScaledRight: 392.592750
INFO:root:Looping....
DEBUG:root:This is the line: drive:9.689:-72.024

DEBUG:root:We got command: drive
DEBUG:root:We got a drive command: rawX:-72.024000 and rawY:9.689000
DEBUG:root:Forward to the Left/Straight
DEBUG:root:Left=-81.713000 Right=9.689000
DEBUG:root:ScaledLeft: 191.145750 ScaledRight: 396.800250
INFO:root:Looping....
DEBUG:root:This is the line: drive:11.902:-72.024

DEBUG:root:We got command: drive
DEBUG:root:We got a drive command: rawX:-72.024000 and rawY:11.902000
DEBUG:root:Forward to the Left/Straight
DEBUG:root:Left=-83.926000 Right=11.902000
DEBUG:root:ScaledLeft: 186.166500 ScaledRight: 401.779500
INFO:root:Looping....
DEBUG:root:This is the line: drive:14.144:-72.024

DEBUG:root:We got command: drive
DEBUG:root:We got a drive command: rawX:-72.024000 and rawY:14.144000
DEBUG:root:Forward to the Left/Straight
DEBUG:root:Left=-86.168000 Right=14.144000
DEBUG:root:ScaledLeft: 181.122000 ScaledRight: 406.824000
INFO:root:Looping....
DEBUG:root:This is the line: drive:14.91:-72.024

DEBUG:root:We got command: drive
DEBUG:root:We got a drive command: rawX:-72.024000 and rawY:14.910000
DEBUG:root:Forward to the Left/Straight
DEBUG:root:Left=-86.934000 Right=14.910000
DEBUG:root:ScaledLeft: 179.398500 ScaledRight: 408.547500
INFO:root:Looping....
DEBUG:root:This is the line: drive:15.857:-72.024

DEBUG:root:We got command: drive
DEBUG:root:We got a drive command: rawX:-72.024000 and rawY:15.857000
DEBUG:root:Forward to the Left/Straight
DEBUG:root:Left=-87.881000 Right=15.857000
DEBUG:root:ScaledLeft: 177.267750 ScaledRight: 410.678250
INFO:root:Looping....
DEBUG:root:This is the line: drive:16.318:-72.024

DEBUG:root:We got command: drive
DEBUG:root:We got a drive command: rawX:-72.024000 and rawY:16.318000
DEBUG:root:Forward to the Left/Straight
DEBUG:root:Left=-88.342000 Right=16.318000
DEBUG:root:ScaledLeft: 176.230500 ScaledRight: 411.715500
INFO:root:Looping....
DEBUG:root:This is the line: drive:17.252:-72.024

DEBUG:root:We got command: drive
DEBUG:root:We got a drive command: rawX:-72.024000 and rawY:17.252000
DEBUG:root:Forward to the Left/Straight
DEBUG:root:Left=-89.276000 Right=17.252000
DEBUG:root:ScaledLeft: 174.129000 ScaledRight: 413.817000
INFO:root:Looping....
DEBUG:root:This is the line: drive:18.046:-72.024

DEBUG:root:We got command: drive
DEBUG:root:We got a drive command: rawX:-72.024000 and rawY:18.046000
DEBUG:root:Forward to the Left/Straight
DEBUG:root:Left=-90.070000 Right=18.046000
DEBUG:root:ScaledLeft: 172.342500 ScaledRight: 415.603500
INFO:root:Looping....
DEBUG:root:This is the line: drive:19.0:-72.024

DEBUG:root:We got command: drive
DEBUG:root:We got a drive command: rawX:-72.024000 and rawY:19.000000
DEBUG:root:Forward to the Left/Straight
DEBUG:root:Left=-91.024000 Right=19.000000
DEBUG:root:ScaledLeft: 170.196000 ScaledRight: 417.750000
INFO:root:Looping....
DEBUG:root:This is the line: drive:19.196:-72.024

DEBUG:root:We got command: drive
DEBUG:root:We got a drive command: rawX:-72.024000 and rawY:19.196000
DEBUG:root:Forward to the Left/Straight
DEBUG:root:Left=-91.220000 Right=19.196000
DEBUG:root:ScaledLeft: 169.755000 ScaledRight: 418.191000
INFO:root:Looping....
DEBUG:root:This is the line: drive:19.857:-72.024

DEBUG:root:We got command: drive
DEBUG:root:We got a drive command: rawX:-72.024000 and rawY:19.857000
DEBUG:root:Forward to the Left/Straight
DEBUG:root:Left=-91.881000 Right=19.857000
DEBUG:root:ScaledLeft: 168.267750 ScaledRight: 419.678250
INFO:root:Looping....
DEBUG:root:This is the line: drive:20.331:-72.024

DEBUG:root:We got command: drive
DEBUG:root:We got a drive command: rawX:-72.024000 and rawY:20.331000
DEBUG:root:Forward to the Left/Straight
DEBUG:root:Left=-92.355000 Right=20.331000
DEBUG:root:ScaledLeft: 167.201250 ScaledRight: 420.744750
INFO:root:Looping....
DEBUG:root:This is the line: drive:20.331:-72.024

DEBUG:root:We got command: drive
DEBUG:root:We got a drive command: rawX:-72.024000 and rawY:20.331000
DEBUG:root:Forward to the Left/Straight
DEBUG:root:Left=-92.355000 Right=20.331000
DEBUG:root:ScaledLeft: 167.201250 ScaledRight: 420.744750
INFO:root:Looping....
DEBUG:root:This is the line: drive:20.331:-72.024

DEBUG:root:We got command: drive
DEBUG:root:We got a drive command: rawX:-72.024000 and rawY:20.331000
DEBUG:root:Forward to the Left/Straight
DEBUG:root:Left=-92.355000 Right=20.331000
DEBUG:root:ScaledLeft: 167.201250 ScaledRight: 420.744750
INFO:root:Looping....
DEBUG:root:This is the line: drive:20.331:-72.024

DEBUG:root:We got command: drive
DEBUG:root:We got a drive command: rawX:-72.024000 and rawY:20.331000
DEBUG:root:Forward to the Left/Straight
DEBUG:root:Left=-92.355000 Right=20.331000
DEBUG:root:ScaledLeft: 167.201250 ScaledRight: 420.744750
INFO:root:Looping....
DEBUG:root:This is the line: drive:20.331:-72.024

DEBUG:root:We got command: drive
DEBUG:root:We got a drive command: rawX:-72.024000 and rawY:20.331000
DEBUG:root:Forward to the Left/Straight
DEBUG:root:Left=-92.355000 Right=20.331000
DEBUG:root:ScaledLeft: 167.201250 ScaledRight: 420.744750
INFO:root:Looping....
DEBUG:root:This is the line: drive:21.565:-71.726

DEBUG:root:We got command: drive
DEBUG:root:We got a drive command: rawX:-71.726000 and rawY:21.565000
DEBUG:root:Forward to the Left/Straight
DEBUG:root:Left=-93.291000 Right=21.565000
DEBUG:root:ScaledLeft: 165.095250 ScaledRight: 423.521250
INFO:root:Looping....
DEBUG:root:This is the line: drive:23.06:-71.726

DEBUG:root:We got command: drive
DEBUG:root:We got a drive command: rawX:-71.726000 and rawY:23.060000
DEBUG:root:Forward to the Left/Straight
DEBUG:root:Left=-94.786000 Right=23.060000
DEBUG:root:ScaledLeft: 161.731500 ScaledRight: 426.885000
INFO:root:Looping....
DEBUG:root:This is the line: drive:23.988:-71.131

DEBUG:root:We got command: drive
DEBUG:root:We got a drive command: rawX:-71.131000 and rawY:23.988000
DEBUG:root:Forward to the Left/Straight
DEBUG:root:Left=-95.119000 Right=23.988000
DEBUG:root:ScaledLeft: 160.982250 ScaledRight: 428.973000
INFO:root:Looping....
DEBUG:root:This is the line: drive:25.261:-70.833

DEBUG:root:We got command: drive
DEBUG:root:We got a drive command: rawX:-70.833000 and rawY:25.261000
DEBUG:root:Forward to the Left/Straight
DEBUG:root:Left=-96.094000 Right=25.261000
DEBUG:root:ScaledLeft: 158.788500 ScaledRight: 431.837250
INFO:root:Looping....
DEBUG:root:This is the line: drive:27.0:-70.536

DEBUG:root:We got command: drive
DEBUG:root:We got a drive command: rawX:-70.536000 and rawY:27.000000
DEBUG:root:Forward to the Left/Straight
DEBUG:root:Left=-97.536000 Right=27.000000
DEBUG:root:ScaledLeft: 155.544000 ScaledRight: 435.750000
INFO:root:Looping....
DEBUG:root:This is the line: drive:28.714:-70.238

DEBUG:root:We got command: drive
DEBUG:root:We got a drive command: rawX:-70.238000 and rawY:28.714000
DEBUG:root:Forward to the Left/Straight
DEBUG:root:Left=-98.952000 Right=28.714000
DEBUG:root:ScaledLeft: 152.358000 ScaledRight: 439.606500
INFO:root:Looping....
DEBUG:root:This is the line: drive:29.857:-69.792

DEBUG:root:We got command: drive
DEBUG:root:We got a drive command: rawX:-69.792000 and rawY:29.857000
DEBUG:root:Forward to the Left/Straight
DEBUG:root:Left=-99.649000 Right=29.857000
DEBUG:root:ScaledLeft: 150.789750 ScaledRight: 442.178250
INFO:root:Looping....
DEBUG:root:This is the line: drive:31.645:-69.418

DEBUG:root:We got command: drive
DEBUG:root:We got a drive command: rawX:-69.418000 and rawY:31.645000
DEBUG:root:Forward to the Left/Straight
DEBUG:root:Left=-101.063000 Right=31.645000
DEBUG:root:ScaledLeft: 147.608250 ScaledRight: 446.201250
INFO:root:Looping....
DEBUG:root:This is the line: drive:33.0:-68.899

DEBUG:root:We got command: drive
DEBUG:root:We got a drive command: rawX:-68.899000 and rawY:33.000000
DEBUG:root:Forward to the Left/Straight
DEBUG:root:Left=-101.899000 Right=33.000000
DEBUG:root:ScaledLeft: 145.727250 ScaledRight: 449.250000
INFO:root:Looping....
DEBUG:root:This is the line: drive:33.973:-68.75

DEBUG:root:We got command: drive
DEBUG:root:We got a drive command: rawX:-68.750000 and rawY:33.973000
DEBUG:root:Forward to the Left/Straight
DEBUG:root:Left=-102.723000 Right=33.973000
DEBUG:root:ScaledLeft: 143.873250 ScaledRight: 451.439250
INFO:root:Looping....
DEBUG:root:This is the line: drive:35.116:-68.481

DEBUG:root:We got command: drive
DEBUG:root:We got a drive command: rawX:-68.481000 and rawY:35.116000
DEBUG:root:Forward to the Left/Straight
DEBUG:root:Left=-103.597000 Right=35.116000
DEBUG:root:ScaledLeft: 141.906750 ScaledRight: 454.011000
INFO:root:Looping....
DEBUG:root:This is the line: drive:35.857:-68.452

DEBUG:root:We got command: drive
DEBUG:root:We got a drive command: rawX:-68.452000 and rawY:35.857000
DEBUG:root:Forward to the Left/Straight
DEBUG:root:Left=-104.309000 Right=35.857000
DEBUG:root:ScaledLeft: 140.304750 ScaledRight: 455.678250
INFO:root:Looping....
DEBUG:root:This is the line: drive:37.202:-68.155

DEBUG:root:We got command: drive
DEBUG:root:We got a drive command: rawX:-68.155000 and rawY:37.202000
DEBUG:root:Forward to the Left/Straight
DEBUG:root:Left=-105.357000 Right=37.202000
DEBUG:root:ScaledLeft: 137.946750 ScaledRight: 458.704500
INFO:root:Looping....
DEBUG:root:This is the line: drive:38.556:-67.56

DEBUG:root:We got command: drive
DEBUG:root:We got a drive command: rawX:-67.560000 and rawY:38.556000
DEBUG:root:Forward to the Left/Straight
DEBUG:root:Left=-106.116000 Right=38.556000
DEBUG:root:ScaledLeft: 136.239000 ScaledRight: 461.751000
INFO:root:Looping....
DEBUG:root:This is the line: drive:40.361:-67.262

DEBUG:root:We got command: drive
DEBUG:root:We got a drive command: rawX:-67.262000 and rawY:40.361000
DEBUG:root:Forward to the Left/Straight
DEBUG:root:Left=-107.623000 Right=40.361000
DEBUG:root:ScaledLeft: 132.848250 ScaledRight: 465.812250
INFO:root:Looping....
DEBUG:root:This is the line: drive:43.067:-66.746

DEBUG:root:We got command: drive
DEBUG:root:We got a drive command: rawX:-66.746000 and rawY:43.067000
DEBUG:root:Forward to the Left/Straight
DEBUG:root:Left=-109.813000 Right=43.067000
DEBUG:root:ScaledLeft: 127.920750 ScaledRight: 471.900750
INFO:root:Looping....
DEBUG:root:This is the line: drive:44.897:-65.732

DEBUG:root:We got command: drive
DEBUG:root:We got a drive command: rawX:-65.732000 and rawY:44.897000
DEBUG:root:Forward to the Left/Straight
DEBUG:root:Left=-110.629000 Right=44.897000
DEBUG:root:ScaledLeft: 126.084750 ScaledRight: 476.018250
INFO:root:Looping....
DEBUG:root:This is the line: drive:47.139:-65.774

DEBUG:root:We got command: drive
DEBUG:root:We got a drive command: rawX:-65.774000 and rawY:47.139000
DEBUG:root:Forward to the Left/Straight
DEBUG:root:Left=-112.913000 Right=47.139000
DEBUG:root:ScaledLeft: 120.945750 ScaledRight: 481.062750
INFO:root:Looping....
DEBUG:root:This is the line: drive:48.976:-65.774

DEBUG:root:We got command: drive
DEBUG:root:We got a drive command: rawX:-65.774000 and rawY:48.976000
DEBUG:root:Forward to the Left/Straight
DEBUG:root:Left=-114.750000 Right=48.976000
DEBUG:root:ScaledLeft: 116.812500 ScaledRight: 485.196000
INFO:root:Looping....
DEBUG:root:This is the line: drive:51.212:-65.179

DEBUG:root:We got command: drive
DEBUG:root:We got a drive command: rawX:-65.179000 and rawY:51.212000
DEBUG:root:Forward to the Left/Straight
DEBUG:root:Left=-116.391000 Right=51.212000
DEBUG:root:ScaledLeft: 113.120250 ScaledRight: 490.227000
INFO:root:Looping....
DEBUG:root:This is the line: drive:53.095:-64.881

DEBUG:root:We got command: drive
DEBUG:root:We got a drive command: rawX:-64.881000 and rawY:53.095000
DEBUG:root:Forward to the Left/Straight
DEBUG:root:Left=-117.976000 Right=53.095000
DEBUG:root:ScaledLeft: 109.554000 ScaledRight: 494.463750
INFO:root:Looping....
DEBUG:root:This is the line: drive:55.266:-64.881

DEBUG:root:We got command: drive
DEBUG:root:We got a drive command: rawX:-64.881000 and rawY:55.266000
DEBUG:root:Forward to the Left/Straight
DEBUG:root:Left=-120.147000 Right=55.266000
DEBUG:root:ScaledLeft: 104.669250 ScaledRight: 499.348500
INFO:root:Looping....
DEBUG:root:This is the line: drive:56.882:-64.583

DEBUG:root:We got command: drive
DEBUG:root:We got a drive command: rawX:-64.583000 and rawY:56.882000
DEBUG:root:Forward to the Left/Straight
DEBUG:root:Left=-121.465000 Right=56.882000
DEBUG:root:ScaledLeft: 101.703750 ScaledRight: 502.984500
INFO:root:Looping....
DEBUG:root:This is the line: drive:58.41:-64.583

DEBUG:root:We got command: drive
DEBUG:root:We got a drive command: rawX:-64.583000 and rawY:58.410000
DEBUG:root:Forward to the Left/Straight
DEBUG:root:Left=-122.993000 Right=58.410000
DEBUG:root:ScaledLeft: 98.265750 ScaledRight: 506.422500
INFO:root:Looping....
DEBUG:root:This is the line: drive:60.762:-64.286

DEBUG:root:We got command: drive
DEBUG:root:We got a drive command: rawX:-64.286000 and rawY:60.762000
DEBUG:root:Forward to the Left/Straight
DEBUG:root:Left=-125.048000 Right=60.762000
DEBUG:root:ScaledLeft: 93.642000 ScaledRight: 511.714500
INFO:root:Looping....
DEBUG:root:This is the line: drive:64.136:-64.066

DEBUG:root:We got command: drive
DEBUG:root:We got a drive command: rawX:-64.066000 and rawY:64.136000
DEBUG:root:Forward to the Left/Straight
DEBUG:root:Left=-128.202000 Right=64.136000
DEBUG:root:ScaledLeft: 86.545500 ScaledRight: 519.306000
INFO:root:Looping....
DEBUG:root:This is the line: drive:67.764:-63.341

DEBUG:root:We got command: drive
DEBUG:root:We got a drive command: rawX:-63.341000 and rawY:67.764000
DEBUG:root:Forward to the Left/Straight
DEBUG:root:Left=-131.105000 Right=67.764000
DEBUG:root:ScaledLeft: 80.013750 ScaledRight: 527.469000
INFO:root:Looping....
DEBUG:root:This is the line: drive:69.572:-63.243

DEBUG:root:We got command: drive
DEBUG:root:We got a drive command: rawX:-63.243000 and rawY:69.572000
DEBUG:root:Forward to the Left/Straight
DEBUG:root:Left=-132.815000 Right=69.572000
DEBUG:root:ScaledLeft: 76.166250 ScaledRight: 531.537000
INFO:root:Looping....
DEBUG:root:This is the line: drive:71.0:-62.5

DEBUG:root:We got command: drive
DEBUG:root:We got a drive command: rawX:-62.500000 and rawY:71.000000
DEBUG:root:Forward to the Left/Straight
DEBUG:root:Left=-133.500000 Right=71.000000
DEBUG:root:ScaledLeft: 74.625000 ScaledRight: 534.750000
INFO:root:Looping....
DEBUG:root:This is the line: drive:72.714:-62.202

DEBUG:root:We got command: drive
DEBUG:root:We got a drive command: rawX:-62.202000 and rawY:72.714000
DEBUG:root:Forward to the Left/Straight
DEBUG:root:Left=-134.916000 Right=72.714000
DEBUG:root:ScaledLeft: 71.439000 ScaledRight: 538.606500
INFO:root:Looping....
DEBUG:root:This is the line: drive:75.686:-61.31

DEBUG:root:We got command: drive
DEBUG:root:We got a drive command: rawX:-61.310000 and rawY:75.686000
DEBUG:root:Forward to the Left/Straight
DEBUG:root:Left=-136.996000 Right=75.686000
DEBUG:root:ScaledLeft: 66.759000 ScaledRight: 545.293500
INFO:root:Looping....
DEBUG:root:This is the line: drive:78.656:-60.329

DEBUG:root:We got command: drive
DEBUG:root:We got a drive command: rawX:-60.329000 and rawY:78.656000
DEBUG:root:Forward to the Left/Straight
DEBUG:root:Left=-138.985000 Right=78.656000
DEBUG:root:ScaledLeft: 62.283750 ScaledRight: 551.976000
INFO:root:Looping....
DEBUG:root:This is the line: drive:80.478:-59.621

DEBUG:root:We got command: drive
DEBUG:root:We got a drive command: rawX:-59.621000 and rawY:80.478000
DEBUG:root:Forward to the Left/Straight
DEBUG:root:Left=-140.099000 Right=80.478000
DEBUG:root:ScaledLeft: 59.777250 ScaledRight: 556.075500
INFO:root:Looping....
DEBUG:root:This is the line: drive:82.706:-58.929

DEBUG:root:We got command: drive
DEBUG:root:We got a drive command: rawX:-58.929000 and rawY:82.706000
DEBUG:root:Forward to the Left/Straight
DEBUG:root:Left=-141.635000 Right=82.706000
DEBUG:root:ScaledLeft: 56.321250 ScaledRight: 561.088500
INFO:root:Looping....
DEBUG:root:This is the line: drive:85.268:-58.631

DEBUG:root:We got command: drive
DEBUG:root:We got a drive command: rawX:-58.631000 and rawY:85.268000
DEBUG:root:Forward to the Left/Straight
DEBUG:root:Left=-143.899000 Right=85.268000
DEBUG:root:ScaledLeft: 51.227250 ScaledRight: 566.853000
INFO:root:Looping....
DEBUG:root:This is the line: drive:86.013:-58.631

DEBUG:root:We got command: drive
DEBUG:root:We got a drive command: rawX:-58.631000 and rawY:86.013000
DEBUG:root:Forward to the Left/Straight
DEBUG:root:Left=-144.644000 Right=86.013000
DEBUG:root:ScaledLeft: 49.551000 ScaledRight: 568.529250
INFO:root:Looping....
DEBUG:root:This is the line: drive:82.334:-58.631

DEBUG:root:We got command: drive
DEBUG:root:We got a drive command: rawX:-58.631000 and rawY:82.334000
DEBUG:root:Forward to the Left/Straight
DEBUG:root:Left=-140.965000 Right=82.334000
DEBUG:root:ScaledLeft: 57.828750 ScaledRight: 560.251500
INFO:root:Looping....
DEBUG:root:This is the line: drive:73.352:-58.631

DEBUG:root:We got command: drive
DEBUG:root:We got a drive command: rawX:-58.631000 and rawY:73.352000
DEBUG:root:Forward to the Left/Straight
DEBUG:root:Left=-131.983000 Right=73.352000
DEBUG:root:ScaledLeft: 78.038250 ScaledRight: 540.042000
INFO:root:Looping....
DEBUG:root:This is the line: drive:64.442:-58.631

DEBUG:root:We got command: drive
DEBUG:root:We got a drive command: rawX:-58.631000 and rawY:64.442000
DEBUG:root:Forward to the Left/Straight
DEBUG:root:Left=-123.073000 Right=64.442000
DEBUG:root:ScaledLeft: 98.085750 ScaledRight: 519.994500
INFO:root:Looping....
DEBUG:root:This is the line: drive:53.848:-58.631

DEBUG:root:We got command: drive
DEBUG:root:We got a drive command: rawX:-58.631000 and rawY:53.848000
DEBUG:root:Forward to the Left/Straight
DEBUG:root:Left=-112.479000 Right=53.848000
DEBUG:root:ScaledLeft: 121.922250 ScaledRight: 496.158000
INFO:root:Looping....
DEBUG:root:This is the line: drive:48.143:-58.631

DEBUG:root:We got command: drive
DEBUG:root:We got a drive command: rawX:-58.631000 and rawY:48.143000
DEBUG:root:Forward to the Left/Straight
DEBUG:root:Left=-106.774000 Right=48.143000
DEBUG:root:ScaledLeft: 134.758500 ScaledRight: 483.321750
INFO:root:Looping....
DEBUG:root:This is the line: drive:43.115:-58.631

DEBUG:root:We got command: drive
DEBUG:root:We got a drive command: rawX:-58.631000 and rawY:43.115000
DEBUG:root:Forward to the Left/Straight
DEBUG:root:Left=-101.746000 Right=43.115000
DEBUG:root:ScaledLeft: 146.071500 ScaledRight: 472.008750
INFO:root:Looping....
DEBUG:root:This is the line: drive:37.033:-58.631

DEBUG:root:We got command: drive
DEBUG:root:We got a drive command: rawX:-58.631000 and rawY:37.033000
DEBUG:root:Forward to the Left/Straight
DEBUG:root:Left=-95.664000 Right=37.033000
DEBUG:root:ScaledLeft: 159.756000 ScaledRight: 458.324250
INFO:root:Looping....
DEBUG:root:This is the line: drive:31.93:-57.416

DEBUG:root:We got command: drive
DEBUG:root:We got a drive command: rawX:-57.416000 and rawY:31.930000
DEBUG:root:Forward to the Left/Straight
DEBUG:root:Left=-89.346000 Right=31.930000
DEBUG:root:ScaledLeft: 173.971500 ScaledRight: 446.842500
INFO:root:Looping....
DEBUG:root:This is the line: drive:25.225:-55.952

DEBUG:root:We got command: drive
DEBUG:root:We got a drive command: rawX:-55.952000 and rawY:25.225000
DEBUG:root:Forward to the Left/Straight
DEBUG:root:Left=-81.177000 Right=25.225000
DEBUG:root:ScaledLeft: 192.351750 ScaledRight: 431.756250
INFO:root:Looping....
DEBUG:root:This is the line: drive:19.731:-55.06

DEBUG:root:We got command: drive
DEBUG:root:We got a drive command: rawX:-55.060000 and rawY:19.731000
DEBUG:root:Forward to the Left/Straight
DEBUG:root:Left=-74.791000 Right=19.731000
DEBUG:root:ScaledLeft: 206.720250 ScaledRight: 419.394750
INFO:root:Looping....
DEBUG:root:This is the line: drive:13.5:-54.167

DEBUG:root:We got command: drive
DEBUG:root:We got a drive command: rawX:-54.167000 and rawY:13.500000
DEBUG:root:Forward to the Left/Straight
DEBUG:root:Left=-67.667000 Right=13.500000
DEBUG:root:ScaledLeft: 222.749250 ScaledRight: 405.375000
INFO:root:Looping....
DEBUG:root:This is the line: drive:9.143:-53.869

DEBUG:root:We got command: drive
DEBUG:root:We got a drive command: rawX:-53.869000 and rawY:9.143000
DEBUG:root:Forward to the Left/Straight
DEBUG:root:Left=-63.012000 Right=9.143000
DEBUG:root:ScaledLeft: 233.223000 ScaledRight: 395.571750
INFO:root:Looping....
DEBUG:root:This is the line: drive:4.77:-53.869

DEBUG:root:We got command: drive
DEBUG:root:We got a drive command: rawX:-53.869000 and rawY:4.770000
DEBUG:root:Forward to the Left/Straight
DEBUG:root:Left=-58.639000 Right=4.770000
DEBUG:root:ScaledLeft: 243.062250 ScaledRight: 385.732500
INFO:root:Looping....
DEBUG:root:This is the line: drive:-1.041:-53.869

DEBUG:root:We got command: drive
DEBUG:root:We got a drive command: rawX:-53.869000 and rawY:-1.041000
DEBUG:root:Reverse to the Left/Straight
DEBUG:root:Left=-52.828000 Right=-1.041000
DEBUG:root:ScaledLeft: 256.137000 ScaledRight: 372.657750
INFO:root:Looping....
DEBUG:root:This is the line: drive:-4.585:-53.564

DEBUG:root:We got command: drive
DEBUG:root:We got a drive command: rawX:-53.564000 and rawY:-4.585000
DEBUG:root:Reverse to the Left/Straight
DEBUG:root:Left=-48.979000 Right=-4.585000
DEBUG:root:ScaledLeft: 264.797250 ScaledRight: 364.683750
INFO:root:Looping....
DEBUG:root:This is the line: drive:-9.042:-53.274

DEBUG:root:We got command: drive
DEBUG:root:We got a drive command: rawX:-53.274000 and rawY:-9.042000
DEBUG:root:Reverse to the Left/Straight
DEBUG:root:Left=-44.232000 Right=-9.042000
DEBUG:root:ScaledLeft: 275.478000 ScaledRight: 354.655500
INFO:root:Looping....
DEBUG:root:This is the line: drive:-14.207:-53.274

DEBUG:root:We got command: drive
DEBUG:root:We got a drive command: rawX:-53.274000 and rawY:-14.207000
DEBUG:root:Reverse to the Left/Straight
DEBUG:root:Left=-39.067000 Right=-14.207000
DEBUG:root:ScaledLeft: 287.099250 ScaledRight: 343.034250
INFO:root:Looping....
DEBUG:root:This is the line: drive:-20.404:-52.976

DEBUG:root:We got command: drive
DEBUG:root:We got a drive command: rawX:-52.976000 and rawY:-20.404000
DEBUG:root:Reverse to the Left/Straight
DEBUG:root:Left=-32.572000 Right=-20.404000
DEBUG:root:ScaledLeft: 301.713000 ScaledRight: 329.091000
INFO:root:Looping....
DEBUG:root:This is the line: drive:-24.002:-52.976

DEBUG:root:We got command: drive
DEBUG:root:We got a drive command: rawX:-52.976000 and rawY:-24.002000
DEBUG:root:Reverse to the Left/Straight
DEBUG:root:Left=-28.974000 Right=-24.002000
DEBUG:root:ScaledLeft: 309.808500 ScaledRight: 320.995500
INFO:root:Looping....
DEBUG:root:This is the line: drive:-28.483:-52.976

DEBUG:root:We got command: drive
DEBUG:root:We got a drive command: rawX:-52.976000 and rawY:-28.483000
DEBUG:root:Reverse to the Left/Straight
DEBUG:root:Left=-24.493000 Right=-28.483000
DEBUG:root:ScaledLeft: 319.890750 ScaledRight: 310.913250
INFO:root:Looping....
DEBUG:root:This is the line: drive:-31.918:-52.976

DEBUG:root:We got command: drive
DEBUG:root:We got a drive command: rawX:-52.976000 and rawY:-31.918000
DEBUG:root:Reverse to the Left/Straight
DEBUG:root:Left=-21.058000 Right=-31.918000
DEBUG:root:ScaledLeft: 327.619500 ScaledRight: 303.184500
INFO:root:Looping....
DEBUG:root:This is the line: drive:-34.036:-52.976

DEBUG:root:We got command: drive
DEBUG:root:We got a drive command: rawX:-52.976000 and rawY:-34.036000
DEBUG:root:Reverse to the Left/Straight
DEBUG:root:Left=-18.940000 Right=-34.036000
DEBUG:root:ScaledLeft: 332.385000 ScaledRight: 298.419000
INFO:root:Looping....
DEBUG:root:This is the line: drive:-36.304:-52.976

DEBUG:root:We got command: drive
DEBUG:root:We got a drive command: rawX:-52.976000 and rawY:-36.304000
DEBUG:root:Reverse to the Left/Straight
DEBUG:root:Left=-16.672000 Right=-36.304000
DEBUG:root:ScaledLeft: 337.488000 ScaledRight: 293.316000
INFO:root:Looping....
DEBUG:root:This is the line: drive:-38.112:-52.976

DEBUG:root:We got command: drive
DEBUG:root:We got a drive command: rawX:-52.976000 and rawY:-38.112000
DEBUG:root:Reverse to the Left/Straight
DEBUG:root:Left=-14.864000 Right=-38.112000
DEBUG:root:ScaledLeft: 341.556000 ScaledRight: 289.248000
INFO:root:Looping....
DEBUG:root:This is the line: drive:-41.1:-52.976

DEBUG:root:We got command: drive
DEBUG:root:We got a drive command: rawX:-52.976000 and rawY:-41.100000
DEBUG:root:Reverse to the Left/Straight
DEBUG:root:Left=-11.876000 Right=-41.100000
DEBUG:root:ScaledLeft: 348.279000 ScaledRight: 282.525000
INFO:root:Looping....
DEBUG:root:This is the line: drive:-42.714:-52.976

DEBUG:root:We got command: drive
DEBUG:root:We got a drive command: rawX:-52.976000 and rawY:-42.714000
DEBUG:root:Reverse to the Left/Straight
DEBUG:root:Left=-10.262000 Right=-42.714000
DEBUG:root:ScaledLeft: 351.910500 ScaledRight: 278.893500
INFO:root:Looping....
DEBUG:root:This is the line: drive:-42.714:-52.976

DEBUG:root:We got command: drive
DEBUG:root:We got a drive command: rawX:-52.976000 and rawY:-42.714000
DEBUG:root:Reverse to the Left/Straight
DEBUG:root:Left=-10.262000 Right=-42.714000
DEBUG:root:ScaledLeft: 351.910500 ScaledRight: 278.893500
INFO:root:Looping....
DEBUG:root:This is the line: drive:-42.714:-52.976

DEBUG:root:We got command: drive
DEBUG:root:We got a drive command: rawX:-52.976000 and rawY:-42.714000
DEBUG:root:Reverse to the Left/Straight
DEBUG:root:Left=-10.262000 Right=-42.714000
DEBUG:root:ScaledLeft: 351.910500 ScaledRight: 278.893500
INFO:root:Looping....
DEBUG:root:This is the line: drive:-42.714:-52.976

DEBUG:root:We got command: drive
DEBUG:root:We got a drive command: rawX:-52.976000 and rawY:-42.714000
DEBUG:root:Reverse to the Left/Straight
DEBUG:root:Left=-10.262000 Right=-42.714000
DEBUG:root:ScaledLeft: 351.910500 ScaledRight: 278.893500
INFO:root:Looping....
DEBUG:root:This is the line: drive:-42.714:-52.976

DEBUG:root:We got command: drive
DEBUG:root:We got a drive command: rawX:-52.976000 and rawY:-42.714000
DEBUG:root:Reverse to the Left/Straight
DEBUG:root:Left=-10.262000 Right=-42.714000
DEBUG:root:ScaledLeft: 351.910500 ScaledRight: 278.893500
INFO:root:Looping....
DEBUG:root:This is the line: drive:-42.714:-52.976

DEBUG:root:We got command: drive
DEBUG:root:We got a drive command: rawX:-52.976000 and rawY:-42.714000
DEBUG:root:Reverse to the Left/Straight
DEBUG:root:Left=-10.262000 Right=-42.714000
DEBUG:root:ScaledLeft: 351.910500 ScaledRight: 278.893500
INFO:root:Looping....
DEBUG:root:This is the line: drive:-42.714:-52.976

DEBUG:root:We got command: drive
DEBUG:root:We got a drive command: rawX:-52.976000 and rawY:-42.714000
DEBUG:root:Reverse to the Left/Straight
DEBUG:root:Left=-10.262000 Right=-42.714000
DEBUG:root:ScaledLeft: 351.910500 ScaledRight: 278.893500
INFO:root:Looping....
DEBUG:root:This is the line: drive:-42.714:-52.976

DEBUG:root:We got command: drive
DEBUG:root:We got a drive command: rawX:-52.976000 and rawY:-42.714000
DEBUG:root:Reverse to the Left/Straight
DEBUG:root:Left=-10.262000 Right=-42.714000
DEBUG:root:ScaledLeft: 351.910500 ScaledRight: 278.893500
INFO:root:Looping....
DEBUG:root:This is the line: drive:-42.714:-52.976

DEBUG:root:We got command: drive
DEBUG:root:We got a drive command: rawX:-52.976000 and rawY:-42.714000
DEBUG:root:Reverse to the Left/Straight
DEBUG:root:Left=-10.262000 Right=-42.714000
DEBUG:root:ScaledLeft: 351.910500 ScaledRight: 278.893500
INFO:root:Looping....
DEBUG:root:This is the line: drive:-42.714:-52.976

DEBUG:root:We got command: drive
DEBUG:root:We got a drive command: rawX:-52.976000 and rawY:-42.714000
DEBUG:root:Reverse to the Left/Straight
DEBUG:root:Left=-10.262000 Right=-42.714000
DEBUG:root:ScaledLeft: 351.910500 ScaledRight: 278.893500
INFO:root:Looping....
DEBUG:root:This is the line: drive:-42.714:-52.976

DEBUG:root:We got command: drive
DEBUG:root:We got a drive command: rawX:-52.976000 and rawY:-42.714000
DEBUG:root:Reverse to the Left/Straight
DEBUG:root:Left=-10.262000 Right=-42.714000
DEBUG:root:ScaledLeft: 351.910500 ScaledRight: 278.893500
INFO:root:Looping....
DEBUG:root:This is the line: drive:-42.714:-52.976

DEBUG:root:We got command: drive
DEBUG:root:We got a drive command: rawX:-52.976000 and rawY:-42.714000
DEBUG:root:Reverse to the Left/Straight
DEBUG:root:Left=-10.262000 Right=-42.714000
DEBUG:root:ScaledLeft: 351.910500 ScaledRight: 278.893500
INFO:root:Looping....
DEBUG:root:This is the line: drive:0:0

DEBUG:root:We got command: drive
DEBUG:root:We got a drive command: rawX:0.000000 and rawY:0.000000
DEBUG:root:Left=0.000000 Right=0.000000
DEBUG:root:ScaledLeft: 375.000000 ScaledRight: 375.000000
INFO:root:Looping....
DEBUG:root:This is the line: drive:-42.0:-53.274

DEBUG:root:We got command: drive
DEBUG:root:We got a drive command: rawX:-53.274000 and rawY:-42.000000
DEBUG:root:Reverse to the Left/Straight
DEBUG:root:Left=-11.274000 Right=-42.000000
DEBUG:root:ScaledLeft: 349.633500 ScaledRight: 280.500000
INFO:root:Looping....
DEBUG:root:This is the line: drive:22.571:-61.905

DEBUG:root:We got command: drive
DEBUG:root:We got a drive command: rawX:-61.905000 and rawY:22.571000
DEBUG:root:Forward to the Left/Straight
DEBUG:root:Left=-84.476000 Right=22.571000
DEBUG:root:ScaledLeft: 184.929000 ScaledRight: 425.784750
INFO:root:Looping....
DEBUG:root:This is the line: drive:22.571:-61.905

DEBUG:root:We got command: drive
DEBUG:root:We got a drive command: rawX:-61.905000 and rawY:22.571000
DEBUG:root:Forward to the Left/Straight
DEBUG:root:Left=-84.476000 Right=22.571000
DEBUG:root:ScaledLeft: 184.929000 ScaledRight: 425.784750
INFO:root:Looping....
DEBUG:root:This is the line: drive:19.543:-62.202

DEBUG:root:We got command: drive
DEBUG:root:We got a drive command: rawX:-62.202000 and rawY:19.543000
DEBUG:root:Forward to the Left/Straight
DEBUG:root:Left=-81.745000 Right=19.543000
DEBUG:root:ScaledLeft: 191.073750 ScaledRight: 418.971750
INFO:root:Looping....
DEBUG:root:This is the line: drive:17.14:-62.202

DEBUG:root:We got command: drive
DEBUG:root:We got a drive command: rawX:-62.202000 and rawY:17.140000
DEBUG:root:Forward to the Left/Straight
DEBUG:root:Left=-79.342000 Right=17.140000
DEBUG:root:ScaledLeft: 196.480500 ScaledRight: 413.565000
INFO:root:Looping....
DEBUG:root:This is the line: drive:14.259:-62.202

DEBUG:root:We got command: drive
DEBUG:root:We got a drive command: rawX:-62.202000 and rawY:14.259000
DEBUG:root:Forward to the Left/Straight
DEBUG:root:Left=-76.461000 Right=14.259000
DEBUG:root:ScaledLeft: 202.962750 ScaledRight: 407.082750
INFO:root:Looping....
DEBUG:root:This is the line: drive:10.143:-62.202

DEBUG:root:We got command: drive
DEBUG:root:We got a drive command: rawX:-62.202000 and rawY:10.143000
DEBUG:root:Forward to the Left/Straight
DEBUG:root:Left=-72.345000 Right=10.143000
DEBUG:root:ScaledLeft: 212.223750 ScaledRight: 397.821750
INFO:root:Looping....
DEBUG:root:This is the line: drive:7.552:-62.202

DEBUG:root:We got command: drive
DEBUG:root:We got a drive command: rawX:-62.202000 and rawY:7.552000
DEBUG:root:Forward to the Left/Straight
DEBUG:root:Left=-69.754000 Right=7.552000
DEBUG:root:ScaledLeft: 218.053500 ScaledRight: 391.992000
INFO:root:Looping....
DEBUG:root:This is the line: drive:5.304:-62.202

DEBUG:root:We got command: drive
DEBUG:root:We got a drive command: rawX:-62.202000 and rawY:5.304000
DEBUG:root:Forward to the Left/Straight
DEBUG:root:Left=-67.506000 Right=5.304000
DEBUG:root:ScaledLeft: 223.111500 ScaledRight: 386.934000
INFO:root:Looping....
DEBUG:root:This is the line: drive:3.471:-62.202

DEBUG:root:We got command: drive
DEBUG:root:We got a drive command: rawX:-62.202000 and rawY:3.471000
DEBUG:root:Forward to the Left/Straight
DEBUG:root:Left=-65.673000 Right=3.471000
DEBUG:root:ScaledLeft: 227.235750 ScaledRight: 382.809750
INFO:root:Looping....
DEBUG:root:This is the line: drive:0.151:-62.202

DEBUG:root:We got command: drive
DEBUG:root:We got a drive command: rawX:-62.202000 and rawY:0.151000
DEBUG:root:Forward to the Left/Straight
DEBUG:root:Left=-62.353000 Right=0.151000
DEBUG:root:ScaledLeft: 234.705750 ScaledRight: 375.339750
INFO:root:Looping....
DEBUG:root:This is the line: drive:-3.48:-62.202

DEBUG:root:We got command: drive
DEBUG:root:We got a drive command: rawX:-62.202000 and rawY:-3.480000
DEBUG:root:Reverse to the Left/Straight
DEBUG:root:Left=-58.722000 Right=-3.480000
DEBUG:root:ScaledLeft: 242.875500 ScaledRight: 367.170000
INFO:root:Looping....
DEBUG:root:This is the line: drive:-7.82:-62.202

DEBUG:root:We got command: drive
DEBUG:root:We got a drive command: rawX:-62.202000 and rawY:-7.820000
DEBUG:root:Reverse to the Left/Straight
DEBUG:root:Left=-54.382000 Right=-7.820000
DEBUG:root:ScaledLeft: 252.640500 ScaledRight: 357.405000
INFO:root:Looping....
DEBUG:root:This is the line: drive:-11.0:-62.202

DEBUG:root:We got command: drive
DEBUG:root:We got a drive command: rawX:-62.202000 and rawY:-11.000000
DEBUG:root:Reverse to the Left/Straight
DEBUG:root:Left=-51.202000 Right=-11.000000
DEBUG:root:ScaledLeft: 259.795500 ScaledRight: 350.250000
INFO:root:Looping....
DEBUG:root:This is the line: drive:-12.859:-62.202

DEBUG:root:We got command: drive
DEBUG:root:We got a drive command: rawX:-62.202000 and rawY:-12.859000
DEBUG:root:Reverse to the Left/Straight
DEBUG:root:Left=-49.343000 Right=-12.859000
DEBUG:root:ScaledLeft: 263.978250 ScaledRight: 346.067250
INFO:root:Looping....
DEBUG:root:This is the line: drive:-15.109:-62.202

DEBUG:root:We got command: drive
DEBUG:root:We got a drive command: rawX:-62.202000 and rawY:-15.109000
DEBUG:root:Reverse to the Left/Straight
DEBUG:root:Left=-47.093000 Right=-15.109000
DEBUG:root:ScaledLeft: 269.040750 ScaledRight: 341.004750
INFO:root:Looping....
DEBUG:root:This is the line: drive:-16.955:-61.905

DEBUG:root:We got command: drive
DEBUG:root:We got a drive command: rawX:-61.905000 and rawY:-16.955000
DEBUG:root:Reverse to the Left/Straight
DEBUG:root:Left=-44.950000 Right=-16.955000
DEBUG:root:ScaledLeft: 273.862500 ScaledRight: 336.851250
INFO:root:Looping....
DEBUG:root:This is the line: drive:-19.953:-61.607

DEBUG:root:We got command: drive
DEBUG:root:We got a drive command: rawX:-61.607000 and rawY:-19.953000
DEBUG:root:Reverse to the Left/Straight
DEBUG:root:Left=-41.654000 Right=-19.953000
DEBUG:root:ScaledLeft: 281.278500 ScaledRight: 330.105750
INFO:root:Looping....
DEBUG:root:This is the line: drive:-21.25:-61.31

DEBUG:root:We got command: drive
DEBUG:root:We got a drive command: rawX:-61.310000 and rawY:-21.250000
DEBUG:root:Reverse to the Left/Straight
DEBUG:root:Left=-40.060000 Right=-21.250000
DEBUG:root:ScaledLeft: 284.865000 ScaledRight: 327.187500
INFO:root:Looping....
DEBUG:root:This is the line: drive:-22.406:-61.31

DEBUG:root:We got command: drive
DEBUG:root:We got a drive command: rawX:-61.310000 and rawY:-22.406000
DEBUG:root:Reverse to the Left/Straight
DEBUG:root:Left=-38.904000 Right=-22.406000
DEBUG:root:ScaledLeft: 287.466000 ScaledRight: 324.586500
INFO:root:Looping....
DEBUG:root:This is the line: drive:-23.15:-61.012

DEBUG:root:We got command: drive
DEBUG:root:We got a drive command: rawX:-61.012000 and rawY:-23.150000
DEBUG:root:Reverse to the Left/Straight
DEBUG:root:Left=-37.862000 Right=-23.150000
DEBUG:root:ScaledLeft: 289.810500 ScaledRight: 322.912500
INFO:root:Looping....
DEBUG:root:This is the line: drive:-24.714:-60.714

DEBUG:root:We got command: drive
DEBUG:root:We got a drive command: rawX:-60.714000 and rawY:-24.714000
DEBUG:root:Reverse to the Left/Straight
DEBUG:root:Left=-36.000000 Right=-24.714000
DEBUG:root:ScaledLeft: 294.000000 ScaledRight: 319.393500
INFO:root:Looping....
DEBUG:root:This is the line: drive:-25.508:-60.714

DEBUG:root:We got command: drive
DEBUG:root:We got a drive command: rawX:-60.714000 and rawY:-25.508000
DEBUG:root:Reverse to the Left/Straight
DEBUG:root:Left=-35.206000 Right=-25.508000
DEBUG:root:ScaledLeft: 295.786500 ScaledRight: 317.607000
INFO:root:Looping....
DEBUG:root:This is the line: drive:-27.579:-60.558

DEBUG:root:We got command: drive
DEBUG:root:We got a drive command: rawX:-60.558000 and rawY:-27.579000
DEBUG:root:Reverse to the Left/Straight
DEBUG:root:Left=-32.979000 Right=-27.579000
DEBUG:root:ScaledLeft: 300.797250 ScaledRight: 312.947250
INFO:root:Looping....
DEBUG:root:This is the line: drive:-28.993:-60.119

DEBUG:root:We got command: drive
DEBUG:root:We got a drive command: rawX:-60.119000 and rawY:-28.993000
DEBUG:root:Reverse to the Left/Straight
DEBUG:root:Left=-31.126000 Right=-28.993000
DEBUG:root:ScaledLeft: 304.966500 ScaledRight: 309.765750
INFO:root:Looping....
DEBUG:root:This is the line: drive:-29.286:-60.119

DEBUG:root:We got command: drive
DEBUG:root:We got a drive command: rawX:-60.119000 and rawY:-29.286000
DEBUG:root:Reverse to the Left/Straight
DEBUG:root:Left=-30.833000 Right=-29.286000
DEBUG:root:ScaledLeft: 305.625750 ScaledRight: 309.106500
INFO:root:Looping....
DEBUG:root:This is the line: drive:-31.662:-59.524

DEBUG:root:We got command: drive
DEBUG:root:We got a drive command: rawX:-59.524000 and rawY:-31.662000
DEBUG:root:Reverse to the Left/Straight
DEBUG:root:Left=-27.862000 Right=-31.662000
DEBUG:root:ScaledLeft: 312.310500 ScaledRight: 303.760500
INFO:root:Looping....
DEBUG:root:This is the line: drive:-32.585:-58.929

DEBUG:root:We got command: drive
DEBUG:root:We got a drive command: rawX:-58.929000 and rawY:-32.585000
DEBUG:root:Reverse to the Left/Straight
DEBUG:root:Left=-26.344000 Right=-32.585000
DEBUG:root:ScaledLeft: 315.726000 ScaledRight: 301.683750
INFO:root:Looping....
DEBUG:root:This is the line: drive:-34.864:-58.624

DEBUG:root:We got command: drive
DEBUG:root:We got a drive command: rawX:-58.624000 and rawY:-34.864000
DEBUG:root:Reverse to the Left/Straight
DEBUG:root:Left=-23.760000 Right=-34.864000
DEBUG:root:ScaledLeft: 321.540000 ScaledRight: 296.556000
INFO:root:Looping....
DEBUG:root:This is the line: drive:-37.0:-58.036

DEBUG:root:We got command: drive
DEBUG:root:We got a drive command: rawX:-58.036000 and rawY:-37.000000
DEBUG:root:Reverse to the Left/Straight
DEBUG:root:Left=-21.036000 Right=-37.000000
DEBUG:root:ScaledLeft: 327.669000 ScaledRight: 291.750000
INFO:root:Looping....
DEBUG:root:This is the line: drive:-40.48:-57.44

DEBUG:root:We got command: drive
DEBUG:root:We got a drive command: rawX:-57.440000 and rawY:-40.480000
DEBUG:root:Reverse to the Left/Straight
DEBUG:root:Left=-16.960000 Right=-40.480000
DEBUG:root:ScaledLeft: 336.840000 ScaledRight: 283.920000
INFO:root:Looping....
DEBUG:root:This is the line: drive:-45.0:-57.143

DEBUG:root:We got command: drive
DEBUG:root:We got a drive command: rawX:-57.143000 and rawY:-45.000000
DEBUG:root:Reverse to the Left/Straight
DEBUG:root:Left=-12.143000 Right=-45.000000
DEBUG:root:ScaledLeft: 347.678250 ScaledRight: 273.750000
INFO:root:Looping....
DEBUG:root:This is the line: drive:-46.867:-57.143

DEBUG:root:We got command: drive
DEBUG:root:We got a drive command: rawX:-57.143000 and rawY:-46.867000
DEBUG:root:Reverse to the Left/Straight
DEBUG:root:Left=-10.276000 Right=-46.867000
DEBUG:root:ScaledLeft: 351.879000 ScaledRight: 269.549250
INFO:root:Looping....
DEBUG:root:This is the line: drive:-49.107:-57.143

DEBUG:root:We got command: drive
DEBUG:root:We got a drive command: rawX:-57.143000 and rawY:-49.107000
DEBUG:root:Reverse to the Left/Straight
DEBUG:root:Left=-8.036000 Right=-49.107000
DEBUG:root:ScaledLeft: 356.919000 ScaledRight: 264.509250
INFO:root:Looping....
DEBUG:root:This is the line: drive:-50.942:-57.143

DEBUG:root:We got command: drive
DEBUG:root:We got a drive command: rawX:-57.143000 and rawY:-50.942000
DEBUG:root:Reverse to the Left/Straight
DEBUG:root:Left=-6.201000 Right=-50.942000
DEBUG:root:ScaledLeft: 361.047750 ScaledRight: 260.380500
INFO:root:Looping....
DEBUG:root:This is the line: drive:-53.186:-56.845

DEBUG:root:We got command: drive
DEBUG:root:We got a drive command: rawX:-56.845000 and rawY:-53.186000
DEBUG:root:Reverse to the Left/Straight
DEBUG:root:Left=-3.659000 Right=-53.186000
DEBUG:root:ScaledLeft: 366.767250 ScaledRight: 255.331500
INFO:root:Looping....
DEBUG:root:This is the line: drive:-54.07:-56.845

DEBUG:root:We got command: drive
DEBUG:root:We got a drive command: rawX:-56.845000 and rawY:-54.070000
DEBUG:root:Reverse to the Left/Straight
DEBUG:root:Left=-2.775000 Right=-54.070000
DEBUG:root:ScaledLeft: 368.756250 ScaledRight: 253.342500
INFO:root:Looping....
DEBUG:root:This is the line: drive:-54.286:-56.483

DEBUG:root:We got command: drive
DEBUG:root:We got a drive command: rawX:-56.483000 and rawY:-54.286000
DEBUG:root:Reverse to the Left/Straight
DEBUG:root:Left=-2.197000 Right=-54.286000
DEBUG:root:ScaledLeft: 370.056750 ScaledRight: 252.856500
INFO:root:Looping....
DEBUG:root:This is the line: drive:-54.286:-56.219

DEBUG:root:We got command: drive
DEBUG:root:We got a drive command: rawX:-56.219000 and rawY:-54.286000
DEBUG:root:Reverse to the Left/Straight
DEBUG:root:Left=-1.933000 Right=-54.286000
DEBUG:root:ScaledLeft: 370.650750 ScaledRight: 252.856500
INFO:root:Looping....
DEBUG:root:This is the line: drive:-54.286:-56.219

DEBUG:root:We got command: drive
DEBUG:root:We got a drive command: rawX:-56.219000 and rawY:-54.286000
DEBUG:root:Reverse to the Left/Straight
DEBUG:root:Left=-1.933000 Right=-54.286000
DEBUG:root:ScaledLeft: 370.650750 ScaledRight: 252.856500
INFO:root:Looping....
DEBUG:root:This is the line: drive:-54.286:-56.219

DEBUG:root:We got command: drive
DEBUG:root:We got a drive command: rawX:-56.219000 and rawY:-54.286000
DEBUG:root:Reverse to the Left/Straight
DEBUG:root:Left=-1.933000 Right=-54.286000
DEBUG:root:ScaledLeft: 370.650750 ScaledRight: 252.856500
INFO:root:Looping....
DEBUG:root:This is the line: drive:-54.286:-56.219

DEBUG:root:We got command: drive
DEBUG:root:We got a drive command: rawX:-56.219000 and rawY:-54.286000
DEBUG:root:Reverse to the Left/Straight
DEBUG:root:Left=-1.933000 Right=-54.286000
DEBUG:root:ScaledLeft: 370.650750 ScaledRight: 252.856500
INFO:root:Looping....
DEBUG:root:This is the line: drive:-53.433:-55.357

DEBUG:root:We got command: drive
DEBUG:root:We got a drive command: rawX:-55.357000 and rawY:-53.433000
DEBUG:root:Reverse to the Left/Straight
DEBUG:root:Left=-1.924000 Right=-53.433000
DEBUG:root:ScaledLeft: 370.671000 ScaledRight: 254.775750
INFO:root:Looping....
DEBUG:root:This is the line: drive:-51.595:-55.06

DEBUG:root:We got command: drive
DEBUG:root:We got a drive command: rawX:-55.060000 and rawY:-51.595000
DEBUG:root:Reverse to the Left/Straight
DEBUG:root:Left=-3.465000 Right=-51.595000
DEBUG:root:ScaledLeft: 367.203750 ScaledRight: 258.911250
INFO:root:Looping....
DEBUG:root:This is the line: drive:-47.542:-54.077

DEBUG:root:We got command: drive
DEBUG:root:We got a drive command: rawX:-54.077000 and rawY:-47.542000
DEBUG:root:Reverse to the Left/Straight
DEBUG:root:Left=-6.535000 Right=-47.542000
DEBUG:root:ScaledLeft: 360.296250 ScaledRight: 268.030500
INFO:root:Looping....
DEBUG:root:This is the line: drive:-42.503:-53.869

DEBUG:root:We got command: drive
DEBUG:root:We got a drive command: rawX:-53.869000 and rawY:-42.503000
DEBUG:root:Reverse to the Left/Straight
DEBUG:root:Left=-11.366000 Right=-42.503000
DEBUG:root:ScaledLeft: 349.426500 ScaledRight: 279.368250
INFO:root:Looping....
DEBUG:root:This is the line: drive:-36.785:-53.869

DEBUG:root:We got command: drive
DEBUG:root:We got a drive command: rawX:-53.869000 and rawY:-36.785000
DEBUG:root:Reverse to the Left/Straight
DEBUG:root:Left=-17.084000 Right=-36.785000
DEBUG:root:ScaledLeft: 336.561000 ScaledRight: 292.233750
INFO:root:Looping....
DEBUG:root:This is the line: drive:-31.0:-53.869

DEBUG:root:We got command: drive
DEBUG:root:We got a drive command: rawX:-53.869000 and rawY:-31.000000
DEBUG:root:Reverse to the Left/Straight
DEBUG:root:Left=-22.869000 Right=-31.000000
DEBUG:root:ScaledLeft: 323.544750 ScaledRight: 305.250000
INFO:root:Looping....
DEBUG:root:This is the line: drive:-22.17:-53.869

DEBUG:root:We got command: drive
DEBUG:root:We got a drive command: rawX:-53.869000 and rawY:-22.170000
DEBUG:root:Reverse to the Left/Straight
DEBUG:root:Left=-31.699000 Right=-22.170000
DEBUG:root:ScaledLeft: 303.677250 ScaledRight: 325.117500
INFO:root:Looping....
DEBUG:root:This is the line: drive:-14.532:-53.571

DEBUG:root:We got command: drive
DEBUG:root:We got a drive command: rawX:-53.571000 and rawY:-14.532000
DEBUG:root:Reverse to the Left/Straight
DEBUG:root:Left=-39.039000 Right=-14.532000
DEBUG:root:ScaledLeft: 287.162250 ScaledRight: 342.303000
INFO:root:Looping....
DEBUG:root:This is the line: drive:-8.745:-53.274

DEBUG:root:We got command: drive
DEBUG:root:We got a drive command: rawX:-53.274000 and rawY:-8.745000
DEBUG:root:Reverse to the Left/Straight
DEBUG:root:Left=-44.529000 Right=-8.745000
DEBUG:root:ScaledLeft: 274.809750 ScaledRight: 355.323750
INFO:root:Looping....
DEBUG:root:This is the line: drive:-3.583:-52.976

DEBUG:root:We got command: drive
DEBUG:root:We got a drive command: rawX:-52.976000 and rawY:-3.583000
DEBUG:root:Reverse to the Left/Straight
DEBUG:root:Left=-49.393000 Right=-3.583000
DEBUG:root:ScaledLeft: 263.865750 ScaledRight: 366.938250
INFO:root:Looping....
DEBUG:root:This is the line: drive:1.297:-52.976

DEBUG:root:We got command: drive
DEBUG:root:We got a drive command: rawX:-52.976000 and rawY:1.297000
DEBUG:root:Forward to the Left/Straight
DEBUG:root:Left=-54.273000 Right=1.297000
DEBUG:root:ScaledLeft: 252.885750 ScaledRight: 377.918250
INFO:root:Looping....
DEBUG:root:This is the line: drive:7.283:-52.679

DEBUG:root:We got command: drive
DEBUG:root:We got a drive command: rawX:-52.679000 and rawY:7.283000
DEBUG:root:Forward to the Left/Straight
DEBUG:root:Left=-59.962000 Right=7.283000
DEBUG:root:ScaledLeft: 240.085500 ScaledRight: 391.386750
INFO:root:Looping....
DEBUG:root:This is the line: drive:9.143:-52.679

DEBUG:root:We got command: drive
DEBUG:root:We got a drive command: rawX:-52.679000 and rawY:9.143000
DEBUG:root:Forward to the Left/Straight
DEBUG:root:Left=-61.822000 Right=9.143000
DEBUG:root:ScaledLeft: 235.900500 ScaledRight: 395.571750
INFO:root:Looping....
DEBUG:root:This is the line: drive:9.143:-52.679

DEBUG:root:We got command: drive
DEBUG:root:We got a drive command: rawX:-52.679000 and rawY:9.143000
DEBUG:root:Forward to the Left/Straight
DEBUG:root:Left=-61.822000 Right=9.143000
DEBUG:root:ScaledLeft: 235.900500 ScaledRight: 395.571750
INFO:root:Looping....
DEBUG:root:This is the line: drive:16.49:-52.381

DEBUG:root:We got command: drive
DEBUG:root:We got a drive command: rawX:-52.381000 and rawY:16.490000
DEBUG:root:Forward to the Left/Straight
DEBUG:root:Left=-68.871000 Right=16.490000
DEBUG:root:ScaledLeft: 220.040250 ScaledRight: 412.102500
INFO:root:Looping....
DEBUG:root:This is the line: drive:20.035:-51.786

DEBUG:root:We got command: drive
DEBUG:root:We got a drive command: rawX:-51.786000 and rawY:20.035000
DEBUG:root:Forward to the Left/Straight
DEBUG:root:Left=-71.821000 Right=20.035000
DEBUG:root:ScaledLeft: 213.402750 ScaledRight: 420.078750
INFO:root:Looping....
DEBUG:root:This is the line: drive:22.973:-51.786

DEBUG:root:We got command: drive
DEBUG:root:We got a drive command: rawX:-51.786000 and rawY:22.973000
DEBUG:root:Forward to the Left/Straight
DEBUG:root:Left=-74.759000 Right=22.973000
DEBUG:root:ScaledLeft: 206.792250 ScaledRight: 426.689250
INFO:root:Looping....
DEBUG:root:This is the line: drive:26.235:-51.19

DEBUG:root:We got command: drive
DEBUG:root:We got a drive command: rawX:-51.190000 and rawY:26.235000
DEBUG:root:Forward to the Left/Straight
DEBUG:root:Left=-77.425000 Right=26.235000
DEBUG:root:ScaledLeft: 200.793750 ScaledRight: 434.028750
INFO:root:Looping....
DEBUG:root:This is the line: drive:28.473:-50.893

DEBUG:root:We got command: drive
DEBUG:root:We got a drive command: rawX:-50.893000 and rawY:28.473000
DEBUG:root:Forward to the Left/Straight
DEBUG:root:Left=-79.366000 Right=28.473000
DEBUG:root:ScaledLeft: 196.426500 ScaledRight: 439.064250
INFO:root:Looping....
DEBUG:root:This is the line: drive:30.589:-50.893

DEBUG:root:We got command: drive
DEBUG:root:We got a drive command: rawX:-50.893000 and rawY:30.589000
DEBUG:root:Forward to the Left/Straight
DEBUG:root:Left=-81.482000 Right=30.589000
DEBUG:root:ScaledLeft: 191.665500 ScaledRight: 443.825250
INFO:root:Looping....
DEBUG:root:This is the line: drive:32.825:-50.893

DEBUG:root:We got command: drive
DEBUG:root:We got a drive command: rawX:-50.893000 and rawY:32.825000
DEBUG:root:Forward to the Left/Straight
DEBUG:root:Left=-83.718000 Right=32.825000
DEBUG:root:ScaledLeft: 186.634500 ScaledRight: 448.856250
INFO:root:Looping....
DEBUG:root:This is the line: drive:34.586:-50.595

DEBUG:root:We got command: drive
DEBUG:root:We got a drive command: rawX:-50.595000 and rawY:34.586000
DEBUG:root:Forward to the Left/Straight
DEBUG:root:Left=-85.181000 Right=34.586000
DEBUG:root:ScaledLeft: 183.342750 ScaledRight: 452.818500
INFO:root:Looping....
DEBUG:root:This is the line: drive:36.826:-50.0

DEBUG:root:We got command: drive
DEBUG:root:We got a drive command: rawX:-50.000000 and rawY:36.826000
DEBUG:root:Forward to the Left/Straight
DEBUG:root:Left=-86.826000 Right=36.826000
DEBUG:root:ScaledLeft: 179.641500 ScaledRight: 457.858500
INFO:root:Looping....
DEBUG:root:This is the line: drive:39.419:-49.702

DEBUG:root:We got command: drive
DEBUG:root:We got a drive command: rawX:-49.702000 and rawY:39.419000
DEBUG:root:Forward to the Left/Straight
DEBUG:root:Left=-89.121000 Right=39.419000
DEBUG:root:ScaledLeft: 174.477750 ScaledRight: 463.692750
INFO:root:Looping....
DEBUG:root:This is the line: drive:41.571:-49.702

DEBUG:root:We got command: drive
DEBUG:root:We got a drive command: rawX:-49.702000 and rawY:41.571000
DEBUG:root:Forward to the Left/Straight
DEBUG:root:Left=-91.273000 Right=41.571000
DEBUG:root:ScaledLeft: 169.635750 ScaledRight: 468.534750
INFO:root:Looping....
DEBUG:root:This is the line: drive:41.571:-49.702

DEBUG:root:We got command: drive
DEBUG:root:We got a drive command: rawX:-49.702000 and rawY:41.571000
DEBUG:root:Forward to the Left/Straight
DEBUG:root:Left=-91.273000 Right=41.571000
DEBUG:root:ScaledLeft: 169.635750 ScaledRight: 468.534750
INFO:root:Looping....
DEBUG:root:This is the line: drive:41.571:-49.702

DEBUG:root:We got command: drive
DEBUG:root:We got a drive command: rawX:-49.702000 and rawY:41.571000
DEBUG:root:Forward to the Left/Straight
DEBUG:root:Left=-91.273000 Right=41.571000
DEBUG:root:ScaledLeft: 169.635750 ScaledRight: 468.534750
INFO:root:Looping....
DEBUG:root:This is the line: drive:39.189:-49.702

DEBUG:root:We got command: drive
DEBUG:root:We got a drive command: rawX:-49.702000 and rawY:39.189000
DEBUG:root:Forward to the Left/Straight
DEBUG:root:Left=-88.891000 Right=39.189000
DEBUG:root:ScaledLeft: 174.995250 ScaledRight: 463.175250
INFO:root:Looping....
DEBUG:root:This is the line: drive:37.365:-49.702

DEBUG:root:We got command: drive
DEBUG:root:We got a drive command: rawX:-49.702000 and rawY:37.365000
DEBUG:root:Forward to the Left/Straight
DEBUG:root:Left=-87.067000 Right=37.365000
DEBUG:root:ScaledLeft: 179.099250 ScaledRight: 459.071250
INFO:root:Looping....
DEBUG:root:This is the line: drive:34.533:-49.702

DEBUG:root:We got command: drive
DEBUG:root:We got a drive command: rawX:-49.702000 and rawY:34.533000
DEBUG:root:Forward to the Left/Straight
DEBUG:root:Left=-84.235000 Right=34.533000
DEBUG:root:ScaledLeft: 185.471250 ScaledRight: 452.699250
INFO:root:Looping....
DEBUG:root:This is the line: drive:30.744:-49.702

DEBUG:root:We got command: drive
DEBUG:root:We got a drive command: rawX:-49.702000 and rawY:30.744000
DEBUG:root:Forward to the Left/Straight
DEBUG:root:Left=-80.446000 Right=30.744000
DEBUG:root:ScaledLeft: 193.996500 ScaledRight: 444.174000
INFO:root:Looping....
DEBUG:root:This is the line: drive:26.601:-49.702

DEBUG:root:We got command: drive
DEBUG:root:We got a drive command: rawX:-49.702000 and rawY:26.601000
DEBUG:root:Forward to the Left/Straight
DEBUG:root:Left=-76.303000 Right=26.601000
DEBUG:root:ScaledLeft: 203.318250 ScaledRight: 434.852250
INFO:root:Looping....
DEBUG:root:This is the line: drive:24.067:-49.702

DEBUG:root:We got command: drive
DEBUG:root:We got a drive command: rawX:-49.702000 and rawY:24.067000
DEBUG:root:Forward to the Left/Straight
DEBUG:root:Left=-73.769000 Right=24.067000
DEBUG:root:ScaledLeft: 209.019750 ScaledRight: 429.150750
INFO:root:Looping....
DEBUG:root:This is the line: drive:19.057:-49.702

DEBUG:root:We got command: drive
DEBUG:root:We got a drive command: rawX:-49.702000 and rawY:19.057000
DEBUG:root:Forward to the Left/Straight
DEBUG:root:Left=-68.759000 Right=19.057000
DEBUG:root:ScaledLeft: 220.292250 ScaledRight: 417.878250
INFO:root:Looping....
DEBUG:root:This is the line: drive:14.628:-49.702

DEBUG:root:We got command: drive
DEBUG:root:We got a drive command: rawX:-49.702000 and rawY:14.628000
DEBUG:root:Forward to the Left/Straight
DEBUG:root:Left=-64.330000 Right=14.628000
DEBUG:root:ScaledLeft: 230.257500 ScaledRight: 407.913000
INFO:root:Looping....
DEBUG:root:This is the line: drive:11.11:-49.702

DEBUG:root:We got command: drive
DEBUG:root:We got a drive command: rawX:-49.702000 and rawY:11.110000
DEBUG:root:Forward to the Left/Straight
DEBUG:root:Left=-60.812000 Right=11.110000
DEBUG:root:ScaledLeft: 238.173000 ScaledRight: 399.997500
INFO:root:Looping....
DEBUG:root:This is the line: drive:7.926:-49.702

DEBUG:root:We got command: drive
DEBUG:root:We got a drive command: rawX:-49.702000 and rawY:7.926000
DEBUG:root:Forward to the Left/Straight
DEBUG:root:Left=-57.628000 Right=7.926000
DEBUG:root:ScaledLeft: 245.337000 ScaledRight: 392.833500
INFO:root:Looping....
DEBUG:root:This is the line: drive:6.104:-49.702

DEBUG:root:We got command: drive
DEBUG:root:We got a drive command: rawX:-49.702000 and rawY:6.104000
DEBUG:root:Forward to the Left/Straight
DEBUG:root:Left=-55.806000 Right=6.104000
DEBUG:root:ScaledLeft: 249.436500 ScaledRight: 388.734000
INFO:root:Looping....
DEBUG:root:This is the line: drive:2.859:-49.702

DEBUG:root:We got command: drive
DEBUG:root:We got a drive command: rawX:-49.702000 and rawY:2.859000
DEBUG:root:Forward to the Left/Straight
DEBUG:root:Left=-52.561000 Right=2.859000
DEBUG:root:ScaledLeft: 256.737750 ScaledRight: 381.432750
INFO:root:Looping....
DEBUG:root:This is the line: drive:-0.484:-49.702

DEBUG:root:We got command: drive
DEBUG:root:We got a drive command: rawX:-49.702000 and rawY:-0.484000
DEBUG:root:Reverse to the Left/Straight
DEBUG:root:Left=-49.218000 Right=-0.484000
DEBUG:root:ScaledLeft: 264.259500 ScaledRight: 373.911000
INFO:root:Looping....
DEBUG:root:This is the line: drive:-3.075:-49.702

DEBUG:root:We got command: drive
DEBUG:root:We got a drive command: rawX:-49.702000 and rawY:-3.075000
DEBUG:root:Reverse to the Left/Straight
DEBUG:root:Left=-46.627000 Right=-3.075000
DEBUG:root:ScaledLeft: 270.089250 ScaledRight: 368.081250
INFO:root:Looping....
DEBUG:root:This is the line: drive:-4.831:-49.702

DEBUG:root:We got command: drive
DEBUG:root:We got a drive command: rawX:-49.702000 and rawY:-4.831000
DEBUG:root:Reverse to the Left/Straight
DEBUG:root:Left=-44.871000 Right=-4.831000
DEBUG:root:ScaledLeft: 274.040250 ScaledRight: 364.130250
INFO:root:Looping....
DEBUG:root:This is the line: drive:-8.327:-49.702

DEBUG:root:We got command: drive
DEBUG:root:We got a drive command: rawX:-49.702000 and rawY:-8.327000
DEBUG:root:Reverse to the Left/Straight
DEBUG:root:Left=-41.375000 Right=-8.327000
DEBUG:root:ScaledLeft: 281.906250 ScaledRight: 356.264250
INFO:root:Looping....
DEBUG:root:This is the line: drive:-10.513:-49.702

DEBUG:root:We got command: drive
DEBUG:root:We got a drive command: rawX:-49.702000 and rawY:-10.513000
DEBUG:root:Reverse to the Left/Straight
DEBUG:root:Left=-39.189000 Right=-10.513000
DEBUG:root:ScaledLeft: 286.824750 ScaledRight: 351.345750
INFO:root:Looping....
DEBUG:root:This is the line: drive:-12.348:-49.702

DEBUG:root:We got command: drive
DEBUG:root:We got a drive command: rawX:-49.702000 and rawY:-12.348000
DEBUG:root:Reverse to the Left/Straight
DEBUG:root:Left=-37.354000 Right=-12.348000
DEBUG:root:ScaledLeft: 290.953500 ScaledRight: 347.217000
INFO:root:Looping....
DEBUG:root:This is the line: drive:-14.588:-49.405

DEBUG:root:We got command: drive
DEBUG:root:We got a drive command: rawX:-49.405000 and rawY:-14.588000
DEBUG:root:Reverse to the Left/Straight
DEBUG:root:Left=-34.817000 Right=-14.588000
DEBUG:root:ScaledLeft: 296.661750 ScaledRight: 342.177000
INFO:root:Looping....
DEBUG:root:This is the line: drive:-16.506:-48.58

DEBUG:root:We got command: drive
DEBUG:root:We got a drive command: rawX:-48.580000 and rawY:-16.506000
DEBUG:root:Reverse to the Left/Straight
DEBUG:root:Left=-32.074000 Right=-16.506000
DEBUG:root:ScaledLeft: 302.833500 ScaledRight: 337.861500
INFO:root:Looping....
DEBUG:root:This is the line: drive:-17.143:-46.323

DEBUG:root:We got command: drive
DEBUG:root:We got a drive command: rawX:-46.323000 and rawY:-17.143000
DEBUG:root:Reverse to the Left/Straight
DEBUG:root:Left=-29.180000 Right=-17.143000
DEBUG:root:ScaledLeft: 309.345000 ScaledRight: 336.428250
INFO:root:Looping....
DEBUG:root:This is the line: drive:-17.143:-43.245

DEBUG:root:We got command: drive
DEBUG:root:We got a drive command: rawX:-43.245000 and rawY:-17.143000
DEBUG:root:Reverse to the Left/Straight
DEBUG:root:Left=-26.102000 Right=-17.143000
DEBUG:root:ScaledLeft: 316.270500 ScaledRight: 336.428250
INFO:root:Looping....
DEBUG:root:This is the line: drive:-16.665:-35.604

DEBUG:root:We got command: drive
DEBUG:root:We got a drive command: rawX:-35.604000 and rawY:-16.665000
DEBUG:root:Reverse to the Left/Straight
DEBUG:root:Left=-18.939000 Right=-16.665000
DEBUG:root:ScaledLeft: 332.387250 ScaledRight: 337.503750
INFO:root:Looping....
DEBUG:root:This is the line: drive:-15.875:-23.458

DEBUG:root:We got command: drive
DEBUG:root:We got a drive command: rawX:-23.458000 and rawY:-15.875000
DEBUG:root:Reverse to the Left/Straight
DEBUG:root:Left=-7.583000 Right=-15.875000
DEBUG:root:ScaledLeft: 357.938250 ScaledRight: 339.281250
INFO:root:Looping....
DEBUG:root:This is the line: drive:-15.714:-15.286

DEBUG:root:We got command: drive
DEBUG:root:We got a drive command: rawX:-15.286000 and rawY:-15.714000
DEBUG:root:Reverse to the Left/Straight
DEBUG:root:Left=0.428000 Right=-15.714000
DEBUG:root:ScaledLeft: 375.963000 ScaledRight: 339.643500
INFO:root:Looping....
DEBUG:root:This is the line: drive:-14.513:-5.411

DEBUG:root:We got command: drive
DEBUG:root:We got a drive command: rawX:-5.411000 and rawY:-14.513000
DEBUG:root:Reverse to the Left/Straight
DEBUG:root:Left=9.102000 Right=-14.513000
DEBUG:root:ScaledLeft: 395.479500 ScaledRight: 342.345750
INFO:root:Looping....
DEBUG:root:This is the line: drive:-13.143:1.339

DEBUG:root:We got command: drive
DEBUG:root:We got a drive command: rawX:1.339000 and rawY:-13.143000
DEBUG:root:Reverse to the Right
DEBUG:root:Left=13.143000 Right=-14.482000
DEBUG:root:ScaledLeft: 404.571750 ScaledRight: 342.415500
INFO:root:Looping....
DEBUG:root:This is the line: drive:-12.0:6.979

DEBUG:root:We got command: drive
DEBUG:root:We got a drive command: rawX:6.979000 and rawY:-12.000000
DEBUG:root:Reverse to the Right
DEBUG:root:Left=12.000000 Right=-18.979000
DEBUG:root:ScaledLeft: 402.000000 ScaledRight: 332.297250
INFO:root:Looping....
DEBUG:root:This is the line: drive:-9.714:13.988

DEBUG:root:We got command: drive
DEBUG:root:We got a drive command: rawX:13.988000 and rawY:-9.714000
DEBUG:root:Reverse to the Right
DEBUG:root:Left=9.714000 Right=-23.702000
DEBUG:root:ScaledLeft: 396.856500 ScaledRight: 321.670500
INFO:root:Looping....
DEBUG:root:This is the line: drive:-9.429:16.316

DEBUG:root:We got command: drive
DEBUG:root:We got a drive command: rawX:16.316000 and rawY:-9.429000
DEBUG:root:Reverse to the Right
DEBUG:root:Left=9.429000 Right=-25.745000
DEBUG:root:ScaledLeft: 396.215250 ScaledRight: 317.073750
INFO:root:Looping....
DEBUG:root:This is the line: drive:-9.429:20.692

DEBUG:root:We got command: drive
DEBUG:root:We got a drive command: rawX:20.692000 and rawY:-9.429000
DEBUG:root:Reverse to the Right
DEBUG:root:Left=9.429000 Right=-30.121000
DEBUG:root:ScaledLeft: 396.215250 ScaledRight: 307.227750
INFO:root:Looping....
DEBUG:root:This is the line: drive:-9.922:22.538

DEBUG:root:We got command: drive
DEBUG:root:We got a drive command: rawX:22.538000 and rawY:-9.922000
DEBUG:root:Reverse to the Right
DEBUG:root:Left=9.922000 Right=-32.460000
DEBUG:root:ScaledLeft: 397.324500 ScaledRight: 301.965000
INFO:root:Looping....
DEBUG:root:This is the line: drive:-12.071:24.776

DEBUG:root:We got command: drive
DEBUG:root:We got a drive command: rawX:24.776000 and rawY:-12.071000
DEBUG:root:Reverse to the Right
DEBUG:root:Left=12.071000 Right=-36.847000
DEBUG:root:ScaledLeft: 402.159750 ScaledRight: 292.094250
INFO:root:Looping....
DEBUG:root:This is the line: drive:-13.944:26.43

DEBUG:root:We got command: drive
DEBUG:root:We got a drive command: rawX:26.430000 and rawY:-13.944000
DEBUG:root:Reverse to the Right
DEBUG:root:Left=13.944000 Right=-40.374000
DEBUG:root:ScaledLeft: 406.374000 ScaledRight: 284.158500
INFO:root:Looping....
DEBUG:root:This is the line: drive:-17.707:26.882

DEBUG:root:We got command: drive
DEBUG:root:We got a drive command: rawX:26.882000 and rawY:-17.707000
DEBUG:root:Reverse to the Right
DEBUG:root:Left=17.707000 Right=-44.589000
DEBUG:root:ScaledLeft: 414.840750 ScaledRight: 274.674750
INFO:root:Looping....
DEBUG:root:This is the line: drive:-24.286:28.572

DEBUG:root:We got command: drive
DEBUG:root:We got a drive command: rawX:28.572000 and rawY:-24.286000
DEBUG:root:Reverse to the Right
DEBUG:root:Left=24.286000 Right=-52.858000
DEBUG:root:ScaledLeft: 429.643500 ScaledRight: 256.069500
INFO:root:Looping....
DEBUG:root:This is the line: drive:-28.528:28.571

DEBUG:root:We got command: drive
DEBUG:root:We got a drive command: rawX:28.571000 and rawY:-28.528000
DEBUG:root:Reverse to the Right
DEBUG:root:Left=28.528000 Right=-57.099000
DEBUG:root:ScaledLeft: 439.188000 ScaledRight: 246.527250
INFO:root:Looping....
DEBUG:root:This is the line: drive:-33.016:28.571

DEBUG:root:We got command: drive
DEBUG:root:We got a drive command: rawX:28.571000 and rawY:-33.016000
DEBUG:root:Reverse to the Right
DEBUG:root:Left=33.016000 Right=-61.587000
DEBUG:root:ScaledLeft: 449.286000 ScaledRight: 236.429250
INFO:root:Looping....
DEBUG:root:This is the line: drive:-36.685:28.571

DEBUG:root:We got command: drive
DEBUG:root:We got a drive command: rawX:28.571000 and rawY:-36.685000
DEBUG:root:Reverse to the Right
DEBUG:root:Left=36.685000 Right=-65.256000
DEBUG:root:ScaledLeft: 457.541250 ScaledRight: 228.174000
INFO:root:Looping....
DEBUG:root:This is the line: drive:-41.156:28.727

DEBUG:root:We got command: drive
DEBUG:root:We got a drive command: rawX:28.727000 and rawY:-41.156000
DEBUG:root:Reverse to the Right
DEBUG:root:Left=41.156000 Right=-69.883000
DEBUG:root:ScaledLeft: 467.601000 ScaledRight: 217.763250
INFO:root:Looping....
DEBUG:root:This is the line: drive:-46.194:29.167

DEBUG:root:We got command: drive
DEBUG:root:We got a drive command: rawX:29.167000 and rawY:-46.194000
DEBUG:root:Reverse to the Right
DEBUG:root:Left=46.194000 Right=-75.361000
DEBUG:root:ScaledLeft: 478.936500 ScaledRight: 205.437750
INFO:root:Looping....
DEBUG:root:This is the line: drive:-49.201:30.06

DEBUG:root:We got command: drive
DEBUG:root:We got a drive command: rawX:30.060000 and rawY:-49.201000
DEBUG:root:Reverse to the Right
DEBUG:root:Left=49.201000 Right=-79.261000
DEBUG:root:ScaledLeft: 485.702250 ScaledRight: 196.662750
INFO:root:Looping....
DEBUG:root:This is the line: drive:-51.286:30.655

DEBUG:root:We got command: drive
DEBUG:root:We got a drive command: rawX:30.655000 and rawY:-51.286000
DEBUG:root:Reverse to the Right
DEBUG:root:Left=51.286000 Right=-81.941000
DEBUG:root:ScaledLeft: 490.393500 ScaledRight: 190.632750
INFO:root:Looping....
DEBUG:root:This is the line: drive:-53.321:31.138

DEBUG:root:We got command: drive
DEBUG:root:We got a drive command: rawX:31.138000 and rawY:-53.321000
DEBUG:root:Reverse to the Right
DEBUG:root:Left=53.321000 Right=-84.459000
DEBUG:root:ScaledLeft: 494.972250 ScaledRight: 184.967250
INFO:root:Looping....
DEBUG:root:This is the line: drive:-54.429:31.696

DEBUG:root:We got command: drive
DEBUG:root:We got a drive command: rawX:31.696000 and rawY:-54.429000
DEBUG:root:Reverse to the Right
DEBUG:root:Left=54.429000 Right=-86.125000
DEBUG:root:ScaledLeft: 497.465250 ScaledRight: 181.218750
INFO:root:Looping....
DEBUG:root:This is the line: drive:-54.286:31.923

DEBUG:root:We got command: drive
DEBUG:root:We got a drive command: rawX:31.923000 and rawY:-54.286000
DEBUG:root:Reverse to the Right
DEBUG:root:Left=54.286000 Right=-86.209000
DEBUG:root:ScaledLeft: 497.143500 ScaledRight: 181.029750
INFO:root:Looping....
DEBUG:root:This is the line: drive:-55.209:31.845

DEBUG:root:We got command: drive
DEBUG:root:We got a drive command: rawX:31.845000 and rawY:-55.209000
DEBUG:root:Reverse to the Right
DEBUG:root:Left=55.209000 Right=-87.054000
DEBUG:root:ScaledLeft: 499.220250 ScaledRight: 179.128500
INFO:root:Looping....
DEBUG:root:This is the line: drive:-56.785:31.845

DEBUG:root:We got command: drive
DEBUG:root:We got a drive command: rawX:31.845000 and rawY:-56.785000
DEBUG:root:Reverse to the Right
DEBUG:root:Left=56.785000 Right=-88.630000
DEBUG:root:ScaledLeft: 502.766250 ScaledRight: 175.582500
INFO:root:Looping....
DEBUG:root:This is the line: drive:-57.266:31.845

DEBUG:root:We got command: drive
DEBUG:root:We got a drive command: rawX:31.845000 and rawY:-57.266000
DEBUG:root:Reverse to the Right
DEBUG:root:Left=57.266000 Right=-89.111000
DEBUG:root:ScaledLeft: 503.848500 ScaledRight: 174.500250
INFO:root:Looping....
DEBUG:root:This is the line: drive:-57.475:31.845

DEBUG:root:We got command: drive
DEBUG:root:We got a drive command: rawX:31.845000 and rawY:-57.475000
DEBUG:root:Reverse to the Right
DEBUG:root:Left=57.475000 Right=-89.320000
DEBUG:root:ScaledLeft: 504.318750 ScaledRight: 174.030000
INFO:root:Looping....
DEBUG:root:This is the line: drive:-58.627:31.845

DEBUG:root:We got command: drive
DEBUG:root:We got a drive command: rawX:31.845000 and rawY:-58.627000
DEBUG:root:Reverse to the Right
DEBUG:root:Left=58.627000 Right=-90.472000
DEBUG:root:ScaledLeft: 506.910750 ScaledRight: 171.438000
INFO:root:Looping....
DEBUG:root:This is the line: drive:-60.518:31.845

DEBUG:root:We got command: drive
DEBUG:root:We got a drive command: rawX:31.845000 and rawY:-60.518000
DEBUG:root:Reverse to the Right
DEBUG:root:Left=60.518000 Right=-92.363000
DEBUG:root:ScaledLeft: 511.165500 ScaledRight: 167.183250
INFO:root:Looping....
DEBUG:root:This is the line: drive:-64.241:28.916

DEBUG:root:We got command: drive
DEBUG:root:We got a drive command: rawX:28.916000 and rawY:-64.241000
DEBUG:root:Reverse to the Right
DEBUG:root:Left=64.241000 Right=-93.157000
DEBUG:root:ScaledLeft: 519.542250 ScaledRight: 165.396750
INFO:root:Looping....
DEBUG:root:This is the line: drive:-66.708:24.418

DEBUG:root:We got command: drive
DEBUG:root:We got a drive command: rawX:24.418000 and rawY:-66.708000
DEBUG:root:Reverse to the Right
DEBUG:root:Left=66.708000 Right=-91.126000
DEBUG:root:ScaledLeft: 525.093000 ScaledRight: 169.966500
INFO:root:Looping....
DEBUG:root:This is the line: drive:-68.488:20.71

DEBUG:root:We got command: drive
DEBUG:root:We got a drive command: rawX:20.710000 and rawY:-68.488000
DEBUG:root:Reverse to the Right
DEBUG:root:Left=68.488000 Right=-89.198000
DEBUG:root:ScaledLeft: 529.098000 ScaledRight: 174.304500
INFO:root:Looping....
DEBUG:root:This is the line: drive:-70.644:16.217

DEBUG:root:We got command: drive
DEBUG:root:We got a drive command: rawX:16.217000 and rawY:-70.644000
DEBUG:root:Reverse to the Right
DEBUG:root:Left=70.644000 Right=-86.861000
DEBUG:root:ScaledLeft: 533.949000 ScaledRight: 179.562750
INFO:root:Looping....
DEBUG:root:This is the line: drive:-72.424:14.142

DEBUG:root:We got command: drive
DEBUG:root:We got a drive command: rawX:14.142000 and rawY:-72.424000
DEBUG:root:Reverse to the Right
DEBUG:root:Left=72.424000 Right=-86.566000
DEBUG:root:ScaledLeft: 537.954000 ScaledRight: 180.226500
INFO:root:Looping....
DEBUG:root:This is the line: drive:-74.578:11.898

DEBUG:root:We got command: drive
DEBUG:root:We got a drive command: rawX:11.898000 and rawY:-74.578000
DEBUG:root:Reverse to the Right
DEBUG:root:Left=74.578000 Right=-86.476000
DEBUG:root:ScaledLeft: 542.800500 ScaledRight: 180.429000
INFO:root:Looping....
DEBUG:root:This is the line: drive:-75.88:9.648

DEBUG:root:We got command: drive
DEBUG:root:We got a drive command: rawX:9.648000 and rawY:-75.880000
DEBUG:root:Reverse to the Right
DEBUG:root:Left=75.880000 Right=-85.528000
DEBUG:root:ScaledLeft: 545.730000 ScaledRight: 182.562000
INFO:root:Looping....
DEBUG:root:This is the line: drive:-77.286:8.929

DEBUG:root:We got command: drive
DEBUG:root:We got a drive command: rawX:8.929000 and rawY:-77.286000
DEBUG:root:Reverse to the Right
DEBUG:root:Left=77.286000 Right=-86.215000
DEBUG:root:ScaledLeft: 548.893500 ScaledRight: 181.016250
INFO:root:Looping....
DEBUG:root:This is the line: drive:-78.499:8.333

DEBUG:root:We got command: drive
DEBUG:root:We got a drive command: rawX:8.333000 and rawY:-78.499000
DEBUG:root:Reverse to the Right
DEBUG:root:Left=78.499000 Right=-86.832000
DEBUG:root:ScaledLeft: 551.622750 ScaledRight: 179.628000
INFO:root:Looping....
DEBUG:root:This is the line: drive:-79.942:7.738

DEBUG:root:We got command: drive
DEBUG:root:We got a drive command: rawX:7.738000 and rawY:-79.942000
DEBUG:root:Reverse to the Right
DEBUG:root:Left=79.942000 Right=-87.680000
DEBUG:root:ScaledLeft: 554.869500 ScaledRight: 177.720000
INFO:root:Looping....
DEBUG:root:This is the line: drive:-81.897:7.738

DEBUG:root:We got command: drive
DEBUG:root:We got a drive command: rawX:7.738000 and rawY:-81.897000
DEBUG:root:Reverse to the Right
DEBUG:root:Left=81.897000 Right=-89.635000
DEBUG:root:ScaledLeft: 559.268250 ScaledRight: 173.321250
INFO:root:Looping....
DEBUG:root:This is the line: drive:-83.0:7.44

DEBUG:root:We got command: drive
DEBUG:root:We got a drive command: rawX:7.440000 and rawY:-83.000000
DEBUG:root:Reverse to the Right
DEBUG:root:Left=83.000000 Right=-90.440000
DEBUG:root:ScaledLeft: 561.750000 ScaledRight: 171.510000
INFO:root:Looping....
DEBUG:root:This is the line: drive:-83.942:7.143

DEBUG:root:We got command: drive
DEBUG:root:We got a drive command: rawX:7.143000 and rawY:-83.942000
DEBUG:root:Reverse to the Right
DEBUG:root:Left=83.942000 Right=-91.085000
DEBUG:root:ScaledLeft: 563.869500 ScaledRight: 170.058750
INFO:root:Looping....
DEBUG:root:This is the line: drive:-85.0:6.845

DEBUG:root:We got command: drive
DEBUG:root:We got a drive command: rawX:6.845000 and rawY:-85.000000
DEBUG:root:Reverse to the Right
DEBUG:root:Left=85.000000 Right=-91.845000
DEBUG:root:ScaledLeft: 566.250000 ScaledRight: 168.348750
INFO:root:Looping....
DEBUG:root:This is the line: drive:-85.19:6.845

DEBUG:root:We got command: drive
DEBUG:root:We got a drive command: rawX:6.845000 and rawY:-85.190000
DEBUG:root:Reverse to the Right
DEBUG:root:Left=85.190000 Right=-92.035000
DEBUG:root:ScaledLeft: 566.677500 ScaledRight: 167.921250
INFO:root:Looping....
DEBUG:root:This is the line: drive:-86.039:6.845

DEBUG:root:We got command: drive
DEBUG:root:We got a drive command: rawX:6.845000 and rawY:-86.039000
DEBUG:root:Reverse to the Right
DEBUG:root:Left=86.039000 Right=-92.884000
DEBUG:root:ScaledLeft: 568.587750 ScaledRight: 166.011000
INFO:root:Looping....
DEBUG:root:This is the line: drive:-86.306:6.845

DEBUG:root:We got command: drive
DEBUG:root:We got a drive command: rawX:6.845000 and rawY:-86.306000
DEBUG:root:Reverse to the Right
DEBUG:root:Left=86.306000 Right=-93.151000
DEBUG:root:ScaledLeft: 569.188500 ScaledRight: 165.410250
INFO:root:Looping....
DEBUG:root:This is the line: drive:-87.185:6.845

DEBUG:root:We got command: drive
DEBUG:root:We got a drive command: rawX:6.845000 and rawY:-87.185000
DEBUG:root:Reverse to the Right
DEBUG:root:Left=87.185000 Right=-94.030000
DEBUG:root:ScaledLeft: 571.166250 ScaledRight: 163.432500
INFO:root:Looping....
DEBUG:root:This is the line: drive:-87.185:6.845

DEBUG:root:We got command: drive
DEBUG:root:We got a drive command: rawX:6.845000 and rawY:-87.185000
DEBUG:root:Reverse to the Right
DEBUG:root:Left=87.185000 Right=-94.030000
DEBUG:root:ScaledLeft: 571.166250 ScaledRight: 163.432500
INFO:root:Looping....
DEBUG:root:This is the line: drive:-87.471:6.845

DEBUG:root:We got command: drive
DEBUG:root:We got a drive command: rawX:6.845000 and rawY:-87.471000
DEBUG:root:Reverse to the Right
DEBUG:root:Left=87.471000 Right=-94.316000
DEBUG:root:ScaledLeft: 571.809750 ScaledRight: 162.789000
INFO:root:Looping....
DEBUG:root:This is the line: drive:-88.025:6.845

DEBUG:root:We got command: drive
DEBUG:root:We got a drive command: rawX:6.845000 and rawY:-88.025000
DEBUG:root:Reverse to the Right
DEBUG:root:Left=88.025000 Right=-94.870000
DEBUG:root:ScaledLeft: 573.056250 ScaledRight: 161.542500
INFO:root:Looping....
DEBUG:root:This is the line: drive:-88.025:6.845

DEBUG:root:We got command: drive
DEBUG:root:We got a drive command: rawX:6.845000 and rawY:-88.025000
DEBUG:root:Reverse to the Right
DEBUG:root:Left=88.025000 Right=-94.870000
DEBUG:root:ScaledLeft: 573.056250 ScaledRight: 161.542500
INFO:root:Looping....
DEBUG:root:This is the line: drive:-88.025:6.845

DEBUG:root:We got command: drive
DEBUG:root:We got a drive command: rawX:6.845000 and rawY:-88.025000
DEBUG:root:Reverse to the Right
DEBUG:root:Left=88.025000 Right=-94.870000
DEBUG:root:ScaledLeft: 573.056250 ScaledRight: 161.542500
INFO:root:Looping....
DEBUG:root:This is the line: drive:-88.304:6.845

DEBUG:root:We got command: drive
DEBUG:root:We got a drive command: rawX:6.845000 and rawY:-88.304000
DEBUG:root:Reverse to the Right
DEBUG:root:Left=88.304000 Right=-95.149000
DEBUG:root:ScaledLeft: 573.684000 ScaledRight: 160.914750
INFO:root:Looping....
DEBUG:root:This is the line: drive:-88.304:6.845

DEBUG:root:We got command: drive
DEBUG:root:We got a drive command: rawX:6.845000 and rawY:-88.304000
DEBUG:root:Reverse to the Right
DEBUG:root:Left=88.304000 Right=-95.149000
DEBUG:root:ScaledLeft: 573.684000 ScaledRight: 160.914750
INFO:root:Looping....
DEBUG:root:This is the line: drive:-88.304:6.845

DEBUG:root:We got command: drive
DEBUG:root:We got a drive command: rawX:6.845000 and rawY:-88.304000
DEBUG:root:Reverse to the Right
DEBUG:root:Left=88.304000 Right=-95.149000
DEBUG:root:ScaledLeft: 573.684000 ScaledRight: 160.914750
INFO:root:Looping....
DEBUG:root:This is the line: drive:-88.583:6.845

DEBUG:root:We got command: drive
DEBUG:root:We got a drive command: rawX:6.845000 and rawY:-88.583000
DEBUG:root:Reverse to the Right
DEBUG:root:Left=88.583000 Right=-95.428000
DEBUG:root:ScaledLeft: 574.311750 ScaledRight: 160.287000
INFO:root:Looping....
DEBUG:root:This is the line: drive:-88.583:6.845

DEBUG:root:We got command: drive
DEBUG:root:We got a drive command: rawX:6.845000 and rawY:-88.583000
DEBUG:root:Reverse to the Right
DEBUG:root:Left=88.583000 Right=-95.428000
DEBUG:root:ScaledLeft: 574.311750 ScaledRight: 160.287000
INFO:root:Looping....
DEBUG:root:This is the line: drive:-88.583:6.845

DEBUG:root:We got command: drive
DEBUG:root:We got a drive command: rawX:6.845000 and rawY:-88.583000
DEBUG:root:Reverse to the Right
DEBUG:root:Left=88.583000 Right=-95.428000
DEBUG:root:ScaledLeft: 574.311750 ScaledRight: 160.287000
INFO:root:Looping....
DEBUG:root:This is the line: drive:-88.871:6.845

DEBUG:root:We got command: drive
DEBUG:root:We got a drive command: rawX:6.845000 and rawY:-88.871000
DEBUG:root:Reverse to the Right
DEBUG:root:Left=88.871000 Right=-95.716000
DEBUG:root:ScaledLeft: 574.959750 ScaledRight: 159.639000
INFO:root:Looping....
DEBUG:root:This is the line: drive:-88.871:6.845

DEBUG:root:We got command: drive
DEBUG:root:We got a drive command: rawX:6.845000 and rawY:-88.871000
DEBUG:root:Reverse to the Right
DEBUG:root:Left=88.871000 Right=-95.716000
DEBUG:root:ScaledLeft: 574.959750 ScaledRight: 159.639000
INFO:root:Looping....
DEBUG:root:This is the line: drive:-88.871:6.845

DEBUG:root:We got command: drive
DEBUG:root:We got a drive command: rawX:6.845000 and rawY:-88.871000
DEBUG:root:Reverse to the Right
DEBUG:root:Left=88.871000 Right=-95.716000
DEBUG:root:ScaledLeft: 574.959750 ScaledRight: 159.639000
INFO:root:Looping....
DEBUG:root:This is the line: drive:-87.468:6.845

DEBUG:root:We got command: drive
DEBUG:root:We got a drive command: rawX:6.845000 and rawY:-87.468000
DEBUG:root:Reverse to the Right
DEBUG:root:Left=87.468000 Right=-94.313000
DEBUG:root:ScaledLeft: 571.803000 ScaledRight: 162.795750
INFO:root:Looping....
DEBUG:root:This is the line: drive:-76.098:8.316

DEBUG:root:We got command: drive
DEBUG:root:We got a drive command: rawX:8.316000 and rawY:-76.098000
DEBUG:root:Reverse to the Right
DEBUG:root:Left=76.098000 Right=-84.414000
DEBUG:root:ScaledLeft: 546.220500 ScaledRight: 185.068500
INFO:root:Looping....
DEBUG:root:This is the line: drive:-63.286:9.97

DEBUG:root:We got command: drive
DEBUG:root:We got a drive command: rawX:9.970000 and rawY:-63.286000
DEBUG:root:Reverse to the Right
DEBUG:root:Left=63.286000 Right=-73.256000
DEBUG:root:ScaledLeft: 517.393500 ScaledRight: 210.174000
INFO:root:Looping....
DEBUG:root:This is the line: drive:-46.462:10.714

DEBUG:root:We got command: drive
DEBUG:root:We got a drive command: rawX:10.714000 and rawY:-46.462000
DEBUG:root:Reverse to the Right
DEBUG:root:Left=46.462000 Right=-57.176000
DEBUG:root:ScaledLeft: 479.539500 ScaledRight: 246.354000
INFO:root:Looping....
DEBUG:root:This is the line: drive:-36.857:10.714

DEBUG:root:We got command: drive
DEBUG:root:We got a drive command: rawX:10.714000 and rawY:-36.857000
DEBUG:root:Reverse to the Right
DEBUG:root:Left=36.857000 Right=-47.571000
DEBUG:root:ScaledLeft: 457.928250 ScaledRight: 267.965250
INFO:root:Looping....
DEBUG:root:This is the line: drive:-29.201:10.714

DEBUG:root:We got command: drive
DEBUG:root:We got a drive command: rawX:10.714000 and rawY:-29.201000
DEBUG:root:Reverse to the Right
DEBUG:root:Left=29.201000 Right=-39.915000
DEBUG:root:ScaledLeft: 440.702250 ScaledRight: 285.191250
INFO:root:Looping....
DEBUG:root:This is the line: drive:-21.15:10.714

DEBUG:root:We got command: drive
DEBUG:root:We got a drive command: rawX:10.714000 and rawY:-21.150000
DEBUG:root:Reverse to the Right
DEBUG:root:Left=21.150000 Right=-31.864000
DEBUG:root:ScaledLeft: 422.587500 ScaledRight: 303.306000
INFO:root:Looping....
DEBUG:root:This is the line: drive:-14.09:10.714

DEBUG:root:We got command: drive
DEBUG:root:We got a drive command: rawX:10.714000 and rawY:-14.090000
DEBUG:root:Reverse to the Right
DEBUG:root:Left=14.090000 Right=-24.804000
DEBUG:root:ScaledLeft: 406.702500 ScaledRight: 319.191000
INFO:root:Looping....
DEBUG:root:This is the line: drive:-6.143:10.714

DEBUG:root:We got command: drive
DEBUG:root:We got a drive command: rawX:10.714000 and rawY:-6.143000
DEBUG:root:Reverse to the Right
DEBUG:root:Left=6.143000 Right=-16.857000
DEBUG:root:ScaledLeft: 388.821750 ScaledRight: 337.071750
INFO:root:Looping....
DEBUG:root:This is the line: drive:1.548:10.858

DEBUG:root:We got command: drive
DEBUG:root:We got a drive command: rawX:10.858000 and rawY:1.548000
DEBUG:root:Forward to the Right
DEBUG:root:Left=-1.548000 Right=-9.310000
DEBUG:root:ScaledLeft: 371.517000 ScaledRight: 354.052500
INFO:root:Looping....
DEBUG:root:This is the line: drive:12.221:11.012

DEBUG:root:We got command: drive
DEBUG:root:We got a drive command: rawX:11.012000 and rawY:12.221000
DEBUG:root:Forward to the Right
DEBUG:root:Left=-12.221000 Right=1.209000
DEBUG:root:ScaledLeft: 347.502750 ScaledRight: 377.720250
INFO:root:Looping....
DEBUG:root:This is the line: drive:21.182:11.012

DEBUG:root:We got command: drive
DEBUG:root:We got a drive command: rawX:11.012000 and rawY:21.182000
DEBUG:root:Forward to the Right
DEBUG:root:Left=-21.182000 Right=10.170000
DEBUG:root:ScaledLeft: 327.340500 ScaledRight: 397.882500
INFO:root:Looping....
DEBUG:root:This is the line: drive:28.276:11.012

DEBUG:root:We got command: drive
DEBUG:root:We got a drive command: rawX:11.012000 and rawY:28.276000
DEBUG:root:Forward to the Right
DEBUG:root:Left=-28.276000 Right=17.264000
DEBUG:root:ScaledLeft: 311.379000 ScaledRight: 413.844000
INFO:root:Looping....
DEBUG:root:This is the line: drive:36.249:11.012

DEBUG:root:We got command: drive
DEBUG:root:We got a drive command: rawX:11.012000 and rawY:36.249000
DEBUG:root:Forward to the Right
DEBUG:root:Left=-36.249000 Right=25.237000
DEBUG:root:ScaledLeft: 293.439750 ScaledRight: 431.783250
INFO:root:Looping....
DEBUG:root:This is the line: drive:42.052:11.012

DEBUG:root:We got command: drive
DEBUG:root:We got a drive command: rawX:11.012000 and rawY:42.052000
DEBUG:root:Forward to the Right
DEBUG:root:Left=-42.052000 Right=31.040000
DEBUG:root:ScaledLeft: 280.383000 ScaledRight: 444.840000
INFO:root:Looping....
DEBUG:root:This is the line: drive:49.713:11.012

DEBUG:root:We got command: drive
DEBUG:root:We got a drive command: rawX:11.012000 and rawY:49.713000
DEBUG:root:Forward to the Right
DEBUG:root:Left=-49.713000 Right=38.701000
DEBUG:root:ScaledLeft: 263.145750 ScaledRight: 462.077250
INFO:root:Looping....
DEBUG:root:This is the line: drive:53.436:11.012

DEBUG:root:We got command: drive
DEBUG:root:We got a drive command: rawX:11.012000 and rawY:53.436000
DEBUG:root:Forward to the Right
DEBUG:root:Left=-53.436000 Right=42.424000
DEBUG:root:ScaledLeft: 254.769000 ScaledRight: 470.454000
INFO:root:Looping....
DEBUG:root:This is the line: drive:58.399:11.012

DEBUG:root:We got command: drive
DEBUG:root:We got a drive command: rawX:11.012000 and rawY:58.399000
DEBUG:root:Forward to the Right
DEBUG:root:Left=-58.399000 Right=47.387000
DEBUG:root:ScaledLeft: 243.602250 ScaledRight: 481.620750
INFO:root:Looping....
DEBUG:root:This is the line: drive:62.571:11.012

DEBUG:root:We got command: drive
DEBUG:root:We got a drive command: rawX:11.012000 and rawY:62.571000
DEBUG:root:Forward to the Right
DEBUG:root:Left=-62.571000 Right=51.559000
DEBUG:root:ScaledLeft: 234.215250 ScaledRight: 491.007750
INFO:root:Looping....
DEBUG:root:This is the line: drive:64.919:11.012

DEBUG:root:We got command: drive
DEBUG:root:We got a drive command: rawX:11.012000 and rawY:64.919000
DEBUG:root:Forward to the Right
DEBUG:root:Left=-64.919000 Right=53.907000
DEBUG:root:ScaledLeft: 228.932250 ScaledRight: 496.290750
INFO:root:Looping....
DEBUG:root:This is the line: drive:67.076:11.012

DEBUG:root:We got command: drive
DEBUG:root:We got a drive command: rawX:11.012000 and rawY:67.076000
DEBUG:root:Forward to the Right
DEBUG:root:Left=-67.076000 Right=56.064000
DEBUG:root:ScaledLeft: 224.079000 ScaledRight: 501.144000
INFO:root:Looping....
DEBUG:root:This is the line: drive:67.429:10.713

DEBUG:root:We got command: drive
DEBUG:root:We got a drive command: rawX:10.713000 and rawY:67.429000
DEBUG:root:Forward to the Right
DEBUG:root:Left=-67.429000 Right=56.716000
DEBUG:root:ScaledLeft: 223.284750 ScaledRight: 502.611000
INFO:root:Looping....
DEBUG:root:This is the line: drive:65.142:9.97

DEBUG:root:We got command: drive
DEBUG:root:We got a drive command: rawX:9.970000 and rawY:65.142000
DEBUG:root:Forward to the Right
DEBUG:root:Left=-65.142000 Right=55.172000
DEBUG:root:ScaledLeft: 228.430500 ScaledRight: 499.137000
INFO:root:Looping....
DEBUG:root:This is the line: drive:60.97:9.821

DEBUG:root:We got command: drive
DEBUG:root:We got a drive command: rawX:9.821000 and rawY:60.970000
DEBUG:root:Forward to the Right
DEBUG:root:Left=-60.970000 Right=51.149000
DEBUG:root:ScaledLeft: 237.817500 ScaledRight: 490.085250
INFO:root:Looping....
DEBUG:root:This is the line: drive:47.934:9.821

DEBUG:root:We got command: drive
DEBUG:root:We got a drive command: rawX:9.821000 and rawY:47.934000
DEBUG:root:Forward to the Right
DEBUG:root:Left=-47.934000 Right=38.113000
DEBUG:root:ScaledLeft: 267.148500 ScaledRight: 460.754250
INFO:root:Looping....
DEBUG:root:This is the line: drive:23.636:9.821

DEBUG:root:We got command: drive
DEBUG:root:We got a drive command: rawX:9.821000 and rawY:23.636000
DEBUG:root:Forward to the Right
DEBUG:root:Left=-23.636000 Right=13.815000
DEBUG:root:ScaledLeft: 321.819000 ScaledRight: 406.083750
INFO:root:Looping....
DEBUG:root:This is the line: drive:8.853:10.119

DEBUG:root:We got command: drive
DEBUG:root:We got a drive command: rawX:10.119000 and rawY:8.853000
DEBUG:root:Forward to the Right
DEBUG:root:Left=-8.853000 Right=-1.266000
DEBUG:root:ScaledLeft: 355.080750 ScaledRight: 372.151500
INFO:root:Looping....
DEBUG:root:This is the line: drive:-1.286:11.012

DEBUG:root:We got command: drive
DEBUG:root:We got a drive command: rawX:11.012000 and rawY:-1.286000
DEBUG:root:Reverse to the Right
DEBUG:root:Left=1.286000 Right=-12.298000
DEBUG:root:ScaledLeft: 377.893500 ScaledRight: 347.329500
INFO:root:Looping....
DEBUG:root:This is the line: drive:-8.603:11.31

DEBUG:root:We got command: drive
DEBUG:root:We got a drive command: rawX:11.310000 and rawY:-8.603000
DEBUG:root:Reverse to the Right
DEBUG:root:Left=8.603000 Right=-19.913000
DEBUG:root:ScaledLeft: 394.356750 ScaledRight: 330.195750
INFO:root:Looping....
DEBUG:root:This is the line: drive:-17.522:11.929

DEBUG:root:We got command: drive
DEBUG:root:We got a drive command: rawX:11.929000 and rawY:-17.522000
DEBUG:root:Reverse to the Right
DEBUG:root:Left=17.522000 Right=-29.451000
DEBUG:root:ScaledLeft: 414.424500 ScaledRight: 308.735250
INFO:root:Looping....
DEBUG:root:This is the line: drive:-28.041:12.202

DEBUG:root:We got command: drive
DEBUG:root:We got a drive command: rawX:12.202000 and rawY:-28.041000
DEBUG:root:Reverse to the Right
DEBUG:root:Left=28.041000 Right=-40.243000
DEBUG:root:ScaledLeft: 438.092250 ScaledRight: 284.453250
INFO:root:Looping....
DEBUG:root:This is the line: drive:-35.86:12.202

DEBUG:root:We got command: drive
DEBUG:root:We got a drive command: rawX:12.202000 and rawY:-35.860000
DEBUG:root:Reverse to the Right
DEBUG:root:Left=35.860000 Right=-48.062000
DEBUG:root:ScaledLeft: 455.685000 ScaledRight: 266.860500
INFO:root:Looping....
DEBUG:root:This is the line: drive:-41.2:12.202

DEBUG:root:We got command: drive
DEBUG:root:We got a drive command: rawX:12.202000 and rawY:-41.200000
DEBUG:root:Reverse to the Right
DEBUG:root:Left=41.200000 Right=-53.402000
DEBUG:root:ScaledLeft: 467.700000 ScaledRight: 254.845500
INFO:root:Looping....
DEBUG:root:This is the line: drive:-45.858:12.202

DEBUG:root:We got command: drive
DEBUG:root:We got a drive command: rawX:12.202000 and rawY:-45.858000
DEBUG:root:Reverse to the Right
DEBUG:root:Left=45.858000 Right=-58.060000
DEBUG:root:ScaledLeft: 478.180500 ScaledRight: 244.365000
INFO:root:Looping....
DEBUG:root:This is the line: drive:-49.537:12.202

DEBUG:root:We got command: drive
DEBUG:root:We got a drive command: rawX:12.202000 and rawY:-49.537000
DEBUG:root:Reverse to the Right
DEBUG:root:Left=49.537000 Right=-61.739000
DEBUG:root:ScaledLeft: 486.458250 ScaledRight: 236.087250
INFO:root:Looping....
DEBUG:root:This is the line: drive:-55.911:12.202

DEBUG:root:We got command: drive
DEBUG:root:We got a drive command: rawX:12.202000 and rawY:-55.911000
DEBUG:root:Reverse to the Right
DEBUG:root:Left=55.911000 Right=-68.113000
DEBUG:root:ScaledLeft: 500.799750 ScaledRight: 221.745750
INFO:root:Looping....
DEBUG:root:This is the line: drive:-60.581:12.202

DEBUG:root:We got command: drive
DEBUG:root:We got a drive command: rawX:12.202000 and rawY:-60.581000
DEBUG:root:Reverse to the Right
DEBUG:root:Left=60.581000 Right=-72.783000
DEBUG:root:ScaledLeft: 511.307250 ScaledRight: 211.238250
INFO:root:Looping....
DEBUG:root:This is the line: drive:-64.139:12.202

DEBUG:root:We got command: drive
DEBUG:root:We got a drive command: rawX:12.202000 and rawY:-64.139000
DEBUG:root:Reverse to the Right
DEBUG:root:Left=64.139000 Right=-76.341000
DEBUG:root:ScaledLeft: 519.312750 ScaledRight: 203.232750
INFO:root:Looping....
DEBUG:root:This is the line: drive:-68.459:12.202

DEBUG:root:We got command: drive
DEBUG:root:We got a drive command: rawX:12.202000 and rawY:-68.459000
DEBUG:root:Reverse to the Right
DEBUG:root:Left=68.459000 Right=-80.661000
DEBUG:root:ScaledLeft: 529.032750 ScaledRight: 193.512750
INFO:root:Looping....
DEBUG:root:This is the line: drive:-72.011:12.202

DEBUG:root:We got command: drive
DEBUG:root:We got a drive command: rawX:12.202000 and rawY:-72.011000
DEBUG:root:Reverse to the Right
DEBUG:root:Left=72.011000 Right=-84.213000
DEBUG:root:ScaledLeft: 537.024750 ScaledRight: 185.520750
INFO:root:Looping....
DEBUG:root:This is the line: drive:-76.258:12.202

DEBUG:root:We got command: drive
DEBUG:root:We got a drive command: rawX:12.202000 and rawY:-76.258000
DEBUG:root:Reverse to the Right
DEBUG:root:Left=76.258000 Right=-88.460000
DEBUG:root:ScaledLeft: 546.580500 ScaledRight: 175.965000
INFO:root:Looping....
DEBUG:root:This is the line: drive:-80.463:12.202

DEBUG:root:We got command: drive
DEBUG:root:We got a drive command: rawX:12.202000 and rawY:-80.463000
DEBUG:root:Reverse to the Right
DEBUG:root:Left=80.463000 Right=-92.665000
DEBUG:root:ScaledLeft: 556.041750 ScaledRight: 166.503750
INFO:root:Looping....
DEBUG:root:This is the line: drive:-84.024:12.202

DEBUG:root:We got command: drive
DEBUG:root:We got a drive command: rawX:12.202000 and rawY:-84.024000
DEBUG:root:Reverse to the Right
DEBUG:root:Left=84.024000 Right=-96.226000
DEBUG:root:ScaledLeft: 564.054000 ScaledRight: 158.491500
INFO:root:Looping....
DEBUG:root:This is the line: drive:-89.79:12.5

DEBUG:root:We got command: drive
DEBUG:root:We got a drive command: rawX:12.500000 and rawY:-89.790000
DEBUG:root:Reverse to the Right
DEBUG:root:Left=89.790000 Right=-102.290000
DEBUG:root:ScaledLeft: 577.027500 ScaledRight: 144.847500
INFO:root:Looping....
DEBUG:root:This is the line: drive:-93.351:13.095

DEBUG:root:We got command: drive
DEBUG:root:We got a drive command: rawX:13.095000 and rawY:-93.351000
DEBUG:root:Reverse to the Right
DEBUG:root:Left=93.351000 Right=-106.446000
DEBUG:root:ScaledLeft: 585.039750 ScaledRight: 135.496500
INFO:root:Looping....
DEBUG:root:This is the line: drive:-97.682:13.095

DEBUG:root:We got command: drive
DEBUG:root:We got a drive command: rawX:13.095000 and rawY:-97.682000
DEBUG:root:Reverse to the Right
DEBUG:root:Left=97.682000 Right=-110.777000
DEBUG:root:ScaledLeft: 594.784500 ScaledRight: 125.751750
INFO:root:Looping....
DEBUG:root:This is the line: drive:-101.243:13.69

DEBUG:root:We got command: drive
DEBUG:root:We got a drive command: rawX:13.690000 and rawY:-101.243000
DEBUG:root:Reverse to the Right
DEBUG:root:Left=101.243000 Right=-114.933000
DEBUG:root:ScaledLeft: 602.796750 ScaledRight: 116.400750
INFO:root:Looping....
DEBUG:root:This is the line: drive:-103.503:13.988

DEBUG:root:We got command: drive
DEBUG:root:We got a drive command: rawX:13.988000 and rawY:-103.503000
DEBUG:root:Reverse to the Right
DEBUG:root:Left=103.503000 Right=-117.491000
DEBUG:root:ScaledLeft: 607.881750 ScaledRight: 110.645250
INFO:root:Looping....
DEBUG:root:This is the line: drive:-105.571:14.286

DEBUG:root:We got command: drive
DEBUG:root:We got a drive command: rawX:14.286000 and rawY:-105.571000
DEBUG:root:Reverse to the Right
DEBUG:root:Left=105.571000 Right=-119.857000
DEBUG:root:ScaledLeft: 612.534750 ScaledRight: 105.321750
INFO:root:Looping....
DEBUG:root:This is the line: drive:-107.463:14.881

DEBUG:root:We got command: drive
DEBUG:root:We got a drive command: rawX:14.881000 and rawY:-107.463000
DEBUG:root:Reverse to the Right
DEBUG:root:Left=107.463000 Right=-122.344000
DEBUG:root:ScaledLeft: 616.791750 ScaledRight: 99.726000
INFO:root:Looping....
DEBUG:root:This is the line: drive:-109.641:15.179

DEBUG:root:We got command: drive
DEBUG:root:We got a drive command: rawX:15.179000 and rawY:-109.641000
DEBUG:root:Reverse to the Right
DEBUG:root:Left=109.641000 Right=-124.820000
DEBUG:root:ScaledLeft: 621.692250 ScaledRight: 94.155000
INFO:root:Looping....
DEBUG:root:This is the line: drive:-112.879:16.071

DEBUG:root:We got command: drive
DEBUG:root:We got a drive command: rawX:16.071000 and rawY:-112.879000
DEBUG:root:Reverse to the Right
DEBUG:root:Left=112.879000 Right=-128.950000
DEBUG:root:ScaledLeft: 628.977750 ScaledRight: 84.862500
INFO:root:Looping....
DEBUG:root:This is the line: drive:-114.78:16.369

DEBUG:root:We got command: drive
DEBUG:root:We got a drive command: rawX:16.369000 and rawY:-114.780000
DEBUG:root:Reverse to the Right
DEBUG:root:Left=114.780000 Right=-131.149000
DEBUG:root:ScaledLeft: 633.255000 ScaledRight: 79.914750
INFO:root:Looping....
DEBUG:root:This is the line: drive:-115.569:16.369

DEBUG:root:We got command: drive
DEBUG:root:We got a drive command: rawX:16.369000 and rawY:-115.569000
DEBUG:root:Reverse to the Right
DEBUG:root:Left=115.569000 Right=-131.938000
DEBUG:root:ScaledLeft: 635.030250 ScaledRight: 78.139500
INFO:root:Looping....
DEBUG:root:This is the line: drive:-115.857:16.667

DEBUG:root:We got command: drive
DEBUG:root:We got a drive command: rawX:16.667000 and rawY:-115.857000
DEBUG:root:Reverse to the Right
DEBUG:root:Left=115.857000 Right=-132.524000
DEBUG:root:ScaledLeft: 635.678250 ScaledRight: 76.821000
INFO:root:Looping....
DEBUG:root:This is the line: drive:-116.683:16.964

DEBUG:root:We got command: drive
DEBUG:root:We got a drive command: rawX:16.964000 and rawY:-116.683000
DEBUG:root:Reverse to the Right
DEBUG:root:Left=116.683000 Right=-133.647000
DEBUG:root:ScaledLeft: 637.536750 ScaledRight: 74.294250
INFO:root:Looping....
DEBUG:root:This is the line: drive:-117.0:16.964

DEBUG:root:We got command: drive
DEBUG:root:We got a drive command: rawX:16.964000 and rawY:-117.000000
DEBUG:root:Reverse to the Right
DEBUG:root:Left=117.000000 Right=-133.964000
DEBUG:root:ScaledLeft: 638.250000 ScaledRight: 73.581000
INFO:root:Looping....
DEBUG:root:This is the line: drive:-116.857:17.296

DEBUG:root:We got command: drive
DEBUG:root:We got a drive command: rawX:17.296000 and rawY:-116.857000
DEBUG:root:Reverse to the Right
DEBUG:root:Left=116.857000 Right=-134.153000
DEBUG:root:ScaledLeft: 637.928250 ScaledRight: 73.155750
INFO:root:Looping....
DEBUG:root:This is the line: drive:-118.143:17.262

DEBUG:root:We got command: drive
DEBUG:root:We got a drive command: rawX:17.262000 and rawY:-118.143000
DEBUG:root:Reverse to the Right
DEBUG:root:Left=118.143000 Right=-135.405000
DEBUG:root:ScaledLeft: 640.821750 ScaledRight: 70.338750
INFO:root:Looping....
DEBUG:root:This is the line: drive:-118.0:17.874

DEBUG:root:We got command: drive
DEBUG:root:We got a drive command: rawX:17.874000 and rawY:-118.000000
DEBUG:root:Reverse to the Right
DEBUG:root:Left=118.000000 Right=-135.874000
DEBUG:root:ScaledLeft: 640.500000 ScaledRight: 69.283500
INFO:root:Looping....
DEBUG:root:This is the line: drive:-118.297:17.857

DEBUG:root:We got command: drive
DEBUG:root:We got a drive command: rawX:17.857000 and rawY:-118.297000
DEBUG:root:Reverse to the Right
DEBUG:root:Left=118.297000 Right=-136.154000
DEBUG:root:ScaledLeft: 641.168250 ScaledRight: 68.653500
INFO:root:Looping....
DEBUG:root:This is the line: drive:-118.661:17.857

DEBUG:root:We got command: drive
DEBUG:root:We got a drive command: rawX:17.857000 and rawY:-118.661000
DEBUG:root:Reverse to the Right
DEBUG:root:Left=118.661000 Right=-136.518000
DEBUG:root:ScaledLeft: 641.987250 ScaledRight: 67.834500
INFO:root:Looping....
DEBUG:root:This is the line: drive:-118.661:17.857

DEBUG:root:We got command: drive
DEBUG:root:We got a drive command: rawX:17.857000 and rawY:-118.661000
DEBUG:root:Reverse to the Right
DEBUG:root:Left=118.661000 Right=-136.518000
DEBUG:root:ScaledLeft: 641.987250 ScaledRight: 67.834500
INFO:root:Looping....
DEBUG:root:This is the line: drive:-118.661:17.857

DEBUG:root:We got command: drive
DEBUG:root:We got a drive command: rawX:17.857000 and rawY:-118.661000
DEBUG:root:Reverse to the Right
DEBUG:root:Left=118.661000 Right=-136.518000
DEBUG:root:ScaledLeft: 641.987250 ScaledRight: 67.834500
INFO:root:Looping....
DEBUG:root:This is the line: drive:-118.661:17.857

DEBUG:root:We got command: drive
DEBUG:root:We got a drive command: rawX:17.857000 and rawY:-118.661000
DEBUG:root:Reverse to the Right
DEBUG:root:Left=118.661000 Right=-136.518000
DEBUG:root:ScaledLeft: 641.987250 ScaledRight: 67.834500
INFO:root:Looping....
DEBUG:root:This is the line: drive:-118.661:17.857

DEBUG:root:We got command: drive
DEBUG:root:We got a drive command: rawX:17.857000 and rawY:-118.661000
DEBUG:root:Reverse to the Right
DEBUG:root:Left=118.661000 Right=-136.518000
DEBUG:root:ScaledLeft: 641.987250 ScaledRight: 67.834500
INFO:root:Looping....
DEBUG:root:This is the line: drive:-118.661:17.857

DEBUG:root:We got command: drive
DEBUG:root:We got a drive command: rawX:17.857000 and rawY:-118.661000
DEBUG:root:Reverse to the Right
DEBUG:root:Left=118.661000 Right=-136.518000
DEBUG:root:ScaledLeft: 641.987250 ScaledRight: 67.834500
INFO:root:Looping....
DEBUG:root:This is the line: drive:-118.661:17.857

DEBUG:root:We got command: drive
DEBUG:root:We got a drive command: rawX:17.857000 and rawY:-118.661000
DEBUG:root:Reverse to the Right
DEBUG:root:Left=118.661000 Right=-136.518000
DEBUG:root:ScaledLeft: 641.987250 ScaledRight: 67.834500
INFO:root:Looping....
DEBUG:root:This is the line: drive:-118.661:17.857

DEBUG:root:We got command: drive
DEBUG:root:We got a drive command: rawX:17.857000 and rawY:-118.661000
DEBUG:root:Reverse to the Right
DEBUG:root:Left=118.661000 Right=-136.518000
DEBUG:root:ScaledLeft: 641.987250 ScaledRight: 67.834500
INFO:root:Looping....
DEBUG:root:This is the line: drive:-118.661:17.857

DEBUG:root:We got command: drive
DEBUG:root:We got a drive command: rawX:17.857000 and rawY:-118.661000
DEBUG:root:Reverse to the Right
DEBUG:root:Left=118.661000 Right=-136.518000
DEBUG:root:ScaledLeft: 641.987250 ScaledRight: 67.834500
INFO:root:Looping....
DEBUG:root:This is the line: drive:-118.661:17.857

DEBUG:root:We got command: drive
DEBUG:root:We got a drive command: rawX:17.857000 and rawY:-118.661000
DEBUG:root:Reverse to the Right
DEBUG:root:Left=118.661000 Right=-136.518000
DEBUG:root:ScaledLeft: 641.987250 ScaledRight: 67.834500
INFO:root:Looping....
DEBUG:root:This is the line: drive:-118.661:17.857

DEBUG:root:We got command: drive
DEBUG:root:We got a drive command: rawX:17.857000 and rawY:-118.661000
DEBUG:root:Reverse to the Right
DEBUG:root:Left=118.661000 Right=-136.518000
DEBUG:root:ScaledLeft: 641.987250 ScaledRight: 67.834500
INFO:root:Looping....
DEBUG:root:This is the line: drive:-118.861:17.857

DEBUG:root:We got command: drive
DEBUG:root:We got a drive command: rawX:17.857000 and rawY:-118.861000
DEBUG:root:Reverse to the Right
DEBUG:root:Left=118.861000 Right=-136.718000
DEBUG:root:ScaledLeft: 642.437250 ScaledRight: 67.384500
INFO:root:Looping....
DEBUG:root:This is the line: drive:-119.149:17.857

DEBUG:root:We got command: drive
DEBUG:root:We got a drive command: rawX:17.857000 and rawY:-119.149000
DEBUG:root:Reverse to the Right
DEBUG:root:Left=119.149000 Right=-137.006000
DEBUG:root:ScaledLeft: 643.085250 ScaledRight: 66.736500
INFO:root:Looping....
DEBUG:root:This is the line: drive:-119.149:17.857

DEBUG:root:We got command: drive
DEBUG:root:We got a drive command: rawX:17.857000 and rawY:-119.149000
DEBUG:root:Reverse to the Right
DEBUG:root:Left=119.149000 Right=-137.006000
DEBUG:root:ScaledLeft: 643.085250 ScaledRight: 66.736500
INFO:root:Looping....
DEBUG:root:This is the line: drive:-119.433:17.857

DEBUG:root:We got command: drive
DEBUG:root:We got a drive command: rawX:17.857000 and rawY:-119.433000
DEBUG:root:Reverse to the Right
DEBUG:root:Left=119.433000 Right=-137.290000
DEBUG:root:ScaledLeft: 643.724250 ScaledRight: 66.097500
INFO:root:Looping....
DEBUG:root:This is the line: drive:-119.433:17.857

DEBUG:root:We got command: drive
DEBUG:root:We got a drive command: rawX:17.857000 and rawY:-119.433000
DEBUG:root:Reverse to the Right
DEBUG:root:Left=119.433000 Right=-137.290000
DEBUG:root:ScaledLeft: 643.724250 ScaledRight: 66.097500
INFO:root:Looping....
DEBUG:root:This is the line: drive:-120.246:17.857

DEBUG:root:We got command: drive
DEBUG:root:We got a drive command: rawX:17.857000 and rawY:-120.246000
DEBUG:root:Reverse to the Right
DEBUG:root:Left=120.246000 Right=-138.103000
DEBUG:root:ScaledLeft: 645.553500 ScaledRight: 64.268250
INFO:root:Looping....
DEBUG:root:This is the line: drive:-120.858:17.857

DEBUG:root:We got command: drive
DEBUG:root:We got a drive command: rawX:17.857000 and rawY:-120.858000
DEBUG:root:Reverse to the Right
DEBUG:root:Left=120.858000 Right=-138.715000
DEBUG:root:ScaledLeft: 646.930500 ScaledRight: 62.891250
INFO:root:Looping....
DEBUG:root:This is the line: drive:-121.444:17.857

DEBUG:root:We got command: drive
DEBUG:root:We got a drive command: rawX:17.857000 and rawY:-121.444000
DEBUG:root:Reverse to the Right
DEBUG:root:Left=121.444000 Right=-139.301000
DEBUG:root:ScaledLeft: 648.249000 ScaledRight: 61.572750
INFO:root:Looping....
DEBUG:root:This is the line: drive:-121.754:17.857

DEBUG:root:We got command: drive
DEBUG:root:We got a drive command: rawX:17.857000 and rawY:-121.754000
DEBUG:root:Reverse to the Right
DEBUG:root:Left=121.754000 Right=-139.611000
DEBUG:root:ScaledLeft: 648.946500 ScaledRight: 60.875250
INFO:root:Looping....
DEBUG:root:This is the line: drive:-121.754:17.857

DEBUG:root:We got command: drive
DEBUG:root:We got a drive command: rawX:17.857000 and rawY:-121.754000
DEBUG:root:Reverse to the Right
DEBUG:root:Left=121.754000 Right=-139.611000
DEBUG:root:ScaledLeft: 648.946500 ScaledRight: 60.875250
INFO:root:Looping....
DEBUG:root:This is the line: drive:-122.02:17.857

DEBUG:root:We got command: drive
DEBUG:root:We got a drive command: rawX:17.857000 and rawY:-122.020000
DEBUG:root:Reverse to the Right
DEBUG:root:Left=122.020000 Right=-139.877000
DEBUG:root:ScaledLeft: 649.545000 ScaledRight: 60.276750
INFO:root:Looping....
DEBUG:root:This is the line: drive:-122.02:17.857

DEBUG:root:We got command: drive
DEBUG:root:We got a drive command: rawX:17.857000 and rawY:-122.020000
DEBUG:root:Reverse to the Right
DEBUG:root:Left=122.020000 Right=-139.877000
DEBUG:root:ScaledLeft: 649.545000 ScaledRight: 60.276750
INFO:root:Looping....
DEBUG:root:This is the line: drive:-122.02:17.857

DEBUG:root:We got command: drive
DEBUG:root:We got a drive command: rawX:17.857000 and rawY:-122.020000
DEBUG:root:Reverse to the Right
DEBUG:root:Left=122.020000 Right=-139.877000
DEBUG:root:ScaledLeft: 649.545000 ScaledRight: 60.276750
INFO:root:Looping....
DEBUG:root:This is the line: drive:-122.02:17.857

DEBUG:root:We got command: drive
DEBUG:root:We got a drive command: rawX:17.857000 and rawY:-122.020000
DEBUG:root:Reverse to the Right
DEBUG:root:Left=122.020000 Right=-139.877000
DEBUG:root:ScaledLeft: 649.545000 ScaledRight: 60.276750
INFO:root:Looping....
DEBUG:root:This is the line: drive:-122.0:17.546

DEBUG:root:We got command: drive
DEBUG:root:We got a drive command: rawX:17.546000 and rawY:-122.000000
DEBUG:root:Reverse to the Right
DEBUG:root:Left=122.000000 Right=-139.546000
DEBUG:root:ScaledLeft: 649.500000 ScaledRight: 61.021500
INFO:root:Looping....
DEBUG:root:This is the line: drive:-122.0:17.546

DEBUG:root:We got command: drive
DEBUG:root:We got a drive command: rawX:17.546000 and rawY:-122.000000
DEBUG:root:Reverse to the Right
DEBUG:root:Left=122.000000 Right=-139.546000
DEBUG:root:ScaledLeft: 649.500000 ScaledRight: 61.021500
INFO:root:Looping....
DEBUG:root:This is the line: drive:-122.0:17.546

DEBUG:root:We got command: drive
DEBUG:root:We got a drive command: rawX:17.546000 and rawY:-122.000000
DEBUG:root:Reverse to the Right
DEBUG:root:Left=122.000000 Right=-139.546000
DEBUG:root:ScaledLeft: 649.500000 ScaledRight: 61.021500
INFO:root:Looping....
DEBUG:root:This is the line: drive:-122.0:17.546

DEBUG:root:We got command: drive
DEBUG:root:We got a drive command: rawX:17.546000 and rawY:-122.000000
DEBUG:root:Reverse to the Right
DEBUG:root:Left=122.000000 Right=-139.546000
DEBUG:root:ScaledLeft: 649.500000 ScaledRight: 61.021500
INFO:root:Looping....
DEBUG:root:This is the line: drive:-122.0:17.546

DEBUG:root:We got command: drive
DEBUG:root:We got a drive command: rawX:17.546000 and rawY:-122.000000
DEBUG:root:Reverse to the Right
DEBUG:root:Left=122.000000 Right=-139.546000
DEBUG:root:ScaledLeft: 649.500000 ScaledRight: 61.021500
INFO:root:Looping....
DEBUG:root:This is the line: drive:-122.0:17.546

DEBUG:root:We got command: drive
DEBUG:root:We got a drive command: rawX:17.546000 and rawY:-122.000000
DEBUG:root:Reverse to the Right
DEBUG:root:Left=122.000000 Right=-139.546000
DEBUG:root:ScaledLeft: 649.500000 ScaledRight: 61.021500
INFO:root:Looping....
DEBUG:root:This is the line: drive:-122.0:17.546

DEBUG:root:We got command: drive
DEBUG:root:We got a drive command: rawX:17.546000 and rawY:-122.000000
DEBUG:root:Reverse to the Right
DEBUG:root:Left=122.000000 Right=-139.546000
DEBUG:root:ScaledLeft: 649.500000 ScaledRight: 61.021500
INFO:root:Looping....
DEBUG:root:This is the line: drive:-122.0:17.546

DEBUG:root:We got command: drive
DEBUG:root:We got a drive command: rawX:17.546000 and rawY:-122.000000
DEBUG:root:Reverse to the Right
DEBUG:root:Left=122.000000 Right=-139.546000
DEBUG:root:ScaledLeft: 649.500000 ScaledRight: 61.021500
INFO:root:Looping....
DEBUG:root:This is the line: drive:-122.0:17.546

DEBUG:root:We got command: drive
DEBUG:root:We got a drive command: rawX:17.546000 and rawY:-122.000000
DEBUG:root:Reverse to the Right
DEBUG:root:Left=122.000000 Right=-139.546000
DEBUG:root:ScaledLeft: 649.500000 ScaledRight: 61.021500
INFO:root:Looping....
DEBUG:root:This is the line: drive:-122.0:17.546

DEBUG:root:We got command: drive
DEBUG:root:We got a drive command: rawX:17.546000 and rawY:-122.000000
DEBUG:root:Reverse to the Right
DEBUG:root:Left=122.000000 Right=-139.546000
DEBUG:root:ScaledLeft: 649.500000 ScaledRight: 61.021500
INFO:root:Looping....
DEBUG:root:This is the line: drive:-122.0:17.546

DEBUG:root:We got command: drive
DEBUG:root:We got a drive command: rawX:17.546000 and rawY:-122.000000
DEBUG:root:Reverse to the Right
DEBUG:root:Left=122.000000 Right=-139.546000
DEBUG:root:ScaledLeft: 649.500000 ScaledRight: 61.021500
INFO:root:Looping....
DEBUG:root:This is the line: drive:-122.0:17.546

DEBUG:root:We got command: drive
DEBUG:root:We got a drive command: rawX:17.546000 and rawY:-122.000000
DEBUG:root:Reverse to the Right
DEBUG:root:Left=122.000000 Right=-139.546000
DEBUG:root:ScaledLeft: 649.500000 ScaledRight: 61.021500
INFO:root:Looping....
DEBUG:root:This is the line: drive:-122.0:17.546

DEBUG:root:We got command: drive
DEBUG:root:We got a drive command: rawX:17.546000 and rawY:-122.000000
DEBUG:root:Reverse to the Right
DEBUG:root:Left=122.000000 Right=-139.546000
DEBUG:root:ScaledLeft: 649.500000 ScaledRight: 61.021500
INFO:root:Looping....
DEBUG:root:This is the line: drive:-122.0:17.546

DEBUG:root:We got command: drive
DEBUG:root:We got a drive command: rawX:17.546000 and rawY:-122.000000
DEBUG:root:Reverse to the Right
DEBUG:root:Left=122.000000 Right=-139.546000
DEBUG:root:ScaledLeft: 649.500000 ScaledRight: 61.021500
INFO:root:Looping....
DEBUG:root:This is the line: drive:-122.0:17.546

DEBUG:root:We got command: drive
DEBUG:root:We got a drive command: rawX:17.546000 and rawY:-122.000000
DEBUG:root:Reverse to the Right
DEBUG:root:Left=122.000000 Right=-139.546000
DEBUG:root:ScaledLeft: 649.500000 ScaledRight: 61.021500
INFO:root:Looping....
DEBUG:root:This is the line: drive:-122.0:17.546

DEBUG:root:We got command: drive
DEBUG:root:We got a drive command: rawX:17.546000 and rawY:-122.000000
DEBUG:root:Reverse to the Right
DEBUG:root:Left=122.000000 Right=-139.546000
DEBUG:root:ScaledLeft: 649.500000 ScaledRight: 61.021500
INFO:root:Looping....
DEBUG:root:This is the line: drive:-122.0:17.546

DEBUG:root:We got command: drive
DEBUG:root:We got a drive command: rawX:17.546000 and rawY:-122.000000
DEBUG:root:Reverse to the Right
DEBUG:root:Left=122.000000 Right=-139.546000
DEBUG:root:ScaledLeft: 649.500000 ScaledRight: 61.021500
INFO:root:Looping....
DEBUG:root:This is the line: drive:-122.0:17.546

DEBUG:root:We got command: drive
DEBUG:root:We got a drive command: rawX:17.546000 and rawY:-122.000000
DEBUG:root:Reverse to the Right
DEBUG:root:Left=122.000000 Right=-139.546000
DEBUG:root:ScaledLeft: 649.500000 ScaledRight: 61.021500
INFO:root:Looping....
DEBUG:root:This is the line: drive:-122.0:17.546

DEBUG:root:We got command: drive
DEBUG:root:We got a drive command: rawX:17.546000 and rawY:-122.000000
DEBUG:root:Reverse to the Right
DEBUG:root:Left=122.000000 Right=-139.546000
DEBUG:root:ScaledLeft: 649.500000 ScaledRight: 61.021500
INFO:root:Looping....
DEBUG:root:This is the line: drive:-121.461:17.56

DEBUG:root:We got command: drive
DEBUG:root:We got a drive command: rawX:17.560000 and rawY:-121.461000
DEBUG:root:Reverse to the Right
DEBUG:root:Left=121.461000 Right=-139.021000
DEBUG:root:ScaledLeft: 648.287250 ScaledRight: 62.202750
INFO:root:Looping....
DEBUG:root:This is the line: drive:-115.168:17.56

DEBUG:root:We got command: drive
DEBUG:root:We got a drive command: rawX:17.560000 and rawY:-115.168000
DEBUG:root:Reverse to the Right
DEBUG:root:Left=115.168000 Right=-132.728000
DEBUG:root:ScaledLeft: 634.128000 ScaledRight: 76.362000
INFO:root:Looping....
DEBUG:root:This is the line: drive:-106.714:17.56

DEBUG:root:We got command: drive
DEBUG:root:We got a drive command: rawX:17.560000 and rawY:-106.714000
DEBUG:root:Reverse to the Right
DEBUG:root:Left=106.714000 Right=-124.274000
DEBUG:root:ScaledLeft: 615.106500 ScaledRight: 95.383500
INFO:root:Looping....
DEBUG:root:This is the line: drive:-94.451:17.56

DEBUG:root:We got command: drive
DEBUG:root:We got a drive command: rawX:17.560000 and rawY:-94.451000
DEBUG:root:Reverse to the Right
DEBUG:root:Left=94.451000 Right=-112.011000
DEBUG:root:ScaledLeft: 587.514750 ScaledRight: 122.975250
INFO:root:Looping....
DEBUG:root:This is the line: drive:-85.536:17.857

DEBUG:root:We got command: drive
DEBUG:root:We got a drive command: rawX:17.857000 and rawY:-85.536000
DEBUG:root:Reverse to the Right
DEBUG:root:Left=85.536000 Right=-103.393000
DEBUG:root:ScaledLeft: 567.456000 ScaledRight: 142.365750
INFO:root:Looping....
DEBUG:root:This is the line: drive:-80.297:17.857

DEBUG:root:We got command: drive
DEBUG:root:We got a drive command: rawX:17.857000 and rawY:-80.297000
DEBUG:root:Reverse to the Right
DEBUG:root:Left=80.297000 Right=-98.154000
DEBUG:root:ScaledLeft: 555.668250 ScaledRight: 154.153500
INFO:root:Looping....
DEBUG:root:This is the line: drive:-71.834:18.241

DEBUG:root:We got command: drive
DEBUG:root:We got a drive command: rawX:18.241000 and rawY:-71.834000
DEBUG:root:Reverse to the Right
DEBUG:root:Left=71.834000 Right=-90.075000
DEBUG:root:ScaledLeft: 536.626500 ScaledRight: 172.331250
INFO:root:Looping....
DEBUG:root:This is the line: drive:-66.347:19.048

DEBUG:root:We got command: drive
DEBUG:root:We got a drive command: rawX:19.048000 and rawY:-66.347000
DEBUG:root:Reverse to the Right
DEBUG:root:Left=66.347000 Right=-85.395000
DEBUG:root:ScaledLeft: 524.280750 ScaledRight: 182.861250
INFO:root:Looping....
DEBUG:root:This is the line: drive:-59.22:19.94

DEBUG:root:We got command: drive
DEBUG:root:We got a drive command: rawX:19.940000 and rawY:-59.220000
DEBUG:root:Reverse to the Right
DEBUG:root:Left=59.220000 Right=-79.160000
DEBUG:root:ScaledLeft: 508.245000 ScaledRight: 196.890000
INFO:root:Looping....
DEBUG:root:This is the line: drive:-55.337:19.94

DEBUG:root:We got command: drive
DEBUG:root:We got a drive command: rawX:19.940000 and rawY:-55.337000
DEBUG:root:Reverse to the Right
DEBUG:root:Left=55.337000 Right=-75.277000
DEBUG:root:ScaledLeft: 499.508250 ScaledRight: 205.626750
INFO:root:Looping....
DEBUG:root:This is the line: drive:-46.46:21.131

DEBUG:root:We got command: drive
DEBUG:root:We got a drive command: rawX:21.131000 and rawY:-46.460000
DEBUG:root:Reverse to the Right
DEBUG:root:Left=46.460000 Right=-67.591000
DEBUG:root:ScaledLeft: 479.535000 ScaledRight: 222.920250
INFO:root:Looping....
DEBUG:root:This is the line: drive:-41.143:21.131

DEBUG:root:We got command: drive
DEBUG:root:We got a drive command: rawX:21.131000 and rawY:-41.143000
DEBUG:root:Reverse to the Right
DEBUG:root:Left=41.143000 Right=-62.274000
DEBUG:root:ScaledLeft: 467.571750 ScaledRight: 234.883500
INFO:root:Looping....
DEBUG:root:This is the line: drive:-37.008:21.726

DEBUG:root:We got command: drive
DEBUG:root:We got a drive command: rawX:21.726000 and rawY:-37.008000
DEBUG:root:Reverse to the Right
DEBUG:root:Left=37.008000 Right=-58.734000
DEBUG:root:ScaledLeft: 458.268000 ScaledRight: 242.848500
INFO:root:Looping....
DEBUG:root:This is the line: drive:-30.226:22.917

DEBUG:root:We got command: drive
DEBUG:root:We got a drive command: rawX:22.917000 and rawY:-30.226000
DEBUG:root:Reverse to the Right
DEBUG:root:Left=30.226000 Right=-53.143000
DEBUG:root:ScaledLeft: 443.008500 ScaledRight: 255.428250
INFO:root:Looping....
DEBUG:root:This is the line: drive:-24.662:22.917

DEBUG:root:We got command: drive
DEBUG:root:We got a drive command: rawX:22.917000 and rawY:-24.662000
DEBUG:root:Reverse to the Right
DEBUG:root:Left=24.662000 Right=-47.579000
DEBUG:root:ScaledLeft: 430.489500 ScaledRight: 267.947250
INFO:root:Looping....
DEBUG:root:This is the line: drive:-18.244:22.917

DEBUG:root:We got command: drive
DEBUG:root:We got a drive command: rawX:22.917000 and rawY:-18.244000
DEBUG:root:Reverse to the Right
DEBUG:root:Left=18.244000 Right=-41.161000
DEBUG:root:ScaledLeft: 416.049000 ScaledRight: 282.387750
INFO:root:Looping....
DEBUG:root:This is the line: drive:-7.517:22.917

DEBUG:root:We got command: drive
DEBUG:root:We got a drive command: rawX:22.917000 and rawY:-7.517000
DEBUG:root:Reverse to the Right
DEBUG:root:Left=7.517000 Right=-30.434000
DEBUG:root:ScaledLeft: 391.913250 ScaledRight: 306.523500
INFO:root:Looping....
DEBUG:root:This is the line: drive:-2.809:22.917

DEBUG:root:We got command: drive
DEBUG:root:We got a drive command: rawX:22.917000 and rawY:-2.809000
DEBUG:root:Reverse to the Right
DEBUG:root:Left=2.809000 Right=-25.726000
DEBUG:root:ScaledLeft: 381.320250 ScaledRight: 317.116500
INFO:root:Looping....
DEBUG:root:This is the line: drive:1.212:22.917

DEBUG:root:We got command: drive
DEBUG:root:We got a drive command: rawX:22.917000 and rawY:1.212000
DEBUG:root:Forward to the Right
DEBUG:root:Left=-1.212000 Right=-21.705000
DEBUG:root:ScaledLeft: 372.273000 ScaledRight: 326.163750
INFO:root:Looping....
DEBUG:root:This is the line: drive:7.289:22.917

DEBUG:root:We got command: drive
DEBUG:root:We got a drive command: rawX:22.917000 and rawY:7.289000
DEBUG:root:Forward to the Right
DEBUG:root:Left=-7.289000 Right=-15.628000
DEBUG:root:ScaledLeft: 358.599750 ScaledRight: 339.837000
INFO:root:Looping....
DEBUG:root:This is the line: drive:11.756:22.619

DEBUG:root:We got command: drive
DEBUG:root:We got a drive command: rawX:22.619000 and rawY:11.756000
DEBUG:root:Forward to the Right
DEBUG:root:Left=-11.756000 Right=-10.863000
DEBUG:root:ScaledLeft: 348.549000 ScaledRight: 350.558250
INFO:root:Looping....
DEBUG:root:This is the line: drive:14.51:22.619

DEBUG:root:We got command: drive
DEBUG:root:We got a drive command: rawX:22.619000 and rawY:14.510000
DEBUG:root:Forward to the Right
DEBUG:root:Left=-14.510000 Right=-8.109000
DEBUG:root:ScaledLeft: 342.352500 ScaledRight: 356.754750
INFO:root:Looping....
DEBUG:root:This is the line: drive:17.094:22.619

DEBUG:root:We got command: drive
DEBUG:root:We got a drive command: rawX:22.619000 and rawY:17.094000
DEBUG:root:Forward to the Right
DEBUG:root:Left=-17.094000 Right=-5.525000
DEBUG:root:ScaledLeft: 336.538500 ScaledRight: 362.568750
INFO:root:Looping....
DEBUG:root:This is the line: drive:20.163:22.619

DEBUG:root:We got command: drive
DEBUG:root:We got a drive command: rawX:22.619000 and rawY:20.163000
DEBUG:root:Forward to the Right
DEBUG:root:Left=-20.163000 Right=-2.456000
DEBUG:root:ScaledLeft: 329.633250 ScaledRight: 369.474000
INFO:root:Looping....
DEBUG:root:This is the line: drive:25.813:22.287

DEBUG:root:We got command: drive
DEBUG:root:We got a drive command: rawX:22.287000 and rawY:25.813000
DEBUG:root:Forward to the Right
DEBUG:root:Left=-25.813000 Right=3.526000
DEBUG:root:ScaledLeft: 316.920750 ScaledRight: 382.933500
INFO:root:Looping....
DEBUG:root:This is the line: drive:29.887:21.429

DEBUG:root:We got command: drive
DEBUG:root:We got a drive command: rawX:21.429000 and rawY:29.887000
DEBUG:root:Forward to the Right
DEBUG:root:Left=-29.887000 Right=8.458000
DEBUG:root:ScaledLeft: 307.754250 ScaledRight: 394.030500
INFO:root:Looping....
DEBUG:root:This is the line: drive:34.343:20.238

DEBUG:root:We got command: drive
DEBUG:root:We got a drive command: rawX:20.238000 and rawY:34.343000
DEBUG:root:Forward to the Right
DEBUG:root:Left=-34.343000 Right=14.105000
DEBUG:root:ScaledLeft: 297.728250 ScaledRight: 406.736250
INFO:root:Looping....
DEBUG:root:This is the line: drive:37.982:19.94

DEBUG:root:We got command: drive
DEBUG:root:We got a drive command: rawX:19.940000 and rawY:37.982000
DEBUG:root:Forward to the Right
DEBUG:root:Left=-37.982000 Right=18.042000
DEBUG:root:ScaledLeft: 289.540500 ScaledRight: 415.594500
INFO:root:Looping....
DEBUG:root:This is the line: drive:40.954:19.94

DEBUG:root:We got command: drive
DEBUG:root:We got a drive command: rawX:19.940000 and rawY:40.954000
DEBUG:root:Forward to the Right
DEBUG:root:Left=-40.954000 Right=21.014000
DEBUG:root:ScaledLeft: 282.853500 ScaledRight: 422.281500
INFO:root:Looping....
DEBUG:root:This is the line: drive:43.757:19.345

DEBUG:root:We got command: drive
DEBUG:root:We got a drive command: rawX:19.345000 and rawY:43.757000
DEBUG:root:Forward to the Right
DEBUG:root:Left=-43.757000 Right=24.412000
DEBUG:root:ScaledLeft: 276.546750 ScaledRight: 429.927000
INFO:root:Looping....
DEBUG:root:This is the line: drive:46.61:19.345

DEBUG:root:We got command: drive
DEBUG:root:We got a drive command: rawX:19.345000 and rawY:46.610000
DEBUG:root:Forward to the Right
DEBUG:root:Left=-46.610000 Right=27.265000
DEBUG:root:ScaledLeft: 270.127500 ScaledRight: 436.346250
INFO:root:Looping....
DEBUG:root:This is the line: drive:48.841:19.048

DEBUG:root:We got command: drive
DEBUG:root:We got a drive command: rawX:19.048000 and rawY:48.841000
DEBUG:root:Forward to the Right
DEBUG:root:Left=-48.841000 Right=29.793000
DEBUG:root:ScaledLeft: 265.107750 ScaledRight: 442.034250
INFO:root:Looping....
DEBUG:root:This is the line: drive:50.668:18.65

DEBUG:root:We got command: drive
DEBUG:root:We got a drive command: rawX:18.650000 and rawY:50.668000
DEBUG:root:Forward to the Right
DEBUG:root:Left=-50.668000 Right=32.018000
DEBUG:root:ScaledLeft: 260.997000 ScaledRight: 447.040500
INFO:root:Looping....
DEBUG:root:This is the line: drive:53.58:17.997

DEBUG:root:We got command: drive
DEBUG:root:We got a drive command: rawX:17.997000 and rawY:53.580000
DEBUG:root:Forward to the Right
DEBUG:root:Left=-53.580000 Right=35.583000
DEBUG:root:ScaledLeft: 254.445000 ScaledRight: 455.061750
INFO:root:Looping....
DEBUG:root:This is the line: drive:55.349:17.262

DEBUG:root:We got command: drive
DEBUG:root:We got a drive command: rawX:17.262000 and rawY:55.349000
DEBUG:root:Forward to the Right
DEBUG:root:Left=-55.349000 Right=38.087000
DEBUG:root:ScaledLeft: 250.464750 ScaledRight: 460.695750
INFO:root:Looping....
DEBUG:root:This is the line: drive:58.268:16.667

DEBUG:root:We got command: drive
DEBUG:root:We got a drive command: rawX:16.667000 and rawY:58.268000
DEBUG:root:Forward to the Right
DEBUG:root:Left=-58.268000 Right=41.601000
DEBUG:root:ScaledLeft: 243.897000 ScaledRight: 468.602250
INFO:root:Looping....
DEBUG:root:This is the line: drive:60.083:16.667

DEBUG:root:We got command: drive
DEBUG:root:We got a drive command: rawX:16.667000 and rawY:60.083000
DEBUG:root:Forward to the Right
DEBUG:root:Left=-60.083000 Right=43.416000
DEBUG:root:ScaledLeft: 239.813250 ScaledRight: 472.686000
INFO:root:Looping....
DEBUG:root:This is the line: drive:62.309:16.667

DEBUG:root:We got command: drive
DEBUG:root:We got a drive command: rawX:16.667000 and rawY:62.309000
DEBUG:root:Forward to the Right
DEBUG:root:Left=-62.309000 Right=45.642000
DEBUG:root:ScaledLeft: 234.804750 ScaledRight: 477.694500
INFO:root:Looping....
DEBUG:root:This is the line: drive:64.528:16.369

DEBUG:root:We got command: drive
DEBUG:root:We got a drive command: rawX:16.369000 and rawY:64.528000
DEBUG:root:Forward to the Right
DEBUG:root:Left=-64.528000 Right=48.159000
DEBUG:root:ScaledLeft: 229.812000 ScaledRight: 483.357750
INFO:root:Looping....
DEBUG:root:This is the line: drive:66.352:16.369

DEBUG:root:We got command: drive
DEBUG:root:We got a drive command: rawX:16.369000 and rawY:66.352000
DEBUG:root:Forward to the Right
DEBUG:root:Left=-66.352000 Right=49.983000
DEBUG:root:ScaledLeft: 225.708000 ScaledRight: 487.461750
INFO:root:Looping....
DEBUG:root:This is the line: drive:68.581:16.071

DEBUG:root:We got command: drive
DEBUG:root:We got a drive command: rawX:16.071000 and rawY:68.581000
DEBUG:root:Forward to the Right
DEBUG:root:Left=-68.581000 Right=52.510000
DEBUG:root:ScaledLeft: 220.692750 ScaledRight: 493.147500
INFO:root:Looping....
DEBUG:root:This is the line: drive:70.406:16.071

DEBUG:root:We got command: drive
DEBUG:root:We got a drive command: rawX:16.071000 and rawY:70.406000
DEBUG:root:Forward to the Right
DEBUG:root:Left=-70.406000 Right=54.335000
DEBUG:root:ScaledLeft: 216.586500 ScaledRight: 497.253750
INFO:root:Looping....
DEBUG:root:This is the line: drive:71.571:15.774

DEBUG:root:We got command: drive
DEBUG:root:We got a drive command: rawX:15.774000 and rawY:71.571000
DEBUG:root:Forward to the Right
DEBUG:root:Left=-71.571000 Right=55.797000
DEBUG:root:ScaledLeft: 213.965250 ScaledRight: 500.543250
INFO:root:Looping....
DEBUG:root:This is the line: drive:72.143:15.774

DEBUG:root:We got command: drive
DEBUG:root:We got a drive command: rawX:15.774000 and rawY:72.143000
DEBUG:root:Forward to the Right
DEBUG:root:Left=-72.143000 Right=56.369000
DEBUG:root:ScaledLeft: 212.678250 ScaledRight: 501.830250
INFO:root:Looping....
DEBUG:root:This is the line: drive:73.512:15.774

DEBUG:root:We got command: drive
DEBUG:root:We got a drive command: rawX:15.774000 and rawY:73.512000
DEBUG:root:Forward to the Right
DEBUG:root:Left=-73.512000 Right=57.738000
DEBUG:root:ScaledLeft: 209.598000 ScaledRight: 504.910500
INFO:root:Looping....
DEBUG:root:This is the line: drive:74.286:15.149

DEBUG:root:We got command: drive
DEBUG:root:We got a drive command: rawX:15.149000 and rawY:74.286000
DEBUG:root:Forward to the Right
DEBUG:root:Left=-74.286000 Right=59.137000
DEBUG:root:ScaledLeft: 207.856500 ScaledRight: 508.058250
INFO:root:Looping....
DEBUG:root:This is the line: drive:76.11:15.179

DEBUG:root:We got command: drive
DEBUG:root:We got a drive command: rawX:15.179000 and rawY:76.110000
DEBUG:root:Forward to the Right
DEBUG:root:Left=-76.110000 Right=60.931000
DEBUG:root:ScaledLeft: 203.752500 ScaledRight: 512.094750
INFO:root:Looping....
DEBUG:root:This is the line: drive:77.143:14.585

DEBUG:root:We got command: drive
DEBUG:root:We got a drive command: rawX:14.585000 and rawY:77.143000
DEBUG:root:Forward to the Right
DEBUG:root:Left=-77.143000 Right=62.558000
DEBUG:root:ScaledLeft: 201.428250 ScaledRight: 515.755500
INFO:root:Looping....
DEBUG:root:This is the line: drive:78.902:13.988

DEBUG:root:We got command: drive
DEBUG:root:We got a drive command: rawX:13.988000 and rawY:78.902000
DEBUG:root:Forward to the Right
DEBUG:root:Left=-78.902000 Right=64.914000
DEBUG:root:ScaledLeft: 197.470500 ScaledRight: 521.056500
INFO:root:Looping....
DEBUG:root:This is the line: drive:81.047:12.302

DEBUG:root:We got command: drive
DEBUG:root:We got a drive command: rawX:12.302000 and rawY:81.047000
DEBUG:root:Forward to the Right
DEBUG:root:Left=-81.047000 Right=68.745000
DEBUG:root:ScaledLeft: 192.644250 ScaledRight: 529.676250
INFO:root:Looping....
DEBUG:root:This is the line: drive:83.214:11.31

DEBUG:root:We got command: drive
DEBUG:root:We got a drive command: rawX:11.310000 and rawY:83.214000
DEBUG:root:Forward to the Right
DEBUG:root:Left=-83.214000 Right=71.904000
DEBUG:root:ScaledLeft: 187.768500 ScaledRight: 536.784000
INFO:root:Looping....
DEBUG:root:This is the line: drive:85.694:11.012

DEBUG:root:We got command: drive
DEBUG:root:We got a drive command: rawX:11.012000 and rawY:85.694000
DEBUG:root:Forward to the Right
DEBUG:root:Left=-85.694000 Right=74.682000
DEBUG:root:ScaledLeft: 182.188500 ScaledRight: 543.034500
INFO:root:Looping....
DEBUG:root:This is the line: drive:87.825:10.714

DEBUG:root:We got command: drive
DEBUG:root:We got a drive command: rawX:10.714000 and rawY:87.825000
DEBUG:root:Forward to the Right
DEBUG:root:Left=-87.825000 Right=77.111000
DEBUG:root:ScaledLeft: 177.393750 ScaledRight: 548.499750
INFO:root:Looping....
DEBUG:root:This is the line: drive:89.587:10.714

DEBUG:root:We got command: drive
DEBUG:root:We got a drive command: rawX:10.714000 and rawY:89.587000
DEBUG:root:Forward to the Right
DEBUG:root:Left=-89.587000 Right=78.873000
DEBUG:root:ScaledLeft: 173.429250 ScaledRight: 552.464250
INFO:root:Looping....
DEBUG:root:This is the line: drive:91.725:10.417

DEBUG:root:We got command: drive
DEBUG:root:We got a drive command: rawX:10.417000 and rawY:91.725000
DEBUG:root:Forward to the Right
DEBUG:root:Left=-91.725000 Right=81.308000
DEBUG:root:ScaledLeft: 168.618750 ScaledRight: 557.943000
INFO:root:Looping....
DEBUG:root:This is the line: drive:92.877:10.119

DEBUG:root:We got command: drive
DEBUG:root:We got a drive command: rawX:10.119000 and rawY:92.877000
DEBUG:root:Forward to the Right
DEBUG:root:Left=-92.877000 Right=82.758000
DEBUG:root:ScaledLeft: 166.026750 ScaledRight: 561.205500
INFO:root:Looping....
DEBUG:root:This is the line: drive:93.571:9.524

DEBUG:root:We got command: drive
DEBUG:root:We got a drive command: rawX:9.524000 and rawY:93.571000
DEBUG:root:Forward to the Right
DEBUG:root:Left=-93.571000 Right=84.047000
DEBUG:root:ScaledLeft: 164.465250 ScaledRight: 564.105750
INFO:root:Looping....
DEBUG:root:This is the line: drive:94.408:8.801

DEBUG:root:We got command: drive
DEBUG:root:We got a drive command: rawX:8.801000 and rawY:94.408000
DEBUG:root:Forward to the Right
DEBUG:root:Left=-94.408000 Right=85.607000
DEBUG:root:ScaledLeft: 162.582000 ScaledRight: 567.615750
INFO:root:Looping....
DEBUG:root:This is the line: drive:95.571:8.631

DEBUG:root:We got command: drive
DEBUG:root:We got a drive command: rawX:8.631000 and rawY:95.571000
DEBUG:root:Forward to the Right
DEBUG:root:Left=-95.571000 Right=86.940000
DEBUG:root:ScaledLeft: 159.965250 ScaledRight: 570.615000
INFO:root:Looping....
DEBUG:root:This is the line: drive:96.932:7.738

DEBUG:root:We got command: drive
DEBUG:root:We got a drive command: rawX:7.738000 and rawY:96.932000
DEBUG:root:Forward to the Right
DEBUG:root:Left=-96.932000 Right=89.194000
DEBUG:root:ScaledLeft: 156.903000 ScaledRight: 575.686500
INFO:root:Looping....
DEBUG:root:This is the line: drive:98.412:7.738

DEBUG:root:We got command: drive
DEBUG:root:We got a drive command: rawX:7.738000 and rawY:98.412000
DEBUG:root:Forward to the Right
DEBUG:root:Left=-98.412000 Right=90.674000
DEBUG:root:ScaledLeft: 153.573000 ScaledRight: 579.016500
INFO:root:Looping....
DEBUG:root:This is the line: drive:99.796:7.44

DEBUG:root:We got command: drive
DEBUG:root:We got a drive command: rawX:7.440000 and rawY:99.796000
DEBUG:root:Forward to the Right
DEBUG:root:Left=-99.796000 Right=92.356000
DEBUG:root:ScaledLeft: 150.459000 ScaledRight: 582.801000
INFO:root:Looping....
DEBUG:root:This is the line: drive:99.796:7.44

DEBUG:root:We got command: drive
DEBUG:root:We got a drive command: rawX:7.440000 and rawY:99.796000
DEBUG:root:Forward to the Right
DEBUG:root:Left=-99.796000 Right=92.356000
DEBUG:root:ScaledLeft: 150.459000 ScaledRight: 582.801000
INFO:root:Looping....
DEBUG:root:This is the line: drive:99.796:7.44

DEBUG:root:We got command: drive
DEBUG:root:We got a drive command: rawX:7.440000 and rawY:99.796000
DEBUG:root:Forward to the Right
DEBUG:root:Left=-99.796000 Right=92.356000
DEBUG:root:ScaledLeft: 150.459000 ScaledRight: 582.801000
INFO:root:Looping....
DEBUG:root:This is the line: drive:99.796:7.44

DEBUG:root:We got command: drive
DEBUG:root:We got a drive command: rawX:7.440000 and rawY:99.796000
DEBUG:root:Forward to the Right
DEBUG:root:Left=-99.796000 Right=92.356000
DEBUG:root:ScaledLeft: 150.459000 ScaledRight: 582.801000
INFO:root:Looping....
DEBUG:root:This is the line: drive:99.796:7.44

DEBUG:root:We got command: drive
DEBUG:root:We got a drive command: rawX:7.440000 and rawY:99.796000
DEBUG:root:Forward to the Right
DEBUG:root:Left=-99.796000 Right=92.356000
DEBUG:root:ScaledLeft: 150.459000 ScaledRight: 582.801000
INFO:root:Looping....
DEBUG:root:This is the line: drive:99.796:7.44

DEBUG:root:We got command: drive
DEBUG:root:We got a drive command: rawX:7.440000 and rawY:99.796000
DEBUG:root:Forward to the Right
DEBUG:root:Left=-99.796000 Right=92.356000
DEBUG:root:ScaledLeft: 150.459000 ScaledRight: 582.801000
INFO:root:Looping....
DEBUG:root:This is the line: drive:99.796:7.44

DEBUG:root:We got command: drive
DEBUG:root:We got a drive command: rawX:7.440000 and rawY:99.796000
DEBUG:root:Forward to the Right
DEBUG:root:Left=-99.796000 Right=92.356000
DEBUG:root:ScaledLeft: 150.459000 ScaledRight: 582.801000
INFO:root:Looping....
DEBUG:root:This is the line: drive:99.796:7.44

DEBUG:root:We got command: drive
DEBUG:root:We got a drive command: rawX:7.440000 and rawY:99.796000
DEBUG:root:Forward to the Right
DEBUG:root:Left=-99.796000 Right=92.356000
DEBUG:root:ScaledLeft: 150.459000 ScaledRight: 582.801000
INFO:root:Looping....
DEBUG:root:This is the line: drive:99.796:7.44

DEBUG:root:We got command: drive
DEBUG:root:We got a drive command: rawX:7.440000 and rawY:99.796000
DEBUG:root:Forward to the Right
DEBUG:root:Left=-99.796000 Right=92.356000
DEBUG:root:ScaledLeft: 150.459000 ScaledRight: 582.801000
INFO:root:Looping....
DEBUG:root:This is the line: drive:99.796:7.44

DEBUG:root:We got command: drive
DEBUG:root:We got a drive command: rawX:7.440000 and rawY:99.796000
DEBUG:root:Forward to the Right
DEBUG:root:Left=-99.796000 Right=92.356000
DEBUG:root:ScaledLeft: 150.459000 ScaledRight: 582.801000
INFO:root:Looping....
DEBUG:root:This is the line: drive:99.796:7.44

DEBUG:root:We got command: drive
DEBUG:root:We got a drive command: rawX:7.440000 and rawY:99.796000
DEBUG:root:Forward to the Right
DEBUG:root:Left=-99.796000 Right=92.356000
DEBUG:root:ScaledLeft: 150.459000 ScaledRight: 582.801000
INFO:root:Looping....
DEBUG:root:This is the line: drive:99.796:7.44

DEBUG:root:We got command: drive
DEBUG:root:We got a drive command: rawX:7.440000 and rawY:99.796000
DEBUG:root:Forward to the Right
DEBUG:root:Left=-99.796000 Right=92.356000
DEBUG:root:ScaledLeft: 150.459000 ScaledRight: 582.801000
INFO:root:Looping....
DEBUG:root:This is the line: drive:99.796:7.44

DEBUG:root:We got command: drive
DEBUG:root:We got a drive command: rawX:7.440000 and rawY:99.796000
DEBUG:root:Forward to the Right
DEBUG:root:Left=-99.796000 Right=92.356000
DEBUG:root:ScaledLeft: 150.459000 ScaledRight: 582.801000
INFO:root:Looping....
DEBUG:root:This is the line: drive:99.796:7.44

DEBUG:root:We got command: drive
DEBUG:root:We got a drive command: rawX:7.440000 and rawY:99.796000
DEBUG:root:Forward to the Right
DEBUG:root:Left=-99.796000 Right=92.356000
DEBUG:root:ScaledLeft: 150.459000 ScaledRight: 582.801000
INFO:root:Looping....
DEBUG:root:This is the line: drive:99.796:7.44

DEBUG:root:We got command: drive
DEBUG:root:We got a drive command: rawX:7.440000 and rawY:99.796000
DEBUG:root:Forward to the Right
DEBUG:root:Left=-99.796000 Right=92.356000
DEBUG:root:ScaledLeft: 150.459000 ScaledRight: 582.801000
INFO:root:Looping....
DEBUG:root:This is the line: drive:99.796:7.44

DEBUG:root:We got command: drive
DEBUG:root:We got a drive command: rawX:7.440000 and rawY:99.796000
DEBUG:root:Forward to the Right
DEBUG:root:Left=-99.796000 Right=92.356000
DEBUG:root:ScaledLeft: 150.459000 ScaledRight: 582.801000
INFO:root:Looping....
DEBUG:root:This is the line: drive:99.796:7.44

DEBUG:root:We got command: drive
DEBUG:root:We got a drive command: rawX:7.440000 and rawY:99.796000
DEBUG:root:Forward to the Right
DEBUG:root:Left=-99.796000 Right=92.356000
DEBUG:root:ScaledLeft: 150.459000 ScaledRight: 582.801000
INFO:root:Looping....
DEBUG:root:This is the line: drive:97.815:5.917

DEBUG:root:We got command: drive
DEBUG:root:We got a drive command: rawX:5.917000 and rawY:97.815000
DEBUG:root:Forward to the Right
DEBUG:root:Left=-97.815000 Right=91.898000
DEBUG:root:ScaledLeft: 154.916250 ScaledRight: 581.770500
INFO:root:Looping....
DEBUG:root:This is the line: drive:90.253:7.744

DEBUG:root:We got command: drive
DEBUG:root:We got a drive command: rawX:7.744000 and rawY:90.253000
DEBUG:root:Forward to the Right
DEBUG:root:Left=-90.253000 Right=82.509000
DEBUG:root:ScaledLeft: 171.930750 ScaledRight: 560.645250
INFO:root:Looping....
DEBUG:root:This is the line: drive:80.16:9.226

DEBUG:root:We got command: drive
DEBUG:root:We got a drive command: rawX:9.226000 and rawY:80.160000
DEBUG:root:Forward to the Right
DEBUG:root:Left=-80.160000 Right=70.934000
DEBUG:root:ScaledLeft: 194.640000 ScaledRight: 534.601500
INFO:root:Looping....
DEBUG:root:This is the line: drive:74.711:9.226

DEBUG:root:We got command: drive
DEBUG:root:We got a drive command: rawX:9.226000 and rawY:74.711000
DEBUG:root:Forward to the Right
DEBUG:root:Left=-74.711000 Right=65.485000
DEBUG:root:ScaledLeft: 206.900250 ScaledRight: 522.341250
INFO:root:Looping....
DEBUG:root:This is the line: drive:67.046:9.226

DEBUG:root:We got command: drive
DEBUG:root:We got a drive command: rawX:9.226000 and rawY:67.046000
DEBUG:root:Forward to the Right
DEBUG:root:Left=-67.046000 Right=57.820000
DEBUG:root:ScaledLeft: 224.146500 ScaledRight: 505.095000
INFO:root:Looping....
DEBUG:root:This is the line: drive:60.585:9.226

DEBUG:root:We got command: drive
DEBUG:root:We got a drive command: rawX:9.226000 and rawY:60.585000
DEBUG:root:Forward to the Right
DEBUG:root:Left=-60.585000 Right=51.359000
DEBUG:root:ScaledLeft: 238.683750 ScaledRight: 490.557750
INFO:root:Looping....
DEBUG:root:This is the line: drive:55.018:9.524

DEBUG:root:We got command: drive
DEBUG:root:We got a drive command: rawX:9.524000 and rawY:55.018000
DEBUG:root:Forward to the Right
DEBUG:root:Left=-55.018000 Right=45.494000
DEBUG:root:ScaledLeft: 251.209500 ScaledRight: 477.361500
INFO:root:Looping....
DEBUG:root:This is the line: drive:48.688:9.612

DEBUG:root:We got command: drive
DEBUG:root:We got a drive command: rawX:9.612000 and rawY:48.688000
DEBUG:root:Forward to the Right
DEBUG:root:Left=-48.688000 Right=39.076000
DEBUG:root:ScaledLeft: 265.452000 ScaledRight: 462.921000
INFO:root:Looping....
DEBUG:root:This is the line: drive:44.551:10.278

DEBUG:root:We got command: drive
DEBUG:root:We got a drive command: rawX:10.278000 and rawY:44.551000
DEBUG:root:Forward to the Right
DEBUG:root:Left=-44.551000 Right=34.273000
DEBUG:root:ScaledLeft: 274.760250 ScaledRight: 452.114250
INFO:root:Looping....
DEBUG:root:This is the line: drive:38.237:11.31

DEBUG:root:We got command: drive
DEBUG:root:We got a drive command: rawX:11.310000 and rawY:38.237000
DEBUG:root:Forward to the Right
DEBUG:root:Left=-38.237000 Right=26.927000
DEBUG:root:ScaledLeft: 288.966750 ScaledRight: 435.585750
INFO:root:Looping....
DEBUG:root:This is the line: drive:33.674:11.905

DEBUG:root:We got command: drive
DEBUG:root:We got a drive command: rawX:11.905000 and rawY:33.674000
DEBUG:root:Forward to the Right
DEBUG:root:Left=-33.674000 Right=21.769000
DEBUG:root:ScaledLeft: 299.233500 ScaledRight: 423.980250
INFO:root:Looping....
DEBUG:root:This is the line: drive:29.572:12.202

DEBUG:root:We got command: drive
DEBUG:root:We got a drive command: rawX:12.202000 and rawY:29.572000
DEBUG:root:Forward to the Right
DEBUG:root:Left=-29.572000 Right=17.370000
DEBUG:root:ScaledLeft: 308.463000 ScaledRight: 414.082500
INFO:root:Looping....
DEBUG:root:This is the line: drive:25.221:12.202

DEBUG:root:We got command: drive
DEBUG:root:We got a drive command: rawX:12.202000 and rawY:25.221000
DEBUG:root:Forward to the Right
DEBUG:root:Left=-25.221000 Right=13.019000
DEBUG:root:ScaledLeft: 318.252750 ScaledRight: 404.292750
INFO:root:Looping....
DEBUG:root:This is the line: drive:20.318:12.687

DEBUG:root:We got command: drive
DEBUG:root:We got a drive command: rawX:12.687000 and rawY:20.318000
DEBUG:root:Forward to the Right
DEBUG:root:Left=-20.318000 Right=7.631000
DEBUG:root:ScaledLeft: 329.284500 ScaledRight: 392.169750
INFO:root:Looping....
DEBUG:root:This is the line: drive:13.873:13.988

DEBUG:root:We got command: drive
DEBUG:root:We got a drive command: rawX:13.988000 and rawY:13.873000
DEBUG:root:Forward to the Right
DEBUG:root:Left=-13.873000 Right=-0.115000
DEBUG:root:ScaledLeft: 343.785750 ScaledRight: 374.741250
INFO:root:Looping....
DEBUG:root:This is the line: drive:8.286:14.583

DEBUG:root:We got command: drive
DEBUG:root:We got a drive command: rawX:14.583000 and rawY:8.286000
DEBUG:root:Forward to the Right
DEBUG:root:Left=-8.286000 Right=-6.297000
DEBUG:root:ScaledLeft: 356.356500 ScaledRight: 360.831750
INFO:root:Looping....
DEBUG:root:This is the line: drive:1.9:15.476

DEBUG:root:We got command: drive
DEBUG:root:We got a drive command: rawX:15.476000 and rawY:1.900000
DEBUG:root:Forward to the Right
DEBUG:root:Left=-1.900000 Right=-13.576000
DEBUG:root:ScaledLeft: 370.725000 ScaledRight: 344.454000
INFO:root:Looping....
DEBUG:root:This is the line: drive:-2.402:15.774

DEBUG:root:We got command: drive
DEBUG:root:We got a drive command: rawX:15.774000 and rawY:-2.402000
DEBUG:root:Reverse to the Right
DEBUG:root:Left=2.402000 Right=-18.176000
DEBUG:root:ScaledLeft: 380.404500 ScaledRight: 334.104000
INFO:root:Looping....
DEBUG:root:This is the line: drive:-6.539:16.071

DEBUG:root:We got command: drive
DEBUG:root:We got a drive command: rawX:16.071000 and rawY:-6.539000
DEBUG:root:Reverse to the Right
DEBUG:root:Left=6.539000 Right=-22.610000
DEBUG:root:ScaledLeft: 389.712750 ScaledRight: 324.127500
INFO:root:Looping....
DEBUG:root:This is the line: drive:-11.005:16.369

DEBUG:root:We got command: drive
DEBUG:root:We got a drive command: rawX:16.369000 and rawY:-11.005000
DEBUG:root:Reverse to the Right
DEBUG:root:Left=11.005000 Right=-27.374000
DEBUG:root:ScaledLeft: 399.761250 ScaledRight: 313.408500
INFO:root:Looping....
DEBUG:root:This is the line: drive:-15.643:16.84

DEBUG:root:We got command: drive
DEBUG:root:We got a drive command: rawX:16.840000 and rawY:-15.643000
DEBUG:root:Reverse to the Right
DEBUG:root:Left=15.643000 Right=-32.483000
DEBUG:root:ScaledLeft: 410.196750 ScaledRight: 301.913250
INFO:root:Looping....
DEBUG:root:This is the line: drive:-21.201:17.56

DEBUG:root:We got command: drive
DEBUG:root:We got a drive command: rawX:17.560000 and rawY:-21.201000
DEBUG:root:Reverse to the Right
DEBUG:root:Left=21.201000 Right=-38.761000
DEBUG:root:ScaledLeft: 422.702250 ScaledRight: 287.787750
INFO:root:Looping....
DEBUG:root:This is the line: drive:-27.684:17.56

DEBUG:root:We got command: drive
DEBUG:root:We got a drive command: rawX:17.560000 and rawY:-27.684000
DEBUG:root:Reverse to the Right
DEBUG:root:Left=27.684000 Right=-45.244000
DEBUG:root:ScaledLeft: 437.289000 ScaledRight: 273.201000
INFO:root:Looping....
DEBUG:root:This is the line: drive:-32.074:17.56

DEBUG:root:We got command: drive
DEBUG:root:We got a drive command: rawX:17.560000 and rawY:-32.074000
DEBUG:root:Reverse to the Right
DEBUG:root:Left=32.074000 Right=-49.634000
DEBUG:root:ScaledLeft: 447.166500 ScaledRight: 263.323500
INFO:root:Looping....
DEBUG:root:This is the line: drive:-35.234:17.56

DEBUG:root:We got command: drive
DEBUG:root:We got a drive command: rawX:17.560000 and rawY:-35.234000
DEBUG:root:Reverse to the Right
DEBUG:root:Left=35.234000 Right=-52.794000
DEBUG:root:ScaledLeft: 454.276500 ScaledRight: 256.213500
INFO:root:Looping....
DEBUG:root:This is the line: drive:-39.411:17.56

DEBUG:root:We got command: drive
DEBUG:root:We got a drive command: rawX:17.560000 and rawY:-39.411000
DEBUG:root:Reverse to the Right
DEBUG:root:Left=39.411000 Right=-56.971000
DEBUG:root:ScaledLeft: 463.674750 ScaledRight: 246.815250
INFO:root:Looping....
DEBUG:root:This is the line: drive:-43.0:17.857

DEBUG:root:We got command: drive
DEBUG:root:We got a drive command: rawX:17.857000 and rawY:-43.000000
DEBUG:root:Reverse to the Right
DEBUG:root:Left=43.000000 Right=-60.857000
DEBUG:root:ScaledLeft: 471.750000 ScaledRight: 238.071750
INFO:root:Looping....
DEBUG:root:This is the line: drive:-46.052:17.857

DEBUG:root:We got command: drive
DEBUG:root:We got a drive command: rawX:17.857000 and rawY:-46.052000
DEBUG:root:Reverse to the Right
DEBUG:root:Left=46.052000 Right=-63.909000
DEBUG:root:ScaledLeft: 478.617000 ScaledRight: 231.204750
INFO:root:Looping....
DEBUG:root:This is the line: drive:-48.244:18.409

DEBUG:root:We got command: drive
DEBUG:root:We got a drive command: rawX:18.409000 and rawY:-48.244000
DEBUG:root:Reverse to the Right
DEBUG:root:Left=48.244000 Right=-66.653000
DEBUG:root:ScaledLeft: 483.549000 ScaledRight: 225.030750
INFO:root:Looping....
DEBUG:root:This is the line: drive:-50.137:18.75

DEBUG:root:We got command: drive
DEBUG:root:We got a drive command: rawX:18.750000 and rawY:-50.137000
DEBUG:root:Reverse to the Right
DEBUG:root:Left=50.137000 Right=-68.887000
DEBUG:root:ScaledLeft: 487.808250 ScaledRight: 220.004250
INFO:root:Looping....
DEBUG:root:This is the line: drive:-52.583:18.75

DEBUG:root:We got command: drive
DEBUG:root:We got a drive command: rawX:18.750000 and rawY:-52.583000
DEBUG:root:Reverse to the Right
DEBUG:root:Left=52.583000 Right=-71.333000
DEBUG:root:ScaledLeft: 493.311750 ScaledRight: 214.500750
INFO:root:Looping....
DEBUG:root:This is the line: drive:-55.04:19.345

DEBUG:root:We got command: drive
DEBUG:root:We got a drive command: rawX:19.345000 and rawY:-55.040000
DEBUG:root:Reverse to the Right
DEBUG:root:Left=55.040000 Right=-74.385000
DEBUG:root:ScaledLeft: 498.840000 ScaledRight: 207.633750
INFO:root:Looping....
DEBUG:root:This is the line: drive:-57.386:19.598

DEBUG:root:We got command: drive
DEBUG:root:We got a drive command: rawX:19.598000 and rawY:-57.386000
DEBUG:root:Reverse to the Right
DEBUG:root:Left=57.386000 Right=-76.984000
DEBUG:root:ScaledLeft: 504.118500 ScaledRight: 201.786000
INFO:root:Looping....
DEBUG:root:This is the line: drive:-59.286:19.643

DEBUG:root:We got command: drive
DEBUG:root:We got a drive command: rawX:19.643000 and rawY:-59.286000
DEBUG:root:Reverse to the Right
DEBUG:root:Left=59.286000 Right=-78.929000
DEBUG:root:ScaledLeft: 508.393500 ScaledRight: 197.409750
INFO:root:Looping....
DEBUG:root:This is the line: drive:-61.157:19.94

DEBUG:root:We got command: drive
DEBUG:root:We got a drive command: rawX:19.940000 and rawY:-61.157000
DEBUG:root:Reverse to the Right
DEBUG:root:Left=61.157000 Right=-81.097000
DEBUG:root:ScaledLeft: 512.603250 ScaledRight: 192.531750
INFO:root:Looping....
DEBUG:root:This is the line: drive:-63.909:19.94

DEBUG:root:We got command: drive
DEBUG:root:We got a drive command: rawX:19.940000 and rawY:-63.909000
DEBUG:root:Reverse to the Right
DEBUG:root:Left=63.909000 Right=-83.849000
DEBUG:root:ScaledLeft: 518.795250 ScaledRight: 186.339750
INFO:root:Looping....
DEBUG:root:This is the line: drive:-65.622:19.94

DEBUG:root:We got command: drive
DEBUG:root:We got a drive command: rawX:19.940000 and rawY:-65.622000
DEBUG:root:Reverse to the Right
DEBUG:root:Left=65.622000 Right=-85.562000
DEBUG:root:ScaledLeft: 522.649500 ScaledRight: 182.485500
INFO:root:Looping....
DEBUG:root:This is the line: drive:-67.683:19.94

DEBUG:root:We got command: drive
DEBUG:root:We got a drive command: rawX:19.940000 and rawY:-67.683000
DEBUG:root:Reverse to the Right
DEBUG:root:Left=67.683000 Right=-87.623000
DEBUG:root:ScaledLeft: 527.286750 ScaledRight: 177.848250
INFO:root:Looping....
DEBUG:root:This is the line: drive:-69.143:20.197

DEBUG:root:We got command: drive
DEBUG:root:We got a drive command: rawX:20.197000 and rawY:-69.143000
DEBUG:root:Reverse to the Right
DEBUG:root:Left=69.143000 Right=-89.340000
DEBUG:root:ScaledLeft: 530.571750 ScaledRight: 173.985000
INFO:root:Looping....
DEBUG:root:This is the line: drive:-69.571:20.238

DEBUG:root:We got command: drive
DEBUG:root:We got a drive command: rawX:20.238000 and rawY:-69.571000
DEBUG:root:Reverse to the Right
DEBUG:root:Left=69.571000 Right=-89.809000
DEBUG:root:ScaledLeft: 531.534750 ScaledRight: 172.929750
INFO:root:Looping....
DEBUG:root:This is the line: drive:-69.571:20.238

DEBUG:root:We got command: drive
DEBUG:root:We got a drive command: rawX:20.238000 and rawY:-69.571000
DEBUG:root:Reverse to the Right
DEBUG:root:Left=69.571000 Right=-89.809000
DEBUG:root:ScaledLeft: 531.534750 ScaledRight: 172.929750
INFO:root:Looping....
DEBUG:root:This is the line: drive:-69.571:20.238

DEBUG:root:We got command: drive
DEBUG:root:We got a drive command: rawX:20.238000 and rawY:-69.571000
DEBUG:root:Reverse to the Right
DEBUG:root:Left=69.571000 Right=-89.809000
DEBUG:root:ScaledLeft: 531.534750 ScaledRight: 172.929750
INFO:root:Looping....
DEBUG:root:This is the line: drive:-69.714:19.746

DEBUG:root:We got command: drive
DEBUG:root:We got a drive command: rawX:19.746000 and rawY:-69.714000
DEBUG:root:Reverse to the Right
DEBUG:root:Left=69.714000 Right=-89.460000
DEBUG:root:ScaledLeft: 531.856500 ScaledRight: 173.715000
INFO:root:Looping....
DEBUG:root:This is the line: drive:-69.714:18.347

DEBUG:root:We got command: drive
DEBUG:root:We got a drive command: rawX:18.347000 and rawY:-69.714000
DEBUG:root:Reverse to the Right
DEBUG:root:Left=69.714000 Right=-88.061000
DEBUG:root:ScaledLeft: 531.856500 ScaledRight: 176.862750
INFO:root:Looping....
DEBUG:root:This is the line: drive:-69.714:15.468

DEBUG:root:We got command: drive
DEBUG:root:We got a drive command: rawX:15.468000 and rawY:-69.714000
DEBUG:root:Reverse to the Right
DEBUG:root:Left=69.714000 Right=-85.182000
DEBUG:root:ScaledLeft: 531.856500 ScaledRight: 183.340500
INFO:root:Looping....
DEBUG:root:This is the line: drive:-69.714:14.137

DEBUG:root:We got command: drive
DEBUG:root:We got a drive command: rawX:14.137000 and rawY:-69.714000
DEBUG:root:Reverse to the Right
DEBUG:root:Left=69.714000 Right=-83.851000
DEBUG:root:ScaledLeft: 531.856500 ScaledRight: 186.335250
INFO:root:Looping....
DEBUG:root:This is the line: drive:-69.714:12.291

DEBUG:root:We got command: drive
DEBUG:root:We got a drive command: rawX:12.291000 and rawY:-69.714000
DEBUG:root:Reverse to the Right
DEBUG:root:Left=69.714000 Right=-82.005000
DEBUG:root:ScaledLeft: 531.856500 ScaledRight: 190.488750
INFO:root:Looping....
DEBUG:root:This is the line: drive:-69.714:10.565

DEBUG:root:We got command: drive
DEBUG:root:We got a drive command: rawX:10.565000 and rawY:-69.714000
DEBUG:root:Reverse to the Right
DEBUG:root:Left=69.714000 Right=-80.279000
DEBUG:root:ScaledLeft: 531.856500 ScaledRight: 194.372250
INFO:root:Looping....
DEBUG:root:This is the line: drive:-69.714:9.862

DEBUG:root:We got command: drive
DEBUG:root:We got a drive command: rawX:9.862000 and rawY:-69.714000
DEBUG:root:Reverse to the Right
DEBUG:root:Left=69.714000 Right=-79.576000
DEBUG:root:ScaledLeft: 531.856500 ScaledRight: 195.954000
INFO:root:Looping....
DEBUG:root:This is the line: drive:-69.714:7.887

DEBUG:root:We got command: drive
DEBUG:root:We got a drive command: rawX:7.887000 and rawY:-69.714000
DEBUG:root:Reverse to the Right
DEBUG:root:Left=69.714000 Right=-77.601000
DEBUG:root:ScaledLeft: 531.856500 ScaledRight: 200.397750
INFO:root:Looping....
DEBUG:root:This is the line: drive:-69.714:6.532

DEBUG:root:We got command: drive
DEBUG:root:We got a drive command: rawX:6.532000 and rawY:-69.714000
DEBUG:root:Reverse to the Right
DEBUG:root:Left=69.714000 Right=-76.246000
DEBUG:root:ScaledLeft: 531.856500 ScaledRight: 203.446500
INFO:root:Looping....
DEBUG:root:This is the line: drive:-68.857:3.624

DEBUG:root:We got command: drive
DEBUG:root:We got a drive command: rawX:3.624000 and rawY:-68.857000
DEBUG:root:Reverse to the Right
DEBUG:root:Left=68.857000 Right=-72.481000
DEBUG:root:ScaledLeft: 529.928250 ScaledRight: 211.917750
INFO:root:Looping....
DEBUG:root:This is the line: drive:-68.857:1.637

DEBUG:root:We got command: drive
DEBUG:root:We got a drive command: rawX:1.637000 and rawY:-68.857000
DEBUG:root:Reverse to the Right
DEBUG:root:Left=68.857000 Right=-70.494000
DEBUG:root:ScaledLeft: 529.928250 ScaledRight: 216.388500
INFO:root:Looping....
DEBUG:root:This is the line: drive:-67.69:-1.836

DEBUG:root:We got command: drive
DEBUG:root:We got a drive command: rawX:-1.836000 and rawY:-67.690000
DEBUG:root:Reverse to the Left/Straight
DEBUG:root:Left=65.854000 Right=-67.690000
DEBUG:root:ScaledLeft: 523.171500 ScaledRight: 222.697500
INFO:root:Looping....
DEBUG:root:This is the line: drive:-67.429:-4.607

DEBUG:root:We got command: drive
DEBUG:root:We got a drive command: rawX:-4.607000 and rawY:-67.429000
DEBUG:root:Reverse to the Left/Straight
DEBUG:root:Left=62.822000 Right=-67.429000
DEBUG:root:ScaledLeft: 516.349500 ScaledRight: 223.284750
INFO:root:Looping....
DEBUG:root:This is the line: drive:-66.857:-6.452

DEBUG:root:We got command: drive
DEBUG:root:We got a drive command: rawX:-6.452000 and rawY:-66.857000
DEBUG:root:Reverse to the Left/Straight
DEBUG:root:Left=60.405000 Right=-66.857000
DEBUG:root:ScaledLeft: 510.911250 ScaledRight: 224.571750
INFO:root:Looping....
DEBUG:root:This is the line: drive:-65.714:-9.541

DEBUG:root:We got command: drive
DEBUG:root:We got a drive command: rawX:-9.541000 and rawY:-65.714000
DEBUG:root:Reverse to the Left/Straight
DEBUG:root:Left=56.173000 Right=-65.714000
DEBUG:root:ScaledLeft: 501.389250 ScaledRight: 227.143500
INFO:root:Looping....
DEBUG:root:This is the line: drive:-65.143:-11.42

DEBUG:root:We got command: drive
DEBUG:root:We got a drive command: rawX:-11.420000 and rawY:-65.143000
DEBUG:root:Reverse to the Left/Straight
DEBUG:root:Left=53.723000 Right=-65.143000
DEBUG:root:ScaledLeft: 495.876750 ScaledRight: 228.428250
INFO:root:Looping....
DEBUG:root:This is the line: drive:-64.571:-13.752

DEBUG:root:We got command: drive
DEBUG:root:We got a drive command: rawX:-13.752000 and rawY:-64.571000
DEBUG:root:Reverse to the Left/Straight
DEBUG:root:Left=50.819000 Right=-64.571000
DEBUG:root:ScaledLeft: 489.342750 ScaledRight: 229.715250
INFO:root:Looping....
DEBUG:root:This is the line: drive:-64.286:-15.716

DEBUG:root:We got command: drive
DEBUG:root:We got a drive command: rawX:-15.716000 and rawY:-64.286000
DEBUG:root:Reverse to the Left/Straight
DEBUG:root:Left=48.570000 Right=-64.286000
DEBUG:root:ScaledLeft: 484.282500 ScaledRight: 230.356500
INFO:root:Looping....
DEBUG:root:This is the line: drive:-64.286:-17.968

DEBUG:root:We got command: drive
DEBUG:root:We got a drive command: rawX:-17.968000 and rawY:-64.286000
DEBUG:root:Reverse to the Left/Straight
DEBUG:root:Left=46.318000 Right=-64.286000
DEBUG:root:ScaledLeft: 479.215500 ScaledRight: 230.356500
INFO:root:Looping....
DEBUG:root:This is the line: drive:-64.286:-20.301

DEBUG:root:We got command: drive
DEBUG:root:We got a drive command: rawX:-20.301000 and rawY:-64.286000
DEBUG:root:Reverse to the Left/Straight
DEBUG:root:Left=43.985000 Right=-64.286000
DEBUG:root:ScaledLeft: 473.966250 ScaledRight: 230.356500
INFO:root:Looping....
DEBUG:root:This is the line: drive:-64.286:-22.209

DEBUG:root:We got command: drive
DEBUG:root:We got a drive command: rawX:-22.209000 and rawY:-64.286000
DEBUG:root:Reverse to the Left/Straight
DEBUG:root:Left=42.077000 Right=-64.286000
DEBUG:root:ScaledLeft: 469.673250 ScaledRight: 230.356500
INFO:root:Looping....
DEBUG:root:This is the line: drive:-64.286:-23.972

DEBUG:root:We got command: drive
DEBUG:root:We got a drive command: rawX:-23.972000 and rawY:-64.286000
DEBUG:root:Reverse to the Left/Straight
DEBUG:root:Left=40.314000 Right=-64.286000
DEBUG:root:ScaledLeft: 465.706500 ScaledRight: 230.356500
INFO:root:Looping....
DEBUG:root:This is the line: drive:-64.286:-24.851

DEBUG:root:We got command: drive
DEBUG:root:We got a drive command: rawX:-24.851000 and rawY:-64.286000
DEBUG:root:Reverse to the Left/Straight
DEBUG:root:Left=39.435000 Right=-64.286000
DEBUG:root:ScaledLeft: 463.728750 ScaledRight: 230.356500
INFO:root:Looping....
DEBUG:root:This is the line: drive:-64.286:-25.686

DEBUG:root:We got command: drive
DEBUG:root:We got a drive command: rawX:-25.686000 and rawY:-64.286000
DEBUG:root:Reverse to the Left/Straight
DEBUG:root:Left=38.600000 Right=-64.286000
DEBUG:root:ScaledLeft: 461.850000 ScaledRight: 230.356500
INFO:root:Looping....
DEBUG:root:This is the line: drive:-64.286:-26.926

DEBUG:root:We got command: drive
DEBUG:root:We got a drive command: rawX:-26.926000 and rawY:-64.286000
DEBUG:root:Reverse to the Left/Straight
DEBUG:root:Left=37.360000 Right=-64.286000
DEBUG:root:ScaledLeft: 459.060000 ScaledRight: 230.356500
INFO:root:Looping....
DEBUG:root:This is the line: drive:-64.286:-27.342

DEBUG:root:We got command: drive
DEBUG:root:We got a drive command: rawX:-27.342000 and rawY:-64.286000
DEBUG:root:Reverse to the Left/Straight
DEBUG:root:Left=36.944000 Right=-64.286000
DEBUG:root:ScaledLeft: 458.124000 ScaledRight: 230.356500
INFO:root:Looping....
DEBUG:root:This is the line: drive:-64.286:-27.724

DEBUG:root:We got command: drive
DEBUG:root:We got a drive command: rawX:-27.724000 and rawY:-64.286000
DEBUG:root:Reverse to the Left/Straight
DEBUG:root:Left=36.562000 Right=-64.286000
DEBUG:root:ScaledLeft: 457.264500 ScaledRight: 230.356500
INFO:root:Looping....
DEBUG:root:This is the line: drive:-64.286:-29.208

DEBUG:root:We got command: drive
DEBUG:root:We got a drive command: rawX:-29.208000 and rawY:-64.286000
DEBUG:root:Reverse to the Left/Straight
DEBUG:root:Left=35.078000 Right=-64.286000
DEBUG:root:ScaledLeft: 453.925500 ScaledRight: 230.356500
INFO:root:Looping....
DEBUG:root:This is the line: drive:-64.286:-30.208

DEBUG:root:We got command: drive
DEBUG:root:We got a drive command: rawX:-30.208000 and rawY:-64.286000
DEBUG:root:Reverse to the Left/Straight
DEBUG:root:Left=34.078000 Right=-64.286000
DEBUG:root:ScaledLeft: 451.675500 ScaledRight: 230.356500
INFO:root:Looping....
DEBUG:root:This is the line: drive:-64.286:-31.782

DEBUG:root:We got command: drive
DEBUG:root:We got a drive command: rawX:-31.782000 and rawY:-64.286000
DEBUG:root:Reverse to the Left/Straight
DEBUG:root:Left=32.504000 Right=-64.286000
DEBUG:root:ScaledLeft: 448.134000 ScaledRight: 230.356500
INFO:root:Looping....
DEBUG:root:This is the line: drive:-64.286:-32.991

DEBUG:root:We got command: drive
DEBUG:root:We got a drive command: rawX:-32.991000 and rawY:-64.286000
DEBUG:root:Reverse to the Left/Straight
DEBUG:root:Left=31.295000 Right=-64.286000
DEBUG:root:ScaledLeft: 445.413750 ScaledRight: 230.356500
INFO:root:Looping....
DEBUG:root:This is the line: drive:-64.286:-34.077

DEBUG:root:We got command: drive
DEBUG:root:We got a drive command: rawX:-34.077000 and rawY:-64.286000
DEBUG:root:Reverse to the Left/Straight
DEBUG:root:Left=30.209000 Right=-64.286000
DEBUG:root:ScaledLeft: 442.970250 ScaledRight: 230.356500
INFO:root:Looping....
DEBUG:root:This is the line: drive:-64.286:-34.893

DEBUG:root:We got command: drive
DEBUG:root:We got a drive command: rawX:-34.893000 and rawY:-64.286000
DEBUG:root:Reverse to the Left/Straight
DEBUG:root:Left=29.393000 Right=-64.286000
DEBUG:root:ScaledLeft: 441.134250 ScaledRight: 230.356500
INFO:root:Looping....
DEBUG:root:This is the line: drive:-64.286:-34.893

DEBUG:root:We got command: drive
DEBUG:root:We got a drive command: rawX:-34.893000 and rawY:-64.286000
DEBUG:root:Reverse to the Left/Straight
DEBUG:root:Left=29.393000 Right=-64.286000
DEBUG:root:ScaledLeft: 441.134250 ScaledRight: 230.356500
INFO:root:Looping....
DEBUG:root:This is the line: drive:-64.286:-34.43

DEBUG:root:We got command: drive
DEBUG:root:We got a drive command: rawX:-34.430000 and rawY:-64.286000
DEBUG:root:Reverse to the Left/Straight
DEBUG:root:Left=29.856000 Right=-64.286000
DEBUG:root:ScaledLeft: 442.176000 ScaledRight: 230.356500
INFO:root:Looping....
DEBUG:root:This is the line: drive:-64.286:-32.292

DEBUG:root:We got command: drive
DEBUG:root:We got a drive command: rawX:-32.292000 and rawY:-64.286000
DEBUG:root:Reverse to the Left/Straight
DEBUG:root:Left=31.994000 Right=-64.286000
DEBUG:root:ScaledLeft: 446.986500 ScaledRight: 230.356500
INFO:root:Looping....
DEBUG:root:This is the line: drive:-62.506:-29.029

DEBUG:root:We got command: drive
DEBUG:root:We got a drive command: rawX:-29.029000 and rawY:-62.506000
DEBUG:root:Reverse to the Left/Straight
DEBUG:root:Left=33.477000 Right=-62.506000
DEBUG:root:ScaledLeft: 450.323250 ScaledRight: 234.361500
INFO:root:Looping....
DEBUG:root:This is the line: drive:-61.0:-25.0

DEBUG:root:We got command: drive
DEBUG:root:We got a drive command: rawX:-25.000000 and rawY:-61.000000
DEBUG:root:Reverse to the Left/Straight
DEBUG:root:Left=36.000000 Right=-61.000000
DEBUG:root:ScaledLeft: 456.000000 ScaledRight: 237.750000
INFO:root:Looping....
DEBUG:root:This is the line: drive:-59.003:-20.84

DEBUG:root:We got command: drive
DEBUG:root:We got a drive command: rawX:-20.840000 and rawY:-59.003000
DEBUG:root:Reverse to the Left/Straight
DEBUG:root:Left=38.163000 Right=-59.003000
DEBUG:root:ScaledLeft: 460.866750 ScaledRight: 242.243250
INFO:root:Looping....
DEBUG:root:This is the line: drive:-57.429:-16.159

DEBUG:root:We got command: drive
DEBUG:root:We got a drive command: rawX:-16.159000 and rawY:-57.429000
DEBUG:root:Reverse to the Left/Straight
DEBUG:root:Left=41.270000 Right=-57.429000
DEBUG:root:ScaledLeft: 467.857500 ScaledRight: 245.784750
INFO:root:Looping....
DEBUG:root:This is the line: drive:-56.635:-12.334

DEBUG:root:We got command: drive
DEBUG:root:We got a drive command: rawX:-12.334000 and rawY:-56.635000
DEBUG:root:Reverse to the Left/Straight
DEBUG:root:Left=44.301000 Right=-56.635000
DEBUG:root:ScaledLeft: 474.677250 ScaledRight: 247.571250
INFO:root:Looping....
DEBUG:root:This is the line: drive:-54.406:-7.69

DEBUG:root:We got command: drive
DEBUG:root:We got a drive command: rawX:-7.690000 and rawY:-54.406000
DEBUG:root:Reverse to the Left/Straight
DEBUG:root:Left=46.716000 Right=-54.406000
DEBUG:root:ScaledLeft: 480.111000 ScaledRight: 252.586500
INFO:root:Looping....
DEBUG:root:This is the line: drive:-52.915:-3.99

DEBUG:root:We got command: drive
DEBUG:root:We got a drive command: rawX:-3.990000 and rawY:-52.915000
DEBUG:root:Reverse to the Left/Straight
DEBUG:root:Left=48.925000 Right=-52.915000
DEBUG:root:ScaledLeft: 485.081250 ScaledRight: 255.941250
INFO:root:Looping....
DEBUG:root:This is the line: drive:-52.0:1.141

DEBUG:root:We got command: drive
DEBUG:root:We got a drive command: rawX:1.141000 and rawY:-52.000000
DEBUG:root:Reverse to the Right
DEBUG:root:Left=52.000000 Right=-53.141000
DEBUG:root:ScaledLeft: 492.000000 ScaledRight: 255.432750
INFO:root:Looping....
DEBUG:root:This is the line: drive:-52.0:5.114

DEBUG:root:We got command: drive
DEBUG:root:We got a drive command: rawX:5.114000 and rawY:-52.000000
DEBUG:root:Reverse to the Right
DEBUG:root:Left=52.000000 Right=-57.114000
DEBUG:root:ScaledLeft: 492.000000 ScaledRight: 246.493500
INFO:root:Looping....
DEBUG:root:This is the line: drive:-51.714:7.319

DEBUG:root:We got command: drive
DEBUG:root:We got a drive command: rawX:7.319000 and rawY:-51.714000
DEBUG:root:Reverse to the Right
DEBUG:root:Left=51.714000 Right=-59.033000
DEBUG:root:ScaledLeft: 491.356500 ScaledRight: 242.175750
INFO:root:Looping....
DEBUG:root:This is the line: drive:-51.714:9.62

DEBUG:root:We got command: drive
DEBUG:root:We got a drive command: rawX:9.620000 and rawY:-51.714000
DEBUG:root:Reverse to the Right
DEBUG:root:Left=51.714000 Right=-61.334000
DEBUG:root:ScaledLeft: 491.356500 ScaledRight: 236.998500
INFO:root:Looping....
DEBUG:root:This is the line: drive:-51.429:11.983

DEBUG:root:We got command: drive
DEBUG:root:We got a drive command: rawX:11.983000 and rawY:-51.429000
DEBUG:root:Reverse to the Right
DEBUG:root:Left=51.429000 Right=-63.412000
DEBUG:root:ScaledLeft: 490.715250 ScaledRight: 232.323000
INFO:root:Looping....
DEBUG:root:This is the line: drive:-50.571:15.452

DEBUG:root:We got command: drive
DEBUG:root:We got a drive command: rawX:15.452000 and rawY:-50.571000
DEBUG:root:Reverse to the Right
DEBUG:root:Left=50.571000 Right=-66.023000
DEBUG:root:ScaledLeft: 488.784750 ScaledRight: 226.448250
INFO:root:Looping....
DEBUG:root:This is the line: drive:-49.714:19.016

DEBUG:root:We got command: drive
DEBUG:root:We got a drive command: rawX:19.016000 and rawY:-49.714000
DEBUG:root:Reverse to the Right
DEBUG:root:Left=49.714000 Right=-68.730000
DEBUG:root:ScaledLeft: 486.856500 ScaledRight: 220.357500
INFO:root:Looping....
DEBUG:root:This is the line: drive:-48.472:23.615

DEBUG:root:We got command: drive
DEBUG:root:We got a drive command: rawX:23.615000 and rawY:-48.472000
DEBUG:root:Reverse to the Right
DEBUG:root:Left=48.472000 Right=-72.087000
DEBUG:root:ScaledLeft: 484.062000 ScaledRight: 212.804250
INFO:root:Looping....
DEBUG:root:This is the line: drive:-47.169:25.568

DEBUG:root:We got command: drive
DEBUG:root:We got a drive command: rawX:25.568000 and rawY:-47.169000
DEBUG:root:Reverse to the Right
DEBUG:root:Left=47.169000 Right=-72.737000
DEBUG:root:ScaledLeft: 481.130250 ScaledRight: 211.341750
INFO:root:Looping....
DEBUG:root:This is the line: drive:-46.0:28.765

DEBUG:root:We got command: drive
DEBUG:root:We got a drive command: rawX:28.765000 and rawY:-46.000000
DEBUG:root:Reverse to the Right
DEBUG:root:Left=46.000000 Right=-74.765000
DEBUG:root:ScaledLeft: 478.500000 ScaledRight: 206.778750
INFO:root:Looping....
DEBUG:root:This is the line: drive:-44.421:31.406

DEBUG:root:We got command: drive
DEBUG:root:We got a drive command: rawX:31.406000 and rawY:-44.421000
DEBUG:root:Reverse to the Right
DEBUG:root:Left=44.421000 Right=-75.827000
DEBUG:root:ScaledLeft: 474.947250 ScaledRight: 204.389250
INFO:root:Looping....
DEBUG:root:This is the line: drive:-43.714:34.493

DEBUG:root:We got command: drive
DEBUG:root:We got a drive command: rawX:34.493000 and rawY:-43.714000
DEBUG:root:Reverse to the Right
DEBUG:root:Left=43.714000 Right=-78.207000
DEBUG:root:ScaledLeft: 473.356500 ScaledRight: 199.034250
INFO:root:Looping....
DEBUG:root:This is the line: drive:-42.923:37.134

DEBUG:root:We got command: drive
DEBUG:root:We got a drive command: rawX:37.134000 and rawY:-42.923000
DEBUG:root:Reverse to the Right
DEBUG:root:Left=42.923000 Right=-80.057000
DEBUG:root:ScaledLeft: 471.576750 ScaledRight: 194.871750
INFO:root:Looping....
DEBUG:root:This is the line: drive:-41.663:39.041

DEBUG:root:We got command: drive
DEBUG:root:We got a drive command: rawX:39.041000 and rawY:-41.663000
DEBUG:root:Reverse to the Right
DEBUG:root:Left=41.663000 Right=-80.704000
DEBUG:root:ScaledLeft: 468.741750 ScaledRight: 193.416000
INFO:root:Looping....
DEBUG:root:This is the line: drive:-41.143:41.369

DEBUG:root:We got command: drive
DEBUG:root:We got a drive command: rawX:41.369000 and rawY:-41.143000
DEBUG:root:Reverse to the Right
DEBUG:root:Left=41.143000 Right=-82.512000
DEBUG:root:ScaledLeft: 467.571750 ScaledRight: 189.348000
INFO:root:Looping....
DEBUG:root:This is the line: drive:-40.571:43.378

DEBUG:root:We got command: drive
DEBUG:root:We got a drive command: rawX:43.378000 and rawY:-40.571000
DEBUG:root:Reverse to the Right
DEBUG:root:Left=40.571000 Right=-83.949000
DEBUG:root:ScaledLeft: 466.284750 ScaledRight: 186.114750
INFO:root:Looping....
DEBUG:root:This is the line: drive:-39.714:45.613

DEBUG:root:We got command: drive
DEBUG:root:We got a drive command: rawX:45.613000 and rawY:-39.714000
DEBUG:root:Reverse to the Right
DEBUG:root:Left=39.714000 Right=-85.327000
DEBUG:root:ScaledLeft: 464.356500 ScaledRight: 183.014250
INFO:root:Looping....
DEBUG:root:This is the line: drive:-39.143:48.428

DEBUG:root:We got command: drive
DEBUG:root:We got a drive command: rawX:48.428000 and rawY:-39.143000
DEBUG:root:Reverse to the Right
DEBUG:root:Left=39.143000 Right=-87.571000
DEBUG:root:ScaledLeft: 463.071750 ScaledRight: 177.965250
INFO:root:Looping....
DEBUG:root:This is the line: drive:-38.0:50.652

DEBUG:root:We got command: drive
DEBUG:root:We got a drive command: rawX:50.652000 and rawY:-38.000000
DEBUG:root:Reverse to the Right
DEBUG:root:Left=38.000000 Right=-88.652000
DEBUG:root:ScaledLeft: 460.500000 ScaledRight: 175.533000
INFO:root:Looping....
DEBUG:root:This is the line: drive:-37.429:52.989

DEBUG:root:We got command: drive
DEBUG:root:We got a drive command: rawX:52.989000 and rawY:-37.429000
DEBUG:root:Reverse to the Right
DEBUG:root:Left=37.429000 Right=-90.418000
DEBUG:root:ScaledLeft: 459.215250 ScaledRight: 171.559500
INFO:root:Looping....
DEBUG:root:This is the line: drive:-36.857:54.882

DEBUG:root:We got command: drive
DEBUG:root:We got a drive command: rawX:54.882000 and rawY:-36.857000
DEBUG:root:Reverse to the Right
DEBUG:root:Left=36.857000 Right=-91.739000
DEBUG:root:ScaledLeft: 457.928250 ScaledRight: 168.587250
INFO:root:Looping....
DEBUG:root:This is the line: drive:-36.571:56.426

DEBUG:root:We got command: drive
DEBUG:root:We got a drive command: rawX:56.426000 and rawY:-36.571000
DEBUG:root:Reverse to the Right
DEBUG:root:Left=36.571000 Right=-92.997000
DEBUG:root:ScaledLeft: 457.284750 ScaledRight: 165.756750
INFO:root:Looping....
DEBUG:root:This is the line: drive:-35.714:59.042

DEBUG:root:We got command: drive
DEBUG:root:We got a drive command: rawX:59.042000 and rawY:-35.714000
DEBUG:root:Reverse to the Right
DEBUG:root:Left=35.714000 Right=-94.756000
DEBUG:root:ScaledLeft: 455.356500 ScaledRight: 161.799000
INFO:root:Looping....
DEBUG:root:This is the line: drive:-35.0:61.012

DEBUG:root:We got command: drive
DEBUG:root:We got a drive command: rawX:61.012000 and rawY:-35.000000
DEBUG:root:Reverse to the Right
DEBUG:root:Left=35.000000 Right=-96.012000
DEBUG:root:ScaledLeft: 453.750000 ScaledRight: 158.973000
INFO:root:Looping....
DEBUG:root:This is the line: drive:-34.857:62.001

DEBUG:root:We got command: drive
DEBUG:root:We got a drive command: rawX:62.001000 and rawY:-34.857000
DEBUG:root:Reverse to the Right
DEBUG:root:Left=34.857000 Right=-96.858000
DEBUG:root:ScaledLeft: 453.428250 ScaledRight: 157.069500
INFO:root:Looping....
DEBUG:root:This is the line: drive:-34.143:63.839

DEBUG:root:We got command: drive
DEBUG:root:We got a drive command: rawX:63.839000 and rawY:-34.143000
DEBUG:root:Reverse to the Right
DEBUG:root:Left=34.143000 Right=-97.982000
DEBUG:root:ScaledLeft: 451.821750 ScaledRight: 154.540500
INFO:root:Looping....
DEBUG:root:This is the line: drive:-34.0:64.612

DEBUG:root:We got command: drive
DEBUG:root:We got a drive command: rawX:64.612000 and rawY:-34.000000
DEBUG:root:Reverse to the Right
DEBUG:root:Left=34.000000 Right=-98.612000
DEBUG:root:ScaledLeft: 451.500000 ScaledRight: 153.123000
INFO:root:Looping....
DEBUG:root:This is the line: drive:-33.714:65.019

DEBUG:root:We got command: drive
DEBUG:root:We got a drive command: rawX:65.019000 and rawY:-33.714000
DEBUG:root:Reverse to the Right
DEBUG:root:Left=33.714000 Right=-98.733000
DEBUG:root:ScaledLeft: 450.856500 ScaledRight: 152.850750
INFO:root:Looping....
DEBUG:root:This is the line: drive:-33.1:66.414

DEBUG:root:We got command: drive
DEBUG:root:We got a drive command: rawX:66.414000 and rawY:-33.100000
DEBUG:root:Reverse to the Right
DEBUG:root:Left=33.100000 Right=-99.514000
DEBUG:root:ScaledLeft: 449.475000 ScaledRight: 151.093500
INFO:root:Looping....
DEBUG:root:This is the line: drive:-32.857:68.283

DEBUG:root:We got command: drive
DEBUG:root:We got a drive command: rawX:68.283000 and rawY:-32.857000
DEBUG:root:Reverse to the Right
DEBUG:root:Left=32.857000 Right=-101.140000
DEBUG:root:ScaledLeft: 448.928250 ScaledRight: 147.435000
INFO:root:Looping....
DEBUG:root:This is the line: drive:-32.571:69.792

DEBUG:root:We got command: drive
DEBUG:root:We got a drive command: rawX:69.792000 and rawY:-32.571000
DEBUG:root:Reverse to the Right
DEBUG:root:Left=32.571000 Right=-102.363000
DEBUG:root:ScaledLeft: 448.284750 ScaledRight: 144.683250
INFO:root:Looping....
DEBUG:root:This is the line: drive:-32.0:70.379

DEBUG:root:We got command: drive
DEBUG:root:We got a drive command: rawX:70.379000 and rawY:-32.000000
DEBUG:root:Reverse to the Right
DEBUG:root:Left=32.000000 Right=-102.379000
DEBUG:root:ScaledLeft: 447.000000 ScaledRight: 144.647250
INFO:root:Looping....
DEBUG:root:This is the line: drive:-31.714:71.577

DEBUG:root:We got command: drive
DEBUG:root:We got a drive command: rawX:71.577000 and rawY:-31.714000
DEBUG:root:Reverse to the Right
DEBUG:root:Left=31.714000 Right=-103.291000
DEBUG:root:ScaledLeft: 446.356500 ScaledRight: 142.595250
INFO:root:Looping....
DEBUG:root:This is the line: drive:-31.429:72.173

DEBUG:root:We got command: drive
DEBUG:root:We got a drive command: rawX:72.173000 and rawY:-31.429000
DEBUG:root:Reverse to the Right
DEBUG:root:Left=31.429000 Right=-103.602000
DEBUG:root:ScaledLeft: 445.715250 ScaledRight: 141.895500
INFO:root:Looping....
DEBUG:root:This is the line: drive:-30.714:72.321

DEBUG:root:We got command: drive
DEBUG:root:We got a drive command: rawX:72.321000 and rawY:-30.714000
DEBUG:root:Reverse to the Right
DEBUG:root:Left=30.714000 Right=-103.035000
DEBUG:root:ScaledLeft: 444.106500 ScaledRight: 143.171250
INFO:root:Looping....
DEBUG:root:This is the line: drive:-30.522:72.619

DEBUG:root:We got command: drive
DEBUG:root:We got a drive command: rawX:72.619000 and rawY:-30.522000
DEBUG:root:Reverse to the Right
DEBUG:root:Left=30.522000 Right=-103.141000
DEBUG:root:ScaledLeft: 443.674500 ScaledRight: 142.932750
INFO:root:Looping....
DEBUG:root:This is the line: drive:-30.522:72.619

DEBUG:root:We got command: drive
DEBUG:root:We got a drive command: rawX:72.619000 and rawY:-30.522000
DEBUG:root:Reverse to the Right
DEBUG:root:Left=30.522000 Right=-103.141000
DEBUG:root:ScaledLeft: 443.674500 ScaledRight: 142.932750
INFO:root:Looping....
DEBUG:root:This is the line: drive:-30.571:71.877

DEBUG:root:We got command: drive
DEBUG:root:We got a drive command: rawX:71.877000 and rawY:-30.571000
DEBUG:root:Reverse to the Right
DEBUG:root:Left=30.571000 Right=-102.448000
DEBUG:root:ScaledLeft: 443.784750 ScaledRight: 144.492000
INFO:root:Looping....
DEBUG:root:This is the line: drive:-30.571:69.983

DEBUG:root:We got command: drive
DEBUG:root:We got a drive command: rawX:69.983000 and rawY:-30.571000
DEBUG:root:Reverse to the Right
DEBUG:root:Left=30.571000 Right=-100.554000
DEBUG:root:ScaledLeft: 443.784750 ScaledRight: 148.753500
INFO:root:Looping....
DEBUG:root:This is the line: drive:-30.571:65.657

DEBUG:root:We got command: drive
DEBUG:root:We got a drive command: rawX:65.657000 and rawY:-30.571000
DEBUG:root:Reverse to the Right
DEBUG:root:Left=30.571000 Right=-96.228000
DEBUG:root:ScaledLeft: 443.784750 ScaledRight: 158.487000
INFO:root:Looping....
DEBUG:root:This is the line: drive:-30.571:59.623

DEBUG:root:We got command: drive
DEBUG:root:We got a drive command: rawX:59.623000 and rawY:-30.571000
DEBUG:root:Reverse to the Right
DEBUG:root:Left=30.571000 Right=-90.194000
DEBUG:root:ScaledLeft: 443.784750 ScaledRight: 172.063500
INFO:root:Looping....
DEBUG:root:This is the line: drive:-30.571:54.258

DEBUG:root:We got command: drive
DEBUG:root:We got a drive command: rawX:54.258000 and rawY:-30.571000
DEBUG:root:Reverse to the Right
DEBUG:root:Left=30.571000 Right=-84.829000
DEBUG:root:ScaledLeft: 443.784750 ScaledRight: 184.134750
INFO:root:Looping....
DEBUG:root:This is the line: drive:-30.571:49.954

DEBUG:root:We got command: drive
DEBUG:root:We got a drive command: rawX:49.954000 and rawY:-30.571000
DEBUG:root:Reverse to the Right
DEBUG:root:Left=30.571000 Right=-80.525000
DEBUG:root:ScaledLeft: 443.784750 ScaledRight: 193.818750
INFO:root:Looping....
DEBUG:root:This is the line: drive:-30.571:46.988

DEBUG:root:We got command: drive
DEBUG:root:We got a drive command: rawX:46.988000 and rawY:-30.571000
DEBUG:root:Reverse to the Right
DEBUG:root:Left=30.571000 Right=-77.559000
DEBUG:root:ScaledLeft: 443.784750 ScaledRight: 200.492250
INFO:root:Looping....
DEBUG:root:This is the line: drive:-30.571:44.215

DEBUG:root:We got command: drive
DEBUG:root:We got a drive command: rawX:44.215000 and rawY:-30.571000
DEBUG:root:Reverse to the Right
DEBUG:root:Left=30.571000 Right=-74.786000
DEBUG:root:ScaledLeft: 443.784750 ScaledRight: 206.731500
INFO:root:Looping....
DEBUG:root:This is the line: drive:-30.571:41.438

DEBUG:root:We got command: drive
DEBUG:root:We got a drive command: rawX:41.438000 and rawY:-30.571000
DEBUG:root:Reverse to the Right
DEBUG:root:Left=30.571000 Right=-72.009000
DEBUG:root:ScaledLeft: 443.784750 ScaledRight: 212.979750
INFO:root:Looping....
DEBUG:root:This is the line: drive:-30.571:38.466

DEBUG:root:We got command: drive
DEBUG:root:We got a drive command: rawX:38.466000 and rawY:-30.571000
DEBUG:root:Reverse to the Right
DEBUG:root:Left=30.571000 Right=-69.037000
DEBUG:root:ScaledLeft: 443.784750 ScaledRight: 219.666750
INFO:root:Looping....
DEBUG:root:This is the line: drive:-30.571:36.458

DEBUG:root:We got command: drive
DEBUG:root:We got a drive command: rawX:36.458000 and rawY:-30.571000
DEBUG:root:Reverse to the Right
DEBUG:root:Left=30.571000 Right=-67.029000
DEBUG:root:ScaledLeft: 443.784750 ScaledRight: 224.184750
INFO:root:Looping....
DEBUG:root:This is the line: drive:-30.571:33.403

DEBUG:root:We got command: drive
DEBUG:root:We got a drive command: rawX:33.403000 and rawY:-30.571000
DEBUG:root:Reverse to the Right
DEBUG:root:Left=30.571000 Right=-63.974000
DEBUG:root:ScaledLeft: 443.784750 ScaledRight: 231.058500
INFO:root:Looping....
DEBUG:root:This is the line: drive:-30.571:31.11

DEBUG:root:We got command: drive
DEBUG:root:We got a drive command: rawX:31.110000 and rawY:-30.571000
DEBUG:root:Reverse to the Right
DEBUG:root:Left=30.571000 Right=-61.681000
DEBUG:root:ScaledLeft: 443.784750 ScaledRight: 236.217750
INFO:root:Looping....
DEBUG:root:This is the line: drive:-30.571:28.449

DEBUG:root:We got command: drive
DEBUG:root:We got a drive command: rawX:28.449000 and rawY:-30.571000
DEBUG:root:Reverse to the Right
DEBUG:root:Left=30.571000 Right=-59.020000
DEBUG:root:ScaledLeft: 443.784750 ScaledRight: 242.205000
INFO:root:Looping....
DEBUG:root:This is the line: drive:0:0

DEBUG:root:We got command: drive
DEBUG:root:We got a drive command: rawX:0.000000 and rawY:0.000000
DEBUG:root:Left=0.000000 Right=0.000000
DEBUG:root:ScaledLeft: 375.000000 ScaledRight: 375.000000
INFO:root:Looping....
DEBUG:root:This is the line: drive:-30.571:25.744

DEBUG:root:We got command: drive
DEBUG:root:We got a drive command: rawX:25.744000 and rawY:-30.571000
DEBUG:root:Reverse to the Right
DEBUG:root:Left=30.571000 Right=-56.315000
DEBUG:root:ScaledLeft: 443.784750 ScaledRight: 248.291250
INFO:root:Looping....
DEBUG:root:This is the line: drive:1.429:-11.607

DEBUG:root:We got command: drive
DEBUG:root:We got a drive command: rawX:-11.607000 and rawY:1.429000
DEBUG:root:Forward to the Left/Straight
DEBUG:root:Left=-13.036000 Right=1.429000
DEBUG:root:ScaledLeft: 345.669000 ScaledRight: 378.215250
INFO:root:Looping....
DEBUG:root:This is the line: drive:8.668:-9.854

DEBUG:root:We got command: drive
DEBUG:root:We got a drive command: rawX:-9.854000 and rawY:8.668000
DEBUG:root:Forward to the Left/Straight
DEBUG:root:Left=-18.522000 Right=8.668000
DEBUG:root:ScaledLeft: 333.325500 ScaledRight: 394.503000
INFO:root:Looping....
DEBUG:root:This is the line: drive:14.532:-6.958

DEBUG:root:We got command: drive
DEBUG:root:We got a drive command: rawX:-6.958000 and rawY:14.532000
DEBUG:root:Forward to the Left/Straight
DEBUG:root:Left=-21.490000 Right=14.532000
DEBUG:root:ScaledLeft: 326.647500 ScaledRight: 407.697000
INFO:root:Looping....
DEBUG:root:This is the line: drive:21.363:-4.685

DEBUG:root:We got command: drive
DEBUG:root:We got a drive command: rawX:-4.685000 and rawY:21.363000
DEBUG:root:Forward to the Left/Straight
DEBUG:root:Left=-26.048000 Right=21.363000
DEBUG:root:ScaledLeft: 316.392000 ScaledRight: 423.066750
INFO:root:Looping....
DEBUG:root:This is the line: drive:26.686:-2.976

DEBUG:root:We got command: drive
DEBUG:root:We got a drive command: rawX:-2.976000 and rawY:26.686000
DEBUG:root:Forward to the Left/Straight
DEBUG:root:Left=-29.662000 Right=26.686000
DEBUG:root:ScaledLeft: 308.260500 ScaledRight: 435.043500
INFO:root:Looping....
DEBUG:root:This is the line: drive:32.249:-1.786

DEBUG:root:We got command: drive
DEBUG:root:We got a drive command: rawX:-1.786000 and rawY:32.249000
DEBUG:root:Forward to the Left/Straight
DEBUG:root:Left=-34.035000 Right=32.249000
DEBUG:root:ScaledLeft: 298.421250 ScaledRight: 447.560250
INFO:root:Looping....
DEBUG:root:This is the line: drive:35.545:-1.786

DEBUG:root:We got command: drive
DEBUG:root:We got a drive command: rawX:-1.786000 and rawY:35.545000
DEBUG:root:Forward to the Left/Straight
DEBUG:root:Left=-37.331000 Right=35.545000
DEBUG:root:ScaledLeft: 291.005250 ScaledRight: 454.976250
INFO:root:Looping....
DEBUG:root:This is the line: drive:38.159:-1.786

DEBUG:root:We got command: drive
DEBUG:root:We got a drive command: rawX:-1.786000 and rawY:38.159000
DEBUG:root:Forward to the Left/Straight
DEBUG:root:Left=-39.945000 Right=38.159000
DEBUG:root:ScaledLeft: 285.123750 ScaledRight: 460.857750
INFO:root:Looping....
DEBUG:root:This is the line: drive:41.001:-1.786

DEBUG:root:We got command: drive
DEBUG:root:We got a drive command: rawX:-1.786000 and rawY:41.001000
DEBUG:root:Forward to the Left/Straight
DEBUG:root:Left=-42.787000 Right=41.001000
DEBUG:root:ScaledLeft: 278.729250 ScaledRight: 467.252250
INFO:root:Looping....
DEBUG:root:This is the line: drive:44.108:-1.786

DEBUG:root:We got command: drive
DEBUG:root:We got a drive command: rawX:-1.786000 and rawY:44.108000
DEBUG:root:Forward to the Left/Straight
DEBUG:root:Left=-45.894000 Right=44.108000
DEBUG:root:ScaledLeft: 271.738500 ScaledRight: 474.243000
INFO:root:Looping....
DEBUG:root:This is the line: drive:47.184:-1.786

DEBUG:root:We got command: drive
DEBUG:root:We got a drive command: rawX:-1.786000 and rawY:47.184000
DEBUG:root:Forward to the Left/Straight
DEBUG:root:Left=-48.970000 Right=47.184000
DEBUG:root:ScaledLeft: 264.817500 ScaledRight: 481.164000
INFO:root:Looping....
DEBUG:root:This is the line: drive:49.223:-1.786

DEBUG:root:We got command: drive
DEBUG:root:We got a drive command: rawX:-1.786000 and rawY:49.223000
DEBUG:root:Forward to the Left/Straight
DEBUG:root:Left=-51.009000 Right=49.223000
DEBUG:root:ScaledLeft: 260.229750 ScaledRight: 485.751750
INFO:root:Looping....
DEBUG:root:This is the line: drive:51.351:-1.786

DEBUG:root:We got command: drive
DEBUG:root:We got a drive command: rawX:-1.786000 and rawY:51.351000
DEBUG:root:Forward to the Left/Straight
DEBUG:root:Left=-53.137000 Right=51.351000
DEBUG:root:ScaledLeft: 255.441750 ScaledRight: 490.539750
INFO:root:Looping....
DEBUG:root:This is the line: drive:55.236:-1.786

DEBUG:root:We got command: drive
DEBUG:root:We got a drive command: rawX:-1.786000 and rawY:55.236000
DEBUG:root:Forward to the Left/Straight
DEBUG:root:Left=-57.022000 Right=55.236000
DEBUG:root:ScaledLeft: 246.700500 ScaledRight: 499.281000
INFO:root:Looping....
DEBUG:root:This is the line: drive:56.056:-1.786

DEBUG:root:We got command: drive
DEBUG:root:We got a drive command: rawX:-1.786000 and rawY:56.056000
DEBUG:root:Forward to the Left/Straight
DEBUG:root:Left=-57.842000 Right=56.056000
DEBUG:root:ScaledLeft: 244.855500 ScaledRight: 501.126000
INFO:root:Looping....
DEBUG:root:This is the line: drive:57.208:-1.786

DEBUG:root:We got command: drive
DEBUG:root:We got a drive command: rawX:-1.786000 and rawY:57.208000
DEBUG:root:Forward to the Left/Straight
DEBUG:root:Left=-58.994000 Right=57.208000
DEBUG:root:ScaledLeft: 242.263500 ScaledRight: 503.718000
INFO:root:Looping....
DEBUG:root:This is the line: drive:59.067:-1.786

DEBUG:root:We got command: drive
DEBUG:root:We got a drive command: rawX:-1.786000 and rawY:59.067000
DEBUG:root:Forward to the Left/Straight
DEBUG:root:Left=-60.853000 Right=59.067000
DEBUG:root:ScaledLeft: 238.080750 ScaledRight: 507.900750
INFO:root:Looping....
DEBUG:root:This is the line: drive:60.332:-1.786

DEBUG:root:We got command: drive
DEBUG:root:We got a drive command: rawX:-1.786000 and rawY:60.332000
DEBUG:root:Forward to the Left/Straight
DEBUG:root:Left=-62.118000 Right=60.332000
DEBUG:root:ScaledLeft: 235.234500 ScaledRight: 510.747000
INFO:root:Looping....
DEBUG:root:This is the line: drive:62.133:-1.786

DEBUG:root:We got command: drive
DEBUG:root:We got a drive command: rawX:-1.786000 and rawY:62.133000
DEBUG:root:Forward to the Left/Straight
DEBUG:root:Left=-63.919000 Right=62.133000
DEBUG:root:ScaledLeft: 231.182250 ScaledRight: 514.799250
INFO:root:Looping....
DEBUG:root:This is the line: drive:63.515:-1.786

DEBUG:root:We got command: drive
DEBUG:root:We got a drive command: rawX:-1.786000 and rawY:63.515000
DEBUG:root:Forward to the Left/Straight
DEBUG:root:Left=-65.301000 Right=63.515000
DEBUG:root:ScaledLeft: 228.072750 ScaledRight: 517.908750
INFO:root:Looping....
DEBUG:root:This is the line: drive:64.889:-1.786

DEBUG:root:We got command: drive
DEBUG:root:We got a drive command: rawX:-1.786000 and rawY:64.889000
DEBUG:root:Forward to the Left/Straight
DEBUG:root:Left=-66.675000 Right=64.889000
DEBUG:root:ScaledLeft: 224.981250 ScaledRight: 521.000250
INFO:root:Looping....
DEBUG:root:This is the line: drive:65.571:-1.488

DEBUG:root:We got command: drive
DEBUG:root:We got a drive command: rawX:-1.488000 and rawY:65.571000
DEBUG:root:Forward to the Left/Straight
DEBUG:root:Left=-67.059000 Right=65.571000
DEBUG:root:ScaledLeft: 224.117250 ScaledRight: 522.534750
INFO:root:Looping....
DEBUG:root:This is the line: drive:66.536:-1.488

DEBUG:root:We got command: drive
DEBUG:root:We got a drive command: rawX:-1.488000 and rawY:66.536000
DEBUG:root:Forward to the Left/Straight
DEBUG:root:Left=-68.024000 Right=66.536000
DEBUG:root:ScaledLeft: 221.946000 ScaledRight: 524.706000
INFO:root:Looping....
DEBUG:root:This is the line: drive:66.962:-1.488

DEBUG:root:We got command: drive
DEBUG:root:We got a drive command: rawX:-1.488000 and rawY:66.962000
DEBUG:root:Forward to the Left/Straight
DEBUG:root:Left=-68.450000 Right=66.962000
DEBUG:root:ScaledLeft: 220.987500 ScaledRight: 525.664500
INFO:root:Looping....
DEBUG:root:This is the line: drive:67.176:-1.488

DEBUG:root:We got command: drive
DEBUG:root:We got a drive command: rawX:-1.488000 and rawY:67.176000
DEBUG:root:Forward to the Left/Straight
DEBUG:root:Left=-68.664000 Right=67.176000
DEBUG:root:ScaledLeft: 220.506000 ScaledRight: 526.146000
INFO:root:Looping....
DEBUG:root:This is the line: drive:67.839:-1.488

DEBUG:root:We got command: drive
DEBUG:root:We got a drive command: rawX:-1.488000 and rawY:67.839000
DEBUG:root:Forward to the Left/Straight
DEBUG:root:Left=-69.327000 Right=67.839000
DEBUG:root:ScaledLeft: 219.014250 ScaledRight: 527.637750
INFO:root:Looping....
DEBUG:root:This is the line: drive:68.566:-1.488

DEBUG:root:We got command: drive
DEBUG:root:We got a drive command: rawX:-1.488000 and rawY:68.566000
DEBUG:root:Forward to the Left/Straight
DEBUG:root:Left=-70.054000 Right=68.566000
DEBUG:root:ScaledLeft: 217.378500 ScaledRight: 529.273500
INFO:root:Looping....
DEBUG:root:This is the line: drive:69.162:-1.488

DEBUG:root:We got command: drive
DEBUG:root:We got a drive command: rawX:-1.488000 and rawY:69.162000
DEBUG:root:Forward to the Left/Straight
DEBUG:root:Left=-70.650000 Right=69.162000
DEBUG:root:ScaledLeft: 216.037500 ScaledRight: 530.614500
INFO:root:Looping....
DEBUG:root:This is the line: drive:69.831:-1.488

DEBUG:root:We got command: drive
DEBUG:root:We got a drive command: rawX:-1.488000 and rawY:69.831000
DEBUG:root:Forward to the Left/Straight
DEBUG:root:Left=-71.319000 Right=69.831000
DEBUG:root:ScaledLeft: 214.532250 ScaledRight: 532.119750
INFO:root:Looping....
DEBUG:root:This is the line: drive:70.029:-1.488

DEBUG:root:We got command: drive
DEBUG:root:We got a drive command: rawX:-1.488000 and rawY:70.029000
DEBUG:root:Forward to the Left/Straight
DEBUG:root:Left=-71.517000 Right=70.029000
DEBUG:root:ScaledLeft: 214.086750 ScaledRight: 532.565250
INFO:root:Looping....
DEBUG:root:This is the line: drive:70.621:-1.488

DEBUG:root:We got command: drive
DEBUG:root:We got a drive command: rawX:-1.488000 and rawY:70.621000
DEBUG:root:Forward to the Left/Straight
DEBUG:root:Left=-72.109000 Right=70.621000
DEBUG:root:ScaledLeft: 212.754750 ScaledRight: 533.897250
INFO:root:Looping....
DEBUG:root:This is the line: drive:70.915:-1.488

DEBUG:root:We got command: drive
DEBUG:root:We got a drive command: rawX:-1.488000 and rawY:70.915000
DEBUG:root:Forward to the Left/Straight
DEBUG:root:Left=-72.403000 Right=70.915000
DEBUG:root:ScaledLeft: 212.093250 ScaledRight: 534.558750
INFO:root:Looping....
DEBUG:root:This is the line: drive:70.915:-1.488

DEBUG:root:We got command: drive
DEBUG:root:We got a drive command: rawX:-1.488000 and rawY:70.915000
DEBUG:root:Forward to the Left/Straight
DEBUG:root:Left=-72.403000 Right=70.915000
DEBUG:root:ScaledLeft: 212.093250 ScaledRight: 534.558750
INFO:root:Looping....
DEBUG:root:This is the line: drive:71.177:-1.488

DEBUG:root:We got command: drive
DEBUG:root:We got a drive command: rawX:-1.488000 and rawY:71.177000
DEBUG:root:Forward to the Left/Straight
DEBUG:root:Left=-72.665000 Right=71.177000
DEBUG:root:ScaledLeft: 211.503750 ScaledRight: 535.148250
INFO:root:Looping....
DEBUG:root:This is the line: drive:71.177:-1.488

DEBUG:root:We got command: drive
DEBUG:root:We got a drive command: rawX:-1.488000 and rawY:71.177000
DEBUG:root:Forward to the Left/Straight
DEBUG:root:Left=-72.665000 Right=71.177000
DEBUG:root:ScaledLeft: 211.503750 ScaledRight: 535.148250
INFO:root:Looping....
DEBUG:root:This is the line: drive:71.177:-1.488

DEBUG:root:We got command: drive
DEBUG:root:We got a drive command: rawX:-1.488000 and rawY:71.177000
DEBUG:root:Forward to the Left/Straight
DEBUG:root:Left=-72.665000 Right=71.177000
DEBUG:root:ScaledLeft: 211.503750 ScaledRight: 535.148250
INFO:root:Looping....
DEBUG:root:This is the line: drive:71.143:-0.446

DEBUG:root:We got command: drive
DEBUG:root:We got a drive command: rawX:-0.446000 and rawY:71.143000
DEBUG:root:Forward to the Left/Straight
DEBUG:root:Left=-71.589000 Right=71.143000
DEBUG:root:ScaledLeft: 213.924750 ScaledRight: 535.071750
INFO:root:Looping....
DEBUG:root:This is the line: drive:71.143:1.242

DEBUG:root:We got command: drive
DEBUG:root:We got a drive command: rawX:1.242000 and rawY:71.143000
DEBUG:root:Forward to the Right
DEBUG:root:Left=-71.143000 Right=69.901000
DEBUG:root:ScaledLeft: 214.928250 ScaledRight: 532.277250
INFO:root:Looping....
DEBUG:root:This is the line: drive:71.143:4.775

DEBUG:root:We got command: drive
DEBUG:root:We got a drive command: rawX:4.775000 and rawY:71.143000
DEBUG:root:Forward to the Right
DEBUG:root:Left=-71.143000 Right=66.368000
DEBUG:root:ScaledLeft: 214.928250 ScaledRight: 524.328000
INFO:root:Looping....
DEBUG:root:This is the line: drive:71.143:12.187

DEBUG:root:We got command: drive
DEBUG:root:We got a drive command: rawX:12.187000 and rawY:71.143000
DEBUG:root:Forward to the Right
DEBUG:root:Left=-71.143000 Right=58.956000
DEBUG:root:ScaledLeft: 214.928250 ScaledRight: 507.651000
INFO:root:Looping....
DEBUG:root:This is the line: drive:71.143:17.477

DEBUG:root:We got command: drive
DEBUG:root:We got a drive command: rawX:17.477000 and rawY:71.143000
DEBUG:root:Forward to the Right
DEBUG:root:Left=-71.143000 Right=53.666000
DEBUG:root:ScaledLeft: 214.928250 ScaledRight: 495.748500
INFO:root:Looping....
DEBUG:root:This is the line: drive:71.143:21.136

DEBUG:root:We got command: drive
DEBUG:root:We got a drive command: rawX:21.136000 and rawY:71.143000
DEBUG:root:Forward to the Right
DEBUG:root:Left=-71.143000 Right=50.007000
DEBUG:root:ScaledLeft: 214.928250 ScaledRight: 487.515750
INFO:root:Looping....
DEBUG:root:This is the line: drive:71.143:25.579

DEBUG:root:We got command: drive
DEBUG:root:We got a drive command: rawX:25.579000 and rawY:71.143000
DEBUG:root:Forward to the Right
DEBUG:root:Left=-71.143000 Right=45.564000
DEBUG:root:ScaledLeft: 214.928250 ScaledRight: 477.519000
INFO:root:Looping....
DEBUG:root:This is the line: drive:71.143:29.996

DEBUG:root:We got command: drive
DEBUG:root:We got a drive command: rawX:29.996000 and rawY:71.143000
DEBUG:root:Forward to the Right
DEBUG:root:Left=-71.143000 Right=41.147000
DEBUG:root:ScaledLeft: 214.928250 ScaledRight: 467.580750
INFO:root:Looping....
DEBUG:root:This is the line: drive:71.143:32.301

DEBUG:root:We got command: drive
DEBUG:root:We got a drive command: rawX:32.301000 and rawY:71.143000
DEBUG:root:Forward to the Right
DEBUG:root:Left=-71.143000 Right=38.842000
DEBUG:root:ScaledLeft: 214.928250 ScaledRight: 462.394500
INFO:root:Looping....
DEBUG:root:This is the line: drive:71.143:34.818

DEBUG:root:We got command: drive
DEBUG:root:We got a drive command: rawX:34.818000 and rawY:71.143000
DEBUG:root:Forward to the Right
DEBUG:root:Left=-71.143000 Right=36.325000
DEBUG:root:ScaledLeft: 214.928250 ScaledRight: 456.731250
INFO:root:Looping....
DEBUG:root:This is the line: drive:71.429:37.577

DEBUG:root:We got command: drive
DEBUG:root:We got a drive command: rawX:37.577000 and rawY:71.429000
DEBUG:root:Forward to the Right
DEBUG:root:Left=-71.429000 Right=33.852000
DEBUG:root:ScaledLeft: 214.284750 ScaledRight: 451.167000
INFO:root:Looping....
DEBUG:root:This is the line: drive:72.458:41.251

DEBUG:root:We got command: drive
DEBUG:root:We got a drive command: rawX:41.251000 and rawY:72.458000
DEBUG:root:Forward to the Right
DEBUG:root:Left=-72.458000 Right=31.207000
DEBUG:root:ScaledLeft: 211.969500 ScaledRight: 445.215750
INFO:root:Looping....
DEBUG:root:This is the line: drive:73.286:44.643

DEBUG:root:We got command: drive
DEBUG:root:We got a drive command: rawX:44.643000 and rawY:73.286000
DEBUG:root:Forward to the Right
DEBUG:root:Left=-73.286000 Right=28.643000
DEBUG:root:ScaledLeft: 210.106500 ScaledRight: 439.446750
INFO:root:Looping....
DEBUG:root:This is the line: drive:74.571:48.681

DEBUG:root:We got command: drive
DEBUG:root:We got a drive command: rawX:48.681000 and rawY:74.571000
DEBUG:root:Forward to the Right
DEBUG:root:Left=-74.571000 Right=25.890000
DEBUG:root:ScaledLeft: 207.215250 ScaledRight: 433.252500
INFO:root:Looping....
DEBUG:root:This is the line: drive:75.143:52.54

DEBUG:root:We got command: drive
DEBUG:root:We got a drive command: rawX:52.540000 and rawY:75.143000
DEBUG:root:Forward to the Right
DEBUG:root:Left=-75.143000 Right=22.603000
DEBUG:root:ScaledLeft: 205.928250 ScaledRight: 425.856750
INFO:root:Looping....
DEBUG:root:This is the line: drive:75.143:57.089

DEBUG:root:We got command: drive
DEBUG:root:We got a drive command: rawX:57.089000 and rawY:75.143000
DEBUG:root:Forward to the Right
DEBUG:root:Left=-75.143000 Right=18.054000
DEBUG:root:ScaledLeft: 205.928250 ScaledRight: 415.621500
INFO:root:Looping....
DEBUG:root:This is the line: drive:75.714:60.958

DEBUG:root:We got command: drive
DEBUG:root:We got a drive command: rawX:60.958000 and rawY:75.714000
DEBUG:root:Forward to the Right
DEBUG:root:Left=-75.714000 Right=14.756000
DEBUG:root:ScaledLeft: 204.643500 ScaledRight: 408.201000
INFO:root:Looping....
DEBUG:root:This is the line: drive:76.0:64.984

DEBUG:root:We got command: drive
DEBUG:root:We got a drive command: rawX:64.984000 and rawY:76.000000
DEBUG:root:Forward to the Right
DEBUG:root:Left=-76.000000 Right=11.016000
DEBUG:root:ScaledLeft: 204.000000 ScaledRight: 399.786000
INFO:root:Looping....
DEBUG:root:This is the line: drive:76.0:67.497

DEBUG:root:We got command: drive
DEBUG:root:We got a drive command: rawX:67.497000 and rawY:76.000000
DEBUG:root:Forward to the Right
DEBUG:root:Left=-76.000000 Right=8.503000
DEBUG:root:ScaledLeft: 204.000000 ScaledRight: 394.131750
INFO:root:Looping....
DEBUG:root:This is the line: drive:76.0:69.494

DEBUG:root:We got command: drive
DEBUG:root:We got a drive command: rawX:69.494000 and rawY:76.000000
DEBUG:root:Forward to the Right
DEBUG:root:Left=-76.000000 Right=6.506000
DEBUG:root:ScaledLeft: 204.000000 ScaledRight: 389.638500
INFO:root:Looping....
DEBUG:root:This is the line: drive:76.0:71.631

DEBUG:root:We got command: drive
DEBUG:root:We got a drive command: rawX:71.631000 and rawY:76.000000
DEBUG:root:Forward to the Right
DEBUG:root:Left=-76.000000 Right=4.369000
DEBUG:root:ScaledLeft: 204.000000 ScaledRight: 384.830250
INFO:root:Looping....
DEBUG:root:This is the line: drive:76.286:73.065

DEBUG:root:We got command: drive
DEBUG:root:We got a drive command: rawX:73.065000 and rawY:76.286000
DEBUG:root:Forward to the Right
DEBUG:root:Left=-76.286000 Right=3.221000
DEBUG:root:ScaledLeft: 203.356500 ScaledRight: 382.247250
INFO:root:Looping....
DEBUG:root:This is the line: drive:76.571:73.597

DEBUG:root:We got command: drive
DEBUG:root:We got a drive command: rawX:73.597000 and rawY:76.571000
DEBUG:root:Forward to the Right
DEBUG:root:Left=-76.571000 Right=2.974000
DEBUG:root:ScaledLeft: 202.715250 ScaledRight: 381.691500
INFO:root:Looping....
DEBUG:root:This is the line: drive:76.571:74.159

DEBUG:root:We got command: drive
DEBUG:root:We got a drive command: rawX:74.159000 and rawY:76.571000
DEBUG:root:Forward to the Right
DEBUG:root:Left=-76.571000 Right=2.412000
DEBUG:root:ScaledLeft: 202.715250 ScaledRight: 380.427000
INFO:root:Looping....
DEBUG:root:This is the line: drive:76.571:74.501

DEBUG:root:We got command: drive
DEBUG:root:We got a drive command: rawX:74.501000 and rawY:76.571000
DEBUG:root:Forward to the Right
DEBUG:root:Left=-76.571000 Right=2.070000
DEBUG:root:ScaledLeft: 202.715250 ScaledRight: 379.657500
INFO:root:Looping....
DEBUG:root:This is the line: drive:76.571:74.747

DEBUG:root:We got command: drive
DEBUG:root:We got a drive command: rawX:74.747000 and rawY:76.571000
DEBUG:root:Forward to the Right
DEBUG:root:Left=-76.571000 Right=1.824000
DEBUG:root:ScaledLeft: 202.715250 ScaledRight: 379.104000
INFO:root:Looping....
DEBUG:root:This is the line: drive:76.571:75.054

DEBUG:root:We got command: drive
DEBUG:root:We got a drive command: rawX:75.054000 and rawY:76.571000
DEBUG:root:Forward to the Right
DEBUG:root:Left=-76.571000 Right=1.517000
DEBUG:root:ScaledLeft: 202.715250 ScaledRight: 378.413250
INFO:root:Looping....
DEBUG:root:This is the line: drive:76.571:75.054

DEBUG:root:We got command: drive
DEBUG:root:We got a drive command: rawX:75.054000 and rawY:76.571000
DEBUG:root:Forward to the Right
DEBUG:root:Left=-76.571000 Right=1.517000
DEBUG:root:ScaledLeft: 202.715250 ScaledRight: 378.413250
INFO:root:Looping....
DEBUG:root:This is the line: drive:76.571:75.66

DEBUG:root:We got command: drive
DEBUG:root:We got a drive command: rawX:75.660000 and rawY:76.571000
DEBUG:root:Forward to the Right
DEBUG:root:Left=-76.571000 Right=0.911000
DEBUG:root:ScaledLeft: 202.715250 ScaledRight: 377.049750
INFO:root:Looping....
DEBUG:root:This is the line: drive:76.857:76.309

DEBUG:root:We got command: drive
DEBUG:root:We got a drive command: rawX:76.309000 and rawY:76.857000
DEBUG:root:Forward to the Right
DEBUG:root:Left=-76.857000 Right=0.548000
DEBUG:root:ScaledLeft: 202.071750 ScaledRight: 376.233000
INFO:root:Looping....
DEBUG:root:This is the line: drive:77.143:76.637

DEBUG:root:We got command: drive
DEBUG:root:We got a drive command: rawX:76.637000 and rawY:77.143000
DEBUG:root:Forward to the Right
DEBUG:root:Left=-77.143000 Right=0.506000
DEBUG:root:ScaledLeft: 201.428250 ScaledRight: 376.138500
INFO:root:Looping....
DEBUG:root:This is the line: drive:77.143:77.505

DEBUG:root:We got command: drive
DEBUG:root:We got a drive command: rawX:77.505000 and rawY:77.143000
DEBUG:root:Forward to the Right
DEBUG:root:Left=-77.143000 Right=-0.362000
DEBUG:root:ScaledLeft: 201.428250 ScaledRight: 374.185500
INFO:root:Looping....
DEBUG:root:This is the line: drive:77.143:79.769

DEBUG:root:We got command: drive
DEBUG:root:We got a drive command: rawX:79.769000 and rawY:77.143000
DEBUG:root:Forward to the Right
DEBUG:root:Left=-77.143000 Right=-2.626000
DEBUG:root:ScaledLeft: 201.428250 ScaledRight: 369.091500
INFO:root:Looping....
DEBUG:root:This is the line: drive:77.143:81.634

DEBUG:root:We got command: drive
DEBUG:root:We got a drive command: rawX:81.634000 and rawY:77.143000
DEBUG:root:Forward to the Right
DEBUG:root:Left=-77.143000 Right=-4.491000
DEBUG:root:ScaledLeft: 201.428250 ScaledRight: 364.895250
INFO:root:Looping....
DEBUG:root:This is the line: drive:77.143:83.037

DEBUG:root:We got command: drive
DEBUG:root:We got a drive command: rawX:83.037000 and rawY:77.143000
DEBUG:root:Forward to the Right
DEBUG:root:Left=-77.143000 Right=-5.894000
DEBUG:root:ScaledLeft: 201.428250 ScaledRight: 361.738500
INFO:root:Looping....
DEBUG:root:This is the line: drive:77.143:83.396

DEBUG:root:We got command: drive
DEBUG:root:We got a drive command: rawX:83.396000 and rawY:77.143000
DEBUG:root:Forward to the Right
DEBUG:root:Left=-77.143000 Right=-6.253000
DEBUG:root:ScaledLeft: 201.428250 ScaledRight: 360.930750
INFO:root:Looping....
DEBUG:root:This is the line: drive:77.143:84.077

DEBUG:root:We got command: drive
DEBUG:root:We got a drive command: rawX:84.077000 and rawY:77.143000
DEBUG:root:Forward to the Right
DEBUG:root:Left=-77.143000 Right=-6.934000
DEBUG:root:ScaledLeft: 201.428250 ScaledRight: 359.398500
INFO:root:Looping....
DEBUG:root:This is the line: drive:77.143:84.617

DEBUG:root:We got command: drive
DEBUG:root:We got a drive command: rawX:84.617000 and rawY:77.143000
DEBUG:root:Forward to the Right
DEBUG:root:Left=-77.143000 Right=-7.474000
DEBUG:root:ScaledLeft: 201.428250 ScaledRight: 358.183500
INFO:root:Looping....
DEBUG:root:This is the line: drive:76.445:85.714

DEBUG:root:We got command: drive
DEBUG:root:We got a drive command: rawX:85.714000 and rawY:76.445000
DEBUG:root:Forward to the Right
DEBUG:root:Left=-76.445000 Right=-9.269000
DEBUG:root:ScaledLeft: 202.998750 ScaledRight: 354.144750
INFO:root:Looping....
DEBUG:root:This is the line: drive:74.559:86.31

DEBUG:root:We got command: drive
DEBUG:root:We got a drive command: rawX:86.310000 and rawY:74.559000
DEBUG:root:Forward to the Right
DEBUG:root:Left=-74.559000 Right=-11.751000
DEBUG:root:ScaledLeft: 207.242250 ScaledRight: 348.560250
INFO:root:Looping....
DEBUG:root:This is the line: drive:74.0:86.94

DEBUG:root:We got command: drive
DEBUG:root:We got a drive command: rawX:86.940000 and rawY:74.000000
DEBUG:root:Forward to the Right
DEBUG:root:Left=-74.000000 Right=-12.940000
DEBUG:root:ScaledLeft: 208.500000 ScaledRight: 345.885000
INFO:root:Looping....
DEBUG:root:This is the line: drive:72.857:87.505

DEBUG:root:We got command: drive
DEBUG:root:We got a drive command: rawX:87.505000 and rawY:72.857000
DEBUG:root:Forward to the Right
DEBUG:root:Left=-72.857000 Right=-14.648000
DEBUG:root:ScaledLeft: 211.071750 ScaledRight: 342.042000
INFO:root:Looping....
DEBUG:root:This is the line: drive:72.286:87.819

DEBUG:root:We got command: drive
DEBUG:root:We got a drive command: rawX:87.819000 and rawY:72.286000
DEBUG:root:Forward to the Right
DEBUG:root:Left=-72.286000 Right=-15.533000
DEBUG:root:ScaledLeft: 212.356500 ScaledRight: 340.050750
INFO:root:Looping....
DEBUG:root:This is the line: drive:71.143:88.03

DEBUG:root:We got command: drive
DEBUG:root:We got a drive command: rawX:88.030000 and rawY:71.143000
DEBUG:root:Forward to the Right
DEBUG:root:Left=-71.143000 Right=-16.887000
DEBUG:root:ScaledLeft: 214.928250 ScaledRight: 337.004250
INFO:root:Looping....
DEBUG:root:This is the line: drive:70.329:88.095

DEBUG:root:We got command: drive
DEBUG:root:We got a drive command: rawX:88.095000 and rawY:70.329000
DEBUG:root:Forward to the Right
DEBUG:root:Left=-70.329000 Right=-17.766000
DEBUG:root:ScaledLeft: 216.759750 ScaledRight: 335.026500
INFO:root:Looping....
DEBUG:root:This is the line: drive:69.571:88.095

DEBUG:root:We got command: drive
DEBUG:root:We got a drive command: rawX:88.095000 and rawY:69.571000
DEBUG:root:Forward to the Right
DEBUG:root:Left=-69.571000 Right=-18.524000
DEBUG:root:ScaledLeft: 218.465250 ScaledRight: 333.321000
INFO:root:Looping....
DEBUG:root:This is the line: drive:69.34:88.095

DEBUG:root:We got command: drive
DEBUG:root:We got a drive command: rawX:88.095000 and rawY:69.340000
DEBUG:root:Forward to the Right
DEBUG:root:Left=-69.340000 Right=-18.755000
DEBUG:root:ScaledLeft: 218.985000 ScaledRight: 332.801250
INFO:root:Looping....
DEBUG:root:This is the line: drive:68.775:88.095

DEBUG:root:We got command: drive
DEBUG:root:We got a drive command: rawX:88.095000 and rawY:68.775000
DEBUG:root:Forward to the Right
DEBUG:root:Left=-68.775000 Right=-19.320000
DEBUG:root:ScaledLeft: 220.256250 ScaledRight: 331.530000
INFO:root:Looping....
DEBUG:root:This is the line: drive:68.515:88.095

DEBUG:root:We got command: drive
DEBUG:root:We got a drive command: rawX:88.095000 and rawY:68.515000
DEBUG:root:Forward to the Right
DEBUG:root:Left=-68.515000 Right=-19.580000
DEBUG:root:ScaledLeft: 220.841250 ScaledRight: 330.945000
INFO:root:Looping....
DEBUG:root:This is the line: drive:68.282:88.095

DEBUG:root:We got command: drive
DEBUG:root:We got a drive command: rawX:88.095000 and rawY:68.282000
DEBUG:root:Forward to the Right
DEBUG:root:Left=-68.282000 Right=-19.813000
DEBUG:root:ScaledLeft: 221.365500 ScaledRight: 330.420750
INFO:root:Looping....
DEBUG:root:This is the line: drive:68.282:88.095

DEBUG:root:We got command: drive
DEBUG:root:We got a drive command: rawX:88.095000 and rawY:68.282000
DEBUG:root:Forward to the Right
DEBUG:root:Left=-68.282000 Right=-19.813000
DEBUG:root:ScaledLeft: 221.365500 ScaledRight: 330.420750
INFO:root:Looping....
DEBUG:root:This is the line: drive:68.286:88.398

DEBUG:root:We got command: drive
DEBUG:root:We got a drive command: rawX:88.398000 and rawY:68.286000
DEBUG:root:Forward to the Right
DEBUG:root:Left=-68.286000 Right=-20.112000
DEBUG:root:ScaledLeft: 221.356500 ScaledRight: 329.748000
INFO:root:Looping....
DEBUG:root:This is the line: drive:67.989:88.393

DEBUG:root:We got command: drive
DEBUG:root:We got a drive command: rawX:88.393000 and rawY:67.989000
DEBUG:root:Forward to the Right
DEBUG:root:Left=-67.989000 Right=-20.404000
DEBUG:root:ScaledLeft: 222.024750 ScaledRight: 329.091000
INFO:root:Looping....
DEBUG:root:This is the line: drive:67.989:88.393

DEBUG:root:We got command: drive
DEBUG:root:We got a drive command: rawX:88.393000 and rawY:67.989000
DEBUG:root:Forward to the Right
DEBUG:root:Left=-67.989000 Right=-20.404000
DEBUG:root:ScaledLeft: 222.024750 ScaledRight: 329.091000
INFO:root:Looping....
DEBUG:root:This is the line: drive:67.989:88.393

DEBUG:root:We got command: drive
DEBUG:root:We got a drive command: rawX:88.393000 and rawY:67.989000
DEBUG:root:Forward to the Right
DEBUG:root:Left=-67.989000 Right=-20.404000
DEBUG:root:ScaledLeft: 222.024750 ScaledRight: 329.091000
INFO:root:Looping....
DEBUG:root:This is the line: drive:67.989:88.393

DEBUG:root:We got command: drive
DEBUG:root:We got a drive command: rawX:88.393000 and rawY:67.989000
DEBUG:root:Forward to the Right
DEBUG:root:Left=-67.989000 Right=-20.404000
DEBUG:root:ScaledLeft: 222.024750 ScaledRight: 329.091000
INFO:root:Looping....
DEBUG:root:This is the line: drive:67.989:88.393

DEBUG:root:We got command: drive
DEBUG:root:We got a drive command: rawX:88.393000 and rawY:67.989000
DEBUG:root:Forward to the Right
DEBUG:root:Left=-67.989000 Right=-20.404000
DEBUG:root:ScaledLeft: 222.024750 ScaledRight: 329.091000
INFO:root:Looping....
DEBUG:root:This is the line: drive:67.989:88.393

DEBUG:root:We got command: drive
DEBUG:root:We got a drive command: rawX:88.393000 and rawY:67.989000
DEBUG:root:Forward to the Right
DEBUG:root:Left=-67.989000 Right=-20.404000
DEBUG:root:ScaledLeft: 222.024750 ScaledRight: 329.091000
INFO:root:Looping....
DEBUG:root:This is the line: drive:67.989:88.393

DEBUG:root:We got command: drive
DEBUG:root:We got a drive command: rawX:88.393000 and rawY:67.989000
DEBUG:root:Forward to the Right
DEBUG:root:Left=-67.989000 Right=-20.404000
DEBUG:root:ScaledLeft: 222.024750 ScaledRight: 329.091000
INFO:root:Looping....
DEBUG:root:This is the line: drive:67.989:88.393

DEBUG:root:We got command: drive
DEBUG:root:We got a drive command: rawX:88.393000 and rawY:67.989000
DEBUG:root:Forward to the Right
DEBUG:root:Left=-67.989000 Right=-20.404000
DEBUG:root:ScaledLeft: 222.024750 ScaledRight: 329.091000
INFO:root:Looping....
DEBUG:root:This is the line: drive:67.989:88.393

DEBUG:root:We got command: drive
DEBUG:root:We got a drive command: rawX:88.393000 and rawY:67.989000
DEBUG:root:Forward to the Right
DEBUG:root:Left=-67.989000 Right=-20.404000
DEBUG:root:ScaledLeft: 222.024750 ScaledRight: 329.091000
INFO:root:Looping....
DEBUG:root:This is the line: drive:67.989:88.393

DEBUG:root:We got command: drive
DEBUG:root:We got a drive command: rawX:88.393000 and rawY:67.989000
DEBUG:root:Forward to the Right
DEBUG:root:Left=-67.989000 Right=-20.404000
DEBUG:root:ScaledLeft: 222.024750 ScaledRight: 329.091000
INFO:root:Looping....
DEBUG:root:This is the line: drive:67.989:88.393

DEBUG:root:We got command: drive
DEBUG:root:We got a drive command: rawX:88.393000 and rawY:67.989000
DEBUG:root:Forward to the Right
DEBUG:root:Left=-67.989000 Right=-20.404000
DEBUG:root:ScaledLeft: 222.024750 ScaledRight: 329.091000
INFO:root:Looping....
DEBUG:root:This is the line: drive:67.989:88.393

DEBUG:root:We got command: drive
DEBUG:root:We got a drive command: rawX:88.393000 and rawY:67.989000
DEBUG:root:Forward to the Right
DEBUG:root:Left=-67.989000 Right=-20.404000
DEBUG:root:ScaledLeft: 222.024750 ScaledRight: 329.091000
INFO:root:Looping....
DEBUG:root:This is the line: drive:68.0:88.093

DEBUG:root:We got command: drive
DEBUG:root:We got a drive command: rawX:88.093000 and rawY:68.000000
DEBUG:root:Forward to the Right
DEBUG:root:Left=-68.000000 Right=-20.093000
DEBUG:root:ScaledLeft: 222.000000 ScaledRight: 329.790750
INFO:root:Looping....
DEBUG:root:This is the line: drive:68.0:87.794

DEBUG:root:We got command: drive
DEBUG:root:We got a drive command: rawX:87.794000 and rawY:68.000000
DEBUG:root:Forward to the Right
DEBUG:root:Left=-68.000000 Right=-19.794000
DEBUG:root:ScaledLeft: 222.000000 ScaledRight: 330.463500
INFO:root:Looping....
DEBUG:root:This is the line: drive:68.0:86.279

DEBUG:root:We got command: drive
DEBUG:root:We got a drive command: rawX:86.279000 and rawY:68.000000
DEBUG:root:Forward to the Right
DEBUG:root:Left=-68.000000 Right=-18.279000
DEBUG:root:ScaledLeft: 222.000000 ScaledRight: 333.872250
INFO:root:Looping....
DEBUG:root:This is the line: drive:68.0:82.812

DEBUG:root:We got command: drive
DEBUG:root:We got a drive command: rawX:82.812000 and rawY:68.000000
DEBUG:root:Forward to the Right
DEBUG:root:Left=-68.000000 Right=-14.812000
DEBUG:root:ScaledLeft: 222.000000 ScaledRight: 341.673000
INFO:root:Looping....
DEBUG:root:This is the line: drive:68.0:80.373

DEBUG:root:We got command: drive
DEBUG:root:We got a drive command: rawX:80.373000 and rawY:68.000000
DEBUG:root:Forward to the Right
DEBUG:root:Left=-68.000000 Right=-12.373000
DEBUG:root:ScaledLeft: 222.000000 ScaledRight: 347.160750
INFO:root:Looping....
DEBUG:root:This is the line: drive:68.286:74.274

DEBUG:root:We got command: drive
DEBUG:root:We got a drive command: rawX:74.274000 and rawY:68.286000
DEBUG:root:Forward to the Right
DEBUG:root:Left=-68.286000 Right=-5.988000
DEBUG:root:ScaledLeft: 221.356500 ScaledRight: 361.527000
INFO:root:Looping....
DEBUG:root:This is the line: drive:68.286:70.456

DEBUG:root:We got command: drive
DEBUG:root:We got a drive command: rawX:70.456000 and rawY:68.286000
DEBUG:root:Forward to the Right
DEBUG:root:Left=-68.286000 Right=-2.170000
DEBUG:root:ScaledLeft: 221.356500 ScaledRight: 370.117500
INFO:root:Looping....
DEBUG:root:This is the line: drive:68.286:66.04

DEBUG:root:We got command: drive
DEBUG:root:We got a drive command: rawX:66.040000 and rawY:68.286000
DEBUG:root:Forward to the Right
DEBUG:root:Left=-68.286000 Right=2.246000
DEBUG:root:ScaledLeft: 221.356500 ScaledRight: 380.053500
INFO:root:Looping....
DEBUG:root:This is the line: drive:68.286:60.948

DEBUG:root:We got command: drive
DEBUG:root:We got a drive command: rawX:60.948000 and rawY:68.286000
DEBUG:root:Forward to the Right
DEBUG:root:Left=-68.286000 Right=7.338000
DEBUG:root:ScaledLeft: 221.356500 ScaledRight: 391.510500
INFO:root:Looping....
DEBUG:root:This is the line: drive:68.286:55.275

DEBUG:root:We got command: drive
DEBUG:root:We got a drive command: rawX:55.275000 and rawY:68.286000
DEBUG:root:Forward to the Right
DEBUG:root:Left=-68.286000 Right=13.011000
DEBUG:root:ScaledLeft: 221.356500 ScaledRight: 404.274750
INFO:root:Looping....
DEBUG:root:This is the line: drive:67.714:50.833

DEBUG:root:We got command: drive
DEBUG:root:We got a drive command: rawX:50.833000 and rawY:67.714000
DEBUG:root:Forward to the Right
DEBUG:root:Left=-67.714000 Right=16.881000
DEBUG:root:ScaledLeft: 222.643500 ScaledRight: 412.982250
INFO:root:Looping....
DEBUG:root:This is the line: drive:67.07:47.169

DEBUG:root:We got command: drive
DEBUG:root:We got a drive command: rawX:47.169000 and rawY:67.070000
DEBUG:root:Forward to the Right
DEBUG:root:Left=-67.070000 Right=19.901000
DEBUG:root:ScaledLeft: 224.092500 ScaledRight: 419.777250
INFO:root:Looping....
DEBUG:root:This is the line: drive:66.571:42.728

DEBUG:root:We got command: drive
DEBUG:root:We got a drive command: rawX:42.728000 and rawY:66.571000
DEBUG:root:Forward to the Right
DEBUG:root:Left=-66.571000 Right=23.843000
DEBUG:root:ScaledLeft: 225.215250 ScaledRight: 428.646750
INFO:root:Looping....
DEBUG:root:This is the line: drive:66.286:40.217

DEBUG:root:We got command: drive
DEBUG:root:We got a drive command: rawX:40.217000 and rawY:66.286000
DEBUG:root:Forward to the Right
DEBUG:root:Left=-66.286000 Right=26.069000
DEBUG:root:ScaledLeft: 225.856500 ScaledRight: 433.655250
INFO:root:Looping....
DEBUG:root:This is the line: drive:65.714:35.464

DEBUG:root:We got command: drive
DEBUG:root:We got a drive command: rawX:35.464000 and rawY:65.714000
DEBUG:root:Forward to the Right
DEBUG:root:Left=-65.714000 Right=30.250000
DEBUG:root:ScaledLeft: 227.143500 ScaledRight: 443.062500
INFO:root:Looping....
DEBUG:root:This is the line: drive:65.713:33.629

DEBUG:root:We got command: drive
DEBUG:root:We got a drive command: rawX:33.629000 and rawY:65.713000
DEBUG:root:Forward to the Right
DEBUG:root:Left=-65.713000 Right=32.084000
DEBUG:root:ScaledLeft: 227.145750 ScaledRight: 447.189000
INFO:root:Looping....
DEBUG:root:This is the line: drive:65.429:31.404

DEBUG:root:We got command: drive
DEBUG:root:We got a drive command: rawX:31.404000 and rawY:65.429000
DEBUG:root:Forward to the Right
DEBUG:root:Left=-65.429000 Right=34.025000
DEBUG:root:ScaledLeft: 227.784750 ScaledRight: 451.556250
INFO:root:Looping....
DEBUG:root:This is the line: drive:65.429:29.183

DEBUG:root:We got command: drive
DEBUG:root:We got a drive command: rawX:29.183000 and rawY:65.429000
DEBUG:root:Forward to the Right
DEBUG:root:Left=-65.429000 Right=36.246000
DEBUG:root:ScaledLeft: 227.784750 ScaledRight: 456.553500
INFO:root:Looping....
DEBUG:root:This is the line: drive:65.429:27.354

DEBUG:root:We got command: drive
DEBUG:root:We got a drive command: rawX:27.354000 and rawY:65.429000
DEBUG:root:Forward to the Right
DEBUG:root:Left=-65.429000 Right=38.075000
DEBUG:root:ScaledLeft: 227.784750 ScaledRight: 460.668750
INFO:root:Looping....
DEBUG:root:This is the line: drive:65.143:25.446

DEBUG:root:We got command: drive
DEBUG:root:We got a drive command: rawX:25.446000 and rawY:65.143000
DEBUG:root:Forward to the Right
DEBUG:root:Left=-65.143000 Right=39.697000
DEBUG:root:ScaledLeft: 228.428250 ScaledRight: 464.318250
INFO:root:Looping....
DEBUG:root:This is the line: drive:65.143:24.554

DEBUG:root:We got command: drive
DEBUG:root:We got a drive command: rawX:24.554000 and rawY:65.143000
DEBUG:root:Forward to the Right
DEBUG:root:Left=-65.143000 Right=40.589000
DEBUG:root:ScaledLeft: 228.428250 ScaledRight: 466.325250
INFO:root:Looping....
DEBUG:root:This is the line: drive:65.143:23.071

DEBUG:root:We got command: drive
DEBUG:root:We got a drive command: rawX:23.071000 and rawY:65.143000
DEBUG:root:Forward to the Right
DEBUG:root:Left=-65.143000 Right=42.072000
DEBUG:root:ScaledLeft: 228.428250 ScaledRight: 469.662000
INFO:root:Looping....
DEBUG:root:This is the line: drive:65.143:22.313

DEBUG:root:We got command: drive
DEBUG:root:We got a drive command: rawX:22.313000 and rawY:65.143000
DEBUG:root:Forward to the Right
DEBUG:root:Left=-65.143000 Right=42.830000
DEBUG:root:ScaledLeft: 228.428250 ScaledRight: 471.367500
INFO:root:Looping....
DEBUG:root:This is the line: drive:64.857:20.313

DEBUG:root:We got command: drive
DEBUG:root:We got a drive command: rawX:20.313000 and rawY:64.857000
DEBUG:root:Forward to the Right
DEBUG:root:Left=-64.857000 Right=44.544000
DEBUG:root:ScaledLeft: 229.071750 ScaledRight: 475.224000
INFO:root:Looping....
DEBUG:root:This is the line: drive:64.571:18.092

DEBUG:root:We got command: drive
DEBUG:root:We got a drive command: rawX:18.092000 and rawY:64.571000
DEBUG:root:Forward to the Right
DEBUG:root:Left=-64.571000 Right=46.479000
DEBUG:root:ScaledLeft: 229.715250 ScaledRight: 479.577750
INFO:root:Looping....
DEBUG:root:This is the line: drive:64.571:16.262

DEBUG:root:We got command: drive
DEBUG:root:We got a drive command: rawX:16.262000 and rawY:64.571000
DEBUG:root:Forward to the Right
DEBUG:root:Left=-64.571000 Right=48.309000
DEBUG:root:ScaledLeft: 229.715250 ScaledRight: 483.695250
INFO:root:Looping....
DEBUG:root:This is the line: drive:64.571:14.042

DEBUG:root:We got command: drive
DEBUG:root:We got a drive command: rawX:14.042000 and rawY:64.571000
DEBUG:root:Forward to the Right
DEBUG:root:Left=-64.571000 Right=50.529000
DEBUG:root:ScaledLeft: 229.715250 ScaledRight: 488.690250
INFO:root:Looping....
DEBUG:root:This is the line: drive:64.571:12.214

DEBUG:root:We got command: drive
DEBUG:root:We got a drive command: rawX:12.214000 and rawY:64.571000
DEBUG:root:Forward to the Right
DEBUG:root:Left=-64.571000 Right=52.357000
DEBUG:root:ScaledLeft: 229.715250 ScaledRight: 492.803250
INFO:root:Looping....
DEBUG:root:This is the line: drive:64.571:9.252

DEBUG:root:We got command: drive
DEBUG:root:We got a drive command: rawX:9.252000 and rawY:64.571000
DEBUG:root:Forward to the Right
DEBUG:root:Left=-64.571000 Right=55.319000
DEBUG:root:ScaledLeft: 229.715250 ScaledRight: 499.467750
INFO:root:Looping....
DEBUG:root:This is the line: drive:64.571:7.434

DEBUG:root:We got command: drive
DEBUG:root:We got a drive command: rawX:7.434000 and rawY:64.571000
DEBUG:root:Forward to the Right
DEBUG:root:Left=-64.571000 Right=57.137000
DEBUG:root:ScaledLeft: 229.715250 ScaledRight: 503.558250
INFO:root:Looping....
DEBUG:root:This is the line: drive:64.571:5.947

DEBUG:root:We got command: drive
DEBUG:root:We got a drive command: rawX:5.947000 and rawY:64.571000
DEBUG:root:Forward to the Right
DEBUG:root:Left=-64.571000 Right=58.624000
DEBUG:root:ScaledLeft: 229.715250 ScaledRight: 506.904000
INFO:root:Looping....
DEBUG:root:This is the line: drive:64.857:2.107

DEBUG:root:We got command: drive
DEBUG:root:We got a drive command: rawX:2.107000 and rawY:64.857000
DEBUG:root:Forward to the Right
DEBUG:root:Left=-64.857000 Right=62.750000
DEBUG:root:ScaledLeft: 229.071750 ScaledRight: 516.187500
INFO:root:Looping....
DEBUG:root:This is the line: drive:65.143:-1.536

DEBUG:root:We got command: drive
DEBUG:root:We got a drive command: rawX:-1.536000 and rawY:65.143000
DEBUG:root:Forward to the Left/Straight
DEBUG:root:Left=-66.679000 Right=65.143000
DEBUG:root:ScaledLeft: 224.972250 ScaledRight: 521.571750
INFO:root:Looping....
DEBUG:root:This is the line: drive:65.714:-5.867

DEBUG:root:We got command: drive
DEBUG:root:We got a drive command: rawX:-5.867000 and rawY:65.714000
DEBUG:root:Forward to the Left/Straight
DEBUG:root:Left=-71.581000 Right=65.714000
DEBUG:root:ScaledLeft: 213.942750 ScaledRight: 522.856500
INFO:root:Looping....
DEBUG:root:This is the line: drive:66.0:-9.128

DEBUG:root:We got command: drive
DEBUG:root:We got a drive command: rawX:-9.128000 and rawY:66.000000
DEBUG:root:Forward to the Left/Straight
DEBUG:root:Left=-75.128000 Right=66.000000
DEBUG:root:ScaledLeft: 205.962000 ScaledRight: 523.500000
INFO:root:Looping....
DEBUG:root:This is the line: drive:66.0:-12.077

DEBUG:root:We got command: drive
DEBUG:root:We got a drive command: rawX:-12.077000 and rawY:66.000000
DEBUG:root:Forward to the Left/Straight
DEBUG:root:Left=-78.077000 Right=66.000000
DEBUG:root:ScaledLeft: 199.326750 ScaledRight: 523.500000
INFO:root:Looping....
DEBUG:root:This is the line: drive:66.571:-14.21

DEBUG:root:We got command: drive
DEBUG:root:We got a drive command: rawX:-14.210000 and rawY:66.571000
DEBUG:root:Forward to the Left/Straight
DEBUG:root:Left=-80.781000 Right=66.571000
DEBUG:root:ScaledLeft: 193.242750 ScaledRight: 524.784750
INFO:root:Looping....
DEBUG:root:This is the line: drive:66.571:-18.529

DEBUG:root:We got command: drive
DEBUG:root:We got a drive command: rawX:-18.529000 and rawY:66.571000
DEBUG:root:Forward to the Left/Straight
DEBUG:root:Left=-85.100000 Right=66.571000
DEBUG:root:ScaledLeft: 183.525000 ScaledRight: 524.784750
INFO:root:Looping....
DEBUG:root:This is the line: drive:66.571:-22.795

DEBUG:root:We got command: drive
DEBUG:root:We got a drive command: rawX:-22.795000 and rawY:66.571000
DEBUG:root:Forward to the Left/Straight
DEBUG:root:Left=-89.366000 Right=66.571000
DEBUG:root:ScaledLeft: 173.926500 ScaledRight: 524.784750
INFO:root:Looping....
DEBUG:root:This is the line: drive:66.571:-26.359

DEBUG:root:We got command: drive
DEBUG:root:We got a drive command: rawX:-26.359000 and rawY:66.571000
DEBUG:root:Forward to the Left/Straight
DEBUG:root:Left=-92.930000 Right=66.571000
DEBUG:root:ScaledLeft: 165.907500 ScaledRight: 524.784750
INFO:root:Looping....
DEBUG:root:This is the line: drive:66.571:-29.598

DEBUG:root:We got command: drive
DEBUG:root:We got a drive command: rawX:-29.598000 and rawY:66.571000
DEBUG:root:Forward to the Left/Straight
DEBUG:root:Left=-96.169000 Right=66.571000
DEBUG:root:ScaledLeft: 158.619750 ScaledRight: 524.784750
INFO:root:Looping....
DEBUG:root:This is the line: drive:66.571:-32.589

DEBUG:root:We got command: drive
DEBUG:root:We got a drive command: rawX:-32.589000 and rawY:66.571000
DEBUG:root:Forward to the Left/Straight
DEBUG:root:Left=-99.160000 Right=66.571000
DEBUG:root:ScaledLeft: 151.890000 ScaledRight: 524.784750
INFO:root:Looping....
DEBUG:root:This is the line: drive:66.571:-36.127

DEBUG:root:We got command: drive
DEBUG:root:We got a drive command: rawX:-36.127000 and rawY:66.571000
DEBUG:root:Forward to the Left/Straight
DEBUG:root:Left=-102.698000 Right=66.571000
DEBUG:root:ScaledLeft: 143.929500 ScaledRight: 524.784750
INFO:root:Looping....
DEBUG:root:This is the line: drive:66.571:-40.22

DEBUG:root:We got command: drive
DEBUG:root:We got a drive command: rawX:-40.220000 and rawY:66.571000
DEBUG:root:Forward to the Left/Straight
DEBUG:root:Left=-106.791000 Right=66.571000
DEBUG:root:ScaledLeft: 134.720250 ScaledRight: 524.784750
INFO:root:Looping....
DEBUG:root:This is the line: drive:66.571:-43.848

DEBUG:root:We got command: drive
DEBUG:root:We got a drive command: rawX:-43.848000 and rawY:66.571000
DEBUG:root:Forward to the Left/Straight
DEBUG:root:Left=-110.419000 Right=66.571000
DEBUG:root:ScaledLeft: 126.557250 ScaledRight: 524.784750
INFO:root:Looping....
DEBUG:root:This is the line: drive:66.571:-46.611

DEBUG:root:We got command: drive
DEBUG:root:We got a drive command: rawX:-46.611000 and rawY:66.571000
DEBUG:root:Forward to the Left/Straight
DEBUG:root:Left=-113.182000 Right=66.571000
DEBUG:root:ScaledLeft: 120.340500 ScaledRight: 524.784750
INFO:root:Looping....
DEBUG:root:This is the line: drive:66.571:-48.661

DEBUG:root:We got command: drive
DEBUG:root:We got a drive command: rawX:-48.661000 and rawY:66.571000
DEBUG:root:Forward to the Left/Straight
DEBUG:root:Left=-115.232000 Right=66.571000
DEBUG:root:ScaledLeft: 115.728000 ScaledRight: 524.784750
INFO:root:Looping....
DEBUG:root:This is the line: drive:66.286:-51.389

DEBUG:root:We got command: drive
DEBUG:root:We got a drive command: rawX:-51.389000 and rawY:66.286000
DEBUG:root:Forward to the Left/Straight
DEBUG:root:Left=-117.675000 Right=66.286000
DEBUG:root:ScaledLeft: 110.231250 ScaledRight: 524.143500
INFO:root:Looping....
DEBUG:root:This is the line: drive:66.286:-53.597

DEBUG:root:We got command: drive
DEBUG:root:We got a drive command: rawX:-53.597000 and rawY:66.286000
DEBUG:root:Forward to the Left/Straight
DEBUG:root:Left=-119.883000 Right=66.286000
DEBUG:root:ScaledLeft: 105.263250 ScaledRight: 524.143500
INFO:root:Looping....
DEBUG:root:This is the line: drive:66.213:-55.06

DEBUG:root:We got command: drive
DEBUG:root:We got a drive command: rawX:-55.060000 and rawY:66.213000
DEBUG:root:Forward to the Left/Straight
DEBUG:root:Left=-121.273000 Right=66.213000
DEBUG:root:ScaledLeft: 102.135750 ScaledRight: 523.979250
INFO:root:Looping....
DEBUG:root:This is the line: drive:66.0:-56.034

DEBUG:root:We got command: drive
DEBUG:root:We got a drive command: rawX:-56.034000 and rawY:66.000000
DEBUG:root:Forward to the Left/Straight
DEBUG:root:Left=-122.034000 Right=66.000000
DEBUG:root:ScaledLeft: 100.423500 ScaledRight: 523.500000
INFO:root:Looping....
DEBUG:root:This is the line: drive:66.0:-56.341

DEBUG:root:We got command: drive
DEBUG:root:We got a drive command: rawX:-56.341000 and rawY:66.000000
DEBUG:root:Forward to the Left/Straight
DEBUG:root:Left=-122.341000 Right=66.000000
DEBUG:root:ScaledLeft: 99.732750 ScaledRight: 523.500000
INFO:root:Looping....
DEBUG:root:This is the line: drive:66.0:-57.64

DEBUG:root:We got command: drive
DEBUG:root:We got a drive command: rawX:-57.640000 and rawY:66.000000
DEBUG:root:Forward to the Left/Straight
DEBUG:root:Left=-123.640000 Right=66.000000
DEBUG:root:ScaledLeft: 96.810000 ScaledRight: 523.500000
INFO:root:Looping....
DEBUG:root:This is the line: drive:65.714:-59.375

DEBUG:root:We got command: drive
DEBUG:root:We got a drive command: rawX:-59.375000 and rawY:65.714000
DEBUG:root:Forward to the Left/Straight
DEBUG:root:Left=-125.089000 Right=65.714000
DEBUG:root:ScaledLeft: 93.549750 ScaledRight: 522.856500
INFO:root:Looping....
DEBUG:root:This is the line: drive:65.429:-60.537

DEBUG:root:We got command: drive
DEBUG:root:We got a drive command: rawX:-60.537000 and rawY:65.429000
DEBUG:root:Forward to the Left/Straight
DEBUG:root:Left=-125.966000 Right=65.429000
DEBUG:root:ScaledLeft: 91.576500 ScaledRight: 522.215250
INFO:root:Looping....
DEBUG:root:This is the line: drive:65.429:-61.018

DEBUG:root:We got command: drive
DEBUG:root:We got a drive command: rawX:-61.018000 and rawY:65.429000
DEBUG:root:Forward to the Left/Straight
DEBUG:root:Left=-126.447000 Right=65.429000
DEBUG:root:ScaledLeft: 90.494250 ScaledRight: 522.215250
INFO:root:Looping....
DEBUG:root:This is the line: drive:65.429:-61.791

DEBUG:root:We got command: drive
DEBUG:root:We got a drive command: rawX:-61.791000 and rawY:65.429000
DEBUG:root:Forward to the Left/Straight
DEBUG:root:Left=-127.220000 Right=65.429000
DEBUG:root:ScaledLeft: 88.755000 ScaledRight: 522.215250
INFO:root:Looping....
DEBUG:root:This is the line: drive:65.429:-62.943

DEBUG:root:We got command: drive
DEBUG:root:We got a drive command: rawX:-62.943000 and rawY:65.429000
DEBUG:root:Forward to the Left/Straight
DEBUG:root:Left=-128.372000 Right=65.429000
DEBUG:root:ScaledLeft: 86.163000 ScaledRight: 522.215250
INFO:root:Looping....
DEBUG:root:This is the line: drive:65.179:-63.95

DEBUG:root:We got command: drive
DEBUG:root:We got a drive command: rawX:-63.950000 and rawY:65.179000
DEBUG:root:Forward to the Left/Straight
DEBUG:root:Left=-129.129000 Right=65.179000
DEBUG:root:ScaledLeft: 84.459750 ScaledRight: 521.652750
INFO:root:Looping....
DEBUG:root:This is the line: drive:65.143:-64.346

DEBUG:root:We got command: drive
DEBUG:root:We got a drive command: rawX:-64.346000 and rawY:65.143000
DEBUG:root:Forward to the Left/Straight
DEBUG:root:Left=-129.489000 Right=65.143000
DEBUG:root:ScaledLeft: 83.649750 ScaledRight: 521.571750
INFO:root:Looping....
DEBUG:root:This is the line: drive:65.143:-64.604

DEBUG:root:We got command: drive
DEBUG:root:We got a drive command: rawX:-64.604000 and rawY:65.143000
DEBUG:root:Forward to the Left/Straight
DEBUG:root:Left=-129.747000 Right=65.143000
DEBUG:root:ScaledLeft: 83.069250 ScaledRight: 521.571750
INFO:root:Looping....
DEBUG:root:This is the line: drive:65.143:-64.925

DEBUG:root:We got command: drive
DEBUG:root:We got a drive command: rawX:-64.925000 and rawY:65.143000
DEBUG:root:Forward to the Left/Straight
DEBUG:root:Left=-130.068000 Right=65.143000
DEBUG:root:ScaledLeft: 82.347000 ScaledRight: 521.571750
INFO:root:Looping....
DEBUG:root:This is the line: drive:65.143:-65.182

DEBUG:root:We got command: drive
DEBUG:root:We got a drive command: rawX:-65.182000 and rawY:65.143000
DEBUG:root:Forward to the Left/Straight
DEBUG:root:Left=-130.325000 Right=65.143000
DEBUG:root:ScaledLeft: 81.768750 ScaledRight: 521.571750
INFO:root:Looping....
DEBUG:root:This is the line: drive:65.143:-65.545

DEBUG:root:We got command: drive
DEBUG:root:We got a drive command: rawX:-65.545000 and rawY:65.143000
DEBUG:root:Forward to the Left/Straight
DEBUG:root:Left=-130.688000 Right=65.143000
DEBUG:root:ScaledLeft: 80.952000 ScaledRight: 521.571750
INFO:root:Looping....
DEBUG:root:This is the line: drive:64.716:-65.774

DEBUG:root:We got command: drive
DEBUG:root:We got a drive command: rawX:-65.774000 and rawY:64.716000
DEBUG:root:Forward to the Left/Straight
DEBUG:root:Left=-130.490000 Right=64.716000
DEBUG:root:ScaledLeft: 81.397500 ScaledRight: 520.611000
INFO:root:Looping....
DEBUG:root:This is the line: drive:64.716:-65.774

DEBUG:root:We got command: drive
DEBUG:root:We got a drive command: rawX:-65.774000 and rawY:64.716000
DEBUG:root:Forward to the Left/Straight
DEBUG:root:Left=-130.490000 Right=64.716000
DEBUG:root:ScaledLeft: 81.397500 ScaledRight: 520.611000
INFO:root:Looping....
DEBUG:root:This is the line: drive:64.857:-66.375

DEBUG:root:We got command: drive
DEBUG:root:We got a drive command: rawX:-66.375000 and rawY:64.857000
DEBUG:root:Forward to the Left/Straight
DEBUG:root:Left=-131.232000 Right=64.857000
DEBUG:root:ScaledLeft: 79.728000 ScaledRight: 520.928250
INFO:root:Looping....
DEBUG:root:This is the line: drive:64.857:-66.375

DEBUG:root:We got command: drive
DEBUG:root:We got a drive command: rawX:-66.375000 and rawY:64.857000
DEBUG:root:Forward to the Left/Straight
DEBUG:root:Left=-131.232000 Right=64.857000
DEBUG:root:ScaledLeft: 79.728000 ScaledRight: 520.928250
INFO:root:Looping....
DEBUG:root:This is the line: drive:64.857:-66.375

DEBUG:root:We got command: drive
DEBUG:root:We got a drive command: rawX:-66.375000 and rawY:64.857000
DEBUG:root:Forward to the Left/Straight
DEBUG:root:Left=-131.232000 Right=64.857000
DEBUG:root:ScaledLeft: 79.728000 ScaledRight: 520.928250
INFO:root:Looping....
DEBUG:root:This is the line: drive:64.857:-66.684

DEBUG:root:We got command: drive
DEBUG:root:We got a drive command: rawX:-66.684000 and rawY:64.857000
DEBUG:root:Forward to the Left/Straight
DEBUG:root:Left=-131.541000 Right=64.857000
DEBUG:root:ScaledLeft: 79.032750 ScaledRight: 520.928250
INFO:root:Looping....
DEBUG:root:This is the line: drive:64.857:-66.684

DEBUG:root:We got command: drive
DEBUG:root:We got a drive command: rawX:-66.684000 and rawY:64.857000
DEBUG:root:Forward to the Left/Straight
DEBUG:root:Left=-131.541000 Right=64.857000
DEBUG:root:ScaledLeft: 79.032750 ScaledRight: 520.928250
INFO:root:Looping....
DEBUG:root:This is the line: drive:64.857:-67.29

DEBUG:root:We got command: drive
DEBUG:root:We got a drive command: rawX:-67.290000 and rawY:64.857000
DEBUG:root:Forward to the Left/Straight
DEBUG:root:Left=-132.147000 Right=64.857000
DEBUG:root:ScaledLeft: 77.669250 ScaledRight: 520.928250
INFO:root:Looping....
DEBUG:root:This is the line: drive:64.857:-67.29

DEBUG:root:We got command: drive
DEBUG:root:We got a drive command: rawX:-67.290000 and rawY:64.857000
DEBUG:root:Forward to the Left/Straight
DEBUG:root:Left=-132.147000 Right=64.857000
DEBUG:root:ScaledLeft: 77.669250 ScaledRight: 520.928250
INFO:root:Looping....
DEBUG:root:This is the line: drive:64.857:-67.891

DEBUG:root:We got command: drive
DEBUG:root:We got a drive command: rawX:-67.891000 and rawY:64.857000
DEBUG:root:Forward to the Left/Straight
DEBUG:root:Left=-132.748000 Right=64.857000
DEBUG:root:ScaledLeft: 76.317000 ScaledRight: 520.928250
INFO:root:Looping....
DEBUG:root:This is the line: drive:64.857:-68.199

DEBUG:root:We got command: drive
DEBUG:root:We got a drive command: rawX:-68.199000 and rawY:64.857000
DEBUG:root:Forward to the Left/Straight
DEBUG:root:Left=-133.056000 Right=64.857000
DEBUG:root:ScaledLeft: 75.624000 ScaledRight: 520.928250
INFO:root:Looping....
DEBUG:root:This is the line: drive:64.857:-68.199

DEBUG:root:We got command: drive
DEBUG:root:We got a drive command: rawX:-68.199000 and rawY:64.857000
DEBUG:root:Forward to the Left/Straight
DEBUG:root:Left=-133.056000 Right=64.857000
DEBUG:root:ScaledLeft: 75.624000 ScaledRight: 520.928250
INFO:root:Looping....
DEBUG:root:This is the line: drive:64.857:-68.481

DEBUG:root:We got command: drive
DEBUG:root:We got a drive command: rawX:-68.481000 and rawY:64.857000
DEBUG:root:Forward to the Left/Straight
DEBUG:root:Left=-133.338000 Right=64.857000
DEBUG:root:ScaledLeft: 74.989500 ScaledRight: 520.928250
INFO:root:Looping....
DEBUG:root:This is the line: drive:64.857:-69.121

DEBUG:root:We got command: drive
DEBUG:root:We got a drive command: rawX:-69.121000 and rawY:64.857000
DEBUG:root:Forward to the Left/Straight
DEBUG:root:Left=-133.978000 Right=64.857000
DEBUG:root:ScaledLeft: 73.549500 ScaledRight: 520.928250
INFO:root:Looping....
DEBUG:root:This is the line: drive:64.857:-69.393

DEBUG:root:We got command: drive
DEBUG:root:We got a drive command: rawX:-69.393000 and rawY:64.857000
DEBUG:root:Forward to the Left/Straight
DEBUG:root:Left=-134.250000 Right=64.857000
DEBUG:root:ScaledLeft: 72.937500 ScaledRight: 520.928250
INFO:root:Looping....
DEBUG:root:This is the line: drive:64.857:-69.708

DEBUG:root:We got command: drive
DEBUG:root:We got a drive command: rawX:-69.708000 and rawY:64.857000
DEBUG:root:Forward to the Left/Straight
DEBUG:root:Left=-134.565000 Right=64.857000
DEBUG:root:ScaledLeft: 72.228750 ScaledRight: 520.928250
INFO:root:Looping....
DEBUG:root:This is the line: drive:64.857:-70.589

DEBUG:root:We got command: drive
DEBUG:root:We got a drive command: rawX:-70.589000 and rawY:64.857000
DEBUG:root:Forward to the Left/Straight
DEBUG:root:Left=-135.446000 Right=64.857000
DEBUG:root:ScaledLeft: 70.246500 ScaledRight: 520.928250
INFO:root:Looping....
DEBUG:root:This is the line: drive:64.857:-70.589

DEBUG:root:We got command: drive
DEBUG:root:We got a drive command: rawX:-70.589000 and rawY:64.857000
DEBUG:root:Forward to the Left/Straight
DEBUG:root:Left=-135.446000 Right=64.857000
DEBUG:root:ScaledLeft: 70.246500 ScaledRight: 520.928250
INFO:root:Looping....
DEBUG:root:This is the line: drive:64.857:-70.857

DEBUG:root:We got command: drive
DEBUG:root:We got a drive command: rawX:-70.857000 and rawY:64.857000
DEBUG:root:Forward to the Left/Straight
DEBUG:root:Left=-135.714000 Right=64.857000
DEBUG:root:ScaledLeft: 69.643500 ScaledRight: 520.928250
INFO:root:Looping....
DEBUG:root:This is the line: drive:64.857:-71.156

DEBUG:root:We got command: drive
DEBUG:root:We got a drive command: rawX:-71.156000 and rawY:64.857000
DEBUG:root:Forward to the Left/Straight
DEBUG:root:Left=-136.013000 Right=64.857000
DEBUG:root:ScaledLeft: 68.970750 ScaledRight: 520.928250
INFO:root:Looping....
DEBUG:root:This is the line: drive:64.534:-71.131

DEBUG:root:We got command: drive
DEBUG:root:We got a drive command: rawX:-71.131000 and rawY:64.534000
DEBUG:root:Forward to the Left/Straight
DEBUG:root:Left=-135.665000 Right=64.534000
DEBUG:root:ScaledLeft: 69.753750 ScaledRight: 520.201500
INFO:root:Looping....
DEBUG:root:This is the line: drive:64.571:-71.533

DEBUG:root:We got command: drive
DEBUG:root:We got a drive command: rawX:-71.533000 and rawY:64.571000
DEBUG:root:Forward to the Left/Straight
DEBUG:root:Left=-136.104000 Right=64.571000
DEBUG:root:ScaledLeft: 68.766000 ScaledRight: 520.284750
INFO:root:Looping....
DEBUG:root:This is the line: drive:64.571:-71.533

DEBUG:root:We got command: drive
DEBUG:root:We got a drive command: rawX:-71.533000 and rawY:64.571000
DEBUG:root:Forward to the Left/Straight
DEBUG:root:Left=-136.104000 Right=64.571000
DEBUG:root:ScaledLeft: 68.766000 ScaledRight: 520.284750
INFO:root:Looping....
DEBUG:root:This is the line: drive:64.571:-71.533

DEBUG:root:We got command: drive
DEBUG:root:We got a drive command: rawX:-71.533000 and rawY:64.571000
DEBUG:root:Forward to the Left/Straight
DEBUG:root:Left=-136.104000 Right=64.571000
DEBUG:root:ScaledLeft: 68.766000 ScaledRight: 520.284750
INFO:root:Looping....
DEBUG:root:This is the line: drive:64.571:-71.533

DEBUG:root:We got command: drive
DEBUG:root:We got a drive command: rawX:-71.533000 and rawY:64.571000
DEBUG:root:Forward to the Left/Straight
DEBUG:root:Left=-136.104000 Right=64.571000
DEBUG:root:ScaledLeft: 68.766000 ScaledRight: 520.284750
INFO:root:Looping....
DEBUG:root:This is the line: drive:64.571:-71.533

DEBUG:root:We got command: drive
DEBUG:root:We got a drive command: rawX:-71.533000 and rawY:64.571000
DEBUG:root:Forward to the Left/Straight
DEBUG:root:Left=-136.104000 Right=64.571000
DEBUG:root:ScaledLeft: 68.766000 ScaledRight: 520.284750
INFO:root:Looping....
DEBUG:root:This is the line: drive:64.571:-71.533

DEBUG:root:We got command: drive
DEBUG:root:We got a drive command: rawX:-71.533000 and rawY:64.571000
DEBUG:root:Forward to the Left/Straight
DEBUG:root:Left=-136.104000 Right=64.571000
DEBUG:root:ScaledLeft: 68.766000 ScaledRight: 520.284750
INFO:root:Looping....
DEBUG:root:This is the line: drive:64.571:-71.533

DEBUG:root:We got command: drive
DEBUG:root:We got a drive command: rawX:-71.533000 and rawY:64.571000
DEBUG:root:Forward to the Left/Straight
DEBUG:root:Left=-136.104000 Right=64.571000
DEBUG:root:ScaledLeft: 68.766000 ScaledRight: 520.284750
INFO:root:Looping....
DEBUG:root:This is the line: drive:64.571:-71.533

DEBUG:root:We got command: drive
DEBUG:root:We got a drive command: rawX:-71.533000 and rawY:64.571000
DEBUG:root:Forward to the Left/Straight
DEBUG:root:Left=-136.104000 Right=64.571000
DEBUG:root:ScaledLeft: 68.766000 ScaledRight: 520.284750
INFO:root:Looping....
DEBUG:root:This is the line: drive:64.571:-71.533

DEBUG:root:We got command: drive
DEBUG:root:We got a drive command: rawX:-71.533000 and rawY:64.571000
DEBUG:root:Forward to the Left/Straight
DEBUG:root:Left=-136.104000 Right=64.571000
DEBUG:root:ScaledLeft: 68.766000 ScaledRight: 520.284750
INFO:root:Looping....
DEBUG:root:This is the line: drive:64.571:-70.062

DEBUG:root:We got command: drive
DEBUG:root:We got a drive command: rawX:-70.062000 and rawY:64.571000
DEBUG:root:Forward to the Left/Straight
DEBUG:root:Left=-134.633000 Right=64.571000
DEBUG:root:ScaledLeft: 72.075750 ScaledRight: 520.284750
INFO:root:Looping....
DEBUG:root:This is the line: drive:64.571:-67.747

DEBUG:root:We got command: drive
DEBUG:root:We got a drive command: rawX:-67.747000 and rawY:64.571000
DEBUG:root:Forward to the Left/Straight
DEBUG:root:Left=-132.318000 Right=64.571000
DEBUG:root:ScaledLeft: 77.284500 ScaledRight: 520.284750
INFO:root:Looping....
DEBUG:root:This is the line: drive:65.96:-62.625

DEBUG:root:We got command: drive
DEBUG:root:We got a drive command: rawX:-62.625000 and rawY:65.960000
DEBUG:root:Forward to the Left/Straight
DEBUG:root:Left=-128.585000 Right=65.960000
DEBUG:root:ScaledLeft: 85.683750 ScaledRight: 523.410000
INFO:root:Looping....
DEBUG:root:This is the line: drive:67.571:-56.696

DEBUG:root:We got command: drive
DEBUG:root:We got a drive command: rawX:-56.696000 and rawY:67.571000
DEBUG:root:Forward to the Left/Straight
DEBUG:root:Left=-124.267000 Right=67.571000
DEBUG:root:ScaledLeft: 95.399250 ScaledRight: 527.034750
INFO:root:Looping....
DEBUG:root:This is the line: drive:68.959:-49.98

DEBUG:root:We got command: drive
DEBUG:root:We got a drive command: rawX:-49.980000 and rawY:68.959000
DEBUG:root:Forward to the Left/Straight
DEBUG:root:Left=-118.939000 Right=68.959000
DEBUG:root:ScaledLeft: 107.387250 ScaledRight: 530.157750
INFO:root:Looping....
DEBUG:root:This is the line: drive:69.143:-44.037

DEBUG:root:We got command: drive
DEBUG:root:We got a drive command: rawX:-44.037000 and rawY:69.143000
DEBUG:root:Forward to the Left/Straight
DEBUG:root:Left=-113.180000 Right=69.143000
DEBUG:root:ScaledLeft: 120.345000 ScaledRight: 530.571750
INFO:root:Looping....
DEBUG:root:This is the line: drive:69.858:-39.729

DEBUG:root:We got command: drive
DEBUG:root:We got a drive command: rawX:-39.729000 and rawY:69.858000
DEBUG:root:Forward to the Left/Straight
DEBUG:root:Left=-109.587000 Right=69.858000
DEBUG:root:ScaledLeft: 128.429250 ScaledRight: 532.180500
INFO:root:Looping....
DEBUG:root:This is the line: drive:70.205:-33.075

DEBUG:root:We got command: drive
DEBUG:root:We got a drive command: rawX:-33.075000 and rawY:70.205000
DEBUG:root:Forward to the Left/Straight
DEBUG:root:Left=-103.280000 Right=70.205000
DEBUG:root:ScaledLeft: 142.620000 ScaledRight: 532.961250
INFO:root:Looping....
DEBUG:root:This is the line: drive:70.857:-26.935

DEBUG:root:We got command: drive
DEBUG:root:We got a drive command: rawX:-26.935000 and rawY:70.857000
DEBUG:root:Forward to the Left/Straight
DEBUG:root:Left=-97.792000 Right=70.857000
DEBUG:root:ScaledLeft: 154.968000 ScaledRight: 534.428250
INFO:root:Looping....
DEBUG:root:This is the line: drive:70.857:-22.261

DEBUG:root:We got command: drive
DEBUG:root:We got a drive command: rawX:-22.261000 and rawY:70.857000
DEBUG:root:Forward to the Left/Straight
DEBUG:root:Left=-93.118000 Right=70.857000
DEBUG:root:ScaledLeft: 165.484500 ScaledRight: 534.428250
INFO:root:Looping....
DEBUG:root:This is the line: drive:71.143:-17.518

DEBUG:root:We got command: drive
DEBUG:root:We got a drive command: rawX:-17.518000 and rawY:71.143000
DEBUG:root:Forward to the Left/Straight
DEBUG:root:Left=-88.661000 Right=71.143000
DEBUG:root:ScaledLeft: 175.512750 ScaledRight: 535.071750
INFO:root:Looping....
DEBUG:root:This is the line: drive:71.714:-12.762

DEBUG:root:We got command: drive
DEBUG:root:We got a drive command: rawX:-12.762000 and rawY:71.714000
DEBUG:root:Forward to the Left/Straight
DEBUG:root:Left=-84.476000 Right=71.714000
DEBUG:root:ScaledLeft: 184.929000 ScaledRight: 536.356500
INFO:root:Looping....
DEBUG:root:This is the line: drive:72.857:-6.455

DEBUG:root:We got command: drive
DEBUG:root:We got a drive command: rawX:-6.455000 and rawY:72.857000
DEBUG:root:Forward to the Left/Straight
DEBUG:root:Left=-79.312000 Right=72.857000
DEBUG:root:ScaledLeft: 196.548000 ScaledRight: 538.928250
INFO:root:Looping....
DEBUG:root:This is the line: drive:73.143:-2.574

DEBUG:root:We got command: drive
DEBUG:root:We got a drive command: rawX:-2.574000 and rawY:73.143000
DEBUG:root:Forward to the Left/Straight
DEBUG:root:Left=-75.717000 Right=73.143000
DEBUG:root:ScaledLeft: 204.636750 ScaledRight: 539.571750
INFO:root:Looping....
DEBUG:root:This is the line: drive:73.714:2.622

DEBUG:root:We got command: drive
DEBUG:root:We got a drive command: rawX:2.622000 and rawY:73.714000
DEBUG:root:Forward to the Right
DEBUG:root:Left=-73.714000 Right=71.092000
DEBUG:root:ScaledLeft: 209.143500 ScaledRight: 534.957000
INFO:root:Looping....
DEBUG:root:This is the line: drive:74.429:7.738

DEBUG:root:We got command: drive
DEBUG:root:We got a drive command: rawX:7.738000 and rawY:74.429000
DEBUG:root:Forward to the Right
DEBUG:root:Left=-74.429000 Right=66.691000
DEBUG:root:ScaledLeft: 207.534750 ScaledRight: 525.054750
INFO:root:Looping....
DEBUG:root:This is the line: drive:74.857:10.788

DEBUG:root:We got command: drive
DEBUG:root:We got a drive command: rawX:10.788000 and rawY:74.857000
DEBUG:root:Forward to the Right
DEBUG:root:Left=-74.857000 Right=64.069000
DEBUG:root:ScaledLeft: 206.571750 ScaledRight: 519.155250
INFO:root:Looping....
DEBUG:root:This is the line: drive:74.857:16.886

DEBUG:root:We got command: drive
DEBUG:root:We got a drive command: rawX:16.886000 and rawY:74.857000
DEBUG:root:Forward to the Right
DEBUG:root:Left=-74.857000 Right=57.971000
DEBUG:root:ScaledLeft: 206.571750 ScaledRight: 505.434750
INFO:root:Looping....
DEBUG:root:This is the line: drive:75.009:21.309

DEBUG:root:We got command: drive
DEBUG:root:We got a drive command: rawX:21.309000 and rawY:75.009000
DEBUG:root:Forward to the Right
DEBUG:root:Left=-75.009000 Right=53.700000
DEBUG:root:ScaledLeft: 206.229750 ScaledRight: 495.825000
INFO:root:Looping....
DEBUG:root:This is the line: drive:75.429:27.414

DEBUG:root:We got command: drive
DEBUG:root:We got a drive command: rawX:27.414000 and rawY:75.429000
DEBUG:root:Forward to the Right
DEBUG:root:Left=-75.429000 Right=48.015000
DEBUG:root:ScaledLeft: 205.284750 ScaledRight: 483.033750
INFO:root:Looping....
DEBUG:root:This is the line: drive:75.714:31.642

DEBUG:root:We got command: drive
DEBUG:root:We got a drive command: rawX:31.642000 and rawY:75.714000
DEBUG:root:Forward to the Right
DEBUG:root:Left=-75.714000 Right=44.072000
DEBUG:root:ScaledLeft: 204.643500 ScaledRight: 474.162000
INFO:root:Looping....
DEBUG:root:This is the line: drive:76.0:36.436

DEBUG:root:We got command: drive
DEBUG:root:We got a drive command: rawX:36.436000 and rawY:76.000000
DEBUG:root:Forward to the Right
DEBUG:root:Left=-76.000000 Right=39.564000
DEBUG:root:ScaledLeft: 204.000000 ScaledRight: 464.019000
INFO:root:Looping....
DEBUG:root:This is the line: drive:76.286:40.911

DEBUG:root:We got command: drive
DEBUG:root:We got a drive command: rawX:40.911000 and rawY:76.286000
DEBUG:root:Forward to the Right
DEBUG:root:Left=-76.286000 Right=35.375000
DEBUG:root:ScaledLeft: 203.356500 ScaledRight: 454.593750
INFO:root:Looping....
DEBUG:root:This is the line: drive:76.571:44.601

DEBUG:root:We got command: drive
DEBUG:root:We got a drive command: rawX:44.601000 and rawY:76.571000
DEBUG:root:Forward to the Right
DEBUG:root:Left=-76.571000 Right=31.970000
DEBUG:root:ScaledLeft: 202.715250 ScaledRight: 446.932500
INFO:root:Looping....
DEBUG:root:This is the line: drive:76.571:49.08

DEBUG:root:We got command: drive
DEBUG:root:We got a drive command: rawX:49.080000 and rawY:76.571000
DEBUG:root:Forward to the Right
DEBUG:root:Left=-76.571000 Right=27.491000
DEBUG:root:ScaledLeft: 202.715250 ScaledRight: 436.854750
INFO:root:Looping....
DEBUG:root:This is the line: drive:76.571:54.246

DEBUG:root:We got command: drive
DEBUG:root:We got a drive command: rawX:54.246000 and rawY:76.571000
DEBUG:root:Forward to the Right
DEBUG:root:Left=-76.571000 Right=22.325000
DEBUG:root:ScaledLeft: 202.715250 ScaledRight: 425.231250
INFO:root:Looping....
DEBUG:root:This is the line: drive:76.857:56.881

DEBUG:root:We got command: drive
DEBUG:root:We got a drive command: rawX:56.881000 and rawY:76.857000
DEBUG:root:Forward to the Right
DEBUG:root:Left=-76.857000 Right=19.976000
DEBUG:root:ScaledLeft: 202.071750 ScaledRight: 419.946000
INFO:root:Looping....
DEBUG:root:This is the line: drive:77.365:60.946

DEBUG:root:We got command: drive
DEBUG:root:We got a drive command: rawX:60.946000 and rawY:77.365000
DEBUG:root:Forward to the Right
DEBUG:root:Left=-77.365000 Right=16.419000
DEBUG:root:ScaledLeft: 200.928750 ScaledRight: 411.942750
INFO:root:Looping....
DEBUG:root:This is the line: drive:77.429:63.785

DEBUG:root:We got command: drive
DEBUG:root:We got a drive command: rawX:63.785000 and rawY:77.429000
DEBUG:root:Forward to the Right
DEBUG:root:Left=-77.429000 Right=13.644000
DEBUG:root:ScaledLeft: 200.784750 ScaledRight: 405.699000
INFO:root:Looping....
DEBUG:root:This is the line: drive:77.429:65.65

DEBUG:root:We got command: drive
DEBUG:root:We got a drive command: rawX:65.650000 and rawY:77.429000
DEBUG:root:Forward to the Right
DEBUG:root:Left=-77.429000 Right=11.779000
DEBUG:root:ScaledLeft: 200.784750 ScaledRight: 401.502750
INFO:root:Looping....
DEBUG:root:This is the line: drive:77.429:67.92

DEBUG:root:We got command: drive
DEBUG:root:We got a drive command: rawX:67.920000 and rawY:77.429000
DEBUG:root:Forward to the Right
DEBUG:root:Left=-77.429000 Right=9.509000
DEBUG:root:ScaledLeft: 200.784750 ScaledRight: 396.395250
INFO:root:Looping....
DEBUG:root:This is the line: drive:77.714:69.785

DEBUG:root:We got command: drive
DEBUG:root:We got a drive command: rawX:69.785000 and rawY:77.714000
DEBUG:root:Forward to the Right
DEBUG:root:Left=-77.714000 Right=7.929000
DEBUG:root:ScaledLeft: 200.143500 ScaledRight: 392.840250
INFO:root:Looping....
DEBUG:root:This is the line: drive:78.0:71.446

DEBUG:root:We got command: drive
DEBUG:root:We got a drive command: rawX:71.446000 and rawY:78.000000
DEBUG:root:Forward to the Right
DEBUG:root:Left=-78.000000 Right=6.554000
DEBUG:root:ScaledLeft: 199.500000 ScaledRight: 389.746500
INFO:root:Looping....
DEBUG:root:This is the line: drive:78.286:72.148

DEBUG:root:We got command: drive
DEBUG:root:We got a drive command: rawX:72.148000 and rawY:78.286000
DEBUG:root:Forward to the Right
DEBUG:root:Left=-78.286000 Right=6.138000
DEBUG:root:ScaledLeft: 198.856500 ScaledRight: 388.810500
INFO:root:Looping....
DEBUG:root:This is the line: drive:78.674:72.917

DEBUG:root:We got command: drive
DEBUG:root:We got a drive command: rawX:72.917000 and rawY:78.674000
DEBUG:root:Forward to the Right
DEBUG:root:Left=-78.674000 Right=5.757000
DEBUG:root:ScaledLeft: 197.983500 ScaledRight: 387.953250
INFO:root:Looping....
DEBUG:root:This is the line: drive:78.571:73.605

DEBUG:root:We got command: drive
DEBUG:root:We got a drive command: rawX:73.605000 and rawY:78.571000
DEBUG:root:Forward to the Right
DEBUG:root:Left=-78.571000 Right=4.966000
DEBUG:root:ScaledLeft: 198.215250 ScaledRight: 386.173500
INFO:root:Looping....
DEBUG:root:This is the line: drive:78.857:74.273

DEBUG:root:We got command: drive
DEBUG:root:We got a drive command: rawX:74.273000 and rawY:78.857000
DEBUG:root:Forward to the Right
DEBUG:root:Left=-78.857000 Right=4.584000
DEBUG:root:ScaledLeft: 197.571750 ScaledRight: 385.314000
INFO:root:Looping....
DEBUG:root:This is the line: drive:78.857:75.373

DEBUG:root:We got command: drive
DEBUG:root:We got a drive command: rawX:75.373000 and rawY:78.857000
DEBUG:root:Forward to the Right
DEBUG:root:Left=-78.857000 Right=3.484000
DEBUG:root:ScaledLeft: 197.571750 ScaledRight: 382.839000
INFO:root:Looping....
DEBUG:root:This is the line: drive:79.193:76.242

DEBUG:root:We got command: drive
DEBUG:root:We got a drive command: rawX:76.242000 and rawY:79.193000
DEBUG:root:Forward to the Right
DEBUG:root:Left=-79.193000 Right=2.951000
DEBUG:root:ScaledLeft: 196.815750 ScaledRight: 381.639750
INFO:root:Looping....
DEBUG:root:This is the line: drive:79.143:77.41

DEBUG:root:We got command: drive
DEBUG:root:We got a drive command: rawX:77.410000 and rawY:79.143000
DEBUG:root:Forward to the Right
DEBUG:root:Left=-79.143000 Right=1.733000
DEBUG:root:ScaledLeft: 196.928250 ScaledRight: 378.899250
INFO:root:Looping....
DEBUG:root:This is the line: drive:79.143:79.383

DEBUG:root:We got command: drive
DEBUG:root:We got a drive command: rawX:79.383000 and rawY:79.143000
DEBUG:root:Forward to the Right
DEBUG:root:Left=-79.143000 Right=-0.240000
DEBUG:root:ScaledLeft: 196.928250 ScaledRight: 374.460000
INFO:root:Looping....
DEBUG:root:This is the line: drive:79.143:81.54

DEBUG:root:We got command: drive
DEBUG:root:We got a drive command: rawX:81.540000 and rawY:79.143000
DEBUG:root:Forward to the Right
DEBUG:root:Left=-79.143000 Right=-2.397000
DEBUG:root:ScaledLeft: 196.928250 ScaledRight: 369.606750
INFO:root:Looping....
DEBUG:root:This is the line: drive:79.571:83.185

DEBUG:root:We got command: drive
DEBUG:root:We got a drive command: rawX:83.185000 and rawY:79.571000
DEBUG:root:Forward to the Right
DEBUG:root:Left=-79.571000 Right=-3.614000
DEBUG:root:ScaledLeft: 195.965250 ScaledRight: 366.868500
INFO:root:Looping....
DEBUG:root:This is the line: drive:79.429:83.636

DEBUG:root:We got command: drive
DEBUG:root:We got a drive command: rawX:83.636000 and rawY:79.429000
DEBUG:root:Forward to the Right
DEBUG:root:Left=-79.429000 Right=-4.207000
DEBUG:root:ScaledLeft: 196.284750 ScaledRight: 365.534250
INFO:root:Looping....
DEBUG:root:This is the line: drive:79.429:83.991

DEBUG:root:We got command: drive
DEBUG:root:We got a drive command: rawX:83.991000 and rawY:79.429000
DEBUG:root:Forward to the Right
DEBUG:root:Left=-79.429000 Right=-4.562000
DEBUG:root:ScaledLeft: 196.284750 ScaledRight: 364.735500
INFO:root:Looping....
DEBUG:root:This is the line: drive:79.827:84.226

DEBUG:root:We got command: drive
DEBUG:root:We got a drive command: rawX:84.226000 and rawY:79.827000
DEBUG:root:Forward to the Right
DEBUG:root:Left=-79.827000 Right=-4.399000
DEBUG:root:ScaledLeft: 195.389250 ScaledRight: 365.102250
INFO:root:Looping....
DEBUG:root:This is the line: drive:79.926:84.524

DEBUG:root:We got command: drive
DEBUG:root:We got a drive command: rawX:84.524000 and rawY:79.926000
DEBUG:root:Forward to the Right
DEBUG:root:Left=-79.926000 Right=-4.598000
DEBUG:root:ScaledLeft: 195.166500 ScaledRight: 364.654500
INFO:root:Looping....
DEBUG:root:This is the line: drive:80.119:84.524

DEBUG:root:We got command: drive
DEBUG:root:We got a drive command: rawX:84.524000 and rawY:80.119000
DEBUG:root:Forward to the Right
DEBUG:root:Left=-80.119000 Right=-4.405000
DEBUG:root:ScaledLeft: 194.732250 ScaledRight: 365.088750
INFO:root:Looping....
DEBUG:root:This is the line: drive:80.0:84.831

DEBUG:root:We got command: drive
DEBUG:root:We got a drive command: rawX:84.831000 and rawY:80.000000
DEBUG:root:Forward to the Right
DEBUG:root:Left=-80.000000 Right=-4.831000
DEBUG:root:ScaledLeft: 195.000000 ScaledRight: 364.130250
INFO:root:Looping....
DEBUG:root:This is the line: drive:80.286:85.268

DEBUG:root:We got command: drive
DEBUG:root:We got a drive command: rawX:85.268000 and rawY:80.286000
DEBUG:root:Forward to the Right
DEBUG:root:Left=-80.286000 Right=-4.982000
DEBUG:root:ScaledLeft: 194.356500 ScaledRight: 363.790500
INFO:root:Looping....
DEBUG:root:This is the line: drive:80.286:85.268

DEBUG:root:We got command: drive
DEBUG:root:We got a drive command: rawX:85.268000 and rawY:80.286000
DEBUG:root:Forward to the Right
DEBUG:root:Left=-80.286000 Right=-4.982000
DEBUG:root:ScaledLeft: 194.356500 ScaledRight: 363.790500
INFO:root:Looping....
DEBUG:root:This is the line: drive:80.586:85.417

DEBUG:root:We got command: drive
DEBUG:root:We got a drive command: rawX:85.417000 and rawY:80.586000
DEBUG:root:Forward to the Right
DEBUG:root:Left=-80.586000 Right=-4.831000
DEBUG:root:ScaledLeft: 193.681500 ScaledRight: 364.130250
INFO:root:Looping....
DEBUG:root:This is the line: drive:80.571:85.791

DEBUG:root:We got command: drive
DEBUG:root:We got a drive command: rawX:85.791000 and rawY:80.571000
DEBUG:root:Forward to the Right
DEBUG:root:Left=-80.571000 Right=-5.220000
DEBUG:root:ScaledLeft: 193.715250 ScaledRight: 363.255000
INFO:root:Looping....
DEBUG:root:This is the line: drive:80.571:86.065

DEBUG:root:We got command: drive
DEBUG:root:We got a drive command: rawX:86.065000 and rawY:80.571000
DEBUG:root:Forward to the Right
DEBUG:root:Left=-80.571000 Right=-5.494000
DEBUG:root:ScaledLeft: 193.715250 ScaledRight: 362.638500
INFO:root:Looping....
DEBUG:root:This is the line: drive:80.859:86.312

DEBUG:root:We got command: drive
DEBUG:root:We got a drive command: rawX:86.312000 and rawY:80.859000
DEBUG:root:Forward to the Right
DEBUG:root:Left=-80.859000 Right=-5.453000
DEBUG:root:ScaledLeft: 193.067250 ScaledRight: 362.730750
INFO:root:Looping....
DEBUG:root:This is the line: drive:80.859:86.312

DEBUG:root:We got command: drive
DEBUG:root:We got a drive command: rawX:86.312000 and rawY:80.859000
DEBUG:root:Forward to the Right
DEBUG:root:Left=-80.859000 Right=-5.453000
DEBUG:root:ScaledLeft: 193.067250 ScaledRight: 362.730750
INFO:root:Looping....
DEBUG:root:This is the line: drive:80.857:86.634

DEBUG:root:We got command: drive
DEBUG:root:We got a drive command: rawX:86.634000 and rawY:80.857000
DEBUG:root:Forward to the Right
DEBUG:root:Left=-80.857000 Right=-5.777000
DEBUG:root:ScaledLeft: 193.071750 ScaledRight: 362.001750
INFO:root:Looping....
DEBUG:root:This is the line: drive:80.857:86.914

DEBUG:root:We got command: drive
DEBUG:root:We got a drive command: rawX:86.914000 and rawY:80.857000
DEBUG:root:Forward to the Right
DEBUG:root:Left=-80.857000 Right=-6.057000
DEBUG:root:ScaledLeft: 193.071750 ScaledRight: 361.371750
INFO:root:Looping....
DEBUG:root:This is the line: drive:81.203:86.905

DEBUG:root:We got command: drive
DEBUG:root:We got a drive command: rawX:86.905000 and rawY:81.203000
DEBUG:root:Forward to the Right
DEBUG:root:Left=-81.203000 Right=-5.702000
DEBUG:root:ScaledLeft: 192.293250 ScaledRight: 362.170500
INFO:root:Looping....
DEBUG:root:This is the line: drive:81.203:86.905

DEBUG:root:We got command: drive
DEBUG:root:We got a drive command: rawX:86.905000 and rawY:81.203000
DEBUG:root:Forward to the Right
DEBUG:root:Left=-81.203000 Right=-5.702000
DEBUG:root:ScaledLeft: 192.293250 ScaledRight: 362.170500
INFO:root:Looping....
DEBUG:root:This is the line: drive:81.203:86.905

DEBUG:root:We got command: drive
DEBUG:root:We got a drive command: rawX:86.905000 and rawY:81.203000
DEBUG:root:Forward to the Right
DEBUG:root:Left=-81.203000 Right=-5.702000
DEBUG:root:ScaledLeft: 192.293250 ScaledRight: 362.170500
INFO:root:Looping....
DEBUG:root:This is the line: drive:81.203:86.905

DEBUG:root:We got command: drive
DEBUG:root:We got a drive command: rawX:86.905000 and rawY:81.203000
DEBUG:root:Forward to the Right
DEBUG:root:Left=-81.203000 Right=-5.702000
DEBUG:root:ScaledLeft: 192.293250 ScaledRight: 362.170500
INFO:root:Looping....
DEBUG:root:This is the line: drive:81.203:86.905

DEBUG:root:We got command: drive
DEBUG:root:We got a drive command: rawX:86.905000 and rawY:81.203000
DEBUG:root:Forward to the Right
DEBUG:root:Left=-81.203000 Right=-5.702000
DEBUG:root:ScaledLeft: 192.293250 ScaledRight: 362.170500
INFO:root:Looping....
DEBUG:root:This is the line: drive:81.203:86.905

DEBUG:root:We got command: drive
DEBUG:root:We got a drive command: rawX:86.905000 and rawY:81.203000
DEBUG:root:Forward to the Right
DEBUG:root:Left=-81.203000 Right=-5.702000
DEBUG:root:ScaledLeft: 192.293250 ScaledRight: 362.170500
INFO:root:Looping....
DEBUG:root:This is the line: drive:81.203:86.905

DEBUG:root:We got command: drive
DEBUG:root:We got a drive command: rawX:86.905000 and rawY:81.203000
DEBUG:root:Forward to the Right
DEBUG:root:Left=-81.203000 Right=-5.702000
DEBUG:root:ScaledLeft: 192.293250 ScaledRight: 362.170500
INFO:root:Looping....
DEBUG:root:This is the line: drive:81.203:86.905

DEBUG:root:We got command: drive
DEBUG:root:We got a drive command: rawX:86.905000 and rawY:81.203000
DEBUG:root:Forward to the Right
DEBUG:root:Left=-81.203000 Right=-5.702000
DEBUG:root:ScaledLeft: 192.293250 ScaledRight: 362.170500
INFO:root:Looping....
DEBUG:root:This is the line: drive:81.203:86.905

DEBUG:root:We got command: drive
DEBUG:root:We got a drive command: rawX:86.905000 and rawY:81.203000
DEBUG:root:Forward to the Right
DEBUG:root:Left=-81.203000 Right=-5.702000
DEBUG:root:ScaledLeft: 192.293250 ScaledRight: 362.170500
INFO:root:Looping....
DEBUG:root:This is the line: drive:81.203:86.905

DEBUG:root:We got command: drive
DEBUG:root:We got a drive command: rawX:86.905000 and rawY:81.203000
DEBUG:root:Forward to the Right
DEBUG:root:Left=-81.203000 Right=-5.702000
DEBUG:root:ScaledLeft: 192.293250 ScaledRight: 362.170500
INFO:root:Looping....
DEBUG:root:This is the line: drive:81.203:86.905

DEBUG:root:We got command: drive
DEBUG:root:We got a drive command: rawX:86.905000 and rawY:81.203000
DEBUG:root:Forward to the Right
DEBUG:root:Left=-81.203000 Right=-5.702000
DEBUG:root:ScaledLeft: 192.293250 ScaledRight: 362.170500
INFO:root:Looping....
DEBUG:root:This is the line: drive:80.429:86.161

DEBUG:root:We got command: drive
DEBUG:root:We got a drive command: rawX:86.161000 and rawY:80.429000
DEBUG:root:Forward to the Right
DEBUG:root:Left=-80.429000 Right=-5.732000
DEBUG:root:ScaledLeft: 194.034750 ScaledRight: 362.103000
INFO:root:Looping....
DEBUG:root:This is the line: drive:79.37:86.31

DEBUG:root:We got command: drive
DEBUG:root:We got a drive command: rawX:86.310000 and rawY:79.370000
DEBUG:root:Forward to the Right
DEBUG:root:Left=-79.370000 Right=-6.940000
DEBUG:root:ScaledLeft: 196.417500 ScaledRight: 359.385000
INFO:root:Looping....
DEBUG:root:This is the line: drive:0:0

DEBUG:root:We got command: drive
DEBUG:root:We got a drive command: rawX:0.000000 and rawY:0.000000
DEBUG:root:Left=0.000000 Right=0.000000
DEBUG:root:ScaledLeft: 375.000000 ScaledRight: 375.000000
INFO:root:Looping....
DEBUG:root:This is the line: drive:78.286:86.905

DEBUG:root:We got command: drive
DEBUG:root:We got a drive command: rawX:86.905000 and rawY:78.286000
DEBUG:root:Forward to the Right
DEBUG:root:Left=-78.286000 Right=-8.619000
DEBUG:root:ScaledLeft: 198.856500 ScaledRight: 355.607250
INFO:root:Looping....
DEBUG:root:This is the line: drive:32.571:80.357

DEBUG:root:We got command: drive
DEBUG:root:We got a drive command: rawX:80.357000 and rawY:32.571000
DEBUG:root:Forward to the Right
DEBUG:root:Left=-32.571000 Right=-47.786000
DEBUG:root:ScaledLeft: 301.715250 ScaledRight: 267.481500
INFO:root:Looping....
DEBUG:root:This is the line: drive:32.877:83.536

DEBUG:root:We got command: drive
DEBUG:root:We got a drive command: rawX:83.536000 and rawY:32.877000
DEBUG:root:Forward to the Right
DEBUG:root:Left=-32.877000 Right=-50.659000
DEBUG:root:ScaledLeft: 301.026750 ScaledRight: 261.017250
INFO:root:Looping....
DEBUG:root:This is the line: drive:33.811:83.929

DEBUG:root:We got command: drive
DEBUG:root:We got a drive command: rawX:83.929000 and rawY:33.811000
DEBUG:root:Forward to the Right
DEBUG:root:Left=-33.811000 Right=-50.118000
DEBUG:root:ScaledLeft: 298.925250 ScaledRight: 262.234500
INFO:root:Looping....
DEBUG:root:This is the line: drive:35.434:85.422

DEBUG:root:We got command: drive
DEBUG:root:We got a drive command: rawX:85.422000 and rawY:35.434000
DEBUG:root:Forward to the Right
DEBUG:root:Left=-35.434000 Right=-49.988000
DEBUG:root:ScaledLeft: 295.273500 ScaledRight: 262.527000
INFO:root:Looping....
DEBUG:root:This is the line: drive:35.714:87.054

DEBUG:root:We got command: drive
DEBUG:root:We got a drive command: rawX:87.054000 and rawY:35.714000
DEBUG:root:Forward to the Right
DEBUG:root:Left=-35.714000 Right=-51.340000
DEBUG:root:ScaledLeft: 294.643500 ScaledRight: 259.485000
INFO:root:Looping....
DEBUG:root:This is the line: drive:35.714:87.23

DEBUG:root:We got command: drive
DEBUG:root:We got a drive command: rawX:87.230000 and rawY:35.714000
DEBUG:root:Forward to the Right
DEBUG:root:Left=-35.714000 Right=-51.516000
DEBUG:root:ScaledLeft: 294.643500 ScaledRight: 259.089000
INFO:root:Looping....
DEBUG:root:This is the line: drive:35.714:87.23

DEBUG:root:We got command: drive
DEBUG:root:We got a drive command: rawX:87.230000 and rawY:35.714000
DEBUG:root:Forward to the Right
DEBUG:root:Left=-35.714000 Right=-51.516000
DEBUG:root:ScaledLeft: 294.643500 ScaledRight: 259.089000
INFO:root:Looping....
DEBUG:root:This is the line: drive:36.0:88.542

DEBUG:root:We got command: drive
DEBUG:root:We got a drive command: rawX:88.542000 and rawY:36.000000
DEBUG:root:Forward to the Right
DEBUG:root:Left=-36.000000 Right=-52.542000
DEBUG:root:ScaledLeft: 294.000000 ScaledRight: 256.780500
INFO:root:Looping....
DEBUG:root:This is the line: drive:36.286:88.802

DEBUG:root:We got command: drive
DEBUG:root:We got a drive command: rawX:88.802000 and rawY:36.286000
DEBUG:root:Forward to the Right
DEBUG:root:Left=-36.286000 Right=-52.516000
DEBUG:root:ScaledLeft: 293.356500 ScaledRight: 256.839000
INFO:root:Looping....
DEBUG:root:This is the line: drive:36.286:88.802

DEBUG:root:We got command: drive
DEBUG:root:We got a drive command: rawX:88.802000 and rawY:36.286000
DEBUG:root:Forward to the Right
DEBUG:root:Left=-36.286000 Right=-52.516000
DEBUG:root:ScaledLeft: 293.356500 ScaledRight: 256.839000
INFO:root:Looping....
DEBUG:root:This is the line: drive:36.286:88.802

DEBUG:root:We got command: drive
DEBUG:root:We got a drive command: rawX:88.802000 and rawY:36.286000
DEBUG:root:Forward to the Right
DEBUG:root:Left=-36.286000 Right=-52.516000
DEBUG:root:ScaledLeft: 293.356500 ScaledRight: 256.839000
INFO:root:Looping....
DEBUG:root:This is the line: drive:36.286:89.001

DEBUG:root:We got command: drive
DEBUG:root:We got a drive command: rawX:89.001000 and rawY:36.286000
DEBUG:root:Forward to the Right
DEBUG:root:Left=-36.286000 Right=-52.715000
DEBUG:root:ScaledLeft: 293.356500 ScaledRight: 256.391250
INFO:root:Looping....
DEBUG:root:This is the line: drive:36.286:89.001

DEBUG:root:We got command: drive
DEBUG:root:We got a drive command: rawX:89.001000 and rawY:36.286000
DEBUG:root:Forward to the Right
DEBUG:root:Left=-36.286000 Right=-52.715000
DEBUG:root:ScaledLeft: 293.356500 ScaledRight: 256.391250
INFO:root:Looping....
DEBUG:root:This is the line: drive:36.286:89.001

DEBUG:root:We got command: drive
DEBUG:root:We got a drive command: rawX:89.001000 and rawY:36.286000
DEBUG:root:Forward to the Right
DEBUG:root:Left=-36.286000 Right=-52.715000
DEBUG:root:ScaledLeft: 293.356500 ScaledRight: 256.391250
INFO:root:Looping....
DEBUG:root:This is the line: drive:36.286:89.001

DEBUG:root:We got command: drive
DEBUG:root:We got a drive command: rawX:89.001000 and rawY:36.286000
DEBUG:root:Forward to the Right
DEBUG:root:Left=-36.286000 Right=-52.715000
DEBUG:root:ScaledLeft: 293.356500 ScaledRight: 256.391250
INFO:root:Looping....
DEBUG:root:This is the line: drive:35.123:88.372

DEBUG:root:We got command: drive
DEBUG:root:We got a drive command: rawX:88.372000 and rawY:35.123000
DEBUG:root:Forward to the Right
DEBUG:root:Left=-35.123000 Right=-53.249000
DEBUG:root:ScaledLeft: 295.973250 ScaledRight: 255.189750
INFO:root:Looping....
DEBUG:root:This is the line: drive:30.995:88.095

DEBUG:root:We got command: drive
DEBUG:root:We got a drive command: rawX:88.095000 and rawY:30.995000
DEBUG:root:Forward to the Right
DEBUG:root:Left=-30.995000 Right=-57.100000
DEBUG:root:ScaledLeft: 305.261250 ScaledRight: 246.525000
INFO:root:Looping....
DEBUG:root:This is the line: drive:25.954:87.798

DEBUG:root:We got command: drive
DEBUG:root:We got a drive command: rawX:87.798000 and rawY:25.954000
DEBUG:root:Forward to the Right
DEBUG:root:Left=-25.954000 Right=-61.844000
DEBUG:root:ScaledLeft: 316.603500 ScaledRight: 235.851000
INFO:root:Looping....
DEBUG:root:This is the line: drive:21.415:87.202

DEBUG:root:We got command: drive
DEBUG:root:We got a drive command: rawX:87.202000 and rawY:21.415000
DEBUG:root:Forward to the Right
DEBUG:root:Left=-21.415000 Right=-65.787000
DEBUG:root:ScaledLeft: 326.816250 ScaledRight: 226.979250
INFO:root:Looping....
DEBUG:root:This is the line: drive:16.258:87.202

DEBUG:root:We got command: drive
DEBUG:root:We got a drive command: rawX:87.202000 and rawY:16.258000
DEBUG:root:Forward to the Right
DEBUG:root:Left=-16.258000 Right=-70.944000
DEBUG:root:ScaledLeft: 338.419500 ScaledRight: 215.376000
INFO:root:Looping....
DEBUG:root:This is the line: drive:11.901:87.202

DEBUG:root:We got command: drive
DEBUG:root:We got a drive command: rawX:87.202000 and rawY:11.901000
DEBUG:root:Forward to the Right
DEBUG:root:Left=-11.901000 Right=-75.301000
DEBUG:root:ScaledLeft: 348.222750 ScaledRight: 205.572750
INFO:root:Looping....
DEBUG:root:This is the line: drive:9.783:87.202

DEBUG:root:We got command: drive
DEBUG:root:We got a drive command: rawX:87.202000 and rawY:9.783000
DEBUG:root:Forward to the Right
DEBUG:root:Left=-9.783000 Right=-77.419000
DEBUG:root:ScaledLeft: 352.988250 ScaledRight: 200.807250
INFO:root:Looping....
DEBUG:root:This is the line: drive:7.41:87.202

DEBUG:root:We got command: drive
DEBUG:root:We got a drive command: rawX:87.202000 and rawY:7.410000
DEBUG:root:Forward to the Right
DEBUG:root:Left=-7.410000 Right=-79.792000
DEBUG:root:ScaledLeft: 358.327500 ScaledRight: 195.468000
INFO:root:Looping....
DEBUG:root:This is the line: drive:5.168:87.202

DEBUG:root:We got command: drive
DEBUG:root:We got a drive command: rawX:87.202000 and rawY:5.168000
DEBUG:root:Forward to the Right
DEBUG:root:Left=-5.168000 Right=-82.034000
DEBUG:root:ScaledLeft: 363.372000 ScaledRight: 190.423500
INFO:root:Looping....
DEBUG:root:This is the line: drive:3.314:87.202

DEBUG:root:We got command: drive
DEBUG:root:We got a drive command: rawX:87.202000 and rawY:3.314000
DEBUG:root:Forward to the Right
DEBUG:root:Left=-3.314000 Right=-83.888000
DEBUG:root:ScaledLeft: 367.543500 ScaledRight: 186.252000
INFO:root:Looping....
DEBUG:root:This is the line: drive:1.046:87.202

DEBUG:root:We got command: drive
DEBUG:root:We got a drive command: rawX:87.202000 and rawY:1.046000
DEBUG:root:Forward to the Right
DEBUG:root:Left=-1.046000 Right=-86.156000
DEBUG:root:ScaledLeft: 372.646500 ScaledRight: 181.149000
INFO:root:Looping....
DEBUG:root:This is the line: drive:-1.043:87.202

DEBUG:root:We got command: drive
DEBUG:root:We got a drive command: rawX:87.202000 and rawY:-1.043000
DEBUG:root:Reverse to the Right
DEBUG:root:Left=1.043000 Right=-88.245000
DEBUG:root:ScaledLeft: 377.346750 ScaledRight: 176.448750
INFO:root:Looping....
DEBUG:root:This is the line: drive:-4.067:86.905

DEBUG:root:We got command: drive
DEBUG:root:We got a drive command: rawX:86.905000 and rawY:-4.067000
DEBUG:root:Reverse to the Right
DEBUG:root:Left=4.067000 Right=-90.972000
DEBUG:root:ScaledLeft: 384.150750 ScaledRight: 170.313000
INFO:root:Looping....
DEBUG:root:This is the line: drive:-7.0:86.905

DEBUG:root:We got command: drive
DEBUG:root:We got a drive command: rawX:86.905000 and rawY:-7.000000
DEBUG:root:Reverse to the Right
DEBUG:root:Left=7.000000 Right=-93.905000
DEBUG:root:ScaledLeft: 390.750000 ScaledRight: 163.713750
INFO:root:Looping....
DEBUG:root:This is the line: drive:-10.156:86.905

DEBUG:root:We got command: drive
DEBUG:root:We got a drive command: rawX:86.905000 and rawY:-10.156000
DEBUG:root:Reverse to the Right
DEBUG:root:Left=10.156000 Right=-97.061000
DEBUG:root:ScaledLeft: 397.851000 ScaledRight: 156.612750
INFO:root:Looping....
DEBUG:root:This is the line: drive:-12.397:86.905

DEBUG:root:We got command: drive
DEBUG:root:We got a drive command: rawX:86.905000 and rawY:-12.397000
DEBUG:root:Reverse to the Right
DEBUG:root:Left=12.397000 Right=-99.302000
DEBUG:root:ScaledLeft: 402.893250 ScaledRight: 151.570500
INFO:root:Looping....
DEBUG:root:This is the line: drive:-15.371:86.905

DEBUG:root:We got command: drive
DEBUG:root:We got a drive command: rawX:86.905000 and rawY:-15.371000
DEBUG:root:Reverse to the Right
DEBUG:root:Left=15.371000 Right=-102.276000
DEBUG:root:ScaledLeft: 409.584750 ScaledRight: 144.879000
INFO:root:Looping....
DEBUG:root:This is the line: drive:-19.628:86.905

DEBUG:root:We got command: drive
DEBUG:root:We got a drive command: rawX:86.905000 and rawY:-19.628000
DEBUG:root:Reverse to the Right
DEBUG:root:Left=19.628000 Right=-106.533000
DEBUG:root:ScaledLeft: 419.163000 ScaledRight: 135.300750
INFO:root:Looping....
DEBUG:root:This is the line: drive:-22.49:86.905

DEBUG:root:We got command: drive
DEBUG:root:We got a drive command: rawX:86.905000 and rawY:-22.490000
DEBUG:root:Reverse to the Right
DEBUG:root:Left=22.490000 Right=-109.395000
DEBUG:root:ScaledLeft: 425.602500 ScaledRight: 128.861250
INFO:root:Looping....
DEBUG:root:This is the line: drive:-26.03:86.905

DEBUG:root:We got command: drive
DEBUG:root:We got a drive command: rawX:86.905000 and rawY:-26.030000
DEBUG:root:Reverse to the Right
DEBUG:root:Left=26.030000 Right=-112.935000
DEBUG:root:ScaledLeft: 433.567500 ScaledRight: 120.896250
INFO:root:Looping....
DEBUG:root:This is the line: drive:-29.0:86.905

DEBUG:root:We got command: drive
DEBUG:root:We got a drive command: rawX:86.905000 and rawY:-29.000000
DEBUG:root:Reverse to the Right
DEBUG:root:Left=29.000000 Right=-115.905000
DEBUG:root:ScaledLeft: 440.250000 ScaledRight: 114.213750
INFO:root:Looping....
DEBUG:root:This is the line: drive:-34.012:87.202

DEBUG:root:We got command: drive
DEBUG:root:We got a drive command: rawX:87.202000 and rawY:-34.012000
DEBUG:root:Reverse to the Right
DEBUG:root:Left=34.012000 Right=-121.214000
DEBUG:root:ScaledLeft: 451.527000 ScaledRight: 102.268500
INFO:root:Looping....
DEBUG:root:This is the line: drive:-38.286:87.202

DEBUG:root:We got command: drive
DEBUG:root:We got a drive command: rawX:87.202000 and rawY:-38.286000
DEBUG:root:Reverse to the Right
DEBUG:root:Left=38.286000 Right=-125.488000
DEBUG:root:ScaledLeft: 461.143500 ScaledRight: 92.652000
INFO:root:Looping....
DEBUG:root:This is the line: drive:-42.243:86.905

DEBUG:root:We got command: drive
DEBUG:root:We got a drive command: rawX:86.905000 and rawY:-42.243000
DEBUG:root:Reverse to the Right
DEBUG:root:Left=42.243000 Right=-129.148000
DEBUG:root:ScaledLeft: 470.046750 ScaledRight: 84.417000
INFO:root:Looping....
DEBUG:root:This is the line: drive:-45.162:86.607

DEBUG:root:We got command: drive
DEBUG:root:We got a drive command: rawX:86.607000 and rawY:-45.162000
DEBUG:root:Reverse to the Right
DEBUG:root:Left=45.162000 Right=-131.769000
DEBUG:root:ScaledLeft: 476.614500 ScaledRight: 78.519750
INFO:root:Looping....
DEBUG:root:This is the line: drive:-46.973:86.012

DEBUG:root:We got command: drive
DEBUG:root:We got a drive command: rawX:86.012000 and rawY:-46.973000
DEBUG:root:Reverse to the Right
DEBUG:root:Left=46.973000 Right=-132.985000
DEBUG:root:ScaledLeft: 480.689250 ScaledRight: 75.783750
INFO:root:Looping....
DEBUG:root:This is the line: drive:-49.529:85.714

DEBUG:root:We got command: drive
DEBUG:root:We got a drive command: rawX:85.714000 and rawY:-49.529000
DEBUG:root:Reverse to the Right
DEBUG:root:Left=49.529000 Right=-135.243000
DEBUG:root:ScaledLeft: 486.440250 ScaledRight: 70.703250
INFO:root:Looping....
DEBUG:root:This is the line: drive:-51.386:85.714

DEBUG:root:We got command: drive
DEBUG:root:We got a drive command: rawX:85.714000 and rawY:-51.386000
DEBUG:root:Reverse to the Right
DEBUG:root:Left=51.386000 Right=-137.100000
DEBUG:root:ScaledLeft: 490.618500 ScaledRight: 66.525000
INFO:root:Looping....
DEBUG:root:This is the line: drive:-55.372:85.417

DEBUG:root:We got command: drive
DEBUG:root:We got a drive command: rawX:85.417000 and rawY:-55.372000
DEBUG:root:Reverse to the Right
DEBUG:root:Left=55.372000 Right=-140.789000
DEBUG:root:ScaledLeft: 499.587000 ScaledRight: 58.224750
INFO:root:Looping....
DEBUG:root:This is the line: drive:-58.429:85.119

DEBUG:root:We got command: drive
DEBUG:root:We got a drive command: rawX:85.119000 and rawY:-58.429000
DEBUG:root:Reverse to the Right
DEBUG:root:Left=58.429000 Right=-143.548000
DEBUG:root:ScaledLeft: 506.465250 ScaledRight: 52.017000
INFO:root:Looping....
DEBUG:root:This is the line: drive:-61.78:84.821

DEBUG:root:We got command: drive
DEBUG:root:We got a drive command: rawX:84.821000 and rawY:-61.780000
DEBUG:root:Reverse to the Right
DEBUG:root:Left=61.780000 Right=-146.601000
DEBUG:root:ScaledLeft: 514.005000 ScaledRight: 45.147750
INFO:root:Looping....
DEBUG:root:This is the line: drive:-64.255:84.226

DEBUG:root:We got command: drive
DEBUG:root:We got a drive command: rawX:84.226000 and rawY:-64.255000
DEBUG:root:Reverse to the Right
DEBUG:root:Left=64.255000 Right=-148.481000
DEBUG:root:ScaledLeft: 519.573750 ScaledRight: 40.917750
INFO:root:Looping....
DEBUG:root:This is the line: drive:-66.312:83.929

DEBUG:root:We got command: drive
DEBUG:root:We got a drive command: rawX:83.929000 and rawY:-66.312000
DEBUG:root:Reverse to the Right
DEBUG:root:Left=66.312000 Right=-150.241000
DEBUG:root:ScaledLeft: 524.202000 ScaledRight: 36.957750
INFO:root:Looping....
DEBUG:root:This is the line: drive:-68.437:83.631

DEBUG:root:We got command: drive
DEBUG:root:We got a drive command: rawX:83.631000 and rawY:-68.437000
DEBUG:root:Reverse to the Right
DEBUG:root:Left=68.437000 Right=-152.068000
DEBUG:root:ScaledLeft: 528.983250 ScaledRight: 32.847000
INFO:root:Looping....
DEBUG:root:This is the line: drive:-70.235:83.333

DEBUG:root:We got command: drive
DEBUG:root:We got a drive command: rawX:83.333000 and rawY:-70.235000
DEBUG:root:Reverse to the Right
DEBUG:root:Left=70.235000 Right=-153.568000
DEBUG:root:ScaledLeft: 533.028750 ScaledRight: 29.472000
INFO:root:Looping....
DEBUG:root:This is the line: drive:-71.143:82.887

DEBUG:root:We got command: drive
DEBUG:root:We got a drive command: rawX:82.887000 and rawY:-71.143000
DEBUG:root:Reverse to the Right
DEBUG:root:Left=71.143000 Right=-154.030000
DEBUG:root:ScaledLeft: 535.071750 ScaledRight: 28.432500
INFO:root:Looping....
DEBUG:root:This is the line: drive:-71.848:82.738

DEBUG:root:We got command: drive
DEBUG:root:We got a drive command: rawX:82.738000 and rawY:-71.848000
DEBUG:root:Reverse to the Right
DEBUG:root:Left=71.848000 Right=-154.586000
DEBUG:root:ScaledLeft: 536.658000 ScaledRight: 27.181500
INFO:root:Looping....
DEBUG:root:This is the line: drive:-72.714:82.738

DEBUG:root:We got command: drive
DEBUG:root:We got a drive command: rawX:82.738000 and rawY:-72.714000
DEBUG:root:Reverse to the Right
DEBUG:root:Left=72.714000 Right=-155.452000
DEBUG:root:ScaledLeft: 538.606500 ScaledRight: 25.233000
INFO:root:Looping....
DEBUG:root:This is the line: drive:-73.262:82.44

DEBUG:root:We got command: drive
DEBUG:root:We got a drive command: rawX:82.440000 and rawY:-73.262000
DEBUG:root:Reverse to the Right
DEBUG:root:Left=73.262000 Right=-155.702000
DEBUG:root:ScaledLeft: 539.839500 ScaledRight: 24.670500
INFO:root:Looping....
DEBUG:root:This is the line: drive:-74.566:82.44

DEBUG:root:We got command: drive
DEBUG:root:We got a drive command: rawX:82.440000 and rawY:-74.566000
DEBUG:root:Reverse to the Right
DEBUG:root:Left=74.566000 Right=-157.006000
DEBUG:root:ScaledLeft: 542.773500 ScaledRight: 21.736500
INFO:root:Looping....
DEBUG:root:This is the line: drive:-74.869:82.143

DEBUG:root:We got command: drive
DEBUG:root:We got a drive command: rawX:82.143000 and rawY:-74.869000
DEBUG:root:Reverse to the Right
DEBUG:root:Left=74.869000 Right=-157.012000
DEBUG:root:ScaledLeft: 543.455250 ScaledRight: 21.723000
INFO:root:Looping....
DEBUG:root:This is the line: drive:-75.857:81.845

DEBUG:root:We got command: drive
DEBUG:root:We got a drive command: rawX:81.845000 and rawY:-75.857000
DEBUG:root:Reverse to the Right
DEBUG:root:Left=75.857000 Right=-157.702000
DEBUG:root:ScaledLeft: 545.678250 ScaledRight: 20.170500
INFO:root:Looping....
DEBUG:root:This is the line: drive:-76.341:81.548

DEBUG:root:We got command: drive
DEBUG:root:We got a drive command: rawX:81.548000 and rawY:-76.341000
DEBUG:root:Reverse to the Right
DEBUG:root:Left=76.341000 Right=-157.889000
DEBUG:root:ScaledLeft: 546.767250 ScaledRight: 19.749750
INFO:root:Looping....
DEBUG:root:This is the line: drive:-77.0:81.548

DEBUG:root:We got command: drive
DEBUG:root:We got a drive command: rawX:81.548000 and rawY:-77.000000
DEBUG:root:Reverse to the Right
DEBUG:root:Left=77.000000 Right=-158.548000
DEBUG:root:ScaledLeft: 548.250000 ScaledRight: 18.267000
INFO:root:Looping....
DEBUG:root:This is the line: drive:-77.899:81.25

DEBUG:root:We got command: drive
DEBUG:root:We got a drive command: rawX:81.250000 and rawY:-77.899000
DEBUG:root:Reverse to the Right
DEBUG:root:Left=77.899000 Right=-159.149000
DEBUG:root:ScaledLeft: 550.272750 ScaledRight: 16.914750
INFO:root:Looping....
DEBUG:root:This is the line: drive:-78.857:81.152

DEBUG:root:We got command: drive
DEBUG:root:We got a drive command: rawX:81.152000 and rawY:-78.857000
DEBUG:root:Reverse to the Right
DEBUG:root:Left=78.857000 Right=-160.009000
DEBUG:root:ScaledLeft: 552.428250 ScaledRight: 14.979750
INFO:root:Looping....
DEBUG:root:This is the line: drive:-79.857:80.804

DEBUG:root:We got command: drive
DEBUG:root:We got a drive command: rawX:80.804000 and rawY:-79.857000
DEBUG:root:Reverse to the Right
DEBUG:root:Left=79.857000 Right=-160.661000
DEBUG:root:ScaledLeft: 554.678250 ScaledRight: 13.512750
INFO:root:Looping....
DEBUG:root:This is the line: drive:-80.421:81.25

DEBUG:root:We got command: drive
DEBUG:root:We got a drive command: rawX:81.250000 and rawY:-80.421000
DEBUG:root:Reverse to the Right
DEBUG:root:Left=80.421000 Right=-161.671000
DEBUG:root:ScaledLeft: 555.947250 ScaledRight: 11.240250
INFO:root:Looping....
DEBUG:root:This is the line: drive:-80.857:81.141

DEBUG:root:We got command: drive
DEBUG:root:We got a drive command: rawX:81.141000 and rawY:-80.857000
DEBUG:root:Reverse to the Right
DEBUG:root:Left=80.857000 Right=-161.998000
DEBUG:root:ScaledLeft: 556.928250 ScaledRight: 10.504500
INFO:root:Looping....
DEBUG:root:This is the line: drive:-81.286:80.952

DEBUG:root:We got command: drive
DEBUG:root:We got a drive command: rawX:80.952000 and rawY:-81.286000
DEBUG:root:Reverse to the Right
DEBUG:root:Left=81.286000 Right=-162.238000
DEBUG:root:ScaledLeft: 557.893500 ScaledRight: 9.964500
INFO:root:Looping....
DEBUG:root:This is the line: drive:-81.429:80.569

DEBUG:root:We got command: drive
DEBUG:root:We got a drive command: rawX:80.569000 and rawY:-81.429000
DEBUG:root:Reverse to the Right
DEBUG:root:Left=81.429000 Right=-161.998000
DEBUG:root:ScaledLeft: 558.215250 ScaledRight: 10.504500
INFO:root:Looping....
DEBUG:root:This is the line: drive:-81.429:80.569

DEBUG:root:We got command: drive
DEBUG:root:We got a drive command: rawX:80.569000 and rawY:-81.429000
DEBUG:root:Reverse to the Right
DEBUG:root:Left=81.429000 Right=-161.998000
DEBUG:root:ScaledLeft: 558.215250 ScaledRight: 10.504500
INFO:root:Looping....
DEBUG:root:This is the line: drive:-81.744:80.655

DEBUG:root:We got command: drive
DEBUG:root:We got a drive command: rawX:80.655000 and rawY:-81.744000
DEBUG:root:Reverse to the Right
DEBUG:root:Left=81.744000 Right=-162.399000
DEBUG:root:ScaledLeft: 558.924000 ScaledRight: 9.602250
INFO:root:Looping....
DEBUG:root:This is the line: drive:-82.0:80.208

DEBUG:root:We got command: drive
DEBUG:root:We got a drive command: rawX:80.208000 and rawY:-82.000000
DEBUG:root:Reverse to the Right
DEBUG:root:Left=82.000000 Right=-162.208000
DEBUG:root:ScaledLeft: 559.500000 ScaledRight: 10.032000
INFO:root:Looping....
DEBUG:root:This is the line: drive:-82.322:80.357

DEBUG:root:We got command: drive
DEBUG:root:We got a drive command: rawX:80.357000 and rawY:-82.322000
DEBUG:root:Reverse to the Right
DEBUG:root:Left=82.322000 Right=-162.679000
DEBUG:root:ScaledLeft: 560.224500 ScaledRight: 8.972250
INFO:root:Looping....
DEBUG:root:This is the line: drive:-82.597:80.357

DEBUG:root:We got command: drive
DEBUG:root:We got a drive command: rawX:80.357000 and rawY:-82.597000
DEBUG:root:Reverse to the Right
DEBUG:root:Left=82.597000 Right=-162.954000
DEBUG:root:ScaledLeft: 560.843250 ScaledRight: 8.353500
INFO:root:Looping....
DEBUG:root:This is the line: drive:-82.874:80.357

DEBUG:root:We got command: drive
DEBUG:root:We got a drive command: rawX:80.357000 and rawY:-82.874000
DEBUG:root:Reverse to the Right
DEBUG:root:Left=82.874000 Right=-163.231000
DEBUG:root:ScaledLeft: 561.466500 ScaledRight: 7.730250
INFO:root:Looping....
DEBUG:root:This is the line: drive:-82.874:80.357

DEBUG:root:We got command: drive
DEBUG:root:We got a drive command: rawX:80.357000 and rawY:-82.874000
DEBUG:root:Reverse to the Right
DEBUG:root:Left=82.874000 Right=-163.231000
DEBUG:root:ScaledLeft: 561.466500 ScaledRight: 7.730250
INFO:root:Looping....
DEBUG:root:This is the line: drive:-82.874:80.357

DEBUG:root:We got command: drive
DEBUG:root:We got a drive command: rawX:80.357000 and rawY:-82.874000
DEBUG:root:Reverse to the Right
DEBUG:root:Left=82.874000 Right=-163.231000
DEBUG:root:ScaledLeft: 561.466500 ScaledRight: 7.730250
INFO:root:Looping....
DEBUG:root:This is the line: drive:-82.874:80.357

DEBUG:root:We got command: drive
DEBUG:root:We got a drive command: rawX:80.357000 and rawY:-82.874000
DEBUG:root:Reverse to the Right
DEBUG:root:Left=82.874000 Right=-163.231000
DEBUG:root:ScaledLeft: 561.466500 ScaledRight: 7.730250
INFO:root:Looping....
DEBUG:root:This is the line: drive:-83.518:80.357

DEBUG:root:We got command: drive
DEBUG:root:We got a drive command: rawX:80.357000 and rawY:-83.518000
DEBUG:root:Reverse to the Right
DEBUG:root:Left=83.518000 Right=-163.875000
DEBUG:root:ScaledLeft: 562.915500 ScaledRight: 6.281250
INFO:root:Looping....
DEBUG:root:This is the line: drive:-83.801:80.357

DEBUG:root:We got command: drive
DEBUG:root:We got a drive command: rawX:80.357000 and rawY:-83.801000
DEBUG:root:Reverse to the Right
DEBUG:root:Left=83.801000 Right=-164.158000
DEBUG:root:ScaledLeft: 563.552250 ScaledRight: 5.644500
INFO:root:Looping....
DEBUG:root:This is the line: drive:-84.292:80.357

DEBUG:root:We got command: drive
DEBUG:root:We got a drive command: rawX:80.357000 and rawY:-84.292000
DEBUG:root:Reverse to the Right
DEBUG:root:Left=84.292000 Right=-164.649000
DEBUG:root:ScaledLeft: 564.657000 ScaledRight: 4.539750
INFO:root:Looping....
DEBUG:root:This is the line: drive:-84.286:79.911

DEBUG:root:We got command: drive
DEBUG:root:We got a drive command: rawX:79.911000 and rawY:-84.286000
DEBUG:root:Reverse to the Right
DEBUG:root:Left=84.286000 Right=-164.197000
DEBUG:root:ScaledLeft: 564.643500 ScaledRight: 5.556750
INFO:root:Looping....
DEBUG:root:This is the line: drive:-84.286:79.911

DEBUG:root:We got command: drive
DEBUG:root:We got a drive command: rawX:79.911000 and rawY:-84.286000
DEBUG:root:Reverse to the Right
DEBUG:root:Left=84.286000 Right=-164.197000
DEBUG:root:ScaledLeft: 564.643500 ScaledRight: 5.556750
INFO:root:Looping....
DEBUG:root:This is the line: drive:-84.286:79.911

DEBUG:root:We got command: drive
DEBUG:root:We got a drive command: rawX:79.911000 and rawY:-84.286000
DEBUG:root:Reverse to the Right
DEBUG:root:Left=84.286000 Right=-164.197000
DEBUG:root:ScaledLeft: 564.643500 ScaledRight: 5.556750
INFO:root:Looping....
DEBUG:root:This is the line: drive:-84.286:79.911

DEBUG:root:We got command: drive
DEBUG:root:We got a drive command: rawX:79.911000 and rawY:-84.286000
DEBUG:root:Reverse to the Right
DEBUG:root:Left=84.286000 Right=-164.197000
DEBUG:root:ScaledLeft: 564.643500 ScaledRight: 5.556750
INFO:root:Looping....
DEBUG:root:This is the line: drive:-84.286:79.911

DEBUG:root:We got command: drive
DEBUG:root:We got a drive command: rawX:79.911000 and rawY:-84.286000
DEBUG:root:Reverse to the Right
DEBUG:root:Left=84.286000 Right=-164.197000
DEBUG:root:ScaledLeft: 564.643500 ScaledRight: 5.556750
INFO:root:Looping....
DEBUG:root:This is the line: drive:-84.286:79.911

DEBUG:root:We got command: drive
DEBUG:root:We got a drive command: rawX:79.911000 and rawY:-84.286000
DEBUG:root:Reverse to the Right
DEBUG:root:Left=84.286000 Right=-164.197000
DEBUG:root:ScaledLeft: 564.643500 ScaledRight: 5.556750
INFO:root:Looping....
DEBUG:root:This is the line: drive:-84.286:79.911

DEBUG:root:We got command: drive
DEBUG:root:We got a drive command: rawX:79.911000 and rawY:-84.286000
DEBUG:root:Reverse to the Right
DEBUG:root:Left=84.286000 Right=-164.197000
DEBUG:root:ScaledLeft: 564.643500 ScaledRight: 5.556750
INFO:root:Looping....
DEBUG:root:This is the line: drive:-84.286:79.911

DEBUG:root:We got command: drive
DEBUG:root:We got a drive command: rawX:79.911000 and rawY:-84.286000
DEBUG:root:Reverse to the Right
DEBUG:root:Left=84.286000 Right=-164.197000
DEBUG:root:ScaledLeft: 564.643500 ScaledRight: 5.556750
INFO:root:Looping....
DEBUG:root:This is the line: drive:-84.286:79.756

DEBUG:root:We got command: drive
DEBUG:root:We got a drive command: rawX:79.756000 and rawY:-84.286000
DEBUG:root:Reverse to the Right
DEBUG:root:Left=84.286000 Right=-164.042000
DEBUG:root:ScaledLeft: 564.643500 ScaledRight: 5.905500
INFO:root:Looping....
DEBUG:root:This is the line: drive:-84.286:79.756

DEBUG:root:We got command: drive
DEBUG:root:We got a drive command: rawX:79.756000 and rawY:-84.286000
DEBUG:root:Reverse to the Right
DEBUG:root:Left=84.286000 Right=-164.042000
DEBUG:root:ScaledLeft: 564.643500 ScaledRight: 5.905500
INFO:root:Looping....
DEBUG:root:This is the line: drive:-84.286:79.756

DEBUG:root:We got command: drive
DEBUG:root:We got a drive command: rawX:79.756000 and rawY:-84.286000
DEBUG:root:Reverse to the Right
DEBUG:root:Left=84.286000 Right=-164.042000
DEBUG:root:ScaledLeft: 564.643500 ScaledRight: 5.905500
INFO:root:Looping....
DEBUG:root:This is the line: drive:-84.286:79.756

DEBUG:root:We got command: drive
DEBUG:root:We got a drive command: rawX:79.756000 and rawY:-84.286000
DEBUG:root:Reverse to the Right
DEBUG:root:Left=84.286000 Right=-164.042000
DEBUG:root:ScaledLeft: 564.643500 ScaledRight: 5.905500
INFO:root:Looping....
DEBUG:root:This is the line: drive:-84.286:79.756

DEBUG:root:We got command: drive
DEBUG:root:We got a drive command: rawX:79.756000 and rawY:-84.286000
DEBUG:root:Reverse to the Right
DEBUG:root:Left=84.286000 Right=-164.042000
DEBUG:root:ScaledLeft: 564.643500 ScaledRight: 5.905500
INFO:root:Looping....
DEBUG:root:This is the line: drive:-84.286:79.756

DEBUG:root:We got command: drive
DEBUG:root:We got a drive command: rawX:79.756000 and rawY:-84.286000
DEBUG:root:Reverse to the Right
DEBUG:root:Left=84.286000 Right=-164.042000
DEBUG:root:ScaledLeft: 564.643500 ScaledRight: 5.905500
INFO:root:Looping....
DEBUG:root:This is the line: drive:-84.286:79.756

DEBUG:root:We got command: drive
DEBUG:root:We got a drive command: rawX:79.756000 and rawY:-84.286000
DEBUG:root:Reverse to the Right
DEBUG:root:Left=84.286000 Right=-164.042000
DEBUG:root:ScaledLeft: 564.643500 ScaledRight: 5.905500
INFO:root:Looping....
DEBUG:root:This is the line: drive:-84.286:79.756

DEBUG:root:We got command: drive
DEBUG:root:We got a drive command: rawX:79.756000 and rawY:-84.286000
DEBUG:root:Reverse to the Right
DEBUG:root:Left=84.286000 Right=-164.042000
DEBUG:root:ScaledLeft: 564.643500 ScaledRight: 5.905500
INFO:root:Looping....
DEBUG:root:This is the line: drive:-84.286:79.756

DEBUG:root:We got command: drive
DEBUG:root:We got a drive command: rawX:79.756000 and rawY:-84.286000
DEBUG:root:Reverse to the Right
DEBUG:root:Left=84.286000 Right=-164.042000
DEBUG:root:ScaledLeft: 564.643500 ScaledRight: 5.905500
INFO:root:Looping....
DEBUG:root:This is the line: drive:-84.286:79.756

DEBUG:root:We got command: drive
DEBUG:root:We got a drive command: rawX:79.756000 and rawY:-84.286000
DEBUG:root:Reverse to the Right
DEBUG:root:Left=84.286000 Right=-164.042000
DEBUG:root:ScaledLeft: 564.643500 ScaledRight: 5.905500
INFO:root:Looping....
DEBUG:root:This is the line: drive:-84.286:79.756

DEBUG:root:We got command: drive
DEBUG:root:We got a drive command: rawX:79.756000 and rawY:-84.286000
DEBUG:root:Reverse to the Right
DEBUG:root:Left=84.286000 Right=-164.042000
DEBUG:root:ScaledLeft: 564.643500 ScaledRight: 5.905500
INFO:root:Looping....
DEBUG:root:This is the line: drive:-84.286:79.756

DEBUG:root:We got command: drive
DEBUG:root:We got a drive command: rawX:79.756000 and rawY:-84.286000
DEBUG:root:Reverse to the Right
DEBUG:root:Left=84.286000 Right=-164.042000
DEBUG:root:ScaledLeft: 564.643500 ScaledRight: 5.905500
INFO:root:Looping....
DEBUG:root:This is the line: drive:-84.286:79.756

DEBUG:root:We got command: drive
DEBUG:root:We got a drive command: rawX:79.756000 and rawY:-84.286000
DEBUG:root:Reverse to the Right
DEBUG:root:Left=84.286000 Right=-164.042000
DEBUG:root:ScaledLeft: 564.643500 ScaledRight: 5.905500
INFO:root:Looping....
DEBUG:root:This is the line: drive:-84.286:79.756

DEBUG:root:We got command: drive
DEBUG:root:We got a drive command: rawX:79.756000 and rawY:-84.286000
DEBUG:root:Reverse to the Right
DEBUG:root:Left=84.286000 Right=-164.042000
DEBUG:root:ScaledLeft: 564.643500 ScaledRight: 5.905500
INFO:root:Looping....
DEBUG:root:This is the line: drive:-84.286:79.756

DEBUG:root:We got command: drive
DEBUG:root:We got a drive command: rawX:79.756000 and rawY:-84.286000
DEBUG:root:Reverse to the Right
DEBUG:root:Left=84.286000 Right=-164.042000
DEBUG:root:ScaledLeft: 564.643500 ScaledRight: 5.905500
INFO:root:Looping....
DEBUG:root:This is the line: drive:-84.286:79.756

DEBUG:root:We got command: drive
DEBUG:root:We got a drive command: rawX:79.756000 and rawY:-84.286000
DEBUG:root:Reverse to the Right
DEBUG:root:Left=84.286000 Right=-164.042000
DEBUG:root:ScaledLeft: 564.643500 ScaledRight: 5.905500
INFO:root:Looping....
DEBUG:root:This is the line: drive:-84.286:79.756

DEBUG:root:We got command: drive
DEBUG:root:We got a drive command: rawX:79.756000 and rawY:-84.286000
DEBUG:root:Reverse to the Right
DEBUG:root:Left=84.286000 Right=-164.042000
DEBUG:root:ScaledLeft: 564.643500 ScaledRight: 5.905500
INFO:root:Looping....
DEBUG:root:This is the line: drive:-84.286:79.756

DEBUG:root:We got command: drive
DEBUG:root:We got a drive command: rawX:79.756000 and rawY:-84.286000
DEBUG:root:Reverse to the Right
DEBUG:root:Left=84.286000 Right=-164.042000
DEBUG:root:ScaledLeft: 564.643500 ScaledRight: 5.905500
INFO:root:Looping....
DEBUG:root:This is the line: drive:-84.286:79.756

DEBUG:root:We got command: drive
DEBUG:root:We got a drive command: rawX:79.756000 and rawY:-84.286000
DEBUG:root:Reverse to the Right
DEBUG:root:Left=84.286000 Right=-164.042000
DEBUG:root:ScaledLeft: 564.643500 ScaledRight: 5.905500
INFO:root:Looping....
DEBUG:root:This is the line: drive:-84.286:79.756

DEBUG:root:We got command: drive
DEBUG:root:We got a drive command: rawX:79.756000 and rawY:-84.286000
DEBUG:root:Reverse to the Right
DEBUG:root:Left=84.286000 Right=-164.042000
DEBUG:root:ScaledLeft: 564.643500 ScaledRight: 5.905500
INFO:root:Looping....
DEBUG:root:This is the line: drive:-84.286:79.756

DEBUG:root:We got command: drive
DEBUG:root:We got a drive command: rawX:79.756000 and rawY:-84.286000
DEBUG:root:Reverse to the Right
DEBUG:root:Left=84.286000 Right=-164.042000
DEBUG:root:ScaledLeft: 564.643500 ScaledRight: 5.905500
INFO:root:Looping....
DEBUG:root:This is the line: drive:-84.286:79.756

DEBUG:root:We got command: drive
DEBUG:root:We got a drive command: rawX:79.756000 and rawY:-84.286000
DEBUG:root:Reverse to the Right
DEBUG:root:Left=84.286000 Right=-164.042000
DEBUG:root:ScaledLeft: 564.643500 ScaledRight: 5.905500
INFO:root:Looping....
DEBUG:root:This is the line: drive:-84.286:79.756

DEBUG:root:We got command: drive
DEBUG:root:We got a drive command: rawX:79.756000 and rawY:-84.286000
DEBUG:root:Reverse to the Right
DEBUG:root:Left=84.286000 Right=-164.042000
DEBUG:root:ScaledLeft: 564.643500 ScaledRight: 5.905500
INFO:root:Looping....
DEBUG:root:This is the line: drive:-84.286:79.756

DEBUG:root:We got command: drive
DEBUG:root:We got a drive command: rawX:79.756000 and rawY:-84.286000
DEBUG:root:Reverse to the Right
DEBUG:root:Left=84.286000 Right=-164.042000
DEBUG:root:ScaledLeft: 564.643500 ScaledRight: 5.905500
INFO:root:Looping....
DEBUG:root:This is the line: drive:-84.286:79.756

DEBUG:root:We got command: drive
DEBUG:root:We got a drive command: rawX:79.756000 and rawY:-84.286000
DEBUG:root:Reverse to the Right
DEBUG:root:Left=84.286000 Right=-164.042000
DEBUG:root:ScaledLeft: 564.643500 ScaledRight: 5.905500
INFO:root:Looping....
DEBUG:root:This is the line: drive:-84.286:79.756

DEBUG:root:We got command: drive
DEBUG:root:We got a drive command: rawX:79.756000 and rawY:-84.286000
DEBUG:root:Reverse to the Right
DEBUG:root:Left=84.286000 Right=-164.042000
DEBUG:root:ScaledLeft: 564.643500 ScaledRight: 5.905500
INFO:root:Looping....
DEBUG:root:This is the line: drive:-84.286:79.756

DEBUG:root:We got command: drive
DEBUG:root:We got a drive command: rawX:79.756000 and rawY:-84.286000
DEBUG:root:Reverse to the Right
DEBUG:root:Left=84.286000 Right=-164.042000
DEBUG:root:ScaledLeft: 564.643500 ScaledRight: 5.905500
INFO:root:Looping....
DEBUG:root:This is the line: drive:-82.797:79.464

DEBUG:root:We got command: drive
DEBUG:root:We got a drive command: rawX:79.464000 and rawY:-82.797000
DEBUG:root:Reverse to the Right
DEBUG:root:Left=82.797000 Right=-162.261000
DEBUG:root:ScaledLeft: 561.293250 ScaledRight: 9.912750
INFO:root:Looping....
DEBUG:root:This is the line: drive:-80.9:79.167

DEBUG:root:We got command: drive
DEBUG:root:We got a drive command: rawX:79.167000 and rawY:-80.900000
DEBUG:root:Reverse to the Right
DEBUG:root:Left=80.900000 Right=-160.067000
DEBUG:root:ScaledLeft: 557.025000 ScaledRight: 14.849250
INFO:root:Looping....
DEBUG:root:This is the line: drive:-78.723:79.167

DEBUG:root:We got command: drive
DEBUG:root:We got a drive command: rawX:79.167000 and rawY:-78.723000
DEBUG:root:Reverse to the Right
DEBUG:root:Left=78.723000 Right=-157.890000
DEBUG:root:ScaledLeft: 552.126750 ScaledRight: 19.747500
INFO:root:Looping....
DEBUG:root:This is the line: drive:-76.961:79.167

DEBUG:root:We got command: drive
DEBUG:root:We got a drive command: rawX:79.167000 and rawY:-76.961000
DEBUG:root:Reverse to the Right
DEBUG:root:Left=76.961000 Right=-156.128000
DEBUG:root:ScaledLeft: 548.162250 ScaledRight: 23.712000
INFO:root:Looping....
DEBUG:root:This is the line: drive:-72.903:78.869

DEBUG:root:We got command: drive
DEBUG:root:We got a drive command: rawX:78.869000 and rawY:-72.903000
DEBUG:root:Reverse to the Right
DEBUG:root:Left=72.903000 Right=-151.772000
DEBUG:root:ScaledLeft: 539.031750 ScaledRight: 33.513000
INFO:root:Looping....
DEBUG:root:This is the line: drive:-69.262:78.869

DEBUG:root:We got command: drive
DEBUG:root:We got a drive command: rawX:78.869000 and rawY:-69.262000
DEBUG:root:Reverse to the Right
DEBUG:root:Left=69.262000 Right=-148.131000
DEBUG:root:ScaledLeft: 530.839500 ScaledRight: 41.705250
INFO:root:Looping....
DEBUG:root:This is the line: drive:-64.744:77.976

DEBUG:root:We got command: drive
DEBUG:root:We got a drive command: rawX:77.976000 and rawY:-64.744000
DEBUG:root:Reverse to the Right
DEBUG:root:Left=64.744000 Right=-142.720000
DEBUG:root:ScaledLeft: 520.674000 ScaledRight: 53.880000
INFO:root:Looping....
DEBUG:root:This is the line: drive:-60.286:77.53

DEBUG:root:We got command: drive
DEBUG:root:We got a drive command: rawX:77.530000 and rawY:-60.286000
DEBUG:root:Reverse to the Right
DEBUG:root:Left=60.286000 Right=-137.816000
DEBUG:root:ScaledLeft: 510.643500 ScaledRight: 64.914000
INFO:root:Looping....
DEBUG:root:This is the line: drive:-55.859:77.159

DEBUG:root:We got command: drive
DEBUG:root:We got a drive command: rawX:77.159000 and rawY:-55.859000
DEBUG:root:Reverse to the Right
DEBUG:root:Left=55.859000 Right=-133.018000
DEBUG:root:ScaledLeft: 500.682750 ScaledRight: 75.709500
INFO:root:Looping....
DEBUG:root:This is the line: drive:-50.743:77.083

DEBUG:root:We got command: drive
DEBUG:root:We got a drive command: rawX:77.083000 and rawY:-50.743000
DEBUG:root:Reverse to the Right
DEBUG:root:Left=50.743000 Right=-127.826000
DEBUG:root:ScaledLeft: 489.171750 ScaledRight: 87.391500
INFO:root:Looping....
DEBUG:root:This is the line: drive:-46.746:77.083

DEBUG:root:We got command: drive
DEBUG:root:We got a drive command: rawX:77.083000 and rawY:-46.746000
DEBUG:root:Reverse to the Right
DEBUG:root:Left=46.746000 Right=-123.829000
DEBUG:root:ScaledLeft: 480.178500 ScaledRight: 96.384750
INFO:root:Looping....
DEBUG:root:This is the line: drive:-42.325:77.083

DEBUG:root:We got command: drive
DEBUG:root:We got a drive command: rawX:77.083000 and rawY:-42.325000
DEBUG:root:Reverse to the Right
DEBUG:root:Left=42.325000 Right=-119.408000
DEBUG:root:ScaledLeft: 470.231250 ScaledRight: 106.332000
INFO:root:Looping....
DEBUG:root:This is the line: drive:-39.939:77.083

DEBUG:root:We got command: drive
DEBUG:root:We got a drive command: rawX:77.083000 and rawY:-39.939000
DEBUG:root:Reverse to the Right
DEBUG:root:Left=39.939000 Right=-117.022000
DEBUG:root:ScaledLeft: 464.862750 ScaledRight: 111.700500
INFO:root:Looping....
DEBUG:root:This is the line: drive:-37.475:77.083

DEBUG:root:We got command: drive
DEBUG:root:We got a drive command: rawX:77.083000 and rawY:-37.475000
DEBUG:root:Reverse to the Right
DEBUG:root:Left=37.475000 Right=-114.558000
DEBUG:root:ScaledLeft: 459.318750 ScaledRight: 117.244500
INFO:root:Looping....
DEBUG:root:This is the line: drive:-34.714:77.083

DEBUG:root:We got command: drive
DEBUG:root:We got a drive command: rawX:77.083000 and rawY:-34.714000
DEBUG:root:Reverse to the Right
DEBUG:root:Left=34.714000 Right=-111.797000
DEBUG:root:ScaledLeft: 453.106500 ScaledRight: 123.456750
INFO:root:Looping....
DEBUG:root:This is the line: drive:-31.062:77.083

DEBUG:root:We got command: drive
DEBUG:root:We got a drive command: rawX:77.083000 and rawY:-31.062000
DEBUG:root:Reverse to the Right
DEBUG:root:Left=31.062000 Right=-108.145000
DEBUG:root:ScaledLeft: 444.889500 ScaledRight: 131.673750
INFO:root:Looping....
DEBUG:root:This is the line: drive:-27.098:77.083

DEBUG:root:We got command: drive
DEBUG:root:We got a drive command: rawX:77.083000 and rawY:-27.098000
DEBUG:root:Reverse to the Right
DEBUG:root:Left=27.098000 Right=-104.181000
DEBUG:root:ScaledLeft: 435.970500 ScaledRight: 140.592750
INFO:root:Looping....
DEBUG:root:This is the line: drive:-24.173:77.083

DEBUG:root:We got command: drive
DEBUG:root:We got a drive command: rawX:77.083000 and rawY:-24.173000
DEBUG:root:Reverse to the Right
DEBUG:root:Left=24.173000 Right=-101.256000
DEBUG:root:ScaledLeft: 429.389250 ScaledRight: 147.174000
INFO:root:Looping....
DEBUG:root:This is the line: drive:-21.272:77.083

DEBUG:root:We got command: drive
DEBUG:root:We got a drive command: rawX:77.083000 and rawY:-21.272000
DEBUG:root:Reverse to the Right
DEBUG:root:Left=21.272000 Right=-98.355000
DEBUG:root:ScaledLeft: 422.862000 ScaledRight: 153.701250
INFO:root:Looping....
DEBUG:root:This is the line: drive:-19.479:77.083

DEBUG:root:We got command: drive
DEBUG:root:We got a drive command: rawX:77.083000 and rawY:-19.479000
DEBUG:root:Reverse to the Right
DEBUG:root:Left=19.479000 Right=-96.562000
DEBUG:root:ScaledLeft: 418.827750 ScaledRight: 157.735500
INFO:root:Looping....
DEBUG:root:This is the line: drive:-17.304:77.083

DEBUG:root:We got command: drive
DEBUG:root:We got a drive command: rawX:77.083000 and rawY:-17.304000
DEBUG:root:Reverse to the Right
DEBUG:root:Left=17.304000 Right=-94.387000
DEBUG:root:ScaledLeft: 413.934000 ScaledRight: 162.629250
INFO:root:Looping....
DEBUG:root:This is the line: drive:-15.465:77.083

DEBUG:root:We got command: drive
DEBUG:root:We got a drive command: rawX:77.083000 and rawY:-15.465000
DEBUG:root:Reverse to the Right
DEBUG:root:Left=15.465000 Right=-92.548000
DEBUG:root:ScaledLeft: 409.796250 ScaledRight: 166.767000
INFO:root:Looping....
DEBUG:root:This is the line: drive:-13.31:77.083

DEBUG:root:We got command: drive
DEBUG:root:We got a drive command: rawX:77.083000 and rawY:-13.310000
DEBUG:root:Reverse to the Right
DEBUG:root:Left=13.310000 Right=-90.393000
DEBUG:root:ScaledLeft: 404.947500 ScaledRight: 171.615750
INFO:root:Looping....
DEBUG:root:This is the line: drive:-10.054:77.083

DEBUG:root:We got command: drive
DEBUG:root:We got a drive command: rawX:77.083000 and rawY:-10.054000
DEBUG:root:Reverse to the Right
DEBUG:root:Left=10.054000 Right=-87.137000
DEBUG:root:ScaledLeft: 397.621500 ScaledRight: 178.941750
INFO:root:Looping....
DEBUG:root:This is the line: drive:-6.514:77.083

DEBUG:root:We got command: drive
DEBUG:root:We got a drive command: rawX:77.083000 and rawY:-6.514000
DEBUG:root:Reverse to the Right
DEBUG:root:Left=6.514000 Right=-83.597000
DEBUG:root:ScaledLeft: 389.656500 ScaledRight: 186.906750
INFO:root:Looping....
DEBUG:root:This is the line: drive:-4.085:77.083

DEBUG:root:We got command: drive
DEBUG:root:We got a drive command: rawX:77.083000 and rawY:-4.085000
DEBUG:root:Reverse to the Right
DEBUG:root:Left=4.085000 Right=-81.168000
DEBUG:root:ScaledLeft: 384.191250 ScaledRight: 192.372000
INFO:root:Looping....
DEBUG:root:This is the line: drive:-2.26:78.3

DEBUG:root:We got command: drive
DEBUG:root:We got a drive command: rawX:78.300000 and rawY:-2.260000
DEBUG:root:Reverse to the Right
DEBUG:root:Left=2.260000 Right=-80.560000
DEBUG:root:ScaledLeft: 380.085000 ScaledRight: 193.740000
INFO:root:Looping....
DEBUG:root:This is the line: drive:-0.084:80.567

DEBUG:root:We got command: drive
DEBUG:root:We got a drive command: rawX:80.567000 and rawY:-0.084000
DEBUG:root:Reverse to the Right
DEBUG:root:Left=0.084000 Right=-80.651000
DEBUG:root:ScaledLeft: 375.189000 ScaledRight: 193.535250
INFO:root:Looping....
DEBUG:root:This is the line: drive:1.701:82.129

DEBUG:root:We got command: drive
DEBUG:root:We got a drive command: rawX:82.129000 and rawY:1.701000
DEBUG:root:Forward to the Right
DEBUG:root:Left=-1.701000 Right=-80.428000
DEBUG:root:ScaledLeft: 371.172750 ScaledRight: 194.037000
INFO:root:Looping....
DEBUG:root:This is the line: drive:3.865:82.738

DEBUG:root:We got command: drive
DEBUG:root:We got a drive command: rawX:82.738000 and rawY:3.865000
DEBUG:root:Forward to the Right
DEBUG:root:Left=-3.865000 Right=-78.873000
DEBUG:root:ScaledLeft: 366.303750 ScaledRight: 197.535750
INFO:root:Looping....
DEBUG:root:This is the line: drive:6.045:82.738

DEBUG:root:We got command: drive
DEBUG:root:We got a drive command: rawX:82.738000 and rawY:6.045000
DEBUG:root:Forward to the Right
DEBUG:root:Left=-6.045000 Right=-76.693000
DEBUG:root:ScaledLeft: 361.398750 ScaledRight: 202.440750
INFO:root:Looping....
DEBUG:root:This is the line: drive:7.832:83.036

DEBUG:root:We got command: drive
DEBUG:root:We got a drive command: rawX:83.036000 and rawY:7.832000
DEBUG:root:Forward to the Right
DEBUG:root:Left=-7.832000 Right=-75.204000
DEBUG:root:ScaledLeft: 357.378000 ScaledRight: 205.791000
INFO:root:Looping....
DEBUG:root:This is the line: drive:10.025:83.333

DEBUG:root:We got command: drive
DEBUG:root:We got a drive command: rawX:83.333000 and rawY:10.025000
DEBUG:root:Forward to the Right
DEBUG:root:Left=-10.025000 Right=-73.308000
DEBUG:root:ScaledLeft: 352.443750 ScaledRight: 210.057000
INFO:root:Looping....
DEBUG:root:This is the line: drive:11.826:83.929

DEBUG:root:We got command: drive
DEBUG:root:We got a drive command: rawX:83.929000 and rawY:11.826000
DEBUG:root:Forward to the Right
DEBUG:root:Left=-11.826000 Right=-72.103000
DEBUG:root:ScaledLeft: 348.391500 ScaledRight: 212.768250
INFO:root:Looping....
DEBUG:root:This is the line: drive:13.946:84.524

DEBUG:root:We got command: drive
DEBUG:root:We got a drive command: rawX:84.524000 and rawY:13.946000
DEBUG:root:Forward to the Right
DEBUG:root:Left=-13.946000 Right=-70.578000
DEBUG:root:ScaledLeft: 343.621500 ScaledRight: 216.199500
INFO:root:Looping....
DEBUG:root:This is the line: drive:15.857:84.821

DEBUG:root:We got command: drive
DEBUG:root:We got a drive command: rawX:84.821000 and rawY:15.857000
DEBUG:root:Forward to the Right
DEBUG:root:Left=-15.857000 Right=-68.964000
DEBUG:root:ScaledLeft: 339.321750 ScaledRight: 219.831000
INFO:root:Looping....
DEBUG:root:This is the line: drive:16.947:84.524

DEBUG:root:We got command: drive
DEBUG:root:We got a drive command: rawX:84.524000 and rawY:16.947000
DEBUG:root:Forward to the Right
DEBUG:root:Left=-16.947000 Right=-67.577000
DEBUG:root:ScaledLeft: 336.869250 ScaledRight: 222.951750
INFO:root:Looping....
DEBUG:root:This is the line: drive:18.37:84.524

DEBUG:root:We got command: drive
DEBUG:root:We got a drive command: rawX:84.524000 and rawY:18.370000
DEBUG:root:Forward to the Right
DEBUG:root:Left=-18.370000 Right=-66.154000
DEBUG:root:ScaledLeft: 333.667500 ScaledRight: 226.153500
INFO:root:Looping....
DEBUG:root:This is the line: drive:18.598:84.524

DEBUG:root:We got command: drive
DEBUG:root:We got a drive command: rawX:84.524000 and rawY:18.598000
DEBUG:root:Forward to the Right
DEBUG:root:Left=-18.598000 Right=-65.926000
DEBUG:root:ScaledLeft: 333.154500 ScaledRight: 226.666500
INFO:root:Looping....
DEBUG:root:This is the line: drive:19.571:84.524

DEBUG:root:We got command: drive
DEBUG:root:We got a drive command: rawX:84.524000 and rawY:19.571000
DEBUG:root:Forward to the Right
DEBUG:root:Left=-19.571000 Right=-64.953000
DEBUG:root:ScaledLeft: 330.965250 ScaledRight: 228.855750
INFO:root:Looping....
DEBUG:root:This is the line: drive:20.352:84.524

DEBUG:root:We got command: drive
DEBUG:root:We got a drive command: rawX:84.524000 and rawY:20.352000
DEBUG:root:Forward to the Right
DEBUG:root:Left=-20.352000 Right=-64.172000
DEBUG:root:ScaledLeft: 329.208000 ScaledRight: 230.613000
INFO:root:Looping....
DEBUG:root:This is the line: drive:20.857:84.272

DEBUG:root:We got command: drive
DEBUG:root:We got a drive command: rawX:84.272000 and rawY:20.857000
DEBUG:root:Forward to the Right
DEBUG:root:Left=-20.857000 Right=-63.415000
DEBUG:root:ScaledLeft: 328.071750 ScaledRight: 232.316250
INFO:root:Looping....
DEBUG:root:This is the line: drive:21.732:84.226

DEBUG:root:We got command: drive
DEBUG:root:We got a drive command: rawX:84.226000 and rawY:21.732000
DEBUG:root:Forward to the Right
DEBUG:root:Left=-21.732000 Right=-62.494000
DEBUG:root:ScaledLeft: 326.103000 ScaledRight: 234.388500
INFO:root:Looping....
DEBUG:root:This is the line: drive:21.714:83.607

DEBUG:root:We got command: drive
DEBUG:root:We got a drive command: rawX:83.607000 and rawY:21.714000
DEBUG:root:Forward to the Right
DEBUG:root:Left=-21.714000 Right=-61.893000
DEBUG:root:ScaledLeft: 326.143500 ScaledRight: 235.740750
INFO:root:Looping....
DEBUG:root:This is the line: drive:22.608:82.998

DEBUG:root:We got command: drive
DEBUG:root:We got a drive command: rawX:82.998000 and rawY:22.608000
DEBUG:root:Forward to the Right
DEBUG:root:Left=-22.608000 Right=-60.390000
DEBUG:root:ScaledLeft: 324.132000 ScaledRight: 239.122500
INFO:root:Looping....
DEBUG:root:This is the line: drive:23.286:83.036

DEBUG:root:We got command: drive
DEBUG:root:We got a drive command: rawX:83.036000 and rawY:23.286000
DEBUG:root:Forward to the Right
DEBUG:root:Left=-23.286000 Right=-59.750000
DEBUG:root:ScaledLeft: 322.606500 ScaledRight: 240.562500
INFO:root:Looping....
DEBUG:root:This is the line: drive:23.765:82.738

DEBUG:root:We got command: drive
DEBUG:root:We got a drive command: rawX:82.738000 and rawY:23.765000
DEBUG:root:Forward to the Right
DEBUG:root:Left=-23.765000 Right=-58.973000
DEBUG:root:ScaledLeft: 321.528750 ScaledRight: 242.310750
INFO:root:Looping....
DEBUG:root:This is the line: drive:24.922:82.738

DEBUG:root:We got command: drive
DEBUG:root:We got a drive command: rawX:82.738000 and rawY:24.922000
DEBUG:root:Forward to the Right
DEBUG:root:Left=-24.922000 Right=-57.816000
DEBUG:root:ScaledLeft: 318.925500 ScaledRight: 244.914000
INFO:root:Looping....
DEBUG:root:This is the line: drive:25.571:83.036

DEBUG:root:We got command: drive
DEBUG:root:We got a drive command: rawX:83.036000 and rawY:25.571000
DEBUG:root:Forward to the Right
DEBUG:root:Left=-25.571000 Right=-57.465000
DEBUG:root:ScaledLeft: 317.465250 ScaledRight: 245.703750
INFO:root:Looping....
DEBUG:root:This is the line: drive:26.316:83.036

DEBUG:root:We got command: drive
DEBUG:root:We got a drive command: rawX:83.036000 and rawY:26.316000
DEBUG:root:Forward to the Right
DEBUG:root:Left=-26.316000 Right=-56.720000
DEBUG:root:ScaledLeft: 315.789000 ScaledRight: 247.380000
INFO:root:Looping....
DEBUG:root:This is the line: drive:26.976:83.333

DEBUG:root:We got command: drive
DEBUG:root:We got a drive command: rawX:83.333000 and rawY:26.976000
DEBUG:root:Forward to the Right
DEBUG:root:Left=-26.976000 Right=-56.357000
DEBUG:root:ScaledLeft: 314.304000 ScaledRight: 248.196750
INFO:root:Looping....
DEBUG:root:This is the line: drive:27.517:83.333

DEBUG:root:We got command: drive
DEBUG:root:We got a drive command: rawX:83.333000 and rawY:27.517000
DEBUG:root:Forward to the Right
DEBUG:root:Left=-27.517000 Right=-55.816000
DEBUG:root:ScaledLeft: 313.086750 ScaledRight: 249.414000
INFO:root:Looping....
DEBUG:root:This is the line: drive:28.0:83.525

DEBUG:root:We got command: drive
DEBUG:root:We got a drive command: rawX:83.525000 and rawY:28.000000
DEBUG:root:Forward to the Right
DEBUG:root:Left=-28.000000 Right=-55.525000
DEBUG:root:ScaledLeft: 312.000000 ScaledRight: 250.068750
INFO:root:Looping....
DEBUG:root:This is the line: drive:28.429:83.631

DEBUG:root:We got command: drive
DEBUG:root:We got a drive command: rawX:83.631000 and rawY:28.429000
DEBUG:root:Forward to the Right
DEBUG:root:Left=-28.429000 Right=-55.202000
DEBUG:root:ScaledLeft: 311.034750 ScaledRight: 250.795500
INFO:root:Looping....
DEBUG:root:This is the line: drive:28.862:83.333

DEBUG:root:We got command: drive
DEBUG:root:We got a drive command: rawX:83.333000 and rawY:28.862000
DEBUG:root:Forward to the Right
DEBUG:root:Left=-28.862000 Right=-54.471000
DEBUG:root:ScaledLeft: 310.060500 ScaledRight: 252.440250
INFO:root:Looping....
DEBUG:root:This is the line: drive:29.717:83.333

DEBUG:root:We got command: drive
DEBUG:root:We got a drive command: rawX:83.333000 and rawY:29.717000
DEBUG:root:Forward to the Right
DEBUG:root:Left=-29.717000 Right=-53.616000
DEBUG:root:ScaledLeft: 308.136750 ScaledRight: 254.364000
INFO:root:Looping....
DEBUG:root:This is the line: drive:30.01:83.333

DEBUG:root:We got command: drive
DEBUG:root:We got a drive command: rawX:83.333000 and rawY:30.010000
DEBUG:root:Forward to the Right
DEBUG:root:Left=-30.010000 Right=-53.323000
DEBUG:root:ScaledLeft: 307.477500 ScaledRight: 255.023250
INFO:root:Looping....
DEBUG:root:This is the line: drive:30.01:83.333

DEBUG:root:We got command: drive
DEBUG:root:We got a drive command: rawX:83.333000 and rawY:30.010000
DEBUG:root:Forward to the Right
DEBUG:root:Left=-30.010000 Right=-53.323000
DEBUG:root:ScaledLeft: 307.477500 ScaledRight: 255.023250
INFO:root:Looping....
DEBUG:root:This is the line: drive:30.0:83.01

DEBUG:root:We got command: drive
DEBUG:root:We got a drive command: rawX:83.010000 and rawY:30.000000
DEBUG:root:Forward to the Right
DEBUG:root:Left=-30.000000 Right=-53.010000
DEBUG:root:ScaledLeft: 307.500000 ScaledRight: 255.727500
INFO:root:Looping....
DEBUG:root:This is the line: drive:27.241:83.036

DEBUG:root:We got command: drive
DEBUG:root:We got a drive command: rawX:83.036000 and rawY:27.241000
DEBUG:root:Forward to the Right
DEBUG:root:Left=-27.241000 Right=-55.795000
DEBUG:root:ScaledLeft: 313.707750 ScaledRight: 249.461250
INFO:root:Looping....
DEBUG:root:This is the line: drive:21.369:82.738

DEBUG:root:We got command: drive
DEBUG:root:We got a drive command: rawX:82.738000 and rawY:21.369000
DEBUG:root:Forward to the Right
DEBUG:root:Left=-21.369000 Right=-61.369000
DEBUG:root:ScaledLeft: 326.919750 ScaledRight: 236.919750
INFO:root:Looping....
DEBUG:root:This is the line: drive:14.763:82.44

DEBUG:root:We got command: drive
DEBUG:root:We got a drive command: rawX:82.440000 and rawY:14.763000
DEBUG:root:Forward to the Right
DEBUG:root:Left=-14.763000 Right=-67.677000
DEBUG:root:ScaledLeft: 341.783250 ScaledRight: 222.726750
INFO:root:Looping....
DEBUG:root:This is the line: drive:8.166:82.44

DEBUG:root:We got command: drive
DEBUG:root:We got a drive command: rawX:82.440000 and rawY:8.166000
DEBUG:root:Forward to the Right
DEBUG:root:Left=-8.166000 Right=-74.274000
DEBUG:root:ScaledLeft: 356.626500 ScaledRight: 207.883500
INFO:root:Looping....
DEBUG:root:This is the line: drive:2.994:82.738

DEBUG:root:We got command: drive
DEBUG:root:We got a drive command: rawX:82.738000 and rawY:2.994000
DEBUG:root:Forward to the Right
DEBUG:root:Left=-2.994000 Right=-79.744000
DEBUG:root:ScaledLeft: 368.263500 ScaledRight: 195.576000
INFO:root:Looping....
DEBUG:root:This is the line: drive:-1.357:83.036

DEBUG:root:We got command: drive
DEBUG:root:We got a drive command: rawX:83.036000 and rawY:-1.357000
DEBUG:root:Reverse to the Right
DEBUG:root:Left=1.357000 Right=-84.393000
DEBUG:root:ScaledLeft: 378.053250 ScaledRight: 185.115750
INFO:root:Looping....
DEBUG:root:This is the line: drive:-5.061:83.333

DEBUG:root:We got command: drive
DEBUG:root:We got a drive command: rawX:83.333000 and rawY:-5.061000
DEBUG:root:Reverse to the Right
DEBUG:root:Left=5.061000 Right=-88.394000
DEBUG:root:ScaledLeft: 386.387250 ScaledRight: 176.113500
INFO:root:Looping....
DEBUG:root:This is the line: drive:-9.227:83.929

DEBUG:root:We got command: drive
DEBUG:root:We got a drive command: rawX:83.929000 and rawY:-9.227000
DEBUG:root:Reverse to the Right
DEBUG:root:Left=9.227000 Right=-93.156000
DEBUG:root:ScaledLeft: 395.760750 ScaledRight: 165.399000
INFO:root:Looping....
DEBUG:root:This is the line: drive:-11.383:83.929

DEBUG:root:We got command: drive
DEBUG:root:We got a drive command: rawX:83.929000 and rawY:-11.383000
DEBUG:root:Reverse to the Right
DEBUG:root:Left=11.383000 Right=-95.312000
DEBUG:root:ScaledLeft: 400.611750 ScaledRight: 160.548000
INFO:root:Looping....
DEBUG:root:This is the line: drive:-13.152:84.524

DEBUG:root:We got command: drive
DEBUG:root:We got a drive command: rawX:84.524000 and rawY:-13.152000
DEBUG:root:Reverse to the Right
DEBUG:root:Left=13.152000 Right=-97.676000
DEBUG:root:ScaledLeft: 404.592000 ScaledRight: 155.229000
INFO:root:Looping....
DEBUG:root:This is the line: drive:-15.445:84.821

DEBUG:root:We got command: drive
DEBUG:root:We got a drive command: rawX:84.821000 and rawY:-15.445000
DEBUG:root:Reverse to the Right
DEBUG:root:Left=15.445000 Right=-100.266000
DEBUG:root:ScaledLeft: 409.751250 ScaledRight: 149.401500
INFO:root:Looping....
DEBUG:root:This is the line: drive:-17.304:85.119

DEBUG:root:We got command: drive
DEBUG:root:We got a drive command: rawX:85.119000 and rawY:-17.304000
DEBUG:root:Reverse to the Right
DEBUG:root:Left=17.304000 Right=-102.423000
DEBUG:root:ScaledLeft: 413.934000 ScaledRight: 144.548250
INFO:root:Looping....
DEBUG:root:This is the line: drive:-19.571:85.565

DEBUG:root:We got command: drive
DEBUG:root:We got a drive command: rawX:85.565000 and rawY:-19.571000
DEBUG:root:Reverse to the Right
DEBUG:root:Left=19.571000 Right=-105.136000
DEBUG:root:ScaledLeft: 419.034750 ScaledRight: 138.444000
INFO:root:Looping....
DEBUG:root:This is the line: drive:-21.0:85.714

DEBUG:root:We got command: drive
DEBUG:root:We got a drive command: rawX:85.714000 and rawY:-21.000000
DEBUG:root:Reverse to the Right
DEBUG:root:Left=21.000000 Right=-106.714000
DEBUG:root:ScaledLeft: 422.250000 ScaledRight: 134.893500
INFO:root:Looping....
DEBUG:root:This is the line: drive:-22.429:86.012

DEBUG:root:We got command: drive
DEBUG:root:We got a drive command: rawX:86.012000 and rawY:-22.429000
DEBUG:root:Reverse to the Right
DEBUG:root:Left=22.429000 Right=-108.441000
DEBUG:root:ScaledLeft: 425.465250 ScaledRight: 131.007750
INFO:root:Looping....
DEBUG:root:This is the line: drive:-23.883:86.188

DEBUG:root:We got command: drive
DEBUG:root:We got a drive command: rawX:86.188000 and rawY:-23.883000
DEBUG:root:Reverse to the Right
DEBUG:root:Left=23.883000 Right=-110.071000
DEBUG:root:ScaledLeft: 428.736750 ScaledRight: 127.340250
INFO:root:Looping....
DEBUG:root:This is the line: drive:-25.11:86.31

DEBUG:root:We got command: drive
DEBUG:root:We got a drive command: rawX:86.310000 and rawY:-25.110000
DEBUG:root:Reverse to the Right
DEBUG:root:Left=25.110000 Right=-111.420000
DEBUG:root:ScaledLeft: 431.497500 ScaledRight: 124.305000
INFO:root:Looping....
DEBUG:root:This is the line: drive:-26.143:86.31

DEBUG:root:We got command: drive
DEBUG:root:We got a drive command: rawX:86.310000 and rawY:-26.143000
DEBUG:root:Reverse to the Right
DEBUG:root:Left=26.143000 Right=-112.453000
DEBUG:root:ScaledLeft: 433.821750 ScaledRight: 121.980750
INFO:root:Looping....
DEBUG:root:This is the line: drive:-26.735:86.607

DEBUG:root:We got command: drive
DEBUG:root:We got a drive command: rawX:86.607000 and rawY:-26.735000
DEBUG:root:Reverse to the Right
DEBUG:root:Left=26.735000 Right=-113.342000
DEBUG:root:ScaledLeft: 435.153750 ScaledRight: 119.980500
INFO:root:Looping....
DEBUG:root:This is the line: drive:-27.723:86.607

DEBUG:root:We got command: drive
DEBUG:root:We got a drive command: rawX:86.607000 and rawY:-27.723000
DEBUG:root:Reverse to the Right
DEBUG:root:Left=27.723000 Right=-114.330000
DEBUG:root:ScaledLeft: 437.376750 ScaledRight: 117.757500
INFO:root:Looping....
DEBUG:root:This is the line: drive:-28.595:86.607

DEBUG:root:We got command: drive
DEBUG:root:We got a drive command: rawX:86.607000 and rawY:-28.595000
DEBUG:root:Reverse to the Right
DEBUG:root:Left=28.595000 Right=-115.202000
DEBUG:root:ScaledLeft: 439.338750 ScaledRight: 115.795500
INFO:root:Looping....
DEBUG:root:This is the line: drive:-29.625:86.607

DEBUG:root:We got command: drive
DEBUG:root:We got a drive command: rawX:86.607000 and rawY:-29.625000
DEBUG:root:Reverse to the Right
DEBUG:root:Left=29.625000 Right=-116.232000
DEBUG:root:ScaledLeft: 441.656250 ScaledRight: 113.478000
INFO:root:Looping....
DEBUG:root:This is the line: drive:-30.12:86.607

DEBUG:root:We got command: drive
DEBUG:root:We got a drive command: rawX:86.607000 and rawY:-30.120000
DEBUG:root:Reverse to the Right
DEBUG:root:Left=30.120000 Right=-116.727000
DEBUG:root:ScaledLeft: 442.770000 ScaledRight: 112.364250
INFO:root:Looping....
DEBUG:root:This is the line: drive:-30.862:86.607

DEBUG:root:We got command: drive
DEBUG:root:We got a drive command: rawX:86.607000 and rawY:-30.862000
DEBUG:root:Reverse to the Right
DEBUG:root:Left=30.862000 Right=-117.469000
DEBUG:root:ScaledLeft: 444.439500 ScaledRight: 110.694750
INFO:root:Looping....
DEBUG:root:This is the line: drive:-31.924:86.607

DEBUG:root:We got command: drive
DEBUG:root:We got a drive command: rawX:86.607000 and rawY:-31.924000
DEBUG:root:Reverse to the Right
DEBUG:root:Left=31.924000 Right=-118.531000
DEBUG:root:ScaledLeft: 446.829000 ScaledRight: 108.305250
INFO:root:Looping....
DEBUG:root:This is the line: drive:-33.094:86.607

DEBUG:root:We got command: drive
DEBUG:root:We got a drive command: rawX:86.607000 and rawY:-33.094000
DEBUG:root:Reverse to the Right
DEBUG:root:Left=33.094000 Right=-119.701000
DEBUG:root:ScaledLeft: 449.461500 ScaledRight: 105.672750
INFO:root:Looping....
DEBUG:root:This is the line: drive:-34.061:86.607

DEBUG:root:We got command: drive
DEBUG:root:We got a drive command: rawX:86.607000 and rawY:-34.061000
DEBUG:root:Reverse to the Right
DEBUG:root:Left=34.061000 Right=-120.668000
DEBUG:root:ScaledLeft: 451.637250 ScaledRight: 103.497000
INFO:root:Looping....
DEBUG:root:This is the line: drive:-34.679:86.607

DEBUG:root:We got command: drive
DEBUG:root:We got a drive command: rawX:86.607000 and rawY:-34.679000
DEBUG:root:Reverse to the Right
DEBUG:root:Left=34.679000 Right=-121.286000
DEBUG:root:ScaledLeft: 453.027750 ScaledRight: 102.106500
INFO:root:Looping....
DEBUG:root:This is the line: drive:-35.286:86.607

DEBUG:root:We got command: drive
DEBUG:root:We got a drive command: rawX:86.607000 and rawY:-35.286000
DEBUG:root:Reverse to the Right
DEBUG:root:Left=35.286000 Right=-121.893000
DEBUG:root:ScaledLeft: 454.393500 ScaledRight: 100.740750
INFO:root:Looping....
DEBUG:root:This is the line: drive:-35.729:86.607

DEBUG:root:We got command: drive
DEBUG:root:We got a drive command: rawX:86.607000 and rawY:-35.729000
DEBUG:root:Reverse to the Right
DEBUG:root:Left=35.729000 Right=-122.336000
DEBUG:root:ScaledLeft: 455.390250 ScaledRight: 99.744000
INFO:root:Looping....
DEBUG:root:This is the line: drive:-36.535:86.31

DEBUG:root:We got command: drive
DEBUG:root:We got a drive command: rawX:86.310000 and rawY:-36.535000
DEBUG:root:Reverse to the Right
DEBUG:root:Left=36.535000 Right=-122.845000
DEBUG:root:ScaledLeft: 457.203750 ScaledRight: 98.598750
INFO:root:Looping....
DEBUG:root:This is the line: drive:-37.101:86.31

DEBUG:root:We got command: drive
DEBUG:root:We got a drive command: rawX:86.310000 and rawY:-37.101000
DEBUG:root:Reverse to the Right
DEBUG:root:Left=37.101000 Right=-123.411000
DEBUG:root:ScaledLeft: 458.477250 ScaledRight: 97.325250
INFO:root:Looping....
DEBUG:root:This is the line: drive:-37.501:86.31

DEBUG:root:We got command: drive
DEBUG:root:We got a drive command: rawX:86.310000 and rawY:-37.501000
DEBUG:root:Reverse to the Right
DEBUG:root:Left=37.501000 Right=-123.811000
DEBUG:root:ScaledLeft: 459.377250 ScaledRight: 96.425250
INFO:root:Looping....
DEBUG:root:This is the line: drive:-38.03:86.31

DEBUG:root:We got command: drive
DEBUG:root:We got a drive command: rawX:86.310000 and rawY:-38.030000
DEBUG:root:Reverse to the Right
DEBUG:root:Left=38.030000 Right=-124.340000
DEBUG:root:ScaledLeft: 460.567500 ScaledRight: 95.235000
INFO:root:Looping....
DEBUG:root:This is the line: drive:-39.852:86.31

DEBUG:root:We got command: drive
DEBUG:root:We got a drive command: rawX:86.310000 and rawY:-39.852000
DEBUG:root:Reverse to the Right
DEBUG:root:Left=39.852000 Right=-126.162000
DEBUG:root:ScaledLeft: 464.667000 ScaledRight: 91.135500
INFO:root:Looping....
DEBUG:root:This is the line: drive:-41.286:86.607

DEBUG:root:We got command: drive
DEBUG:root:We got a drive command: rawX:86.607000 and rawY:-41.286000
DEBUG:root:Reverse to the Right
DEBUG:root:Left=41.286000 Right=-127.893000
DEBUG:root:ScaledLeft: 467.893500 ScaledRight: 87.240750
INFO:root:Looping....
DEBUG:root:This is the line: drive:-43.432:86.607

DEBUG:root:We got command: drive
DEBUG:root:We got a drive command: rawX:86.607000 and rawY:-43.432000
DEBUG:root:Reverse to the Right
DEBUG:root:Left=43.432000 Right=-130.039000
DEBUG:root:ScaledLeft: 472.722000 ScaledRight: 82.412250
INFO:root:Looping....
DEBUG:root:This is the line: drive:-46.143:86.905

DEBUG:root:We got command: drive
DEBUG:root:We got a drive command: rawX:86.905000 and rawY:-46.143000
DEBUG:root:Reverse to the Right
DEBUG:root:Left=46.143000 Right=-133.048000
DEBUG:root:ScaledLeft: 478.821750 ScaledRight: 75.642000
INFO:root:Looping....
DEBUG:root:This is the line: drive:-48.213:87.202

DEBUG:root:We got command: drive
DEBUG:root:We got a drive command: rawX:87.202000 and rawY:-48.213000
DEBUG:root:Reverse to the Right
DEBUG:root:Left=48.213000 Right=-135.415000
DEBUG:root:ScaledLeft: 483.479250 ScaledRight: 70.316250
INFO:root:Looping....
DEBUG:root:This is the line: drive:-50.452:87.202

DEBUG:root:We got command: drive
DEBUG:root:We got a drive command: rawX:87.202000 and rawY:-50.452000
DEBUG:root:Reverse to the Right
DEBUG:root:Left=50.452000 Right=-137.654000
DEBUG:root:ScaledLeft: 488.517000 ScaledRight: 65.278500
INFO:root:Looping....
DEBUG:root:This is the line: drive:-54.042:87.5

DEBUG:root:We got command: drive
DEBUG:root:We got a drive command: rawX:87.500000 and rawY:-54.042000
DEBUG:root:Reverse to the Right
DEBUG:root:Left=54.042000 Right=-141.542000
DEBUG:root:ScaledLeft: 496.594500 ScaledRight: 56.530500
INFO:root:Looping....
DEBUG:root:This is the line: drive:-58.357:87.314

DEBUG:root:We got command: drive
DEBUG:root:We got a drive command: rawX:87.314000 and rawY:-58.357000
DEBUG:root:Reverse to the Right
DEBUG:root:Left=58.357000 Right=-145.671000
DEBUG:root:ScaledLeft: 506.303250 ScaledRight: 47.240250
INFO:root:Looping....
DEBUG:root:This is the line: drive:-61.825:87.202

DEBUG:root:We got command: drive
DEBUG:root:We got a drive command: rawX:87.202000 and rawY:-61.825000
DEBUG:root:Reverse to the Right
DEBUG:root:Left=61.825000 Right=-149.027000
DEBUG:root:ScaledLeft: 514.106250 ScaledRight: 39.689250
INFO:root:Looping....
DEBUG:root:This is the line: drive:-66.067:87.202

DEBUG:root:We got command: drive
DEBUG:root:We got a drive command: rawX:87.202000 and rawY:-66.067000
DEBUG:root:Reverse to the Right
DEBUG:root:Left=66.067000 Right=-153.269000
DEBUG:root:ScaledLeft: 523.650750 ScaledRight: 30.144750
INFO:root:Looping....
DEBUG:root:This is the line: drive:-70.422:87.202

DEBUG:root:We got command: drive
DEBUG:root:We got a drive command: rawX:87.202000 and rawY:-70.422000
DEBUG:root:Reverse to the Right
DEBUG:root:Left=70.422000 Right=-157.624000
DEBUG:root:ScaledLeft: 533.449500 ScaledRight: 20.346000
INFO:root:Looping....
DEBUG:root:This is the line: drive:-73.98:87.202

DEBUG:root:We got command: drive
DEBUG:root:We got a drive command: rawX:87.202000 and rawY:-73.980000
DEBUG:root:Reverse to the Right
DEBUG:root:Left=73.980000 Right=-161.182000
DEBUG:root:ScaledLeft: 541.455000 ScaledRight: 12.340500
INFO:root:Looping....
DEBUG:root:This is the line: drive:-78.167:86.905

DEBUG:root:We got command: drive
DEBUG:root:We got a drive command: rawX:86.905000 and rawY:-78.167000
DEBUG:root:Reverse to the Right
DEBUG:root:Left=78.167000 Right=-165.072000
DEBUG:root:ScaledLeft: 550.875750 ScaledRight: 3.588000
INFO:root:Looping....
DEBUG:root:This is the line: drive:-81.696:86.905

DEBUG:root:We got command: drive
DEBUG:root:We got a drive command: rawX:86.905000 and rawY:-81.696000
DEBUG:root:Reverse to the Right
DEBUG:root:Left=81.696000 Right=-168.601000
DEBUG:root:ScaledLeft: 558.816000 ScaledRight: -4.352250
INFO:root:Looping....
DEBUG:root:This is the line: drive:-86.051:86.607

DEBUG:root:We got command: drive
DEBUG:root:We got a drive command: rawX:86.607000 and rawY:-86.051000
DEBUG:root:Reverse to the Right
DEBUG:root:Left=86.051000 Right=-172.658000
DEBUG:root:ScaledLeft: 568.614750 ScaledRight: -13.480500
INFO:root:Looping....
DEBUG:root:This is the line: drive:-90.286:86.607

DEBUG:root:We got command: drive
DEBUG:root:We got a drive command: rawX:86.607000 and rawY:-90.286000
DEBUG:root:Reverse to the Right
DEBUG:root:Left=90.286000 Right=-176.893000
DEBUG:root:ScaledLeft: 578.143500 ScaledRight: -23.009250
INFO:root:Looping....
DEBUG:root:This is the line: drive:-93.993:86.607

DEBUG:root:We got command: drive
DEBUG:root:We got a drive command: rawX:86.607000 and rawY:-93.993000
DEBUG:root:Reverse to the Right
DEBUG:root:Left=93.993000 Right=-180.600000
DEBUG:root:ScaledLeft: 586.484250 ScaledRight: -31.350000
INFO:root:Looping....
DEBUG:root:This is the line: drive:-98.617:86.905

DEBUG:root:We got command: drive
DEBUG:root:We got a drive command: rawX:86.905000 and rawY:-98.617000
DEBUG:root:Reverse to the Right
DEBUG:root:Left=98.617000 Right=-185.522000
DEBUG:root:ScaledLeft: 596.888250 ScaledRight: -42.424500
INFO:root:Looping....
DEBUG:root:This is the line: drive:-101.143:86.905

DEBUG:root:We got command: drive
DEBUG:root:We got a drive command: rawX:86.905000 and rawY:-101.143000
DEBUG:root:Reverse to the Right
DEBUG:root:Left=101.143000 Right=-188.048000
DEBUG:root:ScaledLeft: 602.571750 ScaledRight: -48.108000
INFO:root:Looping....
DEBUG:root:This is the line: drive:-103.695:86.905

DEBUG:root:We got command: drive
DEBUG:root:We got a drive command: rawX:86.905000 and rawY:-103.695000
DEBUG:root:Reverse to the Right
DEBUG:root:Left=103.695000 Right=-190.600000
DEBUG:root:ScaledLeft: 608.313750 ScaledRight: -53.850000
INFO:root:Looping....
DEBUG:root:This is the line: drive:-105.852:86.905

DEBUG:root:We got command: drive
DEBUG:root:We got a drive command: rawX:86.905000 and rawY:-105.852000
DEBUG:root:Reverse to the Right
DEBUG:root:Left=105.852000 Right=-192.757000
DEBUG:root:ScaledLeft: 613.167000 ScaledRight: -58.703250
INFO:root:Looping....
DEBUG:root:This is the line: drive:-108.04:86.905

DEBUG:root:We got command: drive
DEBUG:root:We got a drive command: rawX:86.905000 and rawY:-108.040000
DEBUG:root:Reverse to the Right
DEBUG:root:Left=108.040000 Right=-194.945000
DEBUG:root:ScaledLeft: 618.090000 ScaledRight: -63.626250
INFO:root:Looping....
DEBUG:root:This is the line: drive:-110.569:86.905

DEBUG:root:We got command: drive
DEBUG:root:We got a drive command: rawX:86.905000 and rawY:-110.569000
DEBUG:root:Reverse to the Right
DEBUG:root:Left=110.569000 Right=-197.474000
DEBUG:root:ScaledLeft: 623.780250 ScaledRight: -69.316500
INFO:root:Looping....
DEBUG:root:This is the line: drive:-112.385:86.905

DEBUG:root:We got command: drive
DEBUG:root:We got a drive command: rawX:86.905000 and rawY:-112.385000
DEBUG:root:Reverse to the Right
DEBUG:root:Left=112.385000 Right=-199.290000
DEBUG:root:ScaledLeft: 627.866250 ScaledRight: -73.402500
INFO:root:Looping....
DEBUG:root:This is the line: drive:-113.732:86.923

DEBUG:root:We got command: drive
DEBUG:root:We got a drive command: rawX:86.923000 and rawY:-113.732000
DEBUG:root:Reverse to the Right
DEBUG:root:Left=113.732000 Right=-200.655000
DEBUG:root:ScaledLeft: 630.897000 ScaledRight: -76.473750
INFO:root:Looping....
DEBUG:root:This is the line: drive:-115.121:86.905

DEBUG:root:We got command: drive
DEBUG:root:We got a drive command: rawX:86.905000 and rawY:-115.121000
DEBUG:root:Reverse to the Right
DEBUG:root:Left=115.121000 Right=-202.026000
DEBUG:root:ScaledLeft: 634.022250 ScaledRight: -79.558500
INFO:root:Looping....
DEBUG:root:This is the line: drive:-115.857:86.905

DEBUG:root:We got command: drive
DEBUG:root:We got a drive command: rawX:86.905000 and rawY:-115.857000
DEBUG:root:Reverse to the Right
DEBUG:root:Left=115.857000 Right=-202.762000
DEBUG:root:ScaledLeft: 635.678250 ScaledRight: -81.214500
INFO:root:Looping....
DEBUG:root:This is the line: drive:-116.876:86.905

DEBUG:root:We got command: drive
DEBUG:root:We got a drive command: rawX:86.905000 and rawY:-116.876000
DEBUG:root:Reverse to the Right
DEBUG:root:Left=116.876000 Right=-203.781000
DEBUG:root:ScaledLeft: 637.971000 ScaledRight: -83.507250
INFO:root:Looping....
DEBUG:root:This is the line: drive:-117.519:86.905

DEBUG:root:We got command: drive
DEBUG:root:We got a drive command: rawX:86.905000 and rawY:-117.519000
DEBUG:root:Reverse to the Right
DEBUG:root:Left=117.519000 Right=-204.424000
DEBUG:root:ScaledLeft: 639.417750 ScaledRight: -84.954000
INFO:root:Looping....
DEBUG:root:This is the line: drive:-118.236:86.905

DEBUG:root:We got command: drive
DEBUG:root:We got a drive command: rawX:86.905000 and rawY:-118.236000
DEBUG:root:Reverse to the Right
DEBUG:root:Left=118.236000 Right=-205.141000
DEBUG:root:ScaledLeft: 641.031000 ScaledRight: -86.567250
INFO:root:Looping....
DEBUG:root:This is the line: drive:-119.219:87.202

DEBUG:root:We got command: drive
DEBUG:root:We got a drive command: rawX:87.202000 and rawY:-119.219000
DEBUG:root:Reverse to the Right
DEBUG:root:Left=119.219000 Right=-206.421000
DEBUG:root:ScaledLeft: 643.242750 ScaledRight: -89.447250
INFO:root:Looping....
DEBUG:root:This is the line: drive:-119.796:86.905

DEBUG:root:We got command: drive
DEBUG:root:We got a drive command: rawX:86.905000 and rawY:-119.796000
DEBUG:root:Reverse to the Right
DEBUG:root:Left=119.796000 Right=-206.701000
DEBUG:root:ScaledLeft: 644.541000 ScaledRight: -90.077250
INFO:root:Looping....
DEBUG:root:This is the line: drive:-120.286:87.282

DEBUG:root:We got command: drive
DEBUG:root:We got a drive command: rawX:87.282000 and rawY:-120.286000
DEBUG:root:Reverse to the Right
DEBUG:root:Left=120.286000 Right=-207.568000
DEBUG:root:ScaledLeft: 645.643500 ScaledRight: -92.028000
INFO:root:Looping....
DEBUG:root:This is the line: drive:-120.859:87.202

DEBUG:root:We got command: drive
DEBUG:root:We got a drive command: rawX:87.202000 and rawY:-120.859000
DEBUG:root:Reverse to the Right
DEBUG:root:Left=120.859000 Right=-208.061000
DEBUG:root:ScaledLeft: 646.932750 ScaledRight: -93.137250
INFO:root:Looping....
DEBUG:root:This is the line: drive:-121.203:87.202

DEBUG:root:We got command: drive
DEBUG:root:We got a drive command: rawX:87.202000 and rawY:-121.203000
DEBUG:root:Reverse to the Right
DEBUG:root:Left=121.203000 Right=-208.405000
DEBUG:root:ScaledLeft: 647.706750 ScaledRight: -93.911250
INFO:root:Looping....
DEBUG:root:This is the line: drive:-121.438:87.202

DEBUG:root:We got command: drive
DEBUG:root:We got a drive command: rawX:87.202000 and rawY:-121.438000
DEBUG:root:Reverse to the Right
DEBUG:root:Left=121.438000 Right=-208.640000
DEBUG:root:ScaledLeft: 648.235500 ScaledRight: -94.440000
INFO:root:Looping....
DEBUG:root:This is the line: drive:-121.769:87.202

DEBUG:root:We got command: drive
DEBUG:root:We got a drive command: rawX:87.202000 and rawY:-121.769000
DEBUG:root:Reverse to the Right
DEBUG:root:Left=121.769000 Right=-208.971000
DEBUG:root:ScaledLeft: 648.980250 ScaledRight: -95.184750
INFO:root:Looping....
DEBUG:root:This is the line: drive:-122.051:87.202

DEBUG:root:We got command: drive
DEBUG:root:We got a drive command: rawX:87.202000 and rawY:-122.051000
DEBUG:root:Reverse to the Right
DEBUG:root:Left=122.051000 Right=-209.253000
DEBUG:root:ScaledLeft: 649.614750 ScaledRight: -95.819250
INFO:root:Looping....
DEBUG:root:This is the line: drive:-122.315:87.202

DEBUG:root:We got command: drive
DEBUG:root:We got a drive command: rawX:87.202000 and rawY:-122.315000
DEBUG:root:Reverse to the Right
DEBUG:root:Left=122.315000 Right=-209.517000
DEBUG:root:ScaledLeft: 650.208750 ScaledRight: -96.413250
INFO:root:Looping....
DEBUG:root:This is the line: drive:-122.315:87.202

DEBUG:root:We got command: drive
DEBUG:root:We got a drive command: rawX:87.202000 and rawY:-122.315000
DEBUG:root:Reverse to the Right
DEBUG:root:Left=122.315000 Right=-209.517000
DEBUG:root:ScaledLeft: 650.208750 ScaledRight: -96.413250
INFO:root:Looping....
DEBUG:root:This is the line: drive:-122.286:87.511

DEBUG:root:We got command: drive
DEBUG:root:We got a drive command: rawX:87.511000 and rawY:-122.286000
DEBUG:root:Reverse to the Right
DEBUG:root:Left=122.286000 Right=-209.797000
DEBUG:root:ScaledLeft: 650.143500 ScaledRight: -97.043250
INFO:root:Looping....
DEBUG:root:This is the line: drive:-122.571:87.191

DEBUG:root:We got command: drive
DEBUG:root:We got a drive command: rawX:87.191000 and rawY:-122.571000
DEBUG:root:Reverse to the Right
DEBUG:root:Left=122.571000 Right=-209.762000
DEBUG:root:ScaledLeft: 650.784750 ScaledRight: -96.964500
INFO:root:Looping....
DEBUG:root:This is the line: drive:-122.571:87.625

DEBUG:root:We got command: drive
DEBUG:root:We got a drive command: rawX:87.625000 and rawY:-122.571000
DEBUG:root:Reverse to the Right
DEBUG:root:Left=122.571000 Right=-210.196000
DEBUG:root:ScaledLeft: 650.784750 ScaledRight: -97.941000
INFO:root:Looping....
DEBUG:root:This is the line: drive:-122.571:87.625

DEBUG:root:We got command: drive
DEBUG:root:We got a drive command: rawX:87.625000 and rawY:-122.571000
DEBUG:root:Reverse to the Right
DEBUG:root:Left=122.571000 Right=-210.196000
DEBUG:root:ScaledLeft: 650.784750 ScaledRight: -97.941000
INFO:root:Looping....
DEBUG:root:This is the line: drive:-122.571:87.625

DEBUG:root:We got command: drive
DEBUG:root:We got a drive command: rawX:87.625000 and rawY:-122.571000
DEBUG:root:Reverse to the Right
DEBUG:root:Left=122.571000 Right=-210.196000
DEBUG:root:ScaledLeft: 650.784750 ScaledRight: -97.941000
INFO:root:Looping....
DEBUG:root:This is the line: drive:-122.571:87.625

DEBUG:root:We got command: drive
DEBUG:root:We got a drive command: rawX:87.625000 and rawY:-122.571000
DEBUG:root:Reverse to the Right
DEBUG:root:Left=122.571000 Right=-210.196000
DEBUG:root:ScaledLeft: 650.784750 ScaledRight: -97.941000
INFO:root:Looping....
DEBUG:root:This is the line: drive:-122.861:87.5

DEBUG:root:We got command: drive
DEBUG:root:We got a drive command: rawX:87.500000 and rawY:-122.861000
DEBUG:root:Reverse to the Right
DEBUG:root:Left=122.861000 Right=-210.361000
DEBUG:root:ScaledLeft: 651.437250 ScaledRight: -98.312250
INFO:root:Looping....
DEBUG:root:This is the line: drive:-123.359:87.798

DEBUG:root:We got command: drive
DEBUG:root:We got a drive command: rawX:87.798000 and rawY:-123.359000
DEBUG:root:Reverse to the Right
DEBUG:root:Left=123.359000 Right=-211.157000
DEBUG:root:ScaledLeft: 652.557750 ScaledRight: -100.103250
INFO:root:Looping....
DEBUG:root:This is the line: drive:-124.019:87.798

DEBUG:root:We got command: drive
DEBUG:root:We got a drive command: rawX:87.798000 and rawY:-124.019000
DEBUG:root:Reverse to the Right
DEBUG:root:Left=124.019000 Right=-211.817000
DEBUG:root:ScaledLeft: 654.042750 ScaledRight: -101.588250
INFO:root:Looping....
DEBUG:root:This is the line: drive:-124.38:87.798

DEBUG:root:We got command: drive
DEBUG:root:We got a drive command: rawX:87.798000 and rawY:-124.380000
DEBUG:root:Reverse to the Right
DEBUG:root:Left=124.380000 Right=-212.178000
DEBUG:root:ScaledLeft: 654.855000 ScaledRight: -102.400500
INFO:root:Looping....
DEBUG:root:This is the line: drive:-125.775:88.095

DEBUG:root:We got command: drive
DEBUG:root:We got a drive command: rawX:88.095000 and rawY:-125.775000
DEBUG:root:Reverse to the Right
DEBUG:root:Left=125.775000 Right=-213.870000
DEBUG:root:ScaledLeft: 657.993750 ScaledRight: -106.207500
INFO:root:Looping....
DEBUG:root:This is the line: drive:-126.776:88.308

DEBUG:root:We got command: drive
DEBUG:root:We got a drive command: rawX:88.308000 and rawY:-126.776000
DEBUG:root:Reverse to the Right
DEBUG:root:Left=126.776000 Right=-215.084000
DEBUG:root:ScaledLeft: 660.246000 ScaledRight: -108.939000
INFO:root:Looping....
DEBUG:root:This is the line: drive:-127.553:88.523

DEBUG:root:We got command: drive
DEBUG:root:We got a drive command: rawX:88.523000 and rawY:-127.553000
DEBUG:root:Reverse to the Right
DEBUG:root:Left=127.553000 Right=-216.076000
DEBUG:root:ScaledLeft: 661.994250 ScaledRight: -111.171000
INFO:root:Looping....
DEBUG:root:This is the line: drive:-128.008:88.393

DEBUG:root:We got command: drive
DEBUG:root:We got a drive command: rawX:88.393000 and rawY:-128.008000
DEBUG:root:Reverse to the Right
DEBUG:root:Left=128.008000 Right=-216.401000
DEBUG:root:ScaledLeft: 663.018000 ScaledRight: -111.902250
INFO:root:Looping....
DEBUG:root:This is the line: drive:-129.0:88.244

DEBUG:root:We got command: drive
DEBUG:root:We got a drive command: rawX:88.244000 and rawY:-129.000000
DEBUG:root:Reverse to the Right
DEBUG:root:Left=129.000000 Right=-217.244000
DEBUG:root:ScaledLeft: 665.250000 ScaledRight: -113.799000
INFO:root:Looping....
DEBUG:root:This is the line: drive:-129.194:88.393

DEBUG:root:We got command: drive
DEBUG:root:We got a drive command: rawX:88.393000 and rawY:-129.194000
DEBUG:root:Reverse to the Right
DEBUG:root:Left=129.194000 Right=-217.587000
DEBUG:root:ScaledLeft: 665.686500 ScaledRight: -114.570750
INFO:root:Looping....
DEBUG:root:This is the line: drive:-129.766:88.393

DEBUG:root:We got command: drive
DEBUG:root:We got a drive command: rawX:88.393000 and rawY:-129.766000
DEBUG:root:Reverse to the Right
DEBUG:root:Left=129.766000 Right=-218.159000
DEBUG:root:ScaledLeft: 666.973500 ScaledRight: -115.857750
INFO:root:Looping....
DEBUG:root:This is the line: drive:-130.143:88.393

DEBUG:root:We got command: drive
DEBUG:root:We got a drive command: rawX:88.393000 and rawY:-130.143000
DEBUG:root:Reverse to the Right
DEBUG:root:Left=130.143000 Right=-218.536000
DEBUG:root:ScaledLeft: 667.821750 ScaledRight: -116.706000
INFO:root:Looping....
DEBUG:root:This is the line: drive:-130.0:87.946

DEBUG:root:We got command: drive
DEBUG:root:We got a drive command: rawX:87.946000 and rawY:-130.000000
DEBUG:root:Reverse to the Right
DEBUG:root:Left=130.000000 Right=-217.946000
DEBUG:root:ScaledLeft: 667.500000 ScaledRight: -115.378500
INFO:root:Looping....
DEBUG:root:This is the line: drive:-130.328:88.095

DEBUG:root:We got command: drive
DEBUG:root:We got a drive command: rawX:88.095000 and rawY:-130.328000
DEBUG:root:Reverse to the Right
DEBUG:root:Left=130.328000 Right=-218.423000
DEBUG:root:ScaledLeft: 668.238000 ScaledRight: -116.451750
INFO:root:Looping....
DEBUG:root:This is the line: drive:-130.571:88.115

DEBUG:root:We got command: drive
DEBUG:root:We got a drive command: rawX:88.115000 and rawY:-130.571000
DEBUG:root:Reverse to the Right
DEBUG:root:Left=130.571000 Right=-218.686000
DEBUG:root:ScaledLeft: 668.784750 ScaledRight: -117.043500
INFO:root:Looping....
DEBUG:root:This is the line: drive:-130.571:88.18

DEBUG:root:We got command: drive
DEBUG:root:We got a drive command: rawX:88.180000 and rawY:-130.571000
DEBUG:root:Reverse to the Right
DEBUG:root:Left=130.571000 Right=-218.751000
DEBUG:root:ScaledLeft: 668.784750 ScaledRight: -117.189750
INFO:root:Looping....
DEBUG:root:This is the line: drive:-131.173:88.69

DEBUG:root:We got command: drive
DEBUG:root:We got a drive command: rawX:88.690000 and rawY:-131.173000
DEBUG:root:Reverse to the Right
DEBUG:root:Left=131.173000 Right=-219.863000
DEBUG:root:ScaledLeft: 670.139250 ScaledRight: -119.691750
INFO:root:Looping....
DEBUG:root:This is the line: drive:-131.377:89.232

DEBUG:root:We got command: drive
DEBUG:root:We got a drive command: rawX:89.232000 and rawY:-131.377000
DEBUG:root:Reverse to the Right
DEBUG:root:Left=131.377000 Right=-220.609000
DEBUG:root:ScaledLeft: 670.598250 ScaledRight: -121.370250
INFO:root:Looping....
DEBUG:root:This is the line: drive:-131.429:89.633

DEBUG:root:We got command: drive
DEBUG:root:We got a drive command: rawX:89.633000 and rawY:-131.429000
DEBUG:root:Reverse to the Right
DEBUG:root:Left=131.429000 Right=-221.062000
DEBUG:root:ScaledLeft: 670.715250 ScaledRight: -122.389500
INFO:root:Looping....
DEBUG:root:This is the line: drive:-131.429:90.874

DEBUG:root:We got command: drive
DEBUG:root:We got a drive command: rawX:90.874000 and rawY:-131.429000
DEBUG:root:Reverse to the Right
DEBUG:root:Left=131.429000 Right=-222.303000
DEBUG:root:ScaledLeft: 670.715250 ScaledRight: -125.181750
INFO:root:Looping....
DEBUG:root:This is the line: drive:-131.429:91.518

DEBUG:root:We got command: drive
DEBUG:root:We got a drive command: rawX:91.518000 and rawY:-131.429000
DEBUG:root:Reverse to the Right
DEBUG:root:Left=131.429000 Right=-222.947000
DEBUG:root:ScaledLeft: 670.715250 ScaledRight: -126.630750
INFO:root:Looping....
DEBUG:root:This is the line: drive:-131.857:91.369

DEBUG:root:We got command: drive
DEBUG:root:We got a drive command: rawX:91.369000 and rawY:-131.857000
DEBUG:root:Reverse to the Right
DEBUG:root:Left=131.857000 Right=-223.226000
DEBUG:root:ScaledLeft: 671.678250 ScaledRight: -127.258500
INFO:root:Looping....
DEBUG:root:This is the line: drive:-131.857:91.369

DEBUG:root:We got command: drive
DEBUG:root:We got a drive command: rawX:91.369000 and rawY:-131.857000
DEBUG:root:Reverse to the Right
DEBUG:root:Left=131.857000 Right=-223.226000
DEBUG:root:ScaledLeft: 671.678250 ScaledRight: -127.258500
INFO:root:Looping....
DEBUG:root:This is the line: drive:-131.714:91.518

DEBUG:root:We got command: drive
DEBUG:root:We got a drive command: rawX:91.518000 and rawY:-131.714000
DEBUG:root:Reverse to the Right
DEBUG:root:Left=131.714000 Right=-223.232000
DEBUG:root:ScaledLeft: 671.356500 ScaledRight: -127.272000
INFO:root:Looping....
DEBUG:root:This is the line: drive:-131.714:91.385

DEBUG:root:We got command: drive
DEBUG:root:We got a drive command: rawX:91.385000 and rawY:-131.714000
DEBUG:root:Reverse to the Right
DEBUG:root:Left=131.714000 Right=-223.099000
DEBUG:root:ScaledLeft: 671.356500 ScaledRight: -126.972750
INFO:root:Looping....
DEBUG:root:This is the line: drive:-131.714:91.015

DEBUG:root:We got command: drive
DEBUG:root:We got a drive command: rawX:91.015000 and rawY:-131.714000
DEBUG:root:Reverse to the Right
DEBUG:root:Left=131.714000 Right=-222.729000
DEBUG:root:ScaledLeft: 671.356500 ScaledRight: -126.140250
INFO:root:Looping....
DEBUG:root:This is the line: drive:-131.714:91.015

DEBUG:root:We got command: drive
DEBUG:root:We got a drive command: rawX:91.015000 and rawY:-131.714000
DEBUG:root:Reverse to the Right
DEBUG:root:Left=131.714000 Right=-222.729000
DEBUG:root:ScaledLeft: 671.356500 ScaledRight: -126.140250
INFO:root:Looping....
DEBUG:root:This is the line: drive:-131.714:90.772

DEBUG:root:We got command: drive
DEBUG:root:We got a drive command: rawX:90.772000 and rawY:-131.714000
DEBUG:root:Reverse to the Right
DEBUG:root:Left=131.714000 Right=-222.486000
DEBUG:root:ScaledLeft: 671.356500 ScaledRight: -125.593500
INFO:root:Looping....
DEBUG:root:This is the line: drive:-131.714:90.772

DEBUG:root:We got command: drive
DEBUG:root:We got a drive command: rawX:90.772000 and rawY:-131.714000
DEBUG:root:Reverse to the Right
DEBUG:root:Left=131.714000 Right=-222.486000
DEBUG:root:ScaledLeft: 671.356500 ScaledRight: -125.593500
INFO:root:Looping....
DEBUG:root:This is the line: drive:-131.714:90.701

DEBUG:root:We got command: drive
DEBUG:root:We got a drive command: rawX:90.701000 and rawY:-131.714000
DEBUG:root:Reverse to the Right
DEBUG:root:Left=131.714000 Right=-222.415000
DEBUG:root:ScaledLeft: 671.356500 ScaledRight: -125.433750
INFO:root:Looping....
DEBUG:root:This is the line: drive:-131.714:90.701

DEBUG:root:We got command: drive
DEBUG:root:We got a drive command: rawX:90.701000 and rawY:-131.714000
DEBUG:root:Reverse to the Right
DEBUG:root:Left=131.714000 Right=-222.415000
DEBUG:root:ScaledLeft: 671.356500 ScaledRight: -125.433750
INFO:root:Looping....
DEBUG:root:This is the line: drive:-131.714:90.923

DEBUG:root:We got command: drive
DEBUG:root:We got a drive command: rawX:90.923000 and rawY:-131.714000
DEBUG:root:Reverse to the Right
DEBUG:root:Left=131.714000 Right=-222.637000
DEBUG:root:ScaledLeft: 671.356500 ScaledRight: -125.933250
INFO:root:Looping....
DEBUG:root:This is the line: drive:-131.714:90.923

DEBUG:root:We got command: drive
DEBUG:root:We got a drive command: rawX:90.923000 and rawY:-131.714000
DEBUG:root:Reverse to the Right
DEBUG:root:Left=131.714000 Right=-222.637000
DEBUG:root:ScaledLeft: 671.356500 ScaledRight: -125.933250
INFO:root:Looping....
DEBUG:root:This is the line: drive:-131.714:90.346

DEBUG:root:We got command: drive
DEBUG:root:We got a drive command: rawX:90.346000 and rawY:-131.714000
DEBUG:root:Reverse to the Right
DEBUG:root:Left=131.714000 Right=-222.060000
DEBUG:root:ScaledLeft: 671.356500 ScaledRight: -124.635000
INFO:root:Looping....
DEBUG:root:This is the line: drive:-131.714:90.463

DEBUG:root:We got command: drive
DEBUG:root:We got a drive command: rawX:90.463000 and rawY:-131.714000
DEBUG:root:Reverse to the Right
DEBUG:root:Left=131.714000 Right=-222.177000
DEBUG:root:ScaledLeft: 671.356500 ScaledRight: -124.898250
INFO:root:Looping....
DEBUG:root:This is the line: drive:-131.714:90.923

DEBUG:root:We got command: drive
DEBUG:root:We got a drive command: rawX:90.923000 and rawY:-131.714000
DEBUG:root:Reverse to the Right
DEBUG:root:Left=131.714000 Right=-222.637000
DEBUG:root:ScaledLeft: 671.356500 ScaledRight: -125.933250
INFO:root:Looping....
DEBUG:root:This is the line: drive:-131.714:90.923

DEBUG:root:We got command: drive
DEBUG:root:We got a drive command: rawX:90.923000 and rawY:-131.714000
DEBUG:root:Reverse to the Right
DEBUG:root:Left=131.714000 Right=-222.637000
DEBUG:root:ScaledLeft: 671.356500 ScaledRight: -125.933250
INFO:root:Looping....
DEBUG:root:This is the line: drive:-131.714:90.923

DEBUG:root:We got command: drive
DEBUG:root:We got a drive command: rawX:90.923000 and rawY:-131.714000
DEBUG:root:Reverse to the Right
DEBUG:root:Left=131.714000 Right=-222.637000
DEBUG:root:ScaledLeft: 671.356500 ScaledRight: -125.933250
INFO:root:Looping....
DEBUG:root:This is the line: drive:0:0

DEBUG:root:We got command: drive
DEBUG:root:We got a drive command: rawX:0.000000 and rawY:0.000000
DEBUG:root:Left=0.000000 Right=0.000000
DEBUG:root:ScaledLeft: 375.000000 ScaledRight: 375.000000
INFO:root:Looping....
DEBUG:root:This is the line: drive:0:0

DEBUG:root:We got command: drive
DEBUG:root:We got a drive command: rawX:0.000000 and rawY:0.000000
DEBUG:root:Left=0.000000 Right=0.000000
DEBUG:root:ScaledLeft: 375.000000 ScaledRight: 375.000000
INFO:root:Looping....
DEBUG:root:This is the line: drive:16.571:5.357

DEBUG:root:We got command: drive
DEBUG:root:We got a drive command: rawX:5.357000 and rawY:16.571000
DEBUG:root:Forward to the Right
DEBUG:root:Left=-16.571000 Right=11.214000
DEBUG:root:ScaledLeft: 337.715250 ScaledRight: 400.231500
INFO:root:Looping....
DEBUG:root:This is the line: drive:16.571:5.357

DEBUG:root:We got command: drive
DEBUG:root:We got a drive command: rawX:5.357000 and rawY:16.571000
DEBUG:root:Forward to the Right
DEBUG:root:Left=-16.571000 Right=11.214000
DEBUG:root:ScaledLeft: 337.715250 ScaledRight: 400.231500
INFO:root:Looping....
DEBUG:root:This is the line: drive:16.571:5.357

DEBUG:root:We got command: drive
DEBUG:root:We got a drive command: rawX:5.357000 and rawY:16.571000
DEBUG:root:Forward to the Right
DEBUG:root:Left=-16.571000 Right=11.214000
DEBUG:root:ScaledLeft: 337.715250 ScaledRight: 400.231500
INFO:root:Looping....
DEBUG:root:This is the line: drive:16.571:5.357

DEBUG:root:We got command: drive
DEBUG:root:We got a drive command: rawX:5.357000 and rawY:16.571000
DEBUG:root:Forward to the Right
DEBUG:root:Left=-16.571000 Right=11.214000
DEBUG:root:ScaledLeft: 337.715250 ScaledRight: 400.231500
INFO:root:Looping....
DEBUG:root:This is the line: drive:16.571:5.357

DEBUG:root:We got command: drive
DEBUG:root:We got a drive command: rawX:5.357000 and rawY:16.571000
DEBUG:root:Forward to the Right
DEBUG:root:Left=-16.571000 Right=11.214000
DEBUG:root:ScaledLeft: 337.715250 ScaledRight: 400.231500
INFO:root:Looping....
DEBUG:root:This is the line: drive:16.571:5.357

DEBUG:root:We got command: drive
DEBUG:root:We got a drive command: rawX:5.357000 and rawY:16.571000
DEBUG:root:Forward to the Right
DEBUG:root:Left=-16.571000 Right=11.214000
DEBUG:root:ScaledLeft: 337.715250 ScaledRight: 400.231500
INFO:root:Looping....
DEBUG:root:This is the line: drive:16.571:5.357

DEBUG:root:We got command: drive
DEBUG:root:We got a drive command: rawX:5.357000 and rawY:16.571000
DEBUG:root:Forward to the Right
DEBUG:root:Left=-16.571000 Right=11.214000
DEBUG:root:ScaledLeft: 337.715250 ScaledRight: 400.231500
INFO:root:Looping....
DEBUG:root:This is the line: drive:16.571:5.357

DEBUG:root:We got command: drive
DEBUG:root:We got a drive command: rawX:5.357000 and rawY:16.571000
DEBUG:root:Forward to the Right
DEBUG:root:Left=-16.571000 Right=11.214000
DEBUG:root:ScaledLeft: 337.715250 ScaledRight: 400.231500
INFO:root:Looping....
DEBUG:root:This is the line: drive:16.571:5.357

DEBUG:root:We got command: drive
DEBUG:root:We got a drive command: rawX:5.357000 and rawY:16.571000
DEBUG:root:Forward to the Right
DEBUG:root:Left=-16.571000 Right=11.214000
DEBUG:root:ScaledLeft: 337.715250 ScaledRight: 400.231500
INFO:root:Looping....
DEBUG:root:This is the line: drive:16.571:5.357

DEBUG:root:We got command: drive
DEBUG:root:We got a drive command: rawX:5.357000 and rawY:16.571000
DEBUG:root:Forward to the Right
DEBUG:root:Left=-16.571000 Right=11.214000
DEBUG:root:ScaledLeft: 337.715250 ScaledRight: 400.231500
INFO:root:Looping....
DEBUG:root:This is the line: drive:16.571:5.357

DEBUG:root:We got command: drive
DEBUG:root:We got a drive command: rawX:5.357000 and rawY:16.571000
DEBUG:root:Forward to the Right
DEBUG:root:Left=-16.571000 Right=11.214000
DEBUG:root:ScaledLeft: 337.715250 ScaledRight: 400.231500
INFO:root:Looping....
DEBUG:root:This is the line: drive:16.571:5.357

DEBUG:root:We got command: drive
DEBUG:root:We got a drive command: rawX:5.357000 and rawY:16.571000
DEBUG:root:Forward to the Right
DEBUG:root:Left=-16.571000 Right=11.214000
DEBUG:root:ScaledLeft: 337.715250 ScaledRight: 400.231500
INFO:root:Looping....
DEBUG:root:This is the line: drive:16.571:5.357

DEBUG:root:We got command: drive
DEBUG:root:We got a drive command: rawX:5.357000 and rawY:16.571000
DEBUG:root:Forward to the Right
DEBUG:root:Left=-16.571000 Right=11.214000
DEBUG:root:ScaledLeft: 337.715250 ScaledRight: 400.231500
INFO:root:Looping....
DEBUG:root:This is the line: drive:16.571:5.357

DEBUG:root:We got command: drive
DEBUG:root:We got a drive command: rawX:5.357000 and rawY:16.571000
DEBUG:root:Forward to the Right
DEBUG:root:Left=-16.571000 Right=11.214000
DEBUG:root:ScaledLeft: 337.715250 ScaledRight: 400.231500
INFO:root:Looping....
DEBUG:root:This is the line: drive:16.571:5.357

DEBUG:root:We got command: drive
DEBUG:root:We got a drive command: rawX:5.357000 and rawY:16.571000
DEBUG:root:Forward to the Right
DEBUG:root:Left=-16.571000 Right=11.214000
DEBUG:root:ScaledLeft: 337.715250 ScaledRight: 400.231500
INFO:root:Looping....
DEBUG:root:This is the line: drive:16.571:5.357

DEBUG:root:We got command: drive
DEBUG:root:We got a drive command: rawX:5.357000 and rawY:16.571000
DEBUG:root:Forward to the Right
DEBUG:root:Left=-16.571000 Right=11.214000
DEBUG:root:ScaledLeft: 337.715250 ScaledRight: 400.231500
INFO:root:Looping....
DEBUG:root:This is the line: drive:16.571:5.357

DEBUG:root:We got command: drive
DEBUG:root:We got a drive command: rawX:5.357000 and rawY:16.571000
DEBUG:root:Forward to the Right
DEBUG:root:Left=-16.571000 Right=11.214000
DEBUG:root:ScaledLeft: 337.715250 ScaledRight: 400.231500
INFO:root:Looping....
DEBUG:root:This is the line: drive:16.571:5.357

DEBUG:root:We got command: drive
DEBUG:root:We got a drive command: rawX:5.357000 and rawY:16.571000
DEBUG:root:Forward to the Right
DEBUG:root:Left=-16.571000 Right=11.214000
DEBUG:root:ScaledLeft: 337.715250 ScaledRight: 400.231500
INFO:root:Looping....
DEBUG:root:This is the line: drive:16.571:5.357

DEBUG:root:We got command: drive
DEBUG:root:We got a drive command: rawX:5.357000 and rawY:16.571000
DEBUG:root:Forward to the Right
DEBUG:root:Left=-16.571000 Right=11.214000
DEBUG:root:ScaledLeft: 337.715250 ScaledRight: 400.231500
INFO:root:Looping....
DEBUG:root:This is the line: drive:16.571:5.357

DEBUG:root:We got command: drive
DEBUG:root:We got a drive command: rawX:5.357000 and rawY:16.571000
DEBUG:root:Forward to the Right
DEBUG:root:Left=-16.571000 Right=11.214000
DEBUG:root:ScaledLeft: 337.715250 ScaledRight: 400.231500
INFO:root:Looping....
DEBUG:root:This is the line: drive:16.571:5.357

DEBUG:root:We got command: drive
DEBUG:root:We got a drive command: rawX:5.357000 and rawY:16.571000
DEBUG:root:Forward to the Right
DEBUG:root:Left=-16.571000 Right=11.214000
DEBUG:root:ScaledLeft: 337.715250 ScaledRight: 400.231500
INFO:root:Looping....
DEBUG:root:This is the line: drive:16.571:5.357

DEBUG:root:We got command: drive
DEBUG:root:We got a drive command: rawX:5.357000 and rawY:16.571000
DEBUG:root:Forward to the Right
DEBUG:root:Left=-16.571000 Right=11.214000
DEBUG:root:ScaledLeft: 337.715250 ScaledRight: 400.231500
INFO:root:Looping....
DEBUG:root:This is the line: drive:16.571:5.357

DEBUG:root:We got command: drive
DEBUG:root:We got a drive command: rawX:5.357000 and rawY:16.571000
DEBUG:root:Forward to the Right
DEBUG:root:Left=-16.571000 Right=11.214000
DEBUG:root:ScaledLeft: 337.715250 ScaledRight: 400.231500
INFO:root:Looping....
DEBUG:root:This is the line: drive:16.571:5.357

DEBUG:root:We got command: drive
DEBUG:root:We got a drive command: rawX:5.357000 and rawY:16.571000
DEBUG:root:Forward to the Right
DEBUG:root:Left=-16.571000 Right=11.214000
DEBUG:root:ScaledLeft: 337.715250 ScaledRight: 400.231500
INFO:root:Looping....
DEBUG:root:This is the line: drive:16.571:5.357

DEBUG:root:We got command: drive
DEBUG:root:We got a drive command: rawX:5.357000 and rawY:16.571000
DEBUG:root:Forward to the Right
DEBUG:root:Left=-16.571000 Right=11.214000
DEBUG:root:ScaledLeft: 337.715250 ScaledRight: 400.231500
INFO:root:Looping....
DEBUG:root:This is the line: drive:16.571:5.357

DEBUG:root:We got command: drive
DEBUG:root:We got a drive command: rawX:5.357000 and rawY:16.571000
DEBUG:root:Forward to the Right
DEBUG:root:Left=-16.571000 Right=11.214000
DEBUG:root:ScaledLeft: 337.715250 ScaledRight: 400.231500
INFO:root:Looping....
DEBUG:root:This is the line: drive:16.571:5.357

DEBUG:root:We got command: drive
DEBUG:root:We got a drive command: rawX:5.357000 and rawY:16.571000
DEBUG:root:Forward to the Right
DEBUG:root:Left=-16.571000 Right=11.214000
DEBUG:root:ScaledLeft: 337.715250 ScaledRight: 400.231500
INFO:root:Looping....
DEBUG:root:This is the line: drive:16.571:5.357

DEBUG:root:We got command: drive
DEBUG:root:We got a drive command: rawX:5.357000 and rawY:16.571000
DEBUG:root:Forward to the Right
DEBUG:root:Left=-16.571000 Right=11.214000
DEBUG:root:ScaledLeft: 337.715250 ScaledRight: 400.231500
INFO:root:Looping....
DEBUG:root:This is the line: drive:16.571:5.357

DEBUG:root:We got command: drive
DEBUG:root:We got a drive command: rawX:5.357000 and rawY:16.571000
DEBUG:root:Forward to the Right
DEBUG:root:Left=-16.571000 Right=11.214000
DEBUG:root:ScaledLeft: 337.715250 ScaledRight: 400.231500
INFO:root:Looping....
DEBUG:root:This is the line: drive:16.571:5.357

DEBUG:root:We got command: drive
DEBUG:root:We got a drive command: rawX:5.357000 and rawY:16.571000
DEBUG:root:Forward to the Right
DEBUG:root:Left=-16.571000 Right=11.214000
DEBUG:root:ScaledLeft: 337.715250 ScaledRight: 400.231500
INFO:root:Looping....
DEBUG:root:This is the line: drive:16.571:5.357

DEBUG:root:We got command: drive
DEBUG:root:We got a drive command: rawX:5.357000 and rawY:16.571000
DEBUG:root:Forward to the Right
DEBUG:root:Left=-16.571000 Right=11.214000
DEBUG:root:ScaledLeft: 337.715250 ScaledRight: 400.231500
INFO:root:Looping....
DEBUG:root:This is the line: drive:16.571:5.357

DEBUG:root:We got command: drive
DEBUG:root:We got a drive command: rawX:5.357000 and rawY:16.571000
DEBUG:root:Forward to the Right
DEBUG:root:Left=-16.571000 Right=11.214000
DEBUG:root:ScaledLeft: 337.715250 ScaledRight: 400.231500
INFO:root:Looping....
DEBUG:root:This is the line: drive:16.571:5.357

DEBUG:root:We got command: drive
DEBUG:root:We got a drive command: rawX:5.357000 and rawY:16.571000
DEBUG:root:Forward to the Right
DEBUG:root:Left=-16.571000 Right=11.214000
DEBUG:root:ScaledLeft: 337.715250 ScaledRight: 400.231500
INFO:root:Looping....
DEBUG:root:This is the line: drive:16.571:5.357

DEBUG:root:We got command: drive
DEBUG:root:We got a drive command: rawX:5.357000 and rawY:16.571000
DEBUG:root:Forward to the Right
DEBUG:root:Left=-16.571000 Right=11.214000
DEBUG:root:ScaledLeft: 337.715250 ScaledRight: 400.231500
INFO:root:Looping....
DEBUG:root:This is the line: drive:16.571:5.357

DEBUG:root:We got command: drive
DEBUG:root:We got a drive command: rawX:5.357000 and rawY:16.571000
DEBUG:root:Forward to the Right
DEBUG:root:Left=-16.571000 Right=11.214000
DEBUG:root:ScaledLeft: 337.715250 ScaledRight: 400.231500
INFO:root:Looping....
DEBUG:root:This is the line: drive:16.571:5.357

DEBUG:root:We got command: drive
DEBUG:root:We got a drive command: rawX:5.357000 and rawY:16.571000
DEBUG:root:Forward to the Right
DEBUG:root:Left=-16.571000 Right=11.214000
DEBUG:root:ScaledLeft: 337.715250 ScaledRight: 400.231500
INFO:root:Looping....
DEBUG:root:This is the line: drive:16.571:5.357

DEBUG:root:We got command: drive
DEBUG:root:We got a drive command: rawX:5.357000 and rawY:16.571000
DEBUG:root:Forward to the Right
DEBUG:root:Left=-16.571000 Right=11.214000
DEBUG:root:ScaledLeft: 337.715250 ScaledRight: 400.231500
INFO:root:Looping....
DEBUG:root:This is the line: drive:14.286:9.909

DEBUG:root:We got command: drive
DEBUG:root:We got a drive command: rawX:9.909000 and rawY:14.286000
DEBUG:root:Forward to the Right
DEBUG:root:Left=-14.286000 Right=4.377000
DEBUG:root:ScaledLeft: 342.856500 ScaledRight: 384.848250
INFO:root:Looping....
DEBUG:root:This is the line: drive:14.286:12.011

DEBUG:root:We got command: drive
DEBUG:root:We got a drive command: rawX:12.011000 and rawY:14.286000
DEBUG:root:Forward to the Right
DEBUG:root:Left=-14.286000 Right=2.275000
DEBUG:root:ScaledLeft: 342.856500 ScaledRight: 380.118750
INFO:root:Looping....
DEBUG:root:This is the line: drive:14.286:16.663

DEBUG:root:We got command: drive
DEBUG:root:We got a drive command: rawX:16.663000 and rawY:14.286000
DEBUG:root:Forward to the Right
DEBUG:root:Left=-14.286000 Right=-2.377000
DEBUG:root:ScaledLeft: 342.856500 ScaledRight: 369.651750
INFO:root:Looping....
DEBUG:root:This is the line: drive:14.286:21.144

DEBUG:root:We got command: drive
DEBUG:root:We got a drive command: rawX:21.144000 and rawY:14.286000
DEBUG:root:Forward to the Right
DEBUG:root:Left=-14.286000 Right=-6.858000
DEBUG:root:ScaledLeft: 342.856500 ScaledRight: 359.569500
INFO:root:Looping....
DEBUG:root:This is the line: drive:15.143:24.32

DEBUG:root:We got command: drive
DEBUG:root:We got a drive command: rawX:24.320000 and rawY:15.143000
DEBUG:root:Forward to the Right
DEBUG:root:Left=-15.143000 Right=-9.177000
DEBUG:root:ScaledLeft: 340.928250 ScaledRight: 354.351750
INFO:root:Looping....
DEBUG:root:This is the line: drive:15.714:27.842

DEBUG:root:We got command: drive
DEBUG:root:We got a drive command: rawX:27.842000 and rawY:15.714000
DEBUG:root:Forward to the Right
DEBUG:root:Left=-15.714000 Right=-12.128000
DEBUG:root:ScaledLeft: 339.643500 ScaledRight: 347.712000
INFO:root:Looping....
DEBUG:root:This is the line: drive:15.845:30.196

DEBUG:root:We got command: drive
DEBUG:root:We got a drive command: rawX:30.196000 and rawY:15.845000
DEBUG:root:Forward to the Right
DEBUG:root:Left=-15.845000 Right=-14.351000
DEBUG:root:ScaledLeft: 339.348750 ScaledRight: 342.710250
INFO:root:Looping....
DEBUG:root:This is the line: drive:16.286:32.117

DEBUG:root:We got command: drive
DEBUG:root:We got a drive command: rawX:32.117000 and rawY:16.286000
DEBUG:root:Forward to the Right
DEBUG:root:Left=-16.286000 Right=-15.831000
DEBUG:root:ScaledLeft: 338.356500 ScaledRight: 339.380250
INFO:root:Looping....
DEBUG:root:This is the line: drive:16.857:34.364

DEBUG:root:We got command: drive
DEBUG:root:We got a drive command: rawX:34.364000 and rawY:16.857000
DEBUG:root:Forward to the Right
DEBUG:root:Left=-16.857000 Right=-17.507000
DEBUG:root:ScaledLeft: 337.071750 ScaledRight: 335.609250
INFO:root:Looping....
DEBUG:root:This is the line: drive:17.437:36.616

DEBUG:root:We got command: drive
DEBUG:root:We got a drive command: rawX:36.616000 and rawY:17.437000
DEBUG:root:Forward to the Right
DEBUG:root:Left=-17.437000 Right=-19.179000
DEBUG:root:ScaledLeft: 335.766750 ScaledRight: 331.847250
INFO:root:Looping....
DEBUG:root:This is the line: drive:17.714:38.836

DEBUG:root:We got command: drive
DEBUG:root:We got a drive command: rawX:38.836000 and rawY:17.714000
DEBUG:root:Forward to the Right
DEBUG:root:Left=-17.714000 Right=-21.122000
DEBUG:root:ScaledLeft: 335.143500 ScaledRight: 327.475500
INFO:root:Looping....
DEBUG:root:This is the line: drive:18.806:42.452

DEBUG:root:We got command: drive
DEBUG:root:We got a drive command: rawX:42.452000 and rawY:18.806000
DEBUG:root:Forward to the Right
DEBUG:root:Left=-18.806000 Right=-23.646000
DEBUG:root:ScaledLeft: 332.686500 ScaledRight: 321.796500
INFO:root:Looping....
DEBUG:root:This is the line: drive:19.429:45.859

DEBUG:root:We got command: drive
DEBUG:root:We got a drive command: rawX:45.859000 and rawY:19.429000
DEBUG:root:Forward to the Right
DEBUG:root:Left=-19.429000 Right=-26.430000
DEBUG:root:ScaledLeft: 331.284750 ScaledRight: 315.532500
INFO:root:Looping....
DEBUG:root:This is the line: drive:20.0:48.314

DEBUG:root:We got command: drive
DEBUG:root:We got a drive command: rawX:48.314000 and rawY:20.000000
DEBUG:root:Forward to the Right
DEBUG:root:Left=-20.000000 Right=-28.314000
DEBUG:root:ScaledLeft: 330.000000 ScaledRight: 311.293500
INFO:root:Looping....
DEBUG:root:This is the line: drive:21.143:52.168

DEBUG:root:We got command: drive
DEBUG:root:We got a drive command: rawX:52.168000 and rawY:21.143000
DEBUG:root:Forward to the Right
DEBUG:root:Left=-21.143000 Right=-31.025000
DEBUG:root:ScaledLeft: 327.428250 ScaledRight: 305.193750
INFO:root:Looping....
DEBUG:root:This is the line: drive:21.949:54.411

DEBUG:root:We got command: drive
DEBUG:root:We got a drive command: rawX:54.411000 and rawY:21.949000
DEBUG:root:Forward to the Right
DEBUG:root:Left=-21.949000 Right=-32.462000
DEBUG:root:ScaledLeft: 325.614750 ScaledRight: 301.960500
INFO:root:Looping....
DEBUG:root:This is the line: drive:23.143:58.514

DEBUG:root:We got command: drive
DEBUG:root:We got a drive command: rawX:58.514000 and rawY:23.143000
DEBUG:root:Forward to the Right
DEBUG:root:Left=-23.143000 Right=-35.371000
DEBUG:root:ScaledLeft: 322.928250 ScaledRight: 295.415250
INFO:root:Looping....
DEBUG:root:This is the line: drive:24.064:60.781

DEBUG:root:We got command: drive
DEBUG:root:We got a drive command: rawX:60.781000 and rawY:24.064000
DEBUG:root:Forward to the Right
DEBUG:root:Left=-24.064000 Right=-36.717000
DEBUG:root:ScaledLeft: 320.856000 ScaledRight: 292.386750
INFO:root:Looping....
DEBUG:root:This is the line: drive:25.143:62.649

DEBUG:root:We got command: drive
DEBUG:root:We got a drive command: rawX:62.649000 and rawY:25.143000
DEBUG:root:Forward to the Right
DEBUG:root:Left=-25.143000 Right=-37.506000
DEBUG:root:ScaledLeft: 318.428250 ScaledRight: 290.611500
INFO:root:Looping....
DEBUG:root:This is the line: drive:26.0:66.859

DEBUG:root:We got command: drive
DEBUG:root:We got a drive command: rawX:66.859000 and rawY:26.000000
DEBUG:root:Forward to the Right
DEBUG:root:Left=-26.000000 Right=-40.859000
DEBUG:root:ScaledLeft: 316.500000 ScaledRight: 283.067250
INFO:root:Looping....
DEBUG:root:This is the line: drive:27.0:68.899

DEBUG:root:We got command: drive
DEBUG:root:We got a drive command: rawX:68.899000 and rawY:27.000000
DEBUG:root:Forward to the Right
DEBUG:root:Left=-27.000000 Right=-41.899000
DEBUG:root:ScaledLeft: 314.250000 ScaledRight: 280.727250
INFO:root:Looping....
DEBUG:root:This is the line: drive:28.0:71.96

DEBUG:root:We got command: drive
DEBUG:root:We got a drive command: rawX:71.960000 and rawY:28.000000
DEBUG:root:Forward to the Right
DEBUG:root:Left=-28.000000 Right=-43.960000
DEBUG:root:ScaledLeft: 312.000000 ScaledRight: 276.090000
INFO:root:Looping....
DEBUG:root:This is the line: drive:28.286:74.021

DEBUG:root:We got command: drive
DEBUG:root:We got a drive command: rawX:74.021000 and rawY:28.286000
DEBUG:root:Forward to the Right
DEBUG:root:Left=-28.286000 Right=-45.735000
DEBUG:root:ScaledLeft: 311.356500 ScaledRight: 272.096250
INFO:root:Looping....
DEBUG:root:This is the line: drive:29.143:77.751

DEBUG:root:We got command: drive
DEBUG:root:We got a drive command: rawX:77.751000 and rawY:29.143000
DEBUG:root:Forward to the Right
DEBUG:root:Left=-29.143000 Right=-48.608000
DEBUG:root:ScaledLeft: 309.428250 ScaledRight: 265.632000
INFO:root:Looping....
DEBUG:root:This is the line: drive:29.143:80.122

DEBUG:root:We got command: drive
DEBUG:root:We got a drive command: rawX:80.122000 and rawY:29.143000
DEBUG:root:Forward to the Right
DEBUG:root:Left=-29.143000 Right=-50.979000
DEBUG:root:ScaledLeft: 309.428250 ScaledRight: 260.297250
INFO:root:Looping....
DEBUG:root:This is the line: drive:29.143:82.056

DEBUG:root:We got command: drive
DEBUG:root:We got a drive command: rawX:82.056000 and rawY:29.143000
DEBUG:root:Forward to the Right
DEBUG:root:Left=-29.143000 Right=-52.913000
DEBUG:root:ScaledLeft: 309.428250 ScaledRight: 255.945750
INFO:root:Looping....
DEBUG:root:This is the line: drive:29.714:83.335

DEBUG:root:We got command: drive
DEBUG:root:We got a drive command: rawX:83.335000 and rawY:29.714000
DEBUG:root:Forward to the Right
DEBUG:root:Left=-29.714000 Right=-53.621000
DEBUG:root:ScaledLeft: 308.143500 ScaledRight: 254.352750
INFO:root:Looping....
DEBUG:root:This is the line: drive:29.714:83.66

DEBUG:root:We got command: drive
DEBUG:root:We got a drive command: rawX:83.660000 and rawY:29.714000
DEBUG:root:Forward to the Right
DEBUG:root:Left=-29.714000 Right=-53.946000
DEBUG:root:ScaledLeft: 308.143500 ScaledRight: 253.621500
INFO:root:Looping....
DEBUG:root:This is the line: drive:30.286:84.099

DEBUG:root:We got command: drive
DEBUG:root:We got a drive command: rawX:84.099000 and rawY:30.286000
DEBUG:root:Forward to the Right
DEBUG:root:Left=-30.286000 Right=-53.813000
DEBUG:root:ScaledLeft: 306.856500 ScaledRight: 253.920750
INFO:root:Looping....
DEBUG:root:This is the line: drive:30.583:84.524

DEBUG:root:We got command: drive
DEBUG:root:We got a drive command: rawX:84.524000 and rawY:30.583000
DEBUG:root:Forward to the Right
DEBUG:root:Left=-30.583000 Right=-53.941000
DEBUG:root:ScaledLeft: 306.188250 ScaledRight: 253.632750
INFO:root:Looping....
DEBUG:root:This is the line: drive:30.583:84.524

DEBUG:root:We got command: drive
DEBUG:root:We got a drive command: rawX:84.524000 and rawY:30.583000
DEBUG:root:Forward to the Right
DEBUG:root:Left=-30.583000 Right=-53.941000
DEBUG:root:ScaledLeft: 306.188250 ScaledRight: 253.632750
INFO:root:Looping....
DEBUG:root:This is the line: drive:30.571:84.842

DEBUG:root:We got command: drive
DEBUG:root:We got a drive command: rawX:84.842000 and rawY:30.571000
DEBUG:root:Forward to the Right
DEBUG:root:Left=-30.571000 Right=-54.271000
DEBUG:root:ScaledLeft: 306.215250 ScaledRight: 252.890250
INFO:root:Looping....
DEBUG:root:This is the line: drive:30.917:84.821

DEBUG:root:We got command: drive
DEBUG:root:We got a drive command: rawX:84.821000 and rawY:30.917000
DEBUG:root:Forward to the Right
DEBUG:root:Left=-30.917000 Right=-53.904000
DEBUG:root:ScaledLeft: 305.436750 ScaledRight: 253.716000
INFO:root:Looping....
DEBUG:root:This is the line: drive:30.917:84.821

DEBUG:root:We got command: drive
DEBUG:root:We got a drive command: rawX:84.821000 and rawY:30.917000
DEBUG:root:Forward to the Right
DEBUG:root:Left=-30.917000 Right=-53.904000
DEBUG:root:ScaledLeft: 305.436750 ScaledRight: 253.716000
INFO:root:Looping....
DEBUG:root:This is the line: drive:30.857:85.565

DEBUG:root:We got command: drive
DEBUG:root:We got a drive command: rawX:85.565000 and rawY:30.857000
DEBUG:root:Forward to the Right
DEBUG:root:Left=-30.857000 Right=-54.708000
DEBUG:root:ScaledLeft: 305.571750 ScaledRight: 251.907000
INFO:root:Looping....
DEBUG:root:This is the line: drive:30.857:85.041

DEBUG:root:We got command: drive
DEBUG:root:We got a drive command: rawX:85.041000 and rawY:30.857000
DEBUG:root:Forward to the Right
DEBUG:root:Left=-30.857000 Right=-54.184000
DEBUG:root:ScaledLeft: 305.571750 ScaledRight: 253.086000
INFO:root:Looping....
DEBUG:root:This is the line: drive:30.857:85.426

DEBUG:root:We got command: drive
DEBUG:root:We got a drive command: rawX:85.426000 and rawY:30.857000
DEBUG:root:Forward to the Right
DEBUG:root:Left=-30.857000 Right=-54.569000
DEBUG:root:ScaledLeft: 305.571750 ScaledRight: 252.219750
INFO:root:Looping....
DEBUG:root:This is the line: drive:30.857:85.426

DEBUG:root:We got command: drive
DEBUG:root:We got a drive command: rawX:85.426000 and rawY:30.857000
DEBUG:root:Forward to the Right
DEBUG:root:Left=-30.857000 Right=-54.569000
DEBUG:root:ScaledLeft: 305.571750 ScaledRight: 252.219750
INFO:root:Looping....
DEBUG:root:This is the line: drive:30.857:85.426

DEBUG:root:We got command: drive
DEBUG:root:We got a drive command: rawX:85.426000 and rawY:30.857000
DEBUG:root:Forward to the Right
DEBUG:root:Left=-30.857000 Right=-54.569000
DEBUG:root:ScaledLeft: 305.571750 ScaledRight: 252.219750
INFO:root:Looping....
DEBUG:root:This is the line: drive:30.857:85.426

DEBUG:root:We got command: drive
DEBUG:root:We got a drive command: rawX:85.426000 and rawY:30.857000
DEBUG:root:Forward to the Right
DEBUG:root:Left=-30.857000 Right=-54.569000
DEBUG:root:ScaledLeft: 305.571750 ScaledRight: 252.219750
INFO:root:Looping....
DEBUG:root:This is the line: drive:30.857:85.426

DEBUG:root:We got command: drive
DEBUG:root:We got a drive command: rawX:85.426000 and rawY:30.857000
DEBUG:root:Forward to the Right
DEBUG:root:Left=-30.857000 Right=-54.569000
DEBUG:root:ScaledLeft: 305.571750 ScaledRight: 252.219750
INFO:root:Looping....
DEBUG:root:This is the line: drive:30.857:85.118

DEBUG:root:We got command: drive
DEBUG:root:We got a drive command: rawX:85.118000 and rawY:30.857000
DEBUG:root:Forward to the Right
DEBUG:root:Left=-30.857000 Right=-54.261000
DEBUG:root:ScaledLeft: 305.571750 ScaledRight: 252.912750
INFO:root:Looping....
DEBUG:root:This is the line: drive:30.857:85.118

DEBUG:root:We got command: drive
DEBUG:root:We got a drive command: rawX:85.118000 and rawY:30.857000
DEBUG:root:Forward to the Right
DEBUG:root:Left=-30.857000 Right=-54.261000
DEBUG:root:ScaledLeft: 305.571750 ScaledRight: 252.912750
INFO:root:Looping....
DEBUG:root:This is the line: drive:30.857:85.118

DEBUG:root:We got command: drive
DEBUG:root:We got a drive command: rawX:85.118000 and rawY:30.857000
DEBUG:root:Forward to the Right
DEBUG:root:Left=-30.857000 Right=-54.261000
DEBUG:root:ScaledLeft: 305.571750 ScaledRight: 252.912750
INFO:root:Looping....
DEBUG:root:This is the line: drive:30.857:85.118

DEBUG:root:We got command: drive
DEBUG:root:We got a drive command: rawX:85.118000 and rawY:30.857000
DEBUG:root:Forward to the Right
DEBUG:root:Left=-30.857000 Right=-54.261000
DEBUG:root:ScaledLeft: 305.571750 ScaledRight: 252.912750
INFO:root:Looping....
DEBUG:root:This is the line: drive:30.857:85.118

DEBUG:root:We got command: drive
DEBUG:root:We got a drive command: rawX:85.118000 and rawY:30.857000
DEBUG:root:Forward to the Right
DEBUG:root:Left=-30.857000 Right=-54.261000
DEBUG:root:ScaledLeft: 305.571750 ScaledRight: 252.912750
INFO:root:Looping....
DEBUG:root:This is the line: drive:30.857:84.811

DEBUG:root:We got command: drive
DEBUG:root:We got a drive command: rawX:84.811000 and rawY:30.857000
DEBUG:root:Forward to the Right
DEBUG:root:Left=-30.857000 Right=-53.954000
DEBUG:root:ScaledLeft: 305.571750 ScaledRight: 253.603500
INFO:root:Looping....
DEBUG:root:This is the line: drive:30.857:85.133

DEBUG:root:We got command: drive
DEBUG:root:We got a drive command: rawX:85.133000 and rawY:30.857000
DEBUG:root:Forward to the Right
DEBUG:root:Left=-30.857000 Right=-54.276000
DEBUG:root:ScaledLeft: 305.571750 ScaledRight: 252.879000
INFO:root:Looping....
DEBUG:root:This is the line: drive:30.857:84.411

DEBUG:root:We got command: drive
DEBUG:root:We got a drive command: rawX:84.411000 and rawY:30.857000
DEBUG:root:Forward to the Right
DEBUG:root:Left=-30.857000 Right=-53.554000
DEBUG:root:ScaledLeft: 305.571750 ScaledRight: 254.503500
INFO:root:Looping....
DEBUG:root:This is the line: drive:30.857:83.482

DEBUG:root:We got command: drive
DEBUG:root:We got a drive command: rawX:83.482000 and rawY:30.857000
DEBUG:root:Forward to the Right
DEBUG:root:Left=-30.857000 Right=-52.625000
DEBUG:root:ScaledLeft: 305.571750 ScaledRight: 256.593750
INFO:root:Looping....
DEBUG:root:This is the line: drive:30.857:81.033

DEBUG:root:We got command: drive
DEBUG:root:We got a drive command: rawX:81.033000 and rawY:30.857000
DEBUG:root:Forward to the Right
DEBUG:root:Left=-30.857000 Right=-50.176000
DEBUG:root:ScaledLeft: 305.571750 ScaledRight: 262.104000
INFO:root:Looping....
DEBUG:root:This is the line: drive:30.857:79.093

DEBUG:root:We got command: drive
DEBUG:root:We got a drive command: rawX:79.093000 and rawY:30.857000
DEBUG:root:Forward to the Right
DEBUG:root:Left=-30.857000 Right=-48.236000
DEBUG:root:ScaledLeft: 305.571750 ScaledRight: 266.469000
INFO:root:Looping....
DEBUG:root:This is the line: drive:30.857:75.791

DEBUG:root:We got command: drive
DEBUG:root:We got a drive command: rawX:75.791000 and rawY:30.857000
DEBUG:root:Forward to the Right
DEBUG:root:Left=-30.857000 Right=-44.934000
DEBUG:root:ScaledLeft: 305.571750 ScaledRight: 273.898500
INFO:root:Looping....
DEBUG:root:This is the line: drive:30.39:71.944

DEBUG:root:We got command: drive
DEBUG:root:We got a drive command: rawX:71.944000 and rawY:30.390000
DEBUG:root:Forward to the Right
DEBUG:root:Left=-30.390000 Right=-41.554000
DEBUG:root:ScaledLeft: 306.622500 ScaledRight: 281.503500
INFO:root:Looping....
DEBUG:root:This is the line: drive:28.544:65.716

DEBUG:root:We got command: drive
DEBUG:root:We got a drive command: rawX:65.716000 and rawY:28.544000
DEBUG:root:Forward to the Right
DEBUG:root:Left=-28.544000 Right=-37.172000
DEBUG:root:ScaledLeft: 310.776000 ScaledRight: 291.363000
INFO:root:Looping....
DEBUG:root:This is the line: drive:28.189:61.901

DEBUG:root:We got command: drive
DEBUG:root:We got a drive command: rawX:61.901000 and rawY:28.189000
DEBUG:root:Forward to the Right
DEBUG:root:Left=-28.189000 Right=-33.712000
DEBUG:root:ScaledLeft: 311.574750 ScaledRight: 299.148000
INFO:root:Looping....
DEBUG:root:This is the line: drive:26.864:57.156

DEBUG:root:We got command: drive
DEBUG:root:We got a drive command: rawX:57.156000 and rawY:26.864000
DEBUG:root:Forward to the Right
DEBUG:root:Left=-26.864000 Right=-30.292000
DEBUG:root:ScaledLeft: 314.556000 ScaledRight: 306.843000
INFO:root:Looping....
DEBUG:root:This is the line: drive:26.286:52.679

DEBUG:root:We got command: drive
DEBUG:root:We got a drive command: rawX:52.679000 and rawY:26.286000
DEBUG:root:Forward to the Right
DEBUG:root:Left=-26.286000 Right=-26.393000
DEBUG:root:ScaledLeft: 315.856500 ScaledRight: 315.615750
INFO:root:Looping....
DEBUG:root:This is the line: drive:25.429:48.954

DEBUG:root:We got command: drive
DEBUG:root:We got a drive command: rawX:48.954000 and rawY:25.429000
DEBUG:root:Forward to the Right
DEBUG:root:Left=-25.429000 Right=-23.525000
DEBUG:root:ScaledLeft: 317.784750 ScaledRight: 322.068750
INFO:root:Looping....
DEBUG:root:This is the line: drive:24.571:44.499

DEBUG:root:We got command: drive
DEBUG:root:We got a drive command: rawX:44.499000 and rawY:24.571000
DEBUG:root:Forward to the Right
DEBUG:root:Left=-24.571000 Right=-19.928000
DEBUG:root:ScaledLeft: 319.715250 ScaledRight: 330.162000
INFO:root:Looping....
DEBUG:root:This is the line: drive:24.286:40.856

DEBUG:root:We got command: drive
DEBUG:root:We got a drive command: rawX:40.856000 and rawY:24.286000
DEBUG:root:Forward to the Right
DEBUG:root:Left=-24.286000 Right=-16.570000
DEBUG:root:ScaledLeft: 320.356500 ScaledRight: 337.717500
INFO:root:Looping....
DEBUG:root:This is the line: drive:24.286:36.304

DEBUG:root:We got command: drive
DEBUG:root:We got a drive command: rawX:36.304000 and rawY:24.286000
DEBUG:root:Forward to the Right
DEBUG:root:Left=-24.286000 Right=-12.018000
DEBUG:root:ScaledLeft: 320.356500 ScaledRight: 347.959500
INFO:root:Looping....
DEBUG:root:This is the line: drive:23.714:33.333

DEBUG:root:We got command: drive
DEBUG:root:We got a drive command: rawX:33.333000 and rawY:23.714000
DEBUG:root:Forward to the Right
DEBUG:root:Left=-23.714000 Right=-9.619000
DEBUG:root:ScaledLeft: 321.643500 ScaledRight: 353.357250
INFO:root:Looping....
DEBUG:root:This is the line: drive:23.429:29.538

DEBUG:root:We got command: drive
DEBUG:root:We got a drive command: rawX:29.538000 and rawY:23.429000
DEBUG:root:Forward to the Right
DEBUG:root:Left=-23.429000 Right=-6.109000
DEBUG:root:ScaledLeft: 322.284750 ScaledRight: 361.254750
INFO:root:Looping....
DEBUG:root:This is the line: drive:23.429:26.637

DEBUG:root:We got command: drive
DEBUG:root:We got a drive command: rawX:26.637000 and rawY:23.429000
DEBUG:root:Forward to the Right
DEBUG:root:Left=-23.429000 Right=-3.208000
DEBUG:root:ScaledLeft: 322.284750 ScaledRight: 367.782000
INFO:root:Looping....
DEBUG:root:This is the line: drive:23.143:23.535

DEBUG:root:We got command: drive
DEBUG:root:We got a drive command: rawX:23.535000 and rawY:23.143000
DEBUG:root:Forward to the Right
DEBUG:root:Left=-23.143000 Right=-0.392000
DEBUG:root:ScaledLeft: 322.928250 ScaledRight: 374.118000
INFO:root:Looping....
DEBUG:root:This is the line: drive:22.857:20.711

DEBUG:root:We got command: drive
DEBUG:root:We got a drive command: rawX:20.711000 and rawY:22.857000
DEBUG:root:Forward to the Right
DEBUG:root:Left=-22.857000 Right=2.146000
DEBUG:root:ScaledLeft: 323.571750 ScaledRight: 379.828500
INFO:root:Looping....
DEBUG:root:This is the line: drive:22.571:17.808

DEBUG:root:We got command: drive
DEBUG:root:We got a drive command: rawX:17.808000 and rawY:22.571000
DEBUG:root:Forward to the Right
DEBUG:root:Left=-22.571000 Right=4.763000
DEBUG:root:ScaledLeft: 324.215250 ScaledRight: 385.716750
INFO:root:Looping....
DEBUG:root:This is the line: drive:21.974:13.338

DEBUG:root:We got command: drive
DEBUG:root:We got a drive command: rawX:13.338000 and rawY:21.974000
DEBUG:root:Forward to the Right
DEBUG:root:Left=-21.974000 Right=8.636000
DEBUG:root:ScaledLeft: 325.558500 ScaledRight: 394.431000
INFO:root:Looping....
DEBUG:root:This is the line: drive:21.429:9.916

DEBUG:root:We got command: drive
DEBUG:root:We got a drive command: rawX:9.916000 and rawY:21.429000
DEBUG:root:Forward to the Right
DEBUG:root:Left=-21.429000 Right=11.513000
DEBUG:root:ScaledLeft: 326.784750 ScaledRight: 400.904250
INFO:root:Looping....
DEBUG:root:This is the line: drive:20.286:5.807

DEBUG:root:We got command: drive
DEBUG:root:We got a drive command: rawX:5.807000 and rawY:20.286000
DEBUG:root:Forward to the Right
DEBUG:root:Left=-20.286000 Right=14.479000
DEBUG:root:ScaledLeft: 329.356500 ScaledRight: 407.577750
INFO:root:Looping....
DEBUG:root:This is the line: drive:19.143:0.298

DEBUG:root:We got command: drive
DEBUG:root:We got a drive command: rawX:0.298000 and rawY:19.143000
DEBUG:root:Forward to the Right
DEBUG:root:Left=-19.143000 Right=18.845000
DEBUG:root:ScaledLeft: 331.928250 ScaledRight: 417.401250
INFO:root:Looping....
DEBUG:root:This is the line: drive:18.286:-3.523

DEBUG:root:We got command: drive
DEBUG:root:We got a drive command: rawX:-3.523000 and rawY:18.286000
DEBUG:root:Forward to the Left/Straight
DEBUG:root:Left=-21.809000 Right=18.286000
DEBUG:root:ScaledLeft: 325.929750 ScaledRight: 416.143500
INFO:root:Looping....
DEBUG:root:This is the line: drive:17.429:-7.677

DEBUG:root:We got command: drive
DEBUG:root:We got a drive command: rawX:-7.677000 and rawY:17.429000
DEBUG:root:Forward to the Left/Straight
DEBUG:root:Left=-25.106000 Right=17.429000
DEBUG:root:ScaledLeft: 318.511500 ScaledRight: 414.215250
INFO:root:Looping....
DEBUG:root:This is the line: drive:17.143:-10.328

DEBUG:root:We got command: drive
DEBUG:root:We got a drive command: rawX:-10.328000 and rawY:17.143000
DEBUG:root:Forward to the Left/Straight
DEBUG:root:Left=-27.471000 Right=17.143000
DEBUG:root:ScaledLeft: 313.190250 ScaledRight: 413.571750
INFO:root:Looping....
DEBUG:root:This is the line: drive:16.571:-12.613

DEBUG:root:We got command: drive
DEBUG:root:We got a drive command: rawX:-12.613000 and rawY:16.571000
DEBUG:root:Forward to the Left/Straight
DEBUG:root:Left=-29.184000 Right=16.571000
DEBUG:root:ScaledLeft: 309.336000 ScaledRight: 412.284750
INFO:root:Looping....
DEBUG:root:This is the line: drive:16.571:-14.537

DEBUG:root:We got command: drive
DEBUG:root:We got a drive command: rawX:-14.537000 and rawY:16.571000
DEBUG:root:Forward to the Left/Straight
DEBUG:root:Left=-31.108000 Right=16.571000
DEBUG:root:ScaledLeft: 305.007000 ScaledRight: 412.284750
INFO:root:Looping....
DEBUG:root:This is the line: drive:16.286:-17.37

DEBUG:root:We got command: drive
DEBUG:root:We got a drive command: rawX:-17.370000 and rawY:16.286000
DEBUG:root:Forward to the Left/Straight
DEBUG:root:Left=-33.656000 Right=16.286000
DEBUG:root:ScaledLeft: 299.274000 ScaledRight: 411.643500
INFO:root:Looping....
DEBUG:root:This is the line: drive:16.286:-21.532

DEBUG:root:We got command: drive
DEBUG:root:We got a drive command: rawX:-21.532000 and rawY:16.286000
DEBUG:root:Forward to the Left/Straight
DEBUG:root:Left=-37.818000 Right=16.286000
DEBUG:root:ScaledLeft: 289.909500 ScaledRight: 411.643500
INFO:root:Looping....
DEBUG:root:This is the line: drive:16.0:-24.357

DEBUG:root:We got command: drive
DEBUG:root:We got a drive command: rawX:-24.357000 and rawY:16.000000
DEBUG:root:Forward to the Left/Straight
DEBUG:root:Left=-40.357000 Right=16.000000
DEBUG:root:ScaledLeft: 284.196750 ScaledRight: 411.000000
INFO:root:Looping....
DEBUG:root:This is the line: drive:15.714:-26.609

DEBUG:root:We got command: drive
DEBUG:root:We got a drive command: rawX:-26.609000 and rawY:15.714000
DEBUG:root:Forward to the Left/Straight
DEBUG:root:Left=-42.323000 Right=15.714000
DEBUG:root:ScaledLeft: 279.773250 ScaledRight: 410.356500
INFO:root:Looping....
DEBUG:root:This is the line: drive:15.429:-28.464

DEBUG:root:We got command: drive
DEBUG:root:We got a drive command: rawX:-28.464000 and rawY:15.429000
DEBUG:root:Forward to the Left/Straight
DEBUG:root:Left=-43.893000 Right=15.429000
DEBUG:root:ScaledLeft: 276.240750 ScaledRight: 409.715250
INFO:root:Looping....
DEBUG:root:This is the line: drive:15.126:-30.673

DEBUG:root:We got command: drive
DEBUG:root:We got a drive command: rawX:-30.673000 and rawY:15.126000
DEBUG:root:Forward to the Left/Straight
DEBUG:root:Left=-45.799000 Right=15.126000
DEBUG:root:ScaledLeft: 271.952250 ScaledRight: 409.033500
INFO:root:Looping....
DEBUG:root:This is the line: drive:14.857:-32.501

DEBUG:root:We got command: drive
DEBUG:root:We got a drive command: rawX:-32.501000 and rawY:14.857000
DEBUG:root:Forward to the Left/Straight
DEBUG:root:Left=-47.358000 Right=14.857000
DEBUG:root:ScaledLeft: 268.444500 ScaledRight: 408.428250
INFO:root:Looping....
DEBUG:root:This is the line: drive:14.571:-34.709

DEBUG:root:We got command: drive
DEBUG:root:We got a drive command: rawX:-34.709000 and rawY:14.571000
DEBUG:root:Forward to the Left/Straight
DEBUG:root:Left=-49.280000 Right=14.571000
DEBUG:root:ScaledLeft: 264.120000 ScaledRight: 407.784750
INFO:root:Looping....
DEBUG:root:This is the line: drive:14.571:-36.931

DEBUG:root:We got command: drive
DEBUG:root:We got a drive command: rawX:-36.931000 and rawY:14.571000
DEBUG:root:Forward to the Left/Straight
DEBUG:root:Left=-51.502000 Right=14.571000
DEBUG:root:ScaledLeft: 259.120500 ScaledRight: 407.784750
INFO:root:Looping....
DEBUG:root:This is the line: drive:14.571:-38.244

DEBUG:root:We got command: drive
DEBUG:root:We got a drive command: rawX:-38.244000 and rawY:14.571000
DEBUG:root:Forward to the Left/Straight
DEBUG:root:Left=-52.815000 Right=14.571000
DEBUG:root:ScaledLeft: 256.166250 ScaledRight: 407.784750
INFO:root:Looping....
DEBUG:root:This is the line: drive:14.571:-39.344

DEBUG:root:We got command: drive
DEBUG:root:We got a drive command: rawX:-39.344000 and rawY:14.571000
DEBUG:root:Forward to the Left/Straight
DEBUG:root:Left=-53.915000 Right=14.571000
DEBUG:root:ScaledLeft: 253.691250 ScaledRight: 407.784750
INFO:root:Looping....
DEBUG:root:This is the line: drive:14.571:-40.01

DEBUG:root:We got command: drive
DEBUG:root:We got a drive command: rawX:-40.010000 and rawY:14.571000
DEBUG:root:Forward to the Left/Straight
DEBUG:root:Left=-54.581000 Right=14.571000
DEBUG:root:ScaledLeft: 252.192750 ScaledRight: 407.784750
INFO:root:Looping....
DEBUG:root:This is the line: drive:14.571:-40.814

DEBUG:root:We got command: drive
DEBUG:root:We got a drive command: rawX:-40.814000 and rawY:14.571000
DEBUG:root:Forward to the Left/Straight
DEBUG:root:Left=-55.385000 Right=14.571000
DEBUG:root:ScaledLeft: 250.383750 ScaledRight: 407.784750
INFO:root:Looping....
DEBUG:root:This is the line: drive:14.173:-41.071

DEBUG:root:We got command: drive
DEBUG:root:We got a drive command: rawX:-41.071000 and rawY:14.173000
DEBUG:root:Forward to the Left/Straight
DEBUG:root:Left=-55.244000 Right=14.173000
DEBUG:root:ScaledLeft: 250.701000 ScaledRight: 406.889250
INFO:root:Looping....
DEBUG:root:This is the line: drive:14.286:-42.018

DEBUG:root:We got command: drive
DEBUG:root:We got a drive command: rawX:-42.018000 and rawY:14.286000
DEBUG:root:Forward to the Left/Straight
DEBUG:root:Left=-56.304000 Right=14.286000
DEBUG:root:ScaledLeft: 248.316000 ScaledRight: 407.143500
INFO:root:Looping....
DEBUG:root:This is the line: drive:14.286:-42.562

DEBUG:root:We got command: drive
DEBUG:root:We got a drive command: rawX:-42.562000 and rawY:14.286000
DEBUG:root:Forward to the Left/Straight
DEBUG:root:Left=-56.848000 Right=14.286000
DEBUG:root:ScaledLeft: 247.092000 ScaledRight: 407.143500
INFO:root:Looping....
DEBUG:root:This is the line: drive:13.945:-42.915

DEBUG:root:We got command: drive
DEBUG:root:We got a drive command: rawX:-42.915000 and rawY:13.945000
DEBUG:root:Forward to the Left/Straight
DEBUG:root:Left=-56.860000 Right=13.945000
DEBUG:root:ScaledLeft: 247.065000 ScaledRight: 406.376250
INFO:root:Looping....
DEBUG:root:This is the line: drive:13.689:-43.478

DEBUG:root:We got command: drive
DEBUG:root:We got a drive command: rawX:-43.478000 and rawY:13.689000
DEBUG:root:Forward to the Left/Straight
DEBUG:root:Left=-57.167000 Right=13.689000
DEBUG:root:ScaledLeft: 246.374250 ScaledRight: 405.800250
INFO:root:Looping....
DEBUG:root:This is the line: drive:13.689:-43.478

DEBUG:root:We got command: drive
DEBUG:root:We got a drive command: rawX:-43.478000 and rawY:13.689000
DEBUG:root:Forward to the Left/Straight
DEBUG:root:Left=-57.167000 Right=13.689000
DEBUG:root:ScaledLeft: 246.374250 ScaledRight: 405.800250
INFO:root:Looping....
DEBUG:root:This is the line: drive:13.714:-44.157

DEBUG:root:We got command: drive
DEBUG:root:We got a drive command: rawX:-44.157000 and rawY:13.714000
DEBUG:root:Forward to the Left/Straight
DEBUG:root:Left=-57.871000 Right=13.714000
DEBUG:root:ScaledLeft: 244.790250 ScaledRight: 405.856500
INFO:root:Looping....
DEBUG:root:This is the line: drive:13.286:-44.345

DEBUG:root:We got command: drive
DEBUG:root:We got a drive command: rawX:-44.345000 and rawY:13.286000
DEBUG:root:Forward to the Left/Straight
DEBUG:root:Left=-57.631000 Right=13.286000
DEBUG:root:ScaledLeft: 245.330250 ScaledRight: 404.893500
INFO:root:Looping....
DEBUG:root:This is the line: drive:13.286:-44.345

DEBUG:root:We got command: drive
DEBUG:root:We got a drive command: rawX:-44.345000 and rawY:13.286000
DEBUG:root:Forward to the Left/Straight
DEBUG:root:Left=-57.631000 Right=13.286000
DEBUG:root:ScaledLeft: 245.330250 ScaledRight: 404.893500
INFO:root:Looping....
DEBUG:root:This is the line: drive:13.286:-44.345

DEBUG:root:We got command: drive
DEBUG:root:We got a drive command: rawX:-44.345000 and rawY:13.286000
DEBUG:root:Forward to the Left/Straight
DEBUG:root:Left=-57.631000 Right=13.286000
DEBUG:root:ScaledLeft: 245.330250 ScaledRight: 404.893500
INFO:root:Looping....
DEBUG:root:This is the line: drive:13.127:-43.752

DEBUG:root:We got command: drive
DEBUG:root:We got a drive command: rawX:-43.752000 and rawY:13.127000
DEBUG:root:Forward to the Left/Straight
DEBUG:root:Left=-56.879000 Right=13.127000
DEBUG:root:ScaledLeft: 247.022250 ScaledRight: 404.535750
INFO:root:Looping....
DEBUG:root:This is the line: drive:13.143:-41.535

DEBUG:root:We got command: drive
DEBUG:root:We got a drive command: rawX:-41.535000 and rawY:13.143000
DEBUG:root:Forward to the Left/Straight
DEBUG:root:Left=-54.678000 Right=13.143000
DEBUG:root:ScaledLeft: 251.974500 ScaledRight: 404.571750
INFO:root:Looping....
DEBUG:root:This is the line: drive:13.143:-39.704

DEBUG:root:We got command: drive
DEBUG:root:We got a drive command: rawX:-39.704000 and rawY:13.143000
DEBUG:root:Forward to the Left/Straight
DEBUG:root:Left=-52.847000 Right=13.143000
DEBUG:root:ScaledLeft: 256.094250 ScaledRight: 404.571750
INFO:root:Looping....
DEBUG:root:This is the line: drive:13.143:-37.482

DEBUG:root:We got command: drive
DEBUG:root:We got a drive command: rawX:-37.482000 and rawY:13.143000
DEBUG:root:Forward to the Left/Straight
DEBUG:root:Left=-50.625000 Right=13.143000
DEBUG:root:ScaledLeft: 261.093750 ScaledRight: 404.571750
INFO:root:Looping....
DEBUG:root:This is the line: drive:13.143:-35.565

DEBUG:root:We got command: drive
DEBUG:root:We got a drive command: rawX:-35.565000 and rawY:13.143000
DEBUG:root:Forward to the Left/Straight
DEBUG:root:Left=-48.708000 Right=13.143000
DEBUG:root:ScaledLeft: 265.407000 ScaledRight: 404.571750
INFO:root:Looping....
DEBUG:root:This is the line: drive:12.857:-33.427

DEBUG:root:We got command: drive
DEBUG:root:We got a drive command: rawX:-33.427000 and rawY:12.857000
DEBUG:root:Forward to the Left/Straight
DEBUG:root:Left=-46.284000 Right=12.857000
DEBUG:root:ScaledLeft: 270.861000 ScaledRight: 403.928250
INFO:root:Looping....
DEBUG:root:This is the line: drive:12.571:-31.194

DEBUG:root:We got command: drive
DEBUG:root:We got a drive command: rawX:-31.194000 and rawY:12.571000
DEBUG:root:Forward to the Left/Straight
DEBUG:root:Left=-43.765000 Right=12.571000
DEBUG:root:ScaledLeft: 276.528750 ScaledRight: 403.284750
INFO:root:Looping....
DEBUG:root:This is the line: drive:12.571:-29.351

DEBUG:root:We got command: drive
DEBUG:root:We got a drive command: rawX:-29.351000 and rawY:12.571000
DEBUG:root:Forward to the Left/Straight
DEBUG:root:Left=-41.922000 Right=12.571000
DEBUG:root:ScaledLeft: 280.675500 ScaledRight: 403.284750
INFO:root:Looping....
DEBUG:root:This is the line: drive:12.571:-26.389

DEBUG:root:We got command: drive
DEBUG:root:We got a drive command: rawX:-26.389000 and rawY:12.571000
DEBUG:root:Forward to the Left/Straight
DEBUG:root:Left=-38.960000 Right=12.571000
DEBUG:root:ScaledLeft: 287.340000 ScaledRight: 403.284750
INFO:root:Looping....
DEBUG:root:This is the line: drive:12.571:-24.536

DEBUG:root:We got command: drive
DEBUG:root:We got a drive command: rawX:-24.536000 and rawY:12.571000
DEBUG:root:Forward to the Left/Straight
DEBUG:root:Left=-37.107000 Right=12.571000
DEBUG:root:ScaledLeft: 291.509250 ScaledRight: 403.284750
INFO:root:Looping....
DEBUG:root:This is the line: drive:12.571:-22.24

DEBUG:root:We got command: drive
DEBUG:root:We got a drive command: rawX:-22.240000 and rawY:12.571000
DEBUG:root:Forward to the Left/Straight
DEBUG:root:Left=-34.811000 Right=12.571000
DEBUG:root:ScaledLeft: 296.675250 ScaledRight: 403.284750
INFO:root:Looping....
DEBUG:root:This is the line: drive:12.571:-20.289

DEBUG:root:We got command: drive
DEBUG:root:We got a drive command: rawX:-20.289000 and rawY:12.571000
DEBUG:root:Forward to the Left/Straight
DEBUG:root:Left=-32.860000 Right=12.571000
DEBUG:root:ScaledLeft: 301.065000 ScaledRight: 403.284750
INFO:root:Looping....
DEBUG:root:This is the line: drive:12.926:-18.083

DEBUG:root:We got command: drive
DEBUG:root:We got a drive command: rawX:-18.083000 and rawY:12.926000
DEBUG:root:Forward to the Left/Straight
DEBUG:root:Left=-31.009000 Right=12.926000
DEBUG:root:ScaledLeft: 305.229750 ScaledRight: 404.083500
INFO:root:Looping....
DEBUG:root:This is the line: drive:13.714:-15.838

DEBUG:root:We got command: drive
DEBUG:root:We got a drive command: rawX:-15.838000 and rawY:13.714000
DEBUG:root:Forward to the Left/Straight
DEBUG:root:Left=-29.552000 Right=13.714000
DEBUG:root:ScaledLeft: 308.508000 ScaledRight: 405.856500
INFO:root:Looping....
DEBUG:root:This is the line: drive:14.56:-14.0

DEBUG:root:We got command: drive
DEBUG:root:We got a drive command: rawX:-14.000000 and rawY:14.560000
DEBUG:root:Forward to the Left/Straight
DEBUG:root:Left=-28.560000 Right=14.560000
DEBUG:root:ScaledLeft: 310.740000 ScaledRight: 407.760000
INFO:root:Looping....
DEBUG:root:This is the line: drive:16.269:-11.029

DEBUG:root:We got command: drive
DEBUG:root:We got a drive command: rawX:-11.029000 and rawY:16.269000
DEBUG:root:Forward to the Left/Straight
DEBUG:root:Left=-27.298000 Right=16.269000
DEBUG:root:ScaledLeft: 313.579500 ScaledRight: 411.605250
INFO:root:Looping....
DEBUG:root:This is the line: drive:17.135:-9.234

DEBUG:root:We got command: drive
DEBUG:root:We got a drive command: rawX:-9.234000 and rawY:17.135000
DEBUG:root:Forward to the Left/Straight
DEBUG:root:Left=-26.369000 Right=17.135000
DEBUG:root:ScaledLeft: 315.669750 ScaledRight: 413.553750
INFO:root:Looping....
DEBUG:root:This is the line: drive:17.143:-6.963

DEBUG:root:We got command: drive
DEBUG:root:We got a drive command: rawX:-6.963000 and rawY:17.143000
DEBUG:root:Forward to the Left/Straight
DEBUG:root:Left=-24.106000 Right=17.143000
DEBUG:root:ScaledLeft: 320.761500 ScaledRight: 413.571750
INFO:root:Looping....
DEBUG:root:This is the line: drive:17.429:-5.091

DEBUG:root:We got command: drive
DEBUG:root:We got a drive command: rawX:-5.091000 and rawY:17.429000
DEBUG:root:Forward to the Left/Straight
DEBUG:root:Left=-22.520000 Right=17.429000
DEBUG:root:ScaledLeft: 324.330000 ScaledRight: 414.215250
INFO:root:Looping....
DEBUG:root:This is the line: drive:18.0:-2.904

DEBUG:root:We got command: drive
DEBUG:root:We got a drive command: rawX:-2.904000 and rawY:18.000000
DEBUG:root:Forward to the Left/Straight
DEBUG:root:Left=-20.904000 Right=18.000000
DEBUG:root:ScaledLeft: 327.966000 ScaledRight: 415.500000
INFO:root:Looping....
DEBUG:root:This is the line: drive:18.286:-0.677

DEBUG:root:We got command: drive
DEBUG:root:We got a drive command: rawX:-0.677000 and rawY:18.286000
DEBUG:root:Forward to the Left/Straight
DEBUG:root:Left=-18.963000 Right=18.286000
DEBUG:root:ScaledLeft: 332.333250 ScaledRight: 416.143500
INFO:root:Looping....
DEBUG:root:This is the line: drive:18.286:1.158

DEBUG:root:We got command: drive
DEBUG:root:We got a drive command: rawX:1.158000 and rawY:18.286000
DEBUG:root:Forward to the Right
DEBUG:root:Left=-18.286000 Right=17.128000
DEBUG:root:ScaledLeft: 333.856500 ScaledRight: 413.538000
INFO:root:Looping....
DEBUG:root:This is the line: drive:18.857:2.221

DEBUG:root:We got command: drive
DEBUG:root:We got a drive command: rawX:2.221000 and rawY:18.857000
DEBUG:root:Forward to the Right
DEBUG:root:Left=-18.857000 Right=16.636000
DEBUG:root:ScaledLeft: 332.571750 ScaledRight: 412.431000
INFO:root:Looping....
DEBUG:root:This is the line: drive:19.341:3.777

DEBUG:root:We got command: drive
DEBUG:root:We got a drive command: rawX:3.777000 and rawY:19.341000
DEBUG:root:Forward to the Right
DEBUG:root:Left=-19.341000 Right=15.564000
DEBUG:root:ScaledLeft: 331.482750 ScaledRight: 410.019000
INFO:root:Looping....
DEBUG:root:This is the line: drive:20.0:5.275

DEBUG:root:We got command: drive
DEBUG:root:We got a drive command: rawX:5.275000 and rawY:20.000000
DEBUG:root:Forward to the Right
DEBUG:root:Left=-20.000000 Right=14.725000
DEBUG:root:ScaledLeft: 330.000000 ScaledRight: 408.131250
INFO:root:Looping....
DEBUG:root:This is the line: drive:20.571:8.269

DEBUG:root:We got command: drive
DEBUG:root:We got a drive command: rawX:8.269000 and rawY:20.571000
DEBUG:root:Forward to the Right
DEBUG:root:Left=-20.571000 Right=12.302000
DEBUG:root:ScaledLeft: 328.715250 ScaledRight: 402.679500
INFO:root:Looping....
DEBUG:root:This is the line: drive:20.993:10.856

DEBUG:root:We got command: drive
DEBUG:root:We got a drive command: rawX:10.856000 and rawY:20.993000
DEBUG:root:Forward to the Right
DEBUG:root:Left=-20.993000 Right=10.137000
DEBUG:root:ScaledLeft: 327.765750 ScaledRight: 397.808250
INFO:root:Looping....
DEBUG:root:This is the line: drive:21.714:13.09

DEBUG:root:We got command: drive
DEBUG:root:We got a drive command: rawX:13.090000 and rawY:21.714000
DEBUG:root:Forward to the Right
DEBUG:root:Left=-21.714000 Right=8.624000
DEBUG:root:ScaledLeft: 326.143500 ScaledRight: 394.404000
INFO:root:Looping....
DEBUG:root:This is the line: drive:22.286:15.52

DEBUG:root:We got command: drive
DEBUG:root:We got a drive command: rawX:15.520000 and rawY:22.286000
DEBUG:root:Forward to the Right
DEBUG:root:Left=-22.286000 Right=6.766000
DEBUG:root:ScaledLeft: 324.856500 ScaledRight: 390.223500
INFO:root:Looping....
DEBUG:root:This is the line: drive:22.571:18.358

DEBUG:root:We got command: drive
DEBUG:root:We got a drive command: rawX:18.358000 and rawY:22.571000
DEBUG:root:Forward to the Right
DEBUG:root:Left=-22.571000 Right=4.213000
DEBUG:root:ScaledLeft: 324.215250 ScaledRight: 384.479250
INFO:root:Looping....
DEBUG:root:This is the line: drive:22.857:20.833

DEBUG:root:We got command: drive
DEBUG:root:We got a drive command: rawX:20.833000 and rawY:22.857000
DEBUG:root:Forward to the Right
DEBUG:root:Left=-22.857000 Right=2.024000
DEBUG:root:ScaledLeft: 323.571750 ScaledRight: 379.554000
INFO:root:Looping....
DEBUG:root:This is the line: drive:22.857:24.248

DEBUG:root:We got command: drive
DEBUG:root:We got a drive command: rawX:24.248000 and rawY:22.857000
DEBUG:root:Forward to the Right
DEBUG:root:Left=-22.857000 Right=-1.391000
DEBUG:root:ScaledLeft: 323.571750 ScaledRight: 371.870250
INFO:root:Looping....
DEBUG:root:This is the line: drive:22.857:26.85

DEBUG:root:We got command: drive
DEBUG:root:We got a drive command: rawX:26.850000 and rawY:22.857000
DEBUG:root:Forward to the Right
DEBUG:root:Left=-22.857000 Right=-3.993000
DEBUG:root:ScaledLeft: 323.571750 ScaledRight: 366.015750
INFO:root:Looping....
DEBUG:root:This is the line: drive:22.857:29.089

DEBUG:root:We got command: drive
DEBUG:root:We got a drive command: rawX:29.089000 and rawY:22.857000
DEBUG:root:Forward to the Right
DEBUG:root:Left=-22.857000 Right=-6.232000
DEBUG:root:ScaledLeft: 323.571750 ScaledRight: 360.978000
INFO:root:Looping....
DEBUG:root:This is the line: drive:22.857:30.579

DEBUG:root:We got command: drive
DEBUG:root:We got a drive command: rawX:30.579000 and rawY:22.857000
DEBUG:root:Forward to the Right
DEBUG:root:Left=-22.857000 Right=-7.722000
DEBUG:root:ScaledLeft: 323.571750 ScaledRight: 357.625500
INFO:root:Looping....
DEBUG:root:This is the line: drive:22.857:33.167

DEBUG:root:We got command: drive
DEBUG:root:We got a drive command: rawX:33.167000 and rawY:22.857000
DEBUG:root:Forward to the Right
DEBUG:root:Left=-22.857000 Right=-10.310000
DEBUG:root:ScaledLeft: 323.571750 ScaledRight: 351.802500
INFO:root:Looping....
DEBUG:root:This is the line: drive:22.857:34.97

DEBUG:root:We got command: drive
DEBUG:root:We got a drive command: rawX:34.970000 and rawY:22.857000
DEBUG:root:Forward to the Right
DEBUG:root:Left=-22.857000 Right=-12.113000
DEBUG:root:ScaledLeft: 323.571750 ScaledRight: 347.745750
INFO:root:Looping....
DEBUG:root:This is the line: drive:22.857:35.816

DEBUG:root:We got command: drive
DEBUG:root:We got a drive command: rawX:35.816000 and rawY:22.857000
DEBUG:root:Forward to the Right
DEBUG:root:Left=-22.857000 Right=-12.959000
DEBUG:root:ScaledLeft: 323.571750 ScaledRight: 345.842250
INFO:root:Looping....
DEBUG:root:This is the line: drive:22.857:36.756

DEBUG:root:We got command: drive
DEBUG:root:We got a drive command: rawX:36.756000 and rawY:22.857000
DEBUG:root:Forward to the Right
DEBUG:root:Left=-22.857000 Right=-13.899000
DEBUG:root:ScaledLeft: 323.571750 ScaledRight: 343.727250
INFO:root:Looping....
DEBUG:root:This is the line: drive:22.857:39.088

DEBUG:root:We got command: drive
DEBUG:root:We got a drive command: rawX:39.088000 and rawY:22.857000
DEBUG:root:Forward to the Right
DEBUG:root:Left=-22.857000 Right=-16.231000
DEBUG:root:ScaledLeft: 323.571750 ScaledRight: 338.480250
INFO:root:Looping....
DEBUG:root:This is the line: drive:23.579:40.179

DEBUG:root:We got command: drive
DEBUG:root:We got a drive command: rawX:40.179000 and rawY:23.579000
DEBUG:root:Forward to the Right
DEBUG:root:Left=-23.579000 Right=-16.600000
DEBUG:root:ScaledLeft: 321.947250 ScaledRight: 337.650000
INFO:root:Looping....
DEBUG:root:This is the line: drive:26.487:42.069

DEBUG:root:We got command: drive
DEBUG:root:We got a drive command: rawX:42.069000 and rawY:26.487000
DEBUG:root:Forward to the Right
DEBUG:root:Left=-26.487000 Right=-15.582000
DEBUG:root:ScaledLeft: 315.404250 ScaledRight: 339.940500
INFO:root:Looping....
DEBUG:root:This is the line: drive:34.01:42.857

DEBUG:root:We got command: drive
DEBUG:root:We got a drive command: rawX:42.857000 and rawY:34.010000
DEBUG:root:Forward to the Right
DEBUG:root:Left=-34.010000 Right=-8.847000
DEBUG:root:ScaledLeft: 298.477500 ScaledRight: 355.094250
INFO:root:Looping....
DEBUG:root:This is the line: drive:45.787:42.857

DEBUG:root:We got command: drive
DEBUG:root:We got a drive command: rawX:42.857000 and rawY:45.787000
DEBUG:root:Forward to the Right
DEBUG:root:Left=-45.787000 Right=2.930000
DEBUG:root:ScaledLeft: 271.979250 ScaledRight: 381.592500
INFO:root:Looping....
DEBUG:root:This is the line: drive:53.212:42.857

DEBUG:root:We got command: drive
DEBUG:root:We got a drive command: rawX:42.857000 and rawY:53.212000
DEBUG:root:Forward to the Right
DEBUG:root:Left=-53.212000 Right=10.355000
DEBUG:root:ScaledLeft: 255.273000 ScaledRight: 398.298750
INFO:root:Looping....
DEBUG:root:This is the line: drive:60.452:42.857

DEBUG:root:We got command: drive
DEBUG:root:We got a drive command: rawX:42.857000 and rawY:60.452000
DEBUG:root:Forward to the Right
DEBUG:root:Left=-60.452000 Right=17.595000
DEBUG:root:ScaledLeft: 238.983000 ScaledRight: 414.588750
INFO:root:Looping....
DEBUG:root:This is the line: drive:64.153:42.857

DEBUG:root:We got command: drive
DEBUG:root:We got a drive command: rawX:42.857000 and rawY:64.153000
DEBUG:root:Forward to the Right
DEBUG:root:Left=-64.153000 Right=21.296000
DEBUG:root:ScaledLeft: 230.655750 ScaledRight: 422.916000
INFO:root:Looping....
DEBUG:root:This is the line: drive:67.708:42.857

DEBUG:root:We got command: drive
DEBUG:root:We got a drive command: rawX:42.857000 and rawY:67.708000
DEBUG:root:Forward to the Right
DEBUG:root:Left=-67.708000 Right=24.851000
DEBUG:root:ScaledLeft: 222.657000 ScaledRight: 430.914750
INFO:root:Looping....
DEBUG:root:This is the line: drive:70.428:42.857

DEBUG:root:We got command: drive
DEBUG:root:We got a drive command: rawX:42.857000 and rawY:70.428000
DEBUG:root:Forward to the Right
DEBUG:root:Left=-70.428000 Right=27.571000
DEBUG:root:ScaledLeft: 216.537000 ScaledRight: 437.034750
INFO:root:Looping....
DEBUG:root:This is the line: drive:72.196:42.857

DEBUG:root:We got command: drive
DEBUG:root:We got a drive command: rawX:42.857000 and rawY:72.196000
DEBUG:root:Forward to the Right
DEBUG:root:Left=-72.196000 Right=29.339000
DEBUG:root:ScaledLeft: 212.559000 ScaledRight: 441.012750
INFO:root:Looping....
DEBUG:root:This is the line: drive:74.347:42.857

DEBUG:root:We got command: drive
DEBUG:root:We got a drive command: rawX:42.857000 and rawY:74.347000
DEBUG:root:Forward to the Right
DEBUG:root:Left=-74.347000 Right=31.490000
DEBUG:root:ScaledLeft: 207.719250 ScaledRight: 445.852500
INFO:root:Looping....
DEBUG:root:This is the line: drive:76.12:43.75

DEBUG:root:We got command: drive
DEBUG:root:We got a drive command: rawX:43.750000 and rawY:76.120000
DEBUG:root:Forward to the Right
DEBUG:root:Left=-76.120000 Right=32.370000
DEBUG:root:ScaledLeft: 203.730000 ScaledRight: 447.832500
INFO:root:Looping....
DEBUG:root:This is the line: drive:78.984:44.775

DEBUG:root:We got command: drive
DEBUG:root:We got a drive command: rawX:44.775000 and rawY:78.984000
DEBUG:root:Forward to the Right
DEBUG:root:Left=-78.984000 Right=34.209000
DEBUG:root:ScaledLeft: 197.286000 ScaledRight: 451.970250
INFO:root:Looping....
DEBUG:root:This is the line: drive:80.815:45.536

DEBUG:root:We got command: drive
DEBUG:root:We got a drive command: rawX:45.536000 and rawY:80.815000
DEBUG:root:Forward to the Right
DEBUG:root:Left=-80.815000 Right=35.279000
DEBUG:root:ScaledLeft: 193.166250 ScaledRight: 454.377750
INFO:root:Looping....
DEBUG:root:This is the line: drive:82.143:45.536

DEBUG:root:We got command: drive
DEBUG:root:We got a drive command: rawX:45.536000 and rawY:82.143000
DEBUG:root:Forward to the Right
DEBUG:root:Left=-82.143000 Right=36.607000
DEBUG:root:ScaledLeft: 190.178250 ScaledRight: 457.365750
INFO:root:Looping....
DEBUG:root:This is the line: drive:82.857:46.378

DEBUG:root:We got command: drive
DEBUG:root:We got a drive command: rawX:46.378000 and rawY:82.857000
DEBUG:root:Forward to the Right
DEBUG:root:Left=-82.857000 Right=36.479000
DEBUG:root:ScaledLeft: 188.571750 ScaledRight: 457.077750
INFO:root:Looping....
DEBUG:root:This is the line: drive:83.165:46.429

DEBUG:root:We got command: drive
DEBUG:root:We got a drive command: rawX:46.429000 and rawY:83.165000
DEBUG:root:Forward to the Right
DEBUG:root:Left=-83.165000 Right=36.736000
DEBUG:root:ScaledLeft: 187.878750 ScaledRight: 457.656000
INFO:root:Looping....
DEBUG:root:This is the line: drive:83.165:46.429

DEBUG:root:We got command: drive
DEBUG:root:We got a drive command: rawX:46.429000 and rawY:83.165000
DEBUG:root:Forward to the Right
DEBUG:root:Left=-83.165000 Right=36.736000
DEBUG:root:ScaledLeft: 187.878750 ScaledRight: 457.656000
INFO:root:Looping....
DEBUG:root:This is the line: drive:83.446:46.429

DEBUG:root:We got command: drive
DEBUG:root:We got a drive command: rawX:46.429000 and rawY:83.446000
DEBUG:root:Forward to the Right
DEBUG:root:Left=-83.446000 Right=37.017000
DEBUG:root:ScaledLeft: 187.246500 ScaledRight: 458.288250
INFO:root:Looping....
DEBUG:root:This is the line: drive:83.429:46.875

DEBUG:root:We got command: drive
DEBUG:root:We got a drive command: rawX:46.875000 and rawY:83.429000
DEBUG:root:Forward to the Right
DEBUG:root:Left=-83.429000 Right=36.554000
DEBUG:root:ScaledLeft: 187.284750 ScaledRight: 457.246500
INFO:root:Looping....
DEBUG:root:This is the line: drive:83.429:46.875

DEBUG:root:We got command: drive
DEBUG:root:We got a drive command: rawX:46.875000 and rawY:83.429000
DEBUG:root:Forward to the Right
DEBUG:root:Left=-83.429000 Right=36.554000
DEBUG:root:ScaledLeft: 187.284750 ScaledRight: 457.246500
INFO:root:Looping....
DEBUG:root:This is the line: drive:83.714:47.362

DEBUG:root:We got command: drive
DEBUG:root:We got a drive command: rawX:47.362000 and rawY:83.714000
DEBUG:root:Forward to the Right
DEBUG:root:Left=-83.714000 Right=36.352000
DEBUG:root:ScaledLeft: 186.643500 ScaledRight: 456.792000
INFO:root:Looping....
DEBUG:root:This is the line: drive:83.714:47.362

DEBUG:root:We got command: drive
DEBUG:root:We got a drive command: rawX:47.362000 and rawY:83.714000
DEBUG:root:Forward to the Right
DEBUG:root:Left=-83.714000 Right=36.352000
DEBUG:root:ScaledLeft: 186.643500 ScaledRight: 456.792000
INFO:root:Looping....
DEBUG:root:This is the line: drive:84.0:48.344

DEBUG:root:We got command: drive
DEBUG:root:We got a drive command: rawX:48.344000 and rawY:84.000000
DEBUG:root:Forward to the Right
DEBUG:root:Left=-84.000000 Right=35.656000
DEBUG:root:ScaledLeft: 186.000000 ScaledRight: 455.226000
INFO:root:Looping....
DEBUG:root:This is the line: drive:84.0:48.601

DEBUG:root:We got command: drive
DEBUG:root:We got a drive command: rawX:48.601000 and rawY:84.000000
DEBUG:root:Forward to the Right
DEBUG:root:Left=-84.000000 Right=35.399000
DEBUG:root:ScaledLeft: 186.000000 ScaledRight: 454.647750
INFO:root:Looping....
DEBUG:root:This is the line: drive:84.0:48.601

DEBUG:root:We got command: drive
DEBUG:root:We got a drive command: rawX:48.601000 and rawY:84.000000
DEBUG:root:Forward to the Right
DEBUG:root:Left=-84.000000 Right=35.399000
DEBUG:root:ScaledLeft: 186.000000 ScaledRight: 454.647750
INFO:root:Looping....
DEBUG:root:This is the line: drive:84.0:48.601

DEBUG:root:We got command: drive
DEBUG:root:We got a drive command: rawX:48.601000 and rawY:84.000000
DEBUG:root:Forward to the Right
DEBUG:root:Left=-84.000000 Right=35.399000
DEBUG:root:ScaledLeft: 186.000000 ScaledRight: 454.647750
INFO:root:Looping....
DEBUG:root:This is the line: drive:84.0:48.601

DEBUG:root:We got command: drive
DEBUG:root:We got a drive command: rawX:48.601000 and rawY:84.000000
DEBUG:root:Forward to the Right
DEBUG:root:Left=-84.000000 Right=35.399000
DEBUG:root:ScaledLeft: 186.000000 ScaledRight: 454.647750
INFO:root:Looping....
DEBUG:root:This is the line: drive:84.0:48.601

DEBUG:root:We got command: drive
DEBUG:root:We got a drive command: rawX:48.601000 and rawY:84.000000
DEBUG:root:Forward to the Right
DEBUG:root:Left=-84.000000 Right=35.399000
DEBUG:root:ScaledLeft: 186.000000 ScaledRight: 454.647750
INFO:root:Looping....
DEBUG:root:This is the line: drive:84.0:48.601

DEBUG:root:We got command: drive
DEBUG:root:We got a drive command: rawX:48.601000 and rawY:84.000000
DEBUG:root:Forward to the Right
DEBUG:root:Left=-84.000000 Right=35.399000
DEBUG:root:ScaledLeft: 186.000000 ScaledRight: 454.647750
INFO:root:Looping....
DEBUG:root:This is the line: drive:84.0:48.601

DEBUG:root:We got command: drive
DEBUG:root:We got a drive command: rawX:48.601000 and rawY:84.000000
DEBUG:root:Forward to the Right
DEBUG:root:Left=-84.000000 Right=35.399000
DEBUG:root:ScaledLeft: 186.000000 ScaledRight: 454.647750
INFO:root:Looping....
DEBUG:root:This is the line: drive:84.0:48.601

DEBUG:root:We got command: drive
DEBUG:root:We got a drive command: rawX:48.601000 and rawY:84.000000
DEBUG:root:Forward to the Right
DEBUG:root:Left=-84.000000 Right=35.399000
DEBUG:root:ScaledLeft: 186.000000 ScaledRight: 454.647750
INFO:root:Looping....
DEBUG:root:This is the line: drive:84.0:48.601

DEBUG:root:We got command: drive
DEBUG:root:We got a drive command: rawX:48.601000 and rawY:84.000000
DEBUG:root:Forward to the Right
DEBUG:root:Left=-84.000000 Right=35.399000
DEBUG:root:ScaledLeft: 186.000000 ScaledRight: 454.647750
INFO:root:Looping....
DEBUG:root:This is the line: drive:82.458:48.512

DEBUG:root:We got command: drive
DEBUG:root:We got a drive command: rawX:48.512000 and rawY:82.458000
DEBUG:root:Forward to the Right
DEBUG:root:Left=-82.458000 Right=33.946000
DEBUG:root:ScaledLeft: 189.469500 ScaledRight: 451.378500
INFO:root:Looping....
DEBUG:root:This is the line: drive:80.689:48.512

DEBUG:root:We got command: drive
DEBUG:root:We got a drive command: rawX:48.512000 and rawY:80.689000
DEBUG:root:Forward to the Right
DEBUG:root:Left=-80.689000 Right=32.177000
DEBUG:root:ScaledLeft: 193.449750 ScaledRight: 447.398250
INFO:root:Looping....
DEBUG:root:This is the line: drive:76.45:48.512

DEBUG:root:We got command: drive
DEBUG:root:We got a drive command: rawX:48.512000 and rawY:76.450000
DEBUG:root:Forward to the Right
DEBUG:root:Left=-76.450000 Right=27.938000
DEBUG:root:ScaledLeft: 202.987500 ScaledRight: 437.860500
INFO:root:Looping....
DEBUG:root:This is the line: drive:73.137:48.512

DEBUG:root:We got command: drive
DEBUG:root:We got a drive command: rawX:48.512000 and rawY:73.137000
DEBUG:root:Forward to the Right
DEBUG:root:Left=-73.137000 Right=24.625000
DEBUG:root:ScaledLeft: 210.441750 ScaledRight: 430.406250
INFO:root:Looping....
DEBUG:root:This is the line: drive:70.726:48.512

DEBUG:root:We got command: drive
DEBUG:root:We got a drive command: rawX:48.512000 and rawY:70.726000
DEBUG:root:Forward to the Right
DEBUG:root:Left=-70.726000 Right=22.214000
DEBUG:root:ScaledLeft: 215.866500 ScaledRight: 424.981500
INFO:root:Looping....
DEBUG:root:This is the line: drive:68.349:48.512

DEBUG:root:We got command: drive
DEBUG:root:We got a drive command: rawX:48.512000 and rawY:68.349000
DEBUG:root:Forward to the Right
DEBUG:root:Left=-68.349000 Right=19.837000
DEBUG:root:ScaledLeft: 221.214750 ScaledRight: 419.633250
INFO:root:Looping....
DEBUG:root:This is the line: drive:66.574:48.512

DEBUG:root:We got command: drive
DEBUG:root:We got a drive command: rawX:48.512000 and rawY:66.574000
DEBUG:root:Forward to the Right
DEBUG:root:Left=-66.574000 Right=18.062000
DEBUG:root:ScaledLeft: 225.208500 ScaledRight: 415.639500
INFO:root:Looping....
DEBUG:root:This is the line: drive:63.697:48.512

DEBUG:root:We got command: drive
DEBUG:root:We got a drive command: rawX:48.512000 and rawY:63.697000
DEBUG:root:Forward to the Right
DEBUG:root:Left=-63.697000 Right=15.185000
DEBUG:root:ScaledLeft: 231.681750 ScaledRight: 409.166250
INFO:root:Looping....
DEBUG:root:This is the line: drive:61.916:48.512

DEBUG:root:We got command: drive
DEBUG:root:We got a drive command: rawX:48.512000 and rawY:61.916000
DEBUG:root:Forward to the Right
DEBUG:root:Left=-61.916000 Right=13.404000
DEBUG:root:ScaledLeft: 235.689000 ScaledRight: 405.159000
INFO:root:Looping....
DEBUG:root:This is the line: drive:59.753:48.512

DEBUG:root:We got command: drive
DEBUG:root:We got a drive command: rawX:48.512000 and rawY:59.753000
DEBUG:root:Forward to the Right
DEBUG:root:Left=-59.753000 Right=11.241000
DEBUG:root:ScaledLeft: 240.555750 ScaledRight: 400.292250
INFO:root:Looping....
DEBUG:root:This is the line: drive:57.586:48.512

DEBUG:root:We got command: drive
DEBUG:root:We got a drive command: rawX:48.512000 and rawY:57.586000
DEBUG:root:Forward to the Right
DEBUG:root:Left=-57.586000 Right=9.074000
DEBUG:root:ScaledLeft: 245.431500 ScaledRight: 395.416500
INFO:root:Looping....
DEBUG:root:This is the line: drive:55.743:48.512

DEBUG:root:We got command: drive
DEBUG:root:We got a drive command: rawX:48.512000 and rawY:55.743000
DEBUG:root:Forward to the Right
DEBUG:root:Left=-55.743000 Right=7.231000
DEBUG:root:ScaledLeft: 249.578250 ScaledRight: 391.269750
INFO:root:Looping....
DEBUG:root:This is the line: drive:52.706:48.512

DEBUG:root:We got command: drive
DEBUG:root:We got a drive command: rawX:48.512000 and rawY:52.706000
DEBUG:root:Forward to the Right
DEBUG:root:Left=-52.706000 Right=4.194000
DEBUG:root:ScaledLeft: 256.411500 ScaledRight: 384.436500
INFO:root:Looping....
DEBUG:root:This is the line: drive:49.433:48.512

DEBUG:root:We got command: drive
DEBUG:root:We got a drive command: rawX:48.512000 and rawY:49.433000
DEBUG:root:Forward to the Right
DEBUG:root:Left=-49.433000 Right=0.921000
DEBUG:root:ScaledLeft: 263.775750 ScaledRight: 377.072250
INFO:root:Looping....
DEBUG:root:This is the line: drive:45.84:48.512

DEBUG:root:We got command: drive
DEBUG:root:We got a drive command: rawX:48.512000 and rawY:45.840000
DEBUG:root:Forward to the Right
DEBUG:root:Left=-45.840000 Right=-2.672000
DEBUG:root:ScaledLeft: 271.860000 ScaledRight: 368.988000
INFO:root:Looping....
DEBUG:root:This is the line: drive:43.766:48.512

DEBUG:root:We got command: drive
DEBUG:root:We got a drive command: rawX:48.512000 and rawY:43.766000
DEBUG:root:Forward to the Right
DEBUG:root:Left=-43.766000 Right=-4.746000
DEBUG:root:ScaledLeft: 276.526500 ScaledRight: 364.321500
INFO:root:Looping....
DEBUG:root:This is the line: drive:40.674:48.512

DEBUG:root:We got command: drive
DEBUG:root:We got a drive command: rawX:48.512000 and rawY:40.674000
DEBUG:root:Forward to the Right
DEBUG:root:Left=-40.674000 Right=-7.838000
DEBUG:root:ScaledLeft: 283.483500 ScaledRight: 357.364500
INFO:root:Looping....
DEBUG:root:This is the line: drive:38.425:48.512

DEBUG:root:We got command: drive
DEBUG:root:We got a drive command: rawX:48.512000 and rawY:38.425000
DEBUG:root:Forward to the Right
DEBUG:root:Left=-38.425000 Right=-10.087000
DEBUG:root:ScaledLeft: 288.543750 ScaledRight: 352.304250
INFO:root:Looping....
DEBUG:root:This is the line: drive:35.837:48.512

DEBUG:root:We got command: drive
DEBUG:root:We got a drive command: rawX:48.512000 and rawY:35.837000
DEBUG:root:Forward to the Right
DEBUG:root:Left=-35.837000 Right=-12.675000
DEBUG:root:ScaledLeft: 294.366750 ScaledRight: 346.481250
INFO:root:Looping....
DEBUG:root:This is the line: drive:33.596:48.512

DEBUG:root:We got command: drive
DEBUG:root:We got a drive command: rawX:48.512000 and rawY:33.596000
DEBUG:root:Forward to the Right
DEBUG:root:Left=-33.596000 Right=-14.916000
DEBUG:root:ScaledLeft: 299.409000 ScaledRight: 341.439000
INFO:root:Looping....
DEBUG:root:This is the line: drive:31.843:48.512

DEBUG:root:We got command: drive
DEBUG:root:We got a drive command: rawX:48.512000 and rawY:31.843000
DEBUG:root:Forward to the Right
DEBUG:root:Left=-31.843000 Right=-16.669000
DEBUG:root:ScaledLeft: 303.353250 ScaledRight: 337.494750
INFO:root:Looping....
DEBUG:root:This is the line: drive:29.644:48.512

DEBUG:root:We got command: drive
DEBUG:root:We got a drive command: rawX:48.512000 and rawY:29.644000
DEBUG:root:Forward to the Right
DEBUG:root:Left=-29.644000 Right=-18.868000
DEBUG:root:ScaledLeft: 308.301000 ScaledRight: 332.547000
INFO:root:Looping....
DEBUG:root:This is the line: drive:27.866:48.512

DEBUG:root:We got command: drive
DEBUG:root:We got a drive command: rawX:48.512000 and rawY:27.866000
DEBUG:root:Forward to the Right
DEBUG:root:Left=-27.866000 Right=-20.646000
DEBUG:root:ScaledLeft: 312.301500 ScaledRight: 328.546500
INFO:root:Looping....
DEBUG:root:This is the line: drive:24.978:48.512

DEBUG:root:We got command: drive
DEBUG:root:We got a drive command: rawX:48.512000 and rawY:24.978000
DEBUG:root:Forward to the Right
DEBUG:root:Left=-24.978000 Right=-23.534000
DEBUG:root:ScaledLeft: 318.799500 ScaledRight: 322.048500
INFO:root:Looping....
DEBUG:root:This is the line: drive:22.239:48.512

DEBUG:root:We got command: drive
DEBUG:root:We got a drive command: rawX:48.512000 and rawY:22.239000
DEBUG:root:Forward to the Right
DEBUG:root:Left=-22.239000 Right=-26.273000
DEBUG:root:ScaledLeft: 324.962250 ScaledRight: 315.885750
INFO:root:Looping....
DEBUG:root:This is the line: drive:18.436:48.214

DEBUG:root:We got command: drive
DEBUG:root:We got a drive command: rawX:48.214000 and rawY:18.436000
DEBUG:root:Forward to the Right
DEBUG:root:Left=-18.436000 Right=-29.778000
DEBUG:root:ScaledLeft: 333.519000 ScaledRight: 307.999500
INFO:root:Looping....
DEBUG:root:This is the line: drive:16.053:47.619

DEBUG:root:We got command: drive
DEBUG:root:We got a drive command: rawX:47.619000 and rawY:16.053000
DEBUG:root:Forward to the Right
DEBUG:root:Left=-16.053000 Right=-31.566000
DEBUG:root:ScaledLeft: 338.880750 ScaledRight: 303.976500
INFO:root:Looping....
DEBUG:root:This is the line: drive:12.918:47.321

DEBUG:root:We got command: drive
DEBUG:root:We got a drive command: rawX:47.321000 and rawY:12.918000
DEBUG:root:Forward to the Right
DEBUG:root:Left=-12.918000 Right=-34.403000
DEBUG:root:ScaledLeft: 345.934500 ScaledRight: 297.593250
INFO:root:Looping....
DEBUG:root:This is the line: drive:10.582:47.024

DEBUG:root:We got command: drive
DEBUG:root:We got a drive command: rawX:47.024000 and rawY:10.582000
DEBUG:root:Forward to the Right
DEBUG:root:Left=-10.582000 Right=-36.442000
DEBUG:root:ScaledLeft: 351.190500 ScaledRight: 293.005500
INFO:root:Looping....
DEBUG:root:This is the line: drive:8.081:46.726

DEBUG:root:We got command: drive
DEBUG:root:We got a drive command: rawX:46.726000 and rawY:8.081000
DEBUG:root:Forward to the Right
DEBUG:root:Left=-8.081000 Right=-38.645000
DEBUG:root:ScaledLeft: 356.817750 ScaledRight: 288.048750
INFO:root:Looping....
DEBUG:root:This is the line: drive:5.919:46.726

DEBUG:root:We got command: drive
DEBUG:root:We got a drive command: rawX:46.726000 and rawY:5.919000
DEBUG:root:Forward to the Right
DEBUG:root:Left=-5.919000 Right=-40.807000
DEBUG:root:ScaledLeft: 361.682250 ScaledRight: 283.184250
INFO:root:Looping....
DEBUG:root:This is the line: drive:4.142:46.726

DEBUG:root:We got command: drive
DEBUG:root:We got a drive command: rawX:46.726000 and rawY:4.142000
DEBUG:root:Forward to the Right
DEBUG:root:Left=-4.142000 Right=-42.584000
DEBUG:root:ScaledLeft: 365.680500 ScaledRight: 279.186000
INFO:root:Looping....
DEBUG:root:This is the line: drive:3.369:46.726

DEBUG:root:We got command: drive
DEBUG:root:We got a drive command: rawX:46.726000 and rawY:3.369000
DEBUG:root:Forward to the Right
DEBUG:root:Left=-3.369000 Right=-43.357000
DEBUG:root:ScaledLeft: 367.419750 ScaledRight: 277.446750
INFO:root:Looping....
DEBUG:root:This is the line: drive:2.791:46.726

DEBUG:root:We got command: drive
DEBUG:root:We got a drive command: rawX:46.726000 and rawY:2.791000
DEBUG:root:Forward to the Right
DEBUG:root:Left=-2.791000 Right=-43.935000
DEBUG:root:ScaledLeft: 368.720250 ScaledRight: 276.146250
INFO:root:Looping....
DEBUG:root:This is the line: drive:2.143:46.429

DEBUG:root:We got command: drive
DEBUG:root:We got a drive command: rawX:46.429000 and rawY:2.143000
DEBUG:root:Forward to the Right
DEBUG:root:Left=-2.143000 Right=-44.286000
DEBUG:root:ScaledLeft: 370.178250 ScaledRight: 275.356500
INFO:root:Looping....
DEBUG:root:This is the line: drive:1.515:46.429

DEBUG:root:We got command: drive
DEBUG:root:We got a drive command: rawX:46.429000 and rawY:1.515000
DEBUG:root:Forward to the Right
DEBUG:root:Left=-1.515000 Right=-44.914000
DEBUG:root:ScaledLeft: 371.591250 ScaledRight: 273.943500
INFO:root:Looping....
DEBUG:root:This is the line: drive:0.832:46.429

DEBUG:root:We got command: drive
DEBUG:root:We got a drive command: rawX:46.429000 and rawY:0.832000
DEBUG:root:Forward to the Right
DEBUG:root:Left=-0.832000 Right=-45.597000
DEBUG:root:ScaledLeft: 373.128000 ScaledRight: 272.406750
INFO:root:Looping....
DEBUG:root:This is the line: drive:0.079:46.131

DEBUG:root:We got command: drive
DEBUG:root:We got a drive command: rawX:46.131000 and rawY:0.079000
DEBUG:root:Forward to the Right
DEBUG:root:Left=-0.079000 Right=-46.052000
DEBUG:root:ScaledLeft: 374.822250 ScaledRight: 271.383000
INFO:root:Looping....
DEBUG:root:This is the line: drive:-1.14:46.131

DEBUG:root:We got command: drive
DEBUG:root:We got a drive command: rawX:46.131000 and rawY:-1.140000
DEBUG:root:Reverse to the Right
DEBUG:root:Left=1.140000 Right=-47.271000
DEBUG:root:ScaledLeft: 377.565000 ScaledRight: 268.640250
INFO:root:Looping....
DEBUG:root:This is the line: drive:-2.013:46.131

DEBUG:root:We got command: drive
DEBUG:root:We got a drive command: rawX:46.131000 and rawY:-2.013000
DEBUG:root:Reverse to the Right
DEBUG:root:Left=2.013000 Right=-48.144000
DEBUG:root:ScaledLeft: 379.529250 ScaledRight: 266.676000
INFO:root:Looping....
DEBUG:root:This is the line: drive:-3.0:46.131

DEBUG:root:We got command: drive
DEBUG:root:We got a drive command: rawX:46.131000 and rawY:-3.000000
DEBUG:root:Reverse to the Right
DEBUG:root:Left=3.000000 Right=-49.131000
DEBUG:root:ScaledLeft: 381.750000 ScaledRight: 264.455250
INFO:root:Looping....
DEBUG:root:This is the line: drive:-4.429:46.131

DEBUG:root:We got command: drive
DEBUG:root:We got a drive command: rawX:46.131000 and rawY:-4.429000
DEBUG:root:Reverse to the Right
DEBUG:root:Left=4.429000 Right=-50.560000
DEBUG:root:ScaledLeft: 384.965250 ScaledRight: 261.240000
INFO:root:Looping....
DEBUG:root:This is the line: drive:-4.927:46.131

DEBUG:root:We got command: drive
DEBUG:root:We got a drive command: rawX:46.131000 and rawY:-4.927000
DEBUG:root:Reverse to the Right
DEBUG:root:Left=4.927000 Right=-51.058000
DEBUG:root:ScaledLeft: 386.085750 ScaledRight: 260.119500
INFO:root:Looping....
DEBUG:root:This is the line: drive:-5.794:46.131

DEBUG:root:We got command: drive
DEBUG:root:We got a drive command: rawX:46.131000 and rawY:-5.794000
DEBUG:root:Reverse to the Right
DEBUG:root:Left=5.794000 Right=-51.925000
DEBUG:root:ScaledLeft: 388.036500 ScaledRight: 258.168750
INFO:root:Looping....
DEBUG:root:This is the line: drive:-6.374:46.131

DEBUG:root:We got command: drive
DEBUG:root:We got a drive command: rawX:46.131000 and rawY:-6.374000
DEBUG:root:Reverse to the Right
DEBUG:root:Left=6.374000 Right=-52.505000
DEBUG:root:ScaledLeft: 389.341500 ScaledRight: 256.863750
INFO:root:Looping....
DEBUG:root:This is the line: drive:-6.944:46.131

DEBUG:root:We got command: drive
DEBUG:root:We got a drive command: rawX:46.131000 and rawY:-6.944000
DEBUG:root:Reverse to the Right
DEBUG:root:Left=6.944000 Right=-53.075000
DEBUG:root:ScaledLeft: 390.624000 ScaledRight: 255.581250
INFO:root:Looping....
DEBUG:root:This is the line: drive:-7.857:46.131

DEBUG:root:We got command: drive
DEBUG:root:We got a drive command: rawX:46.131000 and rawY:-7.857000
DEBUG:root:Reverse to the Right
DEBUG:root:Left=7.857000 Right=-53.988000
DEBUG:root:ScaledLeft: 392.678250 ScaledRight: 253.527000
INFO:root:Looping....
DEBUG:root:This is the line: drive:-8.23:46.131

DEBUG:root:We got command: drive
DEBUG:root:We got a drive command: rawX:46.131000 and rawY:-8.230000
DEBUG:root:Reverse to the Right
DEBUG:root:Left=8.230000 Right=-54.361000
DEBUG:root:ScaledLeft: 393.517500 ScaledRight: 252.687750
INFO:root:Looping....
DEBUG:root:This is the line: drive:-8.618:46.131

DEBUG:root:We got command: drive
DEBUG:root:We got a drive command: rawX:46.131000 and rawY:-8.618000
DEBUG:root:Reverse to the Right
DEBUG:root:Left=8.618000 Right=-54.749000
DEBUG:root:ScaledLeft: 394.390500 ScaledRight: 251.814750
INFO:root:Looping....
DEBUG:root:This is the line: drive:-9.147:46.131

DEBUG:root:We got command: drive
DEBUG:root:We got a drive command: rawX:46.131000 and rawY:-9.147000
DEBUG:root:Reverse to the Right
DEBUG:root:Left=9.147000 Right=-55.278000
DEBUG:root:ScaledLeft: 395.580750 ScaledRight: 250.624500
INFO:root:Looping....
DEBUG:root:This is the line: drive:-10.008:46.131

DEBUG:root:We got command: drive
DEBUG:root:We got a drive command: rawX:46.131000 and rawY:-10.008000
DEBUG:root:Reverse to the Right
DEBUG:root:Left=10.008000 Right=-56.139000
DEBUG:root:ScaledLeft: 397.518000 ScaledRight: 248.687250
INFO:root:Looping....
DEBUG:root:This is the line: drive:-10.977:46.131

DEBUG:root:We got command: drive
DEBUG:root:We got a drive command: rawX:46.131000 and rawY:-10.977000
DEBUG:root:Reverse to the Right
DEBUG:root:Left=10.977000 Right=-57.108000
DEBUG:root:ScaledLeft: 399.698250 ScaledRight: 246.507000
INFO:root:Looping....
DEBUG:root:This is the line: drive:-11.441:46.131

DEBUG:root:We got command: drive
DEBUG:root:We got a drive command: rawX:46.131000 and rawY:-11.441000
DEBUG:root:Reverse to the Right
DEBUG:root:Left=11.441000 Right=-57.572000
DEBUG:root:ScaledLeft: 400.742250 ScaledRight: 245.463000
INFO:root:Looping....
DEBUG:root:This is the line: drive:-12.714:46.131

DEBUG:root:We got command: drive
DEBUG:root:We got a drive command: rawX:46.131000 and rawY:-12.714000
DEBUG:root:Reverse to the Right
DEBUG:root:Left=12.714000 Right=-58.845000
DEBUG:root:ScaledLeft: 403.606500 ScaledRight: 242.598750
INFO:root:Looping....
DEBUG:root:This is the line: drive:-13.385:46.131

DEBUG:root:We got command: drive
DEBUG:root:We got a drive command: rawX:46.131000 and rawY:-13.385000
DEBUG:root:Reverse to the Right
DEBUG:root:Left=13.385000 Right=-59.516000
DEBUG:root:ScaledLeft: 405.116250 ScaledRight: 241.089000
INFO:root:Looping....
DEBUG:root:This is the line: drive:-13.991:46.131

DEBUG:root:We got command: drive
DEBUG:root:We got a drive command: rawX:46.131000 and rawY:-13.991000
DEBUG:root:Reverse to the Right
DEBUG:root:Left=13.991000 Right=-60.122000
DEBUG:root:ScaledLeft: 406.479750 ScaledRight: 239.725500
INFO:root:Looping....
DEBUG:root:This is the line: drive:-14.923:46.131

DEBUG:root:We got command: drive
DEBUG:root:We got a drive command: rawX:46.131000 and rawY:-14.923000
DEBUG:root:Reverse to the Right
DEBUG:root:Left=14.923000 Right=-61.054000
DEBUG:root:ScaledLeft: 408.576750 ScaledRight: 237.628500
INFO:root:Looping....
DEBUG:root:This is the line: drive:-15.571:46.131

DEBUG:root:We got command: drive
DEBUG:root:We got a drive command: rawX:46.131000 and rawY:-15.571000
DEBUG:root:Reverse to the Right
DEBUG:root:Left=15.571000 Right=-61.702000
DEBUG:root:ScaledLeft: 410.034750 ScaledRight: 236.170500
INFO:root:Looping....
DEBUG:root:This is the line: drive:-16.714:46.131

DEBUG:root:We got command: drive
DEBUG:root:We got a drive command: rawX:46.131000 and rawY:-16.714000
DEBUG:root:Reverse to the Right
DEBUG:root:Left=16.714000 Right=-62.845000
DEBUG:root:ScaledLeft: 412.606500 ScaledRight: 233.598750
INFO:root:Looping....
DEBUG:root:This is the line: drive:-17.571:46.131

DEBUG:root:We got command: drive
DEBUG:root:We got a drive command: rawX:46.131000 and rawY:-17.571000
DEBUG:root:Reverse to the Right
DEBUG:root:Left=17.571000 Right=-63.702000
DEBUG:root:ScaledLeft: 414.534750 ScaledRight: 231.670500
INFO:root:Looping....
DEBUG:root:This is the line: drive:-18.236:46.131

DEBUG:root:We got command: drive
DEBUG:root:We got a drive command: rawX:46.131000 and rawY:-18.236000
DEBUG:root:Reverse to the Right
DEBUG:root:Left=18.236000 Right=-64.367000
DEBUG:root:ScaledLeft: 416.031000 ScaledRight: 230.174250
INFO:root:Looping....
DEBUG:root:This is the line: drive:-19.35:46.131

DEBUG:root:We got command: drive
DEBUG:root:We got a drive command: rawX:46.131000 and rawY:-19.350000
DEBUG:root:Reverse to the Right
DEBUG:root:Left=19.350000 Right=-65.481000
DEBUG:root:ScaledLeft: 418.537500 ScaledRight: 227.667750
INFO:root:Looping....
DEBUG:root:This is the line: drive:-20.223:46.131

DEBUG:root:We got command: drive
DEBUG:root:We got a drive command: rawX:46.131000 and rawY:-20.223000
DEBUG:root:Reverse to the Right
DEBUG:root:Left=20.223000 Right=-66.354000
DEBUG:root:ScaledLeft: 420.501750 ScaledRight: 225.703500
INFO:root:Looping....
DEBUG:root:This is the line: drive:-21.205:46.131

DEBUG:root:We got command: drive
DEBUG:root:We got a drive command: rawX:46.131000 and rawY:-21.205000
DEBUG:root:Reverse to the Right
DEBUG:root:Left=21.205000 Right=-67.336000
DEBUG:root:ScaledLeft: 422.711250 ScaledRight: 223.494000
INFO:root:Looping....
DEBUG:root:This is the line: drive:-22.293:46.131

DEBUG:root:We got command: drive
DEBUG:root:We got a drive command: rawX:46.131000 and rawY:-22.293000
DEBUG:root:Reverse to the Right
DEBUG:root:Left=22.293000 Right=-68.424000
DEBUG:root:ScaledLeft: 425.159250 ScaledRight: 221.046000
INFO:root:Looping....
DEBUG:root:This is the line: drive:-23.249:46.131

DEBUG:root:We got command: drive
DEBUG:root:We got a drive command: rawX:46.131000 and rawY:-23.249000
DEBUG:root:Reverse to the Right
DEBUG:root:Left=23.249000 Right=-69.380000
DEBUG:root:ScaledLeft: 427.310250 ScaledRight: 218.895000
INFO:root:Looping....
DEBUG:root:This is the line: drive:-24.685:46.131

DEBUG:root:We got command: drive
DEBUG:root:We got a drive command: rawX:46.131000 and rawY:-24.685000
DEBUG:root:Reverse to the Right
DEBUG:root:Left=24.685000 Right=-70.816000
DEBUG:root:ScaledLeft: 430.541250 ScaledRight: 215.664000
INFO:root:Looping....
DEBUG:root:This is the line: drive:-25.857:46.131

DEBUG:root:We got command: drive
DEBUG:root:We got a drive command: rawX:46.131000 and rawY:-25.857000
DEBUG:root:Reverse to the Right
DEBUG:root:Left=25.857000 Right=-71.988000
DEBUG:root:ScaledLeft: 433.178250 ScaledRight: 213.027000
INFO:root:Looping....
DEBUG:root:This is the line: drive:-26.574:46.131

DEBUG:root:We got command: drive
DEBUG:root:We got a drive command: rawX:46.131000 and rawY:-26.574000
DEBUG:root:Reverse to the Right
DEBUG:root:Left=26.574000 Right=-72.705000
DEBUG:root:ScaledLeft: 434.791500 ScaledRight: 211.413750
INFO:root:Looping....
DEBUG:root:This is the line: drive:-27.753:46.131

DEBUG:root:We got command: drive
DEBUG:root:We got a drive command: rawX:46.131000 and rawY:-27.753000
DEBUG:root:Reverse to the Right
DEBUG:root:Left=27.753000 Right=-73.884000
DEBUG:root:ScaledLeft: 437.444250 ScaledRight: 208.761000
INFO:root:Looping....
DEBUG:root:This is the line: drive:-29.0:46.131

DEBUG:root:We got command: drive
DEBUG:root:We got a drive command: rawX:46.131000 and rawY:-29.000000
DEBUG:root:Reverse to the Right
DEBUG:root:Left=29.000000 Right=-75.131000
DEBUG:root:ScaledLeft: 440.250000 ScaledRight: 205.955250
INFO:root:Looping....
DEBUG:root:This is the line: drive:-30.324:46.131

DEBUG:root:We got command: drive
DEBUG:root:We got a drive command: rawX:46.131000 and rawY:-30.324000
DEBUG:root:Reverse to the Right
DEBUG:root:Left=30.324000 Right=-76.455000
DEBUG:root:ScaledLeft: 443.229000 ScaledRight: 202.976250
INFO:root:Looping....
DEBUG:root:This is the line: drive:-30.942:46.131

DEBUG:root:We got command: drive
DEBUG:root:We got a drive command: rawX:46.131000 and rawY:-30.942000
DEBUG:root:Reverse to the Right
DEBUG:root:Left=30.942000 Right=-77.073000
DEBUG:root:ScaledLeft: 444.619500 ScaledRight: 201.585750
INFO:root:Looping....
DEBUG:root:This is the line: drive:-31.793:46.131

DEBUG:root:We got command: drive
DEBUG:root:We got a drive command: rawX:46.131000 and rawY:-31.793000
DEBUG:root:Reverse to the Right
DEBUG:root:Left=31.793000 Right=-77.924000
DEBUG:root:ScaledLeft: 446.534250 ScaledRight: 199.671000
INFO:root:Looping....
DEBUG:root:This is the line: drive:-32.617:46.131

DEBUG:root:We got command: drive
DEBUG:root:We got a drive command: rawX:46.131000 and rawY:-32.617000
DEBUG:root:Reverse to the Right
DEBUG:root:Left=32.617000 Right=-78.748000
DEBUG:root:ScaledLeft: 448.388250 ScaledRight: 197.817000
INFO:root:Looping....
DEBUG:root:This is the line: drive:-33.194:46.131

DEBUG:root:We got command: drive
DEBUG:root:We got a drive command: rawX:46.131000 and rawY:-33.194000
DEBUG:root:Reverse to the Right
DEBUG:root:Left=33.194000 Right=-79.325000
DEBUG:root:ScaledLeft: 449.686500 ScaledRight: 196.518750
INFO:root:Looping....
DEBUG:root:This is the line: drive:-34.248:46.131

DEBUG:root:We got command: drive
DEBUG:root:We got a drive command: rawX:46.131000 and rawY:-34.248000
DEBUG:root:Reverse to the Right
DEBUG:root:Left=34.248000 Right=-80.379000
DEBUG:root:ScaledLeft: 452.058000 ScaledRight: 194.147250
INFO:root:Looping....
DEBUG:root:This is the line: drive:-35.0:46.131

DEBUG:root:We got command: drive
DEBUG:root:We got a drive command: rawX:46.131000 and rawY:-35.000000
DEBUG:root:Reverse to the Right
DEBUG:root:Left=35.000000 Right=-81.131000
DEBUG:root:ScaledLeft: 453.750000 ScaledRight: 192.455250
INFO:root:Looping....
DEBUG:root:This is the line: drive:-35.571:46.131

DEBUG:root:We got command: drive
DEBUG:root:We got a drive command: rawX:46.131000 and rawY:-35.571000
DEBUG:root:Reverse to the Right
DEBUG:root:Left=35.571000 Right=-81.702000
DEBUG:root:ScaledLeft: 455.034750 ScaledRight: 191.170500
INFO:root:Looping....
DEBUG:root:This is the line: drive:-36.124:46.131

DEBUG:root:We got command: drive
DEBUG:root:We got a drive command: rawX:46.131000 and rawY:-36.124000
DEBUG:root:Reverse to the Right
DEBUG:root:Left=36.124000 Right=-82.255000
DEBUG:root:ScaledLeft: 456.279000 ScaledRight: 189.926250
INFO:root:Looping....
DEBUG:root:This is the line: drive:-37.203:46.131

DEBUG:root:We got command: drive
DEBUG:root:We got a drive command: rawX:46.131000 and rawY:-37.203000
DEBUG:root:Reverse to the Right
DEBUG:root:Left=37.203000 Right=-83.334000
DEBUG:root:ScaledLeft: 458.706750 ScaledRight: 187.498500
INFO:root:Looping....
DEBUG:root:This is the line: drive:-37.838:46.131

DEBUG:root:We got command: drive
DEBUG:root:We got a drive command: rawX:46.131000 and rawY:-37.838000
DEBUG:root:Reverse to the Right
DEBUG:root:Left=37.838000 Right=-83.969000
DEBUG:root:ScaledLeft: 460.135500 ScaledRight: 186.069750
INFO:root:Looping....
DEBUG:root:This is the line: drive:-38.588:46.131

DEBUG:root:We got command: drive
DEBUG:root:We got a drive command: rawX:46.131000 and rawY:-38.588000
DEBUG:root:Reverse to the Right
DEBUG:root:Left=38.588000 Right=-84.719000
DEBUG:root:ScaledLeft: 461.823000 ScaledRight: 184.382250
INFO:root:Looping....
DEBUG:root:This is the line: drive:-39.857:46.131

DEBUG:root:We got command: drive
DEBUG:root:We got a drive command: rawX:46.131000 and rawY:-39.857000
DEBUG:root:Reverse to the Right
DEBUG:root:Left=39.857000 Right=-85.988000
DEBUG:root:ScaledLeft: 464.678250 ScaledRight: 181.527000
INFO:root:Looping....
DEBUG:root:This is the line: drive:-40.876:46.131

DEBUG:root:We got command: drive
DEBUG:root:We got a drive command: rawX:46.131000 and rawY:-40.876000
DEBUG:root:Reverse to the Right
DEBUG:root:Left=40.876000 Right=-87.007000
DEBUG:root:ScaledLeft: 466.971000 ScaledRight: 179.234250
INFO:root:Looping....
DEBUG:root:This is the line: drive:-41.618:46.131

DEBUG:root:We got command: drive
DEBUG:root:We got a drive command: rawX:46.131000 and rawY:-41.618000
DEBUG:root:Reverse to the Right
DEBUG:root:Left=41.618000 Right=-87.749000
DEBUG:root:ScaledLeft: 468.640500 ScaledRight: 177.564750
INFO:root:Looping....
DEBUG:root:This is the line: drive:-42.421:46.131

DEBUG:root:We got command: drive
DEBUG:root:We got a drive command: rawX:46.131000 and rawY:-42.421000
DEBUG:root:Reverse to the Right
DEBUG:root:Left=42.421000 Right=-88.552000
DEBUG:root:ScaledLeft: 470.447250 ScaledRight: 175.758000
INFO:root:Looping....
DEBUG:root:This is the line: drive:-43.483:46.131

DEBUG:root:We got command: drive
DEBUG:root:We got a drive command: rawX:46.131000 and rawY:-43.483000
DEBUG:root:Reverse to the Right
DEBUG:root:Left=43.483000 Right=-89.614000
DEBUG:root:ScaledLeft: 472.836750 ScaledRight: 173.368500
INFO:root:Looping....
DEBUG:root:This is the line: drive:-43.947:46.131

DEBUG:root:We got command: drive
DEBUG:root:We got a drive command: rawX:46.131000 and rawY:-43.947000
DEBUG:root:Reverse to the Right
DEBUG:root:Left=43.947000 Right=-90.078000
DEBUG:root:ScaledLeft: 473.880750 ScaledRight: 172.324500
INFO:root:Looping....
DEBUG:root:This is the line: drive:-44.646:46.131

DEBUG:root:We got command: drive
DEBUG:root:We got a drive command: rawX:46.131000 and rawY:-44.646000
DEBUG:root:Reverse to the Right
DEBUG:root:Left=44.646000 Right=-90.777000
DEBUG:root:ScaledLeft: 475.453500 ScaledRight: 170.751750
INFO:root:Looping....
DEBUG:root:This is the line: drive:-45.207:46.131

DEBUG:root:We got command: drive
DEBUG:root:We got a drive command: rawX:46.131000 and rawY:-45.207000
DEBUG:root:Reverse to the Right
DEBUG:root:Left=45.207000 Right=-91.338000
DEBUG:root:ScaledLeft: 476.715750 ScaledRight: 169.489500
INFO:root:Looping....
DEBUG:root:This is the line: drive:-45.805:46.131

DEBUG:root:We got command: drive
DEBUG:root:We got a drive command: rawX:46.131000 and rawY:-45.805000
DEBUG:root:Reverse to the Right
DEBUG:root:Left=45.805000 Right=-91.936000
DEBUG:root:ScaledLeft: 478.061250 ScaledRight: 168.144000
INFO:root:Looping....
DEBUG:root:This is the line: drive:-46.293:46.131

DEBUG:root:We got command: drive
DEBUG:root:We got a drive command: rawX:46.131000 and rawY:-46.293000
DEBUG:root:Reverse to the Right
DEBUG:root:Left=46.293000 Right=-92.424000
DEBUG:root:ScaledLeft: 479.159250 ScaledRight: 167.046000
INFO:root:Looping....
DEBUG:root:This is the line: drive:-46.913:46.131

DEBUG:root:We got command: drive
DEBUG:root:We got a drive command: rawX:46.131000 and rawY:-46.913000
DEBUG:root:Reverse to the Right
DEBUG:root:Left=46.913000 Right=-93.044000
DEBUG:root:ScaledLeft: 480.554250 ScaledRight: 165.651000
INFO:root:Looping....
DEBUG:root:This is the line: drive:-47.536:46.131

DEBUG:root:We got command: drive
DEBUG:root:We got a drive command: rawX:46.131000 and rawY:-47.536000
DEBUG:root:Reverse to the Right
DEBUG:root:Left=47.536000 Right=-93.667000
DEBUG:root:ScaledLeft: 481.956000 ScaledRight: 164.249250
INFO:root:Looping....
DEBUG:root:This is the line: drive:-48.69:46.131

DEBUG:root:We got command: drive
DEBUG:root:We got a drive command: rawX:46.131000 and rawY:-48.690000
DEBUG:root:Reverse to the Right
DEBUG:root:Left=48.690000 Right=-94.821000
DEBUG:root:ScaledLeft: 484.552500 ScaledRight: 161.652750
INFO:root:Looping....
DEBUG:root:This is the line: drive:-49.261:46.131

DEBUG:root:We got command: drive
DEBUG:root:We got a drive command: rawX:46.131000 and rawY:-49.261000
DEBUG:root:Reverse to the Right
DEBUG:root:Left=49.261000 Right=-95.392000
DEBUG:root:ScaledLeft: 485.837250 ScaledRight: 160.368000
INFO:root:Looping....
DEBUG:root:This is the line: drive:-49.741:46.131

DEBUG:root:We got command: drive
DEBUG:root:We got a drive command: rawX:46.131000 and rawY:-49.741000
DEBUG:root:Reverse to the Right
DEBUG:root:Left=49.741000 Right=-95.872000
DEBUG:root:ScaledLeft: 486.917250 ScaledRight: 159.288000
INFO:root:Looping....
DEBUG:root:This is the line: drive:-50.755:46.131

DEBUG:root:We got command: drive
DEBUG:root:We got a drive command: rawX:46.131000 and rawY:-50.755000
DEBUG:root:Reverse to the Right
DEBUG:root:Left=50.755000 Right=-96.886000
DEBUG:root:ScaledLeft: 489.198750 ScaledRight: 157.006500
INFO:root:Looping....
DEBUG:root:This is the line: drive:-51.571:46.131

DEBUG:root:We got command: drive
DEBUG:root:We got a drive command: rawX:46.131000 and rawY:-51.571000
DEBUG:root:Reverse to the Right
DEBUG:root:Left=51.571000 Right=-97.702000
DEBUG:root:ScaledLeft: 491.034750 ScaledRight: 155.170500
INFO:root:Looping....
DEBUG:root:This is the line: drive:-52.429:46.131

DEBUG:root:We got command: drive
DEBUG:root:We got a drive command: rawX:46.131000 and rawY:-52.429000
DEBUG:root:Reverse to the Right
DEBUG:root:Left=52.429000 Right=-98.560000
DEBUG:root:ScaledLeft: 492.965250 ScaledRight: 153.240000
INFO:root:Looping....
DEBUG:root:This is the line: drive:-53.053:46.131

DEBUG:root:We got command: drive
DEBUG:root:We got a drive command: rawX:46.131000 and rawY:-53.053000
DEBUG:root:Reverse to the Right
DEBUG:root:Left=53.053000 Right=-99.184000
DEBUG:root:ScaledLeft: 494.369250 ScaledRight: 151.836000
INFO:root:Looping....
DEBUG:root:This is the line: drive:-53.552:46.131

DEBUG:root:We got command: drive
DEBUG:root:We got a drive command: rawX:46.131000 and rawY:-53.552000
DEBUG:root:Reverse to the Right
DEBUG:root:Left=53.552000 Right=-99.683000
DEBUG:root:ScaledLeft: 495.492000 ScaledRight: 150.713250
INFO:root:Looping....
DEBUG:root:This is the line: drive:-54.714:46.131

DEBUG:root:We got command: drive
DEBUG:root:We got a drive command: rawX:46.131000 and rawY:-54.714000
DEBUG:root:Reverse to the Right
DEBUG:root:Left=54.714000 Right=-100.845000
DEBUG:root:ScaledLeft: 498.106500 ScaledRight: 148.098750
INFO:root:Looping....
DEBUG:root:This is the line: drive:-55.729:46.131

DEBUG:root:We got command: drive
DEBUG:root:We got a drive command: rawX:46.131000 and rawY:-55.729000
DEBUG:root:Reverse to the Right
DEBUG:root:Left=55.729000 Right=-101.860000
DEBUG:root:ScaledLeft: 500.390250 ScaledRight: 145.815000
INFO:root:Looping....
DEBUG:root:This is the line: drive:-56.093:46.131

DEBUG:root:We got command: drive
DEBUG:root:We got a drive command: rawX:46.131000 and rawY:-56.093000
DEBUG:root:Reverse to the Right
DEBUG:root:Left=56.093000 Right=-102.224000
DEBUG:root:ScaledLeft: 501.209250 ScaledRight: 144.996000
INFO:root:Looping....
DEBUG:root:This is the line: drive:-57.391:46.131

DEBUG:root:We got command: drive
DEBUG:root:We got a drive command: rawX:46.131000 and rawY:-57.391000
DEBUG:root:Reverse to the Right
DEBUG:root:Left=57.391000 Right=-103.522000
DEBUG:root:ScaledLeft: 504.129750 ScaledRight: 142.075500
INFO:root:Looping....
DEBUG:root:This is the line: drive:-57.837:46.131

DEBUG:root:We got command: drive
DEBUG:root:We got a drive command: rawX:46.131000 and rawY:-57.837000
DEBUG:root:Reverse to the Right
DEBUG:root:Left=57.837000 Right=-103.968000
DEBUG:root:ScaledLeft: 505.133250 ScaledRight: 141.072000
INFO:root:Looping....
DEBUG:root:This is the line: drive:-59.0:46.131

DEBUG:root:We got command: drive
DEBUG:root:We got a drive command: rawX:46.131000 and rawY:-59.000000
DEBUG:root:Reverse to the Right
DEBUG:root:Left=59.000000 Right=-105.131000
DEBUG:root:ScaledLeft: 507.750000 ScaledRight: 138.455250
INFO:root:Looping....
DEBUG:root:This is the line: drive:-59.857:46.131

DEBUG:root:We got command: drive
DEBUG:root:We got a drive command: rawX:46.131000 and rawY:-59.857000
DEBUG:root:Reverse to the Right
DEBUG:root:Left=59.857000 Right=-105.988000
DEBUG:root:ScaledLeft: 509.678250 ScaledRight: 136.527000
INFO:root:Looping....
DEBUG:root:This is the line: drive:-60.62:46.131

DEBUG:root:We got command: drive
DEBUG:root:We got a drive command: rawX:46.131000 and rawY:-60.620000
DEBUG:root:Reverse to the Right
DEBUG:root:Left=60.620000 Right=-106.751000
DEBUG:root:ScaledLeft: 511.395000 ScaledRight: 134.810250
INFO:root:Looping....
DEBUG:root:This is the line: drive:-61.945:46.131

DEBUG:root:We got command: drive
DEBUG:root:We got a drive command: rawX:46.131000 and rawY:-61.945000
DEBUG:root:Reverse to the Right
DEBUG:root:Left=61.945000 Right=-108.076000
DEBUG:root:ScaledLeft: 514.376250 ScaledRight: 131.829000
INFO:root:Looping....
DEBUG:root:This is the line: drive:-62.803:46.131

DEBUG:root:We got command: drive
DEBUG:root:We got a drive command: rawX:46.131000 and rawY:-62.803000
DEBUG:root:Reverse to the Right
DEBUG:root:Left=62.803000 Right=-108.934000
DEBUG:root:ScaledLeft: 516.306750 ScaledRight: 129.898500
INFO:root:Looping....
DEBUG:root:This is the line: drive:-63.532:46.131

DEBUG:root:We got command: drive
DEBUG:root:We got a drive command: rawX:46.131000 and rawY:-63.532000
DEBUG:root:Reverse to the Right
DEBUG:root:Left=63.532000 Right=-109.663000
DEBUG:root:ScaledLeft: 517.947000 ScaledRight: 128.258250
INFO:root:Looping....
DEBUG:root:This is the line: drive:-64.101:46.131

DEBUG:root:We got command: drive
DEBUG:root:We got a drive command: rawX:46.131000 and rawY:-64.101000
DEBUG:root:Reverse to the Right
DEBUG:root:Left=64.101000 Right=-110.232000
DEBUG:root:ScaledLeft: 519.227250 ScaledRight: 126.978000
INFO:root:Looping....
DEBUG:root:This is the line: drive:-65.229:46.131

DEBUG:root:We got command: drive
DEBUG:root:We got a drive command: rawX:46.131000 and rawY:-65.229000
DEBUG:root:Reverse to the Right
DEBUG:root:Left=65.229000 Right=-111.360000
DEBUG:root:ScaledLeft: 521.765250 ScaledRight: 124.440000
INFO:root:Looping....
DEBUG:root:This is the line: drive:-65.742:46.131

DEBUG:root:We got command: drive
DEBUG:root:We got a drive command: rawX:46.131000 and rawY:-65.742000
DEBUG:root:Reverse to the Right
DEBUG:root:Left=65.742000 Right=-111.873000
DEBUG:root:ScaledLeft: 522.919500 ScaledRight: 123.285750
INFO:root:Looping....
DEBUG:root:This is the line: drive:-66.623:46.131

DEBUG:root:We got command: drive
DEBUG:root:We got a drive command: rawX:46.131000 and rawY:-66.623000
DEBUG:root:Reverse to the Right
DEBUG:root:Left=66.623000 Right=-112.754000
DEBUG:root:ScaledLeft: 524.901750 ScaledRight: 121.303500
INFO:root:Looping....
DEBUG:root:This is the line: drive:-67.571:46.131

DEBUG:root:We got command: drive
DEBUG:root:We got a drive command: rawX:46.131000 and rawY:-67.571000
DEBUG:root:Reverse to the Right
DEBUG:root:Left=67.571000 Right=-113.702000
DEBUG:root:ScaledLeft: 527.034750 ScaledRight: 119.170500
INFO:root:Looping....
DEBUG:root:This is the line: drive:-68.214:46.131

DEBUG:root:We got command: drive
DEBUG:root:We got a drive command: rawX:46.131000 and rawY:-68.214000
DEBUG:root:Reverse to the Right
DEBUG:root:Left=68.214000 Right=-114.345000
DEBUG:root:ScaledLeft: 528.481500 ScaledRight: 117.723750
INFO:root:Looping....
DEBUG:root:This is the line: drive:-69.56:46.131

DEBUG:root:We got command: drive
DEBUG:root:We got a drive command: rawX:46.131000 and rawY:-69.560000
DEBUG:root:Reverse to the Right
DEBUG:root:Left=69.560000 Right=-115.691000
DEBUG:root:ScaledLeft: 531.510000 ScaledRight: 114.695250
INFO:root:Looping....
DEBUG:root:This is the line: drive:-70.315:46.131

DEBUG:root:We got command: drive
DEBUG:root:We got a drive command: rawX:46.131000 and rawY:-70.315000
DEBUG:root:Reverse to the Right
DEBUG:root:Left=70.315000 Right=-116.446000
DEBUG:root:ScaledLeft: 533.208750 ScaledRight: 112.996500
INFO:root:Looping....
DEBUG:root:This is the line: drive:-71.389:46.131

DEBUG:root:We got command: drive
DEBUG:root:We got a drive command: rawX:46.131000 and rawY:-71.389000
DEBUG:root:Reverse to the Right
DEBUG:root:Left=71.389000 Right=-117.520000
DEBUG:root:ScaledLeft: 535.625250 ScaledRight: 110.580000
INFO:root:Looping....
DEBUG:root:This is the line: drive:-72.271:46.131

DEBUG:root:We got command: drive
DEBUG:root:We got a drive command: rawX:46.131000 and rawY:-72.271000
DEBUG:root:Reverse to the Right
DEBUG:root:Left=72.271000 Right=-118.402000
DEBUG:root:ScaledLeft: 537.609750 ScaledRight: 108.595500
INFO:root:Looping....
DEBUG:root:This is the line: drive:-72.975:46.131

DEBUG:root:We got command: drive
DEBUG:root:We got a drive command: rawX:46.131000 and rawY:-72.975000
DEBUG:root:Reverse to the Right
DEBUG:root:Left=72.975000 Right=-119.106000
DEBUG:root:ScaledLeft: 539.193750 ScaledRight: 107.011500
INFO:root:Looping....
DEBUG:root:This is the line: drive:-73.534:46.131

DEBUG:root:We got command: drive
DEBUG:root:We got a drive command: rawX:46.131000 and rawY:-73.534000
DEBUG:root:Reverse to the Right
DEBUG:root:Left=73.534000 Right=-119.665000
DEBUG:root:ScaledLeft: 540.451500 ScaledRight: 105.753750
INFO:root:Looping....
DEBUG:root:This is the line: drive:-74.802:46.131

DEBUG:root:We got command: drive
DEBUG:root:We got a drive command: rawX:46.131000 and rawY:-74.802000
DEBUG:root:Reverse to the Right
DEBUG:root:Left=74.802000 Right=-120.933000
DEBUG:root:ScaledLeft: 543.304500 ScaledRight: 102.900750
INFO:root:Looping....
DEBUG:root:This is the line: drive:-75.857:46.131

DEBUG:root:We got command: drive
DEBUG:root:We got a drive command: rawX:46.131000 and rawY:-75.857000
DEBUG:root:Reverse to the Right
DEBUG:root:Left=75.857000 Right=-121.988000
DEBUG:root:ScaledLeft: 545.678250 ScaledRight: 100.527000
INFO:root:Looping....
DEBUG:root:This is the line: drive:-76.65:46.131

DEBUG:root:We got command: drive
DEBUG:root:We got a drive command: rawX:46.131000 and rawY:-76.650000
DEBUG:root:Reverse to the Right
DEBUG:root:Left=76.650000 Right=-122.781000
DEBUG:root:ScaledLeft: 547.462500 ScaledRight: 98.742750
INFO:root:Looping....
DEBUG:root:This is the line: drive:-78.429:46.131

DEBUG:root:We got command: drive
DEBUG:root:We got a drive command: rawX:46.131000 and rawY:-78.429000
DEBUG:root:Reverse to the Right
DEBUG:root:Left=78.429000 Right=-124.560000
DEBUG:root:ScaledLeft: 551.465250 ScaledRight: 94.740000
INFO:root:Looping....
DEBUG:root:This is the line: drive:-79.5:46.131

DEBUG:root:We got command: drive
DEBUG:root:We got a drive command: rawX:46.131000 and rawY:-79.500000
DEBUG:root:Reverse to the Right
DEBUG:root:Left=79.500000 Right=-125.631000
DEBUG:root:ScaledLeft: 553.875000 ScaledRight: 92.330250
INFO:root:Looping....
DEBUG:root:This is the line: drive:-80.429:46.131

DEBUG:root:We got command: drive
DEBUG:root:We got a drive command: rawX:46.131000 and rawY:-80.429000
DEBUG:root:Reverse to the Right
DEBUG:root:Left=80.429000 Right=-126.560000
DEBUG:root:ScaledLeft: 555.965250 ScaledRight: 90.240000
INFO:root:Looping....
DEBUG:root:This is the line: drive:-81.507:46.131

DEBUG:root:We got command: drive
DEBUG:root:We got a drive command: rawX:46.131000 and rawY:-81.507000
DEBUG:root:Reverse to the Right
DEBUG:root:Left=81.507000 Right=-127.638000
DEBUG:root:ScaledLeft: 558.390750 ScaledRight: 87.814500
INFO:root:Looping....
DEBUG:root:This is the line: drive:-82.714:46.131

DEBUG:root:We got command: drive
DEBUG:root:We got a drive command: rawX:46.131000 and rawY:-82.714000
DEBUG:root:Reverse to the Right
DEBUG:root:Left=82.714000 Right=-128.845000
DEBUG:root:ScaledLeft: 561.106500 ScaledRight: 85.098750
INFO:root:Looping....
DEBUG:root:This is the line: drive:-83.149:46.131

DEBUG:root:We got command: drive
DEBUG:root:We got a drive command: rawX:46.131000 and rawY:-83.149000
DEBUG:root:Reverse to the Right
DEBUG:root:Left=83.149000 Right=-129.280000
DEBUG:root:ScaledLeft: 562.085250 ScaledRight: 84.120000
INFO:root:Looping....
DEBUG:root:This is the line: drive:-84.351:46.131

DEBUG:root:We got command: drive
DEBUG:root:We got a drive command: rawX:46.131000 and rawY:-84.351000
DEBUG:root:Reverse to the Right
DEBUG:root:Left=84.351000 Right=-130.482000
DEBUG:root:ScaledLeft: 564.789750 ScaledRight: 81.415500
INFO:root:Looping....
DEBUG:root:This is the line: drive:-85.212:46.131

DEBUG:root:We got command: drive
DEBUG:root:We got a drive command: rawX:46.131000 and rawY:-85.212000
DEBUG:root:Reverse to the Right
DEBUG:root:Left=85.212000 Right=-131.343000
DEBUG:root:ScaledLeft: 566.727000 ScaledRight: 79.478250
INFO:root:Looping....
DEBUG:root:This is the line: drive:-86.077:46.131

DEBUG:root:We got command: drive
DEBUG:root:We got a drive command: rawX:46.131000 and rawY:-86.077000
DEBUG:root:Reverse to the Right
DEBUG:root:Left=86.077000 Right=-132.208000
DEBUG:root:ScaledLeft: 568.673250 ScaledRight: 77.532000
INFO:root:Looping....
DEBUG:root:This is the line: drive:-86.895:46.131

DEBUG:root:We got command: drive
DEBUG:root:We got a drive command: rawX:46.131000 and rawY:-86.895000
DEBUG:root:Reverse to the Right
DEBUG:root:Left=86.895000 Right=-133.026000
DEBUG:root:ScaledLeft: 570.513750 ScaledRight: 75.691500
INFO:root:Looping....
DEBUG:root:This is the line: drive:-87.571:46.131

DEBUG:root:We got command: drive
DEBUG:root:We got a drive command: rawX:46.131000 and rawY:-87.571000
DEBUG:root:Reverse to the Right
DEBUG:root:Left=87.571000 Right=-133.702000
DEBUG:root:ScaledLeft: 572.034750 ScaledRight: 74.170500
INFO:root:Looping....
DEBUG:root:This is the line: drive:-88.143:46.131

DEBUG:root:We got command: drive
DEBUG:root:We got a drive command: rawX:46.131000 and rawY:-88.143000
DEBUG:root:Reverse to the Right
DEBUG:root:Left=88.143000 Right=-134.274000
DEBUG:root:ScaledLeft: 573.321750 ScaledRight: 72.883500
INFO:root:Looping....
DEBUG:root:This is the line: drive:-88.644:46.131

DEBUG:root:We got command: drive
DEBUG:root:We got a drive command: rawX:46.131000 and rawY:-88.644000
DEBUG:root:Reverse to the Right
DEBUG:root:Left=88.644000 Right=-134.775000
DEBUG:root:ScaledLeft: 574.449000 ScaledRight: 71.756250
INFO:root:Looping....
DEBUG:root:This is the line: drive:-89.571:46.131

DEBUG:root:We got command: drive
DEBUG:root:We got a drive command: rawX:46.131000 and rawY:-89.571000
DEBUG:root:Reverse to the Right
DEBUG:root:Left=89.571000 Right=-135.702000
DEBUG:root:ScaledLeft: 576.534750 ScaledRight: 69.670500
INFO:root:Looping....
DEBUG:root:This is the line: drive:-90.572:46.131

DEBUG:root:We got command: drive
DEBUG:root:We got a drive command: rawX:46.131000 and rawY:-90.572000
DEBUG:root:Reverse to the Right
DEBUG:root:Left=90.572000 Right=-136.703000
DEBUG:root:ScaledLeft: 578.787000 ScaledRight: 67.418250
INFO:root:Looping....
DEBUG:root:This is the line: drive:-91.394:46.131

DEBUG:root:We got command: drive
DEBUG:root:We got a drive command: rawX:46.131000 and rawY:-91.394000
DEBUG:root:Reverse to the Right
DEBUG:root:Left=91.394000 Right=-137.525000
DEBUG:root:ScaledLeft: 580.636500 ScaledRight: 65.568750
INFO:root:Looping....
DEBUG:root:This is the line: drive:-92.354:46.131

DEBUG:root:We got command: drive
DEBUG:root:We got a drive command: rawX:46.131000 and rawY:-92.354000
DEBUG:root:Reverse to the Right
DEBUG:root:Left=92.354000 Right=-138.485000
DEBUG:root:ScaledLeft: 582.796500 ScaledRight: 63.408750
INFO:root:Looping....
DEBUG:root:This is the line: drive:-93.571:46.131

DEBUG:root:We got command: drive
DEBUG:root:We got a drive command: rawX:46.131000 and rawY:-93.571000
DEBUG:root:Reverse to the Right
DEBUG:root:Left=93.571000 Right=-139.702000
DEBUG:root:ScaledLeft: 585.534750 ScaledRight: 60.670500
INFO:root:Looping....
DEBUG:root:This is the line: drive:-94.17:46.131

DEBUG:root:We got command: drive
DEBUG:root:We got a drive command: rawX:46.131000 and rawY:-94.170000
DEBUG:root:Reverse to the Right
DEBUG:root:Left=94.170000 Right=-140.301000
DEBUG:root:ScaledLeft: 586.882500 ScaledRight: 59.322750
INFO:root:Looping....
DEBUG:root:This is the line: drive:-95.252:46.131

DEBUG:root:We got command: drive
DEBUG:root:We got a drive command: rawX:46.131000 and rawY:-95.252000
DEBUG:root:Reverse to the Right
DEBUG:root:Left=95.252000 Right=-141.383000
DEBUG:root:ScaledLeft: 589.317000 ScaledRight: 56.888250
INFO:root:Looping....
DEBUG:root:This is the line: drive:-96.714:46.131

DEBUG:root:We got command: drive
DEBUG:root:We got a drive command: rawX:46.131000 and rawY:-96.714000
DEBUG:root:Reverse to the Right
DEBUG:root:Left=96.714000 Right=-142.845000
DEBUG:root:ScaledLeft: 592.606500 ScaledRight: 53.598750
INFO:root:Looping....
DEBUG:root:This is the line: drive:-97.717:46.131

DEBUG:root:We got command: drive
DEBUG:root:We got a drive command: rawX:46.131000 and rawY:-97.717000
DEBUG:root:Reverse to the Right
DEBUG:root:Left=97.717000 Right=-143.848000
DEBUG:root:ScaledLeft: 594.863250 ScaledRight: 51.342000
INFO:root:Looping....
DEBUG:root:This is the line: drive:-98.21:46.131

DEBUG:root:We got command: drive
DEBUG:root:We got a drive command: rawX:46.131000 and rawY:-98.210000
DEBUG:root:Reverse to the Right
DEBUG:root:Left=98.210000 Right=-144.341000
DEBUG:root:ScaledLeft: 595.972500 ScaledRight: 50.232750
INFO:root:Looping....
DEBUG:root:This is the line: drive:-98.617:46.131

DEBUG:root:We got command: drive
DEBUG:root:We got a drive command: rawX:46.131000 and rawY:-98.617000
DEBUG:root:Reverse to the Right
DEBUG:root:Left=98.617000 Right=-144.748000
DEBUG:root:ScaledLeft: 596.888250 ScaledRight: 49.317000
INFO:root:Looping....
DEBUG:root:This is the line: drive:-99.186:46.131

DEBUG:root:We got command: drive
DEBUG:root:We got a drive command: rawX:46.131000 and rawY:-99.186000
DEBUG:root:Reverse to the Right
DEBUG:root:Left=99.186000 Right=-145.317000
DEBUG:root:ScaledLeft: 598.168500 ScaledRight: 48.036750
INFO:root:Looping....
DEBUG:root:This is the line: drive:-100.429:46.131

DEBUG:root:We got command: drive
DEBUG:root:We got a drive command: rawX:46.131000 and rawY:-100.429000
DEBUG:root:Reverse to the Right
DEBUG:root:Left=100.429000 Right=-146.560000
DEBUG:root:ScaledLeft: 600.965250 ScaledRight: 45.240000
INFO:root:Looping....
DEBUG:root:This is the line: drive:-100.572:46.131

DEBUG:root:We got command: drive
DEBUG:root:We got a drive command: rawX:46.131000 and rawY:-100.572000
DEBUG:root:Reverse to the Right
DEBUG:root:Left=100.572000 Right=-146.703000
DEBUG:root:ScaledLeft: 601.287000 ScaledRight: 44.918250
INFO:root:Looping....
DEBUG:root:This is the line: drive:-100.572:46.131

DEBUG:root:We got command: drive
DEBUG:root:We got a drive command: rawX:46.131000 and rawY:-100.572000
DEBUG:root:Reverse to the Right
DEBUG:root:Left=100.572000 Right=-146.703000
DEBUG:root:ScaledLeft: 601.287000 ScaledRight: 44.918250
INFO:root:Looping....
DEBUG:root:This is the line: drive:-101.173:46.131

DEBUG:root:We got command: drive
DEBUG:root:We got a drive command: rawX:46.131000 and rawY:-101.173000
DEBUG:root:Reverse to the Right
DEBUG:root:Left=101.173000 Right=-147.304000
DEBUG:root:ScaledLeft: 602.639250 ScaledRight: 43.566000
INFO:root:Looping....
DEBUG:root:This is the line: drive:-101.467:46.131

DEBUG:root:We got command: drive
DEBUG:root:We got a drive command: rawX:46.131000 and rawY:-101.467000
DEBUG:root:Reverse to the Right
DEBUG:root:Left=101.467000 Right=-147.598000
DEBUG:root:ScaledLeft: 603.300750 ScaledRight: 42.904500
INFO:root:Looping....
DEBUG:root:This is the line: drive:-101.429:46.542

DEBUG:root:We got command: drive
DEBUG:root:We got a drive command: rawX:46.542000 and rawY:-101.429000
DEBUG:root:Reverse to the Right
DEBUG:root:Left=101.429000 Right=-147.971000
DEBUG:root:ScaledLeft: 603.215250 ScaledRight: 42.065250
INFO:root:Looping....
DEBUG:root:This is the line: drive:0:0

DEBUG:root:We got command: drive
DEBUG:root:We got a drive command: rawX:0.000000 and rawY:0.000000
DEBUG:root:Left=0.000000 Right=0.000000
DEBUG:root:ScaledLeft: 375.000000 ScaledRight: 375.000000
INFO:root:Looping....
DEBUG:root:This is the line: drive:-101.143:46.429

DEBUG:root:We got command: drive
DEBUG:root:We got a drive command: rawX:46.429000 and rawY:-101.143000
DEBUG:root:Reverse to the Right
DEBUG:root:Left=101.143000 Right=-147.572000
DEBUG:root:ScaledLeft: 602.571750 ScaledRight: 42.963000
INFO:root:Looping....
DEBUG:root:This is the line: drive:-83.714:60.714

DEBUG:root:We got command: drive
DEBUG:root:We got a drive command: rawX:60.714000 and rawY:-83.714000
DEBUG:root:Reverse to the Right
DEBUG:root:Left=83.714000 Right=-144.428000
DEBUG:root:ScaledLeft: 563.356500 ScaledRight: 50.037000
INFO:root:Looping....
DEBUG:root:This is the line: drive:-88.091:57.346

DEBUG:root:We got command: drive
DEBUG:root:We got a drive command: rawX:57.346000 and rawY:-88.091000
DEBUG:root:Reverse to the Right
DEBUG:root:Left=88.091000 Right=-145.437000
DEBUG:root:ScaledLeft: 573.204750 ScaledRight: 47.766750
INFO:root:Looping....
DEBUG:root:This is the line: drive:-91.376:55.412

DEBUG:root:We got command: drive
DEBUG:root:We got a drive command: rawX:55.412000 and rawY:-91.376000
DEBUG:root:Reverse to the Right
DEBUG:root:Left=91.376000 Right=-146.788000
DEBUG:root:ScaledLeft: 580.596000 ScaledRight: 44.727000
INFO:root:Looping....
DEBUG:root:This is the line: drive:-95.623:53.071

DEBUG:root:We got command: drive
DEBUG:root:We got a drive command: rawX:53.071000 and rawY:-95.623000
DEBUG:root:Reverse to the Right
DEBUG:root:Left=95.623000 Right=-148.694000
DEBUG:root:ScaledLeft: 590.151750 ScaledRight: 40.438500
INFO:root:Looping....
DEBUG:root:This is the line: drive:-97.857:52.976

DEBUG:root:We got command: drive
DEBUG:root:We got a drive command: rawX:52.976000 and rawY:-97.857000
DEBUG:root:Reverse to the Right
DEBUG:root:Left=97.857000 Right=-150.833000
DEBUG:root:ScaledLeft: 595.178250 ScaledRight: 35.625750
INFO:root:Looping....
DEBUG:root:This is the line: drive:-99.854:52.976

DEBUG:root:We got command: drive
DEBUG:root:We got a drive command: rawX:52.976000 and rawY:-99.854000
DEBUG:root:Reverse to the Right
DEBUG:root:Left=99.854000 Right=-152.830000
DEBUG:root:ScaledLeft: 599.671500 ScaledRight: 31.132500
INFO:root:Looping....
DEBUG:root:This is the line: drive:-102.016:52.679

DEBUG:root:We got command: drive
DEBUG:root:We got a drive command: rawX:52.679000 and rawY:-102.016000
DEBUG:root:Reverse to the Right
DEBUG:root:Left=102.016000 Right=-154.695000
DEBUG:root:ScaledLeft: 604.536000 ScaledRight: 26.936250
INFO:root:Looping....
DEBUG:root:This is the line: drive:-103.802:52.679

DEBUG:root:We got command: drive
DEBUG:root:We got a drive command: rawX:52.679000 and rawY:-103.802000
DEBUG:root:Reverse to the Right
DEBUG:root:Left=103.802000 Right=-156.481000
DEBUG:root:ScaledLeft: 608.554500 ScaledRight: 22.917750
INFO:root:Looping....
DEBUG:root:This is the line: drive:-105.237:52.679

DEBUG:root:We got command: drive
DEBUG:root:We got a drive command: rawX:52.679000 and rawY:-105.237000
DEBUG:root:Reverse to the Right
DEBUG:root:Left=105.237000 Right=-157.916000
DEBUG:root:ScaledLeft: 611.783250 ScaledRight: 19.689000
INFO:root:Looping....
DEBUG:root:This is the line: drive:-105.498:52.679

DEBUG:root:We got command: drive
DEBUG:root:We got a drive command: rawX:52.679000 and rawY:-105.498000
DEBUG:root:Reverse to the Right
DEBUG:root:Left=105.498000 Right=-158.177000
DEBUG:root:ScaledLeft: 612.370500 ScaledRight: 19.101750
INFO:root:Looping....
DEBUG:root:This is the line: drive:-106.309:52.679

DEBUG:root:We got command: drive
DEBUG:root:We got a drive command: rawX:52.679000 and rawY:-106.309000
DEBUG:root:Reverse to the Right
DEBUG:root:Left=106.309000 Right=-158.988000
DEBUG:root:ScaledLeft: 614.195250 ScaledRight: 17.277000
INFO:root:Looping....
DEBUG:root:This is the line: drive:-106.631:52.679

DEBUG:root:We got command: drive
DEBUG:root:We got a drive command: rawX:52.679000 and rawY:-106.631000
DEBUG:root:Reverse to the Right
DEBUG:root:Left=106.631000 Right=-159.310000
DEBUG:root:ScaledLeft: 614.919750 ScaledRight: 16.552500
INFO:root:Looping....
DEBUG:root:This is the line: drive:-107.232:52.679

DEBUG:root:We got command: drive
DEBUG:root:We got a drive command: rawX:52.679000 and rawY:-107.232000
DEBUG:root:Reverse to the Right
DEBUG:root:Left=107.232000 Right=-159.911000
DEBUG:root:ScaledLeft: 616.272000 ScaledRight: 15.200250
INFO:root:Looping....
DEBUG:root:This is the line: drive:-107.463:52.679

DEBUG:root:We got command: drive
DEBUG:root:We got a drive command: rawX:52.679000 and rawY:-107.463000
DEBUG:root:Reverse to the Right
DEBUG:root:Left=107.463000 Right=-160.142000
DEBUG:root:ScaledLeft: 616.791750 ScaledRight: 14.680500
INFO:root:Looping....
DEBUG:root:This is the line: drive:-108.714:52.679

DEBUG:root:We got command: drive
DEBUG:root:We got a drive command: rawX:52.679000 and rawY:-108.714000
DEBUG:root:Reverse to the Right
DEBUG:root:Left=108.714000 Right=-161.393000
DEBUG:root:ScaledLeft: 619.606500 ScaledRight: 11.865750
INFO:root:Looping....
DEBUG:root:This is the line: drive:-109.2:52.679

DEBUG:root:We got command: drive
DEBUG:root:We got a drive command: rawX:52.679000 and rawY:-109.200000
DEBUG:root:Reverse to the Right
DEBUG:root:Left=109.200000 Right=-161.879000
DEBUG:root:ScaledLeft: 620.700000 ScaledRight: 10.772250
INFO:root:Looping....
DEBUG:root:This is the line: drive:-109.857:52.679

DEBUG:root:We got command: drive
DEBUG:root:We got a drive command: rawX:52.679000 and rawY:-109.857000
DEBUG:root:Reverse to the Right
DEBUG:root:Left=109.857000 Right=-162.536000
DEBUG:root:ScaledLeft: 622.178250 ScaledRight: 9.294000
INFO:root:Looping....
DEBUG:root:This is the line: drive:-110.405:52.679

DEBUG:root:We got command: drive
DEBUG:root:We got a drive command: rawX:52.679000 and rawY:-110.405000
DEBUG:root:Reverse to the Right
DEBUG:root:Left=110.405000 Right=-163.084000
DEBUG:root:ScaledLeft: 623.411250 ScaledRight: 8.061000
INFO:root:Looping....
DEBUG:root:This is the line: drive:-110.885:52.679

DEBUG:root:We got command: drive
DEBUG:root:We got a drive command: rawX:52.679000 and rawY:-110.885000
DEBUG:root:Reverse to the Right
DEBUG:root:Left=110.885000 Right=-163.564000
DEBUG:root:ScaledLeft: 624.491250 ScaledRight: 6.981000
INFO:root:Looping....
DEBUG:root:This is the line: drive:-111.77:52.679

DEBUG:root:We got command: drive
DEBUG:root:We got a drive command: rawX:52.679000 and rawY:-111.770000
DEBUG:root:Reverse to the Right
DEBUG:root:Left=111.770000 Right=-164.449000
DEBUG:root:ScaledLeft: 626.482500 ScaledRight: 4.989750
INFO:root:Looping....
DEBUG:root:This is the line: drive:-112.488:52.679

DEBUG:root:We got command: drive
DEBUG:root:We got a drive command: rawX:52.679000 and rawY:-112.488000
DEBUG:root:Reverse to the Right
DEBUG:root:Left=112.488000 Right=-165.167000
DEBUG:root:ScaledLeft: 628.098000 ScaledRight: 3.374250
INFO:root:Looping....
DEBUG:root:This is the line: drive:-113.465:52.679

DEBUG:root:We got command: drive
DEBUG:root:We got a drive command: rawX:52.679000 and rawY:-113.465000
DEBUG:root:Reverse to the Right
DEBUG:root:Left=113.465000 Right=-166.144000
DEBUG:root:ScaledLeft: 630.296250 ScaledRight: 1.176000
INFO:root:Looping....
DEBUG:root:This is the line: drive:-113.733:52.679

DEBUG:root:We got command: drive
DEBUG:root:We got a drive command: rawX:52.679000 and rawY:-113.733000
DEBUG:root:Reverse to the Right
DEBUG:root:Left=113.733000 Right=-166.412000
DEBUG:root:ScaledLeft: 630.899250 ScaledRight: 0.573000
INFO:root:Looping....
DEBUG:root:This is the line: drive:-114.662:52.679

DEBUG:root:We got command: drive
DEBUG:root:We got a drive command: rawX:52.679000 and rawY:-114.662000
DEBUG:root:Reverse to the Right
DEBUG:root:Left=114.662000 Right=-167.341000
DEBUG:root:ScaledLeft: 632.989500 ScaledRight: -1.517250
INFO:root:Looping....
DEBUG:root:This is the line: drive:-114.887:52.679

DEBUG:root:We got command: drive
DEBUG:root:We got a drive command: rawX:52.679000 and rawY:-114.887000
DEBUG:root:Reverse to the Right
DEBUG:root:Left=114.887000 Right=-167.566000
DEBUG:root:ScaledLeft: 633.495750 ScaledRight: -2.023500
INFO:root:Looping....
DEBUG:root:This is the line: drive:-115.725:52.679

DEBUG:root:We got command: drive
DEBUG:root:We got a drive command: rawX:52.679000 and rawY:-115.725000
DEBUG:root:Reverse to the Right
DEBUG:root:Left=115.725000 Right=-168.404000
DEBUG:root:ScaledLeft: 635.381250 ScaledRight: -3.909000
INFO:root:Looping....
DEBUG:root:This is the line: drive:-116.006:52.679

DEBUG:root:We got command: drive
DEBUG:root:We got a drive command: rawX:52.679000 and rawY:-116.006000
DEBUG:root:Reverse to the Right
DEBUG:root:Left=116.006000 Right=-168.685000
DEBUG:root:ScaledLeft: 636.013500 ScaledRight: -4.541250
INFO:root:Looping....
DEBUG:root:This is the line: drive:-116.376:52.679

DEBUG:root:We got command: drive
DEBUG:root:We got a drive command: rawX:52.679000 and rawY:-116.376000
DEBUG:root:Reverse to the Right
DEBUG:root:Left=116.376000 Right=-169.055000
DEBUG:root:ScaledLeft: 636.846000 ScaledRight: -5.373750
INFO:root:Looping....
DEBUG:root:This is the line: drive:-116.929:52.679

DEBUG:root:We got command: drive
DEBUG:root:We got a drive command: rawX:52.679000 and rawY:-116.929000
DEBUG:root:Reverse to the Right
DEBUG:root:Left=116.929000 Right=-169.608000
DEBUG:root:ScaledLeft: 638.090250 ScaledRight: -6.618000
INFO:root:Looping....
DEBUG:root:This is the line: drive:-117.468:52.679

DEBUG:root:We got command: drive
DEBUG:root:We got a drive command: rawX:52.679000 and rawY:-117.468000
DEBUG:root:Reverse to the Right
DEBUG:root:Left=117.468000 Right=-170.147000
DEBUG:root:ScaledLeft: 639.303000 ScaledRight: -7.830750
INFO:root:Looping....
DEBUG:root:This is the line: drive:-117.774:52.679

DEBUG:root:We got command: drive
DEBUG:root:We got a drive command: rawX:52.679000 and rawY:-117.774000
DEBUG:root:Reverse to the Right
DEBUG:root:Left=117.774000 Right=-170.453000
DEBUG:root:ScaledLeft: 639.991500 ScaledRight: -8.519250
INFO:root:Looping....
DEBUG:root:This is the line: drive:-118.006:52.679

DEBUG:root:We got command: drive
DEBUG:root:We got a drive command: rawX:52.679000 and rawY:-118.006000
DEBUG:root:Reverse to the Right
DEBUG:root:Left=118.006000 Right=-170.685000
DEBUG:root:ScaledLeft: 640.513500 ScaledRight: -9.041250
INFO:root:Looping....
DEBUG:root:This is the line: drive:-118.328:52.679

DEBUG:root:We got command: drive
DEBUG:root:We got a drive command: rawX:52.679000 and rawY:-118.328000
DEBUG:root:Reverse to the Right
DEBUG:root:Left=118.328000 Right=-171.007000
DEBUG:root:ScaledLeft: 641.238000 ScaledRight: -9.765750
INFO:root:Looping....
DEBUG:root:This is the line: drive:-118.328:52.679

DEBUG:root:We got command: drive
DEBUG:root:We got a drive command: rawX:52.679000 and rawY:-118.328000
DEBUG:root:Reverse to the Right
DEBUG:root:Left=118.328000 Right=-171.007000
DEBUG:root:ScaledLeft: 641.238000 ScaledRight: -9.765750
INFO:root:Looping....
DEBUG:root:This is the line: drive:-118.592:52.679

DEBUG:root:We got command: drive
DEBUG:root:We got a drive command: rawX:52.679000 and rawY:-118.592000
DEBUG:root:Reverse to the Right
DEBUG:root:Left=118.592000 Right=-171.271000
DEBUG:root:ScaledLeft: 641.832000 ScaledRight: -10.359750
INFO:root:Looping....
DEBUG:root:This is the line: drive:-118.592:52.679

DEBUG:root:We got command: drive
DEBUG:root:We got a drive command: rawX:52.679000 and rawY:-118.592000
DEBUG:root:Reverse to the Right
DEBUG:root:Left=118.592000 Right=-171.271000
DEBUG:root:ScaledLeft: 641.832000 ScaledRight: -10.359750
INFO:root:Looping....
DEBUG:root:This is the line: drive:-118.592:52.679

DEBUG:root:We got command: drive
DEBUG:root:We got a drive command: rawX:52.679000 and rawY:-118.592000
DEBUG:root:Reverse to the Right
DEBUG:root:Left=118.592000 Right=-171.271000
DEBUG:root:ScaledLeft: 641.832000 ScaledRight: -10.359750
INFO:root:Looping....
DEBUG:root:This is the line: drive:-118.871:52.679

DEBUG:root:We got command: drive
DEBUG:root:We got a drive command: rawX:52.679000 and rawY:-118.871000
DEBUG:root:Reverse to the Right
DEBUG:root:Left=118.871000 Right=-171.550000
DEBUG:root:ScaledLeft: 642.459750 ScaledRight: -10.987500
INFO:root:Looping....
DEBUG:root:This is the line: drive:-118.871:52.679

DEBUG:root:We got command: drive
DEBUG:root:We got a drive command: rawX:52.679000 and rawY:-118.871000
DEBUG:root:Reverse to the Right
DEBUG:root:Left=118.871000 Right=-171.550000
DEBUG:root:ScaledLeft: 642.459750 ScaledRight: -10.987500
INFO:root:Looping....
DEBUG:root:This is the line: drive:-118.871:52.679

DEBUG:root:We got command: drive
DEBUG:root:We got a drive command: rawX:52.679000 and rawY:-118.871000
DEBUG:root:Reverse to the Right
DEBUG:root:Left=118.871000 Right=-171.550000
DEBUG:root:ScaledLeft: 642.459750 ScaledRight: -10.987500
INFO:root:Looping....
DEBUG:root:This is the line: drive:-118.871:52.679

DEBUG:root:We got command: drive
DEBUG:root:We got a drive command: rawX:52.679000 and rawY:-118.871000
DEBUG:root:Reverse to the Right
DEBUG:root:Left=118.871000 Right=-171.550000
DEBUG:root:ScaledLeft: 642.459750 ScaledRight: -10.987500
INFO:root:Looping....
DEBUG:root:This is the line: drive:-118.871:52.679

DEBUG:root:We got command: drive
DEBUG:root:We got a drive command: rawX:52.679000 and rawY:-118.871000
DEBUG:root:Reverse to the Right
DEBUG:root:Left=118.871000 Right=-171.550000
DEBUG:root:ScaledLeft: 642.459750 ScaledRight: -10.987500
INFO:root:Looping....
DEBUG:root:This is the line: drive:-119.146:52.679

DEBUG:root:We got command: drive
DEBUG:root:We got a drive command: rawX:52.679000 and rawY:-119.146000
DEBUG:root:Reverse to the Right
DEBUG:root:Left=119.146000 Right=-171.825000
DEBUG:root:ScaledLeft: 643.078500 ScaledRight: -11.606250
INFO:root:Looping....
DEBUG:root:This is the line: drive:-119.456:52.679

DEBUG:root:We got command: drive
DEBUG:root:We got a drive command: rawX:52.679000 and rawY:-119.456000
DEBUG:root:Reverse to the Right
DEBUG:root:Left=119.456000 Right=-172.135000
DEBUG:root:ScaledLeft: 643.776000 ScaledRight: -12.303750
INFO:root:Looping....
DEBUG:root:This is the line: drive:-119.753:52.679

DEBUG:root:We got command: drive
DEBUG:root:We got a drive command: rawX:52.679000 and rawY:-119.753000
DEBUG:root:Reverse to the Right
DEBUG:root:Left=119.753000 Right=-172.432000
DEBUG:root:ScaledLeft: 644.444250 ScaledRight: -12.972000
INFO:root:Looping....
DEBUG:root:This is the line: drive:-119.753:52.679

DEBUG:root:We got command: drive
DEBUG:root:We got a drive command: rawX:52.679000 and rawY:-119.753000
DEBUG:root:Reverse to the Right
DEBUG:root:Left=119.753000 Right=-172.432000
DEBUG:root:ScaledLeft: 644.444250 ScaledRight: -12.972000
INFO:root:Looping....
DEBUG:root:This is the line: drive:-120.028:52.679

DEBUG:root:We got command: drive
DEBUG:root:We got a drive command: rawX:52.679000 and rawY:-120.028000
DEBUG:root:Reverse to the Right
DEBUG:root:Left=120.028000 Right=-172.707000
DEBUG:root:ScaledLeft: 645.063000 ScaledRight: -13.590750
INFO:root:Looping....
DEBUG:root:This is the line: drive:-120.329:52.679

DEBUG:root:We got command: drive
DEBUG:root:We got a drive command: rawX:52.679000 and rawY:-120.329000
DEBUG:root:Reverse to the Right
DEBUG:root:Left=120.329000 Right=-173.008000
DEBUG:root:ScaledLeft: 645.740250 ScaledRight: -14.268000
INFO:root:Looping....
DEBUG:root:This is the line: drive:-120.329:52.679

DEBUG:root:We got command: drive
DEBUG:root:We got a drive command: rawX:52.679000 and rawY:-120.329000
DEBUG:root:Reverse to the Right
DEBUG:root:Left=120.329000 Right=-173.008000
DEBUG:root:ScaledLeft: 645.740250 ScaledRight: -14.268000
INFO:root:Looping....
DEBUG:root:This is the line: drive:-120.329:52.679

DEBUG:root:We got command: drive
DEBUG:root:We got a drive command: rawX:52.679000 and rawY:-120.329000
DEBUG:root:Reverse to the Right
DEBUG:root:Left=120.329000 Right=-173.008000
DEBUG:root:ScaledLeft: 645.740250 ScaledRight: -14.268000
INFO:root:Looping....
DEBUG:root:This is the line: drive:-120.589:52.679

DEBUG:root:We got command: drive
DEBUG:root:We got a drive command: rawX:52.679000 and rawY:-120.589000
DEBUG:root:Reverse to the Right
DEBUG:root:Left=120.589000 Right=-173.268000
DEBUG:root:ScaledLeft: 646.325250 ScaledRight: -14.853000
INFO:root:Looping....
DEBUG:root:This is the line: drive:-120.589:52.679

DEBUG:root:We got command: drive
DEBUG:root:We got a drive command: rawX:52.679000 and rawY:-120.589000
DEBUG:root:Reverse to the Right
DEBUG:root:Left=120.589000 Right=-173.268000
DEBUG:root:ScaledLeft: 646.325250 ScaledRight: -14.853000
INFO:root:Looping....
DEBUG:root:This is the line: drive:-120.864:52.679

DEBUG:root:We got command: drive
DEBUG:root:We got a drive command: rawX:52.679000 and rawY:-120.864000
DEBUG:root:Reverse to the Right
DEBUG:root:Left=120.864000 Right=-173.543000
DEBUG:root:ScaledLeft: 646.944000 ScaledRight: -15.471750
INFO:root:Looping....
DEBUG:root:This is the line: drive:-120.864:52.679

DEBUG:root:We got command: drive
DEBUG:root:We got a drive command: rawX:52.679000 and rawY:-120.864000
DEBUG:root:Reverse to the Right
DEBUG:root:Left=120.864000 Right=-173.543000
DEBUG:root:ScaledLeft: 646.944000 ScaledRight: -15.471750
INFO:root:Looping....
DEBUG:root:This is the line: drive:-120.864:52.679

DEBUG:root:We got command: drive
DEBUG:root:We got a drive command: rawX:52.679000 and rawY:-120.864000
DEBUG:root:Reverse to the Right
DEBUG:root:Left=120.864000 Right=-173.543000
DEBUG:root:ScaledLeft: 646.944000 ScaledRight: -15.471750
INFO:root:Looping....
DEBUG:root:This is the line: drive:-121.152:52.679

DEBUG:root:We got command: drive
DEBUG:root:We got a drive command: rawX:52.679000 and rawY:-121.152000
DEBUG:root:Reverse to the Right
DEBUG:root:Left=121.152000 Right=-173.831000
DEBUG:root:ScaledLeft: 647.592000 ScaledRight: -16.119750
INFO:root:Looping....
DEBUG:root:This is the line: drive:-121.458:52.679

DEBUG:root:We got command: drive
DEBUG:root:We got a drive command: rawX:52.679000 and rawY:-121.458000
DEBUG:root:Reverse to the Right
DEBUG:root:Left=121.458000 Right=-174.137000
DEBUG:root:ScaledLeft: 648.280500 ScaledRight: -16.808250
INFO:root:Looping....
DEBUG:root:This is the line: drive:-121.746:52.679

DEBUG:root:We got command: drive
DEBUG:root:We got a drive command: rawX:52.679000 and rawY:-121.746000
DEBUG:root:Reverse to the Right
DEBUG:root:Left=121.746000 Right=-174.425000
DEBUG:root:ScaledLeft: 648.928500 ScaledRight: -17.456250
INFO:root:Looping....
DEBUG:root:This is the line: drive:-122.09:52.679

DEBUG:root:We got command: drive
DEBUG:root:We got a drive command: rawX:52.679000 and rawY:-122.090000
DEBUG:root:Reverse to the Right
DEBUG:root:Left=122.090000 Right=-174.769000
DEBUG:root:ScaledLeft: 649.702500 ScaledRight: -18.230250
INFO:root:Looping....
DEBUG:root:This is the line: drive:-122.09:52.679

DEBUG:root:We got command: drive
DEBUG:root:We got a drive command: rawX:52.679000 and rawY:-122.090000
DEBUG:root:Reverse to the Right
DEBUG:root:Left=122.090000 Right=-174.769000
DEBUG:root:ScaledLeft: 649.702500 ScaledRight: -18.230250
INFO:root:Looping....
DEBUG:root:This is the line: drive:-122.305:52.679

DEBUG:root:We got command: drive
DEBUG:root:We got a drive command: rawX:52.679000 and rawY:-122.305000
DEBUG:root:Reverse to the Right
DEBUG:root:Left=122.305000 Right=-174.984000
DEBUG:root:ScaledLeft: 650.186250 ScaledRight: -18.714000
INFO:root:Looping....
DEBUG:root:This is the line: drive:-122.305:52.679

DEBUG:root:We got command: drive
DEBUG:root:We got a drive command: rawX:52.679000 and rawY:-122.305000
DEBUG:root:Reverse to the Right
DEBUG:root:Left=122.305000 Right=-174.984000
DEBUG:root:ScaledLeft: 650.186250 ScaledRight: -18.714000
INFO:root:Looping....
DEBUG:root:This is the line: drive:-122.305:52.679

DEBUG:root:We got command: drive
DEBUG:root:We got a drive command: rawX:52.679000 and rawY:-122.305000
DEBUG:root:Reverse to the Right
DEBUG:root:Left=122.305000 Right=-174.984000
DEBUG:root:ScaledLeft: 650.186250 ScaledRight: -18.714000
INFO:root:Looping....
DEBUG:root:This is the line: drive:-122.305:52.679

DEBUG:root:We got command: drive
DEBUG:root:We got a drive command: rawX:52.679000 and rawY:-122.305000
DEBUG:root:Reverse to the Right
DEBUG:root:Left=122.305000 Right=-174.984000
DEBUG:root:ScaledLeft: 650.186250 ScaledRight: -18.714000
INFO:root:Looping....
DEBUG:root:This is the line: drive:-122.305:52.679

DEBUG:root:We got command: drive
DEBUG:root:We got a drive command: rawX:52.679000 and rawY:-122.305000
DEBUG:root:Reverse to the Right
DEBUG:root:Left=122.305000 Right=-174.984000
DEBUG:root:ScaledLeft: 650.186250 ScaledRight: -18.714000
INFO:root:Looping....
DEBUG:root:This is the line: drive:-122.305:52.679

DEBUG:root:We got command: drive
DEBUG:root:We got a drive command: rawX:52.679000 and rawY:-122.305000
DEBUG:root:Reverse to the Right
DEBUG:root:Left=122.305000 Right=-174.984000
DEBUG:root:ScaledLeft: 650.186250 ScaledRight: -18.714000
INFO:root:Looping....
DEBUG:root:This is the line: drive:-122.575:52.679

DEBUG:root:We got command: drive
DEBUG:root:We got a drive command: rawX:52.679000 and rawY:-122.575000
DEBUG:root:Reverse to the Right
DEBUG:root:Left=122.575000 Right=-175.254000
DEBUG:root:ScaledLeft: 650.793750 ScaledRight: -19.321500
INFO:root:Looping....
DEBUG:root:This is the line: drive:-122.896:53.017

DEBUG:root:We got command: drive
DEBUG:root:We got a drive command: rawX:53.017000 and rawY:-122.896000
DEBUG:root:Reverse to the Right
DEBUG:root:Left=122.896000 Right=-175.913000
DEBUG:root:ScaledLeft: 651.516000 ScaledRight: -20.804250
INFO:root:Looping....
DEBUG:root:This is the line: drive:-123.491:53.339

DEBUG:root:We got command: drive
DEBUG:root:We got a drive command: rawX:53.339000 and rawY:-123.491000
DEBUG:root:Reverse to the Right
DEBUG:root:Left=123.491000 Right=-176.830000
DEBUG:root:ScaledLeft: 652.854750 ScaledRight: -22.867500
INFO:root:Looping....
DEBUG:root:This is the line: drive:-123.772:53.274

DEBUG:root:We got command: drive
DEBUG:root:We got a drive command: rawX:53.274000 and rawY:-123.772000
DEBUG:root:Reverse to the Right
DEBUG:root:Left=123.772000 Right=-177.046000
DEBUG:root:ScaledLeft: 653.487000 ScaledRight: -23.353500
INFO:root:Looping....
DEBUG:root:This is the line: drive:-124.328:53.913

DEBUG:root:We got command: drive
DEBUG:root:We got a drive command: rawX:53.913000 and rawY:-124.328000
DEBUG:root:Reverse to the Right
DEBUG:root:Left=124.328000 Right=-178.241000
DEBUG:root:ScaledLeft: 654.738000 ScaledRight: -26.042250
INFO:root:Looping....
DEBUG:root:This is the line: drive:-124.951:53.869

DEBUG:root:We got command: drive
DEBUG:root:We got a drive command: rawX:53.869000 and rawY:-124.951000
DEBUG:root:Reverse to the Right
DEBUG:root:Left=124.951000 Right=-178.820000
DEBUG:root:ScaledLeft: 656.139750 ScaledRight: -27.345000
INFO:root:Looping....
DEBUG:root:This is the line: drive:-126.057:54.167

DEBUG:root:We got command: drive
DEBUG:root:We got a drive command: rawX:54.167000 and rawY:-126.057000
DEBUG:root:Reverse to the Right
DEBUG:root:Left=126.057000 Right=-180.224000
DEBUG:root:ScaledLeft: 658.628250 ScaledRight: -30.504000
INFO:root:Looping....
DEBUG:root:This is the line: drive:-127.0:54.464

DEBUG:root:We got command: drive
DEBUG:root:We got a drive command: rawX:54.464000 and rawY:-127.000000
DEBUG:root:Reverse to the Right
DEBUG:root:Left=127.000000 Right=-181.464000
DEBUG:root:ScaledLeft: 660.750000 ScaledRight: -33.294000
INFO:root:Looping....
DEBUG:root:This is the line: drive:-127.95:54.464

DEBUG:root:We got command: drive
DEBUG:root:We got a drive command: rawX:54.464000 and rawY:-127.950000
DEBUG:root:Reverse to the Right
DEBUG:root:Left=127.950000 Right=-182.414000
DEBUG:root:ScaledLeft: 662.887500 ScaledRight: -35.431500
INFO:root:Looping....
DEBUG:root:This is the line: drive:-128.714:54.464

DEBUG:root:We got command: drive
DEBUG:root:We got a drive command: rawX:54.464000 and rawY:-128.714000
DEBUG:root:Reverse to the Right
DEBUG:root:Left=128.714000 Right=-183.178000
DEBUG:root:ScaledLeft: 664.606500 ScaledRight: -37.150500
INFO:root:Looping....
DEBUG:root:This is the line: drive:-130.143:54.762

DEBUG:root:We got command: drive
DEBUG:root:We got a drive command: rawX:54.762000 and rawY:-130.143000
DEBUG:root:Reverse to the Right
DEBUG:root:Left=130.143000 Right=-184.905000
DEBUG:root:ScaledLeft: 667.821750 ScaledRight: -41.036250
INFO:root:Looping....
DEBUG:root:This is the line: drive:-130.647:54.762

DEBUG:root:We got command: drive
DEBUG:root:We got a drive command: rawX:54.762000 and rawY:-130.647000
DEBUG:root:Reverse to the Right
DEBUG:root:Left=130.647000 Right=-185.409000
DEBUG:root:ScaledLeft: 668.955750 ScaledRight: -42.170250
INFO:root:Looping....
DEBUG:root:This is the line: drive:-131.182:55.398

DEBUG:root:We got command: drive
DEBUG:root:We got a drive command: rawX:55.398000 and rawY:-131.182000
DEBUG:root:Reverse to the Right
DEBUG:root:Left=131.182000 Right=-186.580000
DEBUG:root:ScaledLeft: 670.159500 ScaledRight: -44.805000
INFO:root:Looping....
DEBUG:root:This is the line: drive:-131.515:56.043

DEBUG:root:We got command: drive
DEBUG:root:We got a drive command: rawX:56.043000 and rawY:-131.515000
DEBUG:root:Reverse to the Right
DEBUG:root:Left=131.515000 Right=-187.558000
DEBUG:root:ScaledLeft: 670.908750 ScaledRight: -47.005500
INFO:root:Looping....
DEBUG:root:This is the line: drive:-131.429:56.649

DEBUG:root:We got command: drive
DEBUG:root:We got a drive command: rawX:56.649000 and rawY:-131.429000
DEBUG:root:Reverse to the Right
DEBUG:root:Left=131.429000 Right=-188.078000
DEBUG:root:ScaledLeft: 670.715250 ScaledRight: -48.175500
INFO:root:Looping....
DEBUG:root:This is the line: drive:-131.714:57.292

DEBUG:root:We got command: drive
DEBUG:root:We got a drive command: rawX:57.292000 and rawY:-131.714000
DEBUG:root:Reverse to the Right
DEBUG:root:Left=131.714000 Right=-189.006000
DEBUG:root:ScaledLeft: 671.356500 ScaledRight: -50.263500
INFO:root:Looping....
DEBUG:root:This is the line: drive:-131.714:57.49

DEBUG:root:We got command: drive
DEBUG:root:We got a drive command: rawX:57.490000 and rawY:-131.714000
DEBUG:root:Reverse to the Right
DEBUG:root:Left=131.714000 Right=-189.204000
DEBUG:root:ScaledLeft: 671.356500 ScaledRight: -50.709000
INFO:root:Looping....
DEBUG:root:This is the line: drive:-131.714:58.098

DEBUG:root:We got command: drive
DEBUG:root:We got a drive command: rawX:58.098000 and rawY:-131.714000
DEBUG:root:Reverse to the Right
DEBUG:root:Left=131.714000 Right=-189.812000
DEBUG:root:ScaledLeft: 671.356500 ScaledRight: -52.077000
INFO:root:Looping....
DEBUG:root:This is the line: drive:-131.714:58.037

DEBUG:root:We got command: drive
DEBUG:root:We got a drive command: rawX:58.037000 and rawY:-131.714000
DEBUG:root:Reverse to the Right
DEBUG:root:Left=131.714000 Right=-189.751000
DEBUG:root:ScaledLeft: 671.356500 ScaledRight: -51.939750
INFO:root:Looping....
DEBUG:root:This is the line: drive:-131.714:57.617

DEBUG:root:We got command: drive
DEBUG:root:We got a drive command: rawX:57.617000 and rawY:-131.714000
DEBUG:root:Reverse to the Right
DEBUG:root:Left=131.714000 Right=-189.331000
DEBUG:root:ScaledLeft: 671.356500 ScaledRight: -50.994750
INFO:root:Looping....
DEBUG:root:This is the line: drive:-131.714:57.329

DEBUG:root:We got command: drive
DEBUG:root:We got a drive command: rawX:57.329000 and rawY:-131.714000
DEBUG:root:Reverse to the Right
DEBUG:root:Left=131.714000 Right=-189.043000
DEBUG:root:ScaledLeft: 671.356500 ScaledRight: -50.346750
INFO:root:Looping....
DEBUG:root:This is the line: drive:0:0

DEBUG:root:We got command: drive
DEBUG:root:We got a drive command: rawX:0.000000 and rawY:0.000000
DEBUG:root:Left=0.000000 Right=0.000000
DEBUG:root:ScaledLeft: 375.000000 ScaledRight: 375.000000
INFO:root:Looping....
DEBUG:root:This is the line: drive:-131.714:57.329

DEBUG:root:We got command: drive
DEBUG:root:We got a drive command: rawX:57.329000 and rawY:-131.714000
DEBUG:root:Reverse to the Right
DEBUG:root:Left=131.714000 Right=-189.043000
DEBUG:root:ScaledLeft: 671.356500 ScaledRight: -50.346750
INFO:root:Looping....
DEBUG:root:This is the line: drive:-3.143:79.464

DEBUG:root:We got command: drive
DEBUG:root:We got a drive command: rawX:79.464000 and rawY:-3.143000
DEBUG:root:Reverse to the Right
DEBUG:root:Left=3.143000 Right=-82.607000
DEBUG:root:ScaledLeft: 382.071750 ScaledRight: 189.134250
INFO:root:Looping....
DEBUG:root:This is the line: drive:-9.541:75.239

DEBUG:root:We got command: drive
DEBUG:root:We got a drive command: rawX:75.239000 and rawY:-9.541000
DEBUG:root:Reverse to the Right
DEBUG:root:Left=9.541000 Right=-84.780000
DEBUG:root:ScaledLeft: 396.467250 ScaledRight: 184.245000
INFO:root:Looping....
DEBUG:root:This is the line: drive:-13.962:72.936

DEBUG:root:We got command: drive
DEBUG:root:We got a drive command: rawX:72.936000 and rawY:-13.962000
DEBUG:root:Reverse to the Right
DEBUG:root:Left=13.962000 Right=-86.898000
DEBUG:root:ScaledLeft: 406.414500 ScaledRight: 179.479500
INFO:root:Looping....
DEBUG:root:This is the line: drive:-18.286:70.685

DEBUG:root:We got command: drive
DEBUG:root:We got a drive command: rawX:70.685000 and rawY:-18.286000
DEBUG:root:Reverse to the Right
DEBUG:root:Left=18.286000 Right=-88.971000
DEBUG:root:ScaledLeft: 416.143500 ScaledRight: 174.815250
INFO:root:Looping....
DEBUG:root:This is the line: drive:-21.439:68.739

DEBUG:root:We got command: drive
DEBUG:root:We got a drive command: rawX:68.739000 and rawY:-21.439000
DEBUG:root:Reverse to the Right
DEBUG:root:Left=21.439000 Right=-90.178000
DEBUG:root:ScaledLeft: 423.237750 ScaledRight: 172.099500
INFO:root:Looping....
DEBUG:root:This is the line: drive:-23.605:68.452

DEBUG:root:We got command: drive
DEBUG:root:We got a drive command: rawX:68.452000 and rawY:-23.605000
DEBUG:root:Reverse to the Right
DEBUG:root:Left=23.605000 Right=-92.057000
DEBUG:root:ScaledLeft: 428.111250 ScaledRight: 167.871750
INFO:root:Looping....
DEBUG:root:This is the line: drive:-25.384:68.452

DEBUG:root:We got command: drive
DEBUG:root:We got a drive command: rawX:68.452000 and rawY:-25.384000
DEBUG:root:Reverse to the Right
DEBUG:root:Left=25.384000 Right=-93.836000
DEBUG:root:ScaledLeft: 432.114000 ScaledRight: 163.869000
INFO:root:Looping....
DEBUG:root:This is the line: drive:-28.809:68.452

DEBUG:root:We got command: drive
DEBUG:root:We got a drive command: rawX:68.452000 and rawY:-28.809000
DEBUG:root:Reverse to the Right
DEBUG:root:Left=28.809000 Right=-97.261000
DEBUG:root:ScaledLeft: 439.820250 ScaledRight: 156.162750
INFO:root:Looping....
DEBUG:root:This is the line: drive:-32.531:68.452

DEBUG:root:We got command: drive
DEBUG:root:We got a drive command: rawX:68.452000 and rawY:-32.531000
DEBUG:root:Reverse to the Right
DEBUG:root:Left=32.531000 Right=-100.983000
DEBUG:root:ScaledLeft: 448.194750 ScaledRight: 147.788250
INFO:root:Looping....
DEBUG:root:This is the line: drive:-36.763:68.155

DEBUG:root:We got command: drive
DEBUG:root:We got a drive command: rawX:68.155000 and rawY:-36.763000
DEBUG:root:Reverse to the Right
DEBUG:root:Left=36.763000 Right=-104.918000
DEBUG:root:ScaledLeft: 457.716750 ScaledRight: 138.934500
INFO:root:Looping....
DEBUG:root:This is the line: drive:-41.207:68.155

DEBUG:root:We got command: drive
DEBUG:root:We got a drive command: rawX:68.155000 and rawY:-41.207000
DEBUG:root:Reverse to the Right
DEBUG:root:Left=41.207000 Right=-109.362000
DEBUG:root:ScaledLeft: 467.715750 ScaledRight: 128.935500
INFO:root:Looping....
DEBUG:root:This is the line: drive:-44.765:68.054

DEBUG:root:We got command: drive
DEBUG:root:We got a drive command: rawX:68.054000 and rawY:-44.765000
DEBUG:root:Reverse to the Right
DEBUG:root:Left=44.765000 Right=-112.819000
DEBUG:root:ScaledLeft: 475.721250 ScaledRight: 121.157250
INFO:root:Looping....
DEBUG:root:This is the line: drive:-50.106:67.857

DEBUG:root:We got command: drive
DEBUG:root:We got a drive command: rawX:67.857000 and rawY:-50.106000
DEBUG:root:Reverse to the Right
DEBUG:root:Left=50.106000 Right=-117.963000
DEBUG:root:ScaledLeft: 487.738500 ScaledRight: 109.583250
INFO:root:Looping....
DEBUG:root:This is the line: drive:-53.792:67.857

DEBUG:root:We got command: drive
DEBUG:root:We got a drive command: rawX:67.857000 and rawY:-53.792000
DEBUG:root:Reverse to the Right
DEBUG:root:Left=53.792000 Right=-121.649000
DEBUG:root:ScaledLeft: 496.032000 ScaledRight: 101.289750
INFO:root:Looping....
DEBUG:root:This is the line: drive:-58.121:67.857

DEBUG:root:We got command: drive
DEBUG:root:We got a drive command: rawX:67.857000 and rawY:-58.121000
DEBUG:root:Reverse to the Right
DEBUG:root:Left=58.121000 Right=-125.978000
DEBUG:root:ScaledLeft: 505.772250 ScaledRight: 91.549500
INFO:root:Looping....
DEBUG:root:This is the line: drive:-61.071:67.857

DEBUG:root:We got command: drive
DEBUG:root:We got a drive command: rawX:67.857000 and rawY:-61.071000
DEBUG:root:Reverse to the Right
DEBUG:root:Left=61.071000 Right=-128.928000
DEBUG:root:ScaledLeft: 512.409750 ScaledRight: 84.912000
INFO:root:Looping....
DEBUG:root:This is the line: drive:-65.588:67.857

DEBUG:root:We got command: drive
DEBUG:root:We got a drive command: rawX:67.857000 and rawY:-65.588000
DEBUG:root:Reverse to the Right
DEBUG:root:Left=65.588000 Right=-133.445000
DEBUG:root:ScaledLeft: 522.573000 ScaledRight: 74.748750
INFO:root:Looping....
DEBUG:root:This is the line: drive:-69.051:67.857

DEBUG:root:We got command: drive
DEBUG:root:We got a drive command: rawX:67.857000 and rawY:-69.051000
DEBUG:root:Reverse to the Right
DEBUG:root:Left=69.051000 Right=-136.908000
DEBUG:root:ScaledLeft: 530.364750 ScaledRight: 66.957000
INFO:root:Looping....
DEBUG:root:This is the line: drive:-73.36:67.857

DEBUG:root:We got command: drive
DEBUG:root:We got a drive command: rawX:67.857000 and rawY:-73.360000
DEBUG:root:Reverse to the Right
DEBUG:root:Left=73.360000 Right=-141.217000
DEBUG:root:ScaledLeft: 540.060000 ScaledRight: 57.261750
INFO:root:Looping....
DEBUG:root:This is the line: drive:-77.22:67.857

DEBUG:root:We got command: drive
DEBUG:root:We got a drive command: rawX:67.857000 and rawY:-77.220000
DEBUG:root:Reverse to the Right
DEBUG:root:Left=77.220000 Right=-145.077000
DEBUG:root:ScaledLeft: 548.745000 ScaledRight: 48.576750
INFO:root:Looping....
DEBUG:root:This is the line: drive:-80.988:68.155

DEBUG:root:We got command: drive
DEBUG:root:We got a drive command: rawX:68.155000 and rawY:-80.988000
DEBUG:root:Reverse to the Right
DEBUG:root:Left=80.988000 Right=-149.143000
DEBUG:root:ScaledLeft: 557.223000 ScaledRight: 39.428250
INFO:root:Looping....
DEBUG:root:This is the line: drive:-83.077:68.452

DEBUG:root:We got command: drive
DEBUG:root:We got a drive command: rawX:68.452000 and rawY:-83.077000
DEBUG:root:Reverse to the Right
DEBUG:root:Left=83.077000 Right=-151.529000
DEBUG:root:ScaledLeft: 561.923250 ScaledRight: 34.059750
INFO:root:Looping....
DEBUG:root:This is the line: drive:-84.853:69.341

DEBUG:root:We got command: drive
DEBUG:root:We got a drive command: rawX:69.341000 and rawY:-84.853000
DEBUG:root:Reverse to the Right
DEBUG:root:Left=84.853000 Right=-154.194000
DEBUG:root:ScaledLeft: 565.919250 ScaledRight: 28.063500
INFO:root:Looping....
DEBUG:root:This is the line: drive:-87.035:69.643

DEBUG:root:We got command: drive
DEBUG:root:We got a drive command: rawX:69.643000 and rawY:-87.035000
DEBUG:root:Reverse to the Right
DEBUG:root:Left=87.035000 Right=-156.678000
DEBUG:root:ScaledLeft: 570.828750 ScaledRight: 22.474500
INFO:root:Looping....
DEBUG:root:This is the line: drive:-88.848:69.94

DEBUG:root:We got command: drive
DEBUG:root:We got a drive command: rawX:69.940000 and rawY:-88.848000
DEBUG:root:Reverse to the Right
DEBUG:root:Left=88.848000 Right=-158.788000
DEBUG:root:ScaledLeft: 574.908000 ScaledRight: 17.727000
INFO:root:Looping....
DEBUG:root:This is the line: drive:-90.714:69.94

DEBUG:root:We got command: drive
DEBUG:root:We got a drive command: rawX:69.940000 and rawY:-90.714000
DEBUG:root:Reverse to the Right
DEBUG:root:Left=90.714000 Right=-160.654000
DEBUG:root:ScaledLeft: 579.106500 ScaledRight: 13.528500
INFO:root:Looping....
DEBUG:root:This is the line: drive:-91.757:70.283

DEBUG:root:We got command: drive
DEBUG:root:We got a drive command: rawX:70.283000 and rawY:-91.757000
DEBUG:root:Reverse to the Right
DEBUG:root:Left=91.757000 Right=-162.040000
DEBUG:root:ScaledLeft: 581.453250 ScaledRight: 10.410000
INFO:root:Looping....
DEBUG:root:This is the line: drive:-93.549:70.238

DEBUG:root:We got command: drive
DEBUG:root:We got a drive command: rawX:70.238000 and rawY:-93.549000
DEBUG:root:Reverse to the Right
DEBUG:root:Left=93.549000 Right=-163.787000
DEBUG:root:ScaledLeft: 585.485250 ScaledRight: 6.479250
INFO:root:Looping....
DEBUG:root:This is the line: drive:-94.64:70.536

DEBUG:root:We got command: drive
DEBUG:root:We got a drive command: rawX:70.536000 and rawY:-94.640000
DEBUG:root:Reverse to the Right
DEBUG:root:Left=94.640000 Right=-165.176000
DEBUG:root:ScaledLeft: 587.940000 ScaledRight: 3.354000
INFO:root:Looping....
DEBUG:root:This is the line: drive:-95.944:70.536

DEBUG:root:We got command: drive
DEBUG:root:We got a drive command: rawX:70.536000 and rawY:-95.944000
DEBUG:root:Reverse to the Right
DEBUG:root:Left=95.944000 Right=-166.480000
DEBUG:root:ScaledLeft: 590.874000 ScaledRight: 0.420000
INFO:root:Looping....
DEBUG:root:This is the line: drive:-97.481:70.536

DEBUG:root:We got command: drive
DEBUG:root:We got a drive command: rawX:70.536000 and rawY:-97.481000
DEBUG:root:Reverse to the Right
DEBUG:root:Left=97.481000 Right=-168.017000
DEBUG:root:ScaledLeft: 594.332250 ScaledRight: -3.038250
INFO:root:Looping....
DEBUG:root:This is the line: drive:-98.537:70.833

DEBUG:root:We got command: drive
DEBUG:root:We got a drive command: rawX:70.833000 and rawY:-98.537000
DEBUG:root:Reverse to the Right
DEBUG:root:Left=98.537000 Right=-169.370000
DEBUG:root:ScaledLeft: 596.708250 ScaledRight: -6.082500
INFO:root:Looping....
DEBUG:root:This is the line: drive:-99.857:70.833

DEBUG:root:We got command: drive
DEBUG:root:We got a drive command: rawX:70.833000 and rawY:-99.857000
DEBUG:root:Reverse to the Right
DEBUG:root:Left=99.857000 Right=-170.690000
DEBUG:root:ScaledLeft: 599.678250 ScaledRight: -9.052500
INFO:root:Looping....
DEBUG:root:This is the line: drive:-100.714:71.131

DEBUG:root:We got command: drive
DEBUG:root:We got a drive command: rawX:71.131000 and rawY:-100.714000
DEBUG:root:Reverse to the Right
DEBUG:root:Left=100.714000 Right=-171.845000
DEBUG:root:ScaledLeft: 601.606500 ScaledRight: -11.651250
INFO:root:Looping....
DEBUG:root:This is the line: drive:-101.855:71.131

DEBUG:root:We got command: drive
DEBUG:root:We got a drive command: rawX:71.131000 and rawY:-101.855000
DEBUG:root:Reverse to the Right
DEBUG:root:Left=101.855000 Right=-172.986000
DEBUG:root:ScaledLeft: 604.173750 ScaledRight: -14.218500
INFO:root:Looping....
DEBUG:root:This is the line: drive:-102.422:71.131

DEBUG:root:We got command: drive
DEBUG:root:We got a drive command: rawX:71.131000 and rawY:-102.422000
DEBUG:root:Reverse to the Right
DEBUG:root:Left=102.422000 Right=-173.553000
DEBUG:root:ScaledLeft: 605.449500 ScaledRight: -15.494250
INFO:root:Looping....
DEBUG:root:This is the line: drive:-102.914:71.131

DEBUG:root:We got command: drive
DEBUG:root:We got a drive command: rawX:71.131000 and rawY:-102.914000
DEBUG:root:Reverse to the Right
DEBUG:root:Left=102.914000 Right=-174.045000
DEBUG:root:ScaledLeft: 606.556500 ScaledRight: -16.601250
INFO:root:Looping....
DEBUG:root:This is the line: drive:-103.495:71.131

DEBUG:root:We got command: drive
DEBUG:root:We got a drive command: rawX:71.131000 and rawY:-103.495000
DEBUG:root:Reverse to the Right
DEBUG:root:Left=103.495000 Right=-174.626000
DEBUG:root:ScaledLeft: 607.863750 ScaledRight: -17.908500
INFO:root:Looping....
DEBUG:root:This is the line: drive:-103.804:71.131

DEBUG:root:We got command: drive
DEBUG:root:We got a drive command: rawX:71.131000 and rawY:-103.804000
DEBUG:root:Reverse to the Right
DEBUG:root:Left=103.804000 Right=-174.935000
DEBUG:root:ScaledLeft: 608.559000 ScaledRight: -18.603750
INFO:root:Looping....
DEBUG:root:This is the line: drive:-104.836:71.131

DEBUG:root:We got command: drive
DEBUG:root:We got a drive command: rawX:71.131000 and rawY:-104.836000
DEBUG:root:Reverse to the Right
DEBUG:root:Left=104.836000 Right=-175.967000
DEBUG:root:ScaledLeft: 610.881000 ScaledRight: -20.925750
INFO:root:Looping....
DEBUG:root:This is the line: drive:-105.262:71.131

DEBUG:root:We got command: drive
DEBUG:root:We got a drive command: rawX:71.131000 and rawY:-105.262000
DEBUG:root:Reverse to the Right
DEBUG:root:Left=105.262000 Right=-176.393000
DEBUG:root:ScaledLeft: 611.839500 ScaledRight: -21.884250
INFO:root:Looping....
DEBUG:root:This is the line: drive:-106.307:71.131

DEBUG:root:We got command: drive
DEBUG:root:We got a drive command: rawX:71.131000 and rawY:-106.307000
DEBUG:root:Reverse to the Right
DEBUG:root:Left=106.307000 Right=-177.438000
DEBUG:root:ScaledLeft: 614.190750 ScaledRight: -24.235500
INFO:root:Looping....
DEBUG:root:This is the line: drive:-106.929:71.131

DEBUG:root:We got command: drive
DEBUG:root:We got a drive command: rawX:71.131000 and rawY:-106.929000
DEBUG:root:Reverse to the Right
DEBUG:root:Left=106.929000 Right=-178.060000
DEBUG:root:ScaledLeft: 615.590250 ScaledRight: -25.635000
INFO:root:Looping....
DEBUG:root:This is the line: drive:-107.756:71.131

DEBUG:root:We got command: drive
DEBUG:root:We got a drive command: rawX:71.131000 and rawY:-107.756000
DEBUG:root:Reverse to the Right
DEBUG:root:Left=107.756000 Right=-178.887000
DEBUG:root:ScaledLeft: 617.451000 ScaledRight: -27.495750
INFO:root:Looping....
DEBUG:root:This is the line: drive:-108.376:71.131

DEBUG:root:We got command: drive
DEBUG:root:We got a drive command: rawX:71.131000 and rawY:-108.376000
DEBUG:root:Reverse to the Right
DEBUG:root:Left=108.376000 Right=-179.507000
DEBUG:root:ScaledLeft: 618.846000 ScaledRight: -28.890750
INFO:root:Looping....
DEBUG:root:This is the line: drive:-109.286:71.131

DEBUG:root:We got command: drive
DEBUG:root:We got a drive command: rawX:71.131000 and rawY:-109.286000
DEBUG:root:Reverse to the Right
DEBUG:root:Left=109.286000 Right=-180.417000
DEBUG:root:ScaledLeft: 620.893500 ScaledRight: -30.938250
INFO:root:Looping....
DEBUG:root:This is the line: drive:-110.024:71.131

DEBUG:root:We got command: drive
DEBUG:root:We got a drive command: rawX:71.131000 and rawY:-110.024000
DEBUG:root:Reverse to the Right
DEBUG:root:Left=110.024000 Right=-181.155000
DEBUG:root:ScaledLeft: 622.554000 ScaledRight: -32.598750
INFO:root:Looping....
DEBUG:root:This is the line: drive:-110.815:71.131

DEBUG:root:We got command: drive
DEBUG:root:We got a drive command: rawX:71.131000 and rawY:-110.815000
DEBUG:root:Reverse to the Right
DEBUG:root:Left=110.815000 Right=-181.946000
DEBUG:root:ScaledLeft: 624.333750 ScaledRight: -34.378500
INFO:root:Looping....
DEBUG:root:This is the line: drive:-111.549:71.131

DEBUG:root:We got command: drive
DEBUG:root:We got a drive command: rawX:71.131000 and rawY:-111.549000
DEBUG:root:Reverse to the Right
DEBUG:root:Left=111.549000 Right=-182.680000
DEBUG:root:ScaledLeft: 625.985250 ScaledRight: -36.030000
INFO:root:Looping....
DEBUG:root:This is the line: drive:-112.056:71.131

DEBUG:root:We got command: drive
DEBUG:root:We got a drive command: rawX:71.131000 and rawY:-112.056000
DEBUG:root:Reverse to the Right
DEBUG:root:Left=112.056000 Right=-183.187000
DEBUG:root:ScaledLeft: 627.126000 ScaledRight: -37.170750
INFO:root:Looping....
DEBUG:root:This is the line: drive:-113.395:71.131

DEBUG:root:We got command: drive
DEBUG:root:We got a drive command: rawX:71.131000 and rawY:-113.395000
DEBUG:root:Reverse to the Right
DEBUG:root:Left=113.395000 Right=-184.526000
DEBUG:root:ScaledLeft: 630.138750 ScaledRight: -40.183500
INFO:root:Looping....
DEBUG:root:This is the line: drive:-114.366:71.131

DEBUG:root:We got command: drive
DEBUG:root:We got a drive command: rawX:71.131000 and rawY:-114.366000
DEBUG:root:Reverse to the Right
DEBUG:root:Left=114.366000 Right=-185.497000
DEBUG:root:ScaledLeft: 632.323500 ScaledRight: -42.368250
INFO:root:Looping....
DEBUG:root:This is the line: drive:-115.286:71.131

DEBUG:root:We got command: drive
DEBUG:root:We got a drive command: rawX:71.131000 and rawY:-115.286000
DEBUG:root:Reverse to the Right
DEBUG:root:Left=115.286000 Right=-186.417000
DEBUG:root:ScaledLeft: 634.393500 ScaledRight: -44.438250
INFO:root:Looping....
DEBUG:root:This is the line: drive:-116.12:71.131

DEBUG:root:We got command: drive
DEBUG:root:We got a drive command: rawX:71.131000 and rawY:-116.120000
DEBUG:root:Reverse to the Right
DEBUG:root:Left=116.120000 Right=-187.251000
DEBUG:root:ScaledLeft: 636.270000 ScaledRight: -46.314750
INFO:root:Looping....
DEBUG:root:This is the line: drive:-116.691:71.131

DEBUG:root:We got command: drive
DEBUG:root:We got a drive command: rawX:71.131000 and rawY:-116.691000
DEBUG:root:Reverse to the Right
DEBUG:root:Left=116.691000 Right=-187.822000
DEBUG:root:ScaledLeft: 637.554750 ScaledRight: -47.599500
INFO:root:Looping....
DEBUG:root:This is the line: drive:-117.522:70.833

DEBUG:root:We got command: drive
DEBUG:root:We got a drive command: rawX:70.833000 and rawY:-117.522000
DEBUG:root:Reverse to the Right
DEBUG:root:Left=117.522000 Right=-188.355000
DEBUG:root:ScaledLeft: 639.424500 ScaledRight: -48.798750
INFO:root:Looping....
DEBUG:root:This is the line: drive:-118.143:70.833

DEBUG:root:We got command: drive
DEBUG:root:We got a drive command: rawX:70.833000 and rawY:-118.143000
DEBUG:root:Reverse to the Right
DEBUG:root:Left=118.143000 Right=-188.976000
DEBUG:root:ScaledLeft: 640.821750 ScaledRight: -50.196000
INFO:root:Looping....
DEBUG:root:This is the line: drive:-118.429:70.536

DEBUG:root:We got command: drive
DEBUG:root:We got a drive command: rawX:70.536000 and rawY:-118.429000
DEBUG:root:Reverse to the Right
DEBUG:root:Left=118.429000 Right=-188.965000
DEBUG:root:ScaledLeft: 641.465250 ScaledRight: -50.171250
INFO:root:Looping....
DEBUG:root:This is the line: drive:-118.977:70.536

DEBUG:root:We got command: drive
DEBUG:root:We got a drive command: rawX:70.536000 and rawY:-118.977000
DEBUG:root:Reverse to the Right
DEBUG:root:Left=118.977000 Right=-189.513000
DEBUG:root:ScaledLeft: 642.698250 ScaledRight: -51.404250
INFO:root:Looping....
DEBUG:root:This is the line: drive:-119.571:70.536

DEBUG:root:We got command: drive
DEBUG:root:We got a drive command: rawX:70.536000 and rawY:-119.571000
DEBUG:root:Reverse to the Right
DEBUG:root:Left=119.571000 Right=-190.107000
DEBUG:root:ScaledLeft: 644.034750 ScaledRight: -52.740750
INFO:root:Looping....
DEBUG:root:This is the line: drive:-120.036:70.536

DEBUG:root:We got command: drive
DEBUG:root:We got a drive command: rawX:70.536000 and rawY:-120.036000
DEBUG:root:Reverse to the Right
DEBUG:root:Left=120.036000 Right=-190.572000
DEBUG:root:ScaledLeft: 645.081000 ScaledRight: -53.787000
INFO:root:Looping....
DEBUG:root:This is the line: drive:-120.714:70.238

DEBUG:root:We got command: drive
DEBUG:root:We got a drive command: rawX:70.238000 and rawY:-120.714000
DEBUG:root:Reverse to the Right
DEBUG:root:Left=120.714000 Right=-190.952000
DEBUG:root:ScaledLeft: 646.606500 ScaledRight: -54.642000
INFO:root:Looping....
DEBUG:root:This is the line: drive:-121.215:70.238

DEBUG:root:We got command: drive
DEBUG:root:We got a drive command: rawX:70.238000 and rawY:-121.215000
DEBUG:root:Reverse to the Right
DEBUG:root:Left=121.215000 Right=-191.453000
DEBUG:root:ScaledLeft: 647.733750 ScaledRight: -55.769250
INFO:root:Looping....
DEBUG:root:This is the line: drive:-121.837:70.238

DEBUG:root:We got command: drive
DEBUG:root:We got a drive command: rawX:70.238000 and rawY:-121.837000
DEBUG:root:Reverse to the Right
DEBUG:root:Left=121.837000 Right=-192.075000
DEBUG:root:ScaledLeft: 649.133250 ScaledRight: -57.168750
INFO:root:Looping....
DEBUG:root:This is the line: drive:-122.065:70.238

DEBUG:root:We got command: drive
DEBUG:root:We got a drive command: rawX:70.238000 and rawY:-122.065000
DEBUG:root:Reverse to the Right
DEBUG:root:Left=122.065000 Right=-192.303000
DEBUG:root:ScaledLeft: 649.646250 ScaledRight: -57.681750
INFO:root:Looping....
DEBUG:root:This is the line: drive:-122.585:70.238

DEBUG:root:We got command: drive
DEBUG:root:We got a drive command: rawX:70.238000 and rawY:-122.585000
DEBUG:root:Reverse to the Right
DEBUG:root:Left=122.585000 Right=-192.823000
DEBUG:root:ScaledLeft: 650.816250 ScaledRight: -58.851750
INFO:root:Looping....
DEBUG:root:This is the line: drive:-122.895:70.238

DEBUG:root:We got command: drive
DEBUG:root:We got a drive command: rawX:70.238000 and rawY:-122.895000
DEBUG:root:Reverse to the Right
DEBUG:root:Left=122.895000 Right=-193.133000
DEBUG:root:ScaledLeft: 651.513750 ScaledRight: -59.549250
INFO:root:Looping....
DEBUG:root:This is the line: drive:-123.236:70.238

DEBUG:root:We got command: drive
DEBUG:root:We got a drive command: rawX:70.238000 and rawY:-123.236000
DEBUG:root:Reverse to the Right
DEBUG:root:Left=123.236000 Right=-193.474000
DEBUG:root:ScaledLeft: 652.281000 ScaledRight: -60.316500
INFO:root:Looping....
DEBUG:root:This is the line: drive:-123.84:70.238

DEBUG:root:We got command: drive
DEBUG:root:We got a drive command: rawX:70.238000 and rawY:-123.840000
DEBUG:root:Reverse to the Right
DEBUG:root:Left=123.840000 Right=-194.078000
DEBUG:root:ScaledLeft: 653.640000 ScaledRight: -61.675500
INFO:root:Looping....
DEBUG:root:This is the line: drive:-124.708:70.238

DEBUG:root:We got command: drive
DEBUG:root:We got a drive command: rawX:70.238000 and rawY:-124.708000
DEBUG:root:Reverse to the Right
DEBUG:root:Left=124.708000 Right=-194.946000
DEBUG:root:ScaledLeft: 655.593000 ScaledRight: -63.628500
INFO:root:Looping....
DEBUG:root:This is the line: drive:-125.564:70.238

DEBUG:root:We got command: drive
DEBUG:root:We got a drive command: rawX:70.238000 and rawY:-125.564000
DEBUG:root:Reverse to the Right
DEBUG:root:Left=125.564000 Right=-195.802000
DEBUG:root:ScaledLeft: 657.519000 ScaledRight: -65.554500
INFO:root:Looping....
DEBUG:root:This is the line: drive:-126.299:70.238

DEBUG:root:We got command: drive
DEBUG:root:We got a drive command: rawX:70.238000 and rawY:-126.299000
DEBUG:root:Reverse to the Right
DEBUG:root:Left=126.299000 Right=-196.537000
DEBUG:root:ScaledLeft: 659.172750 ScaledRight: -67.208250
INFO:root:Looping....
DEBUG:root:This is the line: drive:-127.1:70.238

DEBUG:root:We got command: drive
DEBUG:root:We got a drive command: rawX:70.238000 and rawY:-127.100000
DEBUG:root:Reverse to the Right
DEBUG:root:Left=127.100000 Right=-197.338000
DEBUG:root:ScaledLeft: 660.975000 ScaledRight: -69.010500
INFO:root:Looping....
DEBUG:root:This is the line: drive:-127.812:70.238

DEBUG:root:We got command: drive
DEBUG:root:We got a drive command: rawX:70.238000 and rawY:-127.812000
DEBUG:root:Reverse to the Right
DEBUG:root:Left=127.812000 Right=-198.050000
DEBUG:root:ScaledLeft: 662.577000 ScaledRight: -70.612500
INFO:root:Looping....
DEBUG:root:This is the line: drive:-128.759:70.238

DEBUG:root:We got command: drive
DEBUG:root:We got a drive command: rawX:70.238000 and rawY:-128.759000
DEBUG:root:Reverse to the Right
DEBUG:root:Left=128.759000 Right=-198.997000
DEBUG:root:ScaledLeft: 664.707750 ScaledRight: -72.743250
INFO:root:Looping....
DEBUG:root:This is the line: drive:-129.0:70.238

DEBUG:root:We got command: drive
DEBUG:root:We got a drive command: rawX:70.238000 and rawY:-129.000000
DEBUG:root:Reverse to the Right
DEBUG:root:Left=129.000000 Right=-199.238000
DEBUG:root:ScaledLeft: 665.250000 ScaledRight: -73.285500
INFO:root:Looping....
DEBUG:root:This is the line: drive:-129.522:70.238

DEBUG:root:We got command: drive
DEBUG:root:We got a drive command: rawX:70.238000 and rawY:-129.522000
DEBUG:root:Reverse to the Right
DEBUG:root:Left=129.522000 Right=-199.760000
DEBUG:root:ScaledLeft: 666.424500 ScaledRight: -74.460000
INFO:root:Looping....
DEBUG:root:This is the line: drive:-130.286:69.737

DEBUG:root:We got command: drive
DEBUG:root:We got a drive command: rawX:69.737000 and rawY:-130.286000
DEBUG:root:Reverse to the Right
DEBUG:root:Left=130.286000 Right=-200.023000
DEBUG:root:ScaledLeft: 668.143500 ScaledRight: -75.051750
INFO:root:Looping....
DEBUG:root:This is the line: drive:-130.571:69.29

DEBUG:root:We got command: drive
DEBUG:root:We got a drive command: rawX:69.290000 and rawY:-130.571000
DEBUG:root:Reverse to the Right
DEBUG:root:Left=130.571000 Right=-199.861000
DEBUG:root:ScaledLeft: 668.784750 ScaledRight: -74.687250
INFO:root:Looping....
DEBUG:root:This is the line: drive:-131.241:69.048

DEBUG:root:We got command: drive
DEBUG:root:We got a drive command: rawX:69.048000 and rawY:-131.241000
DEBUG:root:Reverse to the Right
DEBUG:root:Left=131.241000 Right=-200.289000
DEBUG:root:ScaledLeft: 670.292250 ScaledRight: -75.650250
INFO:root:Looping....
DEBUG:root:This is the line: drive:-131.478:68.699

DEBUG:root:We got command: drive
DEBUG:root:We got a drive command: rawX:68.699000 and rawY:-131.478000
DEBUG:root:Reverse to the Right
DEBUG:root:Left=131.478000 Right=-200.177000
DEBUG:root:ScaledLeft: 670.825500 ScaledRight: -75.398250
INFO:root:Looping....
DEBUG:root:This is the line: drive:-131.857:67.411

DEBUG:root:We got command: drive
DEBUG:root:We got a drive command: rawX:67.411000 and rawY:-131.857000
DEBUG:root:Reverse to the Right
DEBUG:root:Left=131.857000 Right=-199.268000
DEBUG:root:ScaledLeft: 671.678250 ScaledRight: -73.353000
INFO:root:Looping....
DEBUG:root:This is the line: drive:-131.714:65.37

DEBUG:root:We got command: drive
DEBUG:root:We got a drive command: rawX:65.370000 and rawY:-131.714000
DEBUG:root:Reverse to the Right
DEBUG:root:Left=131.714000 Right=-197.084000
DEBUG:root:ScaledLeft: 671.356500 ScaledRight: -68.439000
INFO:root:Looping....
DEBUG:root:This is the line: drive:0:0

DEBUG:root:We got command: drive
DEBUG:root:We got a drive command: rawX:0.000000 and rawY:0.000000
DEBUG:root:Left=0.000000 Right=0.000000
DEBUG:root:ScaledLeft: 375.000000 ScaledRight: 375.000000
INFO:root:Looping....
DEBUG:root:This is the line: drive:-131.714:49.107

DEBUG:root:We got command: drive
DEBUG:root:We got a drive command: rawX:49.107000 and rawY:-131.714000
DEBUG:root:Reverse to the Right
DEBUG:root:Left=131.714000 Right=-180.821000
DEBUG:root:ScaledLeft: 671.356500 ScaledRight: -31.847250
INFO:root:Looping....
DEBUG:root:This is the line: drive:12.857:49.107

DEBUG:root:We got command: drive
DEBUG:root:We got a drive command: rawX:49.107000 and rawY:12.857000
DEBUG:root:Forward to the Right
DEBUG:root:Left=-12.857000 Right=-36.250000
DEBUG:root:ScaledLeft: 346.071750 ScaledRight: 293.437500
INFO:root:Looping....
DEBUG:root:This is the line: drive:14.414:43.184

DEBUG:root:We got command: drive
DEBUG:root:We got a drive command: rawX:43.184000 and rawY:14.414000
DEBUG:root:Forward to the Right
DEBUG:root:Left=-14.414000 Right=-28.770000
DEBUG:root:ScaledLeft: 342.568500 ScaledRight: 310.267500
INFO:root:Looping....
DEBUG:root:This is the line: drive:16.562:36.933

DEBUG:root:We got command: drive
DEBUG:root:We got a drive command: rawX:36.933000 and rawY:16.562000
DEBUG:root:Forward to the Right
DEBUG:root:Left=-16.562000 Right=-20.371000
DEBUG:root:ScaledLeft: 337.735500 ScaledRight: 329.165250
INFO:root:Looping....
DEBUG:root:This is the line: drive:19.513:29.795

DEBUG:root:We got command: drive
DEBUG:root:We got a drive command: rawX:29.795000 and rawY:19.513000
DEBUG:root:Forward to the Right
DEBUG:root:Left=-19.513000 Right=-10.282000
DEBUG:root:ScaledLeft: 331.095750 ScaledRight: 351.865500
INFO:root:Looping....
DEBUG:root:This is the line: drive:23.333:17.959

DEBUG:root:We got command: drive
DEBUG:root:We got a drive command: rawX:17.959000 and rawY:23.333000
DEBUG:root:Forward to the Right
DEBUG:root:Left=-23.333000 Right=5.374000
DEBUG:root:ScaledLeft: 322.500750 ScaledRight: 387.091500
INFO:root:Looping....
DEBUG:root:This is the line: drive:25.136:9.264

DEBUG:root:We got command: drive
DEBUG:root:We got a drive command: rawX:9.264000 and rawY:25.136000
DEBUG:root:Forward to the Right
DEBUG:root:Left=-25.136000 Right=15.872000
DEBUG:root:ScaledLeft: 318.444000 ScaledRight: 410.712000
INFO:root:Looping....
DEBUG:root:This is the line: drive:28.711:-4.3

DEBUG:root:We got command: drive
DEBUG:root:We got a drive command: rawX:-4.300000 and rawY:28.711000
DEBUG:root:Forward to the Left/Straight
DEBUG:root:Left=-33.011000 Right=28.711000
DEBUG:root:ScaledLeft: 300.725250 ScaledRight: 439.599750
INFO:root:Looping....
DEBUG:root:This is the line: drive:30.853:-14.568

DEBUG:root:We got command: drive
DEBUG:root:We got a drive command: rawX:-14.568000 and rawY:30.853000
DEBUG:root:Forward to the Left/Straight
DEBUG:root:Left=-45.421000 Right=30.853000
DEBUG:root:ScaledLeft: 272.802750 ScaledRight: 444.419250
INFO:root:Looping....
DEBUG:root:This is the line: drive:32.749:-23.77

DEBUG:root:We got command: drive
DEBUG:root:We got a drive command: rawX:-23.770000 and rawY:32.749000
DEBUG:root:Forward to the Left/Straight
DEBUG:root:Left=-56.519000 Right=32.749000
DEBUG:root:ScaledLeft: 247.832250 ScaledRight: 448.685250
INFO:root:Looping....
DEBUG:root:This is the line: drive:32.857:-30.436

DEBUG:root:We got command: drive
DEBUG:root:We got a drive command: rawX:-30.436000 and rawY:32.857000
DEBUG:root:Forward to the Left/Straight
DEBUG:root:Left=-63.293000 Right=32.857000
DEBUG:root:ScaledLeft: 232.590750 ScaledRight: 448.928250
INFO:root:Looping....
DEBUG:root:This is the line: drive:32.857:-35.915

DEBUG:root:We got command: drive
DEBUG:root:We got a drive command: rawX:-35.915000 and rawY:32.857000
DEBUG:root:Forward to the Left/Straight
DEBUG:root:Left=-68.772000 Right=32.857000
DEBUG:root:ScaledLeft: 220.263000 ScaledRight: 448.928250
INFO:root:Looping....
DEBUG:root:This is the line: drive:32.857:-42.528

DEBUG:root:We got command: drive
DEBUG:root:We got a drive command: rawX:-42.528000 and rawY:32.857000
DEBUG:root:Forward to the Left/Straight
DEBUG:root:Left=-75.385000 Right=32.857000
DEBUG:root:ScaledLeft: 205.383750 ScaledRight: 448.928250
INFO:root:Looping....
DEBUG:root:This is the line: drive:32.857:-48.988

DEBUG:root:We got command: drive
DEBUG:root:We got a drive command: rawX:-48.988000 and rawY:32.857000
DEBUG:root:Forward to the Left/Straight
DEBUG:root:Left=-81.845000 Right=32.857000
DEBUG:root:ScaledLeft: 190.848750 ScaledRight: 448.928250
INFO:root:Looping....
DEBUG:root:This is the line: drive:34.923:-61.123

DEBUG:root:We got command: drive
DEBUG:root:We got a drive command: rawX:-61.123000 and rawY:34.923000
DEBUG:root:Forward to the Left/Straight
DEBUG:root:Left=-96.046000 Right=34.923000
DEBUG:root:ScaledLeft: 158.896500 ScaledRight: 453.576750
INFO:root:Looping....
DEBUG:root:This is the line: drive:37.254:-73.86

DEBUG:root:We got command: drive
DEBUG:root:We got a drive command: rawX:-73.860000 and rawY:37.254000
DEBUG:root:Forward to the Left/Straight
DEBUG:root:Left=-111.114000 Right=37.254000
DEBUG:root:ScaledLeft: 124.993500 ScaledRight: 458.821500
INFO:root:Looping....
DEBUG:root:This is the line: drive:40.195:-83.645

DEBUG:root:We got command: drive
DEBUG:root:We got a drive command: rawX:-83.645000 and rawY:40.195000
DEBUG:root:Forward to the Left/Straight
DEBUG:root:Left=-123.840000 Right=40.195000
DEBUG:root:ScaledLeft: 96.360000 ScaledRight: 465.438750
INFO:root:Looping....
DEBUG:root:This is the line: drive:44.86:-96.137

DEBUG:root:We got command: drive
DEBUG:root:We got a drive command: rawX:-96.137000 and rawY:44.860000
DEBUG:root:Forward to the Left/Straight
DEBUG:root:Left=-140.997000 Right=44.860000
DEBUG:root:ScaledLeft: 57.756750 ScaledRight: 475.935000
INFO:root:Looping....
DEBUG:root:This is the line: drive:46.113:-98.985

DEBUG:root:We got command: drive
DEBUG:root:We got a drive command: rawX:-98.985000 and rawY:46.113000
DEBUG:root:Forward to the Left/Straight
DEBUG:root:Left=-145.098000 Right=46.113000
DEBUG:root:ScaledLeft: 48.529500 ScaledRight: 478.754250
INFO:root:Looping....
DEBUG:root:This is the line: drive:46.113:-98.985

DEBUG:root:We got command: drive
DEBUG:root:We got a drive command: rawX:-98.985000 and rawY:46.113000
DEBUG:root:Forward to the Left/Straight
DEBUG:root:Left=-145.098000 Right=46.113000
DEBUG:root:ScaledLeft: 48.529500 ScaledRight: 478.754250
INFO:root:Looping....
DEBUG:root:This is the line: drive:46.113:-98.985

DEBUG:root:We got command: drive
DEBUG:root:We got a drive command: rawX:-98.985000 and rawY:46.113000
DEBUG:root:Forward to the Left/Straight
DEBUG:root:Left=-145.098000 Right=46.113000
DEBUG:root:ScaledLeft: 48.529500 ScaledRight: 478.754250
INFO:root:Looping....
DEBUG:root:This is the line: drive:46.113:-98.985

DEBUG:root:We got command: drive
DEBUG:root:We got a drive command: rawX:-98.985000 and rawY:46.113000
DEBUG:root:Forward to the Left/Straight
DEBUG:root:Left=-145.098000 Right=46.113000
DEBUG:root:ScaledLeft: 48.529500 ScaledRight: 478.754250
INFO:root:Looping....
DEBUG:root:This is the line: drive:46.113:-98.985

DEBUG:root:We got command: drive
DEBUG:root:We got a drive command: rawX:-98.985000 and rawY:46.113000
DEBUG:root:Forward to the Left/Straight
DEBUG:root:Left=-145.098000 Right=46.113000
DEBUG:root:ScaledLeft: 48.529500 ScaledRight: 478.754250
INFO:root:Looping....
DEBUG:root:This is the line: drive:46.113:-98.985

DEBUG:root:We got command: drive
DEBUG:root:We got a drive command: rawX:-98.985000 and rawY:46.113000
DEBUG:root:Forward to the Left/Straight
DEBUG:root:Left=-145.098000 Right=46.113000
DEBUG:root:ScaledLeft: 48.529500 ScaledRight: 478.754250
INFO:root:Looping....
DEBUG:root:This is the line: drive:46.113:-98.985

DEBUG:root:We got command: drive
DEBUG:root:We got a drive command: rawX:-98.985000 and rawY:46.113000
DEBUG:root:Forward to the Left/Straight
DEBUG:root:Left=-145.098000 Right=46.113000
DEBUG:root:ScaledLeft: 48.529500 ScaledRight: 478.754250
INFO:root:Looping....
DEBUG:root:This is the line: drive:46.113:-98.985

DEBUG:root:We got command: drive
DEBUG:root:We got a drive command: rawX:-98.985000 and rawY:46.113000
DEBUG:root:Forward to the Left/Straight
DEBUG:root:Left=-145.098000 Right=46.113000
DEBUG:root:ScaledLeft: 48.529500 ScaledRight: 478.754250
INFO:root:Looping....
DEBUG:root:This is the line: drive:46.113:-98.985

DEBUG:root:We got command: drive
DEBUG:root:We got a drive command: rawX:-98.985000 and rawY:46.113000
DEBUG:root:Forward to the Left/Straight
DEBUG:root:Left=-145.098000 Right=46.113000
DEBUG:root:ScaledLeft: 48.529500 ScaledRight: 478.754250
INFO:root:Looping....
DEBUG:root:This is the line: drive:46.113:-98.985

DEBUG:root:We got command: drive
DEBUG:root:We got a drive command: rawX:-98.985000 and rawY:46.113000
DEBUG:root:Forward to the Left/Straight
DEBUG:root:Left=-145.098000 Right=46.113000
DEBUG:root:ScaledLeft: 48.529500 ScaledRight: 478.754250
INFO:root:Looping....
DEBUG:root:This is the line: drive:46.113:-98.985

DEBUG:root:We got command: drive
DEBUG:root:We got a drive command: rawX:-98.985000 and rawY:46.113000
DEBUG:root:Forward to the Left/Straight
DEBUG:root:Left=-145.098000 Right=46.113000
DEBUG:root:ScaledLeft: 48.529500 ScaledRight: 478.754250
INFO:root:Looping....
DEBUG:root:This is the line: drive:46.113:-98.985

DEBUG:root:We got command: drive
DEBUG:root:We got a drive command: rawX:-98.985000 and rawY:46.113000
DEBUG:root:Forward to the Left/Straight
DEBUG:root:Left=-145.098000 Right=46.113000
DEBUG:root:ScaledLeft: 48.529500 ScaledRight: 478.754250
INFO:root:Looping....
DEBUG:root:This is the line: drive:46.113:-98.985

DEBUG:root:We got command: drive
DEBUG:root:We got a drive command: rawX:-98.985000 and rawY:46.113000
DEBUG:root:Forward to the Left/Straight
DEBUG:root:Left=-145.098000 Right=46.113000
DEBUG:root:ScaledLeft: 48.529500 ScaledRight: 478.754250
INFO:root:Looping....
DEBUG:root:This is the line: drive:46.113:-98.985

DEBUG:root:We got command: drive
DEBUG:root:We got a drive command: rawX:-98.985000 and rawY:46.113000
DEBUG:root:Forward to the Left/Straight
DEBUG:root:Left=-145.098000 Right=46.113000
DEBUG:root:ScaledLeft: 48.529500 ScaledRight: 478.754250
INFO:root:Looping....
DEBUG:root:This is the line: drive:46.113:-98.985

DEBUG:root:We got command: drive
DEBUG:root:We got a drive command: rawX:-98.985000 and rawY:46.113000
DEBUG:root:Forward to the Left/Straight
DEBUG:root:Left=-145.098000 Right=46.113000
DEBUG:root:ScaledLeft: 48.529500 ScaledRight: 478.754250
INFO:root:Looping....
DEBUG:root:This is the line: drive:46.113:-98.985

DEBUG:root:We got command: drive
DEBUG:root:We got a drive command: rawX:-98.985000 and rawY:46.113000
DEBUG:root:Forward to the Left/Straight
DEBUG:root:Left=-145.098000 Right=46.113000
DEBUG:root:ScaledLeft: 48.529500 ScaledRight: 478.754250
INFO:root:Looping....
DEBUG:root:This is the line: drive:46.113:-98.985

DEBUG:root:We got command: drive
DEBUG:root:We got a drive command: rawX:-98.985000 and rawY:46.113000
DEBUG:root:Forward to the Left/Straight
DEBUG:root:Left=-145.098000 Right=46.113000
DEBUG:root:ScaledLeft: 48.529500 ScaledRight: 478.754250
INFO:root:Looping....
DEBUG:root:This is the line: drive:46.113:-98.985

DEBUG:root:We got command: drive
DEBUG:root:We got a drive command: rawX:-98.985000 and rawY:46.113000
DEBUG:root:Forward to the Left/Straight
DEBUG:root:Left=-145.098000 Right=46.113000
DEBUG:root:ScaledLeft: 48.529500 ScaledRight: 478.754250
INFO:root:Looping....
DEBUG:root:This is the line: drive:99.518:-41.199

DEBUG:root:We got command: drive
DEBUG:root:We got a drive command: rawX:-41.199000 and rawY:99.518000
DEBUG:root:Forward to the Left/Straight
DEBUG:root:Left=-140.717000 Right=99.518000
DEBUG:root:ScaledLeft: 58.386750 ScaledRight: 598.915500
INFO:root:Looping....
DEBUG:root:This is the line: drive:86.989:-30.372

DEBUG:root:We got command: drive
DEBUG:root:We got a drive command: rawX:-30.372000 and rawY:86.989000
DEBUG:root:Forward to the Left/Straight
DEBUG:root:Left=-117.361000 Right=86.989000
DEBUG:root:ScaledLeft: 110.937750 ScaledRight: 570.725250
INFO:root:Looping....
DEBUG:root:This is the line: drive:75.95:-22.852

DEBUG:root:We got command: drive
DEBUG:root:We got a drive command: rawX:-22.852000 and rawY:75.950000
DEBUG:root:Forward to the Left/Straight
DEBUG:root:Left=-98.802000 Right=75.950000
DEBUG:root:ScaledLeft: 152.695500 ScaledRight: 545.887500
INFO:root:Looping....
DEBUG:root:This is the line: drive:61.639:-18.029

DEBUG:root:We got command: drive
DEBUG:root:We got a drive command: rawX:-18.029000 and rawY:61.639000
DEBUG:root:Forward to the Left/Straight
DEBUG:root:Left=-79.668000 Right=61.639000
DEBUG:root:ScaledLeft: 195.747000 ScaledRight: 513.687750
INFO:root:Looping....
DEBUG:root:This is the line: drive:49.83:-15.366

DEBUG:root:We got command: drive
DEBUG:root:We got a drive command: rawX:-15.366000 and rawY:49.830000
DEBUG:root:Forward to the Left/Straight
DEBUG:root:Left=-65.196000 Right=49.830000
DEBUG:root:ScaledLeft: 228.309000 ScaledRight: 487.117500
INFO:root:Looping....
DEBUG:root:This is the line: drive:28.822:-12.5

DEBUG:root:We got command: drive
DEBUG:root:We got a drive command: rawX:-12.500000 and rawY:28.822000
DEBUG:root:Forward to the Left/Straight
DEBUG:root:Left=-41.322000 Right=28.822000
DEBUG:root:ScaledLeft: 282.025500 ScaledRight: 439.849500
INFO:root:Looping....
DEBUG:root:This is the line: drive:19.138:-11.607

DEBUG:root:We got command: drive
DEBUG:root:We got a drive command: rawX:-11.607000 and rawY:19.138000
DEBUG:root:Forward to the Left/Straight
DEBUG:root:Left=-30.745000 Right=19.138000
DEBUG:root:ScaledLeft: 305.823750 ScaledRight: 418.060500
INFO:root:Looping....
DEBUG:root:This is the line: drive:6.628:-11.607

DEBUG:root:We got command: drive
DEBUG:root:We got a drive command: rawX:-11.607000 and rawY:6.628000
DEBUG:root:Forward to the Left/Straight
DEBUG:root:Left=-18.235000 Right=6.628000
DEBUG:root:ScaledLeft: 333.971250 ScaledRight: 389.913000
INFO:root:Looping....
DEBUG:root:This is the line: drive:-6.418:-11.607

DEBUG:root:We got command: drive
DEBUG:root:We got a drive command: rawX:-11.607000 and rawY:-6.418000
DEBUG:root:Reverse to the Left/Straight
DEBUG:root:Left=-5.189000 Right=-6.418000
DEBUG:root:ScaledLeft: 363.324750 ScaledRight: 360.559500
INFO:root:Looping....
DEBUG:root:This is the line: drive:-17.351:-11.891

DEBUG:root:We got command: drive
DEBUG:root:We got a drive command: rawX:-11.891000 and rawY:-17.351000
DEBUG:root:Reverse to the Left/Straight
DEBUG:root:Left=5.460000 Right=-17.351000
DEBUG:root:ScaledLeft: 387.285000 ScaledRight: 335.960250
INFO:root:Looping....
DEBUG:root:This is the line: drive:-29.528:-14.154

DEBUG:root:We got command: drive
DEBUG:root:We got a drive command: rawX:-14.154000 and rawY:-29.528000
DEBUG:root:Reverse to the Left/Straight
DEBUG:root:Left=15.374000 Right=-29.528000
DEBUG:root:ScaledLeft: 409.591500 ScaledRight: 308.562000
INFO:root:Looping....
DEBUG:root:This is the line: drive:-39.244:-16.206

DEBUG:root:We got command: drive
DEBUG:root:We got a drive command: rawX:-16.206000 and rawY:-39.244000
DEBUG:root:Reverse to the Left/Straight
DEBUG:root:Left=23.038000 Right=-39.244000
DEBUG:root:ScaledLeft: 426.835500 ScaledRight: 286.701000
INFO:root:Looping....
DEBUG:root:This is the line: drive:-54.557:-22.016

DEBUG:root:We got command: drive
DEBUG:root:We got a drive command: rawX:-22.016000 and rawY:-54.557000
DEBUG:root:Reverse to the Left/Straight
DEBUG:root:Left=32.541000 Right=-54.557000
DEBUG:root:ScaledLeft: 448.217250 ScaledRight: 252.246750
INFO:root:Looping....
DEBUG:root:This is the line: drive:-62.719:-25.597

DEBUG:root:We got command: drive
DEBUG:root:We got a drive command: rawX:-25.597000 and rawY:-62.719000
DEBUG:root:Reverse to the Left/Straight
DEBUG:root:Left=37.122000 Right=-62.719000
DEBUG:root:ScaledLeft: 458.524500 ScaledRight: 233.882250
INFO:root:Looping....
DEBUG:root:This is the line: drive:-77.714:-30.952

DEBUG:root:We got command: drive
DEBUG:root:We got a drive command: rawX:-30.952000 and rawY:-77.714000
DEBUG:root:Reverse to the Left/Straight
DEBUG:root:Left=46.762000 Right=-77.714000
DEBUG:root:ScaledLeft: 480.214500 ScaledRight: 200.143500
INFO:root:Looping....
DEBUG:root:This is the line: drive:-91.493:-34.373

DEBUG:root:We got command: drive
DEBUG:root:We got a drive command: rawX:-34.373000 and rawY:-91.493000
DEBUG:root:Reverse to the Left/Straight
DEBUG:root:Left=57.120000 Right=-91.493000
DEBUG:root:ScaledLeft: 503.520000 ScaledRight: 169.140750
INFO:root:Looping....
DEBUG:root:This is the line: drive:-105.16:-37.007

DEBUG:root:We got command: drive
DEBUG:root:We got a drive command: rawX:-37.007000 and rawY:-105.160000
DEBUG:root:Reverse to the Left/Straight
DEBUG:root:Left=68.153000 Right=-105.160000
DEBUG:root:ScaledLeft: 528.344250 ScaledRight: 138.390000
INFO:root:Looping....
DEBUG:root:This is the line: drive:-113.286:-38.095

DEBUG:root:We got command: drive
DEBUG:root:We got a drive command: rawX:-38.095000 and rawY:-113.286000
DEBUG:root:Reverse to the Left/Straight
DEBUG:root:Left=75.191000 Right=-113.286000
DEBUG:root:ScaledLeft: 544.179750 ScaledRight: 120.106500
INFO:root:Looping....
DEBUG:root:This is the line: drive:-120.0:-38.095

DEBUG:root:We got command: drive
DEBUG:root:We got a drive command: rawX:-38.095000 and rawY:-120.000000
DEBUG:root:Reverse to the Left/Straight
DEBUG:root:Left=81.905000 Right=-120.000000
DEBUG:root:ScaledLeft: 559.286250 ScaledRight: 105.000000
INFO:root:Looping....
DEBUG:root:This is the line: drive:-123.739:-38.095

DEBUG:root:We got command: drive
DEBUG:root:We got a drive command: rawX:-38.095000 and rawY:-123.739000
DEBUG:root:Reverse to the Left/Straight
DEBUG:root:Left=85.644000 Right=-123.739000
DEBUG:root:ScaledLeft: 567.699000 ScaledRight: 96.587250
INFO:root:Looping....
DEBUG:root:This is the line: drive:-126.745:-38.095

DEBUG:root:We got command: drive
DEBUG:root:We got a drive command: rawX:-38.095000 and rawY:-126.745000
DEBUG:root:Reverse to the Left/Straight
DEBUG:root:Left=88.650000 Right=-126.745000
DEBUG:root:ScaledLeft: 574.462500 ScaledRight: 89.823750
INFO:root:Looping....
DEBUG:root:This is the line: drive:0:0

DEBUG:root:We got command: drive
DEBUG:root:We got a drive command: rawX:0.000000 and rawY:0.000000
DEBUG:root:Left=0.000000 Right=0.000000
DEBUG:root:ScaledLeft: 375.000000 ScaledRight: 375.000000
INFO:root:Looping....
DEBUG:root:This is the line: drive:-127.44:-37.786

DEBUG:root:We got command: drive
DEBUG:root:We got a drive command: rawX:-37.786000 and rawY:-127.440000
DEBUG:root:Reverse to the Left/Straight
DEBUG:root:Left=89.654000 Right=-127.440000
DEBUG:root:ScaledLeft: 576.721500 ScaledRight: 88.260000
INFO:root:Looping....
DEBUG:root:This is the line: drive:-1.714:46.131

DEBUG:root:We got command: drive
DEBUG:root:We got a drive command: rawX:46.131000 and rawY:-1.714000
DEBUG:root:Reverse to the Right
DEBUG:root:Left=1.714000 Right=-47.845000
DEBUG:root:ScaledLeft: 378.856500 ScaledRight: 267.348750
INFO:root:Looping....
DEBUG:root:This is the line: drive:-1.714:46.131

DEBUG:root:We got command: drive
DEBUG:root:We got a drive command: rawX:46.131000 and rawY:-1.714000
DEBUG:root:Reverse to the Right
DEBUG:root:Left=1.714000 Right=-47.845000
DEBUG:root:ScaledLeft: 378.856500 ScaledRight: 267.348750
INFO:root:Looping....
DEBUG:root:This is the line: drive:-6.993:41.964

DEBUG:root:We got command: drive
DEBUG:root:We got a drive command: rawX:41.964000 and rawY:-6.993000
DEBUG:root:Reverse to the Right
DEBUG:root:Left=6.993000 Right=-48.957000
DEBUG:root:ScaledLeft: 390.734250 ScaledRight: 264.846750
INFO:root:Looping....
DEBUG:root:This is the line: drive:-10.195:41.667

DEBUG:root:We got command: drive
DEBUG:root:We got a drive command: rawX:41.667000 and rawY:-10.195000
DEBUG:root:Reverse to the Right
DEBUG:root:Left=10.195000 Right=-51.862000
DEBUG:root:ScaledLeft: 397.938750 ScaledRight: 258.310500
INFO:root:Looping....
DEBUG:root:This is the line: drive:-13.944:40.952

DEBUG:root:We got command: drive
DEBUG:root:We got a drive command: rawX:40.952000 and rawY:-13.944000
DEBUG:root:Reverse to the Right
DEBUG:root:Left=13.944000 Right=-54.896000
DEBUG:root:ScaledLeft: 406.374000 ScaledRight: 251.484000
INFO:root:Looping....
DEBUG:root:This is the line: drive:-17.379:40.476

DEBUG:root:We got command: drive
DEBUG:root:We got a drive command: rawX:40.476000 and rawY:-17.379000
DEBUG:root:Reverse to the Right
DEBUG:root:Left=17.379000 Right=-57.855000
DEBUG:root:ScaledLeft: 414.102750 ScaledRight: 244.826250
INFO:root:Looping....
DEBUG:root:This is the line: drive:-21.37:39.881

DEBUG:root:We got command: drive
DEBUG:root:We got a drive command: rawX:39.881000 and rawY:-21.370000
DEBUG:root:Reverse to the Right
DEBUG:root:Left=21.370000 Right=-61.251000
DEBUG:root:ScaledLeft: 423.082500 ScaledRight: 237.185250
INFO:root:Looping....
DEBUG:root:This is the line: drive:-26.0:38.69

DEBUG:root:We got command: drive
DEBUG:root:We got a drive command: rawX:38.690000 and rawY:-26.000000
DEBUG:root:Reverse to the Right
DEBUG:root:Left=26.000000 Right=-64.690000
DEBUG:root:ScaledLeft: 433.500000 ScaledRight: 229.447500
INFO:root:Looping....
DEBUG:root:This is the line: drive:-30.629:38.69

DEBUG:root:We got command: drive
DEBUG:root:We got a drive command: rawX:38.690000 and rawY:-30.629000
DEBUG:root:Reverse to the Right
DEBUG:root:Left=30.629000 Right=-69.319000
DEBUG:root:ScaledLeft: 443.915250 ScaledRight: 219.032250
INFO:root:Looping....
DEBUG:root:This is the line: drive:-37.417:38.393

DEBUG:root:We got command: drive
DEBUG:root:We got a drive command: rawX:38.393000 and rawY:-37.417000
DEBUG:root:Reverse to the Right
DEBUG:root:Left=37.417000 Right=-75.810000
DEBUG:root:ScaledLeft: 459.188250 ScaledRight: 204.427500
INFO:root:Looping....
DEBUG:root:This is the line: drive:-42.888:38.095

DEBUG:root:We got command: drive
DEBUG:root:We got a drive command: rawX:38.095000 and rawY:-42.888000
DEBUG:root:Reverse to the Right
DEBUG:root:Left=42.888000 Right=-80.983000
DEBUG:root:ScaledLeft: 471.498000 ScaledRight: 192.788250
INFO:root:Looping....
DEBUG:root:This is the line: drive:-51.598:38.095

DEBUG:root:We got command: drive
DEBUG:root:We got a drive command: rawX:38.095000 and rawY:-51.598000
DEBUG:root:Reverse to the Right
DEBUG:root:Left=51.598000 Right=-89.693000
DEBUG:root:ScaledLeft: 491.095500 ScaledRight: 173.190750
INFO:root:Looping....
DEBUG:root:This is the line: drive:-59.274:38.095

DEBUG:root:We got command: drive
DEBUG:root:We got a drive command: rawX:38.095000 and rawY:-59.274000
DEBUG:root:Reverse to the Right
DEBUG:root:Left=59.274000 Right=-97.369000
DEBUG:root:ScaledLeft: 508.366500 ScaledRight: 155.919750
INFO:root:Looping....
DEBUG:root:This is the line: drive:-68.736:38.095

DEBUG:root:We got command: drive
DEBUG:root:We got a drive command: rawX:38.095000 and rawY:-68.736000
DEBUG:root:Reverse to the Right
DEBUG:root:Left=68.736000 Right=-106.831000
DEBUG:root:ScaledLeft: 529.656000 ScaledRight: 134.630250
INFO:root:Looping....
DEBUG:root:This is the line: drive:-75.012:38.095

DEBUG:root:We got command: drive
DEBUG:root:We got a drive command: rawX:38.095000 and rawY:-75.012000
DEBUG:root:Reverse to the Right
DEBUG:root:Left=75.012000 Right=-113.107000
DEBUG:root:ScaledLeft: 543.777000 ScaledRight: 120.509250
INFO:root:Looping....
DEBUG:root:This is the line: drive:-79.554:38.095

DEBUG:root:We got command: drive
DEBUG:root:We got a drive command: rawX:38.095000 and rawY:-79.554000
DEBUG:root:Reverse to the Right
DEBUG:root:Left=79.554000 Right=-117.649000
DEBUG:root:ScaledLeft: 553.996500 ScaledRight: 110.289750
INFO:root:Looping....
DEBUG:root:This is the line: drive:-83.831:38.095

DEBUG:root:We got command: drive
DEBUG:root:We got a drive command: rawX:38.095000 and rawY:-83.831000
DEBUG:root:Reverse to the Right
DEBUG:root:Left=83.831000 Right=-121.926000
DEBUG:root:ScaledLeft: 563.619750 ScaledRight: 100.666500
INFO:root:Looping....
DEBUG:root:This is the line: drive:-87.405:38.095

DEBUG:root:We got command: drive
DEBUG:root:We got a drive command: rawX:38.095000 and rawY:-87.405000
DEBUG:root:Reverse to the Right
DEBUG:root:Left=87.405000 Right=-125.500000
DEBUG:root:ScaledLeft: 571.661250 ScaledRight: 92.625000
INFO:root:Looping....
DEBUG:root:This is the line: drive:-91.739:38.095

DEBUG:root:We got command: drive
DEBUG:root:We got a drive command: rawX:38.095000 and rawY:-91.739000
DEBUG:root:Reverse to the Right
DEBUG:root:Left=91.739000 Right=-129.834000
DEBUG:root:ScaledLeft: 581.412750 ScaledRight: 82.873500
INFO:root:Looping....
DEBUG:root:This is the line: drive:-96.078:38.095

DEBUG:root:We got command: drive
DEBUG:root:We got a drive command: rawX:38.095000 and rawY:-96.078000
DEBUG:root:Reverse to the Right
DEBUG:root:Left=96.078000 Right=-134.173000
DEBUG:root:ScaledLeft: 591.175500 ScaledRight: 73.110750
INFO:root:Looping....
DEBUG:root:This is the line: drive:-99.65:38.095

DEBUG:root:We got command: drive
DEBUG:root:We got a drive command: rawX:38.095000 and rawY:-99.650000
DEBUG:root:Reverse to the Right
DEBUG:root:Left=99.650000 Right=-137.745000
DEBUG:root:ScaledLeft: 599.212500 ScaledRight: 65.073750
INFO:root:Looping....
DEBUG:root:This is the line: drive:-103.426:38.095

DEBUG:root:We got command: drive
DEBUG:root:We got a drive command: rawX:38.095000 and rawY:-103.426000
DEBUG:root:Reverse to the Right
DEBUG:root:Left=103.426000 Right=-141.521000
DEBUG:root:ScaledLeft: 607.708500 ScaledRight: 56.577750
INFO:root:Looping....
DEBUG:root:This is the line: drive:-105.584:38.095

DEBUG:root:We got command: drive
DEBUG:root:We got a drive command: rawX:38.095000 and rawY:-105.584000
DEBUG:root:Reverse to the Right
DEBUG:root:Left=105.584000 Right=-143.679000
DEBUG:root:ScaledLeft: 612.564000 ScaledRight: 51.722250
INFO:root:Looping....
DEBUG:root:This is the line: drive:-109.557:38.095

DEBUG:root:We got command: drive
DEBUG:root:We got a drive command: rawX:38.095000 and rawY:-109.557000
DEBUG:root:Reverse to the Right
DEBUG:root:Left=109.557000 Right=-147.652000
DEBUG:root:ScaledLeft: 621.503250 ScaledRight: 42.783000
INFO:root:Looping....
DEBUG:root:This is the line: drive:-111.846:38.095

DEBUG:root:We got command: drive
DEBUG:root:We got a drive command: rawX:38.095000 and rawY:-111.846000
DEBUG:root:Reverse to the Right
DEBUG:root:Left=111.846000 Right=-149.941000
DEBUG:root:ScaledLeft: 626.653500 ScaledRight: 37.632750
INFO:root:Looping....
DEBUG:root:This is the line: drive:-114.105:38.095

DEBUG:root:We got command: drive
DEBUG:root:We got a drive command: rawX:38.095000 and rawY:-114.105000
DEBUG:root:Reverse to the Right
DEBUG:root:Left=114.105000 Right=-152.200000
DEBUG:root:ScaledLeft: 631.736250 ScaledRight: 32.550000
INFO:root:Looping....
DEBUG:root:This is the line: drive:-116.143:38.095

DEBUG:root:We got command: drive
DEBUG:root:We got a drive command: rawX:38.095000 and rawY:-116.143000
DEBUG:root:Reverse to the Right
DEBUG:root:Left=116.143000 Right=-154.238000
DEBUG:root:ScaledLeft: 636.321750 ScaledRight: 27.964500
INFO:root:Looping....
DEBUG:root:This is the line: drive:-118.07:38.095

DEBUG:root:We got command: drive
DEBUG:root:We got a drive command: rawX:38.095000 and rawY:-118.070000
DEBUG:root:Reverse to the Right
DEBUG:root:Left=118.070000 Right=-156.165000
DEBUG:root:ScaledLeft: 640.657500 ScaledRight: 23.628750
INFO:root:Looping....
DEBUG:root:This is the line: drive:-120.273:38.095

DEBUG:root:We got command: drive
DEBUG:root:We got a drive command: rawX:38.095000 and rawY:-120.273000
DEBUG:root:Reverse to the Right
DEBUG:root:Left=120.273000 Right=-158.368000
DEBUG:root:ScaledLeft: 645.614250 ScaledRight: 18.672000
INFO:root:Looping....
DEBUG:root:This is the line: drive:-122.143:38.095

DEBUG:root:We got command: drive
DEBUG:root:We got a drive command: rawX:38.095000 and rawY:-122.143000
DEBUG:root:Reverse to the Right
DEBUG:root:Left=122.143000 Right=-160.238000
DEBUG:root:ScaledLeft: 649.821750 ScaledRight: 14.464500
INFO:root:Looping....
DEBUG:root:This is the line: drive:-122.322:38.095

DEBUG:root:We got command: drive
DEBUG:root:We got a drive command: rawX:38.095000 and rawY:-122.322000
DEBUG:root:Reverse to the Right
DEBUG:root:Left=122.322000 Right=-160.417000
DEBUG:root:ScaledLeft: 650.224500 ScaledRight: 14.061750
INFO:root:Looping....
DEBUG:root:This is the line: drive:-122.913:38.095

DEBUG:root:We got command: drive
DEBUG:root:We got a drive command: rawX:38.095000 and rawY:-122.913000
DEBUG:root:Reverse to the Right
DEBUG:root:Left=122.913000 Right=-161.008000
DEBUG:root:ScaledLeft: 651.554250 ScaledRight: 12.732000
INFO:root:Looping....
DEBUG:root:This is the line: drive:-123.494:38.461

DEBUG:root:We got command: drive
DEBUG:root:We got a drive command: rawX:38.461000 and rawY:-123.494000
DEBUG:root:Reverse to the Right
DEBUG:root:Left=123.494000 Right=-161.955000
DEBUG:root:ScaledLeft: 652.861500 ScaledRight: 10.601250
INFO:root:Looping....
DEBUG:root:This is the line: drive:-123.747:38.393

DEBUG:root:We got command: drive
DEBUG:root:We got a drive command: rawX:38.393000 and rawY:-123.747000
DEBUG:root:Reverse to the Right
DEBUG:root:Left=123.747000 Right=-162.140000
DEBUG:root:ScaledLeft: 653.430750 ScaledRight: 10.185000
INFO:root:Looping....
DEBUG:root:This is the line: drive:-124.714:38.393

DEBUG:root:We got command: drive
DEBUG:root:We got a drive command: rawX:38.393000 and rawY:-124.714000
DEBUG:root:Reverse to the Right
DEBUG:root:Left=124.714000 Right=-163.107000
DEBUG:root:ScaledLeft: 655.606500 ScaledRight: 8.009250
INFO:root:Looping....
DEBUG:root:This is the line: drive:-124.892:38.393

DEBUG:root:We got command: drive
DEBUG:root:We got a drive command: rawX:38.393000 and rawY:-124.892000
DEBUG:root:Reverse to the Right
DEBUG:root:Left=124.892000 Right=-163.285000
DEBUG:root:ScaledLeft: 656.007000 ScaledRight: 7.608750
INFO:root:Looping....
DEBUG:root:This is the line: drive:-125.775:38.69

DEBUG:root:We got command: drive
DEBUG:root:We got a drive command: rawX:38.690000 and rawY:-125.775000
DEBUG:root:Reverse to the Right
DEBUG:root:Left=125.775000 Right=-164.465000
DEBUG:root:ScaledLeft: 657.993750 ScaledRight: 4.953750
INFO:root:Looping....
DEBUG:root:This is the line: drive:-126.361:38.69

DEBUG:root:We got command: drive
DEBUG:root:We got a drive command: rawX:38.690000 and rawY:-126.361000
DEBUG:root:Reverse to the Right
DEBUG:root:Left=126.361000 Right=-165.051000
DEBUG:root:ScaledLeft: 659.312250 ScaledRight: 3.635250
INFO:root:Looping....
DEBUG:root:This is the line: drive:-127.286:38.69

DEBUG:root:We got command: drive
DEBUG:root:We got a drive command: rawX:38.690000 and rawY:-127.286000
DEBUG:root:Reverse to the Right
DEBUG:root:Left=127.286000 Right=-165.976000
DEBUG:root:ScaledLeft: 661.393500 ScaledRight: 1.554000
INFO:root:Looping....
DEBUG:root:This is the line: drive:-127.742:38.69

DEBUG:root:We got command: drive
DEBUG:root:We got a drive command: rawX:38.690000 and rawY:-127.742000
DEBUG:root:Reverse to the Right
DEBUG:root:Left=127.742000 Right=-166.432000
DEBUG:root:ScaledLeft: 662.419500 ScaledRight: 0.528000
INFO:root:Looping....
DEBUG:root:This is the line: drive:-128.714:38.69

DEBUG:root:We got command: drive
DEBUG:root:We got a drive command: rawX:38.690000 and rawY:-128.714000
DEBUG:root:Reverse to the Right
DEBUG:root:Left=128.714000 Right=-167.404000
DEBUG:root:ScaledLeft: 664.606500 ScaledRight: -1.659000
INFO:root:Looping....
DEBUG:root:This is the line: drive:-129.237:38.69

DEBUG:root:We got command: drive
DEBUG:root:We got a drive command: rawX:38.690000 and rawY:-129.237000
DEBUG:root:Reverse to the Right
DEBUG:root:Left=129.237000 Right=-167.927000
DEBUG:root:ScaledLeft: 665.783250 ScaledRight: -2.835750
INFO:root:Looping....
DEBUG:root:This is the line: drive:-129.812:38.69

DEBUG:root:We got command: drive
DEBUG:root:We got a drive command: rawX:38.690000 and rawY:-129.812000
DEBUG:root:Reverse to the Right
DEBUG:root:Left=129.812000 Right=-168.502000
DEBUG:root:ScaledLeft: 667.077000 ScaledRight: -4.129500
INFO:root:Looping....
DEBUG:root:This is the line: drive:-130.04:38.69

DEBUG:root:We got command: drive
DEBUG:root:We got a drive command: rawX:38.690000 and rawY:-130.040000
DEBUG:root:Reverse to the Right
DEBUG:root:Left=130.040000 Right=-168.730000
DEBUG:root:ScaledLeft: 667.590000 ScaledRight: -4.642500
INFO:root:Looping....
DEBUG:root:This is the line: drive:-130.333:39.037

DEBUG:root:We got command: drive
DEBUG:root:We got a drive command: rawX:39.037000 and rawY:-130.333000
DEBUG:root:Reverse to the Right
DEBUG:root:Left=130.333000 Right=-169.370000
DEBUG:root:ScaledLeft: 668.249250 ScaledRight: -6.082500
INFO:root:Looping....
DEBUG:root:This is the line: drive:-130.571:39.416

DEBUG:root:We got command: drive
DEBUG:root:We got a drive command: rawX:39.416000 and rawY:-130.571000
DEBUG:root:Reverse to the Right
DEBUG:root:Left=130.571000 Right=-169.987000
DEBUG:root:ScaledLeft: 668.784750 ScaledRight: -7.470750
INFO:root:Looping....
DEBUG:root:This is the line: drive:-130.866:39.286

DEBUG:root:We got command: drive
DEBUG:root:We got a drive command: rawX:39.286000 and rawY:-130.866000
DEBUG:root:Reverse to the Right
DEBUG:root:Left=130.866000 Right=-170.152000
DEBUG:root:ScaledLeft: 669.448500 ScaledRight: -7.842000
INFO:root:Looping....
DEBUG:root:This is the line: drive:-130.866:39.286

DEBUG:root:We got command: drive
DEBUG:root:We got a drive command: rawX:39.286000 and rawY:-130.866000
DEBUG:root:Reverse to the Right
DEBUG:root:Left=130.866000 Right=-170.152000
DEBUG:root:ScaledLeft: 669.448500 ScaledRight: -7.842000
INFO:root:Looping....
DEBUG:root:This is the line: drive:-130.866:39.286

DEBUG:root:We got command: drive
DEBUG:root:We got a drive command: rawX:39.286000 and rawY:-130.866000
DEBUG:root:Reverse to the Right
DEBUG:root:Left=130.866000 Right=-170.152000
DEBUG:root:ScaledLeft: 669.448500 ScaledRight: -7.842000
INFO:root:Looping....
DEBUG:root:This is the line: drive:-131.147:39.286

DEBUG:root:We got command: drive
DEBUG:root:We got a drive command: rawX:39.286000 and rawY:-131.147000
DEBUG:root:Reverse to the Right
DEBUG:root:Left=131.147000 Right=-170.433000
DEBUG:root:ScaledLeft: 670.080750 ScaledRight: -8.474250
INFO:root:Looping....
DEBUG:root:This is the line: drive:-131.5:39.286

DEBUG:root:We got command: drive
DEBUG:root:We got a drive command: rawX:39.286000 and rawY:-131.500000
DEBUG:root:Reverse to the Right
DEBUG:root:Left=131.500000 Right=-170.786000
DEBUG:root:ScaledLeft: 670.875000 ScaledRight: -9.268500
INFO:root:Looping....
DEBUG:root:This is the line: drive:-131.5:39.286

DEBUG:root:We got command: drive
DEBUG:root:We got a drive command: rawX:39.286000 and rawY:-131.500000
DEBUG:root:Reverse to the Right
DEBUG:root:Left=131.500000 Right=-170.786000
DEBUG:root:ScaledLeft: 670.875000 ScaledRight: -9.268500
INFO:root:Looping....
DEBUG:root:This is the line: drive:-131.5:39.286

DEBUG:root:We got command: drive
DEBUG:root:We got a drive command: rawX:39.286000 and rawY:-131.500000
DEBUG:root:Reverse to the Right
DEBUG:root:Left=131.500000 Right=-170.786000
DEBUG:root:ScaledLeft: 670.875000 ScaledRight: -9.268500
INFO:root:Looping....
DEBUG:root:This is the line: drive:-131.5:39.286

DEBUG:root:We got command: drive
DEBUG:root:We got a drive command: rawX:39.286000 and rawY:-131.500000
DEBUG:root:Reverse to the Right
DEBUG:root:Left=131.500000 Right=-170.786000
DEBUG:root:ScaledLeft: 670.875000 ScaledRight: -9.268500
INFO:root:Looping....
DEBUG:root:This is the line: drive:-131.723:39.286

DEBUG:root:We got command: drive
DEBUG:root:We got a drive command: rawX:39.286000 and rawY:-131.723000
DEBUG:root:Reverse to the Right
DEBUG:root:Left=131.723000 Right=-171.009000
DEBUG:root:ScaledLeft: 671.376750 ScaledRight: -9.770250
INFO:root:Looping....
DEBUG:root:This is the line: drive:-131.723:39.286

DEBUG:root:We got command: drive
DEBUG:root:We got a drive command: rawX:39.286000 and rawY:-131.723000
DEBUG:root:Reverse to the Right
DEBUG:root:Left=131.723000 Right=-171.009000
DEBUG:root:ScaledLeft: 671.376750 ScaledRight: -9.770250
INFO:root:Looping....
DEBUG:root:This is the line: drive:-131.723:39.286

DEBUG:root:We got command: drive
DEBUG:root:We got a drive command: rawX:39.286000 and rawY:-131.723000
DEBUG:root:Reverse to the Right
DEBUG:root:Left=131.723000 Right=-171.009000
DEBUG:root:ScaledLeft: 671.376750 ScaledRight: -9.770250
INFO:root:Looping....
DEBUG:root:This is the line: drive:-131.723:39.286

DEBUG:root:We got command: drive
DEBUG:root:We got a drive command: rawX:39.286000 and rawY:-131.723000
DEBUG:root:Reverse to the Right
DEBUG:root:Left=131.723000 Right=-171.009000
DEBUG:root:ScaledLeft: 671.376750 ScaledRight: -9.770250
INFO:root:Looping....
DEBUG:root:This is the line: drive:-131.723:39.286

DEBUG:root:We got command: drive
DEBUG:root:We got a drive command: rawX:39.286000 and rawY:-131.723000
DEBUG:root:Reverse to the Right
DEBUG:root:Left=131.723000 Right=-171.009000
DEBUG:root:ScaledLeft: 671.376750 ScaledRight: -9.770250
INFO:root:Looping....
DEBUG:root:This is the line: drive:-131.723:39.286

DEBUG:root:We got command: drive
DEBUG:root:We got a drive command: rawX:39.286000 and rawY:-131.723000
DEBUG:root:Reverse to the Right
DEBUG:root:Left=131.723000 Right=-171.009000
DEBUG:root:ScaledLeft: 671.376750 ScaledRight: -9.770250
INFO:root:Looping....
DEBUG:root:This is the line: drive:-131.723:39.286

DEBUG:root:We got command: drive
DEBUG:root:We got a drive command: rawX:39.286000 and rawY:-131.723000
DEBUG:root:Reverse to the Right
DEBUG:root:Left=131.723000 Right=-171.009000
DEBUG:root:ScaledLeft: 671.376750 ScaledRight: -9.770250
INFO:root:Looping....
DEBUG:root:This is the line: drive:-131.723:39.286

DEBUG:root:We got command: drive
DEBUG:root:We got a drive command: rawX:39.286000 and rawY:-131.723000
DEBUG:root:Reverse to the Right
DEBUG:root:Left=131.723000 Right=-171.009000
DEBUG:root:ScaledLeft: 671.376750 ScaledRight: -9.770250
INFO:root:Looping....
DEBUG:root:This is the line: drive:-131.423:39.286

DEBUG:root:We got command: drive
DEBUG:root:We got a drive command: rawX:39.286000 and rawY:-131.423000
DEBUG:root:Reverse to the Right
DEBUG:root:Left=131.423000 Right=-170.709000
DEBUG:root:ScaledLeft: 670.701750 ScaledRight: -9.095250
INFO:root:Looping....
DEBUG:root:This is the line: drive:-131.429:39.642

DEBUG:root:We got command: drive
DEBUG:root:We got a drive command: rawX:39.642000 and rawY:-131.429000
DEBUG:root:Reverse to the Right
DEBUG:root:Left=131.429000 Right=-171.071000
DEBUG:root:ScaledLeft: 670.715250 ScaledRight: -9.909750
INFO:root:Looping....
DEBUG:root:This is the line: drive:-131.121:39.583

DEBUG:root:We got command: drive
DEBUG:root:We got a drive command: rawX:39.583000 and rawY:-131.121000
DEBUG:root:Reverse to the Right
DEBUG:root:Left=131.121000 Right=-170.704000
DEBUG:root:ScaledLeft: 670.022250 ScaledRight: -9.084000
INFO:root:Looping....
DEBUG:root:This is the line: drive:-131.143:39.917

DEBUG:root:We got command: drive
DEBUG:root:We got a drive command: rawX:39.917000 and rawY:-131.143000
DEBUG:root:Reverse to the Right
DEBUG:root:Left=131.143000 Right=-171.060000
DEBUG:root:ScaledLeft: 670.071750 ScaledRight: -9.885000
INFO:root:Looping....
DEBUG:root:This is the line: drive:0:0

DEBUG:root:We got command: drive
DEBUG:root:We got a drive command: rawX:0.000000 and rawY:0.000000
DEBUG:root:Left=0.000000 Right=0.000000
DEBUG:root:ScaledLeft: 375.000000 ScaledRight: 375.000000
INFO:root:Looping....
DEBUG:root:This is the line: drive:-131.143:39.917

DEBUG:root:We got command: drive
DEBUG:root:We got a drive command: rawX:39.917000 and rawY:-131.143000
DEBUG:root:Reverse to the Right
DEBUG:root:Left=131.143000 Right=-171.060000
DEBUG:root:ScaledLeft: 670.071750 ScaledRight: -9.885000
INFO:root:Looping....
DEBUG:root:This is the line: drive:18.286:50.893

DEBUG:root:We got command: drive
DEBUG:root:We got a drive command: rawX:50.893000 and rawY:18.286000
DEBUG:root:Forward to the Right
DEBUG:root:Left=-18.286000 Right=-32.607000
DEBUG:root:ScaledLeft: 333.856500 ScaledRight: 301.634250
INFO:root:Looping....
DEBUG:root:This is the line: drive:11.661:45.508

DEBUG:root:We got command: drive
DEBUG:root:We got a drive command: rawX:45.508000 and rawY:11.661000
DEBUG:root:Forward to the Right
DEBUG:root:Left=-11.661000 Right=-33.847000
DEBUG:root:ScaledLeft: 348.762750 ScaledRight: 298.844250
INFO:root:Looping....
DEBUG:root:This is the line: drive:8.101:44.94

DEBUG:root:We got command: drive
DEBUG:root:We got a drive command: rawX:44.940000 and rawY:8.101000
DEBUG:root:Forward to the Right
DEBUG:root:Left=-8.101000 Right=-36.839000
DEBUG:root:ScaledLeft: 356.772750 ScaledRight: 292.112250
INFO:root:Looping....
DEBUG:root:This is the line: drive:1.218:46.601

DEBUG:root:We got command: drive
DEBUG:root:We got a drive command: rawX:46.601000 and rawY:1.218000
DEBUG:root:Forward to the Right
DEBUG:root:Left=-1.218000 Right=-45.383000
DEBUG:root:ScaledLeft: 372.259500 ScaledRight: 272.888250
INFO:root:Looping....
DEBUG:root:This is the line: drive:-2.522:48.486

DEBUG:root:We got command: drive
DEBUG:root:We got a drive command: rawX:48.486000 and rawY:-2.522000
DEBUG:root:Reverse to the Right
DEBUG:root:Left=2.522000 Right=-51.008000
DEBUG:root:ScaledLeft: 380.674500 ScaledRight: 260.232000
INFO:root:Looping....
DEBUG:root:This is the line: drive:-6.774:50.701

DEBUG:root:We got command: drive
DEBUG:root:We got a drive command: rawX:50.701000 and rawY:-6.774000
DEBUG:root:Reverse to the Right
DEBUG:root:Left=6.774000 Right=-57.475000
DEBUG:root:ScaledLeft: 390.241500 ScaledRight: 245.681250
INFO:root:Looping....
DEBUG:root:This is the line: drive:-8.225:51.456

DEBUG:root:We got command: drive
DEBUG:root:We got a drive command: rawX:51.456000 and rawY:-8.225000
DEBUG:root:Reverse to the Right
DEBUG:root:Left=8.225000 Right=-59.681000
DEBUG:root:ScaledLeft: 393.506250 ScaledRight: 240.717750
INFO:root:Looping....
DEBUG:root:This is the line: drive:-14.907:54.937

DEBUG:root:We got command: drive
DEBUG:root:We got a drive command: rawX:54.937000 and rawY:-14.907000
DEBUG:root:Reverse to the Right
DEBUG:root:Left=14.907000 Right=-69.844000
DEBUG:root:ScaledLeft: 408.540750 ScaledRight: 217.851000
INFO:root:Looping....
DEBUG:root:This is the line: drive:-19.664:57.265

DEBUG:root:We got command: drive
DEBUG:root:We got a drive command: rawX:57.265000 and rawY:-19.664000
DEBUG:root:Reverse to the Right
DEBUG:root:Left=19.664000 Right=-76.929000
DEBUG:root:ScaledLeft: 419.244000 ScaledRight: 201.909750
INFO:root:Looping....
DEBUG:root:This is the line: drive:-23.536:58.333

DEBUG:root:We got command: drive
DEBUG:root:We got a drive command: rawX:58.333000 and rawY:-23.536000
DEBUG:root:Reverse to the Right
DEBUG:root:Left=23.536000 Right=-81.869000
DEBUG:root:ScaledLeft: 427.956000 ScaledRight: 190.794750
INFO:root:Looping....
DEBUG:root:This is the line: drive:-27.885:58.333

DEBUG:root:We got command: drive
DEBUG:root:We got a drive command: rawX:58.333000 and rawY:-27.885000
DEBUG:root:Reverse to the Right
DEBUG:root:Left=27.885000 Right=-86.218000
DEBUG:root:ScaledLeft: 437.741250 ScaledRight: 181.009500
INFO:root:Looping....
DEBUG:root:This is the line: drive:-32.0:57.292

DEBUG:root:We got command: drive
DEBUG:root:We got a drive command: rawX:57.292000 and rawY:-32.000000
DEBUG:root:Reverse to the Right
DEBUG:root:Left=32.000000 Right=-89.292000
DEBUG:root:ScaledLeft: 447.000000 ScaledRight: 174.093000
INFO:root:Looping....
DEBUG:root:This is the line: drive:-37.327:49.861

DEBUG:root:We got command: drive
DEBUG:root:We got a drive command: rawX:49.861000 and rawY:-37.327000
DEBUG:root:Reverse to the Right
DEBUG:root:Left=37.327000 Right=-87.188000
DEBUG:root:ScaledLeft: 458.985750 ScaledRight: 178.827000
INFO:root:Looping....
DEBUG:root:This is the line: drive:-46.416:31.872

DEBUG:root:We got command: drive
DEBUG:root:We got a drive command: rawX:31.872000 and rawY:-46.416000
DEBUG:root:Reverse to the Right
DEBUG:root:Left=46.416000 Right=-78.288000
DEBUG:root:ScaledLeft: 479.436000 ScaledRight: 198.852000
INFO:root:Looping....
DEBUG:root:This is the line: drive:-48.389:20.601

DEBUG:root:We got command: drive
DEBUG:root:We got a drive command: rawX:20.601000 and rawY:-48.389000
DEBUG:root:Reverse to the Right
DEBUG:root:Left=48.389000 Right=-68.990000
DEBUG:root:ScaledLeft: 483.875250 ScaledRight: 219.772500
INFO:root:Looping....
DEBUG:root:This is the line: drive:-46.641:13.466

DEBUG:root:We got command: drive
DEBUG:root:We got a drive command: rawX:13.466000 and rawY:-46.641000
DEBUG:root:Reverse to the Right
DEBUG:root:Left=46.641000 Right=-60.107000
DEBUG:root:ScaledLeft: 479.942250 ScaledRight: 239.759250
INFO:root:Looping....
DEBUG:root:This is the line: drive:-43.826:9.756

DEBUG:root:We got command: drive
DEBUG:root:We got a drive command: rawX:9.756000 and rawY:-43.826000
DEBUG:root:Reverse to the Right
DEBUG:root:Left=43.826000 Right=-53.582000
DEBUG:root:ScaledLeft: 473.608500 ScaledRight: 254.440500
INFO:root:Looping....
DEBUG:root:This is the line: drive:-42.857:7.049

DEBUG:root:We got command: drive
DEBUG:root:We got a drive command: rawX:7.049000 and rawY:-42.857000
DEBUG:root:Reverse to the Right
DEBUG:root:Left=42.857000 Right=-49.906000
DEBUG:root:ScaledLeft: 471.428250 ScaledRight: 262.711500
INFO:root:Looping....
DEBUG:root:This is the line: drive:-45.825:6.548

DEBUG:root:We got command: drive
DEBUG:root:We got a drive command: rawX:6.548000 and rawY:-45.825000
DEBUG:root:Reverse to the Right
DEBUG:root:Left=45.825000 Right=-52.373000
DEBUG:root:ScaledLeft: 478.106250 ScaledRight: 257.160750
INFO:root:Looping....
DEBUG:root:This is the line: drive:-60.241:5.952

DEBUG:root:We got command: drive
DEBUG:root:We got a drive command: rawX:5.952000 and rawY:-60.241000
DEBUG:root:Reverse to the Right
DEBUG:root:Left=60.241000 Right=-66.193000
DEBUG:root:ScaledLeft: 510.542250 ScaledRight: 226.065750
INFO:root:Looping....
DEBUG:root:This is the line: drive:-78.65:5.952

DEBUG:root:We got command: drive
DEBUG:root:We got a drive command: rawX:5.952000 and rawY:-78.650000
DEBUG:root:Reverse to the Right
DEBUG:root:Left=78.650000 Right=-84.602000
DEBUG:root:ScaledLeft: 551.962500 ScaledRight: 184.645500
INFO:root:Looping....
DEBUG:root:This is the line: drive:-89.034:5.952

DEBUG:root:We got command: drive
DEBUG:root:We got a drive command: rawX:5.952000 and rawY:-89.034000
DEBUG:root:Reverse to the Right
DEBUG:root:Left=89.034000 Right=-94.986000
DEBUG:root:ScaledLeft: 575.326500 ScaledRight: 161.281500
INFO:root:Looping....
DEBUG:root:This is the line: drive:-97.847:5.952

DEBUG:root:We got command: drive
DEBUG:root:We got a drive command: rawX:5.952000 and rawY:-97.847000
DEBUG:root:Reverse to the Right
DEBUG:root:Left=97.847000 Right=-103.799000
DEBUG:root:ScaledLeft: 595.155750 ScaledRight: 141.452250
INFO:root:Looping....
DEBUG:root:This is the line: drive:-103.172:5.952

DEBUG:root:We got command: drive
DEBUG:root:We got a drive command: rawX:5.952000 and rawY:-103.172000
DEBUG:root:Reverse to the Right
DEBUG:root:Left=103.172000 Right=-109.124000
DEBUG:root:ScaledLeft: 607.137000 ScaledRight: 129.471000
INFO:root:Looping....
DEBUG:root:This is the line: drive:-109.691:7.73

DEBUG:root:We got command: drive
DEBUG:root:We got a drive command: rawX:7.730000 and rawY:-109.691000
DEBUG:root:Reverse to the Right
DEBUG:root:Left=109.691000 Right=-117.421000
DEBUG:root:ScaledLeft: 621.804750 ScaledRight: 110.802750
INFO:root:Looping....
DEBUG:root:This is the line: drive:-114.915:8.512

DEBUG:root:We got command: drive
DEBUG:root:We got a drive command: rawX:8.512000 and rawY:-114.915000
DEBUG:root:Reverse to the Right
DEBUG:root:Left=114.915000 Right=-123.427000
DEBUG:root:ScaledLeft: 633.558750 ScaledRight: 97.289250
INFO:root:Looping....
DEBUG:root:This is the line: drive:-119.788:10.119

DEBUG:root:We got command: drive
DEBUG:root:We got a drive command: rawX:10.119000 and rawY:-119.788000
DEBUG:root:Reverse to the Right
DEBUG:root:Left=119.788000 Right=-129.907000
DEBUG:root:ScaledLeft: 644.523000 ScaledRight: 82.709250
INFO:root:Looping....
DEBUG:root:This is the line: drive:-122.928:11.086

DEBUG:root:We got command: drive
DEBUG:root:We got a drive command: rawX:11.086000 and rawY:-122.928000
DEBUG:root:Reverse to the Right
DEBUG:root:Left=122.928000 Right=-134.014000
DEBUG:root:ScaledLeft: 651.588000 ScaledRight: 73.468500
INFO:root:Looping....
DEBUG:root:This is the line: drive:-124.759:12.696

DEBUG:root:We got command: drive
DEBUG:root:We got a drive command: rawX:12.696000 and rawY:-124.759000
DEBUG:root:Reverse to the Right
DEBUG:root:Left=124.759000 Right=-137.455000
DEBUG:root:ScaledLeft: 655.707750 ScaledRight: 65.726250
INFO:root:Looping....
DEBUG:root:This is the line: drive:-126.993:13.69

DEBUG:root:We got command: drive
DEBUG:root:We got a drive command: rawX:13.690000 and rawY:-126.993000
DEBUG:root:Reverse to the Right
DEBUG:root:Left=126.993000 Right=-140.683000
DEBUG:root:ScaledLeft: 660.734250 ScaledRight: 58.463250
INFO:root:Looping....
DEBUG:root:This is the line: drive:-128.823:14.583

DEBUG:root:We got command: drive
DEBUG:root:We got a drive command: rawX:14.583000 and rawY:-128.823000
DEBUG:root:Reverse to the Right
DEBUG:root:Left=128.823000 Right=-143.406000
DEBUG:root:ScaledLeft: 664.851750 ScaledRight: 52.336500
INFO:root:Looping....
DEBUG:root:This is the line: drive:-130.143:15.476

DEBUG:root:We got command: drive
DEBUG:root:We got a drive command: rawX:15.476000 and rawY:-130.143000
DEBUG:root:Reverse to the Right
DEBUG:root:Left=130.143000 Right=-145.619000
DEBUG:root:ScaledLeft: 667.821750 ScaledRight: 47.357250
INFO:root:Looping....
DEBUG:root:This is the line: drive:-130.286:17.219

DEBUG:root:We got command: drive
DEBUG:root:We got a drive command: rawX:17.219000 and rawY:-130.286000
DEBUG:root:Reverse to the Right
DEBUG:root:Left=130.286000 Right=-147.505000
DEBUG:root:ScaledLeft: 668.143500 ScaledRight: 43.113750
INFO:root:Looping....
DEBUG:root:This is the line: drive:-131.429:20.694

DEBUG:root:We got command: drive
DEBUG:root:We got a drive command: rawX:20.694000 and rawY:-131.429000
DEBUG:root:Reverse to the Right
DEBUG:root:Left=131.429000 Right=-152.123000
DEBUG:root:ScaledLeft: 670.715250 ScaledRight: 32.723250
INFO:root:Looping....
DEBUG:root:This is the line: drive:-131.714:22.877

DEBUG:root:We got command: drive
DEBUG:root:We got a drive command: rawX:22.877000 and rawY:-131.714000
DEBUG:root:Reverse to the Right
DEBUG:root:Left=131.714000 Right=-154.591000
DEBUG:root:ScaledLeft: 671.356500 ScaledRight: 27.170250
INFO:root:Looping....
DEBUG:root:This is the line: drive:0:0

DEBUG:root:We got command: drive
DEBUG:root:We got a drive command: rawX:0.000000 and rawY:0.000000
DEBUG:root:Left=0.000000 Right=0.000000
DEBUG:root:ScaledLeft: 375.000000 ScaledRight: 375.000000
INFO:root:Looping....
DEBUG:root:This is the line: drive:-131.714:23.214

DEBUG:root:We got command: drive
DEBUG:root:We got a drive command: rawX:23.214000 and rawY:-131.714000
DEBUG:root:Reverse to the Right
DEBUG:root:Left=131.714000 Right=-154.928000
DEBUG:root:ScaledLeft: 671.356500 ScaledRight: 26.412000
INFO:root:Looping....
DEBUG:root:This is the line: drive:-4.857:-2.98

DEBUG:root:We got command: drive
DEBUG:root:We got a drive command: rawX:-2.980000 and rawY:-4.857000
DEBUG:root:Reverse to the Left/Straight
DEBUG:root:Left=1.877000 Right=-4.857000
DEBUG:root:ScaledLeft: 379.223250 ScaledRight: 364.071750
INFO:root:Looping....
DEBUG:root:This is the line: drive:-3.985:-7.486

DEBUG:root:We got command: drive
DEBUG:root:We got a drive command: rawX:-7.486000 and rawY:-3.985000
DEBUG:root:Reverse to the Left/Straight
DEBUG:root:Left=-3.501000 Right=-3.985000
DEBUG:root:ScaledLeft: 367.122750 ScaledRight: 366.033750
INFO:root:Looping....
DEBUG:root:This is the line: drive:6.126:-9.693

DEBUG:root:We got command: drive
DEBUG:root:We got a drive command: rawX:-9.693000 and rawY:6.126000
DEBUG:root:Forward to the Left/Straight
DEBUG:root:Left=-15.819000 Right=6.126000
DEBUG:root:ScaledLeft: 339.407250 ScaledRight: 388.783500
INFO:root:Looping....
DEBUG:root:This is the line: drive:25.0:-4.167

DEBUG:root:We got command: drive
DEBUG:root:We got a drive command: rawX:-4.167000 and rawY:25.000000
DEBUG:root:Forward to the Left/Straight
DEBUG:root:Left=-29.167000 Right=25.000000
DEBUG:root:ScaledLeft: 309.374250 ScaledRight: 431.250000
INFO:root:Looping....
DEBUG:root:This is the line: drive:32.873:-1.681

DEBUG:root:We got command: drive
DEBUG:root:We got a drive command: rawX:-1.681000 and rawY:32.873000
DEBUG:root:Forward to the Left/Straight
DEBUG:root:Left=-34.554000 Right=32.873000
DEBUG:root:ScaledLeft: 297.253500 ScaledRight: 448.964250
INFO:root:Looping....
DEBUG:root:This is the line: drive:38.357:0.781

DEBUG:root:We got command: drive
DEBUG:root:We got a drive command: rawX:0.781000 and rawY:38.357000
DEBUG:root:Forward to the Right
DEBUG:root:Left=-38.357000 Right=37.576000
DEBUG:root:ScaledLeft: 288.696750 ScaledRight: 459.546000
INFO:root:Looping....
DEBUG:root:This is the line: drive:41.816:2.784

DEBUG:root:We got command: drive
DEBUG:root:We got a drive command: rawX:2.784000 and rawY:41.816000
DEBUG:root:Forward to the Right
DEBUG:root:Left=-41.816000 Right=39.032000
DEBUG:root:ScaledLeft: 280.914000 ScaledRight: 462.822000
INFO:root:Looping....
DEBUG:root:This is the line: drive:45.39:7.062

DEBUG:root:We got command: drive
DEBUG:root:We got a drive command: rawX:7.062000 and rawY:45.390000
DEBUG:root:Forward to the Right
DEBUG:root:Left=-45.390000 Right=38.328000
DEBUG:root:ScaledLeft: 272.872500 ScaledRight: 461.238000
INFO:root:Looping....
DEBUG:root:This is the line: drive:47.286:9.97

DEBUG:root:We got command: drive
DEBUG:root:We got a drive command: rawX:9.970000 and rawY:47.286000
DEBUG:root:Forward to the Right
DEBUG:root:Left=-47.286000 Right=37.316000
DEBUG:root:ScaledLeft: 268.606500 ScaledRight: 458.961000
INFO:root:Looping....
DEBUG:root:This is the line: drive:48.0:11.893

DEBUG:root:We got command: drive
DEBUG:root:We got a drive command: rawX:11.893000 and rawY:48.000000
DEBUG:root:Forward to the Right
DEBUG:root:Left=-48.000000 Right=36.107000
DEBUG:root:ScaledLeft: 267.000000 ScaledRight: 456.240750
INFO:root:Looping....
DEBUG:root:This is the line: drive:48.0:14.439

DEBUG:root:We got command: drive
DEBUG:root:We got a drive command: rawX:14.439000 and rawY:48.000000
DEBUG:root:Forward to the Right
DEBUG:root:Left=-48.000000 Right=33.561000
DEBUG:root:ScaledLeft: 267.000000 ScaledRight: 450.512250
INFO:root:Looping....
DEBUG:root:This is the line: drive:0:0

DEBUG:root:We got command: drive
DEBUG:root:We got a drive command: rawX:0.000000 and rawY:0.000000
DEBUG:root:Left=0.000000 Right=0.000000
DEBUG:root:ScaledLeft: 375.000000 ScaledRight: 375.000000
INFO:root:Looping....
DEBUG:root:This is the line: drive:48.0:15.774

DEBUG:root:We got command: drive
DEBUG:root:We got a drive command: rawX:15.774000 and rawY:48.000000
DEBUG:root:Forward to the Right
DEBUG:root:Left=-48.000000 Right=32.226000
DEBUG:root:ScaledLeft: 267.000000 ScaledRight: 447.508500
INFO:root:Looping....
DEBUG:root:This is the line: drive:-10.571:-18.155

DEBUG:root:We got command: drive
DEBUG:root:We got a drive command: rawX:-18.155000 and rawY:-10.571000
DEBUG:root:Reverse to the Left/Straight
DEBUG:root:Left=-7.584000 Right=-10.571000
DEBUG:root:ScaledLeft: 357.936000 ScaledRight: 351.215250
INFO:root:Looping....
DEBUG:root:This is the line: drive:-14.571:-23.554

DEBUG:root:We got command: drive
DEBUG:root:We got a drive command: rawX:-23.554000 and rawY:-14.571000
DEBUG:root:Reverse to the Left/Straight
DEBUG:root:Left=-8.983000 Right=-14.571000
DEBUG:root:ScaledLeft: 354.788250 ScaledRight: 342.215250
INFO:root:Looping....
DEBUG:root:This is the line: drive:-11.289:-23.401

DEBUG:root:We got command: drive
DEBUG:root:We got a drive command: rawX:-23.401000 and rawY:-11.289000
DEBUG:root:Reverse to the Left/Straight
DEBUG:root:Left=-12.112000 Right=-11.289000
DEBUG:root:ScaledLeft: 347.748000 ScaledRight: 349.599750
INFO:root:Looping....
DEBUG:root:This is the line: drive:-2.669:-21.211

DEBUG:root:We got command: drive
DEBUG:root:We got a drive command: rawX:-21.211000 and rawY:-2.669000
DEBUG:root:Reverse to the Left/Straight
DEBUG:root:Left=-18.542000 Right=-2.669000
DEBUG:root:ScaledLeft: 333.280500 ScaledRight: 368.994750
INFO:root:Looping....
DEBUG:root:This is the line: drive:7.114:-17.512

DEBUG:root:We got command: drive
DEBUG:root:We got a drive command: rawX:-17.512000 and rawY:7.114000
DEBUG:root:Forward to the Left/Straight
DEBUG:root:Left=-24.626000 Right=7.114000
DEBUG:root:ScaledLeft: 319.591500 ScaledRight: 391.006500
INFO:root:Looping....
DEBUG:root:This is the line: drive:16.683:-12.339

DEBUG:root:We got command: drive
DEBUG:root:We got a drive command: rawX:-12.339000 and rawY:16.683000
DEBUG:root:Forward to the Left/Straight
DEBUG:root:Left=-29.022000 Right=16.683000
DEBUG:root:ScaledLeft: 309.700500 ScaledRight: 412.536750
INFO:root:Looping....
DEBUG:root:This is the line: drive:22.299:-8.249

DEBUG:root:We got command: drive
DEBUG:root:We got a drive command: rawX:-8.249000 and rawY:22.299000
DEBUG:root:Forward to the Left/Straight
DEBUG:root:Left=-30.548000 Right=22.299000
DEBUG:root:ScaledLeft: 306.267000 ScaledRight: 425.172750
INFO:root:Looping....
DEBUG:root:This is the line: drive:30.595:-2.464

DEBUG:root:We got command: drive
DEBUG:root:We got a drive command: rawX:-2.464000 and rawY:30.595000
DEBUG:root:Forward to the Left/Straight
DEBUG:root:Left=-33.059000 Right=30.595000
DEBUG:root:ScaledLeft: 300.617250 ScaledRight: 443.838750
INFO:root:Looping....
DEBUG:root:This is the line: drive:35.073:0.113

DEBUG:root:We got command: drive
DEBUG:root:We got a drive command: rawX:0.113000 and rawY:35.073000
DEBUG:root:Forward to the Right
DEBUG:root:Left=-35.073000 Right=34.960000
DEBUG:root:ScaledLeft: 296.085750 ScaledRight: 453.660000
INFO:root:Looping....
DEBUG:root:This is the line: drive:39.196:2.26

DEBUG:root:We got command: drive
DEBUG:root:We got a drive command: rawX:2.260000 and rawY:39.196000
DEBUG:root:Forward to the Right
DEBUG:root:Left=-39.196000 Right=36.936000
DEBUG:root:ScaledLeft: 286.809000 ScaledRight: 458.106000
INFO:root:Looping....
DEBUG:root:This is the line: drive:43.509:8.202

DEBUG:root:We got command: drive
DEBUG:root:We got a drive command: rawX:8.202000 and rawY:43.509000
DEBUG:root:Forward to the Right
DEBUG:root:Left=-43.509000 Right=35.307000
DEBUG:root:ScaledLeft: 277.104750 ScaledRight: 454.440750
INFO:root:Looping....
DEBUG:root:This is the line: drive:45.549:11.435

DEBUG:root:We got command: drive
DEBUG:root:We got a drive command: rawX:11.435000 and rawY:45.549000
DEBUG:root:Forward to the Right
DEBUG:root:Left=-45.549000 Right=34.114000
DEBUG:root:ScaledLeft: 272.514750 ScaledRight: 451.756500
INFO:root:Looping....
DEBUG:root:This is the line: drive:46.286:13.542

DEBUG:root:We got command: drive
DEBUG:root:We got a drive command: rawX:13.542000 and rawY:46.286000
DEBUG:root:Forward to the Right
DEBUG:root:Left=-46.286000 Right=32.744000
DEBUG:root:ScaledLeft: 270.856500 ScaledRight: 448.674000
INFO:root:Looping....
DEBUG:root:This is the line: drive:46.571:15.319

DEBUG:root:We got command: drive
DEBUG:root:We got a drive command: rawX:15.319000 and rawY:46.571000
DEBUG:root:Forward to the Right
DEBUG:root:Left=-46.571000 Right=31.252000
DEBUG:root:ScaledLeft: 270.215250 ScaledRight: 445.317000
INFO:root:Looping....
DEBUG:root:This is the line: drive:47.323:17.45

DEBUG:root:We got command: drive
DEBUG:root:We got a drive command: rawX:17.450000 and rawY:47.323000
DEBUG:root:Forward to the Right
DEBUG:root:Left=-47.323000 Right=29.873000
DEBUG:root:ScaledLeft: 268.523250 ScaledRight: 442.214250
INFO:root:Looping....
DEBUG:root:This is the line: drive:48.444:19.212

DEBUG:root:We got command: drive
DEBUG:root:We got a drive command: rawX:19.212000 and rawY:48.444000
DEBUG:root:Forward to the Right
DEBUG:root:Left=-48.444000 Right=29.232000
DEBUG:root:ScaledLeft: 266.001000 ScaledRight: 440.772000
INFO:root:Looping....
DEBUG:root:This is the line: drive:50.487:21.34

DEBUG:root:We got command: drive
DEBUG:root:We got a drive command: rawX:21.340000 and rawY:50.487000
DEBUG:root:Forward to the Right
DEBUG:root:Left=-50.487000 Right=29.147000
DEBUG:root:ScaledLeft: 261.404250 ScaledRight: 440.580750
INFO:root:Looping....
DEBUG:root:This is the line: drive:53.46:22.619

DEBUG:root:We got command: drive
DEBUG:root:We got a drive command: rawX:22.619000 and rawY:53.460000
DEBUG:root:Forward to the Right
DEBUG:root:Left=-53.460000 Right=30.841000
DEBUG:root:ScaledLeft: 254.715000 ScaledRight: 444.392250
INFO:root:Looping....
DEBUG:root:This is the line: drive:58.261:22.619

DEBUG:root:We got command: drive
DEBUG:root:We got a drive command: rawX:22.619000 and rawY:58.261000
DEBUG:root:Forward to the Right
DEBUG:root:Left=-58.261000 Right=35.642000
DEBUG:root:ScaledLeft: 243.912750 ScaledRight: 455.194500
INFO:root:Looping....
DEBUG:root:This is the line: drive:67.521:22.619

DEBUG:root:We got command: drive
DEBUG:root:We got a drive command: rawX:22.619000 and rawY:67.521000
DEBUG:root:Forward to the Right
DEBUG:root:Left=-67.521000 Right=44.902000
DEBUG:root:ScaledLeft: 223.077750 ScaledRight: 476.029500
INFO:root:Looping....
DEBUG:root:This is the line: drive:75.56:20.799

DEBUG:root:We got command: drive
DEBUG:root:We got a drive command: rawX:20.799000 and rawY:75.560000
DEBUG:root:Forward to the Right
DEBUG:root:Left=-75.560000 Right=54.761000
DEBUG:root:ScaledLeft: 204.990000 ScaledRight: 498.212250
INFO:root:Looping....
DEBUG:root:This is the line: drive:83.705:18.678

DEBUG:root:We got command: drive
DEBUG:root:We got a drive command: rawX:18.678000 and rawY:83.705000
DEBUG:root:Forward to the Right
DEBUG:root:Left=-83.705000 Right=65.027000
DEBUG:root:ScaledLeft: 186.663750 ScaledRight: 521.310750
INFO:root:Looping....
DEBUG:root:This is the line: drive:90.638:17.56

DEBUG:root:We got command: drive
DEBUG:root:We got a drive command: rawX:17.560000 and rawY:90.638000
DEBUG:root:Forward to the Right
DEBUG:root:Left=-90.638000 Right=73.078000
DEBUG:root:ScaledLeft: 171.064500 ScaledRight: 539.425500
INFO:root:Looping....
DEBUG:root:This is the line: drive:96.361:17.56

DEBUG:root:We got command: drive
DEBUG:root:We got a drive command: rawX:17.560000 and rawY:96.361000
DEBUG:root:Forward to the Right
DEBUG:root:Left=-96.361000 Right=78.801000
DEBUG:root:ScaledLeft: 158.187750 ScaledRight: 552.302250
INFO:root:Looping....
DEBUG:root:This is the line: drive:99.069:17.56

DEBUG:root:We got command: drive
DEBUG:root:We got a drive command: rawX:17.560000 and rawY:99.069000
DEBUG:root:Forward to the Right
DEBUG:root:Left=-99.069000 Right=81.509000
DEBUG:root:ScaledLeft: 152.094750 ScaledRight: 558.395250
INFO:root:Looping....
DEBUG:root:This is the line: drive:99.069:17.56

DEBUG:root:We got command: drive
DEBUG:root:We got a drive command: rawX:17.560000 and rawY:99.069000
DEBUG:root:Forward to the Right
DEBUG:root:Left=-99.069000 Right=81.509000
DEBUG:root:ScaledLeft: 152.094750 ScaledRight: 558.395250
INFO:root:Looping....
DEBUG:root:This is the line: drive:99.069:17.56

DEBUG:root:We got command: drive
DEBUG:root:We got a drive command: rawX:17.560000 and rawY:99.069000
DEBUG:root:Forward to the Right
DEBUG:root:Left=-99.069000 Right=81.509000
DEBUG:root:ScaledLeft: 152.094750 ScaledRight: 558.395250
INFO:root:Looping....
DEBUG:root:This is the line: drive:99.069:17.56

DEBUG:root:We got command: drive
DEBUG:root:We got a drive command: rawX:17.560000 and rawY:99.069000
DEBUG:root:Forward to the Right
DEBUG:root:Left=-99.069000 Right=81.509000
DEBUG:root:ScaledLeft: 152.094750 ScaledRight: 558.395250
INFO:root:Looping....
DEBUG:root:This is the line: drive:99.069:17.56

DEBUG:root:We got command: drive
DEBUG:root:We got a drive command: rawX:17.560000 and rawY:99.069000
DEBUG:root:Forward to the Right
DEBUG:root:Left=-99.069000 Right=81.509000
DEBUG:root:ScaledLeft: 152.094750 ScaledRight: 558.395250
INFO:root:Looping....
DEBUG:root:This is the line: drive:99.069:17.56

DEBUG:root:We got command: drive
DEBUG:root:We got a drive command: rawX:17.560000 and rawY:99.069000
DEBUG:root:Forward to the Right
DEBUG:root:Left=-99.069000 Right=81.509000
DEBUG:root:ScaledLeft: 152.094750 ScaledRight: 558.395250
INFO:root:Looping....
DEBUG:root:This is the line: drive:99.069:17.56

DEBUG:root:We got command: drive
DEBUG:root:We got a drive command: rawX:17.560000 and rawY:99.069000
DEBUG:root:Forward to the Right
DEBUG:root:Left=-99.069000 Right=81.509000
DEBUG:root:ScaledLeft: 152.094750 ScaledRight: 558.395250
INFO:root:Looping....
DEBUG:root:This is the line: drive:99.069:17.56

DEBUG:root:We got command: drive
DEBUG:root:We got a drive command: rawX:17.560000 and rawY:99.069000
DEBUG:root:Forward to the Right
DEBUG:root:Left=-99.069000 Right=81.509000
DEBUG:root:ScaledLeft: 152.094750 ScaledRight: 558.395250
INFO:root:Looping....
DEBUG:root:This is the line: drive:99.069:17.56

DEBUG:root:We got command: drive
DEBUG:root:We got a drive command: rawX:17.560000 and rawY:99.069000
DEBUG:root:Forward to the Right
DEBUG:root:Left=-99.069000 Right=81.509000
DEBUG:root:ScaledLeft: 152.094750 ScaledRight: 558.395250
INFO:root:Looping....
DEBUG:root:This is the line: drive:99.069:17.56

DEBUG:root:We got command: drive
DEBUG:root:We got a drive command: rawX:17.560000 and rawY:99.069000
DEBUG:root:Forward to the Right
DEBUG:root:Left=-99.069000 Right=81.509000
DEBUG:root:ScaledLeft: 152.094750 ScaledRight: 558.395250
INFO:root:Looping....
DEBUG:root:This is the line: drive:99.069:17.56

DEBUG:root:We got command: drive
DEBUG:root:We got a drive command: rawX:17.560000 and rawY:99.069000
DEBUG:root:Forward to the Right
DEBUG:root:Left=-99.069000 Right=81.509000
DEBUG:root:ScaledLeft: 152.094750 ScaledRight: 558.395250
INFO:root:Looping....
DEBUG:root:This is the line: drive:99.069:17.56

DEBUG:root:We got command: drive
DEBUG:root:We got a drive command: rawX:17.560000 and rawY:99.069000
DEBUG:root:Forward to the Right
DEBUG:root:Left=-99.069000 Right=81.509000
DEBUG:root:ScaledLeft: 152.094750 ScaledRight: 558.395250
INFO:root:Looping....
DEBUG:root:This is the line: drive:99.069:17.56

DEBUG:root:We got command: drive
DEBUG:root:We got a drive command: rawX:17.560000 and rawY:99.069000
DEBUG:root:Forward to the Right
DEBUG:root:Left=-99.069000 Right=81.509000
DEBUG:root:ScaledLeft: 152.094750 ScaledRight: 558.395250
INFO:root:Looping....
DEBUG:root:This is the line: drive:99.069:17.56

DEBUG:root:We got command: drive
DEBUG:root:We got a drive command: rawX:17.560000 and rawY:99.069000
DEBUG:root:Forward to the Right
DEBUG:root:Left=-99.069000 Right=81.509000
DEBUG:root:ScaledLeft: 152.094750 ScaledRight: 558.395250
INFO:root:Looping....
DEBUG:root:This is the line: drive:99.069:17.56

DEBUG:root:We got command: drive
DEBUG:root:We got a drive command: rawX:17.560000 and rawY:99.069000
DEBUG:root:Forward to the Right
DEBUG:root:Left=-99.069000 Right=81.509000
DEBUG:root:ScaledLeft: 152.094750 ScaledRight: 558.395250
INFO:root:Looping....
DEBUG:root:This is the line: drive:99.069:17.56

DEBUG:root:We got command: drive
DEBUG:root:We got a drive command: rawX:17.560000 and rawY:99.069000
DEBUG:root:Forward to the Right
DEBUG:root:Left=-99.069000 Right=81.509000
DEBUG:root:ScaledLeft: 152.094750 ScaledRight: 558.395250
INFO:root:Looping....
DEBUG:root:This is the line: drive:99.069:17.56

DEBUG:root:We got command: drive
DEBUG:root:We got a drive command: rawX:17.560000 and rawY:99.069000
DEBUG:root:Forward to the Right
DEBUG:root:Left=-99.069000 Right=81.509000
DEBUG:root:ScaledLeft: 152.094750 ScaledRight: 558.395250
INFO:root:Looping....
DEBUG:root:This is the line: drive:99.069:17.56

DEBUG:root:We got command: drive
DEBUG:root:We got a drive command: rawX:17.560000 and rawY:99.069000
DEBUG:root:Forward to the Right
DEBUG:root:Left=-99.069000 Right=81.509000
DEBUG:root:ScaledLeft: 152.094750 ScaledRight: 558.395250
INFO:root:Looping....
DEBUG:root:This is the line: drive:99.069:17.56

DEBUG:root:We got command: drive
DEBUG:root:We got a drive command: rawX:17.560000 and rawY:99.069000
DEBUG:root:Forward to the Right
DEBUG:root:Left=-99.069000 Right=81.509000
DEBUG:root:ScaledLeft: 152.094750 ScaledRight: 558.395250
INFO:root:Looping....
DEBUG:root:This is the line: drive:99.069:17.56

DEBUG:root:We got command: drive
DEBUG:root:We got a drive command: rawX:17.560000 and rawY:99.069000
DEBUG:root:Forward to the Right
DEBUG:root:Left=-99.069000 Right=81.509000
DEBUG:root:ScaledLeft: 152.094750 ScaledRight: 558.395250
INFO:root:Looping....
DEBUG:root:This is the line: drive:99.069:17.56

DEBUG:root:We got command: drive
DEBUG:root:We got a drive command: rawX:17.560000 and rawY:99.069000
DEBUG:root:Forward to the Right
DEBUG:root:Left=-99.069000 Right=81.509000
DEBUG:root:ScaledLeft: 152.094750 ScaledRight: 558.395250
INFO:root:Looping....
DEBUG:root:This is the line: drive:99.069:17.56

DEBUG:root:We got command: drive
DEBUG:root:We got a drive command: rawX:17.560000 and rawY:99.069000
DEBUG:root:Forward to the Right
DEBUG:root:Left=-99.069000 Right=81.509000
DEBUG:root:ScaledLeft: 152.094750 ScaledRight: 558.395250
INFO:root:Looping....
DEBUG:root:This is the line: drive:96.941:6.25

DEBUG:root:We got command: drive
DEBUG:root:We got a drive command: rawX:6.250000 and rawY:96.941000
DEBUG:root:Forward to the Right
DEBUG:root:Left=-96.941000 Right=90.691000
DEBUG:root:ScaledLeft: 156.882750 ScaledRight: 579.054750
INFO:root:Looping....
DEBUG:root:This is the line: drive:92.971:5.417

DEBUG:root:We got command: drive
DEBUG:root:We got a drive command: rawX:5.417000 and rawY:92.971000
DEBUG:root:Forward to the Right
DEBUG:root:Left=-92.971000 Right=87.554000
DEBUG:root:ScaledLeft: 165.815250 ScaledRight: 571.996500
INFO:root:Looping....
DEBUG:root:This is the line: drive:90.597:5.357

DEBUG:root:We got command: drive
DEBUG:root:We got a drive command: rawX:5.357000 and rawY:90.597000
DEBUG:root:Forward to the Right
DEBUG:root:Left=-90.597000 Right=85.240000
DEBUG:root:ScaledLeft: 171.156750 ScaledRight: 566.790000
INFO:root:Looping....
DEBUG:root:This is the line: drive:88.901:5.105

DEBUG:root:We got command: drive
DEBUG:root:We got a drive command: rawX:5.105000 and rawY:88.901000
DEBUG:root:Forward to the Right
DEBUG:root:Left=-88.901000 Right=83.796000
DEBUG:root:ScaledLeft: 174.972750 ScaledRight: 563.541000
INFO:root:Looping....
DEBUG:root:This is the line: drive:86.861:4.762

DEBUG:root:We got command: drive
DEBUG:root:We got a drive command: rawX:4.762000 and rawY:86.861000
DEBUG:root:Forward to the Right
DEBUG:root:Left=-86.861000 Right=82.099000
DEBUG:root:ScaledLeft: 179.562750 ScaledRight: 559.722750
INFO:root:Looping....
DEBUG:root:This is the line: drive:85.0:4.167

DEBUG:root:We got command: drive
DEBUG:root:We got a drive command: rawX:4.167000 and rawY:85.000000
DEBUG:root:Forward to the Right
DEBUG:root:Left=-85.000000 Right=80.833000
DEBUG:root:ScaledLeft: 183.750000 ScaledRight: 556.874250
INFO:root:Looping....
DEBUG:root:This is the line: drive:83.058:4.167

DEBUG:root:We got command: drive
DEBUG:root:We got a drive command: rawX:4.167000 and rawY:83.058000
DEBUG:root:Forward to the Right
DEBUG:root:Left=-83.058000 Right=78.891000
DEBUG:root:ScaledLeft: 188.119500 ScaledRight: 552.504750
INFO:root:Looping....
DEBUG:root:This is the line: drive:80.945:4.167

DEBUG:root:We got command: drive
DEBUG:root:We got a drive command: rawX:4.167000 and rawY:80.945000
DEBUG:root:Forward to the Right
DEBUG:root:Left=-80.945000 Right=76.778000
DEBUG:root:ScaledLeft: 192.873750 ScaledRight: 547.750500
INFO:root:Looping....
DEBUG:root:This is the line: drive:79.207:3.638

DEBUG:root:We got command: drive
DEBUG:root:We got a drive command: rawX:3.638000 and rawY:79.207000
DEBUG:root:Forward to the Right
DEBUG:root:Left=-79.207000 Right=75.569000
DEBUG:root:ScaledLeft: 196.784250 ScaledRight: 545.030250
INFO:root:Looping....
DEBUG:root:This is the line: drive:76.448:3.274

DEBUG:root:We got command: drive
DEBUG:root:We got a drive command: rawX:3.274000 and rawY:76.448000
DEBUG:root:Forward to the Right
DEBUG:root:Left=-76.448000 Right=73.174000
DEBUG:root:ScaledLeft: 202.992000 ScaledRight: 539.641500
INFO:root:Looping....
DEBUG:root:This is the line: drive:74.75:2.976

DEBUG:root:We got command: drive
DEBUG:root:We got a drive command: rawX:2.976000 and rawY:74.750000
DEBUG:root:Forward to the Right
DEBUG:root:Left=-74.750000 Right=71.774000
DEBUG:root:ScaledLeft: 206.812500 ScaledRight: 536.491500
INFO:root:Looping....
DEBUG:root:This is the line: drive:72.708:2.381

DEBUG:root:We got command: drive
DEBUG:root:We got a drive command: rawX:2.381000 and rawY:72.708000
DEBUG:root:Forward to the Right
DEBUG:root:Left=-72.708000 Right=70.327000
DEBUG:root:ScaledLeft: 211.407000 ScaledRight: 533.235750
INFO:root:Looping....
DEBUG:root:This is the line: drive:70.659:1.786

DEBUG:root:We got command: drive
DEBUG:root:We got a drive command: rawX:1.786000 and rawY:70.659000
DEBUG:root:Forward to the Right
DEBUG:root:Left=-70.659000 Right=68.873000
DEBUG:root:ScaledLeft: 216.017250 ScaledRight: 529.964250
INFO:root:Looping....
DEBUG:root:This is the line: drive:67.842:1.786

DEBUG:root:We got command: drive
DEBUG:root:We got a drive command: rawX:1.786000 and rawY:67.842000
DEBUG:root:Forward to the Right
DEBUG:root:Left=-67.842000 Right=66.056000
DEBUG:root:ScaledLeft: 222.355500 ScaledRight: 523.626000
INFO:root:Looping....
DEBUG:root:This is the line: drive:62.845:1.786

DEBUG:root:We got command: drive
DEBUG:root:We got a drive command: rawX:1.786000 and rawY:62.845000
DEBUG:root:Forward to the Right
DEBUG:root:Left=-62.845000 Right=61.059000
DEBUG:root:ScaledLeft: 233.598750 ScaledRight: 512.382750
INFO:root:Looping....
DEBUG:root:This is the line: drive:56.835:1.488

DEBUG:root:We got command: drive
DEBUG:root:We got a drive command: rawX:1.488000 and rawY:56.835000
DEBUG:root:Forward to the Right
DEBUG:root:Left=-56.835000 Right=55.347000
DEBUG:root:ScaledLeft: 247.121250 ScaledRight: 499.530750
INFO:root:Looping....
DEBUG:root:This is the line: drive:45.892:0.893

DEBUG:root:We got command: drive
DEBUG:root:We got a drive command: rawX:0.893000 and rawY:45.892000
DEBUG:root:Forward to the Right
DEBUG:root:Left=-45.892000 Right=44.999000
DEBUG:root:ScaledLeft: 271.743000 ScaledRight: 476.247750
INFO:root:Looping....
DEBUG:root:This is the line: drive:37.21:-0.206

DEBUG:root:We got command: drive
DEBUG:root:We got a drive command: rawX:-0.206000 and rawY:37.210000
DEBUG:root:Forward to the Left/Straight
DEBUG:root:Left=-37.416000 Right=37.210000
DEBUG:root:ScaledLeft: 290.814000 ScaledRight: 458.722500
INFO:root:Looping....
DEBUG:root:This is the line: drive:29.814:-1.388

DEBUG:root:We got command: drive
DEBUG:root:We got a drive command: rawX:-1.388000 and rawY:29.814000
DEBUG:root:Forward to the Left/Straight
DEBUG:root:Left=-31.202000 Right=29.814000
DEBUG:root:ScaledLeft: 304.795500 ScaledRight: 442.081500
INFO:root:Looping....
DEBUG:root:This is the line: drive:22.978:-2.381

DEBUG:root:We got command: drive
DEBUG:root:We got a drive command: rawX:-2.381000 and rawY:22.978000
DEBUG:root:Forward to the Left/Straight
DEBUG:root:Left=-25.359000 Right=22.978000
DEBUG:root:ScaledLeft: 317.942250 ScaledRight: 426.700500
INFO:root:Looping....
DEBUG:root:This is the line: drive:17.142:-3.572

DEBUG:root:We got command: drive
DEBUG:root:We got a drive command: rawX:-3.572000 and rawY:17.142000
DEBUG:root:Forward to the Left/Straight
DEBUG:root:Left=-20.714000 Right=17.142000
DEBUG:root:ScaledLeft: 328.393500 ScaledRight: 413.569500
INFO:root:Looping....
DEBUG:root:This is the line: drive:9.447:-5.45

DEBUG:root:We got command: drive
DEBUG:root:We got a drive command: rawX:-5.450000 and rawY:9.447000
DEBUG:root:Forward to the Left/Straight
DEBUG:root:Left=-14.897000 Right=9.447000
DEBUG:root:ScaledLeft: 341.481750 ScaledRight: 396.255750
INFO:root:Looping....
DEBUG:root:This is the line: drive:2.047:-7.127

DEBUG:root:We got command: drive
DEBUG:root:We got a drive command: rawX:-7.127000 and rawY:2.047000
DEBUG:root:Forward to the Left/Straight
DEBUG:root:Left=-9.174000 Right=2.047000
DEBUG:root:ScaledLeft: 354.358500 ScaledRight: 379.605750
INFO:root:Looping....
DEBUG:root:This is the line: drive:-5.72:-8.435

DEBUG:root:We got command: drive
DEBUG:root:We got a drive command: rawX:-8.435000 and rawY:-5.720000
DEBUG:root:Reverse to the Left/Straight
DEBUG:root:Left=-2.715000 Right=-5.720000
DEBUG:root:ScaledLeft: 368.891250 ScaledRight: 362.130000
INFO:root:Looping....
DEBUG:root:This is the line: drive:-12.661:-9.226

DEBUG:root:We got command: drive
DEBUG:root:We got a drive command: rawX:-9.226000 and rawY:-12.661000
DEBUG:root:Reverse to the Left/Straight
DEBUG:root:Left=3.435000 Right=-12.661000
DEBUG:root:ScaledLeft: 382.728750 ScaledRight: 346.512750
INFO:root:Looping....
DEBUG:root:This is the line: drive:-18.497:-10.417

DEBUG:root:We got command: drive
DEBUG:root:We got a drive command: rawX:-10.417000 and rawY:-18.497000
DEBUG:root:Reverse to the Left/Straight
DEBUG:root:Left=8.080000 Right=-18.497000
DEBUG:root:ScaledLeft: 393.180000 ScaledRight: 333.381750
INFO:root:Looping....
DEBUG:root:This is the line: drive:-24.898:-11.125

DEBUG:root:We got command: drive
DEBUG:root:We got a drive command: rawX:-11.125000 and rawY:-24.898000
DEBUG:root:Reverse to the Left/Straight
DEBUG:root:Left=13.773000 Right=-24.898000
DEBUG:root:ScaledLeft: 405.989250 ScaledRight: 318.979500
INFO:root:Looping....
DEBUG:root:This is the line: drive:-30.115:-11.449

DEBUG:root:We got command: drive
DEBUG:root:We got a drive command: rawX:-11.449000 and rawY:-30.115000
DEBUG:root:Reverse to the Left/Straight
DEBUG:root:Left=18.666000 Right=-30.115000
DEBUG:root:ScaledLeft: 416.998500 ScaledRight: 307.241250
INFO:root:Looping....
DEBUG:root:This is the line: drive:-36.521:-12.626

DEBUG:root:We got command: drive
DEBUG:root:We got a drive command: rawX:-12.626000 and rawY:-36.521000
DEBUG:root:Reverse to the Left/Straight
DEBUG:root:Left=23.895000 Right=-36.521000
DEBUG:root:ScaledLeft: 428.763750 ScaledRight: 292.827750
INFO:root:Looping....
DEBUG:root:This is the line: drive:-44.128:-12.798

DEBUG:root:We got command: drive
DEBUG:root:We got a drive command: rawX:-12.798000 and rawY:-44.128000
DEBUG:root:Reverse to the Left/Straight
DEBUG:root:Left=31.330000 Right=-44.128000
DEBUG:root:ScaledLeft: 445.492500 ScaledRight: 275.712000
INFO:root:Looping....
DEBUG:root:This is the line: drive:-48.025:-13.095

DEBUG:root:We got command: drive
DEBUG:root:We got a drive command: rawX:-13.095000 and rawY:-48.025000
DEBUG:root:Reverse to the Left/Straight
DEBUG:root:Left=34.930000 Right=-48.025000
DEBUG:root:ScaledLeft: 453.592500 ScaledRight: 266.943750
INFO:root:Looping....
DEBUG:root:This is the line: drive:-54.109:-13.927

DEBUG:root:We got command: drive
DEBUG:root:We got a drive command: rawX:-13.927000 and rawY:-54.109000
DEBUG:root:Reverse to the Left/Straight
DEBUG:root:Left=40.182000 Right=-54.109000
DEBUG:root:ScaledLeft: 465.409500 ScaledRight: 253.254750
INFO:root:Looping....
DEBUG:root:This is the line: drive:-58.278:-14.286

DEBUG:root:We got command: drive
DEBUG:root:We got a drive command: rawX:-14.286000 and rawY:-58.278000
DEBUG:root:Reverse to the Left/Straight
DEBUG:root:Left=43.992000 Right=-58.278000
DEBUG:root:ScaledLeft: 473.982000 ScaledRight: 243.874500
INFO:root:Looping....
DEBUG:root:This is the line: drive:-63.08:-14.583

DEBUG:root:We got command: drive
DEBUG:root:We got a drive command: rawX:-14.583000 and rawY:-63.080000
DEBUG:root:Reverse to the Left/Straight
DEBUG:root:Left=48.497000 Right=-63.080000
DEBUG:root:ScaledLeft: 484.118250 ScaledRight: 233.070000
INFO:root:Looping....
DEBUG:root:This is the line: drive:-67.839:-14.881

DEBUG:root:We got command: drive
DEBUG:root:We got a drive command: rawX:-14.881000 and rawY:-67.839000
DEBUG:root:Reverse to the Left/Straight
DEBUG:root:Left=52.958000 Right=-67.839000
DEBUG:root:ScaledLeft: 494.155500 ScaledRight: 222.362250
INFO:root:Looping....
DEBUG:root:This is the line: drive:-72.183:-14.881

DEBUG:root:We got command: drive
DEBUG:root:We got a drive command: rawX:-14.881000 and rawY:-72.183000
DEBUG:root:Reverse to the Left/Straight
DEBUG:root:Left=57.302000 Right=-72.183000
DEBUG:root:ScaledLeft: 503.929500 ScaledRight: 212.588250
INFO:root:Looping....
DEBUG:root:This is the line: drive:-76.282:-15.179

DEBUG:root:We got command: drive
DEBUG:root:We got a drive command: rawX:-15.179000 and rawY:-76.282000
DEBUG:root:Reverse to the Left/Straight
DEBUG:root:Left=61.103000 Right=-76.282000
DEBUG:root:ScaledLeft: 512.481750 ScaledRight: 203.365500
INFO:root:Looping....
DEBUG:root:This is the line: drive:-79.681:-15.179

DEBUG:root:We got command: drive
DEBUG:root:We got a drive command: rawX:-15.179000 and rawY:-79.681000
DEBUG:root:Reverse to the Left/Straight
DEBUG:root:Left=64.502000 Right=-79.681000
DEBUG:root:ScaledLeft: 520.129500 ScaledRight: 195.717750
INFO:root:Looping....
DEBUG:root:This is the line: drive:-83.789:-15.179

DEBUG:root:We got command: drive
DEBUG:root:We got a drive command: rawX:-15.179000 and rawY:-83.789000
DEBUG:root:Reverse to the Left/Straight
DEBUG:root:Left=68.610000 Right=-83.789000
DEBUG:root:ScaledLeft: 529.372500 ScaledRight: 186.474750
INFO:root:Looping....
DEBUG:root:This is the line: drive:-87.201:-15.179

DEBUG:root:We got command: drive
DEBUG:root:We got a drive command: rawX:-15.179000 and rawY:-87.201000
DEBUG:root:Reverse to the Left/Straight
DEBUG:root:Left=72.022000 Right=-87.201000
DEBUG:root:ScaledLeft: 537.049500 ScaledRight: 178.797750
INFO:root:Looping....
DEBUG:root:This is the line: drive:-91.466:-15.179

DEBUG:root:We got command: drive
DEBUG:root:We got a drive command: rawX:-15.179000 and rawY:-91.466000
DEBUG:root:Reverse to the Left/Straight
DEBUG:root:Left=76.287000 Right=-91.466000
DEBUG:root:ScaledLeft: 546.645750 ScaledRight: 169.201500
INFO:root:Looping....
DEBUG:root:This is the line: drive:-94.724:-15.476

DEBUG:root:We got command: drive
DEBUG:root:We got a drive command: rawX:-15.476000 and rawY:-94.724000
DEBUG:root:Reverse to the Left/Straight
DEBUG:root:Left=79.248000 Right=-94.724000
DEBUG:root:ScaledLeft: 553.308000 ScaledRight: 161.871000
INFO:root:Looping....
DEBUG:root:This is the line: drive:-96.766:-15.774

DEBUG:root:We got command: drive
DEBUG:root:We got a drive command: rawX:-15.774000 and rawY:-96.766000
DEBUG:root:Reverse to the Left/Straight
DEBUG:root:Left=80.992000 Right=-96.766000
DEBUG:root:ScaledLeft: 557.232000 ScaledRight: 157.276500
INFO:root:Looping....
DEBUG:root:This is the line: drive:-98.902:-15.774

DEBUG:root:We got command: drive
DEBUG:root:We got a drive command: rawX:-15.774000 and rawY:-98.902000
DEBUG:root:Reverse to the Left/Straight
DEBUG:root:Left=83.128000 Right=-98.902000
DEBUG:root:ScaledLeft: 562.038000 ScaledRight: 152.470500
INFO:root:Looping....
DEBUG:root:This is the line: drive:-100.666:-15.872

DEBUG:root:We got command: drive
DEBUG:root:We got a drive command: rawX:-15.872000 and rawY:-100.666000
DEBUG:root:Reverse to the Left/Straight
DEBUG:root:Left=84.794000 Right=-100.666000
DEBUG:root:ScaledLeft: 565.786500 ScaledRight: 148.501500
INFO:root:Looping....
DEBUG:root:This is the line: drive:-102.814:-16.071

DEBUG:root:We got command: drive
DEBUG:root:We got a drive command: rawX:-16.071000 and rawY:-102.814000
DEBUG:root:Reverse to the Left/Straight
DEBUG:root:Left=86.743000 Right=-102.814000
DEBUG:root:ScaledLeft: 570.171750 ScaledRight: 143.668500
INFO:root:Looping....
DEBUG:root:This is the line: drive:-105.298:-16.369

DEBUG:root:We got command: drive
DEBUG:root:We got a drive command: rawX:-16.369000 and rawY:-105.298000
DEBUG:root:Reverse to the Left/Straight
DEBUG:root:Left=88.929000 Right=-105.298000
DEBUG:root:ScaledLeft: 575.090250 ScaledRight: 138.079500
INFO:root:Looping....
DEBUG:root:This is the line: drive:-107.449:-16.369

DEBUG:root:We got command: drive
DEBUG:root:We got a drive command: rawX:-16.369000 and rawY:-107.449000
DEBUG:root:Reverse to the Left/Straight
DEBUG:root:Left=91.080000 Right=-107.449000
DEBUG:root:ScaledLeft: 579.930000 ScaledRight: 133.239750
INFO:root:Looping....
DEBUG:root:This is the line: drive:-109.597:-16.667

DEBUG:root:We got command: drive
DEBUG:root:We got a drive command: rawX:-16.667000 and rawY:-109.597000
DEBUG:root:Reverse to the Left/Straight
DEBUG:root:Left=92.930000 Right=-109.597000
DEBUG:root:ScaledLeft: 584.092500 ScaledRight: 128.406750
INFO:root:Looping....
DEBUG:root:This is the line: drive:-111.367:-16.964

DEBUG:root:We got command: drive
DEBUG:root:We got a drive command: rawX:-16.964000 and rawY:-111.367000
DEBUG:root:Reverse to the Left/Straight
DEBUG:root:Left=94.403000 Right=-111.367000
DEBUG:root:ScaledLeft: 587.406750 ScaledRight: 124.424250
INFO:root:Looping....
DEBUG:root:This is the line: drive:-113.517:-17.56

DEBUG:root:We got command: drive
DEBUG:root:We got a drive command: rawX:-17.560000 and rawY:-113.517000
DEBUG:root:Reverse to the Left/Straight
DEBUG:root:Left=95.957000 Right=-113.517000
DEBUG:root:ScaledLeft: 590.903250 ScaledRight: 119.586750
INFO:root:Looping....
DEBUG:root:This is the line: drive:-115.287:-17.56

DEBUG:root:We got command: drive
DEBUG:root:We got a drive command: rawX:-17.560000 and rawY:-115.287000
DEBUG:root:Reverse to the Left/Straight
DEBUG:root:Left=97.727000 Right=-115.287000
DEBUG:root:ScaledLeft: 594.885750 ScaledRight: 115.604250
INFO:root:Looping....
DEBUG:root:This is the line: drive:-117.438:-17.857

DEBUG:root:We got command: drive
DEBUG:root:We got a drive command: rawX:-17.857000 and rawY:-117.438000
DEBUG:root:Reverse to the Left/Straight
DEBUG:root:Left=99.581000 Right=-117.438000
DEBUG:root:ScaledLeft: 599.057250 ScaledRight: 110.764500
INFO:root:Looping....
DEBUG:root:This is the line: drive:-118.944:-18.155

DEBUG:root:We got command: drive
DEBUG:root:We got a drive command: rawX:-18.155000 and rawY:-118.944000
DEBUG:root:Reverse to the Left/Straight
DEBUG:root:Left=100.789000 Right=-118.944000
DEBUG:root:ScaledLeft: 601.775250 ScaledRight: 107.376000
INFO:root:Looping....
DEBUG:root:This is the line: drive:-120.238:-18.155

DEBUG:root:We got command: drive
DEBUG:root:We got a drive command: rawX:-18.155000 and rawY:-120.238000
DEBUG:root:Reverse to the Left/Straight
DEBUG:root:Left=102.083000 Right=-120.238000
DEBUG:root:ScaledLeft: 604.686750 ScaledRight: 104.464500
INFO:root:Looping....
DEBUG:root:This is the line: drive:-121.0:-18.155

DEBUG:root:We got command: drive
DEBUG:root:We got a drive command: rawX:-18.155000 and rawY:-121.000000
DEBUG:root:Reverse to the Left/Straight
DEBUG:root:Left=102.845000 Right=-121.000000
DEBUG:root:ScaledLeft: 606.401250 ScaledRight: 102.750000
INFO:root:Looping....
DEBUG:root:This is the line: drive:-121.143:-18.458

DEBUG:root:We got command: drive
DEBUG:root:We got a drive command: rawX:-18.458000 and rawY:-121.143000
DEBUG:root:Reverse to the Left/Straight
DEBUG:root:Left=102.685000 Right=-121.143000
DEBUG:root:ScaledLeft: 606.041250 ScaledRight: 102.428250
INFO:root:Looping....
DEBUG:root:This is the line: drive:-121.728:-18.452

DEBUG:root:We got command: drive
DEBUG:root:We got a drive command: rawX:-18.452000 and rawY:-121.728000
DEBUG:root:Reverse to the Left/Straight
DEBUG:root:Left=103.276000 Right=-121.728000
DEBUG:root:ScaledLeft: 607.371000 ScaledRight: 101.112000
INFO:root:Looping....
DEBUG:root:This is the line: drive:-122.045:-18.452

DEBUG:root:We got command: drive
DEBUG:root:We got a drive command: rawX:-18.452000 and rawY:-122.045000
DEBUG:root:Reverse to the Left/Straight
DEBUG:root:Left=103.593000 Right=-122.045000
DEBUG:root:ScaledLeft: 608.084250 ScaledRight: 100.398750
INFO:root:Looping....
DEBUG:root:This is the line: drive:-122.298:-18.452

DEBUG:root:We got command: drive
DEBUG:root:We got a drive command: rawX:-18.452000 and rawY:-122.298000
DEBUG:root:Reverse to the Left/Straight
DEBUG:root:Left=103.846000 Right=-122.298000
DEBUG:root:ScaledLeft: 608.653500 ScaledRight: 99.829500
INFO:root:Looping....
DEBUG:root:This is the line: drive:-122.584:-18.75

DEBUG:root:We got command: drive
DEBUG:root:We got a drive command: rawX:-18.750000 and rawY:-122.584000
DEBUG:root:Reverse to the Left/Straight
DEBUG:root:Left=103.834000 Right=-122.584000
DEBUG:root:ScaledLeft: 608.626500 ScaledRight: 99.186000
INFO:root:Looping....
DEBUG:root:This is the line: drive:-122.584:-18.75

DEBUG:root:We got command: drive
DEBUG:root:We got a drive command: rawX:-18.750000 and rawY:-122.584000
DEBUG:root:Reverse to the Left/Straight
DEBUG:root:Left=103.834000 Right=-122.584000
DEBUG:root:ScaledLeft: 608.626500 ScaledRight: 99.186000
INFO:root:Looping....
DEBUG:root:This is the line: drive:-122.857:-19.196

DEBUG:root:We got command: drive
DEBUG:root:We got a drive command: rawX:-19.196000 and rawY:-122.857000
DEBUG:root:Reverse to the Left/Straight
DEBUG:root:Left=103.661000 Right=-122.857000
DEBUG:root:ScaledLeft: 608.237250 ScaledRight: 98.571750
INFO:root:Looping....
DEBUG:root:This is the line: drive:-122.857:-19.196

DEBUG:root:We got command: drive
DEBUG:root:We got a drive command: rawX:-19.196000 and rawY:-122.857000
DEBUG:root:Reverse to the Left/Straight
DEBUG:root:Left=103.661000 Right=-122.857000
DEBUG:root:ScaledLeft: 608.237250 ScaledRight: 98.571750
INFO:root:Looping....
DEBUG:root:This is the line: drive:-123.167:-19.048

DEBUG:root:We got command: drive
DEBUG:root:We got a drive command: rawX:-19.048000 and rawY:-123.167000
DEBUG:root:Reverse to the Left/Straight
DEBUG:root:Left=104.119000 Right=-123.167000
DEBUG:root:ScaledLeft: 609.267750 ScaledRight: 97.874250
INFO:root:Looping....
DEBUG:root:This is the line: drive:-123.462:-19.048

DEBUG:root:We got command: drive
DEBUG:root:We got a drive command: rawX:-19.048000 and rawY:-123.462000
DEBUG:root:Reverse to the Left/Straight
DEBUG:root:Left=104.414000 Right=-123.462000
DEBUG:root:ScaledLeft: 609.931500 ScaledRight: 97.210500
INFO:root:Looping....
DEBUG:root:This is the line: drive:-123.795:-19.345

DEBUG:root:We got command: drive
DEBUG:root:We got a drive command: rawX:-19.345000 and rawY:-123.795000
DEBUG:root:Reverse to the Left/Straight
DEBUG:root:Left=104.450000 Right=-123.795000
DEBUG:root:ScaledLeft: 610.012500 ScaledRight: 96.461250
INFO:root:Looping....
DEBUG:root:This is the line: drive:-123.795:-19.345

DEBUG:root:We got command: drive
DEBUG:root:We got a drive command: rawX:-19.345000 and rawY:-123.795000
DEBUG:root:Reverse to the Left/Straight
DEBUG:root:Left=104.450000 Right=-123.795000
DEBUG:root:ScaledLeft: 610.012500 ScaledRight: 96.461250
INFO:root:Looping....
DEBUG:root:This is the line: drive:-124.339:-19.643

DEBUG:root:We got command: drive
DEBUG:root:We got a drive command: rawX:-19.643000 and rawY:-124.339000
DEBUG:root:Reverse to the Left/Straight
DEBUG:root:Left=104.696000 Right=-124.339000
DEBUG:root:ScaledLeft: 610.566000 ScaledRight: 95.237250
INFO:root:Looping....
DEBUG:root:This is the line: drive:-124.594:-19.643

DEBUG:root:We got command: drive
DEBUG:root:We got a drive command: rawX:-19.643000 and rawY:-124.594000
DEBUG:root:Reverse to the Left/Straight
DEBUG:root:Left=104.951000 Right=-124.594000
DEBUG:root:ScaledLeft: 611.139750 ScaledRight: 94.663500
INFO:root:Looping....
DEBUG:root:This is the line: drive:-124.594:-19.643

DEBUG:root:We got command: drive
DEBUG:root:We got a drive command: rawX:-19.643000 and rawY:-124.594000
DEBUG:root:Reverse to the Left/Straight
DEBUG:root:Left=104.951000 Right=-124.594000
DEBUG:root:ScaledLeft: 611.139750 ScaledRight: 94.663500
INFO:root:Looping....
DEBUG:root:This is the line: drive:-125.143:-19.795

DEBUG:root:We got command: drive
DEBUG:root:We got a drive command: rawX:-19.795000 and rawY:-125.143000
DEBUG:root:Reverse to the Left/Straight
DEBUG:root:Left=105.348000 Right=-125.143000
DEBUG:root:ScaledLeft: 612.033000 ScaledRight: 93.428250
INFO:root:Looping....
DEBUG:root:This is the line: drive:-125.441:-19.94

DEBUG:root:We got command: drive
DEBUG:root:We got a drive command: rawX:-19.940000 and rawY:-125.441000
DEBUG:root:Reverse to the Left/Straight
DEBUG:root:Left=105.501000 Right=-125.441000
DEBUG:root:ScaledLeft: 612.377250 ScaledRight: 92.757750
INFO:root:Looping....
DEBUG:root:This is the line: drive:-125.767:-19.94

DEBUG:root:We got command: drive
DEBUG:root:We got a drive command: rawX:-19.940000 and rawY:-125.767000
DEBUG:root:Reverse to the Left/Straight
DEBUG:root:Left=105.827000 Right=-125.767000
DEBUG:root:ScaledLeft: 613.110750 ScaledRight: 92.024250
INFO:root:Looping....
DEBUG:root:This is the line: drive:-126.012:-19.94

DEBUG:root:We got command: drive
DEBUG:root:We got a drive command: rawX:-19.940000 and rawY:-126.012000
DEBUG:root:Reverse to the Left/Straight
DEBUG:root:Left=106.072000 Right=-126.012000
DEBUG:root:ScaledLeft: 613.662000 ScaledRight: 91.473000
INFO:root:Looping....
DEBUG:root:This is the line: drive:-126.012:-19.94

DEBUG:root:We got command: drive
DEBUG:root:We got a drive command: rawX:-19.940000 and rawY:-126.012000
DEBUG:root:Reverse to the Left/Straight
DEBUG:root:Left=106.072000 Right=-126.012000
DEBUG:root:ScaledLeft: 613.662000 ScaledRight: 91.473000
INFO:root:Looping....
DEBUG:root:This is the line: drive:-126.318:-19.94

DEBUG:root:We got command: drive
DEBUG:root:We got a drive command: rawX:-19.940000 and rawY:-126.318000
DEBUG:root:Reverse to the Left/Straight
DEBUG:root:Left=106.378000 Right=-126.318000
DEBUG:root:ScaledLeft: 614.350500 ScaledRight: 90.784500
INFO:root:Looping....
DEBUG:root:This is the line: drive:-126.573:-19.94

DEBUG:root:We got command: drive
DEBUG:root:We got a drive command: rawX:-19.940000 and rawY:-126.573000
DEBUG:root:Reverse to the Left/Straight
DEBUG:root:Left=106.633000 Right=-126.573000
DEBUG:root:ScaledLeft: 614.924250 ScaledRight: 90.210750
INFO:root:Looping....
DEBUG:root:This is the line: drive:-127.411:-20.815

DEBUG:root:We got command: drive
DEBUG:root:We got a drive command: rawX:-20.815000 and rawY:-127.411000
DEBUG:root:Reverse to the Left/Straight
DEBUG:root:Left=106.596000 Right=-127.411000
DEBUG:root:ScaledLeft: 614.841000 ScaledRight: 88.325250
INFO:root:Looping....
DEBUG:root:This is the line: drive:-127.716:-21.133

DEBUG:root:We got command: drive
DEBUG:root:We got a drive command: rawX:-21.133000 and rawY:-127.716000
DEBUG:root:Reverse to the Left/Straight
DEBUG:root:Left=106.583000 Right=-127.716000
DEBUG:root:ScaledLeft: 614.811750 ScaledRight: 87.639000
INFO:root:Looping....
DEBUG:root:This is the line: drive:-128.314:-21.756

DEBUG:root:We got command: drive
DEBUG:root:We got a drive command: rawX:-21.756000 and rawY:-128.314000
DEBUG:root:Reverse to the Left/Straight
DEBUG:root:Left=106.558000 Right=-128.314000
DEBUG:root:ScaledLeft: 614.755500 ScaledRight: 86.293500
INFO:root:Looping....
DEBUG:root:This is the line: drive:-128.857:-23.065

DEBUG:root:We got command: drive
DEBUG:root:We got a drive command: rawX:-23.065000 and rawY:-128.857000
DEBUG:root:Reverse to the Left/Straight
DEBUG:root:Left=105.792000 Right=-128.857000
DEBUG:root:ScaledLeft: 613.032000 ScaledRight: 85.071750
INFO:root:Looping....
DEBUG:root:This is the line: drive:-128.857:-23.065

DEBUG:root:We got command: drive
DEBUG:root:We got a drive command: rawX:-23.065000 and rawY:-128.857000
DEBUG:root:Reverse to the Left/Straight
DEBUG:root:Left=105.792000 Right=-128.857000
DEBUG:root:ScaledLeft: 613.032000 ScaledRight: 85.071750
INFO:root:Looping....
DEBUG:root:This is the line: drive:-128.857:-23.065

DEBUG:root:We got command: drive
DEBUG:root:We got a drive command: rawX:-23.065000 and rawY:-128.857000
DEBUG:root:Reverse to the Left/Straight
DEBUG:root:Left=105.792000 Right=-128.857000
DEBUG:root:ScaledLeft: 613.032000 ScaledRight: 85.071750
INFO:root:Looping....
DEBUG:root:This is the line: drive:-129.429:-23.299

DEBUG:root:We got command: drive
DEBUG:root:We got a drive command: rawX:-23.299000 and rawY:-129.429000
DEBUG:root:Reverse to the Left/Straight
DEBUG:root:Left=106.130000 Right=-129.429000
DEBUG:root:ScaledLeft: 613.792500 ScaledRight: 83.784750
INFO:root:Looping....
DEBUG:root:This is the line: drive:-129.764:-23.214

DEBUG:root:We got command: drive
DEBUG:root:We got a drive command: rawX:-23.214000 and rawY:-129.764000
DEBUG:root:Reverse to the Left/Straight
DEBUG:root:Left=106.550000 Right=-129.764000
DEBUG:root:ScaledLeft: 614.737500 ScaledRight: 83.031000
INFO:root:Looping....
DEBUG:root:This is the line: drive:-130.017:-23.214

DEBUG:root:We got command: drive
DEBUG:root:We got a drive command: rawX:-23.214000 and rawY:-130.017000
DEBUG:root:Reverse to the Left/Straight
DEBUG:root:Left=106.803000 Right=-130.017000
DEBUG:root:ScaledLeft: 615.306750 ScaledRight: 82.461750
INFO:root:Looping....
DEBUG:root:This is the line: drive:-130.332:-23.214

DEBUG:root:We got command: drive
DEBUG:root:We got a drive command: rawX:-23.214000 and rawY:-130.332000
DEBUG:root:Reverse to the Left/Straight
DEBUG:root:Left=107.118000 Right=-130.332000
DEBUG:root:ScaledLeft: 616.015500 ScaledRight: 81.753000
INFO:root:Looping....
DEBUG:root:This is the line: drive:-130.619:-23.214

DEBUG:root:We got command: drive
DEBUG:root:We got a drive command: rawX:-23.214000 and rawY:-130.619000
DEBUG:root:Reverse to the Left/Straight
DEBUG:root:Left=107.405000 Right=-130.619000
DEBUG:root:ScaledLeft: 616.661250 ScaledRight: 81.107250
INFO:root:Looping....
DEBUG:root:This is the line: drive:-130.619:-23.214

DEBUG:root:We got command: drive
DEBUG:root:We got a drive command: rawX:-23.214000 and rawY:-130.619000
DEBUG:root:Reverse to the Left/Straight
DEBUG:root:Left=107.405000 Right=-130.619000
DEBUG:root:ScaledLeft: 616.661250 ScaledRight: 81.107250
INFO:root:Looping....
DEBUG:root:This is the line: drive:-130.571:-22.916

DEBUG:root:We got command: drive
DEBUG:root:We got a drive command: rawX:-22.916000 and rawY:-130.571000
DEBUG:root:Reverse to the Left/Straight
DEBUG:root:Left=107.655000 Right=-130.571000
DEBUG:root:ScaledLeft: 617.223750 ScaledRight: 81.215250
INFO:root:Looping....
DEBUG:root:This is the line: drive:-130.571:-22.916

DEBUG:root:We got command: drive
DEBUG:root:We got a drive command: rawX:-22.916000 and rawY:-130.571000
DEBUG:root:Reverse to the Left/Straight
DEBUG:root:Left=107.655000 Right=-130.571000
DEBUG:root:ScaledLeft: 617.223750 ScaledRight: 81.215250
INFO:root:Looping....
DEBUG:root:This is the line: drive:-130.875:-22.917

DEBUG:root:We got command: drive
DEBUG:root:We got a drive command: rawX:-22.917000 and rawY:-130.875000
DEBUG:root:Reverse to the Left/Straight
DEBUG:root:Left=107.958000 Right=-130.875000
DEBUG:root:ScaledLeft: 617.905500 ScaledRight: 80.531250
INFO:root:Looping....
DEBUG:root:This is the line: drive:-130.875:-22.917

DEBUG:root:We got command: drive
DEBUG:root:We got a drive command: rawX:-22.917000 and rawY:-130.875000
DEBUG:root:Reverse to the Left/Straight
DEBUG:root:Left=107.958000 Right=-130.875000
DEBUG:root:ScaledLeft: 617.905500 ScaledRight: 80.531250
INFO:root:Looping....
DEBUG:root:This is the line: drive:-131.172:-23.245

DEBUG:root:We got command: drive
DEBUG:root:We got a drive command: rawX:-23.245000 and rawY:-131.172000
DEBUG:root:Reverse to the Left/Straight
DEBUG:root:Left=107.927000 Right=-131.172000
DEBUG:root:ScaledLeft: 617.835750 ScaledRight: 79.863000
INFO:root:Looping....
DEBUG:root:This is the line: drive:-131.172:-23.245

DEBUG:root:We got command: drive
DEBUG:root:We got a drive command: rawX:-23.245000 and rawY:-131.172000
DEBUG:root:Reverse to the Left/Straight
DEBUG:root:Left=107.927000 Right=-131.172000
DEBUG:root:ScaledLeft: 617.835750 ScaledRight: 79.863000
INFO:root:Looping....
DEBUG:root:This is the line: drive:-131.429:-23.214

DEBUG:root:We got command: drive
DEBUG:root:We got a drive command: rawX:-23.214000 and rawY:-131.429000
DEBUG:root:Reverse to the Left/Straight
DEBUG:root:Left=108.215000 Right=-131.429000
DEBUG:root:ScaledLeft: 618.483750 ScaledRight: 79.284750
INFO:root:Looping....
DEBUG:root:This is the line: drive:-131.429:-23.214

DEBUG:root:We got command: drive
DEBUG:root:We got a drive command: rawX:-23.214000 and rawY:-131.429000
DEBUG:root:Reverse to the Left/Straight
DEBUG:root:Left=108.215000 Right=-131.429000
DEBUG:root:ScaledLeft: 618.483750 ScaledRight: 79.284750
INFO:root:Looping....
DEBUG:root:This is the line: drive:-131.736:-23.214

DEBUG:root:We got command: drive
DEBUG:root:We got a drive command: rawX:-23.214000 and rawY:-131.736000
DEBUG:root:Reverse to the Left/Straight
DEBUG:root:Left=108.522000 Right=-131.736000
DEBUG:root:ScaledLeft: 619.174500 ScaledRight: 78.594000
INFO:root:Looping....
DEBUG:root:This is the line: drive:-131.736:-23.214

DEBUG:root:We got command: drive
DEBUG:root:We got a drive command: rawX:-23.214000 and rawY:-131.736000
DEBUG:root:Reverse to the Left/Straight
DEBUG:root:Left=108.522000 Right=-131.736000
DEBUG:root:ScaledLeft: 619.174500 ScaledRight: 78.594000
INFO:root:Looping....
DEBUG:root:This is the line: drive:-131.736:-23.214

DEBUG:root:We got command: drive
DEBUG:root:We got a drive command: rawX:-23.214000 and rawY:-131.736000
DEBUG:root:Reverse to the Left/Straight
DEBUG:root:Left=108.522000 Right=-131.736000
DEBUG:root:ScaledLeft: 619.174500 ScaledRight: 78.594000
INFO:root:Looping....
DEBUG:root:This is the line: drive:-131.736:-23.214

DEBUG:root:We got command: drive
DEBUG:root:We got a drive command: rawX:-23.214000 and rawY:-131.736000
DEBUG:root:Reverse to the Left/Straight
DEBUG:root:Left=108.522000 Right=-131.736000
DEBUG:root:ScaledLeft: 619.174500 ScaledRight: 78.594000
INFO:root:Looping....
DEBUG:root:This is the line: drive:-131.736:-22.907

DEBUG:root:We got command: drive
DEBUG:root:We got a drive command: rawX:-22.907000 and rawY:-131.736000
DEBUG:root:Reverse to the Left/Straight
DEBUG:root:Left=108.829000 Right=-131.736000
DEBUG:root:ScaledLeft: 619.865250 ScaledRight: 78.594000
INFO:root:Looping....
DEBUG:root:This is the line: drive:-131.429:-22.173

DEBUG:root:We got command: drive
DEBUG:root:We got a drive command: rawX:-22.173000 and rawY:-131.429000
DEBUG:root:Reverse to the Left/Straight
DEBUG:root:Left=109.256000 Right=-131.429000
DEBUG:root:ScaledLeft: 620.826000 ScaledRight: 79.284750
INFO:root:Looping....
DEBUG:root:This is the line: drive:-131.429:-22.173

DEBUG:root:We got command: drive
DEBUG:root:We got a drive command: rawX:-22.173000 and rawY:-131.429000
DEBUG:root:Reverse to the Left/Straight
DEBUG:root:Left=109.256000 Right=-131.429000
DEBUG:root:ScaledLeft: 620.826000 ScaledRight: 79.284750
INFO:root:Looping....
DEBUG:root:This is the line: drive:-131.429:-21.875

DEBUG:root:We got command: drive
DEBUG:root:We got a drive command: rawX:-21.875000 and rawY:-131.429000
DEBUG:root:Reverse to the Left/Straight
DEBUG:root:Left=109.554000 Right=-131.429000
DEBUG:root:ScaledLeft: 621.496500 ScaledRight: 79.284750
INFO:root:Looping....
DEBUG:root:This is the line: drive:-131.429:-21.875

DEBUG:root:We got command: drive
DEBUG:root:We got a drive command: rawX:-21.875000 and rawY:-131.429000
DEBUG:root:Reverse to the Left/Straight
DEBUG:root:Left=109.554000 Right=-131.429000
DEBUG:root:ScaledLeft: 621.496500 ScaledRight: 79.284750
INFO:root:Looping....
DEBUG:root:This is the line: drive:0:0

DEBUG:root:We got command: drive
DEBUG:root:We got a drive command: rawX:0.000000 and rawY:0.000000
DEBUG:root:Left=0.000000 Right=0.000000
DEBUG:root:ScaledLeft: 375.000000 ScaledRight: 375.000000
INFO:root:Looping....
DEBUG:root:This is the line: drive:-131.055:-21.635

DEBUG:root:We got command: drive
DEBUG:root:We got a drive command: rawX:-21.635000 and rawY:-131.055000
DEBUG:root:Reverse to the Left/Straight
DEBUG:root:Left=109.420000 Right=-131.055000
DEBUG:root:ScaledLeft: 621.195000 ScaledRight: 80.126250
INFO:root:Looping....
DEBUG:root:This is the line: drive:-3.714:80.357

DEBUG:root:We got command: drive
DEBUG:root:We got a drive command: rawX:80.357000 and rawY:-3.714000
DEBUG:root:Reverse to the Right
DEBUG:root:Left=3.714000 Right=-84.071000
DEBUG:root:ScaledLeft: 383.356500 ScaledRight: 185.840250
INFO:root:Looping....
DEBUG:root:This is the line: drive:-8.215:76.674

DEBUG:root:We got command: drive
DEBUG:root:We got a drive command: rawX:76.674000 and rawY:-8.215000
DEBUG:root:Reverse to the Right
DEBUG:root:Left=8.215000 Right=-84.889000
DEBUG:root:ScaledLeft: 393.483750 ScaledRight: 183.999750
INFO:root:Looping....
DEBUG:root:This is the line: drive:-12.529:75.015

DEBUG:root:We got command: drive
DEBUG:root:We got a drive command: rawX:75.015000 and rawY:-12.529000
DEBUG:root:Reverse to the Right
DEBUG:root:Left=12.529000 Right=-87.544000
DEBUG:root:ScaledLeft: 403.190250 ScaledRight: 178.026000
INFO:root:Looping....
DEBUG:root:This is the line: drive:-24.974:72.514

DEBUG:root:We got command: drive
DEBUG:root:We got a drive command: rawX:72.514000 and rawY:-24.974000
DEBUG:root:Reverse to the Right
DEBUG:root:Left=24.974000 Right=-97.488000
DEBUG:root:ScaledLeft: 431.191500 ScaledRight: 155.652000
INFO:root:Looping....
DEBUG:root:This is the line: drive:-32.501:70.852

DEBUG:root:We got command: drive
DEBUG:root:We got a drive command: rawX:70.852000 and rawY:-32.501000
DEBUG:root:Reverse to the Right
DEBUG:root:Left=32.501000 Right=-103.353000
DEBUG:root:ScaledLeft: 448.127250 ScaledRight: 142.455750
INFO:root:Looping....
DEBUG:root:This is the line: drive:-40.464:70.238

DEBUG:root:We got command: drive
DEBUG:root:We got a drive command: rawX:70.238000 and rawY:-40.464000
DEBUG:root:Reverse to the Right
DEBUG:root:Left=40.464000 Right=-110.702000
DEBUG:root:ScaledLeft: 466.044000 ScaledRight: 125.920500
INFO:root:Looping....
DEBUG:root:This is the line: drive:-47.261:70.238

DEBUG:root:We got command: drive
DEBUG:root:We got a drive command: rawX:70.238000 and rawY:-47.261000
DEBUG:root:Reverse to the Right
DEBUG:root:Left=47.261000 Right=-117.499000
DEBUG:root:ScaledLeft: 481.337250 ScaledRight: 110.627250
INFO:root:Looping....
DEBUG:root:This is the line: drive:-52.82:70.238

DEBUG:root:We got command: drive
DEBUG:root:We got a drive command: rawX:70.238000 and rawY:-52.820000
DEBUG:root:Reverse to the Right
DEBUG:root:Left=52.820000 Right=-123.058000
DEBUG:root:ScaledLeft: 493.845000 ScaledRight: 98.119500
INFO:root:Looping....
DEBUG:root:This is the line: drive:-59.148:70.238

DEBUG:root:We got command: drive
DEBUG:root:We got a drive command: rawX:70.238000 and rawY:-59.148000
DEBUG:root:Reverse to the Right
DEBUG:root:Left=59.148000 Right=-129.386000
DEBUG:root:ScaledLeft: 508.083000 ScaledRight: 83.881500
INFO:root:Looping....
DEBUG:root:This is the line: drive:-63.366:70.238

DEBUG:root:We got command: drive
DEBUG:root:We got a drive command: rawX:70.238000 and rawY:-63.366000
DEBUG:root:Reverse to the Right
DEBUG:root:Left=63.366000 Right=-133.604000
DEBUG:root:ScaledLeft: 517.573500 ScaledRight: 74.391000
INFO:root:Looping....
DEBUG:root:This is the line: drive:-69.331:70.238

DEBUG:root:We got command: drive
DEBUG:root:We got a drive command: rawX:70.238000 and rawY:-69.331000
DEBUG:root:Reverse to the Right
DEBUG:root:Left=69.331000 Right=-139.569000
DEBUG:root:ScaledLeft: 530.994750 ScaledRight: 60.969750
INFO:root:Looping....
DEBUG:root:This is the line: drive:-75.143:70.238

DEBUG:root:We got command: drive
DEBUG:root:We got a drive command: rawX:70.238000 and rawY:-75.143000
DEBUG:root:Reverse to the Right
DEBUG:root:Left=75.143000 Right=-145.381000
DEBUG:root:ScaledLeft: 544.071750 ScaledRight: 47.892750
INFO:root:Looping....
DEBUG:root:This is the line: drive:-78.827:70.238

DEBUG:root:We got command: drive
DEBUG:root:We got a drive command: rawX:70.238000 and rawY:-78.827000
DEBUG:root:Reverse to the Right
DEBUG:root:Left=78.827000 Right=-149.065000
DEBUG:root:ScaledLeft: 552.360750 ScaledRight: 39.603750
INFO:root:Looping....
DEBUG:root:This is the line: drive:-82.641:70.238

DEBUG:root:We got command: drive
DEBUG:root:We got a drive command: rawX:70.238000 and rawY:-82.641000
DEBUG:root:Reverse to the Right
DEBUG:root:Left=82.641000 Right=-152.879000
DEBUG:root:ScaledLeft: 560.942250 ScaledRight: 31.022250
INFO:root:Looping....
DEBUG:root:This is the line: drive:-84.405:70.238

DEBUG:root:We got command: drive
DEBUG:root:We got a drive command: rawX:70.238000 and rawY:-84.405000
DEBUG:root:Reverse to the Right
DEBUG:root:Left=84.405000 Right=-154.643000
DEBUG:root:ScaledLeft: 564.911250 ScaledRight: 27.053250
INFO:root:Looping....
DEBUG:root:This is the line: drive:-86.578:70.238

DEBUG:root:We got command: drive
DEBUG:root:We got a drive command: rawX:70.238000 and rawY:-86.578000
DEBUG:root:Reverse to the Right
DEBUG:root:Left=86.578000 Right=-156.816000
DEBUG:root:ScaledLeft: 569.800500 ScaledRight: 22.164000
INFO:root:Looping....
DEBUG:root:This is the line: drive:-89.098:70.238

DEBUG:root:We got command: drive
DEBUG:root:We got a drive command: rawX:70.238000 and rawY:-89.098000
DEBUG:root:Reverse to the Right
DEBUG:root:Left=89.098000 Right=-159.336000
DEBUG:root:ScaledLeft: 575.470500 ScaledRight: 16.494000
INFO:root:Looping....
DEBUG:root:This is the line: drive:-89.82:70.238

DEBUG:root:We got command: drive
DEBUG:root:We got a drive command: rawX:70.238000 and rawY:-89.820000
DEBUG:root:Reverse to the Right
DEBUG:root:Left=89.820000 Right=-160.058000
DEBUG:root:ScaledLeft: 577.095000 ScaledRight: 14.869500
INFO:root:Looping....
DEBUG:root:This is the line: drive:-88.0:69.792

DEBUG:root:We got command: drive
DEBUG:root:We got a drive command: rawX:69.792000 and rawY:-88.000000
DEBUG:root:Reverse to the Right
DEBUG:root:Left=88.000000 Right=-157.792000
DEBUG:root:ScaledLeft: 573.000000 ScaledRight: 19.968000
INFO:root:Looping....
DEBUG:root:This is the line: drive:-76.125:67.427

DEBUG:root:We got command: drive
DEBUG:root:We got a drive command: rawX:67.427000 and rawY:-76.125000
DEBUG:root:Reverse to the Right
DEBUG:root:Left=76.125000 Right=-143.552000
DEBUG:root:ScaledLeft: 546.281250 ScaledRight: 52.008000
INFO:root:Looping....
DEBUG:root:This is the line: drive:-59.885:64.811

DEBUG:root:We got command: drive
DEBUG:root:We got a drive command: rawX:64.811000 and rawY:-59.885000
DEBUG:root:Reverse to the Right
DEBUG:root:Left=59.885000 Right=-124.696000
DEBUG:root:ScaledLeft: 509.741250 ScaledRight: 94.434000
INFO:root:Looping....
DEBUG:root:This is the line: drive:-51.375:64.286

DEBUG:root:We got command: drive
DEBUG:root:We got a drive command: rawX:64.286000 and rawY:-51.375000
DEBUG:root:Reverse to the Right
DEBUG:root:Left=51.375000 Right=-115.661000
DEBUG:root:ScaledLeft: 490.593750 ScaledRight: 114.762750
INFO:root:Looping....
DEBUG:root:This is the line: drive:-46.473:64.286

DEBUG:root:We got command: drive
DEBUG:root:We got a drive command: rawX:64.286000 and rawY:-46.473000
DEBUG:root:Reverse to the Right
DEBUG:root:Left=46.473000 Right=-110.759000
DEBUG:root:ScaledLeft: 479.564250 ScaledRight: 125.792250
INFO:root:Looping....
DEBUG:root:This is the line: drive:-43.4:64.286

DEBUG:root:We got command: drive
DEBUG:root:We got a drive command: rawX:64.286000 and rawY:-43.400000
DEBUG:root:Reverse to the Right
DEBUG:root:Left=43.400000 Right=-107.686000
DEBUG:root:ScaledLeft: 472.650000 ScaledRight: 132.706500
INFO:root:Looping....
DEBUG:root:This is the line: drive:-38.137:64.286

DEBUG:root:We got command: drive
DEBUG:root:We got a drive command: rawX:64.286000 and rawY:-38.137000
DEBUG:root:Reverse to the Right
DEBUG:root:Left=38.137000 Right=-102.423000
DEBUG:root:ScaledLeft: 460.808250 ScaledRight: 144.548250
INFO:root:Looping....
DEBUG:root:This is the line: drive:-29.429:65.476

DEBUG:root:We got command: drive
DEBUG:root:We got a drive command: rawX:65.476000 and rawY:-29.429000
DEBUG:root:Reverse to the Right
DEBUG:root:Left=29.429000 Right=-94.905000
DEBUG:root:ScaledLeft: 441.215250 ScaledRight: 161.463750
INFO:root:Looping....
DEBUG:root:This is the line: drive:-21.431:66.667

DEBUG:root:We got command: drive
DEBUG:root:We got a drive command: rawX:66.667000 and rawY:-21.431000
DEBUG:root:Reverse to the Right
DEBUG:root:Left=21.431000 Right=-88.098000
DEBUG:root:ScaledLeft: 423.219750 ScaledRight: 176.779500
INFO:root:Looping....
DEBUG:root:This is the line: drive:-18.985:67.56

DEBUG:root:We got command: drive
DEBUG:root:We got a drive command: rawX:67.560000 and rawY:-18.985000
DEBUG:root:Reverse to the Right
DEBUG:root:Left=18.985000 Right=-86.545000
DEBUG:root:ScaledLeft: 417.716250 ScaledRight: 180.273750
INFO:root:Looping....
DEBUG:root:This is the line: drive:-17.571:67.857

DEBUG:root:We got command: drive
DEBUG:root:We got a drive command: rawX:67.857000 and rawY:-17.571000
DEBUG:root:Reverse to the Right
DEBUG:root:Left=17.571000 Right=-85.428000
DEBUG:root:ScaledLeft: 414.534750 ScaledRight: 182.787000
INFO:root:Looping....
DEBUG:root:This is the line: drive:-20.306:67.857

DEBUG:root:We got command: drive
DEBUG:root:We got a drive command: rawX:67.857000 and rawY:-20.306000
DEBUG:root:Reverse to the Right
DEBUG:root:Left=20.306000 Right=-88.163000
DEBUG:root:ScaledLeft: 420.688500 ScaledRight: 176.633250
INFO:root:Looping....
DEBUG:root:This is the line: drive:-25.353:67.575

DEBUG:root:We got command: drive
DEBUG:root:We got a drive command: rawX:67.575000 and rawY:-25.353000
DEBUG:root:Reverse to the Right
DEBUG:root:Left=25.353000 Right=-92.928000
DEBUG:root:ScaledLeft: 432.044250 ScaledRight: 165.912000
INFO:root:Looping....
DEBUG:root:This is the line: drive:-36.8:65.31

DEBUG:root:We got command: drive
DEBUG:root:We got a drive command: rawX:65.310000 and rawY:-36.800000
DEBUG:root:Reverse to the Right
DEBUG:root:Left=36.800000 Right=-102.110000
DEBUG:root:ScaledLeft: 457.800000 ScaledRight: 145.252500
INFO:root:Looping....
DEBUG:root:This is the line: drive:-43.723:63.39

DEBUG:root:We got command: drive
DEBUG:root:We got a drive command: rawX:63.390000 and rawY:-43.723000
DEBUG:root:Reverse to the Right
DEBUG:root:Left=43.723000 Right=-107.113000
DEBUG:root:ScaledLeft: 473.376750 ScaledRight: 133.995750
INFO:root:Looping....
DEBUG:root:This is the line: drive:-50.527:61.027

DEBUG:root:We got command: drive
DEBUG:root:We got a drive command: rawX:61.027000 and rawY:-50.527000
DEBUG:root:Reverse to the Right
DEBUG:root:Left=50.527000 Right=-111.554000
DEBUG:root:ScaledLeft: 488.685750 ScaledRight: 124.003500
INFO:root:Looping....
DEBUG:root:This is the line: drive:-57.029:58.472

DEBUG:root:We got command: drive
DEBUG:root:We got a drive command: rawX:58.472000 and rawY:-57.029000
DEBUG:root:Reverse to the Right
DEBUG:root:Left=57.029000 Right=-115.501000
DEBUG:root:ScaledLeft: 503.315250 ScaledRight: 115.122750
INFO:root:Looping....
DEBUG:root:This is the line: drive:-62.259:56.656

DEBUG:root:We got command: drive
DEBUG:root:We got a drive command: rawX:56.656000 and rawY:-62.259000
DEBUG:root:Reverse to the Right
DEBUG:root:Left=62.259000 Right=-118.915000
DEBUG:root:ScaledLeft: 515.082750 ScaledRight: 107.441250
INFO:root:Looping....
DEBUG:root:This is the line: drive:-70.953:54.464

DEBUG:root:We got command: drive
DEBUG:root:We got a drive command: rawX:54.464000 and rawY:-70.953000
DEBUG:root:Reverse to the Right
DEBUG:root:Left=70.953000 Right=-125.417000
DEBUG:root:ScaledLeft: 534.644250 ScaledRight: 92.811750
INFO:root:Looping....
DEBUG:root:This is the line: drive:-77.064:54.167

DEBUG:root:We got command: drive
DEBUG:root:We got a drive command: rawX:54.167000 and rawY:-77.064000
DEBUG:root:Reverse to the Right
DEBUG:root:Left=77.064000 Right=-131.231000
DEBUG:root:ScaledLeft: 548.394000 ScaledRight: 79.730250
INFO:root:Looping....
DEBUG:root:This is the line: drive:-84.181:54.167

DEBUG:root:We got command: drive
DEBUG:root:We got a drive command: rawX:54.167000 and rawY:-84.181000
DEBUG:root:Reverse to the Right
DEBUG:root:Left=84.181000 Right=-138.348000
DEBUG:root:ScaledLeft: 564.407250 ScaledRight: 63.717000
INFO:root:Looping....
DEBUG:root:This is the line: drive:-89.557:53.924

DEBUG:root:We got command: drive
DEBUG:root:We got a drive command: rawX:53.924000 and rawY:-89.557000
DEBUG:root:Reverse to the Right
DEBUG:root:Left=89.557000 Right=-143.481000
DEBUG:root:ScaledLeft: 576.503250 ScaledRight: 52.167750
INFO:root:Looping....
DEBUG:root:This is the line: drive:-94.815:53.869

DEBUG:root:We got command: drive
DEBUG:root:We got a drive command: rawX:53.869000 and rawY:-94.815000
DEBUG:root:Reverse to the Right
DEBUG:root:Left=94.815000 Right=-148.684000
DEBUG:root:ScaledLeft: 588.333750 ScaledRight: 40.461000
INFO:root:Looping....
DEBUG:root:This is the line: drive:-98.578:53.869

DEBUG:root:We got command: drive
DEBUG:root:We got a drive command: rawX:53.869000 and rawY:-98.578000
DEBUG:root:Reverse to the Right
DEBUG:root:Left=98.578000 Right=-152.447000
DEBUG:root:ScaledLeft: 596.800500 ScaledRight: 31.994250
INFO:root:Looping....
DEBUG:root:This is the line: drive:0:0

DEBUG:root:We got command: drive
DEBUG:root:We got a drive command: rawX:0.000000 and rawY:0.000000
DEBUG:root:Left=0.000000 Right=0.000000
DEBUG:root:ScaledLeft: 375.000000 ScaledRight: 375.000000
INFO:root:Looping....
DEBUG:root:This is the line: drive:-98.883:185.213

DEBUG:root:We got command: drive
DEBUG:root:We got a drive command: rawX:185.213000 and rawY:-98.883000
DEBUG:root:Reverse to the Right
DEBUG:root:Left=98.883000 Right=-284.096000
DEBUG:root:ScaledLeft: 597.486750 ScaledRight: -264.216000
INFO:root:Looping....
DEBUG:root:This is the line: drive:-34.0:-0.298

DEBUG:root:We got command: drive
DEBUG:root:We got a drive command: rawX:-0.298000 and rawY:-34.000000
DEBUG:root:Reverse to the Left/Straight
DEBUG:root:Left=33.702000 Right=-34.000000
DEBUG:root:ScaledLeft: 450.829500 ScaledRight: 298.500000
INFO:root:Looping....
DEBUG:root:This is the line: drive:-28.797:-1.52

DEBUG:root:We got command: drive
DEBUG:root:We got a drive command: rawX:-1.520000 and rawY:-28.797000
DEBUG:root:Reverse to the Left/Straight
DEBUG:root:Left=27.277000 Right=-28.797000
DEBUG:root:ScaledLeft: 436.373250 ScaledRight: 310.206750
INFO:root:Looping....
DEBUG:root:This is the line: drive:-20.99:-5.363

DEBUG:root:We got command: drive
DEBUG:root:We got a drive command: rawX:-5.363000 and rawY:-20.990000
DEBUG:root:Reverse to the Left/Straight
DEBUG:root:Left=15.627000 Right=-20.990000
DEBUG:root:ScaledLeft: 410.160750 ScaledRight: 327.772500
INFO:root:Looping....
DEBUG:root:This is the line: drive:-7.769:-13.148

DEBUG:root:We got command: drive
DEBUG:root:We got a drive command: rawX:-13.148000 and rawY:-7.769000
DEBUG:root:Reverse to the Left/Straight
DEBUG:root:Left=-5.379000 Right=-7.769000
DEBUG:root:ScaledLeft: 362.897250 ScaledRight: 357.519750
INFO:root:Looping....
DEBUG:root:This is the line: drive:3.408:-23.788

DEBUG:root:We got command: drive
DEBUG:root:We got a drive command: rawX:-23.788000 and rawY:3.408000
DEBUG:root:Forward to the Left/Straight
DEBUG:root:Left=-27.196000 Right=3.408000
DEBUG:root:ScaledLeft: 313.809000 ScaledRight: 382.668000
INFO:root:Looping....
DEBUG:root:This is the line: drive:8.175:-29.051

DEBUG:root:We got command: drive
DEBUG:root:We got a drive command: rawX:-29.051000 and rawY:8.175000
DEBUG:root:Forward to the Left/Straight
DEBUG:root:Left=-37.226000 Right=8.175000
DEBUG:root:ScaledLeft: 291.241500 ScaledRight: 393.393750
INFO:root:Looping....
DEBUG:root:This is the line: drive:14.087:-36.956

DEBUG:root:We got command: drive
DEBUG:root:We got a drive command: rawX:-36.956000 and rawY:14.087000
DEBUG:root:Forward to the Left/Straight
DEBUG:root:Left=-51.043000 Right=14.087000
DEBUG:root:ScaledLeft: 260.153250 ScaledRight: 406.695750
INFO:root:Looping....
DEBUG:root:This is the line: drive:18.456:-44.165

DEBUG:root:We got command: drive
DEBUG:root:We got a drive command: rawX:-44.165000 and rawY:18.456000
DEBUG:root:Forward to the Left/Straight
DEBUG:root:Left=-62.621000 Right=18.456000
DEBUG:root:ScaledLeft: 234.102750 ScaledRight: 416.526000
INFO:root:Looping....
DEBUG:root:This is the line: drive:20.286:-49.668

DEBUG:root:We got command: drive
DEBUG:root:We got a drive command: rawX:-49.668000 and rawY:20.286000
DEBUG:root:Forward to the Left/Straight
DEBUG:root:Left=-69.954000 Right=20.286000
DEBUG:root:ScaledLeft: 217.603500 ScaledRight: 420.643500
INFO:root:Looping....
DEBUG:root:This is the line: drive:20.286:-55.073

DEBUG:root:We got command: drive
DEBUG:root:We got a drive command: rawX:-55.073000 and rawY:20.286000
DEBUG:root:Forward to the Left/Straight
DEBUG:root:Left=-75.359000 Right=20.286000
DEBUG:root:ScaledLeft: 205.442250 ScaledRight: 420.643500
INFO:root:Looping....
DEBUG:root:This is the line: drive:19.328:-60.433

DEBUG:root:We got command: drive
DEBUG:root:We got a drive command: rawX:-60.433000 and rawY:19.328000
DEBUG:root:Forward to the Left/Straight
DEBUG:root:Left=-79.761000 Right=19.328000
DEBUG:root:ScaledLeft: 195.537750 ScaledRight: 418.488000
INFO:root:Looping....
DEBUG:root:This is the line: drive:17.263:-66.886

DEBUG:root:We got command: drive
DEBUG:root:We got a drive command: rawX:-66.886000 and rawY:17.263000
DEBUG:root:Forward to the Left/Straight
DEBUG:root:Left=-84.149000 Right=17.263000
DEBUG:root:ScaledLeft: 185.664750 ScaledRight: 413.841750
INFO:root:Looping....
DEBUG:root:This is the line: drive:15.208:-71.658

DEBUG:root:We got command: drive
DEBUG:root:We got a drive command: rawX:-71.658000 and rawY:15.208000
DEBUG:root:Forward to the Left/Straight
DEBUG:root:Left=-86.866000 Right=15.208000
DEBUG:root:ScaledLeft: 179.551500 ScaledRight: 409.218000
INFO:root:Looping....
DEBUG:root:This is the line: drive:5.818:-75.893

DEBUG:root:We got command: drive
DEBUG:root:We got a drive command: rawX:-75.893000 and rawY:5.818000
DEBUG:root:Forward to the Left/Straight
DEBUG:root:Left=-81.711000 Right=5.818000
DEBUG:root:ScaledLeft: 191.150250 ScaledRight: 388.090500
INFO:root:Looping....
DEBUG:root:This is the line: drive:-7.429:-74.107

DEBUG:root:We got command: drive
DEBUG:root:We got a drive command: rawX:-74.107000 and rawY:-7.429000
DEBUG:root:Reverse to the Left/Straight
DEBUG:root:Left=-66.678000 Right=-7.429000
DEBUG:root:ScaledLeft: 224.974500 ScaledRight: 358.284750
INFO:root:Looping....
DEBUG:root:This is the line: drive:-21.839:-65.789

DEBUG:root:We got command: drive
DEBUG:root:We got a drive command: rawX:-65.789000 and rawY:-21.839000
DEBUG:root:Reverse to the Left/Straight
DEBUG:root:Left=-43.950000 Right=-21.839000
DEBUG:root:ScaledLeft: 276.112500 ScaledRight: 325.862250
INFO:root:Looping....
DEBUG:root:This is the line: drive:-33.512:-53.782

DEBUG:root:We got command: drive
DEBUG:root:We got a drive command: rawX:-53.782000 and rawY:-33.512000
DEBUG:root:Reverse to the Left/Straight
DEBUG:root:Left=-20.270000 Right=-33.512000
DEBUG:root:ScaledLeft: 329.392500 ScaledRight: 299.598000
INFO:root:Looping....
DEBUG:root:This is the line: drive:-44.296:-41.061

DEBUG:root:We got command: drive
DEBUG:root:We got a drive command: rawX:-41.061000 and rawY:-44.296000
DEBUG:root:Reverse to the Left/Straight
DEBUG:root:Left=3.235000 Right=-44.296000
DEBUG:root:ScaledLeft: 382.278750 ScaledRight: 275.334000
INFO:root:Looping....
DEBUG:root:This is the line: drive:-51.078:-31.958

DEBUG:root:We got command: drive
DEBUG:root:We got a drive command: rawX:-31.958000 and rawY:-51.078000
DEBUG:root:Reverse to the Left/Straight
DEBUG:root:Left=19.120000 Right=-51.078000
DEBUG:root:ScaledLeft: 418.020000 ScaledRight: 260.074500
INFO:root:Looping....
DEBUG:root:This is the line: drive:-56.181:-23.991

DEBUG:root:We got command: drive
DEBUG:root:We got a drive command: rawX:-23.991000 and rawY:-56.181000
DEBUG:root:Reverse to the Left/Straight
DEBUG:root:Left=32.190000 Right=-56.181000
DEBUG:root:ScaledLeft: 447.427500 ScaledRight: 248.592750
INFO:root:Looping....
DEBUG:root:This is the line: drive:-62.652:-15.095

DEBUG:root:We got command: drive
DEBUG:root:We got a drive command: rawX:-15.095000 and rawY:-62.652000
DEBUG:root:Reverse to the Left/Straight
DEBUG:root:Left=47.557000 Right=-62.652000
DEBUG:root:ScaledLeft: 482.003250 ScaledRight: 234.033000
INFO:root:Looping....
DEBUG:root:This is the line: drive:-67.875:-9.356

DEBUG:root:We got command: drive
DEBUG:root:We got a drive command: rawX:-9.356000 and rawY:-67.875000
DEBUG:root:Reverse to the Left/Straight
DEBUG:root:Left=58.519000 Right=-67.875000
DEBUG:root:ScaledLeft: 506.667750 ScaledRight: 222.281250
INFO:root:Looping....
DEBUG:root:This is the line: drive:-71.453:-4.724

DEBUG:root:We got command: drive
DEBUG:root:We got a drive command: rawX:-4.724000 and rawY:-71.453000
DEBUG:root:Reverse to the Left/Straight
DEBUG:root:Left=66.729000 Right=-71.453000
DEBUG:root:ScaledLeft: 525.140250 ScaledRight: 214.230750
INFO:root:Looping....
DEBUG:root:This is the line: drive:-75.537:-0.184

DEBUG:root:We got command: drive
DEBUG:root:We got a drive command: rawX:-0.184000 and rawY:-75.537000
DEBUG:root:Reverse to the Left/Straight
DEBUG:root:Left=75.353000 Right=-75.537000
DEBUG:root:ScaledLeft: 544.544250 ScaledRight: 205.041750
INFO:root:Looping....
DEBUG:root:This is the line: drive:-78.959:3.38

DEBUG:root:We got command: drive
DEBUG:root:We got a drive command: rawX:3.380000 and rawY:-78.959000
DEBUG:root:Reverse to the Right
DEBUG:root:Left=78.959000 Right=-82.339000
DEBUG:root:ScaledLeft: 552.657750 ScaledRight: 189.737250
INFO:root:Looping....
DEBUG:root:This is the line: drive:-84.939:8.589

DEBUG:root:We got command: drive
DEBUG:root:We got a drive command: rawX:8.589000 and rawY:-84.939000
DEBUG:root:Reverse to the Right
DEBUG:root:Left=84.939000 Right=-93.528000
DEBUG:root:ScaledLeft: 566.112750 ScaledRight: 164.562000
INFO:root:Looping....
DEBUG:root:This is the line: drive:-94.374:11.626

DEBUG:root:We got command: drive
DEBUG:root:We got a drive command: rawX:11.626000 and rawY:-94.374000
DEBUG:root:Reverse to the Right
DEBUG:root:Left=94.374000 Right=-106.000000
DEBUG:root:ScaledLeft: 587.341500 ScaledRight: 136.500000
INFO:root:Looping....
DEBUG:root:This is the line: drive:-107.87:11.396

DEBUG:root:We got command: drive
DEBUG:root:We got a drive command: rawX:11.396000 and rawY:-107.870000
DEBUG:root:Reverse to the Right
DEBUG:root:Left=107.870000 Right=-119.266000
DEBUG:root:ScaledLeft: 617.707500 ScaledRight: 106.651500
INFO:root:Looping....
DEBUG:root:This is the line: drive:-113.16:9.915

DEBUG:root:We got command: drive
DEBUG:root:We got a drive command: rawX:9.915000 and rawY:-113.160000
DEBUG:root:Reverse to the Right
DEBUG:root:Left=113.160000 Right=-123.075000
DEBUG:root:ScaledLeft: 629.610000 ScaledRight: 98.081250
INFO:root:Looping....
DEBUG:root:This is the line: drive:-119.574:5.852

DEBUG:root:We got command: drive
DEBUG:root:We got a drive command: rawX:5.852000 and rawY:-119.574000
DEBUG:root:Reverse to the Right
DEBUG:root:Left=119.574000 Right=-125.426000
DEBUG:root:ScaledLeft: 644.041500 ScaledRight: 92.791500
INFO:root:Looping....
DEBUG:root:This is the line: drive:0:0

DEBUG:root:We got command: drive
DEBUG:root:We got a drive command: rawX:0.000000 and rawY:0.000000
DEBUG:root:Left=0.000000 Right=0.000000
DEBUG:root:ScaledLeft: 375.000000 ScaledRight: 375.000000
INFO:root:Looping....
DEBUG:root:This is the line: drive:-122.857:-0.595

DEBUG:root:We got command: drive
DEBUG:root:We got a drive command: rawX:-0.595000 and rawY:-122.857000
DEBUG:root:Reverse to the Left/Straight
DEBUG:root:Left=122.262000 Right=-122.857000
DEBUG:root:ScaledLeft: 650.089500 ScaledRight: 98.571750
INFO:root:Looping....
DEBUG:root:This is the line: drive:14.286:32.44

DEBUG:root:We got command: drive
DEBUG:root:We got a drive command: rawX:32.440000 and rawY:14.286000
DEBUG:root:Forward to the Right
DEBUG:root:Left=-14.286000 Right=-18.154000
DEBUG:root:ScaledLeft: 342.856500 ScaledRight: 334.153500
INFO:root:Looping....
DEBUG:root:This is the line: drive:7.533:29.104

DEBUG:root:We got command: drive
DEBUG:root:We got a drive command: rawX:29.104000 and rawY:7.533000
DEBUG:root:Forward to the Right
DEBUG:root:Left=-7.533000 Right=-21.571000
DEBUG:root:ScaledLeft: 358.050750 ScaledRight: 326.465250
INFO:root:Looping....
DEBUG:root:This is the line: drive:-0.625:26.866

DEBUG:root:We got command: drive
DEBUG:root:We got a drive command: rawX:26.866000 and rawY:-0.625000
DEBUG:root:Reverse to the Right
DEBUG:root:Left=0.625000 Right=-27.491000
DEBUG:root:ScaledLeft: 376.406250 ScaledRight: 313.145250
INFO:root:Looping....
DEBUG:root:This is the line: drive:-7.666:26.19

DEBUG:root:We got command: drive
DEBUG:root:We got a drive command: rawX:26.190000 and rawY:-7.666000
DEBUG:root:Reverse to the Right
DEBUG:root:Left=7.666000 Right=-33.856000
DEBUG:root:ScaledLeft: 392.248500 ScaledRight: 298.824000
INFO:root:Looping....
DEBUG:root:This is the line: drive:-16.729:26.19

DEBUG:root:We got command: drive
DEBUG:root:We got a drive command: rawX:26.190000 and rawY:-16.729000
DEBUG:root:Reverse to the Right
DEBUG:root:Left=16.729000 Right=-42.919000
DEBUG:root:ScaledLeft: 412.640250 ScaledRight: 278.432250
INFO:root:Looping....
DEBUG:root:This is the line: drive:-25.963:26.19

DEBUG:root:We got command: drive
DEBUG:root:We got a drive command: rawX:26.190000 and rawY:-25.963000
DEBUG:root:Reverse to the Right
DEBUG:root:Left=25.963000 Right=-52.153000
DEBUG:root:ScaledLeft: 433.416750 ScaledRight: 257.655750
INFO:root:Looping....
DEBUG:root:This is the line: drive:-37.812:27.083

DEBUG:root:We got command: drive
DEBUG:root:We got a drive command: rawX:27.083000 and rawY:-37.812000
DEBUG:root:Reverse to the Right
DEBUG:root:Left=37.812000 Right=-64.895000
DEBUG:root:ScaledLeft: 460.077000 ScaledRight: 228.986250
INFO:root:Looping....
DEBUG:root:This is the line: drive:-47.277:27.976

DEBUG:root:We got command: drive
DEBUG:root:We got a drive command: rawX:27.976000 and rawY:-47.277000
DEBUG:root:Reverse to the Right
DEBUG:root:Left=47.277000 Right=-75.253000
DEBUG:root:ScaledLeft: 481.373250 ScaledRight: 205.680750
INFO:root:Looping....
DEBUG:root:This is the line: drive:-57.134:29.819

DEBUG:root:We got command: drive
DEBUG:root:We got a drive command: rawX:29.819000 and rawY:-57.134000
DEBUG:root:Reverse to the Right
DEBUG:root:Left=57.134000 Right=-86.953000
DEBUG:root:ScaledLeft: 503.551500 ScaledRight: 179.355750
INFO:root:Looping....
DEBUG:root:This is the line: drive:-69.938:32.033

DEBUG:root:We got command: drive
DEBUG:root:We got a drive command: rawX:32.033000 and rawY:-69.938000
DEBUG:root:Reverse to the Right
DEBUG:root:Left=69.938000 Right=-101.971000
DEBUG:root:ScaledLeft: 532.360500 ScaledRight: 145.565250
INFO:root:Looping....
DEBUG:root:This is the line: drive:-80.143:34.077

DEBUG:root:We got command: drive
DEBUG:root:We got a drive command: rawX:34.077000 and rawY:-80.143000
DEBUG:root:Reverse to the Right
DEBUG:root:Left=80.143000 Right=-114.220000
DEBUG:root:ScaledLeft: 555.321750 ScaledRight: 118.005000
INFO:root:Looping....
DEBUG:root:This is the line: drive:-88.05:35.376

DEBUG:root:We got command: drive
DEBUG:root:We got a drive command: rawX:35.376000 and rawY:-88.050000
DEBUG:root:Reverse to the Right
DEBUG:root:Left=88.050000 Right=-123.426000
DEBUG:root:ScaledLeft: 573.112500 ScaledRight: 97.291500
INFO:root:Looping....
DEBUG:root:This is the line: drive:-99.366:37.776

DEBUG:root:We got command: drive
DEBUG:root:We got a drive command: rawX:37.776000 and rawY:-99.366000
DEBUG:root:Reverse to the Right
DEBUG:root:Left=99.366000 Right=-137.142000
DEBUG:root:ScaledLeft: 598.573500 ScaledRight: 66.430500
INFO:root:Looping....
DEBUG:root:This is the line: drive:-106.499:39.639

DEBUG:root:We got command: drive
DEBUG:root:We got a drive command: rawX:39.639000 and rawY:-106.499000
DEBUG:root:Reverse to the Right
DEBUG:root:Left=106.499000 Right=-146.138000
DEBUG:root:ScaledLeft: 614.622750 ScaledRight: 46.189500
INFO:root:Looping....
DEBUG:root:This is the line: drive:-112.46:41.014

DEBUG:root:We got command: drive
DEBUG:root:We got a drive command: rawX:41.014000 and rawY:-112.460000
DEBUG:root:Reverse to the Right
DEBUG:root:Left=112.460000 Right=-153.474000
DEBUG:root:ScaledLeft: 628.035000 ScaledRight: 29.683500
INFO:root:Looping....
DEBUG:root:This is the line: drive:-117.603:43.692

DEBUG:root:We got command: drive
DEBUG:root:We got a drive command: rawX:43.692000 and rawY:-117.603000
DEBUG:root:Reverse to the Right
DEBUG:root:Left=117.603000 Right=-161.295000
DEBUG:root:ScaledLeft: 639.606750 ScaledRight: 12.086250
INFO:root:Looping....
DEBUG:root:This is the line: drive:-122.158:46.064

DEBUG:root:We got command: drive
DEBUG:root:We got a drive command: rawX:46.064000 and rawY:-122.158000
DEBUG:root:Reverse to the Right
DEBUG:root:Left=122.158000 Right=-168.222000
DEBUG:root:ScaledLeft: 649.855500 ScaledRight: -3.499500
INFO:root:Looping....
DEBUG:root:This is the line: drive:-125.521:48.108

DEBUG:root:We got command: drive
DEBUG:root:We got a drive command: rawX:48.108000 and rawY:-125.521000
DEBUG:root:Reverse to the Right
DEBUG:root:Left=125.521000 Right=-173.629000
DEBUG:root:ScaledLeft: 657.422250 ScaledRight: -15.665250
INFO:root:Looping....
DEBUG:root:This is the line: drive:0:0

DEBUG:root:We got command: drive
DEBUG:root:We got a drive command: rawX:0.000000 and rawY:0.000000
DEBUG:root:Left=0.000000 Right=0.000000
DEBUG:root:ScaledLeft: 375.000000 ScaledRight: 375.000000
INFO:root:Looping....
INFO:root:Starting Log file.
INFO:root:Looping....
DEBUG:root:This is the line: Beginning test.EMERGENCYSTOP:STOP

DEBUG:root:We got command: Beginning test.EMERGENCYSTOP
INFO:root:We got some other kind of command
INFO:root:Looping....
DEBUG:root:This is the line: EMERGENCYSTOP:STOP

DEBUG:root:We got command: EMERGENCYSTOP
INFO:root:We got the EMERGENCY STOP command.
INFO:root:Looping....
DEBUG:root:This is the line: EMERGENCYSTOP:STOP

DEBUG:root:We got command: EMERGENCYSTOP
INFO:root:We got the EMERGENCY STOP command.
INFO:root:Looping....
DEBUG:root:This is the line: EMERGENCYSTOP:STOP

DEBUG:root:We got command: EMERGENCYSTOP
INFO:root:We got the EMERGENCY STOP command.
INFO:root:Looping....
DEBUG:root:This is the line: EMERGENCYSTOP:STOP

DEBUG:root:We got command: EMERGENCYSTOP
INFO:root:We got the EMERGENCY STOP command.
INFO:root:Looping....
DEBUG:root:This is the line: EMERGENCYSTOP:STOP

DEBUG:root:We got command: EMERGENCYSTOP
INFO:root:We got the EMERGENCY STOP command.
INFO:root:Looping....
DEBUG:root:This is the line: EMERGENCYSTOP:STOP

DEBUG:root:We got command: EMERGENCYSTOP
INFO:root:We got the EMERGENCY STOP command.
INFO:root:Looping....
DEBUG:root:This is the line: EMERGENCYSTOP:STOP

DEBUG:root:We got command: EMERGENCYSTOP
INFO:root:We got the EMERGENCY STOP command.
INFO:root:Looping....
DEBUG:root:This is the line: EMERGENCYSTOP:STOP

DEBUG:root:We got command: EMERGENCYSTOP
INFO:root:We got the EMERGENCY STOP command.
INFO:root:Looping....
DEBUG:root:This is the line: EMERGENCYSTOP:STOP

DEBUG:root:We got command: EMERGENCYSTOP
INFO:root:We got the EMERGENCY STOP command.
INFO:root:Looping....
DEBUG:root:This is the line: EMERGENCYSTOP:STOP

DEBUG:root:We got command: EMERGENCYSTOP
INFO:root:We got the EMERGENCY STOP command.
INFO:root:Looping....
DEBUG:root:This is the line: EMERGENCYSTOP:STOP

DEBUG:root:We got command: EMERGENCYSTOP
INFO:root:We got the EMERGENCY STOP command.
INFO:root:Looping....
DEBUG:root:This is the line: EMERGENCYSTOP:STOP

DEBUG:root:We got command: EMERGENCYSTOP
INFO:root:We got the EMERGENCY STOP command.
INFO:root:Looping....
DEBUG:root:This is the line: EMERGENCYSTOP:STOP

DEBUG:root:We got command: EMERGENCYSTOP
INFO:root:We got the EMERGENCY STOP command.
INFO:root:Looping....
DEBUG:root:This is the line: EMERGENCYSTOP:STOP

DEBUG:root:We got command: EMERGENCYSTOP
INFO:root:We got the EMERGENCY STOP command.
INFO:root:Looping....
DEBUG:root:This is the line: EMERGENCYSTOP:STOP

DEBUG:root:We got command: EMERGENCYSTOP
INFO:root:We got the EMERGENCY STOP command.
INFO:root:Looping....
DEBUG:root:This is the line: EMERGENCYSTOP:STOP

DEBUG:root:We got command: EMERGENCYSTOP
INFO:root:We got the EMERGENCY STOP command.
INFO:root:Looping....
DEBUG:root:This is the line: EMERGENCYSTOP:STOP

DEBUG:root:We got command: EMERGENCYSTOP
INFO:root:We got the EMERGENCY STOP command.
INFO:root:Looping....
DEBUG:root:This is the line: EMERGENCYSTOP:STOP

DEBUG:root:We got command: EMERGENCYSTOP
INFO:root:We got the EMERGENCY STOP command.
INFO:root:Looping....
DEBUG:root:This is the line: EMERGENCYSTOP:STOP

DEBUG:root:We got command: EMERGENCYSTOP
INFO:root:We got the EMERGENCY STOP command.
INFO:root:Looping....
DEBUG:root:This is the line: EMERGENCYSTOP:STOP

DEBUG:root:We got command: EMERGENCYSTOP
INFO:root:We got the EMERGENCY STOP command.
INFO:root:Looping....
DEBUG:root:This is the line: EMERGENCYSTOP:STOP

DEBUG:root:We got command: EMERGENCYSTOP
INFO:root:We got the EMERGENCY STOP command.
INFO:root:Looping....
DEBUG:root:This is the line: EMERGENCYSTOP:STOP

DEBUG:root:We got command: EMERGENCYSTOP
INFO:root:We got the EMERGENCY STOP command.
INFO:root:Looping....
DEBUG:root:This is the line: EMERGENCYSTOP:STOP

DEBUG:root:We got command: EMERGENCYSTOP
INFO:root:We got the EMERGENCY STOP command.
INFO:root:Looping....
DEBUG:root:This is the line: EMERGENCYSTOP:STOP

DEBUG:root:We got command: EMERGENCYSTOP
INFO:root:We got the EMERGENCY STOP command.
INFO:root:Looping....
DEBUG:root:This is the line: EMERGENCYSTOP:STOP

DEBUG:root:We got command: EMERGENCYSTOP
INFO:root:We got the EMERGENCY STOP command.
INFO:root:Looping....
DEBUG:root:This is the line: EMERGENCYSTOP:STOP

DEBUG:root:We got command: EMERGENCYSTOP
INFO:root:We got the EMERGENCY STOP command.
INFO:root:Looping....
DEBUG:root:This is the line: EMERGENCYSTOP:STOP

DEBUG:root:We got command: EMERGENCYSTOP
INFO:root:We got the EMERGENCY STOP command.
INFO:root:Looping....
DEBUG:root:This is the line: EMERGENCYSTOP:STOP

DEBUG:root:We got command: EMERGENCYSTOP
INFO:root:We got the EMERGENCY STOP command.
INFO:root:Looping....
DEBUG:root:This is the line: EMERGENCYSTOP:STOP

DEBUG:root:We got command: EMERGENCYSTOP
INFO:root:We got the EMERGENCY STOP command.
INFO:root:Looping....
DEBUG:root:This is the line: EMERGENCYSTOP:STOP

DEBUG:root:We got command: EMERGENCYSTOP
INFO:root:We got the EMERGENCY STOP command.
INFO:root:Looping....
DEBUG:root:This is the line: EMERGENCYSTOP:STOP

DEBUG:root:We got command: EMERGENCYSTOP
INFO:root:We got the EMERGENCY STOP command.
INFO:root:Looping....
DEBUG:root:This is the line: EMERGENCYSTOP:STOP

DEBUG:root:We got command: EMERGENCYSTOP
INFO:root:We got the EMERGENCY STOP command.
INFO:root:Looping....
DEBUG:root:This is the line: EMERGENCYSTOP:STOP

DEBUG:root:We got command: EMERGENCYSTOP
INFO:root:We got the EMERGENCY STOP command.
INFO:root:Looping....
DEBUG:root:This is the line: EMERGENCYSTOP:STOP

DEBUG:root:We got command: EMERGENCYSTOP
INFO:root:We got the EMERGENCY STOP command.
INFO:root:Looping....
DEBUG:root:This is the line: EMERGENCYSTOP:STOP

DEBUG:root:We got command: EMERGENCYSTOP
INFO:root:We got the EMERGENCY STOP command.
INFO:root:Looping....
DEBUG:root:This is the line: EMERGENCYSTOP:STOP

DEBUG:root:We got command: EMERGENCYSTOP
INFO:root:We got the EMERGENCY STOP command.
INFO:root:Looping....
DEBUG:root:This is the line: EMERGENCYSTOP:STOP

DEBUG:root:We got command: EMERGENCYSTOP
INFO:root:We got the EMERGENCY STOP command.
INFO:root:Looping....
DEBUG:root:This is the line: EMERGENCYSTOP:STOP

DEBUG:root:We got command: EMERGENCYSTOP
INFO:root:We got the EMERGENCY STOP command.
INFO:root:Looping....
DEBUG:root:This is the line: EMERGENCYSTOP:STOP

DEBUG:root:We got command: EMERGENCYSTOP
INFO:root:We got the EMERGENCY STOP command.
INFO:root:Looping....
DEBUG:root:This is the line: EMERGENCYSTOP:STOP

DEBUG:root:We got command: EMERGENCYSTOP
INFO:root:We got the EMERGENCY STOP command.
INFO:root:Looping....
DEBUG:root:This is the line: EMERGENCYSTOP:STOP

DEBUG:root:We got command: EMERGENCYSTOP
INFO:root:We got the EMERGENCY STOP command.
INFO:root:Looping....
DEBUG:root:This is the line: EMERGENCYSTOP:STOP

DEBUG:root:We got command: EMERGENCYSTOP
INFO:root:We got the EMERGENCY STOP command.
INFO:root:Looping....
DEBUG:root:This is the line: EMERGENCYSTOP:STOP

DEBUG:root:We got command: EMERGENCYSTOP
INFO:root:We got the EMERGENCY STOP command.
INFO:root:Looping....
DEBUG:root:This is the line: EMERGENCYSTOP:STOP

DEBUG:root:We got command: EMERGENCYSTOP
INFO:root:We got the EMERGENCY STOP command.
INFO:root:Looping....
DEBUG:root:This is the line: EMERGENCYSTOP:STOP

DEBUG:root:We got command: EMERGENCYSTOP
INFO:root:We got the EMERGENCY STOP command.
INFO:root:Looping....
DEBUG:root:This is the line: EMERGENCYSTOP:STOP

DEBUG:root:We got command: EMERGENCYSTOP
INFO:root:We got the EMERGENCY STOP command.
INFO:root:Looping....
DEBUG:root:This is the line: EMERGENCYSTOP:STOP

DEBUG:root:We got command: EMERGENCYSTOP
INFO:root:We got the EMERGENCY STOP command.
INFO:root:Looping....
DEBUG:root:This is the line: EMERGENCYSTOP:STOP

DEBUG:root:We got command: EMERGENCYSTOP
INFO:root:We got the EMERGENCY STOP command.
INFO:root:Looping....
DEBUG:root:This is the line: EMERGENCYSTOP:STOP

DEBUG:root:We got command: EMERGENCYSTOP
INFO:root:We got the EMERGENCY STOP command.
INFO:root:Looping....
DEBUG:root:This is the line: EMERGENCYSTOP:STOP

DEBUG:root:We got command: EMERGENCYSTOP
INFO:root:We got the EMERGENCY STOP command.
INFO:root:Looping....
DEBUG:root:This is the line: EMERGENCYSTOP:STOP

DEBUG:root:We got command: EMERGENCYSTOP
INFO:root:We got the EMERGENCY STOP command.
INFO:root:Looping....
DEBUG:root:This is the line: EMERGENCYSTOP:STOP

DEBUG:root:We got command: EMERGENCYSTOP
INFO:root:We got the EMERGENCY STOP command.
INFO:root:Looping....
DEBUG:root:This is the line: EMERGENCYSTOP:STOP

DEBUG:root:We got command: EMERGENCYSTOP
INFO:root:We got the EMERGENCY STOP command.
INFO:root:Looping....
DEBUG:root:This is the line: EMERGENCYSTOP:STOP

DEBUG:root:We got command: EMERGENCYSTOP
INFO:root:We got the EMERGENCY STOP command.
INFO:root:Looping....
DEBUG:root:This is the line: EMERGENCYSTOP:STOP

DEBUG:root:We got command: EMERGENCYSTOP
INFO:root:We got the EMERGENCY STOP command.
INFO:root:Looping....
DEBUG:root:This is the line: EMERGENCYSTOP:STOP

DEBUG:root:We got command: EMERGENCYSTOP
INFO:root:We got the EMERGENCY STOP command.
INFO:root:Looping....
DEBUG:root:This is the line: EMERGENCYSTOP:STOP

DEBUG:root:We got command: EMERGENCYSTOP
INFO:root:We got the EMERGENCY STOP command.
INFO:root:Looping....
DEBUG:root:This is the line: EMERGENCYSTOP:STOP

DEBUG:root:We got command: EMERGENCYSTOP
INFO:root:We got the EMERGENCY STOP command.
INFO:root:Looping....
DEBUG:root:This is the line: EMERGENCYSTOP:STOP

DEBUG:root:We got command: EMERGENCYSTOP
INFO:root:We got the EMERGENCY STOP command.
INFO:root:Looping....
DEBUG:root:This is the line: EMERGENCYSTOP:STOP

DEBUG:root:We got command: EMERGENCYSTOP
INFO:root:We got the EMERGENCY STOP command.
INFO:root:Looping....
DEBUG:root:This is the line: EMERGENCYSTOP:STOP

DEBUG:root:We got command: EMERGENCYSTOP
INFO:root:We got the EMERGENCY STOP command.
INFO:root:Looping....
DEBUG:root:This is the line: EMERGENCYSTOP:STOP

DEBUG:root:We got command: EMERGENCYSTOP
INFO:root:We got the EMERGENCY STOP command.
INFO:root:Looping....
DEBUG:root:This is the line: EMERGENCYSTOP:STOP

DEBUG:root:We got command: EMERGENCYSTOP
INFO:root:We got the EMERGENCY STOP command.
INFO:root:Looping....
DEBUG:root:This is the line: EMERGENCYSTOP:STOP

DEBUG:root:We got command: EMERGENCYSTOP
INFO:root:We got the EMERGENCY STOP command.
INFO:root:Looping....
DEBUG:root:This is the line: EMERGENCYSTOP:STOP

DEBUG:root:We got command: EMERGENCYSTOP
INFO:root:We got the EMERGENCY STOP command.
INFO:root:Looping....
DEBUG:root:This is the line: EMERGENCYSTOP:STOP

DEBUG:root:We got command: EMERGENCYSTOP
INFO:root:We got the EMERGENCY STOP command.
INFO:root:Looping....
DEBUG:root:This is the line: EMERGENCYSTOP:STOP

DEBUG:root:We got command: EMERGENCYSTOP
INFO:root:We got the EMERGENCY STOP command.
INFO:root:Looping....
DEBUG:root:This is the line: EMERGENCYSTOP:STOP

DEBUG:root:We got command: EMERGENCYSTOP
INFO:root:We got the EMERGENCY STOP command.
INFO:root:Looping....
DEBUG:root:This is the line: EMERGENCYSTOP:STOP

DEBUG:root:We got command: EMERGENCYSTOP
INFO:root:We got the EMERGENCY STOP command.
INFO:root:Looping....
DEBUG:root:This is the line: EMERGENCYSTOP:STOP

DEBUG:root:We got command: EMERGENCYSTOP
INFO:root:We got the EMERGENCY STOP command.
INFO:root:Looping....
DEBUG:root:This is the line: EMERGENCYSTOP:STOP

DEBUG:root:We got command: EMERGENCYSTOP
INFO:root:We got the EMERGENCY STOP command.
INFO:root:Looping....
DEBUG:root:This is the line: EMERGENCYSTOP:STOP

DEBUG:root:We got command: EMERGENCYSTOP
INFO:root:We got the EMERGENCY STOP command.
INFO:root:Looping....
DEBUG:root:This is the line: EMERGENCYSTOP:STOP

DEBUG:root:We got command: EMERGENCYSTOP
INFO:root:We got the EMERGENCY STOP command.
INFO:root:Looping....
DEBUG:root:This is the line: EMERGENCYSTOP:STOP

DEBUG:root:We got command: EMERGENCYSTOP
INFO:root:We got the EMERGENCY STOP command.
INFO:root:Looping....
DEBUG:root:This is the line: EMERGENCYSTOP:STOP

DEBUG:root:We got command: EMERGENCYSTOP
INFO:root:We got the EMERGENCY STOP command.
INFO:root:Looping....
DEBUG:root:This is the line: EMERGENCYSTOP:STOP

DEBUG:root:We got command: EMERGENCYSTOP
INFO:root:We got the EMERGENCY STOP command.
INFO:root:Looping....
DEBUG:root:This is the line: EMERGENCYSTOP:STOP

DEBUG:root:We got command: EMERGENCYSTOP
INFO:root:We got the EMERGENCY STOP command.
INFO:root:Looping....
DEBUG:root:This is the line: EMERGENCYSTOP:STOP

DEBUG:root:We got command: EMERGENCYSTOP
INFO:root:We got the EMERGENCY STOP command.
INFO:root:Looping....
DEBUG:root:This is the line: EMERGENCYSTOP:STOP

DEBUG:root:We got command: EMERGENCYSTOP
INFO:root:We got the EMERGENCY STOP command.
INFO:root:Looping....
DEBUG:root:This is the line: EMERGENCYSTOP:STOP

DEBUG:root:We got command: EMERGENCYSTOP
INFO:root:We got the EMERGENCY STOP command.
INFO:root:Looping....
DEBUG:root:This is the line: EMERGENCYSTOP:STOP

DEBUG:root:We got command: EMERGENCYSTOP
INFO:root:We got the EMERGENCY STOP command.
INFO:root:Looping....
DEBUG:root:This is the line: EMERGENCYSTOP:STOP

DEBUG:root:We got command: EMERGENCYSTOP
INFO:root:We got the EMERGENCY STOP command.
INFO:root:Looping....
DEBUG:root:This is the line: EMERGENCYSTOP:STOP

DEBUG:root:We got command: EMERGENCYSTOP
INFO:root:We got the EMERGENCY STOP command.
INFO:root:Looping....
DEBUG:root:This is the line: EMERGENCYSTOP:STOP

DEBUG:root:We got command: EMERGENCYSTOP
INFO:root:We got the EMERGENCY STOP command.
INFO:root:Looping....
DEBUG:root:This is the line: EMERGENCYSTOP:STOP

DEBUG:root:We got command: EMERGENCYSTOP
INFO:root:We got the EMERGENCY STOP command.
INFO:root:Looping....
DEBUG:root:This is the line: EMERGENCYSTOP:STOP

DEBUG:root:We got command: EMERGENCYSTOP
INFO:root:We got the EMERGENCY STOP command.
INFO:root:Looping....
DEBUG:root:This is the line: EMERGENCYSTOP:STOP

DEBUG:root:We got command: EMERGENCYSTOP
INFO:root:We got the EMERGENCY STOP command.
INFO:root:Looping....
DEBUG:root:This is the line: EMERGENCYSTOP:STOP

DEBUG:root:We got command: EMERGENCYSTOP
INFO:root:We got the EMERGENCY STOP command.
INFO:root:Looping....
DEBUG:root:This is the line: EMERGENCYSTOP:STOP

DEBUG:root:We got command: EMERGENCYSTOP
INFO:root:We got the EMERGENCY STOP command.
INFO:root:Looping....
DEBUG:root:This is the line: EMERGENCYSTOP:STOP

DEBUG:root:We got command: EMERGENCYSTOP
INFO:root:We got the EMERGENCY STOP command.
INFO:root:Looping....
DEBUG:root:This is the line: EMERGENCYSTOP:STOP

DEBUG:root:We got command: EMERGENCYSTOP
INFO:root:We got the EMERGENCY STOP command.
INFO:root:Looping....
DEBUG:root:This is the line: EMERGENCYSTOP:STOP

DEBUG:root:We got command: EMERGENCYSTOP
INFO:root:We got the EMERGENCY STOP command.
INFO:root:Looping....
DEBUG:root:This is the line: EMERGENCYSTOP:STOP

DEBUG:root:We got command: EMERGENCYSTOP
INFO:root:We got the EMERGENCY STOP command.
INFO:root:Looping....
DEBUG:root:This is the line: EMERGENCYSTOP:STOP

DEBUG:root:We got command: EMERGENCYSTOP
INFO:root:We got the EMERGENCY STOP command.
INFO:root:Looping....
DEBUG:root:This is the line: EMERGENCYSTOP:STOP

DEBUG:root:We got command: EMERGENCYSTOP
INFO:root:We got the EMERGENCY STOP command.
INFO:root:Looping....
DEBUG:root:This is the line: EMERGENCYSTOP:STOP

DEBUG:root:We got command: EMERGENCYSTOP
INFO:root:We got the EMERGENCY STOP command.
INFO:root:Looping....
DEBUG:root:This is the line: EMERGENCYSTOP:STOP

DEBUG:root:We got command: EMERGENCYSTOP
INFO:root:We got the EMERGENCY STOP command.
INFO:root:Looping....
DEBUG:root:This is the line: EMERGENCYSTOP:STOP

DEBUG:root:We got command: EMERGENCYSTOP
INFO:root:We got the EMERGENCY STOP command.
INFO:root:Looping....
DEBUG:root:This is the line: EMERGENCYSTOP:STOP

DEBUG:root:We got command: EMERGENCYSTOP
INFO:root:We got the EMERGENCY STOP command.
INFO:root:Looping....
DEBUG:root:This is the line: EMERGENCYSTOP:STOP

DEBUG:root:We got command: EMERGENCYSTOP
INFO:root:We got the EMERGENCY STOP command.
INFO:root:Looping....
DEBUG:root:This is the line: EMERGENCYSTOP:STOP

DEBUG:root:We got command: EMERGENCYSTOP
INFO:root:We got the EMERGENCY STOP command.
INFO:root:Looping....
DEBUG:root:This is the line: EMERGENCYSTOP:STOP

DEBUG:root:We got command: EMERGENCYSTOP
INFO:root:We got the EMERGENCY STOP command.
INFO:root:Looping....
DEBUG:root:This is the line: EMERGENCYSTOP:STOP

DEBUG:root:We got command: EMERGENCYSTOP
INFO:root:We got the EMERGENCY STOP command.
INFO:root:Looping....
DEBUG:root:This is the line: EMERGENCYSTOP:STOP

DEBUG:root:We got command: EMERGENCYSTOP
INFO:root:We got the EMERGENCY STOP command.
INFO:root:Looping....
DEBUG:root:This is the line: EMERGENCYSTOP:STOP

DEBUG:root:We got command: EMERGENCYSTOP
INFO:root:We got the EMERGENCY STOP command.
INFO:root:Looping....
DEBUG:root:This is the line: EMERGENCYSTOP:STOP

DEBUG:root:We got command: EMERGENCYSTOP
INFO:root:We got the EMERGENCY STOP command.
INFO:root:Looping....
DEBUG:root:This is the line: EMERGENCYSTOP:STOP

DEBUG:root:We got command: EMERGENCYSTOP
INFO:root:We got the EMERGENCY STOP command.
INFO:root:Looping....
DEBUG:root:This is the line: EMERGENCYSTOP:STOP

DEBUG:root:We got command: EMERGENCYSTOP
INFO:root:We got the EMERGENCY STOP command.
INFO:root:Looping....
DEBUG:root:This is the line: EMERGENCYSTOP:STOP

DEBUG:root:We got command: EMERGENCYSTOP
INFO:root:We got the EMERGENCY STOP command.
INFO:root:Looping....
DEBUG:root:This is the line: EMERGENCYSTOP:STOP

DEBUG:root:We got command: EMERGENCYSTOP
INFO:root:We got the EMERGENCY STOP command.
INFO:root:Looping....
DEBUG:root:This is the line: EMERGENCYSTOP:STOP

DEBUG:root:We got command: EMERGENCYSTOP
INFO:root:We got the EMERGENCY STOP command.
INFO:root:Looping....
DEBUG:root:This is the line: EMERGENCYSTOP:STOP

DEBUG:root:We got command: EMERGENCYSTOP
INFO:root:We got the EMERGENCY STOP command.
INFO:root:Looping....
DEBUG:root:This is the line: EMERGENCYSTOP:STOP

DEBUG:root:We got command: EMERGENCYSTOP
INFO:root:We got the EMERGENCY STOP command.
INFO:root:Looping....
DEBUG:root:This is the line: EMERGENCYSTOP:STOP

DEBUG:root:We got command: EMERGENCYSTOP
INFO:root:We got the EMERGENCY STOP command.
INFO:root:Looping....
DEBUG:root:This is the line: EMERGENCYSTOP:STOP

DEBUG:root:We got command: EMERGENCYSTOP
INFO:root:We got the EMERGENCY STOP command.
INFO:root:Looping....
DEBUG:root:This is the line: EMERGENCYSTOP:STOP

DEBUG:root:We got command: EMERGENCYSTOP
INFO:root:We got the EMERGENCY STOP command.
INFO:root:Looping....
DEBUG:root:This is the line: EMERGENCYSTOP:STOP

DEBUG:root:We got command: EMERGENCYSTOP
INFO:root:We got the EMERGENCY STOP command.
INFO:root:Looping....
DEBUG:root:This is the line: EMERGENCYSTOP:STOP

DEBUG:root:We got command: EMERGENCYSTOP
INFO:root:We got the EMERGENCY STOP command.
INFO:root:Looping....
DEBUG:root:This is the line: EMERGENCYSTOP:STOP

DEBUG:root:We got command: EMERGENCYSTOP
INFO:root:We got the EMERGENCY STOP command.
INFO:root:Looping....
DEBUG:root:This is the line: EMERGENCYSTOP:STOP

DEBUG:root:We got command: EMERGENCYSTOP
INFO:root:We got the EMERGENCY STOP command.
INFO:root:Looping....
DEBUG:root:This is the line: EMERGENCYSTOP:STOP

DEBUG:root:We got command: EMERGENCYSTOP
INFO:root:We got the EMERGENCY STOP command.
INFO:root:Looping....
DEBUG:root:This is the line: EMERGENCYSTOP:STOP

DEBUG:root:We got command: EMERGENCYSTOP
INFO:root:We got the EMERGENCY STOP command.
INFO:root:Looping....
DEBUG:root:This is the line: EMERGENCYSTOP:STOP

DEBUG:root:We got command: EMERGENCYSTOP
INFO:root:We got the EMERGENCY STOP command.
INFO:root:Looping....
DEBUG:root:This is the line: EMERGENCYSTOP:STOP

DEBUG:root:We got command: EMERGENCYSTOP
INFO:root:We got the EMERGENCY STOP command.
INFO:root:Looping....
DEBUG:root:This is the line: EMERGENCYSTOP:STOP

DEBUG:root:We got command: EMERGENCYSTOP
INFO:root:We got the EMERGENCY STOP command.
INFO:root:Looping....
DEBUG:root:This is the line: EMERGENCYSTOP:STOP

DEBUG:root:We got command: EMERGENCYSTOP
INFO:root:We got the EMERGENCY STOP command.
INFO:root:Looping....
DEBUG:root:This is the line: EMERGENCYSTOP:STOP

DEBUG:root:We got command: EMERGENCYSTOP
INFO:root:We got the EMERGENCY STOP command.
INFO:root:Looping....
DEBUG:root:This is the line: EMERGENCYSTOP:STOP

DEBUG:root:We got command: EMERGENCYSTOP
INFO:root:We got the EMERGENCY STOP command.
INFO:root:Looping....
DEBUG:root:This is the line: EMERGENCYSTOP:STOP

DEBUG:root:We got command: EMERGENCYSTOP
INFO:root:We got the EMERGENCY STOP command.
INFO:root:Looping....
DEBUG:root:This is the line: EMERGENCYSTOP:STOP

DEBUG:root:We got command: EMERGENCYSTOP
INFO:root:We got the EMERGENCY STOP command.
INFO:root:Looping....
DEBUG:root:This is the line: EMERGENCYSTOP:STOP

DEBUG:root:We got command: EMERGENCYSTOP
INFO:root:We got the EMERGENCY STOP command.
INFO:root:Looping....
DEBUG:root:This is the line: EMERGENCYSTOP:STOP

DEBUG:root:We got command: EMERGENCYSTOP
INFO:root:We got the EMERGENCY STOP command.
INFO:root:Looping....
DEBUG:root:This is the line: EMERGENCYSTOP:STOP

DEBUG:root:We got command: EMERGENCYSTOP
INFO:root:We got the EMERGENCY STOP command.
INFO:root:Looping....
DEBUG:root:This is the line: EMERGENCYSTOP:STOP

DEBUG:root:We got command: EMERGENCYSTOP
INFO:root:We got the EMERGENCY STOP command.
INFO:root:Looping....
DEBUG:root:This is the line: EMERGENCYSTOP:STOP

DEBUG:root:We got command: EMERGENCYSTOP
INFO:root:We got the EMERGENCY STOP command.
INFO:root:Looping....
DEBUG:root:This is the line: EMERGENCYSTOP:STOP

DEBUG:root:We got command: EMERGENCYSTOP
INFO:root:We got the EMERGENCY STOP command.
INFO:root:Looping....
DEBUG:root:This is the line: EMERGENCYSTOP:STOP

DEBUG:root:We got command: EMERGENCYSTOP
INFO:root:We got the EMERGENCY STOP command.
INFO:root:Looping....
DEBUG:root:This is the line: EMERGENCYSTOP:STOP

DEBUG:root:We got command: EMERGENCYSTOP
INFO:root:We got the EMERGENCY STOP command.
INFO:root:Looping....
DEBUG:root:This is the line: EMERGENCYSTOP:STOP

DEBUG:root:We got command: EMERGENCYSTOP
INFO:root:We got the EMERGENCY STOP command.
INFO:root:Looping....
DEBUG:root:This is the line: EMERGENCYSTOP:STOP

DEBUG:root:We got command: EMERGENCYSTOP
INFO:root:We got the EMERGENCY STOP command.
INFO:root:Looping....
DEBUG:root:This is the line: EMERGENCYSTOP:STOP

DEBUG:root:We got command: EMERGENCYSTOP
INFO:root:We got the EMERGENCY STOP command.
INFO:root:Looping....
DEBUG:root:This is the line: EMERGENCYSTOP:STOP

DEBUG:root:We got command: EMERGENCYSTOP
INFO:root:We got the EMERGENCY STOP command.
INFO:root:Looping....
DEBUG:root:This is the line: EMERGENCYSTOP:STOP

DEBUG:root:We got command: EMERGENCYSTOP
INFO:root:We got the EMERGENCY STOP command.
INFO:root:Looping....
DEBUG:root:This is the line: EMERGENCYSTOP:STOP

DEBUG:root:We got command: EMERGENCYSTOP
INFO:root:We got the EMERGENCY STOP command.
INFO:root:Looping....
DEBUG:root:This is the line: EMERGENCYSTOP:STOP

DEBUG:root:We got command: EMERGENCYSTOP
INFO:root:We got the EMERGENCY STOP command.
INFO:root:Looping....
DEBUG:root:This is the line: EMERGENCYSTOP:STOP

DEBUG:root:We got command: EMERGENCYSTOP
INFO:root:We got the EMERGENCY STOP command.
INFO:root:Looping....
DEBUG:root:This is the line: EMERGENCYSTOP:STOP

DEBUG:root:We got command: EMERGENCYSTOP
INFO:root:We got the EMERGENCY STOP command.
INFO:root:Looping....
DEBUG:root:This is the line: EMERGENCYSTOP:STOP

DEBUG:root:We got command: EMERGENCYSTOP
INFO:root:We got the EMERGENCY STOP command.
INFO:root:Looping....
DEBUG:root:This is the line: EMERGENCYSTOP:STOP

DEBUG:root:We got command: EMERGENCYSTOP
INFO:root:We got the EMERGENCY STOP command.
INFO:root:Looping....
DEBUG:root:This is the line: EMERGENCYSTOP:STOP

DEBUG:root:We got command: EMERGENCYSTOP
INFO:root:We got the EMERGENCY STOP command.
INFO:root:Looping....
DEBUG:root:This is the line: EMERGENCYSTOP:STOP

DEBUG:root:We got command: EMERGENCYSTOP
INFO:root:We got the EMERGENCY STOP command.
INFO:root:Looping....
DEBUG:root:This is the line: drive:0:0

DEBUG:root:We got command: drive
DEBUG:root:We got a drive command: rawX:0.000000 and rawY:0.000000
DEBUG:root:Left=0.000000 Right=0.000000
DEBUG:root:ScaledLeft: 375.000000 ScaledRight: 375.000000
INFO:root:Looping....
DEBUG:root:This is the line: drive:6.286:0.298

DEBUG:root:We got command: drive
DEBUG:root:We got a drive command: rawX:0.298000 and rawY:6.286000
DEBUG:root:Forward to the Right
DEBUG:root:Left=-6.286000 Right=5.988000
DEBUG:root:ScaledLeft: 360.856500 ScaledRight: 388.473000
INFO:root:Looping....
DEBUG:root:This is the line: drive:23.324:-4.167

DEBUG:root:We got command: drive
DEBUG:root:We got a drive command: rawX:-4.167000 and rawY:23.324000
DEBUG:root:Forward to the Left/Straight
DEBUG:root:Left=-27.491000 Right=23.324000
DEBUG:root:ScaledLeft: 313.145250 ScaledRight: 427.479000
INFO:root:Looping....
DEBUG:root:This is the line: drive:38.146:-3.534

DEBUG:root:We got command: drive
DEBUG:root:We got a drive command: rawX:-3.534000 and rawY:38.146000
DEBUG:root:Forward to the Left/Straight
DEBUG:root:Left=-41.680000 Right=38.146000
DEBUG:root:ScaledLeft: 281.220000 ScaledRight: 460.828500
INFO:root:Looping....
DEBUG:root:This is the line: drive:49.049:-2.976

DEBUG:root:We got command: drive
DEBUG:root:We got a drive command: rawX:-2.976000 and rawY:49.049000
DEBUG:root:Forward to the Left/Straight
DEBUG:root:Left=-52.025000 Right=49.049000
DEBUG:root:ScaledLeft: 257.943750 ScaledRight: 485.360250
INFO:root:Looping....
DEBUG:root:This is the line: drive:55.486:-2.976

DEBUG:root:We got command: drive
DEBUG:root:We got a drive command: rawX:-2.976000 and rawY:55.486000
DEBUG:root:Forward to the Left/Straight
DEBUG:root:Left=-58.462000 Right=55.486000
DEBUG:root:ScaledLeft: 243.460500 ScaledRight: 499.843500
INFO:root:Looping....
DEBUG:root:This is the line: drive:61.82:-2.976

DEBUG:root:We got command: drive
DEBUG:root:We got a drive command: rawX:-2.976000 and rawY:61.820000
DEBUG:root:Forward to the Left/Straight
DEBUG:root:Left=-64.796000 Right=61.820000
DEBUG:root:ScaledLeft: 229.209000 ScaledRight: 514.095000
INFO:root:Looping....
DEBUG:root:This is the line: drive:65.349:-2.976

DEBUG:root:We got command: drive
DEBUG:root:We got a drive command: rawX:-2.976000 and rawY:65.349000
DEBUG:root:Forward to the Left/Straight
DEBUG:root:Left=-68.325000 Right=65.349000
DEBUG:root:ScaledLeft: 221.268750 ScaledRight: 522.035250
INFO:root:Looping....
DEBUG:root:This is the line: drive:72.023:-3.297

DEBUG:root:We got command: drive
DEBUG:root:We got a drive command: rawX:-3.297000 and rawY:72.023000
DEBUG:root:Forward to the Left/Straight
DEBUG:root:Left=-75.320000 Right=72.023000
DEBUG:root:ScaledLeft: 205.530000 ScaledRight: 537.051750
INFO:root:Looping....
DEBUG:root:This is the line: drive:74.0:-5.208

DEBUG:root:We got command: drive
DEBUG:root:We got a drive command: rawX:-5.208000 and rawY:74.000000
DEBUG:root:Forward to the Left/Straight
DEBUG:root:Left=-79.208000 Right=74.000000
DEBUG:root:ScaledLeft: 196.782000 ScaledRight: 541.500000
INFO:root:Looping....
DEBUG:root:This is the line: drive:73.242:-5.849

DEBUG:root:We got command: drive
DEBUG:root:We got a drive command: rawX:-5.849000 and rawY:73.242000
DEBUG:root:Forward to the Left/Straight
DEBUG:root:Left=-79.091000 Right=73.242000
DEBUG:root:ScaledLeft: 197.045250 ScaledRight: 539.794500
INFO:root:Looping....
DEBUG:root:This is the line: drive:68.593:-6.25

DEBUG:root:We got command: drive
DEBUG:root:We got a drive command: rawX:-6.250000 and rawY:68.593000
DEBUG:root:Forward to the Left/Straight
DEBUG:root:Left=-74.843000 Right=68.593000
DEBUG:root:ScaledLeft: 206.603250 ScaledRight: 529.334250
INFO:root:Looping....
DEBUG:root:This is the line: drive:64.605:-6.25

DEBUG:root:We got command: drive
DEBUG:root:We got a drive command: rawX:-6.250000 and rawY:64.605000
DEBUG:root:Forward to the Left/Straight
DEBUG:root:Left=-70.855000 Right=64.605000
DEBUG:root:ScaledLeft: 215.576250 ScaledRight: 520.361250
INFO:root:Looping....
DEBUG:root:This is the line: drive:50.327:-6.25

DEBUG:root:We got command: drive
DEBUG:root:We got a drive command: rawX:-6.250000 and rawY:50.327000
DEBUG:root:Forward to the Left/Straight
DEBUG:root:Left=-56.577000 Right=50.327000
DEBUG:root:ScaledLeft: 247.701750 ScaledRight: 488.235750
INFO:root:Looping....
DEBUG:root:This is the line: drive:48.178:-6.25

DEBUG:root:We got command: drive
DEBUG:root:We got a drive command: rawX:-6.250000 and rawY:48.178000
DEBUG:root:Forward to the Left/Straight
DEBUG:root:Left=-54.428000 Right=48.178000
DEBUG:root:ScaledLeft: 252.537000 ScaledRight: 483.400500
INFO:root:Looping....
DEBUG:root:This is the line: drive:34.919:-5.06

DEBUG:root:We got command: drive
DEBUG:root:We got a drive command: rawX:-5.060000 and rawY:34.919000
DEBUG:root:Forward to the Left/Straight
DEBUG:root:Left=-39.979000 Right=34.919000
DEBUG:root:ScaledLeft: 285.047250 ScaledRight: 453.567750
INFO:root:Looping....
DEBUG:root:This is the line: drive:26.812:-5.06

DEBUG:root:We got command: drive
DEBUG:root:We got a drive command: rawX:-5.060000 and rawY:26.812000
DEBUG:root:Forward to the Left/Straight
DEBUG:root:Left=-31.872000 Right=26.812000
DEBUG:root:ScaledLeft: 303.288000 ScaledRight: 435.327000
INFO:root:Looping....
DEBUG:root:This is the line: drive:20.184:-5.06

DEBUG:root:We got command: drive
DEBUG:root:We got a drive command: rawX:-5.060000 and rawY:20.184000
DEBUG:root:Forward to the Left/Straight
DEBUG:root:Left=-25.244000 Right=20.184000
DEBUG:root:ScaledLeft: 318.201000 ScaledRight: 420.414000
INFO:root:Looping....
DEBUG:root:This is the line: drive:14.934:-5.06

DEBUG:root:We got command: drive
DEBUG:root:We got a drive command: rawX:-5.060000 and rawY:14.934000
DEBUG:root:Forward to the Left/Straight
DEBUG:root:Left=-19.994000 Right=14.934000
DEBUG:root:ScaledLeft: 330.013500 ScaledRight: 408.601500
INFO:root:Looping....
DEBUG:root:This is the line: drive:11.404:-5.06

DEBUG:root:We got command: drive
DEBUG:root:We got a drive command: rawX:-5.060000 and rawY:11.404000
DEBUG:root:Forward to the Left/Straight
DEBUG:root:Left=-16.464000 Right=11.404000
DEBUG:root:ScaledLeft: 337.956000 ScaledRight: 400.659000
INFO:root:Looping....
DEBUG:root:This is the line: drive:3.935:-4.464

DEBUG:root:We got command: drive
DEBUG:root:We got a drive command: rawX:-4.464000 and rawY:3.935000
DEBUG:root:Forward to the Left/Straight
DEBUG:root:Left=-8.399000 Right=3.935000
DEBUG:root:ScaledLeft: 356.102250 ScaledRight: 383.853750
INFO:root:Looping....
DEBUG:root:This is the line: drive:3.935:-4.464

DEBUG:root:We got command: drive
DEBUG:root:We got a drive command: rawX:-4.464000 and rawY:3.935000
DEBUG:root:Forward to the Left/Straight
DEBUG:root:Left=-8.399000 Right=3.935000
DEBUG:root:ScaledLeft: 356.102250 ScaledRight: 383.853750
INFO:root:Looping....
DEBUG:root:This is the line: drive:-2.105:-3.869

DEBUG:root:We got command: drive
DEBUG:root:We got a drive command: rawX:-3.869000 and rawY:-2.105000
DEBUG:root:Reverse to the Left/Straight
DEBUG:root:Left=-1.764000 Right=-2.105000
DEBUG:root:ScaledLeft: 371.031000 ScaledRight: 370.263750
INFO:root:Looping....
DEBUG:root:This is the line: drive:-4.994:-3.869

DEBUG:root:We got command: drive
DEBUG:root:We got a drive command: rawX:-3.869000 and rawY:-4.994000
DEBUG:root:Reverse to the Left/Straight
DEBUG:root:Left=1.125000 Right=-4.994000
DEBUG:root:ScaledLeft: 377.531250 ScaledRight: 363.763500
INFO:root:Looping....
DEBUG:root:This is the line: drive:-6.759:-3.869

DEBUG:root:We got command: drive
DEBUG:root:We got a drive command: rawX:-3.869000 and rawY:-6.759000
DEBUG:root:Reverse to the Left/Straight
DEBUG:root:Left=2.890000 Right=-6.759000
DEBUG:root:ScaledLeft: 381.502500 ScaledRight: 359.792250
INFO:root:Looping....
DEBUG:root:This is the line: drive:-8.128:-3.869

DEBUG:root:We got command: drive
DEBUG:root:We got a drive command: rawX:-3.869000 and rawY:-8.128000
DEBUG:root:Reverse to the Left/Straight
DEBUG:root:Left=4.259000 Right=-8.128000
DEBUG:root:ScaledLeft: 384.582750 ScaledRight: 356.712000
INFO:root:Looping....
DEBUG:root:This is the line: drive:-10.786:-3.869

DEBUG:root:We got command: drive
DEBUG:root:We got a drive command: rawX:-3.869000 and rawY:-10.786000
DEBUG:root:Reverse to the Left/Straight
DEBUG:root:Left=6.917000 Right=-10.786000
DEBUG:root:ScaledLeft: 390.563250 ScaledRight: 350.731500
INFO:root:Looping....
DEBUG:root:This is the line: drive:-12.143:-3.869

DEBUG:root:We got command: drive
DEBUG:root:We got a drive command: rawX:-3.869000 and rawY:-12.143000
DEBUG:root:Reverse to the Left/Straight
DEBUG:root:Left=8.274000 Right=-12.143000
DEBUG:root:ScaledLeft: 393.616500 ScaledRight: 347.678250
INFO:root:Looping....
DEBUG:root:This is the line: drive:-16.798:-4.105

DEBUG:root:We got command: drive
DEBUG:root:We got a drive command: rawX:-4.105000 and rawY:-16.798000
DEBUG:root:Reverse to the Left/Straight
DEBUG:root:Left=12.693000 Right=-16.798000
DEBUG:root:ScaledLeft: 403.559250 ScaledRight: 337.204500
INFO:root:Looping....
DEBUG:root:This is the line: drive:-17.541:-5.06

DEBUG:root:We got command: drive
DEBUG:root:We got a drive command: rawX:-5.060000 and rawY:-17.541000
DEBUG:root:Reverse to the Left/Straight
DEBUG:root:Left=12.481000 Right=-17.541000
DEBUG:root:ScaledLeft: 403.082250 ScaledRight: 335.532750
INFO:root:Looping....
DEBUG:root:This is the line: drive:-17.714:-5.901

DEBUG:root:We got command: drive
DEBUG:root:We got a drive command: rawX:-5.901000 and rawY:-17.714000
DEBUG:root:Reverse to the Left/Straight
DEBUG:root:Left=11.813000 Right=-17.714000
DEBUG:root:ScaledLeft: 401.579250 ScaledRight: 335.143500
INFO:root:Looping....
DEBUG:root:This is the line: drive:-19.808:-8.631

DEBUG:root:We got command: drive
DEBUG:root:We got a drive command: rawX:-8.631000 and rawY:-19.808000
DEBUG:root:Reverse to the Left/Straight
DEBUG:root:Left=11.177000 Right=-19.808000
DEBUG:root:ScaledLeft: 400.148250 ScaledRight: 330.432000
INFO:root:Looping....
DEBUG:root:This is the line: drive:-21.158:-9.837

DEBUG:root:We got command: drive
DEBUG:root:We got a drive command: rawX:-9.837000 and rawY:-21.158000
DEBUG:root:Reverse to the Left/Straight
DEBUG:root:Left=11.321000 Right=-21.158000
DEBUG:root:ScaledLeft: 400.472250 ScaledRight: 327.394500
INFO:root:Looping....
DEBUG:root:This is the line: drive:-21.714:-10.863

DEBUG:root:We got command: drive
DEBUG:root:We got a drive command: rawX:-10.863000 and rawY:-21.714000
DEBUG:root:Reverse to the Left/Straight
DEBUG:root:Left=10.851000 Right=-21.714000
DEBUG:root:ScaledLeft: 399.414750 ScaledRight: 326.143500
INFO:root:Looping....
DEBUG:root:This is the line: drive:-23.571:-11.161

DEBUG:root:We got command: drive
DEBUG:root:We got a drive command: rawX:-11.161000 and rawY:-23.571000
DEBUG:root:Reverse to the Left/Straight
DEBUG:root:Left=12.410000 Right=-23.571000
DEBUG:root:ScaledLeft: 402.922500 ScaledRight: 321.965250
INFO:root:Looping....
DEBUG:root:This is the line: drive:-24.118:-11.012

DEBUG:root:We got command: drive
DEBUG:root:We got a drive command: rawX:-11.012000 and rawY:-24.118000
DEBUG:root:Reverse to the Left/Straight
DEBUG:root:Left=13.106000 Right=-24.118000
DEBUG:root:ScaledLeft: 404.488500 ScaledRight: 320.734500
INFO:root:Looping....
DEBUG:root:This is the line: drive:-25.831:-11.012

DEBUG:root:We got command: drive
DEBUG:root:We got a drive command: rawX:-11.012000 and rawY:-25.831000
DEBUG:root:Reverse to the Left/Straight
DEBUG:root:Left=14.819000 Right=-25.831000
DEBUG:root:ScaledLeft: 408.342750 ScaledRight: 316.880250
INFO:root:Looping....
DEBUG:root:This is the line: drive:-27.408:-11.607

DEBUG:root:We got command: drive
DEBUG:root:We got a drive command: rawX:-11.607000 and rawY:-27.408000
DEBUG:root:Reverse to the Left/Straight
DEBUG:root:Left=15.801000 Right=-27.408000
DEBUG:root:ScaledLeft: 410.552250 ScaledRight: 313.332000
INFO:root:Looping....
DEBUG:root:This is the line: drive:-29.166:-11.905

DEBUG:root:We got command: drive
DEBUG:root:We got a drive command: rawX:-11.905000 and rawY:-29.166000
DEBUG:root:Reverse to the Left/Straight
DEBUG:root:Left=17.261000 Right=-29.166000
DEBUG:root:ScaledLeft: 413.837250 ScaledRight: 309.376500
INFO:root:Looping....
DEBUG:root:This is the line: drive:-32.454:-12.5

DEBUG:root:We got command: drive
DEBUG:root:We got a drive command: rawX:-12.500000 and rawY:-32.454000
DEBUG:root:Reverse to the Left/Straight
DEBUG:root:Left=19.954000 Right=-32.454000
DEBUG:root:ScaledLeft: 419.896500 ScaledRight: 301.978500
INFO:root:Looping....
DEBUG:root:This is the line: drive:-34.429:-12.5

DEBUG:root:We got command: drive
DEBUG:root:We got a drive command: rawX:-12.500000 and rawY:-34.429000
DEBUG:root:Reverse to the Left/Straight
DEBUG:root:Left=21.929000 Right=-34.429000
DEBUG:root:ScaledLeft: 424.340250 ScaledRight: 297.534750
INFO:root:Looping....
DEBUG:root:This is the line: drive:-38.317:-13.988

DEBUG:root:We got command: drive
DEBUG:root:We got a drive command: rawX:-13.988000 and rawY:-38.317000
DEBUG:root:Reverse to the Left/Straight
DEBUG:root:Left=24.329000 Right=-38.317000
DEBUG:root:ScaledLeft: 429.740250 ScaledRight: 288.786750
INFO:root:Looping....
DEBUG:root:This is the line: drive:-39.143:-14.33

DEBUG:root:We got command: drive
DEBUG:root:We got a drive command: rawX:-14.330000 and rawY:-39.143000
DEBUG:root:Reverse to the Left/Straight
DEBUG:root:Left=24.813000 Right=-39.143000
DEBUG:root:ScaledLeft: 430.829250 ScaledRight: 286.928250
INFO:root:Looping....
DEBUG:root:This is the line: drive:-39.143:-15.186

DEBUG:root:We got command: drive
DEBUG:root:We got a drive command: rawX:-15.186000 and rawY:-39.143000
DEBUG:root:Reverse to the Left/Straight
DEBUG:root:Left=23.957000 Right=-39.143000
DEBUG:root:ScaledLeft: 428.903250 ScaledRight: 286.928250
INFO:root:Looping....
DEBUG:root:This is the line: drive:-39.143:-15.923

DEBUG:root:We got command: drive
DEBUG:root:We got a drive command: rawX:-15.923000 and rawY:-39.143000
DEBUG:root:Reverse to the Left/Straight
DEBUG:root:Left=23.220000 Right=-39.143000
DEBUG:root:ScaledLeft: 427.245000 ScaledRight: 286.928250
INFO:root:Looping....
DEBUG:root:This is the line: drive:-39.143:-15.923

DEBUG:root:We got command: drive
DEBUG:root:We got a drive command: rawX:-15.923000 and rawY:-39.143000
DEBUG:root:Reverse to the Left/Straight
DEBUG:root:Left=23.220000 Right=-39.143000
DEBUG:root:ScaledLeft: 427.245000 ScaledRight: 286.928250
INFO:root:Looping....
DEBUG:root:This is the line: drive:-36.488:-15.774

DEBUG:root:We got command: drive
DEBUG:root:We got a drive command: rawX:-15.774000 and rawY:-36.488000
DEBUG:root:Reverse to the Left/Straight
DEBUG:root:Left=20.714000 Right=-36.488000
DEBUG:root:ScaledLeft: 421.606500 ScaledRight: 292.902000
INFO:root:Looping....
DEBUG:root:This is the line: drive:-31.354:-15.774

DEBUG:root:We got command: drive
DEBUG:root:We got a drive command: rawX:-15.774000 and rawY:-31.354000
DEBUG:root:Reverse to the Left/Straight
DEBUG:root:Left=15.580000 Right=-31.354000
DEBUG:root:ScaledLeft: 410.055000 ScaledRight: 304.453500
INFO:root:Looping....
DEBUG:root:This is the line: drive:-24.346:-15.774

DEBUG:root:We got command: drive
DEBUG:root:We got a drive command: rawX:-15.774000 and rawY:-24.346000
DEBUG:root:Reverse to the Left/Straight
DEBUG:root:Left=8.572000 Right=-24.346000
DEBUG:root:ScaledLeft: 394.287000 ScaledRight: 320.221500
INFO:root:Looping....
DEBUG:root:This is the line: drive:-19.222:-15.774

DEBUG:root:We got command: drive
DEBUG:root:We got a drive command: rawX:-15.774000 and rawY:-19.222000
DEBUG:root:Reverse to the Left/Straight
DEBUG:root:Left=3.448000 Right=-19.222000
DEBUG:root:ScaledLeft: 382.758000 ScaledRight: 331.750500
INFO:root:Looping....
DEBUG:root:This is the line: drive:-19.677:-15.774

DEBUG:root:We got command: drive
DEBUG:root:We got a drive command: rawX:-15.774000 and rawY:-19.677000
DEBUG:root:Reverse to the Left/Straight
DEBUG:root:Left=3.903000 Right=-19.677000
DEBUG:root:ScaledLeft: 383.781750 ScaledRight: 330.726750
INFO:root:Looping....
DEBUG:root:This is the line: drive:-22.868:-15.471

DEBUG:root:We got command: drive
DEBUG:root:We got a drive command: rawX:-15.471000 and rawY:-22.868000
DEBUG:root:Reverse to the Left/Straight
DEBUG:root:Left=7.397000 Right=-22.868000
DEBUG:root:ScaledLeft: 391.643250 ScaledRight: 323.547000
INFO:root:Looping....
DEBUG:root:This is the line: drive:-40.138:-10.071

DEBUG:root:We got command: drive
DEBUG:root:We got a drive command: rawX:-10.071000 and rawY:-40.138000
DEBUG:root:Reverse to the Left/Straight
DEBUG:root:Left=30.067000 Right=-40.138000
DEBUG:root:ScaledLeft: 442.650750 ScaledRight: 284.689500
INFO:root:Looping....
DEBUG:root:This is the line: drive:-46.154:-9.146

DEBUG:root:We got command: drive
DEBUG:root:We got a drive command: rawX:-9.146000 and rawY:-46.154000
DEBUG:root:Reverse to the Left/Straight
DEBUG:root:Left=37.008000 Right=-46.154000
DEBUG:root:ScaledLeft: 458.268000 ScaledRight: 271.153500
INFO:root:Looping....
DEBUG:root:This is the line: drive:-53.964:-7.738

DEBUG:root:We got command: drive
DEBUG:root:We got a drive command: rawX:-7.738000 and rawY:-53.964000
DEBUG:root:Reverse to the Left/Straight
DEBUG:root:Left=46.226000 Right=-53.964000
DEBUG:root:ScaledLeft: 479.008500 ScaledRight: 253.581000
INFO:root:Looping....
DEBUG:root:This is the line: drive:-63.174:-6.25

DEBUG:root:We got command: drive
DEBUG:root:We got a drive command: rawX:-6.250000 and rawY:-63.174000
DEBUG:root:Reverse to the Left/Straight
DEBUG:root:Left=56.924000 Right=-63.174000
DEBUG:root:ScaledLeft: 503.079000 ScaledRight: 232.858500
INFO:root:Looping....
DEBUG:root:This is the line: drive:-68.652:-6.25

DEBUG:root:We got command: drive
DEBUG:root:We got a drive command: rawX:-6.250000 and rawY:-68.652000
DEBUG:root:Reverse to the Left/Straight
DEBUG:root:Left=62.402000 Right=-68.652000
DEBUG:root:ScaledLeft: 515.404500 ScaledRight: 220.533000
INFO:root:Looping....
DEBUG:root:This is the line: drive:-71.04:-6.25

DEBUG:root:We got command: drive
DEBUG:root:We got a drive command: rawX:-6.250000 and rawY:-71.040000
DEBUG:root:Reverse to the Left/Straight
DEBUG:root:Left=64.790000 Right=-71.040000
DEBUG:root:ScaledLeft: 520.777500 ScaledRight: 215.160000
INFO:root:Looping....
DEBUG:root:This is the line: drive:-73.094:-6.25

DEBUG:root:We got command: drive
DEBUG:root:We got a drive command: rawX:-6.250000 and rawY:-73.094000
DEBUG:root:Reverse to the Left/Straight
DEBUG:root:Left=66.844000 Right=-73.094000
DEBUG:root:ScaledLeft: 525.399000 ScaledRight: 210.538500
INFO:root:Looping....
DEBUG:root:This is the line: drive:-74.143:-6.25

DEBUG:root:We got command: drive
DEBUG:root:We got a drive command: rawX:-6.250000 and rawY:-74.143000
DEBUG:root:Reverse to the Left/Straight
DEBUG:root:Left=67.893000 Right=-74.143000
DEBUG:root:ScaledLeft: 527.759250 ScaledRight: 208.178250
INFO:root:Looping....
DEBUG:root:This is the line: drive:-74.143:-6.25

DEBUG:root:We got command: drive
DEBUG:root:We got a drive command: rawX:-6.250000 and rawY:-74.143000
DEBUG:root:Reverse to the Left/Straight
DEBUG:root:Left=67.893000 Right=-74.143000
DEBUG:root:ScaledLeft: 527.759250 ScaledRight: 208.178250
INFO:root:Looping....
DEBUG:root:This is the line: drive:-73.063:-5.869

DEBUG:root:We got command: drive
DEBUG:root:We got a drive command: rawX:-5.869000 and rawY:-73.063000
DEBUG:root:Reverse to the Left/Straight
DEBUG:root:Left=67.194000 Right=-73.063000
DEBUG:root:ScaledLeft: 526.186500 ScaledRight: 210.608250
INFO:root:Looping....
DEBUG:root:This is the line: drive:-68.64:-3.007

DEBUG:root:We got command: drive
DEBUG:root:We got a drive command: rawX:-3.007000 and rawY:-68.640000
DEBUG:root:Reverse to the Left/Straight
DEBUG:root:Left=65.633000 Right=-68.640000
DEBUG:root:ScaledLeft: 522.674250 ScaledRight: 220.560000
INFO:root:Looping....
DEBUG:root:This is the line: drive:-50.763:0.248

DEBUG:root:We got command: drive
DEBUG:root:We got a drive command: rawX:0.248000 and rawY:-50.763000
DEBUG:root:Reverse to the Right
DEBUG:root:Left=50.763000 Right=-51.011000
DEBUG:root:ScaledLeft: 489.216750 ScaledRight: 260.225250
INFO:root:Looping....
DEBUG:root:This is the line: drive:-43.361:1.488

DEBUG:root:We got command: drive
DEBUG:root:We got a drive command: rawX:1.488000 and rawY:-43.361000
DEBUG:root:Reverse to the Right
DEBUG:root:Left=43.361000 Right=-44.849000
DEBUG:root:ScaledLeft: 472.562250 ScaledRight: 274.089750
INFO:root:Looping....
DEBUG:root:This is the line: drive:-30.918:2.381

DEBUG:root:We got command: drive
DEBUG:root:We got a drive command: rawX:2.381000 and rawY:-30.918000
DEBUG:root:Reverse to the Right
DEBUG:root:Left=30.918000 Right=-33.299000
DEBUG:root:ScaledLeft: 444.565500 ScaledRight: 300.077250
INFO:root:Looping....
DEBUG:root:This is the line: drive:-25.49:2.811

DEBUG:root:We got command: drive
DEBUG:root:We got a drive command: rawX:2.811000 and rawY:-25.490000
DEBUG:root:Reverse to the Right
DEBUG:root:Left=25.490000 Right=-28.301000
DEBUG:root:ScaledLeft: 432.352500 ScaledRight: 311.322750
INFO:root:Looping....
DEBUG:root:This is the line: drive:-6.861:3.869

DEBUG:root:We got command: drive
DEBUG:root:We got a drive command: rawX:3.869000 and rawY:-6.861000
DEBUG:root:Reverse to the Right
DEBUG:root:Left=6.861000 Right=-10.730000
DEBUG:root:ScaledLeft: 390.437250 ScaledRight: 350.857500
INFO:root:Looping....
DEBUG:root:This is the line: drive:3.805:3.869

DEBUG:root:We got command: drive
DEBUG:root:We got a drive command: rawX:3.869000 and rawY:3.805000
DEBUG:root:Forward to the Right
DEBUG:root:Left=-3.805000 Right=-0.064000
DEBUG:root:ScaledLeft: 366.438750 ScaledRight: 374.856000
INFO:root:Looping....
DEBUG:root:This is the line: drive:10.143:3.869

DEBUG:root:We got command: drive
DEBUG:root:We got a drive command: rawX:3.869000 and rawY:10.143000
DEBUG:root:Forward to the Right
DEBUG:root:Left=-10.143000 Right=6.274000
DEBUG:root:ScaledLeft: 352.178250 ScaledRight: 389.116500
INFO:root:Looping....
DEBUG:root:This is the line: drive:19.69:3.869

DEBUG:root:We got command: drive
DEBUG:root:We got a drive command: rawX:3.869000 and rawY:19.690000
DEBUG:root:Forward to the Right
DEBUG:root:Left=-19.690000 Right=15.821000
DEBUG:root:ScaledLeft: 330.697500 ScaledRight: 410.597250
INFO:root:Looping....
DEBUG:root:This is the line: drive:23.175:3.869

DEBUG:root:We got command: drive
DEBUG:root:We got a drive command: rawX:3.869000 and rawY:23.175000
DEBUG:root:Forward to the Right
DEBUG:root:Left=-23.175000 Right=19.306000
DEBUG:root:ScaledLeft: 322.856250 ScaledRight: 418.438500
INFO:root:Looping....
DEBUG:root:This is the line: drive:30.28:3.869

DEBUG:root:We got command: drive
DEBUG:root:We got a drive command: rawX:3.869000 and rawY:30.280000
DEBUG:root:Forward to the Right
DEBUG:root:Left=-30.280000 Right=26.411000
DEBUG:root:ScaledLeft: 306.870000 ScaledRight: 434.424750
INFO:root:Looping....
DEBUG:root:This is the line: drive:37.89:3.869

DEBUG:root:We got command: drive
DEBUG:root:We got a drive command: rawX:3.869000 and rawY:37.890000
DEBUG:root:Forward to the Right
DEBUG:root:Left=-37.890000 Right=34.021000
DEBUG:root:ScaledLeft: 289.747500 ScaledRight: 451.547250
INFO:root:Looping....
DEBUG:root:This is the line: drive:42.131:3.869

DEBUG:root:We got command: drive
DEBUG:root:We got a drive command: rawX:3.869000 and rawY:42.131000
DEBUG:root:Forward to the Right
DEBUG:root:Left=-42.131000 Right=38.262000
DEBUG:root:ScaledLeft: 280.205250 ScaledRight: 461.089500
INFO:root:Looping....
DEBUG:root:This is the line: drive:46.185:3.869

DEBUG:root:We got command: drive
DEBUG:root:We got a drive command: rawX:3.869000 and rawY:46.185000
DEBUG:root:Forward to the Right
DEBUG:root:Left=-46.185000 Right=42.316000
DEBUG:root:ScaledLeft: 271.083750 ScaledRight: 470.211000
INFO:root:Looping....
DEBUG:root:This is the line: drive:50.219:3.869

DEBUG:root:We got command: drive
DEBUG:root:We got a drive command: rawX:3.869000 and rawY:50.219000
DEBUG:root:Forward to the Right
DEBUG:root:Left=-50.219000 Right=46.350000
DEBUG:root:ScaledLeft: 262.007250 ScaledRight: 479.287500
INFO:root:Looping....
DEBUG:root:This is the line: drive:55.068:3.869

DEBUG:root:We got command: drive
DEBUG:root:We got a drive command: rawX:3.869000 and rawY:55.068000
DEBUG:root:Forward to the Right
DEBUG:root:Left=-55.068000 Right=51.199000
DEBUG:root:ScaledLeft: 251.097000 ScaledRight: 490.197750
INFO:root:Looping....
DEBUG:root:This is the line: drive:58.453:3.869

DEBUG:root:We got command: drive
DEBUG:root:We got a drive command: rawX:3.869000 and rawY:58.453000
DEBUG:root:Forward to the Right
DEBUG:root:Left=-58.453000 Right=54.584000
DEBUG:root:ScaledLeft: 243.480750 ScaledRight: 497.814000
INFO:root:Looping....
DEBUG:root:This is the line: drive:60.358:3.869

DEBUG:root:We got command: drive
DEBUG:root:We got a drive command: rawX:3.869000 and rawY:60.358000
DEBUG:root:Forward to the Right
DEBUG:root:Left=-60.358000 Right=56.489000
DEBUG:root:ScaledLeft: 239.194500 ScaledRight: 502.100250
INFO:root:Looping....
DEBUG:root:This is the line: drive:65.061:3.869

DEBUG:root:We got command: drive
DEBUG:root:We got a drive command: rawX:3.869000 and rawY:65.061000
DEBUG:root:Forward to the Right
DEBUG:root:Left=-65.061000 Right=61.192000
DEBUG:root:ScaledLeft: 228.612750 ScaledRight: 512.682000
INFO:root:Looping....
DEBUG:root:This is the line: drive:68.612:3.869

DEBUG:root:We got command: drive
DEBUG:root:We got a drive command: rawX:3.869000 and rawY:68.612000
DEBUG:root:Forward to the Right
DEBUG:root:Left=-68.612000 Right=64.743000
DEBUG:root:ScaledLeft: 220.623000 ScaledRight: 520.671750
INFO:root:Looping....
DEBUG:root:This is the line: drive:73.293:4.464

DEBUG:root:We got command: drive
DEBUG:root:We got a drive command: rawX:4.464000 and rawY:73.293000
DEBUG:root:Forward to the Right
DEBUG:root:Left=-73.293000 Right=68.829000
DEBUG:root:ScaledLeft: 210.090750 ScaledRight: 529.865250
INFO:root:Looping....
DEBUG:root:This is the line: drive:77.0:4.464

DEBUG:root:We got command: drive
DEBUG:root:We got a drive command: rawX:4.464000 and rawY:77.000000
DEBUG:root:Forward to the Right
DEBUG:root:Left=-77.000000 Right=72.536000
DEBUG:root:ScaledLeft: 201.750000 ScaledRight: 538.206000
INFO:root:Looping....
DEBUG:root:This is the line: drive:78.85:4.464

DEBUG:root:We got command: drive
DEBUG:root:We got a drive command: rawX:4.464000 and rawY:78.850000
DEBUG:root:Forward to the Right
DEBUG:root:Left=-78.850000 Right=74.386000
DEBUG:root:ScaledLeft: 197.587500 ScaledRight: 542.368500
INFO:root:Looping....
DEBUG:root:This is the line: drive:82.025:4.464

DEBUG:root:We got command: drive
DEBUG:root:We got a drive command: rawX:4.464000 and rawY:82.025000
DEBUG:root:Forward to the Right
DEBUG:root:Left=-82.025000 Right=77.561000
DEBUG:root:ScaledLeft: 190.443750 ScaledRight: 549.512250
INFO:root:Looping....
DEBUG:root:This is the line: drive:86.292:4.464

DEBUG:root:We got command: drive
DEBUG:root:We got a drive command: rawX:4.464000 and rawY:86.292000
DEBUG:root:Forward to the Right
DEBUG:root:Left=-86.292000 Right=81.828000
DEBUG:root:ScaledLeft: 180.843000 ScaledRight: 559.113000
INFO:root:Looping....
DEBUG:root:This is the line: drive:92.645:4.464

DEBUG:root:We got command: drive
DEBUG:root:We got a drive command: rawX:4.464000 and rawY:92.645000
DEBUG:root:Forward to the Right
DEBUG:root:Left=-92.645000 Right=88.181000
DEBUG:root:ScaledLeft: 166.548750 ScaledRight: 573.407250
INFO:root:Looping....
DEBUG:root:This is the line: drive:95.711:4.464

DEBUG:root:We got command: drive
DEBUG:root:We got a drive command: rawX:4.464000 and rawY:95.711000
DEBUG:root:Forward to the Right
DEBUG:root:Left=-95.711000 Right=91.247000
DEBUG:root:ScaledLeft: 159.650250 ScaledRight: 580.305750
INFO:root:Looping....
DEBUG:root:This is the line: drive:97.0:4.464

DEBUG:root:We got command: drive
DEBUG:root:We got a drive command: rawX:4.464000 and rawY:97.000000
DEBUG:root:Forward to the Right
DEBUG:root:Left=-97.000000 Right=92.536000
DEBUG:root:ScaledLeft: 156.750000 ScaledRight: 583.206000
INFO:root:Looping....
DEBUG:root:This is the line: drive:97.0:4.464

DEBUG:root:We got command: drive
DEBUG:root:We got a drive command: rawX:4.464000 and rawY:97.000000
DEBUG:root:Forward to the Right
DEBUG:root:Left=-97.000000 Right=92.536000
DEBUG:root:ScaledLeft: 156.750000 ScaledRight: 583.206000
INFO:root:Looping....
DEBUG:root:This is the line: drive:94.659:4.464

DEBUG:root:We got command: drive
DEBUG:root:We got a drive command: rawX:4.464000 and rawY:94.659000
DEBUG:root:Forward to the Right
DEBUG:root:Left=-94.659000 Right=90.195000
DEBUG:root:ScaledLeft: 162.017250 ScaledRight: 577.938750
INFO:root:Looping....
DEBUG:root:This is the line: drive:91.84:3.19

DEBUG:root:We got command: drive
DEBUG:root:We got a drive command: rawX:3.190000 and rawY:91.840000
DEBUG:root:Forward to the Right
DEBUG:root:Left=-91.840000 Right=88.650000
DEBUG:root:ScaledLeft: 168.360000 ScaledRight: 574.462500
INFO:root:Looping....
DEBUG:root:This is the line: drive:85.499:1.786

DEBUG:root:We got command: drive
DEBUG:root:We got a drive command: rawX:1.786000 and rawY:85.499000
DEBUG:root:Forward to the Right
DEBUG:root:Left=-85.499000 Right=83.713000
DEBUG:root:ScaledLeft: 182.627250 ScaledRight: 563.354250
INFO:root:Looping....
DEBUG:root:This is the line: drive:77.507:1.19

DEBUG:root:We got command: drive
DEBUG:root:We got a drive command: rawX:1.190000 and rawY:77.507000
DEBUG:root:Forward to the Right
DEBUG:root:Left=-77.507000 Right=76.317000
DEBUG:root:ScaledLeft: 200.609250 ScaledRight: 546.713250
INFO:root:Looping....
DEBUG:root:This is the line: drive:71.733:0.893

DEBUG:root:We got command: drive
DEBUG:root:We got a drive command: rawX:0.893000 and rawY:71.733000
DEBUG:root:Forward to the Right
DEBUG:root:Left=-71.733000 Right=70.840000
DEBUG:root:ScaledLeft: 213.600750 ScaledRight: 534.390000
INFO:root:Looping....
DEBUG:root:This is the line: drive:63.143:0.893

DEBUG:root:We got command: drive
DEBUG:root:We got a drive command: rawX:0.893000 and rawY:63.143000
DEBUG:root:Forward to the Right
DEBUG:root:Left=-63.143000 Right=62.250000
DEBUG:root:ScaledLeft: 232.928250 ScaledRight: 515.062500
INFO:root:Looping....
DEBUG:root:This is the line: drive:54.653:0.893

DEBUG:root:We got command: drive
DEBUG:root:We got a drive command: rawX:0.893000 and rawY:54.653000
DEBUG:root:Forward to the Right
DEBUG:root:Left=-54.653000 Right=53.760000
DEBUG:root:ScaledLeft: 252.030750 ScaledRight: 495.960000
INFO:root:Looping....
DEBUG:root:This is the line: drive:43.142:0.893

DEBUG:root:We got command: drive
DEBUG:root:We got a drive command: rawX:0.893000 and rawY:43.142000
DEBUG:root:Forward to the Right
DEBUG:root:Left=-43.142000 Right=42.249000
DEBUG:root:ScaledLeft: 277.930500 ScaledRight: 470.060250
INFO:root:Looping....
DEBUG:root:This is the line: drive:37.532:0.298

DEBUG:root:We got command: drive
DEBUG:root:We got a drive command: rawX:0.298000 and rawY:37.532000
DEBUG:root:Forward to the Right
DEBUG:root:Left=-37.532000 Right=37.234000
DEBUG:root:ScaledLeft: 290.553000 ScaledRight: 458.776500
INFO:root:Looping....
DEBUG:root:This is the line: drive:29.714:0.0

DEBUG:root:We got command: drive
DEBUG:root:We got a drive command: rawX:0.000000 and rawY:29.714000
DEBUG:root:Forward to the Left/Straight
DEBUG:root:Left=-29.714000 Right=29.714000
DEBUG:root:ScaledLeft: 308.143500 ScaledRight: 441.856500
INFO:root:Looping....
DEBUG:root:This is the line: drive:25.733:-0.489

DEBUG:root:We got command: drive
DEBUG:root:We got a drive command: rawX:-0.489000 and rawY:25.733000
DEBUG:root:Forward to the Left/Straight
DEBUG:root:Left=-26.222000 Right=25.733000
DEBUG:root:ScaledLeft: 316.000500 ScaledRight: 432.899250
INFO:root:Looping....
DEBUG:root:This is the line: drive:16.946:-0.595

DEBUG:root:We got command: drive
DEBUG:root:We got a drive command: rawX:-0.595000 and rawY:16.946000
DEBUG:root:Forward to the Left/Straight
DEBUG:root:Left=-17.541000 Right=16.946000
DEBUG:root:ScaledLeft: 335.532750 ScaledRight: 413.128500
INFO:root:Looping....
DEBUG:root:This is the line: drive:6.888:-0.595

DEBUG:root:We got command: drive
DEBUG:root:We got a drive command: rawX:-0.595000 and rawY:6.888000
DEBUG:root:Forward to the Left/Straight
DEBUG:root:Left=-7.483000 Right=6.888000
DEBUG:root:ScaledLeft: 358.163250 ScaledRight: 390.498000
INFO:root:Looping....
DEBUG:root:This is the line: drive:1.268:-0.595

DEBUG:root:We got command: drive
DEBUG:root:We got a drive command: rawX:-0.595000 and rawY:1.268000
DEBUG:root:Forward to the Left/Straight
DEBUG:root:Left=-1.863000 Right=1.268000
DEBUG:root:ScaledLeft: 370.808250 ScaledRight: 377.853000
INFO:root:Looping....
DEBUG:root:This is the line: drive:0:0

DEBUG:root:We got command: drive
DEBUG:root:We got a drive command: rawX:0.000000 and rawY:0.000000
DEBUG:root:Left=0.000000 Right=0.000000
DEBUG:root:ScaledLeft: 375.000000 ScaledRight: 375.000000
INFO:root:Looping....
DEBUG:root:This is the line: drive:-0.857:-37.982

DEBUG:root:We got command: drive
DEBUG:root:We got a drive command: rawX:-37.982000 and rawY:-0.857000
DEBUG:root:Reverse to the Left/Straight
DEBUG:root:Left=-37.125000 Right=-0.857000
DEBUG:root:ScaledLeft: 291.468750 ScaledRight: 373.071750
INFO:root:Looping....
DEBUG:root:This is the line: drive:-25.897:-29.812

DEBUG:root:We got command: drive
DEBUG:root:We got a drive command: rawX:-29.812000 and rawY:-25.897000
DEBUG:root:Reverse to the Left/Straight
DEBUG:root:Left=-3.915000 Right=-25.897000
DEBUG:root:ScaledLeft: 366.191250 ScaledRight: 316.731750
INFO:root:Looping....
DEBUG:root:This is the line: drive:1.068:-11.803

DEBUG:root:We got command: drive
DEBUG:root:We got a drive command: rawX:-11.803000 and rawY:1.068000
DEBUG:root:Forward to the Left/Straight
DEBUG:root:Left=-12.871000 Right=1.068000
DEBUG:root:ScaledLeft: 346.040250 ScaledRight: 377.403000
INFO:root:Looping....
DEBUG:root:This is the line: drive:13.862:-14.388

DEBUG:root:We got command: drive
DEBUG:root:We got a drive command: rawX:-14.388000 and rawY:13.862000
DEBUG:root:Forward to the Left/Straight
DEBUG:root:Left=-28.250000 Right=13.862000
DEBUG:root:ScaledLeft: 311.437500 ScaledRight: 406.189500
INFO:root:Looping....
DEBUG:root:This is the line: drive:21.083:-27.004

DEBUG:root:We got command: drive
DEBUG:root:We got a drive command: rawX:-27.004000 and rawY:21.083000
DEBUG:root:Forward to the Left/Straight
DEBUG:root:Left=-48.087000 Right=21.083000
DEBUG:root:ScaledLeft: 266.804250 ScaledRight: 422.436750
INFO:root:Looping....
DEBUG:root:This is the line: drive:5.09:-37.049

DEBUG:root:We got command: drive
DEBUG:root:We got a drive command: rawX:-37.049000 and rawY:5.090000
DEBUG:root:Forward to the Left/Straight
DEBUG:root:Left=-42.139000 Right=5.090000
DEBUG:root:ScaledLeft: 280.187250 ScaledRight: 386.452500
INFO:root:Looping....
DEBUG:root:This is the line: drive:-11.429:-11.986

DEBUG:root:We got command: drive
DEBUG:root:We got a drive command: rawX:-11.986000 and rawY:-11.429000
DEBUG:root:Reverse to the Left/Straight
DEBUG:root:Left=-0.557000 Right=-11.429000
DEBUG:root:ScaledLeft: 373.746750 ScaledRight: 349.284750
INFO:root:Looping....
DEBUG:root:This is the line: drive:12.695:-15.989

DEBUG:root:We got command: drive
DEBUG:root:We got a drive command: rawX:-15.989000 and rawY:12.695000
DEBUG:root:Forward to the Left/Straight
DEBUG:root:Left=-28.684000 Right=12.695000
DEBUG:root:ScaledLeft: 310.461000 ScaledRight: 403.563750
INFO:root:Looping....
DEBUG:root:This is the line: drive:15.931:-32.954

DEBUG:root:We got command: drive
DEBUG:root:We got a drive command: rawX:-32.954000 and rawY:15.931000
DEBUG:root:Forward to the Left/Straight
DEBUG:root:Left=-48.885000 Right=15.931000
DEBUG:root:ScaledLeft: 265.008750 ScaledRight: 410.844750
INFO:root:Looping....
DEBUG:root:This is the line: drive:11.634:-38.732

DEBUG:root:We got command: drive
DEBUG:root:We got a drive command: rawX:-38.732000 and rawY:11.634000
DEBUG:root:Forward to the Left/Straight
DEBUG:root:Left=-50.366000 Right=11.634000
DEBUG:root:ScaledLeft: 261.676500 ScaledRight: 401.176500
INFO:root:Looping....
DEBUG:root:This is the line: drive:-0.853:-34.23

DEBUG:root:We got command: drive
DEBUG:root:We got a drive command: rawX:-34.230000 and rawY:-0.853000
DEBUG:root:Reverse to the Left/Straight
DEBUG:root:Left=-33.377000 Right=-0.853000
DEBUG:root:ScaledLeft: 299.901750 ScaledRight: 373.080750
INFO:root:Looping....
DEBUG:root:This is the line: drive:0:0

DEBUG:root:We got command: drive
DEBUG:root:We got a drive command: rawX:0.000000 and rawY:0.000000
DEBUG:root:Left=0.000000 Right=0.000000
DEBUG:root:ScaledLeft: 375.000000 ScaledRight: 375.000000
INFO:root:Looping....
INFO:root:Starting Log file.
INFO:root:Looping....
DEBUG:root:This is the line: Beginning test.EMERGENCYSTOP:STOP

DEBUG:root:We got command: Beginning test.EMERGENCYSTOP
INFO:root:We got some other kind of command
INFO:root:Looping....
DEBUG:root:This is the line: EMERGENCYSTOP:STOP

DEBUG:root:We got command: EMERGENCYSTOP
INFO:root:We got the EMERGENCY STOP command.
INFO:root:Looping....
DEBUG:root:This is the line: EMERGENCYSTOP:STOP

DEBUG:root:We got command: EMERGENCYSTOP
INFO:root:We got the EMERGENCY STOP command.
INFO:root:Looping....
DEBUG:root:This is the line: EMERGENCYSTOP:STOP

DEBUG:root:We got command: EMERGENCYSTOP
INFO:root:We got the EMERGENCY STOP command.
INFO:root:Looping....
DEBUG:root:This is the line: EMERGENCYSTOP:STOP

DEBUG:root:We got command: EMERGENCYSTOP
INFO:root:We got the EMERGENCY STOP command.
INFO:root:Looping....
DEBUG:root:This is the line: EMERGENCYSTOP:STOP

DEBUG:root:We got command: EMERGENCYSTOP
INFO:root:We got the EMERGENCY STOP command.
INFO:root:Looping....
DEBUG:root:This is the line: EMERGENCYSTOP:STOP

DEBUG:root:We got command: EMERGENCYSTOP
INFO:root:We got the EMERGENCY STOP command.
INFO:root:Looping....
DEBUG:root:This is the line: EMERGENCYSTOP:STOP

DEBUG:root:We got command: EMERGENCYSTOP
INFO:root:We got the EMERGENCY STOP command.
INFO:root:Looping....
DEBUG:root:This is the line: EMERGENCYSTOP:STOP

DEBUG:root:We got command: EMERGENCYSTOP
INFO:root:We got the EMERGENCY STOP command.
INFO:root:Looping....
DEBUG:root:This is the line: EMERGENCYSTOP:STOP

DEBUG:root:We got command: EMERGENCYSTOP
INFO:root:We got the EMERGENCY STOP command.
INFO:root:Looping....
DEBUG:root:This is the line: EMERGENCYSTOP:STOP

DEBUG:root:We got command: EMERGENCYSTOP
INFO:root:We got the EMERGENCY STOP command.
INFO:root:Looping....
DEBUG:root:This is the line: EMERGENCYSTOP:STOP

DEBUG:root:We got command: EMERGENCYSTOP
INFO:root:We got the EMERGENCY STOP command.
INFO:root:Looping....
DEBUG:root:This is the line: EMERGENCYSTOP:STOP

DEBUG:root:We got command: EMERGENCYSTOP
INFO:root:We got the EMERGENCY STOP command.
INFO:root:Looping....
DEBUG:root:This is the line: EMERGENCYSTOP:STOP

DEBUG:root:We got command: EMERGENCYSTOP
INFO:root:We got the EMERGENCY STOP command.
INFO:root:Looping....
DEBUG:root:This is the line: EMERGENCYSTOP:STOP

DEBUG:root:We got command: EMERGENCYSTOP
INFO:root:We got the EMERGENCY STOP command.
INFO:root:Looping....
DEBUG:root:This is the line: EMERGENCYSTOP:STOP

DEBUG:root:We got command: EMERGENCYSTOP
INFO:root:We got the EMERGENCY STOP command.
INFO:root:Looping....
DEBUG:root:This is the line: EMERGENCYSTOP:STOP

DEBUG:root:We got command: EMERGENCYSTOP
INFO:root:We got the EMERGENCY STOP command.
INFO:root:Looping....
DEBUG:root:This is the line: EMERGENCYSTOP:STOP

DEBUG:root:We got command: EMERGENCYSTOP
INFO:root:We got the EMERGENCY STOP command.
INFO:root:Looping....
DEBUG:root:This is the line: EMERGENCYSTOP:STOP

DEBUG:root:We got command: EMERGENCYSTOP
INFO:root:We got the EMERGENCY STOP command.
INFO:root:Looping....
DEBUG:root:This is the line: EMERGENCYSTOP:STOP

DEBUG:root:We got command: EMERGENCYSTOP
INFO:root:We got the EMERGENCY STOP command.
INFO:root:Looping....
DEBUG:root:This is the line: EMERGENCYSTOP:STOP

DEBUG:root:We got command: EMERGENCYSTOP
INFO:root:We got the EMERGENCY STOP command.
INFO:root:Looping....
DEBUG:root:This is the line: EMERGENCYSTOP:STOP

DEBUG:root:We got command: EMERGENCYSTOP
INFO:root:We got the EMERGENCY STOP command.
INFO:root:Looping....
DEBUG:root:This is the line: EMERGENCYSTOP:STOP

DEBUG:root:We got command: EMERGENCYSTOP
INFO:root:We got the EMERGENCY STOP command.
INFO:root:Looping....
DEBUG:root:This is the line: EMERGENCYSTOP:STOP

DEBUG:root:We got command: EMERGENCYSTOP
INFO:root:We got the EMERGENCY STOP command.
INFO:root:Looping....
DEBUG:root:This is the line: EMERGENCYSTOP:STOP

DEBUG:root:We got command: EMERGENCYSTOP
INFO:root:We got the EMERGENCY STOP command.
INFO:root:Looping....
DEBUG:root:This is the line: EMERGENCYSTOP:STOP

DEBUG:root:We got command: EMERGENCYSTOP
INFO:root:We got the EMERGENCY STOP command.
INFO:root:Looping....
DEBUG:root:This is the line: EMERGENCYSTOP:STOP

DEBUG:root:We got command: EMERGENCYSTOP
INFO:root:We got the EMERGENCY STOP command.
INFO:root:Looping....
DEBUG:root:This is the line: EMERGENCYSTOP:STOP

DEBUG:root:We got command: EMERGENCYSTOP
INFO:root:We got the EMERGENCY STOP command.
INFO:root:Looping....
DEBUG:root:This is the line: EMERGENCYSTOP:STOP

DEBUG:root:We got command: EMERGENCYSTOP
INFO:root:We got the EMERGENCY STOP command.
INFO:root:Looping....
DEBUG:root:This is the line: EMERGENCYSTOP:STOP

DEBUG:root:We got command: EMERGENCYSTOP
INFO:root:We got the EMERGENCY STOP command.
INFO:root:Looping....
DEBUG:root:This is the line: EMERGENCYSTOP:STOP

DEBUG:root:We got command: EMERGENCYSTOP
INFO:root:We got the EMERGENCY STOP command.
INFO:root:Looping....
DEBUG:root:This is the line: EMERGENCYSTOP:STOP

DEBUG:root:We got command: EMERGENCYSTOP
INFO:root:We got the EMERGENCY STOP command.
INFO:root:Looping....
DEBUG:root:This is the line: EMERGENCYSTOP:STOP

DEBUG:root:We got command: EMERGENCYSTOP
INFO:root:We got the EMERGENCY STOP command.
INFO:root:Looping....
DEBUG:root:This is the line: EMERGENCYSTOP:STOP

DEBUG:root:We got command: EMERGENCYSTOP
INFO:root:We got the EMERGENCY STOP command.
INFO:root:Looping....
DEBUG:root:This is the line: EMERGENCYSTOP:STOP

DEBUG:root:We got command: EMERGENCYSTOP
INFO:root:We got the EMERGENCY STOP command.
INFO:root:Looping....
DEBUG:root:This is the line: EMERGENCYSTOP:STOP

DEBUG:root:We got command: EMERGENCYSTOP
INFO:root:We got the EMERGENCY STOP command.
INFO:root:Looping....
DEBUG:root:This is the line: EMERGENCYSTOP:STOP

DEBUG:root:We got command: EMERGENCYSTOP
INFO:root:We got the EMERGENCY STOP command.
INFO:root:Looping....
DEBUG:root:This is the line: EMERGENCYSTOP:STOP

DEBUG:root:We got command: EMERGENCYSTOP
INFO:root:We got the EMERGENCY STOP command.
INFO:root:Looping....
DEBUG:root:This is the line: EMERGENCYSTOP:STOP

DEBUG:root:We got command: EMERGENCYSTOP
INFO:root:We got the EMERGENCY STOP command.
INFO:root:Looping....
DEBUG:root:This is the line: EMERGENCYSTOP:STOP

DEBUG:root:We got command: EMERGENCYSTOP
INFO:root:We got the EMERGENCY STOP command.
INFO:root:Looping....
DEBUG:root:This is the line: EMERGENCYSTOP:STOP

DEBUG:root:We got command: EMERGENCYSTOP
INFO:root:We got the EMERGENCY STOP command.
INFO:root:Looping....
DEBUG:root:This is the line: EMERGENCYSTOP:STOP

DEBUG:root:We got command: EMERGENCYSTOP
INFO:root:We got the EMERGENCY STOP command.
INFO:root:Looping....
DEBUG:root:This is the line: EMERGENCYSTOP:STOP

DEBUG:root:We got command: EMERGENCYSTOP
INFO:root:We got the EMERGENCY STOP command.
INFO:root:Looping....
DEBUG:root:This is the line: drive:-6.286:-13.393

DEBUG:root:We got command: drive
DEBUG:root:We got a drive command: rawX:-13.393000 and rawY:-6.286000
DEBUG:root:Reverse to the Left/Straight
DEBUG:root:Left=-7.107000 Right=-6.286000
DEBUG:root:ScaledLeft: 359.009250 ScaledRight: 360.856500
INFO:root:Starting Log file.
INFO:root:Looping....
DEBUG:root:This is the line: Beginning test.EMERGENCYSTOP:STOP

DEBUG:root:We got command: Beginning test.EMERGENCYSTOP
INFO:root:We got some other kind of command
INFO:root:Looping....
DEBUG:root:This is the line: EMERGENCYSTOP:STOP

DEBUG:root:We got command: EMERGENCYSTOP
INFO:root:We got the EMERGENCY STOP command.
INFO:root:Looping....
DEBUG:root:This is the line: EMERGENCYSTOP:STOP

DEBUG:root:We got command: EMERGENCYSTOP
INFO:root:We got the EMERGENCY STOP command.
INFO:root:Looping....
DEBUG:root:This is the line: EMERGENCYSTOP:STOP

DEBUG:root:We got command: EMERGENCYSTOP
INFO:root:We got the EMERGENCY STOP command.
INFO:root:Looping....
DEBUG:root:This is the line: EMERGENCYSTOP:STOP

DEBUG:root:We got command: EMERGENCYSTOP
INFO:root:We got the EMERGENCY STOP command.
INFO:root:Looping....
DEBUG:root:This is the line: EMERGENCYSTOP:STOP

DEBUG:root:We got command: EMERGENCYSTOP
INFO:root:We got the EMERGENCY STOP command.
INFO:root:Looping....
DEBUG:root:This is the line: EMERGENCYSTOP:STOP

DEBUG:root:We got command: EMERGENCYSTOP
INFO:root:We got the EMERGENCY STOP command.
INFO:root:Looping....
DEBUG:root:This is the line: EMERGENCYSTOP:STOP

DEBUG:root:We got command: EMERGENCYSTOP
INFO:root:We got the EMERGENCY STOP command.
INFO:root:Looping....
DEBUG:root:This is the line: EMERGENCYSTOP:STOP

DEBUG:root:We got command: EMERGENCYSTOP
INFO:root:We got the EMERGENCY STOP command.
INFO:root:Looping....
DEBUG:root:This is the line: EMERGENCYSTOP:STOP

DEBUG:root:We got command: EMERGENCYSTOP
INFO:root:We got the EMERGENCY STOP command.
INFO:root:Looping....
DEBUG:root:This is the line: EMERGENCYSTOP:STOP

DEBUG:root:We got command: EMERGENCYSTOP
INFO:root:We got the EMERGENCY STOP command.
INFO:root:Looping....
DEBUG:root:This is the line: EMERGENCYSTOP:STOP

DEBUG:root:We got command: EMERGENCYSTOP
INFO:root:We got the EMERGENCY STOP command.
INFO:root:Looping....
DEBUG:root:This is the line: EMERGENCYSTOP:STOP

DEBUG:root:We got command: EMERGENCYSTOP
INFO:root:We got the EMERGENCY STOP command.
INFO:root:Looping....
DEBUG:root:This is the line: EMERGENCYSTOP:STOP

DEBUG:root:We got command: EMERGENCYSTOP
INFO:root:We got the EMERGENCY STOP command.
INFO:root:Looping....
DEBUG:root:This is the line: EMERGENCYSTOP:STOP

DEBUG:root:We got command: EMERGENCYSTOP
INFO:root:We got the EMERGENCY STOP command.
INFO:root:Looping....
DEBUG:root:This is the line: EMERGENCYSTOP:STOP

DEBUG:root:We got command: EMERGENCYSTOP
INFO:root:We got the EMERGENCY STOP command.
INFO:root:Looping....
DEBUG:root:This is the line: EMERGENCYSTOP:STOP

DEBUG:root:We got command: EMERGENCYSTOP
INFO:root:We got the EMERGENCY STOP command.
INFO:root:Looping....
DEBUG:root:This is the line: EMERGENCYSTOP:STOP

DEBUG:root:We got command: EMERGENCYSTOP
INFO:root:We got the EMERGENCY STOP command.
INFO:root:Looping....
DEBUG:root:This is the line: EMERGENCYSTOP:STOP

DEBUG:root:We got command: EMERGENCYSTOP
INFO:root:We got the EMERGENCY STOP command.
INFO:root:Looping....
DEBUG:root:This is the line: EMERGENCYSTOP:STOP

DEBUG:root:We got command: EMERGENCYSTOP
INFO:root:We got the EMERGENCY STOP command.
INFO:root:Looping....
DEBUG:root:This is the line: EMERGENCYSTOP:STOP

DEBUG:root:We got command: EMERGENCYSTOP
INFO:root:We got the EMERGENCY STOP command.
INFO:root:Looping....
DEBUG:root:This is the line: EMERGENCYSTOP:STOP

DEBUG:root:We got command: EMERGENCYSTOP
INFO:root:We got the EMERGENCY STOP command.
INFO:root:Looping....
DEBUG:root:This is the line: EMERGENCYSTOP:STOP

DEBUG:root:We got command: EMERGENCYSTOP
INFO:root:We got the EMERGENCY STOP command.
INFO:root:Looping....
DEBUG:root:This is the line: EMERGENCYSTOP:STOP

DEBUG:root:We got command: EMERGENCYSTOP
INFO:root:We got the EMERGENCY STOP command.
INFO:root:Looping....
DEBUG:root:This is the line: EMERGENCYSTOP:STOP

DEBUG:root:We got command: EMERGENCYSTOP
INFO:root:We got the EMERGENCY STOP command.
INFO:root:Looping....
DEBUG:root:This is the line: EMERGENCYSTOP:STOP

DEBUG:root:We got command: EMERGENCYSTOP
INFO:root:We got the EMERGENCY STOP command.
INFO:root:Looping....
DEBUG:root:This is the line: EMERGENCYSTOP:STOP

DEBUG:root:We got command: EMERGENCYSTOP
INFO:root:We got the EMERGENCY STOP command.
INFO:root:Looping....
DEBUG:root:This is the line: EMERGENCYSTOP:STOP

DEBUG:root:We got command: EMERGENCYSTOP
INFO:root:We got the EMERGENCY STOP command.
INFO:root:Looping....
DEBUG:root:This is the line: EMERGENCYSTOP:STOP

DEBUG:root:We got command: EMERGENCYSTOP
INFO:root:We got the EMERGENCY STOP command.
INFO:root:Looping....
DEBUG:root:This is the line: EMERGENCYSTOP:STOP

DEBUG:root:We got command: EMERGENCYSTOP
INFO:root:We got the EMERGENCY STOP command.
INFO:root:Looping....
DEBUG:root:This is the line: EMERGENCYSTOP:STOP

DEBUG:root:We got command: EMERGENCYSTOP
INFO:root:We got the EMERGENCY STOP command.
INFO:root:Looping....
DEBUG:root:This is the line: EMERGENCYSTOP:STOP

DEBUG:root:We got command: EMERGENCYSTOP
INFO:root:We got the EMERGENCY STOP command.
INFO:root:Looping....
DEBUG:root:This is the line: EMERGENCYSTOP:STOP

DEBUG:root:We got command: EMERGENCYSTOP
INFO:root:We got the EMERGENCY STOP command.
INFO:root:Looping....
DEBUG:root:This is the line: EMERGENCYSTOP:STOP

DEBUG:root:We got command: EMERGENCYSTOP
INFO:root:We got the EMERGENCY STOP command.
INFO:root:Looping....
DEBUG:root:This is the line: EMERGENCYSTOP:STOP

DEBUG:root:We got command: EMERGENCYSTOP
INFO:root:We got the EMERGENCY STOP command.
INFO:root:Looping....
DEBUG:root:This is the line: EMERGENCYSTOP:STOP

DEBUG:root:We got command: EMERGENCYSTOP
INFO:root:We got the EMERGENCY STOP command.
INFO:root:Looping....
DEBUG:root:This is the line: EMERGENCYSTOP:STOP

DEBUG:root:We got command: EMERGENCYSTOP
INFO:root:We got the EMERGENCY STOP command.
INFO:root:Looping....
DEBUG:root:This is the line: drive:22.286:8.333

DEBUG:root:We got command: drive
DEBUG:root:We got a drive command: rawX:8.333000 and rawY:22.286000
DEBUG:root:Forward to the Right
DEBUG:root:Left=-22.286000 Right=13.953000
DEBUG:root:ScaledLeft: 324.856500 ScaledRight: 406.394250
INFO:root:Looping....
DEBUG:root:This is the line: drive:7.143:20.833

DEBUG:root:We got command: drive
DEBUG:root:We got a drive command: rawX:20.833000 and rawY:7.143000
DEBUG:root:Forward to the Right
DEBUG:root:Left=-7.143000 Right=-13.690000
DEBUG:root:ScaledLeft: 358.928250 ScaledRight: 344.197500
INFO:root:Looping....
DEBUG:root:This is the line: drive:19.752:21.662

DEBUG:root:We got command: drive
DEBUG:root:We got a drive command: rawX:21.662000 and rawY:19.752000
DEBUG:root:Forward to the Right
DEBUG:root:Left=-19.752000 Right=-1.910000
DEBUG:root:ScaledLeft: 330.558000 ScaledRight: 370.702500
INFO:root:Looping....
DEBUG:root:This is the line: drive:39.314:23.512

DEBUG:root:We got command: drive
DEBUG:root:We got a drive command: rawX:23.512000 and rawY:39.314000
DEBUG:root:Forward to the Right
DEBUG:root:Left=-39.314000 Right=15.802000
DEBUG:root:ScaledLeft: 286.543500 ScaledRight: 410.554500
INFO:root:Looping....
DEBUG:root:This is the line: drive:62.071:16.593

DEBUG:root:We got command: drive
DEBUG:root:We got a drive command: rawX:16.593000 and rawY:62.071000
DEBUG:root:Forward to the Right
DEBUG:root:Left=-62.071000 Right=45.478000
DEBUG:root:ScaledLeft: 235.340250 ScaledRight: 477.325500
INFO:root:Looping....
DEBUG:root:This is the line: drive:66.918:14.583

DEBUG:root:We got command: drive
DEBUG:root:We got a drive command: rawX:14.583000 and rawY:66.918000
DEBUG:root:Forward to the Right
DEBUG:root:Left=-66.918000 Right=52.335000
DEBUG:root:ScaledLeft: 224.434500 ScaledRight: 492.753750
INFO:root:Looping....
DEBUG:root:This is the line: drive:72.734:15.03

DEBUG:root:We got command: drive
DEBUG:root:We got a drive command: rawX:15.030000 and rawY:72.734000
DEBUG:root:Forward to the Right
DEBUG:root:Left=-72.734000 Right=57.704000
DEBUG:root:ScaledLeft: 211.348500 ScaledRight: 504.834000
INFO:root:Looping....
DEBUG:root:This is the line: drive:78.0:15.625

DEBUG:root:We got command: drive
DEBUG:root:We got a drive command: rawX:15.625000 and rawY:78.000000
DEBUG:root:Forward to the Right
DEBUG:root:Left=-78.000000 Right=62.375000
DEBUG:root:ScaledLeft: 199.500000 ScaledRight: 515.343750
INFO:root:Looping....
DEBUG:root:This is the line: drive:78.0:16.491

DEBUG:root:We got command: drive
DEBUG:root:We got a drive command: rawX:16.491000 and rawY:78.000000
DEBUG:root:Forward to the Right
DEBUG:root:Left=-78.000000 Right=61.509000
DEBUG:root:ScaledLeft: 199.500000 ScaledRight: 513.395250
INFO:root:Looping....
DEBUG:root:This is the line: drive:72.966:20.796

DEBUG:root:We got command: drive
DEBUG:root:We got a drive command: rawX:20.796000 and rawY:72.966000
DEBUG:root:Forward to the Right
DEBUG:root:Left=-72.966000 Right=52.170000
DEBUG:root:ScaledLeft: 210.826500 ScaledRight: 492.382500
INFO:root:Looping....
DEBUG:root:This is the line: drive:50.787:28.794

DEBUG:root:We got command: drive
DEBUG:root:We got a drive command: rawX:28.794000 and rawY:50.787000
DEBUG:root:Forward to the Right
DEBUG:root:Left=-50.787000 Right=21.993000
DEBUG:root:ScaledLeft: 260.729250 ScaledRight: 424.484250
INFO:root:Looping....
DEBUG:root:This is the line: drive:28.663:31.25

DEBUG:root:We got command: drive
DEBUG:root:We got a drive command: rawX:31.250000 and rawY:28.663000
DEBUG:root:Forward to the Right
DEBUG:root:Left=-28.663000 Right=-2.587000
DEBUG:root:ScaledLeft: 310.508250 ScaledRight: 369.179250
INFO:root:Looping....
DEBUG:root:This is the line: drive:7.414:32.738

DEBUG:root:We got command: drive
DEBUG:root:We got a drive command: rawX:32.738000 and rawY:7.414000
DEBUG:root:Forward to the Right
DEBUG:root:Left=-7.414000 Right=-25.324000
DEBUG:root:ScaledLeft: 358.318500 ScaledRight: 318.021000
INFO:root:Looping....
DEBUG:root:This is the line: drive:-11.17:35.714

DEBUG:root:We got command: drive
DEBUG:root:We got a drive command: rawX:35.714000 and rawY:-11.170000
DEBUG:root:Reverse to the Right
DEBUG:root:Left=11.170000 Right=-46.884000
DEBUG:root:ScaledLeft: 400.132500 ScaledRight: 269.511000
INFO:root:Looping....
DEBUG:root:This is the line: drive:-23.467:36.905

DEBUG:root:We got command: drive
DEBUG:root:We got a drive command: rawX:36.905000 and rawY:-23.467000
DEBUG:root:Reverse to the Right
DEBUG:root:Left=23.467000 Right=-60.372000
DEBUG:root:ScaledLeft: 427.800750 ScaledRight: 239.163000
INFO:root:Looping....
DEBUG:root:This is the line: drive:-29.532:37.608

DEBUG:root:We got command: drive
DEBUG:root:We got a drive command: rawX:37.608000 and rawY:-29.532000
DEBUG:root:Reverse to the Right
DEBUG:root:Left=29.532000 Right=-67.140000
DEBUG:root:ScaledLeft: 441.447000 ScaledRight: 223.935000
INFO:root:Looping....
DEBUG:root:This is the line: drive:-39.181:40.476

DEBUG:root:We got command: drive
DEBUG:root:We got a drive command: rawX:40.476000 and rawY:-39.181000
DEBUG:root:Reverse to the Right
DEBUG:root:Left=39.181000 Right=-79.657000
DEBUG:root:ScaledLeft: 463.157250 ScaledRight: 195.771750
INFO:root:Looping....
DEBUG:root:This is the line: drive:-42.505:41.667

DEBUG:root:We got command: drive
DEBUG:root:We got a drive command: rawX:41.667000 and rawY:-42.505000
DEBUG:root:Reverse to the Right
DEBUG:root:Left=42.505000 Right=-84.172000
DEBUG:root:ScaledLeft: 470.636250 ScaledRight: 185.613000
INFO:root:Looping....
DEBUG:root:This is the line: drive:-48.571:43.899

DEBUG:root:We got command: drive
DEBUG:root:We got a drive command: rawX:43.899000 and rawY:-48.571000
DEBUG:root:Reverse to the Right
DEBUG:root:Left=48.571000 Right=-92.470000
DEBUG:root:ScaledLeft: 484.284750 ScaledRight: 166.942500
INFO:root:Looping....
DEBUG:root:This is the line: drive:0:0

DEBUG:root:We got command: drive
DEBUG:root:We got a drive command: rawX:0.000000 and rawY:0.000000
DEBUG:root:Left=0.000000 Right=0.000000
DEBUG:root:ScaledLeft: 375.000000 ScaledRight: 375.000000
INFO:root:Looping....
DEBUG:root:This is the line: EMERGENCYSTOP:STOP

DEBUG:root:We got command: EMERGENCYSTOP
INFO:root:We got the EMERGENCY STOP command.
INFO:root:Looping....
DEBUG:root:This is the line: EMERGENCYSTOP:STOP

DEBUG:root:We got command: EMERGENCYSTOP
INFO:root:We got the EMERGENCY STOP command.
INFO:root:Looping....
DEBUG:root:This is the line: EMERGENCYSTOP:STOP

DEBUG:root:We got command: EMERGENCYSTOP
INFO:root:We got the EMERGENCY STOP command.
INFO:root:Looping....
DEBUG:root:This is the line: drive:-48.571:44.048

DEBUG:root:We got command: drive
DEBUG:root:We got a drive command: rawX:44.048000 and rawY:-48.571000
DEBUG:root:Reverse to the Right
DEBUG:root:Left=48.571000 Right=-92.619000
DEBUG:root:ScaledLeft: 484.284750 ScaledRight: 166.607250
INFO:root:Looping....
DEBUG:root:This is the line: drive:-19.714:-13.095

DEBUG:root:We got command: drive
DEBUG:root:We got a drive command: rawX:-13.095000 and rawY:-19.714000
DEBUG:root:Reverse to the Left/Straight
DEBUG:root:Left=6.619000 Right=-19.714000
DEBUG:root:ScaledLeft: 389.892750 ScaledRight: 330.643500
INFO:root:Looping....
DEBUG:root:This is the line: drive:-5.413:-17.146

DEBUG:root:We got command: drive
DEBUG:root:We got a drive command: rawX:-17.146000 and rawY:-5.413000
DEBUG:root:Reverse to the Left/Straight
DEBUG:root:Left=-11.733000 Right=-5.413000
DEBUG:root:ScaledLeft: 348.600750 ScaledRight: 362.820750
INFO:root:Looping....
DEBUG:root:This is the line: drive:3.517:-17.56

DEBUG:root:We got command: drive
DEBUG:root:We got a drive command: rawX:-17.560000 and rawY:3.517000
DEBUG:root:Forward to the Left/Straight
DEBUG:root:Left=-21.077000 Right=3.517000
DEBUG:root:ScaledLeft: 327.576750 ScaledRight: 382.913250
INFO:root:Looping....
DEBUG:root:This is the line: drive:10.535:-17.857

DEBUG:root:We got command: drive
DEBUG:root:We got a drive command: rawX:-17.857000 and rawY:10.535000
DEBUG:root:Forward to the Left/Straight
DEBUG:root:Left=-28.392000 Right=10.535000
DEBUG:root:ScaledLeft: 311.118000 ScaledRight: 398.703750
INFO:root:Looping....
DEBUG:root:This is the line: drive:17.63:-17.857

DEBUG:root:We got command: drive
DEBUG:root:We got a drive command: rawX:-17.857000 and rawY:17.630000
DEBUG:root:Forward to the Left/Straight
DEBUG:root:Left=-35.487000 Right=17.630000
DEBUG:root:ScaledLeft: 295.154250 ScaledRight: 414.667500
INFO:root:Looping....
DEBUG:root:This is the line: drive:25.206:-18.75

DEBUG:root:We got command: drive
DEBUG:root:We got a drive command: rawX:-18.750000 and rawY:25.206000
DEBUG:root:Forward to the Left/Straight
DEBUG:root:Left=-43.956000 Right=25.206000
DEBUG:root:ScaledLeft: 276.099000 ScaledRight: 431.713500
INFO:root:Looping....
DEBUG:root:This is the line: drive:31.676:-19.53

DEBUG:root:We got command: drive
DEBUG:root:We got a drive command: rawX:-19.530000 and rawY:31.676000
DEBUG:root:Forward to the Left/Straight
DEBUG:root:Left=-51.206000 Right=31.676000
DEBUG:root:ScaledLeft: 259.786500 ScaledRight: 446.271000
INFO:root:Looping....
DEBUG:root:This is the line: drive:37.188:-20.833

DEBUG:root:We got command: drive
DEBUG:root:We got a drive command: rawX:-20.833000 and rawY:37.188000
DEBUG:root:Forward to the Left/Straight
DEBUG:root:Left=-58.021000 Right=37.188000
DEBUG:root:ScaledLeft: 244.452750 ScaledRight: 458.673000
INFO:root:Looping....
DEBUG:root:This is the line: drive:41.573:-22.371

DEBUG:root:We got command: drive
DEBUG:root:We got a drive command: rawX:-22.371000 and rawY:41.573000
DEBUG:root:Forward to the Left/Straight
DEBUG:root:Left=-63.944000 Right=41.573000
DEBUG:root:ScaledLeft: 231.126000 ScaledRight: 468.539250
INFO:root:Looping....
DEBUG:root:This is the line: drive:46.624:-24.283

DEBUG:root:We got command: drive
DEBUG:root:We got a drive command: rawX:-24.283000 and rawY:46.624000
DEBUG:root:Forward to the Left/Straight
DEBUG:root:Left=-70.907000 Right=46.624000
DEBUG:root:ScaledLeft: 215.459250 ScaledRight: 479.904000
INFO:root:Looping....
DEBUG:root:This is the line: drive:50.709:-26.113

DEBUG:root:We got command: drive
DEBUG:root:We got a drive command: rawX:-26.113000 and rawY:50.709000
DEBUG:root:Forward to the Left/Straight
DEBUG:root:Left=-76.822000 Right=50.709000
DEBUG:root:ScaledLeft: 202.150500 ScaledRight: 489.095250
INFO:root:Looping....
DEBUG:root:This is the line: drive:54.339:-28.33

DEBUG:root:We got command: drive
DEBUG:root:We got a drive command: rawX:-28.330000 and rawY:54.339000
DEBUG:root:Forward to the Left/Straight
DEBUG:root:Left=-82.669000 Right=54.339000
DEBUG:root:ScaledLeft: 188.994750 ScaledRight: 497.262750
INFO:root:Looping....
DEBUG:root:This is the line: drive:55.429:-31.516

DEBUG:root:We got command: drive
DEBUG:root:We got a drive command: rawX:-31.516000 and rawY:55.429000
DEBUG:root:Forward to the Left/Straight
DEBUG:root:Left=-86.945000 Right=55.429000
DEBUG:root:ScaledLeft: 179.373750 ScaledRight: 499.715250
INFO:root:Looping....
DEBUG:root:This is the line: drive:52.311:-37.46

DEBUG:root:We got command: drive
DEBUG:root:We got a drive command: rawX:-37.460000 and rawY:52.311000
DEBUG:root:Forward to the Left/Straight
DEBUG:root:Left=-89.771000 Right=52.311000
DEBUG:root:ScaledLeft: 173.015250 ScaledRight: 492.699750
INFO:root:Looping....
DEBUG:root:This is the line: drive:46.402:-42.38

DEBUG:root:We got command: drive
DEBUG:root:We got a drive command: rawX:-42.380000 and rawY:46.402000
DEBUG:root:Forward to the Left/Straight
DEBUG:root:Left=-88.782000 Right=46.402000
DEBUG:root:ScaledLeft: 175.240500 ScaledRight: 479.404500
INFO:root:Looping....
DEBUG:root:This is the line: drive:39.017:-46.312

DEBUG:root:We got command: drive
DEBUG:root:We got a drive command: rawX:-46.312000 and rawY:39.017000
DEBUG:root:Forward to the Left/Straight
DEBUG:root:Left=-85.329000 Right=39.017000
DEBUG:root:ScaledLeft: 183.009750 ScaledRight: 462.788250
INFO:root:Looping....
DEBUG:root:This is the line: drive:32.221:-47.024

DEBUG:root:We got command: drive
DEBUG:root:We got a drive command: rawX:-47.024000 and rawY:32.221000
DEBUG:root:Forward to the Left/Straight
DEBUG:root:Left=-79.245000 Right=32.221000
DEBUG:root:ScaledLeft: 196.698750 ScaledRight: 447.497250
INFO:root:Looping....
DEBUG:root:This is the line: drive:24.235:-44.617

DEBUG:root:We got command: drive
DEBUG:root:We got a drive command: rawX:-44.617000 and rawY:24.235000
DEBUG:root:Forward to the Left/Straight
DEBUG:root:Left=-68.852000 Right=24.235000
DEBUG:root:ScaledLeft: 220.083000 ScaledRight: 429.528750
INFO:root:Looping....
DEBUG:root:This is the line: drive:16.86:-40.181

DEBUG:root:We got command: drive
DEBUG:root:We got a drive command: rawX:-40.181000 and rawY:16.860000
DEBUG:root:Forward to the Left/Straight
DEBUG:root:Left=-57.041000 Right=16.860000
DEBUG:root:ScaledLeft: 246.657750 ScaledRight: 412.935000
INFO:root:Looping....
DEBUG:root:This is the line: drive:5.649:-34.535

DEBUG:root:We got command: drive
DEBUG:root:We got a drive command: rawX:-34.535000 and rawY:5.649000
DEBUG:root:Forward to the Left/Straight
DEBUG:root:Left=-40.184000 Right=5.649000
DEBUG:root:ScaledLeft: 284.586000 ScaledRight: 387.710250
INFO:root:Looping....
DEBUG:root:This is the line: drive:-7.807:-29.63

DEBUG:root:We got command: drive
DEBUG:root:We got a drive command: rawX:-29.630000 and rawY:-7.807000
DEBUG:root:Reverse to the Left/Straight
DEBUG:root:Left=-21.823000 Right=-7.807000
DEBUG:root:ScaledLeft: 325.898250 ScaledRight: 357.434250
INFO:root:Looping....
DEBUG:root:This is the line: drive:-18.056:-25.973

DEBUG:root:We got command: drive
DEBUG:root:We got a drive command: rawX:-25.973000 and rawY:-18.056000
DEBUG:root:Reverse to the Left/Straight
DEBUG:root:Left=-7.917000 Right=-18.056000
DEBUG:root:ScaledLeft: 357.186750 ScaledRight: 334.374000
INFO:root:Looping....
DEBUG:root:This is the line: drive:-30.28:-20.836

DEBUG:root:We got command: drive
DEBUG:root:We got a drive command: rawX:-20.836000 and rawY:-30.280000
DEBUG:root:Reverse to the Left/Straight
DEBUG:root:Left=9.444000 Right=-30.280000
DEBUG:root:ScaledLeft: 396.249000 ScaledRight: 306.870000
INFO:root:Looping....
DEBUG:root:This is the line: drive:-41.254:-16.415

DEBUG:root:We got command: drive
DEBUG:root:We got a drive command: rawX:-16.415000 and rawY:-41.254000
DEBUG:root:Reverse to the Left/Straight
DEBUG:root:Left=24.839000 Right=-41.254000
DEBUG:root:ScaledLeft: 430.887750 ScaledRight: 282.178500
INFO:root:Looping....
DEBUG:root:This is the line: drive:-47.817:-14.25

DEBUG:root:We got command: drive
DEBUG:root:We got a drive command: rawX:-14.250000 and rawY:-47.817000
DEBUG:root:Reverse to the Left/Straight
DEBUG:root:Left=33.567000 Right=-47.817000
DEBUG:root:ScaledLeft: 450.525750 ScaledRight: 267.411750
INFO:root:Looping....
DEBUG:root:This is the line: drive:-55.256:-11.399

DEBUG:root:We got command: drive
DEBUG:root:We got a drive command: rawX:-11.399000 and rawY:-55.256000
DEBUG:root:Reverse to the Left/Straight
DEBUG:root:Left=43.857000 Right=-55.256000
DEBUG:root:ScaledLeft: 473.678250 ScaledRight: 250.674000
INFO:root:Looping....
DEBUG:root:This is the line: drive:-62.686:-8.69

DEBUG:root:We got command: drive
DEBUG:root:We got a drive command: rawX:-8.690000 and rawY:-62.686000
DEBUG:root:Reverse to the Left/Straight
DEBUG:root:Left=53.996000 Right=-62.686000
DEBUG:root:ScaledLeft: 496.491000 ScaledRight: 233.956500
INFO:root:Looping....
DEBUG:root:This is the line: drive:-69.669:-6.464

DEBUG:root:We got command: drive
DEBUG:root:We got a drive command: rawX:-6.464000 and rawY:-69.669000
DEBUG:root:Reverse to the Left/Straight
DEBUG:root:Left=63.205000 Right=-69.669000
DEBUG:root:ScaledLeft: 517.211250 ScaledRight: 218.244750
INFO:root:Looping....
DEBUG:root:This is the line: drive:-74.836:-5.952

DEBUG:root:We got command: drive
DEBUG:root:We got a drive command: rawX:-5.952000 and rawY:-74.836000
DEBUG:root:Reverse to the Left/Straight
DEBUG:root:Left=68.884000 Right=-74.836000
DEBUG:root:ScaledLeft: 529.989000 ScaledRight: 206.619000
INFO:root:Looping....
DEBUG:root:This is the line: drive:-79.167:-5.952

DEBUG:root:We got command: drive
DEBUG:root:We got a drive command: rawX:-5.952000 and rawY:-79.167000
DEBUG:root:Reverse to the Left/Straight
DEBUG:root:Left=73.215000 Right=-79.167000
DEBUG:root:ScaledLeft: 539.733750 ScaledRight: 196.874250
INFO:root:Looping....
DEBUG:root:This is the line: drive:-81.698:-5.952

DEBUG:root:We got command: drive
DEBUG:root:We got a drive command: rawX:-5.952000 and rawY:-81.698000
DEBUG:root:Reverse to the Left/Straight
DEBUG:root:Left=75.746000 Right=-81.698000
DEBUG:root:ScaledLeft: 545.428500 ScaledRight: 191.179500
INFO:root:Looping....
DEBUG:root:This is the line: drive:-84.429:-5.952

DEBUG:root:We got command: drive
DEBUG:root:We got a drive command: rawX:-5.952000 and rawY:-84.429000
DEBUG:root:Reverse to the Left/Straight
DEBUG:root:Left=78.477000 Right=-84.429000
DEBUG:root:ScaledLeft: 551.573250 ScaledRight: 185.034750
INFO:root:Looping....
DEBUG:root:This is the line: drive:-85.57:-5.952

DEBUG:root:We got command: drive
DEBUG:root:We got a drive command: rawX:-5.952000 and rawY:-85.570000
DEBUG:root:Reverse to the Left/Straight
DEBUG:root:Left=79.618000 Right=-85.570000
DEBUG:root:ScaledLeft: 554.140500 ScaledRight: 182.467500
INFO:root:Looping....
DEBUG:root:This is the line: drive:-86.878:-5.952

DEBUG:root:We got command: drive
DEBUG:root:We got a drive command: rawX:-5.952000 and rawY:-86.878000
DEBUG:root:Reverse to the Left/Straight
DEBUG:root:Left=80.926000 Right=-86.878000
DEBUG:root:ScaledLeft: 557.083500 ScaledRight: 179.524500
INFO:root:Looping....
DEBUG:root:This is the line: drive:-87.857:-5.952

DEBUG:root:We got command: drive
DEBUG:root:We got a drive command: rawX:-5.952000 and rawY:-87.857000
DEBUG:root:Reverse to the Left/Straight
DEBUG:root:Left=81.905000 Right=-87.857000
DEBUG:root:ScaledLeft: 559.286250 ScaledRight: 177.321750
INFO:root:Looping....
DEBUG:root:This is the line: drive:-88.034:-5.952

DEBUG:root:We got command: drive
DEBUG:root:We got a drive command: rawX:-5.952000 and rawY:-88.034000
DEBUG:root:Reverse to the Left/Straight
DEBUG:root:Left=82.082000 Right=-88.034000
DEBUG:root:ScaledLeft: 559.684500 ScaledRight: 176.923500
INFO:root:Looping....
DEBUG:root:This is the line: drive:-88.975:-5.952

DEBUG:root:We got command: drive
DEBUG:root:We got a drive command: rawX:-5.952000 and rawY:-88.975000
DEBUG:root:Reverse to the Left/Straight
DEBUG:root:Left=83.023000 Right=-88.975000
DEBUG:root:ScaledLeft: 561.801750 ScaledRight: 174.806250
INFO:root:Looping....
DEBUG:root:This is the line: drive:-90.071:-5.952

DEBUG:root:We got command: drive
DEBUG:root:We got a drive command: rawX:-5.952000 and rawY:-90.071000
DEBUG:root:Reverse to the Left/Straight
DEBUG:root:Left=84.119000 Right=-90.071000
DEBUG:root:ScaledLeft: 564.267750 ScaledRight: 172.340250
INFO:root:Looping....
DEBUG:root:This is the line: drive:-91.0:-5.952

DEBUG:root:We got command: drive
DEBUG:root:We got a drive command: rawX:-5.952000 and rawY:-91.000000
DEBUG:root:Reverse to the Left/Straight
DEBUG:root:Left=85.048000 Right=-91.000000
DEBUG:root:ScaledLeft: 566.358000 ScaledRight: 170.250000
INFO:root:Looping....
DEBUG:root:This is the line: drive:-91.0:-5.952

DEBUG:root:We got command: drive
DEBUG:root:We got a drive command: rawX:-5.952000 and rawY:-91.000000
DEBUG:root:Reverse to the Left/Straight
DEBUG:root:Left=85.048000 Right=-91.000000
DEBUG:root:ScaledLeft: 566.358000 ScaledRight: 170.250000
INFO:root:Looping....
DEBUG:root:This is the line: drive:-90.857:-7.487

DEBUG:root:We got command: drive
DEBUG:root:We got a drive command: rawX:-7.487000 and rawY:-90.857000
DEBUG:root:Reverse to the Left/Straight
DEBUG:root:Left=83.370000 Right=-90.857000
DEBUG:root:ScaledLeft: 562.582500 ScaledRight: 170.571750
INFO:root:Looping....
DEBUG:root:This is the line: drive:-77.381:-10.772

DEBUG:root:We got command: drive
DEBUG:root:We got a drive command: rawX:-10.772000 and rawY:-77.381000
DEBUG:root:Reverse to the Left/Straight
DEBUG:root:Left=66.609000 Right=-77.381000
DEBUG:root:ScaledLeft: 524.870250 ScaledRight: 200.892750
INFO:root:Looping....
DEBUG:root:This is the line: drive:-55.923:-14.296

DEBUG:root:We got command: drive
DEBUG:root:We got a drive command: rawX:-14.296000 and rawY:-55.923000
DEBUG:root:Reverse to the Left/Straight
DEBUG:root:Left=41.627000 Right=-55.923000
DEBUG:root:ScaledLeft: 468.660750 ScaledRight: 249.173250
INFO:root:Looping....
DEBUG:root:This is the line: drive:-40.305:-15.179

DEBUG:root:We got command: drive
DEBUG:root:We got a drive command: rawX:-15.179000 and rawY:-40.305000
DEBUG:root:Reverse to the Left/Straight
DEBUG:root:Left=25.126000 Right=-40.305000
DEBUG:root:ScaledLeft: 431.533500 ScaledRight: 284.313750
INFO:root:Looping....
DEBUG:root:This is the line: drive:-31.238:-15.179

DEBUG:root:We got command: drive
DEBUG:root:We got a drive command: rawX:-15.179000 and rawY:-31.238000
DEBUG:root:Reverse to the Left/Straight
DEBUG:root:Left=16.059000 Right=-31.238000
DEBUG:root:ScaledLeft: 411.132750 ScaledRight: 304.714500
INFO:root:Looping....
DEBUG:root:This is the line: drive:-24.211:-15.179

DEBUG:root:We got command: drive
DEBUG:root:We got a drive command: rawX:-15.179000 and rawY:-24.211000
DEBUG:root:Reverse to the Left/Straight
DEBUG:root:Left=9.032000 Right=-24.211000
DEBUG:root:ScaledLeft: 395.322000 ScaledRight: 320.525250
INFO:root:Looping....
DEBUG:root:This is the line: drive:-17.115:-14.881

DEBUG:root:We got command: drive
DEBUG:root:We got a drive command: rawX:-14.881000 and rawY:-17.115000
DEBUG:root:Reverse to the Left/Straight
DEBUG:root:Left=2.234000 Right=-17.115000
DEBUG:root:ScaledLeft: 380.026500 ScaledRight: 336.491250
INFO:root:Looping....
DEBUG:root:This is the line: drive:-10.102:-14.881

DEBUG:root:We got command: drive
DEBUG:root:We got a drive command: rawX:-14.881000 and rawY:-10.102000
DEBUG:root:Reverse to the Left/Straight
DEBUG:root:Left=-4.779000 Right=-10.102000
DEBUG:root:ScaledLeft: 364.247250 ScaledRight: 352.270500
INFO:root:Looping....
DEBUG:root:This is the line: drive:-4.283:-14.286

DEBUG:root:We got command: drive
DEBUG:root:We got a drive command: rawX:-14.286000 and rawY:-4.283000
DEBUG:root:Reverse to the Left/Straight
DEBUG:root:Left=-10.003000 Right=-4.283000
DEBUG:root:ScaledLeft: 352.493250 ScaledRight: 365.363250
INFO:root:Looping....
DEBUG:root:This is the line: drive:-0.714:-14.286

DEBUG:root:We got command: drive
DEBUG:root:We got a drive command: rawX:-14.286000 and rawY:-0.714000
DEBUG:root:Reverse to the Left/Straight
DEBUG:root:Left=-13.572000 Right=-0.714000
DEBUG:root:ScaledLeft: 344.463000 ScaledRight: 373.393500
INFO:root:Looping....
DEBUG:root:This is the line: drive:2.318:-14.286

DEBUG:root:We got command: drive
DEBUG:root:We got a drive command: rawX:-14.286000 and rawY:2.318000
DEBUG:root:Forward to the Left/Straight
DEBUG:root:Left=-16.604000 Right=2.318000
DEBUG:root:ScaledLeft: 337.641000 ScaledRight: 380.215500
INFO:root:Looping....
DEBUG:root:This is the line: drive:5.308:-14.286

DEBUG:root:We got command: drive
DEBUG:root:We got a drive command: rawX:-14.286000 and rawY:5.308000
DEBUG:root:Forward to the Left/Straight
DEBUG:root:Left=-19.594000 Right=5.308000
DEBUG:root:ScaledLeft: 330.913500 ScaledRight: 386.943000
INFO:root:Looping....
DEBUG:root:This is the line: drive:9.143:-14.286

DEBUG:root:We got command: drive
DEBUG:root:We got a drive command: rawX:-14.286000 and rawY:9.143000
DEBUG:root:Forward to the Left/Straight
DEBUG:root:Left=-23.429000 Right=9.143000
DEBUG:root:ScaledLeft: 322.284750 ScaledRight: 395.571750
INFO:root:Looping....
DEBUG:root:This is the line: drive:13.687:-14.286

DEBUG:root:We got command: drive
DEBUG:root:We got a drive command: rawX:-14.286000 and rawY:13.687000
DEBUG:root:Forward to the Left/Straight
DEBUG:root:Left=-27.973000 Right=13.687000
DEBUG:root:ScaledLeft: 312.060750 ScaledRight: 405.795750
INFO:root:Looping....
DEBUG:root:This is the line: drive:20.386:-13.988

DEBUG:root:We got command: drive
DEBUG:root:We got a drive command: rawX:-13.988000 and rawY:20.386000
DEBUG:root:Forward to the Left/Straight
DEBUG:root:Left=-34.374000 Right=20.386000
DEBUG:root:ScaledLeft: 297.658500 ScaledRight: 420.868500
INFO:root:Looping....
DEBUG:root:This is the line: drive:28.469:-13.095

DEBUG:root:We got command: drive
DEBUG:root:We got a drive command: rawX:-13.095000 and rawY:28.469000
DEBUG:root:Forward to the Left/Straight
DEBUG:root:Left=-41.564000 Right=28.469000
DEBUG:root:ScaledLeft: 281.481000 ScaledRight: 439.055250
INFO:root:Looping....
DEBUG:root:This is the line: drive:36.483:-12.5

DEBUG:root:We got command: drive
DEBUG:root:We got a drive command: rawX:-12.500000 and rawY:36.483000
DEBUG:root:Forward to the Left/Straight
DEBUG:root:Left=-48.983000 Right=36.483000
DEBUG:root:ScaledLeft: 264.788250 ScaledRight: 457.086750
INFO:root:Looping....
DEBUG:root:This is the line: drive:54.665:-12.202

DEBUG:root:We got command: drive
DEBUG:root:We got a drive command: rawX:-12.202000 and rawY:54.665000
DEBUG:root:Forward to the Left/Straight
DEBUG:root:Left=-66.867000 Right=54.665000
DEBUG:root:ScaledLeft: 224.549250 ScaledRight: 497.996250
INFO:root:Looping....
DEBUG:root:This is the line: drive:60.964:-12.556

DEBUG:root:We got command: drive
DEBUG:root:We got a drive command: rawX:-12.556000 and rawY:60.964000
DEBUG:root:Forward to the Left/Straight
DEBUG:root:Left=-73.520000 Right=60.964000
DEBUG:root:ScaledLeft: 209.580000 ScaledRight: 512.169000
INFO:root:Looping....
DEBUG:root:This is the line: drive:65.563:-15.021

DEBUG:root:We got command: drive
DEBUG:root:We got a drive command: rawX:-15.021000 and rawY:65.563000
DEBUG:root:Forward to the Left/Straight
DEBUG:root:Left=-80.584000 Right=65.563000
DEBUG:root:ScaledLeft: 193.686000 ScaledRight: 522.516750
INFO:root:Looping....
DEBUG:root:This is the line: drive:69.543:-17.173

DEBUG:root:We got command: drive
DEBUG:root:We got a drive command: rawX:-17.173000 and rawY:69.543000
DEBUG:root:Forward to the Left/Straight
DEBUG:root:Left=-86.716000 Right=69.543000
DEBUG:root:ScaledLeft: 179.889000 ScaledRight: 531.471750
INFO:root:Looping....
DEBUG:root:This is the line: drive:73.909:-20.941

DEBUG:root:We got command: drive
DEBUG:root:We got a drive command: rawX:-20.941000 and rawY:73.909000
DEBUG:root:Forward to the Left/Straight
DEBUG:root:Left=-94.850000 Right=73.909000
DEBUG:root:ScaledLeft: 161.587500 ScaledRight: 541.295250
INFO:root:Looping....
DEBUG:root:This is the line: drive:77.186:-26.578

DEBUG:root:We got command: drive
DEBUG:root:We got a drive command: rawX:-26.578000 and rawY:77.186000
DEBUG:root:Forward to the Left/Straight
DEBUG:root:Left=-103.764000 Right=77.186000
DEBUG:root:ScaledLeft: 141.531000 ScaledRight: 548.668500
INFO:root:Looping....
DEBUG:root:This is the line: drive:78.571:-32.812

DEBUG:root:We got command: drive
DEBUG:root:We got a drive command: rawX:-32.812000 and rawY:78.571000
DEBUG:root:Forward to the Left/Straight
DEBUG:root:Left=-111.383000 Right=78.571000
DEBUG:root:ScaledLeft: 124.388250 ScaledRight: 551.784750
INFO:root:Looping....
DEBUG:root:This is the line: drive:78.571:-42.642

DEBUG:root:We got command: drive
DEBUG:root:We got a drive command: rawX:-42.642000 and rawY:78.571000
DEBUG:root:Forward to the Left/Straight
DEBUG:root:Left=-121.213000 Right=78.571000
DEBUG:root:ScaledLeft: 102.270750 ScaledRight: 551.784750
INFO:root:Looping....
DEBUG:root:This is the line: drive:76.714:-48.363

DEBUG:root:We got command: drive
DEBUG:root:We got a drive command: rawX:-48.363000 and rawY:76.714000
DEBUG:root:Forward to the Left/Straight
DEBUG:root:Left=-125.077000 Right=76.714000
DEBUG:root:ScaledLeft: 93.576750 ScaledRight: 547.606500
INFO:root:Looping....
DEBUG:root:This is the line: drive:71.826:-61.076

DEBUG:root:We got command: drive
DEBUG:root:We got a drive command: rawX:-61.076000 and rawY:71.826000
DEBUG:root:Forward to the Left/Straight
DEBUG:root:Left=-132.902000 Right=71.826000
DEBUG:root:ScaledLeft: 75.970500 ScaledRight: 536.608500
INFO:root:Looping....
DEBUG:root:This is the line: drive:67.458:-64.568

DEBUG:root:We got command: drive
DEBUG:root:We got a drive command: rawX:-64.568000 and rawY:67.458000
DEBUG:root:Forward to the Left/Straight
DEBUG:root:Left=-132.026000 Right=67.458000
DEBUG:root:ScaledLeft: 77.941500 ScaledRight: 526.780500
INFO:root:Looping....
DEBUG:root:This is the line: drive:63.376:-66.694

DEBUG:root:We got command: drive
DEBUG:root:We got a drive command: rawX:-66.694000 and rawY:63.376000
DEBUG:root:Forward to the Left/Straight
DEBUG:root:Left=-130.070000 Right=63.376000
DEBUG:root:ScaledLeft: 82.342500 ScaledRight: 517.596000
INFO:root:Looping....
DEBUG:root:This is the line: drive:59.416:-68.457

DEBUG:root:We got command: drive
DEBUG:root:We got a drive command: rawX:-68.457000 and rawY:59.416000
DEBUG:root:Forward to the Left/Straight
DEBUG:root:Left=-127.873000 Right=59.416000
DEBUG:root:ScaledLeft: 87.285750 ScaledRight: 508.686000
INFO:root:Looping....
DEBUG:root:This is the line: drive:49.286:-71.131

DEBUG:root:We got command: drive
DEBUG:root:We got a drive command: rawX:-71.131000 and rawY:49.286000
DEBUG:root:Forward to the Left/Straight
DEBUG:root:Left=-120.417000 Right=49.286000
DEBUG:root:ScaledLeft: 104.061750 ScaledRight: 485.893500
INFO:root:Looping....
DEBUG:root:This is the line: drive:43.639:-71.429

DEBUG:root:We got command: drive
DEBUG:root:We got a drive command: rawX:-71.429000 and rawY:43.639000
DEBUG:root:Forward to the Left/Straight
DEBUG:root:Left=-115.068000 Right=43.639000
DEBUG:root:ScaledLeft: 116.097000 ScaledRight: 473.187750
INFO:root:Looping....
DEBUG:root:This is the line: drive:38.164:-72.321

DEBUG:root:We got command: drive
DEBUG:root:We got a drive command: rawX:-72.321000 and rawY:38.164000
DEBUG:root:Forward to the Left/Straight
DEBUG:root:Left=-110.485000 Right=38.164000
DEBUG:root:ScaledLeft: 126.408750 ScaledRight: 460.869000
INFO:root:Looping....
DEBUG:root:This is the line: drive:33.411:-72.321

DEBUG:root:We got command: drive
DEBUG:root:We got a drive command: rawX:-72.321000 and rawY:33.411000
DEBUG:root:Forward to the Left/Straight
DEBUG:root:Left=-105.732000 Right=33.411000
DEBUG:root:ScaledLeft: 137.103000 ScaledRight: 450.174750
INFO:root:Looping....
DEBUG:root:This is the line: drive:28.763:-72.917

DEBUG:root:We got command: drive
DEBUG:root:We got a drive command: rawX:-72.917000 and rawY:28.763000
DEBUG:root:Forward to the Left/Straight
DEBUG:root:Left=-101.680000 Right=28.763000
DEBUG:root:ScaledLeft: 146.220000 ScaledRight: 439.716750
INFO:root:Looping....
DEBUG:root:This is the line: drive:25.384:-73.214

DEBUG:root:We got command: drive
DEBUG:root:We got a drive command: rawX:-73.214000 and rawY:25.384000
DEBUG:root:Forward to the Left/Straight
DEBUG:root:Left=-98.598000 Right=25.384000
DEBUG:root:ScaledLeft: 153.154500 ScaledRight: 432.114000
INFO:root:Looping....
DEBUG:root:This is the line: drive:19.014:-73.214

DEBUG:root:We got command: drive
DEBUG:root:We got a drive command: rawX:-73.214000 and rawY:19.014000
DEBUG:root:Forward to the Left/Straight
DEBUG:root:Left=-92.228000 Right=19.014000
DEBUG:root:ScaledLeft: 167.487000 ScaledRight: 417.781500
INFO:root:Looping....
DEBUG:root:This is the line: drive:17.317:-73.098

DEBUG:root:We got command: drive
DEBUG:root:We got a drive command: rawX:-73.098000 and rawY:17.317000
DEBUG:root:Forward to the Left/Straight
DEBUG:root:Left=-90.415000 Right=17.317000
DEBUG:root:ScaledLeft: 171.566250 ScaledRight: 413.963250
INFO:root:Looping....
DEBUG:root:This is the line: drive:14.535:-69.567

DEBUG:root:We got command: drive
DEBUG:root:We got a drive command: rawX:-69.567000 and rawY:14.535000
DEBUG:root:Forward to the Left/Straight
DEBUG:root:Left=-84.102000 Right=14.535000
DEBUG:root:ScaledLeft: 185.770500 ScaledRight: 407.703750
INFO:root:Looping....
DEBUG:root:This is the line: drive:12.832:-66.02

DEBUG:root:We got command: drive
DEBUG:root:We got a drive command: rawX:-66.020000 and rawY:12.832000
DEBUG:root:Forward to the Left/Straight
DEBUG:root:Left=-78.852000 Right=12.832000
DEBUG:root:ScaledLeft: 197.583000 ScaledRight: 403.872000
INFO:root:Looping....
DEBUG:root:This is the line: drive:10.668:-61.315

DEBUG:root:We got command: drive
DEBUG:root:We got a drive command: rawX:-61.315000 and rawY:10.668000
DEBUG:root:Forward to the Left/Straight
DEBUG:root:Left=-71.983000 Right=10.668000
DEBUG:root:ScaledLeft: 213.038250 ScaledRight: 399.003000
INFO:root:Looping....
DEBUG:root:This is the line: drive:9.429:-52.36

DEBUG:root:We got command: drive
DEBUG:root:We got a drive command: rawX:-52.360000 and rawY:9.429000
DEBUG:root:Forward to the Left/Straight
DEBUG:root:Left=-61.789000 Right=9.429000
DEBUG:root:ScaledLeft: 235.974750 ScaledRight: 396.215250
INFO:root:Looping....
DEBUG:root:This is the line: drive:9.429:-44.362

DEBUG:root:We got command: drive
DEBUG:root:We got a drive command: rawX:-44.362000 and rawY:9.429000
DEBUG:root:Forward to the Left/Straight
DEBUG:root:Left=-53.791000 Right=9.429000
DEBUG:root:ScaledLeft: 253.970250 ScaledRight: 396.215250
INFO:root:Looping....
DEBUG:root:This is the line: drive:11.758:-32.806

DEBUG:root:We got command: drive
DEBUG:root:We got a drive command: rawX:-32.806000 and rawY:11.758000
DEBUG:root:Forward to the Left/Straight
DEBUG:root:Left=-44.564000 Right=11.758000
DEBUG:root:ScaledLeft: 274.731000 ScaledRight: 401.455500
INFO:root:Looping....
DEBUG:root:This is the line: drive:13.755:-23.895

DEBUG:root:We got command: drive
DEBUG:root:We got a drive command: rawX:-23.895000 and rawY:13.755000
DEBUG:root:Forward to the Left/Straight
DEBUG:root:Left=-37.650000 Right=13.755000
DEBUG:root:ScaledLeft: 290.287500 ScaledRight: 405.948750
INFO:root:Looping....
DEBUG:root:This is the line: drive:17.597:-7.036

DEBUG:root:We got command: drive
DEBUG:root:We got a drive command: rawX:-7.036000 and rawY:17.597000
DEBUG:root:Forward to the Left/Straight
DEBUG:root:Left=-24.633000 Right=17.597000
DEBUG:root:ScaledLeft: 319.575750 ScaledRight: 414.593250
INFO:root:Looping....
DEBUG:root:This is the line: drive:19.073:1.122

DEBUG:root:We got command: drive
DEBUG:root:We got a drive command: rawX:1.122000 and rawY:19.073000
DEBUG:root:Forward to the Right
DEBUG:root:Left=-19.073000 Right=17.951000
DEBUG:root:ScaledLeft: 332.085750 ScaledRight: 415.389750
INFO:root:Looping....
DEBUG:root:This is the line: drive:20.571:13.736

DEBUG:root:We got command: drive
DEBUG:root:We got a drive command: rawX:13.736000 and rawY:20.571000
DEBUG:root:Forward to the Right
DEBUG:root:Left=-20.571000 Right=6.835000
DEBUG:root:ScaledLeft: 328.715250 ScaledRight: 390.378750
INFO:root:Looping....
DEBUG:root:This is the line: drive:20.571:20.974

DEBUG:root:We got command: drive
DEBUG:root:We got a drive command: rawX:20.974000 and rawY:20.571000
DEBUG:root:Forward to the Right
DEBUG:root:Left=-20.571000 Right=-0.403000
DEBUG:root:ScaledLeft: 328.715250 ScaledRight: 374.093250
INFO:root:Looping....
DEBUG:root:This is the line: drive:19.624:28.556

DEBUG:root:We got command: drive
DEBUG:root:We got a drive command: rawX:28.556000 and rawY:19.624000
DEBUG:root:Forward to the Right
DEBUG:root:Left=-19.624000 Right=-8.932000
DEBUG:root:ScaledLeft: 330.846000 ScaledRight: 354.903000
INFO:root:Looping....
DEBUG:root:This is the line: drive:16.854:36.318

DEBUG:root:We got command: drive
DEBUG:root:We got a drive command: rawX:36.318000 and rawY:16.854000
DEBUG:root:Forward to the Right
DEBUG:root:Left=-16.854000 Right=-19.464000
DEBUG:root:ScaledLeft: 337.078500 ScaledRight: 331.206000
INFO:root:Looping....
DEBUG:root:This is the line: drive:13.135:42.271

DEBUG:root:We got command: drive
DEBUG:root:We got a drive command: rawX:42.271000 and rawY:13.135000
DEBUG:root:Forward to the Right
DEBUG:root:Left=-13.135000 Right=-29.136000
DEBUG:root:ScaledLeft: 345.446250 ScaledRight: 309.444000
INFO:root:Looping....
DEBUG:root:This is the line: drive:9.502:46.055

DEBUG:root:We got command: drive
DEBUG:root:We got a drive command: rawX:46.055000 and rawY:9.502000
DEBUG:root:Forward to the Right
DEBUG:root:Left=-9.502000 Right=-36.553000
DEBUG:root:ScaledLeft: 353.620500 ScaledRight: 292.755750
INFO:root:Looping....
DEBUG:root:This is the line: drive:2.192:49.338

DEBUG:root:We got command: drive
DEBUG:root:We got a drive command: rawX:49.338000 and rawY:2.192000
DEBUG:root:Forward to the Right
DEBUG:root:Left=-2.192000 Right=-47.146000
DEBUG:root:ScaledLeft: 370.068000 ScaledRight: 268.921500
INFO:root:Looping....
DEBUG:root:This is the line: drive:-2.109:50.298

DEBUG:root:We got command: drive
DEBUG:root:We got a drive command: rawX:50.298000 and rawY:-2.109000
DEBUG:root:Reverse to the Right
DEBUG:root:Left=2.109000 Right=-52.407000
DEBUG:root:ScaledLeft: 379.745250 ScaledRight: 257.084250
INFO:root:Looping....
DEBUG:root:This is the line: drive:-9.99:50.077

DEBUG:root:We got command: drive
DEBUG:root:We got a drive command: rawX:50.077000 and rawY:-9.990000
DEBUG:root:Reverse to the Right
DEBUG:root:Left=9.990000 Right=-60.067000
DEBUG:root:ScaledLeft: 397.477500 ScaledRight: 239.849250
INFO:root:Looping....
DEBUG:root:This is the line: drive:-21.143:47.173

DEBUG:root:We got command: drive
DEBUG:root:We got a drive command: rawX:47.173000 and rawY:-21.143000
DEBUG:root:Reverse to the Right
DEBUG:root:Left=21.143000 Right=-68.316000
DEBUG:root:ScaledLeft: 422.571750 ScaledRight: 221.289000
INFO:root:Looping....
DEBUG:root:This is the line: drive:-29.051:43.649

DEBUG:root:We got command: drive
DEBUG:root:We got a drive command: rawX:43.649000 and rawY:-29.051000
DEBUG:root:Reverse to the Right
DEBUG:root:Left=29.051000 Right=-72.700000
DEBUG:root:ScaledLeft: 440.364750 ScaledRight: 211.425000
INFO:root:Looping....
DEBUG:root:This is the line: drive:-37.641:37.781

DEBUG:root:We got command: drive
DEBUG:root:We got a drive command: rawX:37.781000 and rawY:-37.641000
DEBUG:root:Reverse to the Right
DEBUG:root:Left=37.641000 Right=-75.422000
DEBUG:root:ScaledLeft: 459.692250 ScaledRight: 205.300500
INFO:root:Looping....
DEBUG:root:This is the line: drive:-41.833:34.505

DEBUG:root:We got command: drive
DEBUG:root:We got a drive command: rawX:34.505000 and rawY:-41.833000
DEBUG:root:Reverse to the Right
DEBUG:root:Left=41.833000 Right=-76.338000
DEBUG:root:ScaledLeft: 469.124250 ScaledRight: 203.239500
INFO:root:Looping....
DEBUG:root:This is the line: drive:-49.942:27.442

DEBUG:root:We got command: drive
DEBUG:root:We got a drive command: rawX:27.442000 and rawY:-49.942000
DEBUG:root:Reverse to the Right
DEBUG:root:Left=49.942000 Right=-77.384000
DEBUG:root:ScaledLeft: 487.369500 ScaledRight: 200.886000
INFO:root:Looping....
DEBUG:root:This is the line: drive:-53.713:22.027

DEBUG:root:We got command: drive
DEBUG:root:We got a drive command: rawX:22.027000 and rawY:-53.713000
DEBUG:root:Reverse to the Right
DEBUG:root:Left=53.713000 Right=-75.740000
DEBUG:root:ScaledLeft: 495.854250 ScaledRight: 204.585000
INFO:root:Looping....
DEBUG:root:This is the line: drive:-55.714:15.478

DEBUG:root:We got command: drive
DEBUG:root:We got a drive command: rawX:15.478000 and rawY:-55.714000
DEBUG:root:Reverse to the Right
DEBUG:root:Left=55.714000 Right=-71.192000
DEBUG:root:ScaledLeft: 500.356500 ScaledRight: 214.818000
INFO:root:Looping....
DEBUG:root:This is the line: drive:-55.714:11.012

DEBUG:root:We got command: drive
DEBUG:root:We got a drive command: rawX:11.012000 and rawY:-55.714000
DEBUG:root:Reverse to the Right
DEBUG:root:Left=55.714000 Right=-66.726000
DEBUG:root:ScaledLeft: 500.356500 ScaledRight: 224.866500
INFO:root:Looping....
DEBUG:root:This is the line: drive:-53.189:1.561

DEBUG:root:We got command: drive
DEBUG:root:We got a drive command: rawX:1.561000 and rawY:-53.189000
DEBUG:root:Reverse to the Right
DEBUG:root:Left=53.189000 Right=-54.750000
DEBUG:root:ScaledLeft: 494.675250 ScaledRight: 251.812500
INFO:root:Looping....
DEBUG:root:This is the line: drive:-48.25:-5.097

DEBUG:root:We got command: drive
DEBUG:root:We got a drive command: rawX:-5.097000 and rawY:-48.250000
DEBUG:root:Reverse to the Left/Straight
DEBUG:root:Left=43.153000 Right=-48.250000
DEBUG:root:ScaledLeft: 472.094250 ScaledRight: 266.437500
INFO:root:Looping....
DEBUG:root:This is the line: drive:-42.563:-9.827

DEBUG:root:We got command: drive
DEBUG:root:We got a drive command: rawX:-9.827000 and rawY:-42.563000
DEBUG:root:Reverse to the Left/Straight
DEBUG:root:Left=32.736000 Right=-42.563000
DEBUG:root:ScaledLeft: 448.656000 ScaledRight: 279.233250
INFO:root:Looping....
DEBUG:root:This is the line: drive:-36.714:-13.69

DEBUG:root:We got command: drive
DEBUG:root:We got a drive command: rawX:-13.690000 and rawY:-36.714000
DEBUG:root:Reverse to the Left/Straight
DEBUG:root:Left=23.024000 Right=-36.714000
DEBUG:root:ScaledLeft: 426.804000 ScaledRight: 292.393500
INFO:root:Looping....
DEBUG:root:This is the line: drive:-32.853:-16.372

DEBUG:root:We got command: drive
DEBUG:root:We got a drive command: rawX:-16.372000 and rawY:-32.853000
DEBUG:root:Reverse to the Left/Straight
DEBUG:root:Left=16.481000 Right=-32.853000
DEBUG:root:ScaledLeft: 412.082250 ScaledRight: 301.080750
INFO:root:Looping....
DEBUG:root:This is the line: drive:-24.885:-22.009

DEBUG:root:We got command: drive
DEBUG:root:We got a drive command: rawX:-22.009000 and rawY:-24.885000
DEBUG:root:Reverse to the Left/Straight
DEBUG:root:Left=2.876000 Right=-24.885000
DEBUG:root:ScaledLeft: 381.471000 ScaledRight: 319.008750
INFO:root:Looping....
DEBUG:root:This is the line: drive:-17.502:-25.173

DEBUG:root:We got command: drive
DEBUG:root:We got a drive command: rawX:-25.173000 and rawY:-17.502000
DEBUG:root:Reverse to the Left/Straight
DEBUG:root:Left=-7.671000 Right=-17.502000
DEBUG:root:ScaledLeft: 357.740250 ScaledRight: 335.620500
INFO:root:Looping....
DEBUG:root:This is the line: drive:-11.851:-27.31

DEBUG:root:We got command: drive
DEBUG:root:We got a drive command: rawX:-27.310000 and rawY:-11.851000
DEBUG:root:Reverse to the Left/Straight
DEBUG:root:Left=-15.459000 Right=-11.851000
DEBUG:root:ScaledLeft: 340.217250 ScaledRight: 348.335250
INFO:root:Looping....
DEBUG:root:This is the line: drive:-7.344:-29.097

DEBUG:root:We got command: drive
DEBUG:root:We got a drive command: rawX:-29.097000 and rawY:-7.344000
DEBUG:root:Reverse to the Left/Straight
DEBUG:root:Left=-21.753000 Right=-7.344000
DEBUG:root:ScaledLeft: 326.055750 ScaledRight: 358.476000
INFO:root:Looping....
DEBUG:root:This is the line: drive:-2.016:-30.55

DEBUG:root:We got command: drive
DEBUG:root:We got a drive command: rawX:-30.550000 and rawY:-2.016000
DEBUG:root:Reverse to the Left/Straight
DEBUG:root:Left=-28.534000 Right=-2.016000
DEBUG:root:ScaledLeft: 310.798500 ScaledRight: 370.464000
INFO:root:Looping....
DEBUG:root:This is the line: drive:6.162:-33.389

DEBUG:root:We got command: drive
DEBUG:root:We got a drive command: rawX:-33.389000 and rawY:6.162000
DEBUG:root:Forward to the Left/Straight
DEBUG:root:Left=-39.551000 Right=6.162000
DEBUG:root:ScaledLeft: 286.010250 ScaledRight: 388.864500
INFO:root:Looping....
DEBUG:root:This is the line: drive:10.674:-35.155

DEBUG:root:We got command: drive
DEBUG:root:We got a drive command: rawX:-35.155000 and rawY:10.674000
DEBUG:root:Forward to the Left/Straight
DEBUG:root:Left=-45.829000 Right=10.674000
DEBUG:root:ScaledLeft: 271.884750 ScaledRight: 399.016500
INFO:root:Looping....
DEBUG:root:This is the line: drive:17.535:-36.31

DEBUG:root:We got command: drive
DEBUG:root:We got a drive command: rawX:-36.310000 and rawY:17.535000
DEBUG:root:Forward to the Left/Straight
DEBUG:root:Left=-53.845000 Right=17.535000
DEBUG:root:ScaledLeft: 253.848750 ScaledRight: 414.453750
INFO:root:Looping....
DEBUG:root:This is the line: drive:19.566:-36.31

DEBUG:root:We got command: drive
DEBUG:root:We got a drive command: rawX:-36.310000 and rawY:19.566000
DEBUG:root:Forward to the Left/Straight
DEBUG:root:Left=-55.876000 Right=19.566000
DEBUG:root:ScaledLeft: 249.279000 ScaledRight: 419.023500
INFO:root:Looping....
DEBUG:root:This is the line: drive:22.517:-36.31

DEBUG:root:We got command: drive
DEBUG:root:We got a drive command: rawX:-36.310000 and rawY:22.517000
DEBUG:root:Forward to the Left/Straight
DEBUG:root:Left=-58.827000 Right=22.517000
DEBUG:root:ScaledLeft: 242.639250 ScaledRight: 425.663250
INFO:root:Looping....
DEBUG:root:This is the line: drive:24.889:-36.31

DEBUG:root:We got command: drive
DEBUG:root:We got a drive command: rawX:-36.310000 and rawY:24.889000
DEBUG:root:Forward to the Left/Straight
DEBUG:root:Left=-61.199000 Right=24.889000
DEBUG:root:ScaledLeft: 237.302250 ScaledRight: 431.000250
INFO:root:Looping....
DEBUG:root:This is the line: drive:26.926:-36.679

DEBUG:root:We got command: drive
DEBUG:root:We got a drive command: rawX:-36.679000 and rawY:26.926000
DEBUG:root:Forward to the Left/Straight
DEBUG:root:Left=-63.605000 Right=26.926000
DEBUG:root:ScaledLeft: 231.888750 ScaledRight: 435.583500
INFO:root:Looping....
DEBUG:root:This is the line: drive:28.96:-36.607

DEBUG:root:We got command: drive
DEBUG:root:We got a drive command: rawX:-36.607000 and rawY:28.960000
DEBUG:root:Forward to the Left/Straight
DEBUG:root:Left=-65.567000 Right=28.960000
DEBUG:root:ScaledLeft: 227.474250 ScaledRight: 440.160000
INFO:root:Looping....
DEBUG:root:This is the line: drive:30.65:-37.202

DEBUG:root:We got command: drive
DEBUG:root:We got a drive command: rawX:-37.202000 and rawY:30.650000
DEBUG:root:Forward to the Left/Straight
DEBUG:root:Left=-67.852000 Right=30.650000
DEBUG:root:ScaledLeft: 222.333000 ScaledRight: 443.962500
INFO:root:Looping....
DEBUG:root:This is the line: drive:31.434:-38.398

DEBUG:root:We got command: drive
DEBUG:root:We got a drive command: rawX:-38.398000 and rawY:31.434000
DEBUG:root:Forward to the Left/Straight
DEBUG:root:Left=-69.832000 Right=31.434000
DEBUG:root:ScaledLeft: 217.878000 ScaledRight: 445.726500
INFO:root:Looping....
DEBUG:root:This is the line: drive:33.806:-40.869

DEBUG:root:We got command: drive
DEBUG:root:We got a drive command: rawX:-40.869000 and rawY:33.806000
DEBUG:root:Forward to the Left/Straight
DEBUG:root:Left=-74.675000 Right=33.806000
DEBUG:root:ScaledLeft: 206.981250 ScaledRight: 451.063500
INFO:root:Looping....
DEBUG:root:This is the line: drive:36.53:-43.707

DEBUG:root:We got command: drive
DEBUG:root:We got a drive command: rawX:-43.707000 and rawY:36.530000
DEBUG:root:Forward to the Left/Straight
DEBUG:root:Left=-80.237000 Right=36.530000
DEBUG:root:ScaledLeft: 194.466750 ScaledRight: 457.192500
INFO:root:Looping....
DEBUG:root:This is the line: drive:39.077:-45.501

DEBUG:root:We got command: drive
DEBUG:root:We got a drive command: rawX:-45.501000 and rawY:39.077000
DEBUG:root:Forward to the Left/Straight
DEBUG:root:Left=-84.578000 Right=39.077000
DEBUG:root:ScaledLeft: 184.699500 ScaledRight: 462.923250
INFO:root:Looping....
DEBUG:root:This is the line: drive:43.076:-47.584

DEBUG:root:We got command: drive
DEBUG:root:We got a drive command: rawX:-47.584000 and rawY:43.076000
DEBUG:root:Forward to the Left/Straight
DEBUG:root:Left=-90.660000 Right=43.076000
DEBUG:root:ScaledLeft: 171.015000 ScaledRight: 471.921000
INFO:root:Looping....
DEBUG:root:This is the line: drive:47.983:-49.696

DEBUG:root:We got command: drive
DEBUG:root:We got a drive command: rawX:-49.696000 and rawY:47.983000
DEBUG:root:Forward to the Left/Straight
DEBUG:root:Left=-97.679000 Right=47.983000
DEBUG:root:ScaledLeft: 155.222250 ScaledRight: 482.961750
INFO:root:Looping....
DEBUG:root:This is the line: drive:54.788:-51.19

DEBUG:root:We got command: drive
DEBUG:root:We got a drive command: rawX:-51.190000 and rawY:54.788000
DEBUG:root:Forward to the Left/Straight
DEBUG:root:Left=-105.978000 Right=54.788000
DEBUG:root:ScaledLeft: 136.549500 ScaledRight: 498.273000
INFO:root:Looping....
DEBUG:root:This is the line: drive:64.648:-52.507

DEBUG:root:We got command: drive
DEBUG:root:We got a drive command: rawX:-52.507000 and rawY:64.648000
DEBUG:root:Forward to the Left/Straight
DEBUG:root:Left=-117.155000 Right=64.648000
DEBUG:root:ScaledLeft: 111.401250 ScaledRight: 520.458000
INFO:root:Looping....
DEBUG:root:This is the line: drive:70.566:-53.669

DEBUG:root:We got command: drive
DEBUG:root:We got a drive command: rawX:-53.669000 and rawY:70.566000
DEBUG:root:Forward to the Left/Straight
DEBUG:root:Left=-124.235000 Right=70.566000
DEBUG:root:ScaledLeft: 95.471250 ScaledRight: 533.773500
INFO:root:Looping....
DEBUG:root:This is the line: drive:76.538:-54.464

DEBUG:root:We got command: drive
DEBUG:root:We got a drive command: rawX:-54.464000 and rawY:76.538000
DEBUG:root:Forward to the Left/Straight
DEBUG:root:Left=-131.002000 Right=76.538000
DEBUG:root:ScaledLeft: 80.245500 ScaledRight: 547.210500
INFO:root:Looping....
DEBUG:root:This is the line: drive:80.444:-55.06

DEBUG:root:We got command: drive
DEBUG:root:We got a drive command: rawX:-55.060000 and rawY:80.444000
DEBUG:root:Forward to the Left/Straight
DEBUG:root:Left=-135.504000 Right=80.444000
DEBUG:root:ScaledLeft: 70.116000 ScaledRight: 555.999000
INFO:root:Looping....
DEBUG:root:This is the line: drive:82.805:-55.06

DEBUG:root:We got command: drive
DEBUG:root:We got a drive command: rawX:-55.060000 and rawY:82.805000
DEBUG:root:Forward to the Left/Straight
DEBUG:root:Left=-137.865000 Right=82.805000
DEBUG:root:ScaledLeft: 64.803750 ScaledRight: 561.311250
INFO:root:Looping....
DEBUG:root:This is the line: drive:84.833:-55.06

DEBUG:root:We got command: drive
DEBUG:root:We got a drive command: rawX:-55.060000 and rawY:84.833000
DEBUG:root:Forward to the Left/Straight
DEBUG:root:Left=-139.893000 Right=84.833000
DEBUG:root:ScaledLeft: 60.240750 ScaledRight: 565.874250
INFO:root:Looping....
DEBUG:root:This is the line: drive:86.516:-55.06

DEBUG:root:We got command: drive
DEBUG:root:We got a drive command: rawX:-55.060000 and rawY:86.516000
DEBUG:root:Forward to the Left/Straight
DEBUG:root:Left=-141.576000 Right=86.516000
DEBUG:root:ScaledLeft: 56.454000 ScaledRight: 569.661000
INFO:root:Looping....
DEBUG:root:This is the line: drive:87.571:-55.06

DEBUG:root:We got command: drive
DEBUG:root:We got a drive command: rawX:-55.060000 and rawY:87.571000
DEBUG:root:Forward to the Left/Straight
DEBUG:root:Left=-142.631000 Right=87.571000
DEBUG:root:ScaledLeft: 54.080250 ScaledRight: 572.034750
INFO:root:Looping....
DEBUG:root:This is the line: drive:87.571:-55.06

DEBUG:root:We got command: drive
DEBUG:root:We got a drive command: rawX:-55.060000 and rawY:87.571000
DEBUG:root:Forward to the Left/Straight
DEBUG:root:Left=-142.631000 Right=87.571000
DEBUG:root:ScaledLeft: 54.080250 ScaledRight: 572.034750
INFO:root:Looping....
DEBUG:root:This is the line: drive:87.429:-53.479

DEBUG:root:We got command: drive
DEBUG:root:We got a drive command: rawX:-53.479000 and rawY:87.429000
DEBUG:root:Forward to the Left/Straight
DEBUG:root:Left=-140.908000 Right=87.429000
DEBUG:root:ScaledLeft: 57.957000 ScaledRight: 571.715250
INFO:root:Looping....
DEBUG:root:This is the line: drive:87.429:-50.655

DEBUG:root:We got command: drive
DEBUG:root:We got a drive command: rawX:-50.655000 and rawY:87.429000
DEBUG:root:Forward to the Left/Straight
DEBUG:root:Left=-138.084000 Right=87.429000
DEBUG:root:ScaledLeft: 64.311000 ScaledRight: 571.715250
INFO:root:Looping....
DEBUG:root:This is the line: drive:87.429:-48.903

DEBUG:root:We got command: drive
DEBUG:root:We got a drive command: rawX:-48.903000 and rawY:87.429000
DEBUG:root:Forward to the Left/Straight
DEBUG:root:Left=-136.332000 Right=87.429000
DEBUG:root:ScaledLeft: 68.253000 ScaledRight: 571.715250
INFO:root:Looping....
DEBUG:root:This is the line: drive:87.429:-46.552

DEBUG:root:We got command: drive
DEBUG:root:We got a drive command: rawX:-46.552000 and rawY:87.429000
DEBUG:root:Forward to the Left/Straight
DEBUG:root:Left=-133.981000 Right=87.429000
DEBUG:root:ScaledLeft: 73.542750 ScaledRight: 571.715250
INFO:root:Looping....
DEBUG:root:This is the line: drive:87.429:-44.048

DEBUG:root:We got command: drive
DEBUG:root:We got a drive command: rawX:-44.048000 and rawY:87.429000
DEBUG:root:Forward to the Left/Straight
DEBUG:root:Left=-131.477000 Right=87.429000
DEBUG:root:ScaledLeft: 79.176750 ScaledRight: 571.715250
INFO:root:Looping....
DEBUG:root:This is the line: drive:86.8:-37.678

DEBUG:root:We got command: drive
DEBUG:root:We got a drive command: rawX:-37.678000 and rawY:86.800000
DEBUG:root:Forward to the Left/Straight
DEBUG:root:Left=-124.478000 Right=86.800000
DEBUG:root:ScaledLeft: 94.924500 ScaledRight: 570.300000
INFO:root:Looping....
DEBUG:root:This is the line: drive:84.0:-31.696

DEBUG:root:We got command: drive
DEBUG:root:We got a drive command: rawX:-31.696000 and rawY:84.000000
DEBUG:root:Forward to the Left/Straight
DEBUG:root:Left=-115.696000 Right=84.000000
DEBUG:root:ScaledLeft: 114.684000 ScaledRight: 564.000000
INFO:root:Looping....
DEBUG:root:This is the line: drive:78.204:-26.233

DEBUG:root:We got command: drive
DEBUG:root:We got a drive command: rawX:-26.233000 and rawY:78.204000
DEBUG:root:Forward to the Left/Straight
DEBUG:root:Left=-104.437000 Right=78.204000
DEBUG:root:ScaledLeft: 140.016750 ScaledRight: 550.959000
INFO:root:Looping....
DEBUG:root:This is the line: drive:73.334:-23.314

DEBUG:root:We got command: drive
DEBUG:root:We got a drive command: rawX:-23.314000 and rawY:73.334000
DEBUG:root:Forward to the Left/Straight
DEBUG:root:Left=-96.648000 Right=73.334000
DEBUG:root:ScaledLeft: 157.542000 ScaledRight: 540.001500
INFO:root:Looping....
DEBUG:root:This is the line: drive:58.833:-18.101

DEBUG:root:We got command: drive
DEBUG:root:We got a drive command: rawX:-18.101000 and rawY:58.833000
DEBUG:root:Forward to the Left/Straight
DEBUG:root:Left=-76.934000 Right=58.833000
DEBUG:root:ScaledLeft: 201.898500 ScaledRight: 507.374250
INFO:root:Looping....
DEBUG:root:This is the line: drive:45.544:-15.645

DEBUG:root:We got command: drive
DEBUG:root:We got a drive command: rawX:-15.645000 and rawY:45.544000
DEBUG:root:Forward to the Left/Straight
DEBUG:root:Left=-61.189000 Right=45.544000
DEBUG:root:ScaledLeft: 237.324750 ScaledRight: 477.474000
INFO:root:Looping....
DEBUG:root:This is the line: drive:33.348:-13.847

DEBUG:root:We got command: drive
DEBUG:root:We got a drive command: rawX:-13.847000 and rawY:33.348000
DEBUG:root:Forward to the Left/Straight
DEBUG:root:Left=-47.195000 Right=33.348000
DEBUG:root:ScaledLeft: 268.811250 ScaledRight: 450.033000
INFO:root:Looping....
DEBUG:root:This is the line: drive:18.675:-12.5

DEBUG:root:We got command: drive
DEBUG:root:We got a drive command: rawX:-12.500000 and rawY:18.675000
DEBUG:root:Forward to the Left/Straight
DEBUG:root:Left=-31.175000 Right=18.675000
DEBUG:root:ScaledLeft: 304.856250 ScaledRight: 417.018750
INFO:root:Looping....
DEBUG:root:This is the line: drive:9.323:-12.202

DEBUG:root:We got command: drive
DEBUG:root:We got a drive command: rawX:-12.202000 and rawY:9.323000
DEBUG:root:Forward to the Left/Straight
DEBUG:root:Left=-21.525000 Right=9.323000
DEBUG:root:ScaledLeft: 326.568750 ScaledRight: 395.976750
INFO:root:Looping....
DEBUG:root:This is the line: drive:0.238:-12.202

DEBUG:root:We got command: drive
DEBUG:root:We got a drive command: rawX:-12.202000 and rawY:0.238000
DEBUG:root:Forward to the Left/Straight
DEBUG:root:Left=-12.440000 Right=0.238000
DEBUG:root:ScaledLeft: 347.010000 ScaledRight: 375.535500
INFO:root:Looping....
DEBUG:root:This is the line: drive:-5.533:-12.202

DEBUG:root:We got command: drive
DEBUG:root:We got a drive command: rawX:-12.202000 and rawY:-5.533000
DEBUG:root:Reverse to the Left/Straight
DEBUG:root:Left=-6.669000 Right=-5.533000
DEBUG:root:ScaledLeft: 359.994750 ScaledRight: 362.550750
INFO:root:Looping....
DEBUG:root:This is the line: drive:-9.043:-12.202

DEBUG:root:We got command: drive
DEBUG:root:We got a drive command: rawX:-12.202000 and rawY:-9.043000
DEBUG:root:Reverse to the Left/Straight
DEBUG:root:Left=-3.159000 Right=-9.043000
DEBUG:root:ScaledLeft: 367.892250 ScaledRight: 354.653250
INFO:root:Looping....
DEBUG:root:This is the line: drive:-13.299:-12.202

DEBUG:root:We got command: drive
DEBUG:root:We got a drive command: rawX:-12.202000 and rawY:-13.299000
DEBUG:root:Reverse to the Left/Straight
DEBUG:root:Left=1.097000 Right=-13.299000
DEBUG:root:ScaledLeft: 377.468250 ScaledRight: 345.077250
INFO:root:Looping....
DEBUG:root:This is the line: drive:-16.766:-12.202

DEBUG:root:We got command: drive
DEBUG:root:We got a drive command: rawX:-12.202000 and rawY:-16.766000
DEBUG:root:Reverse to the Left/Straight
DEBUG:root:Left=4.564000 Right=-16.766000
DEBUG:root:ScaledLeft: 385.269000 ScaledRight: 337.276500
INFO:root:Looping....
DEBUG:root:This is the line: drive:-23.494:-12.202

DEBUG:root:We got command: drive
DEBUG:root:We got a drive command: rawX:-12.202000 and rawY:-23.494000
DEBUG:root:Reverse to the Left/Straight
DEBUG:root:Left=11.292000 Right=-23.494000
DEBUG:root:ScaledLeft: 400.407000 ScaledRight: 322.138500
INFO:root:Looping....
DEBUG:root:This is the line: drive:-25.249:-12.202

DEBUG:root:We got command: drive
DEBUG:root:We got a drive command: rawX:-12.202000 and rawY:-25.249000
DEBUG:root:Reverse to the Left/Straight
DEBUG:root:Left=13.047000 Right=-25.249000
DEBUG:root:ScaledLeft: 404.355750 ScaledRight: 318.189750
INFO:root:Looping....
DEBUG:root:This is the line: drive:-27.909:-12.202

DEBUG:root:We got command: drive
DEBUG:root:We got a drive command: rawX:-12.202000 and rawY:-27.909000
DEBUG:root:Reverse to the Left/Straight
DEBUG:root:Left=15.707000 Right=-27.909000
DEBUG:root:ScaledLeft: 410.340750 ScaledRight: 312.204750
INFO:root:Looping....
DEBUG:root:This is the line: drive:-30.562:-12.5

DEBUG:root:We got command: drive
DEBUG:root:We got a drive command: rawX:-12.500000 and rawY:-30.562000
DEBUG:root:Reverse to the Left/Straight
DEBUG:root:Left=18.062000 Right=-30.562000
DEBUG:root:ScaledLeft: 415.639500 ScaledRight: 306.235500
INFO:root:Looping....
DEBUG:root:This is the line: drive:-32.7:-13.095

DEBUG:root:We got command: drive
DEBUG:root:We got a drive command: rawX:-13.095000 and rawY:-32.700000
DEBUG:root:Reverse to the Left/Straight
DEBUG:root:Left=19.605000 Right=-32.700000
DEBUG:root:ScaledLeft: 419.111250 ScaledRight: 301.425000
INFO:root:Looping....
DEBUG:root:This is the line: drive:-36.971:-14.286

DEBUG:root:We got command: drive
DEBUG:root:We got a drive command: rawX:-14.286000 and rawY:-36.971000
DEBUG:root:Reverse to the Left/Straight
DEBUG:root:Left=22.685000 Right=-36.971000
DEBUG:root:ScaledLeft: 426.041250 ScaledRight: 291.815250
INFO:root:Looping....
DEBUG:root:This is the line: drive:-39.377:-14.881

DEBUG:root:We got command: drive
DEBUG:root:We got a drive command: rawX:-14.881000 and rawY:-39.377000
DEBUG:root:Reverse to the Left/Straight
DEBUG:root:Left=24.496000 Right=-39.377000
DEBUG:root:ScaledLeft: 430.116000 ScaledRight: 286.401750
INFO:root:Looping....
DEBUG:root:This is the line: drive:-41.508:-15.261

DEBUG:root:We got command: drive
DEBUG:root:We got a drive command: rawX:-15.261000 and rawY:-41.508000
DEBUG:root:Reverse to the Left/Straight
DEBUG:root:Left=26.247000 Right=-41.508000
DEBUG:root:ScaledLeft: 434.055750 ScaledRight: 281.607000
INFO:root:Looping....
DEBUG:root:This is the line: drive:-43.262:-15.898

DEBUG:root:We got command: drive
DEBUG:root:We got a drive command: rawX:-15.898000 and rawY:-43.262000
DEBUG:root:Reverse to the Left/Straight
DEBUG:root:Left=27.364000 Right=-43.262000
DEBUG:root:ScaledLeft: 436.569000 ScaledRight: 277.660500
INFO:root:Looping....
DEBUG:root:This is the line: drive:-44.683:-16.071

DEBUG:root:We got command: drive
DEBUG:root:We got a drive command: rawX:-16.071000 and rawY:-44.683000
DEBUG:root:Reverse to the Left/Straight
DEBUG:root:Left=28.612000 Right=-44.683000
DEBUG:root:ScaledLeft: 439.377000 ScaledRight: 274.463250
INFO:root:Looping....
DEBUG:root:This is the line: drive:-46.571:-16.671

DEBUG:root:We got command: drive
DEBUG:root:We got a drive command: rawX:-16.671000 and rawY:-46.571000
DEBUG:root:Reverse to the Left/Straight
DEBUG:root:Left=29.900000 Right=-46.571000
DEBUG:root:ScaledLeft: 442.275000 ScaledRight: 270.215250
INFO:root:Looping....
DEBUG:root:This is the line: drive:0:0

DEBUG:root:We got command: drive
DEBUG:root:We got a drive command: rawX:0.000000 and rawY:0.000000
DEBUG:root:Left=0.000000 Right=0.000000
DEBUG:root:ScaledLeft: 375.000000 ScaledRight: 375.000000
INFO:root:Looping....
DEBUG:root:This is the line: drive:-46.251:-16.667

DEBUG:root:We got command: drive
DEBUG:root:We got a drive command: rawX:-16.667000 and rawY:-46.251000
DEBUG:root:Reverse to the Left/Straight
DEBUG:root:Left=29.584000 Right=-46.251000
DEBUG:root:ScaledLeft: 441.564000 ScaledRight: 270.935250
INFO:root:Looping....
DEBUG:root:This is the line: drive:-11.143:27.381

DEBUG:root:We got command: drive
DEBUG:root:We got a drive command: rawX:27.381000 and rawY:-11.143000
DEBUG:root:Reverse to the Right
DEBUG:root:Left=11.143000 Right=-38.524000
DEBUG:root:ScaledLeft: 400.071750 ScaledRight: 288.321000
INFO:root:Looping....
DEBUG:root:This is the line: drive:-16.352:27.381

DEBUG:root:We got command: drive
DEBUG:root:We got a drive command: rawX:27.381000 and rawY:-16.352000
DEBUG:root:Reverse to the Right
DEBUG:root:Left=16.352000 Right=-43.733000
DEBUG:root:ScaledLeft: 411.792000 ScaledRight: 276.600750
INFO:root:Looping....
DEBUG:root:This is the line: drive:-20.703:27.381

DEBUG:root:We got command: drive
DEBUG:root:We got a drive command: rawX:27.381000 and rawY:-20.703000
DEBUG:root:Reverse to the Right
DEBUG:root:Left=20.703000 Right=-48.084000
DEBUG:root:ScaledLeft: 421.581750 ScaledRight: 266.811000
INFO:root:Looping....
DEBUG:root:This is the line: drive:-24.226:27.114

DEBUG:root:We got command: drive
DEBUG:root:We got a drive command: rawX:27.114000 and rawY:-24.226000
DEBUG:root:Reverse to the Right
DEBUG:root:Left=24.226000 Right=-51.340000
DEBUG:root:ScaledLeft: 429.508500 ScaledRight: 259.485000
INFO:root:Looping....
DEBUG:root:This is the line: drive:-28.505:25.893

DEBUG:root:We got command: drive
DEBUG:root:We got a drive command: rawX:25.893000 and rawY:-28.505000
DEBUG:root:Reverse to the Right
DEBUG:root:Left=28.505000 Right=-54.398000
DEBUG:root:ScaledLeft: 439.136250 ScaledRight: 252.604500
INFO:root:Looping....
DEBUG:root:This is the line: drive:-32.584:24.702

DEBUG:root:We got command: drive
DEBUG:root:We got a drive command: rawX:24.702000 and rawY:-32.584000
DEBUG:root:Reverse to the Right
DEBUG:root:Left=32.584000 Right=-57.286000
DEBUG:root:ScaledLeft: 448.314000 ScaledRight: 246.106500
INFO:root:Looping....
DEBUG:root:This is the line: drive:-34.008:24.099

DEBUG:root:We got command: drive
DEBUG:root:We got a drive command: rawX:24.099000 and rawY:-34.008000
DEBUG:root:Reverse to the Right
DEBUG:root:Left=34.008000 Right=-58.107000
DEBUG:root:ScaledLeft: 451.518000 ScaledRight: 244.259250
INFO:root:Looping....
DEBUG:root:This is the line: drive:-36.221:23.81

DEBUG:root:We got command: drive
DEBUG:root:We got a drive command: rawX:23.810000 and rawY:-36.221000
DEBUG:root:Reverse to the Right
DEBUG:root:Left=36.221000 Right=-60.031000
DEBUG:root:ScaledLeft: 456.497250 ScaledRight: 239.930250
INFO:root:Looping....
DEBUG:root:This is the line: drive:-38.041:23.512

DEBUG:root:We got command: drive
DEBUG:root:We got a drive command: rawX:23.512000 and rawY:-38.041000
DEBUG:root:Reverse to the Right
DEBUG:root:Left=38.041000 Right=-61.553000
DEBUG:root:ScaledLeft: 460.592250 ScaledRight: 236.505750
INFO:root:Looping....
DEBUG:root:This is the line: drive:-39.464:23.512

DEBUG:root:We got command: drive
DEBUG:root:We got a drive command: rawX:23.512000 and rawY:-39.464000
DEBUG:root:Reverse to the Right
DEBUG:root:Left=39.464000 Right=-62.976000
DEBUG:root:ScaledLeft: 463.794000 ScaledRight: 233.304000
INFO:root:Looping....
DEBUG:root:This is the line: drive:-39.747:23.512

DEBUG:root:We got command: drive
DEBUG:root:We got a drive command: rawX:23.512000 and rawY:-39.747000
DEBUG:root:Reverse to the Right
DEBUG:root:Left=39.747000 Right=-63.259000
DEBUG:root:ScaledLeft: 464.430750 ScaledRight: 232.667250
INFO:root:Looping....
DEBUG:root:This is the line: drive:-39.747:23.512

DEBUG:root:We got command: drive
DEBUG:root:We got a drive command: rawX:23.512000 and rawY:-39.747000
DEBUG:root:Reverse to the Right
DEBUG:root:Left=39.747000 Right=-63.259000
DEBUG:root:ScaledLeft: 464.430750 ScaledRight: 232.667250
INFO:root:Looping....
DEBUG:root:This is the line: drive:-39.747:23.512

DEBUG:root:We got command: drive
DEBUG:root:We got a drive command: rawX:23.512000 and rawY:-39.747000
DEBUG:root:Reverse to the Right
DEBUG:root:Left=39.747000 Right=-63.259000
DEBUG:root:ScaledLeft: 464.430750 ScaledRight: 232.667250
INFO:root:Looping....
DEBUG:root:This is the line: drive:-40.009:23.512

DEBUG:root:We got command: drive
DEBUG:root:We got a drive command: rawX:23.512000 and rawY:-40.009000
DEBUG:root:Reverse to the Right
DEBUG:root:Left=40.009000 Right=-63.521000
DEBUG:root:ScaledLeft: 465.020250 ScaledRight: 232.077750
INFO:root:Looping....
DEBUG:root:This is the line: drive:-40.009:23.512

DEBUG:root:We got command: drive
DEBUG:root:We got a drive command: rawX:23.512000 and rawY:-40.009000
DEBUG:root:Reverse to the Right
DEBUG:root:Left=40.009000 Right=-63.521000
DEBUG:root:ScaledLeft: 465.020250 ScaledRight: 232.077750
INFO:root:Looping....
DEBUG:root:This is the line: drive:-40.286:22.768

DEBUG:root:We got command: drive
DEBUG:root:We got a drive command: rawX:22.768000 and rawY:-40.286000
DEBUG:root:Reverse to the Right
DEBUG:root:Left=40.286000 Right=-63.054000
DEBUG:root:ScaledLeft: 465.643500 ScaledRight: 233.128500
INFO:root:Looping....
DEBUG:root:This is the line: drive:-40.286:22.586

DEBUG:root:We got command: drive
DEBUG:root:We got a drive command: rawX:22.586000 and rawY:-40.286000
DEBUG:root:Reverse to the Right
DEBUG:root:Left=40.286000 Right=-62.872000
DEBUG:root:ScaledLeft: 465.643500 ScaledRight: 233.538000
INFO:root:Looping....
DEBUG:root:This is the line: drive:-40.623:22.619

DEBUG:root:We got command: drive
DEBUG:root:We got a drive command: rawX:22.619000 and rawY:-40.623000
DEBUG:root:Reverse to the Right
DEBUG:root:Left=40.623000 Right=-63.242000
DEBUG:root:ScaledLeft: 466.401750 ScaledRight: 232.705500
INFO:root:Looping....
DEBUG:root:This is the line: drive:-40.623:22.619

DEBUG:root:We got command: drive
DEBUG:root:We got a drive command: rawX:22.619000 and rawY:-40.623000
DEBUG:root:Reverse to the Right
DEBUG:root:Left=40.623000 Right=-63.242000
DEBUG:root:ScaledLeft: 466.401750 ScaledRight: 232.705500
INFO:root:Looping....
DEBUG:root:This is the line: drive:-40.623:22.619

DEBUG:root:We got command: drive
DEBUG:root:We got a drive command: rawX:22.619000 and rawY:-40.623000
DEBUG:root:Reverse to the Right
DEBUG:root:Left=40.623000 Right=-63.242000
DEBUG:root:ScaledLeft: 466.401750 ScaledRight: 232.705500
INFO:root:Looping....
DEBUG:root:This is the line: drive:-40.623:22.619

DEBUG:root:We got command: drive
DEBUG:root:We got a drive command: rawX:22.619000 and rawY:-40.623000
DEBUG:root:Reverse to the Right
DEBUG:root:Left=40.623000 Right=-63.242000
DEBUG:root:ScaledLeft: 466.401750 ScaledRight: 232.705500
INFO:root:Looping....
DEBUG:root:This is the line: drive:-40.623:22.619

DEBUG:root:We got command: drive
DEBUG:root:We got a drive command: rawX:22.619000 and rawY:-40.623000
DEBUG:root:Reverse to the Right
DEBUG:root:Left=40.623000 Right=-63.242000
DEBUG:root:ScaledLeft: 466.401750 ScaledRight: 232.705500
INFO:root:Looping....
DEBUG:root:This is the line: drive:-40.623:22.619

DEBUG:root:We got command: drive
DEBUG:root:We got a drive command: rawX:22.619000 and rawY:-40.623000
DEBUG:root:Reverse to the Right
DEBUG:root:Left=40.623000 Right=-63.242000
DEBUG:root:ScaledLeft: 466.401750 ScaledRight: 232.705500
INFO:root:Looping....
DEBUG:root:This is the line: drive:-40.864:22.619

DEBUG:root:We got command: drive
DEBUG:root:We got a drive command: rawX:22.619000 and rawY:-40.864000
DEBUG:root:Reverse to the Right
DEBUG:root:Left=40.864000 Right=-63.483000
DEBUG:root:ScaledLeft: 466.944000 ScaledRight: 232.163250
INFO:root:Looping....
DEBUG:root:This is the line: drive:-40.864:22.619

DEBUG:root:We got command: drive
DEBUG:root:We got a drive command: rawX:22.619000 and rawY:-40.864000
DEBUG:root:Reverse to the Right
DEBUG:root:Left=40.864000 Right=-63.483000
DEBUG:root:ScaledLeft: 466.944000 ScaledRight: 232.163250
INFO:root:Looping....
DEBUG:root:This is the line: drive:-41.162:22.619

DEBUG:root:We got command: drive
DEBUG:root:We got a drive command: rawX:22.619000 and rawY:-41.162000
DEBUG:root:Reverse to the Right
DEBUG:root:Left=41.162000 Right=-63.781000
DEBUG:root:ScaledLeft: 467.614500 ScaledRight: 231.492750
INFO:root:Looping....
DEBUG:root:This is the line: drive:-41.162:22.619

DEBUG:root:We got command: drive
DEBUG:root:We got a drive command: rawX:22.619000 and rawY:-41.162000
DEBUG:root:Reverse to the Right
DEBUG:root:Left=41.162000 Right=-63.781000
DEBUG:root:ScaledLeft: 467.614500 ScaledRight: 231.492750
INFO:root:Looping....
DEBUG:root:This is the line: drive:-41.162:22.619

DEBUG:root:We got command: drive
DEBUG:root:We got a drive command: rawX:22.619000 and rawY:-41.162000
DEBUG:root:Reverse to the Right
DEBUG:root:Left=41.162000 Right=-63.781000
DEBUG:root:ScaledLeft: 467.614500 ScaledRight: 231.492750
INFO:root:Looping....
DEBUG:root:This is the line: drive:-41.162:22.619

DEBUG:root:We got command: drive
DEBUG:root:We got a drive command: rawX:22.619000 and rawY:-41.162000
DEBUG:root:Reverse to the Right
DEBUG:root:Left=41.162000 Right=-63.781000
DEBUG:root:ScaledLeft: 467.614500 ScaledRight: 231.492750
INFO:root:Looping....
DEBUG:root:This is the line: drive:-41.433:22.619

DEBUG:root:We got command: drive
DEBUG:root:We got a drive command: rawX:22.619000 and rawY:-41.433000
DEBUG:root:Reverse to the Right
DEBUG:root:Left=41.433000 Right=-64.052000
DEBUG:root:ScaledLeft: 468.224250 ScaledRight: 230.883000
INFO:root:Looping....
DEBUG:root:This is the line: drive:-43.354:22.619

DEBUG:root:We got command: drive
DEBUG:root:We got a drive command: rawX:22.619000 and rawY:-43.354000
DEBUG:root:Reverse to the Right
DEBUG:root:Left=43.354000 Right=-65.973000
DEBUG:root:ScaledLeft: 472.546500 ScaledRight: 226.560750
INFO:root:Looping....
DEBUG:root:This is the line: drive:-46.533:22.321

DEBUG:root:We got command: drive
DEBUG:root:We got a drive command: rawX:22.321000 and rawY:-46.533000
DEBUG:root:Reverse to the Right
DEBUG:root:Left=46.533000 Right=-68.854000
DEBUG:root:ScaledLeft: 479.699250 ScaledRight: 220.078500
INFO:root:Looping....
DEBUG:root:This is the line: drive:-48.663:21.726

DEBUG:root:We got command: drive
DEBUG:root:We got a drive command: rawX:21.726000 and rawY:-48.663000
DEBUG:root:Reverse to the Right
DEBUG:root:Left=48.663000 Right=-70.389000
DEBUG:root:ScaledLeft: 484.491750 ScaledRight: 216.624750
INFO:root:Looping....
DEBUG:root:This is the line: drive:-50.714:21.726

DEBUG:root:We got command: drive
DEBUG:root:We got a drive command: rawX:21.726000 and rawY:-50.714000
DEBUG:root:Reverse to the Right
DEBUG:root:Left=50.714000 Right=-72.440000
DEBUG:root:ScaledLeft: 489.106500 ScaledRight: 212.010000
INFO:root:Looping....
DEBUG:root:This is the line: drive:-52.552:21.429

DEBUG:root:We got command: drive
DEBUG:root:We got a drive command: rawX:21.429000 and rawY:-52.552000
DEBUG:root:Reverse to the Right
DEBUG:root:Left=52.552000 Right=-73.981000
DEBUG:root:ScaledLeft: 493.242000 ScaledRight: 208.542750
INFO:root:Looping....
DEBUG:root:This is the line: drive:-55.571:20.982

DEBUG:root:We got command: drive
DEBUG:root:We got a drive command: rawX:20.982000 and rawY:-55.571000
DEBUG:root:Reverse to the Right
DEBUG:root:Left=55.571000 Right=-76.553000
DEBUG:root:ScaledLeft: 500.034750 ScaledRight: 202.755750
INFO:root:Looping....
DEBUG:root:This is the line: drive:-56.572:21.131

DEBUG:root:We got command: drive
DEBUG:root:We got a drive command: rawX:21.131000 and rawY:-56.572000
DEBUG:root:Reverse to the Right
DEBUG:root:Left=56.572000 Right=-77.703000
DEBUG:root:ScaledLeft: 502.287000 ScaledRight: 200.168250
INFO:root:Looping....
DEBUG:root:This is the line: drive:-58.143:20.833

DEBUG:root:We got command: drive
DEBUG:root:We got a drive command: rawX:20.833000 and rawY:-58.143000
DEBUG:root:Reverse to the Right
DEBUG:root:Left=58.143000 Right=-78.976000
DEBUG:root:ScaledLeft: 505.821750 ScaledRight: 197.304000
INFO:root:Looping....
DEBUG:root:This is the line: drive:-58.948:20.536

DEBUG:root:We got command: drive
DEBUG:root:We got a drive command: rawX:20.536000 and rawY:-58.948000
DEBUG:root:Reverse to the Right
DEBUG:root:Left=58.948000 Right=-79.484000
DEBUG:root:ScaledLeft: 507.633000 ScaledRight: 196.161000
INFO:root:Looping....
DEBUG:root:This is the line: drive:-60.173:20.536

DEBUG:root:We got command: drive
DEBUG:root:We got a drive command: rawX:20.536000 and rawY:-60.173000
DEBUG:root:Reverse to the Right
DEBUG:root:Left=60.173000 Right=-80.709000
DEBUG:root:ScaledLeft: 510.389250 ScaledRight: 193.404750
INFO:root:Looping....
DEBUG:root:This is the line: drive:-61.286:20.238

DEBUG:root:We got command: drive
DEBUG:root:We got a drive command: rawX:20.238000 and rawY:-61.286000
DEBUG:root:Reverse to the Right
DEBUG:root:Left=61.286000 Right=-81.524000
DEBUG:root:ScaledLeft: 512.893500 ScaledRight: 191.571000
INFO:root:Looping....
DEBUG:root:This is the line: drive:-61.854:20.238

DEBUG:root:We got command: drive
DEBUG:root:We got a drive command: rawX:20.238000 and rawY:-61.854000
DEBUG:root:Reverse to the Right
DEBUG:root:Left=61.854000 Right=-82.092000
DEBUG:root:ScaledLeft: 514.171500 ScaledRight: 190.293000
INFO:root:Looping....
DEBUG:root:This is the line: drive:-63.286:19.94

DEBUG:root:We got command: drive
DEBUG:root:We got a drive command: rawX:19.940000 and rawY:-63.286000
DEBUG:root:Reverse to the Right
DEBUG:root:Left=63.286000 Right=-83.226000
DEBUG:root:ScaledLeft: 517.393500 ScaledRight: 187.741500
INFO:root:Looping....
DEBUG:root:This is the line: drive:-64.052:19.643

DEBUG:root:We got command: drive
DEBUG:root:We got a drive command: rawX:19.643000 and rawY:-64.052000
DEBUG:root:Reverse to the Right
DEBUG:root:Left=64.052000 Right=-83.695000
DEBUG:root:ScaledLeft: 519.117000 ScaledRight: 186.686250
INFO:root:Looping....
DEBUG:root:This is the line: drive:-64.571:19.402

DEBUG:root:We got command: drive
DEBUG:root:We got a drive command: rawX:19.402000 and rawY:-64.571000
DEBUG:root:Reverse to the Right
DEBUG:root:Left=64.571000 Right=-83.973000
DEBUG:root:ScaledLeft: 520.284750 ScaledRight: 186.060750
INFO:root:Looping....
DEBUG:root:This is the line: drive:-64.857:19.008

DEBUG:root:We got command: drive
DEBUG:root:We got a drive command: rawX:19.008000 and rawY:-64.857000
DEBUG:root:Reverse to the Right
DEBUG:root:Left=64.857000 Right=-83.865000
DEBUG:root:ScaledLeft: 520.928250 ScaledRight: 186.303750
INFO:root:Looping....
DEBUG:root:This is the line: drive:-65.197:19.048

DEBUG:root:We got command: drive
DEBUG:root:We got a drive command: rawX:19.048000 and rawY:-65.197000
DEBUG:root:Reverse to the Right
DEBUG:root:Left=65.197000 Right=-84.245000
DEBUG:root:ScaledLeft: 521.693250 ScaledRight: 185.448750
INFO:root:Looping....
DEBUG:root:This is the line: drive:-65.143:18.715

DEBUG:root:We got command: drive
DEBUG:root:We got a drive command: rawX:18.715000 and rawY:-65.143000
DEBUG:root:Reverse to the Right
DEBUG:root:Left=65.143000 Right=-83.858000
DEBUG:root:ScaledLeft: 521.571750 ScaledRight: 186.319500
INFO:root:Looping....
DEBUG:root:This is the line: drive:-62.553:17.56

DEBUG:root:We got command: drive
DEBUG:root:We got a drive command: rawX:17.560000 and rawY:-62.553000
DEBUG:root:Reverse to the Right
DEBUG:root:Left=62.553000 Right=-80.113000
DEBUG:root:ScaledLeft: 515.744250 ScaledRight: 194.745750
INFO:root:Looping....
DEBUG:root:This is the line: drive:-52.107:17.56

DEBUG:root:We got command: drive
DEBUG:root:We got a drive command: rawX:17.560000 and rawY:-52.107000
DEBUG:root:Reverse to the Right
DEBUG:root:Left=52.107000 Right=-69.667000
DEBUG:root:ScaledLeft: 492.240750 ScaledRight: 218.249250
INFO:root:Looping....
DEBUG:root:This is the line: drive:-44.046:17.56

DEBUG:root:We got command: drive
DEBUG:root:We got a drive command: rawX:17.560000 and rawY:-44.046000
DEBUG:root:Reverse to the Right
DEBUG:root:Left=44.046000 Right=-61.606000
DEBUG:root:ScaledLeft: 474.103500 ScaledRight: 236.386500
INFO:root:Looping....
DEBUG:root:This is the line: drive:-37.287:17.56

DEBUG:root:We got command: drive
DEBUG:root:We got a drive command: rawX:17.560000 and rawY:-37.287000
DEBUG:root:Reverse to the Right
DEBUG:root:Left=37.287000 Right=-54.847000
DEBUG:root:ScaledLeft: 458.895750 ScaledRight: 251.594250
INFO:root:Looping....
DEBUG:root:This is the line: drive:-31.625:17.56

DEBUG:root:We got command: drive
DEBUG:root:We got a drive command: rawX:17.560000 and rawY:-31.625000
DEBUG:root:Reverse to the Right
DEBUG:root:Left=31.625000 Right=-49.185000
DEBUG:root:ScaledLeft: 446.156250 ScaledRight: 264.333750
INFO:root:Looping....
DEBUG:root:This is the line: drive:-27.064:17.56

DEBUG:root:We got command: drive
DEBUG:root:We got a drive command: rawX:17.560000 and rawY:-27.064000
DEBUG:root:Reverse to the Right
DEBUG:root:Left=27.064000 Right=-44.624000
DEBUG:root:ScaledLeft: 435.894000 ScaledRight: 274.596000
INFO:root:Looping....
DEBUG:root:This is the line: drive:-24.936:17.56

DEBUG:root:We got command: drive
DEBUG:root:We got a drive command: rawX:17.560000 and rawY:-24.936000
DEBUG:root:Reverse to the Right
DEBUG:root:Left=24.936000 Right=-42.496000
DEBUG:root:ScaledLeft: 431.106000 ScaledRight: 279.384000
INFO:root:Looping....
DEBUG:root:This is the line: drive:-23.182:17.56

DEBUG:root:We got command: drive
DEBUG:root:We got a drive command: rawX:17.560000 and rawY:-23.182000
DEBUG:root:Reverse to the Right
DEBUG:root:Left=23.182000 Right=-40.742000
DEBUG:root:ScaledLeft: 427.159500 ScaledRight: 283.330500
INFO:root:Looping....
DEBUG:root:This is the line: drive:-19.632:17.56

DEBUG:root:We got command: drive
DEBUG:root:We got a drive command: rawX:17.560000 and rawY:-19.632000
DEBUG:root:Reverse to the Right
DEBUG:root:Left=19.632000 Right=-37.192000
DEBUG:root:ScaledLeft: 419.172000 ScaledRight: 291.318000
INFO:root:Looping....
DEBUG:root:This is the line: drive:-17.164:17.56

DEBUG:root:We got command: drive
DEBUG:root:We got a drive command: rawX:17.560000 and rawY:-17.164000
DEBUG:root:Reverse to the Right
DEBUG:root:Left=17.164000 Right=-34.724000
DEBUG:root:ScaledLeft: 413.619000 ScaledRight: 296.871000
INFO:root:Looping....
DEBUG:root:This is the line: drive:-14.278:17.56

DEBUG:root:We got command: drive
DEBUG:root:We got a drive command: rawX:17.560000 and rawY:-14.278000
DEBUG:root:Reverse to the Right
DEBUG:root:Left=14.278000 Right=-31.838000
DEBUG:root:ScaledLeft: 407.125500 ScaledRight: 303.364500
INFO:root:Looping....
DEBUG:root:This is the line: drive:-13.046:17.56

DEBUG:root:We got command: drive
DEBUG:root:We got a drive command: rawX:17.560000 and rawY:-13.046000
DEBUG:root:Reverse to the Right
DEBUG:root:Left=13.046000 Right=-30.606000
DEBUG:root:ScaledLeft: 404.353500 ScaledRight: 306.136500
INFO:root:Looping....
DEBUG:root:This is the line: drive:-12.811:17.56

DEBUG:root:We got command: drive
DEBUG:root:We got a drive command: rawX:17.560000 and rawY:-12.811000
DEBUG:root:Reverse to the Right
DEBUG:root:Left=12.811000 Right=-30.371000
DEBUG:root:ScaledLeft: 403.824750 ScaledRight: 306.665250
INFO:root:Looping....
DEBUG:root:This is the line: drive:-11.486:17.56

DEBUG:root:We got command: drive
DEBUG:root:We got a drive command: rawX:17.560000 and rawY:-11.486000
DEBUG:root:Reverse to the Right
DEBUG:root:Left=11.486000 Right=-29.046000
DEBUG:root:ScaledLeft: 400.843500 ScaledRight: 309.646500
INFO:root:Looping....
DEBUG:root:This is the line: drive:-10.484:17.56

DEBUG:root:We got command: drive
DEBUG:root:We got a drive command: rawX:17.560000 and rawY:-10.484000
DEBUG:root:Reverse to the Right
DEBUG:root:Left=10.484000 Right=-28.044000
DEBUG:root:ScaledLeft: 398.589000 ScaledRight: 311.901000
INFO:root:Looping....
DEBUG:root:This is the line: drive:-9.412:17.56

DEBUG:root:We got command: drive
DEBUG:root:We got a drive command: rawX:17.560000 and rawY:-9.412000
DEBUG:root:Reverse to the Right
DEBUG:root:Left=9.412000 Right=-26.972000
DEBUG:root:ScaledLeft: 396.177000 ScaledRight: 314.313000
INFO:root:Looping....
DEBUG:root:This is the line: drive:-8.771:17.56

DEBUG:root:We got command: drive
DEBUG:root:We got a drive command: rawX:17.560000 and rawY:-8.771000
DEBUG:root:Reverse to the Right
DEBUG:root:Left=8.771000 Right=-26.331000
DEBUG:root:ScaledLeft: 394.734750 ScaledRight: 315.755250
INFO:root:Looping....
DEBUG:root:This is the line: drive:-8.203:17.56

DEBUG:root:We got command: drive
DEBUG:root:We got a drive command: rawX:17.560000 and rawY:-8.203000
DEBUG:root:Reverse to the Right
DEBUG:root:Left=8.203000 Right=-25.763000
DEBUG:root:ScaledLeft: 393.456750 ScaledRight: 317.033250
INFO:root:Looping....
DEBUG:root:This is the line: drive:-8.203:17.56

DEBUG:root:We got command: drive
DEBUG:root:We got a drive command: rawX:17.560000 and rawY:-8.203000
DEBUG:root:Reverse to the Right
DEBUG:root:Left=8.203000 Right=-25.763000
DEBUG:root:ScaledLeft: 393.456750 ScaledRight: 317.033250
INFO:root:Looping....
DEBUG:root:This is the line: drive:-7.957:17.56

DEBUG:root:We got command: drive
DEBUG:root:We got a drive command: rawX:17.560000 and rawY:-7.957000
DEBUG:root:Reverse to the Right
DEBUG:root:Left=7.957000 Right=-25.517000
DEBUG:root:ScaledLeft: 392.903250 ScaledRight: 317.586750
INFO:root:Looping....
DEBUG:root:This is the line: drive:-7.705:17.56

DEBUG:root:We got command: drive
DEBUG:root:We got a drive command: rawX:17.560000 and rawY:-7.705000
DEBUG:root:Reverse to the Right
DEBUG:root:Left=7.705000 Right=-25.265000
DEBUG:root:ScaledLeft: 392.336250 ScaledRight: 318.153750
INFO:root:Looping....
DEBUG:root:This is the line: drive:-7.705:17.56

DEBUG:root:We got command: drive
DEBUG:root:We got a drive command: rawX:17.560000 and rawY:-7.705000
DEBUG:root:Reverse to the Right
DEBUG:root:Left=7.705000 Right=-25.265000
DEBUG:root:ScaledLeft: 392.336250 ScaledRight: 318.153750
INFO:root:Looping....
DEBUG:root:This is the line: drive:-7.705:17.56

DEBUG:root:We got command: drive
DEBUG:root:We got a drive command: rawX:17.560000 and rawY:-7.705000
DEBUG:root:Reverse to the Right
DEBUG:root:Left=7.705000 Right=-25.265000
DEBUG:root:ScaledLeft: 392.336250 ScaledRight: 318.153750
INFO:root:Looping....
DEBUG:root:This is the line: drive:-7.417:17.56

DEBUG:root:We got command: drive
DEBUG:root:We got a drive command: rawX:17.560000 and rawY:-7.417000
DEBUG:root:Reverse to the Right
DEBUG:root:Left=7.417000 Right=-24.977000
DEBUG:root:ScaledLeft: 391.688250 ScaledRight: 318.801750
INFO:root:Looping....
DEBUG:root:This is the line: drive:-6.386:17.56

DEBUG:root:We got command: drive
DEBUG:root:We got a drive command: rawX:17.560000 and rawY:-6.386000
DEBUG:root:Reverse to the Right
DEBUG:root:Left=6.386000 Right=-23.946000
DEBUG:root:ScaledLeft: 389.368500 ScaledRight: 321.121500
INFO:root:Looping....
DEBUG:root:This is the line: drive:-5.23:17.56

DEBUG:root:We got command: drive
DEBUG:root:We got a drive command: rawX:17.560000 and rawY:-5.230000
DEBUG:root:Reverse to the Right
DEBUG:root:Left=5.230000 Right=-22.790000
DEBUG:root:ScaledLeft: 386.767500 ScaledRight: 323.722500
INFO:root:Looping....
DEBUG:root:This is the line: drive:-3.571:17.56

DEBUG:root:We got command: drive
DEBUG:root:We got a drive command: rawX:17.560000 and rawY:-3.571000
DEBUG:root:Reverse to the Right
DEBUG:root:Left=3.571000 Right=-21.131000
DEBUG:root:ScaledLeft: 383.034750 ScaledRight: 327.455250
INFO:root:Looping....
DEBUG:root:This is the line: drive:-2.208:17.56

DEBUG:root:We got command: drive
DEBUG:root:We got a drive command: rawX:17.560000 and rawY:-2.208000
DEBUG:root:Reverse to the Right
DEBUG:root:Left=2.208000 Right=-19.768000
DEBUG:root:ScaledLeft: 379.968000 ScaledRight: 330.522000
INFO:root:Looping....
DEBUG:root:This is the line: drive:-1.132:17.56

DEBUG:root:We got command: drive
DEBUG:root:We got a drive command: rawX:17.560000 and rawY:-1.132000
DEBUG:root:Reverse to the Right
DEBUG:root:Left=1.132000 Right=-18.692000
DEBUG:root:ScaledLeft: 377.547000 ScaledRight: 332.943000
INFO:root:Looping....
DEBUG:root:This is the line: drive:-0.074:17.56

DEBUG:root:We got command: drive
DEBUG:root:We got a drive command: rawX:17.560000 and rawY:-0.074000
DEBUG:root:Reverse to the Right
DEBUG:root:Left=0.074000 Right=-17.634000
DEBUG:root:ScaledLeft: 375.166500 ScaledRight: 335.323500
INFO:root:Looping....
DEBUG:root:This is the line: drive:1.0:17.56

DEBUG:root:We got command: drive
DEBUG:root:We got a drive command: rawX:17.560000 and rawY:1.000000
DEBUG:root:Forward to the Right
DEBUG:root:Left=-1.000000 Right=-16.560000
DEBUG:root:ScaledLeft: 372.750000 ScaledRight: 337.740000
INFO:root:Looping....
DEBUG:root:This is the line: drive:1.0:17.56

DEBUG:root:We got command: drive
DEBUG:root:We got a drive command: rawX:17.560000 and rawY:1.000000
DEBUG:root:Forward to the Right
DEBUG:root:Left=-1.000000 Right=-16.560000
DEBUG:root:ScaledLeft: 372.750000 ScaledRight: 337.740000
INFO:root:Looping....
DEBUG:root:This is the line: drive:-0.059:17.857

DEBUG:root:We got command: drive
DEBUG:root:We got a drive command: rawX:17.857000 and rawY:-0.059000
DEBUG:root:Reverse to the Right
DEBUG:root:Left=0.059000 Right=-17.916000
DEBUG:root:ScaledLeft: 375.132750 ScaledRight: 334.689000
INFO:root:Looping....
DEBUG:root:This is the line: drive:-2.1:17.857

DEBUG:root:We got command: drive
DEBUG:root:We got a drive command: rawX:17.857000 and rawY:-2.100000
DEBUG:root:Reverse to the Right
DEBUG:root:Left=2.100000 Right=-19.957000
DEBUG:root:ScaledLeft: 379.725000 ScaledRight: 330.096750
INFO:root:Looping....
DEBUG:root:This is the line: drive:-3.843:17.857

DEBUG:root:We got command: drive
DEBUG:root:We got a drive command: rawX:17.857000 and rawY:-3.843000
DEBUG:root:Reverse to the Right
DEBUG:root:Left=3.843000 Right=-21.700000
DEBUG:root:ScaledLeft: 383.646750 ScaledRight: 326.175000
INFO:root:Looping....
DEBUG:root:This is the line: drive:-7.407:17.857

DEBUG:root:We got command: drive
DEBUG:root:We got a drive command: rawX:17.857000 and rawY:-7.407000
DEBUG:root:Reverse to the Right
DEBUG:root:Left=7.407000 Right=-25.264000
DEBUG:root:ScaledLeft: 391.665750 ScaledRight: 318.156000
INFO:root:Looping....
DEBUG:root:This is the line: drive:-9.536:17.857

DEBUG:root:We got command: drive
DEBUG:root:We got a drive command: rawX:17.857000 and rawY:-9.536000
DEBUG:root:Reverse to the Right
DEBUG:root:Left=9.536000 Right=-27.393000
DEBUG:root:ScaledLeft: 396.456000 ScaledRight: 313.365750
INFO:root:Looping....
DEBUG:root:This is the line: drive:-11.288:17.857

DEBUG:root:We got command: drive
DEBUG:root:We got a drive command: rawX:17.857000 and rawY:-11.288000
DEBUG:root:Reverse to the Right
DEBUG:root:Left=11.288000 Right=-29.145000
DEBUG:root:ScaledLeft: 400.398000 ScaledRight: 309.423750
INFO:root:Looping....
DEBUG:root:This is the line: drive:-14.13:17.857

DEBUG:root:We got command: drive
DEBUG:root:We got a drive command: rawX:17.857000 and rawY:-14.130000
DEBUG:root:Reverse to the Right
DEBUG:root:Left=14.130000 Right=-31.987000
DEBUG:root:ScaledLeft: 406.792500 ScaledRight: 303.029250
INFO:root:Looping....
DEBUG:root:This is the line: drive:-14.679:17.857

DEBUG:root:We got command: drive
DEBUG:root:We got a drive command: rawX:17.857000 and rawY:-14.679000
DEBUG:root:Reverse to the Right
DEBUG:root:Left=14.679000 Right=-32.536000
DEBUG:root:ScaledLeft: 408.027750 ScaledRight: 301.794000
INFO:root:Looping....
DEBUG:root:This is the line: drive:-14.945:17.857

DEBUG:root:We got command: drive
DEBUG:root:We got a drive command: rawX:17.857000 and rawY:-14.945000
DEBUG:root:Reverse to the Right
DEBUG:root:Left=14.945000 Right=-32.802000
DEBUG:root:ScaledLeft: 408.626250 ScaledRight: 301.195500
INFO:root:Looping....
DEBUG:root:This is the line: drive:-14.945:17.857

DEBUG:root:We got command: drive
DEBUG:root:We got a drive command: rawX:17.857000 and rawY:-14.945000
DEBUG:root:Reverse to the Right
DEBUG:root:Left=14.945000 Right=-32.802000
DEBUG:root:ScaledLeft: 408.626250 ScaledRight: 301.195500
INFO:root:Looping....
DEBUG:root:This is the line: drive:-14.945:17.857

DEBUG:root:We got command: drive
DEBUG:root:We got a drive command: rawX:17.857000 and rawY:-14.945000
DEBUG:root:Reverse to the Right
DEBUG:root:Left=14.945000 Right=-32.802000
DEBUG:root:ScaledLeft: 408.626250 ScaledRight: 301.195500
INFO:root:Looping....
DEBUG:root:This is the line: drive:-14.945:17.857

DEBUG:root:We got command: drive
DEBUG:root:We got a drive command: rawX:17.857000 and rawY:-14.945000
DEBUG:root:Reverse to the Right
DEBUG:root:Left=14.945000 Right=-32.802000
DEBUG:root:ScaledLeft: 408.626250 ScaledRight: 301.195500
INFO:root:Looping....
DEBUG:root:This is the line: drive:-14.149:17.56

DEBUG:root:We got command: drive
DEBUG:root:We got a drive command: rawX:17.560000 and rawY:-14.149000
DEBUG:root:Reverse to the Right
DEBUG:root:Left=14.149000 Right=-31.709000
DEBUG:root:ScaledLeft: 406.835250 ScaledRight: 303.654750
INFO:root:Looping....
DEBUG:root:This is the line: drive:-12.038:17.262

DEBUG:root:We got command: drive
DEBUG:root:We got a drive command: rawX:17.262000 and rawY:-12.038000
DEBUG:root:Reverse to the Right
DEBUG:root:Left=12.038000 Right=-29.300000
DEBUG:root:ScaledLeft: 402.085500 ScaledRight: 309.075000
INFO:root:Looping....
DEBUG:root:This is the line: drive:-10.261:17.262

DEBUG:root:We got command: drive
DEBUG:root:We got a drive command: rawX:17.262000 and rawY:-10.261000
DEBUG:root:Reverse to the Right
DEBUG:root:Left=10.261000 Right=-27.523000
DEBUG:root:ScaledLeft: 398.087250 ScaledRight: 313.073250
INFO:root:Looping....
DEBUG:root:This is the line: drive:-9.0:17.262

DEBUG:root:We got command: drive
DEBUG:root:We got a drive command: rawX:17.262000 and rawY:-9.000000
DEBUG:root:Reverse to the Right
DEBUG:root:Left=9.000000 Right=-26.262000
DEBUG:root:ScaledLeft: 395.250000 ScaledRight: 315.910500
INFO:root:Looping....
DEBUG:root:This is the line: drive:-7.818:17.262

DEBUG:root:We got command: drive
DEBUG:root:We got a drive command: rawX:17.262000 and rawY:-7.818000
DEBUG:root:Reverse to the Right
DEBUG:root:Left=7.818000 Right=-25.080000
DEBUG:root:ScaledLeft: 392.590500 ScaledRight: 318.570000
INFO:root:Looping....
DEBUG:root:This is the line: drive:-6.865:17.262

DEBUG:root:We got command: drive
DEBUG:root:We got a drive command: rawX:17.262000 and rawY:-6.865000
DEBUG:root:Reverse to the Right
DEBUG:root:Left=6.865000 Right=-24.127000
DEBUG:root:ScaledLeft: 390.446250 ScaledRight: 320.714250
INFO:root:Looping....
DEBUG:root:This is the line: drive:-5.871:17.262

DEBUG:root:We got command: drive
DEBUG:root:We got a drive command: rawX:17.262000 and rawY:-5.871000
DEBUG:root:Reverse to the Right
DEBUG:root:Left=5.871000 Right=-23.133000
DEBUG:root:ScaledLeft: 388.209750 ScaledRight: 322.950750
INFO:root:Looping....
DEBUG:root:This is the line: drive:-5.63:17.262

DEBUG:root:We got command: drive
DEBUG:root:We got a drive command: rawX:17.262000 and rawY:-5.630000
DEBUG:root:Reverse to the Right
DEBUG:root:Left=5.630000 Right=-22.892000
DEBUG:root:ScaledLeft: 387.667500 ScaledRight: 323.493000
INFO:root:Looping....
DEBUG:root:This is the line: drive:-5.361:17.262

DEBUG:root:We got command: drive
DEBUG:root:We got a drive command: rawX:17.262000 and rawY:-5.361000
DEBUG:root:Reverse to the Right
DEBUG:root:Left=5.361000 Right=-22.623000
DEBUG:root:ScaledLeft: 387.062250 ScaledRight: 324.098250
INFO:root:Looping....
DEBUG:root:This is the line: drive:-5.096:17.262

DEBUG:root:We got command: drive
DEBUG:root:We got a drive command: rawX:17.262000 and rawY:-5.096000
DEBUG:root:Reverse to the Right
DEBUG:root:Left=5.096000 Right=-22.358000
DEBUG:root:ScaledLeft: 386.466000 ScaledRight: 324.694500
INFO:root:Looping....
DEBUG:root:This is the line: drive:-5.096:17.262

DEBUG:root:We got command: drive
DEBUG:root:We got a drive command: rawX:17.262000 and rawY:-5.096000
DEBUG:root:Reverse to the Right
DEBUG:root:Left=5.096000 Right=-22.358000
DEBUG:root:ScaledLeft: 386.466000 ScaledRight: 324.694500
INFO:root:Looping....
DEBUG:root:This is the line: drive:-5.096:17.262

DEBUG:root:We got command: drive
DEBUG:root:We got a drive command: rawX:17.262000 and rawY:-5.096000
DEBUG:root:Reverse to the Right
DEBUG:root:Left=5.096000 Right=-22.358000
DEBUG:root:ScaledLeft: 386.466000 ScaledRight: 324.694500
INFO:root:Looping....
DEBUG:root:This is the line: drive:-5.096:17.262

DEBUG:root:We got command: drive
DEBUG:root:We got a drive command: rawX:17.262000 and rawY:-5.096000
DEBUG:root:Reverse to the Right
DEBUG:root:Left=5.096000 Right=-22.358000
DEBUG:root:ScaledLeft: 386.466000 ScaledRight: 324.694500
INFO:root:Looping....
DEBUG:root:This is the line: drive:-5.096:17.262

DEBUG:root:We got command: drive
DEBUG:root:We got a drive command: rawX:17.262000 and rawY:-5.096000
DEBUG:root:Reverse to the Right
DEBUG:root:Left=5.096000 Right=-22.358000
DEBUG:root:ScaledLeft: 386.466000 ScaledRight: 324.694500
INFO:root:Looping....
DEBUG:root:This is the line: drive:-5.096:17.262

DEBUG:root:We got command: drive
DEBUG:root:We got a drive command: rawX:17.262000 and rawY:-5.096000
DEBUG:root:Reverse to the Right
DEBUG:root:Left=5.096000 Right=-22.358000
DEBUG:root:ScaledLeft: 386.466000 ScaledRight: 324.694500
INFO:root:Looping....
DEBUG:root:This is the line: drive:-4.853:17.262

DEBUG:root:We got command: drive
DEBUG:root:We got a drive command: rawX:17.262000 and rawY:-4.853000
DEBUG:root:Reverse to the Right
DEBUG:root:Left=4.853000 Right=-22.115000
DEBUG:root:ScaledLeft: 385.919250 ScaledRight: 325.241250
INFO:root:Looping....
DEBUG:root:This is the line: drive:-4.202:17.262

DEBUG:root:We got command: drive
DEBUG:root:We got a drive command: rawX:17.262000 and rawY:-4.202000
DEBUG:root:Reverse to the Right
DEBUG:root:Left=4.202000 Right=-21.464000
DEBUG:root:ScaledLeft: 384.454500 ScaledRight: 326.706000
INFO:root:Looping....
DEBUG:root:This is the line: drive:-3.932:17.262

DEBUG:root:We got command: drive
DEBUG:root:We got a drive command: rawX:17.262000 and rawY:-3.932000
DEBUG:root:Reverse to the Right
DEBUG:root:Left=3.932000 Right=-21.194000
DEBUG:root:ScaledLeft: 383.847000 ScaledRight: 327.313500
INFO:root:Looping....
DEBUG:root:This is the line: drive:-3.65:17.262

DEBUG:root:We got command: drive
DEBUG:root:We got a drive command: rawX:17.262000 and rawY:-3.650000
DEBUG:root:Reverse to the Right
DEBUG:root:Left=3.650000 Right=-20.912000
DEBUG:root:ScaledLeft: 383.212500 ScaledRight: 327.948000
INFO:root:Looping....
DEBUG:root:This is the line: drive:-3.075:17.262

DEBUG:root:We got command: drive
DEBUG:root:We got a drive command: rawX:17.262000 and rawY:-3.075000
DEBUG:root:Reverse to the Right
DEBUG:root:Left=3.075000 Right=-20.337000
DEBUG:root:ScaledLeft: 381.918750 ScaledRight: 329.241750
INFO:root:Looping....
DEBUG:root:This is the line: drive:-3.075:17.262

DEBUG:root:We got command: drive
DEBUG:root:We got a drive command: rawX:17.262000 and rawY:-3.075000
DEBUG:root:Reverse to the Right
DEBUG:root:Left=3.075000 Right=-20.337000
DEBUG:root:ScaledLeft: 381.918750 ScaledRight: 329.241750
INFO:root:Looping....
DEBUG:root:This is the line: drive:-2.46:17.262

DEBUG:root:We got command: drive
DEBUG:root:We got a drive command: rawX:17.262000 and rawY:-2.460000
DEBUG:root:Reverse to the Right
DEBUG:root:Left=2.460000 Right=-19.722000
DEBUG:root:ScaledLeft: 380.535000 ScaledRight: 330.625500
INFO:root:Looping....
DEBUG:root:This is the line: drive:-2.239:17.262

DEBUG:root:We got command: drive
DEBUG:root:We got a drive command: rawX:17.262000 and rawY:-2.239000
DEBUG:root:Reverse to the Right
DEBUG:root:Left=2.239000 Right=-19.501000
DEBUG:root:ScaledLeft: 380.037750 ScaledRight: 331.122750
INFO:root:Looping....
DEBUG:root:This is the line: drive:-1.571:17.262

DEBUG:root:We got command: drive
DEBUG:root:We got a drive command: rawX:17.262000 and rawY:-1.571000
DEBUG:root:Reverse to the Right
DEBUG:root:Left=1.571000 Right=-18.833000
DEBUG:root:ScaledLeft: 378.534750 ScaledRight: 332.625750
INFO:root:Looping....
DEBUG:root:This is the line: drive:-0.823:17.262

DEBUG:root:We got command: drive
DEBUG:root:We got a drive command: rawX:17.262000 and rawY:-0.823000
DEBUG:root:Reverse to the Right
DEBUG:root:Left=0.823000 Right=-18.085000
DEBUG:root:ScaledLeft: 376.851750 ScaledRight: 334.308750
INFO:root:Looping....
DEBUG:root:This is the line: drive:-0.264:17.262

DEBUG:root:We got command: drive
DEBUG:root:We got a drive command: rawX:17.262000 and rawY:-0.264000
DEBUG:root:Reverse to the Right
DEBUG:root:Left=0.264000 Right=-17.526000
DEBUG:root:ScaledLeft: 375.594000 ScaledRight: 335.566500
INFO:root:Looping....
DEBUG:root:This is the line: drive:0.714:17.262

DEBUG:root:We got command: drive
DEBUG:root:We got a drive command: rawX:17.262000 and rawY:0.714000
DEBUG:root:Forward to the Right
DEBUG:root:Left=-0.714000 Right=-16.548000
DEBUG:root:ScaledLeft: 373.393500 ScaledRight: 337.767000
INFO:root:Looping....
DEBUG:root:This is the line: drive:1.231:17.262

DEBUG:root:We got command: drive
DEBUG:root:We got a drive command: rawX:17.262000 and rawY:1.231000
DEBUG:root:Forward to the Right
DEBUG:root:Left=-1.231000 Right=-16.031000
DEBUG:root:ScaledLeft: 372.230250 ScaledRight: 338.930250
INFO:root:Looping....
DEBUG:root:This is the line: drive:1.498:17.262

DEBUG:root:We got command: drive
DEBUG:root:We got a drive command: rawX:17.262000 and rawY:1.498000
DEBUG:root:Forward to the Right
DEBUG:root:Left=-1.498000 Right=-15.764000
DEBUG:root:ScaledLeft: 371.629500 ScaledRight: 339.531000
INFO:root:Looping....
DEBUG:root:This is the line: drive:2.02:17.262

DEBUG:root:We got command: drive
DEBUG:root:We got a drive command: rawX:17.262000 and rawY:2.020000
DEBUG:root:Forward to the Right
DEBUG:root:Left=-2.020000 Right=-15.242000
DEBUG:root:ScaledLeft: 370.455000 ScaledRight: 340.705500
INFO:root:Looping....
DEBUG:root:This is the line: drive:2.02:17.262

DEBUG:root:We got command: drive
DEBUG:root:We got a drive command: rawX:17.262000 and rawY:2.020000
DEBUG:root:Forward to the Right
DEBUG:root:Left=-2.020000 Right=-15.242000
DEBUG:root:ScaledLeft: 370.455000 ScaledRight: 340.705500
INFO:root:Looping....
DEBUG:root:This is the line: drive:2.936:17.262

DEBUG:root:We got command: drive
DEBUG:root:We got a drive command: rawX:17.262000 and rawY:2.936000
DEBUG:root:Forward to the Right
DEBUG:root:Left=-2.936000 Right=-14.326000
DEBUG:root:ScaledLeft: 368.394000 ScaledRight: 342.766500
INFO:root:Looping....
DEBUG:root:This is the line: drive:3.182:17.262

DEBUG:root:We got command: drive
DEBUG:root:We got a drive command: rawX:17.262000 and rawY:3.182000
DEBUG:root:Forward to the Right
DEBUG:root:Left=-3.182000 Right=-14.080000
DEBUG:root:ScaledLeft: 367.840500 ScaledRight: 343.320000
INFO:root:Looping....
DEBUG:root:This is the line: drive:4.088:17.262

DEBUG:root:We got command: drive
DEBUG:root:We got a drive command: rawX:17.262000 and rawY:4.088000
DEBUG:root:Forward to the Right
DEBUG:root:Left=-4.088000 Right=-13.174000
DEBUG:root:ScaledLeft: 365.802000 ScaledRight: 345.358500
INFO:root:Looping....
DEBUG:root:This is the line: drive:5.0:17.262

DEBUG:root:We got command: drive
DEBUG:root:We got a drive command: rawX:17.262000 and rawY:5.000000
DEBUG:root:Forward to the Right
DEBUG:root:Left=-5.000000 Right=-12.262000
DEBUG:root:ScaledLeft: 363.750000 ScaledRight: 347.410500
INFO:root:Looping....
DEBUG:root:This is the line: drive:6.267:17.262

DEBUG:root:We got command: drive
DEBUG:root:We got a drive command: rawX:17.262000 and rawY:6.267000
DEBUG:root:Forward to the Right
DEBUG:root:Left=-6.267000 Right=-10.995000
DEBUG:root:ScaledLeft: 360.899250 ScaledRight: 350.261250
INFO:root:Looping....
DEBUG:root:This is the line: drive:7.183:17.262

DEBUG:root:We got command: drive
DEBUG:root:We got a drive command: rawX:17.262000 and rawY:7.183000
DEBUG:root:Forward to the Right
DEBUG:root:Left=-7.183000 Right=-10.079000
DEBUG:root:ScaledLeft: 358.838250 ScaledRight: 352.322250
INFO:root:Looping....
DEBUG:root:This is the line: drive:8.492:17.262

DEBUG:root:We got command: drive
DEBUG:root:We got a drive command: rawX:17.262000 and rawY:8.492000
DEBUG:root:Forward to the Right
DEBUG:root:Left=-8.492000 Right=-8.770000
DEBUG:root:ScaledLeft: 355.893000 ScaledRight: 355.267500
INFO:root:Looping....
DEBUG:root:This is the line: drive:10.035:17.262

DEBUG:root:We got command: drive
DEBUG:root:We got a drive command: rawX:17.262000 and rawY:10.035000
DEBUG:root:Forward to the Right
DEBUG:root:Left=-10.035000 Right=-7.227000
DEBUG:root:ScaledLeft: 352.421250 ScaledRight: 358.739250
INFO:root:Looping....
DEBUG:root:This is the line: drive:11.174:17.262

DEBUG:root:We got command: drive
DEBUG:root:We got a drive command: rawX:17.262000 and rawY:11.174000
DEBUG:root:Forward to the Right
DEBUG:root:Left=-11.174000 Right=-6.088000
DEBUG:root:ScaledLeft: 349.858500 ScaledRight: 361.302000
INFO:root:Looping....
DEBUG:root:This is the line: drive:13.213:17.262

DEBUG:root:We got command: drive
DEBUG:root:We got a drive command: rawX:17.262000 and rawY:13.213000
DEBUG:root:Forward to the Right
DEBUG:root:Left=-13.213000 Right=-4.049000
DEBUG:root:ScaledLeft: 345.270750 ScaledRight: 365.889750
INFO:root:Looping....
DEBUG:root:This is the line: drive:15.584:17.262

DEBUG:root:We got command: drive
DEBUG:root:We got a drive command: rawX:17.262000 and rawY:15.584000
DEBUG:root:Forward to the Right
DEBUG:root:Left=-15.584000 Right=-1.678000
DEBUG:root:ScaledLeft: 339.936000 ScaledRight: 371.224500
INFO:root:Looping....
DEBUG:root:This is the line: drive:19.571:17.262

DEBUG:root:We got command: drive
DEBUG:root:We got a drive command: rawX:17.262000 and rawY:19.571000
DEBUG:root:Forward to the Right
DEBUG:root:Left=-19.571000 Right=2.309000
DEBUG:root:ScaledLeft: 330.965250 ScaledRight: 380.195250
INFO:root:Looping....
DEBUG:root:This is the line: drive:21.446:17.262

DEBUG:root:We got command: drive
DEBUG:root:We got a drive command: rawX:17.262000 and rawY:21.446000
DEBUG:root:Forward to the Right
DEBUG:root:Left=-21.446000 Right=4.184000
DEBUG:root:ScaledLeft: 326.746500 ScaledRight: 384.414000
INFO:root:Looping....
DEBUG:root:This is the line: drive:23.481:17.262

DEBUG:root:We got command: drive
DEBUG:root:We got a drive command: rawX:17.262000 and rawY:23.481000
DEBUG:root:Forward to the Right
DEBUG:root:Left=-23.481000 Right=6.219000
DEBUG:root:ScaledLeft: 322.167750 ScaledRight: 388.992750
INFO:root:Looping....
DEBUG:root:This is the line: drive:25.17:17.262

DEBUG:root:We got command: drive
DEBUG:root:We got a drive command: rawX:17.262000 and rawY:25.170000
DEBUG:root:Forward to the Right
DEBUG:root:Left=-25.170000 Right=7.908000
DEBUG:root:ScaledLeft: 318.367500 ScaledRight: 392.793000
INFO:root:Looping....
DEBUG:root:This is the line: drive:27.884:17.262

DEBUG:root:We got command: drive
DEBUG:root:We got a drive command: rawX:17.262000 and rawY:27.884000
DEBUG:root:Forward to the Right
DEBUG:root:Left=-27.884000 Right=10.622000
DEBUG:root:ScaledLeft: 312.261000 ScaledRight: 398.899500
INFO:root:Looping....
DEBUG:root:This is the line: drive:29.574:17.262

DEBUG:root:We got command: drive
DEBUG:root:We got a drive command: rawX:17.262000 and rawY:29.574000
DEBUG:root:Forward to the Right
DEBUG:root:Left=-29.574000 Right=12.312000
DEBUG:root:ScaledLeft: 308.458500 ScaledRight: 402.702000
INFO:root:Looping....
DEBUG:root:This is the line: drive:31.61:17.262

DEBUG:root:We got command: drive
DEBUG:root:We got a drive command: rawX:17.262000 and rawY:31.610000
DEBUG:root:Forward to the Right
DEBUG:root:Left=-31.610000 Right=14.348000
DEBUG:root:ScaledLeft: 303.877500 ScaledRight: 407.283000
INFO:root:Looping....
DEBUG:root:This is the line: drive:33.645:17.262

DEBUG:root:We got command: drive
DEBUG:root:We got a drive command: rawX:17.262000 and rawY:33.645000
DEBUG:root:Forward to the Right
DEBUG:root:Left=-33.645000 Right=16.383000
DEBUG:root:ScaledLeft: 299.298750 ScaledRight: 411.861750
INFO:root:Looping....
DEBUG:root:This is the line: drive:36.036:17.262

DEBUG:root:We got command: drive
DEBUG:root:We got a drive command: rawX:17.262000 and rawY:36.036000
DEBUG:root:Forward to the Right
DEBUG:root:Left=-36.036000 Right=18.774000
DEBUG:root:ScaledLeft: 293.919000 ScaledRight: 417.241500
INFO:root:Looping....
DEBUG:root:This is the line: drive:38.995:17.262

DEBUG:root:We got command: drive
DEBUG:root:We got a drive command: rawX:17.262000 and rawY:38.995000
DEBUG:root:Forward to the Right
DEBUG:root:Left=-38.995000 Right=21.733000
DEBUG:root:ScaledLeft: 287.261250 ScaledRight: 423.899250
INFO:root:Looping....
DEBUG:root:This is the line: drive:41.26:17.262

DEBUG:root:We got command: drive
DEBUG:root:We got a drive command: rawX:17.262000 and rawY:41.260000
DEBUG:root:Forward to the Right
DEBUG:root:Left=-41.260000 Right=23.998000
DEBUG:root:ScaledLeft: 282.165000 ScaledRight: 428.995500
INFO:root:Looping....
DEBUG:root:This is the line: drive:44.152:17.262

DEBUG:root:We got command: drive
DEBUG:root:We got a drive command: rawX:17.262000 and rawY:44.152000
DEBUG:root:Forward to the Right
DEBUG:root:Left=-44.152000 Right=26.890000
DEBUG:root:ScaledLeft: 275.658000 ScaledRight: 435.502500
INFO:root:Looping....
DEBUG:root:This is the line: drive:48.0:17.262

DEBUG:root:We got command: drive
DEBUG:root:We got a drive command: rawX:17.262000 and rawY:48.000000
DEBUG:root:Forward to the Right
DEBUG:root:Left=-48.000000 Right=30.738000
DEBUG:root:ScaledLeft: 267.000000 ScaledRight: 444.160500
INFO:root:Looping....
DEBUG:root:This is the line: drive:52.875:17.262

DEBUG:root:We got command: drive
DEBUG:root:We got a drive command: rawX:17.262000 and rawY:52.875000
DEBUG:root:Forward to the Right
DEBUG:root:Left=-52.875000 Right=35.613000
DEBUG:root:ScaledLeft: 256.031250 ScaledRight: 455.129250
INFO:root:Looping....
DEBUG:root:This is the line: drive:56.96:16.964

DEBUG:root:We got command: drive
DEBUG:root:We got a drive command: rawX:16.964000 and rawY:56.960000
DEBUG:root:Forward to the Right
DEBUG:root:Left=-56.960000 Right=39.996000
DEBUG:root:ScaledLeft: 246.840000 ScaledRight: 464.991000
INFO:root:Looping....
DEBUG:root:This is the line: drive:61.691:16.369

DEBUG:root:We got command: drive
DEBUG:root:We got a drive command: rawX:16.369000 and rawY:61.691000
DEBUG:root:Forward to the Right
DEBUG:root:Left=-61.691000 Right=45.322000
DEBUG:root:ScaledLeft: 236.195250 ScaledRight: 476.974500
INFO:root:Looping....
DEBUG:root:This is the line: drive:64.45:16.369

DEBUG:root:We got command: drive
DEBUG:root:We got a drive command: rawX:16.369000 and rawY:64.450000
DEBUG:root:Forward to the Right
DEBUG:root:Left=-64.450000 Right=48.081000
DEBUG:root:ScaledLeft: 229.987500 ScaledRight: 483.182250
INFO:root:Looping....
DEBUG:root:This is the line: drive:66.429:16.369

DEBUG:root:We got command: drive
DEBUG:root:We got a drive command: rawX:16.369000 and rawY:66.429000
DEBUG:root:Forward to the Right
DEBUG:root:Left=-66.429000 Right=50.060000
DEBUG:root:ScaledLeft: 225.534750 ScaledRight: 487.635000
INFO:root:Looping....
DEBUG:root:This is the line: drive:66.429:16.369

DEBUG:root:We got command: drive
DEBUG:root:We got a drive command: rawX:16.369000 and rawY:66.429000
DEBUG:root:Forward to the Right
DEBUG:root:Left=-66.429000 Right=50.060000
DEBUG:root:ScaledLeft: 225.534750 ScaledRight: 487.635000
INFO:root:Looping....
DEBUG:root:This is the line: drive:66.185:16.071

DEBUG:root:We got command: drive
DEBUG:root:We got a drive command: rawX:16.071000 and rawY:66.185000
DEBUG:root:Forward to the Right
DEBUG:root:Left=-66.185000 Right=50.114000
DEBUG:root:ScaledLeft: 226.083750 ScaledRight: 487.756500
INFO:root:Looping....
DEBUG:root:This is the line: drive:63.987:15.179

DEBUG:root:We got command: drive
DEBUG:root:We got a drive command: rawX:15.179000 and rawY:63.987000
DEBUG:root:Forward to the Right
DEBUG:root:Left=-63.987000 Right=48.808000
DEBUG:root:ScaledLeft: 231.029250 ScaledRight: 484.818000
INFO:root:Looping....
DEBUG:root:This is the line: drive:59.904:13.194

DEBUG:root:We got command: drive
DEBUG:root:We got a drive command: rawX:13.194000 and rawY:59.904000
DEBUG:root:Forward to the Right
DEBUG:root:Left=-59.904000 Right=46.710000
DEBUG:root:ScaledLeft: 240.216000 ScaledRight: 480.097500
INFO:root:Looping....
DEBUG:root:This is the line: drive:57.88:12.14

DEBUG:root:We got command: drive
DEBUG:root:We got a drive command: rawX:12.140000 and rawY:57.880000
DEBUG:root:Forward to the Right
DEBUG:root:Left=-57.880000 Right=45.740000
DEBUG:root:ScaledLeft: 244.770000 ScaledRight: 477.915000
INFO:root:Looping....
DEBUG:root:This is the line: drive:53.108:11.012

DEBUG:root:We got command: drive
DEBUG:root:We got a drive command: rawX:11.012000 and rawY:53.108000
DEBUG:root:Forward to the Right
DEBUG:root:Left=-53.108000 Right=42.096000
DEBUG:root:ScaledLeft: 255.507000 ScaledRight: 469.716000
INFO:root:Looping....
DEBUG:root:This is the line: drive:51.401:11.012

DEBUG:root:We got command: drive
DEBUG:root:We got a drive command: rawX:11.012000 and rawY:51.401000
DEBUG:root:Forward to the Right
DEBUG:root:Left=-51.401000 Right=40.389000
DEBUG:root:ScaledLeft: 259.347750 ScaledRight: 465.875250
INFO:root:Looping....
DEBUG:root:This is the line: drive:49.347:11.012

DEBUG:root:We got command: drive
DEBUG:root:We got a drive command: rawX:11.012000 and rawY:49.347000
DEBUG:root:Forward to the Right
DEBUG:root:Left=-49.347000 Right=38.335000
DEBUG:root:ScaledLeft: 263.969250 ScaledRight: 461.253750
INFO:root:Looping....
DEBUG:root:This is the line: drive:46.901:10.714

DEBUG:root:We got command: drive
DEBUG:root:We got a drive command: rawX:10.714000 and rawY:46.901000
DEBUG:root:Forward to the Right
DEBUG:root:Left=-46.901000 Right=36.187000
DEBUG:root:ScaledLeft: 269.472750 ScaledRight: 456.420750
INFO:root:Looping....
DEBUG:root:This is the line: drive:44.797:10.119

DEBUG:root:We got command: drive
DEBUG:root:We got a drive command: rawX:10.119000 and rawY:44.797000
DEBUG:root:Forward to the Right
DEBUG:root:Left=-44.797000 Right=34.678000
DEBUG:root:ScaledLeft: 274.206750 ScaledRight: 453.025500
INFO:root:Looping....
DEBUG:root:This is the line: drive:42.714:9.375

DEBUG:root:We got command: drive
DEBUG:root:We got a drive command: rawX:9.375000 and rawY:42.714000
DEBUG:root:Forward to the Right
DEBUG:root:Left=-42.714000 Right=33.339000
DEBUG:root:ScaledLeft: 278.893500 ScaledRight: 450.012750
INFO:root:Looping....
DEBUG:root:This is the line: drive:41.004:9.524

DEBUG:root:We got command: drive
DEBUG:root:We got a drive command: rawX:9.524000 and rawY:41.004000
DEBUG:root:Forward to the Right
DEBUG:root:Left=-41.004000 Right=31.480000
DEBUG:root:ScaledLeft: 282.741000 ScaledRight: 445.830000
INFO:root:Looping....
DEBUG:root:This is the line: drive:39.714:9.077

DEBUG:root:We got command: drive
DEBUG:root:We got a drive command: rawX:9.077000 and rawY:39.714000
DEBUG:root:Forward to the Right
DEBUG:root:Left=-39.714000 Right=30.637000
DEBUG:root:ScaledLeft: 285.643500 ScaledRight: 443.933250
INFO:root:Looping....
DEBUG:root:This is the line: drive:38.376:8.929

DEBUG:root:We got command: drive
DEBUG:root:We got a drive command: rawX:8.929000 and rawY:38.376000
DEBUG:root:Forward to the Right
DEBUG:root:Left=-38.376000 Right=29.447000
DEBUG:root:ScaledLeft: 288.654000 ScaledRight: 441.255750
INFO:root:Looping....
DEBUG:root:This is the line: drive:36.598:8.929

DEBUG:root:We got command: drive
DEBUG:root:We got a drive command: rawX:8.929000 and rawY:36.598000
DEBUG:root:Forward to the Right
DEBUG:root:Left=-36.598000 Right=27.669000
DEBUG:root:ScaledLeft: 292.654500 ScaledRight: 437.255250
INFO:root:Looping....
DEBUG:root:This is the line: drive:35.571:8.631

DEBUG:root:We got command: drive
DEBUG:root:We got a drive command: rawX:8.631000 and rawY:35.571000
DEBUG:root:Forward to the Right
DEBUG:root:Left=-35.571000 Right=26.940000
DEBUG:root:ScaledLeft: 294.965250 ScaledRight: 435.615000
INFO:root:Looping....
DEBUG:root:This is the line: drive:35.372:8.631

DEBUG:root:We got command: drive
DEBUG:root:We got a drive command: rawX:8.631000 and rawY:35.372000
DEBUG:root:Forward to the Right
DEBUG:root:Left=-35.372000 Right=26.741000
DEBUG:root:ScaledLeft: 295.413000 ScaledRight: 435.167250
INFO:root:Looping....
DEBUG:root:This is the line: drive:34.851:8.327

DEBUG:root:We got command: drive
DEBUG:root:We got a drive command: rawX:8.327000 and rawY:34.851000
DEBUG:root:Forward to the Right
DEBUG:root:Left=-34.851000 Right=26.524000
DEBUG:root:ScaledLeft: 296.585250 ScaledRight: 434.679000
INFO:root:Looping....
DEBUG:root:This is the line: drive:33.857:8.333

DEBUG:root:We got command: drive
DEBUG:root:We got a drive command: rawX:8.333000 and rawY:33.857000
DEBUG:root:Forward to the Right
DEBUG:root:Left=-33.857000 Right=25.524000
DEBUG:root:ScaledLeft: 298.821750 ScaledRight: 432.429000
INFO:root:Looping....
DEBUG:root:This is the line: drive:33.343:8.333

DEBUG:root:We got command: drive
DEBUG:root:We got a drive command: rawX:8.333000 and rawY:33.343000
DEBUG:root:Forward to the Right
DEBUG:root:Left=-33.343000 Right=25.010000
DEBUG:root:ScaledLeft: 299.978250 ScaledRight: 431.272500
INFO:root:Looping....
DEBUG:root:This is the line: drive:32.719:8.333

DEBUG:root:We got command: drive
DEBUG:root:We got a drive command: rawX:8.333000 and rawY:32.719000
DEBUG:root:Forward to the Right
DEBUG:root:Left=-32.719000 Right=24.386000
DEBUG:root:ScaledLeft: 301.382250 ScaledRight: 429.868500
INFO:root:Looping....
DEBUG:root:This is the line: drive:31.857:8.333

DEBUG:root:We got command: drive
DEBUG:root:We got a drive command: rawX:8.333000 and rawY:31.857000
DEBUG:root:Forward to the Right
DEBUG:root:Left=-31.857000 Right=23.524000
DEBUG:root:ScaledLeft: 303.321750 ScaledRight: 427.929000
INFO:root:Looping....
DEBUG:root:This is the line: drive:31.286:7.887

DEBUG:root:We got command: drive
DEBUG:root:We got a drive command: rawX:7.887000 and rawY:31.286000
DEBUG:root:Forward to the Right
DEBUG:root:Left=-31.286000 Right=23.399000
DEBUG:root:ScaledLeft: 304.606500 ScaledRight: 427.647750
INFO:root:Looping....
DEBUG:root:This is the line: drive:30.773:8.036

DEBUG:root:We got command: drive
DEBUG:root:We got a drive command: rawX:8.036000 and rawY:30.773000
DEBUG:root:Forward to the Right
DEBUG:root:Left=-30.773000 Right=22.737000
DEBUG:root:ScaledLeft: 305.760750 ScaledRight: 426.158250
INFO:root:Looping....
DEBUG:root:This is the line: drive:30.143:7.738

DEBUG:root:We got command: drive
DEBUG:root:We got a drive command: rawX:7.738000 and rawY:30.143000
DEBUG:root:Forward to the Right
DEBUG:root:Left=-30.143000 Right=22.405000
DEBUG:root:ScaledLeft: 307.178250 ScaledRight: 425.411250
INFO:root:Looping....
DEBUG:root:This is the line: drive:29.705:7.738

DEBUG:root:We got command: drive
DEBUG:root:We got a drive command: rawX:7.738000 and rawY:29.705000
DEBUG:root:Forward to the Right
DEBUG:root:Left=-29.705000 Right=21.967000
DEBUG:root:ScaledLeft: 308.163750 ScaledRight: 424.425750
INFO:root:Looping....
DEBUG:root:This is the line: drive:29.106:7.738

DEBUG:root:We got command: drive
DEBUG:root:We got a drive command: rawX:7.738000 and rawY:29.106000
DEBUG:root:Forward to the Right
DEBUG:root:Left=-29.106000 Right=21.368000
DEBUG:root:ScaledLeft: 309.511500 ScaledRight: 423.078000
INFO:root:Looping....
DEBUG:root:This is the line: drive:28.742:7.44

DEBUG:root:We got command: drive
DEBUG:root:We got a drive command: rawX:7.440000 and rawY:28.742000
DEBUG:root:Forward to the Right
DEBUG:root:Left=-28.742000 Right=21.302000
DEBUG:root:ScaledLeft: 310.330500 ScaledRight: 422.929500
INFO:root:Looping....
DEBUG:root:This is the line: drive:28.161:7.44

DEBUG:root:We got command: drive
DEBUG:root:We got a drive command: rawX:7.440000 and rawY:28.161000
DEBUG:root:Forward to the Right
DEBUG:root:Left=-28.161000 Right=20.721000
DEBUG:root:ScaledLeft: 311.637750 ScaledRight: 421.622250
INFO:root:Looping....
DEBUG:root:This is the line: drive:27.695:7.44

DEBUG:root:We got command: drive
DEBUG:root:We got a drive command: rawX:7.440000 and rawY:27.695000
DEBUG:root:Forward to the Right
DEBUG:root:Left=-27.695000 Right=20.255000
DEBUG:root:ScaledLeft: 312.686250 ScaledRight: 420.573750
INFO:root:Looping....
DEBUG:root:This is the line: drive:26.714:7.44

DEBUG:root:We got command: drive
DEBUG:root:We got a drive command: rawX:7.440000 and rawY:26.714000
DEBUG:root:Forward to the Right
DEBUG:root:Left=-26.714000 Right=19.274000
DEBUG:root:ScaledLeft: 314.893500 ScaledRight: 418.366500
INFO:root:Looping....
DEBUG:root:This is the line: drive:26.146:7.143

DEBUG:root:We got command: drive
DEBUG:root:We got a drive command: rawX:7.143000 and rawY:26.146000
DEBUG:root:Forward to the Right
DEBUG:root:Left=-26.146000 Right=19.003000
DEBUG:root:ScaledLeft: 316.171500 ScaledRight: 417.756750
INFO:root:Looping....
DEBUG:root:This is the line: drive:25.143:6.808

DEBUG:root:We got command: drive
DEBUG:root:We got a drive command: rawX:6.808000 and rawY:25.143000
DEBUG:root:Forward to the Right
DEBUG:root:Left=-25.143000 Right=18.335000
DEBUG:root:ScaledLeft: 318.428250 ScaledRight: 416.253750
INFO:root:Looping....
DEBUG:root:This is the line: drive:23.518:6.845

DEBUG:root:We got command: drive
DEBUG:root:We got a drive command: rawX:6.845000 and rawY:23.518000
DEBUG:root:Forward to the Right
DEBUG:root:Left=-23.518000 Right=16.673000
DEBUG:root:ScaledLeft: 322.084500 ScaledRight: 412.514250
INFO:root:Looping....
DEBUG:root:This is the line: drive:21.857:6.845

DEBUG:root:We got command: drive
DEBUG:root:We got a drive command: rawX:6.845000 and rawY:21.857000
DEBUG:root:Forward to the Right
DEBUG:root:Left=-21.857000 Right=15.012000
DEBUG:root:ScaledLeft: 325.821750 ScaledRight: 408.777000
INFO:root:Looping....
DEBUG:root:This is the line: drive:20.875:6.845

DEBUG:root:We got command: drive
DEBUG:root:We got a drive command: rawX:6.845000 and rawY:20.875000
DEBUG:root:Forward to the Right
DEBUG:root:Left=-20.875000 Right=14.030000
DEBUG:root:ScaledLeft: 328.031250 ScaledRight: 406.567500
INFO:root:Looping....
DEBUG:root:This is the line: drive:20.571:6.581

DEBUG:root:We got command: drive
DEBUG:root:We got a drive command: rawX:6.581000 and rawY:20.571000
DEBUG:root:Forward to the Right
DEBUG:root:Left=-20.571000 Right=13.990000
DEBUG:root:ScaledLeft: 328.715250 ScaledRight: 406.477500
INFO:root:Looping....
DEBUG:root:This is the line: drive:19.69:6.548

DEBUG:root:We got command: drive
DEBUG:root:We got a drive command: rawX:6.548000 and rawY:19.690000
DEBUG:root:Forward to the Right
DEBUG:root:Left=-19.690000 Right=13.142000
DEBUG:root:ScaledLeft: 330.697500 ScaledRight: 404.569500
INFO:root:Looping....
DEBUG:root:This is the line: drive:18.856:6.25

DEBUG:root:We got command: drive
DEBUG:root:We got a drive command: rawX:6.250000 and rawY:18.856000
DEBUG:root:Forward to the Right
DEBUG:root:Left=-18.856000 Right=12.606000
DEBUG:root:ScaledLeft: 332.574000 ScaledRight: 403.363500
INFO:root:Looping....
DEBUG:root:This is the line: drive:17.987:5.952

DEBUG:root:We got command: drive
DEBUG:root:We got a drive command: rawX:5.952000 and rawY:17.987000
DEBUG:root:Forward to the Right
DEBUG:root:Left=-17.987000 Right=12.035000
DEBUG:root:ScaledLeft: 334.529250 ScaledRight: 402.078750
INFO:root:Looping....
DEBUG:root:This is the line: drive:17.374:5.952

DEBUG:root:We got command: drive
DEBUG:root:We got a drive command: rawX:5.952000 and rawY:17.374000
DEBUG:root:Forward to the Right
DEBUG:root:Left=-17.374000 Right=11.422000
DEBUG:root:ScaledLeft: 335.908500 ScaledRight: 400.699500
INFO:root:Looping....
DEBUG:root:This is the line: drive:16.857:5.595

DEBUG:root:We got command: drive
DEBUG:root:We got a drive command: rawX:5.595000 and rawY:16.857000
DEBUG:root:Forward to the Right
DEBUG:root:Left=-16.857000 Right=11.262000
DEBUG:root:ScaledLeft: 337.071750 ScaledRight: 400.339500
INFO:root:Looping....
DEBUG:root:This is the line: drive:16.222:5.655

DEBUG:root:We got command: drive
DEBUG:root:We got a drive command: rawX:5.655000 and rawY:16.222000
DEBUG:root:Forward to the Right
DEBUG:root:Left=-16.222000 Right=10.567000
DEBUG:root:ScaledLeft: 338.500500 ScaledRight: 398.775750
INFO:root:Looping....
DEBUG:root:This is the line: drive:15.392:5.655

DEBUG:root:We got command: drive
DEBUG:root:We got a drive command: rawX:5.655000 and rawY:15.392000
DEBUG:root:Forward to the Right
DEBUG:root:Left=-15.392000 Right=9.737000
DEBUG:root:ScaledLeft: 340.368000 ScaledRight: 396.908250
INFO:root:Looping....
DEBUG:root:This is the line: drive:15.087:5.655

DEBUG:root:We got command: drive
DEBUG:root:We got a drive command: rawX:5.655000 and rawY:15.087000
DEBUG:root:Forward to the Right
DEBUG:root:Left=-15.087000 Right=9.432000
DEBUG:root:ScaledLeft: 341.054250 ScaledRight: 396.222000
INFO:root:Looping....
DEBUG:root:This is the line: drive:14.5:5.655

DEBUG:root:We got command: drive
DEBUG:root:We got a drive command: rawX:5.655000 and rawY:14.500000
DEBUG:root:Forward to the Right
DEBUG:root:Left=-14.500000 Right=8.845000
DEBUG:root:ScaledLeft: 342.375000 ScaledRight: 394.901250
INFO:root:Looping....
DEBUG:root:This is the line: drive:13.486:5.357

DEBUG:root:We got command: drive
DEBUG:root:We got a drive command: rawX:5.357000 and rawY:13.486000
DEBUG:root:Forward to the Right
DEBUG:root:Left=-13.486000 Right=8.129000
DEBUG:root:ScaledLeft: 344.656500 ScaledRight: 393.290250
INFO:root:Looping....
DEBUG:root:This is the line: drive:13.121:5.357

DEBUG:root:We got command: drive
DEBUG:root:We got a drive command: rawX:5.357000 and rawY:13.121000
DEBUG:root:Forward to the Right
DEBUG:root:Left=-13.121000 Right=7.764000
DEBUG:root:ScaledLeft: 345.477750 ScaledRight: 392.469000
INFO:root:Looping....
DEBUG:root:This is the line: drive:12.493:5.06

DEBUG:root:We got command: drive
DEBUG:root:We got a drive command: rawX:5.060000 and rawY:12.493000
DEBUG:root:Forward to the Right
DEBUG:root:Left=-12.493000 Right=7.433000
DEBUG:root:ScaledLeft: 346.890750 ScaledRight: 391.724250
INFO:root:Looping....
DEBUG:root:This is the line: drive:12.229:5.06

DEBUG:root:We got command: drive
DEBUG:root:We got a drive command: rawX:5.060000 and rawY:12.229000
DEBUG:root:Forward to the Right
DEBUG:root:Left=-12.229000 Right=7.169000
DEBUG:root:ScaledLeft: 347.484750 ScaledRight: 391.130250
INFO:root:Looping....
DEBUG:root:This is the line: drive:11.884:5.06

DEBUG:root:We got command: drive
DEBUG:root:We got a drive command: rawX:5.060000 and rawY:11.884000
DEBUG:root:Forward to the Right
DEBUG:root:Left=-11.884000 Right=6.824000
DEBUG:root:ScaledLeft: 348.261000 ScaledRight: 390.354000
INFO:root:Looping....
DEBUG:root:This is the line: drive:11.133:4.752

DEBUG:root:We got command: drive
DEBUG:root:We got a drive command: rawX:4.752000 and rawY:11.133000
DEBUG:root:Forward to the Right
DEBUG:root:Left=-11.133000 Right=6.381000
DEBUG:root:ScaledLeft: 349.950750 ScaledRight: 389.357250
INFO:root:Looping....
DEBUG:root:This is the line: drive:10.758:4.762

DEBUG:root:We got command: drive
DEBUG:root:We got a drive command: rawX:4.762000 and rawY:10.758000
DEBUG:root:Forward to the Right
DEBUG:root:Left=-10.758000 Right=5.996000
DEBUG:root:ScaledLeft: 350.794500 ScaledRight: 388.491000
INFO:root:Looping....
DEBUG:root:This is the line: drive:9.939:4.762

DEBUG:root:We got command: drive
DEBUG:root:We got a drive command: rawX:4.762000 and rawY:9.939000
DEBUG:root:Forward to the Right
DEBUG:root:Left=-9.939000 Right=5.177000
DEBUG:root:ScaledLeft: 352.637250 ScaledRight: 386.648250
INFO:root:Looping....
DEBUG:root:This is the line: drive:9.67:4.762

DEBUG:root:We got command: drive
DEBUG:root:We got a drive command: rawX:4.762000 and rawY:9.670000
DEBUG:root:Forward to the Right
DEBUG:root:Left=-9.670000 Right=4.908000
DEBUG:root:ScaledLeft: 353.242500 ScaledRight: 386.043000
INFO:root:Looping....
DEBUG:root:This is the line: drive:8.714:4.762

DEBUG:root:We got command: drive
DEBUG:root:We got a drive command: rawX:4.762000 and rawY:8.714000
DEBUG:root:Forward to the Right
DEBUG:root:Left=-8.714000 Right=3.952000
DEBUG:root:ScaledLeft: 355.393500 ScaledRight: 383.892000
INFO:root:Looping....
DEBUG:root:This is the line: drive:8.143:4.762

DEBUG:root:We got command: drive
DEBUG:root:We got a drive command: rawX:4.762000 and rawY:8.143000
DEBUG:root:Forward to the Right
DEBUG:root:Left=-8.143000 Right=3.381000
DEBUG:root:ScaledLeft: 356.678250 ScaledRight: 382.607250
INFO:root:Looping....
DEBUG:root:This is the line: drive:7.714:4.315

DEBUG:root:We got command: drive
DEBUG:root:We got a drive command: rawX:4.315000 and rawY:7.714000
DEBUG:root:Forward to the Right
DEBUG:root:Left=-7.714000 Right=3.399000
DEBUG:root:ScaledLeft: 357.643500 ScaledRight: 382.647750
INFO:root:Looping....
DEBUG:root:This is the line: drive:7.055:4.464

DEBUG:root:We got command: drive
DEBUG:root:We got a drive command: rawX:4.464000 and rawY:7.055000
DEBUG:root:Forward to the Right
DEBUG:root:Left=-7.055000 Right=2.591000
DEBUG:root:ScaledLeft: 359.126250 ScaledRight: 380.829750
INFO:root:Looping....
DEBUG:root:This is the line: drive:6.429:4.464

DEBUG:root:We got command: drive
DEBUG:root:We got a drive command: rawX:4.464000 and rawY:6.429000
DEBUG:root:Forward to the Right
DEBUG:root:Left=-6.429000 Right=1.965000
DEBUG:root:ScaledLeft: 360.534750 ScaledRight: 379.421250
INFO:root:Looping....
DEBUG:root:This is the line: drive:6.246:4.464

DEBUG:root:We got command: drive
DEBUG:root:We got a drive command: rawX:4.464000 and rawY:6.246000
DEBUG:root:Forward to the Right
DEBUG:root:Left=-6.246000 Right=1.782000
DEBUG:root:ScaledLeft: 360.946500 ScaledRight: 379.009500
INFO:root:Looping....
DEBUG:root:This is the line: drive:5.965:4.167

DEBUG:root:We got command: drive
DEBUG:root:We got a drive command: rawX:4.167000 and rawY:5.965000
DEBUG:root:Forward to the Right
DEBUG:root:Left=-5.965000 Right=1.798000
DEBUG:root:ScaledLeft: 361.578750 ScaledRight: 379.045500
INFO:root:Looping....
DEBUG:root:This is the line: drive:5.286:4.167

DEBUG:root:We got command: drive
DEBUG:root:We got a drive command: rawX:4.167000 and rawY:5.286000
DEBUG:root:Forward to the Right
DEBUG:root:Left=-5.286000 Right=1.119000
DEBUG:root:ScaledLeft: 363.106500 ScaledRight: 377.517750
INFO:root:Looping....
DEBUG:root:This is the line: drive:4.714:4.167

DEBUG:root:We got command: drive
DEBUG:root:We got a drive command: rawX:4.167000 and rawY:4.714000
DEBUG:root:Forward to the Right
DEBUG:root:Left=-4.714000 Right=0.547000
DEBUG:root:ScaledLeft: 364.393500 ScaledRight: 376.230750
INFO:root:Looping....
DEBUG:root:This is the line: drive:3.995:3.869

DEBUG:root:We got command: drive
DEBUG:root:We got a drive command: rawX:3.869000 and rawY:3.995000
DEBUG:root:Forward to the Right
DEBUG:root:Left=-3.995000 Right=0.126000
DEBUG:root:ScaledLeft: 366.011250 ScaledRight: 375.283500
INFO:root:Looping....
DEBUG:root:This is the line: drive:3.371:3.869

DEBUG:root:We got command: drive
DEBUG:root:We got a drive command: rawX:3.869000 and rawY:3.371000
DEBUG:root:Forward to the Right
DEBUG:root:Left=-3.371000 Right=-0.498000
DEBUG:root:ScaledLeft: 367.415250 ScaledRight: 373.879500
INFO:root:Looping....
DEBUG:root:This is the line: drive:3.11:3.869

DEBUG:root:We got command: drive
DEBUG:root:We got a drive command: rawX:3.869000 and rawY:3.110000
DEBUG:root:Forward to the Right
DEBUG:root:Left=-3.110000 Right=-0.759000
DEBUG:root:ScaledLeft: 368.002500 ScaledRight: 373.292250
INFO:root:Looping....
DEBUG:root:This is the line: drive:2.772:3.869

DEBUG:root:We got command: drive
DEBUG:root:We got a drive command: rawX:3.869000 and rawY:2.772000
DEBUG:root:Forward to the Right
DEBUG:root:Left=-2.772000 Right=-1.097000
DEBUG:root:ScaledLeft: 368.763000 ScaledRight: 372.531750
INFO:root:Looping....
DEBUG:root:This is the line: drive:1.896:3.869

DEBUG:root:We got command: drive
DEBUG:root:We got a drive command: rawX:3.869000 and rawY:1.896000
DEBUG:root:Forward to the Right
DEBUG:root:Left=-1.896000 Right=-1.973000
DEBUG:root:ScaledLeft: 370.734000 ScaledRight: 370.560750
INFO:root:Looping....
DEBUG:root:This is the line: drive:1.425:3.571

DEBUG:root:We got command: drive
DEBUG:root:We got a drive command: rawX:3.571000 and rawY:1.425000
DEBUG:root:Forward to the Right
DEBUG:root:Left=-1.425000 Right=-2.146000
DEBUG:root:ScaledLeft: 371.793750 ScaledRight: 370.171500
INFO:root:Looping....
DEBUG:root:This is the line: drive:0.825:3.571

DEBUG:root:We got command: drive
DEBUG:root:We got a drive command: rawX:3.571000 and rawY:0.825000
DEBUG:root:Forward to the Right
DEBUG:root:Left=-0.825000 Right=-2.746000
DEBUG:root:ScaledLeft: 373.143750 ScaledRight: 368.821500
INFO:root:Looping....
DEBUG:root:This is the line: drive:-0.084:3.571

DEBUG:root:We got command: drive
DEBUG:root:We got a drive command: rawX:3.571000 and rawY:-0.084000
DEBUG:root:Reverse to the Right
DEBUG:root:Left=0.084000 Right=-3.655000
DEBUG:root:ScaledLeft: 375.189000 ScaledRight: 366.776250
INFO:root:Looping....
DEBUG:root:This is the line: drive:-0.571:3.26

DEBUG:root:We got command: drive
DEBUG:root:We got a drive command: rawX:3.260000 and rawY:-0.571000
DEBUG:root:Reverse to the Right
DEBUG:root:Left=0.571000 Right=-3.831000
DEBUG:root:ScaledLeft: 376.284750 ScaledRight: 366.380250
INFO:root:Looping....
DEBUG:root:This is the line: drive:-0.911:3.274

DEBUG:root:We got command: drive
DEBUG:root:We got a drive command: rawX:3.274000 and rawY:-0.911000
DEBUG:root:Reverse to the Right
DEBUG:root:Left=0.911000 Right=-4.185000
DEBUG:root:ScaledLeft: 377.049750 ScaledRight: 365.583750
INFO:root:Looping....
DEBUG:root:This is the line: drive:-1.762:3.274

DEBUG:root:We got command: drive
DEBUG:root:We got a drive command: rawX:3.274000 and rawY:-1.762000
DEBUG:root:Reverse to the Right
DEBUG:root:Left=1.762000 Right=-5.036000
DEBUG:root:ScaledLeft: 378.964500 ScaledRight: 363.669000
INFO:root:Looping....
DEBUG:root:This is the line: drive:-2.429:3.274

DEBUG:root:We got command: drive
DEBUG:root:We got a drive command: rawX:3.274000 and rawY:-2.429000
DEBUG:root:Reverse to the Right
DEBUG:root:Left=2.429000 Right=-5.703000
DEBUG:root:ScaledLeft: 380.465250 ScaledRight: 362.168250
INFO:root:Looping....
DEBUG:root:This is the line: drive:-3.0:2.976

DEBUG:root:We got command: drive
DEBUG:root:We got a drive command: rawX:2.976000 and rawY:-3.000000
DEBUG:root:Reverse to the Right
DEBUG:root:Left=3.000000 Right=-5.976000
DEBUG:root:ScaledLeft: 381.750000 ScaledRight: 361.554000
INFO:root:Looping....
DEBUG:root:This is the line: drive:-3.154:2.976

DEBUG:root:We got command: drive
DEBUG:root:We got a drive command: rawX:2.976000 and rawY:-3.154000
DEBUG:root:Reverse to the Right
DEBUG:root:Left=3.154000 Right=-6.130000
DEBUG:root:ScaledLeft: 382.096500 ScaledRight: 361.207500
INFO:root:Looping....
DEBUG:root:This is the line: drive:-4.084:2.976

DEBUG:root:We got command: drive
DEBUG:root:We got a drive command: rawX:2.976000 and rawY:-4.084000
DEBUG:root:Reverse to the Right
DEBUG:root:Left=4.084000 Right=-7.060000
DEBUG:root:ScaledLeft: 384.189000 ScaledRight: 359.115000
INFO:root:Looping....
DEBUG:root:This is the line: drive:-4.766:2.679

DEBUG:root:We got command: drive
DEBUG:root:We got a drive command: rawX:2.679000 and rawY:-4.766000
DEBUG:root:Reverse to the Right
DEBUG:root:Left=4.766000 Right=-7.445000
DEBUG:root:ScaledLeft: 385.723500 ScaledRight: 358.248750
INFO:root:Looping....
DEBUG:root:This is the line: drive:-5.433:2.381

DEBUG:root:We got command: drive
DEBUG:root:We got a drive command: rawX:2.381000 and rawY:-5.433000
DEBUG:root:Reverse to the Right
DEBUG:root:Left=5.433000 Right=-7.814000
DEBUG:root:ScaledLeft: 387.224250 ScaledRight: 357.418500
INFO:root:Looping....
DEBUG:root:This is the line: drive:-5.741:2.381

DEBUG:root:We got command: drive
DEBUG:root:We got a drive command: rawX:2.381000 and rawY:-5.741000
DEBUG:root:Reverse to the Right
DEBUG:root:Left=5.741000 Right=-8.122000
DEBUG:root:ScaledLeft: 387.917250 ScaledRight: 356.725500
INFO:root:Looping....
DEBUG:root:This is the line: drive:-6.055:2.381

DEBUG:root:We got command: drive
DEBUG:root:We got a drive command: rawX:2.381000 and rawY:-6.055000
DEBUG:root:Reverse to the Right
DEBUG:root:Left=6.055000 Right=-8.436000
DEBUG:root:ScaledLeft: 388.623750 ScaledRight: 356.019000
INFO:root:Looping....
DEBUG:root:This is the line: drive:-6.335:2.381

DEBUG:root:We got command: drive
DEBUG:root:We got a drive command: rawX:2.381000 and rawY:-6.335000
DEBUG:root:Reverse to the Right
DEBUG:root:Left=6.335000 Right=-8.716000
DEBUG:root:ScaledLeft: 389.253750 ScaledRight: 355.389000
INFO:root:Looping....
DEBUG:root:This is the line: drive:-6.597:2.381

DEBUG:root:We got command: drive
DEBUG:root:We got a drive command: rawX:2.381000 and rawY:-6.597000
DEBUG:root:Reverse to the Right
DEBUG:root:Left=6.597000 Right=-8.978000
DEBUG:root:ScaledLeft: 389.843250 ScaledRight: 354.799500
INFO:root:Looping....
DEBUG:root:This is the line: drive:-7.0:2.083

DEBUG:root:We got command: drive
DEBUG:root:We got a drive command: rawX:2.083000 and rawY:-7.000000
DEBUG:root:Reverse to the Right
DEBUG:root:Left=7.000000 Right=-9.083000
DEBUG:root:ScaledLeft: 390.750000 ScaledRight: 354.563250
INFO:root:Looping....
DEBUG:root:This is the line: drive:-6.857:1.762

DEBUG:root:We got command: drive
DEBUG:root:We got a drive command: rawX:1.762000 and rawY:-6.857000
DEBUG:root:Reverse to the Right
DEBUG:root:Left=6.857000 Right=-8.619000
DEBUG:root:ScaledLeft: 390.428250 ScaledRight: 355.607250
INFO:root:Looping....
DEBUG:root:This is the line: drive:-6.857:1.762

DEBUG:root:We got command: drive
DEBUG:root:We got a drive command: rawX:1.762000 and rawY:-6.857000
DEBUG:root:Reverse to the Right
DEBUG:root:Left=6.857000 Right=-8.619000
DEBUG:root:ScaledLeft: 390.428250 ScaledRight: 355.607250
INFO:root:Looping....
DEBUG:root:This is the line: drive:-6.857:1.762

DEBUG:root:We got command: drive
DEBUG:root:We got a drive command: rawX:1.762000 and rawY:-6.857000
DEBUG:root:Reverse to the Right
DEBUG:root:Left=6.857000 Right=-8.619000
DEBUG:root:ScaledLeft: 390.428250 ScaledRight: 355.607250
INFO:root:Looping....
DEBUG:root:This is the line: drive:-6.857:1.762

DEBUG:root:We got command: drive
DEBUG:root:We got a drive command: rawX:1.762000 and rawY:-6.857000
DEBUG:root:Reverse to the Right
DEBUG:root:Left=6.857000 Right=-8.619000
DEBUG:root:ScaledLeft: 390.428250 ScaledRight: 355.607250
INFO:root:Looping....
DEBUG:root:This is the line: drive:-6.857:1.475

DEBUG:root:We got command: drive
DEBUG:root:We got a drive command: rawX:1.475000 and rawY:-6.857000
DEBUG:root:Reverse to the Right
DEBUG:root:Left=6.857000 Right=-8.332000
DEBUG:root:ScaledLeft: 390.428250 ScaledRight: 356.253000
INFO:root:Looping....
DEBUG:root:This is the line: drive:-6.857:1.162

DEBUG:root:We got command: drive
DEBUG:root:We got a drive command: rawX:1.162000 and rawY:-6.857000
DEBUG:root:Reverse to the Right
DEBUG:root:Left=6.857000 Right=-8.019000
DEBUG:root:ScaledLeft: 390.428250 ScaledRight: 356.957250
INFO:root:Looping....
DEBUG:root:This is the line: drive:-6.857:1.162

DEBUG:root:We got command: drive
DEBUG:root:We got a drive command: rawX:1.162000 and rawY:-6.857000
DEBUG:root:Reverse to the Right
DEBUG:root:Left=6.857000 Right=-8.019000
DEBUG:root:ScaledLeft: 390.428250 ScaledRight: 356.957250
INFO:root:Looping....
DEBUG:root:This is the line: drive:-6.857:0.874

DEBUG:root:We got command: drive
DEBUG:root:We got a drive command: rawX:0.874000 and rawY:-6.857000
DEBUG:root:Reverse to the Right
DEBUG:root:Left=6.857000 Right=-7.731000
DEBUG:root:ScaledLeft: 390.428250 ScaledRight: 357.605250
INFO:root:Looping....
DEBUG:root:This is the line: drive:-6.542:0.893

DEBUG:root:We got command: drive
DEBUG:root:We got a drive command: rawX:0.893000 and rawY:-6.542000
DEBUG:root:Reverse to the Right
DEBUG:root:Left=6.542000 Right=-7.435000
DEBUG:root:ScaledLeft: 389.719500 ScaledRight: 358.271250
INFO:root:Looping....
DEBUG:root:This is the line: drive:-6.257:0.893

DEBUG:root:We got command: drive
DEBUG:root:We got a drive command: rawX:0.893000 and rawY:-6.257000
DEBUG:root:Reverse to the Right
DEBUG:root:Left=6.257000 Right=-7.150000
DEBUG:root:ScaledLeft: 389.078250 ScaledRight: 358.912500
INFO:root:Looping....
DEBUG:root:This is the line: drive:-5.976:0.893

DEBUG:root:We got command: drive
DEBUG:root:We got a drive command: rawX:0.893000 and rawY:-5.976000
DEBUG:root:Reverse to the Right
DEBUG:root:Left=5.976000 Right=-6.869000
DEBUG:root:ScaledLeft: 388.446000 ScaledRight: 359.544750
INFO:root:Looping....
DEBUG:root:This is the line: drive:-5.381:0.893

DEBUG:root:We got command: drive
DEBUG:root:We got a drive command: rawX:0.893000 and rawY:-5.381000
DEBUG:root:Reverse to the Right
DEBUG:root:Left=5.381000 Right=-6.274000
DEBUG:root:ScaledLeft: 387.107250 ScaledRight: 360.883500
INFO:root:Looping....
DEBUG:root:This is the line: drive:-5.0:0.893

DEBUG:root:We got command: drive
DEBUG:root:We got a drive command: rawX:0.893000 and rawY:-5.000000
DEBUG:root:Reverse to the Right
DEBUG:root:Left=5.000000 Right=-5.893000
DEBUG:root:ScaledLeft: 386.250000 ScaledRight: 361.740750
INFO:root:Looping....
DEBUG:root:This is the line: drive:-5.143:0.556

DEBUG:root:We got command: drive
DEBUG:root:We got a drive command: rawX:0.556000 and rawY:-5.143000
DEBUG:root:Reverse to the Right
DEBUG:root:Left=5.143000 Right=-5.699000
DEBUG:root:ScaledLeft: 386.571750 ScaledRight: 362.177250
INFO:root:Looping....
DEBUG:root:This is the line: drive:-4.429:0.595

DEBUG:root:We got command: drive
DEBUG:root:We got a drive command: rawX:0.595000 and rawY:-4.429000
DEBUG:root:Reverse to the Right
DEBUG:root:Left=4.429000 Right=-5.024000
DEBUG:root:ScaledLeft: 384.965250 ScaledRight: 363.696000
INFO:root:Looping....
DEBUG:root:This is the line: drive:-3.69:0.272

DEBUG:root:We got command: drive
DEBUG:root:We got a drive command: rawX:0.272000 and rawY:-3.690000
DEBUG:root:Reverse to the Right
DEBUG:root:Left=3.690000 Right=-3.962000
DEBUG:root:ScaledLeft: 383.302500 ScaledRight: 366.085500
INFO:root:Looping....
DEBUG:root:This is the line: drive:-3.0:0.298

DEBUG:root:We got command: drive
DEBUG:root:We got a drive command: rawX:0.298000 and rawY:-3.000000
DEBUG:root:Reverse to the Right
DEBUG:root:Left=3.000000 Right=-3.298000
DEBUG:root:ScaledLeft: 381.750000 ScaledRight: 367.579500
INFO:root:Looping....
DEBUG:root:This is the line: drive:-2.487:0.0

DEBUG:root:We got command: drive
DEBUG:root:We got a drive command: rawX:0.000000 and rawY:-2.487000
DEBUG:root:Reverse to the Left/Straight
DEBUG:root:Left=2.487000 Right=-2.487000
DEBUG:root:ScaledLeft: 380.595750 ScaledRight: 369.404250
INFO:root:Looping....
DEBUG:root:This is the line: drive:-2.487:0.0

DEBUG:root:We got command: drive
DEBUG:root:We got a drive command: rawX:0.000000 and rawY:-2.487000
DEBUG:root:Reverse to the Left/Straight
DEBUG:root:Left=2.487000 Right=-2.487000
DEBUG:root:ScaledLeft: 380.595750 ScaledRight: 369.404250
INFO:root:Looping....
DEBUG:root:This is the line: drive:-2.487:0.0

DEBUG:root:We got command: drive
DEBUG:root:We got a drive command: rawX:0.000000 and rawY:-2.487000
DEBUG:root:Reverse to the Left/Straight
DEBUG:root:Left=2.487000 Right=-2.487000
DEBUG:root:ScaledLeft: 380.595750 ScaledRight: 369.404250
INFO:root:Looping....
DEBUG:root:This is the line: drive:-2.487:0.0

DEBUG:root:We got command: drive
DEBUG:root:We got a drive command: rawX:0.000000 and rawY:-2.487000
DEBUG:root:Reverse to the Left/Straight
DEBUG:root:Left=2.487000 Right=-2.487000
DEBUG:root:ScaledLeft: 380.595750 ScaledRight: 369.404250
INFO:root:Looping....
DEBUG:root:This is the line: drive:-2.487:0.0

DEBUG:root:We got command: drive
DEBUG:root:We got a drive command: rawX:0.000000 and rawY:-2.487000
DEBUG:root:Reverse to the Left/Straight
DEBUG:root:Left=2.487000 Right=-2.487000
DEBUG:root:ScaledLeft: 380.595750 ScaledRight: 369.404250
INFO:root:Looping....
DEBUG:root:This is the line: drive:-2.487:0.0

DEBUG:root:We got command: drive
DEBUG:root:We got a drive command: rawX:0.000000 and rawY:-2.487000
DEBUG:root:Reverse to the Left/Straight
DEBUG:root:Left=2.487000 Right=-2.487000
DEBUG:root:ScaledLeft: 380.595750 ScaledRight: 369.404250
INFO:root:Looping....
DEBUG:root:This is the line: drive:-2.487:0.0

DEBUG:root:We got command: drive
DEBUG:root:We got a drive command: rawX:0.000000 and rawY:-2.487000
DEBUG:root:Reverse to the Left/Straight
DEBUG:root:Left=2.487000 Right=-2.487000
DEBUG:root:ScaledLeft: 380.595750 ScaledRight: 369.404250
INFO:root:Looping....
DEBUG:root:This is the line: drive:-2.571:-0.304

DEBUG:root:We got command: drive
DEBUG:root:We got a drive command: rawX:-0.304000 and rawY:-2.571000
DEBUG:root:Reverse to the Left/Straight
DEBUG:root:Left=2.267000 Right=-2.571000
DEBUG:root:ScaledLeft: 380.100750 ScaledRight: 369.215250
INFO:root:Looping....
DEBUG:root:This is the line: drive:-2.571:-0.304

DEBUG:root:We got command: drive
DEBUG:root:We got a drive command: rawX:-0.304000 and rawY:-2.571000
DEBUG:root:Reverse to the Left/Straight
DEBUG:root:Left=2.267000 Right=-2.571000
DEBUG:root:ScaledLeft: 380.100750 ScaledRight: 369.215250
INFO:root:Looping....
DEBUG:root:This is the line: drive:-2.571:-0.63

DEBUG:root:We got command: drive
DEBUG:root:We got a drive command: rawX:-0.630000 and rawY:-2.571000
DEBUG:root:Reverse to the Left/Straight
DEBUG:root:Left=1.941000 Right=-2.571000
DEBUG:root:ScaledLeft: 379.367250 ScaledRight: 369.215250
INFO:root:Looping....
DEBUG:root:This is the line: drive:-2.571:-0.63

DEBUG:root:We got command: drive
DEBUG:root:We got a drive command: rawX:-0.630000 and rawY:-2.571000
DEBUG:root:Reverse to the Left/Straight
DEBUG:root:Left=1.941000 Right=-2.571000
DEBUG:root:ScaledLeft: 379.367250 ScaledRight: 369.215250
INFO:root:Looping....
DEBUG:root:This is the line: drive:-2.877:-0.595

DEBUG:root:We got command: drive
DEBUG:root:We got a drive command: rawX:-0.595000 and rawY:-2.877000
DEBUG:root:Reverse to the Left/Straight
DEBUG:root:Left=2.282000 Right=-2.877000
DEBUG:root:ScaledLeft: 380.134500 ScaledRight: 368.526750
INFO:root:Looping....
DEBUG:root:This is the line: drive:-4.143:-0.893

DEBUG:root:We got command: drive
DEBUG:root:We got a drive command: rawX:-0.893000 and rawY:-4.143000
DEBUG:root:Reverse to the Left/Straight
DEBUG:root:Left=3.250000 Right=-4.143000
DEBUG:root:ScaledLeft: 382.312500 ScaledRight: 365.678250
INFO:root:Looping....
DEBUG:root:This is the line: drive:-4.349:-0.893

DEBUG:root:We got command: drive
DEBUG:root:We got a drive command: rawX:-0.893000 and rawY:-4.349000
DEBUG:root:Reverse to the Left/Straight
DEBUG:root:Left=3.456000 Right=-4.349000
DEBUG:root:ScaledLeft: 382.776000 ScaledRight: 365.214750
INFO:root:Looping....
DEBUG:root:This is the line: drive:-4.941:-0.893

DEBUG:root:We got command: drive
DEBUG:root:We got a drive command: rawX:-0.893000 and rawY:-4.941000
DEBUG:root:Reverse to the Left/Straight
DEBUG:root:Left=4.048000 Right=-4.941000
DEBUG:root:ScaledLeft: 384.108000 ScaledRight: 363.882750
INFO:root:Looping....
DEBUG:root:This is the line: drive:-5.513:-1.19

DEBUG:root:We got command: drive
DEBUG:root:We got a drive command: rawX:-1.190000 and rawY:-5.513000
DEBUG:root:Reverse to the Left/Straight
DEBUG:root:Left=4.323000 Right=-5.513000
DEBUG:root:ScaledLeft: 384.726750 ScaledRight: 362.595750
INFO:root:Looping....
DEBUG:root:This is the line: drive:-6.008:-1.19

DEBUG:root:We got command: drive
DEBUG:root:We got a drive command: rawX:-1.190000 and rawY:-6.008000
DEBUG:root:Reverse to the Left/Straight
DEBUG:root:Left=4.818000 Right=-6.008000
DEBUG:root:ScaledLeft: 385.840500 ScaledRight: 361.482000
INFO:root:Looping....
DEBUG:root:This is the line: drive:-6.6:-1.19

DEBUG:root:We got command: drive
DEBUG:root:We got a drive command: rawX:-1.190000 and rawY:-6.600000
DEBUG:root:Reverse to the Left/Straight
DEBUG:root:Left=5.410000 Right=-6.600000
DEBUG:root:ScaledLeft: 387.172500 ScaledRight: 360.150000
INFO:root:Looping....
DEBUG:root:This is the line: drive:-6.924:-1.488

DEBUG:root:We got command: drive
DEBUG:root:We got a drive command: rawX:-1.488000 and rawY:-6.924000
DEBUG:root:Reverse to the Left/Straight
DEBUG:root:Left=5.436000 Right=-6.924000
DEBUG:root:ScaledLeft: 387.231000 ScaledRight: 359.421000
INFO:root:Looping....
DEBUG:root:This is the line: drive:-7.191:-1.488

DEBUG:root:We got command: drive
DEBUG:root:We got a drive command: rawX:-1.488000 and rawY:-7.191000
DEBUG:root:Reverse to the Left/Straight
DEBUG:root:Left=5.703000 Right=-7.191000
DEBUG:root:ScaledLeft: 387.831750 ScaledRight: 358.820250
INFO:root:Looping....
DEBUG:root:This is the line: drive:-7.143:-1.826

DEBUG:root:We got command: drive
DEBUG:root:We got a drive command: rawX:-1.826000 and rawY:-7.143000
DEBUG:root:Reverse to the Left/Straight
DEBUG:root:Left=5.317000 Right=-7.143000
DEBUG:root:ScaledLeft: 386.963250 ScaledRight: 358.928250
INFO:root:Looping....
DEBUG:root:This is the line: drive:-7.143:-1.826

DEBUG:root:We got command: drive
DEBUG:root:We got a drive command: rawX:-1.826000 and rawY:-7.143000
DEBUG:root:Reverse to the Left/Straight
DEBUG:root:Left=5.317000 Right=-7.143000
DEBUG:root:ScaledLeft: 386.963250 ScaledRight: 358.928250
INFO:root:Looping....
DEBUG:root:This is the line: drive:-7.143:-1.826

DEBUG:root:We got command: drive
DEBUG:root:We got a drive command: rawX:-1.826000 and rawY:-7.143000
DEBUG:root:Reverse to the Left/Straight
DEBUG:root:Left=5.317000 Right=-7.143000
DEBUG:root:ScaledLeft: 386.963250 ScaledRight: 358.928250
INFO:root:Looping....
DEBUG:root:This is the line: drive:-7.143:-1.826

DEBUG:root:We got command: drive
DEBUG:root:We got a drive command: rawX:-1.826000 and rawY:-7.143000
DEBUG:root:Reverse to the Left/Straight
DEBUG:root:Left=5.317000 Right=-7.143000
DEBUG:root:ScaledLeft: 386.963250 ScaledRight: 358.928250
INFO:root:Looping....
DEBUG:root:This is the line: drive:-7.143:-1.826

DEBUG:root:We got command: drive
DEBUG:root:We got a drive command: rawX:-1.826000 and rawY:-7.143000
DEBUG:root:Reverse to the Left/Straight
DEBUG:root:Left=5.317000 Right=-7.143000
DEBUG:root:ScaledLeft: 386.963250 ScaledRight: 358.928250
INFO:root:Looping....
DEBUG:root:This is the line: drive:-7.143:-2.083

DEBUG:root:We got command: drive
DEBUG:root:We got a drive command: rawX:-2.083000 and rawY:-7.143000
DEBUG:root:Reverse to the Left/Straight
DEBUG:root:Left=5.060000 Right=-7.143000
DEBUG:root:ScaledLeft: 386.385000 ScaledRight: 358.928250
INFO:root:Looping....
DEBUG:root:This is the line: drive:-7.143:-2.083

DEBUG:root:We got command: drive
DEBUG:root:We got a drive command: rawX:-2.083000 and rawY:-7.143000
DEBUG:root:Reverse to the Left/Straight
DEBUG:root:Left=5.060000 Right=-7.143000
DEBUG:root:ScaledLeft: 386.385000 ScaledRight: 358.928250
INFO:root:Looping....
DEBUG:root:This is the line: drive:-7.143:-2.083

DEBUG:root:We got command: drive
DEBUG:root:We got a drive command: rawX:-2.083000 and rawY:-7.143000
DEBUG:root:Reverse to the Left/Straight
DEBUG:root:Left=5.060000 Right=-7.143000
DEBUG:root:ScaledLeft: 386.385000 ScaledRight: 358.928250
INFO:root:Looping....
DEBUG:root:This is the line: drive:-7.433:-2.083

DEBUG:root:We got command: drive
DEBUG:root:We got a drive command: rawX:-2.083000 and rawY:-7.433000
DEBUG:root:Reverse to the Left/Straight
DEBUG:root:Left=5.350000 Right=-7.433000
DEBUG:root:ScaledLeft: 387.037500 ScaledRight: 358.275750
INFO:root:Looping....
DEBUG:root:This is the line: drive:0:0

DEBUG:root:We got command: drive
DEBUG:root:We got a drive command: rawX:0.000000 and rawY:0.000000
DEBUG:root:Left=0.000000 Right=0.000000
DEBUG:root:ScaledLeft: 375.000000 ScaledRight: 375.000000
INFO:root:Looping....
DEBUG:root:This is the line: EMERGENCYSTOP:STOP

DEBUG:root:We got command: EMERGENCYSTOP
INFO:root:We got the EMERGENCY STOP command.
INFO:root:Looping....
DEBUG:root:This is the line: EMERGENCYSTOP:STOP

DEBUG:root:We got command: EMERGENCYSTOP
INFO:root:We got the EMERGENCY STOP command.
INFO:root:Looping....
DEBUG:root:This is the line: drive:-7.429:-1.756

DEBUG:root:We got command: drive
DEBUG:root:We got a drive command: rawX:-1.756000 and rawY:-7.429000
DEBUG:root:Reverse to the Left/Straight
DEBUG:root:Left=5.673000 Right=-7.429000
DEBUG:root:ScaledLeft: 387.764250 ScaledRight: 358.284750
INFO:root:Looping....
DEBUG:root:This is the line: drive:-31.289:39.66

DEBUG:root:We got command: drive
DEBUG:root:We got a drive command: rawX:39.660000 and rawY:-31.289000
DEBUG:root:Reverse to the Right
DEBUG:root:Left=31.289000 Right=-70.949000
DEBUG:root:ScaledLeft: 445.400250 ScaledRight: 215.364750
INFO:root:Looping....
DEBUG:root:This is the line: drive:0:0

DEBUG:root:We got command: drive
DEBUG:root:We got a drive command: rawX:0.000000 and rawY:0.000000
DEBUG:root:Left=0.000000 Right=0.000000
DEBUG:root:ScaledLeft: 375.000000 ScaledRight: 375.000000
INFO:root:Looping....
DEBUG:root:This is the line: drive:-37.593:41.667

DEBUG:root:We got command: drive
DEBUG:root:We got a drive command: rawX:41.667000 and rawY:-37.593000
DEBUG:root:Reverse to the Right
DEBUG:root:Left=37.593000 Right=-79.260000
DEBUG:root:ScaledLeft: 459.584250 ScaledRight: 196.665000
INFO:root:Looping....
DEBUG:root:This is the line: drive:-43.892:19.253

DEBUG:root:We got command: drive
DEBUG:root:We got a drive command: rawX:19.253000 and rawY:-43.892000
DEBUG:root:Reverse to the Right
DEBUG:root:Left=43.892000 Right=-63.145000
DEBUG:root:ScaledLeft: 473.757000 ScaledRight: 232.923750
INFO:root:Looping....
DEBUG:root:This is the line: drive:-24.356:-2.134

DEBUG:root:We got command: drive
DEBUG:root:We got a drive command: rawX:-2.134000 and rawY:-24.356000
DEBUG:root:Reverse to the Left/Straight
DEBUG:root:Left=22.222000 Right=-24.356000
DEBUG:root:ScaledLeft: 424.999500 ScaledRight: 320.199000
INFO:root:Looping....
DEBUG:root:This is the line: drive:6.173:-15.14

DEBUG:root:We got command: drive
DEBUG:root:We got a drive command: rawX:-15.140000 and rawY:6.173000
DEBUG:root:Forward to the Left/Straight
DEBUG:root:Left=-21.313000 Right=6.173000
DEBUG:root:ScaledLeft: 327.045750 ScaledRight: 388.889250
INFO:root:Looping....
DEBUG:root:This is the line: drive:19.103:-19.456

DEBUG:root:We got command: drive
DEBUG:root:We got a drive command: rawX:-19.456000 and rawY:19.103000
DEBUG:root:Forward to the Left/Straight
DEBUG:root:Left=-38.559000 Right=19.103000
DEBUG:root:ScaledLeft: 288.242250 ScaledRight: 417.981750
INFO:root:Looping....
DEBUG:root:This is the line: drive:30.047:-23.164

DEBUG:root:We got command: drive
DEBUG:root:We got a drive command: rawX:-23.164000 and rawY:30.047000
DEBUG:root:Forward to the Left/Straight
DEBUG:root:Left=-53.211000 Right=30.047000
DEBUG:root:ScaledLeft: 255.275250 ScaledRight: 442.605750
INFO:root:Looping....
DEBUG:root:This is the line: drive:34.934:-23.512

DEBUG:root:We got command: drive
DEBUG:root:We got a drive command: rawX:-23.512000 and rawY:34.934000
DEBUG:root:Forward to the Left/Straight
DEBUG:root:Left=-58.446000 Right=34.934000
DEBUG:root:ScaledLeft: 243.496500 ScaledRight: 453.601500
INFO:root:Looping....
DEBUG:root:This is the line: drive:36.351:-23.512

DEBUG:root:We got command: drive
DEBUG:root:We got a drive command: rawX:-23.512000 and rawY:36.351000
DEBUG:root:Forward to the Left/Straight
DEBUG:root:Left=-59.863000 Right=36.351000
DEBUG:root:ScaledLeft: 240.308250 ScaledRight: 456.789750
INFO:root:Looping....
DEBUG:root:This is the line: drive:38.799:-21.726

DEBUG:root:We got command: drive
DEBUG:root:We got a drive command: rawX:-21.726000 and rawY:38.799000
DEBUG:root:Forward to the Left/Straight
DEBUG:root:Left=-60.525000 Right=38.799000
DEBUG:root:ScaledLeft: 238.818750 ScaledRight: 462.297750
INFO:root:Looping....
DEBUG:root:This is the line: drive:39.0:-21.726

DEBUG:root:We got command: drive
DEBUG:root:We got a drive command: rawX:-21.726000 and rawY:39.000000
DEBUG:root:Forward to the Left/Straight
DEBUG:root:Left=-60.726000 Right=39.000000
DEBUG:root:ScaledLeft: 238.366500 ScaledRight: 462.750000
INFO:root:Looping....
DEBUG:root:This is the line: drive:39.0:-21.726

DEBUG:root:We got command: drive
DEBUG:root:We got a drive command: rawX:-21.726000 and rawY:39.000000
DEBUG:root:Forward to the Left/Straight
DEBUG:root:Left=-60.726000 Right=39.000000
DEBUG:root:ScaledLeft: 238.366500 ScaledRight: 462.750000
INFO:root:Looping....
DEBUG:root:This is the line: drive:40.942:-21.726

DEBUG:root:We got command: drive
DEBUG:root:We got a drive command: rawX:-21.726000 and rawY:40.942000
DEBUG:root:Forward to the Left/Straight
DEBUG:root:Left=-62.668000 Right=40.942000
DEBUG:root:ScaledLeft: 233.997000 ScaledRight: 467.119500
INFO:root:Looping....
DEBUG:root:This is the line: drive:41.571:-21.726

DEBUG:root:We got command: drive
DEBUG:root:We got a drive command: rawX:-21.726000 and rawY:41.571000
DEBUG:root:Forward to the Left/Straight
DEBUG:root:Left=-63.297000 Right=41.571000
DEBUG:root:ScaledLeft: 232.581750 ScaledRight: 468.534750
INFO:root:Looping....
DEBUG:root:This is the line: drive:41.571:-21.726

DEBUG:root:We got command: drive
DEBUG:root:We got a drive command: rawX:-21.726000 and rawY:41.571000
DEBUG:root:Forward to the Left/Straight
DEBUG:root:Left=-63.297000 Right=41.571000
DEBUG:root:ScaledLeft: 232.581750 ScaledRight: 468.534750
INFO:root:Looping....
DEBUG:root:This is the line: drive:41.571:-21.726

DEBUG:root:We got command: drive
DEBUG:root:We got a drive command: rawX:-21.726000 and rawY:41.571000
DEBUG:root:Forward to the Left/Straight
DEBUG:root:Left=-63.297000 Right=41.571000
DEBUG:root:ScaledLeft: 232.581750 ScaledRight: 468.534750
INFO:root:Looping....
DEBUG:root:This is the line: drive:41.571:-21.726

DEBUG:root:We got command: drive
DEBUG:root:We got a drive command: rawX:-21.726000 and rawY:41.571000
DEBUG:root:Forward to the Left/Straight
DEBUG:root:Left=-63.297000 Right=41.571000
DEBUG:root:ScaledLeft: 232.581750 ScaledRight: 468.534750
INFO:root:Looping....
DEBUG:root:This is the line: drive:41.571:-21.726

DEBUG:root:We got command: drive
DEBUG:root:We got a drive command: rawX:-21.726000 and rawY:41.571000
DEBUG:root:Forward to the Left/Straight
DEBUG:root:Left=-63.297000 Right=41.571000
DEBUG:root:ScaledLeft: 232.581750 ScaledRight: 468.534750
INFO:root:Looping....
DEBUG:root:This is the line: drive:41.571:-21.726

DEBUG:root:We got command: drive
DEBUG:root:We got a drive command: rawX:-21.726000 and rawY:41.571000
DEBUG:root:Forward to the Left/Straight
DEBUG:root:Left=-63.297000 Right=41.571000
DEBUG:root:ScaledLeft: 232.581750 ScaledRight: 468.534750
INFO:root:Looping....
DEBUG:root:This is the line: drive:41.429:-22.433

DEBUG:root:We got command: drive
DEBUG:root:We got a drive command: rawX:-22.433000 and rawY:41.429000
DEBUG:root:Forward to the Left/Straight
DEBUG:root:Left=-63.862000 Right=41.429000
DEBUG:root:ScaledLeft: 231.310500 ScaledRight: 468.215250
INFO:root:Looping....
DEBUG:root:This is the line: drive:41.429:-22.702

DEBUG:root:We got command: drive
DEBUG:root:We got a drive command: rawX:-22.702000 and rawY:41.429000
DEBUG:root:Forward to the Left/Straight
DEBUG:root:Left=-64.131000 Right=41.429000
DEBUG:root:ScaledLeft: 230.705250 ScaledRight: 468.215250
INFO:root:Looping....
DEBUG:root:This is the line: drive:40.481:-22.619

DEBUG:root:We got command: drive
DEBUG:root:We got a drive command: rawX:-22.619000 and rawY:40.481000
DEBUG:root:Forward to the Left/Straight
DEBUG:root:Left=-63.100000 Right=40.481000
DEBUG:root:ScaledLeft: 233.025000 ScaledRight: 466.082250
INFO:root:Looping....
DEBUG:root:This is the line: drive:37.774:-23.491

DEBUG:root:We got command: drive
DEBUG:root:We got a drive command: rawX:-23.491000 and rawY:37.774000
DEBUG:root:Forward to the Left/Straight
DEBUG:root:Left=-61.265000 Right=37.774000
DEBUG:root:ScaledLeft: 237.153750 ScaledRight: 459.991500
INFO:root:Looping....
DEBUG:root:This is the line: drive:9.819:-26.19

DEBUG:root:We got command: drive
DEBUG:root:We got a drive command: rawX:-26.190000 and rawY:9.819000
DEBUG:root:Forward to the Left/Straight
DEBUG:root:Left=-36.009000 Right=9.819000
DEBUG:root:ScaledLeft: 293.979750 ScaledRight: 397.092750
INFO:root:Looping....
DEBUG:root:This is the line: drive:2.08:-26.19

DEBUG:root:We got command: drive
DEBUG:root:We got a drive command: rawX:-26.190000 and rawY:2.080000
DEBUG:root:Forward to the Left/Straight
DEBUG:root:Left=-28.270000 Right=2.080000
DEBUG:root:ScaledLeft: 311.392500 ScaledRight: 379.680000
INFO:root:Looping....
DEBUG:root:This is the line: drive:-2.685:-26.19

DEBUG:root:We got command: drive
DEBUG:root:We got a drive command: rawX:-26.190000 and rawY:-2.685000
DEBUG:root:Reverse to the Left/Straight
DEBUG:root:Left=-23.505000 Right=-2.685000
DEBUG:root:ScaledLeft: 322.113750 ScaledRight: 368.958750
INFO:root:Looping....
DEBUG:root:This is the line: drive:-5.39:-26.19

DEBUG:root:We got command: drive
DEBUG:root:We got a drive command: rawX:-26.190000 and rawY:-5.390000
DEBUG:root:Reverse to the Left/Straight
DEBUG:root:Left=-20.800000 Right=-5.390000
DEBUG:root:ScaledLeft: 328.200000 ScaledRight: 362.872500
INFO:root:Looping....
DEBUG:root:This is the line: drive:-6.811:-26.19

DEBUG:root:We got command: drive
DEBUG:root:We got a drive command: rawX:-26.190000 and rawY:-6.811000
DEBUG:root:Reverse to the Left/Straight
DEBUG:root:Left=-19.379000 Right=-6.811000
DEBUG:root:ScaledLeft: 331.397250 ScaledRight: 359.675250
INFO:root:Looping....
DEBUG:root:This is the line: drive:-9.993:-26.19

DEBUG:root:We got command: drive
DEBUG:root:We got a drive command: rawX:-26.190000 and rawY:-9.993000
DEBUG:root:Reverse to the Left/Straight
DEBUG:root:Left=-16.197000 Right=-9.993000
DEBUG:root:ScaledLeft: 338.556750 ScaledRight: 352.515750
INFO:root:Looping....
DEBUG:root:This is the line: drive:-12.114:-26.19

DEBUG:root:We got command: drive
DEBUG:root:We got a drive command: rawX:-26.190000 and rawY:-12.114000
DEBUG:root:Reverse to the Left/Straight
DEBUG:root:Left=-14.076000 Right=-12.114000
DEBUG:root:ScaledLeft: 343.329000 ScaledRight: 347.743500
INFO:root:Looping....
DEBUG:root:This is the line: drive:-14.243:-26.19

DEBUG:root:We got command: drive
DEBUG:root:We got a drive command: rawX:-26.190000 and rawY:-14.243000
DEBUG:root:Reverse to the Left/Straight
DEBUG:root:Left=-11.947000 Right=-14.243000
DEBUG:root:ScaledLeft: 348.119250 ScaledRight: 342.953250
INFO:root:Looping....
DEBUG:root:This is the line: drive:-16.002:-26.19

DEBUG:root:We got command: drive
DEBUG:root:We got a drive command: rawX:-26.190000 and rawY:-16.002000
DEBUG:root:Reverse to the Left/Straight
DEBUG:root:Left=-10.188000 Right=-16.002000
DEBUG:root:ScaledLeft: 352.077000 ScaledRight: 338.995500
INFO:root:Looping....
DEBUG:root:This is the line: drive:-17.286:-26.19

DEBUG:root:We got command: drive
DEBUG:root:We got a drive command: rawX:-26.190000 and rawY:-17.286000
DEBUG:root:Reverse to the Left/Straight
DEBUG:root:Left=-8.904000 Right=-17.286000
DEBUG:root:ScaledLeft: 354.966000 ScaledRight: 336.106500
INFO:root:Looping....
DEBUG:root:This is the line: drive:-19.103:-26.19

DEBUG:root:We got command: drive
DEBUG:root:We got a drive command: rawX:-26.190000 and rawY:-19.103000
DEBUG:root:Reverse to the Left/Straight
DEBUG:root:Left=-7.087000 Right=-19.103000
DEBUG:root:ScaledLeft: 359.054250 ScaledRight: 332.018250
INFO:root:Looping....
DEBUG:root:This is the line: drive:-19.732:-25.875

DEBUG:root:We got command: drive
DEBUG:root:We got a drive command: rawX:-25.875000 and rawY:-19.732000
DEBUG:root:Reverse to the Left/Straight
DEBUG:root:Left=-6.143000 Right=-19.732000
DEBUG:root:ScaledLeft: 361.178250 ScaledRight: 330.603000
INFO:root:Looping....
DEBUG:root:This is the line: drive:-20.414:-25.164

DEBUG:root:We got command: drive
DEBUG:root:We got a drive command: rawX:-25.164000 and rawY:-20.414000
DEBUG:root:Reverse to the Left/Straight
DEBUG:root:Left=-4.750000 Right=-20.414000
DEBUG:root:ScaledLeft: 364.312500 ScaledRight: 329.068500
INFO:root:Looping....
DEBUG:root:This is the line: drive:-21.96:-23.81

DEBUG:root:We got command: drive
DEBUG:root:We got a drive command: rawX:-23.810000 and rawY:-21.960000
DEBUG:root:Reverse to the Left/Straight
DEBUG:root:Left=-1.850000 Right=-21.960000
DEBUG:root:ScaledLeft: 370.837500 ScaledRight: 325.590000
INFO:root:Looping....
DEBUG:root:This is the line: drive:-23.105:-23.512

DEBUG:root:We got command: drive
DEBUG:root:We got a drive command: rawX:-23.512000 and rawY:-23.105000
DEBUG:root:Reverse to the Left/Straight
DEBUG:root:Left=-0.407000 Right=-23.105000
DEBUG:root:ScaledLeft: 374.084250 ScaledRight: 323.013750
INFO:root:Looping....
DEBUG:root:This is the line: drive:-26.278:-22.917

DEBUG:root:We got command: drive
DEBUG:root:We got a drive command: rawX:-22.917000 and rawY:-26.278000
DEBUG:root:Reverse to the Left/Straight
DEBUG:root:Left=3.361000 Right=-26.278000
DEBUG:root:ScaledLeft: 382.562250 ScaledRight: 315.874500
INFO:root:Looping....
DEBUG:root:This is the line: drive:-28.128:-22.917

DEBUG:root:We got command: drive
DEBUG:root:We got a drive command: rawX:-22.917000 and rawY:-28.128000
DEBUG:root:Reverse to the Left/Straight
DEBUG:root:Left=5.211000 Right=-28.128000
DEBUG:root:ScaledLeft: 386.724750 ScaledRight: 311.712000
INFO:root:Looping....
DEBUG:root:This is the line: drive:-29.286:-22.917

DEBUG:root:We got command: drive
DEBUG:root:We got a drive command: rawX:-22.917000 and rawY:-29.286000
DEBUG:root:Reverse to the Left/Straight
DEBUG:root:Left=6.369000 Right=-29.286000
DEBUG:root:ScaledLeft: 389.330250 ScaledRight: 309.106500
INFO:root:Looping....
DEBUG:root:This is the line: drive:-30.048:-22.917

DEBUG:root:We got command: drive
DEBUG:root:We got a drive command: rawX:-22.917000 and rawY:-30.048000
DEBUG:root:Reverse to the Left/Straight
DEBUG:root:Left=7.131000 Right=-30.048000
DEBUG:root:ScaledLeft: 391.044750 ScaledRight: 307.392000
INFO:root:Looping....
DEBUG:root:This is the line: drive:-30.579:-22.917

DEBUG:root:We got command: drive
DEBUG:root:We got a drive command: rawX:-22.917000 and rawY:-30.579000
DEBUG:root:Reverse to the Left/Straight
DEBUG:root:Left=7.662000 Right=-30.579000
DEBUG:root:ScaledLeft: 392.239500 ScaledRight: 306.197250
INFO:root:Looping....
DEBUG:root:This is the line: drive:-32.33:-22.917

DEBUG:root:We got command: drive
DEBUG:root:We got a drive command: rawX:-22.917000 and rawY:-32.330000
DEBUG:root:Reverse to the Left/Straight
DEBUG:root:Left=9.413000 Right=-32.330000
DEBUG:root:ScaledLeft: 396.179250 ScaledRight: 302.257500
INFO:root:Looping....
DEBUG:root:This is the line: drive:-33.26:-22.917

DEBUG:root:We got command: drive
DEBUG:root:We got a drive command: rawX:-22.917000 and rawY:-33.260000
DEBUG:root:Reverse to the Left/Straight
DEBUG:root:Left=10.343000 Right=-33.260000
DEBUG:root:ScaledLeft: 398.271750 ScaledRight: 300.165000
INFO:root:Looping....
DEBUG:root:This is the line: drive:-34.085:-22.917

DEBUG:root:We got command: drive
DEBUG:root:We got a drive command: rawX:-22.917000 and rawY:-34.085000
DEBUG:root:Reverse to the Left/Straight
DEBUG:root:Left=11.168000 Right=-34.085000
DEBUG:root:ScaledLeft: 400.128000 ScaledRight: 298.308750
INFO:root:Looping....
DEBUG:root:This is the line: drive:-35.0:-22.917

DEBUG:root:We got command: drive
DEBUG:root:We got a drive command: rawX:-22.917000 and rawY:-35.000000
DEBUG:root:Reverse to the Left/Straight
DEBUG:root:Left=12.083000 Right=-35.000000
DEBUG:root:ScaledLeft: 402.186750 ScaledRight: 296.250000
INFO:root:Looping....
DEBUG:root:This is the line: drive:-37.343:-22.917

DEBUG:root:We got command: drive
DEBUG:root:We got a drive command: rawX:-22.917000 and rawY:-37.343000
DEBUG:root:Reverse to the Left/Straight
DEBUG:root:Left=14.426000 Right=-37.343000
DEBUG:root:ScaledLeft: 407.458500 ScaledRight: 290.978250
INFO:root:Looping....
DEBUG:root:This is the line: drive:-38.169:-22.917

DEBUG:root:We got command: drive
DEBUG:root:We got a drive command: rawX:-22.917000 and rawY:-38.169000
DEBUG:root:Reverse to the Left/Straight
DEBUG:root:Left=15.252000 Right=-38.169000
DEBUG:root:ScaledLeft: 409.317000 ScaledRight: 289.119750
INFO:root:Looping....
DEBUG:root:This is the line: drive:-39.22:-22.917

DEBUG:root:We got command: drive
DEBUG:root:We got a drive command: rawX:-22.917000 and rawY:-39.220000
DEBUG:root:Reverse to the Left/Straight
DEBUG:root:Left=16.303000 Right=-39.220000
DEBUG:root:ScaledLeft: 411.681750 ScaledRight: 286.755000
INFO:root:Looping....
DEBUG:root:This is the line: drive:-39.994:-22.917

DEBUG:root:We got command: drive
DEBUG:root:We got a drive command: rawX:-22.917000 and rawY:-39.994000
DEBUG:root:Reverse to the Left/Straight
DEBUG:root:Left=17.077000 Right=-39.994000
DEBUG:root:ScaledLeft: 413.423250 ScaledRight: 285.013500
INFO:root:Looping....
DEBUG:root:This is the line: drive:-40.351:-22.917

DEBUG:root:We got command: drive
DEBUG:root:We got a drive command: rawX:-22.917000 and rawY:-40.351000
DEBUG:root:Reverse to the Left/Straight
DEBUG:root:Left=17.434000 Right=-40.351000
DEBUG:root:ScaledLeft: 414.226500 ScaledRight: 284.210250
INFO:root:Looping....
DEBUG:root:This is the line: drive:-40.351:-22.917

DEBUG:root:We got command: drive
DEBUG:root:We got a drive command: rawX:-22.917000 and rawY:-40.351000
DEBUG:root:Reverse to the Left/Straight
DEBUG:root:Left=17.434000 Right=-40.351000
DEBUG:root:ScaledLeft: 414.226500 ScaledRight: 284.210250
INFO:root:Looping....
DEBUG:root:This is the line: drive:-41.429:-24.506

DEBUG:root:We got command: drive
DEBUG:root:We got a drive command: rawX:-24.506000 and rawY:-41.429000
DEBUG:root:Reverse to the Left/Straight
DEBUG:root:Left=16.923000 Right=-41.429000
DEBUG:root:ScaledLeft: 413.076750 ScaledRight: 281.784750
INFO:root:Looping....
DEBUG:root:This is the line: drive:-41.429:-28.753

DEBUG:root:We got command: drive
DEBUG:root:We got a drive command: rawX:-28.753000 and rawY:-41.429000
DEBUG:root:Reverse to the Left/Straight
DEBUG:root:Left=12.676000 Right=-41.429000
DEBUG:root:ScaledLeft: 403.521000 ScaledRight: 281.784750
INFO:root:Looping....
DEBUG:root:This is the line: drive:-41.429:-32.403

DEBUG:root:We got command: drive
DEBUG:root:We got a drive command: rawX:-32.403000 and rawY:-41.429000
DEBUG:root:Reverse to the Left/Straight
DEBUG:root:Left=9.026000 Right=-41.429000
DEBUG:root:ScaledLeft: 395.308500 ScaledRight: 281.784750
INFO:root:Looping....
DEBUG:root:This is the line: drive:-41.429:-34.651

DEBUG:root:We got command: drive
DEBUG:root:We got a drive command: rawX:-34.651000 and rawY:-41.429000
DEBUG:root:Reverse to the Left/Straight
DEBUG:root:Left=6.778000 Right=-41.429000
DEBUG:root:ScaledLeft: 390.250500 ScaledRight: 281.784750
INFO:root:Looping....
DEBUG:root:This is the line: drive:-41.429:-37.205

DEBUG:root:We got command: drive
DEBUG:root:We got a drive command: rawX:-37.205000 and rawY:-41.429000
DEBUG:root:Reverse to the Left/Straight
DEBUG:root:Left=4.224000 Right=-41.429000
DEBUG:root:ScaledLeft: 384.504000 ScaledRight: 281.784750
INFO:root:Looping....
DEBUG:root:This is the line: drive:-42.0:-41.36

DEBUG:root:We got command: drive
DEBUG:root:We got a drive command: rawX:-41.360000 and rawY:-42.000000
DEBUG:root:Reverse to the Left/Straight
DEBUG:root:Left=0.640000 Right=-42.000000
DEBUG:root:ScaledLeft: 376.440000 ScaledRight: 280.500000
INFO:root:Looping....
DEBUG:root:This is the line: drive:-42.0:-43.513

DEBUG:root:We got command: drive
DEBUG:root:We got a drive command: rawX:-43.513000 and rawY:-42.000000
DEBUG:root:Reverse to the Left/Straight
DEBUG:root:Left=-1.513000 Right=-42.000000
DEBUG:root:ScaledLeft: 371.595750 ScaledRight: 280.500000
INFO:root:Looping....
DEBUG:root:This is the line: drive:-42.286:-46.294

DEBUG:root:We got command: drive
DEBUG:root:We got a drive command: rawX:-46.294000 and rawY:-42.286000
DEBUG:root:Reverse to the Left/Straight
DEBUG:root:Left=-4.008000 Right=-42.286000
DEBUG:root:ScaledLeft: 365.982000 ScaledRight: 279.856500
INFO:root:Looping....
DEBUG:root:This is the line: drive:-42.571:-48.363

DEBUG:root:We got command: drive
DEBUG:root:We got a drive command: rawX:-48.363000 and rawY:-42.571000
DEBUG:root:Reverse to the Left/Straight
DEBUG:root:Left=-5.792000 Right=-42.571000
DEBUG:root:ScaledLeft: 361.968000 ScaledRight: 279.215250
INFO:root:Looping....
DEBUG:root:This is the line: drive:-43.429:-52.407

DEBUG:root:We got command: drive
DEBUG:root:We got a drive command: rawX:-52.407000 and rawY:-43.429000
DEBUG:root:Reverse to the Left/Straight
DEBUG:root:Left=-8.978000 Right=-43.429000
DEBUG:root:ScaledLeft: 354.799500 ScaledRight: 277.284750
INFO:root:Looping....
DEBUG:root:This is the line: drive:-43.714:-54.195

DEBUG:root:We got command: drive
DEBUG:root:We got a drive command: rawX:-54.195000 and rawY:-43.714000
DEBUG:root:Reverse to the Left/Straight
DEBUG:root:Left=-10.481000 Right=-43.714000
DEBUG:root:ScaledLeft: 351.417750 ScaledRight: 276.643500
INFO:root:Looping....
DEBUG:root:This is the line: drive:-44.286:-56.449

DEBUG:root:We got command: drive
DEBUG:root:We got a drive command: rawX:-56.449000 and rawY:-44.286000
DEBUG:root:Reverse to the Left/Straight
DEBUG:root:Left=-12.163000 Right=-44.286000
DEBUG:root:ScaledLeft: 347.633250 ScaledRight: 275.356500
INFO:root:Looping....
DEBUG:root:This is the line: drive:-44.571:-58.664

DEBUG:root:We got command: drive
DEBUG:root:We got a drive command: rawX:-58.664000 and rawY:-44.571000
DEBUG:root:Reverse to the Left/Straight
DEBUG:root:Left=-14.093000 Right=-44.571000
DEBUG:root:ScaledLeft: 343.290750 ScaledRight: 274.715250
INFO:root:Looping....
DEBUG:root:This is the line: drive:-44.857:-59.749

DEBUG:root:We got command: drive
DEBUG:root:We got a drive command: rawX:-59.749000 and rawY:-44.857000
DEBUG:root:Reverse to the Left/Straight
DEBUG:root:Left=-14.892000 Right=-44.857000
DEBUG:root:ScaledLeft: 341.493000 ScaledRight: 274.071750
INFO:root:Looping....
DEBUG:root:This is the line: drive:-45.143:-63.443

DEBUG:root:We got command: drive
DEBUG:root:We got a drive command: rawX:-63.443000 and rawY:-45.143000
DEBUG:root:Reverse to the Left/Straight
DEBUG:root:Left=-18.300000 Right=-45.143000
DEBUG:root:ScaledLeft: 333.825000 ScaledRight: 273.428250
INFO:root:Looping....
DEBUG:root:This is the line: drive:-45.143:-65.268

DEBUG:root:We got command: drive
DEBUG:root:We got a drive command: rawX:-65.268000 and rawY:-45.143000
DEBUG:root:Reverse to the Left/Straight
DEBUG:root:Left=-20.125000 Right=-45.143000
DEBUG:root:ScaledLeft: 329.718750 ScaledRight: 273.428250
INFO:root:Looping....
DEBUG:root:This is the line: drive:-45.143:-66.611

DEBUG:root:We got command: drive
DEBUG:root:We got a drive command: rawX:-66.611000 and rawY:-45.143000
DEBUG:root:Reverse to the Left/Straight
DEBUG:root:Left=-21.468000 Right=-45.143000
DEBUG:root:ScaledLeft: 326.697000 ScaledRight: 273.428250
INFO:root:Looping....
DEBUG:root:This is the line: drive:-45.429:-67.508

DEBUG:root:We got command: drive
DEBUG:root:We got a drive command: rawX:-67.508000 and rawY:-45.429000
DEBUG:root:Reverse to the Left/Straight
DEBUG:root:Left=-22.079000 Right=-45.429000
DEBUG:root:ScaledLeft: 325.322250 ScaledRight: 272.784750
INFO:root:Looping....
DEBUG:root:This is the line: drive:-45.429:-67.979

DEBUG:root:We got command: drive
DEBUG:root:We got a drive command: rawX:-67.979000 and rawY:-45.429000
DEBUG:root:Reverse to the Left/Straight
DEBUG:root:Left=-22.550000 Right=-45.429000
DEBUG:root:ScaledLeft: 324.262500 ScaledRight: 272.784750
INFO:root:Looping....
DEBUG:root:This is the line: drive:-45.714:-69.948

DEBUG:root:We got command: drive
DEBUG:root:We got a drive command: rawX:-69.948000 and rawY:-45.714000
DEBUG:root:Reverse to the Left/Straight
DEBUG:root:Left=-24.234000 Right=-45.714000
DEBUG:root:ScaledLeft: 320.473500 ScaledRight: 272.143500
INFO:root:Looping....
DEBUG:root:This is the line: drive:-46.286:-71.588

DEBUG:root:We got command: drive
DEBUG:root:We got a drive command: rawX:-71.588000 and rawY:-46.286000
DEBUG:root:Reverse to the Left/Straight
DEBUG:root:Left=-25.302000 Right=-46.286000
DEBUG:root:ScaledLeft: 318.070500 ScaledRight: 270.856500
INFO:root:Looping....
DEBUG:root:This is the line: drive:-46.286:-73.363

DEBUG:root:We got command: drive
DEBUG:root:We got a drive command: rawX:-73.363000 and rawY:-46.286000
DEBUG:root:Reverse to the Left/Straight
DEBUG:root:Left=-27.077000 Right=-46.286000
DEBUG:root:ScaledLeft: 314.076750 ScaledRight: 270.856500
INFO:root:Looping....
DEBUG:root:This is the line: drive:-46.612:-75.34

DEBUG:root:We got command: drive
DEBUG:root:We got a drive command: rawX:-75.340000 and rawY:-46.612000
DEBUG:root:Reverse to the Left/Straight
DEBUG:root:Left=-28.728000 Right=-46.612000
DEBUG:root:ScaledLeft: 310.362000 ScaledRight: 270.123000
INFO:root:Looping....
DEBUG:root:This is the line: drive:-46.886:-76.816

DEBUG:root:We got command: drive
DEBUG:root:We got a drive command: rawX:-76.816000 and rawY:-46.886000
DEBUG:root:Reverse to the Left/Straight
DEBUG:root:Left=-29.930000 Right=-46.886000
DEBUG:root:ScaledLeft: 307.657500 ScaledRight: 269.506500
INFO:root:Looping....
DEBUG:root:This is the line: drive:-47.143:-79.9

DEBUG:root:We got command: drive
DEBUG:root:We got a drive command: rawX:-79.900000 and rawY:-47.143000
DEBUG:root:Reverse to the Left/Straight
DEBUG:root:Left=-32.757000 Right=-47.143000
DEBUG:root:ScaledLeft: 301.296750 ScaledRight: 268.928250
INFO:root:Looping....
DEBUG:root:This is the line: drive:-47.143:-84.398

DEBUG:root:We got command: drive
DEBUG:root:We got a drive command: rawX:-84.398000 and rawY:-47.143000
DEBUG:root:Reverse to the Left/Straight
DEBUG:root:Left=-37.255000 Right=-47.143000
DEBUG:root:ScaledLeft: 291.176250 ScaledRight: 268.928250
INFO:root:Looping....
DEBUG:root:This is the line: drive:-47.429:-86.224

DEBUG:root:We got command: drive
DEBUG:root:We got a drive command: rawX:-86.224000 and rawY:-47.429000
DEBUG:root:Reverse to the Left/Straight
DEBUG:root:Left=-38.795000 Right=-47.429000
DEBUG:root:ScaledLeft: 287.711250 ScaledRight: 268.284750
INFO:root:Looping....
DEBUG:root:This is the line: drive:-47.714:-88.417

DEBUG:root:We got command: drive
DEBUG:root:We got a drive command: rawX:-88.417000 and rawY:-47.714000
DEBUG:root:Reverse to the Left/Straight
DEBUG:root:Left=-40.703000 Right=-47.714000
DEBUG:root:ScaledLeft: 283.418250 ScaledRight: 267.643500
INFO:root:Looping....
DEBUG:root:This is the line: drive:-47.714:-92.374

DEBUG:root:We got command: drive
DEBUG:root:We got a drive command: rawX:-92.374000 and rawY:-47.714000
DEBUG:root:Reverse to the Left/Straight
DEBUG:root:Left=-44.660000 Right=-47.714000
DEBUG:root:ScaledLeft: 274.515000 ScaledRight: 267.643500
INFO:root:Looping....
DEBUG:root:This is the line: drive:-48.0:-95.844

DEBUG:root:We got command: drive
DEBUG:root:We got a drive command: rawX:-95.844000 and rawY:-48.000000
DEBUG:root:Reverse to the Left/Straight
DEBUG:root:Left=-47.844000 Right=-48.000000
DEBUG:root:ScaledLeft: 267.351000 ScaledRight: 267.000000
INFO:root:Looping....
DEBUG:root:This is the line: drive:-48.286:-99.546

DEBUG:root:We got command: drive
DEBUG:root:We got a drive command: rawX:-99.546000 and rawY:-48.286000
DEBUG:root:Reverse to the Left/Straight
DEBUG:root:Left=-51.260000 Right=-48.286000
DEBUG:root:ScaledLeft: 259.665000 ScaledRight: 266.356500
INFO:root:Looping....
DEBUG:root:This is the line: drive:-48.286:-99.953

DEBUG:root:We got command: drive
DEBUG:root:We got a drive command: rawX:-99.953000 and rawY:-48.286000
DEBUG:root:Reverse to the Left/Straight
DEBUG:root:Left=-51.667000 Right=-48.286000
DEBUG:root:ScaledLeft: 258.749250 ScaledRight: 266.356500
INFO:root:Looping....
DEBUG:root:This is the line: drive:-48.286:-99.953

DEBUG:root:We got command: drive
DEBUG:root:We got a drive command: rawX:-99.953000 and rawY:-48.286000
DEBUG:root:Reverse to the Left/Straight
DEBUG:root:Left=-51.667000 Right=-48.286000
DEBUG:root:ScaledLeft: 258.749250 ScaledRight: 266.356500
INFO:root:Looping....
DEBUG:root:This is the line: drive:-48.286:-99.953

DEBUG:root:We got command: drive
DEBUG:root:We got a drive command: rawX:-99.953000 and rawY:-48.286000
DEBUG:root:Reverse to the Left/Straight
DEBUG:root:Left=-51.667000 Right=-48.286000
DEBUG:root:ScaledLeft: 258.749250 ScaledRight: 266.356500
INFO:root:Looping....
DEBUG:root:This is the line: drive:-48.286:-99.953

DEBUG:root:We got command: drive
DEBUG:root:We got a drive command: rawX:-99.953000 and rawY:-48.286000
DEBUG:root:Reverse to the Left/Straight
DEBUG:root:Left=-51.667000 Right=-48.286000
DEBUG:root:ScaledLeft: 258.749250 ScaledRight: 266.356500
INFO:root:Looping....
DEBUG:root:This is the line: drive:-48.286:-99.953

DEBUG:root:We got command: drive
DEBUG:root:We got a drive command: rawX:-99.953000 and rawY:-48.286000
DEBUG:root:Reverse to the Left/Straight
DEBUG:root:Left=-51.667000 Right=-48.286000
DEBUG:root:ScaledLeft: 258.749250 ScaledRight: 266.356500
INFO:root:Looping....
DEBUG:root:This is the line: drive:-48.286:-99.953

DEBUG:root:We got command: drive
DEBUG:root:We got a drive command: rawX:-99.953000 and rawY:-48.286000
DEBUG:root:Reverse to the Left/Straight
DEBUG:root:Left=-51.667000 Right=-48.286000
DEBUG:root:ScaledLeft: 258.749250 ScaledRight: 266.356500
INFO:root:Looping....
DEBUG:root:This is the line: drive:-48.286:-99.953

DEBUG:root:We got command: drive
DEBUG:root:We got a drive command: rawX:-99.953000 and rawY:-48.286000
DEBUG:root:Reverse to the Left/Straight
DEBUG:root:Left=-51.667000 Right=-48.286000
DEBUG:root:ScaledLeft: 258.749250 ScaledRight: 266.356500
INFO:root:Looping....
DEBUG:root:This is the line: drive:-48.286:-99.953

DEBUG:root:We got command: drive
DEBUG:root:We got a drive command: rawX:-99.953000 and rawY:-48.286000
DEBUG:root:Reverse to the Left/Straight
DEBUG:root:Left=-51.667000 Right=-48.286000
DEBUG:root:ScaledLeft: 258.749250 ScaledRight: 266.356500
INFO:root:Looping....
DEBUG:root:This is the line: drive:-48.286:-99.953

DEBUG:root:We got command: drive
DEBUG:root:We got a drive command: rawX:-99.953000 and rawY:-48.286000
DEBUG:root:Reverse to the Left/Straight
DEBUG:root:Left=-51.667000 Right=-48.286000
DEBUG:root:ScaledLeft: 258.749250 ScaledRight: 266.356500
INFO:root:Looping....
DEBUG:root:This is the line: drive:-46.991:-98.77

DEBUG:root:We got command: drive
DEBUG:root:We got a drive command: rawX:-98.770000 and rawY:-46.991000
DEBUG:root:Reverse to the Left/Straight
DEBUG:root:Left=-51.779000 Right=-46.991000
DEBUG:root:ScaledLeft: 258.497250 ScaledRight: 269.270250
INFO:root:Looping....
DEBUG:root:This is the line: drive:-45.714:-87.539

DEBUG:root:We got command: drive
DEBUG:root:We got a drive command: rawX:-87.539000 and rawY:-45.714000
DEBUG:root:Reverse to the Left/Straight
DEBUG:root:Left=-41.825000 Right=-45.714000
DEBUG:root:ScaledLeft: 280.893750 ScaledRight: 272.143500
INFO:root:Looping....
DEBUG:root:This is the line: drive:-45.714:-80.267

DEBUG:root:We got command: drive
DEBUG:root:We got a drive command: rawX:-80.267000 and rawY:-45.714000
DEBUG:root:Reverse to the Left/Straight
DEBUG:root:Left=-34.553000 Right=-45.714000
DEBUG:root:ScaledLeft: 297.255750 ScaledRight: 272.143500
INFO:root:Looping....
DEBUG:root:This is the line: drive:-45.714:-74.075

DEBUG:root:We got command: drive
DEBUG:root:We got a drive command: rawX:-74.075000 and rawY:-45.714000
DEBUG:root:Reverse to the Left/Straight
DEBUG:root:Left=-28.361000 Right=-45.714000
DEBUG:root:ScaledLeft: 311.187750 ScaledRight: 272.143500
INFO:root:Looping....
DEBUG:root:This is the line: drive:-45.714:-68.355

DEBUG:root:We got command: drive
DEBUG:root:We got a drive command: rawX:-68.355000 and rawY:-45.714000
DEBUG:root:Reverse to the Left/Straight
DEBUG:root:Left=-22.641000 Right=-45.714000
DEBUG:root:ScaledLeft: 324.057750 ScaledRight: 272.143500
INFO:root:Looping....
DEBUG:root:This is the line: drive:-45.714:-63.925

DEBUG:root:We got command: drive
DEBUG:root:We got a drive command: rawX:-63.925000 and rawY:-45.714000
DEBUG:root:Reverse to the Left/Straight
DEBUG:root:Left=-18.211000 Right=-45.714000
DEBUG:root:ScaledLeft: 334.025250 ScaledRight: 272.143500
INFO:root:Looping....
DEBUG:root:This is the line: drive:-45.714:-58.802

DEBUG:root:We got command: drive
DEBUG:root:We got a drive command: rawX:-58.802000 and rawY:-45.714000
DEBUG:root:Reverse to the Left/Straight
DEBUG:root:Left=-13.088000 Right=-45.714000
DEBUG:root:ScaledLeft: 345.552000 ScaledRight: 272.143500
INFO:root:Looping....
DEBUG:root:This is the line: drive:-45.714:-53.274

DEBUG:root:We got command: drive
DEBUG:root:We got a drive command: rawX:-53.274000 and rawY:-45.714000
DEBUG:root:Reverse to the Left/Straight
DEBUG:root:Left=-7.560000 Right=-45.714000
DEBUG:root:ScaledLeft: 357.990000 ScaledRight: 272.143500
INFO:root:Looping....
DEBUG:root:This is the line: drive:-45.714:-49.129

DEBUG:root:We got command: drive
DEBUG:root:We got a drive command: rawX:-49.129000 and rawY:-45.714000
DEBUG:root:Reverse to the Left/Straight
DEBUG:root:Left=-3.415000 Right=-45.714000
DEBUG:root:ScaledLeft: 367.316250 ScaledRight: 272.143500
INFO:root:Looping....
DEBUG:root:This is the line: drive:-45.714:-42.414

DEBUG:root:We got command: drive
DEBUG:root:We got a drive command: rawX:-42.414000 and rawY:-45.714000
DEBUG:root:Reverse to the Left/Straight
DEBUG:root:Left=3.300000 Right=-45.714000
DEBUG:root:ScaledLeft: 382.425000 ScaledRight: 272.143500
INFO:root:Looping....
DEBUG:root:This is the line: drive:-45.714:-37.972

DEBUG:root:We got command: drive
DEBUG:root:We got a drive command: rawX:-37.972000 and rawY:-45.714000
DEBUG:root:Reverse to the Left/Straight
DEBUG:root:Left=7.742000 Right=-45.714000
DEBUG:root:ScaledLeft: 392.419500 ScaledRight: 272.143500
INFO:root:Looping....
DEBUG:root:This is the line: drive:-45.714:-33.712

DEBUG:root:We got command: drive
DEBUG:root:We got a drive command: rawX:-33.712000 and rawY:-45.714000
DEBUG:root:Reverse to the Left/Straight
DEBUG:root:Left=12.002000 Right=-45.714000
DEBUG:root:ScaledLeft: 402.004500 ScaledRight: 272.143500
INFO:root:Looping....
DEBUG:root:This is the line: drive:-45.714:-28.975

DEBUG:root:We got command: drive
DEBUG:root:We got a drive command: rawX:-28.975000 and rawY:-45.714000
DEBUG:root:Reverse to the Left/Straight
DEBUG:root:Left=16.739000 Right=-45.714000
DEBUG:root:ScaledLeft: 412.662750 ScaledRight: 272.143500
INFO:root:Looping....
DEBUG:root:This is the line: drive:-45.714:-24.734

DEBUG:root:We got command: drive
DEBUG:root:We got a drive command: rawX:-24.734000 and rawY:-45.714000
DEBUG:root:Reverse to the Left/Straight
DEBUG:root:Left=20.980000 Right=-45.714000
DEBUG:root:ScaledLeft: 422.205000 ScaledRight: 272.143500
INFO:root:Looping....
DEBUG:root:This is the line: drive:-45.714:-16.706

DEBUG:root:We got command: drive
DEBUG:root:We got a drive command: rawX:-16.706000 and rawY:-45.714000
DEBUG:root:Reverse to the Left/Straight
DEBUG:root:Left=29.008000 Right=-45.714000
DEBUG:root:ScaledLeft: 440.268000 ScaledRight: 272.143500
INFO:root:Looping....
DEBUG:root:This is the line: drive:-45.714:-11.38

DEBUG:root:We got command: drive
DEBUG:root:We got a drive command: rawX:-11.380000 and rawY:-45.714000
DEBUG:root:Reverse to the Left/Straight
DEBUG:root:Left=34.334000 Right=-45.714000
DEBUG:root:ScaledLeft: 452.251500 ScaledRight: 272.143500
INFO:root:Looping....
DEBUG:root:This is the line: drive:-45.714:-6.818

DEBUG:root:We got command: drive
DEBUG:root:We got a drive command: rawX:-6.818000 and rawY:-45.714000
DEBUG:root:Reverse to the Left/Straight
DEBUG:root:Left=38.896000 Right=-45.714000
DEBUG:root:ScaledLeft: 462.516000 ScaledRight: 272.143500
INFO:root:Looping....
DEBUG:root:This is the line: drive:-45.714:-3.227

DEBUG:root:We got command: drive
DEBUG:root:We got a drive command: rawX:-3.227000 and rawY:-45.714000
DEBUG:root:Reverse to the Left/Straight
DEBUG:root:Left=42.487000 Right=-45.714000
DEBUG:root:ScaledLeft: 470.595750 ScaledRight: 272.143500
INFO:root:Looping....
DEBUG:root:This is the line: drive:-45.714:1.294

DEBUG:root:We got command: drive
DEBUG:root:We got a drive command: rawX:1.294000 and rawY:-45.714000
DEBUG:root:Reverse to the Right
DEBUG:root:Left=45.714000 Right=-47.008000
DEBUG:root:ScaledLeft: 477.856500 ScaledRight: 269.232000
INFO:root:Looping....
DEBUG:root:This is the line: drive:-45.714:8.517

DEBUG:root:We got command: drive
DEBUG:root:We got a drive command: rawX:8.517000 and rawY:-45.714000
DEBUG:root:Reverse to the Right
DEBUG:root:Left=45.714000 Right=-54.231000
DEBUG:root:ScaledLeft: 477.856500 ScaledRight: 252.980250
INFO:root:Looping....
DEBUG:root:This is the line: drive:-45.714:11.477

DEBUG:root:We got command: drive
DEBUG:root:We got a drive command: rawX:11.477000 and rawY:-45.714000
DEBUG:root:Reverse to the Right
DEBUG:root:Left=45.714000 Right=-57.191000
DEBUG:root:ScaledLeft: 477.856500 ScaledRight: 246.320250
INFO:root:Looping....
DEBUG:root:This is the line: drive:-45.714:17.262

DEBUG:root:We got command: drive
DEBUG:root:We got a drive command: rawX:17.262000 and rawY:-45.714000
DEBUG:root:Reverse to the Right
DEBUG:root:Left=45.714000 Right=-62.976000
DEBUG:root:ScaledLeft: 477.856500 ScaledRight: 233.304000
INFO:root:Looping....
DEBUG:root:This is the line: drive:-45.714:21.058

DEBUG:root:We got command: drive
DEBUG:root:We got a drive command: rawX:21.058000 and rawY:-45.714000
DEBUG:root:Reverse to the Right
DEBUG:root:Left=45.714000 Right=-66.772000
DEBUG:root:ScaledLeft: 477.856500 ScaledRight: 224.763000
INFO:root:Looping....
DEBUG:root:This is the line: drive:-45.714:25.513

DEBUG:root:We got command: drive
DEBUG:root:We got a drive command: rawX:25.513000 and rawY:-45.714000
DEBUG:root:Reverse to the Right
DEBUG:root:Left=45.714000 Right=-71.227000
DEBUG:root:ScaledLeft: 477.856500 ScaledRight: 214.739250
INFO:root:Looping....
DEBUG:root:This is the line: drive:-45.714:28.281

DEBUG:root:We got command: drive
DEBUG:root:We got a drive command: rawX:28.281000 and rawY:-45.714000
DEBUG:root:Reverse to the Right
DEBUG:root:Left=45.714000 Right=-73.995000
DEBUG:root:ScaledLeft: 477.856500 ScaledRight: 208.511250
INFO:root:Looping....
DEBUG:root:This is the line: drive:-45.714:31.983

DEBUG:root:We got command: drive
DEBUG:root:We got a drive command: rawX:31.983000 and rawY:-45.714000
DEBUG:root:Reverse to the Right
DEBUG:root:Left=45.714000 Right=-77.697000
DEBUG:root:ScaledLeft: 477.856500 ScaledRight: 200.181750
INFO:root:Looping....
DEBUG:root:This is the line: drive:-45.714:33.812

DEBUG:root:We got command: drive
DEBUG:root:We got a drive command: rawX:33.812000 and rawY:-45.714000
DEBUG:root:Reverse to the Right
DEBUG:root:Left=45.714000 Right=-79.526000
DEBUG:root:ScaledLeft: 477.856500 ScaledRight: 196.066500
INFO:root:Looping....
DEBUG:root:This is the line: drive:-45.714:36.034

DEBUG:root:We got command: drive
DEBUG:root:We got a drive command: rawX:36.034000 and rawY:-45.714000
DEBUG:root:Reverse to the Right
DEBUG:root:Left=45.714000 Right=-81.748000
DEBUG:root:ScaledLeft: 477.856500 ScaledRight: 191.067000
INFO:root:Looping....
DEBUG:root:This is the line: drive:-45.714:38.244

DEBUG:root:We got command: drive
DEBUG:root:We got a drive command: rawX:38.244000 and rawY:-45.714000
DEBUG:root:Reverse to the Right
DEBUG:root:Left=45.714000 Right=-83.958000
DEBUG:root:ScaledLeft: 477.856500 ScaledRight: 186.094500
INFO:root:Looping....
DEBUG:root:This is the line: drive:-45.714:40.823

DEBUG:root:We got command: drive
DEBUG:root:We got a drive command: rawX:40.823000 and rawY:-45.714000
DEBUG:root:Reverse to the Right
DEBUG:root:Left=45.714000 Right=-86.537000
DEBUG:root:ScaledLeft: 477.856500 ScaledRight: 180.291750
INFO:root:Looping....
DEBUG:root:This is the line: drive:-45.143:41.967

DEBUG:root:We got command: drive
DEBUG:root:We got a drive command: rawX:41.967000 and rawY:-45.143000
DEBUG:root:Reverse to the Right
DEBUG:root:Left=45.143000 Right=-87.110000
DEBUG:root:ScaledLeft: 476.571750 ScaledRight: 179.002500
INFO:root:Looping....
DEBUG:root:This is the line: drive:-44.857:42.708

DEBUG:root:We got command: drive
DEBUG:root:We got a drive command: rawX:42.708000 and rawY:-44.857000
DEBUG:root:Reverse to the Right
DEBUG:root:Left=44.857000 Right=-87.565000
DEBUG:root:ScaledLeft: 475.928250 ScaledRight: 177.978750
INFO:root:Looping....
DEBUG:root:This is the line: drive:-44.612:43.155

DEBUG:root:We got command: drive
DEBUG:root:We got a drive command: rawX:43.155000 and rawY:-44.612000
DEBUG:root:Reverse to the Right
DEBUG:root:Left=44.612000 Right=-87.767000
DEBUG:root:ScaledLeft: 475.377000 ScaledRight: 177.524250
INFO:root:Looping....
DEBUG:root:This is the line: drive:-44.571:43.522

DEBUG:root:We got command: drive
DEBUG:root:We got a drive command: rawX:43.522000 and rawY:-44.571000
DEBUG:root:Reverse to the Right
DEBUG:root:Left=44.571000 Right=-88.093000
DEBUG:root:ScaledLeft: 475.284750 ScaledRight: 176.790750
INFO:root:Looping....
DEBUG:root:This is the line: drive:-44.571:43.522

DEBUG:root:We got command: drive
DEBUG:root:We got a drive command: rawX:43.522000 and rawY:-44.571000
DEBUG:root:Reverse to the Right
DEBUG:root:Left=44.571000 Right=-88.093000
DEBUG:root:ScaledLeft: 475.284750 ScaledRight: 176.790750
INFO:root:Looping....
DEBUG:root:This is the line: drive:-44.571:43.522

DEBUG:root:We got command: drive
DEBUG:root:We got a drive command: rawX:43.522000 and rawY:-44.571000
DEBUG:root:Reverse to the Right
DEBUG:root:Left=44.571000 Right=-88.093000
DEBUG:root:ScaledLeft: 475.284750 ScaledRight: 176.790750
INFO:root:Looping....
DEBUG:root:This is the line: drive:-44.571:43.754

DEBUG:root:We got command: drive
DEBUG:root:We got a drive command: rawX:43.754000 and rawY:-44.571000
DEBUG:root:Reverse to the Right
DEBUG:root:Left=44.571000 Right=-88.325000
DEBUG:root:ScaledLeft: 475.284750 ScaledRight: 176.268750
INFO:root:Looping....
DEBUG:root:This is the line: drive:-44.571:44.088

DEBUG:root:We got command: drive
DEBUG:root:We got a drive command: rawX:44.088000 and rawY:-44.571000
DEBUG:root:Reverse to the Right
DEBUG:root:Left=44.571000 Right=-88.659000
DEBUG:root:ScaledLeft: 475.284750 ScaledRight: 175.517250
INFO:root:Looping....
DEBUG:root:This is the line: drive:-44.571:44.399

DEBUG:root:We got command: drive
DEBUG:root:We got a drive command: rawX:44.399000 and rawY:-44.571000
DEBUG:root:Reverse to the Right
DEBUG:root:Left=44.571000 Right=-88.970000
DEBUG:root:ScaledLeft: 475.284750 ScaledRight: 174.817500
INFO:root:Looping....
DEBUG:root:This is the line: drive:-44.571:44.671

DEBUG:root:We got command: drive
DEBUG:root:We got a drive command: rawX:44.671000 and rawY:-44.571000
DEBUG:root:Reverse to the Right
DEBUG:root:Left=44.571000 Right=-89.242000
DEBUG:root:ScaledLeft: 475.284750 ScaledRight: 174.205500
INFO:root:Looping....
DEBUG:root:This is the line: drive:-44.571:44.988

DEBUG:root:We got command: drive
DEBUG:root:We got a drive command: rawX:44.988000 and rawY:-44.571000
DEBUG:root:Reverse to the Right
DEBUG:root:Left=44.571000 Right=-89.559000
DEBUG:root:ScaledLeft: 475.284750 ScaledRight: 173.492250
INFO:root:Looping....
DEBUG:root:This is the line: drive:-44.571:45.24

DEBUG:root:We got command: drive
DEBUG:root:We got a drive command: rawX:45.240000 and rawY:-44.571000
DEBUG:root:Reverse to the Right
DEBUG:root:Left=44.571000 Right=-89.811000
DEBUG:root:ScaledLeft: 475.284750 ScaledRight: 172.925250
INFO:root:Looping....
DEBUG:root:This is the line: drive:-44.571:45.59

DEBUG:root:We got command: drive
DEBUG:root:We got a drive command: rawX:45.590000 and rawY:-44.571000
DEBUG:root:Reverse to the Right
DEBUG:root:Left=44.571000 Right=-90.161000
DEBUG:root:ScaledLeft: 475.284750 ScaledRight: 172.137750
INFO:root:Looping....
DEBUG:root:This is the line: drive:-44.571:45.59

DEBUG:root:We got command: drive
DEBUG:root:We got a drive command: rawX:45.590000 and rawY:-44.571000
DEBUG:root:Reverse to the Right
DEBUG:root:Left=44.571000 Right=-90.161000
DEBUG:root:ScaledLeft: 475.284750 ScaledRight: 172.137750
INFO:root:Looping....
DEBUG:root:This is the line: drive:-44.571:45.85

DEBUG:root:We got command: drive
DEBUG:root:We got a drive command: rawX:45.850000 and rawY:-44.571000
DEBUG:root:Reverse to the Right
DEBUG:root:Left=44.571000 Right=-90.421000
DEBUG:root:ScaledLeft: 475.284750 ScaledRight: 171.552750
INFO:root:Looping....
DEBUG:root:This is the line: drive:-44.571:46.141

DEBUG:root:We got command: drive
DEBUG:root:We got a drive command: rawX:46.141000 and rawY:-44.571000
DEBUG:root:Reverse to the Right
DEBUG:root:Left=44.571000 Right=-90.712000
DEBUG:root:ScaledLeft: 475.284750 ScaledRight: 170.898000
INFO:root:Looping....
DEBUG:root:This is the line: drive:-44.571:46.735

DEBUG:root:We got command: drive
DEBUG:root:We got a drive command: rawX:46.735000 and rawY:-44.571000
DEBUG:root:Reverse to the Right
DEBUG:root:Left=44.571000 Right=-91.306000
DEBUG:root:ScaledLeft: 475.284750 ScaledRight: 169.561500
INFO:root:Looping....
DEBUG:root:This is the line: drive:-44.571:46.735

DEBUG:root:We got command: drive
DEBUG:root:We got a drive command: rawX:46.735000 and rawY:-44.571000
DEBUG:root:Reverse to the Right
DEBUG:root:Left=44.571000 Right=-91.306000
DEBUG:root:ScaledLeft: 475.284750 ScaledRight: 169.561500
INFO:root:Looping....
DEBUG:root:This is the line: drive:-44.571:47.351

DEBUG:root:We got command: drive
DEBUG:root:We got a drive command: rawX:47.351000 and rawY:-44.571000
DEBUG:root:Reverse to the Right
DEBUG:root:Left=44.571000 Right=-91.922000
DEBUG:root:ScaledLeft: 475.284750 ScaledRight: 168.175500
INFO:root:Looping....
DEBUG:root:This is the line: drive:-44.571:48.363

DEBUG:root:We got command: drive
DEBUG:root:We got a drive command: rawX:48.363000 and rawY:-44.571000
DEBUG:root:Reverse to the Right
DEBUG:root:Left=44.571000 Right=-92.934000
DEBUG:root:ScaledLeft: 475.284750 ScaledRight: 165.898500
INFO:root:Looping....
DEBUG:root:This is the line: drive:-44.571:48.363

DEBUG:root:We got command: drive
DEBUG:root:We got a drive command: rawX:48.363000 and rawY:-44.571000
DEBUG:root:Reverse to the Right
DEBUG:root:Left=44.571000 Right=-92.934000
DEBUG:root:ScaledLeft: 475.284750 ScaledRight: 165.898500
INFO:root:Looping....
DEBUG:root:This is the line: drive:-47.505:48.214

DEBUG:root:We got command: drive
DEBUG:root:We got a drive command: rawX:48.214000 and rawY:-47.505000
DEBUG:root:Reverse to the Right
DEBUG:root:Left=47.505000 Right=-95.719000
DEBUG:root:ScaledLeft: 481.886250 ScaledRight: 159.632250
INFO:root:Looping....
DEBUG:root:This is the line: drive:-51.155:46.524

DEBUG:root:We got command: drive
DEBUG:root:We got a drive command: rawX:46.524000 and rawY:-51.155000
DEBUG:root:Reverse to the Right
DEBUG:root:Left=51.155000 Right=-97.679000
DEBUG:root:ScaledLeft: 490.098750 ScaledRight: 155.222250
INFO:root:Looping....
DEBUG:root:This is the line: drive:-57.317:42.637

DEBUG:root:We got command: drive
DEBUG:root:We got a drive command: rawX:42.637000 and rawY:-57.317000
DEBUG:root:Reverse to the Right
DEBUG:root:Left=57.317000 Right=-99.954000
DEBUG:root:ScaledLeft: 503.963250 ScaledRight: 150.103500
INFO:root:Looping....
DEBUG:root:This is the line: drive:-63.49:38.35

DEBUG:root:We got command: drive
DEBUG:root:We got a drive command: rawX:38.350000 and rawY:-63.490000
DEBUG:root:Reverse to the Right
DEBUG:root:Left=63.490000 Right=-101.840000
DEBUG:root:ScaledLeft: 517.852500 ScaledRight: 145.860000
INFO:root:Looping....
DEBUG:root:This is the line: drive:-68.784:34.674

DEBUG:root:We got command: drive
DEBUG:root:We got a drive command: rawX:34.674000 and rawY:-68.784000
DEBUG:root:Reverse to the Right
DEBUG:root:Left=68.784000 Right=-103.458000
DEBUG:root:ScaledLeft: 529.764000 ScaledRight: 142.219500
INFO:root:Looping....
DEBUG:root:This is the line: drive:-73.131:32.0

DEBUG:root:We got command: drive
DEBUG:root:We got a drive command: rawX:32.000000 and rawY:-73.131000
DEBUG:root:Reverse to the Right
DEBUG:root:Left=73.131000 Right=-105.131000
DEBUG:root:ScaledLeft: 539.544750 ScaledRight: 138.455250
INFO:root:Looping....
DEBUG:root:This is the line: drive:-77.908:29.512

DEBUG:root:We got command: drive
DEBUG:root:We got a drive command: rawX:29.512000 and rawY:-77.908000
DEBUG:root:Reverse to the Right
DEBUG:root:Left=77.908000 Right=-107.420000
DEBUG:root:ScaledLeft: 550.293000 ScaledRight: 133.305000
INFO:root:Looping....
DEBUG:root:This is the line: drive:-81.151:27.373

DEBUG:root:We got command: drive
DEBUG:root:We got a drive command: rawX:27.373000 and rawY:-81.151000
DEBUG:root:Reverse to the Right
DEBUG:root:Left=81.151000 Right=-108.524000
DEBUG:root:ScaledLeft: 557.589750 ScaledRight: 130.821000
INFO:root:Looping....
DEBUG:root:This is the line: drive:-82.856:27.083

DEBUG:root:We got command: drive
DEBUG:root:We got a drive command: rawX:27.083000 and rawY:-82.856000
DEBUG:root:Reverse to the Right
DEBUG:root:Left=82.856000 Right=-109.939000
DEBUG:root:ScaledLeft: 561.426000 ScaledRight: 127.637250
INFO:root:Looping....
DEBUG:root:This is the line: drive:-84.914:27.024

DEBUG:root:We got command: drive
DEBUG:root:We got a drive command: rawX:27.024000 and rawY:-84.914000
DEBUG:root:Reverse to the Right
DEBUG:root:Left=84.914000 Right=-111.938000
DEBUG:root:ScaledLeft: 566.056500 ScaledRight: 123.139500
INFO:root:Looping....
DEBUG:root:This is the line: drive:-86.971:26.786

DEBUG:root:We got command: drive
DEBUG:root:We got a drive command: rawX:26.786000 and rawY:-86.971000
DEBUG:root:Reverse to the Right
DEBUG:root:Left=86.971000 Right=-113.757000
DEBUG:root:ScaledLeft: 570.684750 ScaledRight: 119.046750
INFO:root:Looping....
DEBUG:root:This is the line: drive:-88.674:26.19

DEBUG:root:We got command: drive
DEBUG:root:We got a drive command: rawX:26.190000 and rawY:-88.674000
DEBUG:root:Reverse to the Right
DEBUG:root:Left=88.674000 Right=-114.864000
DEBUG:root:ScaledLeft: 574.516500 ScaledRight: 116.556000
INFO:root:Looping....
DEBUG:root:This is the line: drive:-92.199:25.091

DEBUG:root:We got command: drive
DEBUG:root:We got a drive command: rawX:25.091000 and rawY:-92.199000
DEBUG:root:Reverse to the Right
DEBUG:root:Left=92.199000 Right=-117.290000
DEBUG:root:ScaledLeft: 582.447750 ScaledRight: 111.097500
INFO:root:Looping....
DEBUG:root:This is the line: drive:-93.958:24.702

DEBUG:root:We got command: drive
DEBUG:root:We got a drive command: rawX:24.702000 and rawY:-93.958000
DEBUG:root:Reverse to the Right
DEBUG:root:Left=93.958000 Right=-118.660000
DEBUG:root:ScaledLeft: 586.405500 ScaledRight: 108.015000
INFO:root:Looping....
DEBUG:root:This is the line: drive:-95.907:23.311

DEBUG:root:We got command: drive
DEBUG:root:We got a drive command: rawX:23.311000 and rawY:-95.907000
DEBUG:root:Reverse to the Right
DEBUG:root:Left=95.907000 Right=-119.218000
DEBUG:root:ScaledLeft: 590.790750 ScaledRight: 106.759500
INFO:root:Looping....
DEBUG:root:This is the line: drive:-97.084:22.383

DEBUG:root:We got command: drive
DEBUG:root:We got a drive command: rawX:22.383000 and rawY:-97.084000
DEBUG:root:Reverse to the Right
DEBUG:root:Left=97.084000 Right=-119.467000
DEBUG:root:ScaledLeft: 593.439000 ScaledRight: 106.199250
INFO:root:Looping....
DEBUG:root:This is the line: drive:-98.429:21.28

DEBUG:root:We got command: drive
DEBUG:root:We got a drive command: rawX:21.280000 and rawY:-98.429000
DEBUG:root:Reverse to the Right
DEBUG:root:Left=98.429000 Right=-119.709000
DEBUG:root:ScaledLeft: 596.465250 ScaledRight: 105.654750
INFO:root:Looping....
DEBUG:root:This is the line: drive:-100.248:19.94

DEBUG:root:We got command: drive
DEBUG:root:We got a drive command: rawX:19.940000 and rawY:-100.248000
DEBUG:root:Reverse to the Right
DEBUG:root:Left=100.248000 Right=-120.188000
DEBUG:root:ScaledLeft: 600.558000 ScaledRight: 104.577000
INFO:root:Looping....
DEBUG:root:This is the line: drive:-101.187:19.002

DEBUG:root:We got command: drive
DEBUG:root:We got a drive command: rawX:19.002000 and rawY:-101.187000
DEBUG:root:Reverse to the Right
DEBUG:root:Left=101.187000 Right=-120.189000
DEBUG:root:ScaledLeft: 602.670750 ScaledRight: 104.574750
INFO:root:Looping....
DEBUG:root:This is the line: drive:-101.857:18.006

DEBUG:root:We got command: drive
DEBUG:root:We got a drive command: rawX:18.006000 and rawY:-101.857000
DEBUG:root:Reverse to the Right
DEBUG:root:Left=101.857000 Right=-119.863000
DEBUG:root:ScaledLeft: 604.178250 ScaledRight: 105.308250
INFO:root:Looping....
DEBUG:root:This is the line: drive:-102.286:17.708

DEBUG:root:We got command: drive
DEBUG:root:We got a drive command: rawX:17.708000 and rawY:-102.286000
DEBUG:root:Reverse to the Right
DEBUG:root:Left=102.286000 Right=-119.994000
DEBUG:root:ScaledLeft: 605.143500 ScaledRight: 105.013500
INFO:root:Looping....
DEBUG:root:This is the line: drive:-102.571:17.411

DEBUG:root:We got command: drive
DEBUG:root:We got a drive command: rawX:17.411000 and rawY:-102.571000
DEBUG:root:Reverse to the Right
DEBUG:root:Left=102.571000 Right=-119.982000
DEBUG:root:ScaledLeft: 605.784750 ScaledRight: 105.040500
INFO:root:Looping....
DEBUG:root:This is the line: drive:-103.571:16.964

DEBUG:root:We got command: drive
DEBUG:root:We got a drive command: rawX:16.964000 and rawY:-103.571000
DEBUG:root:Reverse to the Right
DEBUG:root:Left=103.571000 Right=-120.535000
DEBUG:root:ScaledLeft: 608.034750 ScaledRight: 103.796250
INFO:root:Looping....
DEBUG:root:This is the line: drive:-104.0:16.661

DEBUG:root:We got command: drive
DEBUG:root:We got a drive command: rawX:16.661000 and rawY:-104.000000
DEBUG:root:Reverse to the Right
DEBUG:root:Left=104.000000 Right=-120.661000
DEBUG:root:ScaledLeft: 609.000000 ScaledRight: 103.512750
INFO:root:Looping....
DEBUG:root:This is the line: drive:-104.286:16.117

DEBUG:root:We got command: drive
DEBUG:root:We got a drive command: rawX:16.117000 and rawY:-104.286000
DEBUG:root:Reverse to the Right
DEBUG:root:Left=104.286000 Right=-120.403000
DEBUG:root:ScaledLeft: 609.643500 ScaledRight: 104.093250
INFO:root:Looping....
DEBUG:root:This is the line: drive:-104.875:15.774

DEBUG:root:We got command: drive
DEBUG:root:We got a drive command: rawX:15.774000 and rawY:-104.875000
DEBUG:root:Reverse to the Right
DEBUG:root:Left=104.875000 Right=-120.649000
DEBUG:root:ScaledLeft: 610.968750 ScaledRight: 103.539750
INFO:root:Looping....
DEBUG:root:This is the line: drive:-105.039:15.476

DEBUG:root:We got command: drive
DEBUG:root:We got a drive command: rawX:15.476000 and rawY:-105.039000
DEBUG:root:Reverse to the Right
DEBUG:root:Left=105.039000 Right=-120.515000
DEBUG:root:ScaledLeft: 611.337750 ScaledRight: 103.841250
INFO:root:Looping....
DEBUG:root:This is the line: drive:-105.473:15.132

DEBUG:root:We got command: drive
DEBUG:root:We got a drive command: rawX:15.132000 and rawY:-105.473000
DEBUG:root:Reverse to the Right
DEBUG:root:Left=105.473000 Right=-120.605000
DEBUG:root:ScaledLeft: 612.314250 ScaledRight: 103.638750
INFO:root:Looping....
DEBUG:root:This is the line: drive:-105.857:14.881

DEBUG:root:We got command: drive
DEBUG:root:We got a drive command: rawX:14.881000 and rawY:-105.857000
DEBUG:root:Reverse to the Right
DEBUG:root:Left=105.857000 Right=-120.738000
DEBUG:root:ScaledLeft: 613.178250 ScaledRight: 103.339500
INFO:root:Looping....
DEBUG:root:This is the line: drive:-105.714:14.566

DEBUG:root:We got command: drive
DEBUG:root:We got a drive command: rawX:14.566000 and rawY:-105.714000
DEBUG:root:Reverse to the Right
DEBUG:root:Left=105.714000 Right=-120.280000
DEBUG:root:ScaledLeft: 612.856500 ScaledRight: 104.370000
INFO:root:Looping....
DEBUG:root:This is the line: drive:-105.714:14.566

DEBUG:root:We got command: drive
DEBUG:root:We got a drive command: rawX:14.566000 and rawY:-105.714000
DEBUG:root:Reverse to the Right
DEBUG:root:Left=105.714000 Right=-120.280000
DEBUG:root:ScaledLeft: 612.856500 ScaledRight: 104.370000
INFO:root:Looping....
DEBUG:root:This is the line: drive:-106.161:14.286

DEBUG:root:We got command: drive
DEBUG:root:We got a drive command: rawX:14.286000 and rawY:-106.161000
DEBUG:root:Reverse to the Right
DEBUG:root:Left=106.161000 Right=-120.447000
DEBUG:root:ScaledLeft: 613.862250 ScaledRight: 103.994250
INFO:root:Looping....
DEBUG:root:This is the line: drive:-106.429:14.286

DEBUG:root:We got command: drive
DEBUG:root:We got a drive command: rawX:14.286000 and rawY:-106.429000
DEBUG:root:Reverse to the Right
DEBUG:root:Left=106.429000 Right=-120.715000
DEBUG:root:ScaledLeft: 614.465250 ScaledRight: 103.391250
INFO:root:Looping....
DEBUG:root:This is the line: drive:-106.429:14.286

DEBUG:root:We got command: drive
DEBUG:root:We got a drive command: rawX:14.286000 and rawY:-106.429000
DEBUG:root:Reverse to the Right
DEBUG:root:Left=106.429000 Right=-120.715000
DEBUG:root:ScaledLeft: 614.465250 ScaledRight: 103.391250
INFO:root:Looping....
DEBUG:root:This is the line: drive:-106.571:13.839

DEBUG:root:We got command: drive
DEBUG:root:We got a drive command: rawX:13.839000 and rawY:-106.571000
DEBUG:root:Reverse to the Right
DEBUG:root:Left=106.571000 Right=-120.410000
DEBUG:root:ScaledLeft: 614.784750 ScaledRight: 104.077500
INFO:root:Looping....
DEBUG:root:This is the line: drive:-106.571:13.839

DEBUG:root:We got command: drive
DEBUG:root:We got a drive command: rawX:13.839000 and rawY:-106.571000
DEBUG:root:Reverse to the Right
DEBUG:root:Left=106.571000 Right=-120.410000
DEBUG:root:ScaledLeft: 614.784750 ScaledRight: 104.077500
INFO:root:Looping....
DEBUG:root:This is the line: drive:-106.878:13.988

DEBUG:root:We got command: drive
DEBUG:root:We got a drive command: rawX:13.988000 and rawY:-106.878000
DEBUG:root:Reverse to the Right
DEBUG:root:Left=106.878000 Right=-120.866000
DEBUG:root:ScaledLeft: 615.475500 ScaledRight: 103.051500
INFO:root:Looping....
DEBUG:root:This is the line: drive:-106.878:13.988

DEBUG:root:We got command: drive
DEBUG:root:We got a drive command: rawX:13.988000 and rawY:-106.878000
DEBUG:root:Reverse to the Right
DEBUG:root:Left=106.878000 Right=-120.866000
DEBUG:root:ScaledLeft: 615.475500 ScaledRight: 103.051500
INFO:root:Looping....
DEBUG:root:This is the line: drive:-107.153:13.988

DEBUG:root:We got command: drive
DEBUG:root:We got a drive command: rawX:13.988000 and rawY:-107.153000
DEBUG:root:Reverse to the Right
DEBUG:root:Left=107.153000 Right=-121.141000
DEBUG:root:ScaledLeft: 616.094250 ScaledRight: 102.432750
INFO:root:Looping....
DEBUG:root:This is the line: drive:-107.153:13.988

DEBUG:root:We got command: drive
DEBUG:root:We got a drive command: rawX:13.988000 and rawY:-107.153000
DEBUG:root:Reverse to the Right
DEBUG:root:Left=107.153000 Right=-121.141000
DEBUG:root:ScaledLeft: 616.094250 ScaledRight: 102.432750
INFO:root:Looping....
DEBUG:root:This is the line: drive:-107.451:13.988

DEBUG:root:We got command: drive
DEBUG:root:We got a drive command: rawX:13.988000 and rawY:-107.451000
DEBUG:root:Reverse to the Right
DEBUG:root:Left=107.451000 Right=-121.439000
DEBUG:root:ScaledLeft: 616.764750 ScaledRight: 101.762250
INFO:root:Looping....
DEBUG:root:This is the line: drive:-107.451:13.988

DEBUG:root:We got command: drive
DEBUG:root:We got a drive command: rawX:13.988000 and rawY:-107.451000
DEBUG:root:Reverse to the Right
DEBUG:root:Left=107.451000 Right=-121.439000
DEBUG:root:ScaledLeft: 616.764750 ScaledRight: 101.762250
INFO:root:Looping....
DEBUG:root:This is the line: drive:-107.429:13.154

DEBUG:root:We got command: drive
DEBUG:root:We got a drive command: rawX:13.154000 and rawY:-107.429000
DEBUG:root:Reverse to the Right
DEBUG:root:Left=107.429000 Right=-120.583000
DEBUG:root:ScaledLeft: 616.715250 ScaledRight: 103.688250
INFO:root:Looping....
DEBUG:root:This is the line: drive:-104.865:11.314

DEBUG:root:We got command: drive
DEBUG:root:We got a drive command: rawX:11.314000 and rawY:-104.865000
DEBUG:root:Reverse to the Right
DEBUG:root:Left=104.865000 Right=-116.179000
DEBUG:root:ScaledLeft: 610.946250 ScaledRight: 113.597250
INFO:root:Looping....
DEBUG:root:This is the line: drive:-91.7:6.458

DEBUG:root:We got command: drive
DEBUG:root:We got a drive command: rawX:6.458000 and rawY:-91.700000
DEBUG:root:Reverse to the Right
DEBUG:root:Left=91.700000 Right=-98.158000
DEBUG:root:ScaledLeft: 581.325000 ScaledRight: 154.144500
INFO:root:Looping....
DEBUG:root:This is the line: drive:-76.421:3.18

DEBUG:root:We got command: drive
DEBUG:root:We got a drive command: rawX:3.180000 and rawY:-76.421000
DEBUG:root:Reverse to the Right
DEBUG:root:Left=76.421000 Right=-79.601000
DEBUG:root:ScaledLeft: 546.947250 ScaledRight: 195.897750
INFO:root:Looping....
DEBUG:root:This is the line: drive:-58.559:1.488

DEBUG:root:We got command: drive
DEBUG:root:We got a drive command: rawX:1.488000 and rawY:-58.559000
DEBUG:root:Reverse to the Right
DEBUG:root:Left=58.559000 Right=-60.047000
DEBUG:root:ScaledLeft: 506.757750 ScaledRight: 239.894250
INFO:root:Looping....
DEBUG:root:This is the line: drive:-47.642:1.488

DEBUG:root:We got command: drive
DEBUG:root:We got a drive command: rawX:1.488000 and rawY:-47.642000
DEBUG:root:Reverse to the Right
DEBUG:root:Left=47.642000 Right=-49.130000
DEBUG:root:ScaledLeft: 482.194500 ScaledRight: 264.457500
INFO:root:Looping....
DEBUG:root:This is the line: drive:-37.703:1.488

DEBUG:root:We got command: drive
DEBUG:root:We got a drive command: rawX:1.488000 and rawY:-37.703000
DEBUG:root:Reverse to the Right
DEBUG:root:Left=37.703000 Right=-39.191000
DEBUG:root:ScaledLeft: 459.831750 ScaledRight: 286.820250
INFO:root:Looping....
DEBUG:root:This is the line: drive:-27.584:1.488

DEBUG:root:We got command: drive
DEBUG:root:We got a drive command: rawX:1.488000 and rawY:-27.584000
DEBUG:root:Reverse to the Right
DEBUG:root:Left=27.584000 Right=-29.072000
DEBUG:root:ScaledLeft: 437.064000 ScaledRight: 309.588000
INFO:root:Looping....
DEBUG:root:This is the line: drive:-20.143:1.488

DEBUG:root:We got command: drive
DEBUG:root:We got a drive command: rawX:1.488000 and rawY:-20.143000
DEBUG:root:Reverse to the Right
DEBUG:root:Left=20.143000 Right=-21.631000
DEBUG:root:ScaledLeft: 420.321750 ScaledRight: 326.330250
INFO:root:Looping....
DEBUG:root:This is the line: drive:-12.9:1.488

DEBUG:root:We got command: drive
DEBUG:root:We got a drive command: rawX:1.488000 and rawY:-12.900000
DEBUG:root:Reverse to the Right
DEBUG:root:Left=12.900000 Right=-14.388000
DEBUG:root:ScaledLeft: 404.025000 ScaledRight: 342.627000
INFO:root:Looping....
DEBUG:root:This is the line: drive:-8.074:1.488

DEBUG:root:We got command: drive
DEBUG:root:We got a drive command: rawX:1.488000 and rawY:-8.074000
DEBUG:root:Reverse to the Right
DEBUG:root:Left=8.074000 Right=-9.562000
DEBUG:root:ScaledLeft: 393.166500 ScaledRight: 353.485500
INFO:root:Looping....
DEBUG:root:This is the line: drive:-4.089:1.488

DEBUG:root:We got command: drive
DEBUG:root:We got a drive command: rawX:1.488000 and rawY:-4.089000
DEBUG:root:Reverse to the Right
DEBUG:root:Left=4.089000 Right=-5.577000
DEBUG:root:ScaledLeft: 384.200250 ScaledRight: 362.451750
INFO:root:Looping....
DEBUG:root:This is the line: drive:0.034:1.488

DEBUG:root:We got command: drive
DEBUG:root:We got a drive command: rawX:1.488000 and rawY:0.034000
DEBUG:root:Forward to the Right
DEBUG:root:Left=-0.034000 Right=-1.454000
DEBUG:root:ScaledLeft: 374.923500 ScaledRight: 371.728500
INFO:root:Looping....
DEBUG:root:This is the line: drive:2.076:1.488

DEBUG:root:We got command: drive
DEBUG:root:We got a drive command: rawX:1.488000 and rawY:2.076000
DEBUG:root:Forward to the Right
DEBUG:root:Left=-2.076000 Right=0.588000
DEBUG:root:ScaledLeft: 370.329000 ScaledRight: 376.323000
INFO:root:Looping....
DEBUG:root:This is the line: drive:7.576:1.488

DEBUG:root:We got command: drive
DEBUG:root:We got a drive command: rawX:1.488000 and rawY:7.576000
DEBUG:root:Forward to the Right
DEBUG:root:Left=-7.576000 Right=6.088000
DEBUG:root:ScaledLeft: 357.954000 ScaledRight: 388.698000
INFO:root:Looping....
DEBUG:root:This is the line: drive:9.259:1.488

DEBUG:root:We got command: drive
DEBUG:root:We got a drive command: rawX:1.488000 and rawY:9.259000
DEBUG:root:Forward to the Right
DEBUG:root:Left=-9.259000 Right=7.771000
DEBUG:root:ScaledLeft: 354.167250 ScaledRight: 392.484750
INFO:root:Looping....
DEBUG:root:This is the line: drive:11.288:1.488

DEBUG:root:We got command: drive
DEBUG:root:We got a drive command: rawX:1.488000 and rawY:11.288000
DEBUG:root:Forward to the Right
DEBUG:root:Left=-11.288000 Right=9.800000
DEBUG:root:ScaledLeft: 349.602000 ScaledRight: 397.050000
INFO:root:Looping....
DEBUG:root:This is the line: drive:13.32:1.488

DEBUG:root:We got command: drive
DEBUG:root:We got a drive command: rawX:1.488000 and rawY:13.320000
DEBUG:root:Forward to the Right
DEBUG:root:Left=-13.320000 Right=11.832000
DEBUG:root:ScaledLeft: 345.030000 ScaledRight: 401.622000
INFO:root:Looping....
DEBUG:root:This is the line: drive:14.33:1.488

DEBUG:root:We got command: drive
DEBUG:root:We got a drive command: rawX:1.488000 and rawY:14.330000
DEBUG:root:Forward to the Right
DEBUG:root:Left=-14.330000 Right=12.842000
DEBUG:root:ScaledLeft: 342.757500 ScaledRight: 403.894500
INFO:root:Looping....
DEBUG:root:This is the line: drive:18.406:1.488

DEBUG:root:We got command: drive
DEBUG:root:We got a drive command: rawX:1.488000 and rawY:18.406000
DEBUG:root:Forward to the Right
DEBUG:root:Left=-18.406000 Right=16.918000
DEBUG:root:ScaledLeft: 333.586500 ScaledRight: 413.065500
INFO:root:Looping....
DEBUG:root:This is the line: drive:20.096:1.488

DEBUG:root:We got command: drive
DEBUG:root:We got a drive command: rawX:1.488000 and rawY:20.096000
DEBUG:root:Forward to the Right
DEBUG:root:Left=-20.096000 Right=18.608000
DEBUG:root:ScaledLeft: 329.784000 ScaledRight: 416.868000
INFO:root:Looping....
DEBUG:root:This is the line: drive:22.135:1.488

DEBUG:root:We got command: drive
DEBUG:root:We got a drive command: rawX:1.488000 and rawY:22.135000
DEBUG:root:Forward to the Right
DEBUG:root:Left=-22.135000 Right=20.647000
DEBUG:root:ScaledLeft: 325.196250 ScaledRight: 421.455750
INFO:root:Looping....
DEBUG:root:This is the line: drive:23.0:1.488

DEBUG:root:We got command: drive
DEBUG:root:We got a drive command: rawX:1.488000 and rawY:23.000000
DEBUG:root:Forward to the Right
DEBUG:root:Left=-23.000000 Right=21.512000
DEBUG:root:ScaledLeft: 323.250000 ScaledRight: 423.402000
INFO:root:Looping....
DEBUG:root:This is the line: drive:23.915:1.488

DEBUG:root:We got command: drive
DEBUG:root:We got a drive command: rawX:1.488000 and rawY:23.915000
DEBUG:root:Forward to the Right
DEBUG:root:Left=-23.915000 Right=22.427000
DEBUG:root:ScaledLeft: 321.191250 ScaledRight: 425.460750
INFO:root:Looping....
DEBUG:root:This is the line: drive:24.429:1.488

DEBUG:root:We got command: drive
DEBUG:root:We got a drive command: rawX:1.488000 and rawY:24.429000
DEBUG:root:Forward to the Right
DEBUG:root:Left=-24.429000 Right=22.941000
DEBUG:root:ScaledLeft: 320.034750 ScaledRight: 426.617250
INFO:root:Looping....
DEBUG:root:This is the line: drive:25.286:1.488

DEBUG:root:We got command: drive
DEBUG:root:We got a drive command: rawX:1.488000 and rawY:25.286000
DEBUG:root:Forward to the Right
DEBUG:root:Left=-25.286000 Right=23.798000
DEBUG:root:ScaledLeft: 318.106500 ScaledRight: 428.545500
INFO:root:Looping....
DEBUG:root:This is the line: drive:26.082:1.488

DEBUG:root:We got command: drive
DEBUG:root:We got a drive command: rawX:1.488000 and rawY:26.082000
DEBUG:root:Forward to the Right
DEBUG:root:Left=-26.082000 Right=24.594000
DEBUG:root:ScaledLeft: 316.315500 ScaledRight: 430.336500
INFO:root:Looping....
DEBUG:root:This is the line: drive:26.349:1.488

DEBUG:root:We got command: drive
DEBUG:root:We got a drive command: rawX:1.488000 and rawY:26.349000
DEBUG:root:Forward to the Right
DEBUG:root:Left=-26.349000 Right=24.861000
DEBUG:root:ScaledLeft: 315.714750 ScaledRight: 430.937250
INFO:root:Looping....
DEBUG:root:This is the line: drive:26.89:1.488

DEBUG:root:We got command: drive
DEBUG:root:We got a drive command: rawX:1.488000 and rawY:26.890000
DEBUG:root:Forward to the Right
DEBUG:root:Left=-26.890000 Right=25.402000
DEBUG:root:ScaledLeft: 314.497500 ScaledRight: 432.154500
INFO:root:Looping....
DEBUG:root:This is the line: drive:27.184:1.488

DEBUG:root:We got command: drive
DEBUG:root:We got a drive command: rawX:1.488000 and rawY:27.184000
DEBUG:root:Forward to the Right
DEBUG:root:Left=-27.184000 Right=25.696000
DEBUG:root:ScaledLeft: 313.836000 ScaledRight: 432.816000
INFO:root:Looping....
DEBUG:root:This is the line: drive:27.824:1.488

DEBUG:root:We got command: drive
DEBUG:root:We got a drive command: rawX:1.488000 and rawY:27.824000
DEBUG:root:Forward to the Right
DEBUG:root:Left=-27.824000 Right=26.336000
DEBUG:root:ScaledLeft: 312.396000 ScaledRight: 434.256000
INFO:root:Looping....
DEBUG:root:This is the line: drive:28.041:1.488

DEBUG:root:We got command: drive
DEBUG:root:We got a drive command: rawX:1.488000 and rawY:28.041000
DEBUG:root:Forward to the Right
DEBUG:root:Left=-28.041000 Right=26.553000
DEBUG:root:ScaledLeft: 311.907750 ScaledRight: 434.744250
INFO:root:Looping....
DEBUG:root:This is the line: drive:28.339:1.488

DEBUG:root:We got command: drive
DEBUG:root:We got a drive command: rawX:1.488000 and rawY:28.339000
DEBUG:root:Forward to the Right
DEBUG:root:Left=-28.339000 Right=26.851000
DEBUG:root:ScaledLeft: 311.237250 ScaledRight: 435.414750
INFO:root:Looping....
DEBUG:root:This is the line: drive:28.621:1.488

DEBUG:root:We got command: drive
DEBUG:root:We got a drive command: rawX:1.488000 and rawY:28.621000
DEBUG:root:Forward to the Right
DEBUG:root:Left=-28.621000 Right=27.133000
DEBUG:root:ScaledLeft: 310.602750 ScaledRight: 436.049250
INFO:root:Looping....
DEBUG:root:This is the line: drive:28.882:1.488

DEBUG:root:We got command: drive
DEBUG:root:We got a drive command: rawX:1.488000 and rawY:28.882000
DEBUG:root:Forward to the Right
DEBUG:root:Left=-28.882000 Right=27.394000
DEBUG:root:ScaledLeft: 310.015500 ScaledRight: 436.636500
INFO:root:Looping....
DEBUG:root:This is the line: drive:28.882:1.488

DEBUG:root:We got command: drive
DEBUG:root:We got a drive command: rawX:1.488000 and rawY:28.882000
DEBUG:root:Forward to the Right
DEBUG:root:Left=-28.882000 Right=27.394000
DEBUG:root:ScaledLeft: 310.015500 ScaledRight: 436.636500
INFO:root:Looping....
DEBUG:root:This is the line: drive:28.882:1.488

DEBUG:root:We got command: drive
DEBUG:root:We got a drive command: rawX:1.488000 and rawY:28.882000
DEBUG:root:Forward to the Right
DEBUG:root:Left=-28.882000 Right=27.394000
DEBUG:root:ScaledLeft: 310.015500 ScaledRight: 436.636500
INFO:root:Looping....
DEBUG:root:This is the line: drive:29.16:1.488

DEBUG:root:We got command: drive
DEBUG:root:We got a drive command: rawX:1.488000 and rawY:29.160000
DEBUG:root:Forward to the Right
DEBUG:root:Left=-29.160000 Right=27.672000
DEBUG:root:ScaledLeft: 309.390000 ScaledRight: 437.262000
INFO:root:Looping....
DEBUG:root:This is the line: drive:29.433:1.488

DEBUG:root:We got command: drive
DEBUG:root:We got a drive command: rawX:1.488000 and rawY:29.433000
DEBUG:root:Forward to the Right
DEBUG:root:Left=-29.433000 Right=27.945000
DEBUG:root:ScaledLeft: 308.775750 ScaledRight: 437.876250
INFO:root:Looping....
DEBUG:root:This is the line: drive:29.433:1.488

DEBUG:root:We got command: drive
DEBUG:root:We got a drive command: rawX:1.488000 and rawY:29.433000
DEBUG:root:Forward to the Right
DEBUG:root:Left=-29.433000 Right=27.945000
DEBUG:root:ScaledLeft: 308.775750 ScaledRight: 437.876250
INFO:root:Looping....
DEBUG:root:This is the line: drive:29.433:1.488

DEBUG:root:We got command: drive
DEBUG:root:We got a drive command: rawX:1.488000 and rawY:29.433000
DEBUG:root:Forward to the Right
DEBUG:root:Left=-29.433000 Right=27.945000
DEBUG:root:ScaledLeft: 308.775750 ScaledRight: 437.876250
INFO:root:Looping....
DEBUG:root:This is the line: drive:30.017:1.488

DEBUG:root:We got command: drive
DEBUG:root:We got a drive command: rawX:1.488000 and rawY:30.017000
DEBUG:root:Forward to the Right
DEBUG:root:Left=-30.017000 Right=28.529000
DEBUG:root:ScaledLeft: 307.461750 ScaledRight: 439.190250
INFO:root:Looping....
DEBUG:root:This is the line: drive:30.017:1.488

DEBUG:root:We got command: drive
DEBUG:root:We got a drive command: rawX:1.488000 and rawY:30.017000
DEBUG:root:Forward to the Right
DEBUG:root:Left=-30.017000 Right=28.529000
DEBUG:root:ScaledLeft: 307.461750 ScaledRight: 439.190250
INFO:root:Looping....
DEBUG:root:This is the line: drive:30.017:1.488

DEBUG:root:We got command: drive
DEBUG:root:We got a drive command: rawX:1.488000 and rawY:30.017000
DEBUG:root:Forward to the Right
DEBUG:root:Left=-30.017000 Right=28.529000
DEBUG:root:ScaledLeft: 307.461750 ScaledRight: 439.190250
INFO:root:Looping....
DEBUG:root:This is the line: drive:30.297:1.488

DEBUG:root:We got command: drive
DEBUG:root:We got a drive command: rawX:1.488000 and rawY:30.297000
DEBUG:root:Forward to the Right
DEBUG:root:Left=-30.297000 Right=28.809000
DEBUG:root:ScaledLeft: 306.831750 ScaledRight: 439.820250
INFO:root:Looping....
DEBUG:root:This is the line: drive:30.297:1.488

DEBUG:root:We got command: drive
DEBUG:root:We got a drive command: rawX:1.488000 and rawY:30.297000
DEBUG:root:Forward to the Right
DEBUG:root:Left=-30.297000 Right=28.809000
DEBUG:root:ScaledLeft: 306.831750 ScaledRight: 439.820250
INFO:root:Looping....
DEBUG:root:This is the line: drive:30.297:1.488

DEBUG:root:We got command: drive
DEBUG:root:We got a drive command: rawX:1.488000 and rawY:30.297000
DEBUG:root:Forward to the Right
DEBUG:root:Left=-30.297000 Right=28.809000
DEBUG:root:ScaledLeft: 306.831750 ScaledRight: 439.820250
INFO:root:Looping....
DEBUG:root:This is the line: drive:30.297:1.488

DEBUG:root:We got command: drive
DEBUG:root:We got a drive command: rawX:1.488000 and rawY:30.297000
DEBUG:root:Forward to the Right
DEBUG:root:Left=-30.297000 Right=28.809000
DEBUG:root:ScaledLeft: 306.831750 ScaledRight: 439.820250
INFO:root:Looping....
DEBUG:root:This is the line: drive:31.22:1.488

DEBUG:root:We got command: drive
DEBUG:root:We got a drive command: rawX:1.488000 and rawY:31.220000
DEBUG:root:Forward to the Right
DEBUG:root:Left=-31.220000 Right=29.732000
DEBUG:root:ScaledLeft: 304.755000 ScaledRight: 441.897000
INFO:root:Looping....
DEBUG:root:This is the line: drive:33.0:1.488

DEBUG:root:We got command: drive
DEBUG:root:We got a drive command: rawX:1.488000 and rawY:33.000000
DEBUG:root:Forward to the Right
DEBUG:root:Left=-33.000000 Right=31.512000
DEBUG:root:ScaledLeft: 300.750000 ScaledRight: 445.902000
INFO:root:Looping....
DEBUG:root:This is the line: drive:35.912:1.488

DEBUG:root:We got command: drive
DEBUG:root:We got a drive command: rawX:1.488000 and rawY:35.912000
DEBUG:root:Forward to the Right
DEBUG:root:Left=-35.912000 Right=34.424000
DEBUG:root:ScaledLeft: 294.198000 ScaledRight: 452.454000
INFO:root:Looping....
DEBUG:root:This is the line: drive:37.257:1.786

DEBUG:root:We got command: drive
DEBUG:root:We got a drive command: rawX:1.786000 and rawY:37.257000
DEBUG:root:Forward to the Right
DEBUG:root:Left=-37.257000 Right=35.471000
DEBUG:root:ScaledLeft: 291.171750 ScaledRight: 454.809750
INFO:root:Looping....
DEBUG:root:This is the line: drive:39.586:3.735

DEBUG:root:We got command: drive
DEBUG:root:We got a drive command: rawX:3.735000 and rawY:39.586000
DEBUG:root:Forward to the Right
DEBUG:root:Left=-39.586000 Right=35.851000
DEBUG:root:ScaledLeft: 285.931500 ScaledRight: 455.664750
INFO:root:Looping....
DEBUG:root:This is the line: drive:42.232:6.492

DEBUG:root:We got command: drive
DEBUG:root:We got a drive command: rawX:6.492000 and rawY:42.232000
DEBUG:root:Forward to the Right
DEBUG:root:Left=-42.232000 Right=35.740000
DEBUG:root:ScaledLeft: 279.978000 ScaledRight: 455.415000
INFO:root:Looping....
DEBUG:root:This is the line: drive:43.023:8.38

DEBUG:root:We got command: drive
DEBUG:root:We got a drive command: rawX:8.380000 and rawY:43.023000
DEBUG:root:Forward to the Right
DEBUG:root:Left=-43.023000 Right=34.643000
DEBUG:root:ScaledLeft: 278.198250 ScaledRight: 452.946750
INFO:root:Looping....
DEBUG:root:This is the line: drive:44.146:12.209

DEBUG:root:We got command: drive
DEBUG:root:We got a drive command: rawX:12.209000 and rawY:44.146000
DEBUG:root:Forward to the Right
DEBUG:root:Left=-44.146000 Right=31.937000
DEBUG:root:ScaledLeft: 275.671500 ScaledRight: 446.858250
INFO:root:Looping....
DEBUG:root:This is the line: drive:44.857:16.071

DEBUG:root:We got command: drive
DEBUG:root:We got a drive command: rawX:16.071000 and rawY:44.857000
DEBUG:root:Forward to the Right
DEBUG:root:Left=-44.857000 Right=28.786000
DEBUG:root:ScaledLeft: 274.071750 ScaledRight: 439.768500
INFO:root:Looping....
DEBUG:root:This is the line: drive:46.502:19.498

DEBUG:root:We got command: drive
DEBUG:root:We got a drive command: rawX:19.498000 and rawY:46.502000
DEBUG:root:Forward to the Right
DEBUG:root:Left=-46.502000 Right=27.004000
DEBUG:root:ScaledLeft: 270.370500 ScaledRight: 435.759000
INFO:root:Looping....
DEBUG:root:This is the line: drive:49.213:25.443

DEBUG:root:We got command: drive
DEBUG:root:We got a drive command: rawX:25.443000 and rawY:49.213000
DEBUG:root:Forward to the Right
DEBUG:root:Left=-49.213000 Right=23.770000
DEBUG:root:ScaledLeft: 264.270750 ScaledRight: 428.482500
INFO:root:Looping....
DEBUG:root:This is the line: drive:49.714:29.553

DEBUG:root:We got command: drive
DEBUG:root:We got a drive command: rawX:29.553000 and rawY:49.714000
DEBUG:root:Forward to the Right
DEBUG:root:Left=-49.714000 Right=20.161000
DEBUG:root:ScaledLeft: 263.143500 ScaledRight: 420.362250
INFO:root:Looping....
DEBUG:root:This is the line: drive:50.857:33.78

DEBUG:root:We got command: drive
DEBUG:root:We got a drive command: rawX:33.780000 and rawY:50.857000
DEBUG:root:Forward to the Right
DEBUG:root:Left=-50.857000 Right=17.077000
DEBUG:root:ScaledLeft: 260.571750 ScaledRight: 413.423250
INFO:root:Looping....
DEBUG:root:This is the line: drive:50.857:37.242

DEBUG:root:We got command: drive
DEBUG:root:We got a drive command: rawX:37.242000 and rawY:50.857000
DEBUG:root:Forward to the Right
DEBUG:root:Left=-50.857000 Right=13.615000
DEBUG:root:ScaledLeft: 260.571750 ScaledRight: 405.633750
INFO:root:Looping....
DEBUG:root:This is the line: drive:51.143:41.56

DEBUG:root:We got command: drive
DEBUG:root:We got a drive command: rawX:41.560000 and rawY:51.143000
DEBUG:root:Forward to the Right
DEBUG:root:Left=-51.143000 Right=9.583000
DEBUG:root:ScaledLeft: 259.928250 ScaledRight: 396.561750
INFO:root:Looping....
DEBUG:root:This is the line: drive:51.143:43.601

DEBUG:root:We got command: drive
DEBUG:root:We got a drive command: rawX:43.601000 and rawY:51.143000
DEBUG:root:Forward to the Right
DEBUG:root:Left=-51.143000 Right=7.542000
DEBUG:root:ScaledLeft: 259.928250 ScaledRight: 391.969500
INFO:root:Looping....
DEBUG:root:This is the line: drive:51.714:47.328

DEBUG:root:We got command: drive
DEBUG:root:We got a drive command: rawX:47.328000 and rawY:51.714000
DEBUG:root:Forward to the Right
DEBUG:root:Left=-51.714000 Right=4.386000
DEBUG:root:ScaledLeft: 258.643500 ScaledRight: 384.868500
INFO:root:Looping....
DEBUG:root:This is the line: drive:51.714:49.743

DEBUG:root:We got command: drive
DEBUG:root:We got a drive command: rawX:49.743000 and rawY:51.714000
DEBUG:root:Forward to the Right
DEBUG:root:Left=-51.714000 Right=1.971000
DEBUG:root:ScaledLeft: 258.643500 ScaledRight: 379.434750
INFO:root:Looping....
DEBUG:root:This is the line: drive:51.714:51.5

DEBUG:root:We got command: drive
DEBUG:root:We got a drive command: rawX:51.500000 and rawY:51.714000
DEBUG:root:Forward to the Right
DEBUG:root:Left=-51.714000 Right=0.214000
DEBUG:root:ScaledLeft: 258.643500 ScaledRight: 375.481500
INFO:root:Looping....
DEBUG:root:This is the line: drive:52.0:52.911

DEBUG:root:We got command: drive
DEBUG:root:We got a drive command: rawX:52.911000 and rawY:52.000000
DEBUG:root:Forward to the Right
DEBUG:root:Left=-52.000000 Right=-0.911000
DEBUG:root:ScaledLeft: 258.000000 ScaledRight: 372.950250
INFO:root:Looping....
DEBUG:root:This is the line: drive:52.286:56.078

DEBUG:root:We got command: drive
DEBUG:root:We got a drive command: rawX:56.078000 and rawY:52.286000
DEBUG:root:Forward to the Right
DEBUG:root:Left=-52.286000 Right=-3.792000
DEBUG:root:ScaledLeft: 257.356500 ScaledRight: 366.468000
INFO:root:Looping....
DEBUG:root:This is the line: drive:52.571:58.198

DEBUG:root:We got command: drive
DEBUG:root:We got a drive command: rawX:58.198000 and rawY:52.571000
DEBUG:root:Forward to the Right
DEBUG:root:Left=-52.571000 Right=-5.627000
DEBUG:root:ScaledLeft: 256.715250 ScaledRight: 362.339250
INFO:root:Looping....
DEBUG:root:This is the line: drive:52.857:60.268

DEBUG:root:We got command: drive
DEBUG:root:We got a drive command: rawX:60.268000 and rawY:52.857000
DEBUG:root:Forward to the Right
DEBUG:root:Left=-52.857000 Right=-7.411000
DEBUG:root:ScaledLeft: 256.071750 ScaledRight: 358.325250
INFO:root:Looping....
DEBUG:root:This is the line: drive:53.381:60.714

DEBUG:root:We got command: drive
DEBUG:root:We got a drive command: rawX:60.714000 and rawY:53.381000
DEBUG:root:Forward to the Right
DEBUG:root:Left=-53.381000 Right=-7.333000
DEBUG:root:ScaledLeft: 254.892750 ScaledRight: 358.500750
INFO:root:Looping....
DEBUG:root:This is the line: drive:53.781:60.714

DEBUG:root:We got command: drive
DEBUG:root:We got a drive command: rawX:60.714000 and rawY:53.781000
DEBUG:root:Forward to the Right
DEBUG:root:Left=-53.781000 Right=-6.933000
DEBUG:root:ScaledLeft: 253.992750 ScaledRight: 359.400750
INFO:root:Looping....
DEBUG:root:This is the line: drive:55.265:59.992

DEBUG:root:We got command: drive
DEBUG:root:We got a drive command: rawX:59.992000 and rawY:55.265000
DEBUG:root:Forward to the Right
DEBUG:root:Left=-55.265000 Right=-4.727000
DEBUG:root:ScaledLeft: 250.653750 ScaledRight: 364.364250
INFO:root:Looping....
DEBUG:root:This is the line: drive:56.0:57.86

DEBUG:root:We got command: drive
DEBUG:root:We got a drive command: rawX:57.860000 and rawY:56.000000
DEBUG:root:Forward to the Right
DEBUG:root:Left=-56.000000 Right=-1.860000
DEBUG:root:ScaledLeft: 249.000000 ScaledRight: 370.815000
INFO:root:Looping....
DEBUG:root:This is the line: drive:56.286:55.506

DEBUG:root:We got command: drive
DEBUG:root:We got a drive command: rawX:55.506000 and rawY:56.286000
DEBUG:root:Forward to the Right
DEBUG:root:Left=-56.286000 Right=0.780000
DEBUG:root:ScaledLeft: 248.356500 ScaledRight: 376.755000
INFO:root:Looping....
DEBUG:root:This is the line: drive:56.286:52.677

DEBUG:root:We got command: drive
DEBUG:root:We got a drive command: rawX:52.677000 and rawY:56.286000
DEBUG:root:Forward to the Right
DEBUG:root:Left=-56.286000 Right=3.609000
DEBUG:root:ScaledLeft: 248.356500 ScaledRight: 383.120250
INFO:root:Looping....
DEBUG:root:This is the line: drive:56.286:51.262

DEBUG:root:We got command: drive
DEBUG:root:We got a drive command: rawX:51.262000 and rawY:56.286000
DEBUG:root:Forward to the Right
DEBUG:root:Left=-56.286000 Right=5.024000
DEBUG:root:ScaledLeft: 248.356500 ScaledRight: 386.304000
INFO:root:Looping....
DEBUG:root:This is the line: drive:56.286:48.092

DEBUG:root:We got command: drive
DEBUG:root:We got a drive command: rawX:48.092000 and rawY:56.286000
DEBUG:root:Forward to the Right
DEBUG:root:Left=-56.286000 Right=8.194000
DEBUG:root:ScaledLeft: 248.356500 ScaledRight: 393.436500
INFO:root:Looping....
DEBUG:root:This is the line: drive:56.286:46.28

DEBUG:root:We got command: drive
DEBUG:root:We got a drive command: rawX:46.280000 and rawY:56.286000
DEBUG:root:Forward to the Right
DEBUG:root:Left=-56.286000 Right=10.006000
DEBUG:root:ScaledLeft: 248.356500 ScaledRight: 397.513500
INFO:root:Looping....
DEBUG:root:This is the line: drive:56.286:46.28

DEBUG:root:We got command: drive
DEBUG:root:We got a drive command: rawX:46.280000 and rawY:56.286000
DEBUG:root:Forward to the Right
DEBUG:root:Left=-56.286000 Right=10.006000
DEBUG:root:ScaledLeft: 248.356500 ScaledRight: 397.513500
INFO:root:Looping....
DEBUG:root:This is the line: drive:56.286:46.727

DEBUG:root:We got command: drive
DEBUG:root:We got a drive command: rawX:46.727000 and rawY:56.286000
DEBUG:root:Forward to the Right
DEBUG:root:Left=-56.286000 Right=9.559000
DEBUG:root:ScaledLeft: 248.356500 ScaledRight: 396.507750
INFO:root:Looping....
DEBUG:root:This is the line: drive:56.286:49.204

DEBUG:root:We got command: drive
DEBUG:root:We got a drive command: rawX:49.204000 and rawY:56.286000
DEBUG:root:Forward to the Right
DEBUG:root:Left=-56.286000 Right=7.082000
DEBUG:root:ScaledLeft: 248.356500 ScaledRight: 390.934500
INFO:root:Looping....
DEBUG:root:This is the line: drive:56.286:51.314

DEBUG:root:We got command: drive
DEBUG:root:We got a drive command: rawX:51.314000 and rawY:56.286000
DEBUG:root:Forward to the Right
DEBUG:root:Left=-56.286000 Right=4.972000
DEBUG:root:ScaledLeft: 248.356500 ScaledRight: 386.187000
INFO:root:Looping....
DEBUG:root:This is the line: drive:56.286:53.179

DEBUG:root:We got command: drive
DEBUG:root:We got a drive command: rawX:53.179000 and rawY:56.286000
DEBUG:root:Forward to the Right
DEBUG:root:Left=-56.286000 Right=3.107000
DEBUG:root:ScaledLeft: 248.356500 ScaledRight: 381.990750
INFO:root:Looping....
DEBUG:root:This is the line: drive:56.286:55.183

DEBUG:root:We got command: drive
DEBUG:root:We got a drive command: rawX:55.183000 and rawY:56.286000
DEBUG:root:Forward to the Right
DEBUG:root:Left=-56.286000 Right=1.103000
DEBUG:root:ScaledLeft: 248.356500 ScaledRight: 377.481750
INFO:root:Looping....
DEBUG:root:This is the line: drive:56.286:57.302

DEBUG:root:We got command: drive
DEBUG:root:We got a drive command: rawX:57.302000 and rawY:56.286000
DEBUG:root:Forward to the Right
DEBUG:root:Left=-56.286000 Right=-1.016000
DEBUG:root:ScaledLeft: 248.356500 ScaledRight: 372.714000
INFO:root:Looping....
DEBUG:root:This is the line: drive:56.0:58.342

DEBUG:root:We got command: drive
DEBUG:root:We got a drive command: rawX:58.342000 and rawY:56.000000
DEBUG:root:Forward to the Right
DEBUG:root:Left=-56.000000 Right=-2.342000
DEBUG:root:ScaledLeft: 249.000000 ScaledRight: 369.730500
INFO:root:Looping....
DEBUG:root:This is the line: drive:56.0:60.863

DEBUG:root:We got command: drive
DEBUG:root:We got a drive command: rawX:60.863000 and rawY:56.000000
DEBUG:root:Forward to the Right
DEBUG:root:Left=-56.000000 Right=-4.863000
DEBUG:root:ScaledLeft: 249.000000 ScaledRight: 364.058250
INFO:root:Looping....
DEBUG:root:This is the line: drive:56.0:61.756

DEBUG:root:We got command: drive
DEBUG:root:We got a drive command: rawX:61.756000 and rawY:56.000000
DEBUG:root:Forward to the Right
DEBUG:root:Left=-56.000000 Right=-5.756000
DEBUG:root:ScaledLeft: 249.000000 ScaledRight: 362.049000
INFO:root:Looping....
DEBUG:root:This is the line: drive:56.0:62.923

DEBUG:root:We got command: drive
DEBUG:root:We got a drive command: rawX:62.923000 and rawY:56.000000
DEBUG:root:Forward to the Right
DEBUG:root:Left=-56.000000 Right=-6.923000
DEBUG:root:ScaledLeft: 249.000000 ScaledRight: 359.423250
INFO:root:Looping....
DEBUG:root:This is the line: drive:56.0:64.473

DEBUG:root:We got command: drive
DEBUG:root:We got a drive command: rawX:64.473000 and rawY:56.000000
DEBUG:root:Forward to the Right
DEBUG:root:Left=-56.000000 Right=-8.473000
DEBUG:root:ScaledLeft: 249.000000 ScaledRight: 355.935750
INFO:root:Looping....
DEBUG:root:This is the line: drive:56.0:65.662

DEBUG:root:We got command: drive
DEBUG:root:We got a drive command: rawX:65.662000 and rawY:56.000000
DEBUG:root:Forward to the Right
DEBUG:root:Left=-56.000000 Right=-9.662000
DEBUG:root:ScaledLeft: 249.000000 ScaledRight: 353.260500
INFO:root:Looping....
DEBUG:root:This is the line: drive:56.0:67.178

DEBUG:root:We got command: drive
DEBUG:root:We got a drive command: rawX:67.178000 and rawY:56.000000
DEBUG:root:Forward to the Right
DEBUG:root:Left=-56.000000 Right=-11.178000
DEBUG:root:ScaledLeft: 249.000000 ScaledRight: 349.849500
INFO:root:Looping....
DEBUG:root:This is the line: drive:56.0:69.639

DEBUG:root:We got command: drive
DEBUG:root:We got a drive command: rawX:69.639000 and rawY:56.000000
DEBUG:root:Forward to the Right
DEBUG:root:Left=-56.000000 Right=-13.639000
DEBUG:root:ScaledLeft: 249.000000 ScaledRight: 344.312250
INFO:root:Looping....
DEBUG:root:This is the line: drive:56.0:71.85

DEBUG:root:We got command: drive
DEBUG:root:We got a drive command: rawX:71.850000 and rawY:56.000000
DEBUG:root:Forward to the Right
DEBUG:root:Left=-56.000000 Right=-15.850000
DEBUG:root:ScaledLeft: 249.000000 ScaledRight: 339.337500
INFO:root:Looping....
DEBUG:root:This is the line: drive:56.0:73.37

DEBUG:root:We got command: drive
DEBUG:root:We got a drive command: rawX:73.370000 and rawY:56.000000
DEBUG:root:Forward to the Right
DEBUG:root:Left=-56.000000 Right=-17.370000
DEBUG:root:ScaledLeft: 249.000000 ScaledRight: 335.917500
INFO:root:Looping....
DEBUG:root:This is the line: drive:56.0:75.078

DEBUG:root:We got command: drive
DEBUG:root:We got a drive command: rawX:75.078000 and rawY:56.000000
DEBUG:root:Forward to the Right
DEBUG:root:Left=-56.000000 Right=-19.078000
DEBUG:root:ScaledLeft: 249.000000 ScaledRight: 332.074500
INFO:root:Looping....
DEBUG:root:This is the line: drive:56.0:76.339

DEBUG:root:We got command: drive
DEBUG:root:We got a drive command: rawX:76.339000 and rawY:56.000000
DEBUG:root:Forward to the Right
DEBUG:root:Left=-56.000000 Right=-20.339000
DEBUG:root:ScaledLeft: 249.000000 ScaledRight: 329.237250
INFO:root:Looping....
DEBUG:root:This is the line: drive:56.0:77.339

DEBUG:root:We got command: drive
DEBUG:root:We got a drive command: rawX:77.339000 and rawY:56.000000
DEBUG:root:Forward to the Right
DEBUG:root:Left=-56.000000 Right=-21.339000
DEBUG:root:ScaledLeft: 249.000000 ScaledRight: 326.987250
INFO:root:Looping....
DEBUG:root:This is the line: drive:56.0:79.179

DEBUG:root:We got command: drive
DEBUG:root:We got a drive command: rawX:79.179000 and rawY:56.000000
DEBUG:root:Forward to the Right
DEBUG:root:Left=-56.000000 Right=-23.179000
DEBUG:root:ScaledLeft: 249.000000 ScaledRight: 322.847250
INFO:root:Looping....
DEBUG:root:This is the line: drive:56.0:81.407

DEBUG:root:We got command: drive
DEBUG:root:We got a drive command: rawX:81.407000 and rawY:56.000000
DEBUG:root:Forward to the Right
DEBUG:root:Left=-56.000000 Right=-25.407000
DEBUG:root:ScaledLeft: 249.000000 ScaledRight: 317.834250
INFO:root:Looping....
DEBUG:root:This is the line: drive:56.0:83.656

DEBUG:root:We got command: drive
DEBUG:root:We got a drive command: rawX:83.656000 and rawY:56.000000
DEBUG:root:Forward to the Right
DEBUG:root:Left=-56.000000 Right=-27.656000
DEBUG:root:ScaledLeft: 249.000000 ScaledRight: 312.774000
INFO:root:Looping....
DEBUG:root:This is the line: drive:56.0:86.256

DEBUG:root:We got command: drive
DEBUG:root:We got a drive command: rawX:86.256000 and rawY:56.000000
DEBUG:root:Forward to the Right
DEBUG:root:Left=-56.000000 Right=-30.256000
DEBUG:root:ScaledLeft: 249.000000 ScaledRight: 306.924000
INFO:root:Looping....
DEBUG:root:This is the line: drive:56.0:86.978

DEBUG:root:We got command: drive
DEBUG:root:We got a drive command: rawX:86.978000 and rawY:56.000000
DEBUG:root:Forward to the Right
DEBUG:root:Left=-56.000000 Right=-30.978000
DEBUG:root:ScaledLeft: 249.000000 ScaledRight: 305.299500
INFO:root:Looping....
DEBUG:root:This is the line: drive:56.0:87.946

DEBUG:root:We got command: drive
DEBUG:root:We got a drive command: rawX:87.946000 and rawY:56.000000
DEBUG:root:Forward to the Right
DEBUG:root:Left=-56.000000 Right=-31.946000
DEBUG:root:ScaledLeft: 249.000000 ScaledRight: 303.121500
INFO:root:Looping....
DEBUG:root:This is the line: drive:56.0:88.478

DEBUG:root:We got command: drive
DEBUG:root:We got a drive command: rawX:88.478000 and rawY:56.000000
DEBUG:root:Forward to the Right
DEBUG:root:Left=-56.000000 Right=-32.478000
DEBUG:root:ScaledLeft: 249.000000 ScaledRight: 301.924500
INFO:root:Looping....
DEBUG:root:This is the line: drive:56.0:89.095

DEBUG:root:We got command: drive
DEBUG:root:We got a drive command: rawX:89.095000 and rawY:56.000000
DEBUG:root:Forward to the Right
DEBUG:root:Left=-56.000000 Right=-33.095000
DEBUG:root:ScaledLeft: 249.000000 ScaledRight: 300.536250
INFO:root:Looping....
DEBUG:root:This is the line: drive:56.0:89.314

DEBUG:root:We got command: drive
DEBUG:root:We got a drive command: rawX:89.314000 and rawY:56.000000
DEBUG:root:Forward to the Right
DEBUG:root:Left=-56.000000 Right=-33.314000
DEBUG:root:ScaledLeft: 249.000000 ScaledRight: 300.043500
INFO:root:Looping....
DEBUG:root:This is the line: drive:56.0:89.314

DEBUG:root:We got command: drive
DEBUG:root:We got a drive command: rawX:89.314000 and rawY:56.000000
DEBUG:root:Forward to the Right
DEBUG:root:Left=-56.000000 Right=-33.314000
DEBUG:root:ScaledLeft: 249.000000 ScaledRight: 300.043500
INFO:root:Looping....
DEBUG:root:This is the line: drive:56.0:89.922

DEBUG:root:We got command: drive
DEBUG:root:We got a drive command: rawX:89.922000 and rawY:56.000000
DEBUG:root:Forward to the Right
DEBUG:root:Left=-56.000000 Right=-33.922000
DEBUG:root:ScaledLeft: 249.000000 ScaledRight: 298.675500
INFO:root:Looping....
DEBUG:root:This is the line: drive:56.0:89.922

DEBUG:root:We got command: drive
DEBUG:root:We got a drive command: rawX:89.922000 and rawY:56.000000
DEBUG:root:Forward to the Right
DEBUG:root:Left=-56.000000 Right=-33.922000
DEBUG:root:ScaledLeft: 249.000000 ScaledRight: 298.675500
INFO:root:Looping....
DEBUG:root:This is the line: drive:56.0:90.188

DEBUG:root:We got command: drive
DEBUG:root:We got a drive command: rawX:90.188000 and rawY:56.000000
DEBUG:root:Forward to the Right
DEBUG:root:Left=-56.000000 Right=-34.188000
DEBUG:root:ScaledLeft: 249.000000 ScaledRight: 298.077000
INFO:root:Looping....
DEBUG:root:This is the line: drive:56.0:90.188

DEBUG:root:We got command: drive
DEBUG:root:We got a drive command: rawX:90.188000 and rawY:56.000000
DEBUG:root:Forward to the Right
DEBUG:root:Left=-56.000000 Right=-34.188000
DEBUG:root:ScaledLeft: 249.000000 ScaledRight: 298.077000
INFO:root:Looping....
DEBUG:root:This is the line: drive:56.0:90.504

DEBUG:root:We got command: drive
DEBUG:root:We got a drive command: rawX:90.504000 and rawY:56.000000
DEBUG:root:Forward to the Right
DEBUG:root:Left=-56.000000 Right=-34.504000
DEBUG:root:ScaledLeft: 249.000000 ScaledRight: 297.366000
INFO:root:Looping....
DEBUG:root:This is the line: drive:56.0:90.504

DEBUG:root:We got command: drive
DEBUG:root:We got a drive command: rawX:90.504000 and rawY:56.000000
DEBUG:root:Forward to the Right
DEBUG:root:Left=-56.000000 Right=-34.504000
DEBUG:root:ScaledLeft: 249.000000 ScaledRight: 297.366000
INFO:root:Looping....
DEBUG:root:This is the line: drive:56.0:90.504

DEBUG:root:We got command: drive
DEBUG:root:We got a drive command: rawX:90.504000 and rawY:56.000000
DEBUG:root:Forward to the Right
DEBUG:root:Left=-56.000000 Right=-34.504000
DEBUG:root:ScaledLeft: 249.000000 ScaledRight: 297.366000
INFO:root:Looping....
DEBUG:root:This is the line: drive:56.0:89.638

DEBUG:root:We got command: drive
DEBUG:root:We got a drive command: rawX:89.638000 and rawY:56.000000
DEBUG:root:Forward to the Right
DEBUG:root:Left=-56.000000 Right=-33.638000
DEBUG:root:ScaledLeft: 249.000000 ScaledRight: 299.314500
INFO:root:Looping....
DEBUG:root:This is the line: drive:57.143:87.899

DEBUG:root:We got command: drive
DEBUG:root:We got a drive command: rawX:87.899000 and rawY:57.143000
DEBUG:root:Forward to the Right
DEBUG:root:Left=-57.143000 Right=-30.756000
DEBUG:root:ScaledLeft: 246.428250 ScaledRight: 305.799000
INFO:root:Looping....
DEBUG:root:This is the line: drive:58.857:83.801

DEBUG:root:We got command: drive
DEBUG:root:We got a drive command: rawX:83.801000 and rawY:58.857000
DEBUG:root:Forward to the Right
DEBUG:root:Left=-58.857000 Right=-24.944000
DEBUG:root:ScaledLeft: 242.571750 ScaledRight: 318.876000
INFO:root:Looping....
DEBUG:root:This is the line: drive:60.0:75.132

DEBUG:root:We got command: drive
DEBUG:root:We got a drive command: rawX:75.132000 and rawY:60.000000
DEBUG:root:Forward to the Right
DEBUG:root:Left=-60.000000 Right=-15.132000
DEBUG:root:ScaledLeft: 240.000000 ScaledRight: 340.953000
INFO:root:Looping....
DEBUG:root:This is the line: drive:60.0:63.905

DEBUG:root:We got command: drive
DEBUG:root:We got a drive command: rawX:63.905000 and rawY:60.000000
DEBUG:root:Forward to the Right
DEBUG:root:Left=-60.000000 Right=-3.905000
DEBUG:root:ScaledLeft: 240.000000 ScaledRight: 366.213750
INFO:root:Looping....
DEBUG:root:This is the line: drive:60.0:53.273

DEBUG:root:We got command: drive
DEBUG:root:We got a drive command: rawX:53.273000 and rawY:60.000000
DEBUG:root:Forward to the Right
DEBUG:root:Left=-60.000000 Right=6.727000
DEBUG:root:ScaledLeft: 240.000000 ScaledRight: 390.135750
INFO:root:Looping....
DEBUG:root:This is the line: drive:58.776:42.135

DEBUG:root:We got command: drive
DEBUG:root:We got a drive command: rawX:42.135000 and rawY:58.776000
DEBUG:root:Forward to the Right
DEBUG:root:Left=-58.776000 Right=16.641000
DEBUG:root:ScaledLeft: 242.754000 ScaledRight: 412.442250
INFO:root:Looping....
DEBUG:root:This is the line: drive:56.066:31.456

DEBUG:root:We got command: drive
DEBUG:root:We got a drive command: rawX:31.456000 and rawY:56.066000
DEBUG:root:Forward to the Right
DEBUG:root:Left=-56.066000 Right=24.610000
DEBUG:root:ScaledLeft: 248.851500 ScaledRight: 430.372500
INFO:root:Looping....
DEBUG:root:This is the line: drive:54.664:24.294

DEBUG:root:We got command: drive
DEBUG:root:We got a drive command: rawX:24.294000 and rawY:54.664000
DEBUG:root:Forward to the Right
DEBUG:root:Left=-54.664000 Right=30.370000
DEBUG:root:ScaledLeft: 252.006000 ScaledRight: 443.332500
INFO:root:Looping....
DEBUG:root:This is the line: drive:53.429:16.264

DEBUG:root:We got command: drive
DEBUG:root:We got a drive command: rawX:16.264000 and rawY:53.429000
DEBUG:root:Forward to the Right
DEBUG:root:Left=-53.429000 Right=37.165000
DEBUG:root:ScaledLeft: 254.784750 ScaledRight: 458.621250
INFO:root:Looping....
DEBUG:root:This is the line: drive:52.615:10.851

DEBUG:root:We got command: drive
DEBUG:root:We got a drive command: rawX:10.851000 and rawY:52.615000
DEBUG:root:Forward to the Right
DEBUG:root:Left=-52.615000 Right=41.764000
DEBUG:root:ScaledLeft: 256.616250 ScaledRight: 468.969000
INFO:root:Looping....
DEBUG:root:This is the line: drive:51.429:-0.126

DEBUG:root:We got command: drive
DEBUG:root:We got a drive command: rawX:-0.126000 and rawY:51.429000
DEBUG:root:Forward to the Left/Straight
DEBUG:root:Left=-51.555000 Right=51.429000
DEBUG:root:ScaledLeft: 259.001250 ScaledRight: 490.715250
INFO:root:Looping....
DEBUG:root:This is the line: drive:50.793:-6.452

DEBUG:root:We got command: drive
DEBUG:root:We got a drive command: rawX:-6.452000 and rawY:50.793000
DEBUG:root:Forward to the Left/Straight
DEBUG:root:Left=-57.245000 Right=50.793000
DEBUG:root:ScaledLeft: 246.198750 ScaledRight: 489.284250
INFO:root:Looping....
DEBUG:root:This is the line: drive:50.286:-11.678

DEBUG:root:We got command: drive
DEBUG:root:We got a drive command: rawX:-11.678000 and rawY:50.286000
DEBUG:root:Forward to the Left/Straight
DEBUG:root:Left=-61.964000 Right=50.286000
DEBUG:root:ScaledLeft: 235.581000 ScaledRight: 488.143500
INFO:root:Looping....
DEBUG:root:This is the line: drive:49.401:-17.943

DEBUG:root:We got command: drive
DEBUG:root:We got a drive command: rawX:-17.943000 and rawY:49.401000
DEBUG:root:Forward to the Left/Straight
DEBUG:root:Left=-67.344000 Right=49.401000
DEBUG:root:ScaledLeft: 223.476000 ScaledRight: 486.152250
INFO:root:Looping....
DEBUG:root:This is the line: drive:49.429:-22.301

DEBUG:root:We got command: drive
DEBUG:root:We got a drive command: rawX:-22.301000 and rawY:49.429000
DEBUG:root:Forward to the Left/Straight
DEBUG:root:Left=-71.730000 Right=49.429000
DEBUG:root:ScaledLeft: 213.607500 ScaledRight: 486.215250
INFO:root:Looping....
DEBUG:root:This is the line: drive:48.571:-28.216

DEBUG:root:We got command: drive
DEBUG:root:We got a drive command: rawX:-28.216000 and rawY:48.571000
DEBUG:root:Forward to the Left/Straight
DEBUG:root:Left=-76.787000 Right=48.571000
DEBUG:root:ScaledLeft: 202.229250 ScaledRight: 484.284750
INFO:root:Looping....
DEBUG:root:This is the line: drive:48.286:-36.111

DEBUG:root:We got command: drive
DEBUG:root:We got a drive command: rawX:-36.111000 and rawY:48.286000
DEBUG:root:Forward to the Left/Straight
DEBUG:root:Left=-84.397000 Right=48.286000
DEBUG:root:ScaledLeft: 185.106750 ScaledRight: 483.643500
INFO:root:Looping....
DEBUG:root:This is the line: drive:48.286:-41.143

DEBUG:root:We got command: drive
DEBUG:root:We got a drive command: rawX:-41.143000 and rawY:48.286000
DEBUG:root:Forward to the Left/Straight
DEBUG:root:Left=-89.429000 Right=48.286000
DEBUG:root:ScaledLeft: 173.784750 ScaledRight: 483.643500
INFO:root:Looping....
DEBUG:root:This is the line: drive:48.286:-44.772

DEBUG:root:We got command: drive
DEBUG:root:We got a drive command: rawX:-44.772000 and rawY:48.286000
DEBUG:root:Forward to the Left/Straight
DEBUG:root:Left=-93.058000 Right=48.286000
DEBUG:root:ScaledLeft: 165.619500 ScaledRight: 483.643500
INFO:root:Looping....
DEBUG:root:This is the line: drive:48.286:-47.29

DEBUG:root:We got command: drive
DEBUG:root:We got a drive command: rawX:-47.290000 and rawY:48.286000
DEBUG:root:Forward to the Left/Straight
DEBUG:root:Left=-95.576000 Right=48.286000
DEBUG:root:ScaledLeft: 159.954000 ScaledRight: 483.643500
INFO:root:Looping....
DEBUG:root:This is the line: drive:47.429:-52.729

DEBUG:root:We got command: drive
DEBUG:root:We got a drive command: rawX:-52.729000 and rawY:47.429000
DEBUG:root:Forward to the Left/Straight
DEBUG:root:Left=-100.158000 Right=47.429000
DEBUG:root:ScaledLeft: 149.644500 ScaledRight: 481.715250
INFO:root:Looping....
DEBUG:root:This is the line: drive:47.143:-57.521

DEBUG:root:We got command: drive
DEBUG:root:We got a drive command: rawX:-57.521000 and rawY:47.143000
DEBUG:root:Forward to the Left/Straight
DEBUG:root:Left=-104.664000 Right=47.143000
DEBUG:root:ScaledLeft: 139.506000 ScaledRight: 481.071750
INFO:root:Looping....
DEBUG:root:This is the line: drive:46.581:-61.29

DEBUG:root:We got command: drive
DEBUG:root:We got a drive command: rawX:-61.290000 and rawY:46.581000
DEBUG:root:Forward to the Left/Straight
DEBUG:root:Left=-107.871000 Right=46.581000
DEBUG:root:ScaledLeft: 132.290250 ScaledRight: 479.807250
INFO:root:Looping....
DEBUG:root:This is the line: drive:46.286:-63.944

DEBUG:root:We got command: drive
DEBUG:root:We got a drive command: rawX:-63.944000 and rawY:46.286000
DEBUG:root:Forward to the Left/Straight
DEBUG:root:Left=-110.230000 Right=46.286000
DEBUG:root:ScaledLeft: 126.982500 ScaledRight: 479.143500
INFO:root:Looping....
DEBUG:root:This is the line: drive:45.714:-66.528

DEBUG:root:We got command: drive
DEBUG:root:We got a drive command: rawX:-66.528000 and rawY:45.714000
DEBUG:root:Forward to the Left/Straight
DEBUG:root:Left=-112.242000 Right=45.714000
DEBUG:root:ScaledLeft: 122.455500 ScaledRight: 477.856500
INFO:root:Looping....
DEBUG:root:This is the line: drive:45.244:-69.24

DEBUG:root:We got command: drive
DEBUG:root:We got a drive command: rawX:-69.240000 and rawY:45.244000
DEBUG:root:Forward to the Left/Straight
DEBUG:root:Left=-114.484000 Right=45.244000
DEBUG:root:ScaledLeft: 117.411000 ScaledRight: 476.799000
INFO:root:Looping....
DEBUG:root:This is the line: drive:44.682:-71.611

DEBUG:root:We got command: drive
DEBUG:root:We got a drive command: rawX:-71.611000 and rawY:44.682000
DEBUG:root:Forward to the Left/Straight
DEBUG:root:Left=-116.293000 Right=44.682000
DEBUG:root:ScaledLeft: 113.340750 ScaledRight: 475.534500
INFO:root:Looping....
DEBUG:root:This is the line: drive:44.0:-74.329

DEBUG:root:We got command: drive
DEBUG:root:We got a drive command: rawX:-74.329000 and rawY:44.000000
DEBUG:root:Forward to the Left/Straight
DEBUG:root:Left=-118.329000 Right=44.000000
DEBUG:root:ScaledLeft: 108.759750 ScaledRight: 474.000000
INFO:root:Looping....
DEBUG:root:This is the line: drive:43.59:-76.023

DEBUG:root:We got command: drive
DEBUG:root:We got a drive command: rawX:-76.023000 and rawY:43.590000
DEBUG:root:Forward to the Left/Straight
DEBUG:root:Left=-119.613000 Right=43.590000
DEBUG:root:ScaledLeft: 105.870750 ScaledRight: 473.077500
INFO:root:Looping....
DEBUG:root:This is the line: drive:43.143:-77.491

DEBUG:root:We got command: drive
DEBUG:root:We got a drive command: rawX:-77.491000 and rawY:43.143000
DEBUG:root:Forward to the Left/Straight
DEBUG:root:Left=-120.634000 Right=43.143000
DEBUG:root:ScaledLeft: 103.573500 ScaledRight: 472.071750
INFO:root:Looping....
DEBUG:root:This is the line: drive:42.871:-78.274

DEBUG:root:We got command: drive
DEBUG:root:We got a drive command: rawX:-78.274000 and rawY:42.871000
DEBUG:root:Forward to the Left/Straight
DEBUG:root:Left=-121.145000 Right=42.871000
DEBUG:root:ScaledLeft: 102.423750 ScaledRight: 471.459750
INFO:root:Looping....
DEBUG:root:This is the line: drive:40.429:-79.911

DEBUG:root:We got command: drive
DEBUG:root:We got a drive command: rawX:-79.911000 and rawY:40.429000
DEBUG:root:Forward to the Left/Straight
DEBUG:root:Left=-120.340000 Right=40.429000
DEBUG:root:ScaledLeft: 104.235000 ScaledRight: 465.965250
INFO:root:Looping....
DEBUG:root:This is the line: drive:40.201:-81.338

DEBUG:root:We got command: drive
DEBUG:root:We got a drive command: rawX:-81.338000 and rawY:40.201000
DEBUG:root:Forward to the Left/Straight
DEBUG:root:Left=-121.539000 Right=40.201000
DEBUG:root:ScaledLeft: 101.537250 ScaledRight: 465.452250
INFO:root:Looping....
DEBUG:root:This is the line: drive:39.98:-83.057

DEBUG:root:We got command: drive
DEBUG:root:We got a drive command: rawX:-83.057000 and rawY:39.980000
DEBUG:root:Forward to the Left/Straight
DEBUG:root:Left=-123.037000 Right=39.980000
DEBUG:root:ScaledLeft: 98.166750 ScaledRight: 464.955000
INFO:root:Looping....
DEBUG:root:This is the line: drive:39.426:-84.524

DEBUG:root:We got command: drive
DEBUG:root:We got a drive command: rawX:-84.524000 and rawY:39.426000
DEBUG:root:Forward to the Left/Straight
DEBUG:root:Left=-123.950000 Right=39.426000
DEBUG:root:ScaledLeft: 96.112500 ScaledRight: 463.708500
INFO:root:Looping....
DEBUG:root:This is the line: drive:39.143:-86.192

DEBUG:root:We got command: drive
DEBUG:root:We got a drive command: rawX:-86.192000 and rawY:39.143000
DEBUG:root:Forward to the Left/Straight
DEBUG:root:Left=-125.335000 Right=39.143000
DEBUG:root:ScaledLeft: 92.996250 ScaledRight: 463.071750
INFO:root:Looping....
DEBUG:root:This is the line: drive:38.857:-86.756

DEBUG:root:We got command: drive
DEBUG:root:We got a drive command: rawX:-86.756000 and rawY:38.857000
DEBUG:root:Forward to the Left/Straight
DEBUG:root:Left=-125.613000 Right=38.857000
DEBUG:root:ScaledLeft: 92.370750 ScaledRight: 462.428250
INFO:root:Looping....
DEBUG:root:This is the line: drive:38.429:-87.202

DEBUG:root:We got command: drive
DEBUG:root:We got a drive command: rawX:-87.202000 and rawY:38.429000
DEBUG:root:Forward to the Left/Straight
DEBUG:root:Left=-125.631000 Right=38.429000
DEBUG:root:ScaledLeft: 92.330250 ScaledRight: 461.465250
INFO:root:Looping....
DEBUG:root:This is the line: drive:38.247:-88.135

DEBUG:root:We got command: drive
DEBUG:root:We got a drive command: rawX:-88.135000 and rawY:38.247000
DEBUG:root:Forward to the Left/Straight
DEBUG:root:Left=-126.382000 Right=38.247000
DEBUG:root:ScaledLeft: 90.640500 ScaledRight: 461.055750
INFO:root:Looping....
DEBUG:root:This is the line: drive:38.286:-88.839

DEBUG:root:We got command: drive
DEBUG:root:We got a drive command: rawX:-88.839000 and rawY:38.286000
DEBUG:root:Forward to the Left/Straight
DEBUG:root:Left=-127.125000 Right=38.286000
DEBUG:root:ScaledLeft: 88.968750 ScaledRight: 461.143500
INFO:root:Looping....
DEBUG:root:This is the line: drive:38.0:-89.368

DEBUG:root:We got command: drive
DEBUG:root:We got a drive command: rawX:-89.368000 and rawY:38.000000
DEBUG:root:Forward to the Left/Straight
DEBUG:root:Left=-127.368000 Right=38.000000
DEBUG:root:ScaledLeft: 88.422000 ScaledRight: 460.500000
INFO:root:Looping....
DEBUG:root:This is the line: drive:37.429:-90.03

DEBUG:root:We got command: drive
DEBUG:root:We got a drive command: rawX:-90.030000 and rawY:37.429000
DEBUG:root:Forward to the Left/Straight
DEBUG:root:Left=-127.459000 Right=37.429000
DEBUG:root:ScaledLeft: 88.217250 ScaledRight: 459.215250
INFO:root:Looping....
DEBUG:root:This is the line: drive:37.117:-91.396

DEBUG:root:We got command: drive
DEBUG:root:We got a drive command: rawX:-91.396000 and rawY:37.117000
DEBUG:root:Forward to the Left/Straight
DEBUG:root:Left=-128.513000 Right=37.117000
DEBUG:root:ScaledLeft: 85.845750 ScaledRight: 458.513250
INFO:root:Looping....
DEBUG:root:This is the line: drive:37.143:-92.411

DEBUG:root:We got command: drive
DEBUG:root:We got a drive command: rawX:-92.411000 and rawY:37.143000
DEBUG:root:Forward to the Left/Straight
DEBUG:root:Left=-129.554000 Right=37.143000
DEBUG:root:ScaledLeft: 83.503500 ScaledRight: 458.571750
INFO:root:Looping....
DEBUG:root:This is the line: drive:36.857:-93.899

DEBUG:root:We got command: drive
DEBUG:root:We got a drive command: rawX:-93.899000 and rawY:36.857000
DEBUG:root:Forward to the Left/Straight
DEBUG:root:Left=-130.756000 Right=36.857000
DEBUG:root:ScaledLeft: 80.799000 ScaledRight: 457.928250
INFO:root:Looping....
DEBUG:root:This is the line: drive:36.857:-95.535

DEBUG:root:We got command: drive
DEBUG:root:We got a drive command: rawX:-95.535000 and rawY:36.857000
DEBUG:root:Forward to the Left/Straight
DEBUG:root:Left=-132.392000 Right=36.857000
DEBUG:root:ScaledLeft: 77.118000 ScaledRight: 457.928250
INFO:root:Looping....
DEBUG:root:This is the line: drive:36.162:-98.343

DEBUG:root:We got command: drive
DEBUG:root:We got a drive command: rawX:-98.343000 and rawY:36.162000
DEBUG:root:Forward to the Left/Straight
DEBUG:root:Left=-134.505000 Right=36.162000
DEBUG:root:ScaledLeft: 72.363750 ScaledRight: 456.364500
INFO:root:Looping....
DEBUG:root:This is the line: drive:35.741:-99.376

DEBUG:root:We got command: drive
DEBUG:root:We got a drive command: rawX:-99.376000 and rawY:35.741000
DEBUG:root:Forward to the Left/Straight
DEBUG:root:Left=-135.117000 Right=35.741000
DEBUG:root:ScaledLeft: 70.986750 ScaledRight: 455.417250
INFO:root:Looping....
DEBUG:root:This is the line: drive:35.741:-99.376

DEBUG:root:We got command: drive
DEBUG:root:We got a drive command: rawX:-99.376000 and rawY:35.741000
DEBUG:root:Forward to the Left/Straight
DEBUG:root:Left=-135.117000 Right=35.741000
DEBUG:root:ScaledLeft: 70.986750 ScaledRight: 455.417250
INFO:root:Looping....
DEBUG:root:This is the line: drive:35.741:-99.376

DEBUG:root:We got command: drive
DEBUG:root:We got a drive command: rawX:-99.376000 and rawY:35.741000
DEBUG:root:Forward to the Left/Straight
DEBUG:root:Left=-135.117000 Right=35.741000
DEBUG:root:ScaledLeft: 70.986750 ScaledRight: 455.417250
INFO:root:Looping....
DEBUG:root:This is the line: drive:35.741:-99.376

DEBUG:root:We got command: drive
DEBUG:root:We got a drive command: rawX:-99.376000 and rawY:35.741000
DEBUG:root:Forward to the Left/Straight
DEBUG:root:Left=-135.117000 Right=35.741000
DEBUG:root:ScaledLeft: 70.986750 ScaledRight: 455.417250
INFO:root:Looping....
DEBUG:root:This is the line: drive:35.741:-99.376

DEBUG:root:We got command: drive
DEBUG:root:We got a drive command: rawX:-99.376000 and rawY:35.741000
DEBUG:root:Forward to the Left/Straight
DEBUG:root:Left=-135.117000 Right=35.741000
DEBUG:root:ScaledLeft: 70.986750 ScaledRight: 455.417250
INFO:root:Looping....
DEBUG:root:This is the line: drive:35.741:-99.376

DEBUG:root:We got command: drive
DEBUG:root:We got a drive command: rawX:-99.376000 and rawY:35.741000
DEBUG:root:Forward to the Left/Straight
DEBUG:root:Left=-135.117000 Right=35.741000
DEBUG:root:ScaledLeft: 70.986750 ScaledRight: 455.417250
INFO:root:Looping....
DEBUG:root:This is the line: drive:35.741:-99.376

DEBUG:root:We got command: drive
DEBUG:root:We got a drive command: rawX:-99.376000 and rawY:35.741000
DEBUG:root:Forward to the Left/Straight
DEBUG:root:Left=-135.117000 Right=35.741000
DEBUG:root:ScaledLeft: 70.986750 ScaledRight: 455.417250
INFO:root:Looping....
DEBUG:root:This is the line: drive:35.741:-99.376

DEBUG:root:We got command: drive
DEBUG:root:We got a drive command: rawX:-99.376000 and rawY:35.741000
DEBUG:root:Forward to the Left/Straight
DEBUG:root:Left=-135.117000 Right=35.741000
DEBUG:root:ScaledLeft: 70.986750 ScaledRight: 455.417250
INFO:root:Looping....
DEBUG:root:This is the line: drive:35.741:-99.376

DEBUG:root:We got command: drive
DEBUG:root:We got a drive command: rawX:-99.376000 and rawY:35.741000
DEBUG:root:Forward to the Left/Straight
DEBUG:root:Left=-135.117000 Right=35.741000
DEBUG:root:ScaledLeft: 70.986750 ScaledRight: 455.417250
INFO:root:Looping....
DEBUG:root:This is the line: drive:35.741:-99.376

DEBUG:root:We got command: drive
DEBUG:root:We got a drive command: rawX:-99.376000 and rawY:35.741000
DEBUG:root:Forward to the Left/Straight
DEBUG:root:Left=-135.117000 Right=35.741000
DEBUG:root:ScaledLeft: 70.986750 ScaledRight: 455.417250
INFO:root:Looping....
DEBUG:root:This is the line: drive:35.741:-99.376

DEBUG:root:We got command: drive
DEBUG:root:We got a drive command: rawX:-99.376000 and rawY:35.741000
DEBUG:root:Forward to the Left/Straight
DEBUG:root:Left=-135.117000 Right=35.741000
DEBUG:root:ScaledLeft: 70.986750 ScaledRight: 455.417250
INFO:root:Looping....
DEBUG:root:This is the line: drive:35.741:-99.376

DEBUG:root:We got command: drive
DEBUG:root:We got a drive command: rawX:-99.376000 and rawY:35.741000
DEBUG:root:Forward to the Left/Straight
DEBUG:root:Left=-135.117000 Right=35.741000
DEBUG:root:ScaledLeft: 70.986750 ScaledRight: 455.417250
INFO:root:Looping....
DEBUG:root:This is the line: drive:35.303:-99.798

DEBUG:root:We got command: drive
DEBUG:root:We got a drive command: rawX:-99.798000 and rawY:35.303000
DEBUG:root:Forward to the Left/Straight
DEBUG:root:Left=-135.101000 Right=35.303000
DEBUG:root:ScaledLeft: 71.022750 ScaledRight: 454.431750
INFO:root:Looping....
DEBUG:root:This is the line: drive:38.24:-87.711

DEBUG:root:We got command: drive
DEBUG:root:We got a drive command: rawX:-87.711000 and rawY:38.240000
DEBUG:root:Forward to the Left/Straight
DEBUG:root:Left=-125.951000 Right=38.240000
DEBUG:root:ScaledLeft: 91.610250 ScaledRight: 461.040000
INFO:root:Looping....
DEBUG:root:This is the line: drive:41.969:-83.695

DEBUG:root:We got command: drive
DEBUG:root:We got a drive command: rawX:-83.695000 and rawY:41.969000
DEBUG:root:Forward to the Left/Straight
DEBUG:root:Left=-125.664000 Right=41.969000
DEBUG:root:ScaledLeft: 92.256000 ScaledRight: 469.430250
INFO:root:Looping....
DEBUG:root:This is the line: drive:42.571:-80.094

DEBUG:root:We got command: drive
DEBUG:root:We got a drive command: rawX:-80.094000 and rawY:42.571000
DEBUG:root:Forward to the Left/Straight
DEBUG:root:Left=-122.665000 Right=42.571000
DEBUG:root:ScaledLeft: 99.003750 ScaledRight: 470.784750
INFO:root:Looping....
DEBUG:root:This is the line: drive:42.571:-78.368

DEBUG:root:We got command: drive
DEBUG:root:We got a drive command: rawX:-78.368000 and rawY:42.571000
DEBUG:root:Forward to the Left/Straight
DEBUG:root:Left=-120.939000 Right=42.571000
DEBUG:root:ScaledLeft: 102.887250 ScaledRight: 470.784750
INFO:root:Looping....
DEBUG:root:This is the line: drive:42.571:-76.247

DEBUG:root:We got command: drive
DEBUG:root:We got a drive command: rawX:-76.247000 and rawY:42.571000
DEBUG:root:Forward to the Left/Straight
DEBUG:root:Left=-118.818000 Right=42.571000
DEBUG:root:ScaledLeft: 107.659500 ScaledRight: 470.784750
INFO:root:Looping....
DEBUG:root:This is the line: drive:42.571:-72.63

DEBUG:root:We got command: drive
DEBUG:root:We got a drive command: rawX:-72.630000 and rawY:42.571000
DEBUG:root:Forward to the Left/Straight
DEBUG:root:Left=-115.201000 Right=42.571000
DEBUG:root:ScaledLeft: 115.797750 ScaledRight: 470.784750
INFO:root:Looping....
DEBUG:root:This is the line: drive:42.571:-70.147

DEBUG:root:We got command: drive
DEBUG:root:We got a drive command: rawX:-70.147000 and rawY:42.571000
DEBUG:root:Forward to the Left/Straight
DEBUG:root:Left=-112.718000 Right=42.571000
DEBUG:root:ScaledLeft: 121.384500 ScaledRight: 470.784750
INFO:root:Looping....
DEBUG:root:This is the line: drive:42.571:-67.708

DEBUG:root:We got command: drive
DEBUG:root:We got a drive command: rawX:-67.708000 and rawY:42.571000
DEBUG:root:Forward to the Left/Straight
DEBUG:root:Left=-110.279000 Right=42.571000
DEBUG:root:ScaledLeft: 126.872250 ScaledRight: 470.784750
INFO:root:Looping....
DEBUG:root:This is the line: drive:42.571:-67.708

DEBUG:root:We got command: drive
DEBUG:root:We got a drive command: rawX:-67.708000 and rawY:42.571000
DEBUG:root:Forward to the Left/Straight
DEBUG:root:Left=-110.279000 Right=42.571000
DEBUG:root:ScaledLeft: 126.872250 ScaledRight: 470.784750
INFO:root:Looping....
DEBUG:root:This is the line: drive:42.571:-67.708

DEBUG:root:We got command: drive
DEBUG:root:We got a drive command: rawX:-67.708000 and rawY:42.571000
DEBUG:root:Forward to the Left/Straight
DEBUG:root:Left=-110.279000 Right=42.571000
DEBUG:root:ScaledLeft: 126.872250 ScaledRight: 470.784750
INFO:root:Looping....
DEBUG:root:This is the line: drive:42.571:-67.708

DEBUG:root:We got command: drive
DEBUG:root:We got a drive command: rawX:-67.708000 and rawY:42.571000
DEBUG:root:Forward to the Left/Straight
DEBUG:root:Left=-110.279000 Right=42.571000
DEBUG:root:ScaledLeft: 126.872250 ScaledRight: 470.784750
INFO:root:Looping....
DEBUG:root:This is the line: drive:42.571:-67.708

DEBUG:root:We got command: drive
DEBUG:root:We got a drive command: rawX:-67.708000 and rawY:42.571000
DEBUG:root:Forward to the Left/Straight
DEBUG:root:Left=-110.279000 Right=42.571000
DEBUG:root:ScaledLeft: 126.872250 ScaledRight: 470.784750
INFO:root:Looping....
DEBUG:root:This is the line: drive:42.571:-67.708

DEBUG:root:We got command: drive
DEBUG:root:We got a drive command: rawX:-67.708000 and rawY:42.571000
DEBUG:root:Forward to the Left/Straight
DEBUG:root:Left=-110.279000 Right=42.571000
DEBUG:root:ScaledLeft: 126.872250 ScaledRight: 470.784750
INFO:root:Looping....
DEBUG:root:This is the line: drive:42.571:-67.708

DEBUG:root:We got command: drive
DEBUG:root:We got a drive command: rawX:-67.708000 and rawY:42.571000
DEBUG:root:Forward to the Left/Straight
DEBUG:root:Left=-110.279000 Right=42.571000
DEBUG:root:ScaledLeft: 126.872250 ScaledRight: 470.784750
INFO:root:Looping....
DEBUG:root:This is the line: drive:42.571:-67.708

DEBUG:root:We got command: drive
DEBUG:root:We got a drive command: rawX:-67.708000 and rawY:42.571000
DEBUG:root:Forward to the Left/Straight
DEBUG:root:Left=-110.279000 Right=42.571000
DEBUG:root:ScaledLeft: 126.872250 ScaledRight: 470.784750
INFO:root:Looping....
DEBUG:root:This is the line: drive:42.571:-67.708

DEBUG:root:We got command: drive
DEBUG:root:We got a drive command: rawX:-67.708000 and rawY:42.571000
DEBUG:root:Forward to the Left/Straight
DEBUG:root:Left=-110.279000 Right=42.571000
DEBUG:root:ScaledLeft: 126.872250 ScaledRight: 470.784750
INFO:root:Looping....
DEBUG:root:This is the line: drive:42.571:-67.708

DEBUG:root:We got command: drive
DEBUG:root:We got a drive command: rawX:-67.708000 and rawY:42.571000
DEBUG:root:Forward to the Left/Straight
DEBUG:root:Left=-110.279000 Right=42.571000
DEBUG:root:ScaledLeft: 126.872250 ScaledRight: 470.784750
INFO:root:Looping....
DEBUG:root:This is the line: drive:42.571:-67.708

DEBUG:root:We got command: drive
DEBUG:root:We got a drive command: rawX:-67.708000 and rawY:42.571000
DEBUG:root:Forward to the Left/Straight
DEBUG:root:Left=-110.279000 Right=42.571000
DEBUG:root:ScaledLeft: 126.872250 ScaledRight: 470.784750
INFO:root:Looping....
DEBUG:root:This is the line: drive:42.571:-67.708

DEBUG:root:We got command: drive
DEBUG:root:We got a drive command: rawX:-67.708000 and rawY:42.571000
DEBUG:root:Forward to the Left/Straight
DEBUG:root:Left=-110.279000 Right=42.571000
DEBUG:root:ScaledLeft: 126.872250 ScaledRight: 470.784750
INFO:root:Looping....
DEBUG:root:This is the line: drive:42.571:-67.708

DEBUG:root:We got command: drive
DEBUG:root:We got a drive command: rawX:-67.708000 and rawY:42.571000
DEBUG:root:Forward to the Left/Straight
DEBUG:root:Left=-110.279000 Right=42.571000
DEBUG:root:ScaledLeft: 126.872250 ScaledRight: 470.784750
INFO:root:Looping....
DEBUG:root:This is the line: drive:42.571:-67.708

DEBUG:root:We got command: drive
DEBUG:root:We got a drive command: rawX:-67.708000 and rawY:42.571000
DEBUG:root:Forward to the Left/Straight
DEBUG:root:Left=-110.279000 Right=42.571000
DEBUG:root:ScaledLeft: 126.872250 ScaledRight: 470.784750
INFO:root:Looping....
DEBUG:root:This is the line: drive:42.571:-67.708

DEBUG:root:We got command: drive
DEBUG:root:We got a drive command: rawX:-67.708000 and rawY:42.571000
DEBUG:root:Forward to the Left/Straight
DEBUG:root:Left=-110.279000 Right=42.571000
DEBUG:root:ScaledLeft: 126.872250 ScaledRight: 470.784750
INFO:root:Looping....
DEBUG:root:This is the line: drive:41.857:-67.857

DEBUG:root:We got command: drive
DEBUG:root:We got a drive command: rawX:-67.857000 and rawY:41.857000
DEBUG:root:Forward to the Left/Straight
DEBUG:root:Left=-109.714000 Right=41.857000
DEBUG:root:ScaledLeft: 128.143500 ScaledRight: 469.178250
INFO:root:Looping....
DEBUG:root:This is the line: drive:41.857:-67.857

DEBUG:root:We got command: drive
DEBUG:root:We got a drive command: rawX:-67.857000 and rawY:41.857000
DEBUG:root:Forward to the Left/Straight
DEBUG:root:Left=-109.714000 Right=41.857000
DEBUG:root:ScaledLeft: 128.143500 ScaledRight: 469.178250
INFO:root:Looping....
DEBUG:root:This is the line: drive:41.857:-67.857

DEBUG:root:We got command: drive
DEBUG:root:We got a drive command: rawX:-67.857000 and rawY:41.857000
DEBUG:root:Forward to the Left/Straight
DEBUG:root:Left=-109.714000 Right=41.857000
DEBUG:root:ScaledLeft: 128.143500 ScaledRight: 469.178250
INFO:root:Looping....
DEBUG:root:This is the line: drive:41.857:-67.857

DEBUG:root:We got command: drive
DEBUG:root:We got a drive command: rawX:-67.857000 and rawY:41.857000
DEBUG:root:Forward to the Left/Straight
DEBUG:root:Left=-109.714000 Right=41.857000
DEBUG:root:ScaledLeft: 128.143500 ScaledRight: 469.178250
INFO:root:Looping....
DEBUG:root:This is the line: drive:41.857:-67.857

DEBUG:root:We got command: drive
DEBUG:root:We got a drive command: rawX:-67.857000 and rawY:41.857000
DEBUG:root:Forward to the Left/Straight
DEBUG:root:Left=-109.714000 Right=41.857000
DEBUG:root:ScaledLeft: 128.143500 ScaledRight: 469.178250
INFO:root:Looping....
DEBUG:root:This is the line: drive:41.857:-67.857

DEBUG:root:We got command: drive
DEBUG:root:We got a drive command: rawX:-67.857000 and rawY:41.857000
DEBUG:root:Forward to the Left/Straight
DEBUG:root:Left=-109.714000 Right=41.857000
DEBUG:root:ScaledLeft: 128.143500 ScaledRight: 469.178250
INFO:root:Looping....
DEBUG:root:This is the line: drive:41.857:-67.857

DEBUG:root:We got command: drive
DEBUG:root:We got a drive command: rawX:-67.857000 and rawY:41.857000
DEBUG:root:Forward to the Left/Straight
DEBUG:root:Left=-109.714000 Right=41.857000
DEBUG:root:ScaledLeft: 128.143500 ScaledRight: 469.178250
INFO:root:Looping....
DEBUG:root:This is the line: drive:41.857:-67.857

DEBUG:root:We got command: drive
DEBUG:root:We got a drive command: rawX:-67.857000 and rawY:41.857000
DEBUG:root:Forward to the Left/Straight
DEBUG:root:Left=-109.714000 Right=41.857000
DEBUG:root:ScaledLeft: 128.143500 ScaledRight: 469.178250
INFO:root:Looping....
DEBUG:root:This is the line: drive:41.857:-67.857

DEBUG:root:We got command: drive
DEBUG:root:We got a drive command: rawX:-67.857000 and rawY:41.857000
DEBUG:root:Forward to the Left/Straight
DEBUG:root:Left=-109.714000 Right=41.857000
DEBUG:root:ScaledLeft: 128.143500 ScaledRight: 469.178250
INFO:root:Looping....
DEBUG:root:This is the line: drive:41.857:-67.857

DEBUG:root:We got command: drive
DEBUG:root:We got a drive command: rawX:-67.857000 and rawY:41.857000
DEBUG:root:Forward to the Left/Straight
DEBUG:root:Left=-109.714000 Right=41.857000
DEBUG:root:ScaledLeft: 128.143500 ScaledRight: 469.178250
INFO:root:Looping....
DEBUG:root:This is the line: drive:41.857:-67.857

DEBUG:root:We got command: drive
DEBUG:root:We got a drive command: rawX:-67.857000 and rawY:41.857000
DEBUG:root:Forward to the Left/Straight
DEBUG:root:Left=-109.714000 Right=41.857000
DEBUG:root:ScaledLeft: 128.143500 ScaledRight: 469.178250
INFO:root:Looping....
DEBUG:root:This is the line: drive:41.857:-67.857

DEBUG:root:We got command: drive
DEBUG:root:We got a drive command: rawX:-67.857000 and rawY:41.857000
DEBUG:root:Forward to the Left/Straight
DEBUG:root:Left=-109.714000 Right=41.857000
DEBUG:root:ScaledLeft: 128.143500 ScaledRight: 469.178250
INFO:root:Looping....
DEBUG:root:This is the line: drive:41.857:-67.857

DEBUG:root:We got command: drive
DEBUG:root:We got a drive command: rawX:-67.857000 and rawY:41.857000
DEBUG:root:Forward to the Left/Straight
DEBUG:root:Left=-109.714000 Right=41.857000
DEBUG:root:ScaledLeft: 128.143500 ScaledRight: 469.178250
INFO:root:Looping....
DEBUG:root:This is the line: drive:41.857:-67.857

DEBUG:root:We got command: drive
DEBUG:root:We got a drive command: rawX:-67.857000 and rawY:41.857000
DEBUG:root:Forward to the Left/Straight
DEBUG:root:Left=-109.714000 Right=41.857000
DEBUG:root:ScaledLeft: 128.143500 ScaledRight: 469.178250
INFO:root:Looping....
DEBUG:root:This is the line: drive:41.711:-67.857

DEBUG:root:We got command: drive
DEBUG:root:We got a drive command: rawX:-67.857000 and rawY:41.711000
DEBUG:root:Forward to the Left/Straight
DEBUG:root:Left=-109.568000 Right=41.711000
DEBUG:root:ScaledLeft: 128.472000 ScaledRight: 468.849750
INFO:root:Looping....
DEBUG:root:This is the line: drive:41.711:-67.857

DEBUG:root:We got command: drive
DEBUG:root:We got a drive command: rawX:-67.857000 and rawY:41.711000
DEBUG:root:Forward to the Left/Straight
DEBUG:root:Left=-109.568000 Right=41.711000
DEBUG:root:ScaledLeft: 128.472000 ScaledRight: 468.849750
INFO:root:Looping....
DEBUG:root:This is the line: drive:0:0

DEBUG:root:We got command: drive
DEBUG:root:We got a drive command: rawX:0.000000 and rawY:0.000000
DEBUG:root:Left=0.000000 Right=0.000000
DEBUG:root:ScaledLeft: 375.000000 ScaledRight: 375.000000
INFO:root:Looping....
DEBUG:root:This is the line: drive:42.286:13.095

DEBUG:root:We got command: drive
DEBUG:root:We got a drive command: rawX:13.095000 and rawY:42.286000
DEBUG:root:Forward to the Right
DEBUG:root:Left=-42.286000 Right=29.191000
DEBUG:root:ScaledLeft: 279.856500 ScaledRight: 440.679750
INFO:root:Looping....
DEBUG:root:This is the line: drive:57.714:9.599

DEBUG:root:We got command: drive
DEBUG:root:We got a drive command: rawX:9.599000 and rawY:57.714000
DEBUG:root:Forward to the Right
DEBUG:root:Left=-57.714000 Right=48.115000
DEBUG:root:ScaledLeft: 245.143500 ScaledRight: 483.258750
INFO:root:Looping....
DEBUG:root:This is the line: drive:57.714:2.191

DEBUG:root:We got command: drive
DEBUG:root:We got a drive command: rawX:2.191000 and rawY:57.714000
DEBUG:root:Forward to the Right
DEBUG:root:Left=-57.714000 Right=55.523000
DEBUG:root:ScaledLeft: 245.143500 ScaledRight: 499.926750
INFO:root:Looping....
DEBUG:root:This is the line: drive:57.714:-4.498

DEBUG:root:We got command: drive
DEBUG:root:We got a drive command: rawX:-4.498000 and rawY:57.714000
DEBUG:root:Forward to the Left/Straight
DEBUG:root:Left=-62.212000 Right=57.714000
DEBUG:root:ScaledLeft: 235.023000 ScaledRight: 504.856500
INFO:root:Looping....
DEBUG:root:This is the line: drive:57.714:-9.109

DEBUG:root:We got command: drive
DEBUG:root:We got a drive command: rawX:-9.109000 and rawY:57.714000
DEBUG:root:Forward to the Left/Straight
DEBUG:root:Left=-66.823000 Right=57.714000
DEBUG:root:ScaledLeft: 224.648250 ScaledRight: 504.856500
INFO:root:Looping....
DEBUG:root:This is the line: drive:57.714:-15.796

DEBUG:root:We got command: drive
DEBUG:root:We got a drive command: rawX:-15.796000 and rawY:57.714000
DEBUG:root:Forward to the Left/Straight
DEBUG:root:Left=-73.510000 Right=57.714000
DEBUG:root:ScaledLeft: 209.602500 ScaledRight: 504.856500
INFO:root:Looping....
DEBUG:root:This is the line: drive:57.714:-21.376

DEBUG:root:We got command: drive
DEBUG:root:We got a drive command: rawX:-21.376000 and rawY:57.714000
DEBUG:root:Forward to the Left/Straight
DEBUG:root:Left=-79.090000 Right=57.714000
DEBUG:root:ScaledLeft: 197.047500 ScaledRight: 504.856500
INFO:root:Looping....
DEBUG:root:This is the line: drive:58.0:-28.761

DEBUG:root:We got command: drive
DEBUG:root:We got a drive command: rawX:-28.761000 and rawY:58.000000
DEBUG:root:Forward to the Left/Straight
DEBUG:root:Left=-86.761000 Right=58.000000
DEBUG:root:ScaledLeft: 179.787750 ScaledRight: 505.500000
INFO:root:Looping....
DEBUG:root:This is the line: drive:58.0:-32.738

DEBUG:root:We got command: drive
DEBUG:root:We got a drive command: rawX:-32.738000 and rawY:58.000000
DEBUG:root:Forward to the Left/Straight
DEBUG:root:Left=-90.738000 Right=58.000000
DEBUG:root:ScaledLeft: 170.839500 ScaledRight: 505.500000
INFO:root:Looping....
DEBUG:root:This is the line: drive:58.0:-36.87

DEBUG:root:We got command: drive
DEBUG:root:We got a drive command: rawX:-36.870000 and rawY:58.000000
DEBUG:root:Forward to the Left/Straight
DEBUG:root:Left=-94.870000 Right=58.000000
DEBUG:root:ScaledLeft: 161.542500 ScaledRight: 505.500000
INFO:root:Looping....
DEBUG:root:This is the line: drive:58.0:-41.32

DEBUG:root:We got command: drive
DEBUG:root:We got a drive command: rawX:-41.320000 and rawY:58.000000
DEBUG:root:Forward to the Left/Straight
DEBUG:root:Left=-99.320000 Right=58.000000
DEBUG:root:ScaledLeft: 151.530000 ScaledRight: 505.500000
INFO:root:Looping....
DEBUG:root:This is the line: drive:57.714:-43.324

DEBUG:root:We got command: drive
DEBUG:root:We got a drive command: rawX:-43.324000 and rawY:57.714000
DEBUG:root:Forward to the Left/Straight
DEBUG:root:Left=-101.038000 Right=57.714000
DEBUG:root:ScaledLeft: 147.664500 ScaledRight: 504.856500
INFO:root:Looping....
DEBUG:root:This is the line: drive:56.857:-47.322

DEBUG:root:We got command: drive
DEBUG:root:We got a drive command: rawX:-47.322000 and rawY:56.857000
DEBUG:root:Forward to the Left/Straight
DEBUG:root:Left=-104.179000 Right=56.857000
DEBUG:root:ScaledLeft: 140.597250 ScaledRight: 502.928250
INFO:root:Looping....
DEBUG:root:This is the line: drive:56.0:-49.889

DEBUG:root:We got command: drive
DEBUG:root:We got a drive command: rawX:-49.889000 and rawY:56.000000
DEBUG:root:Forward to the Left/Straight
DEBUG:root:Left=-105.889000 Right=56.000000
DEBUG:root:ScaledLeft: 136.749750 ScaledRight: 501.000000
INFO:root:Looping....
DEBUG:root:This is the line: drive:55.143:-52.105

DEBUG:root:We got command: drive
DEBUG:root:We got a drive command: rawX:-52.105000 and rawY:55.143000
DEBUG:root:Forward to the Left/Straight
DEBUG:root:Left=-107.248000 Right=55.143000
DEBUG:root:ScaledLeft: 133.692000 ScaledRight: 499.071750
INFO:root:Looping....
DEBUG:root:This is the line: drive:54.249:-53.907

DEBUG:root:We got command: drive
DEBUG:root:We got a drive command: rawX:-53.907000 and rawY:54.249000
DEBUG:root:Forward to the Left/Straight
DEBUG:root:Left=-108.156000 Right=54.249000
DEBUG:root:ScaledLeft: 131.649000 ScaledRight: 497.060250
INFO:root:Looping....
DEBUG:root:This is the line: drive:53.429:-55.363

DEBUG:root:We got command: drive
DEBUG:root:We got a drive command: rawX:-55.363000 and rawY:53.429000
DEBUG:root:Forward to the Left/Straight
DEBUG:root:Left=-108.792000 Right=53.429000
DEBUG:root:ScaledLeft: 130.218000 ScaledRight: 495.215250
INFO:root:Looping....
DEBUG:root:This is the line: drive:50.571:-59.517

DEBUG:root:We got command: drive
DEBUG:root:We got a drive command: rawX:-59.517000 and rawY:50.571000
DEBUG:root:Forward to the Left/Straight
DEBUG:root:Left=-110.088000 Right=50.571000
DEBUG:root:ScaledLeft: 127.302000 ScaledRight: 488.784750
INFO:root:Looping....
DEBUG:root:This is the line: drive:48.857:-62.926

DEBUG:root:We got command: drive
DEBUG:root:We got a drive command: rawX:-62.926000 and rawY:48.857000
DEBUG:root:Forward to the Left/Straight
DEBUG:root:Left=-111.783000 Right=48.857000
DEBUG:root:ScaledLeft: 123.488250 ScaledRight: 484.928250
INFO:root:Looping....
DEBUG:root:This is the line: drive:47.744:-65.148

DEBUG:root:We got command: drive
DEBUG:root:We got a drive command: rawX:-65.148000 and rawY:47.744000
DEBUG:root:Forward to the Left/Straight
DEBUG:root:Left=-112.892000 Right=47.744000
DEBUG:root:ScaledLeft: 120.993000 ScaledRight: 482.424000
INFO:root:Looping....
DEBUG:root:This is the line: drive:46.857:-66.977

DEBUG:root:We got command: drive
DEBUG:root:We got a drive command: rawX:-66.977000 and rawY:46.857000
DEBUG:root:Forward to the Left/Straight
DEBUG:root:Left=-113.834000 Right=46.857000
DEBUG:root:ScaledLeft: 118.873500 ScaledRight: 480.428250
INFO:root:Looping....
DEBUG:root:This is the line: drive:46.283:-68.455

DEBUG:root:We got command: drive
DEBUG:root:We got a drive command: rawX:-68.455000 and rawY:46.283000
DEBUG:root:Forward to the Left/Straight
DEBUG:root:Left=-114.738000 Right=46.283000
DEBUG:root:ScaledLeft: 116.839500 ScaledRight: 479.136750
INFO:root:Looping....
DEBUG:root:This is the line: drive:45.714:-71.748

DEBUG:root:We got command: drive
DEBUG:root:We got a drive command: rawX:-71.748000 and rawY:45.714000
DEBUG:root:Forward to the Left/Straight
DEBUG:root:Left=-117.462000 Right=45.714000
DEBUG:root:ScaledLeft: 110.710500 ScaledRight: 477.856500
INFO:root:Looping....
DEBUG:root:This is the line: drive:45.047:-73.314

DEBUG:root:We got command: drive
DEBUG:root:We got a drive command: rawX:-73.314000 and rawY:45.047000
DEBUG:root:Forward to the Left/Straight
DEBUG:root:Left=-118.361000 Right=45.047000
DEBUG:root:ScaledLeft: 108.687750 ScaledRight: 476.355750
INFO:root:Looping....
DEBUG:root:This is the line: drive:44.863:-73.81

DEBUG:root:We got command: drive
DEBUG:root:We got a drive command: rawX:-73.810000 and rawY:44.863000
DEBUG:root:Forward to the Left/Straight
DEBUG:root:Left=-118.673000 Right=44.863000
DEBUG:root:ScaledLeft: 107.985750 ScaledRight: 475.941750
INFO:root:Looping....
DEBUG:root:This is the line: drive:44.058:-74.642

DEBUG:root:We got command: drive
DEBUG:root:We got a drive command: rawX:-74.642000 and rawY:44.058000
DEBUG:root:Forward to the Left/Straight
DEBUG:root:Left=-118.700000 Right=44.058000
DEBUG:root:ScaledLeft: 107.925000 ScaledRight: 474.130500
INFO:root:Looping....
DEBUG:root:This is the line: drive:43.654:-75.658

DEBUG:root:We got command: drive
DEBUG:root:We got a drive command: rawX:-75.658000 and rawY:43.654000
DEBUG:root:Forward to the Left/Straight
DEBUG:root:Left=-119.312000 Right=43.654000
DEBUG:root:ScaledLeft: 106.548000 ScaledRight: 473.221500
INFO:root:Looping....
DEBUG:root:This is the line: drive:43.0:-76.19

DEBUG:root:We got command: drive
DEBUG:root:We got a drive command: rawX:-76.190000 and rawY:43.000000
DEBUG:root:Forward to the Left/Straight
DEBUG:root:Left=-119.190000 Right=43.000000
DEBUG:root:ScaledLeft: 106.822500 ScaledRight: 471.750000
INFO:root:Looping....
DEBUG:root:This is the line: drive:42.631:-77.083

DEBUG:root:We got command: drive
DEBUG:root:We got a drive command: rawX:-77.083000 and rawY:42.631000
DEBUG:root:Forward to the Left/Straight
DEBUG:root:Left=-119.714000 Right=42.631000
DEBUG:root:ScaledLeft: 105.643500 ScaledRight: 470.919750
INFO:root:Looping....
DEBUG:root:This is the line: drive:42.286:-77.797

DEBUG:root:We got command: drive
DEBUG:root:We got a drive command: rawX:-77.797000 and rawY:42.286000
DEBUG:root:Forward to the Left/Straight
DEBUG:root:Left=-120.083000 Right=42.286000
DEBUG:root:ScaledLeft: 104.813250 ScaledRight: 470.143500
INFO:root:Looping....
DEBUG:root:This is the line: drive:41.966:-78.31

DEBUG:root:We got command: drive
DEBUG:root:We got a drive command: rawX:-78.310000 and rawY:41.966000
DEBUG:root:Forward to the Left/Straight
DEBUG:root:Left=-120.276000 Right=41.966000
DEBUG:root:ScaledLeft: 104.379000 ScaledRight: 469.423500
INFO:root:Looping....
DEBUG:root:This is the line: drive:40.714:-79.315

DEBUG:root:We got command: drive
DEBUG:root:We got a drive command: rawX:-79.315000 and rawY:40.714000
DEBUG:root:Forward to the Left/Straight
DEBUG:root:Left=-120.029000 Right=40.714000
DEBUG:root:ScaledLeft: 104.934750 ScaledRight: 466.606500
INFO:root:Looping....
DEBUG:root:This is the line: drive:40.491:-79.464

DEBUG:root:We got command: drive
DEBUG:root:We got a drive command: rawX:-79.464000 and rawY:40.491000
DEBUG:root:Forward to the Left/Straight
DEBUG:root:Left=-119.955000 Right=40.491000
DEBUG:root:ScaledLeft: 105.101250 ScaledRight: 466.104750
INFO:root:Looping....
DEBUG:root:This is the line: drive:39.857:-80.357

DEBUG:root:We got command: drive
DEBUG:root:We got a drive command: rawX:-80.357000 and rawY:39.857000
DEBUG:root:Forward to the Left/Straight
DEBUG:root:Left=-120.214000 Right=39.857000
DEBUG:root:ScaledLeft: 104.518500 ScaledRight: 464.678250
INFO:root:Looping....
DEBUG:root:This is the line: drive:39.391:-82.182

DEBUG:root:We got command: drive
DEBUG:root:We got a drive command: rawX:-82.182000 and rawY:39.391000
DEBUG:root:Forward to the Left/Straight
DEBUG:root:Left=-121.573000 Right=39.391000
DEBUG:root:ScaledLeft: 101.460750 ScaledRight: 463.629750
INFO:root:Looping....
DEBUG:root:This is the line: drive:39.133:-82.451

DEBUG:root:We got command: drive
DEBUG:root:We got a drive command: rawX:-82.451000 and rawY:39.133000
DEBUG:root:Forward to the Left/Straight
DEBUG:root:Left=-121.584000 Right=39.133000
DEBUG:root:ScaledLeft: 101.436000 ScaledRight: 463.049250
INFO:root:Looping....
DEBUG:root:This is the line: drive:38.857:-83.175

DEBUG:root:We got command: drive
DEBUG:root:We got a drive command: rawX:-83.175000 and rawY:38.857000
DEBUG:root:Forward to the Left/Straight
DEBUG:root:Left=-122.032000 Right=38.857000
DEBUG:root:ScaledLeft: 100.428000 ScaledRight: 462.428250
INFO:root:Looping....
DEBUG:root:This is the line: drive:38.571:-83.753

DEBUG:root:We got command: drive
DEBUG:root:We got a drive command: rawX:-83.753000 and rawY:38.571000
DEBUG:root:Forward to the Left/Straight
DEBUG:root:Left=-122.324000 Right=38.571000
DEBUG:root:ScaledLeft: 99.771000 ScaledRight: 461.784750
INFO:root:Looping....
DEBUG:root:This is the line: drive:38.0:-84.792

DEBUG:root:We got command: drive
DEBUG:root:We got a drive command: rawX:-84.792000 and rawY:38.000000
DEBUG:root:Forward to the Left/Straight
DEBUG:root:Left=-122.792000 Right=38.000000
DEBUG:root:ScaledLeft: 98.718000 ScaledRight: 460.500000
INFO:root:Looping....
DEBUG:root:This is the line: drive:37.714:-85.268

DEBUG:root:We got command: drive
DEBUG:root:We got a drive command: rawX:-85.268000 and rawY:37.714000
DEBUG:root:Forward to the Left/Straight
DEBUG:root:Left=-122.982000 Right=37.714000
DEBUG:root:ScaledLeft: 98.290500 ScaledRight: 459.856500
INFO:root:Looping....
DEBUG:root:This is the line: drive:37.429:-85.737

DEBUG:root:We got command: drive
DEBUG:root:We got a drive command: rawX:-85.737000 and rawY:37.429000
DEBUG:root:Forward to the Left/Straight
DEBUG:root:Left=-123.166000 Right=37.429000
DEBUG:root:ScaledLeft: 97.876500 ScaledRight: 459.215250
INFO:root:Looping....
DEBUG:root:This is the line: drive:37.143:-86.362

DEBUG:root:We got command: drive
DEBUG:root:We got a drive command: rawX:-86.362000 and rawY:37.143000
DEBUG:root:Forward to the Left/Straight
DEBUG:root:Left=-123.505000 Right=37.143000
DEBUG:root:ScaledLeft: 97.113750 ScaledRight: 458.571750
INFO:root:Looping....
DEBUG:root:This is the line: drive:36.857:-86.658

DEBUG:root:We got command: drive
DEBUG:root:We got a drive command: rawX:-86.658000 and rawY:36.857000
DEBUG:root:Forward to the Left/Straight
DEBUG:root:Left=-123.515000 Right=36.857000
DEBUG:root:ScaledLeft: 97.091250 ScaledRight: 457.928250
INFO:root:Looping....
DEBUG:root:This is the line: drive:36.242:-87.248

DEBUG:root:We got command: drive
DEBUG:root:We got a drive command: rawX:-87.248000 and rawY:36.242000
DEBUG:root:Forward to the Left/Straight
DEBUG:root:Left=-123.490000 Right=36.242000
DEBUG:root:ScaledLeft: 97.147500 ScaledRight: 456.544500
INFO:root:Looping....
DEBUG:root:This is the line: drive:36.242:-87.248

DEBUG:root:We got command: drive
DEBUG:root:We got a drive command: rawX:-87.248000 and rawY:36.242000
DEBUG:root:Forward to the Left/Straight
DEBUG:root:Left=-123.490000 Right=36.242000
DEBUG:root:ScaledLeft: 97.147500 ScaledRight: 456.544500
INFO:root:Looping....
DEBUG:root:This is the line: drive:36.242:-87.248

DEBUG:root:We got command: drive
DEBUG:root:We got a drive command: rawX:-87.248000 and rawY:36.242000
DEBUG:root:Forward to the Left/Straight
DEBUG:root:Left=-123.490000 Right=36.242000
DEBUG:root:ScaledLeft: 97.147500 ScaledRight: 456.544500
INFO:root:Looping....
DEBUG:root:This is the line: drive:0:0

DEBUG:root:We got command: drive
DEBUG:root:We got a drive command: rawX:0.000000 and rawY:0.000000
DEBUG:root:Left=0.000000 Right=0.000000
DEBUG:root:ScaledLeft: 375.000000 ScaledRight: 375.000000
INFO:root:Looping....
DEBUG:root:This is the line: EMERGENCYSTOP:STOP

DEBUG:root:We got command: EMERGENCYSTOP
INFO:root:We got the EMERGENCY STOP command.
INFO:root:Looping....
DEBUG:root:This is the line: EMERGENCYSTOP:STOP

DEBUG:root:We got command: EMERGENCYSTOP
INFO:root:We got the EMERGENCY STOP command.
INFO:root:Looping....
DEBUG:root:This is the line: drive:36.286:-86.012

DEBUG:root:We got command: drive
DEBUG:root:We got a drive command: rawX:-86.012000 and rawY:36.286000
DEBUG:root:Forward to the Left/Straight
DEBUG:root:Left=-122.298000 Right=36.286000
DEBUG:root:ScaledLeft: 99.829500 ScaledRight: 456.643500
INFO:root:Looping....
DEBUG:root:This is the line: drive:-6.753:-3.835

DEBUG:root:We got command: drive
DEBUG:root:We got a drive command: rawX:-3.835000 and rawY:-6.753000
DEBUG:root:Reverse to the Left/Straight
DEBUG:root:Left=2.918000 Right=-6.753000
DEBUG:root:ScaledLeft: 381.565500 ScaledRight: 359.805750
INFO:root:Looping....
DEBUG:root:This is the line: drive:8.587:-0.893

DEBUG:root:We got command: drive
DEBUG:root:We got a drive command: rawX:-0.893000 and rawY:8.587000
DEBUG:root:Forward to the Left/Straight
DEBUG:root:Left=-9.480000 Right=8.587000
DEBUG:root:ScaledLeft: 353.670000 ScaledRight: 394.320750
INFO:root:Looping....
DEBUG:root:This is the line: drive:18.097:-0.595

DEBUG:root:We got command: drive
DEBUG:root:We got a drive command: rawX:-0.595000 and rawY:18.097000
DEBUG:root:Forward to the Left/Straight
DEBUG:root:Left=-18.692000 Right=18.097000
DEBUG:root:ScaledLeft: 332.943000 ScaledRight: 415.718250
INFO:root:Looping....
DEBUG:root:This is the line: drive:21.606:-0.595

DEBUG:root:We got command: drive
DEBUG:root:We got a drive command: rawX:-0.595000 and rawY:21.606000
DEBUG:root:Forward to the Left/Straight
DEBUG:root:Left=-22.201000 Right=21.606000
DEBUG:root:ScaledLeft: 325.047750 ScaledRight: 423.613500
INFO:root:Looping....
DEBUG:root:This is the line: drive:25.741:-3.031

DEBUG:root:We got command: drive
DEBUG:root:We got a drive command: rawX:-3.031000 and rawY:25.741000
DEBUG:root:Forward to the Left/Straight
DEBUG:root:Left=-28.772000 Right=25.741000
DEBUG:root:ScaledLeft: 310.263000 ScaledRight: 432.917250
INFO:root:Looping....
DEBUG:root:This is the line: drive:27.438:-7.766

DEBUG:root:We got command: drive
DEBUG:root:We got a drive command: rawX:-7.766000 and rawY:27.438000
DEBUG:root:Forward to the Left/Straight
DEBUG:root:Left=-35.204000 Right=27.438000
DEBUG:root:ScaledLeft: 295.791000 ScaledRight: 436.735500
INFO:root:Looping....
DEBUG:root:This is the line: drive:30.0:-20.662

DEBUG:root:We got command: drive
DEBUG:root:We got a drive command: rawX:-20.662000 and rawY:30.000000
DEBUG:root:Forward to the Left/Straight
DEBUG:root:Left=-50.662000 Right=30.000000
DEBUG:root:ScaledLeft: 261.010500 ScaledRight: 442.500000
INFO:root:Looping....
DEBUG:root:This is the line: drive:29.561:-33.24

DEBUG:root:We got command: drive
DEBUG:root:We got a drive command: rawX:-33.240000 and rawY:29.561000
DEBUG:root:Forward to the Left/Straight
DEBUG:root:Left=-62.801000 Right=29.561000
DEBUG:root:ScaledLeft: 233.697750 ScaledRight: 441.512250
INFO:root:Looping....
DEBUG:root:This is the line: drive:27.808:-40.183

DEBUG:root:We got command: drive
DEBUG:root:We got a drive command: rawX:-40.183000 and rawY:27.808000
DEBUG:root:Forward to the Left/Straight
DEBUG:root:Left=-67.991000 Right=27.808000
DEBUG:root:ScaledLeft: 222.020250 ScaledRight: 437.568000
INFO:root:Looping....
DEBUG:root:This is the line: drive:24.545:-49.46

DEBUG:root:We got command: drive
DEBUG:root:We got a drive command: rawX:-49.460000 and rawY:24.545000
DEBUG:root:Forward to the Left/Straight
DEBUG:root:Left=-74.005000 Right=24.545000
DEBUG:root:ScaledLeft: 208.488750 ScaledRight: 430.226250
INFO:root:Looping....
DEBUG:root:This is the line: drive:23.092:-53.082

DEBUG:root:We got command: drive
DEBUG:root:We got a drive command: rawX:-53.082000 and rawY:23.092000
DEBUG:root:Forward to the Left/Straight
DEBUG:root:Left=-76.174000 Right=23.092000
DEBUG:root:ScaledLeft: 203.608500 ScaledRight: 426.957000
INFO:root:Looping....
DEBUG:root:This is the line: drive:21.429:-57.82

DEBUG:root:We got command: drive
DEBUG:root:We got a drive command: rawX:-57.820000 and rawY:21.429000
DEBUG:root:Forward to the Left/Straight
DEBUG:root:Left=-79.249000 Right=21.429000
DEBUG:root:ScaledLeft: 196.689750 ScaledRight: 423.215250
INFO:root:Looping....
DEBUG:root:This is the line: drive:20.51:-62.926

DEBUG:root:We got command: drive
DEBUG:root:We got a drive command: rawX:-62.926000 and rawY:20.510000
DEBUG:root:Forward to the Left/Straight
DEBUG:root:Left=-83.436000 Right=20.510000
DEBUG:root:ScaledLeft: 187.269000 ScaledRight: 421.147500
INFO:root:Looping....
DEBUG:root:This is the line: drive:19.952:-65.874

DEBUG:root:We got command: drive
DEBUG:root:We got a drive command: rawX:-65.874000 and rawY:19.952000
DEBUG:root:Forward to the Left/Straight
DEBUG:root:Left=-85.826000 Right=19.952000
DEBUG:root:ScaledLeft: 181.891500 ScaledRight: 419.892000
INFO:root:Looping....
DEBUG:root:This is the line: drive:19.429:-69.09

DEBUG:root:We got command: drive
DEBUG:root:We got a drive command: rawX:-69.090000 and rawY:19.429000
DEBUG:root:Forward to the Left/Straight
DEBUG:root:Left=-88.519000 Right=19.429000
DEBUG:root:ScaledLeft: 175.832250 ScaledRight: 418.715250
INFO:root:Looping....
DEBUG:root:This is the line: drive:18.857:-71.264

DEBUG:root:We got command: drive
DEBUG:root:We got a drive command: rawX:-71.264000 and rawY:18.857000
DEBUG:root:Forward to the Left/Straight
DEBUG:root:Left=-90.121000 Right=18.857000
DEBUG:root:ScaledLeft: 172.227750 ScaledRight: 417.428250
INFO:root:Looping....
DEBUG:root:This is the line: drive:18.571:-73.143

DEBUG:root:We got command: drive
DEBUG:root:We got a drive command: rawX:-73.143000 and rawY:18.571000
DEBUG:root:Forward to the Left/Straight
DEBUG:root:Left=-91.714000 Right=18.571000
DEBUG:root:ScaledLeft: 168.643500 ScaledRight: 416.784750
INFO:root:Looping....
DEBUG:root:This is the line: drive:18.286:-74.256

DEBUG:root:We got command: drive
DEBUG:root:We got a drive command: rawX:-74.256000 and rawY:18.286000
DEBUG:root:Forward to the Left/Straight
DEBUG:root:Left=-92.542000 Right=18.286000
DEBUG:root:ScaledLeft: 166.780500 ScaledRight: 416.143500
INFO:root:Looping....
DEBUG:root:This is the line: drive:17.602:-74.107

DEBUG:root:We got command: drive
DEBUG:root:We got a drive command: rawX:-74.107000 and rawY:17.602000
DEBUG:root:Forward to the Left/Straight
DEBUG:root:Left=-91.709000 Right=17.602000
DEBUG:root:ScaledLeft: 168.654750 ScaledRight: 414.604500
INFO:root:Looping....
DEBUG:root:This is the line: drive:0:0

DEBUG:root:We got command: drive
DEBUG:root:We got a drive command: rawX:0.000000 and rawY:0.000000
DEBUG:root:Left=0.000000 Right=0.000000
DEBUG:root:ScaledLeft: 375.000000 ScaledRight: 375.000000
INFO:root:Looping....
DEBUG:root:This is the line: drive:17.801:-72.05

DEBUG:root:We got command: drive
DEBUG:root:We got a drive command: rawX:-72.050000 and rawY:17.801000
DEBUG:root:Forward to the Left/Straight
DEBUG:root:Left=-89.851000 Right=17.801000
DEBUG:root:ScaledLeft: 172.835250 ScaledRight: 415.052250
INFO:root:Looping....
DEBUG:root:This is the line: drive:17.68:24.405

DEBUG:root:We got command: drive
DEBUG:root:We got a drive command: rawX:24.405000 and rawY:17.680000
DEBUG:root:Forward to the Right
DEBUG:root:Left=-17.680000 Right=-6.725000
DEBUG:root:ScaledLeft: 335.220000 ScaledRight: 359.868750
INFO:root:Looping....
DEBUG:root:This is the line: drive:6.132:24.405

DEBUG:root:We got command: drive
DEBUG:root:We got a drive command: rawX:24.405000 and rawY:6.132000
DEBUG:root:Forward to the Right
DEBUG:root:Left=-6.132000 Right=-18.273000
DEBUG:root:ScaledLeft: 361.203000 ScaledRight: 333.885750
INFO:root:Looping....
DEBUG:root:This is the line: drive:-11.836:24.702

DEBUG:root:We got command: drive
DEBUG:root:We got a drive command: rawX:24.702000 and rawY:-11.836000
DEBUG:root:Reverse to the Right
DEBUG:root:Left=11.836000 Right=-36.538000
DEBUG:root:ScaledLeft: 401.631000 ScaledRight: 292.789500
INFO:root:Looping....
DEBUG:root:This is the line: drive:-18.908:26.506

DEBUG:root:We got command: drive
DEBUG:root:We got a drive command: rawX:26.506000 and rawY:-18.908000
DEBUG:root:Reverse to the Right
DEBUG:root:Left=18.908000 Right=-45.414000
DEBUG:root:ScaledLeft: 417.543000 ScaledRight: 272.818500
INFO:root:Looping....
DEBUG:root:This is the line: drive:0:0

DEBUG:root:We got command: drive
DEBUG:root:We got a drive command: rawX:0.000000 and rawY:0.000000
DEBUG:root:Left=0.000000 Right=0.000000
DEBUG:root:ScaledLeft: 375.000000 ScaledRight: 375.000000
INFO:root:Looping....
DEBUG:root:This is the line: drive:-19.714:26.786

DEBUG:root:We got command: drive
DEBUG:root:We got a drive command: rawX:26.786000 and rawY:-19.714000
DEBUG:root:Reverse to the Right
DEBUG:root:Left=19.714000 Right=-46.500000
DEBUG:root:ScaledLeft: 419.356500 ScaledRight: 270.375000
INFO:root:Looping....
DEBUG:root:This is the line: drive:15.143:16.104

DEBUG:root:We got command: drive
DEBUG:root:We got a drive command: rawX:16.104000 and rawY:15.143000
DEBUG:root:Forward to the Right
DEBUG:root:Left=-15.143000 Right=-0.961000
DEBUG:root:ScaledLeft: 340.928250 ScaledRight: 372.837750
INFO:root:Looping....
DEBUG:root:This is the line: drive:13.917:14.583

DEBUG:root:We got command: drive
DEBUG:root:We got a drive command: rawX:14.583000 and rawY:13.917000
DEBUG:root:Forward to the Right
DEBUG:root:Left=-13.917000 Right=-0.666000
DEBUG:root:ScaledLeft: 343.686750 ScaledRight: 373.501500
INFO:root:Looping....
DEBUG:root:This is the line: drive:0:0

DEBUG:root:We got command: drive
DEBUG:root:We got a drive command: rawX:0.000000 and rawY:0.000000
DEBUG:root:Left=0.000000 Right=0.000000
DEBUG:root:ScaledLeft: 375.000000 ScaledRight: 375.000000
INFO:root:Looping....
DEBUG:root:This is the line: EMERGENCYSTOP:STOP

DEBUG:root:We got command: EMERGENCYSTOP
INFO:root:We got the EMERGENCY STOP command.
INFO:root:Looping....
DEBUG:root:This is the line: EMERGENCYSTOP:STOP

DEBUG:root:We got command: EMERGENCYSTOP
INFO:root:We got the EMERGENCY STOP command.
INFO:root:Looping....
DEBUG:root:This is the line: drive:13.429:13.988

DEBUG:root:We got command: drive
DEBUG:root:We got a drive command: rawX:13.988000 and rawY:13.429000
DEBUG:root:Forward to the Right
DEBUG:root:Left=-13.429000 Right=-0.559000
DEBUG:root:ScaledLeft: 344.784750 ScaledRight: 373.742250
INFO:root:Looping....
DEBUG:root:This is the line: drive:13.429:13.988

DEBUG:root:We got command: drive
DEBUG:root:We got a drive command: rawX:13.988000 and rawY:13.429000
DEBUG:root:Forward to the Right
DEBUG:root:Left=-13.429000 Right=-0.559000
DEBUG:root:ScaledLeft: 344.784750 ScaledRight: 373.742250
INFO:root:Looping....
DEBUG:root:This is the line: drive:38.853:5.365

DEBUG:root:We got command: drive
DEBUG:root:We got a drive command: rawX:5.365000 and rawY:38.853000
DEBUG:root:Forward to the Right
DEBUG:root:Left=-38.853000 Right=33.488000
DEBUG:root:ScaledLeft: 287.580750 ScaledRight: 450.348000
INFO:root:Looping....
DEBUG:root:This is the line: drive:39.24:4.661

DEBUG:root:We got command: drive
DEBUG:root:We got a drive command: rawX:4.661000 and rawY:39.240000
DEBUG:root:Forward to the Right
DEBUG:root:Left=-39.240000 Right=34.579000
DEBUG:root:ScaledLeft: 286.710000 ScaledRight: 452.802750
INFO:root:Looping....
DEBUG:root:This is the line: drive:45.771:-4.879

DEBUG:root:We got command: drive
DEBUG:root:We got a drive command: rawX:-4.879000 and rawY:45.771000
DEBUG:root:Forward to the Left/Straight
DEBUG:root:Left=-50.650000 Right=45.771000
DEBUG:root:ScaledLeft: 261.037500 ScaledRight: 477.984750
INFO:root:Looping....
DEBUG:root:This is the line: drive:46.857:-8.674

DEBUG:root:We got command: drive
DEBUG:root:We got a drive command: rawX:-8.674000 and rawY:46.857000
DEBUG:root:Forward to the Left/Straight
DEBUG:root:Left=-55.531000 Right=46.857000
DEBUG:root:ScaledLeft: 250.055250 ScaledRight: 480.428250
INFO:root:Looping....
DEBUG:root:This is the line: drive:46.857:-13.229

DEBUG:root:We got command: drive
DEBUG:root:We got a drive command: rawX:-13.229000 and rawY:46.857000
DEBUG:root:Forward to the Left/Straight
DEBUG:root:Left=-60.086000 Right=46.857000
DEBUG:root:ScaledLeft: 239.806500 ScaledRight: 480.428250
INFO:root:Looping....
DEBUG:root:This is the line: drive:46.857:-18.959

DEBUG:root:We got command: drive
DEBUG:root:We got a drive command: rawX:-18.959000 and rawY:46.857000
DEBUG:root:Forward to the Left/Straight
DEBUG:root:Left=-65.816000 Right=46.857000
DEBUG:root:ScaledLeft: 226.914000 ScaledRight: 480.428250
INFO:root:Looping....
DEBUG:root:This is the line: drive:44.888:-23.712

DEBUG:root:We got command: drive
DEBUG:root:We got a drive command: rawX:-23.712000 and rawY:44.888000
DEBUG:root:Forward to the Left/Straight
DEBUG:root:Left=-68.600000 Right=44.888000
DEBUG:root:ScaledLeft: 220.650000 ScaledRight: 475.998000
INFO:root:Looping....
DEBUG:root:This is the line: drive:41.706:-35.45

DEBUG:root:We got command: drive
DEBUG:root:We got a drive command: rawX:-35.450000 and rawY:41.706000
DEBUG:root:Forward to the Left/Straight
DEBUG:root:Left=-77.156000 Right=41.706000
DEBUG:root:ScaledLeft: 201.399000 ScaledRight: 468.838500
INFO:root:Looping....
DEBUG:root:This is the line: drive:39.015:-42.958

DEBUG:root:We got command: drive
DEBUG:root:We got a drive command: rawX:-42.958000 and rawY:39.015000
DEBUG:root:Forward to the Left/Straight
DEBUG:root:Left=-81.973000 Right=39.015000
DEBUG:root:ScaledLeft: 190.560750 ScaledRight: 462.783750
INFO:root:Looping....
DEBUG:root:This is the line: drive:36.572:-50.594

DEBUG:root:We got command: drive
DEBUG:root:We got a drive command: rawX:-50.594000 and rawY:36.572000
DEBUG:root:Forward to the Left/Straight
DEBUG:root:Left=-87.166000 Right=36.572000
DEBUG:root:ScaledLeft: 178.876500 ScaledRight: 457.287000
INFO:root:Looping....
DEBUG:root:This is the line: drive:34.436:-56.533

DEBUG:root:We got command: drive
DEBUG:root:We got a drive command: rawX:-56.533000 and rawY:34.436000
DEBUG:root:Forward to the Left/Straight
DEBUG:root:Left=-90.969000 Right=34.436000
DEBUG:root:ScaledLeft: 170.319750 ScaledRight: 452.481000
INFO:root:Looping....
DEBUG:root:This is the line: drive:31.254:-62.086

DEBUG:root:We got command: drive
DEBUG:root:We got a drive command: rawX:-62.086000 and rawY:31.254000
DEBUG:root:Forward to the Left/Straight
DEBUG:root:Left=-93.340000 Right=31.254000
DEBUG:root:ScaledLeft: 164.985000 ScaledRight: 445.321500
INFO:root:Looping....
DEBUG:root:This is the line: drive:30.857:-62.879

DEBUG:root:We got command: drive
DEBUG:root:We got a drive command: rawX:-62.879000 and rawY:30.857000
DEBUG:root:Forward to the Left/Straight
DEBUG:root:Left=-93.736000 Right=30.857000
DEBUG:root:ScaledLeft: 164.094000 ScaledRight: 444.428250
INFO:root:Looping....
DEBUG:root:This is the line: drive:31.952:-59.13

DEBUG:root:We got command: drive
DEBUG:root:We got a drive command: rawX:-59.130000 and rawY:31.952000
DEBUG:root:Forward to the Left/Straight
DEBUG:root:Left=-91.082000 Right=31.952000
DEBUG:root:ScaledLeft: 170.065500 ScaledRight: 446.892000
INFO:root:Looping....
DEBUG:root:This is the line: drive:35.805:-45.848

DEBUG:root:We got command: drive
DEBUG:root:We got a drive command: rawX:-45.848000 and rawY:35.805000
DEBUG:root:Forward to the Left/Straight
DEBUG:root:Left=-81.653000 Right=35.805000
DEBUG:root:ScaledLeft: 191.280750 ScaledRight: 455.561250
INFO:root:Looping....
DEBUG:root:This is the line: drive:36.0:-39.449

DEBUG:root:We got command: drive
DEBUG:root:We got a drive command: rawX:-39.449000 and rawY:36.000000
DEBUG:root:Forward to the Left/Straight
DEBUG:root:Left=-75.449000 Right=36.000000
DEBUG:root:ScaledLeft: 205.239750 ScaledRight: 456.000000
INFO:root:Looping....
DEBUG:root:This is the line: drive:36.424:-35.588

DEBUG:root:We got command: drive
DEBUG:root:We got a drive command: rawX:-35.588000 and rawY:36.424000
DEBUG:root:Forward to the Left/Straight
DEBUG:root:Left=-72.012000 Right=36.424000
DEBUG:root:ScaledLeft: 212.973000 ScaledRight: 456.954000
INFO:root:Looping....
DEBUG:root:This is the line: drive:38.857:-10.473

DEBUG:root:We got command: drive
DEBUG:root:We got a drive command: rawX:-10.473000 and rawY:38.857000
DEBUG:root:Forward to the Left/Straight
DEBUG:root:Left=-49.330000 Right=38.857000
DEBUG:root:ScaledLeft: 264.007500 ScaledRight: 462.428250
INFO:root:Looping....
DEBUG:root:This is the line: drive:38.857:-0.354

DEBUG:root:We got command: drive
DEBUG:root:We got a drive command: rawX:-0.354000 and rawY:38.857000
DEBUG:root:Forward to the Left/Straight
DEBUG:root:Left=-39.211000 Right=38.857000
DEBUG:root:ScaledLeft: 286.775250 ScaledRight: 462.428250
INFO:root:Looping....
DEBUG:root:This is the line: drive:38.857:8.621

DEBUG:root:We got command: drive
DEBUG:root:We got a drive command: rawX:8.621000 and rawY:38.857000
DEBUG:root:Forward to the Right
DEBUG:root:Left=-38.857000 Right=30.236000
DEBUG:root:ScaledLeft: 287.571750 ScaledRight: 443.031000
INFO:root:Looping....
DEBUG:root:This is the line: drive:38.857:15.067

DEBUG:root:We got command: drive
DEBUG:root:We got a drive command: rawX:15.067000 and rawY:38.857000
DEBUG:root:Forward to the Right
DEBUG:root:Left=-38.857000 Right=23.790000
DEBUG:root:ScaledLeft: 287.571750 ScaledRight: 428.527500
INFO:root:Looping....
DEBUG:root:This is the line: drive:38.857:21.514

DEBUG:root:We got command: drive
DEBUG:root:We got a drive command: rawX:21.514000 and rawY:38.857000
DEBUG:root:Forward to the Right
DEBUG:root:Left=-38.857000 Right=17.343000
DEBUG:root:ScaledLeft: 287.571750 ScaledRight: 414.021750
INFO:root:Looping....
DEBUG:root:This is the line: drive:38.857:26.822

DEBUG:root:We got command: drive
DEBUG:root:We got a drive command: rawX:26.822000 and rawY:38.857000
DEBUG:root:Forward to the Right
DEBUG:root:Left=-38.857000 Right=12.035000
DEBUG:root:ScaledLeft: 287.571750 ScaledRight: 402.078750
INFO:root:Looping....
DEBUG:root:This is the line: drive:38.857:31.943

DEBUG:root:We got command: drive
DEBUG:root:We got a drive command: rawX:31.943000 and rawY:38.857000
DEBUG:root:Forward to the Right
DEBUG:root:Left=-38.857000 Right=6.914000
DEBUG:root:ScaledLeft: 287.571750 ScaledRight: 390.556500
INFO:root:Looping....
DEBUG:root:This is the line: drive:38.857:36.453

DEBUG:root:We got command: drive
DEBUG:root:We got a drive command: rawX:36.453000 and rawY:38.857000
DEBUG:root:Forward to the Right
DEBUG:root:Left=-38.857000 Right=2.404000
DEBUG:root:ScaledLeft: 287.571750 ScaledRight: 380.409000
INFO:root:Looping....
DEBUG:root:This is the line: drive:39.827:41.901

DEBUG:root:We got command: drive
DEBUG:root:We got a drive command: rawX:41.901000 and rawY:39.827000
DEBUG:root:Forward to the Right
DEBUG:root:Left=-39.827000 Right=-2.074000
DEBUG:root:ScaledLeft: 285.389250 ScaledRight: 370.333500
INFO:root:Looping....
DEBUG:root:This is the line: drive:0:0

DEBUG:root:We got command: drive
DEBUG:root:We got a drive command: rawX:0.000000 and rawY:0.000000
DEBUG:root:Left=0.000000 Right=0.000000
DEBUG:root:ScaledLeft: 375.000000 ScaledRight: 375.000000
INFO:root:Looping....
DEBUG:root:This is the line: drive:40.286:42.857

DEBUG:root:We got command: drive
DEBUG:root:We got a drive command: rawX:42.857000 and rawY:40.286000
DEBUG:root:Forward to the Right
DEBUG:root:Left=-40.286000 Right=-2.571000
DEBUG:root:ScaledLeft: 284.356500 ScaledRight: 369.215250
INFO:root:Looping....
DEBUG:root:This is the line: drive:32.857:41.369

DEBUG:root:We got command: drive
DEBUG:root:We got a drive command: rawX:41.369000 and rawY:32.857000
DEBUG:root:Forward to the Right
DEBUG:root:Left=-32.857000 Right=-8.512000
DEBUG:root:ScaledLeft: 301.071750 ScaledRight: 355.848000
INFO:root:Looping....
DEBUG:root:This is the line: drive:28.297:30.108

DEBUG:root:We got command: drive
DEBUG:root:We got a drive command: rawX:30.108000 and rawY:28.297000
DEBUG:root:Forward to the Right
DEBUG:root:Left=-28.297000 Right=-1.811000
DEBUG:root:ScaledLeft: 311.331750 ScaledRight: 370.925250
INFO:root:Looping....
DEBUG:root:This is the line: drive:27.429:13.759

DEBUG:root:We got command: drive
DEBUG:root:We got a drive command: rawX:13.759000 and rawY:27.429000
DEBUG:root:Forward to the Right
DEBUG:root:Left=-27.429000 Right=13.670000
DEBUG:root:ScaledLeft: 313.284750 ScaledRight: 405.757500
INFO:root:Looping....
DEBUG:root:This is the line: drive:27.088:6.97

DEBUG:root:We got command: drive
DEBUG:root:We got a drive command: rawX:6.970000 and rawY:27.088000
DEBUG:root:Forward to the Right
DEBUG:root:Left=-27.088000 Right=20.118000
DEBUG:root:ScaledLeft: 314.052000 ScaledRight: 420.265500
INFO:root:Looping....
DEBUG:root:This is the line: drive:26.178:1.747

DEBUG:root:We got command: drive
DEBUG:root:We got a drive command: rawX:1.747000 and rawY:26.178000
DEBUG:root:Forward to the Right
DEBUG:root:Left=-26.178000 Right=24.431000
DEBUG:root:ScaledLeft: 316.099500 ScaledRight: 429.969750
INFO:root:Looping....
DEBUG:root:This is the line: drive:25.714:-4.104

DEBUG:root:We got command: drive
DEBUG:root:We got a drive command: rawX:-4.104000 and rawY:25.714000
DEBUG:root:Forward to the Left/Straight
DEBUG:root:Left=-29.818000 Right=25.714000
DEBUG:root:ScaledLeft: 307.909500 ScaledRight: 432.856500
INFO:root:Looping....
DEBUG:root:This is the line: drive:25.714:-8.569

DEBUG:root:We got command: drive
DEBUG:root:We got a drive command: rawX:-8.569000 and rawY:25.714000
DEBUG:root:Forward to the Left/Straight
DEBUG:root:Left=-34.283000 Right=25.714000
DEBUG:root:ScaledLeft: 297.863250 ScaledRight: 432.856500
INFO:root:Looping....
DEBUG:root:This is the line: drive:25.429:-11.034

DEBUG:root:We got command: drive
DEBUG:root:We got a drive command: rawX:-11.034000 and rawY:25.429000
DEBUG:root:Forward to the Left/Straight
DEBUG:root:Left=-36.463000 Right=25.429000
DEBUG:root:ScaledLeft: 292.958250 ScaledRight: 432.215250
INFO:root:Looping....
DEBUG:root:This is the line: drive:25.143:-12.523

DEBUG:root:We got command: drive
DEBUG:root:We got a drive command: rawX:-12.523000 and rawY:25.143000
DEBUG:root:Forward to the Left/Straight
DEBUG:root:Left=-37.666000 Right=25.143000
DEBUG:root:ScaledLeft: 290.251500 ScaledRight: 431.571750
INFO:root:Looping....
DEBUG:root:This is the line: drive:24.857:-14.361

DEBUG:root:We got command: drive
DEBUG:root:We got a drive command: rawX:-14.361000 and rawY:24.857000
DEBUG:root:Forward to the Left/Straight
DEBUG:root:Left=-39.218000 Right=24.857000
DEBUG:root:ScaledLeft: 286.759500 ScaledRight: 430.928250
INFO:root:Looping....
DEBUG:root:This is the line: drive:24.857:-14.361

DEBUG:root:We got command: drive
DEBUG:root:We got a drive command: rawX:-14.361000 and rawY:24.857000
DEBUG:root:Forward to the Left/Straight
DEBUG:root:Left=-39.218000 Right=24.857000
DEBUG:root:ScaledLeft: 286.759500 ScaledRight: 430.928250
INFO:root:Looping....
DEBUG:root:This is the line: drive:24.571:-13.063

DEBUG:root:We got command: drive
DEBUG:root:We got a drive command: rawX:-13.063000 and rawY:24.571000
DEBUG:root:Forward to the Left/Straight
DEBUG:root:Left=-37.634000 Right=24.571000
DEBUG:root:ScaledLeft: 290.323500 ScaledRight: 430.284750
INFO:root:Looping....
DEBUG:root:This is the line: drive:24.571:-9.139

DEBUG:root:We got command: drive
DEBUG:root:We got a drive command: rawX:-9.139000 and rawY:24.571000
DEBUG:root:Forward to the Left/Straight
DEBUG:root:Left=-33.710000 Right=24.571000
DEBUG:root:ScaledLeft: 299.152500 ScaledRight: 430.284750
INFO:root:Looping....
DEBUG:root:This is the line: drive:0:0

DEBUG:root:We got command: drive
DEBUG:root:We got a drive command: rawX:0.000000 and rawY:0.000000
DEBUG:root:Left=0.000000 Right=0.000000
DEBUG:root:ScaledLeft: 375.000000 ScaledRight: 375.000000
INFO:root:Looping....
DEBUG:root:This is the line: drive:24.857:-0.298

DEBUG:root:We got command: drive
DEBUG:root:We got a drive command: rawX:-0.298000 and rawY:24.857000
DEBUG:root:Forward to the Left/Straight
DEBUG:root:Left=-25.155000 Right=24.857000
DEBUG:root:ScaledLeft: 318.401250 ScaledRight: 430.928250
INFO:root:Looping....
DEBUG:root:This is the line: drive:10.857:-36.607

DEBUG:root:We got command: drive
DEBUG:root:We got a drive command: rawX:-36.607000 and rawY:10.857000
DEBUG:root:Forward to the Left/Straight
DEBUG:root:Left=-47.464000 Right=10.857000
DEBUG:root:ScaledLeft: 268.206000 ScaledRight: 399.428250
INFO:root:Looping....
DEBUG:root:This is the line: drive:13.791:-47.183

DEBUG:root:We got command: drive
DEBUG:root:We got a drive command: rawX:-47.183000 and rawY:13.791000
DEBUG:root:Forward to the Left/Straight
DEBUG:root:Left=-60.974000 Right=13.791000
DEBUG:root:ScaledLeft: 237.808500 ScaledRight: 406.029750
INFO:root:Looping....
DEBUG:root:This is the line: drive:15.861:-54.183

DEBUG:root:We got command: drive
DEBUG:root:We got a drive command: rawX:-54.183000 and rawY:15.861000
DEBUG:root:Forward to the Left/Straight
DEBUG:root:Left=-70.044000 Right=15.861000
DEBUG:root:ScaledLeft: 217.401000 ScaledRight: 410.687250
INFO:root:Looping....
DEBUG:root:This is the line: drive:18.524:-63.245

DEBUG:root:We got command: drive
DEBUG:root:We got a drive command: rawX:-63.245000 and rawY:18.524000
DEBUG:root:Forward to the Left/Straight
DEBUG:root:Left=-81.769000 Right=18.524000
DEBUG:root:ScaledLeft: 191.019750 ScaledRight: 416.679000
INFO:root:Looping....
DEBUG:root:This is the line: drive:20.144:-67.413

DEBUG:root:We got command: drive
DEBUG:root:We got a drive command: rawX:-67.413000 and rawY:20.144000
DEBUG:root:Forward to the Left/Straight
DEBUG:root:Left=-87.557000 Right=20.144000
DEBUG:root:ScaledLeft: 177.996750 ScaledRight: 420.324000
INFO:root:Looping....
DEBUG:root:This is the line: drive:21.143:-72.226

DEBUG:root:We got command: drive
DEBUG:root:We got a drive command: rawX:-72.226000 and rawY:21.143000
DEBUG:root:Forward to the Left/Straight
DEBUG:root:Left=-93.369000 Right=21.143000
DEBUG:root:ScaledLeft: 164.919750 ScaledRight: 422.571750
INFO:root:Looping....
DEBUG:root:This is the line: drive:21.143:-76.256

DEBUG:root:We got command: drive
DEBUG:root:We got a drive command: rawX:-76.256000 and rawY:21.143000
DEBUG:root:Forward to the Left/Straight
DEBUG:root:Left=-97.399000 Right=21.143000
DEBUG:root:ScaledLeft: 155.852250 ScaledRight: 422.571750
INFO:root:Looping....
DEBUG:root:This is the line: drive:21.143:-79.717

DEBUG:root:We got command: drive
DEBUG:root:We got a drive command: rawX:-79.717000 and rawY:21.143000
DEBUG:root:Forward to the Left/Straight
DEBUG:root:Left=-100.860000 Right=21.143000
DEBUG:root:ScaledLeft: 148.065000 ScaledRight: 422.571750
INFO:root:Looping....
DEBUG:root:This is the line: drive:21.143:-81.757

DEBUG:root:We got command: drive
DEBUG:root:We got a drive command: rawX:-81.757000 and rawY:21.143000
DEBUG:root:Forward to the Left/Straight
DEBUG:root:Left=-102.900000 Right=21.143000
DEBUG:root:ScaledLeft: 143.475000 ScaledRight: 422.571750
INFO:root:Looping....
DEBUG:root:This is the line: drive:21.143:-83.543

DEBUG:root:We got command: drive
DEBUG:root:We got a drive command: rawX:-83.543000 and rawY:21.143000
DEBUG:root:Forward to the Left/Straight
DEBUG:root:Left=-104.686000 Right=21.143000
DEBUG:root:ScaledLeft: 139.456500 ScaledRight: 422.571750
INFO:root:Looping....
DEBUG:root:This is the line: drive:21.143:-85.434

DEBUG:root:We got command: drive
DEBUG:root:We got a drive command: rawX:-85.434000 and rawY:21.143000
DEBUG:root:Forward to the Left/Straight
DEBUG:root:Left=-106.577000 Right=21.143000
DEBUG:root:ScaledLeft: 135.201750 ScaledRight: 422.571750
INFO:root:Looping....
DEBUG:root:This is the line: drive:21.143:-87.054

DEBUG:root:We got command: drive
DEBUG:root:We got a drive command: rawX:-87.054000 and rawY:21.143000
DEBUG:root:Forward to the Left/Straight
DEBUG:root:Left=-108.197000 Right=21.143000
DEBUG:root:ScaledLeft: 131.556750 ScaledRight: 422.571750
INFO:root:Looping....
DEBUG:root:This is the line: drive:21.143:-87.054

DEBUG:root:We got command: drive
DEBUG:root:We got a drive command: rawX:-87.054000 and rawY:21.143000
DEBUG:root:Forward to the Left/Straight
DEBUG:root:Left=-108.197000 Right=21.143000
DEBUG:root:ScaledLeft: 131.556750 ScaledRight: 422.571750
INFO:root:Looping....
DEBUG:root:This is the line: drive:20.855:-86.905

DEBUG:root:We got command: drive
DEBUG:root:We got a drive command: rawX:-86.905000 and rawY:20.855000
DEBUG:root:Forward to the Left/Straight
DEBUG:root:Left=-107.760000 Right=20.855000
DEBUG:root:ScaledLeft: 132.540000 ScaledRight: 421.923750
INFO:root:Looping....
DEBUG:root:This is the line: drive:0:0

DEBUG:root:We got command: drive
DEBUG:root:We got a drive command: rawX:0.000000 and rawY:0.000000
DEBUG:root:Left=0.000000 Right=0.000000
DEBUG:root:ScaledLeft: 375.000000 ScaledRight: 375.000000
INFO:root:Looping....
DEBUG:root:This is the line: drive:20.855:-86.905

DEBUG:root:We got command: drive
DEBUG:root:We got a drive command: rawX:-86.905000 and rawY:20.855000
DEBUG:root:Forward to the Left/Straight
DEBUG:root:Left=-107.760000 Right=20.855000
DEBUG:root:ScaledLeft: 132.540000 ScaledRight: 421.923750
INFO:root:Looping....
DEBUG:root:This is the line: drive:15.143:-59.678

DEBUG:root:We got command: drive
DEBUG:root:We got a drive command: rawX:-59.678000 and rawY:15.143000
DEBUG:root:Forward to the Left/Straight
DEBUG:root:Left=-74.821000 Right=15.143000
DEBUG:root:ScaledLeft: 206.652750 ScaledRight: 409.071750
INFO:root:Looping....
DEBUG:root:This is the line: drive:14.857:-64.225

DEBUG:root:We got command: drive
DEBUG:root:We got a drive command: rawX:-64.225000 and rawY:14.857000
DEBUG:root:Forward to the Left/Straight
DEBUG:root:Left=-79.082000 Right=14.857000
DEBUG:root:ScaledLeft: 197.065500 ScaledRight: 408.428250
INFO:root:Looping....
DEBUG:root:This is the line: drive:14.857:-72.294

DEBUG:root:We got command: drive
DEBUG:root:We got a drive command: rawX:-72.294000 and rawY:14.857000
DEBUG:root:Forward to the Left/Straight
DEBUG:root:Left=-87.151000 Right=14.857000
DEBUG:root:ScaledLeft: 178.910250 ScaledRight: 408.428250
INFO:root:Looping....
DEBUG:root:This is the line: drive:14.857:-79.018

DEBUG:root:We got command: drive
DEBUG:root:We got a drive command: rawX:-79.018000 and rawY:14.857000
DEBUG:root:Forward to the Left/Straight
DEBUG:root:Left=-93.875000 Right=14.857000
DEBUG:root:ScaledLeft: 163.781250 ScaledRight: 408.428250
INFO:root:Looping....
DEBUG:root:This is the line: drive:14.857:-83.741

DEBUG:root:We got command: drive
DEBUG:root:We got a drive command: rawX:-83.741000 and rawY:14.857000
DEBUG:root:Forward to the Left/Straight
DEBUG:root:Left=-98.598000 Right=14.857000
DEBUG:root:ScaledLeft: 153.154500 ScaledRight: 408.428250
INFO:root:Looping....
DEBUG:root:This is the line: drive:14.857:-89.351

DEBUG:root:We got command: drive
DEBUG:root:We got a drive command: rawX:-89.351000 and rawY:14.857000
DEBUG:root:Forward to the Left/Straight
DEBUG:root:Left=-104.208000 Right=14.857000
DEBUG:root:ScaledLeft: 140.532000 ScaledRight: 408.428250
INFO:root:Looping....
DEBUG:root:This is the line: drive:14.857:-92.075

DEBUG:root:We got command: drive
DEBUG:root:We got a drive command: rawX:-92.075000 and rawY:14.857000
DEBUG:root:Forward to the Left/Straight
DEBUG:root:Left=-106.932000 Right=14.857000
DEBUG:root:ScaledLeft: 134.403000 ScaledRight: 408.428250
INFO:root:Looping....
DEBUG:root:This is the line: drive:14.857:-93.477

DEBUG:root:We got command: drive
DEBUG:root:We got a drive command: rawX:-93.477000 and rawY:14.857000
DEBUG:root:Forward to the Left/Straight
DEBUG:root:Left=-108.334000 Right=14.857000
DEBUG:root:ScaledLeft: 131.248500 ScaledRight: 408.428250
INFO:root:Looping....
DEBUG:root:This is the line: drive:14.857:-95.921

DEBUG:root:We got command: drive
DEBUG:root:We got a drive command: rawX:-95.921000 and rawY:14.857000
DEBUG:root:Forward to the Left/Straight
DEBUG:root:Left=-110.778000 Right=14.857000
DEBUG:root:ScaledLeft: 125.749500 ScaledRight: 408.428250
INFO:root:Looping....
DEBUG:root:This is the line: drive:14.857:-98.036

DEBUG:root:We got command: drive
DEBUG:root:We got a drive command: rawX:-98.036000 and rawY:14.857000
DEBUG:root:Forward to the Left/Straight
DEBUG:root:Left=-112.893000 Right=14.857000
DEBUG:root:ScaledLeft: 120.990750 ScaledRight: 408.428250
INFO:root:Looping....
DEBUG:root:This is the line: drive:14.857:-98.834

DEBUG:root:We got command: drive
DEBUG:root:We got a drive command: rawX:-98.834000 and rawY:14.857000
DEBUG:root:Forward to the Left/Straight
DEBUG:root:Left=-113.691000 Right=14.857000
DEBUG:root:ScaledLeft: 119.195250 ScaledRight: 408.428250
INFO:root:Looping....
DEBUG:root:This is the line: drive:14.857:-99.13

DEBUG:root:We got command: drive
DEBUG:root:We got a drive command: rawX:-99.130000 and rawY:14.857000
DEBUG:root:Forward to the Left/Straight
DEBUG:root:Left=-113.987000 Right=14.857000
DEBUG:root:ScaledLeft: 118.529250 ScaledRight: 408.428250
INFO:root:Looping....
DEBUG:root:This is the line: drive:14.857:-99.781

DEBUG:root:We got command: drive
DEBUG:root:We got a drive command: rawX:-99.781000 and rawY:14.857000
DEBUG:root:Forward to the Left/Straight
DEBUG:root:Left=-114.638000 Right=14.857000
DEBUG:root:ScaledLeft: 117.064500 ScaledRight: 408.428250
INFO:root:Looping....
DEBUG:root:This is the line: drive:14.857:-99.781

DEBUG:root:We got command: drive
DEBUG:root:We got a drive command: rawX:-99.781000 and rawY:14.857000
DEBUG:root:Forward to the Left/Straight
DEBUG:root:Left=-114.638000 Right=14.857000
DEBUG:root:ScaledLeft: 117.064500 ScaledRight: 408.428250
INFO:root:Looping....
DEBUG:root:This is the line: drive:14.857:-99.781

DEBUG:root:We got command: drive
DEBUG:root:We got a drive command: rawX:-99.781000 and rawY:14.857000
DEBUG:root:Forward to the Left/Straight
DEBUG:root:Left=-114.638000 Right=14.857000
DEBUG:root:ScaledLeft: 117.064500 ScaledRight: 408.428250
INFO:root:Looping....
DEBUG:root:This is the line: drive:14.857:-99.781

DEBUG:root:We got command: drive
DEBUG:root:We got a drive command: rawX:-99.781000 and rawY:14.857000
DEBUG:root:Forward to the Left/Straight
DEBUG:root:Left=-114.638000 Right=14.857000
DEBUG:root:ScaledLeft: 117.064500 ScaledRight: 408.428250
INFO:root:Looping....
DEBUG:root:This is the line: drive:14.857:-99.781

DEBUG:root:We got command: drive
DEBUG:root:We got a drive command: rawX:-99.781000 and rawY:14.857000
DEBUG:root:Forward to the Left/Straight
DEBUG:root:Left=-114.638000 Right=14.857000
DEBUG:root:ScaledLeft: 117.064500 ScaledRight: 408.428250
INFO:root:Looping....
DEBUG:root:This is the line: drive:14.857:-99.781

DEBUG:root:We got command: drive
DEBUG:root:We got a drive command: rawX:-99.781000 and rawY:14.857000
DEBUG:root:Forward to the Left/Straight
DEBUG:root:Left=-114.638000 Right=14.857000
DEBUG:root:ScaledLeft: 117.064500 ScaledRight: 408.428250
INFO:root:Looping....
DEBUG:root:This is the line: drive:14.857:-99.781

DEBUG:root:We got command: drive
DEBUG:root:We got a drive command: rawX:-99.781000 and rawY:14.857000
DEBUG:root:Forward to the Left/Straight
DEBUG:root:Left=-114.638000 Right=14.857000
DEBUG:root:ScaledLeft: 117.064500 ScaledRight: 408.428250
INFO:root:Looping....
DEBUG:root:This is the line: drive:14.857:-99.781

DEBUG:root:We got command: drive
DEBUG:root:We got a drive command: rawX:-99.781000 and rawY:14.857000
DEBUG:root:Forward to the Left/Straight
DEBUG:root:Left=-114.638000 Right=14.857000
DEBUG:root:ScaledLeft: 117.064500 ScaledRight: 408.428250
INFO:root:Looping....
DEBUG:root:This is the line: drive:14.857:-99.781

DEBUG:root:We got command: drive
DEBUG:root:We got a drive command: rawX:-99.781000 and rawY:14.857000
DEBUG:root:Forward to the Left/Straight
DEBUG:root:Left=-114.638000 Right=14.857000
DEBUG:root:ScaledLeft: 117.064500 ScaledRight: 408.428250
INFO:root:Looping....
DEBUG:root:This is the line: drive:14.857:-99.781

DEBUG:root:We got command: drive
DEBUG:root:We got a drive command: rawX:-99.781000 and rawY:14.857000
DEBUG:root:Forward to the Left/Straight
DEBUG:root:Left=-114.638000 Right=14.857000
DEBUG:root:ScaledLeft: 117.064500 ScaledRight: 408.428250
INFO:root:Looping....
DEBUG:root:This is the line: drive:14.857:-99.781

DEBUG:root:We got command: drive
DEBUG:root:We got a drive command: rawX:-99.781000 and rawY:14.857000
DEBUG:root:Forward to the Left/Straight
DEBUG:root:Left=-114.638000 Right=14.857000
DEBUG:root:ScaledLeft: 117.064500 ScaledRight: 408.428250
INFO:root:Looping....
DEBUG:root:This is the line: drive:14.857:-99.781

DEBUG:root:We got command: drive
DEBUG:root:We got a drive command: rawX:-99.781000 and rawY:14.857000
DEBUG:root:Forward to the Left/Straight
DEBUG:root:Left=-114.638000 Right=14.857000
DEBUG:root:ScaledLeft: 117.064500 ScaledRight: 408.428250
INFO:root:Looping....
DEBUG:root:This is the line: drive:14.857:-99.781

DEBUG:root:We got command: drive
DEBUG:root:We got a drive command: rawX:-99.781000 and rawY:14.857000
DEBUG:root:Forward to the Left/Straight
DEBUG:root:Left=-114.638000 Right=14.857000
DEBUG:root:ScaledLeft: 117.064500 ScaledRight: 408.428250
INFO:root:Looping....
DEBUG:root:This is the line: drive:14.857:-99.781

DEBUG:root:We got command: drive
DEBUG:root:We got a drive command: rawX:-99.781000 and rawY:14.857000
DEBUG:root:Forward to the Left/Straight
DEBUG:root:Left=-114.638000 Right=14.857000
DEBUG:root:ScaledLeft: 117.064500 ScaledRight: 408.428250
INFO:root:Looping....
DEBUG:root:This is the line: drive:14.857:-99.781

DEBUG:root:We got command: drive
DEBUG:root:We got a drive command: rawX:-99.781000 and rawY:14.857000
DEBUG:root:Forward to the Left/Straight
DEBUG:root:Left=-114.638000 Right=14.857000
DEBUG:root:ScaledLeft: 117.064500 ScaledRight: 408.428250
INFO:root:Looping....
DEBUG:root:This is the line: drive:14.857:-99.781

DEBUG:root:We got command: drive
DEBUG:root:We got a drive command: rawX:-99.781000 and rawY:14.857000
DEBUG:root:Forward to the Left/Straight
DEBUG:root:Left=-114.638000 Right=14.857000
DEBUG:root:ScaledLeft: 117.064500 ScaledRight: 408.428250
INFO:root:Looping....
DEBUG:root:This is the line: drive:14.857:-99.781

DEBUG:root:We got command: drive
DEBUG:root:We got a drive command: rawX:-99.781000 and rawY:14.857000
DEBUG:root:Forward to the Left/Straight
DEBUG:root:Left=-114.638000 Right=14.857000
DEBUG:root:ScaledLeft: 117.064500 ScaledRight: 408.428250
INFO:root:Looping....
DEBUG:root:This is the line: drive:14.857:-99.781

DEBUG:root:We got command: drive
DEBUG:root:We got a drive command: rawX:-99.781000 and rawY:14.857000
DEBUG:root:Forward to the Left/Straight
DEBUG:root:Left=-114.638000 Right=14.857000
DEBUG:root:ScaledLeft: 117.064500 ScaledRight: 408.428250
INFO:root:Looping....
DEBUG:root:This is the line: drive:14.857:-99.781

DEBUG:root:We got command: drive
DEBUG:root:We got a drive command: rawX:-99.781000 and rawY:14.857000
DEBUG:root:Forward to the Left/Straight
DEBUG:root:Left=-114.638000 Right=14.857000
DEBUG:root:ScaledLeft: 117.064500 ScaledRight: 408.428250
INFO:root:Looping....
DEBUG:root:This is the line: drive:14.857:-99.781

DEBUG:root:We got command: drive
DEBUG:root:We got a drive command: rawX:-99.781000 and rawY:14.857000
DEBUG:root:Forward to the Left/Straight
DEBUG:root:Left=-114.638000 Right=14.857000
DEBUG:root:ScaledLeft: 117.064500 ScaledRight: 408.428250
INFO:root:Looping....
DEBUG:root:This is the line: drive:14.857:-99.781

DEBUG:root:We got command: drive
DEBUG:root:We got a drive command: rawX:-99.781000 and rawY:14.857000
DEBUG:root:Forward to the Left/Straight
DEBUG:root:Left=-114.638000 Right=14.857000
DEBUG:root:ScaledLeft: 117.064500 ScaledRight: 408.428250
INFO:root:Looping....
DEBUG:root:This is the line: drive:14.857:-99.781

DEBUG:root:We got command: drive
DEBUG:root:We got a drive command: rawX:-99.781000 and rawY:14.857000
DEBUG:root:Forward to the Left/Straight
DEBUG:root:Left=-114.638000 Right=14.857000
DEBUG:root:ScaledLeft: 117.064500 ScaledRight: 408.428250
INFO:root:Looping....
DEBUG:root:This is the line: drive:14.857:-99.781

DEBUG:root:We got command: drive
DEBUG:root:We got a drive command: rawX:-99.781000 and rawY:14.857000
DEBUG:root:Forward to the Left/Straight
DEBUG:root:Left=-114.638000 Right=14.857000
DEBUG:root:ScaledLeft: 117.064500 ScaledRight: 408.428250
INFO:root:Looping....
DEBUG:root:This is the line: drive:14.857:-99.781

DEBUG:root:We got command: drive
DEBUG:root:We got a drive command: rawX:-99.781000 and rawY:14.857000
DEBUG:root:Forward to the Left/Straight
DEBUG:root:Left=-114.638000 Right=14.857000
DEBUG:root:ScaledLeft: 117.064500 ScaledRight: 408.428250
INFO:root:Looping....
DEBUG:root:This is the line: drive:14.857:-99.781

DEBUG:root:We got command: drive
DEBUG:root:We got a drive command: rawX:-99.781000 and rawY:14.857000
DEBUG:root:Forward to the Left/Straight
DEBUG:root:Left=-114.638000 Right=14.857000
DEBUG:root:ScaledLeft: 117.064500 ScaledRight: 408.428250
INFO:root:Looping....
DEBUG:root:This is the line: drive:14.857:-99.781

DEBUG:root:We got command: drive
DEBUG:root:We got a drive command: rawX:-99.781000 and rawY:14.857000
DEBUG:root:Forward to the Left/Straight
DEBUG:root:Left=-114.638000 Right=14.857000
DEBUG:root:ScaledLeft: 117.064500 ScaledRight: 408.428250
INFO:root:Looping....
DEBUG:root:This is the line: drive:14.857:-99.781

DEBUG:root:We got command: drive
DEBUG:root:We got a drive command: rawX:-99.781000 and rawY:14.857000
DEBUG:root:Forward to the Left/Straight
DEBUG:root:Left=-114.638000 Right=14.857000
DEBUG:root:ScaledLeft: 117.064500 ScaledRight: 408.428250
INFO:root:Looping....
DEBUG:root:This is the line: drive:14.857:-99.781

DEBUG:root:We got command: drive
DEBUG:root:We got a drive command: rawX:-99.781000 and rawY:14.857000
DEBUG:root:Forward to the Left/Straight
DEBUG:root:Left=-114.638000 Right=14.857000
DEBUG:root:ScaledLeft: 117.064500 ScaledRight: 408.428250
INFO:root:Looping....
DEBUG:root:This is the line: drive:14.857:-99.781

DEBUG:root:We got command: drive
DEBUG:root:We got a drive command: rawX:-99.781000 and rawY:14.857000
DEBUG:root:Forward to the Left/Straight
DEBUG:root:Left=-114.638000 Right=14.857000
DEBUG:root:ScaledLeft: 117.064500 ScaledRight: 408.428250
INFO:root:Looping....
DEBUG:root:This is the line: drive:14.857:-99.781

DEBUG:root:We got command: drive
DEBUG:root:We got a drive command: rawX:-99.781000 and rawY:14.857000
DEBUG:root:Forward to the Left/Straight
DEBUG:root:Left=-114.638000 Right=14.857000
DEBUG:root:ScaledLeft: 117.064500 ScaledRight: 408.428250
INFO:root:Looping....
DEBUG:root:This is the line: drive:14.857:-99.781

DEBUG:root:We got command: drive
DEBUG:root:We got a drive command: rawX:-99.781000 and rawY:14.857000
DEBUG:root:Forward to the Left/Straight
DEBUG:root:Left=-114.638000 Right=14.857000
DEBUG:root:ScaledLeft: 117.064500 ScaledRight: 408.428250
INFO:root:Looping....
DEBUG:root:This is the line: drive:14.857:-99.781

DEBUG:root:We got command: drive
DEBUG:root:We got a drive command: rawX:-99.781000 and rawY:14.857000
DEBUG:root:Forward to the Left/Straight
DEBUG:root:Left=-114.638000 Right=14.857000
DEBUG:root:ScaledLeft: 117.064500 ScaledRight: 408.428250
INFO:root:Looping....
DEBUG:root:This is the line: drive:14.857:-99.781

DEBUG:root:We got command: drive
DEBUG:root:We got a drive command: rawX:-99.781000 and rawY:14.857000
DEBUG:root:Forward to the Left/Straight
DEBUG:root:Left=-114.638000 Right=14.857000
DEBUG:root:ScaledLeft: 117.064500 ScaledRight: 408.428250
INFO:root:Looping....
DEBUG:root:This is the line: drive:14.857:-99.781

DEBUG:root:We got command: drive
DEBUG:root:We got a drive command: rawX:-99.781000 and rawY:14.857000
DEBUG:root:Forward to the Left/Straight
DEBUG:root:Left=-114.638000 Right=14.857000
DEBUG:root:ScaledLeft: 117.064500 ScaledRight: 408.428250
INFO:root:Looping....
DEBUG:root:This is the line: drive:14.857:-99.781

DEBUG:root:We got command: drive
DEBUG:root:We got a drive command: rawX:-99.781000 and rawY:14.857000
DEBUG:root:Forward to the Left/Straight
DEBUG:root:Left=-114.638000 Right=14.857000
DEBUG:root:ScaledLeft: 117.064500 ScaledRight: 408.428250
INFO:root:Looping....
DEBUG:root:This is the line: drive:14.857:-99.781

DEBUG:root:We got command: drive
DEBUG:root:We got a drive command: rawX:-99.781000 and rawY:14.857000
DEBUG:root:Forward to the Left/Straight
DEBUG:root:Left=-114.638000 Right=14.857000
DEBUG:root:ScaledLeft: 117.064500 ScaledRight: 408.428250
INFO:root:Looping....
DEBUG:root:This is the line: drive:14.857:-99.781

DEBUG:root:We got command: drive
DEBUG:root:We got a drive command: rawX:-99.781000 and rawY:14.857000
DEBUG:root:Forward to the Left/Straight
DEBUG:root:Left=-114.638000 Right=14.857000
DEBUG:root:ScaledLeft: 117.064500 ScaledRight: 408.428250
INFO:root:Looping....
DEBUG:root:This is the line: drive:14.857:-99.781

DEBUG:root:We got command: drive
DEBUG:root:We got a drive command: rawX:-99.781000 and rawY:14.857000
DEBUG:root:Forward to the Left/Straight
DEBUG:root:Left=-114.638000 Right=14.857000
DEBUG:root:ScaledLeft: 117.064500 ScaledRight: 408.428250
INFO:root:Looping....
DEBUG:root:This is the line: drive:14.857:-99.781

DEBUG:root:We got command: drive
DEBUG:root:We got a drive command: rawX:-99.781000 and rawY:14.857000
DEBUG:root:Forward to the Left/Straight
DEBUG:root:Left=-114.638000 Right=14.857000
DEBUG:root:ScaledLeft: 117.064500 ScaledRight: 408.428250
INFO:root:Looping....
DEBUG:root:This is the line: drive:14.857:-99.781

DEBUG:root:We got command: drive
DEBUG:root:We got a drive command: rawX:-99.781000 and rawY:14.857000
DEBUG:root:Forward to the Left/Straight
DEBUG:root:Left=-114.638000 Right=14.857000
DEBUG:root:ScaledLeft: 117.064500 ScaledRight: 408.428250
INFO:root:Looping....
DEBUG:root:This is the line: drive:14.857:-99.781

DEBUG:root:We got command: drive
DEBUG:root:We got a drive command: rawX:-99.781000 and rawY:14.857000
DEBUG:root:Forward to the Left/Straight
DEBUG:root:Left=-114.638000 Right=14.857000
DEBUG:root:ScaledLeft: 117.064500 ScaledRight: 408.428250
INFO:root:Looping....
DEBUG:root:This is the line: drive:14.857:-99.781

DEBUG:root:We got command: drive
DEBUG:root:We got a drive command: rawX:-99.781000 and rawY:14.857000
DEBUG:root:Forward to the Left/Straight
DEBUG:root:Left=-114.638000 Right=14.857000
DEBUG:root:ScaledLeft: 117.064500 ScaledRight: 408.428250
INFO:root:Looping....
DEBUG:root:This is the line: drive:14.857:-99.781

DEBUG:root:We got command: drive
DEBUG:root:We got a drive command: rawX:-99.781000 and rawY:14.857000
DEBUG:root:Forward to the Left/Straight
DEBUG:root:Left=-114.638000 Right=14.857000
DEBUG:root:ScaledLeft: 117.064500 ScaledRight: 408.428250
INFO:root:Looping....
DEBUG:root:This is the line: drive:14.857:-99.781

DEBUG:root:We got command: drive
DEBUG:root:We got a drive command: rawX:-99.781000 and rawY:14.857000
DEBUG:root:Forward to the Left/Straight
DEBUG:root:Left=-114.638000 Right=14.857000
DEBUG:root:ScaledLeft: 117.064500 ScaledRight: 408.428250
INFO:root:Looping....
DEBUG:root:This is the line: drive:14.857:-99.781

DEBUG:root:We got command: drive
DEBUG:root:We got a drive command: rawX:-99.781000 and rawY:14.857000
DEBUG:root:Forward to the Left/Straight
DEBUG:root:Left=-114.638000 Right=14.857000
DEBUG:root:ScaledLeft: 117.064500 ScaledRight: 408.428250
INFO:root:Looping....
DEBUG:root:This is the line: drive:14.857:-99.781

DEBUG:root:We got command: drive
DEBUG:root:We got a drive command: rawX:-99.781000 and rawY:14.857000
DEBUG:root:Forward to the Left/Straight
DEBUG:root:Left=-114.638000 Right=14.857000
DEBUG:root:ScaledLeft: 117.064500 ScaledRight: 408.428250
INFO:root:Looping....
DEBUG:root:This is the line: drive:0:0

DEBUG:root:We got command: drive
DEBUG:root:We got a drive command: rawX:0.000000 and rawY:0.000000
DEBUG:root:Left=0.000000 Right=0.000000
DEBUG:root:ScaledLeft: 375.000000 ScaledRight: 375.000000
INFO:root:Looping....
DEBUG:root:This is the line: drive:14.857:-99.781

DEBUG:root:We got command: drive
DEBUG:root:We got a drive command: rawX:-99.781000 and rawY:14.857000
DEBUG:root:Forward to the Left/Straight
DEBUG:root:Left=-114.638000 Right=14.857000
DEBUG:root:ScaledLeft: 117.064500 ScaledRight: 408.428250
INFO:root:Looping....
DEBUG:root:This is the line: drive:16.286:-25.0

DEBUG:root:We got command: drive
DEBUG:root:We got a drive command: rawX:-25.000000 and rawY:16.286000
DEBUG:root:Forward to the Left/Straight
DEBUG:root:Left=-41.286000 Right=16.286000
DEBUG:root:ScaledLeft: 282.106500 ScaledRight: 411.643500
INFO:root:Looping....
DEBUG:root:This is the line: drive:16.286:-25.0

DEBUG:root:We got command: drive
DEBUG:root:We got a drive command: rawX:-25.000000 and rawY:16.286000
DEBUG:root:Forward to the Left/Straight
DEBUG:root:Left=-41.286000 Right=16.286000
DEBUG:root:ScaledLeft: 282.106500 ScaledRight: 411.643500
INFO:root:Looping....
DEBUG:root:This is the line: drive:41.571:-25.446

DEBUG:root:We got command: drive
DEBUG:root:We got a drive command: rawX:-25.446000 and rawY:41.571000
DEBUG:root:Forward to the Left/Straight
DEBUG:root:Left=-67.017000 Right=41.571000
DEBUG:root:ScaledLeft: 224.211750 ScaledRight: 468.534750
INFO:root:Looping....
DEBUG:root:This is the line: drive:51.21:-23.915

DEBUG:root:We got command: drive
DEBUG:root:We got a drive command: rawX:-23.915000 and rawY:51.210000
DEBUG:root:Forward to the Left/Straight
DEBUG:root:Left=-75.125000 Right=51.210000
DEBUG:root:ScaledLeft: 205.968750 ScaledRight: 490.222500
INFO:root:Looping....
DEBUG:root:This is the line: drive:64.436:-21.092

DEBUG:root:We got command: drive
DEBUG:root:We got a drive command: rawX:-21.092000 and rawY:64.436000
DEBUG:root:Forward to the Left/Straight
DEBUG:root:Left=-85.528000 Right=64.436000
DEBUG:root:ScaledLeft: 182.562000 ScaledRight: 519.981000
INFO:root:Looping....
DEBUG:root:This is the line: drive:71.263:-19.314

DEBUG:root:We got command: drive
DEBUG:root:We got a drive command: rawX:-19.314000 and rawY:71.263000
DEBUG:root:Forward to the Left/Straight
DEBUG:root:Left=-90.577000 Right=71.263000
DEBUG:root:ScaledLeft: 171.201750 ScaledRight: 535.341750
INFO:root:Looping....
DEBUG:root:This is the line: drive:77.916:-17.192

DEBUG:root:We got command: drive
DEBUG:root:We got a drive command: rawX:-17.192000 and rawY:77.916000
DEBUG:root:Forward to the Left/Straight
DEBUG:root:Left=-95.108000 Right=77.916000
DEBUG:root:ScaledLeft: 161.007000 ScaledRight: 550.311000
INFO:root:Looping....
DEBUG:root:This is the line: drive:81.809:-16.022

DEBUG:root:We got command: drive
DEBUG:root:We got a drive command: rawX:-16.022000 and rawY:81.809000
DEBUG:root:Forward to the Left/Straight
DEBUG:root:Left=-97.831000 Right=81.809000
DEBUG:root:ScaledLeft: 154.880250 ScaledRight: 559.070250
INFO:root:Looping....
DEBUG:root:This is the line: drive:85.909:-14.881

DEBUG:root:We got command: drive
DEBUG:root:We got a drive command: rawX:-14.881000 and rawY:85.909000
DEBUG:root:Forward to the Left/Straight
DEBUG:root:Left=-100.790000 Right=85.909000
DEBUG:root:ScaledLeft: 148.222500 ScaledRight: 568.295250
INFO:root:Looping....
DEBUG:root:This is the line: drive:91.178:-13.988

DEBUG:root:We got command: drive
DEBUG:root:We got a drive command: rawX:-13.988000 and rawY:91.178000
DEBUG:root:Forward to the Left/Straight
DEBUG:root:Left=-105.166000 Right=91.178000
DEBUG:root:ScaledLeft: 138.376500 ScaledRight: 580.150500
INFO:root:Looping....
DEBUG:root:This is the line: drive:93.474:-13.941

DEBUG:root:We got command: drive
DEBUG:root:We got a drive command: rawX:-13.941000 and rawY:93.474000
DEBUG:root:Forward to the Left/Straight
DEBUG:root:Left=-107.415000 Right=93.474000
DEBUG:root:ScaledLeft: 133.316250 ScaledRight: 585.316500
INFO:root:Looping....
DEBUG:root:This is the line: drive:95.452:-13.095

DEBUG:root:We got command: drive
DEBUG:root:We got a drive command: rawX:-13.095000 and rawY:95.452000
DEBUG:root:Forward to the Left/Straight
DEBUG:root:Left=-108.547000 Right=95.452000
DEBUG:root:ScaledLeft: 130.769250 ScaledRight: 589.767000
INFO:root:Looping....
DEBUG:root:This is the line: drive:97.133:-13.095

DEBUG:root:We got command: drive
DEBUG:root:We got a drive command: rawX:-13.095000 and rawY:97.133000
DEBUG:root:Forward to the Left/Straight
DEBUG:root:Left=-110.228000 Right=97.133000
DEBUG:root:ScaledLeft: 126.987000 ScaledRight: 593.549250
INFO:root:Looping....
DEBUG:root:This is the line: drive:99.138:-12.5

DEBUG:root:We got command: drive
DEBUG:root:We got a drive command: rawX:-12.500000 and rawY:99.138000
DEBUG:root:Forward to the Left/Straight
DEBUG:root:Left=-111.638000 Right=99.138000
DEBUG:root:ScaledLeft: 123.814500 ScaledRight: 598.060500
INFO:root:Looping....
DEBUG:root:This is the line: drive:99.795:-12.5

DEBUG:root:We got command: drive
DEBUG:root:We got a drive command: rawX:-12.500000 and rawY:99.795000
DEBUG:root:Forward to the Left/Straight
DEBUG:root:Left=-112.295000 Right=99.795000
DEBUG:root:ScaledLeft: 122.336250 ScaledRight: 599.538750
INFO:root:Looping....
DEBUG:root:This is the line: drive:99.795:-12.5

DEBUG:root:We got command: drive
DEBUG:root:We got a drive command: rawX:-12.500000 and rawY:99.795000
DEBUG:root:Forward to the Left/Straight
DEBUG:root:Left=-112.295000 Right=99.795000
DEBUG:root:ScaledLeft: 122.336250 ScaledRight: 599.538750
INFO:root:Looping....
DEBUG:root:This is the line: drive:99.795:-12.5

DEBUG:root:We got command: drive
DEBUG:root:We got a drive command: rawX:-12.500000 and rawY:99.795000
DEBUG:root:Forward to the Left/Straight
DEBUG:root:Left=-112.295000 Right=99.795000
DEBUG:root:ScaledLeft: 122.336250 ScaledRight: 599.538750
INFO:root:Looping....
DEBUG:root:This is the line: drive:99.795:-12.5

DEBUG:root:We got command: drive
DEBUG:root:We got a drive command: rawX:-12.500000 and rawY:99.795000
DEBUG:root:Forward to the Left/Straight
DEBUG:root:Left=-112.295000 Right=99.795000
DEBUG:root:ScaledLeft: 122.336250 ScaledRight: 599.538750
INFO:root:Looping....
DEBUG:root:This is the line: drive:99.795:-12.5

DEBUG:root:We got command: drive
DEBUG:root:We got a drive command: rawX:-12.500000 and rawY:99.795000
DEBUG:root:Forward to the Left/Straight
DEBUG:root:Left=-112.295000 Right=99.795000
DEBUG:root:ScaledLeft: 122.336250 ScaledRight: 599.538750
INFO:root:Looping....
DEBUG:root:This is the line: drive:99.795:-12.5

DEBUG:root:We got command: drive
DEBUG:root:We got a drive command: rawX:-12.500000 and rawY:99.795000
DEBUG:root:Forward to the Left/Straight
DEBUG:root:Left=-112.295000 Right=99.795000
DEBUG:root:ScaledLeft: 122.336250 ScaledRight: 599.538750
INFO:root:Looping....
DEBUG:root:This is the line: drive:99.795:-12.5

DEBUG:root:We got command: drive
DEBUG:root:We got a drive command: rawX:-12.500000 and rawY:99.795000
DEBUG:root:Forward to the Left/Straight
DEBUG:root:Left=-112.295000 Right=99.795000
DEBUG:root:ScaledLeft: 122.336250 ScaledRight: 599.538750
INFO:root:Looping....
DEBUG:root:This is the line: drive:99.795:-12.5

DEBUG:root:We got command: drive
DEBUG:root:We got a drive command: rawX:-12.500000 and rawY:99.795000
DEBUG:root:Forward to the Left/Straight
DEBUG:root:Left=-112.295000 Right=99.795000
DEBUG:root:ScaledLeft: 122.336250 ScaledRight: 599.538750
INFO:root:Looping....
DEBUG:root:This is the line: drive:99.795:-12.5

DEBUG:root:We got command: drive
DEBUG:root:We got a drive command: rawX:-12.500000 and rawY:99.795000
DEBUG:root:Forward to the Left/Straight
DEBUG:root:Left=-112.295000 Right=99.795000
DEBUG:root:ScaledLeft: 122.336250 ScaledRight: 599.538750
INFO:root:Looping....
DEBUG:root:This is the line: drive:99.795:-12.5

DEBUG:root:We got command: drive
DEBUG:root:We got a drive command: rawX:-12.500000 and rawY:99.795000
DEBUG:root:Forward to the Left/Straight
DEBUG:root:Left=-112.295000 Right=99.795000
DEBUG:root:ScaledLeft: 122.336250 ScaledRight: 599.538750
INFO:root:Looping....
DEBUG:root:This is the line: drive:99.795:-12.5

DEBUG:root:We got command: drive
DEBUG:root:We got a drive command: rawX:-12.500000 and rawY:99.795000
DEBUG:root:Forward to the Left/Straight
DEBUG:root:Left=-112.295000 Right=99.795000
DEBUG:root:ScaledLeft: 122.336250 ScaledRight: 599.538750
INFO:root:Looping....
DEBUG:root:This is the line: drive:99.795:-12.5

DEBUG:root:We got command: drive
DEBUG:root:We got a drive command: rawX:-12.500000 and rawY:99.795000
DEBUG:root:Forward to the Left/Straight
DEBUG:root:Left=-112.295000 Right=99.795000
DEBUG:root:ScaledLeft: 122.336250 ScaledRight: 599.538750
INFO:root:Looping....
DEBUG:root:This is the line: drive:99.795:-12.5

DEBUG:root:We got command: drive
DEBUG:root:We got a drive command: rawX:-12.500000 and rawY:99.795000
DEBUG:root:Forward to the Left/Straight
DEBUG:root:Left=-112.295000 Right=99.795000
DEBUG:root:ScaledLeft: 122.336250 ScaledRight: 599.538750
INFO:root:Looping....
DEBUG:root:This is the line: drive:99.795:-12.5

DEBUG:root:We got command: drive
DEBUG:root:We got a drive command: rawX:-12.500000 and rawY:99.795000
DEBUG:root:Forward to the Left/Straight
DEBUG:root:Left=-112.295000 Right=99.795000
DEBUG:root:ScaledLeft: 122.336250 ScaledRight: 599.538750
INFO:root:Looping....
DEBUG:root:This is the line: drive:99.795:-12.5

DEBUG:root:We got command: drive
DEBUG:root:We got a drive command: rawX:-12.500000 and rawY:99.795000
DEBUG:root:Forward to the Left/Straight
DEBUG:root:Left=-112.295000 Right=99.795000
DEBUG:root:ScaledLeft: 122.336250 ScaledRight: 599.538750
INFO:root:Looping....
DEBUG:root:This is the line: drive:99.795:-12.5

DEBUG:root:We got command: drive
DEBUG:root:We got a drive command: rawX:-12.500000 and rawY:99.795000
DEBUG:root:Forward to the Left/Straight
DEBUG:root:Left=-112.295000 Right=99.795000
DEBUG:root:ScaledLeft: 122.336250 ScaledRight: 599.538750
INFO:root:Looping....
DEBUG:root:This is the line: drive:99.795:-12.5

DEBUG:root:We got command: drive
DEBUG:root:We got a drive command: rawX:-12.500000 and rawY:99.795000
DEBUG:root:Forward to the Left/Straight
DEBUG:root:Left=-112.295000 Right=99.795000
DEBUG:root:ScaledLeft: 122.336250 ScaledRight: 599.538750
INFO:root:Looping....
DEBUG:root:This is the line: drive:99.795:-12.5

DEBUG:root:We got command: drive
DEBUG:root:We got a drive command: rawX:-12.500000 and rawY:99.795000
DEBUG:root:Forward to the Left/Straight
DEBUG:root:Left=-112.295000 Right=99.795000
DEBUG:root:ScaledLeft: 122.336250 ScaledRight: 599.538750
INFO:root:Looping....
DEBUG:root:This is the line: drive:99.795:-12.5

DEBUG:root:We got command: drive
DEBUG:root:We got a drive command: rawX:-12.500000 and rawY:99.795000
DEBUG:root:Forward to the Left/Straight
DEBUG:root:Left=-112.295000 Right=99.795000
DEBUG:root:ScaledLeft: 122.336250 ScaledRight: 599.538750
INFO:root:Looping....
DEBUG:root:This is the line: drive:99.795:-12.5

DEBUG:root:We got command: drive
DEBUG:root:We got a drive command: rawX:-12.500000 and rawY:99.795000
DEBUG:root:Forward to the Left/Straight
DEBUG:root:Left=-112.295000 Right=99.795000
DEBUG:root:ScaledLeft: 122.336250 ScaledRight: 599.538750
INFO:root:Looping....
DEBUG:root:This is the line: drive:99.795:-12.5

DEBUG:root:We got command: drive
DEBUG:root:We got a drive command: rawX:-12.500000 and rawY:99.795000
DEBUG:root:Forward to the Left/Straight
DEBUG:root:Left=-112.295000 Right=99.795000
DEBUG:root:ScaledLeft: 122.336250 ScaledRight: 599.538750
INFO:root:Looping....
DEBUG:root:This is the line: drive:99.795:-12.5

DEBUG:root:We got command: drive
DEBUG:root:We got a drive command: rawX:-12.500000 and rawY:99.795000
DEBUG:root:Forward to the Left/Straight
DEBUG:root:Left=-112.295000 Right=99.795000
DEBUG:root:ScaledLeft: 122.336250 ScaledRight: 599.538750
INFO:root:Looping....
DEBUG:root:This is the line: drive:99.795:-12.5

DEBUG:root:We got command: drive
DEBUG:root:We got a drive command: rawX:-12.500000 and rawY:99.795000
DEBUG:root:Forward to the Left/Straight
DEBUG:root:Left=-112.295000 Right=99.795000
DEBUG:root:ScaledLeft: 122.336250 ScaledRight: 599.538750
INFO:root:Looping....
DEBUG:root:This is the line: drive:99.795:-12.5

DEBUG:root:We got command: drive
DEBUG:root:We got a drive command: rawX:-12.500000 and rawY:99.795000
DEBUG:root:Forward to the Left/Straight
DEBUG:root:Left=-112.295000 Right=99.795000
DEBUG:root:ScaledLeft: 122.336250 ScaledRight: 599.538750
INFO:root:Looping....
DEBUG:root:This is the line: drive:99.795:-12.5

DEBUG:root:We got command: drive
DEBUG:root:We got a drive command: rawX:-12.500000 and rawY:99.795000
DEBUG:root:Forward to the Left/Straight
DEBUG:root:Left=-112.295000 Right=99.795000
DEBUG:root:ScaledLeft: 122.336250 ScaledRight: 599.538750
INFO:root:Looping....
DEBUG:root:This is the line: drive:99.795:-12.5

DEBUG:root:We got command: drive
DEBUG:root:We got a drive command: rawX:-12.500000 and rawY:99.795000
DEBUG:root:Forward to the Left/Straight
DEBUG:root:Left=-112.295000 Right=99.795000
DEBUG:root:ScaledLeft: 122.336250 ScaledRight: 599.538750
INFO:root:Looping....
DEBUG:root:This is the line: drive:99.795:-12.5

DEBUG:root:We got command: drive
DEBUG:root:We got a drive command: rawX:-12.500000 and rawY:99.795000
DEBUG:root:Forward to the Left/Straight
DEBUG:root:Left=-112.295000 Right=99.795000
DEBUG:root:ScaledLeft: 122.336250 ScaledRight: 599.538750
INFO:root:Looping....
DEBUG:root:This is the line: drive:99.795:-12.5

DEBUG:root:We got command: drive
DEBUG:root:We got a drive command: rawX:-12.500000 and rawY:99.795000
DEBUG:root:Forward to the Left/Straight
DEBUG:root:Left=-112.295000 Right=99.795000
DEBUG:root:ScaledLeft: 122.336250 ScaledRight: 599.538750
INFO:root:Looping....
DEBUG:root:This is the line: drive:99.795:-12.5

DEBUG:root:We got command: drive
DEBUG:root:We got a drive command: rawX:-12.500000 and rawY:99.795000
DEBUG:root:Forward to the Left/Straight
DEBUG:root:Left=-112.295000 Right=99.795000
DEBUG:root:ScaledLeft: 122.336250 ScaledRight: 599.538750
INFO:root:Looping....
DEBUG:root:This is the line: drive:99.795:-12.5

DEBUG:root:We got command: drive
DEBUG:root:We got a drive command: rawX:-12.500000 and rawY:99.795000
DEBUG:root:Forward to the Left/Straight
DEBUG:root:Left=-112.295000 Right=99.795000
DEBUG:root:ScaledLeft: 122.336250 ScaledRight: 599.538750
INFO:root:Looping....
DEBUG:root:This is the line: drive:99.795:-12.5

DEBUG:root:We got command: drive
DEBUG:root:We got a drive command: rawX:-12.500000 and rawY:99.795000
DEBUG:root:Forward to the Left/Straight
DEBUG:root:Left=-112.295000 Right=99.795000
DEBUG:root:ScaledLeft: 122.336250 ScaledRight: 599.538750
INFO:root:Looping....
DEBUG:root:This is the line: drive:99.795:-12.5

DEBUG:root:We got command: drive
DEBUG:root:We got a drive command: rawX:-12.500000 and rawY:99.795000
DEBUG:root:Forward to the Left/Straight
DEBUG:root:Left=-112.295000 Right=99.795000
DEBUG:root:ScaledLeft: 122.336250 ScaledRight: 599.538750
INFO:root:Looping....
DEBUG:root:This is the line: drive:99.795:-12.5

DEBUG:root:We got command: drive
DEBUG:root:We got a drive command: rawX:-12.500000 and rawY:99.795000
DEBUG:root:Forward to the Left/Straight
DEBUG:root:Left=-112.295000 Right=99.795000
DEBUG:root:ScaledLeft: 122.336250 ScaledRight: 599.538750
INFO:root:Looping....
DEBUG:root:This is the line: drive:99.795:-12.5

DEBUG:root:We got command: drive
DEBUG:root:We got a drive command: rawX:-12.500000 and rawY:99.795000
DEBUG:root:Forward to the Left/Straight
DEBUG:root:Left=-112.295000 Right=99.795000
DEBUG:root:ScaledLeft: 122.336250 ScaledRight: 599.538750
INFO:root:Looping....
DEBUG:root:This is the line: drive:99.795:-12.5

DEBUG:root:We got command: drive
DEBUG:root:We got a drive command: rawX:-12.500000 and rawY:99.795000
DEBUG:root:Forward to the Left/Straight
DEBUG:root:Left=-112.295000 Right=99.795000
DEBUG:root:ScaledLeft: 122.336250 ScaledRight: 599.538750
INFO:root:Looping....
DEBUG:root:This is the line: drive:99.795:-12.5

DEBUG:root:We got command: drive
DEBUG:root:We got a drive command: rawX:-12.500000 and rawY:99.795000
DEBUG:root:Forward to the Left/Straight
DEBUG:root:Left=-112.295000 Right=99.795000
DEBUG:root:ScaledLeft: 122.336250 ScaledRight: 599.538750
INFO:root:Looping....
DEBUG:root:This is the line: drive:99.795:-12.5

DEBUG:root:We got command: drive
DEBUG:root:We got a drive command: rawX:-12.500000 and rawY:99.795000
DEBUG:root:Forward to the Left/Straight
DEBUG:root:Left=-112.295000 Right=99.795000
DEBUG:root:ScaledLeft: 122.336250 ScaledRight: 599.538750
INFO:root:Looping....
DEBUG:root:This is the line: drive:99.795:-12.5

DEBUG:root:We got command: drive
DEBUG:root:We got a drive command: rawX:-12.500000 and rawY:99.795000
DEBUG:root:Forward to the Left/Straight
DEBUG:root:Left=-112.295000 Right=99.795000
DEBUG:root:ScaledLeft: 122.336250 ScaledRight: 599.538750
INFO:root:Looping....
DEBUG:root:This is the line: drive:99.795:-12.5

DEBUG:root:We got command: drive
DEBUG:root:We got a drive command: rawX:-12.500000 and rawY:99.795000
DEBUG:root:Forward to the Left/Straight
DEBUG:root:Left=-112.295000 Right=99.795000
DEBUG:root:ScaledLeft: 122.336250 ScaledRight: 599.538750
INFO:root:Looping....
DEBUG:root:This is the line: drive:99.795:-12.5

DEBUG:root:We got command: drive
DEBUG:root:We got a drive command: rawX:-12.500000 and rawY:99.795000
DEBUG:root:Forward to the Left/Straight
DEBUG:root:Left=-112.295000 Right=99.795000
DEBUG:root:ScaledLeft: 122.336250 ScaledRight: 599.538750
INFO:root:Looping....
DEBUG:root:This is the line: drive:99.795:-12.5

DEBUG:root:We got command: drive
DEBUG:root:We got a drive command: rawX:-12.500000 and rawY:99.795000
DEBUG:root:Forward to the Left/Straight
DEBUG:root:Left=-112.295000 Right=99.795000
DEBUG:root:ScaledLeft: 122.336250 ScaledRight: 599.538750
INFO:root:Looping....
DEBUG:root:This is the line: drive:99.795:-12.5

DEBUG:root:We got command: drive
DEBUG:root:We got a drive command: rawX:-12.500000 and rawY:99.795000
DEBUG:root:Forward to the Left/Straight
DEBUG:root:Left=-112.295000 Right=99.795000
DEBUG:root:ScaledLeft: 122.336250 ScaledRight: 599.538750
INFO:root:Looping....
DEBUG:root:This is the line: drive:99.795:-12.5

DEBUG:root:We got command: drive
DEBUG:root:We got a drive command: rawX:-12.500000 and rawY:99.795000
DEBUG:root:Forward to the Left/Straight
DEBUG:root:Left=-112.295000 Right=99.795000
DEBUG:root:ScaledLeft: 122.336250 ScaledRight: 599.538750
INFO:root:Looping....
DEBUG:root:This is the line: drive:99.795:-12.5

DEBUG:root:We got command: drive
DEBUG:root:We got a drive command: rawX:-12.500000 and rawY:99.795000
DEBUG:root:Forward to the Left/Straight
DEBUG:root:Left=-112.295000 Right=99.795000
DEBUG:root:ScaledLeft: 122.336250 ScaledRight: 599.538750
INFO:root:Looping....
DEBUG:root:This is the line: drive:99.795:-12.5

DEBUG:root:We got command: drive
DEBUG:root:We got a drive command: rawX:-12.500000 and rawY:99.795000
DEBUG:root:Forward to the Left/Straight
DEBUG:root:Left=-112.295000 Right=99.795000
DEBUG:root:ScaledLeft: 122.336250 ScaledRight: 599.538750
INFO:root:Looping....
DEBUG:root:This is the line: drive:99.795:-12.5

DEBUG:root:We got command: drive
DEBUG:root:We got a drive command: rawX:-12.500000 and rawY:99.795000
DEBUG:root:Forward to the Left/Straight
DEBUG:root:Left=-112.295000 Right=99.795000
DEBUG:root:ScaledLeft: 122.336250 ScaledRight: 599.538750
INFO:root:Looping....
DEBUG:root:This is the line: drive:99.795:-12.5

DEBUG:root:We got command: drive
DEBUG:root:We got a drive command: rawX:-12.500000 and rawY:99.795000
DEBUG:root:Forward to the Left/Straight
DEBUG:root:Left=-112.295000 Right=99.795000
DEBUG:root:ScaledLeft: 122.336250 ScaledRight: 599.538750
INFO:root:Looping....
DEBUG:root:This is the line: drive:99.795:-12.5

DEBUG:root:We got command: drive
DEBUG:root:We got a drive command: rawX:-12.500000 and rawY:99.795000
DEBUG:root:Forward to the Left/Straight
DEBUG:root:Left=-112.295000 Right=99.795000
DEBUG:root:ScaledLeft: 122.336250 ScaledRight: 599.538750
INFO:root:Looping....
DEBUG:root:This is the line: drive:89.755:3.11

DEBUG:root:We got command: drive
DEBUG:root:We got a drive command: rawX:3.110000 and rawY:89.755000
DEBUG:root:Forward to the Right
DEBUG:root:Left=-89.755000 Right=86.645000
DEBUG:root:ScaledLeft: 173.051250 ScaledRight: 569.951250
INFO:root:Looping....
DEBUG:root:This is the line: drive:75.818:2.381

DEBUG:root:We got command: drive
DEBUG:root:We got a drive command: rawX:2.381000 and rawY:75.818000
DEBUG:root:Forward to the Right
DEBUG:root:Left=-75.818000 Right=73.437000
DEBUG:root:ScaledLeft: 204.409500 ScaledRight: 540.233250
INFO:root:Looping....
DEBUG:root:This is the line: drive:70.483:2.381

DEBUG:root:We got command: drive
DEBUG:root:We got a drive command: rawX:2.381000 and rawY:70.483000
DEBUG:root:Forward to the Right
DEBUG:root:Left=-70.483000 Right=68.102000
DEBUG:root:ScaledLeft: 216.413250 ScaledRight: 528.229500
INFO:root:Looping....
DEBUG:root:This is the line: drive:0:0

DEBUG:root:We got command: drive
DEBUG:root:We got a drive command: rawX:0.000000 and rawY:0.000000
DEBUG:root:Left=0.000000 Right=0.000000
DEBUG:root:ScaledLeft: 375.000000 ScaledRight: 375.000000
INFO:root:Looping....
DEBUG:root:This is the line: drive:65.429:2.381

DEBUG:root:We got command: drive
DEBUG:root:We got a drive command: rawX:2.381000 and rawY:65.429000
DEBUG:root:Forward to the Right
DEBUG:root:Left=-65.429000 Right=63.048000
DEBUG:root:ScaledLeft: 227.784750 ScaledRight: 516.858000
INFO:root:Looping....
DEBUG:root:This is the line: drive:43.714:5.655

DEBUG:root:We got command: drive
DEBUG:root:We got a drive command: rawX:5.655000 and rawY:43.714000
DEBUG:root:Forward to the Right
DEBUG:root:Left=-43.714000 Right=38.059000
DEBUG:root:ScaledLeft: 276.643500 ScaledRight: 460.632750
INFO:root:Looping....
DEBUG:root:This is the line: drive:51.316:4.494

DEBUG:root:We got command: drive
DEBUG:root:We got a drive command: rawX:4.494000 and rawY:51.316000
DEBUG:root:Forward to the Right
DEBUG:root:Left=-51.316000 Right=46.822000
DEBUG:root:ScaledLeft: 259.539000 ScaledRight: 480.349500
INFO:root:Looping....
DEBUG:root:This is the line: drive:58.983:4.464

DEBUG:root:We got command: drive
DEBUG:root:We got a drive command: rawX:4.464000 and rawY:58.983000
DEBUG:root:Forward to the Right
DEBUG:root:Left=-58.983000 Right=54.519000
DEBUG:root:ScaledLeft: 242.288250 ScaledRight: 497.667750
INFO:root:Looping....
DEBUG:root:This is the line: drive:62.854:4.464

DEBUG:root:We got command: drive
DEBUG:root:We got a drive command: rawX:4.464000 and rawY:62.854000
DEBUG:root:Forward to the Right
DEBUG:root:Left=-62.854000 Right=58.390000
DEBUG:root:ScaledLeft: 233.578500 ScaledRight: 506.377500
INFO:root:Looping....
DEBUG:root:This is the line: drive:69.383:4.464

DEBUG:root:We got command: drive
DEBUG:root:We got a drive command: rawX:4.464000 and rawY:69.383000
DEBUG:root:Forward to the Right
DEBUG:root:Left=-69.383000 Right=64.919000
DEBUG:root:ScaledLeft: 218.888250 ScaledRight: 521.067750
INFO:root:Looping....
DEBUG:root:This is the line: drive:72.157:4.464

DEBUG:root:We got command: drive
DEBUG:root:We got a drive command: rawX:4.464000 and rawY:72.157000
DEBUG:root:Forward to the Right
DEBUG:root:Left=-72.157000 Right=67.693000
DEBUG:root:ScaledLeft: 212.646750 ScaledRight: 527.309250
INFO:root:Looping....
DEBUG:root:This is the line: drive:74.223:4.464

DEBUG:root:We got command: drive
DEBUG:root:We got a drive command: rawX:4.464000 and rawY:74.223000
DEBUG:root:Forward to the Right
DEBUG:root:Left=-74.223000 Right=69.759000
DEBUG:root:ScaledLeft: 207.998250 ScaledRight: 531.957750
INFO:root:Looping....
DEBUG:root:This is the line: drive:76.304:4.464

DEBUG:root:We got command: drive
DEBUG:root:We got a drive command: rawX:4.464000 and rawY:76.304000
DEBUG:root:Forward to the Right
DEBUG:root:Left=-76.304000 Right=71.840000
DEBUG:root:ScaledLeft: 203.316000 ScaledRight: 536.640000
INFO:root:Looping....
DEBUG:root:This is the line: drive:77.857:4.464

DEBUG:root:We got command: drive
DEBUG:root:We got a drive command: rawX:4.464000 and rawY:77.857000
DEBUG:root:Forward to the Right
DEBUG:root:Left=-77.857000 Right=73.393000
DEBUG:root:ScaledLeft: 199.821750 ScaledRight: 540.134250
INFO:root:Looping....
DEBUG:root:This is the line: drive:77.857:4.464

DEBUG:root:We got command: drive
DEBUG:root:We got a drive command: rawX:4.464000 and rawY:77.857000
DEBUG:root:Forward to the Right
DEBUG:root:Left=-77.857000 Right=73.393000
DEBUG:root:ScaledLeft: 199.821750 ScaledRight: 540.134250
INFO:root:Looping....
DEBUG:root:This is the line: drive:77.714:5.11

DEBUG:root:We got command: drive
DEBUG:root:We got a drive command: rawX:5.110000 and rawY:77.714000
DEBUG:root:Forward to the Right
DEBUG:root:Left=-77.714000 Right=72.604000
DEBUG:root:ScaledLeft: 200.143500 ScaledRight: 538.359000
INFO:root:Looping....
DEBUG:root:This is the line: drive:77.714:7.585

DEBUG:root:We got command: drive
DEBUG:root:We got a drive command: rawX:7.585000 and rawY:77.714000
DEBUG:root:Forward to the Right
DEBUG:root:Left=-77.714000 Right=70.129000
DEBUG:root:ScaledLeft: 200.143500 ScaledRight: 532.790250
INFO:root:Looping....
DEBUG:root:This is the line: drive:77.714:8.482

DEBUG:root:We got command: drive
DEBUG:root:We got a drive command: rawX:8.482000 and rawY:77.714000
DEBUG:root:Forward to the Right
DEBUG:root:Left=-77.714000 Right=69.232000
DEBUG:root:ScaledLeft: 200.143500 ScaledRight: 530.772000
INFO:root:Looping....
DEBUG:root:This is the line: drive:77.714:9.861

DEBUG:root:We got command: drive
DEBUG:root:We got a drive command: rawX:9.861000 and rawY:77.714000
DEBUG:root:Forward to the Right
DEBUG:root:Left=-77.714000 Right=67.853000
DEBUG:root:ScaledLeft: 200.143500 ScaledRight: 527.669250
INFO:root:Looping....
DEBUG:root:This is the line: drive:77.714:11.458

DEBUG:root:We got command: drive
DEBUG:root:We got a drive command: rawX:11.458000 and rawY:77.714000
DEBUG:root:Forward to the Right
DEBUG:root:Left=-77.714000 Right=66.256000
DEBUG:root:ScaledLeft: 200.143500 ScaledRight: 524.076000
INFO:root:Looping....
DEBUG:root:This is the line: drive:77.714:11.458

DEBUG:root:We got command: drive
DEBUG:root:We got a drive command: rawX:11.458000 and rawY:77.714000
DEBUG:root:Forward to the Right
DEBUG:root:Left=-77.714000 Right=66.256000
DEBUG:root:ScaledLeft: 200.143500 ScaledRight: 524.076000
INFO:root:Looping....
DEBUG:root:This is the line: drive:77.714:11.458

DEBUG:root:We got command: drive
DEBUG:root:We got a drive command: rawX:11.458000 and rawY:77.714000
DEBUG:root:Forward to the Right
DEBUG:root:Left=-77.714000 Right=66.256000
DEBUG:root:ScaledLeft: 200.143500 ScaledRight: 524.076000
INFO:root:Looping....
DEBUG:root:This is the line: drive:77.714:9.621

DEBUG:root:We got command: drive
DEBUG:root:We got a drive command: rawX:9.621000 and rawY:77.714000
DEBUG:root:Forward to the Right
DEBUG:root:Left=-77.714000 Right=68.093000
DEBUG:root:ScaledLeft: 200.143500 ScaledRight: 528.209250
INFO:root:Looping....
DEBUG:root:This is the line: drive:78.571:7.47

DEBUG:root:We got command: drive
DEBUG:root:We got a drive command: rawX:7.470000 and rawY:78.571000
DEBUG:root:Forward to the Right
DEBUG:root:Left=-78.571000 Right=71.101000
DEBUG:root:ScaledLeft: 198.215250 ScaledRight: 534.977250
INFO:root:Looping....
DEBUG:root:This is the line: drive:78.857:5.506

DEBUG:root:We got command: drive
DEBUG:root:We got a drive command: rawX:5.506000 and rawY:78.857000
DEBUG:root:Forward to the Right
DEBUG:root:Left=-78.857000 Right=73.351000
DEBUG:root:ScaledLeft: 197.571750 ScaledRight: 540.039750
INFO:root:Looping....
DEBUG:root:This is the line: drive:79.426:3.574

DEBUG:root:We got command: drive
DEBUG:root:We got a drive command: rawX:3.574000 and rawY:79.426000
DEBUG:root:Forward to the Right
DEBUG:root:Left=-79.426000 Right=75.852000
DEBUG:root:ScaledLeft: 196.291500 ScaledRight: 545.667000
INFO:root:Looping....
DEBUG:root:This is the line: drive:79.429:2.591

DEBUG:root:We got command: drive
DEBUG:root:We got a drive command: rawX:2.591000 and rawY:79.429000
DEBUG:root:Forward to the Right
DEBUG:root:Left=-79.429000 Right=76.838000
DEBUG:root:ScaledLeft: 196.284750 ScaledRight: 547.885500
INFO:root:Looping....
DEBUG:root:This is the line: drive:80.014:2.083

DEBUG:root:We got command: drive
DEBUG:root:We got a drive command: rawX:2.083000 and rawY:80.014000
DEBUG:root:Forward to the Right
DEBUG:root:Left=-80.014000 Right=77.931000
DEBUG:root:ScaledLeft: 194.968500 ScaledRight: 550.344750
INFO:root:Looping....
DEBUG:root:This is the line: drive:80.0:1.75

DEBUG:root:We got command: drive
DEBUG:root:We got a drive command: rawX:1.750000 and rawY:80.000000
DEBUG:root:Forward to the Right
DEBUG:root:Left=-80.000000 Right=78.250000
DEBUG:root:ScaledLeft: 195.000000 ScaledRight: 551.062500
INFO:root:Looping....
DEBUG:root:This is the line: drive:74.243:0.956

DEBUG:root:We got command: drive
DEBUG:root:We got a drive command: rawX:0.956000 and rawY:74.243000
DEBUG:root:Forward to the Right
DEBUG:root:Left=-74.243000 Right=73.287000
DEBUG:root:ScaledLeft: 207.953250 ScaledRight: 539.895750
INFO:root:Looping....
DEBUG:root:This is the line: drive:66.143:0.702

DEBUG:root:We got command: drive
DEBUG:root:We got a drive command: rawX:0.702000 and rawY:66.143000
DEBUG:root:Forward to the Right
DEBUG:root:Left=-66.143000 Right=65.441000
DEBUG:root:ScaledLeft: 226.178250 ScaledRight: 522.242250
INFO:root:Looping....
DEBUG:root:This is the line: drive:39.575:0.298

DEBUG:root:We got command: drive
DEBUG:root:We got a drive command: rawX:0.298000 and rawY:39.575000
DEBUG:root:Forward to the Right
DEBUG:root:Left=-39.575000 Right=39.277000
DEBUG:root:ScaledLeft: 285.956250 ScaledRight: 463.373250
INFO:root:Looping....
DEBUG:root:This is the line: drive:17.593:0.298

DEBUG:root:We got command: drive
DEBUG:root:We got a drive command: rawX:0.298000 and rawY:17.593000
DEBUG:root:Forward to the Right
DEBUG:root:Left=-17.593000 Right=17.295000
DEBUG:root:ScaledLeft: 335.415750 ScaledRight: 413.913750
INFO:root:Looping....
DEBUG:root:This is the line: drive:-2.804:1.786

DEBUG:root:We got command: drive
DEBUG:root:We got a drive command: rawX:1.786000 and rawY:-2.804000
DEBUG:root:Reverse to the Right
DEBUG:root:Left=2.804000 Right=-4.590000
DEBUG:root:ScaledLeft: 381.309000 ScaledRight: 364.672500
INFO:root:Looping....
DEBUG:root:This is the line: drive:-13.436:2.978

DEBUG:root:We got command: drive
DEBUG:root:We got a drive command: rawX:2.978000 and rawY:-13.436000
DEBUG:root:Reverse to the Right
DEBUG:root:Left=13.436000 Right=-16.414000
DEBUG:root:ScaledLeft: 405.231000 ScaledRight: 338.068500
INFO:root:Looping....
DEBUG:root:This is the line: drive:-20.789:4.521

DEBUG:root:We got command: drive
DEBUG:root:We got a drive command: rawX:4.521000 and rawY:-20.789000
DEBUG:root:Reverse to the Right
DEBUG:root:Left=20.789000 Right=-25.310000
DEBUG:root:ScaledLeft: 421.775250 ScaledRight: 318.052500
INFO:root:Looping....
DEBUG:root:This is the line: drive:-28.823:6.139

DEBUG:root:We got command: drive
DEBUG:root:We got a drive command: rawX:6.139000 and rawY:-28.823000
DEBUG:root:Reverse to the Right
DEBUG:root:Left=28.823000 Right=-34.962000
DEBUG:root:ScaledLeft: 439.851750 ScaledRight: 296.335500
INFO:root:Looping....
DEBUG:root:This is the line: drive:-34.991:7.44

DEBUG:root:We got command: drive
DEBUG:root:We got a drive command: rawX:7.440000 and rawY:-34.991000
DEBUG:root:Reverse to the Right
DEBUG:root:Left=34.991000 Right=-42.431000
DEBUG:root:ScaledLeft: 453.729750 ScaledRight: 279.530250
INFO:root:Looping....
DEBUG:root:This is the line: drive:-40.913:8.631

DEBUG:root:We got command: drive
DEBUG:root:We got a drive command: rawX:8.631000 and rawY:-40.913000
DEBUG:root:Reverse to the Right
DEBUG:root:Left=40.913000 Right=-49.544000
DEBUG:root:ScaledLeft: 467.054250 ScaledRight: 263.526000
INFO:root:Looping....
DEBUG:root:This is the line: drive:-44.952:8.929

DEBUG:root:We got command: drive
DEBUG:root:We got a drive command: rawX:8.929000 and rawY:-44.952000
DEBUG:root:Reverse to the Right
DEBUG:root:Left=44.952000 Right=-53.881000
DEBUG:root:ScaledLeft: 476.142000 ScaledRight: 253.767750
INFO:root:Looping....
DEBUG:root:This is the line: drive:-49.613:9.524

DEBUG:root:We got command: drive
DEBUG:root:We got a drive command: rawX:9.524000 and rawY:-49.613000
DEBUG:root:Reverse to the Right
DEBUG:root:Left=49.613000 Right=-59.137000
DEBUG:root:ScaledLeft: 486.629250 ScaledRight: 241.941750
INFO:root:Looping....
DEBUG:root:This is the line: drive:-52.901:9.524

DEBUG:root:We got command: drive
DEBUG:root:We got a drive command: rawX:9.524000 and rawY:-52.901000
DEBUG:root:Reverse to the Right
DEBUG:root:Left=52.901000 Right=-62.425000
DEBUG:root:ScaledLeft: 494.027250 ScaledRight: 234.543750
INFO:root:Looping....
DEBUG:root:This is the line: drive:-54.562:9.524

DEBUG:root:We got command: drive
DEBUG:root:We got a drive command: rawX:9.524000 and rawY:-54.562000
DEBUG:root:Reverse to the Right
DEBUG:root:Left=54.562000 Right=-64.086000
DEBUG:root:ScaledLeft: 497.764500 ScaledRight: 230.806500
INFO:root:Looping....
DEBUG:root:This is the line: drive:-56.538:9.524

DEBUG:root:We got command: drive
DEBUG:root:We got a drive command: rawX:9.524000 and rawY:-56.538000
DEBUG:root:Reverse to the Right
DEBUG:root:Left=56.538000 Right=-66.062000
DEBUG:root:ScaledLeft: 502.210500 ScaledRight: 226.360500
INFO:root:Looping....
DEBUG:root:This is the line: drive:-58.429:9.524

DEBUG:root:We got command: drive
DEBUG:root:We got a drive command: rawX:9.524000 and rawY:-58.429000
DEBUG:root:Reverse to the Right
DEBUG:root:Left=58.429000 Right=-67.953000
DEBUG:root:ScaledLeft: 506.465250 ScaledRight: 222.105750
INFO:root:Looping....
DEBUG:root:This is the line: drive:-60.22:9.524

DEBUG:root:We got command: drive
DEBUG:root:We got a drive command: rawX:9.524000 and rawY:-60.220000
DEBUG:root:Reverse to the Right
DEBUG:root:Left=60.220000 Right=-69.744000
DEBUG:root:ScaledLeft: 510.495000 ScaledRight: 218.076000
INFO:root:Looping....
DEBUG:root:This is the line: drive:-61.567:9.524

DEBUG:root:We got command: drive
DEBUG:root:We got a drive command: rawX:9.524000 and rawY:-61.567000
DEBUG:root:Reverse to the Right
DEBUG:root:Left=61.567000 Right=-71.091000
DEBUG:root:ScaledLeft: 513.525750 ScaledRight: 215.045250
INFO:root:Looping....
DEBUG:root:This is the line: drive:-62.079:9.524

DEBUG:root:We got command: drive
DEBUG:root:We got a drive command: rawX:9.524000 and rawY:-62.079000
DEBUG:root:Reverse to the Right
DEBUG:root:Left=62.079000 Right=-71.603000
DEBUG:root:ScaledLeft: 514.677750 ScaledRight: 213.893250
INFO:root:Looping....
DEBUG:root:This is the line: drive:-62.629:9.524

DEBUG:root:We got command: drive
DEBUG:root:We got a drive command: rawX:9.524000 and rawY:-62.629000
DEBUG:root:Reverse to the Right
DEBUG:root:Left=62.629000 Right=-72.153000
DEBUG:root:ScaledLeft: 515.915250 ScaledRight: 212.655750
INFO:root:Looping....
DEBUG:root:This is the line: drive:-62.941:9.524

DEBUG:root:We got command: drive
DEBUG:root:We got a drive command: rawX:9.524000 and rawY:-62.941000
DEBUG:root:Reverse to the Right
DEBUG:root:Left=62.941000 Right=-72.465000
DEBUG:root:ScaledLeft: 516.617250 ScaledRight: 211.953750
INFO:root:Looping....
DEBUG:root:This is the line: drive:-63.807:9.524

DEBUG:root:We got command: drive
DEBUG:root:We got a drive command: rawX:9.524000 and rawY:-63.807000
DEBUG:root:Reverse to the Right
DEBUG:root:Left=63.807000 Right=-73.331000
DEBUG:root:ScaledLeft: 518.565750 ScaledRight: 210.005250
INFO:root:Looping....
DEBUG:root:This is the line: drive:-64.303:9.524

DEBUG:root:We got command: drive
DEBUG:root:We got a drive command: rawX:9.524000 and rawY:-64.303000
DEBUG:root:Reverse to the Right
DEBUG:root:Left=64.303000 Right=-73.827000
DEBUG:root:ScaledLeft: 519.681750 ScaledRight: 208.889250
INFO:root:Looping....
DEBUG:root:This is the line: drive:-64.832:9.524

DEBUG:root:We got command: drive
DEBUG:root:We got a drive command: rawX:9.524000 and rawY:-64.832000
DEBUG:root:Reverse to the Right
DEBUG:root:Left=64.832000 Right=-74.356000
DEBUG:root:ScaledLeft: 520.872000 ScaledRight: 207.699000
INFO:root:Looping....
DEBUG:root:This is the line: drive:-65.199:9.524

DEBUG:root:We got command: drive
DEBUG:root:We got a drive command: rawX:9.524000 and rawY:-65.199000
DEBUG:root:Reverse to the Right
DEBUG:root:Left=65.199000 Right=-74.723000
DEBUG:root:ScaledLeft: 521.697750 ScaledRight: 206.873250
INFO:root:Looping....
DEBUG:root:This is the line: drive:-65.199:9.524

DEBUG:root:We got command: drive
DEBUG:root:We got a drive command: rawX:9.524000 and rawY:-65.199000
DEBUG:root:Reverse to the Right
DEBUG:root:Left=65.199000 Right=-74.723000
DEBUG:root:ScaledLeft: 521.697750 ScaledRight: 206.873250
INFO:root:Looping....
DEBUG:root:This is the line: drive:-65.452:9.524

DEBUG:root:We got command: drive
DEBUG:root:We got a drive command: rawX:9.524000 and rawY:-65.452000
DEBUG:root:Reverse to the Right
DEBUG:root:Left=65.452000 Right=-74.976000
DEBUG:root:ScaledLeft: 522.267000 ScaledRight: 206.304000
INFO:root:Looping....
DEBUG:root:This is the line: drive:-65.452:9.524

DEBUG:root:We got command: drive
DEBUG:root:We got a drive command: rawX:9.524000 and rawY:-65.452000
DEBUG:root:Reverse to the Right
DEBUG:root:Left=65.452000 Right=-74.976000
DEBUG:root:ScaledLeft: 522.267000 ScaledRight: 206.304000
INFO:root:Looping....
DEBUG:root:This is the line: drive:-65.738:9.524

DEBUG:root:We got command: drive
DEBUG:root:We got a drive command: rawX:9.524000 and rawY:-65.738000
DEBUG:root:Reverse to the Right
DEBUG:root:Left=65.738000 Right=-75.262000
DEBUG:root:ScaledLeft: 522.910500 ScaledRight: 205.660500
INFO:root:Looping....
DEBUG:root:This is the line: drive:-66.007:9.524

DEBUG:root:We got command: drive
DEBUG:root:We got a drive command: rawX:9.524000 and rawY:-66.007000
DEBUG:root:Reverse to the Right
DEBUG:root:Left=66.007000 Right=-75.531000
DEBUG:root:ScaledLeft: 523.515750 ScaledRight: 205.055250
INFO:root:Looping....
DEBUG:root:This is the line: drive:-66.319:9.524

DEBUG:root:We got command: drive
DEBUG:root:We got a drive command: rawX:9.524000 and rawY:-66.319000
DEBUG:root:Reverse to the Right
DEBUG:root:Left=66.319000 Right=-75.843000
DEBUG:root:ScaledLeft: 524.217750 ScaledRight: 204.353250
INFO:root:Looping....
DEBUG:root:This is the line: drive:-66.319:9.524

DEBUG:root:We got command: drive
DEBUG:root:We got a drive command: rawX:9.524000 and rawY:-66.319000
DEBUG:root:Reverse to the Right
DEBUG:root:Left=66.319000 Right=-75.843000
DEBUG:root:ScaledLeft: 524.217750 ScaledRight: 204.353250
INFO:root:Looping....
DEBUG:root:This is the line: drive:-66.589:9.524

DEBUG:root:We got command: drive
DEBUG:root:We got a drive command: rawX:9.524000 and rawY:-66.589000
DEBUG:root:Reverse to the Right
DEBUG:root:Left=66.589000 Right=-76.113000
DEBUG:root:ScaledLeft: 524.825250 ScaledRight: 203.745750
INFO:root:Looping....
DEBUG:root:This is the line: drive:-66.589:9.524

DEBUG:root:We got command: drive
DEBUG:root:We got a drive command: rawX:9.524000 and rawY:-66.589000
DEBUG:root:Reverse to the Right
DEBUG:root:Left=66.589000 Right=-76.113000
DEBUG:root:ScaledLeft: 524.825250 ScaledRight: 203.745750
INFO:root:Looping....
DEBUG:root:This is the line: drive:-66.881:9.524

DEBUG:root:We got command: drive
DEBUG:root:We got a drive command: rawX:9.524000 and rawY:-66.881000
DEBUG:root:Reverse to the Right
DEBUG:root:Left=66.881000 Right=-76.405000
DEBUG:root:ScaledLeft: 525.482250 ScaledRight: 203.088750
INFO:root:Looping....
DEBUG:root:This is the line: drive:-66.881:9.524

DEBUG:root:We got command: drive
DEBUG:root:We got a drive command: rawX:9.524000 and rawY:-66.881000
DEBUG:root:Reverse to the Right
DEBUG:root:Left=66.881000 Right=-76.405000
DEBUG:root:ScaledLeft: 525.482250 ScaledRight: 203.088750
INFO:root:Looping....
DEBUG:root:This is the line: drive:-66.857:9.192

DEBUG:root:We got command: drive
DEBUG:root:We got a drive command: rawX:9.192000 and rawY:-66.857000
DEBUG:root:Reverse to the Right
DEBUG:root:Left=66.857000 Right=-76.049000
DEBUG:root:ScaledLeft: 525.428250 ScaledRight: 203.889750
INFO:root:Looping....
DEBUG:root:This is the line: drive:-66.857:9.192

DEBUG:root:We got command: drive
DEBUG:root:We got a drive command: rawX:9.192000 and rawY:-66.857000
DEBUG:root:Reverse to the Right
DEBUG:root:Left=66.857000 Right=-76.049000
DEBUG:root:ScaledLeft: 525.428250 ScaledRight: 203.889750
INFO:root:Looping....
DEBUG:root:This is the line: drive:-67.148:9.226

DEBUG:root:We got command: drive
DEBUG:root:We got a drive command: rawX:9.226000 and rawY:-67.148000
DEBUG:root:Reverse to the Right
DEBUG:root:Left=67.148000 Right=-76.374000
DEBUG:root:ScaledLeft: 526.083000 ScaledRight: 203.158500
INFO:root:Looping....
DEBUG:root:This is the line: drive:-67.148:9.226

DEBUG:root:We got command: drive
DEBUG:root:We got a drive command: rawX:9.226000 and rawY:-67.148000
DEBUG:root:Reverse to the Right
DEBUG:root:Left=67.148000 Right=-76.374000
DEBUG:root:ScaledLeft: 526.083000 ScaledRight: 203.158500
INFO:root:Looping....
DEBUG:root:This is the line: drive:-67.143:8.57

DEBUG:root:We got command: drive
DEBUG:root:We got a drive command: rawX:8.570000 and rawY:-67.143000
DEBUG:root:Reverse to the Right
DEBUG:root:Left=67.143000 Right=-75.713000
DEBUG:root:ScaledLeft: 526.071750 ScaledRight: 204.645750
INFO:root:Looping....
DEBUG:root:This is the line: drive:-67.143:8.57

DEBUG:root:We got command: drive
DEBUG:root:We got a drive command: rawX:8.570000 and rawY:-67.143000
DEBUG:root:Reverse to the Right
DEBUG:root:Left=67.143000 Right=-75.713000
DEBUG:root:ScaledLeft: 526.071750 ScaledRight: 204.645750
INFO:root:Looping....
DEBUG:root:This is the line: drive:-67.143:7.949

DEBUG:root:We got command: drive
DEBUG:root:We got a drive command: rawX:7.949000 and rawY:-67.143000
DEBUG:root:Reverse to the Right
DEBUG:root:Left=67.143000 Right=-75.092000
DEBUG:root:ScaledLeft: 526.071750 ScaledRight: 206.043000
INFO:root:Looping....
DEBUG:root:This is the line: drive:-67.143:7.063

DEBUG:root:We got command: drive
DEBUG:root:We got a drive command: rawX:7.063000 and rawY:-67.143000
DEBUG:root:Reverse to the Right
DEBUG:root:Left=67.143000 Right=-74.206000
DEBUG:root:ScaledLeft: 526.071750 ScaledRight: 208.036500
INFO:root:Looping....
DEBUG:root:This is the line: drive:-67.143:5.071

DEBUG:root:We got command: drive
DEBUG:root:We got a drive command: rawX:5.071000 and rawY:-67.143000
DEBUG:root:Reverse to the Right
DEBUG:root:Left=67.143000 Right=-72.214000
DEBUG:root:ScaledLeft: 526.071750 ScaledRight: 212.518500
INFO:root:Looping....
DEBUG:root:This is the line: drive:-67.143:2.95

DEBUG:root:We got command: drive
DEBUG:root:We got a drive command: rawX:2.950000 and rawY:-67.143000
DEBUG:root:Reverse to the Right
DEBUG:root:Left=67.143000 Right=-70.093000
DEBUG:root:ScaledLeft: 526.071750 ScaledRight: 217.290750
INFO:root:Looping....
DEBUG:root:This is the line: drive:-67.143:0.881

DEBUG:root:We got command: drive
DEBUG:root:We got a drive command: rawX:0.881000 and rawY:-67.143000
DEBUG:root:Reverse to the Right
DEBUG:root:Left=67.143000 Right=-68.024000
DEBUG:root:ScaledLeft: 526.071750 ScaledRight: 221.946000
INFO:root:Looping....
DEBUG:root:This is the line: drive:-67.143:-3.393

DEBUG:root:We got command: drive
DEBUG:root:We got a drive command: rawX:-3.393000 and rawY:-67.143000
DEBUG:root:Reverse to the Left/Straight
DEBUG:root:Left=63.750000 Right=-67.143000
DEBUG:root:ScaledLeft: 518.437500 ScaledRight: 223.928250
INFO:root:Looping....
DEBUG:root:This is the line: drive:-67.143:-7.559

DEBUG:root:We got command: drive
DEBUG:root:We got a drive command: rawX:-7.559000 and rawY:-67.143000
DEBUG:root:Reverse to the Left/Straight
DEBUG:root:Left=59.584000 Right=-67.143000
DEBUG:root:ScaledLeft: 509.064000 ScaledRight: 223.928250
INFO:root:Looping....
DEBUG:root:This is the line: drive:-66.571:-10.98

DEBUG:root:We got command: drive
DEBUG:root:We got a drive command: rawX:-10.980000 and rawY:-66.571000
DEBUG:root:Reverse to the Left/Straight
DEBUG:root:Left=55.591000 Right=-66.571000
DEBUG:root:ScaledLeft: 500.079750 ScaledRight: 225.215250
INFO:root:Looping....
DEBUG:root:This is the line: drive:-66.0:-15.091

DEBUG:root:We got command: drive
DEBUG:root:We got a drive command: rawX:-15.091000 and rawY:-66.000000
DEBUG:root:Reverse to the Left/Straight
DEBUG:root:Left=50.909000 Right=-66.000000
DEBUG:root:ScaledLeft: 489.545250 ScaledRight: 226.500000
INFO:root:Looping....
DEBUG:root:This is the line: drive:-65.429:-18.644

DEBUG:root:We got command: drive
DEBUG:root:We got a drive command: rawX:-18.644000 and rawY:-65.429000
DEBUG:root:Reverse to the Left/Straight
DEBUG:root:Left=46.785000 Right=-65.429000
DEBUG:root:ScaledLeft: 480.266250 ScaledRight: 227.784750
INFO:root:Looping....
DEBUG:root:This is the line: drive:-65.143:-24.004

DEBUG:root:We got command: drive
DEBUG:root:We got a drive command: rawX:-24.004000 and rawY:-65.143000
DEBUG:root:Reverse to the Left/Straight
DEBUG:root:Left=41.139000 Right=-65.143000
DEBUG:root:ScaledLeft: 467.562750 ScaledRight: 228.428250
INFO:root:Looping....
DEBUG:root:This is the line: drive:-64.857:-28.113

DEBUG:root:We got command: drive
DEBUG:root:We got a drive command: rawX:-28.113000 and rawY:-64.857000
DEBUG:root:Reverse to the Left/Straight
DEBUG:root:Left=36.744000 Right=-64.857000
DEBUG:root:ScaledLeft: 457.674000 ScaledRight: 229.071750
INFO:root:Looping....
DEBUG:root:This is the line: drive:-64.286:-31.096

DEBUG:root:We got command: drive
DEBUG:root:We got a drive command: rawX:-31.096000 and rawY:-64.286000
DEBUG:root:Reverse to the Left/Straight
DEBUG:root:Left=33.190000 Right=-64.286000
DEBUG:root:ScaledLeft: 449.677500 ScaledRight: 230.356500
INFO:root:Looping....
DEBUG:root:This is the line: drive:-63.714:-33.148

DEBUG:root:We got command: drive
DEBUG:root:We got a drive command: rawX:-33.148000 and rawY:-63.714000
DEBUG:root:Reverse to the Left/Straight
DEBUG:root:Left=30.566000 Right=-63.714000
DEBUG:root:ScaledLeft: 443.773500 ScaledRight: 231.643500
INFO:root:Looping....
DEBUG:root:This is the line: drive:-63.143:-35.451

DEBUG:root:We got command: drive
DEBUG:root:We got a drive command: rawX:-35.451000 and rawY:-63.143000
DEBUG:root:Reverse to the Left/Straight
DEBUG:root:Left=27.692000 Right=-63.143000
DEBUG:root:ScaledLeft: 437.307000 ScaledRight: 232.928250
INFO:root:Looping....
DEBUG:root:This is the line: drive:-62.0:-38.408

DEBUG:root:We got command: drive
DEBUG:root:We got a drive command: rawX:-38.408000 and rawY:-62.000000
DEBUG:root:Reverse to the Left/Straight
DEBUG:root:Left=23.592000 Right=-62.000000
DEBUG:root:ScaledLeft: 428.082000 ScaledRight: 235.500000
INFO:root:Looping....
DEBUG:root:This is the line: drive:-60.881:-41.94

DEBUG:root:We got command: drive
DEBUG:root:We got a drive command: rawX:-41.940000 and rawY:-60.881000
DEBUG:root:Reverse to the Left/Straight
DEBUG:root:Left=18.941000 Right=-60.881000
DEBUG:root:ScaledLeft: 417.617250 ScaledRight: 238.017750
INFO:root:Looping....
DEBUG:root:This is the line: drive:-59.728:-44.628

DEBUG:root:We got command: drive
DEBUG:root:We got a drive command: rawX:-44.628000 and rawY:-59.728000
DEBUG:root:Reverse to the Left/Straight
DEBUG:root:Left=15.100000 Right=-59.728000
DEBUG:root:ScaledLeft: 408.975000 ScaledRight: 240.612000
INFO:root:Looping....
DEBUG:root:This is the line: drive:-59.143:-46.678

DEBUG:root:We got command: drive
DEBUG:root:We got a drive command: rawX:-46.678000 and rawY:-59.143000
DEBUG:root:Reverse to the Left/Straight
DEBUG:root:Left=12.465000 Right=-59.143000
DEBUG:root:ScaledLeft: 403.046250 ScaledRight: 241.928250
INFO:root:Looping....
DEBUG:root:This is the line: drive:-58.571:-48.383

DEBUG:root:We got command: drive
DEBUG:root:We got a drive command: rawX:-48.383000 and rawY:-58.571000
DEBUG:root:Reverse to the Left/Straight
DEBUG:root:Left=10.188000 Right=-58.571000
DEBUG:root:ScaledLeft: 397.923000 ScaledRight: 243.215250
INFO:root:Looping....
DEBUG:root:This is the line: drive:-57.714:-50.404

DEBUG:root:We got command: drive
DEBUG:root:We got a drive command: rawX:-50.404000 and rawY:-57.714000
DEBUG:root:Reverse to the Left/Straight
DEBUG:root:Left=7.310000 Right=-57.714000
DEBUG:root:ScaledLeft: 391.447500 ScaledRight: 245.143500
INFO:root:Looping....
DEBUG:root:This is the line: drive:-57.143:-52.45

DEBUG:root:We got command: drive
DEBUG:root:We got a drive command: rawX:-52.450000 and rawY:-57.143000
DEBUG:root:Reverse to the Left/Straight
DEBUG:root:Left=4.693000 Right=-57.143000
DEBUG:root:ScaledLeft: 385.559250 ScaledRight: 246.428250
INFO:root:Looping....
DEBUG:root:This is the line: drive:-56.571:-54.157

DEBUG:root:We got command: drive
DEBUG:root:We got a drive command: rawX:-54.157000 and rawY:-56.571000
DEBUG:root:Reverse to the Left/Straight
DEBUG:root:Left=2.414000 Right=-56.571000
DEBUG:root:ScaledLeft: 380.431500 ScaledRight: 247.715250
INFO:root:Looping....
DEBUG:root:This is the line: drive:-56.0:-56.882

DEBUG:root:We got command: drive
DEBUG:root:We got a drive command: rawX:-56.882000 and rawY:-56.000000
DEBUG:root:Reverse to the Left/Straight
DEBUG:root:Left=-0.882000 Right=-56.000000
DEBUG:root:ScaledLeft: 373.015500 ScaledRight: 249.000000
INFO:root:Looping....
DEBUG:root:This is the line: drive:-55.714:-58.591

DEBUG:root:We got command: drive
DEBUG:root:We got a drive command: rawX:-58.591000 and rawY:-55.714000
DEBUG:root:Reverse to the Left/Straight
DEBUG:root:Left=-2.877000 Right=-55.714000
DEBUG:root:ScaledLeft: 368.526750 ScaledRight: 249.643500
INFO:root:Looping....
DEBUG:root:This is the line: drive:-55.714:-60.638

DEBUG:root:We got command: drive
DEBUG:root:We got a drive command: rawX:-60.638000 and rawY:-55.714000
DEBUG:root:Reverse to the Left/Straight
DEBUG:root:Left=-4.924000 Right=-55.714000
DEBUG:root:ScaledLeft: 363.921000 ScaledRight: 249.643500
INFO:root:Looping....
DEBUG:root:This is the line: drive:-55.188:-61.905

DEBUG:root:We got command: drive
DEBUG:root:We got a drive command: rawX:-61.905000 and rawY:-55.188000
DEBUG:root:Reverse to the Left/Straight
DEBUG:root:Left=-6.717000 Right=-55.188000
DEBUG:root:ScaledLeft: 359.886750 ScaledRight: 250.827000
INFO:root:Looping....
DEBUG:root:This is the line: drive:-55.143:-63.239

DEBUG:root:We got command: drive
DEBUG:root:We got a drive command: rawX:-63.239000 and rawY:-55.143000
DEBUG:root:Reverse to the Left/Straight
DEBUG:root:Left=-8.096000 Right=-55.143000
DEBUG:root:ScaledLeft: 356.784000 ScaledRight: 250.928250
INFO:root:Looping....
DEBUG:root:This is the line: drive:-54.857:-64.94

DEBUG:root:We got command: drive
DEBUG:root:We got a drive command: rawX:-64.940000 and rawY:-54.857000
DEBUG:root:Reverse to the Left/Straight
DEBUG:root:Left=-10.083000 Right=-54.857000
DEBUG:root:ScaledLeft: 352.313250 ScaledRight: 251.571750
INFO:root:Looping....
DEBUG:root:This is the line: drive:-54.429:-65.179

DEBUG:root:We got command: drive
DEBUG:root:We got a drive command: rawX:-65.179000 and rawY:-54.429000
DEBUG:root:Reverse to the Left/Straight
DEBUG:root:Left=-10.750000 Right=-54.429000
DEBUG:root:ScaledLeft: 350.812500 ScaledRight: 252.534750
INFO:root:Looping....
DEBUG:root:This is the line: drive:-54.571:-66.157

DEBUG:root:We got command: drive
DEBUG:root:We got a drive command: rawX:-66.157000 and rawY:-54.571000
DEBUG:root:Reverse to the Left/Straight
DEBUG:root:Left=-11.586000 Right=-54.571000
DEBUG:root:ScaledLeft: 348.931500 ScaledRight: 252.215250
INFO:root:Looping....
DEBUG:root:This is the line: drive:-53.952:-67.015

DEBUG:root:We got command: drive
DEBUG:root:We got a drive command: rawX:-67.015000 and rawY:-53.952000
DEBUG:root:Reverse to the Left/Straight
DEBUG:root:Left=-13.063000 Right=-53.952000
DEBUG:root:ScaledLeft: 345.608250 ScaledRight: 253.608000
INFO:root:Looping....
DEBUG:root:This is the line: drive:-54.0:-67.317

DEBUG:root:We got command: drive
DEBUG:root:We got a drive command: rawX:-67.317000 and rawY:-54.000000
DEBUG:root:Reverse to the Left/Straight
DEBUG:root:Left=-13.317000 Right=-54.000000
DEBUG:root:ScaledLeft: 345.036750 ScaledRight: 253.500000
INFO:root:Looping....
DEBUG:root:This is the line: drive:-53.714:-67.8

DEBUG:root:We got command: drive
DEBUG:root:We got a drive command: rawX:-67.800000 and rawY:-53.714000
DEBUG:root:Reverse to the Left/Straight
DEBUG:root:Left=-14.086000 Right=-53.714000
DEBUG:root:ScaledLeft: 343.306500 ScaledRight: 254.143500
INFO:root:Looping....
DEBUG:root:This is the line: drive:-53.714:-68.179

DEBUG:root:We got command: drive
DEBUG:root:We got a drive command: rawX:-68.179000 and rawY:-53.714000
DEBUG:root:Reverse to the Left/Straight
DEBUG:root:Left=-14.465000 Right=-53.714000
DEBUG:root:ScaledLeft: 342.453750 ScaledRight: 254.143500
INFO:root:Looping....
DEBUG:root:This is the line: drive:-53.714:-68.794

DEBUG:root:We got command: drive
DEBUG:root:We got a drive command: rawX:-68.794000 and rawY:-53.714000
DEBUG:root:Reverse to the Left/Straight
DEBUG:root:Left=-15.080000 Right=-53.714000
DEBUG:root:ScaledLeft: 341.070000 ScaledRight: 254.143500
INFO:root:Looping....
DEBUG:root:This is the line: drive:-53.714:-69.063

DEBUG:root:We got command: drive
DEBUG:root:We got a drive command: rawX:-69.063000 and rawY:-53.714000
DEBUG:root:Reverse to the Left/Straight
DEBUG:root:Left=-15.349000 Right=-53.714000
DEBUG:root:ScaledLeft: 340.464750 ScaledRight: 254.143500
INFO:root:Looping....
DEBUG:root:This is the line: drive:-53.714:-69.792

DEBUG:root:We got command: drive
DEBUG:root:We got a drive command: rawX:-69.792000 and rawY:-53.714000
DEBUG:root:Reverse to the Left/Straight
DEBUG:root:Left=-16.078000 Right=-53.714000
DEBUG:root:ScaledLeft: 338.824500 ScaledRight: 254.143500
INFO:root:Looping....
DEBUG:root:This is the line: drive:-53.714:-70.052

DEBUG:root:We got command: drive
DEBUG:root:We got a drive command: rawX:-70.052000 and rawY:-53.714000
DEBUG:root:Reverse to the Left/Straight
DEBUG:root:Left=-16.338000 Right=-53.714000
DEBUG:root:ScaledLeft: 338.239500 ScaledRight: 254.143500
INFO:root:Looping....
DEBUG:root:This is the line: drive:-53.714:-70.647

DEBUG:root:We got command: drive
DEBUG:root:We got a drive command: rawX:-70.647000 and rawY:-53.714000
DEBUG:root:Reverse to the Left/Straight
DEBUG:root:Left=-16.933000 Right=-53.714000
DEBUG:root:ScaledLeft: 336.900750 ScaledRight: 254.143500
INFO:root:Looping....
DEBUG:root:This is the line: drive:-53.714:-71.342

DEBUG:root:We got command: drive
DEBUG:root:We got a drive command: rawX:-71.342000 and rawY:-53.714000
DEBUG:root:Reverse to the Left/Straight
DEBUG:root:Left=-17.628000 Right=-53.714000
DEBUG:root:ScaledLeft: 335.337000 ScaledRight: 254.143500
INFO:root:Looping....
DEBUG:root:This is the line: drive:-53.714:-72.285

DEBUG:root:We got command: drive
DEBUG:root:We got a drive command: rawX:-72.285000 and rawY:-53.714000
DEBUG:root:Reverse to the Left/Straight
DEBUG:root:Left=-18.571000 Right=-53.714000
DEBUG:root:ScaledLeft: 333.215250 ScaledRight: 254.143500
INFO:root:Looping....
DEBUG:root:This is the line: drive:-53.714:-72.47

DEBUG:root:We got command: drive
DEBUG:root:We got a drive command: rawX:-72.470000 and rawY:-53.714000
DEBUG:root:Reverse to the Left/Straight
DEBUG:root:Left=-18.756000 Right=-53.714000
DEBUG:root:ScaledLeft: 332.799000 ScaledRight: 254.143500
INFO:root:Looping....
DEBUG:root:This is the line: drive:-53.714:-73.467

DEBUG:root:We got command: drive
DEBUG:root:We got a drive command: rawX:-73.467000 and rawY:-53.714000
DEBUG:root:Reverse to the Left/Straight
DEBUG:root:Left=-19.753000 Right=-53.714000
DEBUG:root:ScaledLeft: 330.555750 ScaledRight: 254.143500
INFO:root:Looping....
DEBUG:root:This is the line: drive:-53.714:-73.837

DEBUG:root:We got command: drive
DEBUG:root:We got a drive command: rawX:-73.837000 and rawY:-53.714000
DEBUG:root:Reverse to the Left/Straight
DEBUG:root:Left=-20.123000 Right=-53.714000
DEBUG:root:ScaledLeft: 329.723250 ScaledRight: 254.143500
INFO:root:Looping....
DEBUG:root:This is the line: drive:-53.714:-74.93

DEBUG:root:We got command: drive
DEBUG:root:We got a drive command: rawX:-74.930000 and rawY:-53.714000
DEBUG:root:Reverse to the Left/Straight
DEBUG:root:Left=-21.216000 Right=-53.714000
DEBUG:root:ScaledLeft: 327.264000 ScaledRight: 254.143500
INFO:root:Looping....
DEBUG:root:This is the line: drive:-53.714:-76.042

DEBUG:root:We got command: drive
DEBUG:root:We got a drive command: rawX:-76.042000 and rawY:-53.714000
DEBUG:root:Reverse to the Left/Straight
DEBUG:root:Left=-22.328000 Right=-53.714000
DEBUG:root:ScaledLeft: 324.762000 ScaledRight: 254.143500
INFO:root:Looping....
DEBUG:root:This is the line: drive:-53.714:-77.165

DEBUG:root:We got command: drive
DEBUG:root:We got a drive command: rawX:-77.165000 and rawY:-53.714000
DEBUG:root:Reverse to the Left/Straight
DEBUG:root:Left=-23.451000 Right=-53.714000
DEBUG:root:ScaledLeft: 322.235250 ScaledRight: 254.143500
INFO:root:Looping....
DEBUG:root:This is the line: drive:-52.81:-79.216

DEBUG:root:We got command: drive
DEBUG:root:We got a drive command: rawX:-79.216000 and rawY:-52.810000
DEBUG:root:Reverse to the Left/Straight
DEBUG:root:Left=-26.406000 Right=-52.810000
DEBUG:root:ScaledLeft: 315.586500 ScaledRight: 256.177500
INFO:root:Looping....
DEBUG:root:This is the line: drive:-52.857:-80.593

DEBUG:root:We got command: drive
DEBUG:root:We got a drive command: rawX:-80.593000 and rawY:-52.857000
DEBUG:root:Reverse to the Left/Straight
DEBUG:root:Left=-27.736000 Right=-52.857000
DEBUG:root:ScaledLeft: 312.594000 ScaledRight: 256.071750
INFO:root:Looping....
DEBUG:root:This is the line: drive:-52.366:-82.952

DEBUG:root:We got command: drive
DEBUG:root:We got a drive command: rawX:-82.952000 and rawY:-52.366000
DEBUG:root:Reverse to the Left/Straight
DEBUG:root:Left=-30.586000 Right=-52.366000
DEBUG:root:ScaledLeft: 306.181500 ScaledRight: 257.176500
INFO:root:Looping....
DEBUG:root:This is the line: drive:-52.286:-84.967

DEBUG:root:We got command: drive
DEBUG:root:We got a drive command: rawX:-84.967000 and rawY:-52.286000
DEBUG:root:Reverse to the Left/Straight
DEBUG:root:Left=-32.681000 Right=-52.286000
DEBUG:root:ScaledLeft: 301.467750 ScaledRight: 257.356500
INFO:root:Looping....
DEBUG:root:This is the line: drive:-52.286:-86.651

DEBUG:root:We got command: drive
DEBUG:root:We got a drive command: rawX:-86.651000 and rawY:-52.286000
DEBUG:root:Reverse to the Left/Straight
DEBUG:root:Left=-34.365000 Right=-52.286000
DEBUG:root:ScaledLeft: 297.678750 ScaledRight: 257.356500
INFO:root:Looping....
DEBUG:root:This is the line: drive:-52.286:-88.244

DEBUG:root:We got command: drive
DEBUG:root:We got a drive command: rawX:-88.244000 and rawY:-52.286000
DEBUG:root:Reverse to the Left/Straight
DEBUG:root:Left=-35.958000 Right=-52.286000
DEBUG:root:ScaledLeft: 294.094500 ScaledRight: 257.356500
INFO:root:Looping....
DEBUG:root:This is the line: drive:-52.286:-89.732

DEBUG:root:We got command: drive
DEBUG:root:We got a drive command: rawX:-89.732000 and rawY:-52.286000
DEBUG:root:Reverse to the Left/Straight
DEBUG:root:Left=-37.446000 Right=-52.286000
DEBUG:root:ScaledLeft: 290.746500 ScaledRight: 257.356500
INFO:root:Looping....
DEBUG:root:This is the line: drive:-52.286:-90.907

DEBUG:root:We got command: drive
DEBUG:root:We got a drive command: rawX:-90.907000 and rawY:-52.286000
DEBUG:root:Reverse to the Left/Straight
DEBUG:root:Left=-38.621000 Right=-52.286000
DEBUG:root:ScaledLeft: 288.102750 ScaledRight: 257.356500
INFO:root:Looping....
DEBUG:root:This is the line: drive:-52.286:-91.481

DEBUG:root:We got command: drive
DEBUG:root:We got a drive command: rawX:-91.481000 and rawY:-52.286000
DEBUG:root:Reverse to the Left/Straight
DEBUG:root:Left=-39.195000 Right=-52.286000
DEBUG:root:ScaledLeft: 286.811250 ScaledRight: 257.356500
INFO:root:Looping....
DEBUG:root:This is the line: drive:-52.286:-91.969

DEBUG:root:We got command: drive
DEBUG:root:We got a drive command: rawX:-91.969000 and rawY:-52.286000
DEBUG:root:Reverse to the Left/Straight
DEBUG:root:Left=-39.683000 Right=-52.286000
DEBUG:root:ScaledLeft: 285.713250 ScaledRight: 257.356500
INFO:root:Looping....
DEBUG:root:This is the line: drive:-52.286:-91.969

DEBUG:root:We got command: drive
DEBUG:root:We got a drive command: rawX:-91.969000 and rawY:-52.286000
DEBUG:root:Reverse to the Left/Straight
DEBUG:root:Left=-39.683000 Right=-52.286000
DEBUG:root:ScaledLeft: 285.713250 ScaledRight: 257.356500
INFO:root:Looping....
DEBUG:root:This is the line: drive:-52.286:-91.969

DEBUG:root:We got command: drive
DEBUG:root:We got a drive command: rawX:-91.969000 and rawY:-52.286000
DEBUG:root:Reverse to the Left/Straight
DEBUG:root:Left=-39.683000 Right=-52.286000
DEBUG:root:ScaledLeft: 285.713250 ScaledRight: 257.356500
INFO:root:Looping....
DEBUG:root:This is the line: drive:-52.286:-90.943

DEBUG:root:We got command: drive
DEBUG:root:We got a drive command: rawX:-90.943000 and rawY:-52.286000
DEBUG:root:Reverse to the Left/Straight
DEBUG:root:Left=-38.657000 Right=-52.286000
DEBUG:root:ScaledLeft: 288.021750 ScaledRight: 257.356500
INFO:root:Looping....
DEBUG:root:This is the line: drive:-52.857:-86.619

DEBUG:root:We got command: drive
DEBUG:root:We got a drive command: rawX:-86.619000 and rawY:-52.857000
DEBUG:root:Reverse to the Left/Straight
DEBUG:root:Left=-33.762000 Right=-52.857000
DEBUG:root:ScaledLeft: 299.035500 ScaledRight: 256.071750
INFO:root:Looping....
DEBUG:root:This is the line: drive:-52.857:-79.66

DEBUG:root:We got command: drive
DEBUG:root:We got a drive command: rawX:-79.660000 and rawY:-52.857000
DEBUG:root:Reverse to the Left/Straight
DEBUG:root:Left=-26.803000 Right=-52.857000
DEBUG:root:ScaledLeft: 314.693250 ScaledRight: 256.071750
INFO:root:Looping....
DEBUG:root:This is the line: drive:-52.857:-68.811

DEBUG:root:We got command: drive
DEBUG:root:We got a drive command: rawX:-68.811000 and rawY:-52.857000
DEBUG:root:Reverse to the Left/Straight
DEBUG:root:Left=-15.954000 Right=-52.857000
DEBUG:root:ScaledLeft: 339.103500 ScaledRight: 256.071750
INFO:root:Looping....
DEBUG:root:This is the line: drive:-52.857:-59.757

DEBUG:root:We got command: drive
DEBUG:root:We got a drive command: rawX:-59.757000 and rawY:-52.857000
DEBUG:root:Reverse to the Left/Straight
DEBUG:root:Left=-6.900000 Right=-52.857000
DEBUG:root:ScaledLeft: 359.475000 ScaledRight: 256.071750
INFO:root:Looping....
DEBUG:root:This is the line: drive:-52.0:-44.749

DEBUG:root:We got command: drive
DEBUG:root:We got a drive command: rawX:-44.749000 and rawY:-52.000000
DEBUG:root:Reverse to the Left/Straight
DEBUG:root:Left=7.251000 Right=-52.000000
DEBUG:root:ScaledLeft: 391.314750 ScaledRight: 258.000000
INFO:root:Looping....
DEBUG:root:This is the line: drive:-51.143:-28.676

DEBUG:root:We got command: drive
DEBUG:root:We got a drive command: rawX:-28.676000 and rawY:-51.143000
DEBUG:root:Reverse to the Left/Straight
DEBUG:root:Left=22.467000 Right=-51.143000
DEBUG:root:ScaledLeft: 425.550750 ScaledRight: 259.928250
INFO:root:Looping....
DEBUG:root:This is the line: drive:-51.023:-12.783

DEBUG:root:We got command: drive
DEBUG:root:We got a drive command: rawX:-12.783000 and rawY:-51.023000
DEBUG:root:Reverse to the Left/Straight
DEBUG:root:Left=38.240000 Right=-51.023000
DEBUG:root:ScaledLeft: 461.040000 ScaledRight: 260.198250
INFO:root:Looping....
DEBUG:root:This is the line: drive:-51.614:8.394

DEBUG:root:We got command: drive
DEBUG:root:We got a drive command: rawX:8.394000 and rawY:-51.614000
DEBUG:root:Reverse to the Right
DEBUG:root:Left=51.614000 Right=-60.008000
DEBUG:root:ScaledLeft: 491.131500 ScaledRight: 239.982000
INFO:root:Looping....
DEBUG:root:This is the line: drive:-52.286:19.972

DEBUG:root:We got command: drive
DEBUG:root:We got a drive command: rawX:19.972000 and rawY:-52.286000
DEBUG:root:Reverse to the Right
DEBUG:root:Left=52.286000 Right=-72.258000
DEBUG:root:ScaledLeft: 492.643500 ScaledRight: 212.419500
INFO:root:Looping....
DEBUG:root:This is the line: drive:-53.143:32.723

DEBUG:root:We got command: drive
DEBUG:root:We got a drive command: rawX:32.723000 and rawY:-53.143000
DEBUG:root:Reverse to the Right
DEBUG:root:Left=53.143000 Right=-85.866000
DEBUG:root:ScaledLeft: 494.571750 ScaledRight: 181.801500
INFO:root:Looping....
DEBUG:root:This is the line: drive:-53.879:42.055

DEBUG:root:We got command: drive
DEBUG:root:We got a drive command: rawX:42.055000 and rawY:-53.879000
DEBUG:root:Reverse to the Right
DEBUG:root:Left=53.879000 Right=-95.934000
DEBUG:root:ScaledLeft: 496.227750 ScaledRight: 159.148500
INFO:root:Looping....
DEBUG:root:This is the line: drive:-54.0:48.37

DEBUG:root:We got command: drive
DEBUG:root:We got a drive command: rawX:48.370000 and rawY:-54.000000
DEBUG:root:Reverse to the Right
DEBUG:root:Left=54.000000 Right=-102.370000
DEBUG:root:ScaledLeft: 496.500000 ScaledRight: 144.667500
INFO:root:Looping....
DEBUG:root:This is the line: drive:-54.725:55.838

DEBUG:root:We got command: drive
DEBUG:root:We got a drive command: rawX:55.838000 and rawY:-54.725000
DEBUG:root:Reverse to the Right
DEBUG:root:Left=54.725000 Right=-110.563000
DEBUG:root:ScaledLeft: 498.131250 ScaledRight: 126.233250
INFO:root:Looping....
DEBUG:root:This is the line: drive:-55.143:59.762

DEBUG:root:We got command: drive
DEBUG:root:We got a drive command: rawX:59.762000 and rawY:-55.143000
DEBUG:root:Reverse to the Right
DEBUG:root:Left=55.143000 Right=-114.905000
DEBUG:root:ScaledLeft: 499.071750 ScaledRight: 116.463750
INFO:root:Looping....
DEBUG:root:This is the line: drive:-55.429:63.959

DEBUG:root:We got command: drive
DEBUG:root:We got a drive command: rawX:63.959000 and rawY:-55.429000
DEBUG:root:Reverse to the Right
DEBUG:root:Left=55.429000 Right=-119.388000
DEBUG:root:ScaledLeft: 499.715250 ScaledRight: 106.377000
INFO:root:Looping....
DEBUG:root:This is the line: drive:-57.0:69.345

DEBUG:root:We got command: drive
DEBUG:root:We got a drive command: rawX:69.345000 and rawY:-57.000000
DEBUG:root:Reverse to the Right
DEBUG:root:Left=57.000000 Right=-126.345000
DEBUG:root:ScaledLeft: 503.250000 ScaledRight: 90.723750
INFO:root:Looping....
DEBUG:root:This is the line: drive:-57.081:74.275

DEBUG:root:We got command: drive
DEBUG:root:We got a drive command: rawX:74.275000 and rawY:-57.081000
DEBUG:root:Reverse to the Right
DEBUG:root:Left=57.081000 Right=-131.356000
DEBUG:root:ScaledLeft: 503.432250 ScaledRight: 79.449000
INFO:root:Looping....
DEBUG:root:This is the line: drive:-57.429:78.465

DEBUG:root:We got command: drive
DEBUG:root:We got a drive command: rawX:78.465000 and rawY:-57.429000
DEBUG:root:Reverse to the Right
DEBUG:root:Left=57.429000 Right=-135.894000
DEBUG:root:ScaledLeft: 504.215250 ScaledRight: 69.238500
INFO:root:Looping....
DEBUG:root:This is the line: drive:-57.714:81.953

DEBUG:root:We got command: drive
DEBUG:root:We got a drive command: rawX:81.953000 and rawY:-57.714000
DEBUG:root:Reverse to the Right
DEBUG:root:Left=57.714000 Right=-139.667000
DEBUG:root:ScaledLeft: 504.856500 ScaledRight: 60.749250
INFO:root:Looping....
DEBUG:root:This is the line: drive:-57.714:84.143

DEBUG:root:We got command: drive
DEBUG:root:We got a drive command: rawX:84.143000 and rawY:-57.714000
DEBUG:root:Reverse to the Right
DEBUG:root:Left=57.714000 Right=-141.857000
DEBUG:root:ScaledLeft: 504.856500 ScaledRight: 55.821750
INFO:root:Looping....
DEBUG:root:This is the line: drive:-58.0:86.28

DEBUG:root:We got command: drive
DEBUG:root:We got a drive command: rawX:86.280000 and rawY:-58.000000
DEBUG:root:Reverse to the Right
DEBUG:root:Left=58.000000 Right=-144.280000
DEBUG:root:ScaledLeft: 505.500000 ScaledRight: 50.370000
INFO:root:Looping....
DEBUG:root:This is the line: drive:-58.286:88.024

DEBUG:root:We got command: drive
DEBUG:root:We got a drive command: rawX:88.024000 and rawY:-58.286000
DEBUG:root:Reverse to the Right
DEBUG:root:Left=58.286000 Right=-146.310000
DEBUG:root:ScaledLeft: 506.143500 ScaledRight: 45.802500
INFO:root:Looping....
DEBUG:root:This is the line: drive:-58.571:88.893

DEBUG:root:We got command: drive
DEBUG:root:We got a drive command: rawX:88.893000 and rawY:-58.571000
DEBUG:root:Reverse to the Right
DEBUG:root:Left=58.571000 Right=-147.464000
DEBUG:root:ScaledLeft: 506.784750 ScaledRight: 43.206000
INFO:root:Looping....
DEBUG:root:This is the line: drive:-58.571:89.137

DEBUG:root:We got command: drive
DEBUG:root:We got a drive command: rawX:89.137000 and rawY:-58.571000
DEBUG:root:Reverse to the Right
DEBUG:root:Left=58.571000 Right=-147.708000
DEBUG:root:ScaledLeft: 506.784750 ScaledRight: 42.657000
INFO:root:Looping....
DEBUG:root:This is the line: drive:-58.571:89.698

DEBUG:root:We got command: drive
DEBUG:root:We got a drive command: rawX:89.698000 and rawY:-58.571000
DEBUG:root:Reverse to the Right
DEBUG:root:Left=58.571000 Right=-148.269000
DEBUG:root:ScaledLeft: 506.784750 ScaledRight: 41.394750
INFO:root:Looping....
DEBUG:root:This is the line: drive:-59.092:90.179

DEBUG:root:We got command: drive
DEBUG:root:We got a drive command: rawX:90.179000 and rawY:-59.092000
DEBUG:root:Reverse to the Right
DEBUG:root:Left=59.092000 Right=-149.271000
DEBUG:root:ScaledLeft: 507.957000 ScaledRight: 39.140250
INFO:root:Looping....
DEBUG:root:This is the line: drive:-59.429:91.22

DEBUG:root:We got command: drive
DEBUG:root:We got a drive command: rawX:91.220000 and rawY:-59.429000
DEBUG:root:Reverse to the Right
DEBUG:root:Left=59.429000 Right=-150.649000
DEBUG:root:ScaledLeft: 508.715250 ScaledRight: 36.039750
INFO:root:Looping....
DEBUG:root:This is the line: drive:-59.714:92.177

DEBUG:root:We got command: drive
DEBUG:root:We got a drive command: rawX:92.177000 and rawY:-59.714000
DEBUG:root:Reverse to the Right
DEBUG:root:Left=59.714000 Right=-151.891000
DEBUG:root:ScaledLeft: 509.356500 ScaledRight: 33.245250
INFO:root:Looping....
DEBUG:root:This is the line: drive:-60.286:92.862

DEBUG:root:We got command: drive
DEBUG:root:We got a drive command: rawX:92.862000 and rawY:-60.286000
DEBUG:root:Reverse to the Right
DEBUG:root:Left=60.286000 Right=-153.148000
DEBUG:root:ScaledLeft: 510.643500 ScaledRight: 30.417000
INFO:root:Looping....
DEBUG:root:This is the line: drive:-60.571:94.494

DEBUG:root:We got command: drive
DEBUG:root:We got a drive command: rawX:94.494000 and rawY:-60.571000
DEBUG:root:Reverse to the Right
DEBUG:root:Left=60.571000 Right=-155.065000
DEBUG:root:ScaledLeft: 511.284750 ScaledRight: 26.103750
INFO:root:Looping....
DEBUG:root:This is the line: drive:-60.857:95.089

DEBUG:root:We got command: drive
DEBUG:root:We got a drive command: rawX:95.089000 and rawY:-60.857000
DEBUG:root:Reverse to the Right
DEBUG:root:Left=60.857000 Right=-155.946000
DEBUG:root:ScaledLeft: 511.928250 ScaledRight: 24.121500
INFO:root:Looping....
DEBUG:root:This is the line: drive:-61.272:95.238

DEBUG:root:We got command: drive
DEBUG:root:We got a drive command: rawX:95.238000 and rawY:-61.272000
DEBUG:root:Reverse to the Right
DEBUG:root:Left=61.272000 Right=-156.510000
DEBUG:root:ScaledLeft: 512.862000 ScaledRight: 22.852500
INFO:root:Looping....
DEBUG:root:This is the line: drive:-61.143:95.387

DEBUG:root:We got command: drive
DEBUG:root:We got a drive command: rawX:95.387000 and rawY:-61.143000
DEBUG:root:Reverse to the Right
DEBUG:root:Left=61.143000 Right=-156.530000
DEBUG:root:ScaledLeft: 512.571750 ScaledRight: 22.807500
INFO:root:Looping....
DEBUG:root:This is the line: drive:-61.143:95.089

DEBUG:root:We got command: drive
DEBUG:root:We got a drive command: rawX:95.089000 and rawY:-61.143000
DEBUG:root:Reverse to the Right
DEBUG:root:Left=61.143000 Right=-156.232000
DEBUG:root:ScaledLeft: 512.571750 ScaledRight: 23.478000
INFO:root:Looping....
DEBUG:root:This is the line: drive:-61.143:95.531

DEBUG:root:We got command: drive
DEBUG:root:We got a drive command: rawX:95.531000 and rawY:-61.143000
DEBUG:root:Reverse to the Right
DEBUG:root:Left=61.143000 Right=-156.674000
DEBUG:root:ScaledLeft: 512.571750 ScaledRight: 22.483500
INFO:root:Looping....
DEBUG:root:This is the line: drive:-61.143:95.63

DEBUG:root:We got command: drive
DEBUG:root:We got a drive command: rawX:95.630000 and rawY:-61.143000
DEBUG:root:Reverse to the Right
DEBUG:root:Left=61.143000 Right=-156.773000
DEBUG:root:ScaledLeft: 512.571750 ScaledRight: 22.260750
INFO:root:Looping....
DEBUG:root:This is the line: drive:-61.143:94.881

DEBUG:root:We got command: drive
DEBUG:root:We got a drive command: rawX:94.881000 and rawY:-61.143000
DEBUG:root:Reverse to the Right
DEBUG:root:Left=61.143000 Right=-156.024000
DEBUG:root:ScaledLeft: 512.571750 ScaledRight: 23.946000
INFO:root:Looping....
DEBUG:root:This is the line: drive:-61.143:95.295

DEBUG:root:We got command: drive
DEBUG:root:We got a drive command: rawX:95.295000 and rawY:-61.143000
DEBUG:root:Reverse to the Right
DEBUG:root:Left=61.143000 Right=-156.438000
DEBUG:root:ScaledLeft: 512.571750 ScaledRight: 23.014500
INFO:root:Looping....
DEBUG:root:This is the line: drive:-61.143:93.726

DEBUG:root:We got command: drive
DEBUG:root:We got a drive command: rawX:93.726000 and rawY:-61.143000
DEBUG:root:Reverse to the Right
DEBUG:root:Left=61.143000 Right=-154.869000
DEBUG:root:ScaledLeft: 512.571750 ScaledRight: 26.544750
INFO:root:Looping....
DEBUG:root:This is the line: drive:-61.143:91.965

DEBUG:root:We got command: drive
DEBUG:root:We got a drive command: rawX:91.965000 and rawY:-61.143000
DEBUG:root:Reverse to the Right
DEBUG:root:Left=61.143000 Right=-153.108000
DEBUG:root:ScaledLeft: 512.571750 ScaledRight: 30.507000
INFO:root:Looping....
DEBUG:root:This is the line: drive:-61.143:89.521

DEBUG:root:We got command: drive
DEBUG:root:We got a drive command: rawX:89.521000 and rawY:-61.143000
DEBUG:root:Reverse to the Right
DEBUG:root:Left=61.143000 Right=-150.664000
DEBUG:root:ScaledLeft: 512.571750 ScaledRight: 36.006000
INFO:root:Looping....
DEBUG:root:This is the line: drive:-61.143:87.778

DEBUG:root:We got command: drive
DEBUG:root:We got a drive command: rawX:87.778000 and rawY:-61.143000
DEBUG:root:Reverse to the Right
DEBUG:root:Left=61.143000 Right=-148.921000
DEBUG:root:ScaledLeft: 512.571750 ScaledRight: 39.927750
INFO:root:Looping....
DEBUG:root:This is the line: drive:-61.143:84.793

DEBUG:root:We got command: drive
DEBUG:root:We got a drive command: rawX:84.793000 and rawY:-61.143000
DEBUG:root:Reverse to the Right
DEBUG:root:Left=61.143000 Right=-145.936000
DEBUG:root:ScaledLeft: 512.571750 ScaledRight: 46.644000
INFO:root:Looping....
DEBUG:root:This is the line: drive:-61.143:82.728

DEBUG:root:We got command: drive
DEBUG:root:We got a drive command: rawX:82.728000 and rawY:-61.143000
DEBUG:root:Reverse to the Right
DEBUG:root:Left=61.143000 Right=-143.871000
DEBUG:root:ScaledLeft: 512.571750 ScaledRight: 51.290250
INFO:root:Looping....
DEBUG:root:This is the line: drive:-61.143:80.599

DEBUG:root:We got command: drive
DEBUG:root:We got a drive command: rawX:80.599000 and rawY:-61.143000
DEBUG:root:Reverse to the Right
DEBUG:root:Left=61.143000 Right=-141.742000
DEBUG:root:ScaledLeft: 512.571750 ScaledRight: 56.080500
INFO:root:Looping....
DEBUG:root:This is the line: drive:-61.143:78.463

DEBUG:root:We got command: drive
DEBUG:root:We got a drive command: rawX:78.463000 and rawY:-61.143000
DEBUG:root:Reverse to the Right
DEBUG:root:Left=61.143000 Right=-139.606000
DEBUG:root:ScaledLeft: 512.571750 ScaledRight: 60.886500
INFO:root:Looping....
DEBUG:root:This is the line: drive:-61.143:76.704

DEBUG:root:We got command: drive
DEBUG:root:We got a drive command: rawX:76.704000 and rawY:-61.143000
DEBUG:root:Reverse to the Right
DEBUG:root:Left=61.143000 Right=-137.847000
DEBUG:root:ScaledLeft: 512.571750 ScaledRight: 64.844250
INFO:root:Looping....
DEBUG:root:This is the line: drive:-61.143:75.744

DEBUG:root:We got command: drive
DEBUG:root:We got a drive command: rawX:75.744000 and rawY:-61.143000
DEBUG:root:Reverse to the Right
DEBUG:root:Left=61.143000 Right=-136.887000
DEBUG:root:ScaledLeft: 512.571750 ScaledRight: 67.004250
INFO:root:Looping....
DEBUG:root:This is the line: drive:-61.143:75.561

DEBUG:root:We got command: drive
DEBUG:root:We got a drive command: rawX:75.561000 and rawY:-61.143000
DEBUG:root:Reverse to the Right
DEBUG:root:Left=61.143000 Right=-136.704000
DEBUG:root:ScaledLeft: 512.571750 ScaledRight: 67.416000
INFO:root:Looping....
DEBUG:root:This is the line: drive:-61.143:75.561

DEBUG:root:We got command: drive
DEBUG:root:We got a drive command: rawX:75.561000 and rawY:-61.143000
DEBUG:root:Reverse to the Right
DEBUG:root:Left=61.143000 Right=-136.704000
DEBUG:root:ScaledLeft: 512.571750 ScaledRight: 67.416000
INFO:root:Looping....
DEBUG:root:This is the line: drive:-61.143:75.561

DEBUG:root:We got command: drive
DEBUG:root:We got a drive command: rawX:75.561000 and rawY:-61.143000
DEBUG:root:Reverse to the Right
DEBUG:root:Left=61.143000 Right=-136.704000
DEBUG:root:ScaledLeft: 512.571750 ScaledRight: 67.416000
INFO:root:Looping....
DEBUG:root:This is the line: drive:-61.434:75.595

DEBUG:root:We got command: drive
DEBUG:root:We got a drive command: rawX:75.595000 and rawY:-61.434000
DEBUG:root:Reverse to the Right
DEBUG:root:Left=61.434000 Right=-137.029000
DEBUG:root:ScaledLeft: 513.226500 ScaledRight: 66.684750
INFO:root:Looping....
DEBUG:root:This is the line: drive:-61.434:75.595

DEBUG:root:We got command: drive
DEBUG:root:We got a drive command: rawX:75.595000 and rawY:-61.434000
DEBUG:root:Reverse to the Right
DEBUG:root:Left=61.434000 Right=-137.029000
DEBUG:root:ScaledLeft: 513.226500 ScaledRight: 66.684750
INFO:root:Looping....
DEBUG:root:This is the line: drive:-61.434:75.595

DEBUG:root:We got command: drive
DEBUG:root:We got a drive command: rawX:75.595000 and rawY:-61.434000
DEBUG:root:Reverse to the Right
DEBUG:root:Left=61.434000 Right=-137.029000
DEBUG:root:ScaledLeft: 513.226500 ScaledRight: 66.684750
INFO:root:Looping....
DEBUG:root:This is the line: drive:-61.434:75.595

DEBUG:root:We got command: drive
DEBUG:root:We got a drive command: rawX:75.595000 and rawY:-61.434000
DEBUG:root:Reverse to the Right
DEBUG:root:Left=61.434000 Right=-137.029000
DEBUG:root:ScaledLeft: 513.226500 ScaledRight: 66.684750
INFO:root:Looping....
DEBUG:root:This is the line: drive:-61.434:75.595

DEBUG:root:We got command: drive
DEBUG:root:We got a drive command: rawX:75.595000 and rawY:-61.434000
DEBUG:root:Reverse to the Right
DEBUG:root:Left=61.434000 Right=-137.029000
DEBUG:root:ScaledLeft: 513.226500 ScaledRight: 66.684750
INFO:root:Looping....
DEBUG:root:This is the line: drive:-61.434:75.595

DEBUG:root:We got command: drive
DEBUG:root:We got a drive command: rawX:75.595000 and rawY:-61.434000
DEBUG:root:Reverse to the Right
DEBUG:root:Left=61.434000 Right=-137.029000
DEBUG:root:ScaledLeft: 513.226500 ScaledRight: 66.684750
INFO:root:Looping....
DEBUG:root:This is the line: drive:-61.434:75.595

DEBUG:root:We got command: drive
DEBUG:root:We got a drive command: rawX:75.595000 and rawY:-61.434000
DEBUG:root:Reverse to the Right
DEBUG:root:Left=61.434000 Right=-137.029000
DEBUG:root:ScaledLeft: 513.226500 ScaledRight: 66.684750
INFO:root:Looping....
DEBUG:root:This is the line: drive:-61.434:75.595

DEBUG:root:We got command: drive
DEBUG:root:We got a drive command: rawX:75.595000 and rawY:-61.434000
DEBUG:root:Reverse to the Right
DEBUG:root:Left=61.434000 Right=-137.029000
DEBUG:root:ScaledLeft: 513.226500 ScaledRight: 66.684750
INFO:root:Looping....
DEBUG:root:This is the line: drive:-61.434:75.595

DEBUG:root:We got command: drive
DEBUG:root:We got a drive command: rawX:75.595000 and rawY:-61.434000
DEBUG:root:Reverse to the Right
DEBUG:root:Left=61.434000 Right=-137.029000
DEBUG:root:ScaledLeft: 513.226500 ScaledRight: 66.684750
INFO:root:Looping....
DEBUG:root:This is the line: drive:-61.434:75.595

DEBUG:root:We got command: drive
DEBUG:root:We got a drive command: rawX:75.595000 and rawY:-61.434000
DEBUG:root:Reverse to the Right
DEBUG:root:Left=61.434000 Right=-137.029000
DEBUG:root:ScaledLeft: 513.226500 ScaledRight: 66.684750
INFO:root:Looping....
DEBUG:root:This is the line: drive:-61.718:75.595

DEBUG:root:We got command: drive
DEBUG:root:We got a drive command: rawX:75.595000 and rawY:-61.718000
DEBUG:root:Reverse to the Right
DEBUG:root:Left=61.718000 Right=-137.313000
DEBUG:root:ScaledLeft: 513.865500 ScaledRight: 66.045750
INFO:root:Looping....
DEBUG:root:This is the line: drive:-61.718:75.595

DEBUG:root:We got command: drive
DEBUG:root:We got a drive command: rawX:75.595000 and rawY:-61.718000
DEBUG:root:Reverse to the Right
DEBUG:root:Left=61.718000 Right=-137.313000
DEBUG:root:ScaledLeft: 513.865500 ScaledRight: 66.045750
INFO:root:Looping....
DEBUG:root:This is the line: drive:-61.718:75.595

DEBUG:root:We got command: drive
DEBUG:root:We got a drive command: rawX:75.595000 and rawY:-61.718000
DEBUG:root:Reverse to the Right
DEBUG:root:Left=61.718000 Right=-137.313000
DEBUG:root:ScaledLeft: 513.865500 ScaledRight: 66.045750
INFO:root:Looping....
DEBUG:root:This is the line: drive:-61.718:75.595

DEBUG:root:We got command: drive
DEBUG:root:We got a drive command: rawX:75.595000 and rawY:-61.718000
DEBUG:root:Reverse to the Right
DEBUG:root:Left=61.718000 Right=-137.313000
DEBUG:root:ScaledLeft: 513.865500 ScaledRight: 66.045750
INFO:root:Looping....
DEBUG:root:This is the line: drive:-62.003:75.595

DEBUG:root:We got command: drive
DEBUG:root:We got a drive command: rawX:75.595000 and rawY:-62.003000
DEBUG:root:Reverse to the Right
DEBUG:root:Left=62.003000 Right=-137.598000
DEBUG:root:ScaledLeft: 514.506750 ScaledRight: 65.404500
INFO:root:Looping....
DEBUG:root:This is the line: drive:-62.003:75.595

DEBUG:root:We got command: drive
DEBUG:root:We got a drive command: rawX:75.595000 and rawY:-62.003000
DEBUG:root:Reverse to the Right
DEBUG:root:Left=62.003000 Right=-137.598000
DEBUG:root:ScaledLeft: 514.506750 ScaledRight: 65.404500
INFO:root:Looping....
DEBUG:root:This is the line: drive:-62.003:75.595

DEBUG:root:We got command: drive
DEBUG:root:We got a drive command: rawX:75.595000 and rawY:-62.003000
DEBUG:root:Reverse to the Right
DEBUG:root:Left=62.003000 Right=-137.598000
DEBUG:root:ScaledLeft: 514.506750 ScaledRight: 65.404500
INFO:root:Looping....
DEBUG:root:This is the line: drive:-62.003:75.595

DEBUG:root:We got command: drive
DEBUG:root:We got a drive command: rawX:75.595000 and rawY:-62.003000
DEBUG:root:Reverse to the Right
DEBUG:root:Left=62.003000 Right=-137.598000
DEBUG:root:ScaledLeft: 514.506750 ScaledRight: 65.404500
INFO:root:Looping....
DEBUG:root:This is the line: drive:-62.003:75.595

DEBUG:root:We got command: drive
DEBUG:root:We got a drive command: rawX:75.595000 and rawY:-62.003000
DEBUG:root:Reverse to the Right
DEBUG:root:Left=62.003000 Right=-137.598000
DEBUG:root:ScaledLeft: 514.506750 ScaledRight: 65.404500
INFO:root:Looping....
DEBUG:root:This is the line: drive:-62.003:75.595

DEBUG:root:We got command: drive
DEBUG:root:We got a drive command: rawX:75.595000 and rawY:-62.003000
DEBUG:root:Reverse to the Right
DEBUG:root:Left=62.003000 Right=-137.598000
DEBUG:root:ScaledLeft: 514.506750 ScaledRight: 65.404500
INFO:root:Looping....
DEBUG:root:This is the line: drive:-62.0:75.9

DEBUG:root:We got command: drive
DEBUG:root:We got a drive command: rawX:75.900000 and rawY:-62.000000
DEBUG:root:Reverse to the Right
DEBUG:root:Left=62.000000 Right=-137.900000
DEBUG:root:ScaledLeft: 514.500000 ScaledRight: 64.725000
INFO:root:Looping....
DEBUG:root:This is the line: drive:-62.286:76.986

DEBUG:root:We got command: drive
DEBUG:root:We got a drive command: rawX:76.986000 and rawY:-62.286000
DEBUG:root:Reverse to the Right
DEBUG:root:Left=62.286000 Right=-139.272000
DEBUG:root:ScaledLeft: 515.143500 ScaledRight: 61.638000
INFO:root:Looping....
DEBUG:root:This is the line: drive:-62.286:79.152

DEBUG:root:We got command: drive
DEBUG:root:We got a drive command: rawX:79.152000 and rawY:-62.286000
DEBUG:root:Reverse to the Right
DEBUG:root:Left=62.286000 Right=-141.438000
DEBUG:root:ScaledLeft: 515.143500 ScaledRight: 56.764500
INFO:root:Looping....
DEBUG:root:This is the line: drive:-62.286:80.941

DEBUG:root:We got command: drive
DEBUG:root:We got a drive command: rawX:80.941000 and rawY:-62.286000
DEBUG:root:Reverse to the Right
DEBUG:root:Left=62.286000 Right=-143.227000
DEBUG:root:ScaledLeft: 515.143500 ScaledRight: 52.739250
INFO:root:Looping....
DEBUG:root:This is the line: drive:-62.571:82.771

DEBUG:root:We got command: drive
DEBUG:root:We got a drive command: rawX:82.771000 and rawY:-62.571000
DEBUG:root:Reverse to the Right
DEBUG:root:Left=62.571000 Right=-145.342000
DEBUG:root:ScaledLeft: 515.784750 ScaledRight: 47.980500
INFO:root:Looping....
DEBUG:root:This is the line: drive:-62.571:83.713

DEBUG:root:We got command: drive
DEBUG:root:We got a drive command: rawX:83.713000 and rawY:-62.571000
DEBUG:root:Reverse to the Right
DEBUG:root:Left=62.571000 Right=-146.284000
DEBUG:root:ScaledLeft: 515.784750 ScaledRight: 45.861000
INFO:root:Looping....
DEBUG:root:This is the line: drive:-62.571:84.673

DEBUG:root:We got command: drive
DEBUG:root:We got a drive command: rawX:84.673000 and rawY:-62.571000
DEBUG:root:Reverse to the Right
DEBUG:root:Left=62.571000 Right=-147.244000
DEBUG:root:ScaledLeft: 515.784750 ScaledRight: 43.701000
INFO:root:Looping....
DEBUG:root:This is the line: drive:-62.571:84.194

DEBUG:root:We got command: drive
DEBUG:root:We got a drive command: rawX:84.194000 and rawY:-62.571000
DEBUG:root:Reverse to the Right
DEBUG:root:Left=62.571000 Right=-146.765000
DEBUG:root:ScaledLeft: 515.784750 ScaledRight: 44.778750
INFO:root:Looping....
DEBUG:root:This is the line: drive:-61.13:84.537

DEBUG:root:We got command: drive
DEBUG:root:We got a drive command: rawX:84.537000 and rawY:-61.130000
DEBUG:root:Reverse to the Right
DEBUG:root:Left=61.130000 Right=-145.667000
DEBUG:root:ScaledLeft: 512.542500 ScaledRight: 47.249250
INFO:root:Looping....
DEBUG:root:This is the line: drive:-58.919:84.524

DEBUG:root:We got command: drive
DEBUG:root:We got a drive command: rawX:84.524000 and rawY:-58.919000
DEBUG:root:Reverse to the Right
DEBUG:root:Left=58.919000 Right=-143.443000
DEBUG:root:ScaledLeft: 507.567750 ScaledRight: 52.253250
INFO:root:Looping....
DEBUG:root:This is the line: drive:-53.535:84.226

DEBUG:root:We got command: drive
DEBUG:root:We got a drive command: rawX:84.226000 and rawY:-53.535000
DEBUG:root:Reverse to the Right
DEBUG:root:Left=53.535000 Right=-137.761000
DEBUG:root:ScaledLeft: 495.453750 ScaledRight: 65.037750
INFO:root:Looping....
DEBUG:root:This is the line: drive:-44.904:83.929

DEBUG:root:We got command: drive
DEBUG:root:We got a drive command: rawX:83.929000 and rawY:-44.904000
DEBUG:root:Reverse to the Right
DEBUG:root:Left=44.904000 Right=-128.833000
DEBUG:root:ScaledLeft: 476.034000 ScaledRight: 85.125750
INFO:root:Looping....
DEBUG:root:This is the line: drive:-36.766:83.333

DEBUG:root:We got command: drive
DEBUG:root:We got a drive command: rawX:83.333000 and rawY:-36.766000
DEBUG:root:Reverse to the Right
DEBUG:root:Left=36.766000 Right=-120.099000
DEBUG:root:ScaledLeft: 457.723500 ScaledRight: 104.777250
INFO:root:Looping....
DEBUG:root:This is the line: drive:-25.935:82.738

DEBUG:root:We got command: drive
DEBUG:root:We got a drive command: rawX:82.738000 and rawY:-25.935000
DEBUG:root:Reverse to the Right
DEBUG:root:Left=25.935000 Right=-108.673000
DEBUG:root:ScaledLeft: 433.353750 ScaledRight: 130.485750
INFO:root:Looping....
DEBUG:root:This is the line: drive:-17.209:82.143

DEBUG:root:We got command: drive
DEBUG:root:We got a drive command: rawX:82.143000 and rawY:-17.209000
DEBUG:root:Reverse to the Right
DEBUG:root:Left=17.209000 Right=-99.352000
DEBUG:root:ScaledLeft: 413.720250 ScaledRight: 151.458000
INFO:root:Looping....
DEBUG:root:This is the line: drive:-10.761:82.143

DEBUG:root:We got command: drive
DEBUG:root:We got a drive command: rawX:82.143000 and rawY:-10.761000
DEBUG:root:Reverse to the Right
DEBUG:root:Left=10.761000 Right=-92.904000
DEBUG:root:ScaledLeft: 399.212250 ScaledRight: 165.966000
INFO:root:Looping....
DEBUG:root:This is the line: drive:-5.847:82.44

DEBUG:root:We got command: drive
DEBUG:root:We got a drive command: rawX:82.440000 and rawY:-5.847000
DEBUG:root:Reverse to the Right
DEBUG:root:Left=5.847000 Right=-88.287000
DEBUG:root:ScaledLeft: 388.155750 ScaledRight: 176.354250
INFO:root:Looping....
DEBUG:root:This is the line: drive:-1.978:82.44

DEBUG:root:We got command: drive
DEBUG:root:We got a drive command: rawX:82.440000 and rawY:-1.978000
DEBUG:root:Reverse to the Right
DEBUG:root:Left=1.978000 Right=-84.418000
DEBUG:root:ScaledLeft: 379.450500 ScaledRight: 185.059500
INFO:root:Looping....
DEBUG:root:This is the line: drive:1.894:82.253

DEBUG:root:We got command: drive
DEBUG:root:We got a drive command: rawX:82.253000 and rawY:1.894000
DEBUG:root:Forward to the Right
DEBUG:root:Left=-1.894000 Right=-80.359000
DEBUG:root:ScaledLeft: 370.738500 ScaledRight: 194.192250
INFO:root:Looping....
DEBUG:root:This is the line: drive:4.679:82.143

DEBUG:root:We got command: drive
DEBUG:root:We got a drive command: rawX:82.143000 and rawY:4.679000
DEBUG:root:Forward to the Right
DEBUG:root:Left=-4.679000 Right=-77.464000
DEBUG:root:ScaledLeft: 364.472250 ScaledRight: 200.706000
INFO:root:Looping....
DEBUG:root:This is the line: drive:6.804:82.143

DEBUG:root:We got command: drive
DEBUG:root:We got a drive command: rawX:82.143000 and rawY:6.804000
DEBUG:root:Forward to the Right
DEBUG:root:Left=-6.804000 Right=-75.339000
DEBUG:root:ScaledLeft: 359.691000 ScaledRight: 205.487250
INFO:root:Looping....
DEBUG:root:This is the line: drive:8.57:82.143

DEBUG:root:We got command: drive
DEBUG:root:We got a drive command: rawX:82.143000 and rawY:8.570000
DEBUG:root:Forward to the Right
DEBUG:root:Left=-8.570000 Right=-73.573000
DEBUG:root:ScaledLeft: 355.717500 ScaledRight: 209.460750
INFO:root:Looping....
DEBUG:root:This is the line: drive:10.682:82.143

DEBUG:root:We got command: drive
DEBUG:root:We got a drive command: rawX:82.143000 and rawY:10.682000
DEBUG:root:Forward to the Right
DEBUG:root:Left=-10.682000 Right=-71.461000
DEBUG:root:ScaledLeft: 350.965500 ScaledRight: 214.212750
INFO:root:Looping....
DEBUG:root:This is the line: drive:12.829:82.143

DEBUG:root:We got command: drive
DEBUG:root:We got a drive command: rawX:82.143000 and rawY:12.829000
DEBUG:root:Forward to the Right
DEBUG:root:Left=-12.829000 Right=-69.314000
DEBUG:root:ScaledLeft: 346.134750 ScaledRight: 219.043500
INFO:root:Looping....
DEBUG:root:This is the line: drive:14.601:82.44

DEBUG:root:We got command: drive
DEBUG:root:We got a drive command: rawX:82.440000 and rawY:14.601000
DEBUG:root:Forward to the Right
DEBUG:root:Left=-14.601000 Right=-67.839000
DEBUG:root:ScaledLeft: 342.147750 ScaledRight: 222.362250
INFO:root:Looping....
DEBUG:root:This is the line: drive:17.475:82.44

DEBUG:root:We got command: drive
DEBUG:root:We got a drive command: rawX:82.440000 and rawY:17.475000
DEBUG:root:Forward to the Right
DEBUG:root:Left=-17.475000 Right=-64.965000
DEBUG:root:ScaledLeft: 335.681250 ScaledRight: 228.828750
INFO:root:Looping....
DEBUG:root:This is the line: drive:19.654:82.738

DEBUG:root:We got command: drive
DEBUG:root:We got a drive command: rawX:82.738000 and rawY:19.654000
DEBUG:root:Forward to the Right
DEBUG:root:Left=-19.654000 Right=-63.084000
DEBUG:root:ScaledLeft: 330.778500 ScaledRight: 233.061000
INFO:root:Looping....
DEBUG:root:This is the line: drive:23.934:82.738

DEBUG:root:We got command: drive
DEBUG:root:We got a drive command: rawX:82.738000 and rawY:23.934000
DEBUG:root:Forward to the Right
DEBUG:root:Left=-23.934000 Right=-58.804000
DEBUG:root:ScaledLeft: 321.148500 ScaledRight: 242.691000
INFO:root:Looping....
DEBUG:root:This is the line: drive:30.357:83.036

DEBUG:root:We got command: drive
DEBUG:root:We got a drive command: rawX:83.036000 and rawY:30.357000
DEBUG:root:Forward to the Right
DEBUG:root:Left=-30.357000 Right=-52.679000
DEBUG:root:ScaledLeft: 306.696750 ScaledRight: 256.472250
INFO:root:Looping....
DEBUG:root:This is the line: drive:33.63:83.036

DEBUG:root:We got command: drive
DEBUG:root:We got a drive command: rawX:83.036000 and rawY:33.630000
DEBUG:root:Forward to the Right
DEBUG:root:Left=-33.630000 Right=-49.406000
DEBUG:root:ScaledLeft: 299.332500 ScaledRight: 263.836500
INFO:root:Looping....
DEBUG:root:This is the line: drive:36.093:83.036

DEBUG:root:We got command: drive
DEBUG:root:We got a drive command: rawX:83.036000 and rawY:36.093000
DEBUG:root:Forward to the Right
DEBUG:root:Left=-36.093000 Right=-46.943000
DEBUG:root:ScaledLeft: 293.790750 ScaledRight: 269.378250
INFO:root:Looping....
DEBUG:root:This is the line: drive:38.194:83.333

DEBUG:root:We got command: drive
DEBUG:root:We got a drive command: rawX:83.333000 and rawY:38.194000
DEBUG:root:Forward to the Right
DEBUG:root:Left=-38.194000 Right=-45.139000
DEBUG:root:ScaledLeft: 289.063500 ScaledRight: 273.437250
INFO:root:Looping....
DEBUG:root:This is the line: drive:39.943:83.333

DEBUG:root:We got command: drive
DEBUG:root:We got a drive command: rawX:83.333000 and rawY:39.943000
DEBUG:root:Forward to the Right
DEBUG:root:Left=-39.943000 Right=-43.390000
DEBUG:root:ScaledLeft: 285.128250 ScaledRight: 277.372500
INFO:root:Looping....
DEBUG:root:This is the line: drive:42.019:83.333

DEBUG:root:We got command: drive
DEBUG:root:We got a drive command: rawX:83.333000 and rawY:42.019000
DEBUG:root:Forward to the Right
DEBUG:root:Left=-42.019000 Right=-41.314000
DEBUG:root:ScaledLeft: 280.457250 ScaledRight: 282.043500
INFO:root:Looping....
DEBUG:root:This is the line: drive:44.081:83.631

DEBUG:root:We got command: drive
DEBUG:root:We got a drive command: rawX:83.631000 and rawY:44.081000
DEBUG:root:Forward to the Right
DEBUG:root:Left=-44.081000 Right=-39.550000
DEBUG:root:ScaledLeft: 275.817750 ScaledRight: 286.012500
INFO:root:Looping....
DEBUG:root:This is the line: drive:46.429:83.631

DEBUG:root:We got command: drive
DEBUG:root:We got a drive command: rawX:83.631000 and rawY:46.429000
DEBUG:root:Forward to the Right
DEBUG:root:Left=-46.429000 Right=-37.202000
DEBUG:root:ScaledLeft: 270.534750 ScaledRight: 291.295500
INFO:root:Looping....
DEBUG:root:This is the line: drive:47.688:83.631

DEBUG:root:We got command: drive
DEBUG:root:We got a drive command: rawX:83.631000 and rawY:47.688000
DEBUG:root:Forward to the Right
DEBUG:root:Left=-47.688000 Right=-35.943000
DEBUG:root:ScaledLeft: 267.702000 ScaledRight: 294.128250
INFO:root:Looping....
DEBUG:root:This is the line: drive:48.571:83.917

DEBUG:root:We got command: drive
DEBUG:root:We got a drive command: rawX:83.917000 and rawY:48.571000
DEBUG:root:Forward to the Right
DEBUG:root:Left=-48.571000 Right=-35.346000
DEBUG:root:ScaledLeft: 265.715250 ScaledRight: 295.471500
INFO:root:Looping....
DEBUG:root:This is the line: drive:49.571:83.631

DEBUG:root:We got command: drive
DEBUG:root:We got a drive command: rawX:83.631000 and rawY:49.571000
DEBUG:root:Forward to the Right
DEBUG:root:Left=-49.571000 Right=-34.060000
DEBUG:root:ScaledLeft: 263.465250 ScaledRight: 298.365000
INFO:root:Looping....
DEBUG:root:This is the line: drive:50.143:83.929

DEBUG:root:We got command: drive
DEBUG:root:We got a drive command: rawX:83.929000 and rawY:50.143000
DEBUG:root:Forward to the Right
DEBUG:root:Left=-50.143000 Right=-33.786000
DEBUG:root:ScaledLeft: 262.178250 ScaledRight: 298.981500
INFO:root:Looping....
DEBUG:root:This is the line: drive:50.857:83.588

DEBUG:root:We got command: drive
DEBUG:root:We got a drive command: rawX:83.588000 and rawY:50.857000
DEBUG:root:Forward to the Right
DEBUG:root:Left=-50.857000 Right=-32.731000
DEBUG:root:ScaledLeft: 260.571750 ScaledRight: 301.355250
INFO:root:Looping....
DEBUG:root:This is the line: drive:50.857:83.961

DEBUG:root:We got command: drive
DEBUG:root:We got a drive command: rawX:83.961000 and rawY:50.857000
DEBUG:root:Forward to the Right
DEBUG:root:Left=-50.857000 Right=-33.104000
DEBUG:root:ScaledLeft: 260.571750 ScaledRight: 300.516000
INFO:root:Looping....
DEBUG:root:This is the line: drive:51.22:83.929

DEBUG:root:We got command: drive
DEBUG:root:We got a drive command: rawX:83.929000 and rawY:51.220000
DEBUG:root:Forward to the Right
DEBUG:root:Left=-51.220000 Right=-32.709000
DEBUG:root:ScaledLeft: 259.755000 ScaledRight: 301.404750
INFO:root:Looping....
DEBUG:root:This is the line: drive:51.22:83.929

DEBUG:root:We got command: drive
DEBUG:root:We got a drive command: rawX:83.929000 and rawY:51.220000
DEBUG:root:Forward to the Right
DEBUG:root:Left=-51.220000 Right=-32.709000
DEBUG:root:ScaledLeft: 259.755000 ScaledRight: 301.404750
INFO:root:Looping....
DEBUG:root:This is the line: drive:51.22:83.929

DEBUG:root:We got command: drive
DEBUG:root:We got a drive command: rawX:83.929000 and rawY:51.220000
DEBUG:root:Forward to the Right
DEBUG:root:Left=-51.220000 Right=-32.709000
DEBUG:root:ScaledLeft: 259.755000 ScaledRight: 301.404750
INFO:root:Looping....
DEBUG:root:This is the line: drive:51.143:84.231

DEBUG:root:We got command: drive
DEBUG:root:We got a drive command: rawX:84.231000 and rawY:51.143000
DEBUG:root:Forward to the Right
DEBUG:root:Left=-51.143000 Right=-33.088000
DEBUG:root:ScaledLeft: 259.928250 ScaledRight: 300.552000
INFO:root:Looping....
DEBUG:root:This is the line: drive:51.78:84.158

DEBUG:root:We got command: drive
DEBUG:root:We got a drive command: rawX:84.158000 and rawY:51.780000
DEBUG:root:Forward to the Right
DEBUG:root:Left=-51.780000 Right=-32.378000
DEBUG:root:ScaledLeft: 258.495000 ScaledRight: 302.149500
INFO:root:Looping....
DEBUG:root:This is the line: drive:53.485:84.226

DEBUG:root:We got command: drive
DEBUG:root:We got a drive command: rawX:84.226000 and rawY:53.485000
DEBUG:root:Forward to the Right
DEBUG:root:Left=-53.485000 Right=-30.741000
DEBUG:root:ScaledLeft: 254.658750 ScaledRight: 305.832750
INFO:root:Looping....
DEBUG:root:This is the line: drive:55.286:84.226

DEBUG:root:We got command: drive
DEBUG:root:We got a drive command: rawX:84.226000 and rawY:55.286000
DEBUG:root:Forward to the Right
DEBUG:root:Left=-55.286000 Right=-28.940000
DEBUG:root:ScaledLeft: 250.606500 ScaledRight: 309.885000
INFO:root:Looping....
DEBUG:root:This is the line: drive:58.015:83.929

DEBUG:root:We got command: drive
DEBUG:root:We got a drive command: rawX:83.929000 and rawY:58.015000
DEBUG:root:Forward to the Right
DEBUG:root:Left=-58.015000 Right=-25.914000
DEBUG:root:ScaledLeft: 244.466250 ScaledRight: 316.693500
INFO:root:Looping....
DEBUG:root:This is the line: drive:59.524:83.631

DEBUG:root:We got command: drive
DEBUG:root:We got a drive command: rawX:83.631000 and rawY:59.524000
DEBUG:root:Forward to the Right
DEBUG:root:Left=-59.524000 Right=-24.107000
DEBUG:root:ScaledLeft: 241.071000 ScaledRight: 320.759250
INFO:root:Looping....
DEBUG:root:This is the line: drive:61.598:83.454

DEBUG:root:We got command: drive
DEBUG:root:We got a drive command: rawX:83.454000 and rawY:61.598000
DEBUG:root:Forward to the Right
DEBUG:root:Left=-61.598000 Right=-21.856000
DEBUG:root:ScaledLeft: 236.404500 ScaledRight: 325.824000
INFO:root:Looping....
DEBUG:root:This is the line: drive:63.974:83.631

DEBUG:root:We got command: drive
DEBUG:root:We got a drive command: rawX:83.631000 and rawY:63.974000
DEBUG:root:Forward to the Right
DEBUG:root:Left=-63.974000 Right=-19.657000
DEBUG:root:ScaledLeft: 231.058500 ScaledRight: 330.771750
INFO:root:Looping....
DEBUG:root:This is the line: drive:65.717:83.631

DEBUG:root:We got command: drive
DEBUG:root:We got a drive command: rawX:83.631000 and rawY:65.717000
DEBUG:root:Forward to the Right
DEBUG:root:Left=-65.717000 Right=-17.914000
DEBUG:root:ScaledLeft: 227.136750 ScaledRight: 334.693500
INFO:root:Looping....
DEBUG:root:This is the line: drive:67.862:83.631

DEBUG:root:We got command: drive
DEBUG:root:We got a drive command: rawX:83.631000 and rawY:67.862000
DEBUG:root:Forward to the Right
DEBUG:root:Left=-67.862000 Right=-15.769000
DEBUG:root:ScaledLeft: 222.310500 ScaledRight: 339.519750
INFO:root:Looping....
DEBUG:root:This is the line: drive:69.616:83.631

DEBUG:root:We got command: drive
DEBUG:root:We got a drive command: rawX:83.631000 and rawY:69.616000
DEBUG:root:Forward to the Right
DEBUG:root:Left=-69.616000 Right=-14.015000
DEBUG:root:ScaledLeft: 218.364000 ScaledRight: 343.466250
INFO:root:Looping....
DEBUG:root:This is the line: drive:71.413:83.929

DEBUG:root:We got command: drive
DEBUG:root:We got a drive command: rawX:83.929000 and rawY:71.413000
DEBUG:root:Forward to the Right
DEBUG:root:Left=-71.413000 Right=-12.516000
DEBUG:root:ScaledLeft: 214.320750 ScaledRight: 346.839000
INFO:root:Looping....
DEBUG:root:This is the line: drive:71.737:83.631

DEBUG:root:We got command: drive
DEBUG:root:We got a drive command: rawX:83.631000 and rawY:71.737000
DEBUG:root:Forward to the Right
DEBUG:root:Left=-71.737000 Right=-11.894000
DEBUG:root:ScaledLeft: 213.591750 ScaledRight: 348.238500
INFO:root:Looping....
DEBUG:root:This is the line: drive:71.714:84.038

DEBUG:root:We got command: drive
DEBUG:root:We got a drive command: rawX:84.038000 and rawY:71.714000
DEBUG:root:Forward to the Right
DEBUG:root:Left=-71.714000 Right=-12.324000
DEBUG:root:ScaledLeft: 213.643500 ScaledRight: 347.271000
INFO:root:Looping....
DEBUG:root:This is the line: drive:71.714:84.038

DEBUG:root:We got command: drive
DEBUG:root:We got a drive command: rawX:84.038000 and rawY:71.714000
DEBUG:root:Forward to the Right
DEBUG:root:Left=-71.714000 Right=-12.324000
DEBUG:root:ScaledLeft: 213.643500 ScaledRight: 347.271000
INFO:root:Looping....
DEBUG:root:This is the line: drive:72.0:84.375

DEBUG:root:We got command: drive
DEBUG:root:We got a drive command: rawX:84.375000 and rawY:72.000000
DEBUG:root:Forward to the Right
DEBUG:root:Left=-72.000000 Right=-12.375000
DEBUG:root:ScaledLeft: 213.000000 ScaledRight: 347.156250
INFO:root:Looping....
DEBUG:root:This is the line: drive:72.575:83.925

DEBUG:root:We got command: drive
DEBUG:root:We got a drive command: rawX:83.925000 and rawY:72.575000
DEBUG:root:Forward to the Right
DEBUG:root:Left=-72.575000 Right=-11.350000
DEBUG:root:ScaledLeft: 211.706250 ScaledRight: 349.462500
INFO:root:Looping....
DEBUG:root:This is the line: drive:73.0:84.226

DEBUG:root:We got command: drive
DEBUG:root:We got a drive command: rawX:84.226000 and rawY:73.000000
DEBUG:root:Forward to the Right
DEBUG:root:Left=-73.000000 Right=-11.226000
DEBUG:root:ScaledLeft: 210.750000 ScaledRight: 349.741500
INFO:root:Looping....
DEBUG:root:This is the line: drive:73.0:84.226

DEBUG:root:We got command: drive
DEBUG:root:We got a drive command: rawX:84.226000 and rawY:73.000000
DEBUG:root:Forward to the Right
DEBUG:root:Left=-73.000000 Right=-11.226000
DEBUG:root:ScaledLeft: 210.750000 ScaledRight: 349.741500
INFO:root:Looping....
DEBUG:root:This is the line: drive:73.0:84.226

DEBUG:root:We got command: drive
DEBUG:root:We got a drive command: rawX:84.226000 and rawY:73.000000
DEBUG:root:Forward to the Right
DEBUG:root:Left=-73.000000 Right=-11.226000
DEBUG:root:ScaledLeft: 210.750000 ScaledRight: 349.741500
INFO:root:Looping....
DEBUG:root:This is the line: drive:73.0:84.226

DEBUG:root:We got command: drive
DEBUG:root:We got a drive command: rawX:84.226000 and rawY:73.000000
DEBUG:root:Forward to the Right
DEBUG:root:Left=-73.000000 Right=-11.226000
DEBUG:root:ScaledLeft: 210.750000 ScaledRight: 349.741500
INFO:root:Looping....
DEBUG:root:This is the line: drive:73.149:84.226

DEBUG:root:We got command: drive
DEBUG:root:We got a drive command: rawX:84.226000 and rawY:73.149000
DEBUG:root:Forward to the Right
DEBUG:root:Left=-73.149000 Right=-11.077000
DEBUG:root:ScaledLeft: 210.414750 ScaledRight: 350.076750
INFO:root:Looping....
DEBUG:root:This is the line: drive:73.149:84.226

DEBUG:root:We got command: drive
DEBUG:root:We got a drive command: rawX:84.226000 and rawY:73.149000
DEBUG:root:Forward to the Right
DEBUG:root:Left=-73.149000 Right=-11.077000
DEBUG:root:ScaledLeft: 210.414750 ScaledRight: 350.076750
INFO:root:Looping....
DEBUG:root:This is the line: drive:73.432:84.226

DEBUG:root:We got command: drive
DEBUG:root:We got a drive command: rawX:84.226000 and rawY:73.432000
DEBUG:root:Forward to the Right
DEBUG:root:Left=-73.432000 Right=-10.794000
DEBUG:root:ScaledLeft: 209.778000 ScaledRight: 350.713500
INFO:root:Looping....
DEBUG:root:This is the line: drive:73.432:84.226

DEBUG:root:We got command: drive
DEBUG:root:We got a drive command: rawX:84.226000 and rawY:73.432000
DEBUG:root:Forward to the Right
DEBUG:root:Left=-73.432000 Right=-10.794000
DEBUG:root:ScaledLeft: 209.778000 ScaledRight: 350.713500
INFO:root:Looping....
DEBUG:root:This is the line: drive:73.432:84.226

DEBUG:root:We got command: drive
DEBUG:root:We got a drive command: rawX:84.226000 and rawY:73.432000
DEBUG:root:Forward to the Right
DEBUG:root:Left=-73.432000 Right=-10.794000
DEBUG:root:ScaledLeft: 209.778000 ScaledRight: 350.713500
INFO:root:Looping....
DEBUG:root:This is the line: drive:73.716:84.226

DEBUG:root:We got command: drive
DEBUG:root:We got a drive command: rawX:84.226000 and rawY:73.716000
DEBUG:root:Forward to the Right
DEBUG:root:Left=-73.716000 Right=-10.510000
DEBUG:root:ScaledLeft: 209.139000 ScaledRight: 351.352500
INFO:root:Looping....
DEBUG:root:This is the line: drive:73.716:84.226

DEBUG:root:We got command: drive
DEBUG:root:We got a drive command: rawX:84.226000 and rawY:73.716000
DEBUG:root:Forward to the Right
DEBUG:root:Left=-73.716000 Right=-10.510000
DEBUG:root:ScaledLeft: 209.139000 ScaledRight: 351.352500
INFO:root:Looping....
DEBUG:root:This is the line: drive:74.026:84.226

DEBUG:root:We got command: drive
DEBUG:root:We got a drive command: rawX:84.226000 and rawY:74.026000
DEBUG:root:Forward to the Right
DEBUG:root:Left=-74.026000 Right=-10.200000
DEBUG:root:ScaledLeft: 208.441500 ScaledRight: 352.050000
INFO:root:Looping....
DEBUG:root:This is the line: drive:74.026:84.226

DEBUG:root:We got command: drive
DEBUG:root:We got a drive command: rawX:84.226000 and rawY:74.026000
DEBUG:root:Forward to the Right
DEBUG:root:Left=-74.026000 Right=-10.200000
DEBUG:root:ScaledLeft: 208.441500 ScaledRight: 352.050000
INFO:root:Looping....
DEBUG:root:This is the line: drive:74.0:83.909

DEBUG:root:We got command: drive
DEBUG:root:We got a drive command: rawX:83.909000 and rawY:74.000000
DEBUG:root:Forward to the Right
DEBUG:root:Left=-74.000000 Right=-9.909000
DEBUG:root:ScaledLeft: 208.500000 ScaledRight: 352.704750
INFO:root:Looping....
DEBUG:root:This is the line: drive:74.0:84.614

DEBUG:root:We got command: drive
DEBUG:root:We got a drive command: rawX:84.614000 and rawY:74.000000
DEBUG:root:Forward to the Right
DEBUG:root:Left=-74.000000 Right=-10.614000
DEBUG:root:ScaledLeft: 208.500000 ScaledRight: 351.118500
INFO:root:Looping....
DEBUG:root:This is the line: drive:72.78:84.524

DEBUG:root:We got command: drive
DEBUG:root:We got a drive command: rawX:84.524000 and rawY:72.780000
DEBUG:root:Forward to the Right
DEBUG:root:Left=-72.780000 Right=-11.744000
DEBUG:root:ScaledLeft: 211.245000 ScaledRight: 348.576000
INFO:root:Looping....
DEBUG:root:This is the line: drive:67.06:83.929

DEBUG:root:We got command: drive
DEBUG:root:We got a drive command: rawX:83.929000 and rawY:67.060000
DEBUG:root:Forward to the Right
DEBUG:root:Left=-67.060000 Right=-16.869000
DEBUG:root:ScaledLeft: 224.115000 ScaledRight: 337.044750
INFO:root:Looping....
DEBUG:root:This is the line: drive:61.38:84.462

DEBUG:root:We got command: drive
DEBUG:root:We got a drive command: rawX:84.462000 and rawY:61.380000
DEBUG:root:Forward to the Right
DEBUG:root:Left=-61.380000 Right=-23.082000
DEBUG:root:ScaledLeft: 236.895000 ScaledRight: 323.065500
INFO:root:Looping....
DEBUG:root:This is the line: drive:53.631:85.148

DEBUG:root:We got command: drive
DEBUG:root:We got a drive command: rawX:85.148000 and rawY:53.631000
DEBUG:root:Forward to the Right
DEBUG:root:Left=-53.631000 Right=-31.517000
DEBUG:root:ScaledLeft: 254.330250 ScaledRight: 304.086750
INFO:root:Looping....
DEBUG:root:This is the line: drive:47.999:85.318

DEBUG:root:We got command: drive
DEBUG:root:We got a drive command: rawX:85.318000 and rawY:47.999000
DEBUG:root:Forward to the Right
DEBUG:root:Left=-47.999000 Right=-37.319000
DEBUG:root:ScaledLeft: 267.002250 ScaledRight: 291.032250
INFO:root:Looping....
DEBUG:root:This is the line: drive:40.494:85.714

DEBUG:root:We got command: drive
DEBUG:root:We got a drive command: rawX:85.714000 and rawY:40.494000
DEBUG:root:Forward to the Right
DEBUG:root:Left=-40.494000 Right=-45.220000
DEBUG:root:ScaledLeft: 283.888500 ScaledRight: 273.255000
INFO:root:Looping....
DEBUG:root:This is the line: drive:31.402:86.31

DEBUG:root:We got command: drive
DEBUG:root:We got a drive command: rawX:86.310000 and rawY:31.402000
DEBUG:root:Forward to the Right
DEBUG:root:Left=-31.402000 Right=-54.908000
DEBUG:root:ScaledLeft: 304.345500 ScaledRight: 251.457000
INFO:root:Looping....
DEBUG:root:This is the line: drive:25.07:87.202

DEBUG:root:We got command: drive
DEBUG:root:We got a drive command: rawX:87.202000 and rawY:25.070000
DEBUG:root:Forward to the Right
DEBUG:root:Left=-25.070000 Right=-62.132000
DEBUG:root:ScaledLeft: 318.592500 ScaledRight: 235.203000
INFO:root:Looping....
DEBUG:root:This is the line: drive:16.936:87.274

DEBUG:root:We got command: drive
DEBUG:root:We got a drive command: rawX:87.274000 and rawY:16.936000
DEBUG:root:Forward to the Right
DEBUG:root:Left=-16.936000 Right=-70.338000
DEBUG:root:ScaledLeft: 336.894000 ScaledRight: 216.739500
INFO:root:Looping....
DEBUG:root:This is the line: drive:12.657:87.798

DEBUG:root:We got command: drive
DEBUG:root:We got a drive command: rawX:87.798000 and rawY:12.657000
DEBUG:root:Forward to the Right
DEBUG:root:Left=-12.657000 Right=-75.141000
DEBUG:root:ScaledLeft: 346.521750 ScaledRight: 205.932750
INFO:root:Looping....
DEBUG:root:This is the line: drive:5.72:88.095

DEBUG:root:We got command: drive
DEBUG:root:We got a drive command: rawX:88.095000 and rawY:5.720000
DEBUG:root:Forward to the Right
DEBUG:root:Left=-5.720000 Right=-82.375000
DEBUG:root:ScaledLeft: 362.130000 ScaledRight: 189.656250
INFO:root:Looping....
DEBUG:root:This is the line: drive:0.949:88.095

DEBUG:root:We got command: drive
DEBUG:root:We got a drive command: rawX:88.095000 and rawY:0.949000
DEBUG:root:Forward to the Right
DEBUG:root:Left=-0.949000 Right=-87.146000
DEBUG:root:ScaledLeft: 372.864750 ScaledRight: 178.921500
INFO:root:Looping....
DEBUG:root:This is the line: drive:-1.881:88.095

DEBUG:root:We got command: drive
DEBUG:root:We got a drive command: rawX:88.095000 and rawY:-1.881000
DEBUG:root:Reverse to the Right
DEBUG:root:Left=1.881000 Right=-89.976000
DEBUG:root:ScaledLeft: 379.232250 ScaledRight: 172.554000
INFO:root:Looping....
DEBUG:root:This is the line: drive:-8.215:88.393

DEBUG:root:We got command: drive
DEBUG:root:We got a drive command: rawX:88.393000 and rawY:-8.215000
DEBUG:root:Reverse to the Right
DEBUG:root:Left=8.215000 Right=-96.608000
DEBUG:root:ScaledLeft: 393.483750 ScaledRight: 157.632000
INFO:root:Looping....
DEBUG:root:This is the line: drive:-12.457:88.393

DEBUG:root:We got command: drive
DEBUG:root:We got a drive command: rawX:88.393000 and rawY:-12.457000
DEBUG:root:Reverse to the Right
DEBUG:root:Left=12.457000 Right=-100.850000
DEBUG:root:ScaledLeft: 403.028250 ScaledRight: 148.087500
INFO:root:Looping....
DEBUG:root:This is the line: drive:-17.445:88.095

DEBUG:root:We got command: drive
DEBUG:root:We got a drive command: rawX:88.095000 and rawY:-17.445000
DEBUG:root:Reverse to the Right
DEBUG:root:Left=17.445000 Right=-105.540000
DEBUG:root:ScaledLeft: 414.251250 ScaledRight: 137.535000
INFO:root:Looping....
DEBUG:root:This is the line: drive:-20.776:87.798

DEBUG:root:We got command: drive
DEBUG:root:We got a drive command: rawX:87.798000 and rawY:-20.776000
DEBUG:root:Reverse to the Right
DEBUG:root:Left=20.776000 Right=-108.574000
DEBUG:root:ScaledLeft: 421.746000 ScaledRight: 130.708500
INFO:root:Looping....
DEBUG:root:This is the line: drive:-22.528:87.798

DEBUG:root:We got command: drive
DEBUG:root:We got a drive command: rawX:87.798000 and rawY:-22.528000
DEBUG:root:Reverse to the Right
DEBUG:root:Left=22.528000 Right=-110.326000
DEBUG:root:ScaledLeft: 425.688000 ScaledRight: 126.766500
INFO:root:Looping....
DEBUG:root:This is the line: drive:-24.626:87.798

DEBUG:root:We got command: drive
DEBUG:root:We got a drive command: rawX:87.798000 and rawY:-24.626000
DEBUG:root:Reverse to the Right
DEBUG:root:Left=24.626000 Right=-112.424000
DEBUG:root:ScaledLeft: 430.408500 ScaledRight: 122.046000
INFO:root:Looping....
DEBUG:root:This is the line: drive:-29.256:87.798

DEBUG:root:We got command: drive
DEBUG:root:We got a drive command: rawX:87.798000 and rawY:-29.256000
DEBUG:root:Reverse to the Right
DEBUG:root:Left=29.256000 Right=-117.054000
DEBUG:root:ScaledLeft: 440.826000 ScaledRight: 111.628500
INFO:root:Looping....
DEBUG:root:This is the line: drive:-30.702:87.5

DEBUG:root:We got command: drive
DEBUG:root:We got a drive command: rawX:87.500000 and rawY:-30.702000
DEBUG:root:Reverse to the Right
DEBUG:root:Left=30.702000 Right=-118.202000
DEBUG:root:ScaledLeft: 444.079500 ScaledRight: 109.045500
INFO:root:Looping....
DEBUG:root:This is the line: drive:-32.787:87.5

DEBUG:root:We got command: drive
DEBUG:root:We got a drive command: rawX:87.500000 and rawY:-32.787000
DEBUG:root:Reverse to the Right
DEBUG:root:Left=32.787000 Right=-120.287000
DEBUG:root:ScaledLeft: 448.770750 ScaledRight: 104.354250
INFO:root:Looping....
DEBUG:root:This is the line: drive:-33.987:87.5

DEBUG:root:We got command: drive
DEBUG:root:We got a drive command: rawX:87.500000 and rawY:-33.987000
DEBUG:root:Reverse to the Right
DEBUG:root:Left=33.987000 Right=-121.487000
DEBUG:root:ScaledLeft: 451.470750 ScaledRight: 101.654250
INFO:root:Looping....
DEBUG:root:This is the line: drive:-34.647:87.202

DEBUG:root:We got command: drive
DEBUG:root:We got a drive command: rawX:87.202000 and rawY:-34.647000
DEBUG:root:Reverse to the Right
DEBUG:root:Left=34.647000 Right=-121.849000
DEBUG:root:ScaledLeft: 452.955750 ScaledRight: 100.839750
INFO:root:Looping....
DEBUG:root:This is the line: drive:-35.756:87.202

DEBUG:root:We got command: drive
DEBUG:root:We got a drive command: rawX:87.202000 and rawY:-35.756000
DEBUG:root:Reverse to the Right
DEBUG:root:Left=35.756000 Right=-122.958000
DEBUG:root:ScaledLeft: 455.451000 ScaledRight: 98.344500
INFO:root:Looping....
DEBUG:root:This is the line: drive:-36.571:86.962

DEBUG:root:We got command: drive
DEBUG:root:We got a drive command: rawX:86.962000 and rawY:-36.571000
DEBUG:root:Reverse to the Right
DEBUG:root:Left=36.571000 Right=-123.533000
DEBUG:root:ScaledLeft: 457.284750 ScaledRight: 97.050750
INFO:root:Looping....
DEBUG:root:This is the line: drive:-37.547:86.905

DEBUG:root:We got command: drive
DEBUG:root:We got a drive command: rawX:86.905000 and rawY:-37.547000
DEBUG:root:Reverse to the Right
DEBUG:root:Left=37.547000 Right=-124.452000
DEBUG:root:ScaledLeft: 459.480750 ScaledRight: 94.983000
INFO:root:Looping....
DEBUG:root:This is the line: drive:-38.515:86.607

DEBUG:root:We got command: drive
DEBUG:root:We got a drive command: rawX:86.607000 and rawY:-38.515000
DEBUG:root:Reverse to the Right
DEBUG:root:Left=38.515000 Right=-125.122000
DEBUG:root:ScaledLeft: 461.658750 ScaledRight: 93.475500
INFO:root:Looping....
DEBUG:root:This is the line: drive:-39.448:86.607

DEBUG:root:We got command: drive
DEBUG:root:We got a drive command: rawX:86.607000 and rawY:-39.448000
DEBUG:root:Reverse to the Right
DEBUG:root:Left=39.448000 Right=-126.055000
DEBUG:root:ScaledLeft: 463.758000 ScaledRight: 91.376250
INFO:root:Looping....
DEBUG:root:This is the line: drive:-39.724:86.607

DEBUG:root:We got command: drive
DEBUG:root:We got a drive command: rawX:86.607000 and rawY:-39.724000
DEBUG:root:Reverse to the Right
DEBUG:root:Left=39.724000 Right=-126.331000
DEBUG:root:ScaledLeft: 464.379000 ScaledRight: 90.755250
INFO:root:Looping....
DEBUG:root:This is the line: drive:-40.96:86.31

DEBUG:root:We got command: drive
DEBUG:root:We got a drive command: rawX:86.310000 and rawY:-40.960000
DEBUG:root:Reverse to the Right
DEBUG:root:Left=40.960000 Right=-127.270000
DEBUG:root:ScaledLeft: 467.160000 ScaledRight: 88.642500
INFO:root:Looping....
DEBUG:root:This is the line: drive:-41.96:86.012

DEBUG:root:We got command: drive
DEBUG:root:We got a drive command: rawX:86.012000 and rawY:-41.960000
DEBUG:root:Reverse to the Right
DEBUG:root:Left=41.960000 Right=-127.972000
DEBUG:root:ScaledLeft: 469.410000 ScaledRight: 87.063000
INFO:root:Looping....
DEBUG:root:This is the line: drive:-42.87:86.31

DEBUG:root:We got command: drive
DEBUG:root:We got a drive command: rawX:86.310000 and rawY:-42.870000
DEBUG:root:Reverse to the Right
DEBUG:root:Left=42.870000 Right=-129.180000
DEBUG:root:ScaledLeft: 471.457500 ScaledRight: 84.345000
INFO:root:Looping....
DEBUG:root:This is the line: drive:-44.897:86.012

DEBUG:root:We got command: drive
DEBUG:root:We got a drive command: rawX:86.012000 and rawY:-44.897000
DEBUG:root:Reverse to the Right
DEBUG:root:Left=44.897000 Right=-130.909000
DEBUG:root:ScaledLeft: 476.018250 ScaledRight: 80.454750
INFO:root:Looping....
DEBUG:root:This is the line: drive:-46.0:85.279

DEBUG:root:We got command: drive
DEBUG:root:We got a drive command: rawX:85.279000 and rawY:-46.000000
DEBUG:root:Reverse to the Right
DEBUG:root:Left=46.000000 Right=-131.279000
DEBUG:root:ScaledLeft: 478.500000 ScaledRight: 79.622250
INFO:root:Looping....
DEBUG:root:This is the line: drive:-46.826:83.068

DEBUG:root:We got command: drive
DEBUG:root:We got a drive command: rawX:83.068000 and rawY:-46.826000
DEBUG:root:Reverse to the Right
DEBUG:root:Left=46.826000 Right=-129.894000
DEBUG:root:ScaledLeft: 480.358500 ScaledRight: 82.738500
INFO:root:Looping....
DEBUG:root:This is the line: drive:-48.429:80.655

DEBUG:root:We got command: drive
DEBUG:root:We got a drive command: rawX:80.655000 and rawY:-48.429000
DEBUG:root:Reverse to the Right
DEBUG:root:Left=48.429000 Right=-129.084000
DEBUG:root:ScaledLeft: 483.965250 ScaledRight: 84.561000
INFO:root:Looping....
DEBUG:root:This is the line: drive:-50.273:75.054

DEBUG:root:We got command: drive
DEBUG:root:We got a drive command: rawX:75.054000 and rawY:-50.273000
DEBUG:root:Reverse to the Right
DEBUG:root:Left=50.273000 Right=-125.327000
DEBUG:root:ScaledLeft: 488.114250 ScaledRight: 93.014250
INFO:root:Looping....
DEBUG:root:This is the line: drive:-51.714:66.534

DEBUG:root:We got command: drive
DEBUG:root:We got a drive command: rawX:66.534000 and rawY:-51.714000
DEBUG:root:Reverse to the Right
DEBUG:root:Left=51.714000 Right=-118.248000
DEBUG:root:ScaledLeft: 491.356500 ScaledRight: 108.942000
INFO:root:Looping....
DEBUG:root:This is the line: drive:-51.714:61.275

DEBUG:root:We got command: drive
DEBUG:root:We got a drive command: rawX:61.275000 and rawY:-51.714000
DEBUG:root:Reverse to the Right
DEBUG:root:Left=51.714000 Right=-112.989000
DEBUG:root:ScaledLeft: 491.356500 ScaledRight: 120.774750
INFO:root:Looping....
DEBUG:root:This is the line: drive:-51.714:53.946

DEBUG:root:We got command: drive
DEBUG:root:We got a drive command: rawX:53.946000 and rawY:-51.714000
DEBUG:root:Reverse to the Right
DEBUG:root:Left=51.714000 Right=-105.660000
DEBUG:root:ScaledLeft: 491.356500 ScaledRight: 137.265000
INFO:root:Looping....
DEBUG:root:This is the line: drive:-50.272:49.66

DEBUG:root:We got command: drive
DEBUG:root:We got a drive command: rawX:49.660000 and rawY:-50.272000
DEBUG:root:Reverse to the Right
DEBUG:root:Left=50.272000 Right=-99.932000
DEBUG:root:ScaledLeft: 488.112000 ScaledRight: 150.153000
INFO:root:Looping....
DEBUG:root:This is the line: drive:-48.233:43.585

DEBUG:root:We got command: drive
DEBUG:root:We got a drive command: rawX:43.585000 and rawY:-48.233000
DEBUG:root:Reverse to the Right
DEBUG:root:Left=48.233000 Right=-91.818000
DEBUG:root:ScaledLeft: 483.524250 ScaledRight: 168.409500
INFO:root:Looping....
DEBUG:root:This is the line: drive:-44.389:37.215

DEBUG:root:We got command: drive
DEBUG:root:We got a drive command: rawX:37.215000 and rawY:-44.389000
DEBUG:root:Reverse to the Right
DEBUG:root:Left=44.389000 Right=-81.604000
DEBUG:root:ScaledLeft: 474.875250 ScaledRight: 191.391000
INFO:root:Looping....
DEBUG:root:This is the line: drive:-40.521:31.793

DEBUG:root:We got command: drive
DEBUG:root:We got a drive command: rawX:31.793000 and rawY:-40.521000
DEBUG:root:Reverse to the Right
DEBUG:root:Left=40.521000 Right=-72.314000
DEBUG:root:ScaledLeft: 466.172250 ScaledRight: 212.293500
INFO:root:Looping....
DEBUG:root:This is the line: drive:-34.131:25.136

DEBUG:root:We got command: drive
DEBUG:root:We got a drive command: rawX:25.136000 and rawY:-34.131000
DEBUG:root:Reverse to the Right
DEBUG:root:Left=34.131000 Right=-59.267000
DEBUG:root:ScaledLeft: 451.794750 ScaledRight: 241.649250
INFO:root:Looping....
DEBUG:root:This is the line: drive:-26.006:18.398

DEBUG:root:We got command: drive
DEBUG:root:We got a drive command: rawX:18.398000 and rawY:-26.006000
DEBUG:root:Reverse to the Right
DEBUG:root:Left=26.006000 Right=-44.404000
DEBUG:root:ScaledLeft: 433.513500 ScaledRight: 275.091000
INFO:root:Looping....
DEBUG:root:This is the line: drive:-15.396:11.349

DEBUG:root:We got command: drive
DEBUG:root:We got a drive command: rawX:11.349000 and rawY:-15.396000
DEBUG:root:Reverse to the Right
DEBUG:root:Left=15.396000 Right=-26.745000
DEBUG:root:ScaledLeft: 409.641000 ScaledRight: 314.823750
INFO:root:Looping....
DEBUG:root:This is the line: drive:-3.424:5.296

DEBUG:root:We got command: drive
DEBUG:root:We got a drive command: rawX:5.296000 and rawY:-3.424000
DEBUG:root:Reverse to the Right
DEBUG:root:Left=3.424000 Right=-8.720000
DEBUG:root:ScaledLeft: 382.704000 ScaledRight: 355.380000
INFO:root:Looping....
DEBUG:root:This is the line: drive:4.831:0.963

DEBUG:root:We got command: drive
DEBUG:root:We got a drive command: rawX:0.963000 and rawY:4.831000
DEBUG:root:Forward to the Right
DEBUG:root:Left=-4.831000 Right=3.868000
DEBUG:root:ScaledLeft: 364.130250 ScaledRight: 383.703000
INFO:root:Looping....
DEBUG:root:This is the line: drive:14.936:-3.545

DEBUG:root:We got command: drive
DEBUG:root:We got a drive command: rawX:-3.545000 and rawY:14.936000
DEBUG:root:Forward to the Left/Straight
DEBUG:root:Left=-18.481000 Right=14.936000
DEBUG:root:ScaledLeft: 333.417750 ScaledRight: 408.606000
INFO:root:Looping....
DEBUG:root:This is the line: drive:26.634:-9.312

DEBUG:root:We got command: drive
DEBUG:root:We got a drive command: rawX:-9.312000 and rawY:26.634000
DEBUG:root:Forward to the Left/Straight
DEBUG:root:Left=-35.946000 Right=26.634000
DEBUG:root:ScaledLeft: 294.121500 ScaledRight: 434.926500
INFO:root:Looping....
DEBUG:root:This is the line: drive:37.461:-13.763

DEBUG:root:We got command: drive
DEBUG:root:We got a drive command: rawX:-13.763000 and rawY:37.461000
DEBUG:root:Forward to the Left/Straight
DEBUG:root:Left=-51.224000 Right=37.461000
DEBUG:root:ScaledLeft: 259.746000 ScaledRight: 459.287250
INFO:root:Looping....
DEBUG:root:This is the line: drive:45.924:-17.904

DEBUG:root:We got command: drive
DEBUG:root:We got a drive command: rawX:-17.904000 and rawY:45.924000
DEBUG:root:Forward to the Left/Straight
DEBUG:root:Left=-63.828000 Right=45.924000
DEBUG:root:ScaledLeft: 231.387000 ScaledRight: 478.329000
INFO:root:Looping....
DEBUG:root:This is the line: drive:51.237:-21.395

DEBUG:root:We got command: drive
DEBUG:root:We got a drive command: rawX:-21.395000 and rawY:51.237000
DEBUG:root:Forward to the Left/Straight
DEBUG:root:Left=-72.632000 Right=51.237000
DEBUG:root:ScaledLeft: 211.578000 ScaledRight: 490.283250
INFO:root:Looping....
DEBUG:root:This is the line: drive:57.285:-25.594

DEBUG:root:We got command: drive
DEBUG:root:We got a drive command: rawX:-25.594000 and rawY:57.285000
DEBUG:root:Forward to the Left/Straight
DEBUG:root:Left=-82.879000 Right=57.285000
DEBUG:root:ScaledLeft: 188.522250 ScaledRight: 503.891250
INFO:root:Looping....
DEBUG:root:This is the line: drive:63.244:-28.475

DEBUG:root:We got command: drive
DEBUG:root:We got a drive command: rawX:-28.475000 and rawY:63.244000
DEBUG:root:Forward to the Left/Straight
DEBUG:root:Left=-91.719000 Right=63.244000
DEBUG:root:ScaledLeft: 168.632250 ScaledRight: 517.299000
INFO:root:Looping....
DEBUG:root:This is the line: drive:67.576:-30.583

DEBUG:root:We got command: drive
DEBUG:root:We got a drive command: rawX:-30.583000 and rawY:67.576000
DEBUG:root:Forward to the Left/Straight
DEBUG:root:Left=-98.159000 Right=67.576000
DEBUG:root:ScaledLeft: 154.142250 ScaledRight: 527.046000
INFO:root:Looping....
DEBUG:root:This is the line: drive:70.781:-32.698

DEBUG:root:We got command: drive
DEBUG:root:We got a drive command: rawX:-32.698000 and rawY:70.781000
DEBUG:root:Forward to the Left/Straight
DEBUG:root:Left=-103.479000 Right=70.781000
DEBUG:root:ScaledLeft: 142.172250 ScaledRight: 534.257250
INFO:root:Looping....
DEBUG:root:This is the line: drive:72.495:-34.444

DEBUG:root:We got command: drive
DEBUG:root:We got a drive command: rawX:-34.444000 and rawY:72.495000
DEBUG:root:Forward to the Left/Straight
DEBUG:root:Left=-106.939000 Right=72.495000
DEBUG:root:ScaledLeft: 134.387250 ScaledRight: 538.113750
INFO:root:Looping....
DEBUG:root:This is the line: drive:74.524:-35.367

DEBUG:root:We got command: drive
DEBUG:root:We got a drive command: rawX:-35.367000 and rawY:74.524000
DEBUG:root:Forward to the Left/Straight
DEBUG:root:Left=-109.891000 Right=74.524000
DEBUG:root:ScaledLeft: 127.745250 ScaledRight: 542.679000
INFO:root:Looping....
DEBUG:root:This is the line: drive:76.857:-37.203

DEBUG:root:We got command: drive
DEBUG:root:We got a drive command: rawX:-37.203000 and rawY:76.857000
DEBUG:root:Forward to the Left/Straight
DEBUG:root:Left=-114.060000 Right=76.857000
DEBUG:root:ScaledLeft: 118.365000 ScaledRight: 547.928250
INFO:root:Looping....
DEBUG:root:This is the line: drive:78.887:-39.317

DEBUG:root:We got command: drive
DEBUG:root:We got a drive command: rawX:-39.317000 and rawY:78.887000
DEBUG:root:Forward to the Left/Straight
DEBUG:root:Left=-118.204000 Right=78.887000
DEBUG:root:ScaledLeft: 109.041000 ScaledRight: 552.495750
INFO:root:Looping....
DEBUG:root:This is the line: drive:80.429:-41.22

DEBUG:root:We got command: drive
DEBUG:root:We got a drive command: rawX:-41.220000 and rawY:80.429000
DEBUG:root:Forward to the Left/Straight
DEBUG:root:Left=-121.649000 Right=80.429000
DEBUG:root:ScaledLeft: 101.289750 ScaledRight: 555.965250
INFO:root:Looping....
DEBUG:root:This is the line: drive:80.543:-43.125

DEBUG:root:We got command: drive
DEBUG:root:We got a drive command: rawX:-43.125000 and rawY:80.543000
DEBUG:root:Forward to the Left/Straight
DEBUG:root:Left=-123.668000 Right=80.543000
DEBUG:root:ScaledLeft: 96.747000 ScaledRight: 556.221750
INFO:root:Looping....
DEBUG:root:This is the line: drive:80.571:-45.211

DEBUG:root:We got command: drive
DEBUG:root:We got a drive command: rawX:-45.211000 and rawY:80.571000
DEBUG:root:Forward to the Left/Straight
DEBUG:root:Left=-125.782000 Right=80.571000
DEBUG:root:ScaledLeft: 91.990500 ScaledRight: 556.284750
INFO:root:Looping....
DEBUG:root:This is the line: drive:80.571:-46.933

DEBUG:root:We got command: drive
DEBUG:root:We got a drive command: rawX:-46.933000 and rawY:80.571000
DEBUG:root:Forward to the Left/Straight
DEBUG:root:Left=-127.504000 Right=80.571000
DEBUG:root:ScaledLeft: 88.116000 ScaledRight: 556.284750
INFO:root:Looping....
DEBUG:root:This is the line: drive:80.571:-48.998

DEBUG:root:We got command: drive
DEBUG:root:We got a drive command: rawX:-48.998000 and rawY:80.571000
DEBUG:root:Forward to the Left/Straight
DEBUG:root:Left=-129.569000 Right=80.571000
DEBUG:root:ScaledLeft: 83.469750 ScaledRight: 556.284750
INFO:root:Looping....
DEBUG:root:This is the line: drive:79.744:-51.457

DEBUG:root:We got command: drive
DEBUG:root:We got a drive command: rawX:-51.457000 and rawY:79.744000
DEBUG:root:Forward to the Left/Straight
DEBUG:root:Left=-131.201000 Right=79.744000
DEBUG:root:ScaledLeft: 79.797750 ScaledRight: 554.424000
INFO:root:Looping....
DEBUG:root:This is the line: drive:76.777:-54.548

DEBUG:root:We got command: drive
DEBUG:root:We got a drive command: rawX:-54.548000 and rawY:76.777000
DEBUG:root:Forward to the Left/Straight
DEBUG:root:Left=-131.325000 Right=76.777000
DEBUG:root:ScaledLeft: 79.518750 ScaledRight: 547.748250
INFO:root:Looping....
DEBUG:root:This is the line: drive:72.598:-58.712

DEBUG:root:We got command: drive
DEBUG:root:We got a drive command: rawX:-58.712000 and rawY:72.598000
DEBUG:root:Forward to the Left/Straight
DEBUG:root:Left=-131.310000 Right=72.598000
DEBUG:root:ScaledLeft: 79.552500 ScaledRight: 538.345500
INFO:root:Looping....
DEBUG:root:This is the line: drive:67.321:-62.109

DEBUG:root:We got command: drive
DEBUG:root:We got a drive command: rawX:-62.109000 and rawY:67.321000
DEBUG:root:Forward to the Left/Straight
DEBUG:root:Left=-129.430000 Right=67.321000
DEBUG:root:ScaledLeft: 83.782500 ScaledRight: 526.472250
INFO:root:Looping....
DEBUG:root:This is the line: drive:58.28:-65.239

DEBUG:root:We got command: drive
DEBUG:root:We got a drive command: rawX:-65.239000 and rawY:58.280000
DEBUG:root:Forward to the Left/Straight
DEBUG:root:Left=-123.519000 Right=58.280000
DEBUG:root:ScaledLeft: 97.082250 ScaledRight: 506.130000
INFO:root:Looping....
DEBUG:root:This is the line: drive:46.312:-66.369

DEBUG:root:We got command: drive
DEBUG:root:We got a drive command: rawX:-66.369000 and rawY:46.312000
DEBUG:root:Forward to the Left/Straight
DEBUG:root:Left=-112.681000 Right=46.312000
DEBUG:root:ScaledLeft: 121.467750 ScaledRight: 479.202000
INFO:root:Looping....
DEBUG:root:This is the line: drive:30.448:-64.905

DEBUG:root:We got command: drive
DEBUG:root:We got a drive command: rawX:-64.905000 and rawY:30.448000
DEBUG:root:Forward to the Left/Straight
DEBUG:root:Left=-95.353000 Right=30.448000
DEBUG:root:ScaledLeft: 160.455750 ScaledRight: 443.508000
INFO:root:Looping....
DEBUG:root:This is the line: drive:15.071:-61.049

DEBUG:root:We got command: drive
DEBUG:root:We got a drive command: rawX:-61.049000 and rawY:15.071000
DEBUG:root:Forward to the Left/Straight
DEBUG:root:Left=-76.120000 Right=15.071000
DEBUG:root:ScaledLeft: 203.730000 ScaledRight: 408.909750
INFO:root:Looping....
DEBUG:root:This is the line: drive:4.064:-58.424

DEBUG:root:We got command: drive
DEBUG:root:We got a drive command: rawX:-58.424000 and rawY:4.064000
DEBUG:root:Forward to the Left/Straight
DEBUG:root:Left=-62.488000 Right=4.064000
DEBUG:root:ScaledLeft: 234.402000 ScaledRight: 384.144000
INFO:root:Looping....
DEBUG:root:This is the line: drive:-6.488:-56.272

DEBUG:root:We got command: drive
DEBUG:root:We got a drive command: rawX:-56.272000 and rawY:-6.488000
DEBUG:root:Reverse to the Left/Straight
DEBUG:root:Left=-49.784000 Right=-6.488000
DEBUG:root:ScaledLeft: 262.986000 ScaledRight: 360.402000
INFO:root:Looping....
DEBUG:root:This is the line: drive:-14.286:-54.315

DEBUG:root:We got command: drive
DEBUG:root:We got a drive command: rawX:-54.315000 and rawY:-14.286000
DEBUG:root:Reverse to the Left/Straight
DEBUG:root:Left=-40.029000 Right=-14.286000
DEBUG:root:ScaledLeft: 284.934750 ScaledRight: 342.856500
INFO:root:Looping....
DEBUG:root:This is the line: drive:-21.601:-53.571

DEBUG:root:We got command: drive
DEBUG:root:We got a drive command: rawX:-53.571000 and rawY:-21.601000
DEBUG:root:Reverse to the Left/Straight
DEBUG:root:Left=-31.970000 Right=-21.601000
DEBUG:root:ScaledLeft: 303.067500 ScaledRight: 326.397750
INFO:root:Looping....
DEBUG:root:This is the line: drive:-27.457:-53.571

DEBUG:root:We got command: drive
DEBUG:root:We got a drive command: rawX:-53.571000 and rawY:-27.457000
DEBUG:root:Reverse to the Left/Straight
DEBUG:root:Left=-26.114000 Right=-27.457000
DEBUG:root:ScaledLeft: 316.243500 ScaledRight: 313.221750
INFO:root:Looping....
DEBUG:root:This is the line: drive:-33.265:-53.571

DEBUG:root:We got command: drive
DEBUG:root:We got a drive command: rawX:-53.571000 and rawY:-33.265000
DEBUG:root:Reverse to the Left/Straight
DEBUG:root:Left=-20.306000 Right=-33.265000
DEBUG:root:ScaledLeft: 329.311500 ScaledRight: 300.153750
INFO:root:Looping....
DEBUG:root:This is the line: drive:-37.083:-53.571

DEBUG:root:We got command: drive
DEBUG:root:We got a drive command: rawX:-53.571000 and rawY:-37.083000
DEBUG:root:Reverse to the Left/Straight
DEBUG:root:Left=-16.488000 Right=-37.083000
DEBUG:root:ScaledLeft: 337.902000 ScaledRight: 291.563250
INFO:root:Looping....
DEBUG:root:This is the line: drive:-39.857:-53.571

DEBUG:root:We got command: drive
DEBUG:root:We got a drive command: rawX:-53.571000 and rawY:-39.857000
DEBUG:root:Reverse to the Left/Straight
DEBUG:root:Left=-13.714000 Right=-39.857000
DEBUG:root:ScaledLeft: 344.143500 ScaledRight: 285.321750
INFO:root:Looping....
DEBUG:root:This is the line: drive:-41.53:-53.571

DEBUG:root:We got command: drive
DEBUG:root:We got a drive command: rawX:-53.571000 and rawY:-41.530000
DEBUG:root:Reverse to the Left/Straight
DEBUG:root:Left=-12.041000 Right=-41.530000
DEBUG:root:ScaledLeft: 347.907750 ScaledRight: 281.557500
INFO:root:Looping....
DEBUG:root:This is the line: drive:-43.456:-53.571

DEBUG:root:We got command: drive
DEBUG:root:We got a drive command: rawX:-53.571000 and rawY:-43.456000
DEBUG:root:Reverse to the Left/Straight
DEBUG:root:Left=-10.115000 Right=-43.456000
DEBUG:root:ScaledLeft: 352.241250 ScaledRight: 277.224000
INFO:root:Looping....
DEBUG:root:This is the line: drive:-45.065:-53.571

DEBUG:root:We got command: drive
DEBUG:root:We got a drive command: rawX:-53.571000 and rawY:-45.065000
DEBUG:root:Reverse to the Left/Straight
DEBUG:root:Left=-8.506000 Right=-45.065000
DEBUG:root:ScaledLeft: 355.861500 ScaledRight: 273.603750
INFO:root:Looping....
DEBUG:root:This is the line: drive:0:0

DEBUG:root:We got command: drive
DEBUG:root:We got a drive command: rawX:0.000000 and rawY:0.000000
DEBUG:root:Left=0.000000 Right=0.000000
DEBUG:root:ScaledLeft: 375.000000 ScaledRight: 375.000000
INFO:root:Looping....
DEBUG:root:This is the line: EMERGENCYSTOP:STOP

DEBUG:root:We got command: EMERGENCYSTOP
INFO:root:We got the EMERGENCY STOP command.
INFO:root:Looping....
DEBUG:root:This is the line: EMERGENCYSTOP:STOP

DEBUG:root:We got command: EMERGENCYSTOP
INFO:root:We got the EMERGENCY STOP command.
INFO:root:Looping....
DEBUG:root:This is the line: drive:-45.326:-53.274

DEBUG:root:We got command: drive
DEBUG:root:We got a drive command: rawX:-53.274000 and rawY:-45.326000
DEBUG:root:Reverse to the Left/Straight
DEBUG:root:Left=-7.948000 Right=-45.326000
DEBUG:root:ScaledLeft: 357.117000 ScaledRight: 273.016500
INFO:root:Looping....
DEBUG:root:This is the line: drive:10.449:9.566

DEBUG:root:We got command: drive
DEBUG:root:We got a drive command: rawX:9.566000 and rawY:10.449000
DEBUG:root:Forward to the Right
DEBUG:root:Left=-10.449000 Right=0.883000
DEBUG:root:ScaledLeft: 351.489750 ScaledRight: 376.986750
INFO:root:Looping....
DEBUG:root:This is the line: drive:9.714:6.086

DEBUG:root:We got command: drive
DEBUG:root:We got a drive command: rawX:6.086000 and rawY:9.714000
DEBUG:root:Forward to the Right
DEBUG:root:Left=-9.714000 Right=3.628000
DEBUG:root:ScaledLeft: 353.143500 ScaledRight: 383.163000
INFO:root:Looping....
DEBUG:root:This is the line: drive:10.615:2.885

DEBUG:root:We got command: drive
DEBUG:root:We got a drive command: rawX:2.885000 and rawY:10.615000
DEBUG:root:Forward to the Right
DEBUG:root:Left=-10.615000 Right=7.730000
DEBUG:root:ScaledLeft: 351.116250 ScaledRight: 392.392500
INFO:root:Looping....
DEBUG:root:This is the line: drive:14.836:-0.283

DEBUG:root:We got command: drive
DEBUG:root:We got a drive command: rawX:-0.283000 and rawY:14.836000
DEBUG:root:Forward to the Left/Straight
DEBUG:root:Left=-15.119000 Right=14.836000
DEBUG:root:ScaledLeft: 340.982250 ScaledRight: 408.381000
INFO:root:Looping....
DEBUG:root:This is the line: drive:18.811:-3.821

DEBUG:root:We got command: drive
DEBUG:root:We got a drive command: rawX:-3.821000 and rawY:18.811000
DEBUG:root:Forward to the Left/Straight
DEBUG:root:Left=-22.632000 Right=18.811000
DEBUG:root:ScaledLeft: 324.078000 ScaledRight: 417.324750
INFO:root:Looping....
DEBUG:root:This is the line: drive:20.0:-7.191

DEBUG:root:We got command: drive
DEBUG:root:We got a drive command: rawX:-7.191000 and rawY:20.000000
DEBUG:root:Forward to the Left/Straight
DEBUG:root:Left=-27.191000 Right=20.000000
DEBUG:root:ScaledLeft: 313.820250 ScaledRight: 420.000000
INFO:root:Looping....
DEBUG:root:This is the line: drive:17.715:-10.615

DEBUG:root:We got command: drive
DEBUG:root:We got a drive command: rawX:-10.615000 and rawY:17.715000
DEBUG:root:Forward to the Left/Straight
DEBUG:root:Left=-28.330000 Right=17.715000
DEBUG:root:ScaledLeft: 311.257500 ScaledRight: 414.858750
INFO:root:Looping....
DEBUG:root:This is the line: drive:9.153:-13.988

DEBUG:root:We got command: drive
DEBUG:root:We got a drive command: rawX:-13.988000 and rawY:9.153000
DEBUG:root:Forward to the Left/Straight
DEBUG:root:Left=-23.141000 Right=9.153000
DEBUG:root:ScaledLeft: 322.932750 ScaledRight: 395.594250
INFO:root:Looping....
DEBUG:root:This is the line: drive:4.999:-12.498

DEBUG:root:We got command: drive
DEBUG:root:We got a drive command: rawX:-12.498000 and rawY:4.999000
DEBUG:root:Forward to the Left/Straight
DEBUG:root:Left=-17.497000 Right=4.999000
DEBUG:root:ScaledLeft: 335.631750 ScaledRight: 386.247750
INFO:root:Looping....
DEBUG:root:This is the line: drive:7.594:-0.692

DEBUG:root:We got command: drive
DEBUG:root:We got a drive command: rawX:-0.692000 and rawY:7.594000
DEBUG:root:Forward to the Left/Straight
DEBUG:root:Left=-8.286000 Right=7.594000
DEBUG:root:ScaledLeft: 356.356500 ScaledRight: 392.086500
INFO:root:Looping....
DEBUG:root:This is the line: drive:0:0

DEBUG:root:We got command: drive
DEBUG:root:We got a drive command: rawX:0.000000 and rawY:0.000000
DEBUG:root:Left=0.000000 Right=0.000000
DEBUG:root:ScaledLeft: 375.000000 ScaledRight: 375.000000
INFO:root:Looping....
DEBUG:root:This is the line: drive:10.857:7.44

DEBUG:root:We got command: drive
DEBUG:root:We got a drive command: rawX:7.440000 and rawY:10.857000
DEBUG:root:Forward to the Right
DEBUG:root:Left=-10.857000 Right=3.417000
DEBUG:root:ScaledLeft: 350.571750 ScaledRight: 382.688250
INFO:root:Looping....
DEBUG:root:This is the line: drive:38.857:11.607

DEBUG:root:We got command: drive
DEBUG:root:We got a drive command: rawX:11.607000 and rawY:38.857000
DEBUG:root:Forward to the Right
DEBUG:root:Left=-38.857000 Right=27.250000
DEBUG:root:ScaledLeft: 287.571750 ScaledRight: 436.312500
INFO:root:Looping....
DEBUG:root:This is the line: drive:37.429:7.454

DEBUG:root:We got command: drive
DEBUG:root:We got a drive command: rawX:7.454000 and rawY:37.429000
DEBUG:root:Forward to the Right
DEBUG:root:Left=-37.429000 Right=29.975000
DEBUG:root:ScaledLeft: 290.784750 ScaledRight: 442.443750
INFO:root:Looping....
DEBUG:root:This is the line: drive:37.353:4.98

DEBUG:root:We got command: drive
DEBUG:root:We got a drive command: rawX:4.980000 and rawY:37.353000
DEBUG:root:Forward to the Right
DEBUG:root:Left=-37.353000 Right=32.373000
DEBUG:root:ScaledLeft: 290.955750 ScaledRight: 447.839250
INFO:root:Looping....
DEBUG:root:This is the line: drive:37.143:2.853

DEBUG:root:We got command: drive
DEBUG:root:We got a drive command: rawX:2.853000 and rawY:37.143000
DEBUG:root:Forward to the Right
DEBUG:root:Left=-37.143000 Right=34.290000
DEBUG:root:ScaledLeft: 291.428250 ScaledRight: 452.152500
INFO:root:Looping....
DEBUG:root:This is the line: drive:37.594:1.613

DEBUG:root:We got command: drive
DEBUG:root:We got a drive command: rawX:1.613000 and rawY:37.594000
DEBUG:root:Forward to the Right
DEBUG:root:Left=-37.594000 Right=35.981000
DEBUG:root:ScaledLeft: 290.413500 ScaledRight: 455.957250
INFO:root:Looping....
DEBUG:root:This is the line: drive:39.255:-0.117

DEBUG:root:We got command: drive
DEBUG:root:We got a drive command: rawX:-0.117000 and rawY:39.255000
DEBUG:root:Forward to the Left/Straight
DEBUG:root:Left=-39.372000 Right=39.255000
DEBUG:root:ScaledLeft: 286.413000 ScaledRight: 463.323750
INFO:root:Looping....
DEBUG:root:This is the line: drive:41.219:-2.163

DEBUG:root:We got command: drive
DEBUG:root:We got a drive command: rawX:-2.163000 and rawY:41.219000
DEBUG:root:Forward to the Left/Straight
DEBUG:root:Left=-43.382000 Right=41.219000
DEBUG:root:ScaledLeft: 277.390500 ScaledRight: 467.742750
INFO:root:Looping....
DEBUG:root:This is the line: drive:43.143:-6.523

DEBUG:root:We got command: drive
DEBUG:root:We got a drive command: rawX:-6.523000 and rawY:43.143000
DEBUG:root:Forward to the Left/Straight
DEBUG:root:Left=-49.666000 Right=43.143000
DEBUG:root:ScaledLeft: 263.251500 ScaledRight: 472.071750
INFO:root:Looping....
DEBUG:root:This is the line: drive:41.757:-11.562

DEBUG:root:We got command: drive
DEBUG:root:We got a drive command: rawX:-11.562000 and rawY:41.757000
DEBUG:root:Forward to the Left/Straight
DEBUG:root:Left=-53.319000 Right=41.757000
DEBUG:root:ScaledLeft: 255.032250 ScaledRight: 468.953250
INFO:root:Looping....
DEBUG:root:This is the line: drive:37.286:-15.774

DEBUG:root:We got command: drive
DEBUG:root:We got a drive command: rawX:-15.774000 and rawY:37.286000
DEBUG:root:Forward to the Left/Straight
DEBUG:root:Left=-53.060000 Right=37.286000
DEBUG:root:ScaledLeft: 255.615000 ScaledRight: 458.893500
INFO:root:Looping....
DEBUG:root:This is the line: drive:32.29:-16.667

DEBUG:root:We got command: drive
DEBUG:root:We got a drive command: rawX:-16.667000 and rawY:32.290000
DEBUG:root:Forward to the Left/Straight
DEBUG:root:Left=-48.957000 Right=32.290000
DEBUG:root:ScaledLeft: 264.846750 ScaledRight: 447.652500
INFO:root:Looping....
DEBUG:root:This is the line: drive:27.225:-15.264

DEBUG:root:We got command: drive
DEBUG:root:We got a drive command: rawX:-15.264000 and rawY:27.225000
DEBUG:root:Forward to the Left/Straight
DEBUG:root:Left=-42.489000 Right=27.225000
DEBUG:root:ScaledLeft: 279.399750 ScaledRight: 436.256250
INFO:root:Looping....
DEBUG:root:This is the line: drive:23.851:-10.106

DEBUG:root:We got command: drive
DEBUG:root:We got a drive command: rawX:-10.106000 and rawY:23.851000
DEBUG:root:Forward to the Left/Straight
DEBUG:root:Left=-33.957000 Right=23.851000
DEBUG:root:ScaledLeft: 298.596750 ScaledRight: 428.664750
INFO:root:Looping....
DEBUG:root:This is the line: drive:0:0

DEBUG:root:We got command: drive
DEBUG:root:We got a drive command: rawX:0.000000 and rawY:0.000000
DEBUG:root:Left=0.000000 Right=0.000000
DEBUG:root:ScaledLeft: 375.000000 ScaledRight: 375.000000
INFO:root:Looping....
DEBUG:root:This is the line: drive:21.714:-7.738

DEBUG:root:We got command: drive
DEBUG:root:We got a drive command: rawX:-7.738000 and rawY:21.714000
DEBUG:root:Forward to the Left/Straight
DEBUG:root:Left=-29.452000 Right=21.714000
DEBUG:root:ScaledLeft: 308.733000 ScaledRight: 423.856500
INFO:root:Looping....
DEBUG:root:This is the line: drive:12.857:7.738

DEBUG:root:We got command: drive
DEBUG:root:We got a drive command: rawX:7.738000 and rawY:12.857000
DEBUG:root:Forward to the Right
DEBUG:root:Left=-12.857000 Right=5.119000
DEBUG:root:ScaledLeft: 346.071750 ScaledRight: 386.517750
INFO:root:Looping....
DEBUG:root:This is the line: drive:12.857:7.738

DEBUG:root:We got command: drive
DEBUG:root:We got a drive command: rawX:7.738000 and rawY:12.857000
DEBUG:root:Forward to the Right
DEBUG:root:Left=-12.857000 Right=5.119000
DEBUG:root:ScaledLeft: 346.071750 ScaledRight: 386.517750
INFO:root:Looping....
DEBUG:root:This is the line: drive:36.312:-1.334

DEBUG:root:We got command: drive
DEBUG:root:We got a drive command: rawX:-1.334000 and rawY:36.312000
DEBUG:root:Forward to the Left/Straight
DEBUG:root:Left=-37.646000 Right=36.312000
DEBUG:root:ScaledLeft: 290.296500 ScaledRight: 456.702000
INFO:root:Looping....
DEBUG:root:This is the line: drive:44.3:-8.974

DEBUG:root:We got command: drive
DEBUG:root:We got a drive command: rawX:-8.974000 and rawY:44.300000
DEBUG:root:Forward to the Left/Straight
DEBUG:root:Left=-53.274000 Right=44.300000
DEBUG:root:ScaledLeft: 255.133500 ScaledRight: 474.675000
INFO:root:Looping....
DEBUG:root:This is the line: drive:44.571:-13.095

DEBUG:root:We got command: drive
DEBUG:root:We got a drive command: rawX:-13.095000 and rawY:44.571000
DEBUG:root:Forward to the Left/Straight
DEBUG:root:Left=-57.666000 Right=44.571000
DEBUG:root:ScaledLeft: 245.251500 ScaledRight: 475.284750
INFO:root:Looping....
DEBUG:root:This is the line: drive:31.135:-26.046

DEBUG:root:We got command: drive
DEBUG:root:We got a drive command: rawX:-26.046000 and rawY:31.135000
DEBUG:root:Forward to the Left/Straight
DEBUG:root:Left=-57.181000 Right=31.135000
DEBUG:root:ScaledLeft: 246.342750 ScaledRight: 445.053750
INFO:root:Looping....
DEBUG:root:This is the line: drive:20.376:-27.976

DEBUG:root:We got command: drive
DEBUG:root:We got a drive command: rawX:-27.976000 and rawY:20.376000
DEBUG:root:Forward to the Left/Straight
DEBUG:root:Left=-48.352000 Right=20.376000
DEBUG:root:ScaledLeft: 266.208000 ScaledRight: 420.846000
INFO:root:Looping....
DEBUG:root:This is the line: drive:13.402:-25.582

DEBUG:root:We got command: drive
DEBUG:root:We got a drive command: rawX:-25.582000 and rawY:13.402000
DEBUG:root:Forward to the Left/Straight
DEBUG:root:Left=-38.984000 Right=13.402000
DEBUG:root:ScaledLeft: 287.286000 ScaledRight: 405.154500
INFO:root:Looping....
DEBUG:root:This is the line: drive:7.327:-18.538

DEBUG:root:We got command: drive
DEBUG:root:We got a drive command: rawX:-18.538000 and rawY:7.327000
DEBUG:root:Forward to the Left/Straight
DEBUG:root:Left=-25.865000 Right=7.327000
DEBUG:root:ScaledLeft: 316.803750 ScaledRight: 391.485750
INFO:root:Looping....
DEBUG:root:This is the line: drive:5.169:-13.502

DEBUG:root:We got command: drive
DEBUG:root:We got a drive command: rawX:-13.502000 and rawY:5.169000
DEBUG:root:Forward to the Left/Straight
DEBUG:root:Left=-18.671000 Right=5.169000
DEBUG:root:ScaledLeft: 332.990250 ScaledRight: 386.630250
INFO:root:Looping....
DEBUG:root:This is the line: drive:0:0

DEBUG:root:We got command: drive
DEBUG:root:We got a drive command: rawX:0.000000 and rawY:0.000000
DEBUG:root:Left=0.000000 Right=0.000000
DEBUG:root:ScaledLeft: 375.000000 ScaledRight: 375.000000
INFO:root:Looping....
DEBUG:root:This is the line: drive:6.571:-7.143

DEBUG:root:We got command: drive
DEBUG:root:We got a drive command: rawX:-7.143000 and rawY:6.571000
DEBUG:root:Forward to the Left/Straight
DEBUG:root:Left=-13.714000 Right=6.571000
DEBUG:root:ScaledLeft: 344.143500 ScaledRight: 389.784750
INFO:root:Looping....
DEBUG:root:This is the line: drive:68.857:19.345

DEBUG:root:We got command: drive
DEBUG:root:We got a drive command: rawX:19.345000 and rawY:68.857000
DEBUG:root:Forward to the Right
DEBUG:root:Left=-68.857000 Right=49.512000
DEBUG:root:ScaledLeft: 220.071750 ScaledRight: 486.402000
INFO:root:Looping....
DEBUG:root:This is the line: drive:76.871:16.842

DEBUG:root:We got command: drive
DEBUG:root:We got a drive command: rawX:16.842000 and rawY:76.871000
DEBUG:root:Forward to the Right
DEBUG:root:Left=-76.871000 Right=60.029000
DEBUG:root:ScaledLeft: 202.040250 ScaledRight: 510.065250
INFO:root:Looping....
DEBUG:root:This is the line: drive:85.857:12.351

DEBUG:root:We got command: drive
DEBUG:root:We got a drive command: rawX:12.351000 and rawY:85.857000
DEBUG:root:Forward to the Right
DEBUG:root:Left=-85.857000 Right=73.506000
DEBUG:root:ScaledLeft: 181.821750 ScaledRight: 540.388500
INFO:root:Looping....
DEBUG:root:This is the line: drive:89.714:5.919

DEBUG:root:We got command: drive
DEBUG:root:We got a drive command: rawX:5.919000 and rawY:89.714000
DEBUG:root:Forward to the Right
DEBUG:root:Left=-89.714000 Right=83.795000
DEBUG:root:ScaledLeft: 173.143500 ScaledRight: 563.538750
INFO:root:Looping....
DEBUG:root:This is the line: drive:89.313:-0.063

DEBUG:root:We got command: drive
DEBUG:root:We got a drive command: rawX:-0.063000 and rawY:89.313000
DEBUG:root:Forward to the Left/Straight
DEBUG:root:Left=-89.376000 Right=89.313000
DEBUG:root:ScaledLeft: 173.904000 ScaledRight: 575.954250
INFO:root:Looping....
DEBUG:root:This is the line: drive:86.762:-5.208

DEBUG:root:We got command: drive
DEBUG:root:We got a drive command: rawX:-5.208000 and rawY:86.762000
DEBUG:root:Forward to the Left/Straight
DEBUG:root:Left=-91.970000 Right=86.762000
DEBUG:root:ScaledLeft: 168.067500 ScaledRight: 570.214500
INFO:root:Looping....
DEBUG:root:This is the line: drive:79.354:-11.963

DEBUG:root:We got command: drive
DEBUG:root:We got a drive command: rawX:-11.963000 and rawY:79.354000
DEBUG:root:Forward to the Left/Straight
DEBUG:root:Left=-91.317000 Right=79.354000
DEBUG:root:ScaledLeft: 169.536750 ScaledRight: 553.546500
INFO:root:Looping....
DEBUG:root:This is the line: drive:72.033:-15.914

DEBUG:root:We got command: drive
DEBUG:root:We got a drive command: rawX:-15.914000 and rawY:72.033000
DEBUG:root:Forward to the Left/Straight
DEBUG:root:Left=-87.947000 Right=72.033000
DEBUG:root:ScaledLeft: 177.119250 ScaledRight: 537.074250
INFO:root:Looping....
DEBUG:root:This is the line: drive:59.985:-16.588

DEBUG:root:We got command: drive
DEBUG:root:We got a drive command: rawX:-16.588000 and rawY:59.985000
DEBUG:root:Forward to the Left/Straight
DEBUG:root:Left=-76.573000 Right=59.985000
DEBUG:root:ScaledLeft: 202.710750 ScaledRight: 509.966250
INFO:root:Looping....
DEBUG:root:This is the line: drive:51.523:-14.037

DEBUG:root:We got command: drive
DEBUG:root:We got a drive command: rawX:-14.037000 and rawY:51.523000
DEBUG:root:Forward to the Left/Straight
DEBUG:root:Left=-65.560000 Right=51.523000
DEBUG:root:ScaledLeft: 227.490000 ScaledRight: 490.926750
INFO:root:Looping....
DEBUG:root:This is the line: drive:0:0

DEBUG:root:We got command: drive
DEBUG:root:We got a drive command: rawX:0.000000 and rawY:0.000000
DEBUG:root:Left=0.000000 Right=0.000000
DEBUG:root:ScaledLeft: 375.000000 ScaledRight: 375.000000
INFO:root:Looping....
DEBUG:root:This is the line: drive:47.22:-9.793

DEBUG:root:We got command: drive
DEBUG:root:We got a drive command: rawX:-9.793000 and rawY:47.220000
DEBUG:root:Forward to the Left/Straight
DEBUG:root:Left=-57.013000 Right=47.220000
DEBUG:root:ScaledLeft: 246.720750 ScaledRight: 481.245000
INFO:root:Looping....
DEBUG:root:This is the line: drive:64.556:5.622

DEBUG:root:We got command: drive
DEBUG:root:We got a drive command: rawX:5.622000 and rawY:64.556000
DEBUG:root:Forward to the Right
DEBUG:root:Left=-64.556000 Right=58.934000
DEBUG:root:ScaledLeft: 229.749000 ScaledRight: 507.601500
INFO:root:Looping....
DEBUG:root:This is the line: drive:64.0:1.17

DEBUG:root:We got command: drive
DEBUG:root:We got a drive command: rawX:1.170000 and rawY:64.000000
DEBUG:root:Forward to the Right
DEBUG:root:Left=-64.000000 Right=62.830000
DEBUG:root:ScaledLeft: 231.000000 ScaledRight: 516.367500
INFO:root:Looping....
DEBUG:root:This is the line: drive:65.439:-5.091

DEBUG:root:We got command: drive
DEBUG:root:We got a drive command: rawX:-5.091000 and rawY:65.439000
DEBUG:root:Forward to the Left/Straight
DEBUG:root:Left=-70.530000 Right=65.439000
DEBUG:root:ScaledLeft: 216.307500 ScaledRight: 522.237750
INFO:root:Looping....
DEBUG:root:This is the line: drive:71.816:-9.55

DEBUG:root:We got command: drive
DEBUG:root:We got a drive command: rawX:-9.550000 and rawY:71.816000
DEBUG:root:Forward to the Left/Straight
DEBUG:root:Left=-81.366000 Right=71.816000
DEBUG:root:ScaledLeft: 191.926500 ScaledRight: 536.586000
INFO:root:Looping....
DEBUG:root:This is the line: drive:81.608:-7.049

DEBUG:root:We got command: drive
DEBUG:root:We got a drive command: rawX:-7.049000 and rawY:81.608000
DEBUG:root:Forward to the Left/Straight
DEBUG:root:Left=-88.657000 Right=81.608000
DEBUG:root:ScaledLeft: 175.521750 ScaledRight: 558.618000
INFO:root:Looping....
DEBUG:root:This is the line: drive:88.777:0.024

DEBUG:root:We got command: drive
DEBUG:root:We got a drive command: rawX:0.024000 and rawY:88.777000
DEBUG:root:Forward to the Right
DEBUG:root:Left=-88.777000 Right=88.753000
DEBUG:root:ScaledLeft: 175.251750 ScaledRight: 574.694250
INFO:root:Looping....
DEBUG:root:This is the line: drive:92.487:8.752

DEBUG:root:We got command: drive
DEBUG:root:We got a drive command: rawX:8.752000 and rawY:92.487000
DEBUG:root:Forward to the Right
DEBUG:root:Left=-92.487000 Right=83.735000
DEBUG:root:ScaledLeft: 166.904250 ScaledRight: 563.403750
INFO:root:Looping....
DEBUG:root:This is the line: drive:0:0

DEBUG:root:We got command: drive
DEBUG:root:We got a drive command: rawX:0.000000 and rawY:0.000000
DEBUG:root:Left=0.000000 Right=0.000000
DEBUG:root:ScaledLeft: 375.000000 ScaledRight: 375.000000
INFO:root:Looping....
DEBUG:root:This is the line: drive:94.173:13.573

DEBUG:root:We got command: drive
DEBUG:root:We got a drive command: rawX:13.573000 and rawY:94.173000
DEBUG:root:Forward to the Right
DEBUG:root:Left=-94.173000 Right=80.600000
DEBUG:root:ScaledLeft: 163.110750 ScaledRight: 556.350000
INFO:root:Looping....
DEBUG:root:This is the line: drive:63.714:6.845

DEBUG:root:We got command: drive
DEBUG:root:We got a drive command: rawX:6.845000 and rawY:63.714000
DEBUG:root:Forward to the Right
DEBUG:root:Left=-63.714000 Right=56.869000
DEBUG:root:ScaledLeft: 231.643500 ScaledRight: 502.955250
INFO:root:Looping....
DEBUG:root:This is the line: drive:63.714:6.845

DEBUG:root:We got command: drive
DEBUG:root:We got a drive command: rawX:6.845000 and rawY:63.714000
DEBUG:root:Forward to the Right
DEBUG:root:Left=-63.714000 Right=56.869000
DEBUG:root:ScaledLeft: 231.643500 ScaledRight: 502.955250
INFO:root:Looping....
DEBUG:root:This is the line: drive:60.99:3.692

DEBUG:root:We got command: drive
DEBUG:root:We got a drive command: rawX:3.692000 and rawY:60.990000
DEBUG:root:Forward to the Right
DEBUG:root:Left=-60.990000 Right=57.298000
DEBUG:root:ScaledLeft: 237.772500 ScaledRight: 503.920500
INFO:root:Looping....
DEBUG:root:This is the line: drive:0:0

DEBUG:root:We got command: drive
DEBUG:root:We got a drive command: rawX:0.000000 and rawY:0.000000
DEBUG:root:Left=0.000000 Right=0.000000
DEBUG:root:ScaledLeft: 375.000000 ScaledRight: 375.000000
INFO:root:Looping....
DEBUG:root:This is the line: drive:61.429:3.869

DEBUG:root:We got command: drive
DEBUG:root:We got a drive command: rawX:3.869000 and rawY:61.429000
DEBUG:root:Forward to the Right
DEBUG:root:Left=-61.429000 Right=57.560000
DEBUG:root:ScaledLeft: 236.784750 ScaledRight: 504.510000
INFO:root:Looping....
DEBUG:root:This is the line: drive:66.286:4.464

DEBUG:root:We got command: drive
DEBUG:root:We got a drive command: rawX:4.464000 and rawY:66.286000
DEBUG:root:Forward to the Right
DEBUG:root:Left=-66.286000 Right=61.822000
DEBUG:root:ScaledLeft: 225.856500 ScaledRight: 514.099500
INFO:root:Looping....
DEBUG:root:This is the line: drive:62.505:1.488

DEBUG:root:We got command: drive
DEBUG:root:We got a drive command: rawX:1.488000 and rawY:62.505000
DEBUG:root:Forward to the Right
DEBUG:root:Left=-62.505000 Right=61.017000
DEBUG:root:ScaledLeft: 234.363750 ScaledRight: 512.288250
INFO:root:Looping....
DEBUG:root:This is the line: drive:0:0

DEBUG:root:We got command: drive
DEBUG:root:We got a drive command: rawX:0.000000 and rawY:0.000000
DEBUG:root:Left=0.000000 Right=0.000000
DEBUG:root:ScaledLeft: 375.000000 ScaledRight: 375.000000
INFO:root:Looping....
DEBUG:root:This is the line: EMERGENCYSTOP:STOP

DEBUG:root:We got command: EMERGENCYSTOP
INFO:root:We got the EMERGENCY STOP command.
INFO:root:Looping....
DEBUG:root:This is the line: EMERGENCYSTOP:STOP

DEBUG:root:We got command: EMERGENCYSTOP
INFO:root:We got the EMERGENCY STOP command.
INFO:root:Looping....
DEBUG:root:This is the line: drive:62.286:1.488

DEBUG:root:We got command: drive
DEBUG:root:We got a drive command: rawX:1.488000 and rawY:62.286000
DEBUG:root:Forward to the Right
DEBUG:root:Left=-62.286000 Right=60.798000
DEBUG:root:ScaledLeft: 234.856500 ScaledRight: 511.795500
INFO:root:Looping....
DEBUG:root:This is the line: drive:19.143:-20.536

DEBUG:root:We got command: drive
DEBUG:root:We got a drive command: rawX:-20.536000 and rawY:19.143000
DEBUG:root:Forward to the Left/Straight
DEBUG:root:Left=-39.679000 Right=19.143000
DEBUG:root:ScaledLeft: 285.722250 ScaledRight: 418.071750
INFO:root:Looping....
DEBUG:root:This is the line: drive:19.143:-20.536

DEBUG:root:We got command: drive
DEBUG:root:We got a drive command: rawX:-20.536000 and rawY:19.143000
DEBUG:root:Forward to the Left/Straight
DEBUG:root:Left=-39.679000 Right=19.143000
DEBUG:root:ScaledLeft: 285.722250 ScaledRight: 418.071750
INFO:root:Looping....
DEBUG:root:This is the line: drive:11.902:-21.726

DEBUG:root:We got command: drive
DEBUG:root:We got a drive command: rawX:-21.726000 and rawY:11.902000
DEBUG:root:Forward to the Left/Straight
DEBUG:root:Left=-33.628000 Right=11.902000
DEBUG:root:ScaledLeft: 299.337000 ScaledRight: 401.779500
INFO:root:Looping....
DEBUG:root:This is the line: drive:4.108:-21.726

DEBUG:root:We got command: drive
DEBUG:root:We got a drive command: rawX:-21.726000 and rawY:4.108000
DEBUG:root:Forward to the Left/Straight
DEBUG:root:Left=-25.834000 Right=4.108000
DEBUG:root:ScaledLeft: 316.873500 ScaledRight: 384.243000
INFO:root:Looping....
DEBUG:root:This is the line: drive:-1.971:-23.303

DEBUG:root:We got command: drive
DEBUG:root:We got a drive command: rawX:-23.303000 and rawY:-1.971000
DEBUG:root:Reverse to the Left/Straight
DEBUG:root:Left=-21.332000 Right=-1.971000
DEBUG:root:ScaledLeft: 327.003000 ScaledRight: 370.565250
INFO:root:Looping....
DEBUG:root:This is the line: drive:-6.996:-25.097

DEBUG:root:We got command: drive
DEBUG:root:We got a drive command: rawX:-25.097000 and rawY:-6.996000
DEBUG:root:Reverse to the Left/Straight
DEBUG:root:Left=-18.101000 Right=-6.996000
DEBUG:root:ScaledLeft: 334.272750 ScaledRight: 359.259000
INFO:root:Looping....
DEBUG:root:This is the line: drive:-13.078:-29.32

DEBUG:root:We got command: drive
DEBUG:root:We got a drive command: rawX:-29.320000 and rawY:-13.078000
DEBUG:root:Reverse to the Left/Straight
DEBUG:root:Left=-16.242000 Right=-13.078000
DEBUG:root:ScaledLeft: 338.455500 ScaledRight: 345.574500
INFO:root:Looping....
DEBUG:root:This is the line: drive:-17.732:-36.645

DEBUG:root:We got command: drive
DEBUG:root:We got a drive command: rawX:-36.645000 and rawY:-17.732000
DEBUG:root:Reverse to the Left/Straight
DEBUG:root:Left=-18.913000 Right=-17.732000
DEBUG:root:ScaledLeft: 332.445750 ScaledRight: 335.103000
INFO:root:Looping....
DEBUG:root:This is the line: drive:-18.69:-43.081

DEBUG:root:We got command: drive
DEBUG:root:We got a drive command: rawX:-43.081000 and rawY:-18.690000
DEBUG:root:Reverse to the Left/Straight
DEBUG:root:Left=-24.391000 Right=-18.690000
DEBUG:root:ScaledLeft: 320.120250 ScaledRight: 332.947500
INFO:root:Looping....
DEBUG:root:This is the line: drive:-15.143:-47.917

DEBUG:root:We got command: drive
DEBUG:root:We got a drive command: rawX:-47.917000 and rawY:-15.143000
DEBUG:root:Reverse to the Left/Straight
DEBUG:root:Left=-32.774000 Right=-15.143000
DEBUG:root:ScaledLeft: 301.258500 ScaledRight: 340.928250
INFO:root:Looping....
DEBUG:root:This is the line: drive:-7.269:-45.882

DEBUG:root:We got command: drive
DEBUG:root:We got a drive command: rawX:-45.882000 and rawY:-7.269000
DEBUG:root:Reverse to the Left/Straight
DEBUG:root:Left=-38.613000 Right=-7.269000
DEBUG:root:ScaledLeft: 288.120750 ScaledRight: 358.644750
INFO:root:Looping....
DEBUG:root:This is the line: drive:-7.782:-34.016

DEBUG:root:We got command: drive
DEBUG:root:We got a drive command: rawX:-34.016000 and rawY:-7.782000
DEBUG:root:Reverse to the Left/Straight
DEBUG:root:Left=-26.234000 Right=-7.782000
DEBUG:root:ScaledLeft: 315.973500 ScaledRight: 357.490500
INFO:root:Looping....
DEBUG:root:This is the line: drive:-12.412:-25.761

DEBUG:root:We got command: drive
DEBUG:root:We got a drive command: rawX:-25.761000 and rawY:-12.412000
DEBUG:root:Reverse to the Left/Straight
DEBUG:root:Left=-13.349000 Right=-12.412000
DEBUG:root:ScaledLeft: 344.964750 ScaledRight: 347.073000
INFO:root:Looping....
DEBUG:root:This is the line: drive:-17.414:-21.146

DEBUG:root:We got command: drive
DEBUG:root:We got a drive command: rawX:-21.146000 and rawY:-17.414000
DEBUG:root:Reverse to the Left/Straight
DEBUG:root:Left=-3.732000 Right=-17.414000
DEBUG:root:ScaledLeft: 366.603000 ScaledRight: 335.818500
INFO:root:Looping....
DEBUG:root:This is the line: drive:-22.422:-19.1

DEBUG:root:We got command: drive
DEBUG:root:We got a drive command: rawX:-19.100000 and rawY:-22.422000
DEBUG:root:Reverse to the Left/Straight
DEBUG:root:Left=3.322000 Right=-22.422000
DEBUG:root:ScaledLeft: 382.474500 ScaledRight: 324.550500
INFO:root:Looping....
DEBUG:root:This is the line: drive:-28.99:-17.857

DEBUG:root:We got command: drive
DEBUG:root:We got a drive command: rawX:-17.857000 and rawY:-28.990000
DEBUG:root:Reverse to the Left/Straight
DEBUG:root:Left=11.133000 Right=-28.990000
DEBUG:root:ScaledLeft: 400.049250 ScaledRight: 309.772500
INFO:root:Looping....
DEBUG:root:This is the line: drive:-32.316:-17.857

DEBUG:root:We got command: drive
DEBUG:root:We got a drive command: rawX:-17.857000 and rawY:-32.316000
DEBUG:root:Reverse to the Left/Straight
DEBUG:root:Left=14.459000 Right=-32.316000
DEBUG:root:ScaledLeft: 407.532750 ScaledRight: 302.289000
INFO:root:Looping....
DEBUG:root:This is the line: drive:-35.681:-20.763

DEBUG:root:We got command: drive
DEBUG:root:We got a drive command: rawX:-20.763000 and rawY:-35.681000
DEBUG:root:Reverse to the Left/Straight
DEBUG:root:Left=14.918000 Right=-35.681000
DEBUG:root:ScaledLeft: 408.565500 ScaledRight: 294.717750
INFO:root:Looping....
DEBUG:root:This is the line: drive:-36.669:-25.588

DEBUG:root:We got command: drive
DEBUG:root:We got a drive command: rawX:-25.588000 and rawY:-36.669000
DEBUG:root:Reverse to the Left/Straight
DEBUG:root:Left=11.081000 Right=-36.669000
DEBUG:root:ScaledLeft: 399.932250 ScaledRight: 292.494750
INFO:root:Looping....
DEBUG:root:This is the line: drive:-33.395:-29.796

DEBUG:root:We got command: drive
DEBUG:root:We got a drive command: rawX:-29.796000 and rawY:-33.395000
DEBUG:root:Reverse to the Left/Straight
DEBUG:root:Left=3.599000 Right=-33.395000
DEBUG:root:ScaledLeft: 383.097750 ScaledRight: 299.861250
INFO:root:Looping....
DEBUG:root:This is the line: drive:-26.05:-34.209

DEBUG:root:We got command: drive
DEBUG:root:We got a drive command: rawX:-34.209000 and rawY:-26.050000
DEBUG:root:Reverse to the Left/Straight
DEBUG:root:Left=-8.159000 Right=-26.050000
DEBUG:root:ScaledLeft: 356.642250 ScaledRight: 316.387500
INFO:root:Looping....
DEBUG:root:This is the line: drive:0:0

DEBUG:root:We got command: drive
DEBUG:root:We got a drive command: rawX:0.000000 and rawY:0.000000
DEBUG:root:Left=0.000000 Right=0.000000
DEBUG:root:ScaledLeft: 375.000000 ScaledRight: 375.000000
INFO:root:Looping....
DEBUG:root:This is the line: drive:-21.714:-34.226

DEBUG:root:We got command: drive
DEBUG:root:We got a drive command: rawX:-34.226000 and rawY:-21.714000
DEBUG:root:Reverse to the Left/Straight
DEBUG:root:Left=-12.512000 Right=-21.714000
DEBUG:root:ScaledLeft: 346.848000 ScaledRight: 326.143500
INFO:root:Looping....
DEBUG:root:This is the line: drive:-16.26:11.146

DEBUG:root:We got command: drive
DEBUG:root:We got a drive command: rawX:11.146000 and rawY:-16.260000
DEBUG:root:Reverse to the Right
DEBUG:root:Left=16.260000 Right=-27.406000
DEBUG:root:ScaledLeft: 411.585000 ScaledRight: 313.336500
INFO:root:Looping....
DEBUG:root:This is the line: drive:-20.072:4.425

DEBUG:root:We got command: drive
DEBUG:root:We got a drive command: rawX:4.425000 and rawY:-20.072000
DEBUG:root:Reverse to the Right
DEBUG:root:Left=20.072000 Right=-24.497000
DEBUG:root:ScaledLeft: 420.162000 ScaledRight: 319.881750
INFO:root:Looping....
DEBUG:root:This is the line: drive:-23.162:-8.134

DEBUG:root:We got command: drive
DEBUG:root:We got a drive command: rawX:-8.134000 and rawY:-23.162000
DEBUG:root:Reverse to the Left/Straight
DEBUG:root:Left=15.028000 Right=-23.162000
DEBUG:root:ScaledLeft: 408.813000 ScaledRight: 322.885500
INFO:root:Looping....
DEBUG:root:This is the line: drive:-24.0:-18.379

DEBUG:root:We got command: drive
DEBUG:root:We got a drive command: rawX:-18.379000 and rawY:-24.000000
DEBUG:root:Reverse to the Left/Straight
DEBUG:root:Left=5.621000 Right=-24.000000
DEBUG:root:ScaledLeft: 387.647250 ScaledRight: 321.000000
INFO:root:Looping....
DEBUG:root:This is the line: drive:-22.828:-24.198

DEBUG:root:We got command: drive
DEBUG:root:We got a drive command: rawX:-24.198000 and rawY:-22.828000
DEBUG:root:Reverse to the Left/Straight
DEBUG:root:Left=-1.370000 Right=-22.828000
DEBUG:root:ScaledLeft: 371.917500 ScaledRight: 323.637000
INFO:root:Looping....
DEBUG:root:This is the line: drive:-20.702:-28.652

DEBUG:root:We got command: drive
DEBUG:root:We got a drive command: rawX:-28.652000 and rawY:-20.702000
DEBUG:root:Reverse to the Left/Straight
DEBUG:root:Left=-7.950000 Right=-20.702000
DEBUG:root:ScaledLeft: 357.112500 ScaledRight: 328.420500
INFO:root:Looping....
DEBUG:root:This is the line: drive:-11.571:-28.571

DEBUG:root:We got command: drive
DEBUG:root:We got a drive command: rawX:-28.571000 and rawY:-11.571000
DEBUG:root:Reverse to the Left/Straight
DEBUG:root:Left=-17.000000 Right=-11.571000
DEBUG:root:ScaledLeft: 336.750000 ScaledRight: 348.965250
INFO:root:Looping....
DEBUG:root:This is the line: drive:-0.306:-21.152

DEBUG:root:We got command: drive
DEBUG:root:We got a drive command: rawX:-21.152000 and rawY:-0.306000
DEBUG:root:Reverse to the Left/Straight
DEBUG:root:Left=-20.846000 Right=-0.306000
DEBUG:root:ScaledLeft: 328.096500 ScaledRight: 374.311500
INFO:root:Looping....
DEBUG:root:This is the line: drive:6.774:-11.738

DEBUG:root:We got command: drive
DEBUG:root:We got a drive command: rawX:-11.738000 and rawY:6.774000
DEBUG:root:Forward to the Left/Straight
DEBUG:root:Left=-18.512000 Right=6.774000
DEBUG:root:ScaledLeft: 333.348000 ScaledRight: 390.241500
INFO:root:Looping....
DEBUG:root:This is the line: drive:11.054:-5.246

DEBUG:root:We got command: drive
DEBUG:root:We got a drive command: rawX:-5.246000 and rawY:11.054000
DEBUG:root:Forward to the Left/Straight
DEBUG:root:Left=-16.300000 Right=11.054000
DEBUG:root:ScaledLeft: 338.325000 ScaledRight: 399.871500
INFO:root:Looping....
DEBUG:root:This is the line: drive:13.143:3.291

DEBUG:root:We got command: drive
DEBUG:root:We got a drive command: rawX:3.291000 and rawY:13.143000
DEBUG:root:Forward to the Right
DEBUG:root:Left=-13.143000 Right=9.852000
DEBUG:root:ScaledLeft: 345.428250 ScaledRight: 397.167000
INFO:root:Looping....
DEBUG:root:This is the line: drive:11.609:7.252

DEBUG:root:We got command: drive
DEBUG:root:We got a drive command: rawX:7.252000 and rawY:11.609000
DEBUG:root:Forward to the Right
DEBUG:root:Left=-11.609000 Right=4.357000
DEBUG:root:ScaledLeft: 348.879750 ScaledRight: 384.803250
INFO:root:Looping....
DEBUG:root:This is the line: drive:7.138:7.34

DEBUG:root:We got command: drive
DEBUG:root:We got a drive command: rawX:7.340000 and rawY:7.138000
DEBUG:root:Forward to the Right
DEBUG:root:Left=-7.138000 Right=-0.202000
DEBUG:root:ScaledLeft: 358.939500 ScaledRight: 374.545500
INFO:root:Looping....
DEBUG:root:This is the line: drive:-4.488:3.466

DEBUG:root:We got command: drive
DEBUG:root:We got a drive command: rawX:3.466000 and rawY:-4.488000
DEBUG:root:Reverse to the Right
DEBUG:root:Left=4.488000 Right=-7.954000
DEBUG:root:ScaledLeft: 385.098000 ScaledRight: 357.103500
INFO:root:Looping....
DEBUG:root:This is the line: drive:-16.992:-3.367

DEBUG:root:We got command: drive
DEBUG:root:We got a drive command: rawX:-3.367000 and rawY:-16.992000
DEBUG:root:Reverse to the Left/Straight
DEBUG:root:Left=13.625000 Right=-16.992000
DEBUG:root:ScaledLeft: 405.656250 ScaledRight: 336.768000
INFO:root:Looping....
DEBUG:root:This is the line: drive:-26.416:-11.392

DEBUG:root:We got command: drive
DEBUG:root:We got a drive command: rawX:-11.392000 and rawY:-26.416000
DEBUG:root:Reverse to the Left/Straight
DEBUG:root:Left=15.024000 Right=-26.416000
DEBUG:root:ScaledLeft: 408.804000 ScaledRight: 315.564000
INFO:root:Looping....
DEBUG:root:This is the line: drive:-31.231:-21.199

DEBUG:root:We got command: drive
DEBUG:root:We got a drive command: rawX:-21.199000 and rawY:-31.231000
DEBUG:root:Reverse to the Left/Straight
DEBUG:root:Left=10.032000 Right=-31.231000
DEBUG:root:ScaledLeft: 397.572000 ScaledRight: 304.730250
INFO:root:Looping....
DEBUG:root:This is the line: drive:-30.172:-28.032

DEBUG:root:We got command: drive
DEBUG:root:We got a drive command: rawX:-28.032000 and rawY:-30.172000
DEBUG:root:Reverse to the Left/Straight
DEBUG:root:Left=2.140000 Right=-30.172000
DEBUG:root:ScaledLeft: 379.815000 ScaledRight: 307.113000
INFO:root:Looping....
DEBUG:root:This is the line: drive:-26.069:-34.19

DEBUG:root:We got command: drive
DEBUG:root:We got a drive command: rawX:-34.190000 and rawY:-26.069000
DEBUG:root:Reverse to the Left/Straight
DEBUG:root:Left=-8.121000 Right=-26.069000
DEBUG:root:ScaledLeft: 356.727750 ScaledRight: 316.344750
INFO:root:Looping....
DEBUG:root:This is the line: drive:-13.655:-36.31

DEBUG:root:We got command: drive
DEBUG:root:We got a drive command: rawX:-36.310000 and rawY:-13.655000
DEBUG:root:Reverse to the Left/Straight
DEBUG:root:Left=-22.655000 Right=-13.655000
DEBUG:root:ScaledLeft: 324.026250 ScaledRight: 344.276250
INFO:root:Looping....
DEBUG:root:This is the line: drive:2.046:-34.425

DEBUG:root:We got command: drive
DEBUG:root:We got a drive command: rawX:-34.425000 and rawY:2.046000
DEBUG:root:Forward to the Left/Straight
DEBUG:root:Left=-36.471000 Right=2.046000
DEBUG:root:ScaledLeft: 292.940250 ScaledRight: 379.603500
INFO:root:Looping....
DEBUG:root:This is the line: drive:15.0:-28.571

DEBUG:root:We got command: drive
DEBUG:root:We got a drive command: rawX:-28.571000 and rawY:15.000000
DEBUG:root:Forward to the Left/Straight
DEBUG:root:Left=-43.571000 Right=15.000000
DEBUG:root:ScaledLeft: 276.965250 ScaledRight: 408.750000
INFO:root:Looping....
DEBUG:root:This is the line: drive:24.872:-20.822

DEBUG:root:We got command: drive
DEBUG:root:We got a drive command: rawX:-20.822000 and rawY:24.872000
DEBUG:root:Forward to the Left/Straight
DEBUG:root:Left=-45.694000 Right=24.872000
DEBUG:root:ScaledLeft: 272.188500 ScaledRight: 430.962000
INFO:root:Looping....
DEBUG:root:This is the line: drive:29.379:-13.82

DEBUG:root:We got command: drive
DEBUG:root:We got a drive command: rawX:-13.820000 and rawY:29.379000
DEBUG:root:Forward to the Left/Straight
DEBUG:root:Left=-43.199000 Right=29.379000
DEBUG:root:ScaledLeft: 277.802250 ScaledRight: 441.102750
INFO:root:Looping....
DEBUG:root:This is the line: drive:31.429:-6.217

DEBUG:root:We got command: drive
DEBUG:root:We got a drive command: rawX:-6.217000 and rawY:31.429000
DEBUG:root:Forward to the Left/Straight
DEBUG:root:Left=-37.646000 Right=31.429000
DEBUG:root:ScaledLeft: 290.296500 ScaledRight: 445.715250
INFO:root:Looping....
DEBUG:root:This is the line: drive:28.945:3.285

DEBUG:root:We got command: drive
DEBUG:root:We got a drive command: rawX:3.285000 and rawY:28.945000
DEBUG:root:Forward to the Right
DEBUG:root:Left=-28.945000 Right=25.660000
DEBUG:root:ScaledLeft: 309.873750 ScaledRight: 432.735000
INFO:root:Looping....
DEBUG:root:This is the line: drive:24.944:7.596

DEBUG:root:We got command: drive
DEBUG:root:We got a drive command: rawX:7.596000 and rawY:24.944000
DEBUG:root:Forward to the Right
DEBUG:root:Left=-24.944000 Right=17.348000
DEBUG:root:ScaledLeft: 318.876000 ScaledRight: 414.033000
INFO:root:Looping....
DEBUG:root:This is the line: drive:12.779:14.326

DEBUG:root:We got command: drive
DEBUG:root:We got a drive command: rawX:14.326000 and rawY:12.779000
DEBUG:root:Forward to the Right
DEBUG:root:Left=-12.779000 Right=-1.547000
DEBUG:root:ScaledLeft: 346.247250 ScaledRight: 371.519250
INFO:root:Looping....
DEBUG:root:This is the line: drive:0.795:20.704

DEBUG:root:We got command: drive
DEBUG:root:We got a drive command: rawX:20.704000 and rawY:0.795000
DEBUG:root:Forward to the Right
DEBUG:root:Left=-0.795000 Right=-19.909000
DEBUG:root:ScaledLeft: 373.211250 ScaledRight: 330.204750
INFO:root:Looping....
DEBUG:root:This is the line: drive:0:0

DEBUG:root:We got command: drive
DEBUG:root:We got a drive command: rawX:0.000000 and rawY:0.000000
DEBUG:root:Left=0.000000 Right=0.000000
DEBUG:root:ScaledLeft: 375.000000 ScaledRight: 375.000000
INFO:root:Looping....
DEBUG:root:This is the line: drive:0:0

DEBUG:root:We got command: drive
DEBUG:root:We got a drive command: rawX:0.000000 and rawY:0.000000
DEBUG:root:Left=0.000000 Right=0.000000
DEBUG:root:ScaledLeft: 375.000000 ScaledRight: 375.000000
INFO:root:Looping....
DEBUG:root:This is the line: drive:14.857:10.119

DEBUG:root:We got command: drive
DEBUG:root:We got a drive command: rawX:10.119000 and rawY:14.857000
DEBUG:root:Forward to the Right
DEBUG:root:Left=-14.857000 Right=4.738000
DEBUG:root:ScaledLeft: 341.571750 ScaledRight: 385.660500
INFO:root:Looping....
DEBUG:root:This is the line: drive:13.435:15.463

DEBUG:root:We got command: drive
DEBUG:root:We got a drive command: rawX:15.463000 and rawY:13.435000
DEBUG:root:Forward to the Right
DEBUG:root:Left=-13.435000 Right=-2.028000
DEBUG:root:ScaledLeft: 344.771250 ScaledRight: 370.437000
INFO:root:Looping....
DEBUG:root:This is the line: drive:9.882:18.196

DEBUG:root:We got command: drive
DEBUG:root:We got a drive command: rawX:18.196000 and rawY:9.882000
DEBUG:root:Forward to the Right
DEBUG:root:Left=-9.882000 Right=-8.314000
DEBUG:root:ScaledLeft: 352.765500 ScaledRight: 356.293500
INFO:root:Looping....
DEBUG:root:This is the line: drive:0.985:20.726

DEBUG:root:We got command: drive
DEBUG:root:We got a drive command: rawX:20.726000 and rawY:0.985000
DEBUG:root:Forward to the Right
DEBUG:root:Left=-0.985000 Right=-19.741000
DEBUG:root:ScaledLeft: 372.783750 ScaledRight: 330.582750
INFO:root:Looping....
DEBUG:root:This is the line: drive:-5.857:21.726

DEBUG:root:We got command: drive
DEBUG:root:We got a drive command: rawX:21.726000 and rawY:-5.857000
DEBUG:root:Reverse to the Right
DEBUG:root:Left=5.857000 Right=-27.583000
DEBUG:root:ScaledLeft: 388.178250 ScaledRight: 312.938250
INFO:root:Looping....
DEBUG:root:This is the line: drive:-13.797:20.11

DEBUG:root:We got command: drive
DEBUG:root:We got a drive command: rawX:20.110000 and rawY:-13.797000
DEBUG:root:Reverse to the Right
DEBUG:root:Left=13.797000 Right=-33.907000
DEBUG:root:ScaledLeft: 406.043250 ScaledRight: 298.709250
INFO:root:Looping....
DEBUG:root:This is the line: drive:-19.109:17.28

DEBUG:root:We got command: drive
DEBUG:root:We got a drive command: rawX:17.280000 and rawY:-19.109000
DEBUG:root:Reverse to the Right
DEBUG:root:Left=19.109000 Right=-36.389000
DEBUG:root:ScaledLeft: 417.995250 ScaledRight: 293.124750
INFO:root:Looping....
DEBUG:root:This is the line: drive:-22.429:12.796

DEBUG:root:We got command: drive
DEBUG:root:We got a drive command: rawX:12.796000 and rawY:-22.429000
DEBUG:root:Reverse to the Right
DEBUG:root:Left=22.429000 Right=-35.225000
DEBUG:root:ScaledLeft: 425.465250 ScaledRight: 295.743750
INFO:root:Looping....
DEBUG:root:This is the line: drive:-22.571:8.382

DEBUG:root:We got command: drive
DEBUG:root:We got a drive command: rawX:8.382000 and rawY:-22.571000
DEBUG:root:Reverse to the Right
DEBUG:root:Left=22.571000 Right=-30.953000
DEBUG:root:ScaledLeft: 425.784750 ScaledRight: 305.355750
INFO:root:Looping....
DEBUG:root:This is the line: drive:-20.853:4.753

DEBUG:root:We got command: drive
DEBUG:root:We got a drive command: rawX:4.753000 and rawY:-20.853000
DEBUG:root:Reverse to the Right
DEBUG:root:Left=20.853000 Right=-25.606000
DEBUG:root:ScaledLeft: 421.919250 ScaledRight: 317.386500
INFO:root:Looping....
DEBUG:root:This is the line: drive:-16.839:0.49

DEBUG:root:We got command: drive
DEBUG:root:We got a drive command: rawX:0.490000 and rawY:-16.839000
DEBUG:root:Reverse to the Right
DEBUG:root:Left=16.839000 Right=-17.329000
DEBUG:root:ScaledLeft: 412.887750 ScaledRight: 336.009750
INFO:root:Looping....
DEBUG:root:This is the line: drive:-7.0:-1.488

DEBUG:root:We got command: drive
DEBUG:root:We got a drive command: rawX:-1.488000 and rawY:-7.000000
DEBUG:root:Reverse to the Left/Straight
DEBUG:root:Left=5.512000 Right=-7.000000
DEBUG:root:ScaledLeft: 387.402000 ScaledRight: 359.250000
INFO:root:Looping....
DEBUG:root:This is the line: drive:3.238:-0.575

DEBUG:root:We got command: drive
DEBUG:root:We got a drive command: rawX:-0.575000 and rawY:3.238000
DEBUG:root:Forward to the Left/Straight
DEBUG:root:Left=-3.813000 Right=3.238000
DEBUG:root:ScaledLeft: 366.420750 ScaledRight: 382.285500
INFO:root:Looping....
DEBUG:root:This is the line: drive:13.242:1.588

DEBUG:root:We got command: drive
DEBUG:root:We got a drive command: rawX:1.588000 and rawY:13.242000
DEBUG:root:Forward to the Right
DEBUG:root:Left=-13.242000 Right=11.654000
DEBUG:root:ScaledLeft: 345.205500 ScaledRight: 401.221500
INFO:root:Looping....
DEBUG:root:This is the line: drive:22.538:4.949

DEBUG:root:We got command: drive
DEBUG:root:We got a drive command: rawX:4.949000 and rawY:22.538000
DEBUG:root:Forward to the Right
DEBUG:root:Left=-22.538000 Right=17.589000
DEBUG:root:ScaledLeft: 324.289500 ScaledRight: 414.575250
INFO:root:Looping....
DEBUG:root:This is the line: drive:29.437:9.605

DEBUG:root:We got command: drive
DEBUG:root:We got a drive command: rawX:9.605000 and rawY:29.437000
DEBUG:root:Forward to the Right
DEBUG:root:Left=-29.437000 Right=19.832000
DEBUG:root:ScaledLeft: 308.766750 ScaledRight: 419.622000
INFO:root:Looping....
DEBUG:root:This is the line: drive:34.773:13.731

DEBUG:root:We got command: drive
DEBUG:root:We got a drive command: rawX:13.731000 and rawY:34.773000
DEBUG:root:Forward to the Right
DEBUG:root:Left=-34.773000 Right=21.042000
DEBUG:root:ScaledLeft: 296.760750 ScaledRight: 422.344500
INFO:root:Looping....
DEBUG:root:This is the line: drive:39.796:17.942

DEBUG:root:We got command: drive
DEBUG:root:We got a drive command: rawX:17.942000 and rawY:39.796000
DEBUG:root:Forward to the Right
DEBUG:root:Left=-39.796000 Right=21.854000
DEBUG:root:ScaledLeft: 285.459000 ScaledRight: 424.171500
INFO:root:Looping....
DEBUG:root:This is the line: drive:43.714:22.024

DEBUG:root:We got command: drive
DEBUG:root:We got a drive command: rawX:22.024000 and rawY:43.714000
DEBUG:root:Forward to the Right
DEBUG:root:Left=-43.714000 Right=21.690000
DEBUG:root:ScaledLeft: 276.643500 ScaledRight: 423.802500
INFO:root:Looping....
DEBUG:root:This is the line: drive:47.143:27.084

DEBUG:root:We got command: drive
DEBUG:root:We got a drive command: rawX:27.084000 and rawY:47.143000
DEBUG:root:Forward to the Right
DEBUG:root:Left=-47.143000 Right=20.059000
DEBUG:root:ScaledLeft: 268.928250 ScaledRight: 420.132750
INFO:root:Looping....
DEBUG:root:This is the line: drive:48.503:29.691

DEBUG:root:We got command: drive
DEBUG:root:We got a drive command: rawX:29.691000 and rawY:48.503000
DEBUG:root:Forward to the Right
DEBUG:root:Left=-48.503000 Right=18.812000
DEBUG:root:ScaledLeft: 265.868250 ScaledRight: 417.327000
INFO:root:Looping....
DEBUG:root:This is the line: drive:50.879:34.568

DEBUG:root:We got command: drive
DEBUG:root:We got a drive command: rawX:34.568000 and rawY:50.879000
DEBUG:root:Forward to the Right
DEBUG:root:Left=-50.879000 Right=16.311000
DEBUG:root:ScaledLeft: 260.522250 ScaledRight: 411.699750
INFO:root:Looping....
DEBUG:root:This is the line: drive:52.857:40.331

DEBUG:root:We got command: drive
DEBUG:root:We got a drive command: rawX:40.331000 and rawY:52.857000
DEBUG:root:Forward to the Right
DEBUG:root:Left=-52.857000 Right=12.526000
DEBUG:root:ScaledLeft: 256.071750 ScaledRight: 403.183500
INFO:root:Looping....
DEBUG:root:This is the line: drive:0:0

DEBUG:root:We got command: drive
DEBUG:root:We got a drive command: rawX:0.000000 and rawY:0.000000
DEBUG:root:Left=0.000000 Right=0.000000
DEBUG:root:ScaledLeft: 375.000000 ScaledRight: 375.000000
INFO:root:Looping....
DEBUG:root:This is the line: drive:52.0:45.387

DEBUG:root:We got command: drive
DEBUG:root:We got a drive command: rawX:45.387000 and rawY:52.000000
DEBUG:root:Forward to the Right
DEBUG:root:Left=-52.000000 Right=6.613000
DEBUG:root:ScaledLeft: 258.000000 ScaledRight: 389.879250
INFO:root:Looping....
DEBUG:root:This is the line: drive:-4.714:28.423

DEBUG:root:We got command: drive
DEBUG:root:We got a drive command: rawX:28.423000 and rawY:-4.714000
DEBUG:root:Reverse to the Right
DEBUG:root:Left=4.714000 Right=-33.137000
DEBUG:root:ScaledLeft: 385.606500 ScaledRight: 300.441750
INFO:root:Looping....
DEBUG:root:This is the line: drive:4.575:49.115

DEBUG:root:We got command: drive
DEBUG:root:We got a drive command: rawX:49.115000 and rawY:4.575000
DEBUG:root:Forward to the Right
DEBUG:root:Left=-4.575000 Right=-44.540000
DEBUG:root:ScaledLeft: 364.706250 ScaledRight: 274.785000
INFO:root:Looping....
DEBUG:root:This is the line: drive:8.857:59.821

DEBUG:root:We got command: drive
DEBUG:root:We got a drive command: rawX:59.821000 and rawY:8.857000
DEBUG:root:Forward to the Right
DEBUG:root:Left=-8.857000 Right=-50.964000
DEBUG:root:ScaledLeft: 355.071750 ScaledRight: 260.331000
INFO:root:Looping....
DEBUG:root:This is the line: drive:11.622:68.26

DEBUG:root:We got command: drive
DEBUG:root:We got a drive command: rawX:68.260000 and rawY:11.622000
DEBUG:root:Forward to the Right
DEBUG:root:Left=-11.622000 Right=-56.638000
DEBUG:root:ScaledLeft: 348.850500 ScaledRight: 247.564500
INFO:root:Looping....
DEBUG:root:This is the line: drive:13.143:73.958

DEBUG:root:We got command: drive
DEBUG:root:We got a drive command: rawX:73.958000 and rawY:13.143000
DEBUG:root:Forward to the Right
DEBUG:root:Left=-13.143000 Right=-60.815000
DEBUG:root:ScaledLeft: 345.428250 ScaledRight: 238.166250
INFO:root:Looping....
DEBUG:root:This is the line: drive:14.286:77.775

DEBUG:root:We got command: drive
DEBUG:root:We got a drive command: rawX:77.775000 and rawY:14.286000
DEBUG:root:Forward to the Right
DEBUG:root:Left=-14.286000 Right=-63.489000
DEBUG:root:ScaledLeft: 342.856500 ScaledRight: 232.149750
INFO:root:Looping....
DEBUG:root:This is the line: drive:14.286:81.848

DEBUG:root:We got command: drive
DEBUG:root:We got a drive command: rawX:81.848000 and rawY:14.286000
DEBUG:root:Forward to the Right
DEBUG:root:Left=-14.286000 Right=-67.562000
DEBUG:root:ScaledLeft: 342.856500 ScaledRight: 222.985500
INFO:root:Looping....
DEBUG:root:This is the line: drive:16.0:83.729

DEBUG:root:We got command: drive
DEBUG:root:We got a drive command: rawX:83.729000 and rawY:16.000000
DEBUG:root:Forward to the Right
DEBUG:root:Left=-16.000000 Right=-67.729000
DEBUG:root:ScaledLeft: 339.000000 ScaledRight: 222.609750
INFO:root:Looping....
DEBUG:root:This is the line: drive:16.556:85.996

DEBUG:root:We got command: drive
DEBUG:root:We got a drive command: rawX:85.996000 and rawY:16.556000
DEBUG:root:Forward to the Right
DEBUG:root:Left=-16.556000 Right=-69.440000
DEBUG:root:ScaledLeft: 337.749000 ScaledRight: 218.760000
INFO:root:Looping....
DEBUG:root:This is the line: drive:16.571:87.888

DEBUG:root:We got command: drive
DEBUG:root:We got a drive command: rawX:87.888000 and rawY:16.571000
DEBUG:root:Forward to the Right
DEBUG:root:Left=-16.571000 Right=-71.317000
DEBUG:root:ScaledLeft: 337.715250 ScaledRight: 214.536750
INFO:root:Looping....
DEBUG:root:This is the line: drive:16.978:88.519

DEBUG:root:We got command: drive
DEBUG:root:We got a drive command: rawX:88.519000 and rawY:16.978000
DEBUG:root:Forward to the Right
DEBUG:root:Left=-16.978000 Right=-71.541000
DEBUG:root:ScaledLeft: 336.799500 ScaledRight: 214.032750
INFO:root:Looping....
DEBUG:root:This is the line: drive:16.857:88.735

DEBUG:root:We got command: drive
DEBUG:root:We got a drive command: rawX:88.735000 and rawY:16.857000
DEBUG:root:Forward to the Right
DEBUG:root:Left=-16.857000 Right=-71.878000
DEBUG:root:ScaledLeft: 337.071750 ScaledRight: 213.274500
INFO:root:Looping....
DEBUG:root:This is the line: drive:17.342:89.583

DEBUG:root:We got command: drive
DEBUG:root:We got a drive command: rawX:89.583000 and rawY:17.342000
DEBUG:root:Forward to the Right
DEBUG:root:Left=-17.342000 Right=-72.241000
DEBUG:root:ScaledLeft: 335.980500 ScaledRight: 212.457750
INFO:root:Looping....
DEBUG:root:This is the line: drive:17.857:89.583

DEBUG:root:We got command: drive
DEBUG:root:We got a drive command: rawX:89.583000 and rawY:17.857000
DEBUG:root:Forward to the Right
DEBUG:root:Left=-17.857000 Right=-71.726000
DEBUG:root:ScaledLeft: 334.821750 ScaledRight: 213.616500
INFO:root:Looping....
DEBUG:root:This is the line: drive:18.143:89.881

DEBUG:root:We got command: drive
DEBUG:root:We got a drive command: rawX:89.881000 and rawY:18.143000
DEBUG:root:Forward to the Right
DEBUG:root:Left=-18.143000 Right=-71.738000
DEBUG:root:ScaledLeft: 334.178250 ScaledRight: 213.589500
INFO:root:Looping....
DEBUG:root:This is the line: drive:18.429:90.179

DEBUG:root:We got command: drive
DEBUG:root:We got a drive command: rawX:90.179000 and rawY:18.429000
DEBUG:root:Forward to the Right
DEBUG:root:Left=-18.429000 Right=-71.750000
DEBUG:root:ScaledLeft: 333.534750 ScaledRight: 213.562500
INFO:root:Looping....
DEBUG:root:This is the line: drive:18.642:90.179

DEBUG:root:We got command: drive
DEBUG:root:We got a drive command: rawX:90.179000 and rawY:18.642000
DEBUG:root:Forward to the Right
DEBUG:root:Left=-18.642000 Right=-71.537000
DEBUG:root:ScaledLeft: 333.055500 ScaledRight: 214.041750
INFO:root:Looping....
DEBUG:root:This is the line: drive:18.88:90.154

DEBUG:root:We got command: drive
DEBUG:root:We got a drive command: rawX:90.154000 and rawY:18.880000
DEBUG:root:Forward to the Right
DEBUG:root:Left=-18.880000 Right=-71.274000
DEBUG:root:ScaledLeft: 332.520000 ScaledRight: 214.633500
INFO:root:Looping....
DEBUG:root:This is the line: drive:19.202:89.819

DEBUG:root:We got command: drive
DEBUG:root:We got a drive command: rawX:89.819000 and rawY:19.202000
DEBUG:root:Forward to the Right
DEBUG:root:Left=-19.202000 Right=-70.617000
DEBUG:root:ScaledLeft: 331.795500 ScaledRight: 216.111750
INFO:root:Looping....
DEBUG:root:This is the line: drive:19.429:88.312

DEBUG:root:We got command: drive
DEBUG:root:We got a drive command: rawX:88.312000 and rawY:19.429000
DEBUG:root:Forward to the Right
DEBUG:root:Left=-19.429000 Right=-68.883000
DEBUG:root:ScaledLeft: 331.284750 ScaledRight: 220.013250
INFO:root:Looping....
DEBUG:root:This is the line: drive:18.286:83.786

DEBUG:root:We got command: drive
DEBUG:root:We got a drive command: rawX:83.786000 and rawY:18.286000
DEBUG:root:Forward to the Right
DEBUG:root:Left=-18.286000 Right=-65.500000
DEBUG:root:ScaledLeft: 333.856500 ScaledRight: 227.625000
INFO:root:Looping....
DEBUG:root:This is the line: drive:18.585:68.259

DEBUG:root:We got command: drive
DEBUG:root:We got a drive command: rawX:68.259000 and rawY:18.585000
DEBUG:root:Forward to the Right
DEBUG:root:Left=-18.585000 Right=-49.674000
DEBUG:root:ScaledLeft: 333.183750 ScaledRight: 263.233500
INFO:root:Looping....
DEBUG:root:This is the line: drive:20.0:43.717

DEBUG:root:We got command: drive
DEBUG:root:We got a drive command: rawX:43.717000 and rawY:20.000000
DEBUG:root:Forward to the Right
DEBUG:root:Left=-20.000000 Right=-23.717000
DEBUG:root:ScaledLeft: 330.000000 ScaledRight: 321.636750
INFO:root:Looping....
DEBUG:root:This is the line: drive:18.936:25.09

DEBUG:root:We got command: drive
DEBUG:root:We got a drive command: rawX:25.090000 and rawY:18.936000
DEBUG:root:Forward to the Right
DEBUG:root:Left=-18.936000 Right=-6.154000
DEBUG:root:ScaledLeft: 332.394000 ScaledRight: 361.153500
INFO:root:Looping....
DEBUG:root:This is the line: drive:16.396:6.274

DEBUG:root:We got command: drive
DEBUG:root:We got a drive command: rawX:6.274000 and rawY:16.396000
DEBUG:root:Forward to the Right
DEBUG:root:Left=-16.396000 Right=10.122000
DEBUG:root:ScaledLeft: 338.109000 ScaledRight: 397.774500
INFO:root:Looping....
DEBUG:root:This is the line: drive:13.7:-12.914

DEBUG:root:We got command: drive
DEBUG:root:We got a drive command: rawX:-12.914000 and rawY:13.700000
DEBUG:root:Forward to the Left/Straight
DEBUG:root:Left=-26.614000 Right=13.700000
DEBUG:root:ScaledLeft: 315.118500 ScaledRight: 405.825000
INFO:root:Looping....
DEBUG:root:This is the line: drive:11.694:-23.936

DEBUG:root:We got command: drive
DEBUG:root:We got a drive command: rawX:-23.936000 and rawY:11.694000
DEBUG:root:Forward to the Left/Straight
DEBUG:root:Left=-35.630000 Right=11.694000
DEBUG:root:ScaledLeft: 294.832500 ScaledRight: 401.311500
INFO:root:Looping....
DEBUG:root:This is the line: drive:9.34:-36.38

DEBUG:root:We got command: drive
DEBUG:root:We got a drive command: rawX:-36.380000 and rawY:9.340000
DEBUG:root:Forward to the Left/Straight
DEBUG:root:Left=-45.720000 Right=9.340000
DEBUG:root:ScaledLeft: 272.130000 ScaledRight: 396.015000
INFO:root:Looping....
DEBUG:root:This is the line: drive:7.645:-42.776

DEBUG:root:We got command: drive
DEBUG:root:We got a drive command: rawX:-42.776000 and rawY:7.645000
DEBUG:root:Forward to the Left/Straight
DEBUG:root:Left=-50.421000 Right=7.645000
DEBUG:root:ScaledLeft: 261.552750 ScaledRight: 392.201250
INFO:root:Looping....
DEBUG:root:This is the line: drive:5.604:-49.75

DEBUG:root:We got command: drive
DEBUG:root:We got a drive command: rawX:-49.750000 and rawY:5.604000
DEBUG:root:Forward to the Left/Straight
DEBUG:root:Left=-55.354000 Right=5.604000
DEBUG:root:ScaledLeft: 250.453500 ScaledRight: 387.609000
INFO:root:Looping....
DEBUG:root:This is the line: drive:3.574:-55.948

DEBUG:root:We got command: drive
DEBUG:root:We got a drive command: rawX:-55.948000 and rawY:3.574000
DEBUG:root:Forward to the Left/Straight
DEBUG:root:Left=-59.522000 Right=3.574000
DEBUG:root:ScaledLeft: 241.075500 ScaledRight: 383.041500
INFO:root:Looping....
DEBUG:root:This is the line: drive:1.199:-60.895

DEBUG:root:We got command: drive
DEBUG:root:We got a drive command: rawX:-60.895000 and rawY:1.199000
DEBUG:root:Forward to the Left/Straight
DEBUG:root:Left=-62.094000 Right=1.199000
DEBUG:root:ScaledLeft: 235.288500 ScaledRight: 377.697750
INFO:root:Looping....
DEBUG:root:This is the line: drive:-0.844:-64.569

DEBUG:root:We got command: drive
DEBUG:root:We got a drive command: rawX:-64.569000 and rawY:-0.844000
DEBUG:root:Reverse to the Left/Straight
DEBUG:root:Left=-63.725000 Right=-0.844000
DEBUG:root:ScaledLeft: 231.618750 ScaledRight: 373.101000
INFO:root:Looping....
DEBUG:root:This is the line: drive:-2.857:-67.749

DEBUG:root:We got command: drive
DEBUG:root:We got a drive command: rawX:-67.749000 and rawY:-2.857000
DEBUG:root:Reverse to the Left/Straight
DEBUG:root:Left=-64.892000 Right=-2.857000
DEBUG:root:ScaledLeft: 228.993000 ScaledRight: 368.571750
INFO:root:Looping....
DEBUG:root:This is the line: drive:-3.429:-69.88

DEBUG:root:We got command: drive
DEBUG:root:We got a drive command: rawX:-69.880000 and rawY:-3.429000
DEBUG:root:Reverse to the Left/Straight
DEBUG:root:Left=-66.451000 Right=-3.429000
DEBUG:root:ScaledLeft: 225.485250 ScaledRight: 367.284750
INFO:root:Looping....
DEBUG:root:This is the line: drive:-3.924:-71.647

DEBUG:root:We got command: drive
DEBUG:root:We got a drive command: rawX:-71.647000 and rawY:-3.924000
DEBUG:root:Reverse to the Left/Straight
DEBUG:root:Left=-67.723000 Right=-3.924000
DEBUG:root:ScaledLeft: 222.623250 ScaledRight: 366.171000
INFO:root:Looping....
DEBUG:root:This is the line: drive:-4.571:-73.778

DEBUG:root:We got command: drive
DEBUG:root:We got a drive command: rawX:-73.778000 and rawY:-4.571000
DEBUG:root:Reverse to the Left/Straight
DEBUG:root:Left=-69.207000 Right=-4.571000
DEBUG:root:ScaledLeft: 219.284250 ScaledRight: 364.715250
INFO:root:Looping....
DEBUG:root:This is the line: drive:-4.857:-75.571

DEBUG:root:We got command: drive
DEBUG:root:We got a drive command: rawX:-75.571000 and rawY:-4.857000
DEBUG:root:Reverse to the Left/Straight
DEBUG:root:Left=-70.714000 Right=-4.857000
DEBUG:root:ScaledLeft: 215.893500 ScaledRight: 364.071750
INFO:root:Looping....
DEBUG:root:This is the line: drive:-5.714:-78.378

DEBUG:root:We got command: drive
DEBUG:root:We got a drive command: rawX:-78.378000 and rawY:-5.714000
DEBUG:root:Reverse to the Left/Straight
DEBUG:root:Left=-72.664000 Right=-5.714000
DEBUG:root:ScaledLeft: 211.506000 ScaledRight: 362.143500
INFO:root:Looping....
DEBUG:root:This is the line: drive:-6.0:-79.911

DEBUG:root:We got command: drive
DEBUG:root:We got a drive command: rawX:-79.911000 and rawY:-6.000000
DEBUG:root:Reverse to the Left/Straight
DEBUG:root:Left=-73.911000 Right=-6.000000
DEBUG:root:ScaledLeft: 208.700250 ScaledRight: 361.500000
INFO:root:Looping....
DEBUG:root:This is the line: drive:-6.381:-81.647

DEBUG:root:We got command: drive
DEBUG:root:We got a drive command: rawX:-81.647000 and rawY:-6.381000
DEBUG:root:Reverse to the Left/Straight
DEBUG:root:Left=-75.266000 Right=-6.381000
DEBUG:root:ScaledLeft: 205.651500 ScaledRight: 360.642750
INFO:root:Looping....
DEBUG:root:This is the line: drive:-6.571:-82.095

DEBUG:root:We got command: drive
DEBUG:root:We got a drive command: rawX:-82.095000 and rawY:-6.571000
DEBUG:root:Reverse to the Left/Straight
DEBUG:root:Left=-75.524000 Right=-6.571000
DEBUG:root:ScaledLeft: 205.071000 ScaledRight: 360.215250
INFO:root:Looping....
DEBUG:root:This is the line: drive:-7.0:-82.44

DEBUG:root:We got command: drive
DEBUG:root:We got a drive command: rawX:-82.440000 and rawY:-7.000000
DEBUG:root:Reverse to the Left/Straight
DEBUG:root:Left=-75.440000 Right=-7.000000
DEBUG:root:ScaledLeft: 205.260000 ScaledRight: 359.250000
INFO:root:Looping....
DEBUG:root:This is the line: drive:-7.0:-82.44

DEBUG:root:We got command: drive
DEBUG:root:We got a drive command: rawX:-82.440000 and rawY:-7.000000
DEBUG:root:Reverse to the Left/Straight
DEBUG:root:Left=-75.440000 Right=-7.000000
DEBUG:root:ScaledLeft: 205.260000 ScaledRight: 359.250000
INFO:root:Looping....
DEBUG:root:This is the line: drive:-6.857:-81.141

DEBUG:root:We got command: drive
DEBUG:root:We got a drive command: rawX:-81.141000 and rawY:-6.857000
DEBUG:root:Reverse to the Left/Straight
DEBUG:root:Left=-74.284000 Right=-6.857000
DEBUG:root:ScaledLeft: 207.861000 ScaledRight: 359.571750
INFO:root:Looping....
DEBUG:root:This is the line: drive:-6.857:-78.087

DEBUG:root:We got command: drive
DEBUG:root:We got a drive command: rawX:-78.087000 and rawY:-6.857000
DEBUG:root:Reverse to the Left/Straight
DEBUG:root:Left=-71.230000 Right=-6.857000
DEBUG:root:ScaledLeft: 214.732500 ScaledRight: 359.571750
INFO:root:Looping....
DEBUG:root:This is the line: drive:-6.857:-69.257

DEBUG:root:We got command: drive
DEBUG:root:We got a drive command: rawX:-69.257000 and rawY:-6.857000
DEBUG:root:Reverse to the Left/Straight
DEBUG:root:Left=-62.400000 Right=-6.857000
DEBUG:root:ScaledLeft: 234.600000 ScaledRight: 359.571750
INFO:root:Looping....
DEBUG:root:This is the line: drive:-6.857:-63.917

DEBUG:root:We got command: drive
DEBUG:root:We got a drive command: rawX:-63.917000 and rawY:-6.857000
DEBUG:root:Reverse to the Left/Straight
DEBUG:root:Left=-57.060000 Right=-6.857000
DEBUG:root:ScaledLeft: 246.615000 ScaledRight: 359.571750
INFO:root:Looping....
DEBUG:root:This is the line: drive:-6.857:-58.74

DEBUG:root:We got command: drive
DEBUG:root:We got a drive command: rawX:-58.740000 and rawY:-6.857000
DEBUG:root:Reverse to the Left/Straight
DEBUG:root:Left=-51.883000 Right=-6.857000
DEBUG:root:ScaledLeft: 258.263250 ScaledRight: 359.571750
INFO:root:Looping....
DEBUG:root:This is the line: drive:-6.603:-53.374

DEBUG:root:We got command: drive
DEBUG:root:We got a drive command: rawX:-53.374000 and rawY:-6.603000
DEBUG:root:Reverse to the Left/Straight
DEBUG:root:Left=-46.771000 Right=-6.603000
DEBUG:root:ScaledLeft: 269.765250 ScaledRight: 360.143250
INFO:root:Looping....
DEBUG:root:This is the line: drive:-6.026:-45.048

DEBUG:root:We got command: drive
DEBUG:root:We got a drive command: rawX:-45.048000 and rawY:-6.026000
DEBUG:root:Reverse to the Left/Straight
DEBUG:root:Left=-39.022000 Right=-6.026000
DEBUG:root:ScaledLeft: 287.200500 ScaledRight: 361.441500
INFO:root:Looping....
DEBUG:root:This is the line: drive:-5.406:-38.298

DEBUG:root:We got command: drive
DEBUG:root:We got a drive command: rawX:-38.298000 and rawY:-5.406000
DEBUG:root:Reverse to the Left/Straight
DEBUG:root:Left=-32.892000 Right=-5.406000
DEBUG:root:ScaledLeft: 300.993000 ScaledRight: 362.836500
INFO:root:Looping....
DEBUG:root:This is the line: drive:-5.143:-32.412

DEBUG:root:We got command: drive
DEBUG:root:We got a drive command: rawX:-32.412000 and rawY:-5.143000
DEBUG:root:Reverse to the Left/Straight
DEBUG:root:Left=-27.269000 Right=-5.143000
DEBUG:root:ScaledLeft: 313.644750 ScaledRight: 363.428250
INFO:root:Looping....
DEBUG:root:This is the line: drive:-5.143:-26.953

DEBUG:root:We got command: drive
DEBUG:root:We got a drive command: rawX:-26.953000 and rawY:-5.143000
DEBUG:root:Reverse to the Left/Straight
DEBUG:root:Left=-21.810000 Right=-5.143000
DEBUG:root:ScaledLeft: 325.927500 ScaledRight: 363.428250
INFO:root:Looping....
DEBUG:root:This is the line: drive:-5.143:-24.103

DEBUG:root:We got command: drive
DEBUG:root:We got a drive command: rawX:-24.103000 and rawY:-5.143000
DEBUG:root:Reverse to the Left/Straight
DEBUG:root:Left=-18.960000 Right=-5.143000
DEBUG:root:ScaledLeft: 332.340000 ScaledRight: 363.428250
INFO:root:Looping....
DEBUG:root:This is the line: drive:-5.143:-20.982

DEBUG:root:We got command: drive
DEBUG:root:We got a drive command: rawX:-20.982000 and rawY:-5.143000
DEBUG:root:Reverse to the Left/Straight
DEBUG:root:Left=-15.839000 Right=-5.143000
DEBUG:root:ScaledLeft: 339.362250 ScaledRight: 363.428250
INFO:root:Looping....
DEBUG:root:This is the line: drive:-3.986:-22.038

DEBUG:root:We got command: drive
DEBUG:root:We got a drive command: rawX:-22.038000 and rawY:-3.986000
DEBUG:root:Reverse to the Left/Straight
DEBUG:root:Left=-18.052000 Right=-3.986000
DEBUG:root:ScaledLeft: 334.383000 ScaledRight: 366.031500
INFO:root:Looping....
DEBUG:root:This is the line: drive:-2.067:-26.944

DEBUG:root:We got command: drive
DEBUG:root:We got a drive command: rawX:-26.944000 and rawY:-2.067000
DEBUG:root:Reverse to the Left/Straight
DEBUG:root:Left=-24.877000 Right=-2.067000
DEBUG:root:ScaledLeft: 319.026750 ScaledRight: 370.349250
INFO:root:Looping....
DEBUG:root:This is the line: drive:1.455:-38.856

DEBUG:root:We got command: drive
DEBUG:root:We got a drive command: rawX:-38.856000 and rawY:1.455000
DEBUG:root:Forward to the Left/Straight
DEBUG:root:Left=-40.311000 Right=1.455000
DEBUG:root:ScaledLeft: 284.300250 ScaledRight: 378.273750
INFO:root:Looping....
DEBUG:root:This is the line: drive:3.154:-49.477

DEBUG:root:We got command: drive
DEBUG:root:We got a drive command: rawX:-49.477000 and rawY:3.154000
DEBUG:root:Forward to the Left/Straight
DEBUG:root:Left=-52.631000 Right=3.154000
DEBUG:root:ScaledLeft: 256.580250 ScaledRight: 382.096500
INFO:root:Looping....
DEBUG:root:This is the line: drive:4.857:-60.678

DEBUG:root:We got command: drive
DEBUG:root:We got a drive command: rawX:-60.678000 and rawY:4.857000
DEBUG:root:Forward to the Left/Straight
DEBUG:root:Left=-65.535000 Right=4.857000
DEBUG:root:ScaledLeft: 227.546250 ScaledRight: 385.928250
INFO:root:Looping....
DEBUG:root:This is the line: drive:6.934:-67.284

DEBUG:root:We got command: drive
DEBUG:root:We got a drive command: rawX:-67.284000 and rawY:6.934000
DEBUG:root:Forward to the Left/Straight
DEBUG:root:Left=-74.218000 Right=6.934000
DEBUG:root:ScaledLeft: 208.009500 ScaledRight: 390.601500
INFO:root:Looping....
DEBUG:root:This is the line: drive:8.62:-73.663

DEBUG:root:We got command: drive
DEBUG:root:We got a drive command: rawX:-73.663000 and rawY:8.620000
DEBUG:root:Forward to the Left/Straight
DEBUG:root:Left=-82.283000 Right=8.620000
DEBUG:root:ScaledLeft: 189.863250 ScaledRight: 394.395000
INFO:root:Looping....
DEBUG:root:This is the line: drive:10.645:-79.023

DEBUG:root:We got command: drive
DEBUG:root:We got a drive command: rawX:-79.023000 and rawY:10.645000
DEBUG:root:Forward to the Left/Straight
DEBUG:root:Left=-89.668000 Right=10.645000
DEBUG:root:ScaledLeft: 173.247000 ScaledRight: 398.951250
INFO:root:Looping....
DEBUG:root:This is the line: drive:11.474:-82.535

DEBUG:root:We got command: drive
DEBUG:root:We got a drive command: rawX:-82.535000 and rawY:11.474000
DEBUG:root:Forward to the Left/Straight
DEBUG:root:Left=-94.009000 Right=11.474000
DEBUG:root:ScaledLeft: 163.479750 ScaledRight: 400.816500
INFO:root:Looping....
DEBUG:root:This is the line: drive:12.571:-85.888

DEBUG:root:We got command: drive
DEBUG:root:We got a drive command: rawX:-85.888000 and rawY:12.571000
DEBUG:root:Forward to the Left/Straight
DEBUG:root:Left=-98.459000 Right=12.571000
DEBUG:root:ScaledLeft: 153.467250 ScaledRight: 403.284750
INFO:root:Looping....
DEBUG:root:This is the line: drive:13.571:-87.946

DEBUG:root:We got command: drive
DEBUG:root:We got a drive command: rawX:-87.946000 and rawY:13.571000
DEBUG:root:Forward to the Left/Straight
DEBUG:root:Left=-101.517000 Right=13.571000
DEBUG:root:ScaledLeft: 146.586750 ScaledRight: 405.534750
INFO:root:Looping....
DEBUG:root:This is the line: drive:14.429:-89.286

DEBUG:root:We got command: drive
DEBUG:root:We got a drive command: rawX:-89.286000 and rawY:14.429000
DEBUG:root:Forward to the Left/Straight
DEBUG:root:Left=-103.715000 Right=14.429000
DEBUG:root:ScaledLeft: 141.641250 ScaledRight: 407.465250
INFO:root:Looping....
DEBUG:root:This is the line: drive:14.694:-89.583

DEBUG:root:We got command: drive
DEBUG:root:We got a drive command: rawX:-89.583000 and rawY:14.694000
DEBUG:root:Forward to the Left/Straight
DEBUG:root:Left=-104.277000 Right=14.694000
DEBUG:root:ScaledLeft: 140.376750 ScaledRight: 408.061500
INFO:root:Looping....
DEBUG:root:This is the line: drive:15.511:-89.583

DEBUG:root:We got command: drive
DEBUG:root:We got a drive command: rawX:-89.583000 and rawY:15.511000
DEBUG:root:Forward to the Left/Straight
DEBUG:root:Left=-105.094000 Right=15.511000
DEBUG:root:ScaledLeft: 138.538500 ScaledRight: 409.899750
INFO:root:Looping....
DEBUG:root:This is the line: drive:17.0:-89.881

DEBUG:root:We got command: drive
DEBUG:root:We got a drive command: rawX:-89.881000 and rawY:17.000000
DEBUG:root:Forward to the Left/Straight
DEBUG:root:Left=-106.881000 Right=17.000000
DEBUG:root:ScaledLeft: 134.517750 ScaledRight: 413.250000
INFO:root:Looping....
DEBUG:root:This is the line: drive:17.429:-90.625

DEBUG:root:We got command: drive
DEBUG:root:We got a drive command: rawX:-90.625000 and rawY:17.429000
DEBUG:root:Forward to the Left/Straight
DEBUG:root:Left=-108.054000 Right=17.429000
DEBUG:root:ScaledLeft: 131.878500 ScaledRight: 414.215250
INFO:root:Looping....
DEBUG:root:This is the line: drive:18.571:-90.851

DEBUG:root:We got command: drive
DEBUG:root:We got a drive command: rawX:-90.851000 and rawY:18.571000
DEBUG:root:Forward to the Left/Straight
DEBUG:root:Left=-109.422000 Right=18.571000
DEBUG:root:ScaledLeft: 128.800500 ScaledRight: 416.784750
INFO:root:Looping....
DEBUG:root:This is the line: drive:18.857:-91.082

DEBUG:root:We got command: drive
DEBUG:root:We got a drive command: rawX:-91.082000 and rawY:18.857000
DEBUG:root:Forward to the Left/Straight
DEBUG:root:Left=-109.939000 Right=18.857000
DEBUG:root:ScaledLeft: 127.637250 ScaledRight: 417.428250
INFO:root:Looping....
DEBUG:root:This is the line: drive:18.857:-91.082

DEBUG:root:We got command: drive
DEBUG:root:We got a drive command: rawX:-91.082000 and rawY:18.857000
DEBUG:root:Forward to the Left/Straight
DEBUG:root:Left=-109.939000 Right=18.857000
DEBUG:root:ScaledLeft: 127.637250 ScaledRight: 417.428250
INFO:root:Looping....
DEBUG:root:This is the line: drive:18.857:-91.082

DEBUG:root:We got command: drive
DEBUG:root:We got a drive command: rawX:-91.082000 and rawY:18.857000
DEBUG:root:Forward to the Left/Straight
DEBUG:root:Left=-109.939000 Right=18.857000
DEBUG:root:ScaledLeft: 127.637250 ScaledRight: 417.428250
INFO:root:Looping....
DEBUG:root:This is the line: drive:19.162:-91.071

DEBUG:root:We got command: drive
DEBUG:root:We got a drive command: rawX:-91.071000 and rawY:19.162000
DEBUG:root:Forward to the Left/Straight
DEBUG:root:Left=-110.233000 Right=19.162000
DEBUG:root:ScaledLeft: 126.975750 ScaledRight: 418.114500
INFO:root:Looping....
DEBUG:root:This is the line: drive:19.162:-91.071

DEBUG:root:We got command: drive
DEBUG:root:We got a drive command: rawX:-91.071000 and rawY:19.162000
DEBUG:root:Forward to the Left/Straight
DEBUG:root:Left=-110.233000 Right=19.162000
DEBUG:root:ScaledLeft: 126.975750 ScaledRight: 418.114500
INFO:root:Looping....
DEBUG:root:This is the line: drive:19.162:-91.071

DEBUG:root:We got command: drive
DEBUG:root:We got a drive command: rawX:-91.071000 and rawY:19.162000
DEBUG:root:Forward to the Left/Straight
DEBUG:root:Left=-110.233000 Right=19.162000
DEBUG:root:ScaledLeft: 126.975750 ScaledRight: 418.114500
INFO:root:Looping....
DEBUG:root:This is the line: drive:19.162:-91.071

DEBUG:root:We got command: drive
DEBUG:root:We got a drive command: rawX:-91.071000 and rawY:19.162000
DEBUG:root:Forward to the Left/Straight
DEBUG:root:Left=-110.233000 Right=19.162000
DEBUG:root:ScaledLeft: 126.975750 ScaledRight: 418.114500
INFO:root:Looping....
DEBUG:root:This is the line: drive:19.162:-91.071

DEBUG:root:We got command: drive
DEBUG:root:We got a drive command: rawX:-91.071000 and rawY:19.162000
DEBUG:root:Forward to the Left/Straight
DEBUG:root:Left=-110.233000 Right=19.162000
DEBUG:root:ScaledLeft: 126.975750 ScaledRight: 418.114500
INFO:root:Looping....
DEBUG:root:This is the line: drive:19.162:-91.071

DEBUG:root:We got command: drive
DEBUG:root:We got a drive command: rawX:-91.071000 and rawY:19.162000
DEBUG:root:Forward to the Left/Straight
DEBUG:root:Left=-110.233000 Right=19.162000
DEBUG:root:ScaledLeft: 126.975750 ScaledRight: 418.114500
INFO:root:Looping....
DEBUG:root:This is the line: drive:19.162:-91.071

DEBUG:root:We got command: drive
DEBUG:root:We got a drive command: rawX:-91.071000 and rawY:19.162000
DEBUG:root:Forward to the Left/Straight
DEBUG:root:Left=-110.233000 Right=19.162000
DEBUG:root:ScaledLeft: 126.975750 ScaledRight: 418.114500
INFO:root:Looping....
DEBUG:root:This is the line: drive:19.162:-91.071

DEBUG:root:We got command: drive
DEBUG:root:We got a drive command: rawX:-91.071000 and rawY:19.162000
DEBUG:root:Forward to the Left/Straight
DEBUG:root:Left=-110.233000 Right=19.162000
DEBUG:root:ScaledLeft: 126.975750 ScaledRight: 418.114500
INFO:root:Looping....
DEBUG:root:This is the line: drive:19.162:-91.071

DEBUG:root:We got command: drive
DEBUG:root:We got a drive command: rawX:-91.071000 and rawY:19.162000
DEBUG:root:Forward to the Left/Straight
DEBUG:root:Left=-110.233000 Right=19.162000
DEBUG:root:ScaledLeft: 126.975750 ScaledRight: 418.114500
INFO:root:Looping....
DEBUG:root:This is the line: drive:19.162:-91.071

DEBUG:root:We got command: drive
DEBUG:root:We got a drive command: rawX:-91.071000 and rawY:19.162000
DEBUG:root:Forward to the Left/Straight
DEBUG:root:Left=-110.233000 Right=19.162000
DEBUG:root:ScaledLeft: 126.975750 ScaledRight: 418.114500
INFO:root:Looping....
DEBUG:root:This is the line: drive:19.162:-91.071

DEBUG:root:We got command: drive
DEBUG:root:We got a drive command: rawX:-91.071000 and rawY:19.162000
DEBUG:root:Forward to the Left/Straight
DEBUG:root:Left=-110.233000 Right=19.162000
DEBUG:root:ScaledLeft: 126.975750 ScaledRight: 418.114500
INFO:root:Looping....
DEBUG:root:This is the line: drive:19.162:-91.071

DEBUG:root:We got command: drive
DEBUG:root:We got a drive command: rawX:-91.071000 and rawY:19.162000
DEBUG:root:Forward to the Left/Straight
DEBUG:root:Left=-110.233000 Right=19.162000
DEBUG:root:ScaledLeft: 126.975750 ScaledRight: 418.114500
INFO:root:Looping....
DEBUG:root:This is the line: drive:19.162:-91.071

DEBUG:root:We got command: drive
DEBUG:root:We got a drive command: rawX:-91.071000 and rawY:19.162000
DEBUG:root:Forward to the Left/Straight
DEBUG:root:Left=-110.233000 Right=19.162000
DEBUG:root:ScaledLeft: 126.975750 ScaledRight: 418.114500
INFO:root:Looping....
DEBUG:root:This is the line: drive:19.143:-91.683

DEBUG:root:We got command: drive
DEBUG:root:We got a drive command: rawX:-91.683000 and rawY:19.143000
DEBUG:root:Forward to the Left/Straight
DEBUG:root:Left=-110.826000 Right=19.143000
DEBUG:root:ScaledLeft: 125.641500 ScaledRight: 418.071750
INFO:root:Looping....
DEBUG:root:This is the line: drive:19.143:-92.616

DEBUG:root:We got command: drive
DEBUG:root:We got a drive command: rawX:-92.616000 and rawY:19.143000
DEBUG:root:Forward to the Left/Straight
DEBUG:root:Left=-111.759000 Right=19.143000
DEBUG:root:ScaledLeft: 123.542250 ScaledRight: 418.071750
INFO:root:Looping....
DEBUG:root:This is the line: drive:20.388:-94.048

DEBUG:root:We got command: drive
DEBUG:root:We got a drive command: rawX:-94.048000 and rawY:20.388000
DEBUG:root:Forward to the Left/Straight
DEBUG:root:Left=-114.436000 Right=20.388000
DEBUG:root:ScaledLeft: 117.519000 ScaledRight: 420.873000
INFO:root:Looping....
DEBUG:root:This is the line: drive:21.714:-95.631

DEBUG:root:We got command: drive
DEBUG:root:We got a drive command: rawX:-95.631000 and rawY:21.714000
DEBUG:root:Forward to the Left/Straight
DEBUG:root:Left=-117.345000 Right=21.714000
DEBUG:root:ScaledLeft: 110.973750 ScaledRight: 423.856500
INFO:root:Looping....
DEBUG:root:This is the line: drive:22.286:-96.743

DEBUG:root:We got command: drive
DEBUG:root:We got a drive command: rawX:-96.743000 and rawY:22.286000
DEBUG:root:Forward to the Left/Straight
DEBUG:root:Left=-119.029000 Right=22.286000
DEBUG:root:ScaledLeft: 107.184750 ScaledRight: 425.143500
INFO:root:Looping....
DEBUG:root:This is the line: drive:23.286:-97.321

DEBUG:root:We got command: drive
DEBUG:root:We got a drive command: rawX:-97.321000 and rawY:23.286000
DEBUG:root:Forward to the Left/Straight
DEBUG:root:Left=-120.607000 Right=23.286000
DEBUG:root:ScaledLeft: 103.634250 ScaledRight: 427.393500
INFO:root:Looping....
DEBUG:root:This is the line: drive:23.537:-97.321

DEBUG:root:We got command: drive
DEBUG:root:We got a drive command: rawX:-97.321000 and rawY:23.537000
DEBUG:root:Forward to the Left/Straight
DEBUG:root:Left=-120.858000 Right=23.537000
DEBUG:root:ScaledLeft: 103.069500 ScaledRight: 427.958250
INFO:root:Looping....
DEBUG:root:This is the line: drive:24.052:-97.917

DEBUG:root:We got command: drive
DEBUG:root:We got a drive command: rawX:-97.917000 and rawY:24.052000
DEBUG:root:Forward to the Left/Straight
DEBUG:root:Left=-121.969000 Right=24.052000
DEBUG:root:ScaledLeft: 100.569750 ScaledRight: 429.117000
INFO:root:Looping....
DEBUG:root:This is the line: drive:24.052:-97.917

DEBUG:root:We got command: drive
DEBUG:root:We got a drive command: rawX:-97.917000 and rawY:24.052000
DEBUG:root:Forward to the Left/Straight
DEBUG:root:Left=-121.969000 Right=24.052000
DEBUG:root:ScaledLeft: 100.569750 ScaledRight: 429.117000
INFO:root:Looping....
DEBUG:root:This is the line: drive:24.326:-97.917

DEBUG:root:We got command: drive
DEBUG:root:We got a drive command: rawX:-97.917000 and rawY:24.326000
DEBUG:root:Forward to the Left/Straight
DEBUG:root:Left=-122.243000 Right=24.326000
DEBUG:root:ScaledLeft: 99.953250 ScaledRight: 429.733500
INFO:root:Looping....
DEBUG:root:This is the line: drive:24.599:-97.917

DEBUG:root:We got command: drive
DEBUG:root:We got a drive command: rawX:-97.917000 and rawY:24.599000
DEBUG:root:Forward to the Left/Straight
DEBUG:root:Left=-122.516000 Right=24.599000
DEBUG:root:ScaledLeft: 99.339000 ScaledRight: 430.347750
INFO:root:Looping....
DEBUG:root:This is the line: drive:24.571:-98.299

DEBUG:root:We got command: drive
DEBUG:root:We got a drive command: rawX:-98.299000 and rawY:24.571000
DEBUG:root:Forward to the Left/Straight
DEBUG:root:Left=-122.870000 Right=24.571000
DEBUG:root:ScaledLeft: 98.542500 ScaledRight: 430.284750
INFO:root:Looping....
DEBUG:root:This is the line: drive:24.904:-98.214

DEBUG:root:We got command: drive
DEBUG:root:We got a drive command: rawX:-98.214000 and rawY:24.904000
DEBUG:root:Forward to the Left/Straight
DEBUG:root:Left=-123.118000 Right=24.904000
DEBUG:root:ScaledLeft: 97.984500 ScaledRight: 431.034000
INFO:root:Looping....
DEBUG:root:This is the line: drive:26.429:-98.214

DEBUG:root:We got command: drive
DEBUG:root:We got a drive command: rawX:-98.214000 and rawY:26.429000
DEBUG:root:Forward to the Left/Straight
DEBUG:root:Left=-124.643000 Right=26.429000
DEBUG:root:ScaledLeft: 94.553250 ScaledRight: 434.465250
INFO:root:Looping....
DEBUG:root:This is the line: drive:26.654:-98.214

DEBUG:root:We got command: drive
DEBUG:root:We got a drive command: rawX:-98.214000 and rawY:26.654000
DEBUG:root:Forward to the Left/Straight
DEBUG:root:Left=-124.868000 Right=26.654000
DEBUG:root:ScaledLeft: 94.047000 ScaledRight: 434.971500
INFO:root:Looping....
DEBUG:root:This is the line: drive:26.868:-98.214

DEBUG:root:We got command: drive
DEBUG:root:We got a drive command: rawX:-98.214000 and rawY:26.868000
DEBUG:root:Forward to the Left/Straight
DEBUG:root:Left=-125.082000 Right=26.868000
DEBUG:root:ScaledLeft: 93.565500 ScaledRight: 435.453000
INFO:root:Looping....
DEBUG:root:This is the line: drive:26.868:-98.214

DEBUG:root:We got command: drive
DEBUG:root:We got a drive command: rawX:-98.214000 and rawY:26.868000
DEBUG:root:Forward to the Left/Straight
DEBUG:root:Left=-125.082000 Right=26.868000
DEBUG:root:ScaledLeft: 93.565500 ScaledRight: 435.453000
INFO:root:Looping....
DEBUG:root:This is the line: drive:27.161:-98.214

DEBUG:root:We got command: drive
DEBUG:root:We got a drive command: rawX:-98.214000 and rawY:27.161000
DEBUG:root:Forward to the Left/Straight
DEBUG:root:Left=-125.375000 Right=27.161000
DEBUG:root:ScaledLeft: 92.906250 ScaledRight: 436.112250
INFO:root:Looping....
DEBUG:root:This is the line: drive:0:0

DEBUG:root:We got command: drive
DEBUG:root:We got a drive command: rawX:0.000000 and rawY:0.000000
DEBUG:root:Left=0.000000 Right=0.000000
DEBUG:root:ScaledLeft: 375.000000 ScaledRight: 375.000000
INFO:root:Looping....
DEBUG:root:This is the line: drive:27.714:-96.726

DEBUG:root:We got command: drive
DEBUG:root:We got a drive command: rawX:-96.726000 and rawY:27.714000
DEBUG:root:Forward to the Left/Straight
DEBUG:root:Left=-124.440000 Right=27.714000
DEBUG:root:ScaledLeft: 95.010000 ScaledRight: 437.356500
INFO:root:Looping....
DEBUG:root:This is the line: drive:1.223:4.328

DEBUG:root:We got command: drive
DEBUG:root:We got a drive command: rawX:4.328000 and rawY:1.223000
DEBUG:root:Forward to the Right
DEBUG:root:Left=-1.223000 Right=-3.105000
DEBUG:root:ScaledLeft: 372.248250 ScaledRight: 368.013750
INFO:root:Looping....
DEBUG:root:This is the line: drive:13.911:-10.089

DEBUG:root:We got command: drive
DEBUG:root:We got a drive command: rawX:-10.089000 and rawY:13.911000
DEBUG:root:Forward to the Left/Straight
DEBUG:root:Left=-24.000000 Right=13.911000
DEBUG:root:ScaledLeft: 321.000000 ScaledRight: 406.299750
INFO:root:Looping....
DEBUG:root:This is the line: drive:26.302:-23.827

DEBUG:root:We got command: drive
DEBUG:root:We got a drive command: rawX:-23.827000 and rawY:26.302000
DEBUG:root:Forward to the Left/Straight
DEBUG:root:Left=-50.129000 Right=26.302000
DEBUG:root:ScaledLeft: 262.209750 ScaledRight: 434.179500
INFO:root:Looping....
DEBUG:root:This is the line: drive:34.939:-32.823

DEBUG:root:We got command: drive
DEBUG:root:We got a drive command: rawX:-32.823000 and rawY:34.939000
DEBUG:root:Forward to the Left/Straight
DEBUG:root:Left=-67.762000 Right=34.939000
DEBUG:root:ScaledLeft: 222.535500 ScaledRight: 453.612750
INFO:root:Looping....
DEBUG:root:This is the line: drive:41.347:-40.164

DEBUG:root:We got command: drive
DEBUG:root:We got a drive command: rawX:-40.164000 and rawY:41.347000
DEBUG:root:Forward to the Left/Straight
DEBUG:root:Left=-81.511000 Right=41.347000
DEBUG:root:ScaledLeft: 191.600250 ScaledRight: 468.030750
INFO:root:Looping....
DEBUG:root:This is the line: drive:46.714:-45.685

DEBUG:root:We got command: drive
DEBUG:root:We got a drive command: rawX:-45.685000 and rawY:46.714000
DEBUG:root:Forward to the Left/Straight
DEBUG:root:Left=-92.399000 Right=46.714000
DEBUG:root:ScaledLeft: 167.102250 ScaledRight: 480.106500
INFO:root:Looping....
DEBUG:root:This is the line: drive:56.612:-57.78

DEBUG:root:We got command: drive
DEBUG:root:We got a drive command: rawX:-57.780000 and rawY:56.612000
DEBUG:root:Forward to the Left/Straight
DEBUG:root:Left=-114.392000 Right=56.612000
DEBUG:root:ScaledLeft: 117.618000 ScaledRight: 502.377000
INFO:root:Looping....
DEBUG:root:This is the line: drive:61.361:-63.918

DEBUG:root:We got command: drive
DEBUG:root:We got a drive command: rawX:-63.918000 and rawY:61.361000
DEBUG:root:Forward to the Left/Straight
DEBUG:root:Left=-125.279000 Right=61.361000
DEBUG:root:ScaledLeft: 93.122250 ScaledRight: 513.062250
INFO:root:Looping....
DEBUG:root:This is the line: drive:64.745:-67.443

DEBUG:root:We got command: drive
DEBUG:root:We got a drive command: rawX:-67.443000 and rawY:64.745000
DEBUG:root:Forward to the Left/Straight
DEBUG:root:Left=-132.188000 Right=64.745000
DEBUG:root:ScaledLeft: 77.577000 ScaledRight: 520.676250
INFO:root:Looping....
DEBUG:root:This is the line: drive:69.286:-74.405

DEBUG:root:We got command: drive
DEBUG:root:We got a drive command: rawX:-74.405000 and rawY:69.286000
DEBUG:root:Forward to the Left/Straight
DEBUG:root:Left=-143.691000 Right=69.286000
DEBUG:root:ScaledLeft: 51.695250 ScaledRight: 530.893500
INFO:root:Looping....
DEBUG:root:This is the line: drive:72.224:-78.144

DEBUG:root:We got command: drive
DEBUG:root:We got a drive command: rawX:-78.144000 and rawY:72.224000
DEBUG:root:Forward to the Left/Straight
DEBUG:root:Left=-150.368000 Right=72.224000
DEBUG:root:ScaledLeft: 36.672000 ScaledRight: 537.504000
INFO:root:Looping....
DEBUG:root:This is the line: drive:74.256:-81.517

DEBUG:root:We got command: drive
DEBUG:root:We got a drive command: rawX:-81.517000 and rawY:74.256000
DEBUG:root:Forward to the Left/Straight
DEBUG:root:Left=-155.773000 Right=74.256000
DEBUG:root:ScaledLeft: 24.510750 ScaledRight: 542.076000
INFO:root:Looping....
DEBUG:root:This is the line: drive:77.179:-83.966

DEBUG:root:We got command: drive
DEBUG:root:We got a drive command: rawX:-83.966000 and rawY:77.179000
DEBUG:root:Forward to the Left/Straight
DEBUG:root:Left=-161.145000 Right=77.179000
DEBUG:root:ScaledLeft: 12.423750 ScaledRight: 548.652750
INFO:root:Looping....
DEBUG:root:This is the line: drive:79.213:-86.382

DEBUG:root:We got command: drive
DEBUG:root:We got a drive command: rawX:-86.382000 and rawY:79.213000
DEBUG:root:Forward to the Left/Straight
DEBUG:root:Left=-165.595000 Right=79.213000
DEBUG:root:ScaledLeft: 2.411250 ScaledRight: 553.229250
INFO:root:Looping....
DEBUG:root:This is the line: drive:80.877:-88.116

DEBUG:root:We got command: drive
DEBUG:root:We got a drive command: rawX:-88.116000 and rawY:80.877000
DEBUG:root:Forward to the Left/Straight
DEBUG:root:Left=-168.993000 Right=80.877000
DEBUG:root:ScaledLeft: -5.234250 ScaledRight: 556.973250
INFO:root:Looping....
DEBUG:root:This is the line: drive:82.252:-89.548

DEBUG:root:We got command: drive
DEBUG:root:We got a drive command: rawX:-89.548000 and rawY:82.252000
DEBUG:root:Forward to the Left/Straight
DEBUG:root:Left=-171.800000 Right=82.252000
DEBUG:root:ScaledLeft: -11.550000 ScaledRight: 560.067000
INFO:root:Looping....
DEBUG:root:This is the line: drive:84.241:-90.774

DEBUG:root:We got command: drive
DEBUG:root:We got a drive command: rawX:-90.774000 and rawY:84.241000
DEBUG:root:Forward to the Left/Straight
DEBUG:root:Left=-175.015000 Right=84.241000
DEBUG:root:ScaledLeft: -18.783750 ScaledRight: 564.542250
INFO:root:Looping....
DEBUG:root:This is the line: drive:84.368:-90.774

DEBUG:root:We got command: drive
DEBUG:root:We got a drive command: rawX:-90.774000 and rawY:84.368000
DEBUG:root:Forward to the Left/Straight
DEBUG:root:Left=-175.142000 Right=84.368000
DEBUG:root:ScaledLeft: -19.069500 ScaledRight: 564.828000
INFO:root:Looping....
DEBUG:root:This is the line: drive:83.696:-89.564

DEBUG:root:We got command: drive
DEBUG:root:We got a drive command: rawX:-89.564000 and rawY:83.696000
DEBUG:root:Forward to the Left/Straight
DEBUG:root:Left=-173.260000 Right=83.696000
DEBUG:root:ScaledLeft: -14.835000 ScaledRight: 563.316000
INFO:root:Looping....
DEBUG:root:This is the line: drive:80.67:-84.924

DEBUG:root:We got command: drive
DEBUG:root:We got a drive command: rawX:-84.924000 and rawY:80.670000
DEBUG:root:Forward to the Left/Straight
DEBUG:root:Left=-165.594000 Right=80.670000
DEBUG:root:ScaledLeft: 2.413500 ScaledRight: 556.507500
INFO:root:Looping....
DEBUG:root:This is the line: drive:77.097:-80.905

DEBUG:root:We got command: drive
DEBUG:root:We got a drive command: rawX:-80.905000 and rawY:77.097000
DEBUG:root:Forward to the Left/Straight
DEBUG:root:Left=-158.002000 Right=77.097000
DEBUG:root:ScaledLeft: 19.495500 ScaledRight: 548.468250
INFO:root:Looping....
DEBUG:root:This is the line: drive:66.353:-73.494

DEBUG:root:We got command: drive
DEBUG:root:We got a drive command: rawX:-73.494000 and rawY:66.353000
DEBUG:root:Forward to the Left/Straight
DEBUG:root:Left=-139.847000 Right=66.353000
DEBUG:root:ScaledLeft: 60.344250 ScaledRight: 524.294250
INFO:root:Looping....
DEBUG:root:This is the line: drive:54.701:-65.914

DEBUG:root:We got command: drive
DEBUG:root:We got a drive command: rawX:-65.914000 and rawY:54.701000
DEBUG:root:Forward to the Left/Straight
DEBUG:root:Left=-120.615000 Right=54.701000
DEBUG:root:ScaledLeft: 103.616250 ScaledRight: 498.077250
INFO:root:Looping....
DEBUG:root:This is the line: drive:46.335:-61.484

DEBUG:root:We got command: drive
DEBUG:root:We got a drive command: rawX:-61.484000 and rawY:46.335000
DEBUG:root:Forward to the Left/Straight
DEBUG:root:Left=-107.819000 Right=46.335000
DEBUG:root:ScaledLeft: 132.407250 ScaledRight: 479.253750
INFO:root:Looping....
DEBUG:root:This is the line: drive:39.526:-57.938

DEBUG:root:We got command: drive
DEBUG:root:We got a drive command: rawX:-57.938000 and rawY:39.526000
DEBUG:root:Forward to the Left/Straight
DEBUG:root:Left=-97.464000 Right=39.526000
DEBUG:root:ScaledLeft: 155.706000 ScaledRight: 463.933500
INFO:root:Looping....
DEBUG:root:This is the line: drive:32.135:-55.404

DEBUG:root:We got command: drive
DEBUG:root:We got a drive command: rawX:-55.404000 and rawY:32.135000
DEBUG:root:Forward to the Left/Straight
DEBUG:root:Left=-87.539000 Right=32.135000
DEBUG:root:ScaledLeft: 178.037250 ScaledRight: 447.303750
INFO:root:Looping....
DEBUG:root:This is the line: drive:23.987:-52.898

DEBUG:root:We got command: drive
DEBUG:root:We got a drive command: rawX:-52.898000 and rawY:23.987000
DEBUG:root:Forward to the Left/Straight
DEBUG:root:Left=-76.885000 Right=23.987000
DEBUG:root:ScaledLeft: 202.008750 ScaledRight: 428.970750
INFO:root:Looping....
DEBUG:root:This is the line: drive:16.936:-50.722

DEBUG:root:We got command: drive
DEBUG:root:We got a drive command: rawX:-50.722000 and rawY:16.936000
DEBUG:root:Forward to the Left/Straight
DEBUG:root:Left=-67.658000 Right=16.936000
DEBUG:root:ScaledLeft: 222.769500 ScaledRight: 413.106000
INFO:root:Looping....
DEBUG:root:This is the line: drive:12.286:-49.405

DEBUG:root:We got command: drive
DEBUG:root:We got a drive command: rawX:-49.405000 and rawY:12.286000
DEBUG:root:Forward to the Left/Straight
DEBUG:root:Left=-61.691000 Right=12.286000
DEBUG:root:ScaledLeft: 236.195250 ScaledRight: 402.643500
INFO:root:Looping....
DEBUG:root:This is the line: drive:8.629:-48.81

DEBUG:root:We got command: drive
DEBUG:root:We got a drive command: rawX:-48.810000 and rawY:8.629000
DEBUG:root:Forward to the Left/Straight
DEBUG:root:Left=-57.439000 Right=8.629000
DEBUG:root:ScaledLeft: 245.762250 ScaledRight: 394.415250
INFO:root:Looping....
DEBUG:root:This is the line: drive:4.528:-48.81

DEBUG:root:We got command: drive
DEBUG:root:We got a drive command: rawX:-48.810000 and rawY:4.528000
DEBUG:root:Forward to the Left/Straight
DEBUG:root:Left=-53.338000 Right=4.528000
DEBUG:root:ScaledLeft: 254.989500 ScaledRight: 385.188000
INFO:root:Looping....
DEBUG:root:This is the line: drive:1.676:-48.81

DEBUG:root:We got command: drive
DEBUG:root:We got a drive command: rawX:-48.810000 and rawY:1.676000
DEBUG:root:Forward to the Left/Straight
DEBUG:root:Left=-50.486000 Right=1.676000
DEBUG:root:ScaledLeft: 261.406500 ScaledRight: 378.771000
INFO:root:Looping....
DEBUG:root:This is the line: drive:-1.638:-48.512

DEBUG:root:We got command: drive
DEBUG:root:We got a drive command: rawX:-48.512000 and rawY:-1.638000
DEBUG:root:Reverse to the Left/Straight
DEBUG:root:Left=-46.874000 Right=-1.638000
DEBUG:root:ScaledLeft: 269.533500 ScaledRight: 371.314500
INFO:root:Looping....
DEBUG:root:This is the line: drive:-3.369:-48.512

DEBUG:root:We got command: drive
DEBUG:root:We got a drive command: rawX:-48.512000 and rawY:-3.369000
DEBUG:root:Reverse to the Left/Straight
DEBUG:root:Left=-45.143000 Right=-3.369000
DEBUG:root:ScaledLeft: 273.428250 ScaledRight: 367.419750
INFO:root:Looping....
DEBUG:root:This is the line: drive:-5.505:-48.512

DEBUG:root:We got command: drive
DEBUG:root:We got a drive command: rawX:-48.512000 and rawY:-5.505000
DEBUG:root:Reverse to the Left/Straight
DEBUG:root:Left=-43.007000 Right=-5.505000
DEBUG:root:ScaledLeft: 278.234250 ScaledRight: 362.613750
INFO:root:Looping....
DEBUG:root:This is the line: drive:-7.63:-48.512

DEBUG:root:We got command: drive
DEBUG:root:We got a drive command: rawX:-48.512000 and rawY:-7.630000
DEBUG:root:Reverse to the Left/Straight
DEBUG:root:Left=-40.882000 Right=-7.630000
DEBUG:root:ScaledLeft: 283.015500 ScaledRight: 357.832500
INFO:root:Looping....
DEBUG:root:This is the line: drive:-9.381:-48.512

DEBUG:root:We got command: drive
DEBUG:root:We got a drive command: rawX:-48.512000 and rawY:-9.381000
DEBUG:root:Reverse to the Left/Straight
DEBUG:root:Left=-39.131000 Right=-9.381000
DEBUG:root:ScaledLeft: 286.955250 ScaledRight: 353.892750
INFO:root:Looping....
DEBUG:root:This is the line: drive:-12.213:-48.512

DEBUG:root:We got command: drive
DEBUG:root:We got a drive command: rawX:-48.512000 and rawY:-12.213000
DEBUG:root:Reverse to the Left/Straight
DEBUG:root:Left=-36.299000 Right=-12.213000
DEBUG:root:ScaledLeft: 293.327250 ScaledRight: 347.520750
INFO:root:Looping....
DEBUG:root:This is the line: drive:-13.948:-48.512

DEBUG:root:We got command: drive
DEBUG:root:We got a drive command: rawX:-48.512000 and rawY:-13.948000
DEBUG:root:Reverse to the Left/Straight
DEBUG:root:Left=-34.564000 Right=-13.948000
DEBUG:root:ScaledLeft: 297.231000 ScaledRight: 343.617000
INFO:root:Looping....
DEBUG:root:This is the line: drive:-15.774:-48.512

DEBUG:root:We got command: drive
DEBUG:root:We got a drive command: rawX:-48.512000 and rawY:-15.774000
DEBUG:root:Reverse to the Left/Straight
DEBUG:root:Left=-32.738000 Right=-15.774000
DEBUG:root:ScaledLeft: 301.339500 ScaledRight: 339.508500
INFO:root:Looping....
DEBUG:root:This is the line: drive:-16.601:-48.512

DEBUG:root:We got command: drive
DEBUG:root:We got a drive command: rawX:-48.512000 and rawY:-16.601000
DEBUG:root:Reverse to the Left/Straight
DEBUG:root:Left=-31.911000 Right=-16.601000
DEBUG:root:ScaledLeft: 303.200250 ScaledRight: 337.647750
INFO:root:Looping....
DEBUG:root:This is the line: drive:-17.89:-48.512

DEBUG:root:We got command: drive
DEBUG:root:We got a drive command: rawX:-48.512000 and rawY:-17.890000
DEBUG:root:Reverse to the Left/Straight
DEBUG:root:Left=-30.622000 Right=-17.890000
DEBUG:root:ScaledLeft: 306.100500 ScaledRight: 334.747500
INFO:root:Looping....
DEBUG:root:This is the line: drive:-19.571:-48.512

DEBUG:root:We got command: drive
DEBUG:root:We got a drive command: rawX:-48.512000 and rawY:-19.571000
DEBUG:root:Reverse to the Left/Straight
DEBUG:root:Left=-28.941000 Right=-19.571000
DEBUG:root:ScaledLeft: 309.882750 ScaledRight: 330.965250
INFO:root:Looping....
DEBUG:root:This is the line: drive:-21.229:-48.512

DEBUG:root:We got command: drive
DEBUG:root:We got a drive command: rawX:-48.512000 and rawY:-21.229000
DEBUG:root:Reverse to the Left/Straight
DEBUG:root:Left=-27.283000 Right=-21.229000
DEBUG:root:ScaledLeft: 313.613250 ScaledRight: 327.234750
INFO:root:Looping....
DEBUG:root:This is the line: drive:-23.309:-48.512

DEBUG:root:We got command: drive
DEBUG:root:We got a drive command: rawX:-48.512000 and rawY:-23.309000
DEBUG:root:Reverse to the Left/Straight
DEBUG:root:Left=-25.203000 Right=-23.309000
DEBUG:root:ScaledLeft: 318.293250 ScaledRight: 322.554750
INFO:root:Looping....
DEBUG:root:This is the line: drive:-25.067:-48.214

DEBUG:root:We got command: drive
DEBUG:root:We got a drive command: rawX:-48.214000 and rawY:-25.067000
DEBUG:root:Reverse to the Left/Straight
DEBUG:root:Left=-23.147000 Right=-25.067000
DEBUG:root:ScaledLeft: 322.919250 ScaledRight: 318.599250
INFO:root:Looping....
DEBUG:root:This is the line: drive:-27.193:-47.917

DEBUG:root:We got command: drive
DEBUG:root:We got a drive command: rawX:-47.917000 and rawY:-27.193000
DEBUG:root:Reverse to the Left/Straight
DEBUG:root:Left=-20.724000 Right=-27.193000
DEBUG:root:ScaledLeft: 328.371000 ScaledRight: 313.815750
INFO:root:Looping....
DEBUG:root:This is the line: drive:-31.744:-46.562

DEBUG:root:We got command: drive
DEBUG:root:We got a drive command: rawX:-46.562000 and rawY:-31.744000
DEBUG:root:Reverse to the Left/Straight
DEBUG:root:Left=-14.818000 Right=-31.744000
DEBUG:root:ScaledLeft: 341.659500 ScaledRight: 303.576000
INFO:root:Looping....
DEBUG:root:This is the line: drive:-36.368:-45.344

DEBUG:root:We got command: drive
DEBUG:root:We got a drive command: rawX:-45.344000 and rawY:-36.368000
DEBUG:root:Reverse to the Left/Straight
DEBUG:root:Left=-8.976000 Right=-36.368000
DEBUG:root:ScaledLeft: 354.804000 ScaledRight: 293.172000
INFO:root:Looping....
DEBUG:root:This is the line: drive:-41.072:-44.345

DEBUG:root:We got command: drive
DEBUG:root:We got a drive command: rawX:-44.345000 and rawY:-41.072000
DEBUG:root:Reverse to the Left/Straight
DEBUG:root:Left=-3.273000 Right=-41.072000
DEBUG:root:ScaledLeft: 367.635750 ScaledRight: 282.588000
INFO:root:Looping....
DEBUG:root:This is the line: drive:-45.344:-43.75

DEBUG:root:We got command: drive
DEBUG:root:We got a drive command: rawX:-43.750000 and rawY:-45.344000
DEBUG:root:Reverse to the Left/Straight
DEBUG:root:Left=1.594000 Right=-45.344000
DEBUG:root:ScaledLeft: 378.586500 ScaledRight: 272.976000
INFO:root:Looping....
DEBUG:root:This is the line: drive:-50.943:-43.155

DEBUG:root:We got command: drive
DEBUG:root:We got a drive command: rawX:-43.155000 and rawY:-50.943000
DEBUG:root:Reverse to the Left/Straight
DEBUG:root:Left=7.788000 Right=-50.943000
DEBUG:root:ScaledLeft: 392.523000 ScaledRight: 260.378250
INFO:root:Looping....
DEBUG:root:This is the line: drive:-54.944:-43.155

DEBUG:root:We got command: drive
DEBUG:root:We got a drive command: rawX:-43.155000 and rawY:-54.944000
DEBUG:root:Reverse to the Left/Straight
DEBUG:root:Left=11.789000 Right=-54.944000
DEBUG:root:ScaledLeft: 401.525250 ScaledRight: 251.376000
INFO:root:Looping....
DEBUG:root:This is the line: drive:-60.478:-42.857

DEBUG:root:We got command: drive
DEBUG:root:We got a drive command: rawX:-42.857000 and rawY:-60.478000
DEBUG:root:Reverse to the Left/Straight
DEBUG:root:Left=17.621000 Right=-60.478000
DEBUG:root:ScaledLeft: 414.647250 ScaledRight: 238.924500
INFO:root:Looping....
DEBUG:root:This is the line: drive:-63.825:-42.857

DEBUG:root:We got command: drive
DEBUG:root:We got a drive command: rawX:-42.857000 and rawY:-63.825000
DEBUG:root:Reverse to the Left/Straight
DEBUG:root:Left=20.968000 Right=-63.825000
DEBUG:root:ScaledLeft: 422.178000 ScaledRight: 231.393750
INFO:root:Looping....
DEBUG:root:This is the line: drive:-67.602:-42.857

DEBUG:root:We got command: drive
DEBUG:root:We got a drive command: rawX:-42.857000 and rawY:-67.602000
DEBUG:root:Reverse to the Left/Straight
DEBUG:root:Left=24.745000 Right=-67.602000
DEBUG:root:ScaledLeft: 430.676250 ScaledRight: 222.895500
INFO:root:Looping....
DEBUG:root:This is the line: drive:-69.578:-42.857

DEBUG:root:We got command: drive
DEBUG:root:We got a drive command: rawX:-42.857000 and rawY:-69.578000
DEBUG:root:Reverse to the Left/Straight
DEBUG:root:Left=26.721000 Right=-69.578000
DEBUG:root:ScaledLeft: 435.122250 ScaledRight: 218.449500
INFO:root:Looping....
DEBUG:root:This is the line: drive:-71.895:-42.857

DEBUG:root:We got command: drive
DEBUG:root:We got a drive command: rawX:-42.857000 and rawY:-71.895000
DEBUG:root:Reverse to the Left/Straight
DEBUG:root:Left=29.038000 Right=-71.895000
DEBUG:root:ScaledLeft: 440.335500 ScaledRight: 213.236250
INFO:root:Looping....
DEBUG:root:This is the line: drive:-73.872:-42.857

DEBUG:root:We got command: drive
DEBUG:root:We got a drive command: rawX:-42.857000 and rawY:-73.872000
DEBUG:root:Reverse to the Left/Straight
DEBUG:root:Left=31.015000 Right=-73.872000
DEBUG:root:ScaledLeft: 444.783750 ScaledRight: 208.788000
INFO:root:Looping....
DEBUG:root:This is the line: drive:-75.526:-42.857

DEBUG:root:We got command: drive
DEBUG:root:We got a drive command: rawX:-42.857000 and rawY:-75.526000
DEBUG:root:Reverse to the Left/Straight
DEBUG:root:Left=32.669000 Right=-75.526000
DEBUG:root:ScaledLeft: 448.505250 ScaledRight: 205.066500
INFO:root:Looping....
DEBUG:root:This is the line: drive:-77.524:-42.857

DEBUG:root:We got command: drive
DEBUG:root:We got a drive command: rawX:-42.857000 and rawY:-77.524000
DEBUG:root:Reverse to the Left/Straight
DEBUG:root:Left=34.667000 Right=-77.524000
DEBUG:root:ScaledLeft: 453.000750 ScaledRight: 200.571000
INFO:root:Looping....
DEBUG:root:This is the line: drive:-79.857:-42.857

DEBUG:root:We got command: drive
DEBUG:root:We got a drive command: rawX:-42.857000 and rawY:-79.857000
DEBUG:root:Reverse to the Left/Straight
DEBUG:root:Left=37.000000 Right=-79.857000
DEBUG:root:ScaledLeft: 458.250000 ScaledRight: 195.321750
INFO:root:Looping....
DEBUG:root:This is the line: drive:-80.321:-42.857

DEBUG:root:We got command: drive
DEBUG:root:We got a drive command: rawX:-42.857000 and rawY:-80.321000
DEBUG:root:Reverse to the Left/Straight
DEBUG:root:Left=37.464000 Right=-80.321000
DEBUG:root:ScaledLeft: 459.294000 ScaledRight: 194.277750
INFO:root:Looping....
DEBUG:root:This is the line: drive:-80.922:-42.857

DEBUG:root:We got command: drive
DEBUG:root:We got a drive command: rawX:-42.857000 and rawY:-80.922000
DEBUG:root:Reverse to the Left/Straight
DEBUG:root:Left=38.065000 Right=-80.922000
DEBUG:root:ScaledLeft: 460.646250 ScaledRight: 192.925500
INFO:root:Looping....
DEBUG:root:This is the line: drive:-81.491:-42.857

DEBUG:root:We got command: drive
DEBUG:root:We got a drive command: rawX:-42.857000 and rawY:-81.491000
DEBUG:root:Reverse to the Left/Straight
DEBUG:root:Left=38.634000 Right=-81.491000
DEBUG:root:ScaledLeft: 461.926500 ScaledRight: 191.645250
INFO:root:Looping....
DEBUG:root:This is the line: drive:-81.798:-42.857

DEBUG:root:We got command: drive
DEBUG:root:We got a drive command: rawX:-42.857000 and rawY:-81.798000
DEBUG:root:Reverse to the Left/Straight
DEBUG:root:Left=38.941000 Right=-81.798000
DEBUG:root:ScaledLeft: 462.617250 ScaledRight: 190.954500
INFO:root:Looping....
DEBUG:root:This is the line: drive:-82.429:-42.857

DEBUG:root:We got command: drive
DEBUG:root:We got a drive command: rawX:-42.857000 and rawY:-82.429000
DEBUG:root:Reverse to the Left/Straight
DEBUG:root:Left=39.572000 Right=-82.429000
DEBUG:root:ScaledLeft: 464.037000 ScaledRight: 189.534750
INFO:root:Looping....
DEBUG:root:This is the line: drive:-82.969:-42.857

DEBUG:root:We got command: drive
DEBUG:root:We got a drive command: rawX:-42.857000 and rawY:-82.969000
DEBUG:root:Reverse to the Left/Straight
DEBUG:root:Left=40.112000 Right=-82.969000
DEBUG:root:ScaledLeft: 465.252000 ScaledRight: 188.319750
INFO:root:Looping....
DEBUG:root:This is the line: drive:-83.192:-42.857

DEBUG:root:We got command: drive
DEBUG:root:We got a drive command: rawX:-42.857000 and rawY:-83.192000
DEBUG:root:Reverse to the Left/Straight
DEBUG:root:Left=40.335000 Right=-83.192000
DEBUG:root:ScaledLeft: 465.753750 ScaledRight: 187.818000
INFO:root:Looping....
DEBUG:root:This is the line: drive:-83.857:-42.857

DEBUG:root:We got command: drive
DEBUG:root:We got a drive command: rawX:-42.857000 and rawY:-83.857000
DEBUG:root:Reverse to the Left/Straight
DEBUG:root:Left=41.000000 Right=-83.857000
DEBUG:root:ScaledLeft: 467.250000 ScaledRight: 186.321750
INFO:root:Looping....
DEBUG:root:This is the line: drive:-85.036:-42.857

DEBUG:root:We got command: drive
DEBUG:root:We got a drive command: rawX:-42.857000 and rawY:-85.036000
DEBUG:root:Reverse to the Left/Straight
DEBUG:root:Left=42.179000 Right=-85.036000
DEBUG:root:ScaledLeft: 469.902750 ScaledRight: 183.669000
INFO:root:Looping....
DEBUG:root:This is the line: drive:-86.623:-42.857

DEBUG:root:We got command: drive
DEBUG:root:We got a drive command: rawX:-42.857000 and rawY:-86.623000
DEBUG:root:Reverse to the Left/Straight
DEBUG:root:Left=43.766000 Right=-86.623000
DEBUG:root:ScaledLeft: 473.473500 ScaledRight: 180.098250
INFO:root:Looping....
DEBUG:root:This is the line: drive:-88.485:-42.857

DEBUG:root:We got command: drive
DEBUG:root:We got a drive command: rawX:-42.857000 and rawY:-88.485000
DEBUG:root:Reverse to the Left/Straight
DEBUG:root:Left=45.628000 Right=-88.485000
DEBUG:root:ScaledLeft: 477.663000 ScaledRight: 175.908750
INFO:root:Looping....
DEBUG:root:This is the line: drive:-89.571:-42.857

DEBUG:root:We got command: drive
DEBUG:root:We got a drive command: rawX:-42.857000 and rawY:-89.571000
DEBUG:root:Reverse to the Left/Straight
DEBUG:root:Left=46.714000 Right=-89.571000
DEBUG:root:ScaledLeft: 480.106500 ScaledRight: 173.465250
INFO:root:Looping....
DEBUG:root:This is the line: drive:-91.0:-42.857

DEBUG:root:We got command: drive
DEBUG:root:We got a drive command: rawX:-42.857000 and rawY:-91.000000
DEBUG:root:Reverse to the Left/Straight
DEBUG:root:Left=48.143000 Right=-91.000000
DEBUG:root:ScaledLeft: 483.321750 ScaledRight: 170.250000
INFO:root:Looping....
DEBUG:root:This is the line: drive:-92.005:-42.857

DEBUG:root:We got command: drive
DEBUG:root:We got a drive command: rawX:-42.857000 and rawY:-92.005000
DEBUG:root:Reverse to the Left/Straight
DEBUG:root:Left=49.148000 Right=-92.005000
DEBUG:root:ScaledLeft: 485.583000 ScaledRight: 167.988750
INFO:root:Looping....
DEBUG:root:This is the line: drive:-93.171:-42.857

DEBUG:root:We got command: drive
DEBUG:root:We got a drive command: rawX:-42.857000 and rawY:-93.171000
DEBUG:root:Reverse to the Left/Straight
DEBUG:root:Left=50.314000 Right=-93.171000
DEBUG:root:ScaledLeft: 488.206500 ScaledRight: 165.365250
INFO:root:Looping....
DEBUG:root:This is the line: drive:-94.786:-42.857

DEBUG:root:We got command: drive
DEBUG:root:We got a drive command: rawX:-42.857000 and rawY:-94.786000
DEBUG:root:Reverse to the Left/Straight
DEBUG:root:Left=51.929000 Right=-94.786000
DEBUG:root:ScaledLeft: 491.840250 ScaledRight: 161.731500
INFO:root:Looping....
DEBUG:root:This is the line: drive:-96.012:-42.857

DEBUG:root:We got command: drive
DEBUG:root:We got a drive command: rawX:-42.857000 and rawY:-96.012000
DEBUG:root:Reverse to the Left/Straight
DEBUG:root:Left=53.155000 Right=-96.012000
DEBUG:root:ScaledLeft: 494.598750 ScaledRight: 158.973000
INFO:root:Looping....
DEBUG:root:This is the line: drive:-97.281:-42.857

DEBUG:root:We got command: drive
DEBUG:root:We got a drive command: rawX:-42.857000 and rawY:-97.281000
DEBUG:root:Reverse to the Left/Straight
DEBUG:root:Left=54.424000 Right=-97.281000
DEBUG:root:ScaledLeft: 497.454000 ScaledRight: 156.117750
INFO:root:Looping....
DEBUG:root:This is the line: drive:-98.568:-42.857

DEBUG:root:We got command: drive
DEBUG:root:We got a drive command: rawX:-42.857000 and rawY:-98.568000
DEBUG:root:Reverse to the Left/Straight
DEBUG:root:Left=55.711000 Right=-98.568000
DEBUG:root:ScaledLeft: 500.349750 ScaledRight: 153.222000
INFO:root:Looping....
DEBUG:root:This is the line: drive:-98.962:-42.857

DEBUG:root:We got command: drive
DEBUG:root:We got a drive command: rawX:-42.857000 and rawY:-98.962000
DEBUG:root:Reverse to the Left/Straight
DEBUG:root:Left=56.105000 Right=-98.962000
DEBUG:root:ScaledLeft: 501.236250 ScaledRight: 152.335500
INFO:root:Looping....
DEBUG:root:This is the line: drive:-98.962:-42.857

DEBUG:root:We got command: drive
DEBUG:root:We got a drive command: rawX:-42.857000 and rawY:-98.962000
DEBUG:root:Reverse to the Left/Straight
DEBUG:root:Left=56.105000 Right=-98.962000
DEBUG:root:ScaledLeft: 501.236250 ScaledRight: 152.335500
INFO:root:Looping....
DEBUG:root:This is the line: drive:-95.133:-42.857

DEBUG:root:We got command: drive
DEBUG:root:We got a drive command: rawX:-42.857000 and rawY:-95.133000
DEBUG:root:Reverse to the Left/Straight
DEBUG:root:Left=52.276000 Right=-95.133000
DEBUG:root:ScaledLeft: 492.621000 ScaledRight: 160.950750
INFO:root:Looping....
DEBUG:root:This is the line: drive:-84.832:-43.452

DEBUG:root:We got command: drive
DEBUG:root:We got a drive command: rawX:-43.452000 and rawY:-84.832000
DEBUG:root:Reverse to the Left/Straight
DEBUG:root:Left=41.380000 Right=-84.832000
DEBUG:root:ScaledLeft: 468.105000 ScaledRight: 184.128000
INFO:root:Looping....
DEBUG:root:This is the line: drive:-77.236:-42.281

DEBUG:root:We got command: drive
DEBUG:root:We got a drive command: rawX:-42.281000 and rawY:-77.236000
DEBUG:root:Reverse to the Left/Straight
DEBUG:root:Left=34.955000 Right=-77.236000
DEBUG:root:ScaledLeft: 453.648750 ScaledRight: 201.219000
INFO:root:Looping....
DEBUG:root:This is the line: drive:-68.986:-41.403

DEBUG:root:We got command: drive
DEBUG:root:We got a drive command: rawX:-41.403000 and rawY:-68.986000
DEBUG:root:Reverse to the Left/Straight
DEBUG:root:Left=27.583000 Right=-68.986000
DEBUG:root:ScaledLeft: 437.061750 ScaledRight: 219.781500
INFO:root:Looping....
DEBUG:root:This is the line: drive:-60.096:-40.476

DEBUG:root:We got command: drive
DEBUG:root:We got a drive command: rawX:-40.476000 and rawY:-60.096000
DEBUG:root:Reverse to the Left/Straight
DEBUG:root:Left=19.620000 Right=-60.096000
DEBUG:root:ScaledLeft: 419.145000 ScaledRight: 239.784000
INFO:root:Looping....
DEBUG:root:This is the line: drive:-50.458:-38.69

DEBUG:root:We got command: drive
DEBUG:root:We got a drive command: rawX:-38.690000 and rawY:-50.458000
DEBUG:root:Reverse to the Left/Straight
DEBUG:root:Left=11.768000 Right=-50.458000
DEBUG:root:ScaledLeft: 401.478000 ScaledRight: 261.469500
INFO:root:Looping....
DEBUG:root:This is the line: drive:-45.383:-38.393

DEBUG:root:We got command: drive
DEBUG:root:We got a drive command: rawX:-38.393000 and rawY:-45.383000
DEBUG:root:Reverse to the Left/Straight
DEBUG:root:Left=6.990000 Right=-45.383000
DEBUG:root:ScaledLeft: 390.727500 ScaledRight: 272.888250
INFO:root:Looping....
DEBUG:root:This is the line: drive:-38.859:-37.798

DEBUG:root:We got command: drive
DEBUG:root:We got a drive command: rawX:-37.798000 and rawY:-38.859000
DEBUG:root:Reverse to the Left/Straight
DEBUG:root:Left=1.061000 Right=-38.859000
DEBUG:root:ScaledLeft: 377.387250 ScaledRight: 287.567250
INFO:root:Looping....
DEBUG:root:This is the line: drive:-32.46:-36.95

DEBUG:root:We got command: drive
DEBUG:root:We got a drive command: rawX:-36.950000 and rawY:-32.460000
DEBUG:root:Reverse to the Left/Straight
DEBUG:root:Left=-4.490000 Right=-32.460000
DEBUG:root:ScaledLeft: 364.897500 ScaledRight: 301.965000
INFO:root:Looping....
DEBUG:root:This is the line: drive:-26.661:-36.31

DEBUG:root:We got command: drive
DEBUG:root:We got a drive command: rawX:-36.310000 and rawY:-26.661000
DEBUG:root:Reverse to the Left/Straight
DEBUG:root:Left=-9.649000 Right=-26.661000
DEBUG:root:ScaledLeft: 353.289750 ScaledRight: 315.012750
INFO:root:Looping....
DEBUG:root:This is the line: drive:-21.537:-36.31

DEBUG:root:We got command: drive
DEBUG:root:We got a drive command: rawX:-36.310000 and rawY:-21.537000
DEBUG:root:Reverse to the Left/Straight
DEBUG:root:Left=-14.773000 Right=-21.537000
DEBUG:root:ScaledLeft: 341.760750 ScaledRight: 326.541750
INFO:root:Looping....
DEBUG:root:This is the line: drive:-17.162:-36.31

DEBUG:root:We got command: drive
DEBUG:root:We got a drive command: rawX:-36.310000 and rawY:-17.162000
DEBUG:root:Reverse to the Left/Straight
DEBUG:root:Left=-19.148000 Right=-17.162000
DEBUG:root:ScaledLeft: 331.917000 ScaledRight: 336.385500
INFO:root:Looping....
DEBUG:root:This is the line: drive:-14.799:-36.31

DEBUG:root:We got command: drive
DEBUG:root:We got a drive command: rawX:-36.310000 and rawY:-14.799000
DEBUG:root:Reverse to the Left/Straight
DEBUG:root:Left=-21.511000 Right=-14.799000
DEBUG:root:ScaledLeft: 326.600250 ScaledRight: 341.702250
INFO:root:Looping....
DEBUG:root:This is the line: drive:-13.117:-35.985

DEBUG:root:We got command: drive
DEBUG:root:We got a drive command: rawX:-35.985000 and rawY:-13.117000
DEBUG:root:Reverse to the Left/Straight
DEBUG:root:Left=-22.868000 Right=-13.117000
DEBUG:root:ScaledLeft: 323.547000 ScaledRight: 345.486750
INFO:root:Looping....
DEBUG:root:This is the line: drive:-11.044:-36.012

DEBUG:root:We got command: drive
DEBUG:root:We got a drive command: rawX:-36.012000 and rawY:-11.044000
DEBUG:root:Reverse to the Left/Straight
DEBUG:root:Left=-24.968000 Right=-11.044000
DEBUG:root:ScaledLeft: 318.822000 ScaledRight: 350.151000
INFO:root:Looping....
DEBUG:root:This is the line: drive:-9.0:-36.012

DEBUG:root:We got command: drive
DEBUG:root:We got a drive command: rawX:-36.012000 and rawY:-9.000000
DEBUG:root:Reverse to the Left/Straight
DEBUG:root:Left=-27.012000 Right=-9.000000
DEBUG:root:ScaledLeft: 314.223000 ScaledRight: 354.750000
INFO:root:Looping....
DEBUG:root:This is the line: drive:-7.306:-35.714

DEBUG:root:We got command: drive
DEBUG:root:We got a drive command: rawX:-35.714000 and rawY:-7.306000
DEBUG:root:Reverse to the Left/Straight
DEBUG:root:Left=-28.408000 Right=-7.306000
DEBUG:root:ScaledLeft: 311.082000 ScaledRight: 358.561500
INFO:root:Looping....
DEBUG:root:This is the line: drive:-5.262:-35.417

DEBUG:root:We got command: drive
DEBUG:root:We got a drive command: rawX:-35.417000 and rawY:-5.262000
DEBUG:root:Reverse to the Left/Straight
DEBUG:root:Left=-30.155000 Right=-5.262000
DEBUG:root:ScaledLeft: 307.151250 ScaledRight: 363.160500
INFO:root:Looping....
DEBUG:root:This is the line: drive:-3.492:-35.119

DEBUG:root:We got command: drive
DEBUG:root:We got a drive command: rawX:-35.119000 and rawY:-3.492000
DEBUG:root:Reverse to the Left/Straight
DEBUG:root:Left=-31.627000 Right=-3.492000
DEBUG:root:ScaledLeft: 303.839250 ScaledRight: 367.143000
INFO:root:Looping....
DEBUG:root:This is the line: drive:-1.522:-34.821

DEBUG:root:We got command: drive
DEBUG:root:We got a drive command: rawX:-34.821000 and rawY:-1.522000
DEBUG:root:Reverse to the Left/Straight
DEBUG:root:Left=-33.299000 Right=-1.522000
DEBUG:root:ScaledLeft: 300.077250 ScaledRight: 371.575500
INFO:root:Looping....
DEBUG:root:This is the line: drive:1.882:-33.395

DEBUG:root:We got command: drive
DEBUG:root:We got a drive command: rawX:-33.395000 and rawY:1.882000
DEBUG:root:Forward to the Left/Straight
DEBUG:root:Left=-35.277000 Right=1.882000
DEBUG:root:ScaledLeft: 295.626750 ScaledRight: 379.234500
INFO:root:Looping....
DEBUG:root:This is the line: drive:5.815:-31.644

DEBUG:root:We got command: drive
DEBUG:root:We got a drive command: rawX:-31.644000 and rawY:5.815000
DEBUG:root:Forward to the Left/Straight
DEBUG:root:Left=-37.459000 Right=5.815000
DEBUG:root:ScaledLeft: 290.717250 ScaledRight: 388.083750
INFO:root:Looping....
DEBUG:root:This is the line: drive:10.199:-30.105

DEBUG:root:We got command: drive
DEBUG:root:We got a drive command: rawX:-30.105000 and rawY:10.199000
DEBUG:root:Forward to the Left/Straight
DEBUG:root:Left=-40.304000 Right=10.199000
DEBUG:root:ScaledLeft: 284.316000 ScaledRight: 397.947750
INFO:root:Looping....
DEBUG:root:This is the line: drive:14.652:-29.72

DEBUG:root:We got command: drive
DEBUG:root:We got a drive command: rawX:-29.720000 and rawY:14.652000
DEBUG:root:Forward to the Left/Straight
DEBUG:root:Left=-44.372000 Right=14.652000
DEBUG:root:ScaledLeft: 275.163000 ScaledRight: 407.967000
INFO:root:Looping....
DEBUG:root:This is the line: drive:17.202:-29.167

DEBUG:root:We got command: drive
DEBUG:root:We got a drive command: rawX:-29.167000 and rawY:17.202000
DEBUG:root:Forward to the Left/Straight
DEBUG:root:Left=-46.369000 Right=17.202000
DEBUG:root:ScaledLeft: 270.669750 ScaledRight: 413.704500
INFO:root:Looping....
DEBUG:root:This is the line: drive:19.637:-27.461

DEBUG:root:We got command: drive
DEBUG:root:We got a drive command: rawX:-27.461000 and rawY:19.637000
DEBUG:root:Forward to the Left/Straight
DEBUG:root:Left=-47.098000 Right=19.637000
DEBUG:root:ScaledLeft: 269.029500 ScaledRight: 419.183250
INFO:root:Looping....
DEBUG:root:This is the line: drive:21.636:-26.082

DEBUG:root:We got command: drive
DEBUG:root:We got a drive command: rawX:-26.082000 and rawY:21.636000
DEBUG:root:Forward to the Left/Straight
DEBUG:root:Left=-47.718000 Right=21.636000
DEBUG:root:ScaledLeft: 267.634500 ScaledRight: 423.681000
INFO:root:Looping....
DEBUG:root:This is the line: drive:24.5:-24.591

DEBUG:root:We got command: drive
DEBUG:root:We got a drive command: rawX:-24.591000 and rawY:24.500000
DEBUG:root:Forward to the Left/Straight
DEBUG:root:Left=-49.091000 Right=24.500000
DEBUG:root:ScaledLeft: 264.545250 ScaledRight: 430.125000
INFO:root:Looping....
DEBUG:root:This is the line: drive:26.645:-23.512

DEBUG:root:We got command: drive
DEBUG:root:We got a drive command: rawX:-23.512000 and rawY:26.645000
DEBUG:root:Forward to the Left/Straight
DEBUG:root:Left=-50.157000 Right=26.645000
DEBUG:root:ScaledLeft: 262.146750 ScaledRight: 434.951250
INFO:root:Looping....
DEBUG:root:This is the line: drive:28.67:-23.214

DEBUG:root:We got command: drive
DEBUG:root:We got a drive command: rawX:-23.214000 and rawY:28.670000
DEBUG:root:Forward to the Left/Straight
DEBUG:root:Left=-51.884000 Right=28.670000
DEBUG:root:ScaledLeft: 258.261000 ScaledRight: 439.507500
INFO:root:Looping....
DEBUG:root:This is the line: drive:30.992:-22.619

DEBUG:root:We got command: drive
DEBUG:root:We got a drive command: rawX:-22.619000 and rawY:30.992000
DEBUG:root:Forward to the Left/Straight
DEBUG:root:Left=-53.611000 Right=30.992000
DEBUG:root:ScaledLeft: 254.375250 ScaledRight: 444.732000
INFO:root:Looping....
DEBUG:root:This is the line: drive:32.143:-22.619

DEBUG:root:We got command: drive
DEBUG:root:We got a drive command: rawX:-22.619000 and rawY:32.143000
DEBUG:root:Forward to the Left/Straight
DEBUG:root:Left=-54.762000 Right=32.143000
DEBUG:root:ScaledLeft: 251.785500 ScaledRight: 447.321750
INFO:root:Looping....
DEBUG:root:This is the line: drive:32.0:-22.321

DEBUG:root:We got command: drive
DEBUG:root:We got a drive command: rawX:-22.321000 and rawY:32.000000
DEBUG:root:Forward to the Left/Straight
DEBUG:root:Left=-54.321000 Right=32.000000
DEBUG:root:ScaledLeft: 252.777750 ScaledRight: 447.000000
INFO:root:Looping....
DEBUG:root:This is the line: drive:32.336:-22.321

DEBUG:root:We got command: drive
DEBUG:root:We got a drive command: rawX:-22.321000 and rawY:32.336000
DEBUG:root:Forward to the Left/Straight
DEBUG:root:Left=-54.657000 Right=32.336000
DEBUG:root:ScaledLeft: 252.021750 ScaledRight: 447.756000
INFO:root:Looping....
DEBUG:root:This is the line: drive:33.195:-22.321

DEBUG:root:We got command: drive
DEBUG:root:We got a drive command: rawX:-22.321000 and rawY:33.195000
DEBUG:root:Forward to the Left/Straight
DEBUG:root:Left=-55.516000 Right=33.195000
DEBUG:root:ScaledLeft: 250.089000 ScaledRight: 449.688750
INFO:root:Looping....
DEBUG:root:This is the line: drive:33.845:-22.024

DEBUG:root:We got command: drive
DEBUG:root:We got a drive command: rawX:-22.024000 and rawY:33.845000
DEBUG:root:Forward to the Left/Straight
DEBUG:root:Left=-55.869000 Right=33.845000
DEBUG:root:ScaledLeft: 249.294750 ScaledRight: 451.151250
INFO:root:Looping....
DEBUG:root:This is the line: drive:34.783:-22.024

DEBUG:root:We got command: drive
DEBUG:root:We got a drive command: rawX:-22.024000 and rawY:34.783000
DEBUG:root:Forward to the Left/Straight
DEBUG:root:Left=-56.807000 Right=34.783000
DEBUG:root:ScaledLeft: 247.184250 ScaledRight: 453.261750
INFO:root:Looping....
DEBUG:root:This is the line: drive:35.225:-21.726

DEBUG:root:We got command: drive
DEBUG:root:We got a drive command: rawX:-21.726000 and rawY:35.225000
DEBUG:root:Forward to the Left/Straight
DEBUG:root:Left=-56.951000 Right=35.225000
DEBUG:root:ScaledLeft: 246.860250 ScaledRight: 454.256250
INFO:root:Looping....
DEBUG:root:This is the line: drive:36.489:-21.131

DEBUG:root:We got command: drive
DEBUG:root:We got a drive command: rawX:-21.131000 and rawY:36.489000
DEBUG:root:Forward to the Left/Straight
DEBUG:root:Left=-57.620000 Right=36.489000
DEBUG:root:ScaledLeft: 245.355000 ScaledRight: 457.100250
INFO:root:Looping....
DEBUG:root:This is the line: drive:37.823:-20.72

DEBUG:root:We got command: drive
DEBUG:root:We got a drive command: rawX:-20.720000 and rawY:37.823000
DEBUG:root:Forward to the Left/Straight
DEBUG:root:Left=-58.543000 Right=37.823000
DEBUG:root:ScaledLeft: 243.278250 ScaledRight: 460.101750
INFO:root:Looping....
DEBUG:root:This is the line: drive:39.118:-20.264

DEBUG:root:We got command: drive
DEBUG:root:We got a drive command: rawX:-20.264000 and rawY:39.118000
DEBUG:root:Forward to the Left/Straight
DEBUG:root:Left=-59.382000 Right=39.118000
DEBUG:root:ScaledLeft: 241.390500 ScaledRight: 463.015500
INFO:root:Looping....
DEBUG:root:This is the line: drive:39.476:-20.238

DEBUG:root:We got command: drive
DEBUG:root:We got a drive command: rawX:-20.238000 and rawY:39.476000
DEBUG:root:Forward to the Left/Straight
DEBUG:root:Left=-59.714000 Right=39.476000
DEBUG:root:ScaledLeft: 240.643500 ScaledRight: 463.821000
INFO:root:Looping....
DEBUG:root:This is the line: drive:40.0:-19.494

DEBUG:root:We got command: drive
DEBUG:root:We got a drive command: rawX:-19.494000 and rawY:40.000000
DEBUG:root:Forward to the Left/Straight
DEBUG:root:Left=-59.494000 Right=40.000000
DEBUG:root:ScaledLeft: 241.138500 ScaledRight: 465.000000
INFO:root:Looping....
DEBUG:root:This is the line: drive:41.286:-19.345

DEBUG:root:We got command: drive
DEBUG:root:We got a drive command: rawX:-19.345000 and rawY:41.286000
DEBUG:root:Forward to the Left/Straight
DEBUG:root:Left=-60.631000 Right=41.286000
DEBUG:root:ScaledLeft: 238.580250 ScaledRight: 467.893500
INFO:root:Looping....
DEBUG:root:This is the line: drive:41.714:-19.065

DEBUG:root:We got command: drive
DEBUG:root:We got a drive command: rawX:-19.065000 and rawY:41.714000
DEBUG:root:Forward to the Left/Straight
DEBUG:root:Left=-60.779000 Right=41.714000
DEBUG:root:ScaledLeft: 238.247250 ScaledRight: 468.856500
INFO:root:Looping....
DEBUG:root:This is the line: drive:42.711:-18.75

DEBUG:root:We got command: drive
DEBUG:root:We got a drive command: rawX:-18.750000 and rawY:42.711000
DEBUG:root:Forward to the Left/Straight
DEBUG:root:Left=-61.461000 Right=42.711000
DEBUG:root:ScaledLeft: 236.712750 ScaledRight: 471.099750
INFO:root:Looping....
DEBUG:root:This is the line: drive:43.467:-18.75

DEBUG:root:We got command: drive
DEBUG:root:We got a drive command: rawX:-18.750000 and rawY:43.467000
DEBUG:root:Forward to the Left/Straight
DEBUG:root:Left=-62.217000 Right=43.467000
DEBUG:root:ScaledLeft: 235.011750 ScaledRight: 472.800750
INFO:root:Looping....
DEBUG:root:This is the line: drive:44.429:-18.452

DEBUG:root:We got command: drive
DEBUG:root:We got a drive command: rawX:-18.452000 and rawY:44.429000
DEBUG:root:Forward to the Left/Straight
DEBUG:root:Left=-62.881000 Right=44.429000
DEBUG:root:ScaledLeft: 233.517750 ScaledRight: 474.965250
INFO:root:Looping....
DEBUG:root:This is the line: drive:45.567:-18.155

DEBUG:root:We got command: drive
DEBUG:root:We got a drive command: rawX:-18.155000 and rawY:45.567000
DEBUG:root:Forward to the Left/Straight
DEBUG:root:Left=-63.722000 Right=45.567000
DEBUG:root:ScaledLeft: 231.625500 ScaledRight: 477.525750
INFO:root:Looping....
DEBUG:root:This is the line: drive:47.857:-18.155

DEBUG:root:We got command: drive
DEBUG:root:We got a drive command: rawX:-18.155000 and rawY:47.857000
DEBUG:root:Forward to the Left/Straight
DEBUG:root:Left=-66.012000 Right=47.857000
DEBUG:root:ScaledLeft: 226.473000 ScaledRight: 482.678250
INFO:root:Looping....
DEBUG:root:This is the line: drive:49.0:-18.155

DEBUG:root:We got command: drive
DEBUG:root:We got a drive command: rawX:-18.155000 and rawY:49.000000
DEBUG:root:Forward to the Left/Straight
DEBUG:root:Left=-67.155000 Right=49.000000
DEBUG:root:ScaledLeft: 223.901250 ScaledRight: 485.250000
INFO:root:Looping....
DEBUG:root:This is the line: drive:50.429:-18.155

DEBUG:root:We got command: drive
DEBUG:root:We got a drive command: rawX:-18.155000 and rawY:50.429000
DEBUG:root:Forward to the Left/Straight
DEBUG:root:Left=-68.584000 Right=50.429000
DEBUG:root:ScaledLeft: 220.686000 ScaledRight: 488.465250
INFO:root:Looping....
DEBUG:root:This is the line: drive:51.974:-18.155

DEBUG:root:We got command: drive
DEBUG:root:We got a drive command: rawX:-18.155000 and rawY:51.974000
DEBUG:root:Forward to the Left/Straight
DEBUG:root:Left=-70.129000 Right=51.974000
DEBUG:root:ScaledLeft: 217.209750 ScaledRight: 491.941500
INFO:root:Looping....
DEBUG:root:This is the line: drive:53.963:-18.155

DEBUG:root:We got command: drive
DEBUG:root:We got a drive command: rawX:-18.155000 and rawY:53.963000
DEBUG:root:Forward to the Left/Straight
DEBUG:root:Left=-72.118000 Right=53.963000
DEBUG:root:ScaledLeft: 212.734500 ScaledRight: 496.416750
INFO:root:Looping....
DEBUG:root:This is the line: drive:55.956:-18.155

DEBUG:root:We got command: drive
DEBUG:root:We got a drive command: rawX:-18.155000 and rawY:55.956000
DEBUG:root:Forward to the Left/Straight
DEBUG:root:Left=-74.111000 Right=55.956000
DEBUG:root:ScaledLeft: 208.250250 ScaledRight: 500.901000
INFO:root:Looping....
DEBUG:root:This is the line: drive:57.592:-18.155

DEBUG:root:We got command: drive
DEBUG:root:We got a drive command: rawX:-18.155000 and rawY:57.592000
DEBUG:root:Forward to the Left/Straight
DEBUG:root:Left=-75.747000 Right=57.592000
DEBUG:root:ScaledLeft: 204.569250 ScaledRight: 504.582000
INFO:root:Looping....
DEBUG:root:This is the line: drive:58.616:-18.155

DEBUG:root:We got command: drive
DEBUG:root:We got a drive command: rawX:-18.155000 and rawY:58.616000
DEBUG:root:Forward to the Left/Straight
DEBUG:root:Left=-76.771000 Right=58.616000
DEBUG:root:ScaledLeft: 202.265250 ScaledRight: 506.886000
INFO:root:Looping....
DEBUG:root:This is the line: drive:59.446:-18.155

DEBUG:root:We got command: drive
DEBUG:root:We got a drive command: rawX:-18.155000 and rawY:59.446000
DEBUG:root:Forward to the Left/Straight
DEBUG:root:Left=-77.601000 Right=59.446000
DEBUG:root:ScaledLeft: 200.397750 ScaledRight: 508.753500
INFO:root:Looping....
DEBUG:root:This is the line: drive:60.92:-18.155

DEBUG:root:We got command: drive
DEBUG:root:We got a drive command: rawX:-18.155000 and rawY:60.920000
DEBUG:root:Forward to the Left/Straight
DEBUG:root:Left=-79.075000 Right=60.920000
DEBUG:root:ScaledLeft: 197.081250 ScaledRight: 512.070000
INFO:root:Looping....
DEBUG:root:This is the line: drive:61.474:-18.155

DEBUG:root:We got command: drive
DEBUG:root:We got a drive command: rawX:-18.155000 and rawY:61.474000
DEBUG:root:Forward to the Left/Straight
DEBUG:root:Left=-79.629000 Right=61.474000
DEBUG:root:ScaledLeft: 195.834750 ScaledRight: 513.316500
INFO:root:Looping....
DEBUG:root:This is the line: drive:62.143:-18.155

DEBUG:root:We got command: drive
DEBUG:root:We got a drive command: rawX:-18.155000 and rawY:62.143000
DEBUG:root:Forward to the Left/Straight
DEBUG:root:Left=-80.298000 Right=62.143000
DEBUG:root:ScaledLeft: 194.329500 ScaledRight: 514.821750
INFO:root:Looping....
DEBUG:root:This is the line: drive:62.937:-18.155

DEBUG:root:We got command: drive
DEBUG:root:We got a drive command: rawX:-18.155000 and rawY:62.937000
DEBUG:root:Forward to the Left/Straight
DEBUG:root:Left=-81.092000 Right=62.937000
DEBUG:root:ScaledLeft: 192.543000 ScaledRight: 516.608250
INFO:root:Looping....
DEBUG:root:This is the line: drive:63.195:-18.155

DEBUG:root:We got command: drive
DEBUG:root:We got a drive command: rawX:-18.155000 and rawY:63.195000
DEBUG:root:Forward to the Left/Straight
DEBUG:root:Left=-81.350000 Right=63.195000
DEBUG:root:ScaledLeft: 191.962500 ScaledRight: 517.188750
INFO:root:Looping....
DEBUG:root:This is the line: drive:63.809:-18.155

DEBUG:root:We got command: drive
DEBUG:root:We got a drive command: rawX:-18.155000 and rawY:63.809000
DEBUG:root:Forward to the Left/Straight
DEBUG:root:Left=-81.964000 Right=63.809000
DEBUG:root:ScaledLeft: 190.581000 ScaledRight: 518.570250
INFO:root:Looping....
DEBUG:root:This is the line: drive:64.03:-18.155

DEBUG:root:We got command: drive
DEBUG:root:We got a drive command: rawX:-18.155000 and rawY:64.030000
DEBUG:root:Forward to the Left/Straight
DEBUG:root:Left=-82.185000 Right=64.030000
DEBUG:root:ScaledLeft: 190.083750 ScaledRight: 519.067500
INFO:root:Looping....
DEBUG:root:This is the line: drive:64.714:-18.155

DEBUG:root:We got command: drive
DEBUG:root:We got a drive command: rawX:-18.155000 and rawY:64.714000
DEBUG:root:Forward to the Left/Straight
DEBUG:root:Left=-82.869000 Right=64.714000
DEBUG:root:ScaledLeft: 188.544750 ScaledRight: 520.606500
INFO:root:Looping....
DEBUG:root:This is the line: drive:65.43:-18.155

DEBUG:root:We got command: drive
DEBUG:root:We got a drive command: rawX:-18.155000 and rawY:65.430000
DEBUG:root:Forward to the Left/Straight
DEBUG:root:Left=-83.585000 Right=65.430000
DEBUG:root:ScaledLeft: 186.933750 ScaledRight: 522.217500
INFO:root:Looping....
DEBUG:root:This is the line: drive:65.43:-18.155

DEBUG:root:We got command: drive
DEBUG:root:We got a drive command: rawX:-18.155000 and rawY:65.430000
DEBUG:root:Forward to the Left/Straight
DEBUG:root:Left=-83.585000 Right=65.430000
DEBUG:root:ScaledLeft: 186.933750 ScaledRight: 522.217500
INFO:root:Looping....
DEBUG:root:This is the line: drive:65.759:-18.155

DEBUG:root:We got command: drive
DEBUG:root:We got a drive command: rawX:-18.155000 and rawY:65.759000
DEBUG:root:Forward to the Left/Straight
DEBUG:root:Left=-83.914000 Right=65.759000
DEBUG:root:ScaledLeft: 186.193500 ScaledRight: 522.957750
INFO:root:Looping....
DEBUG:root:This is the line: drive:66.339:-18.155

DEBUG:root:We got command: drive
DEBUG:root:We got a drive command: rawX:-18.155000 and rawY:66.339000
DEBUG:root:Forward to the Left/Straight
DEBUG:root:Left=-84.494000 Right=66.339000
DEBUG:root:ScaledLeft: 184.888500 ScaledRight: 524.262750
INFO:root:Looping....
DEBUG:root:This is the line: drive:66.339:-18.155

DEBUG:root:We got command: drive
DEBUG:root:We got a drive command: rawX:-18.155000 and rawY:66.339000
DEBUG:root:Forward to the Left/Straight
DEBUG:root:Left=-84.494000 Right=66.339000
DEBUG:root:ScaledLeft: 184.888500 ScaledRight: 524.262750
INFO:root:Looping....
DEBUG:root:This is the line: drive:66.58:-18.155

DEBUG:root:We got command: drive
DEBUG:root:We got a drive command: rawX:-18.155000 and rawY:66.580000
DEBUG:root:Forward to the Left/Straight
DEBUG:root:Left=-84.735000 Right=66.580000
DEBUG:root:ScaledLeft: 184.346250 ScaledRight: 524.805000
INFO:root:Looping....
DEBUG:root:This is the line: drive:66.58:-18.155

DEBUG:root:We got command: drive
DEBUG:root:We got a drive command: rawX:-18.155000 and rawY:66.580000
DEBUG:root:Forward to the Left/Straight
DEBUG:root:Left=-84.735000 Right=66.580000
DEBUG:root:ScaledLeft: 184.346250 ScaledRight: 524.805000
INFO:root:Looping....
DEBUG:root:This is the line: drive:66.58:-18.155

DEBUG:root:We got command: drive
DEBUG:root:We got a drive command: rawX:-18.155000 and rawY:66.580000
DEBUG:root:Forward to the Left/Straight
DEBUG:root:Left=-84.735000 Right=66.580000
DEBUG:root:ScaledLeft: 184.346250 ScaledRight: 524.805000
INFO:root:Looping....
DEBUG:root:This is the line: drive:66.58:-18.155

DEBUG:root:We got command: drive
DEBUG:root:We got a drive command: rawX:-18.155000 and rawY:66.580000
DEBUG:root:Forward to the Left/Straight
DEBUG:root:Left=-84.735000 Right=66.580000
DEBUG:root:ScaledLeft: 184.346250 ScaledRight: 524.805000
INFO:root:Looping....
DEBUG:root:This is the line: drive:66.58:-18.155

DEBUG:root:We got command: drive
DEBUG:root:We got a drive command: rawX:-18.155000 and rawY:66.580000
DEBUG:root:Forward to the Left/Straight
DEBUG:root:Left=-84.735000 Right=66.580000
DEBUG:root:ScaledLeft: 184.346250 ScaledRight: 524.805000
INFO:root:Looping....
DEBUG:root:This is the line: drive:66.58:-18.155

DEBUG:root:We got command: drive
DEBUG:root:We got a drive command: rawX:-18.155000 and rawY:66.580000
DEBUG:root:Forward to the Left/Straight
DEBUG:root:Left=-84.735000 Right=66.580000
DEBUG:root:ScaledLeft: 184.346250 ScaledRight: 524.805000
INFO:root:Looping....
DEBUG:root:This is the line: drive:66.58:-18.155

DEBUG:root:We got command: drive
DEBUG:root:We got a drive command: rawX:-18.155000 and rawY:66.580000
DEBUG:root:Forward to the Left/Straight
DEBUG:root:Left=-84.735000 Right=66.580000
DEBUG:root:ScaledLeft: 184.346250 ScaledRight: 524.805000
INFO:root:Looping....
DEBUG:root:This is the line: drive:66.58:-18.155

DEBUG:root:We got command: drive
DEBUG:root:We got a drive command: rawX:-18.155000 and rawY:66.580000
DEBUG:root:Forward to the Left/Straight
DEBUG:root:Left=-84.735000 Right=66.580000
DEBUG:root:ScaledLeft: 184.346250 ScaledRight: 524.805000
INFO:root:Looping....
DEBUG:root:This is the line: drive:66.58:-18.155

DEBUG:root:We got command: drive
DEBUG:root:We got a drive command: rawX:-18.155000 and rawY:66.580000
DEBUG:root:Forward to the Left/Straight
DEBUG:root:Left=-84.735000 Right=66.580000
DEBUG:root:ScaledLeft: 184.346250 ScaledRight: 524.805000
INFO:root:Looping....
DEBUG:root:This is the line: drive:66.58:-18.155

DEBUG:root:We got command: drive
DEBUG:root:We got a drive command: rawX:-18.155000 and rawY:66.580000
DEBUG:root:Forward to the Left/Straight
DEBUG:root:Left=-84.735000 Right=66.580000
DEBUG:root:ScaledLeft: 184.346250 ScaledRight: 524.805000
INFO:root:Looping....
DEBUG:root:This is the line: drive:66.58:-18.155

DEBUG:root:We got command: drive
DEBUG:root:We got a drive command: rawX:-18.155000 and rawY:66.580000
DEBUG:root:Forward to the Left/Straight
DEBUG:root:Left=-84.735000 Right=66.580000
DEBUG:root:ScaledLeft: 184.346250 ScaledRight: 524.805000
INFO:root:Looping....
DEBUG:root:This is the line: drive:66.58:-18.155

DEBUG:root:We got command: drive
DEBUG:root:We got a drive command: rawX:-18.155000 and rawY:66.580000
DEBUG:root:Forward to the Left/Straight
DEBUG:root:Left=-84.735000 Right=66.580000
DEBUG:root:ScaledLeft: 184.346250 ScaledRight: 524.805000
INFO:root:Looping....
DEBUG:root:This is the line: drive:67.557:-16.533

DEBUG:root:We got command: drive
DEBUG:root:We got a drive command: rawX:-16.533000 and rawY:67.557000
DEBUG:root:Forward to the Left/Straight
DEBUG:root:Left=-84.090000 Right=67.557000
DEBUG:root:ScaledLeft: 185.797500 ScaledRight: 527.003250
INFO:root:Looping....
DEBUG:root:This is the line: drive:0:0

DEBUG:root:We got command: drive
DEBUG:root:We got a drive command: rawX:0.000000 and rawY:0.000000
DEBUG:root:Left=0.000000 Right=0.000000
DEBUG:root:ScaledLeft: 375.000000 ScaledRight: 375.000000
INFO:root:Looping....
DEBUG:root:This is the line: drive:67.714:-16.369

DEBUG:root:We got command: drive
DEBUG:root:We got a drive command: rawX:-16.369000 and rawY:67.714000
DEBUG:root:Forward to the Left/Straight
DEBUG:root:Left=-84.083000 Right=67.714000
DEBUG:root:ScaledLeft: 185.813250 ScaledRight: 527.356500
INFO:root:Looping....
DEBUG:root:This is the line: drive:-24.286:-16.369

DEBUG:root:We got command: drive
DEBUG:root:We got a drive command: rawX:-16.369000 and rawY:-24.286000
DEBUG:root:Reverse to the Left/Straight
DEBUG:root:Left=7.917000 Right=-24.286000
DEBUG:root:ScaledLeft: 392.813250 ScaledRight: 320.356500
INFO:root:Looping....
DEBUG:root:This is the line: drive:-20.237:-19.222

DEBUG:root:We got command: drive
DEBUG:root:We got a drive command: rawX:-19.222000 and rawY:-20.237000
DEBUG:root:Reverse to the Left/Straight
DEBUG:root:Left=1.015000 Right=-20.237000
DEBUG:root:ScaledLeft: 377.283750 ScaledRight: 329.466750
INFO:root:Looping....
DEBUG:root:This is the line: drive:-6.26:-20.238

DEBUG:root:We got command: drive
DEBUG:root:We got a drive command: rawX:-20.238000 and rawY:-6.260000
DEBUG:root:Reverse to the Left/Straight
DEBUG:root:Left=-13.978000 Right=-6.260000
DEBUG:root:ScaledLeft: 343.549500 ScaledRight: 360.915000
INFO:root:Looping....
DEBUG:root:This is the line: drive:4.09:-20.238

DEBUG:root:We got command: drive
DEBUG:root:We got a drive command: rawX:-20.238000 and rawY:4.090000
DEBUG:root:Forward to the Left/Straight
DEBUG:root:Left=-24.328000 Right=4.090000
DEBUG:root:ScaledLeft: 320.262000 ScaledRight: 384.202500
INFO:root:Looping....
DEBUG:root:This is the line: drive:11.564:-20.15

DEBUG:root:We got command: drive
DEBUG:root:We got a drive command: rawX:-20.150000 and rawY:11.564000
DEBUG:root:Forward to the Left/Straight
DEBUG:root:Left=-31.714000 Right=11.564000
DEBUG:root:ScaledLeft: 303.643500 ScaledRight: 401.019000
INFO:root:Looping....
DEBUG:root:This is the line: drive:20.888:-19.643

DEBUG:root:We got command: drive
DEBUG:root:We got a drive command: rawX:-19.643000 and rawY:20.888000
DEBUG:root:Forward to the Left/Straight
DEBUG:root:Left=-40.531000 Right=20.888000
DEBUG:root:ScaledLeft: 283.805250 ScaledRight: 421.998000
INFO:root:Looping....
DEBUG:root:This is the line: drive:26.647:-19.643

DEBUG:root:We got command: drive
DEBUG:root:We got a drive command: rawX:-19.643000 and rawY:26.647000
DEBUG:root:Forward to the Left/Straight
DEBUG:root:Left=-46.290000 Right=26.647000
DEBUG:root:ScaledLeft: 270.847500 ScaledRight: 434.955750
INFO:root:Looping....
DEBUG:root:This is the line: drive:31.772:-18.75

DEBUG:root:We got command: drive
DEBUG:root:We got a drive command: rawX:-18.750000 and rawY:31.772000
DEBUG:root:Forward to the Left/Straight
DEBUG:root:Left=-50.522000 Right=31.772000
DEBUG:root:ScaledLeft: 261.325500 ScaledRight: 446.487000
INFO:root:Looping....
DEBUG:root:This is the line: drive:36.992:-18.452

DEBUG:root:We got command: drive
DEBUG:root:We got a drive command: rawX:-18.452000 and rawY:36.992000
DEBUG:root:Forward to the Left/Straight
DEBUG:root:Left=-55.444000 Right=36.992000
DEBUG:root:ScaledLeft: 250.251000 ScaledRight: 458.232000
INFO:root:Looping....
DEBUG:root:This is the line: drive:39.178:-17.56

DEBUG:root:We got command: drive
DEBUG:root:We got a drive command: rawX:-17.560000 and rawY:39.178000
DEBUG:root:Forward to the Left/Straight
DEBUG:root:Left=-56.738000 Right=39.178000
DEBUG:root:ScaledLeft: 247.339500 ScaledRight: 463.150500
INFO:root:Looping....
DEBUG:root:This is the line: drive:43.257:-14.762

DEBUG:root:We got command: drive
DEBUG:root:We got a drive command: rawX:-14.762000 and rawY:43.257000
DEBUG:root:Forward to the Left/Straight
DEBUG:root:Left=-58.019000 Right=43.257000
DEBUG:root:ScaledLeft: 244.457250 ScaledRight: 472.328250
INFO:root:Looping....
DEBUG:root:This is the line: drive:0:0

DEBUG:root:We got command: drive
DEBUG:root:We got a drive command: rawX:0.000000 and rawY:0.000000
DEBUG:root:Left=0.000000 Right=0.000000
DEBUG:root:ScaledLeft: 375.000000 ScaledRight: 375.000000
INFO:root:Looping....
DEBUG:root:This is the line: drive:45.429:-13.988

DEBUG:root:We got command: drive
DEBUG:root:We got a drive command: rawX:-13.988000 and rawY:45.429000
DEBUG:root:Forward to the Left/Straight
DEBUG:root:Left=-59.417000 Right=45.429000
DEBUG:root:ScaledLeft: 241.311750 ScaledRight: 477.215250
INFO:root:Looping....
DEBUG:root:This is the line: drive:2.286:-15.774

DEBUG:root:We got command: drive
DEBUG:root:We got a drive command: rawX:-15.774000 and rawY:2.286000
DEBUG:root:Forward to the Left/Straight
DEBUG:root:Left=-18.060000 Right=2.286000
DEBUG:root:ScaledLeft: 334.365000 ScaledRight: 380.143500
INFO:root:Looping....
DEBUG:root:This is the line: drive:18.958:-15.839

DEBUG:root:We got command: drive
DEBUG:root:We got a drive command: rawX:-15.839000 and rawY:18.958000
DEBUG:root:Forward to the Left/Straight
DEBUG:root:Left=-34.797000 Right=18.958000
DEBUG:root:ScaledLeft: 296.706750 ScaledRight: 417.655500
INFO:root:Looping....
DEBUG:root:This is the line: drive:33.76:-13.682

DEBUG:root:We got command: drive
DEBUG:root:We got a drive command: rawX:-13.682000 and rawY:33.760000
DEBUG:root:Forward to the Left/Straight
DEBUG:root:Left=-47.442000 Right=33.760000
DEBUG:root:ScaledLeft: 268.255500 ScaledRight: 450.960000
INFO:root:Looping....
DEBUG:root:This is the line: drive:45.474:-10.701

DEBUG:root:We got command: drive
DEBUG:root:We got a drive command: rawX:-10.701000 and rawY:45.474000
DEBUG:root:Forward to the Left/Straight
DEBUG:root:Left=-56.175000 Right=45.474000
DEBUG:root:ScaledLeft: 248.606250 ScaledRight: 477.316500
INFO:root:Looping....
DEBUG:root:This is the line: drive:0:0

DEBUG:root:We got command: drive
DEBUG:root:We got a drive command: rawX:0.000000 and rawY:0.000000
DEBUG:root:Left=0.000000 Right=0.000000
DEBUG:root:ScaledLeft: 375.000000 ScaledRight: 375.000000
INFO:root:Looping....
DEBUG:root:This is the line: drive:61.571:-3.125

DEBUG:root:We got command: drive
DEBUG:root:We got a drive command: rawX:-3.125000 and rawY:61.571000
DEBUG:root:Forward to the Left/Straight
DEBUG:root:Left=-64.696000 Right=61.571000
DEBUG:root:ScaledLeft: 229.434000 ScaledRight: 513.534750
INFO:root:Looping....
DEBUG:root:This is the line: drive:61.571:-3.125

DEBUG:root:We got command: drive
DEBUG:root:We got a drive command: rawX:-3.125000 and rawY:61.571000
DEBUG:root:Forward to the Left/Straight
DEBUG:root:Left=-64.696000 Right=61.571000
DEBUG:root:ScaledLeft: 229.434000 ScaledRight: 513.534750
INFO:root:Looping....
DEBUG:root:This is the line: drive:24.427:-15.797

DEBUG:root:We got command: drive
DEBUG:root:We got a drive command: rawX:-15.797000 and rawY:24.427000
DEBUG:root:Forward to the Left/Straight
DEBUG:root:Left=-40.224000 Right=24.427000
DEBUG:root:ScaledLeft: 284.496000 ScaledRight: 429.960750
INFO:root:Looping....
DEBUG:root:This is the line: drive:52.091:-8.777

DEBUG:root:We got command: drive
DEBUG:root:We got a drive command: rawX:-8.777000 and rawY:52.091000
DEBUG:root:Forward to the Left/Straight
DEBUG:root:Left=-60.868000 Right=52.091000
DEBUG:root:ScaledLeft: 238.047000 ScaledRight: 492.204750
INFO:root:Looping....
DEBUG:root:This is the line: drive:0:0

DEBUG:root:We got command: drive
DEBUG:root:We got a drive command: rawX:0.000000 and rawY:0.000000
DEBUG:root:Left=0.000000 Right=0.000000
DEBUG:root:ScaledLeft: 375.000000 ScaledRight: 375.000000
INFO:root:Looping....
DEBUG:root:This is the line: drive:57.429:-6.25

DEBUG:root:We got command: drive
DEBUG:root:We got a drive command: rawX:-6.250000 and rawY:57.429000
DEBUG:root:Forward to the Left/Straight
DEBUG:root:Left=-63.679000 Right=57.429000
DEBUG:root:ScaledLeft: 231.722250 ScaledRight: 504.215250
INFO:root:Looping....
DEBUG:root:This is the line: drive:-8.571:-17.857

DEBUG:root:We got command: drive
DEBUG:root:We got a drive command: rawX:-17.857000 and rawY:-8.571000
DEBUG:root:Reverse to the Left/Straight
DEBUG:root:Left=-9.286000 Right=-8.571000
DEBUG:root:ScaledLeft: 354.106500 ScaledRight: 355.715250
INFO:root:Looping....
DEBUG:root:This is the line: drive:8.231:-17.639

DEBUG:root:We got command: drive
DEBUG:root:We got a drive command: rawX:-17.639000 and rawY:8.231000
DEBUG:root:Forward to the Left/Straight
DEBUG:root:Left=-25.870000 Right=8.231000
DEBUG:root:ScaledLeft: 316.792500 ScaledRight: 393.519750
INFO:root:Looping....
DEBUG:root:This is the line: drive:37.119:-12.75

DEBUG:root:We got command: drive
DEBUG:root:We got a drive command: rawX:-12.750000 and rawY:37.119000
DEBUG:root:Forward to the Left/Straight
DEBUG:root:Left=-49.869000 Right=37.119000
DEBUG:root:ScaledLeft: 262.794750 ScaledRight: 458.517750
INFO:root:Looping....
DEBUG:root:This is the line: drive:0:0

DEBUG:root:We got command: drive
DEBUG:root:We got a drive command: rawX:0.000000 and rawY:0.000000
DEBUG:root:Left=0.000000 Right=0.000000
DEBUG:root:ScaledLeft: 375.000000 ScaledRight: 375.000000
INFO:root:Looping....
DEBUG:root:This is the line: drive:44.286:-10.714

DEBUG:root:We got command: drive
DEBUG:root:We got a drive command: rawX:-10.714000 and rawY:44.286000
DEBUG:root:Forward to the Left/Straight
DEBUG:root:Left=-55.000000 Right=44.286000
DEBUG:root:ScaledLeft: 251.250000 ScaledRight: 474.643500
INFO:root:Looping....
DEBUG:root:This is the line: drive:52.286:12.202

DEBUG:root:We got command: drive
DEBUG:root:We got a drive command: rawX:12.202000 and rawY:52.286000
DEBUG:root:Forward to the Right
DEBUG:root:Left=-52.286000 Right=40.084000
DEBUG:root:ScaledLeft: 257.356500 ScaledRight: 465.189000
INFO:root:Looping....
DEBUG:root:This is the line: drive:52.286:12.202

DEBUG:root:We got command: drive
DEBUG:root:We got a drive command: rawX:12.202000 and rawY:52.286000
DEBUG:root:Forward to the Right
DEBUG:root:Left=-52.286000 Right=40.084000
DEBUG:root:ScaledLeft: 257.356500 ScaledRight: 465.189000
INFO:root:Looping....
DEBUG:root:This is the line: drive:52.286:12.202

DEBUG:root:We got command: drive
DEBUG:root:We got a drive command: rawX:12.202000 and rawY:52.286000
DEBUG:root:Forward to the Right
DEBUG:root:Left=-52.286000 Right=40.084000
DEBUG:root:ScaledLeft: 257.356500 ScaledRight: 465.189000
INFO:root:Looping....
DEBUG:root:This is the line: drive:56.359:11.31

DEBUG:root:We got command: drive
DEBUG:root:We got a drive command: rawX:11.310000 and rawY:56.359000
DEBUG:root:Forward to the Right
DEBUG:root:Left=-56.359000 Right=45.049000
DEBUG:root:ScaledLeft: 248.192250 ScaledRight: 476.360250
INFO:root:Looping....
DEBUG:root:This is the line: drive:56.927:11.31

DEBUG:root:We got command: drive
DEBUG:root:We got a drive command: rawX:11.310000 and rawY:56.927000
DEBUG:root:Forward to the Right
DEBUG:root:Left=-56.927000 Right=45.617000
DEBUG:root:ScaledLeft: 246.914250 ScaledRight: 477.638250
INFO:root:Looping....
DEBUG:root:This is the line: drive:57.431:10.711

DEBUG:root:We got command: drive
DEBUG:root:We got a drive command: rawX:10.711000 and rawY:57.431000
DEBUG:root:Forward to the Right
DEBUG:root:Left=-57.431000 Right=46.720000
DEBUG:root:ScaledLeft: 245.780250 ScaledRight: 480.120000
INFO:root:Looping....
DEBUG:root:This is the line: drive:58.0:10.339

DEBUG:root:We got command: drive
DEBUG:root:We got a drive command: rawX:10.339000 and rawY:58.000000
DEBUG:root:Forward to the Right
DEBUG:root:Left=-58.000000 Right=47.661000
DEBUG:root:ScaledLeft: 244.500000 ScaledRight: 482.237250
INFO:root:Looping....
DEBUG:root:This is the line: drive:58.31:10.119

DEBUG:root:We got command: drive
DEBUG:root:We got a drive command: rawX:10.119000 and rawY:58.310000
DEBUG:root:Forward to the Right
DEBUG:root:Left=-58.310000 Right=48.191000
DEBUG:root:ScaledLeft: 243.802500 ScaledRight: 483.429750
INFO:root:Looping....
DEBUG:root:This is the line: drive:58.578:9.821

DEBUG:root:We got command: drive
DEBUG:root:We got a drive command: rawX:9.821000 and rawY:58.578000
DEBUG:root:Forward to the Right
DEBUG:root:Left=-58.578000 Right=48.757000
DEBUG:root:ScaledLeft: 243.199500 ScaledRight: 484.703250
INFO:root:Looping....
DEBUG:root:This is the line: drive:59.143:9.226

DEBUG:root:We got command: drive
DEBUG:root:We got a drive command: rawX:9.226000 and rawY:59.143000
DEBUG:root:Forward to the Right
DEBUG:root:Left=-59.143000 Right=49.917000
DEBUG:root:ScaledLeft: 241.928250 ScaledRight: 487.313250
INFO:root:Looping....
DEBUG:root:This is the line: drive:59.857:8.929

DEBUG:root:We got command: drive
DEBUG:root:We got a drive command: rawX:8.929000 and rawY:59.857000
DEBUG:root:Forward to the Right
DEBUG:root:Left=-59.857000 Right=50.928000
DEBUG:root:ScaledLeft: 240.321750 ScaledRight: 489.588000
INFO:root:Looping....
DEBUG:root:This is the line: drive:60.0:8.482

DEBUG:root:We got command: drive
DEBUG:root:We got a drive command: rawX:8.482000 and rawY:60.000000
DEBUG:root:Forward to the Right
DEBUG:root:Left=-60.000000 Right=51.518000
DEBUG:root:ScaledLeft: 240.000000 ScaledRight: 490.915500
INFO:root:Looping....
DEBUG:root:This is the line: drive:60.429:8.333

DEBUG:root:We got command: drive
DEBUG:root:We got a drive command: rawX:8.333000 and rawY:60.429000
DEBUG:root:Forward to the Right
DEBUG:root:Left=-60.429000 Right=52.096000
DEBUG:root:ScaledLeft: 239.034750 ScaledRight: 492.216000
INFO:root:Looping....
DEBUG:root:This is the line: drive:61.0:7.887

DEBUG:root:We got command: drive
DEBUG:root:We got a drive command: rawX:7.887000 and rawY:61.000000
DEBUG:root:Forward to the Right
DEBUG:root:Left=-61.000000 Right=53.113000
DEBUG:root:ScaledLeft: 237.750000 ScaledRight: 494.504250
INFO:root:Looping....
DEBUG:root:This is the line: drive:61.212:7.666

DEBUG:root:We got command: drive
DEBUG:root:We got a drive command: rawX:7.666000 and rawY:61.212000
DEBUG:root:Forward to the Right
DEBUG:root:Left=-61.212000 Right=53.546000
DEBUG:root:ScaledLeft: 237.273000 ScaledRight: 495.478500
INFO:root:Looping....
DEBUG:root:This is the line: drive:61.212:7.666

DEBUG:root:We got command: drive
DEBUG:root:We got a drive command: rawX:7.666000 and rawY:61.212000
DEBUG:root:Forward to the Right
DEBUG:root:Left=-61.212000 Right=53.546000
DEBUG:root:ScaledLeft: 237.273000 ScaledRight: 495.478500
INFO:root:Looping....
DEBUG:root:This is the line: drive:61.723:7.738

DEBUG:root:We got command: drive
DEBUG:root:We got a drive command: rawX:7.738000 and rawY:61.723000
DEBUG:root:Forward to the Right
DEBUG:root:Left=-61.723000 Right=53.985000
DEBUG:root:ScaledLeft: 236.123250 ScaledRight: 496.466250
INFO:root:Looping....
DEBUG:root:This is the line: drive:61.723:7.738

DEBUG:root:We got command: drive
DEBUG:root:We got a drive command: rawX:7.738000 and rawY:61.723000
DEBUG:root:Forward to the Right
DEBUG:root:Left=-61.723000 Right=53.985000
DEBUG:root:ScaledLeft: 236.123250 ScaledRight: 496.466250
INFO:root:Looping....
DEBUG:root:This is the line: drive:62.0:7.738

DEBUG:root:We got command: drive
DEBUG:root:We got a drive command: rawX:7.738000 and rawY:62.000000
DEBUG:root:Forward to the Right
DEBUG:root:Left=-62.000000 Right=54.262000
DEBUG:root:ScaledLeft: 235.500000 ScaledRight: 497.089500
INFO:root:Looping....
DEBUG:root:This is the line: drive:62.354:7.37

DEBUG:root:We got command: drive
DEBUG:root:We got a drive command: rawX:7.370000 and rawY:62.354000
DEBUG:root:Forward to the Right
DEBUG:root:Left=-62.354000 Right=54.984000
DEBUG:root:ScaledLeft: 234.703500 ScaledRight: 498.714000
INFO:root:Looping....
DEBUG:root:This is the line: drive:62.576:7.44

DEBUG:root:We got command: drive
DEBUG:root:We got a drive command: rawX:7.440000 and rawY:62.576000
DEBUG:root:Forward to the Right
DEBUG:root:Left=-62.576000 Right=55.136000
DEBUG:root:ScaledLeft: 234.204000 ScaledRight: 499.056000
INFO:root:Looping....
DEBUG:root:This is the line: drive:62.576:7.44

DEBUG:root:We got command: drive
DEBUG:root:We got a drive command: rawX:7.440000 and rawY:62.576000
DEBUG:root:Forward to the Right
DEBUG:root:Left=-62.576000 Right=55.136000
DEBUG:root:ScaledLeft: 234.204000 ScaledRight: 499.056000
INFO:root:Looping....
DEBUG:root:This is the line: drive:62.571:7.129

DEBUG:root:We got command: drive
DEBUG:root:We got a drive command: rawX:7.129000 and rawY:62.571000
DEBUG:root:Forward to the Right
DEBUG:root:Left=-62.571000 Right=55.442000
DEBUG:root:ScaledLeft: 234.215250 ScaledRight: 499.744500
INFO:root:Looping....
DEBUG:root:This is the line: drive:62.571:7.129

DEBUG:root:We got command: drive
DEBUG:root:We got a drive command: rawX:7.129000 and rawY:62.571000
DEBUG:root:Forward to the Right
DEBUG:root:Left=-62.571000 Right=55.442000
DEBUG:root:ScaledLeft: 234.215250 ScaledRight: 499.744500
INFO:root:Looping....
DEBUG:root:This is the line: drive:62.878:7.143

DEBUG:root:We got command: drive
DEBUG:root:We got a drive command: rawX:7.143000 and rawY:62.878000
DEBUG:root:Forward to the Right
DEBUG:root:Left=-62.878000 Right=55.735000
DEBUG:root:ScaledLeft: 233.524500 ScaledRight: 500.403750
INFO:root:Looping....
DEBUG:root:This is the line: drive:62.878:7.143

DEBUG:root:We got command: drive
DEBUG:root:We got a drive command: rawX:7.143000 and rawY:62.878000
DEBUG:root:Forward to the Right
DEBUG:root:Left=-62.878000 Right=55.735000
DEBUG:root:ScaledLeft: 233.524500 ScaledRight: 500.403750
INFO:root:Looping....
DEBUG:root:This is the line: drive:62.878:7.143

DEBUG:root:We got command: drive
DEBUG:root:We got a drive command: rawX:7.143000 and rawY:62.878000
DEBUG:root:Forward to the Right
DEBUG:root:Left=-62.878000 Right=55.735000
DEBUG:root:ScaledLeft: 233.524500 ScaledRight: 500.403750
INFO:root:Looping....
DEBUG:root:This is the line: drive:62.878:7.143

DEBUG:root:We got command: drive
DEBUG:root:We got a drive command: rawX:7.143000 and rawY:62.878000
DEBUG:root:Forward to the Right
DEBUG:root:Left=-62.878000 Right=55.735000
DEBUG:root:ScaledLeft: 233.524500 ScaledRight: 500.403750
INFO:root:Looping....
DEBUG:root:This is the line: drive:63.143:7.143

DEBUG:root:We got command: drive
DEBUG:root:We got a drive command: rawX:7.143000 and rawY:63.143000
DEBUG:root:Forward to the Right
DEBUG:root:Left=-63.143000 Right=56.000000
DEBUG:root:ScaledLeft: 232.928250 ScaledRight: 501.000000
INFO:root:Looping....
DEBUG:root:This is the line: drive:63.143:6.797

DEBUG:root:We got command: drive
DEBUG:root:We got a drive command: rawX:6.797000 and rawY:63.143000
DEBUG:root:Forward to the Right
DEBUG:root:Left=-63.143000 Right=56.346000
DEBUG:root:ScaledLeft: 232.928250 ScaledRight: 501.778500
INFO:root:Looping....
DEBUG:root:This is the line: drive:63.143:6.797

DEBUG:root:We got command: drive
DEBUG:root:We got a drive command: rawX:6.797000 and rawY:63.143000
DEBUG:root:Forward to the Right
DEBUG:root:Left=-63.143000 Right=56.346000
DEBUG:root:ScaledLeft: 232.928250 ScaledRight: 501.778500
INFO:root:Looping....
DEBUG:root:This is the line: drive:63.143:6.797

DEBUG:root:We got command: drive
DEBUG:root:We got a drive command: rawX:6.797000 and rawY:63.143000
DEBUG:root:Forward to the Right
DEBUG:root:Left=-63.143000 Right=56.346000
DEBUG:root:ScaledLeft: 232.928250 ScaledRight: 501.778500
INFO:root:Looping....
DEBUG:root:This is the line: drive:63.143:6.797

DEBUG:root:We got command: drive
DEBUG:root:We got a drive command: rawX:6.797000 and rawY:63.143000
DEBUG:root:Forward to the Right
DEBUG:root:Left=-63.143000 Right=56.346000
DEBUG:root:ScaledLeft: 232.928250 ScaledRight: 501.778500
INFO:root:Looping....
DEBUG:root:This is the line: drive:63.143:6.797

DEBUG:root:We got command: drive
DEBUG:root:We got a drive command: rawX:6.797000 and rawY:63.143000
DEBUG:root:Forward to the Right
DEBUG:root:Left=-63.143000 Right=56.346000
DEBUG:root:ScaledLeft: 232.928250 ScaledRight: 501.778500
INFO:root:Looping....
DEBUG:root:This is the line: drive:63.143:6.797

DEBUG:root:We got command: drive
DEBUG:root:We got a drive command: rawX:6.797000 and rawY:63.143000
DEBUG:root:Forward to the Right
DEBUG:root:Left=-63.143000 Right=56.346000
DEBUG:root:ScaledLeft: 232.928250 ScaledRight: 501.778500
INFO:root:Looping....
DEBUG:root:This is the line: drive:63.143:6.797

DEBUG:root:We got command: drive
DEBUG:root:We got a drive command: rawX:6.797000 and rawY:63.143000
DEBUG:root:Forward to the Right
DEBUG:root:Left=-63.143000 Right=56.346000
DEBUG:root:ScaledLeft: 232.928250 ScaledRight: 501.778500
INFO:root:Looping....
DEBUG:root:This is the line: drive:63.143:6.797

DEBUG:root:We got command: drive
DEBUG:root:We got a drive command: rawX:6.797000 and rawY:63.143000
DEBUG:root:Forward to the Right
DEBUG:root:Left=-63.143000 Right=56.346000
DEBUG:root:ScaledLeft: 232.928250 ScaledRight: 501.778500
INFO:root:Looping....
DEBUG:root:This is the line: drive:63.143:6.797

DEBUG:root:We got command: drive
DEBUG:root:We got a drive command: rawX:6.797000 and rawY:63.143000
DEBUG:root:Forward to the Right
DEBUG:root:Left=-63.143000 Right=56.346000
DEBUG:root:ScaledLeft: 232.928250 ScaledRight: 501.778500
INFO:root:Looping....
DEBUG:root:This is the line: drive:63.143:6.797

DEBUG:root:We got command: drive
DEBUG:root:We got a drive command: rawX:6.797000 and rawY:63.143000
DEBUG:root:Forward to the Right
DEBUG:root:Left=-63.143000 Right=56.346000
DEBUG:root:ScaledLeft: 232.928250 ScaledRight: 501.778500
INFO:root:Looping....
DEBUG:root:This is the line: drive:63.143:6.797

DEBUG:root:We got command: drive
DEBUG:root:We got a drive command: rawX:6.797000 and rawY:63.143000
DEBUG:root:Forward to the Right
DEBUG:root:Left=-63.143000 Right=56.346000
DEBUG:root:ScaledLeft: 232.928250 ScaledRight: 501.778500
INFO:root:Looping....
DEBUG:root:This is the line: drive:63.143:6.797

DEBUG:root:We got command: drive
DEBUG:root:We got a drive command: rawX:6.797000 and rawY:63.143000
DEBUG:root:Forward to the Right
DEBUG:root:Left=-63.143000 Right=56.346000
DEBUG:root:ScaledLeft: 232.928250 ScaledRight: 501.778500
INFO:root:Looping....
DEBUG:root:This is the line: drive:63.143:6.797

DEBUG:root:We got command: drive
DEBUG:root:We got a drive command: rawX:6.797000 and rawY:63.143000
DEBUG:root:Forward to the Right
DEBUG:root:Left=-63.143000 Right=56.346000
DEBUG:root:ScaledLeft: 232.928250 ScaledRight: 501.778500
INFO:root:Looping....
DEBUG:root:This is the line: drive:63.143:6.797

DEBUG:root:We got command: drive
DEBUG:root:We got a drive command: rawX:6.797000 and rawY:63.143000
DEBUG:root:Forward to the Right
DEBUG:root:Left=-63.143000 Right=56.346000
DEBUG:root:ScaledLeft: 232.928250 ScaledRight: 501.778500
INFO:root:Looping....
DEBUG:root:This is the line: drive:63.143:6.797

DEBUG:root:We got command: drive
DEBUG:root:We got a drive command: rawX:6.797000 and rawY:63.143000
DEBUG:root:Forward to the Right
DEBUG:root:Left=-63.143000 Right=56.346000
DEBUG:root:ScaledLeft: 232.928250 ScaledRight: 501.778500
INFO:root:Looping....
DEBUG:root:This is the line: drive:63.143:6.797

DEBUG:root:We got command: drive
DEBUG:root:We got a drive command: rawX:6.797000 and rawY:63.143000
DEBUG:root:Forward to the Right
DEBUG:root:Left=-63.143000 Right=56.346000
DEBUG:root:ScaledLeft: 232.928250 ScaledRight: 501.778500
INFO:root:Looping....
DEBUG:root:This is the line: drive:63.43:6.845

DEBUG:root:We got command: drive
DEBUG:root:We got a drive command: rawX:6.845000 and rawY:63.430000
DEBUG:root:Forward to the Right
DEBUG:root:Left=-63.430000 Right=56.585000
DEBUG:root:ScaledLeft: 232.282500 ScaledRight: 502.316250
INFO:root:Looping....
DEBUG:root:This is the line: drive:63.43:6.845

DEBUG:root:We got command: drive
DEBUG:root:We got a drive command: rawX:6.845000 and rawY:63.430000
DEBUG:root:Forward to the Right
DEBUG:root:Left=-63.430000 Right=56.585000
DEBUG:root:ScaledLeft: 232.282500 ScaledRight: 502.316250
INFO:root:Looping....
DEBUG:root:This is the line: drive:64.113:6.845

DEBUG:root:We got command: drive
DEBUG:root:We got a drive command: rawX:6.845000 and rawY:64.113000
DEBUG:root:Forward to the Right
DEBUG:root:Left=-64.113000 Right=57.268000
DEBUG:root:ScaledLeft: 230.745750 ScaledRight: 503.853000
INFO:root:Looping....
DEBUG:root:This is the line: drive:65.379:6.845

DEBUG:root:We got command: drive
DEBUG:root:We got a drive command: rawX:6.845000 and rawY:65.379000
DEBUG:root:Forward to the Right
DEBUG:root:Left=-65.379000 Right=58.534000
DEBUG:root:ScaledLeft: 227.897250 ScaledRight: 506.701500
INFO:root:Looping....
DEBUG:root:This is the line: drive:66.48:6.845

DEBUG:root:We got command: drive
DEBUG:root:We got a drive command: rawX:6.845000 and rawY:66.480000
DEBUG:root:Forward to the Right
DEBUG:root:Left=-66.480000 Right=59.635000
DEBUG:root:ScaledLeft: 225.420000 ScaledRight: 509.178750
INFO:root:Looping....
DEBUG:root:This is the line: drive:68.543:6.845

DEBUG:root:We got command: drive
DEBUG:root:We got a drive command: rawX:6.845000 and rawY:68.543000
DEBUG:root:Forward to the Right
DEBUG:root:Left=-68.543000 Right=61.698000
DEBUG:root:ScaledLeft: 220.778250 ScaledRight: 513.820500
INFO:root:Looping....
DEBUG:root:This is the line: drive:70.429:6.845

DEBUG:root:We got command: drive
DEBUG:root:We got a drive command: rawX:6.845000 and rawY:70.429000
DEBUG:root:Forward to the Right
DEBUG:root:Left=-70.429000 Right=63.584000
DEBUG:root:ScaledLeft: 216.534750 ScaledRight: 518.064000
INFO:root:Looping....
DEBUG:root:This is the line: drive:72.287:6.845

DEBUG:root:We got command: drive
DEBUG:root:We got a drive command: rawX:6.845000 and rawY:72.287000
DEBUG:root:Forward to the Right
DEBUG:root:Left=-72.287000 Right=65.442000
DEBUG:root:ScaledLeft: 212.354250 ScaledRight: 522.244500
INFO:root:Looping....
DEBUG:root:This is the line: drive:75.068:6.845

DEBUG:root:We got command: drive
DEBUG:root:We got a drive command: rawX:6.845000 and rawY:75.068000
DEBUG:root:Forward to the Right
DEBUG:root:Left=-75.068000 Right=68.223000
DEBUG:root:ScaledLeft: 206.097000 ScaledRight: 528.501750
INFO:root:Looping....
DEBUG:root:This is the line: drive:76.782:6.845

DEBUG:root:We got command: drive
DEBUG:root:We got a drive command: rawX:6.845000 and rawY:76.782000
DEBUG:root:Forward to the Right
DEBUG:root:Left=-76.782000 Right=69.937000
DEBUG:root:ScaledLeft: 202.240500 ScaledRight: 532.358250
INFO:root:Looping....
DEBUG:root:This is the line: drive:78.821:6.845

DEBUG:root:We got command: drive
DEBUG:root:We got a drive command: rawX:6.845000 and rawY:78.821000
DEBUG:root:Forward to the Right
DEBUG:root:Left=-78.821000 Right=71.976000
DEBUG:root:ScaledLeft: 197.652750 ScaledRight: 536.946000
INFO:root:Looping....
DEBUG:root:This is the line: drive:80.802:6.845

DEBUG:root:We got command: drive
DEBUG:root:We got a drive command: rawX:6.845000 and rawY:80.802000
DEBUG:root:Forward to the Right
DEBUG:root:Left=-80.802000 Right=73.957000
DEBUG:root:ScaledLeft: 193.195500 ScaledRight: 541.403250
INFO:root:Looping....
DEBUG:root:This is the line: drive:82.829:6.845

DEBUG:root:We got command: drive
DEBUG:root:We got a drive command: rawX:6.845000 and rawY:82.829000
DEBUG:root:Forward to the Right
DEBUG:root:Left=-82.829000 Right=75.984000
DEBUG:root:ScaledLeft: 188.634750 ScaledRight: 545.964000
INFO:root:Looping....
DEBUG:root:This is the line: drive:85.286:6.845

DEBUG:root:We got command: drive
DEBUG:root:We got a drive command: rawX:6.845000 and rawY:85.286000
DEBUG:root:Forward to the Right
DEBUG:root:Left=-85.286000 Right=78.441000
DEBUG:root:ScaledLeft: 183.106500 ScaledRight: 551.492250
INFO:root:Looping....
DEBUG:root:This is the line: drive:85.286:6.845

DEBUG:root:We got command: drive
DEBUG:root:We got a drive command: rawX:6.845000 and rawY:85.286000
DEBUG:root:Forward to the Right
DEBUG:root:Left=-85.286000 Right=78.441000
DEBUG:root:ScaledLeft: 183.106500 ScaledRight: 551.492250
INFO:root:Looping....
DEBUG:root:This is the line: drive:82.316:6.564

DEBUG:root:We got command: drive
DEBUG:root:We got a drive command: rawX:6.564000 and rawY:82.316000
DEBUG:root:Forward to the Right
DEBUG:root:Left=-82.316000 Right=75.752000
DEBUG:root:ScaledLeft: 189.789000 ScaledRight: 545.442000
INFO:root:Looping....
DEBUG:root:This is the line: drive:74.397:4.047

DEBUG:root:We got command: drive
DEBUG:root:We got a drive command: rawX:4.047000 and rawY:74.397000
DEBUG:root:Forward to the Right
DEBUG:root:Left=-74.397000 Right=70.350000
DEBUG:root:ScaledLeft: 207.606750 ScaledRight: 533.287500
INFO:root:Looping....
DEBUG:root:This is the line: drive:67.619:1.852

DEBUG:root:We got command: drive
DEBUG:root:We got a drive command: rawX:1.852000 and rawY:67.619000
DEBUG:root:Forward to the Right
DEBUG:root:Left=-67.619000 Right=65.767000
DEBUG:root:ScaledLeft: 222.857250 ScaledRight: 522.975750
INFO:root:Looping....
DEBUG:root:This is the line: drive:62.523:0.082

DEBUG:root:We got command: drive
DEBUG:root:We got a drive command: rawX:0.082000 and rawY:62.523000
DEBUG:root:Forward to the Right
DEBUG:root:Left=-62.523000 Right=62.441000
DEBUG:root:ScaledLeft: 234.323250 ScaledRight: 515.492250
INFO:root:Looping....
DEBUG:root:This is the line: drive:54.422:-2.83

DEBUG:root:We got command: drive
DEBUG:root:We got a drive command: rawX:-2.830000 and rawY:54.422000
DEBUG:root:Forward to the Left/Straight
DEBUG:root:Left=-57.252000 Right=54.422000
DEBUG:root:ScaledLeft: 246.183000 ScaledRight: 497.449500
INFO:root:Looping....
DEBUG:root:This is the line: drive:49.095:-5.076

DEBUG:root:We got command: drive
DEBUG:root:We got a drive command: rawX:-5.076000 and rawY:49.095000
DEBUG:root:Forward to the Left/Straight
DEBUG:root:Left=-54.171000 Right=49.095000
DEBUG:root:ScaledLeft: 253.115250 ScaledRight: 485.463750
INFO:root:Looping....
DEBUG:root:This is the line: drive:44.937:-5.655

DEBUG:root:We got command: drive
DEBUG:root:We got a drive command: rawX:-5.655000 and rawY:44.937000
DEBUG:root:Forward to the Left/Straight
DEBUG:root:Left=-50.592000 Right=44.937000
DEBUG:root:ScaledLeft: 261.168000 ScaledRight: 476.108250
INFO:root:Looping....
DEBUG:root:This is the line: drive:42.133:-5.952

DEBUG:root:We got command: drive
DEBUG:root:We got a drive command: rawX:-5.952000 and rawY:42.133000
DEBUG:root:Forward to the Left/Straight
DEBUG:root:Left=-48.085000 Right=42.133000
DEBUG:root:ScaledLeft: 266.808750 ScaledRight: 469.799250
INFO:root:Looping....
DEBUG:root:This is the line: drive:39.637:-6.25

DEBUG:root:We got command: drive
DEBUG:root:We got a drive command: rawX:-6.250000 and rawY:39.637000
DEBUG:root:Forward to the Left/Straight
DEBUG:root:Left=-45.887000 Right=39.637000
DEBUG:root:ScaledLeft: 271.754250 ScaledRight: 464.183250
INFO:root:Looping....
DEBUG:root:This is the line: drive:36.817:-6.548

DEBUG:root:We got command: drive
DEBUG:root:We got a drive command: rawX:-6.548000 and rawY:36.817000
DEBUG:root:Forward to the Left/Straight
DEBUG:root:Left=-43.365000 Right=36.817000
DEBUG:root:ScaledLeft: 277.428750 ScaledRight: 457.838250
INFO:root:Looping....
DEBUG:root:This is the line: drive:35.064:-7.143

DEBUG:root:We got command: drive
DEBUG:root:We got a drive command: rawX:-7.143000 and rawY:35.064000
DEBUG:root:Forward to the Left/Straight
DEBUG:root:Left=-42.207000 Right=35.064000
DEBUG:root:ScaledLeft: 280.034250 ScaledRight: 453.894000
INFO:root:Looping....
DEBUG:root:This is the line: drive:32.915:-7.143

DEBUG:root:We got command: drive
DEBUG:root:We got a drive command: rawX:-7.143000 and rawY:32.915000
DEBUG:root:Forward to the Left/Straight
DEBUG:root:Left=-40.058000 Right=32.915000
DEBUG:root:ScaledLeft: 284.869500 ScaledRight: 449.058750
INFO:root:Looping....
DEBUG:root:This is the line: drive:31.148:-7.143

DEBUG:root:We got command: drive
DEBUG:root:We got a drive command: rawX:-7.143000 and rawY:31.148000
DEBUG:root:Forward to the Left/Straight
DEBUG:root:Left=-38.291000 Right=31.148000
DEBUG:root:ScaledLeft: 288.845250 ScaledRight: 445.083000
INFO:root:Looping....
DEBUG:root:This is the line: drive:29.015:-7.276

DEBUG:root:We got command: drive
DEBUG:root:We got a drive command: rawX:-7.276000 and rawY:29.015000
DEBUG:root:Forward to the Left/Straight
DEBUG:root:Left=-36.291000 Right=29.015000
DEBUG:root:ScaledLeft: 293.345250 ScaledRight: 440.283750
INFO:root:Looping....
DEBUG:root:This is the line: drive:26.429:-7.44

DEBUG:root:We got command: drive
DEBUG:root:We got a drive command: rawX:-7.440000 and rawY:26.429000
DEBUG:root:Forward to the Left/Straight
DEBUG:root:Left=-33.869000 Right=26.429000
DEBUG:root:ScaledLeft: 298.794750 ScaledRight: 434.465250
INFO:root:Looping....
DEBUG:root:This is the line: drive:25.286:-8.036

DEBUG:root:We got command: drive
DEBUG:root:We got a drive command: rawX:-8.036000 and rawY:25.286000
DEBUG:root:Forward to the Left/Straight
DEBUG:root:Left=-33.322000 Right=25.286000
DEBUG:root:ScaledLeft: 300.025500 ScaledRight: 431.893500
INFO:root:Looping....
DEBUG:root:This is the line: drive:24.55:-8.036

DEBUG:root:We got command: drive
DEBUG:root:We got a drive command: rawX:-8.036000 and rawY:24.550000
DEBUG:root:Forward to the Left/Straight
DEBUG:root:Left=-32.586000 Right=24.550000
DEBUG:root:ScaledLeft: 301.681500 ScaledRight: 430.237500
INFO:root:Looping....
DEBUG:root:This is the line: drive:23.923:-8.333

DEBUG:root:We got command: drive
DEBUG:root:We got a drive command: rawX:-8.333000 and rawY:23.923000
DEBUG:root:Forward to the Left/Straight
DEBUG:root:Left=-32.256000 Right=23.923000
DEBUG:root:ScaledLeft: 302.424000 ScaledRight: 428.826750
INFO:root:Looping....
DEBUG:root:This is the line: drive:23.077:-8.333

DEBUG:root:We got command: drive
DEBUG:root:We got a drive command: rawX:-8.333000 and rawY:23.077000
DEBUG:root:Forward to the Left/Straight
DEBUG:root:Left=-31.410000 Right=23.077000
DEBUG:root:ScaledLeft: 304.327500 ScaledRight: 426.923250
INFO:root:Looping....
DEBUG:root:This is the line: drive:22.77:-8.721

DEBUG:root:We got command: drive
DEBUG:root:We got a drive command: rawX:-8.721000 and rawY:22.770000
DEBUG:root:Forward to the Left/Straight
DEBUG:root:Left=-31.491000 Right=22.770000
DEBUG:root:ScaledLeft: 304.145250 ScaledRight: 426.232500
INFO:root:Looping....
DEBUG:root:This is the line: drive:21.714:-9.375

DEBUG:root:We got command: drive
DEBUG:root:We got a drive command: rawX:-9.375000 and rawY:21.714000
DEBUG:root:Forward to the Left/Straight
DEBUG:root:Left=-31.089000 Right=21.714000
DEBUG:root:ScaledLeft: 305.049750 ScaledRight: 423.856500
INFO:root:Looping....
DEBUG:root:This is the line: drive:21.055:-9.226

DEBUG:root:We got command: drive
DEBUG:root:We got a drive command: rawX:-9.226000 and rawY:21.055000
DEBUG:root:Forward to the Left/Straight
DEBUG:root:Left=-30.281000 Right=21.055000
DEBUG:root:ScaledLeft: 306.867750 ScaledRight: 422.373750
INFO:root:Looping....
DEBUG:root:This is the line: drive:20.429:-9.524

DEBUG:root:We got command: drive
DEBUG:root:We got a drive command: rawX:-9.524000 and rawY:20.429000
DEBUG:root:Forward to the Left/Straight
DEBUG:root:Left=-29.953000 Right=20.429000
DEBUG:root:ScaledLeft: 307.605750 ScaledRight: 420.965250
INFO:root:Looping....
DEBUG:root:This is the line: drive:20.0:-9.97

DEBUG:root:We got command: drive
DEBUG:root:We got a drive command: rawX:-9.970000 and rawY:20.000000
DEBUG:root:Forward to the Left/Straight
DEBUG:root:Left=-29.970000 Right=20.000000
DEBUG:root:ScaledLeft: 307.567500 ScaledRight: 420.000000
INFO:root:Looping....
DEBUG:root:This is the line: drive:19.178:-9.821

DEBUG:root:We got command: drive
DEBUG:root:We got a drive command: rawX:-9.821000 and rawY:19.178000
DEBUG:root:Forward to the Left/Straight
DEBUG:root:Left=-28.999000 Right=19.178000
DEBUG:root:ScaledLeft: 309.752250 ScaledRight: 418.150500
INFO:root:Looping....
DEBUG:root:This is the line: drive:18.796:-9.821

DEBUG:root:We got command: drive
DEBUG:root:We got a drive command: rawX:-9.821000 and rawY:18.796000
DEBUG:root:Forward to the Left/Straight
DEBUG:root:Left=-28.617000 Right=18.796000
DEBUG:root:ScaledLeft: 310.611750 ScaledRight: 417.291000
INFO:root:Looping....
DEBUG:root:This is the line: drive:18.143:-9.821

DEBUG:root:We got command: drive
DEBUG:root:We got a drive command: rawX:-9.821000 and rawY:18.143000
DEBUG:root:Forward to the Left/Straight
DEBUG:root:Left=-27.964000 Right=18.143000
DEBUG:root:ScaledLeft: 312.081000 ScaledRight: 415.821750
INFO:root:Looping....
DEBUG:root:This is the line: drive:17.714:-10.13

DEBUG:root:We got command: drive
DEBUG:root:We got a drive command: rawX:-10.130000 and rawY:17.714000
DEBUG:root:Forward to the Left/Straight
DEBUG:root:Left=-27.844000 Right=17.714000
DEBUG:root:ScaledLeft: 312.351000 ScaledRight: 414.856500
INFO:root:Looping....
DEBUG:root:This is the line: drive:17.0:-10.119

DEBUG:root:We got command: drive
DEBUG:root:We got a drive command: rawX:-10.119000 and rawY:17.000000
DEBUG:root:Forward to the Left/Straight
DEBUG:root:Left=-27.119000 Right=17.000000
DEBUG:root:ScaledLeft: 313.982250 ScaledRight: 413.250000
INFO:root:Looping....
DEBUG:root:This is the line: drive:16.429:-10.119

DEBUG:root:We got command: drive
DEBUG:root:We got a drive command: rawX:-10.119000 and rawY:16.429000
DEBUG:root:Forward to the Left/Straight
DEBUG:root:Left=-26.548000 Right=16.429000
DEBUG:root:ScaledLeft: 315.267000 ScaledRight: 411.965250
INFO:root:Looping....
DEBUG:root:This is the line: drive:15.681:-10.417

DEBUG:root:We got command: drive
DEBUG:root:We got a drive command: rawX:-10.417000 and rawY:15.681000
DEBUG:root:Forward to the Left/Straight
DEBUG:root:Left=-26.098000 Right=15.681000
DEBUG:root:ScaledLeft: 316.279500 ScaledRight: 410.282250
INFO:root:Looping....
DEBUG:root:This is the line: drive:15.429:-10.773

DEBUG:root:We got command: drive
DEBUG:root:We got a drive command: rawX:-10.773000 and rawY:15.429000
DEBUG:root:Forward to the Left/Straight
DEBUG:root:Left=-26.202000 Right=15.429000
DEBUG:root:ScaledLeft: 316.045500 ScaledRight: 409.715250
INFO:root:Looping....
DEBUG:root:This is the line: drive:14.857:-10.909

DEBUG:root:We got command: drive
DEBUG:root:We got a drive command: rawX:-10.909000 and rawY:14.857000
DEBUG:root:Forward to the Left/Straight
DEBUG:root:Left=-25.766000 Right=14.857000
DEBUG:root:ScaledLeft: 317.026500 ScaledRight: 408.428250
INFO:root:Looping....
DEBUG:root:This is the line: drive:14.257:-11.012

DEBUG:root:We got command: drive
DEBUG:root:We got a drive command: rawX:-11.012000 and rawY:14.257000
DEBUG:root:Forward to the Left/Straight
DEBUG:root:Left=-25.269000 Right=14.257000
DEBUG:root:ScaledLeft: 318.144750 ScaledRight: 407.078250
INFO:root:Looping....
DEBUG:root:This is the line: drive:13.945:-11.012

DEBUG:root:We got command: drive
DEBUG:root:We got a drive command: rawX:-11.012000 and rawY:13.945000
DEBUG:root:Forward to the Left/Straight
DEBUG:root:Left=-24.957000 Right=13.945000
DEBUG:root:ScaledLeft: 318.846750 ScaledRight: 406.376250
INFO:root:Looping....
DEBUG:root:This is the line: drive:13.286:-11.012

DEBUG:root:We got command: drive
DEBUG:root:We got a drive command: rawX:-11.012000 and rawY:13.286000
DEBUG:root:Forward to the Left/Straight
DEBUG:root:Left=-24.298000 Right=13.286000
DEBUG:root:ScaledLeft: 320.329500 ScaledRight: 404.893500
INFO:root:Looping....
DEBUG:root:This is the line: drive:13.122:-11.012

DEBUG:root:We got command: drive
DEBUG:root:We got a drive command: rawX:-11.012000 and rawY:13.122000
DEBUG:root:Forward to the Left/Straight
DEBUG:root:Left=-24.134000 Right=13.122000
DEBUG:root:ScaledLeft: 320.698500 ScaledRight: 404.524500
INFO:root:Looping....
DEBUG:root:This is the line: drive:12.241:-11.012

DEBUG:root:We got command: drive
DEBUG:root:We got a drive command: rawX:-11.012000 and rawY:12.241000
DEBUG:root:Forward to the Left/Straight
DEBUG:root:Left=-23.253000 Right=12.241000
DEBUG:root:ScaledLeft: 322.680750 ScaledRight: 402.542250
INFO:root:Looping....
DEBUG:root:This is the line: drive:11.944:-11.012

DEBUG:root:We got command: drive
DEBUG:root:We got a drive command: rawX:-11.012000 and rawY:11.944000
DEBUG:root:Forward to the Left/Straight
DEBUG:root:Left=-22.956000 Right=11.944000
DEBUG:root:ScaledLeft: 323.349000 ScaledRight: 401.874000
INFO:root:Looping....
DEBUG:root:This is the line: drive:11.599:-11.31

DEBUG:root:We got command: drive
DEBUG:root:We got a drive command: rawX:-11.310000 and rawY:11.599000
DEBUG:root:Forward to the Left/Straight
DEBUG:root:Left=-22.909000 Right=11.599000
DEBUG:root:ScaledLeft: 323.454750 ScaledRight: 401.097750
INFO:root:Looping....
DEBUG:root:This is the line: drive:11.599:-11.31

DEBUG:root:We got command: drive
DEBUG:root:We got a drive command: rawX:-11.310000 and rawY:11.599000
DEBUG:root:Forward to the Left/Straight
DEBUG:root:Left=-22.909000 Right=11.599000
DEBUG:root:ScaledLeft: 323.454750 ScaledRight: 401.097750
INFO:root:Looping....
DEBUG:root:This is the line: drive:11.394:-11.31

DEBUG:root:We got command: drive
DEBUG:root:We got a drive command: rawX:-11.310000 and rawY:11.394000
DEBUG:root:Forward to the Left/Straight
DEBUG:root:Left=-22.704000 Right=11.394000
DEBUG:root:ScaledLeft: 323.916000 ScaledRight: 400.636500
INFO:root:Looping....
DEBUG:root:This is the line: drive:11.124:-11.31

DEBUG:root:We got command: drive
DEBUG:root:We got a drive command: rawX:-11.310000 and rawY:11.124000
DEBUG:root:Forward to the Left/Straight
DEBUG:root:Left=-22.434000 Right=11.124000
DEBUG:root:ScaledLeft: 324.523500 ScaledRight: 400.029000
INFO:root:Looping....
DEBUG:root:This is the line: drive:11.143:-11.607

DEBUG:root:We got command: drive
DEBUG:root:We got a drive command: rawX:-11.607000 and rawY:11.143000
DEBUG:root:Forward to the Left/Straight
DEBUG:root:Left=-22.750000 Right=11.143000
DEBUG:root:ScaledLeft: 323.812500 ScaledRight: 400.071750
INFO:root:Looping....
DEBUG:root:This is the line: drive:10.857:-11.918

DEBUG:root:We got command: drive
DEBUG:root:We got a drive command: rawX:-11.918000 and rawY:10.857000
DEBUG:root:Forward to the Left/Straight
DEBUG:root:Left=-22.775000 Right=10.857000
DEBUG:root:ScaledLeft: 323.756250 ScaledRight: 399.428250
INFO:root:Looping....
DEBUG:root:This is the line: drive:10.857:-11.918

DEBUG:root:We got command: drive
DEBUG:root:We got a drive command: rawX:-11.918000 and rawY:10.857000
DEBUG:root:Forward to the Left/Straight
DEBUG:root:Left=-22.775000 Right=10.857000
DEBUG:root:ScaledLeft: 323.756250 ScaledRight: 399.428250
INFO:root:Looping....
DEBUG:root:This is the line: drive:10.857:-11.918

DEBUG:root:We got command: drive
DEBUG:root:We got a drive command: rawX:-11.918000 and rawY:10.857000
DEBUG:root:Forward to the Left/Straight
DEBUG:root:Left=-22.775000 Right=10.857000
DEBUG:root:ScaledLeft: 323.756250 ScaledRight: 399.428250
INFO:root:Looping....
DEBUG:root:This is the line: drive:10.857:-11.918

DEBUG:root:We got command: drive
DEBUG:root:We got a drive command: rawX:-11.918000 and rawY:10.857000
DEBUG:root:Forward to the Left/Straight
DEBUG:root:Left=-22.775000 Right=10.857000
DEBUG:root:ScaledLeft: 323.756250 ScaledRight: 399.428250
INFO:root:Looping....
DEBUG:root:This is the line: drive:10.857:-11.918

DEBUG:root:We got command: drive
DEBUG:root:We got a drive command: rawX:-11.918000 and rawY:10.857000
DEBUG:root:Forward to the Left/Straight
DEBUG:root:Left=-22.775000 Right=10.857000
DEBUG:root:ScaledLeft: 323.756250 ScaledRight: 399.428250
INFO:root:Looping....
DEBUG:root:This is the line: drive:10.857:-11.918

DEBUG:root:We got command: drive
DEBUG:root:We got a drive command: rawX:-11.918000 and rawY:10.857000
DEBUG:root:Forward to the Left/Straight
DEBUG:root:Left=-22.775000 Right=10.857000
DEBUG:root:ScaledLeft: 323.756250 ScaledRight: 399.428250
INFO:root:Looping....
DEBUG:root:This is the line: drive:10.857:-11.918

DEBUG:root:We got command: drive
DEBUG:root:We got a drive command: rawX:-11.918000 and rawY:10.857000
DEBUG:root:Forward to the Left/Straight
DEBUG:root:Left=-22.775000 Right=10.857000
DEBUG:root:ScaledLeft: 323.756250 ScaledRight: 399.428250
INFO:root:Looping....
DEBUG:root:This is the line: drive:10.857:-11.918

DEBUG:root:We got command: drive
DEBUG:root:We got a drive command: rawX:-11.918000 and rawY:10.857000
DEBUG:root:Forward to the Left/Straight
DEBUG:root:Left=-22.775000 Right=10.857000
DEBUG:root:ScaledLeft: 323.756250 ScaledRight: 399.428250
INFO:root:Looping....
DEBUG:root:This is the line: drive:10.857:-12.206

DEBUG:root:We got command: drive
DEBUG:root:We got a drive command: rawX:-12.206000 and rawY:10.857000
DEBUG:root:Forward to the Left/Straight
DEBUG:root:Left=-23.063000 Right=10.857000
DEBUG:root:ScaledLeft: 323.108250 ScaledRight: 399.428250
INFO:root:Looping....
DEBUG:root:This is the line: drive:10.857:-12.512

DEBUG:root:We got command: drive
DEBUG:root:We got a drive command: rawX:-12.512000 and rawY:10.857000
DEBUG:root:Forward to the Left/Straight
DEBUG:root:Left=-23.369000 Right=10.857000
DEBUG:root:ScaledLeft: 322.419750 ScaledRight: 399.428250
INFO:root:Looping....
DEBUG:root:This is the line: drive:10.857:-12.512

DEBUG:root:We got command: drive
DEBUG:root:We got a drive command: rawX:-12.512000 and rawY:10.857000
DEBUG:root:Forward to the Left/Straight
DEBUG:root:Left=-23.369000 Right=10.857000
DEBUG:root:ScaledLeft: 322.419750 ScaledRight: 399.428250
INFO:root:Looping....
DEBUG:root:This is the line: drive:10.857:-12.512

DEBUG:root:We got command: drive
DEBUG:root:We got a drive command: rawX:-12.512000 and rawY:10.857000
DEBUG:root:Forward to the Left/Straight
DEBUG:root:Left=-23.369000 Right=10.857000
DEBUG:root:ScaledLeft: 322.419750 ScaledRight: 399.428250
INFO:root:Looping....
DEBUG:root:This is the line: drive:10.857:-12.512

DEBUG:root:We got command: drive
DEBUG:root:We got a drive command: rawX:-12.512000 and rawY:10.857000
DEBUG:root:Forward to the Left/Straight
DEBUG:root:Left=-23.369000 Right=10.857000
DEBUG:root:ScaledLeft: 322.419750 ScaledRight: 399.428250
INFO:root:Looping....
DEBUG:root:This is the line: drive:12.155:-12.5

DEBUG:root:We got command: drive
DEBUG:root:We got a drive command: rawX:-12.500000 and rawY:12.155000
DEBUG:root:Forward to the Left/Straight
DEBUG:root:Left=-24.655000 Right=12.155000
DEBUG:root:ScaledLeft: 319.526250 ScaledRight: 402.348750
INFO:root:Looping....
DEBUG:root:This is the line: drive:13.265:-12.5

DEBUG:root:We got command: drive
DEBUG:root:We got a drive command: rawX:-12.500000 and rawY:13.265000
DEBUG:root:Forward to the Left/Straight
DEBUG:root:Left=-25.765000 Right=13.265000
DEBUG:root:ScaledLeft: 317.028750 ScaledRight: 404.846250
INFO:root:Looping....
DEBUG:root:This is the line: drive:15.546:-10.889

DEBUG:root:We got command: drive
DEBUG:root:We got a drive command: rawX:-10.889000 and rawY:15.546000
DEBUG:root:Forward to the Left/Straight
DEBUG:root:Left=-26.435000 Right=15.546000
DEBUG:root:ScaledLeft: 315.521250 ScaledRight: 409.978500
INFO:root:Looping....
DEBUG:root:This is the line: drive:17.143:-8.677

DEBUG:root:We got command: drive
DEBUG:root:We got a drive command: rawX:-8.677000 and rawY:17.143000
DEBUG:root:Forward to the Left/Straight
DEBUG:root:Left=-25.820000 Right=17.143000
DEBUG:root:ScaledLeft: 316.905000 ScaledRight: 413.571750
INFO:root:Looping....
DEBUG:root:This is the line: drive:18.0:-6.857

DEBUG:root:We got command: drive
DEBUG:root:We got a drive command: rawX:-6.857000 and rawY:18.000000
DEBUG:root:Forward to the Left/Straight
DEBUG:root:Left=-24.857000 Right=18.000000
DEBUG:root:ScaledLeft: 319.071750 ScaledRight: 415.500000
INFO:root:Looping....
DEBUG:root:This is the line: drive:19.143:-4.659

DEBUG:root:We got command: drive
DEBUG:root:We got a drive command: rawX:-4.659000 and rawY:19.143000
DEBUG:root:Forward to the Left/Straight
DEBUG:root:Left=-23.802000 Right=19.143000
DEBUG:root:ScaledLeft: 321.445500 ScaledRight: 418.071750
INFO:root:Looping....
DEBUG:root:This is the line: drive:19.714:-3.338

DEBUG:root:We got command: drive
DEBUG:root:We got a drive command: rawX:-3.338000 and rawY:19.714000
DEBUG:root:Forward to the Left/Straight
DEBUG:root:Left=-23.052000 Right=19.714000
DEBUG:root:ScaledLeft: 323.133000 ScaledRight: 419.356500
INFO:root:Looping....
DEBUG:root:This is the line: drive:20.318:-2.679

DEBUG:root:We got command: drive
DEBUG:root:We got a drive command: rawX:-2.679000 and rawY:20.318000
DEBUG:root:Forward to the Left/Straight
DEBUG:root:Left=-22.997000 Right=20.318000
DEBUG:root:ScaledLeft: 323.256750 ScaledRight: 420.715500
INFO:root:Looping....
DEBUG:root:This is the line: drive:20.595:-2.679

DEBUG:root:We got command: drive
DEBUG:root:We got a drive command: rawX:-2.679000 and rawY:20.595000
DEBUG:root:Forward to the Left/Straight
DEBUG:root:Left=-23.274000 Right=20.595000
DEBUG:root:ScaledLeft: 322.633500 ScaledRight: 421.338750
INFO:root:Looping....
DEBUG:root:This is the line: drive:20.571:-2.036

DEBUG:root:We got command: drive
DEBUG:root:We got a drive command: rawX:-2.036000 and rawY:20.571000
DEBUG:root:Forward to the Left/Straight
DEBUG:root:Left=-22.607000 Right=20.571000
DEBUG:root:ScaledLeft: 324.134250 ScaledRight: 421.284750
INFO:root:Looping....
DEBUG:root:This is the line: drive:20.916:-2.083

DEBUG:root:We got command: drive
DEBUG:root:We got a drive command: rawX:-2.083000 and rawY:20.916000
DEBUG:root:Forward to the Left/Straight
DEBUG:root:Left=-22.999000 Right=20.916000
DEBUG:root:ScaledLeft: 323.252250 ScaledRight: 422.061000
INFO:root:Looping....
DEBUG:root:This is the line: drive:20.916:-2.083

DEBUG:root:We got command: drive
DEBUG:root:We got a drive command: rawX:-2.083000 and rawY:20.916000
DEBUG:root:Forward to the Left/Straight
DEBUG:root:Left=-22.999000 Right=20.916000
DEBUG:root:ScaledLeft: 323.252250 ScaledRight: 422.061000
INFO:root:Looping....
DEBUG:root:This is the line: drive:20.916:-2.083

DEBUG:root:We got command: drive
DEBUG:root:We got a drive command: rawX:-2.083000 and rawY:20.916000
DEBUG:root:Forward to the Left/Straight
DEBUG:root:Left=-22.999000 Right=20.916000
DEBUG:root:ScaledLeft: 323.252250 ScaledRight: 422.061000
INFO:root:Looping....
DEBUG:root:This is the line: drive:20.916:-2.083

DEBUG:root:We got command: drive
DEBUG:root:We got a drive command: rawX:-2.083000 and rawY:20.916000
DEBUG:root:Forward to the Left/Straight
DEBUG:root:Left=-22.999000 Right=20.916000
DEBUG:root:ScaledLeft: 323.252250 ScaledRight: 422.061000
INFO:root:Looping....
DEBUG:root:This is the line: drive:20.916:-2.083

DEBUG:root:We got command: drive
DEBUG:root:We got a drive command: rawX:-2.083000 and rawY:20.916000
DEBUG:root:Forward to the Left/Straight
DEBUG:root:Left=-22.999000 Right=20.916000
DEBUG:root:ScaledLeft: 323.252250 ScaledRight: 422.061000
INFO:root:Looping....
DEBUG:root:This is the line: drive:20.916:-2.083

DEBUG:root:We got command: drive
DEBUG:root:We got a drive command: rawX:-2.083000 and rawY:20.916000
DEBUG:root:Forward to the Left/Straight
DEBUG:root:Left=-22.999000 Right=20.916000
DEBUG:root:ScaledLeft: 323.252250 ScaledRight: 422.061000
INFO:root:Looping....
DEBUG:root:This is the line: drive:20.857:-2.383

DEBUG:root:We got command: drive
DEBUG:root:We got a drive command: rawX:-2.383000 and rawY:20.857000
DEBUG:root:Forward to the Left/Straight
DEBUG:root:Left=-23.240000 Right=20.857000
DEBUG:root:ScaledLeft: 322.710000 ScaledRight: 421.928250
INFO:root:Looping....
DEBUG:root:This is the line: drive:20.857:-2.383

DEBUG:root:We got command: drive
DEBUG:root:We got a drive command: rawX:-2.383000 and rawY:20.857000
DEBUG:root:Forward to the Left/Straight
DEBUG:root:Left=-23.240000 Right=20.857000
DEBUG:root:ScaledLeft: 322.710000 ScaledRight: 421.928250
INFO:root:Looping....
DEBUG:root:This is the line: drive:20.857:-2.383

DEBUG:root:We got command: drive
DEBUG:root:We got a drive command: rawX:-2.383000 and rawY:20.857000
DEBUG:root:Forward to the Left/Straight
DEBUG:root:Left=-23.240000 Right=20.857000
DEBUG:root:ScaledLeft: 322.710000 ScaledRight: 421.928250
INFO:root:Looping....
DEBUG:root:This is the line: drive:20.133:-2.381

DEBUG:root:We got command: drive
DEBUG:root:We got a drive command: rawX:-2.381000 and rawY:20.133000
DEBUG:root:Forward to the Left/Straight
DEBUG:root:Left=-22.514000 Right=20.133000
DEBUG:root:ScaledLeft: 324.343500 ScaledRight: 420.299250
INFO:root:Looping....
DEBUG:root:This is the line: drive:19.094:-2.381

DEBUG:root:We got command: drive
DEBUG:root:We got a drive command: rawX:-2.381000 and rawY:19.094000
DEBUG:root:Forward to the Left/Straight
DEBUG:root:Left=-21.475000 Right=19.094000
DEBUG:root:ScaledLeft: 326.681250 ScaledRight: 417.961500
INFO:root:Looping....
DEBUG:root:This is the line: drive:18.251:-2.381

DEBUG:root:We got command: drive
DEBUG:root:We got a drive command: rawX:-2.381000 and rawY:18.251000
DEBUG:root:Forward to the Left/Straight
DEBUG:root:Left=-20.632000 Right=18.251000
DEBUG:root:ScaledLeft: 328.578000 ScaledRight: 416.064750
INFO:root:Looping....
DEBUG:root:This is the line: drive:16.434:-2.381

DEBUG:root:We got command: drive
DEBUG:root:We got a drive command: rawX:-2.381000 and rawY:16.434000
DEBUG:root:Forward to the Left/Straight
DEBUG:root:Left=-18.815000 Right=16.434000
DEBUG:root:ScaledLeft: 332.666250 ScaledRight: 411.976500
INFO:root:Looping....
DEBUG:root:This is the line: drive:14.558:-2.381

DEBUG:root:We got command: drive
DEBUG:root:We got a drive command: rawX:-2.381000 and rawY:14.558000
DEBUG:root:Forward to the Left/Straight
DEBUG:root:Left=-16.939000 Right=14.558000
DEBUG:root:ScaledLeft: 336.887250 ScaledRight: 407.755500
INFO:root:Looping....
DEBUG:root:This is the line: drive:13.0:-2.381

DEBUG:root:We got command: drive
DEBUG:root:We got a drive command: rawX:-2.381000 and rawY:13.000000
DEBUG:root:Forward to the Left/Straight
DEBUG:root:Left=-15.381000 Right=13.000000
DEBUG:root:ScaledLeft: 340.392750 ScaledRight: 404.250000
INFO:root:Looping....
DEBUG:root:This is the line: drive:11.593:-2.381

DEBUG:root:We got command: drive
DEBUG:root:We got a drive command: rawX:-2.381000 and rawY:11.593000
DEBUG:root:Forward to the Left/Straight
DEBUG:root:Left=-13.974000 Right=11.593000
DEBUG:root:ScaledLeft: 343.558500 ScaledRight: 401.084250
INFO:root:Looping....
DEBUG:root:This is the line: drive:10.562:-2.381

DEBUG:root:We got command: drive
DEBUG:root:We got a drive command: rawX:-2.381000 and rawY:10.562000
DEBUG:root:Forward to the Left/Straight
DEBUG:root:Left=-12.943000 Right=10.562000
DEBUG:root:ScaledLeft: 345.878250 ScaledRight: 398.764500
INFO:root:Looping....
DEBUG:root:This is the line: drive:9.947:-2.381

DEBUG:root:We got command: drive
DEBUG:root:We got a drive command: rawX:-2.381000 and rawY:9.947000
DEBUG:root:Forward to the Left/Straight
DEBUG:root:Left=-12.328000 Right=9.947000
DEBUG:root:ScaledLeft: 347.262000 ScaledRight: 397.380750
INFO:root:Looping....
DEBUG:root:This is the line: drive:9.286:-2.381

DEBUG:root:We got command: drive
DEBUG:root:We got a drive command: rawX:-2.381000 and rawY:9.286000
DEBUG:root:Forward to the Left/Straight
DEBUG:root:Left=-11.667000 Right=9.286000
DEBUG:root:ScaledLeft: 348.749250 ScaledRight: 395.893500
INFO:root:Looping....
DEBUG:root:This is the line: drive:8.856:-2.381

DEBUG:root:We got command: drive
DEBUG:root:We got a drive command: rawX:-2.381000 and rawY:8.856000
DEBUG:root:Forward to the Left/Straight
DEBUG:root:Left=-11.237000 Right=8.856000
DEBUG:root:ScaledLeft: 349.716750 ScaledRight: 394.926000
INFO:root:Looping....
DEBUG:root:This is the line: drive:8.489:-2.381

DEBUG:root:We got command: drive
DEBUG:root:We got a drive command: rawX:-2.381000 and rawY:8.489000
DEBUG:root:Forward to the Left/Straight
DEBUG:root:Left=-10.870000 Right=8.489000
DEBUG:root:ScaledLeft: 350.542500 ScaledRight: 394.100250
INFO:root:Looping....
DEBUG:root:This is the line: drive:8.283:-2.381

DEBUG:root:We got command: drive
DEBUG:root:We got a drive command: rawX:-2.381000 and rawY:8.283000
DEBUG:root:Forward to the Left/Straight
DEBUG:root:Left=-10.664000 Right=8.283000
DEBUG:root:ScaledLeft: 351.006000 ScaledRight: 393.636750
INFO:root:Looping....
DEBUG:root:This is the line: drive:8.283:-2.381

DEBUG:root:We got command: drive
DEBUG:root:We got a drive command: rawX:-2.381000 and rawY:8.283000
DEBUG:root:Forward to the Left/Straight
DEBUG:root:Left=-10.664000 Right=8.283000
DEBUG:root:ScaledLeft: 351.006000 ScaledRight: 393.636750
INFO:root:Looping....
DEBUG:root:This is the line: drive:8.286:-2.05

DEBUG:root:We got command: drive
DEBUG:root:We got a drive command: rawX:-2.050000 and rawY:8.286000
DEBUG:root:Forward to the Left/Straight
DEBUG:root:Left=-10.336000 Right=8.286000
DEBUG:root:ScaledLeft: 351.744000 ScaledRight: 393.643500
INFO:root:Looping....
DEBUG:root:This is the line: drive:8.286:-1.755

DEBUG:root:We got command: drive
DEBUG:root:We got a drive command: rawX:-1.755000 and rawY:8.286000
DEBUG:root:Forward to the Left/Straight
DEBUG:root:Left=-10.041000 Right=8.286000
DEBUG:root:ScaledLeft: 352.407750 ScaledRight: 393.643500
INFO:root:Looping....
DEBUG:root:This is the line: drive:8.286:-0.744

DEBUG:root:We got command: drive
DEBUG:root:We got a drive command: rawX:-0.744000 and rawY:8.286000
DEBUG:root:Forward to the Left/Straight
DEBUG:root:Left=-9.030000 Right=8.286000
DEBUG:root:ScaledLeft: 354.682500 ScaledRight: 393.643500
INFO:root:Looping....
DEBUG:root:This is the line: drive:8.286:-0.281

DEBUG:root:We got command: drive
DEBUG:root:We got a drive command: rawX:-0.281000 and rawY:8.286000
DEBUG:root:Forward to the Left/Straight
DEBUG:root:Left=-8.567000 Right=8.286000
DEBUG:root:ScaledLeft: 355.724250 ScaledRight: 393.643500
INFO:root:Looping....
DEBUG:root:This is the line: drive:8.286:0.744

DEBUG:root:We got command: drive
DEBUG:root:We got a drive command: rawX:0.744000 and rawY:8.286000
DEBUG:root:Forward to the Right
DEBUG:root:Left=-8.286000 Right=7.542000
DEBUG:root:ScaledLeft: 356.356500 ScaledRight: 391.969500
INFO:root:Looping....
DEBUG:root:This is the line: drive:8.286:0.902

DEBUG:root:We got command: drive
DEBUG:root:We got a drive command: rawX:0.902000 and rawY:8.286000
DEBUG:root:Forward to the Right
DEBUG:root:Left=-8.286000 Right=7.384000
DEBUG:root:ScaledLeft: 356.356500 ScaledRight: 391.614000
INFO:root:Looping....
DEBUG:root:This is the line: drive:8.286:1.237

DEBUG:root:We got command: drive
DEBUG:root:We got a drive command: rawX:1.237000 and rawY:8.286000
DEBUG:root:Forward to the Right
DEBUG:root:Left=-8.286000 Right=7.049000
DEBUG:root:ScaledLeft: 356.356500 ScaledRight: 390.860250
INFO:root:Looping....
DEBUG:root:This is the line: drive:8.286:1.237

DEBUG:root:We got command: drive
DEBUG:root:We got a drive command: rawX:1.237000 and rawY:8.286000
DEBUG:root:Forward to the Right
DEBUG:root:Left=-8.286000 Right=7.049000
DEBUG:root:ScaledLeft: 356.356500 ScaledRight: 390.860250
INFO:root:Looping....
DEBUG:root:This is the line: drive:8.286:1.237

DEBUG:root:We got command: drive
DEBUG:root:We got a drive command: rawX:1.237000 and rawY:8.286000
DEBUG:root:Forward to the Right
DEBUG:root:Left=-8.286000 Right=7.049000
DEBUG:root:ScaledLeft: 356.356500 ScaledRight: 390.860250
INFO:root:Looping....
DEBUG:root:This is the line: drive:8.286:1.237

DEBUG:root:We got command: drive
DEBUG:root:We got a drive command: rawX:1.237000 and rawY:8.286000
DEBUG:root:Forward to the Right
DEBUG:root:Left=-8.286000 Right=7.049000
DEBUG:root:ScaledLeft: 356.356500 ScaledRight: 390.860250
INFO:root:Looping....
DEBUG:root:This is the line: drive:8.286:1.237

DEBUG:root:We got command: drive
DEBUG:root:We got a drive command: rawX:1.237000 and rawY:8.286000
DEBUG:root:Forward to the Right
DEBUG:root:Left=-8.286000 Right=7.049000
DEBUG:root:ScaledLeft: 356.356500 ScaledRight: 390.860250
INFO:root:Looping....
DEBUG:root:This is the line: drive:8.286:1.237

DEBUG:root:We got command: drive
DEBUG:root:We got a drive command: rawX:1.237000 and rawY:8.286000
DEBUG:root:Forward to the Right
DEBUG:root:Left=-8.286000 Right=7.049000
DEBUG:root:ScaledLeft: 356.356500 ScaledRight: 390.860250
INFO:root:Looping....
DEBUG:root:This is the line: drive:8.286:1.237

DEBUG:root:We got command: drive
DEBUG:root:We got a drive command: rawX:1.237000 and rawY:8.286000
DEBUG:root:Forward to the Right
DEBUG:root:Left=-8.286000 Right=7.049000
DEBUG:root:ScaledLeft: 356.356500 ScaledRight: 390.860250
INFO:root:Looping....
DEBUG:root:This is the line: drive:8.286:1.237

DEBUG:root:We got command: drive
DEBUG:root:We got a drive command: rawX:1.237000 and rawY:8.286000
DEBUG:root:Forward to the Right
DEBUG:root:Left=-8.286000 Right=7.049000
DEBUG:root:ScaledLeft: 356.356500 ScaledRight: 390.860250
INFO:root:Looping....
DEBUG:root:This is the line: drive:9.17:1.19

DEBUG:root:We got command: drive
DEBUG:root:We got a drive command: rawX:1.190000 and rawY:9.170000
DEBUG:root:Forward to the Right
DEBUG:root:Left=-9.170000 Right=7.980000
DEBUG:root:ScaledLeft: 354.367500 ScaledRight: 392.955000
INFO:root:Looping....
DEBUG:root:This is the line: drive:9.429:-0.195

DEBUG:root:We got command: drive
DEBUG:root:We got a drive command: rawX:-0.195000 and rawY:9.429000
DEBUG:root:Forward to the Left/Straight
DEBUG:root:Left=-9.624000 Right=9.429000
DEBUG:root:ScaledLeft: 353.346000 ScaledRight: 396.215250
INFO:root:Looping....
DEBUG:root:This is the line: drive:9.714:-1.607

DEBUG:root:We got command: drive
DEBUG:root:We got a drive command: rawX:-1.607000 and rawY:9.714000
DEBUG:root:Forward to the Left/Straight
DEBUG:root:Left=-11.321000 Right=9.714000
DEBUG:root:ScaledLeft: 349.527750 ScaledRight: 396.856500
INFO:root:Looping....
DEBUG:root:This is the line: drive:10.0:-3.39

DEBUG:root:We got command: drive
DEBUG:root:We got a drive command: rawX:-3.390000 and rawY:10.000000
DEBUG:root:Forward to the Left/Straight
DEBUG:root:Left=-13.390000 Right=10.000000
DEBUG:root:ScaledLeft: 344.872500 ScaledRight: 397.500000
INFO:root:Looping....
DEBUG:root:This is the line: drive:10.286:-4.764

DEBUG:root:We got command: drive
DEBUG:root:We got a drive command: rawX:-4.764000 and rawY:10.286000
DEBUG:root:Forward to the Left/Straight
DEBUG:root:Left=-15.050000 Right=10.286000
DEBUG:root:ScaledLeft: 341.137500 ScaledRight: 398.143500
INFO:root:Looping....
DEBUG:root:This is the line: drive:10.571:-5.288

DEBUG:root:We got command: drive
DEBUG:root:We got a drive command: rawX:-5.288000 and rawY:10.571000
DEBUG:root:Forward to the Left/Straight
DEBUG:root:Left=-15.859000 Right=10.571000
DEBUG:root:ScaledLeft: 339.317250 ScaledRight: 398.784750
INFO:root:Looping....
DEBUG:root:This is the line: drive:10.571:-6.399

DEBUG:root:We got command: drive
DEBUG:root:We got a drive command: rawX:-6.399000 and rawY:10.571000
DEBUG:root:Forward to the Left/Straight
DEBUG:root:Left=-16.970000 Right=10.571000
DEBUG:root:ScaledLeft: 336.817500 ScaledRight: 398.784750
INFO:root:Looping....
DEBUG:root:This is the line: drive:10.571:-7.842

DEBUG:root:We got command: drive
DEBUG:root:We got a drive command: rawX:-7.842000 and rawY:10.571000
DEBUG:root:Forward to the Left/Straight
DEBUG:root:Left=-18.413000 Right=10.571000
DEBUG:root:ScaledLeft: 333.570750 ScaledRight: 398.784750
INFO:root:Looping....
DEBUG:root:This is the line: drive:10.571:-8.45

DEBUG:root:We got command: drive
DEBUG:root:We got a drive command: rawX:-8.450000 and rawY:10.571000
DEBUG:root:Forward to the Left/Straight
DEBUG:root:Left=-19.021000 Right=10.571000
DEBUG:root:ScaledLeft: 332.202750 ScaledRight: 398.784750
INFO:root:Looping....
DEBUG:root:This is the line: drive:10.571:-9.077

DEBUG:root:We got command: drive
DEBUG:root:We got a drive command: rawX:-9.077000 and rawY:10.571000
DEBUG:root:Forward to the Left/Straight
DEBUG:root:Left=-19.648000 Right=10.571000
DEBUG:root:ScaledLeft: 330.792000 ScaledRight: 398.784750
INFO:root:Looping....
DEBUG:root:This is the line: drive:10.571:-9.85

DEBUG:root:We got command: drive
DEBUG:root:We got a drive command: rawX:-9.850000 and rawY:10.571000
DEBUG:root:Forward to the Left/Straight
DEBUG:root:Left=-20.421000 Right=10.571000
DEBUG:root:ScaledLeft: 329.052750 ScaledRight: 398.784750
INFO:root:Looping....
DEBUG:root:This is the line: drive:10.571:-10.836

DEBUG:root:We got command: drive
DEBUG:root:We got a drive command: rawX:-10.836000 and rawY:10.571000
DEBUG:root:Forward to the Left/Straight
DEBUG:root:Left=-21.407000 Right=10.571000
DEBUG:root:ScaledLeft: 326.834250 ScaledRight: 398.784750
INFO:root:Looping....
DEBUG:root:This is the line: drive:10.571:-11.312

DEBUG:root:We got command: drive
DEBUG:root:We got a drive command: rawX:-11.312000 and rawY:10.571000
DEBUG:root:Forward to the Left/Straight
DEBUG:root:Left=-21.883000 Right=10.571000
DEBUG:root:ScaledLeft: 325.763250 ScaledRight: 398.784750
INFO:root:Looping....
DEBUG:root:This is the line: drive:10.571:-12.211

DEBUG:root:We got command: drive
DEBUG:root:We got a drive command: rawX:-12.211000 and rawY:10.571000
DEBUG:root:Forward to the Left/Straight
DEBUG:root:Left=-22.782000 Right=10.571000
DEBUG:root:ScaledLeft: 323.740500 ScaledRight: 398.784750
INFO:root:Looping....
DEBUG:root:This is the line: drive:10.571:-12.533

DEBUG:root:We got command: drive
DEBUG:root:We got a drive command: rawX:-12.533000 and rawY:10.571000
DEBUG:root:Forward to the Left/Straight
DEBUG:root:Left=-23.104000 Right=10.571000
DEBUG:root:ScaledLeft: 323.016000 ScaledRight: 398.784750
INFO:root:Looping....
DEBUG:root:This is the line: drive:10.571:-14.086

DEBUG:root:We got command: drive
DEBUG:root:We got a drive command: rawX:-14.086000 and rawY:10.571000
DEBUG:root:Forward to the Left/Straight
DEBUG:root:Left=-24.657000 Right=10.571000
DEBUG:root:ScaledLeft: 319.521750 ScaledRight: 398.784750
INFO:root:Looping....
DEBUG:root:This is the line: drive:10.571:-14.331

DEBUG:root:We got command: drive
DEBUG:root:We got a drive command: rawX:-14.331000 and rawY:10.571000
DEBUG:root:Forward to the Left/Straight
DEBUG:root:Left=-24.902000 Right=10.571000
DEBUG:root:ScaledLeft: 318.970500 ScaledRight: 398.784750
INFO:root:Looping....
DEBUG:root:This is the line: drive:10.571:-15.03

DEBUG:root:We got command: drive
DEBUG:root:We got a drive command: rawX:-15.030000 and rawY:10.571000
DEBUG:root:Forward to the Left/Straight
DEBUG:root:Left=-25.601000 Right=10.571000
DEBUG:root:ScaledLeft: 317.397750 ScaledRight: 398.784750
INFO:root:Looping....
DEBUG:root:This is the line: drive:10.571:-15.792

DEBUG:root:We got command: drive
DEBUG:root:We got a drive command: rawX:-15.792000 and rawY:10.571000
DEBUG:root:Forward to the Left/Straight
DEBUG:root:Left=-26.363000 Right=10.571000
DEBUG:root:ScaledLeft: 315.683250 ScaledRight: 398.784750
INFO:root:Looping....
DEBUG:root:This is the line: drive:10.571:-16.518

DEBUG:root:We got command: drive
DEBUG:root:We got a drive command: rawX:-16.518000 and rawY:10.571000
DEBUG:root:Forward to the Left/Straight
DEBUG:root:Left=-27.089000 Right=10.571000
DEBUG:root:ScaledLeft: 314.049750 ScaledRight: 398.784750
INFO:root:Looping....
DEBUG:root:This is the line: drive:10.571:-17.277

DEBUG:root:We got command: drive
DEBUG:root:We got a drive command: rawX:-17.277000 and rawY:10.571000
DEBUG:root:Forward to the Left/Straight
DEBUG:root:Left=-27.848000 Right=10.571000
DEBUG:root:ScaledLeft: 312.342000 ScaledRight: 398.784750
INFO:root:Looping....
DEBUG:root:This is the line: drive:10.571:-17.277

DEBUG:root:We got command: drive
DEBUG:root:We got a drive command: rawX:-17.277000 and rawY:10.571000
DEBUG:root:Forward to the Left/Straight
DEBUG:root:Left=-27.848000 Right=10.571000
DEBUG:root:ScaledLeft: 312.342000 ScaledRight: 398.784750
INFO:root:Looping....
DEBUG:root:This is the line: drive:10.571:-18.526

DEBUG:root:We got command: drive
DEBUG:root:We got a drive command: rawX:-18.526000 and rawY:10.571000
DEBUG:root:Forward to the Left/Straight
DEBUG:root:Left=-29.097000 Right=10.571000
DEBUG:root:ScaledLeft: 309.531750 ScaledRight: 398.784750
INFO:root:Looping....
DEBUG:root:This is the line: drive:10.571:-18.772

DEBUG:root:We got command: drive
DEBUG:root:We got a drive command: rawX:-18.772000 and rawY:10.571000
DEBUG:root:Forward to the Left/Straight
DEBUG:root:Left=-29.343000 Right=10.571000
DEBUG:root:ScaledLeft: 308.978250 ScaledRight: 398.784750
INFO:root:Looping....
DEBUG:root:This is the line: drive:10.571:-19.742

DEBUG:root:We got command: drive
DEBUG:root:We got a drive command: rawX:-19.742000 and rawY:10.571000
DEBUG:root:Forward to the Left/Straight
DEBUG:root:Left=-30.313000 Right=10.571000
DEBUG:root:ScaledLeft: 306.795750 ScaledRight: 398.784750
INFO:root:Looping....
DEBUG:root:This is the line: drive:10.571:-20.387

DEBUG:root:We got command: drive
DEBUG:root:We got a drive command: rawX:-20.387000 and rawY:10.571000
DEBUG:root:Forward to the Left/Straight
DEBUG:root:Left=-30.958000 Right=10.571000
DEBUG:root:ScaledLeft: 305.344500 ScaledRight: 398.784750
INFO:root:Looping....
DEBUG:root:This is the line: drive:10.571:-21.042

DEBUG:root:We got command: drive
DEBUG:root:We got a drive command: rawX:-21.042000 and rawY:10.571000
DEBUG:root:Forward to the Left/Straight
DEBUG:root:Left=-31.613000 Right=10.571000
DEBUG:root:ScaledLeft: 303.870750 ScaledRight: 398.784750
INFO:root:Looping....
DEBUG:root:This is the line: drive:10.571:-21.817

DEBUG:root:We got command: drive
DEBUG:root:We got a drive command: rawX:-21.817000 and rawY:10.571000
DEBUG:root:Forward to the Left/Straight
DEBUG:root:Left=-32.388000 Right=10.571000
DEBUG:root:ScaledLeft: 302.127000 ScaledRight: 398.784750
INFO:root:Looping....
DEBUG:root:This is the line: drive:10.571:-22.852

DEBUG:root:We got command: drive
DEBUG:root:We got a drive command: rawX:-22.852000 and rawY:10.571000
DEBUG:root:Forward to the Left/Straight
DEBUG:root:Left=-33.423000 Right=10.571000
DEBUG:root:ScaledLeft: 299.798250 ScaledRight: 398.784750
INFO:root:Looping....
DEBUG:root:This is the line: drive:10.571:-23.912

DEBUG:root:We got command: drive
DEBUG:root:We got a drive command: rawX:-23.912000 and rawY:10.571000
DEBUG:root:Forward to the Left/Straight
DEBUG:root:Left=-34.483000 Right=10.571000
DEBUG:root:ScaledLeft: 297.413250 ScaledRight: 398.784750
INFO:root:Looping....
DEBUG:root:This is the line: drive:10.571:-24.851

DEBUG:root:We got command: drive
DEBUG:root:We got a drive command: rawX:-24.851000 and rawY:10.571000
DEBUG:root:Forward to the Left/Straight
DEBUG:root:Left=-35.422000 Right=10.571000
DEBUG:root:ScaledLeft: 295.300500 ScaledRight: 398.784750
INFO:root:Looping....
DEBUG:root:This is the line: drive:10.571:-25.744

DEBUG:root:We got command: drive
DEBUG:root:We got a drive command: rawX:-25.744000 and rawY:10.571000
DEBUG:root:Forward to the Left/Straight
DEBUG:root:Left=-36.315000 Right=10.571000
DEBUG:root:ScaledLeft: 293.291250 ScaledRight: 398.784750
INFO:root:Looping....
DEBUG:root:This is the line: drive:10.571:-26.339

DEBUG:root:We got command: drive
DEBUG:root:We got a drive command: rawX:-26.339000 and rawY:10.571000
DEBUG:root:Forward to the Left/Straight
DEBUG:root:Left=-36.910000 Right=10.571000
DEBUG:root:ScaledLeft: 291.952500 ScaledRight: 398.784750
INFO:root:Looping....
DEBUG:root:This is the line: drive:10.571:-27.53

DEBUG:root:We got command: drive
DEBUG:root:We got a drive command: rawX:-27.530000 and rawY:10.571000
DEBUG:root:Forward to the Left/Straight
DEBUG:root:Left=-38.101000 Right=10.571000
DEBUG:root:ScaledLeft: 289.272750 ScaledRight: 398.784750
INFO:root:Looping....
DEBUG:root:This is the line: drive:10.571:-27.53

DEBUG:root:We got command: drive
DEBUG:root:We got a drive command: rawX:-27.530000 and rawY:10.571000
DEBUG:root:Forward to the Left/Straight
DEBUG:root:Left=-38.101000 Right=10.571000
DEBUG:root:ScaledLeft: 289.272750 ScaledRight: 398.784750
INFO:root:Looping....
DEBUG:root:This is the line: drive:10.571:-28.045

DEBUG:root:We got command: drive
DEBUG:root:We got a drive command: rawX:-28.045000 and rawY:10.571000
DEBUG:root:Forward to the Left/Straight
DEBUG:root:Left=-38.616000 Right=10.571000
DEBUG:root:ScaledLeft: 288.114000 ScaledRight: 398.784750
INFO:root:Looping....
DEBUG:root:This is the line: drive:10.571:-28.69

DEBUG:root:We got command: drive
DEBUG:root:We got a drive command: rawX:-28.690000 and rawY:10.571000
DEBUG:root:Forward to the Left/Straight
DEBUG:root:Left=-39.261000 Right=10.571000
DEBUG:root:ScaledLeft: 286.662750 ScaledRight: 398.784750
INFO:root:Looping....
DEBUG:root:This is the line: drive:10.571:-29.17

DEBUG:root:We got command: drive
DEBUG:root:We got a drive command: rawX:-29.170000 and rawY:10.571000
DEBUG:root:Forward to the Left/Straight
DEBUG:root:Left=-39.741000 Right=10.571000
DEBUG:root:ScaledLeft: 285.582750 ScaledRight: 398.784750
INFO:root:Looping....
DEBUG:root:This is the line: drive:10.571:-30.014

DEBUG:root:We got command: drive
DEBUG:root:We got a drive command: rawX:-30.014000 and rawY:10.571000
DEBUG:root:Forward to the Left/Straight
DEBUG:root:Left=-40.585000 Right=10.571000
DEBUG:root:ScaledLeft: 283.683750 ScaledRight: 398.784750
INFO:root:Looping....
DEBUG:root:This is the line: drive:10.571:-30.414

DEBUG:root:We got command: drive
DEBUG:root:We got a drive command: rawX:-30.414000 and rawY:10.571000
DEBUG:root:Forward to the Left/Straight
DEBUG:root:Left=-40.985000 Right=10.571000
DEBUG:root:ScaledLeft: 282.783750 ScaledRight: 398.784750
INFO:root:Looping....
DEBUG:root:This is the line: drive:10.571:-31.049

DEBUG:root:We got command: drive
DEBUG:root:We got a drive command: rawX:-31.049000 and rawY:10.571000
DEBUG:root:Forward to the Left/Straight
DEBUG:root:Left=-41.620000 Right=10.571000
DEBUG:root:ScaledLeft: 281.355000 ScaledRight: 398.784750
INFO:root:Looping....
DEBUG:root:This is the line: drive:10.571:-31.605

DEBUG:root:We got command: drive
DEBUG:root:We got a drive command: rawX:-31.605000 and rawY:10.571000
DEBUG:root:Forward to the Left/Straight
DEBUG:root:Left=-42.176000 Right=10.571000
DEBUG:root:ScaledLeft: 280.104000 ScaledRight: 398.784750
INFO:root:Looping....
DEBUG:root:This is the line: drive:10.571:-32.589

DEBUG:root:We got command: drive
DEBUG:root:We got a drive command: rawX:-32.589000 and rawY:10.571000
DEBUG:root:Forward to the Left/Straight
DEBUG:root:Left=-43.160000 Right=10.571000
DEBUG:root:ScaledLeft: 277.890000 ScaledRight: 398.784750
INFO:root:Looping....
DEBUG:root:This is the line: drive:10.571:-32.589

DEBUG:root:We got command: drive
DEBUG:root:We got a drive command: rawX:-32.589000 and rawY:10.571000
DEBUG:root:Forward to the Left/Straight
DEBUG:root:Left=-43.160000 Right=10.571000
DEBUG:root:ScaledLeft: 277.890000 ScaledRight: 398.784750
INFO:root:Looping....
DEBUG:root:This is the line: drive:10.571:-33.081

DEBUG:root:We got command: drive
DEBUG:root:We got a drive command: rawX:-33.081000 and rawY:10.571000
DEBUG:root:Forward to the Left/Straight
DEBUG:root:Left=-43.652000 Right=10.571000
DEBUG:root:ScaledLeft: 276.783000 ScaledRight: 398.784750
INFO:root:Looping....
DEBUG:root:This is the line: drive:10.571:-33.658

DEBUG:root:We got command: drive
DEBUG:root:We got a drive command: rawX:-33.658000 and rawY:10.571000
DEBUG:root:Forward to the Left/Straight
DEBUG:root:Left=-44.229000 Right=10.571000
DEBUG:root:ScaledLeft: 275.484750 ScaledRight: 398.784750
INFO:root:Looping....
DEBUG:root:This is the line: drive:10.571:-34.346

DEBUG:root:We got command: drive
DEBUG:root:We got a drive command: rawX:-34.346000 and rawY:10.571000
DEBUG:root:Forward to the Left/Straight
DEBUG:root:Left=-44.917000 Right=10.571000
DEBUG:root:ScaledLeft: 273.936750 ScaledRight: 398.784750
INFO:root:Looping....
DEBUG:root:This is the line: drive:10.571:-34.568

DEBUG:root:We got command: drive
DEBUG:root:We got a drive command: rawX:-34.568000 and rawY:10.571000
DEBUG:root:Forward to the Left/Straight
DEBUG:root:Left=-45.139000 Right=10.571000
DEBUG:root:ScaledLeft: 273.437250 ScaledRight: 398.784750
INFO:root:Looping....
DEBUG:root:This is the line: drive:10.571:-35.171

DEBUG:root:We got command: drive
DEBUG:root:We got a drive command: rawX:-35.171000 and rawY:10.571000
DEBUG:root:Forward to the Left/Straight
DEBUG:root:Left=-45.742000 Right=10.571000
DEBUG:root:ScaledLeft: 272.080500 ScaledRight: 398.784750
INFO:root:Looping....
DEBUG:root:This is the line: drive:10.571:-36.028

DEBUG:root:We got command: drive
DEBUG:root:We got a drive command: rawX:-36.028000 and rawY:10.571000
DEBUG:root:Forward to the Left/Straight
DEBUG:root:Left=-46.599000 Right=10.571000
DEBUG:root:ScaledLeft: 270.152250 ScaledRight: 398.784750
INFO:root:Looping....
DEBUG:root:This is the line: drive:10.571:-36.355

DEBUG:root:We got command: drive
DEBUG:root:We got a drive command: rawX:-36.355000 and rawY:10.571000
DEBUG:root:Forward to the Left/Straight
DEBUG:root:Left=-46.926000 Right=10.571000
DEBUG:root:ScaledLeft: 269.416500 ScaledRight: 398.784750
INFO:root:Looping....
DEBUG:root:This is the line: drive:10.571:-36.355

DEBUG:root:We got command: drive
DEBUG:root:We got a drive command: rawX:-36.355000 and rawY:10.571000
DEBUG:root:Forward to the Left/Straight
DEBUG:root:Left=-46.926000 Right=10.571000
DEBUG:root:ScaledLeft: 269.416500 ScaledRight: 398.784750
INFO:root:Looping....
DEBUG:root:This is the line: drive:10.571:-37.275

DEBUG:root:We got command: drive
DEBUG:root:We got a drive command: rawX:-37.275000 and rawY:10.571000
DEBUG:root:Forward to the Left/Straight
DEBUG:root:Left=-47.846000 Right=10.571000
DEBUG:root:ScaledLeft: 267.346500 ScaledRight: 398.784750
INFO:root:Looping....
DEBUG:root:This is the line: drive:10.571:-37.275

DEBUG:root:We got command: drive
DEBUG:root:We got a drive command: rawX:-37.275000 and rawY:10.571000
DEBUG:root:Forward to the Left/Straight
DEBUG:root:Left=-47.846000 Right=10.571000
DEBUG:root:ScaledLeft: 267.346500 ScaledRight: 398.784750
INFO:root:Looping....
DEBUG:root:This is the line: drive:10.286:-38.103

DEBUG:root:We got command: drive
DEBUG:root:We got a drive command: rawX:-38.103000 and rawY:10.286000
DEBUG:root:Forward to the Left/Straight
DEBUG:root:Left=-48.389000 Right=10.286000
DEBUG:root:ScaledLeft: 266.124750 ScaledRight: 398.143500
INFO:root:Looping....
DEBUG:root:This is the line: drive:10.286:-38.424

DEBUG:root:We got command: drive
DEBUG:root:We got a drive command: rawX:-38.424000 and rawY:10.286000
DEBUG:root:Forward to the Left/Straight
DEBUG:root:Left=-48.710000 Right=10.286000
DEBUG:root:ScaledLeft: 265.402500 ScaledRight: 398.143500
INFO:root:Looping....
DEBUG:root:This is the line: drive:10.286:-38.72

DEBUG:root:We got command: drive
DEBUG:root:We got a drive command: rawX:-38.720000 and rawY:10.286000
DEBUG:root:Forward to the Left/Straight
DEBUG:root:Left=-49.006000 Right=10.286000
DEBUG:root:ScaledLeft: 264.736500 ScaledRight: 398.143500
INFO:root:Looping....
DEBUG:root:This is the line: drive:10.286:-39.306

DEBUG:root:We got command: drive
DEBUG:root:We got a drive command: rawX:-39.306000 and rawY:10.286000
DEBUG:root:Forward to the Left/Straight
DEBUG:root:Left=-49.592000 Right=10.286000
DEBUG:root:ScaledLeft: 263.418000 ScaledRight: 398.143500
INFO:root:Looping....
DEBUG:root:This is the line: drive:9.943:-39.583

DEBUG:root:We got command: drive
DEBUG:root:We got a drive command: rawX:-39.583000 and rawY:9.943000
DEBUG:root:Forward to the Left/Straight
DEBUG:root:Left=-49.526000 Right=9.943000
DEBUG:root:ScaledLeft: 263.566500 ScaledRight: 397.371750
INFO:root:Looping....
DEBUG:root:This is the line: drive:10.0:-40.182

DEBUG:root:We got command: drive
DEBUG:root:We got a drive command: rawX:-40.182000 and rawY:10.000000
DEBUG:root:Forward to the Left/Straight
DEBUG:root:Left=-50.182000 Right=10.000000
DEBUG:root:ScaledLeft: 262.090500 ScaledRight: 397.500000
INFO:root:Looping....
DEBUG:root:This is the line: drive:9.714:-40.586

DEBUG:root:We got command: drive
DEBUG:root:We got a drive command: rawX:-40.586000 and rawY:9.714000
DEBUG:root:Forward to the Left/Straight
DEBUG:root:Left=-50.300000 Right=9.714000
DEBUG:root:ScaledLeft: 261.825000 ScaledRight: 396.856500
INFO:root:Looping....
DEBUG:root:This is the line: drive:9.714:-41.815

DEBUG:root:We got command: drive
DEBUG:root:We got a drive command: rawX:-41.815000 and rawY:9.714000
DEBUG:root:Forward to the Left/Straight
DEBUG:root:Left=-51.529000 Right=9.714000
DEBUG:root:ScaledLeft: 259.059750 ScaledRight: 396.856500
INFO:root:Looping....
DEBUG:root:This is the line: drive:9.429:-42.352

DEBUG:root:We got command: drive
DEBUG:root:We got a drive command: rawX:-42.352000 and rawY:9.429000
DEBUG:root:Forward to the Left/Straight
DEBUG:root:Left=-51.781000 Right=9.429000
DEBUG:root:ScaledLeft: 258.492750 ScaledRight: 396.215250
INFO:root:Looping....
DEBUG:root:This is the line: drive:9.429:-42.899

DEBUG:root:We got command: drive
DEBUG:root:We got a drive command: rawX:-42.899000 and rawY:9.429000
DEBUG:root:Forward to the Left/Straight
DEBUG:root:Left=-52.328000 Right=9.429000
DEBUG:root:ScaledLeft: 257.262000 ScaledRight: 396.215250
INFO:root:Looping....
DEBUG:root:This is the line: drive:9.044:-43.452

DEBUG:root:We got command: drive
DEBUG:root:We got a drive command: rawX:-43.452000 and rawY:9.044000
DEBUG:root:Forward to the Left/Straight
DEBUG:root:Left=-52.496000 Right=9.044000
DEBUG:root:ScaledLeft: 256.884000 ScaledRight: 395.349000
INFO:root:Looping....
DEBUG:root:This is the line: drive:9.143:-44.373

DEBUG:root:We got command: drive
DEBUG:root:We got a drive command: rawX:-44.373000 and rawY:9.143000
DEBUG:root:Forward to the Left/Straight
DEBUG:root:Left=-53.516000 Right=9.143000
DEBUG:root:ScaledLeft: 254.589000 ScaledRight: 395.571750
INFO:root:Looping....
DEBUG:root:This is the line: drive:9.143:-44.702

DEBUG:root:We got command: drive
DEBUG:root:We got a drive command: rawX:-44.702000 and rawY:9.143000
DEBUG:root:Forward to the Left/Straight
DEBUG:root:Left=-53.845000 Right=9.143000
DEBUG:root:ScaledLeft: 253.848750 ScaledRight: 395.571750
INFO:root:Looping....
DEBUG:root:This is the line: drive:9.143:-44.702

DEBUG:root:We got command: drive
DEBUG:root:We got a drive command: rawX:-44.702000 and rawY:9.143000
DEBUG:root:Forward to the Left/Straight
DEBUG:root:Left=-53.845000 Right=9.143000
DEBUG:root:ScaledLeft: 253.848750 ScaledRight: 395.571750
INFO:root:Looping....
DEBUG:root:This is the line: drive:9.143:-44.975

DEBUG:root:We got command: drive
DEBUG:root:We got a drive command: rawX:-44.975000 and rawY:9.143000
DEBUG:root:Forward to the Left/Straight
DEBUG:root:Left=-54.118000 Right=9.143000
DEBUG:root:ScaledLeft: 253.234500 ScaledRight: 395.571750
INFO:root:Looping....
DEBUG:root:This is the line: drive:9.143:-45.268

DEBUG:root:We got command: drive
DEBUG:root:We got a drive command: rawX:-45.268000 and rawY:9.143000
DEBUG:root:Forward to the Left/Straight
DEBUG:root:Left=-54.411000 Right=9.143000
DEBUG:root:ScaledLeft: 252.575250 ScaledRight: 395.571750
INFO:root:Looping....
DEBUG:root:This is the line: drive:9.143:-46.28

DEBUG:root:We got command: drive
DEBUG:root:We got a drive command: rawX:-46.280000 and rawY:9.143000
DEBUG:root:Forward to the Left/Straight
DEBUG:root:Left=-55.423000 Right=9.143000
DEBUG:root:ScaledLeft: 250.298250 ScaledRight: 395.571750
INFO:root:Looping....
DEBUG:root:This is the line: drive:9.143:-46.817

DEBUG:root:We got command: drive
DEBUG:root:We got a drive command: rawX:-46.817000 and rawY:9.143000
DEBUG:root:Forward to the Left/Straight
DEBUG:root:Left=-55.960000 Right=9.143000
DEBUG:root:ScaledLeft: 249.090000 ScaledRight: 395.571750
INFO:root:Looping....
DEBUG:root:This is the line: drive:8.857:-47.47

DEBUG:root:We got command: drive
DEBUG:root:We got a drive command: rawX:-47.470000 and rawY:8.857000
DEBUG:root:Forward to the Left/Straight
DEBUG:root:Left=-56.327000 Right=8.857000
DEBUG:root:ScaledLeft: 248.264250 ScaledRight: 394.928250
INFO:root:Looping....
DEBUG:root:This is the line: drive:8.857:-47.97

DEBUG:root:We got command: drive
DEBUG:root:We got a drive command: rawX:-47.970000 and rawY:8.857000
DEBUG:root:Forward to the Left/Straight
DEBUG:root:Left=-56.827000 Right=8.857000
DEBUG:root:ScaledLeft: 247.139250 ScaledRight: 394.928250
INFO:root:Looping....
DEBUG:root:This is the line: drive:8.857:-48.661

DEBUG:root:We got command: drive
DEBUG:root:We got a drive command: rawX:-48.661000 and rawY:8.857000
DEBUG:root:Forward to the Left/Straight
DEBUG:root:Left=-57.518000 Right=8.857000
DEBUG:root:ScaledLeft: 245.584500 ScaledRight: 394.928250
INFO:root:Looping....
DEBUG:root:This is the line: drive:8.571:-49.047

DEBUG:root:We got command: drive
DEBUG:root:We got a drive command: rawX:-49.047000 and rawY:8.571000
DEBUG:root:Forward to the Left/Straight
DEBUG:root:Left=-57.618000 Right=8.571000
DEBUG:root:ScaledLeft: 245.359500 ScaledRight: 394.284750
INFO:root:Looping....
DEBUG:root:This is the line: drive:8.571:-50.149

DEBUG:root:We got command: drive
DEBUG:root:We got a drive command: rawX:-50.149000 and rawY:8.571000
DEBUG:root:Forward to the Left/Straight
DEBUG:root:Left=-58.720000 Right=8.571000
DEBUG:root:ScaledLeft: 242.880000 ScaledRight: 394.284750
INFO:root:Looping....
DEBUG:root:This is the line: drive:8.286:-50.733

DEBUG:root:We got command: drive
DEBUG:root:We got a drive command: rawX:-50.733000 and rawY:8.286000
DEBUG:root:Forward to the Left/Straight
DEBUG:root:Left=-59.019000 Right=8.286000
DEBUG:root:ScaledLeft: 242.207250 ScaledRight: 393.643500
INFO:root:Looping....
DEBUG:root:This is the line: drive:8.286:-51.339

DEBUG:root:We got command: drive
DEBUG:root:We got a drive command: rawX:-51.339000 and rawY:8.286000
DEBUG:root:Forward to the Left/Straight
DEBUG:root:Left=-59.625000 Right=8.286000
DEBUG:root:ScaledLeft: 240.843750 ScaledRight: 393.643500
INFO:root:Looping....
DEBUG:root:This is the line: drive:8.286:-52.15

DEBUG:root:We got command: drive
DEBUG:root:We got a drive command: rawX:-52.150000 and rawY:8.286000
DEBUG:root:Forward to the Left/Straight
DEBUG:root:Left=-60.436000 Right=8.286000
DEBUG:root:ScaledLeft: 239.019000 ScaledRight: 393.643500
INFO:root:Looping....
DEBUG:root:This is the line: drive:7.916:-52.381

DEBUG:root:We got command: drive
DEBUG:root:We got a drive command: rawX:-52.381000 and rawY:7.916000
DEBUG:root:Forward to the Left/Straight
DEBUG:root:Left=-60.297000 Right=7.916000
DEBUG:root:ScaledLeft: 239.331750 ScaledRight: 392.811000
INFO:root:Looping....
DEBUG:root:This is the line: drive:8.0:-52.699

DEBUG:root:We got command: drive
DEBUG:root:We got a drive command: rawX:-52.699000 and rawY:8.000000
DEBUG:root:Forward to the Left/Straight
DEBUG:root:Left=-60.699000 Right=8.000000
DEBUG:root:ScaledLeft: 238.427250 ScaledRight: 393.000000
INFO:root:Looping....
DEBUG:root:This is the line: drive:8.0:-52.699

DEBUG:root:We got command: drive
DEBUG:root:We got a drive command: rawX:-52.699000 and rawY:8.000000
DEBUG:root:Forward to the Left/Straight
DEBUG:root:Left=-60.699000 Right=8.000000
DEBUG:root:ScaledLeft: 238.427250 ScaledRight: 393.000000
INFO:root:Looping....
DEBUG:root:This is the line: drive:8.0:-53.002

DEBUG:root:We got command: drive
DEBUG:root:We got a drive command: rawX:-53.002000 and rawY:8.000000
DEBUG:root:Forward to the Left/Straight
DEBUG:root:Left=-61.002000 Right=8.000000
DEBUG:root:ScaledLeft: 237.745500 ScaledRight: 393.000000
INFO:root:Looping....
DEBUG:root:This is the line: drive:8.0:-53.284

DEBUG:root:We got command: drive
DEBUG:root:We got a drive command: rawX:-53.284000 and rawY:8.000000
DEBUG:root:Forward to the Left/Straight
DEBUG:root:Left=-61.284000 Right=8.000000
DEBUG:root:ScaledLeft: 237.111000 ScaledRight: 393.000000
INFO:root:Looping....
DEBUG:root:This is the line: drive:8.0:-53.284

DEBUG:root:We got command: drive
DEBUG:root:We got a drive command: rawX:-53.284000 and rawY:8.000000
DEBUG:root:Forward to the Left/Straight
DEBUG:root:Left=-61.284000 Right=8.000000
DEBUG:root:ScaledLeft: 237.111000 ScaledRight: 393.000000
INFO:root:Looping....
DEBUG:root:This is the line: drive:8.0:-53.585

DEBUG:root:We got command: drive
DEBUG:root:We got a drive command: rawX:-53.585000 and rawY:8.000000
DEBUG:root:Forward to the Left/Straight
DEBUG:root:Left=-61.585000 Right=8.000000
DEBUG:root:ScaledLeft: 236.433750 ScaledRight: 393.000000
INFO:root:Looping....
DEBUG:root:This is the line: drive:8.0:-53.869

DEBUG:root:We got command: drive
DEBUG:root:We got a drive command: rawX:-53.869000 and rawY:8.000000
DEBUG:root:Forward to the Left/Straight
DEBUG:root:Left=-61.869000 Right=8.000000
DEBUG:root:ScaledLeft: 235.794750 ScaledRight: 393.000000
INFO:root:Looping....
DEBUG:root:This is the line: drive:8.0:-53.869

DEBUG:root:We got command: drive
DEBUG:root:We got a drive command: rawX:-53.869000 and rawY:8.000000
DEBUG:root:Forward to the Left/Straight
DEBUG:root:Left=-61.869000 Right=8.000000
DEBUG:root:ScaledLeft: 235.794750 ScaledRight: 393.000000
INFO:root:Looping....
DEBUG:root:This is the line: drive:8.0:-54.553

DEBUG:root:We got command: drive
DEBUG:root:We got a drive command: rawX:-54.553000 and rawY:8.000000
DEBUG:root:Forward to the Left/Straight
DEBUG:root:Left=-62.553000 Right=8.000000
DEBUG:root:ScaledLeft: 234.255750 ScaledRight: 393.000000
INFO:root:Looping....
DEBUG:root:This is the line: drive:8.0:-54.553

DEBUG:root:We got command: drive
DEBUG:root:We got a drive command: rawX:-54.553000 and rawY:8.000000
DEBUG:root:Forward to the Left/Straight
DEBUG:root:Left=-62.553000 Right=8.000000
DEBUG:root:ScaledLeft: 234.255750 ScaledRight: 393.000000
INFO:root:Looping....
DEBUG:root:This is the line: drive:8.0:-54.553

DEBUG:root:We got command: drive
DEBUG:root:We got a drive command: rawX:-54.553000 and rawY:8.000000
DEBUG:root:Forward to the Left/Straight
DEBUG:root:Left=-62.553000 Right=8.000000
DEBUG:root:ScaledLeft: 234.255750 ScaledRight: 393.000000
INFO:root:Looping....
DEBUG:root:This is the line: drive:8.0:-54.553

DEBUG:root:We got command: drive
DEBUG:root:We got a drive command: rawX:-54.553000 and rawY:8.000000
DEBUG:root:Forward to the Left/Straight
DEBUG:root:Left=-62.553000 Right=8.000000
DEBUG:root:ScaledLeft: 234.255750 ScaledRight: 393.000000
INFO:root:Looping....
DEBUG:root:This is the line: drive:8.0:-54.774

DEBUG:root:We got command: drive
DEBUG:root:We got a drive command: rawX:-54.774000 and rawY:8.000000
DEBUG:root:Forward to the Left/Straight
DEBUG:root:Left=-62.774000 Right=8.000000
DEBUG:root:ScaledLeft: 233.758500 ScaledRight: 393.000000
INFO:root:Looping....
DEBUG:root:This is the line: drive:8.0:-54.774

DEBUG:root:We got command: drive
DEBUG:root:We got a drive command: rawX:-54.774000 and rawY:8.000000
DEBUG:root:Forward to the Left/Straight
DEBUG:root:Left=-62.774000 Right=8.000000
DEBUG:root:ScaledLeft: 233.758500 ScaledRight: 393.000000
INFO:root:Looping....
DEBUG:root:This is the line: drive:8.0:-54.774

DEBUG:root:We got command: drive
DEBUG:root:We got a drive command: rawX:-54.774000 and rawY:8.000000
DEBUG:root:Forward to the Left/Straight
DEBUG:root:Left=-62.774000 Right=8.000000
DEBUG:root:ScaledLeft: 233.758500 ScaledRight: 393.000000
INFO:root:Looping....
DEBUG:root:This is the line: drive:8.0:-55.07

DEBUG:root:We got command: drive
DEBUG:root:We got a drive command: rawX:-55.070000 and rawY:8.000000
DEBUG:root:Forward to the Left/Straight
DEBUG:root:Left=-63.070000 Right=8.000000
DEBUG:root:ScaledLeft: 233.092500 ScaledRight: 393.000000
INFO:root:Looping....
DEBUG:root:This is the line: drive:8.0:-55.361

DEBUG:root:We got command: drive
DEBUG:root:We got a drive command: rawX:-55.361000 and rawY:8.000000
DEBUG:root:Forward to the Left/Straight
DEBUG:root:Left=-63.361000 Right=8.000000
DEBUG:root:ScaledLeft: 232.437750 ScaledRight: 393.000000
INFO:root:Looping....
DEBUG:root:This is the line: drive:8.0:-55.361

DEBUG:root:We got command: drive
DEBUG:root:We got a drive command: rawX:-55.361000 and rawY:8.000000
DEBUG:root:Forward to the Left/Straight
DEBUG:root:Left=-63.361000 Right=8.000000
DEBUG:root:ScaledLeft: 232.437750 ScaledRight: 393.000000
INFO:root:Looping....
DEBUG:root:This is the line: drive:8.0:-55.361

DEBUG:root:We got command: drive
DEBUG:root:We got a drive command: rawX:-55.361000 and rawY:8.000000
DEBUG:root:Forward to the Left/Straight
DEBUG:root:Left=-63.361000 Right=8.000000
DEBUG:root:ScaledLeft: 232.437750 ScaledRight: 393.000000
INFO:root:Looping....
DEBUG:root:This is the line: drive:8.0:-55.361

DEBUG:root:We got command: drive
DEBUG:root:We got a drive command: rawX:-55.361000 and rawY:8.000000
DEBUG:root:Forward to the Left/Straight
DEBUG:root:Left=-63.361000 Right=8.000000
DEBUG:root:ScaledLeft: 232.437750 ScaledRight: 393.000000
INFO:root:Looping....
DEBUG:root:This is the line: drive:8.0:-55.664

DEBUG:root:We got command: drive
DEBUG:root:We got a drive command: rawX:-55.664000 and rawY:8.000000
DEBUG:root:Forward to the Left/Straight
DEBUG:root:Left=-63.664000 Right=8.000000
DEBUG:root:ScaledLeft: 231.756000 ScaledRight: 393.000000
INFO:root:Looping....
DEBUG:root:This is the line: drive:8.0:-55.664

DEBUG:root:We got command: drive
DEBUG:root:We got a drive command: rawX:-55.664000 and rawY:8.000000
DEBUG:root:Forward to the Left/Straight
DEBUG:root:Left=-63.664000 Right=8.000000
DEBUG:root:ScaledLeft: 231.756000 ScaledRight: 393.000000
INFO:root:Looping....
DEBUG:root:This is the line: drive:8.0:-55.664

DEBUG:root:We got command: drive
DEBUG:root:We got a drive command: rawX:-55.664000 and rawY:8.000000
DEBUG:root:Forward to the Left/Straight
DEBUG:root:Left=-63.664000 Right=8.000000
DEBUG:root:ScaledLeft: 231.756000 ScaledRight: 393.000000
INFO:root:Looping....
DEBUG:root:This is the line: drive:8.0:-55.963

DEBUG:root:We got command: drive
DEBUG:root:We got a drive command: rawX:-55.963000 and rawY:8.000000
DEBUG:root:Forward to the Left/Straight
DEBUG:root:Left=-63.963000 Right=8.000000
DEBUG:root:ScaledLeft: 231.083250 ScaledRight: 393.000000
INFO:root:Looping....
DEBUG:root:This is the line: drive:8.0:-55.963

DEBUG:root:We got command: drive
DEBUG:root:We got a drive command: rawX:-55.963000 and rawY:8.000000
DEBUG:root:Forward to the Left/Straight
DEBUG:root:Left=-63.963000 Right=8.000000
DEBUG:root:ScaledLeft: 231.083250 ScaledRight: 393.000000
INFO:root:Looping....
DEBUG:root:This is the line: drive:7.571:-56.25

DEBUG:root:We got command: drive
DEBUG:root:We got a drive command: rawX:-56.250000 and rawY:7.571000
DEBUG:root:Forward to the Left/Straight
DEBUG:root:Left=-63.821000 Right=7.571000
DEBUG:root:ScaledLeft: 231.402750 ScaledRight: 392.034750
INFO:root:Looping....
DEBUG:root:This is the line: drive:7.379:-56.845

DEBUG:root:We got command: drive
DEBUG:root:We got a drive command: rawX:-56.845000 and rawY:7.379000
DEBUG:root:Forward to the Left/Straight
DEBUG:root:Left=-64.224000 Right=7.379000
DEBUG:root:ScaledLeft: 230.496000 ScaledRight: 391.602750
INFO:root:Looping....
DEBUG:root:This is the line: drive:7.429:-57.556

DEBUG:root:We got command: drive
DEBUG:root:We got a drive command: rawX:-57.556000 and rawY:7.429000
DEBUG:root:Forward to the Left/Straight
DEBUG:root:Left=-64.985000 Right=7.429000
DEBUG:root:ScaledLeft: 228.783750 ScaledRight: 391.715250
INFO:root:Looping....
DEBUG:root:This is the line: drive:7.429:-58.616

DEBUG:root:We got command: drive
DEBUG:root:We got a drive command: rawX:-58.616000 and rawY:7.429000
DEBUG:root:Forward to the Left/Straight
DEBUG:root:Left=-66.045000 Right=7.429000
DEBUG:root:ScaledLeft: 226.398750 ScaledRight: 391.715250
INFO:root:Looping....
DEBUG:root:This is the line: drive:7.429:-59.312

DEBUG:root:We got command: drive
DEBUG:root:We got a drive command: rawX:-59.312000 and rawY:7.429000
DEBUG:root:Forward to the Left/Straight
DEBUG:root:Left=-66.741000 Right=7.429000
DEBUG:root:ScaledLeft: 224.832750 ScaledRight: 391.715250
INFO:root:Looping....
DEBUG:root:This is the line: drive:7.143:-59.548

DEBUG:root:We got command: drive
DEBUG:root:We got a drive command: rawX:-59.548000 and rawY:7.143000
DEBUG:root:Forward to the Left/Straight
DEBUG:root:Left=-66.691000 Right=7.143000
DEBUG:root:ScaledLeft: 224.945250 ScaledRight: 391.071750
INFO:root:Looping....
DEBUG:root:This is the line: drive:7.143:-59.899

DEBUG:root:We got command: drive
DEBUG:root:We got a drive command: rawX:-59.899000 and rawY:7.143000
DEBUG:root:Forward to the Left/Straight
DEBUG:root:Left=-67.042000 Right=7.143000
DEBUG:root:ScaledLeft: 224.155500 ScaledRight: 391.071750
INFO:root:Looping....
DEBUG:root:This is the line: drive:7.143:-60.565

DEBUG:root:We got command: drive
DEBUG:root:We got a drive command: rawX:-60.565000 and rawY:7.143000
DEBUG:root:Forward to the Left/Straight
DEBUG:root:Left=-67.708000 Right=7.143000
DEBUG:root:ScaledLeft: 222.657000 ScaledRight: 391.071750
INFO:root:Looping....
DEBUG:root:This is the line: drive:7.143:-60.728

DEBUG:root:We got command: drive
DEBUG:root:We got a drive command: rawX:-60.728000 and rawY:7.143000
DEBUG:root:Forward to the Left/Straight
DEBUG:root:Left=-67.871000 Right=7.143000
DEBUG:root:ScaledLeft: 222.290250 ScaledRight: 391.071750
INFO:root:Looping....
DEBUG:root:This is the line: drive:7.143:-61.033

DEBUG:root:We got command: drive
DEBUG:root:We got a drive command: rawX:-61.033000 and rawY:7.143000
DEBUG:root:Forward to the Left/Straight
DEBUG:root:Left=-68.176000 Right=7.143000
DEBUG:root:ScaledLeft: 221.604000 ScaledRight: 391.071750
INFO:root:Looping....
DEBUG:root:This is the line: drive:7.143:-61.756

DEBUG:root:We got command: drive
DEBUG:root:We got a drive command: rawX:-61.756000 and rawY:7.143000
DEBUG:root:Forward to the Left/Straight
DEBUG:root:Left=-68.899000 Right=7.143000
DEBUG:root:ScaledLeft: 219.977250 ScaledRight: 391.071750
INFO:root:Looping....
DEBUG:root:This is the line: drive:7.143:-62.351

DEBUG:root:We got command: drive
DEBUG:root:We got a drive command: rawX:-62.351000 and rawY:7.143000
DEBUG:root:Forward to the Left/Straight
DEBUG:root:Left=-69.494000 Right=7.143000
DEBUG:root:ScaledLeft: 218.638500 ScaledRight: 391.071750
INFO:root:Looping....
DEBUG:root:This is the line: drive:7.143:-63.839

DEBUG:root:We got command: drive
DEBUG:root:We got a drive command: rawX:-63.839000 and rawY:7.143000
DEBUG:root:Forward to the Left/Straight
DEBUG:root:Left=-70.982000 Right=7.143000
DEBUG:root:ScaledLeft: 215.290500 ScaledRight: 391.071750
INFO:root:Looping....
DEBUG:root:This is the line: drive:7.143:-64.003

DEBUG:root:We got command: drive
DEBUG:root:We got a drive command: rawX:-64.003000 and rawY:7.143000
DEBUG:root:Forward to the Left/Straight
DEBUG:root:Left=-71.146000 Right=7.143000
DEBUG:root:ScaledLeft: 214.921500 ScaledRight: 391.071750
INFO:root:Looping....
DEBUG:root:This is the line: drive:7.143:-64.592

DEBUG:root:We got command: drive
DEBUG:root:We got a drive command: rawX:-64.592000 and rawY:7.143000
DEBUG:root:Forward to the Left/Straight
DEBUG:root:Left=-71.735000 Right=7.143000
DEBUG:root:ScaledLeft: 213.596250 ScaledRight: 391.071750
INFO:root:Looping....
DEBUG:root:This is the line: drive:7.143:-64.937

DEBUG:root:We got command: drive
DEBUG:root:We got a drive command: rawX:-64.937000 and rawY:7.143000
DEBUG:root:Forward to the Left/Straight
DEBUG:root:Left=-72.080000 Right=7.143000
DEBUG:root:ScaledLeft: 212.820000 ScaledRight: 391.071750
INFO:root:Looping....
DEBUG:root:This is the line: drive:7.143:-65.507

DEBUG:root:We got command: drive
DEBUG:root:We got a drive command: rawX:-65.507000 and rawY:7.143000
DEBUG:root:Forward to the Left/Straight
DEBUG:root:Left=-72.650000 Right=7.143000
DEBUG:root:ScaledLeft: 211.537500 ScaledRight: 391.071750
INFO:root:Looping....
DEBUG:root:This is the line: drive:7.143:-65.813

DEBUG:root:We got command: drive
DEBUG:root:We got a drive command: rawX:-65.813000 and rawY:7.143000
DEBUG:root:Forward to the Left/Straight
DEBUG:root:Left=-72.956000 Right=7.143000
DEBUG:root:ScaledLeft: 210.849000 ScaledRight: 391.071750
INFO:root:Looping....
DEBUG:root:This is the line: drive:7.143:-65.813

DEBUG:root:We got command: drive
DEBUG:root:We got a drive command: rawX:-65.813000 and rawY:7.143000
DEBUG:root:Forward to the Left/Straight
DEBUG:root:Left=-72.956000 Right=7.143000
DEBUG:root:ScaledLeft: 210.849000 ScaledRight: 391.071750
INFO:root:Looping....
DEBUG:root:This is the line: drive:7.143:-66.457

DEBUG:root:We got command: drive
DEBUG:root:We got a drive command: rawX:-66.457000 and rawY:7.143000
DEBUG:root:Forward to the Left/Straight
DEBUG:root:Left=-73.600000 Right=7.143000
DEBUG:root:ScaledLeft: 209.400000 ScaledRight: 391.071750
INFO:root:Looping....
DEBUG:root:This is the line: drive:7.143:-66.754

DEBUG:root:We got command: drive
DEBUG:root:We got a drive command: rawX:-66.754000 and rawY:7.143000
DEBUG:root:Forward to the Left/Straight
DEBUG:root:Left=-73.897000 Right=7.143000
DEBUG:root:ScaledLeft: 208.731750 ScaledRight: 391.071750
INFO:root:Looping....
DEBUG:root:This is the line: drive:7.143:-66.991

DEBUG:root:We got command: drive
DEBUG:root:We got a drive command: rawX:-66.991000 and rawY:7.143000
DEBUG:root:Forward to the Left/Straight
DEBUG:root:Left=-74.134000 Right=7.143000
DEBUG:root:ScaledLeft: 208.198500 ScaledRight: 391.071750
INFO:root:Looping....
DEBUG:root:This is the line: drive:7.143:-67.326

DEBUG:root:We got command: drive
DEBUG:root:We got a drive command: rawX:-67.326000 and rawY:7.143000
DEBUG:root:Forward to the Left/Straight
DEBUG:root:Left=-74.469000 Right=7.143000
DEBUG:root:ScaledLeft: 207.444750 ScaledRight: 391.071750
INFO:root:Looping....
DEBUG:root:This is the line: drive:7.143:-67.326

DEBUG:root:We got command: drive
DEBUG:root:We got a drive command: rawX:-67.326000 and rawY:7.143000
DEBUG:root:Forward to the Left/Straight
DEBUG:root:Left=-74.469000 Right=7.143000
DEBUG:root:ScaledLeft: 207.444750 ScaledRight: 391.071750
INFO:root:Looping....
DEBUG:root:This is the line: drive:7.143:-67.563

DEBUG:root:We got command: drive
DEBUG:root:We got a drive command: rawX:-67.563000 and rawY:7.143000
DEBUG:root:Forward to the Left/Straight
DEBUG:root:Left=-74.706000 Right=7.143000
DEBUG:root:ScaledLeft: 206.911500 ScaledRight: 391.071750
INFO:root:Looping....
DEBUG:root:This is the line: drive:7.143:-67.563

DEBUG:root:We got command: drive
DEBUG:root:We got a drive command: rawX:-67.563000 and rawY:7.143000
DEBUG:root:Forward to the Left/Straight
DEBUG:root:Left=-74.706000 Right=7.143000
DEBUG:root:ScaledLeft: 206.911500 ScaledRight: 391.071750
INFO:root:Looping....
DEBUG:root:This is the line: drive:7.143:-67.869

DEBUG:root:We got command: drive
DEBUG:root:We got a drive command: rawX:-67.869000 and rawY:7.143000
DEBUG:root:Forward to the Left/Straight
DEBUG:root:Left=-75.012000 Right=7.143000
DEBUG:root:ScaledLeft: 206.223000 ScaledRight: 391.071750
INFO:root:Looping....
DEBUG:root:This is the line: drive:7.143:-67.869

DEBUG:root:We got command: drive
DEBUG:root:We got a drive command: rawX:-67.869000 and rawY:7.143000
DEBUG:root:Forward to the Left/Straight
DEBUG:root:Left=-75.012000 Right=7.143000
DEBUG:root:ScaledLeft: 206.223000 ScaledRight: 391.071750
INFO:root:Looping....
DEBUG:root:This is the line: drive:7.143:-68.601

DEBUG:root:We got command: drive
DEBUG:root:We got a drive command: rawX:-68.601000 and rawY:7.143000
DEBUG:root:Forward to the Left/Straight
DEBUG:root:Left=-75.744000 Right=7.143000
DEBUG:root:ScaledLeft: 204.576000 ScaledRight: 391.071750
INFO:root:Looping....
DEBUG:root:This is the line: drive:7.143:-68.601

DEBUG:root:We got command: drive
DEBUG:root:We got a drive command: rawX:-68.601000 and rawY:7.143000
DEBUG:root:Forward to the Left/Straight
DEBUG:root:Left=-75.744000 Right=7.143000
DEBUG:root:ScaledLeft: 204.576000 ScaledRight: 391.071750
INFO:root:Looping....
DEBUG:root:This is the line: drive:7.143:-68.772

DEBUG:root:We got command: drive
DEBUG:root:We got a drive command: rawX:-68.772000 and rawY:7.143000
DEBUG:root:Forward to the Left/Straight
DEBUG:root:Left=-75.915000 Right=7.143000
DEBUG:root:ScaledLeft: 204.191250 ScaledRight: 391.071750
INFO:root:Looping....
DEBUG:root:This is the line: drive:7.143:-69.055

DEBUG:root:We got command: drive
DEBUG:root:We got a drive command: rawX:-69.055000 and rawY:7.143000
DEBUG:root:Forward to the Left/Straight
DEBUG:root:Left=-76.198000 Right=7.143000
DEBUG:root:ScaledLeft: 203.554500 ScaledRight: 391.071750
INFO:root:Looping....
DEBUG:root:This is the line: drive:7.143:-69.388

DEBUG:root:We got command: drive
DEBUG:root:We got a drive command: rawX:-69.388000 and rawY:7.143000
DEBUG:root:Forward to the Left/Straight
DEBUG:root:Left=-76.531000 Right=7.143000
DEBUG:root:ScaledLeft: 202.805250 ScaledRight: 391.071750
INFO:root:Looping....
DEBUG:root:This is the line: drive:7.143:-69.388

DEBUG:root:We got command: drive
DEBUG:root:We got a drive command: rawX:-69.388000 and rawY:7.143000
DEBUG:root:Forward to the Left/Straight
DEBUG:root:Left=-76.531000 Right=7.143000
DEBUG:root:ScaledLeft: 202.805250 ScaledRight: 391.071750
INFO:root:Looping....
DEBUG:root:This is the line: drive:7.143:-69.388

DEBUG:root:We got command: drive
DEBUG:root:We got a drive command: rawX:-69.388000 and rawY:7.143000
DEBUG:root:Forward to the Left/Straight
DEBUG:root:Left=-76.531000 Right=7.143000
DEBUG:root:ScaledLeft: 202.805250 ScaledRight: 391.071750
INFO:root:Looping....
DEBUG:root:This is the line: drive:7.143:-69.388

DEBUG:root:We got command: drive
DEBUG:root:We got a drive command: rawX:-69.388000 and rawY:7.143000
DEBUG:root:Forward to the Left/Straight
DEBUG:root:Left=-76.531000 Right=7.143000
DEBUG:root:ScaledLeft: 202.805250 ScaledRight: 391.071750
INFO:root:Looping....
DEBUG:root:This is the line: drive:7.143:-69.388

DEBUG:root:We got command: drive
DEBUG:root:We got a drive command: rawX:-69.388000 and rawY:7.143000
DEBUG:root:Forward to the Left/Straight
DEBUG:root:Left=-76.531000 Right=7.143000
DEBUG:root:ScaledLeft: 202.805250 ScaledRight: 391.071750
INFO:root:Looping....
DEBUG:root:This is the line: drive:7.143:-69.653

DEBUG:root:We got command: drive
DEBUG:root:We got a drive command: rawX:-69.653000 and rawY:7.143000
DEBUG:root:Forward to the Left/Straight
DEBUG:root:Left=-76.796000 Right=7.143000
DEBUG:root:ScaledLeft: 202.209000 ScaledRight: 391.071750
INFO:root:Looping....
DEBUG:root:This is the line: drive:7.143:-69.653

DEBUG:root:We got command: drive
DEBUG:root:We got a drive command: rawX:-69.653000 and rawY:7.143000
DEBUG:root:Forward to the Left/Straight
DEBUG:root:Left=-76.796000 Right=7.143000
DEBUG:root:ScaledLeft: 202.209000 ScaledRight: 391.071750
INFO:root:Looping....
DEBUG:root:This is the line: drive:7.143:-69.653

DEBUG:root:We got command: drive
DEBUG:root:We got a drive command: rawX:-69.653000 and rawY:7.143000
DEBUG:root:Forward to the Left/Straight
DEBUG:root:Left=-76.796000 Right=7.143000
DEBUG:root:ScaledLeft: 202.209000 ScaledRight: 391.071750
INFO:root:Looping....
DEBUG:root:This is the line: drive:7.143:-69.958

DEBUG:root:We got command: drive
DEBUG:root:We got a drive command: rawX:-69.958000 and rawY:7.143000
DEBUG:root:Forward to the Left/Straight
DEBUG:root:Left=-77.101000 Right=7.143000
DEBUG:root:ScaledLeft: 201.522750 ScaledRight: 391.071750
INFO:root:Looping....
DEBUG:root:This is the line: drive:7.143:-70.267

DEBUG:root:We got command: drive
DEBUG:root:We got a drive command: rawX:-70.267000 and rawY:7.143000
DEBUG:root:Forward to the Left/Straight
DEBUG:root:Left=-77.410000 Right=7.143000
DEBUG:root:ScaledLeft: 200.827500 ScaledRight: 391.071750
INFO:root:Looping....
DEBUG:root:This is the line: drive:7.143:-70.571

DEBUG:root:We got command: drive
DEBUG:root:We got a drive command: rawX:-70.571000 and rawY:7.143000
DEBUG:root:Forward to the Left/Straight
DEBUG:root:Left=-77.714000 Right=7.143000
DEBUG:root:ScaledLeft: 200.143500 ScaledRight: 391.071750
INFO:root:Looping....
DEBUG:root:This is the line: drive:7.143:-70.571

DEBUG:root:We got command: drive
DEBUG:root:We got a drive command: rawX:-70.571000 and rawY:7.143000
DEBUG:root:Forward to the Left/Straight
DEBUG:root:Left=-77.714000 Right=7.143000
DEBUG:root:ScaledLeft: 200.143500 ScaledRight: 391.071750
INFO:root:Looping....
DEBUG:root:This is the line: drive:7.143:-70.858

DEBUG:root:We got command: drive
DEBUG:root:We got a drive command: rawX:-70.858000 and rawY:7.143000
DEBUG:root:Forward to the Left/Straight
DEBUG:root:Left=-78.001000 Right=7.143000
DEBUG:root:ScaledLeft: 199.497750 ScaledRight: 391.071750
INFO:root:Looping....
DEBUG:root:This is the line: drive:7.143:-70.858

DEBUG:root:We got command: drive
DEBUG:root:We got a drive command: rawX:-70.858000 and rawY:7.143000
DEBUG:root:Forward to the Left/Straight
DEBUG:root:Left=-78.001000 Right=7.143000
DEBUG:root:ScaledLeft: 199.497750 ScaledRight: 391.071750
INFO:root:Looping....
DEBUG:root:This is the line: drive:7.143:-71.146

DEBUG:root:We got command: drive
DEBUG:root:We got a drive command: rawX:-71.146000 and rawY:7.143000
DEBUG:root:Forward to the Left/Straight
DEBUG:root:Left=-78.289000 Right=7.143000
DEBUG:root:ScaledLeft: 198.849750 ScaledRight: 391.071750
INFO:root:Looping....
DEBUG:root:This is the line: drive:7.143:-71.146

DEBUG:root:We got command: drive
DEBUG:root:We got a drive command: rawX:-71.146000 and rawY:7.143000
DEBUG:root:Forward to the Left/Straight
DEBUG:root:Left=-78.289000 Right=7.143000
DEBUG:root:ScaledLeft: 198.849750 ScaledRight: 391.071750
INFO:root:Looping....
DEBUG:root:This is the line: drive:7.143:-71.146

DEBUG:root:We got command: drive
DEBUG:root:We got a drive command: rawX:-71.146000 and rawY:7.143000
DEBUG:root:Forward to the Left/Straight
DEBUG:root:Left=-78.289000 Right=7.143000
DEBUG:root:ScaledLeft: 198.849750 ScaledRight: 391.071750
INFO:root:Looping....
DEBUG:root:This is the line: drive:7.143:-71.447

DEBUG:root:We got command: drive
DEBUG:root:We got a drive command: rawX:-71.447000 and rawY:7.143000
DEBUG:root:Forward to the Left/Straight
DEBUG:root:Left=-78.590000 Right=7.143000
DEBUG:root:ScaledLeft: 198.172500 ScaledRight: 391.071750
INFO:root:Looping....
DEBUG:root:This is the line: drive:7.143:-71.447

DEBUG:root:We got command: drive
DEBUG:root:We got a drive command: rawX:-71.447000 and rawY:7.143000
DEBUG:root:Forward to the Left/Straight
DEBUG:root:Left=-78.590000 Right=7.143000
DEBUG:root:ScaledLeft: 198.172500 ScaledRight: 391.071750
INFO:root:Looping....
DEBUG:root:This is the line: drive:7.143:-71.733

DEBUG:root:We got command: drive
DEBUG:root:We got a drive command: rawX:-71.733000 and rawY:7.143000
DEBUG:root:Forward to the Left/Straight
DEBUG:root:Left=-78.876000 Right=7.143000
DEBUG:root:ScaledLeft: 197.529000 ScaledRight: 391.071750
INFO:root:Looping....
DEBUG:root:This is the line: drive:7.143:-71.733

DEBUG:root:We got command: drive
DEBUG:root:We got a drive command: rawX:-71.733000 and rawY:7.143000
DEBUG:root:Forward to the Left/Straight
DEBUG:root:Left=-78.876000 Right=7.143000
DEBUG:root:ScaledLeft: 197.529000 ScaledRight: 391.071750
INFO:root:Looping....
DEBUG:root:This is the line: drive:7.143:-72.055

DEBUG:root:We got command: drive
DEBUG:root:We got a drive command: rawX:-72.055000 and rawY:7.143000
DEBUG:root:Forward to the Left/Straight
DEBUG:root:Left=-79.198000 Right=7.143000
DEBUG:root:ScaledLeft: 196.804500 ScaledRight: 391.071750
INFO:root:Looping....
DEBUG:root:This is the line: drive:7.143:-72.371

DEBUG:root:We got command: drive
DEBUG:root:We got a drive command: rawX:-72.371000 and rawY:7.143000
DEBUG:root:Forward to the Left/Straight
DEBUG:root:Left=-79.514000 Right=7.143000
DEBUG:root:ScaledLeft: 196.093500 ScaledRight: 391.071750
INFO:root:Looping....
DEBUG:root:This is the line: drive:7.143:-72.653

DEBUG:root:We got command: drive
DEBUG:root:We got a drive command: rawX:-72.653000 and rawY:7.143000
DEBUG:root:Forward to the Left/Straight
DEBUG:root:Left=-79.796000 Right=7.143000
DEBUG:root:ScaledLeft: 195.459000 ScaledRight: 391.071750
INFO:root:Looping....
DEBUG:root:This is the line: drive:7.143:-73.228

DEBUG:root:We got command: drive
DEBUG:root:We got a drive command: rawX:-73.228000 and rawY:7.143000
DEBUG:root:Forward to the Left/Straight
DEBUG:root:Left=-80.371000 Right=7.143000
DEBUG:root:ScaledLeft: 194.165250 ScaledRight: 391.071750
INFO:root:Looping....
DEBUG:root:This is the line: drive:7.143:-73.851

DEBUG:root:We got command: drive
DEBUG:root:We got a drive command: rawX:-73.851000 and rawY:7.143000
DEBUG:root:Forward to the Left/Straight
DEBUG:root:Left=-80.994000 Right=7.143000
DEBUG:root:ScaledLeft: 192.763500 ScaledRight: 391.071750
INFO:root:Looping....
DEBUG:root:This is the line: drive:7.143:-74.554

DEBUG:root:We got command: drive
DEBUG:root:We got a drive command: rawX:-74.554000 and rawY:7.143000
DEBUG:root:Forward to the Left/Straight
DEBUG:root:Left=-81.697000 Right=7.143000
DEBUG:root:ScaledLeft: 191.181750 ScaledRight: 391.071750
INFO:root:Looping....
DEBUG:root:This is the line: drive:7.143:-75.008

DEBUG:root:We got command: drive
DEBUG:root:We got a drive command: rawX:-75.008000 and rawY:7.143000
DEBUG:root:Forward to the Left/Straight
DEBUG:root:Left=-82.151000 Right=7.143000
DEBUG:root:ScaledLeft: 190.160250 ScaledRight: 391.071750
INFO:root:Looping....
DEBUG:root:This is the line: drive:7.143:-75.744

DEBUG:root:We got command: drive
DEBUG:root:We got a drive command: rawX:-75.744000 and rawY:7.143000
DEBUG:root:Forward to the Left/Straight
DEBUG:root:Left=-82.887000 Right=7.143000
DEBUG:root:ScaledLeft: 188.504250 ScaledRight: 391.071750
INFO:root:Looping....
DEBUG:root:This is the line: drive:7.143:-76.555

DEBUG:root:We got command: drive
DEBUG:root:We got a drive command: rawX:-76.555000 and rawY:7.143000
DEBUG:root:Forward to the Left/Straight
DEBUG:root:Left=-83.698000 Right=7.143000
DEBUG:root:ScaledLeft: 186.679500 ScaledRight: 391.071750
INFO:root:Looping....
DEBUG:root:This is the line: drive:7.143:-77.53

DEBUG:root:We got command: drive
DEBUG:root:We got a drive command: rawX:-77.530000 and rawY:7.143000
DEBUG:root:Forward to the Left/Straight
DEBUG:root:Left=-84.673000 Right=7.143000
DEBUG:root:ScaledLeft: 184.485750 ScaledRight: 391.071750
INFO:root:Looping....
DEBUG:root:This is the line: drive:7.143:-78.561

DEBUG:root:We got command: drive
DEBUG:root:We got a drive command: rawX:-78.561000 and rawY:7.143000
DEBUG:root:Forward to the Left/Straight
DEBUG:root:Left=-85.704000 Right=7.143000
DEBUG:root:ScaledLeft: 182.166000 ScaledRight: 391.071750
INFO:root:Looping....
DEBUG:root:This is the line: drive:7.143:-80.735

DEBUG:root:We got command: drive
DEBUG:root:We got a drive command: rawX:-80.735000 and rawY:7.143000
DEBUG:root:Forward to the Left/Straight
DEBUG:root:Left=-87.878000 Right=7.143000
DEBUG:root:ScaledLeft: 177.274500 ScaledRight: 391.071750
INFO:root:Looping....
DEBUG:root:This is the line: drive:6.734:-82.866

DEBUG:root:We got command: drive
DEBUG:root:We got a drive command: rawX:-82.866000 and rawY:6.734000
DEBUG:root:Forward to the Left/Straight
DEBUG:root:Left=-89.600000 Right=6.734000
DEBUG:root:ScaledLeft: 173.400000 ScaledRight: 390.151500
INFO:root:Looping....
DEBUG:root:This is the line: drive:6.286:-84.281

DEBUG:root:We got command: drive
DEBUG:root:We got a drive command: rawX:-84.281000 and rawY:6.286000
DEBUG:root:Forward to the Left/Straight
DEBUG:root:Left=-90.567000 Right=6.286000
DEBUG:root:ScaledLeft: 171.224250 ScaledRight: 389.143500
INFO:root:Looping....
DEBUG:root:This is the line: drive:5.286:-85.565

DEBUG:root:We got command: drive
DEBUG:root:We got a drive command: rawX:-85.565000 and rawY:5.286000
DEBUG:root:Forward to the Left/Straight
DEBUG:root:Left=-90.851000 Right=5.286000
DEBUG:root:ScaledLeft: 170.585250 ScaledRight: 386.893500
INFO:root:Looping....
DEBUG:root:This is the line: drive:5.429:-86.301

DEBUG:root:We got command: drive
DEBUG:root:We got a drive command: rawX:-86.301000 and rawY:5.429000
DEBUG:root:Forward to the Left/Straight
DEBUG:root:Left=-91.730000 Right=5.429000
DEBUG:root:ScaledLeft: 168.607500 ScaledRight: 387.215250
INFO:root:Looping....
DEBUG:root:This is the line: drive:4.874:-87.482

DEBUG:root:We got command: drive
DEBUG:root:We got a drive command: rawX:-87.482000 and rawY:4.874000
DEBUG:root:Forward to the Left/Straight
DEBUG:root:Left=-92.356000 Right=4.874000
DEBUG:root:ScaledLeft: 167.199000 ScaledRight: 385.966500
INFO:root:Looping....
DEBUG:root:This is the line: drive:4.286:-88.839

DEBUG:root:We got command: drive
DEBUG:root:We got a drive command: rawX:-88.839000 and rawY:4.286000
DEBUG:root:Forward to the Left/Straight
DEBUG:root:Left=-93.125000 Right=4.286000
DEBUG:root:ScaledLeft: 165.468750 ScaledRight: 384.643500
INFO:root:Looping....
DEBUG:root:This is the line: drive:3.857:-89.286

DEBUG:root:We got command: drive
DEBUG:root:We got a drive command: rawX:-89.286000 and rawY:3.857000
DEBUG:root:Forward to the Left/Straight
DEBUG:root:Left=-93.143000 Right=3.857000
DEBUG:root:ScaledLeft: 165.428250 ScaledRight: 383.678250
INFO:root:Looping....
DEBUG:root:This is the line: drive:3.714:-90.03

DEBUG:root:We got command: drive
DEBUG:root:We got a drive command: rawX:-90.030000 and rawY:3.714000
DEBUG:root:Forward to the Left/Straight
DEBUG:root:Left=-93.744000 Right=3.714000
DEBUG:root:ScaledLeft: 164.076000 ScaledRight: 383.356500
INFO:root:Looping....
DEBUG:root:This is the line: drive:3.429:-90.541

DEBUG:root:We got command: drive
DEBUG:root:We got a drive command: rawX:-90.541000 and rawY:3.429000
DEBUG:root:Forward to the Left/Straight
DEBUG:root:Left=-93.970000 Right=3.429000
DEBUG:root:ScaledLeft: 163.567500 ScaledRight: 382.715250
INFO:root:Looping....
DEBUG:root:This is the line: drive:3.429:-91.482

DEBUG:root:We got command: drive
DEBUG:root:We got a drive command: rawX:-91.482000 and rawY:3.429000
DEBUG:root:Forward to the Left/Straight
DEBUG:root:Left=-94.911000 Right=3.429000
DEBUG:root:ScaledLeft: 161.450250 ScaledRight: 382.715250
INFO:root:Looping....
DEBUG:root:This is the line: drive:3.429:-92.113

DEBUG:root:We got command: drive
DEBUG:root:We got a drive command: rawX:-92.113000 and rawY:3.429000
DEBUG:root:Forward to the Left/Straight
DEBUG:root:Left=-95.542000 Right=3.429000
DEBUG:root:ScaledLeft: 160.030500 ScaledRight: 382.715250
INFO:root:Looping....
DEBUG:root:This is the line: drive:3.429:-92.922

DEBUG:root:We got command: drive
DEBUG:root:We got a drive command: rawX:-92.922000 and rawY:3.429000
DEBUG:root:Forward to the Left/Straight
DEBUG:root:Left=-96.351000 Right=3.429000
DEBUG:root:ScaledLeft: 158.210250 ScaledRight: 382.715250
INFO:root:Looping....
DEBUG:root:This is the line: drive:3.429:-93.522

DEBUG:root:We got command: drive
DEBUG:root:We got a drive command: rawX:-93.522000 and rawY:3.429000
DEBUG:root:Forward to the Left/Straight
DEBUG:root:Left=-96.951000 Right=3.429000
DEBUG:root:ScaledLeft: 156.860250 ScaledRight: 382.715250
INFO:root:Looping....
DEBUG:root:This is the line: drive:3.078:-94.048

DEBUG:root:We got command: drive
DEBUG:root:We got a drive command: rawX:-94.048000 and rawY:3.078000
DEBUG:root:Forward to the Left/Straight
DEBUG:root:Left=-97.126000 Right=3.078000
DEBUG:root:ScaledLeft: 156.466500 ScaledRight: 381.925500
INFO:root:Looping....
DEBUG:root:This is the line: drive:3.143:-94.434

DEBUG:root:We got command: drive
DEBUG:root:We got a drive command: rawX:-94.434000 and rawY:3.143000
DEBUG:root:Forward to the Left/Straight
DEBUG:root:Left=-97.577000 Right=3.143000
DEBUG:root:ScaledLeft: 155.451750 ScaledRight: 382.071750
INFO:root:Looping....
DEBUG:root:This is the line: drive:3.143:-94.701

DEBUG:root:We got command: drive
DEBUG:root:We got a drive command: rawX:-94.701000 and rawY:3.143000
DEBUG:root:Forward to the Left/Straight
DEBUG:root:Left=-97.844000 Right=3.143000
DEBUG:root:ScaledLeft: 154.851000 ScaledRight: 382.071750
INFO:root:Looping....
DEBUG:root:This is the line: drive:3.143:-95.387

DEBUG:root:We got command: drive
DEBUG:root:We got a drive command: rawX:-95.387000 and rawY:3.143000
DEBUG:root:Forward to the Left/Straight
DEBUG:root:Left=-98.530000 Right=3.143000
DEBUG:root:ScaledLeft: 153.307500 ScaledRight: 382.071750
INFO:root:Looping....
DEBUG:root:This is the line: drive:2.857:-96.174

DEBUG:root:We got command: drive
DEBUG:root:We got a drive command: rawX:-96.174000 and rawY:2.857000
DEBUG:root:Forward to the Left/Straight
DEBUG:root:Left=-99.031000 Right=2.857000
DEBUG:root:ScaledLeft: 152.180250 ScaledRight: 381.428250
INFO:root:Looping....
DEBUG:root:This is the line: drive:2.857:-96.51

DEBUG:root:We got command: drive
DEBUG:root:We got a drive command: rawX:-96.510000 and rawY:2.857000
DEBUG:root:Forward to the Left/Straight
DEBUG:root:Left=-99.367000 Right=2.857000
DEBUG:root:ScaledLeft: 151.424250 ScaledRight: 381.428250
INFO:root:Looping....
DEBUG:root:This is the line: drive:2.857:-97.173

DEBUG:root:We got command: drive
DEBUG:root:We got a drive command: rawX:-97.173000 and rawY:2.857000
DEBUG:root:Forward to the Left/Straight
DEBUG:root:Left=-100.030000 Right=2.857000
DEBUG:root:ScaledLeft: 149.932500 ScaledRight: 381.428250
INFO:root:Looping....
DEBUG:root:This is the line: drive:2.857:-97.391

DEBUG:root:We got command: drive
DEBUG:root:We got a drive command: rawX:-97.391000 and rawY:2.857000
DEBUG:root:Forward to the Left/Straight
DEBUG:root:Left=-100.248000 Right=2.857000
DEBUG:root:ScaledLeft: 149.442000 ScaledRight: 381.428250
INFO:root:Looping....
DEBUG:root:This is the line: drive:2.857:-98.033

DEBUG:root:We got command: drive
DEBUG:root:We got a drive command: rawX:-98.033000 and rawY:2.857000
DEBUG:root:Forward to the Left/Straight
DEBUG:root:Left=-100.890000 Right=2.857000
DEBUG:root:ScaledLeft: 147.997500 ScaledRight: 381.428250
INFO:root:Looping....
DEBUG:root:This is the line: drive:2.857:-98.539

DEBUG:root:We got command: drive
DEBUG:root:We got a drive command: rawX:-98.539000 and rawY:2.857000
DEBUG:root:Forward to the Left/Straight
DEBUG:root:Left=-101.396000 Right=2.857000
DEBUG:root:ScaledLeft: 146.859000 ScaledRight: 381.428250
INFO:root:Looping....
DEBUG:root:This is the line: drive:2.857:-98.539

DEBUG:root:We got command: drive
DEBUG:root:We got a drive command: rawX:-98.539000 and rawY:2.857000
DEBUG:root:Forward to the Left/Straight
DEBUG:root:Left=-101.396000 Right=2.857000
DEBUG:root:ScaledLeft: 146.859000 ScaledRight: 381.428250
INFO:root:Looping....
DEBUG:root:This is the line: drive:3.714:-99.107

DEBUG:root:We got command: drive
DEBUG:root:We got a drive command: rawX:-99.107000 and rawY:3.714000
DEBUG:root:Forward to the Left/Straight
DEBUG:root:Left=-102.821000 Right=3.714000
DEBUG:root:ScaledLeft: 143.652750 ScaledRight: 383.356500
INFO:root:Looping....
DEBUG:root:This is the line: drive:5.403:-99.702

DEBUG:root:We got command: drive
DEBUG:root:We got a drive command: rawX:-99.702000 and rawY:5.403000
DEBUG:root:Forward to the Left/Straight
DEBUG:root:Left=-105.105000 Right=5.403000
DEBUG:root:ScaledLeft: 138.513750 ScaledRight: 387.156750
INFO:root:Looping....
DEBUG:root:This is the line: drive:5.403:-99.702

DEBUG:root:We got command: drive
DEBUG:root:We got a drive command: rawX:-99.702000 and rawY:5.403000
DEBUG:root:Forward to the Left/Straight
DEBUG:root:Left=-105.105000 Right=5.403000
DEBUG:root:ScaledLeft: 138.513750 ScaledRight: 387.156750
INFO:root:Looping....
DEBUG:root:This is the line: drive:5.403:-99.702

DEBUG:root:We got command: drive
DEBUG:root:We got a drive command: rawX:-99.702000 and rawY:5.403000
DEBUG:root:Forward to the Left/Straight
DEBUG:root:Left=-105.105000 Right=5.403000
DEBUG:root:ScaledLeft: 138.513750 ScaledRight: 387.156750
INFO:root:Looping....
DEBUG:root:This is the line: drive:5.403:-99.702

DEBUG:root:We got command: drive
DEBUG:root:We got a drive command: rawX:-99.702000 and rawY:5.403000
DEBUG:root:Forward to the Left/Straight
DEBUG:root:Left=-105.105000 Right=5.403000
DEBUG:root:ScaledLeft: 138.513750 ScaledRight: 387.156750
INFO:root:Looping....
DEBUG:root:This is the line: drive:5.403:-99.702

DEBUG:root:We got command: drive
DEBUG:root:We got a drive command: rawX:-99.702000 and rawY:5.403000
DEBUG:root:Forward to the Left/Straight
DEBUG:root:Left=-105.105000 Right=5.403000
DEBUG:root:ScaledLeft: 138.513750 ScaledRight: 387.156750
INFO:root:Looping....
DEBUG:root:This is the line: drive:5.403:-99.702

DEBUG:root:We got command: drive
DEBUG:root:We got a drive command: rawX:-99.702000 and rawY:5.403000
DEBUG:root:Forward to the Left/Straight
DEBUG:root:Left=-105.105000 Right=5.403000
DEBUG:root:ScaledLeft: 138.513750 ScaledRight: 387.156750
INFO:root:Looping....
DEBUG:root:This is the line: drive:5.403:-99.702

DEBUG:root:We got command: drive
DEBUG:root:We got a drive command: rawX:-99.702000 and rawY:5.403000
DEBUG:root:Forward to the Left/Straight
DEBUG:root:Left=-105.105000 Right=5.403000
DEBUG:root:ScaledLeft: 138.513750 ScaledRight: 387.156750
INFO:root:Looping....
DEBUG:root:This is the line: drive:5.403:-99.702

DEBUG:root:We got command: drive
DEBUG:root:We got a drive command: rawX:-99.702000 and rawY:5.403000
DEBUG:root:Forward to the Left/Straight
DEBUG:root:Left=-105.105000 Right=5.403000
DEBUG:root:ScaledLeft: 138.513750 ScaledRight: 387.156750
INFO:root:Looping....
DEBUG:root:This is the line: drive:5.403:-99.702

DEBUG:root:We got command: drive
DEBUG:root:We got a drive command: rawX:-99.702000 and rawY:5.403000
DEBUG:root:Forward to the Left/Straight
DEBUG:root:Left=-105.105000 Right=5.403000
DEBUG:root:ScaledLeft: 138.513750 ScaledRight: 387.156750
INFO:root:Looping....
DEBUG:root:This is the line: drive:5.403:-99.702

DEBUG:root:We got command: drive
DEBUG:root:We got a drive command: rawX:-99.702000 and rawY:5.403000
DEBUG:root:Forward to the Left/Straight
DEBUG:root:Left=-105.105000 Right=5.403000
DEBUG:root:ScaledLeft: 138.513750 ScaledRight: 387.156750
INFO:root:Looping....
DEBUG:root:This is the line: drive:5.403:-99.702

DEBUG:root:We got command: drive
DEBUG:root:We got a drive command: rawX:-99.702000 and rawY:5.403000
DEBUG:root:Forward to the Left/Straight
DEBUG:root:Left=-105.105000 Right=5.403000
DEBUG:root:ScaledLeft: 138.513750 ScaledRight: 387.156750
INFO:root:Looping....
DEBUG:root:This is the line: drive:5.403:-99.702

DEBUG:root:We got command: drive
DEBUG:root:We got a drive command: rawX:-99.702000 and rawY:5.403000
DEBUG:root:Forward to the Left/Straight
DEBUG:root:Left=-105.105000 Right=5.403000
DEBUG:root:ScaledLeft: 138.513750 ScaledRight: 387.156750
INFO:root:Looping....
DEBUG:root:This is the line: drive:5.403:-99.702

DEBUG:root:We got command: drive
DEBUG:root:We got a drive command: rawX:-99.702000 and rawY:5.403000
DEBUG:root:Forward to the Left/Straight
DEBUG:root:Left=-105.105000 Right=5.403000
DEBUG:root:ScaledLeft: 138.513750 ScaledRight: 387.156750
INFO:root:Looping....
DEBUG:root:This is the line: drive:5.403:-99.702

DEBUG:root:We got command: drive
DEBUG:root:We got a drive command: rawX:-99.702000 and rawY:5.403000
DEBUG:root:Forward to the Left/Straight
DEBUG:root:Left=-105.105000 Right=5.403000
DEBUG:root:ScaledLeft: 138.513750 ScaledRight: 387.156750
INFO:root:Looping....
DEBUG:root:This is the line: drive:5.403:-99.702

DEBUG:root:We got command: drive
DEBUG:root:We got a drive command: rawX:-99.702000 and rawY:5.403000
DEBUG:root:Forward to the Left/Straight
DEBUG:root:Left=-105.105000 Right=5.403000
DEBUG:root:ScaledLeft: 138.513750 ScaledRight: 387.156750
INFO:root:Looping....
DEBUG:root:This is the line: drive:5.403:-99.702

DEBUG:root:We got command: drive
DEBUG:root:We got a drive command: rawX:-99.702000 and rawY:5.403000
DEBUG:root:Forward to the Left/Straight
DEBUG:root:Left=-105.105000 Right=5.403000
DEBUG:root:ScaledLeft: 138.513750 ScaledRight: 387.156750
INFO:root:Looping....
DEBUG:root:This is the line: drive:5.403:-99.702

DEBUG:root:We got command: drive
DEBUG:root:We got a drive command: rawX:-99.702000 and rawY:5.403000
DEBUG:root:Forward to the Left/Straight
DEBUG:root:Left=-105.105000 Right=5.403000
DEBUG:root:ScaledLeft: 138.513750 ScaledRight: 387.156750
INFO:root:Looping....
DEBUG:root:This is the line: drive:5.403:-99.702

DEBUG:root:We got command: drive
DEBUG:root:We got a drive command: rawX:-99.702000 and rawY:5.403000
DEBUG:root:Forward to the Left/Straight
DEBUG:root:Left=-105.105000 Right=5.403000
DEBUG:root:ScaledLeft: 138.513750 ScaledRight: 387.156750
INFO:root:Looping....
DEBUG:root:This is the line: drive:55.527:-99.204

DEBUG:root:We got command: drive
DEBUG:root:We got a drive command: rawX:-99.204000 and rawY:55.527000
DEBUG:root:Forward to the Left/Straight
DEBUG:root:Left=-154.731000 Right=55.527000
DEBUG:root:ScaledLeft: 26.855250 ScaledRight: 499.935750
INFO:root:Looping....
DEBUG:root:This is the line: drive:59.464:-97.154

DEBUG:root:We got command: drive
DEBUG:root:We got a drive command: rawX:-97.154000 and rawY:59.464000
DEBUG:root:Forward to the Left/Straight
DEBUG:root:Left=-156.618000 Right=59.464000
DEBUG:root:ScaledLeft: 22.609500 ScaledRight: 508.794000
INFO:root:Looping....
DEBUG:root:This is the line: drive:62.77:-95.329

DEBUG:root:We got command: drive
DEBUG:root:We got a drive command: rawX:-95.329000 and rawY:62.770000
DEBUG:root:Forward to the Left/Straight
DEBUG:root:Left=-158.099000 Right=62.770000
DEBUG:root:ScaledLeft: 19.277250 ScaledRight: 516.232500
INFO:root:Looping....
DEBUG:root:This is the line: drive:65.76:-92.512

DEBUG:root:We got command: drive
DEBUG:root:We got a drive command: rawX:-92.512000 and rawY:65.760000
DEBUG:root:Forward to the Left/Straight
DEBUG:root:Left=-158.272000 Right=65.760000
DEBUG:root:ScaledLeft: 18.888000 ScaledRight: 522.960000
INFO:root:Looping....
DEBUG:root:This is the line: drive:68.388:-89.774

DEBUG:root:We got command: drive
DEBUG:root:We got a drive command: rawX:-89.774000 and rawY:68.388000
DEBUG:root:Forward to the Left/Straight
DEBUG:root:Left=-158.162000 Right=68.388000
DEBUG:root:ScaledLeft: 19.135500 ScaledRight: 528.873000
INFO:root:Looping....
DEBUG:root:This is the line: drive:70.03:-88.064

DEBUG:root:We got command: drive
DEBUG:root:We got a drive command: rawX:-88.064000 and rawY:70.030000
DEBUG:root:Forward to the Left/Straight
DEBUG:root:Left=-158.094000 Right=70.030000
DEBUG:root:ScaledLeft: 19.288500 ScaledRight: 532.567500
INFO:root:Looping....
DEBUG:root:This is the line: drive:71.718:-86.31

DEBUG:root:We got command: drive
DEBUG:root:We got a drive command: rawX:-86.310000 and rawY:71.718000
DEBUG:root:Forward to the Left/Straight
DEBUG:root:Left=-158.028000 Right=71.718000
DEBUG:root:ScaledLeft: 19.437000 ScaledRight: 536.365500
INFO:root:Looping....
DEBUG:root:This is the line: drive:71.714:-85.626

DEBUG:root:We got command: drive
DEBUG:root:We got a drive command: rawX:-85.626000 and rawY:71.714000
DEBUG:root:Forward to the Left/Straight
DEBUG:root:Left=-157.340000 Right=71.714000
DEBUG:root:ScaledLeft: 20.985000 ScaledRight: 536.356500
INFO:root:Looping....
DEBUG:root:This is the line: drive:71.714:-85.4

DEBUG:root:We got command: drive
DEBUG:root:We got a drive command: rawX:-85.400000 and rawY:71.714000
DEBUG:root:Forward to the Left/Straight
DEBUG:root:Left=-157.114000 Right=71.714000
DEBUG:root:ScaledLeft: 21.493500 ScaledRight: 536.356500
INFO:root:Looping....
DEBUG:root:This is the line: drive:71.714:-85.4

DEBUG:root:We got command: drive
DEBUG:root:We got a drive command: rawX:-85.400000 and rawY:71.714000
DEBUG:root:Forward to the Left/Straight
DEBUG:root:Left=-157.114000 Right=71.714000
DEBUG:root:ScaledLeft: 21.493500 ScaledRight: 536.356500
INFO:root:Looping....
DEBUG:root:This is the line: drive:71.714:-85.4

DEBUG:root:We got command: drive
DEBUG:root:We got a drive command: rawX:-85.400000 and rawY:71.714000
DEBUG:root:Forward to the Left/Straight
DEBUG:root:Left=-157.114000 Right=71.714000
DEBUG:root:ScaledLeft: 21.493500 ScaledRight: 536.356500
INFO:root:Looping....
DEBUG:root:This is the line: drive:71.714:-85.4

DEBUG:root:We got command: drive
DEBUG:root:We got a drive command: rawX:-85.400000 and rawY:71.714000
DEBUG:root:Forward to the Left/Straight
DEBUG:root:Left=-157.114000 Right=71.714000
DEBUG:root:ScaledLeft: 21.493500 ScaledRight: 536.356500
INFO:root:Looping....
DEBUG:root:This is the line: drive:71.714:-85.4

DEBUG:root:We got command: drive
DEBUG:root:We got a drive command: rawX:-85.400000 and rawY:71.714000
DEBUG:root:Forward to the Left/Straight
DEBUG:root:Left=-157.114000 Right=71.714000
DEBUG:root:ScaledLeft: 21.493500 ScaledRight: 536.356500
INFO:root:Looping....
DEBUG:root:This is the line: drive:71.714:-85.4

DEBUG:root:We got command: drive
DEBUG:root:We got a drive command: rawX:-85.400000 and rawY:71.714000
DEBUG:root:Forward to the Left/Straight
DEBUG:root:Left=-157.114000 Right=71.714000
DEBUG:root:ScaledLeft: 21.493500 ScaledRight: 536.356500
INFO:root:Looping....
DEBUG:root:This is the line: drive:71.714:-85.4

DEBUG:root:We got command: drive
DEBUG:root:We got a drive command: rawX:-85.400000 and rawY:71.714000
DEBUG:root:Forward to the Left/Straight
DEBUG:root:Left=-157.114000 Right=71.714000
DEBUG:root:ScaledLeft: 21.493500 ScaledRight: 536.356500
INFO:root:Looping....
DEBUG:root:This is the line: drive:72.007:-85.417

DEBUG:root:We got command: drive
DEBUG:root:We got a drive command: rawX:-85.417000 and rawY:72.007000
DEBUG:root:Forward to the Left/Straight
DEBUG:root:Left=-157.424000 Right=72.007000
DEBUG:root:ScaledLeft: 20.796000 ScaledRight: 537.015750
INFO:root:Looping....
DEBUG:root:This is the line: drive:72.007:-85.417

DEBUG:root:We got command: drive
DEBUG:root:We got a drive command: rawX:-85.417000 and rawY:72.007000
DEBUG:root:Forward to the Left/Straight
DEBUG:root:Left=-157.424000 Right=72.007000
DEBUG:root:ScaledLeft: 20.796000 ScaledRight: 537.015750
INFO:root:Looping....
DEBUG:root:This is the line: drive:72.007:-85.417

DEBUG:root:We got command: drive
DEBUG:root:We got a drive command: rawX:-85.417000 and rawY:72.007000
DEBUG:root:Forward to the Left/Straight
DEBUG:root:Left=-157.424000 Right=72.007000
DEBUG:root:ScaledLeft: 20.796000 ScaledRight: 537.015750
INFO:root:Looping....
DEBUG:root:This is the line: drive:71.286:-85.417

DEBUG:root:We got command: drive
DEBUG:root:We got a drive command: rawX:-85.417000 and rawY:71.286000
DEBUG:root:Forward to the Left/Straight
DEBUG:root:Left=-156.703000 Right=71.286000
DEBUG:root:ScaledLeft: 22.418250 ScaledRight: 535.393500
INFO:root:Looping....
DEBUG:root:This is the line: drive:70.176:-85.417

DEBUG:root:We got command: drive
DEBUG:root:We got a drive command: rawX:-85.417000 and rawY:70.176000
DEBUG:root:Forward to the Left/Straight
DEBUG:root:Left=-155.593000 Right=70.176000
DEBUG:root:ScaledLeft: 24.915750 ScaledRight: 532.896000
INFO:root:Looping....
DEBUG:root:This is the line: drive:67.632:-86.395

DEBUG:root:We got command: drive
DEBUG:root:We got a drive command: rawX:-86.395000 and rawY:67.632000
DEBUG:root:Forward to the Left/Straight
DEBUG:root:Left=-154.027000 Right=67.632000
DEBUG:root:ScaledLeft: 28.439250 ScaledRight: 527.172000
INFO:root:Looping....
DEBUG:root:This is the line: drive:64.775:-88.138

DEBUG:root:We got command: drive
DEBUG:root:We got a drive command: rawX:-88.138000 and rawY:64.775000
DEBUG:root:Forward to the Left/Straight
DEBUG:root:Left=-152.913000 Right=64.775000
DEBUG:root:ScaledLeft: 30.945750 ScaledRight: 520.743750
INFO:root:Looping....
DEBUG:root:This is the line: drive:61.209:-88.965

DEBUG:root:We got command: drive
DEBUG:root:We got a drive command: rawX:-88.965000 and rawY:61.209000
DEBUG:root:Forward to the Left/Straight
DEBUG:root:Left=-150.174000 Right=61.209000
DEBUG:root:ScaledLeft: 37.108500 ScaledRight: 512.720250
INFO:root:Looping....
DEBUG:root:This is the line: drive:55.804:-90.445

DEBUG:root:We got command: drive
DEBUG:root:We got a drive command: rawX:-90.445000 and rawY:55.804000
DEBUG:root:Forward to the Left/Straight
DEBUG:root:Left=-146.249000 Right=55.804000
DEBUG:root:ScaledLeft: 45.939750 ScaledRight: 500.559000
INFO:root:Looping....
DEBUG:root:This is the line: drive:51.562:-91.071

DEBUG:root:We got command: drive
DEBUG:root:We got a drive command: rawX:-91.071000 and rawY:51.562000
DEBUG:root:Forward to the Left/Straight
DEBUG:root:Left=-142.633000 Right=51.562000
DEBUG:root:ScaledLeft: 54.075750 ScaledRight: 491.014500
INFO:root:Looping....
DEBUG:root:This is the line: drive:45.973:-91.577

DEBUG:root:We got command: drive
DEBUG:root:We got a drive command: rawX:-91.577000 and rawY:45.973000
DEBUG:root:Forward to the Left/Straight
DEBUG:root:Left=-137.550000 Right=45.973000
DEBUG:root:ScaledLeft: 65.512500 ScaledRight: 478.439250
INFO:root:Looping....
DEBUG:root:This is the line: drive:40.991:-92.192

DEBUG:root:We got command: drive
DEBUG:root:We got a drive command: rawX:-92.192000 and rawY:40.991000
DEBUG:root:Forward to the Left/Straight
DEBUG:root:Left=-133.183000 Right=40.991000
DEBUG:root:ScaledLeft: 75.338250 ScaledRight: 467.229750
INFO:root:Looping....
DEBUG:root:This is the line: drive:36.613:-93.041

DEBUG:root:We got command: drive
DEBUG:root:We got a drive command: rawX:-93.041000 and rawY:36.613000
DEBUG:root:Forward to the Left/Straight
DEBUG:root:Left=-129.654000 Right=36.613000
DEBUG:root:ScaledLeft: 83.278500 ScaledRight: 457.379250
INFO:root:Looping....
DEBUG:root:This is the line: drive:29.894:-93.75

DEBUG:root:We got command: drive
DEBUG:root:We got a drive command: rawX:-93.750000 and rawY:29.894000
DEBUG:root:Forward to the Left/Straight
DEBUG:root:Left=-123.644000 Right=29.894000
DEBUG:root:ScaledLeft: 96.801000 ScaledRight: 442.261500
INFO:root:Looping....
DEBUG:root:This is the line: drive:22.286:-94.345

DEBUG:root:We got command: drive
DEBUG:root:We got a drive command: rawX:-94.345000 and rawY:22.286000
DEBUG:root:Forward to the Left/Straight
DEBUG:root:Left=-116.631000 Right=22.286000
DEBUG:root:ScaledLeft: 112.580250 ScaledRight: 425.143500
INFO:root:Looping....
DEBUG:root:This is the line: drive:0:0

DEBUG:root:We got command: drive
DEBUG:root:We got a drive command: rawX:0.000000 and rawY:0.000000
DEBUG:root:Left=0.000000 Right=0.000000
DEBUG:root:ScaledLeft: 375.000000 ScaledRight: 375.000000
INFO:root:Looping....
DEBUG:root:This is the line: EMERGENCYSTOP:STOP

DEBUG:root:We got command: EMERGENCYSTOP
INFO:root:We got the EMERGENCY STOP command.
INFO:root:Looping....
DEBUG:root:This is the line: EMERGENCYSTOP:STOP

DEBUG:root:We got command: EMERGENCYSTOP
INFO:root:We got the EMERGENCY STOP command.
INFO:root:Looping....
DEBUG:root:This is the line: EMERGENCYSTOP:STOP

DEBUG:root:We got command: EMERGENCYSTOP
INFO:root:We got the EMERGENCY STOP command.
INFO:root:Looping....
DEBUG:root:This is the line: EMERGENCYSTOP:STOP

DEBUG:root:We got command: EMERGENCYSTOP
INFO:root:We got the EMERGENCY STOP command.
INFO:root:Looping....
DEBUG:root:This is the line: EMERGENCYSTOP:STOP

DEBUG:root:We got command: EMERGENCYSTOP
INFO:root:We got the EMERGENCY STOP command.
INFO:root:Looping....
DEBUG:root:This is the line: EMERGENCYSTOP:STOP

DEBUG:root:We got command: EMERGENCYSTOP
INFO:root:We got the EMERGENCY STOP command.
INFO:root:Looping....
DEBUG:root:This is the line: EMERGENCYSTOP:STOP

DEBUG:root:We got command: EMERGENCYSTOP
INFO:root:We got the EMERGENCY STOP command.
INFO:root:Looping....
DEBUG:root:This is the line: EMERGENCYSTOP:STOP

DEBUG:root:We got command: EMERGENCYSTOP
INFO:root:We got the EMERGENCY STOP command.
INFO:root:Looping....
DEBUG:root:This is the line: drive:19.714:-94.345

DEBUG:root:We got command: drive
DEBUG:root:We got a drive command: rawX:-94.345000 and rawY:19.714000
DEBUG:root:Forward to the Left/Straight
DEBUG:root:Left=-114.059000 Right=19.714000
DEBUG:root:ScaledLeft: 118.367250 ScaledRight: 419.356500
INFO:root:Looping....
DEBUG:root:This is the line: drive:-25.156:-33.107

DEBUG:root:We got command: drive
DEBUG:root:We got a drive command: rawX:-33.107000 and rawY:-25.156000
DEBUG:root:Reverse to the Left/Straight
DEBUG:root:Left=-7.951000 Right=-25.156000
DEBUG:root:ScaledLeft: 357.110250 ScaledRight: 318.399000
INFO:root:Looping....
DEBUG:root:This is the line: drive:-18.981:-5.32

DEBUG:root:We got command: drive
DEBUG:root:We got a drive command: rawX:-5.320000 and rawY:-18.981000
DEBUG:root:Reverse to the Left/Straight
DEBUG:root:Left=13.661000 Right=-18.981000
DEBUG:root:ScaledLeft: 405.737250 ScaledRight: 332.292750
INFO:root:Looping....
DEBUG:root:This is the line: drive:-13.911:18.526

DEBUG:root:We got command: drive
DEBUG:root:We got a drive command: rawX:18.526000 and rawY:-13.911000
DEBUG:root:Reverse to the Right
DEBUG:root:Left=13.911000 Right=-32.437000
DEBUG:root:ScaledLeft: 406.299750 ScaledRight: 302.016750
INFO:root:Looping....
DEBUG:root:This is the line: drive:-10.451:28.588

DEBUG:root:We got command: drive
DEBUG:root:We got a drive command: rawX:28.588000 and rawY:-10.451000
DEBUG:root:Reverse to the Right
DEBUG:root:Left=10.451000 Right=-39.039000
DEBUG:root:ScaledLeft: 398.514750 ScaledRight: 287.162250
INFO:root:Looping....
DEBUG:root:This is the line: drive:-8.154:37.452

DEBUG:root:We got command: drive
DEBUG:root:We got a drive command: rawX:37.452000 and rawY:-8.154000
DEBUG:root:Reverse to the Right
DEBUG:root:Left=8.154000 Right=-45.606000
DEBUG:root:ScaledLeft: 393.346500 ScaledRight: 272.386500
INFO:root:Looping....
DEBUG:root:This is the line: drive:-6.857:43.257

DEBUG:root:We got command: drive
DEBUG:root:We got a drive command: rawX:43.257000 and rawY:-6.857000
DEBUG:root:Reverse to the Right
DEBUG:root:Left=6.857000 Right=-50.114000
DEBUG:root:ScaledLeft: 390.428250 ScaledRight: 262.243500
INFO:root:Looping....
DEBUG:root:This is the line: drive:-6.361:51.77

DEBUG:root:We got command: drive
DEBUG:root:We got a drive command: rawX:51.770000 and rawY:-6.361000
DEBUG:root:Reverse to the Right
DEBUG:root:Left=6.361000 Right=-58.131000
DEBUG:root:ScaledLeft: 389.312250 ScaledRight: 244.205250
INFO:root:Looping....
DEBUG:root:This is the line: drive:-5.138:60.742

DEBUG:root:We got command: drive
DEBUG:root:We got a drive command: rawX:60.742000 and rawY:-5.138000
DEBUG:root:Reverse to the Right
DEBUG:root:Left=5.138000 Right=-65.880000
DEBUG:root:ScaledLeft: 386.560500 ScaledRight: 226.770000
INFO:root:Looping....
DEBUG:root:This is the line: drive:-4.571:65.817

DEBUG:root:We got command: drive
DEBUG:root:We got a drive command: rawX:65.817000 and rawY:-4.571000
DEBUG:root:Reverse to the Right
DEBUG:root:Left=4.571000 Right=-70.388000
DEBUG:root:ScaledLeft: 385.284750 ScaledRight: 216.627000
INFO:root:Looping....
DEBUG:root:This is the line: drive:-4.571:69.171

DEBUG:root:We got command: drive
DEBUG:root:We got a drive command: rawX:69.171000 and rawY:-4.571000
DEBUG:root:Reverse to the Right
DEBUG:root:Left=4.571000 Right=-73.742000
DEBUG:root:ScaledLeft: 385.284750 ScaledRight: 209.080500
INFO:root:Looping....
DEBUG:root:This is the line: drive:-4.571:71.009

DEBUG:root:We got command: drive
DEBUG:root:We got a drive command: rawX:71.009000 and rawY:-4.571000
DEBUG:root:Reverse to the Right
DEBUG:root:Left=4.571000 Right=-75.580000
DEBUG:root:ScaledLeft: 385.284750 ScaledRight: 204.945000
INFO:root:Looping....
DEBUG:root:This is the line: drive:-4.0:72.172

DEBUG:root:We got command: drive
DEBUG:root:We got a drive command: rawX:72.172000 and rawY:-4.000000
DEBUG:root:Reverse to the Right
DEBUG:root:Left=4.000000 Right=-76.172000
DEBUG:root:ScaledLeft: 384.000000 ScaledRight: 203.613000
INFO:root:Looping....
DEBUG:root:This is the line: drive:-4.0:64.875

DEBUG:root:We got command: drive
DEBUG:root:We got a drive command: rawX:64.875000 and rawY:-4.000000
DEBUG:root:Reverse to the Right
DEBUG:root:Left=4.000000 Right=-68.875000
DEBUG:root:ScaledLeft: 384.000000 ScaledRight: 220.031250
INFO:root:Looping....
DEBUG:root:This is the line: drive:-8.162:29.476

DEBUG:root:We got command: drive
DEBUG:root:We got a drive command: rawX:29.476000 and rawY:-8.162000
DEBUG:root:Reverse to the Right
DEBUG:root:Left=8.162000 Right=-37.638000
DEBUG:root:ScaledLeft: 393.364500 ScaledRight: 290.314500
INFO:root:Looping....
DEBUG:root:This is the line: drive:-11.69:0.463

DEBUG:root:We got command: drive
DEBUG:root:We got a drive command: rawX:0.463000 and rawY:-11.690000
DEBUG:root:Reverse to the Right
DEBUG:root:Left=11.690000 Right=-12.153000
DEBUG:root:ScaledLeft: 401.302500 ScaledRight: 347.655750
INFO:root:Looping....
DEBUG:root:This is the line: drive:-13.664:-17.98

DEBUG:root:We got command: drive
DEBUG:root:We got a drive command: rawX:-17.980000 and rawY:-13.664000
DEBUG:root:Reverse to the Left/Straight
DEBUG:root:Left=-4.316000 Right=-13.664000
DEBUG:root:ScaledLeft: 365.289000 ScaledRight: 344.256000
INFO:root:Looping....
DEBUG:root:This is the line: drive:-15.398:-31.355

DEBUG:root:We got command: drive
DEBUG:root:We got a drive command: rawX:-31.355000 and rawY:-15.398000
DEBUG:root:Reverse to the Left/Straight
DEBUG:root:Left=-15.957000 Right=-15.398000
DEBUG:root:ScaledLeft: 339.096750 ScaledRight: 340.354500
INFO:root:Looping....
DEBUG:root:This is the line: drive:-16.0:-40.774

DEBUG:root:We got command: drive
DEBUG:root:We got a drive command: rawX:-40.774000 and rawY:-16.000000
DEBUG:root:Reverse to the Left/Straight
DEBUG:root:Left=-24.774000 Right=-16.000000
DEBUG:root:ScaledLeft: 319.258500 ScaledRight: 339.000000
INFO:root:Looping....
DEBUG:root:This is the line: drive:-16.0:-48.851

DEBUG:root:We got command: drive
DEBUG:root:We got a drive command: rawX:-48.851000 and rawY:-16.000000
DEBUG:root:Reverse to the Left/Straight
DEBUG:root:Left=-32.851000 Right=-16.000000
DEBUG:root:ScaledLeft: 301.085250 ScaledRight: 339.000000
INFO:root:Looping....
DEBUG:root:This is the line: drive:-16.0:-52.972

DEBUG:root:We got command: drive
DEBUG:root:We got a drive command: rawX:-52.972000 and rawY:-16.000000
DEBUG:root:Reverse to the Left/Straight
DEBUG:root:Left=-36.972000 Right=-16.000000
DEBUG:root:ScaledLeft: 291.813000 ScaledRight: 339.000000
INFO:root:Looping....
DEBUG:root:This is the line: drive:-16.0:-55.593

DEBUG:root:We got command: drive
DEBUG:root:We got a drive command: rawX:-55.593000 and rawY:-16.000000
DEBUG:root:Reverse to the Left/Straight
DEBUG:root:Left=-39.593000 Right=-16.000000
DEBUG:root:ScaledLeft: 285.915750 ScaledRight: 339.000000
INFO:root:Looping....
DEBUG:root:This is the line: drive:-16.0:-57.693

DEBUG:root:We got command: drive
DEBUG:root:We got a drive command: rawX:-57.693000 and rawY:-16.000000
DEBUG:root:Reverse to the Left/Straight
DEBUG:root:Left=-41.693000 Right=-16.000000
DEBUG:root:ScaledLeft: 281.190750 ScaledRight: 339.000000
INFO:root:Looping....
DEBUG:root:This is the line: drive:-16.571:-59.478

DEBUG:root:We got command: drive
DEBUG:root:We got a drive command: rawX:-59.478000 and rawY:-16.571000
DEBUG:root:Reverse to the Left/Straight
DEBUG:root:Left=-42.907000 Right=-16.571000
DEBUG:root:ScaledLeft: 278.459250 ScaledRight: 337.715250
INFO:root:Looping....
DEBUG:root:This is the line: drive:-17.143:-61.837

DEBUG:root:We got command: drive
DEBUG:root:We got a drive command: rawX:-61.837000 and rawY:-17.143000
DEBUG:root:Reverse to the Left/Straight
DEBUG:root:Left=-44.694000 Right=-17.143000
DEBUG:root:ScaledLeft: 274.438500 ScaledRight: 336.428250
INFO:root:Looping....
DEBUG:root:This is the line: drive:-17.714:-64.642

DEBUG:root:We got command: drive
DEBUG:root:We got a drive command: rawX:-64.642000 and rawY:-17.714000
DEBUG:root:Reverse to the Left/Straight
DEBUG:root:Left=-46.928000 Right=-17.714000
DEBUG:root:ScaledLeft: 269.412000 ScaledRight: 335.143500
INFO:root:Looping....
DEBUG:root:This is the line: drive:-17.714:-65.923

DEBUG:root:We got command: drive
DEBUG:root:We got a drive command: rawX:-65.923000 and rawY:-17.714000
DEBUG:root:Reverse to the Left/Straight
DEBUG:root:Left=-48.209000 Right=-17.714000
DEBUG:root:ScaledLeft: 266.529750 ScaledRight: 335.143500
INFO:root:Looping....
DEBUG:root:This is the line: drive:-16.864:-62.23

DEBUG:root:We got command: drive
DEBUG:root:We got a drive command: rawX:-62.230000 and rawY:-16.864000
DEBUG:root:Reverse to the Left/Straight
DEBUG:root:Left=-45.366000 Right=-16.864000
DEBUG:root:ScaledLeft: 272.926500 ScaledRight: 337.056000
INFO:root:Looping....
DEBUG:root:This is the line: drive:-10.223:-37.718

DEBUG:root:We got command: drive
DEBUG:root:We got a drive command: rawX:-37.718000 and rawY:-10.223000
DEBUG:root:Reverse to the Left/Straight
DEBUG:root:Left=-27.495000 Right=-10.223000
DEBUG:root:ScaledLeft: 313.136250 ScaledRight: 351.998250
INFO:root:Looping....
DEBUG:root:This is the line: drive:-1.124:1.623

DEBUG:root:We got command: drive
DEBUG:root:We got a drive command: rawX:1.623000 and rawY:-1.124000
DEBUG:root:Reverse to the Right
DEBUG:root:Left=1.124000 Right=-2.747000
DEBUG:root:ScaledLeft: 377.529000 ScaledRight: 368.819250
INFO:root:Looping....
DEBUG:root:This is the line: drive:3.546:31.632

DEBUG:root:We got command: drive
DEBUG:root:We got a drive command: rawX:31.632000 and rawY:3.546000
DEBUG:root:Forward to the Right
DEBUG:root:Left=-3.546000 Right=-28.086000
DEBUG:root:ScaledLeft: 367.021500 ScaledRight: 311.806500
INFO:root:Looping....
DEBUG:root:This is the line: drive:5.574:49.272

DEBUG:root:We got command: drive
DEBUG:root:We got a drive command: rawX:49.272000 and rawY:5.574000
DEBUG:root:Forward to the Right
DEBUG:root:Left=-5.574000 Right=-43.698000
DEBUG:root:ScaledLeft: 362.458500 ScaledRight: 276.679500
INFO:root:Looping....
DEBUG:root:This is the line: drive:7.148:62.529

DEBUG:root:We got command: drive
DEBUG:root:We got a drive command: rawX:62.529000 and rawY:7.148000
DEBUG:root:Forward to the Right
DEBUG:root:Left=-7.148000 Right=-55.381000
DEBUG:root:ScaledLeft: 358.917000 ScaledRight: 250.392750
INFO:root:Looping....
DEBUG:root:This is the line: drive:7.429:68.541

DEBUG:root:We got command: drive
DEBUG:root:We got a drive command: rawX:68.541000 and rawY:7.429000
DEBUG:root:Forward to the Right
DEBUG:root:Left=-7.429000 Right=-61.112000
DEBUG:root:ScaledLeft: 358.284750 ScaledRight: 237.498000
INFO:root:Looping....
DEBUG:root:This is the line: drive:7.429:75.683

DEBUG:root:We got command: drive
DEBUG:root:We got a drive command: rawX:75.683000 and rawY:7.429000
DEBUG:root:Forward to the Right
DEBUG:root:Left=-7.429000 Right=-68.254000
DEBUG:root:ScaledLeft: 358.284750 ScaledRight: 221.428500
INFO:root:Looping....
DEBUG:root:This is the line: drive:7.429:79.356

DEBUG:root:We got command: drive
DEBUG:root:We got a drive command: rawX:79.356000 and rawY:7.429000
DEBUG:root:Forward to the Right
DEBUG:root:Left=-7.429000 Right=-71.927000
DEBUG:root:ScaledLeft: 358.284750 ScaledRight: 213.164250
INFO:root:Looping....
DEBUG:root:This is the line: drive:7.429:81.821

DEBUG:root:We got command: drive
DEBUG:root:We got a drive command: rawX:81.821000 and rawY:7.429000
DEBUG:root:Forward to the Right
DEBUG:root:Left=-7.429000 Right=-74.392000
DEBUG:root:ScaledLeft: 358.284750 ScaledRight: 207.618000
INFO:root:Looping....
DEBUG:root:This is the line: drive:7.429:83.289

DEBUG:root:We got command: drive
DEBUG:root:We got a drive command: rawX:83.289000 and rawY:7.429000
DEBUG:root:Forward to the Right
DEBUG:root:Left=-7.429000 Right=-75.860000
DEBUG:root:ScaledLeft: 358.284750 ScaledRight: 204.315000
INFO:root:Looping....
DEBUG:root:This is the line: drive:7.649:86.539

DEBUG:root:We got command: drive
DEBUG:root:We got a drive command: rawX:86.539000 and rawY:7.649000
DEBUG:root:Forward to the Right
DEBUG:root:Left=-7.649000 Right=-78.890000
DEBUG:root:ScaledLeft: 357.789750 ScaledRight: 197.497500
INFO:root:Looping....
DEBUG:root:This is the line: drive:7.714:87.898

DEBUG:root:We got command: drive
DEBUG:root:We got a drive command: rawX:87.898000 and rawY:7.714000
DEBUG:root:Forward to the Right
DEBUG:root:Left=-7.714000 Right=-80.184000
DEBUG:root:ScaledLeft: 357.643500 ScaledRight: 194.586000
INFO:root:Looping....
DEBUG:root:This is the line: drive:7.714:88.177

DEBUG:root:We got command: drive
DEBUG:root:We got a drive command: rawX:88.177000 and rawY:7.714000
DEBUG:root:Forward to the Right
DEBUG:root:Left=-7.714000 Right=-80.463000
DEBUG:root:ScaledLeft: 357.643500 ScaledRight: 193.958250
INFO:root:Looping....
DEBUG:root:This is the line: drive:7.714:89.342

DEBUG:root:We got command: drive
DEBUG:root:We got a drive command: rawX:89.342000 and rawY:7.714000
DEBUG:root:Forward to the Right
DEBUG:root:Left=-7.714000 Right=-81.628000
DEBUG:root:ScaledLeft: 357.643500 ScaledRight: 191.337000
INFO:root:Looping....
DEBUG:root:This is the line: drive:0:0

DEBUG:root:We got command: drive
DEBUG:root:We got a drive command: rawX:0.000000 and rawY:0.000000
DEBUG:root:Left=0.000000 Right=0.000000
DEBUG:root:ScaledLeft: 375.000000 ScaledRight: 375.000000
INFO:root:Looping....
DEBUG:root:This is the line: drive:8.429:90.923

DEBUG:root:We got command: drive
DEBUG:root:We got a drive command: rawX:90.923000 and rawY:8.429000
DEBUG:root:Forward to the Right
DEBUG:root:Left=-8.429000 Right=-82.494000
DEBUG:root:ScaledLeft: 356.034750 ScaledRight: 189.388500
INFO:root:Looping....
DEBUG:root:This is the line: drive:-12.571:23.465

DEBUG:root:We got command: drive
DEBUG:root:We got a drive command: rawX:23.465000 and rawY:-12.571000
DEBUG:root:Reverse to the Right
DEBUG:root:Left=12.571000 Right=-36.036000
DEBUG:root:ScaledLeft: 403.284750 ScaledRight: 293.919000
INFO:root:Looping....
DEBUG:root:This is the line: drive:-14.597:11.34

DEBUG:root:We got command: drive
DEBUG:root:We got a drive command: rawX:11.340000 and rawY:-14.597000
DEBUG:root:Reverse to the Right
DEBUG:root:Left=14.597000 Right=-25.937000
DEBUG:root:ScaledLeft: 407.843250 ScaledRight: 316.641750
INFO:root:Looping....
DEBUG:root:This is the line: drive:-17.951:-2.525

DEBUG:root:We got command: drive
DEBUG:root:We got a drive command: rawX:-2.525000 and rawY:-17.951000
DEBUG:root:Reverse to the Left/Straight
DEBUG:root:Left=15.426000 Right=-17.951000
DEBUG:root:ScaledLeft: 409.708500 ScaledRight: 334.610250
INFO:root:Looping....
DEBUG:root:This is the line: drive:-20.449:-11.522

DEBUG:root:We got command: drive
DEBUG:root:We got a drive command: rawX:-11.522000 and rawY:-20.449000
DEBUG:root:Reverse to the Left/Straight
DEBUG:root:Left=8.927000 Right=-20.449000
DEBUG:root:ScaledLeft: 395.085750 ScaledRight: 328.989750
INFO:root:Looping....
DEBUG:root:This is the line: drive:-22.137:-16.06

DEBUG:root:We got command: drive
DEBUG:root:We got a drive command: rawX:-16.060000 and rawY:-22.137000
DEBUG:root:Reverse to the Left/Straight
DEBUG:root:Left=6.077000 Right=-22.137000
DEBUG:root:ScaledLeft: 388.673250 ScaledRight: 325.191750
INFO:root:Looping....
DEBUG:root:This is the line: drive:-22.286:-19.524

DEBUG:root:We got command: drive
DEBUG:root:We got a drive command: rawX:-19.524000 and rawY:-22.286000
DEBUG:root:Reverse to the Left/Straight
DEBUG:root:Left=2.762000 Right=-22.286000
DEBUG:root:ScaledLeft: 381.214500 ScaledRight: 324.856500
INFO:root:Looping....
DEBUG:root:This is the line: drive:0:0

DEBUG:root:We got command: drive
DEBUG:root:We got a drive command: rawX:0.000000 and rawY:0.000000
DEBUG:root:Left=0.000000 Right=0.000000
DEBUG:root:ScaledLeft: 375.000000 ScaledRight: 375.000000
INFO:root:Looping....
DEBUG:root:This is the line: EMERGENCYSTOP:STOP

DEBUG:root:We got command: EMERGENCYSTOP
INFO:root:We got the EMERGENCY STOP command.
INFO:root:Looping....
DEBUG:root:This is the line: EMERGENCYSTOP:STOP

DEBUG:root:We got command: EMERGENCYSTOP
INFO:root:We got the EMERGENCY STOP command.
INFO:root:Looping....
DEBUG:root:This is the line: drive:-22.286:-19.94

DEBUG:root:We got command: drive
DEBUG:root:We got a drive command: rawX:-19.940000 and rawY:-22.286000
DEBUG:root:Reverse to the Left/Straight
DEBUG:root:Left=2.346000 Right=-22.286000
DEBUG:root:ScaledLeft: 380.278500 ScaledRight: 324.856500
INFO:root:Looping....
DEBUG:root:This is the line: drive:-22.286:-19.94

DEBUG:root:We got command: drive
DEBUG:root:We got a drive command: rawX:-19.940000 and rawY:-22.286000
DEBUG:root:Reverse to the Left/Straight
DEBUG:root:Left=2.346000 Right=-22.286000
DEBUG:root:ScaledLeft: 380.278500 ScaledRight: 324.856500
INFO:root:Looping....
DEBUG:root:This is the line: drive:-11.142:-7.738

DEBUG:root:We got command: drive
DEBUG:root:We got a drive command: rawX:-7.738000 and rawY:-11.142000
DEBUG:root:Reverse to the Left/Straight
DEBUG:root:Left=3.404000 Right=-11.142000
DEBUG:root:ScaledLeft: 382.659000 ScaledRight: 349.930500
INFO:root:Looping....
DEBUG:root:This is the line: drive:10.549:-3.726

DEBUG:root:We got command: drive
DEBUG:root:We got a drive command: rawX:-3.726000 and rawY:10.549000
DEBUG:root:Forward to the Left/Straight
DEBUG:root:Left=-14.275000 Right=10.549000
DEBUG:root:ScaledLeft: 342.881250 ScaledRight: 398.735250
INFO:root:Looping....
DEBUG:root:This is the line: drive:15.953:-1.512

DEBUG:root:We got command: drive
DEBUG:root:We got a drive command: rawX:-1.512000 and rawY:15.953000
DEBUG:root:Forward to the Left/Straight
DEBUG:root:Left=-17.465000 Right=15.953000
DEBUG:root:ScaledLeft: 335.703750 ScaledRight: 410.894250
INFO:root:Looping....
DEBUG:root:This is the line: drive:17.714:0.025

DEBUG:root:We got command: drive
DEBUG:root:We got a drive command: rawX:0.025000 and rawY:17.714000
DEBUG:root:Forward to the Right
DEBUG:root:Left=-17.714000 Right=17.689000
DEBUG:root:ScaledLeft: 335.143500 ScaledRight: 414.800250
INFO:root:Looping....
DEBUG:root:This is the line: drive:10.857:3.72

DEBUG:root:We got command: drive
DEBUG:root:We got a drive command: rawX:3.720000 and rawY:10.857000
DEBUG:root:Forward to the Right
DEBUG:root:Left=-10.857000 Right=7.137000
DEBUG:root:ScaledLeft: 350.571750 ScaledRight: 391.058250
INFO:root:Looping....
DEBUG:root:This is the line: drive:-1.269:4.167

DEBUG:root:We got command: drive
DEBUG:root:We got a drive command: rawX:4.167000 and rawY:-1.269000
DEBUG:root:Reverse to the Right
DEBUG:root:Left=1.269000 Right=-5.436000
DEBUG:root:ScaledLeft: 377.855250 ScaledRight: 362.769000
INFO:root:Looping....
DEBUG:root:This is the line: drive:0:0

DEBUG:root:We got command: drive
DEBUG:root:We got a drive command: rawX:0.000000 and rawY:0.000000
DEBUG:root:Left=0.000000 Right=0.000000
DEBUG:root:ScaledLeft: 375.000000 ScaledRight: 375.000000
INFO:root:Looping....
DEBUG:root:This is the line: drive:-6.857:3.869

DEBUG:root:We got command: drive
DEBUG:root:We got a drive command: rawX:3.869000 and rawY:-6.857000
DEBUG:root:Reverse to the Right
DEBUG:root:Left=6.857000 Right=-10.726000
DEBUG:root:ScaledLeft: 390.428250 ScaledRight: 350.866500
INFO:root:Looping....
DEBUG:root:This is the line: drive:22.571:19.048

DEBUG:root:We got command: drive
DEBUG:root:We got a drive command: rawX:19.048000 and rawY:22.571000
DEBUG:root:Forward to the Right
DEBUG:root:Left=-22.571000 Right=3.523000
DEBUG:root:ScaledLeft: 324.215250 ScaledRight: 382.926750
INFO:root:Looping....
DEBUG:root:This is the line: drive:0:0

DEBUG:root:We got command: drive
DEBUG:root:We got a drive command: rawX:0.000000 and rawY:0.000000
DEBUG:root:Left=0.000000 Right=0.000000
DEBUG:root:ScaledLeft: 375.000000 ScaledRight: 375.000000
INFO:root:Looping....
DEBUG:root:This is the line: EMERGENCYSTOP:STOP

DEBUG:root:We got command: EMERGENCYSTOP
INFO:root:We got the EMERGENCY STOP command.
INFO:root:Looping....
DEBUG:root:This is the line: EMERGENCYSTOP:STOP

DEBUG:root:We got command: EMERGENCYSTOP
INFO:root:We got the EMERGENCY STOP command.
INFO:root:Looping....
DEBUG:root:This is the line: EMERGENCYSTOP:STOP

DEBUG:root:We got command: EMERGENCYSTOP
INFO:root:We got the EMERGENCY STOP command.
INFO:root:Looping....
DEBUG:root:This is the line: EMERGENCYSTOP:STOP

DEBUG:root:We got command: EMERGENCYSTOP
INFO:root:We got the EMERGENCY STOP command.
INFO:root:Looping....
DEBUG:root:This is the line: EMERGENCYSTOP:STOP

DEBUG:root:We got command: EMERGENCYSTOP
INFO:root:We got the EMERGENCY STOP command.
INFO:root:Looping....
DEBUG:root:This is the line: EMERGENCYSTOP:STOP

DEBUG:root:We got command: EMERGENCYSTOP
INFO:root:We got the EMERGENCY STOP command.
INFO:root:Looping....
DEBUG:root:This is the line: EMERGENCYSTOP:STOP

DEBUG:root:We got command: EMERGENCYSTOP
INFO:root:We got the EMERGENCY STOP command.
INFO:root:Looping....
DEBUG:root:This is the line: EMERGENCYSTOP:STOP

DEBUG:root:We got command: EMERGENCYSTOP
INFO:root:We got the EMERGENCY STOP command.
INFO:root:Looping....
DEBUG:root:This is the line: drive:22.571:19.048

DEBUG:root:We got command: drive
DEBUG:root:We got a drive command: rawX:19.048000 and rawY:22.571000
DEBUG:root:Forward to the Right
DEBUG:root:Left=-22.571000 Right=3.523000
DEBUG:root:ScaledLeft: 324.215250 ScaledRight: 382.926750
INFO:root:Looping....
DEBUG:root:This is the line: drive:5.429:16.071

DEBUG:root:We got command: drive
DEBUG:root:We got a drive command: rawX:16.071000 and rawY:5.429000
DEBUG:root:Forward to the Right
DEBUG:root:Left=-5.429000 Right=-10.642000
DEBUG:root:ScaledLeft: 362.784750 ScaledRight: 351.055500
INFO:root:Looping....
DEBUG:root:This is the line: drive:11.48:15.296

DEBUG:root:We got command: drive
DEBUG:root:We got a drive command: rawX:15.296000 and rawY:11.480000
DEBUG:root:Forward to the Right
DEBUG:root:Left=-11.480000 Right=-3.816000
DEBUG:root:ScaledLeft: 349.170000 ScaledRight: 366.414000
INFO:root:Looping....
DEBUG:root:This is the line: drive:22.857:16.815

DEBUG:root:We got command: drive
DEBUG:root:We got a drive command: rawX:16.815000 and rawY:22.857000
DEBUG:root:Forward to the Right
DEBUG:root:Left=-22.857000 Right=6.042000
DEBUG:root:ScaledLeft: 323.571750 ScaledRight: 388.594500
INFO:root:Looping....
DEBUG:root:This is the line: drive:29.889:18.155

DEBUG:root:We got command: drive
DEBUG:root:We got a drive command: rawX:18.155000 and rawY:29.889000
DEBUG:root:Forward to the Right
DEBUG:root:Left=-29.889000 Right=11.734000
DEBUG:root:ScaledLeft: 307.749750 ScaledRight: 401.401500
INFO:root:Looping....
DEBUG:root:This is the line: drive:33.322:20.425

DEBUG:root:We got command: drive
DEBUG:root:We got a drive command: rawX:20.425000 and rawY:33.322000
DEBUG:root:Forward to the Right
DEBUG:root:Left=-33.322000 Right=12.897000
DEBUG:root:ScaledLeft: 300.025500 ScaledRight: 404.018250
INFO:root:Looping....
DEBUG:root:This is the line: drive:0:0

DEBUG:root:We got command: drive
DEBUG:root:We got a drive command: rawX:0.000000 and rawY:0.000000
DEBUG:root:Left=0.000000 Right=0.000000
DEBUG:root:ScaledLeft: 375.000000 ScaledRight: 375.000000
INFO:root:Looping....
DEBUG:root:This is the line: drive:33.143:21.726

DEBUG:root:We got command: drive
DEBUG:root:We got a drive command: rawX:21.726000 and rawY:33.143000
DEBUG:root:Forward to the Right
DEBUG:root:Left=-33.143000 Right=11.417000
DEBUG:root:ScaledLeft: 300.428250 ScaledRight: 400.688250
INFO:root:Looping....
DEBUG:root:This is the line: drive:0:0

DEBUG:root:We got command: drive
DEBUG:root:We got a drive command: rawX:0.000000 and rawY:0.000000
DEBUG:root:Left=0.000000 Right=0.000000
DEBUG:root:ScaledLeft: 375.000000 ScaledRight: 375.000000
INFO:root:Looping....
DEBUG:root:This is the line: EMERGENCYSTOP:STOP

DEBUG:root:We got command: EMERGENCYSTOP
INFO:root:We got the EMERGENCY STOP command.
INFO:root:Looping....
DEBUG:root:This is the line: EMERGENCYSTOP:STOP

DEBUG:root:We got command: EMERGENCYSTOP
INFO:root:We got the EMERGENCY STOP command.
INFO:root:Looping....
DEBUG:root:This is the line: drive:7.429:9.226

DEBUG:root:We got command: drive
DEBUG:root:We got a drive command: rawX:9.226000 and rawY:7.429000
DEBUG:root:Forward to the Right
DEBUG:root:Left=-7.429000 Right=-1.797000
DEBUG:root:ScaledLeft: 358.284750 ScaledRight: 370.956750
INFO:root:Looping....
DEBUG:root:This is the line: drive:11.421:-22.901

DEBUG:root:We got command: drive
DEBUG:root:We got a drive command: rawX:-22.901000 and rawY:11.421000
DEBUG:root:Forward to the Left/Straight
DEBUG:root:Left=-34.322000 Right=11.421000
DEBUG:root:ScaledLeft: 297.775500 ScaledRight: 400.697250
INFO:root:Looping....
DEBUG:root:This is the line: drive:13.619:-25.446

DEBUG:root:We got command: drive
DEBUG:root:We got a drive command: rawX:-25.446000 and rawY:13.619000
DEBUG:root:Forward to the Left/Straight
DEBUG:root:Left=-39.065000 Right=13.619000
DEBUG:root:ScaledLeft: 287.103750 ScaledRight: 405.642750
INFO:root:Looping....
DEBUG:root:This is the line: drive:18.421:-33.021

DEBUG:root:We got command: drive
DEBUG:root:We got a drive command: rawX:-33.021000 and rawY:18.421000
DEBUG:root:Forward to the Left/Straight
DEBUG:root:Left=-51.442000 Right=18.421000
DEBUG:root:ScaledLeft: 259.255500 ScaledRight: 416.447250
INFO:root:Looping....
DEBUG:root:This is the line: drive:20.714:-37.798

DEBUG:root:We got command: drive
DEBUG:root:We got a drive command: rawX:-37.798000 and rawY:20.714000
DEBUG:root:Forward to the Left/Straight
DEBUG:root:Left=-58.512000 Right=20.714000
DEBUG:root:ScaledLeft: 243.348000 ScaledRight: 421.606500
INFO:root:Looping....
DEBUG:root:This is the line: drive:23.354:-41.808

DEBUG:root:We got command: drive
DEBUG:root:We got a drive command: rawX:-41.808000 and rawY:23.354000
DEBUG:root:Forward to the Left/Straight
DEBUG:root:Left=-65.162000 Right=23.354000
DEBUG:root:ScaledLeft: 228.385500 ScaledRight: 427.546500
INFO:root:Looping....
DEBUG:root:This is the line: drive:25.399:-46.069

DEBUG:root:We got command: drive
DEBUG:root:We got a drive command: rawX:-46.069000 and rawY:25.399000
DEBUG:root:Forward to the Left/Straight
DEBUG:root:Left=-71.468000 Right=25.399000
DEBUG:root:ScaledLeft: 214.197000 ScaledRight: 432.147750
INFO:root:Looping....
DEBUG:root:This is the line: drive:27.992:-49.687

DEBUG:root:We got command: drive
DEBUG:root:We got a drive command: rawX:-49.687000 and rawY:27.992000
DEBUG:root:Forward to the Left/Straight
DEBUG:root:Left=-77.679000 Right=27.992000
DEBUG:root:ScaledLeft: 200.222250 ScaledRight: 437.982000
INFO:root:Looping....
DEBUG:root:This is the line: drive:32.137:-55.721

DEBUG:root:We got command: drive
DEBUG:root:We got a drive command: rawX:-55.721000 and rawY:32.137000
DEBUG:root:Forward to the Left/Straight
DEBUG:root:Left=-87.858000 Right=32.137000
DEBUG:root:ScaledLeft: 177.319500 ScaledRight: 447.308250
INFO:root:Looping....
DEBUG:root:This is the line: drive:36.325:-62.264

DEBUG:root:We got command: drive
DEBUG:root:We got a drive command: rawX:-62.264000 and rawY:36.325000
DEBUG:root:Forward to the Left/Straight
DEBUG:root:Left=-98.589000 Right=36.325000
DEBUG:root:ScaledLeft: 153.174750 ScaledRight: 456.731250
INFO:root:Looping....
DEBUG:root:This is the line: drive:40.417:-68.36

DEBUG:root:We got command: drive
DEBUG:root:We got a drive command: rawX:-68.360000 and rawY:40.417000
DEBUG:root:Forward to the Left/Straight
DEBUG:root:Left=-108.777000 Right=40.417000
DEBUG:root:ScaledLeft: 130.251750 ScaledRight: 465.938250
INFO:root:Looping....
DEBUG:root:This is the line: drive:44.047:-74.8

DEBUG:root:We got command: drive
DEBUG:root:We got a drive command: rawX:-74.800000 and rawY:44.047000
DEBUG:root:Forward to the Left/Straight
DEBUG:root:Left=-118.847000 Right=44.047000
DEBUG:root:ScaledLeft: 107.594250 ScaledRight: 474.105750
INFO:root:Looping....
DEBUG:root:This is the line: drive:47.758:-81.616

DEBUG:root:We got command: drive
DEBUG:root:We got a drive command: rawX:-81.616000 and rawY:47.758000
DEBUG:root:Forward to the Left/Straight
DEBUG:root:Left=-129.374000 Right=47.758000
DEBUG:root:ScaledLeft: 83.908500 ScaledRight: 482.455500
INFO:root:Looping....
DEBUG:root:This is the line: drive:49.711:-87.493

DEBUG:root:We got command: drive
DEBUG:root:We got a drive command: rawX:-87.493000 and rawY:49.711000
DEBUG:root:Forward to the Left/Straight
DEBUG:root:Left=-137.204000 Right=49.711000
DEBUG:root:ScaledLeft: 66.291000 ScaledRight: 486.849750
INFO:root:Looping....
DEBUG:root:This is the line: drive:51.36:-90.928

DEBUG:root:We got command: drive
DEBUG:root:We got a drive command: rawX:-90.928000 and rawY:51.360000
DEBUG:root:Forward to the Left/Straight
DEBUG:root:Left=-142.288000 Right=51.360000
DEBUG:root:ScaledLeft: 54.852000 ScaledRight: 490.560000
INFO:root:Looping....
DEBUG:root:This is the line: drive:53.929:-95.686

DEBUG:root:We got command: drive
DEBUG:root:We got a drive command: rawX:-95.686000 and rawY:53.929000
DEBUG:root:Forward to the Left/Straight
DEBUG:root:Left=-149.615000 Right=53.929000
DEBUG:root:ScaledLeft: 38.366250 ScaledRight: 496.340250
INFO:root:Looping....
DEBUG:root:This is the line: drive:55.922:-99.837

DEBUG:root:We got command: drive
DEBUG:root:We got a drive command: rawX:-99.837000 and rawY:55.922000
DEBUG:root:Forward to the Left/Straight
DEBUG:root:Left=-155.759000 Right=55.922000
DEBUG:root:ScaledLeft: 24.542250 ScaledRight: 500.824500
INFO:root:Looping....
DEBUG:root:This is the line: drive:55.922:-99.837

DEBUG:root:We got command: drive
DEBUG:root:We got a drive command: rawX:-99.837000 and rawY:55.922000
DEBUG:root:Forward to the Left/Straight
DEBUG:root:Left=-155.759000 Right=55.922000
DEBUG:root:ScaledLeft: 24.542250 ScaledRight: 500.824500
INFO:root:Looping....
DEBUG:root:This is the line: drive:55.922:-99.837

DEBUG:root:We got command: drive
DEBUG:root:We got a drive command: rawX:-99.837000 and rawY:55.922000
DEBUG:root:Forward to the Left/Straight
DEBUG:root:Left=-155.759000 Right=55.922000
DEBUG:root:ScaledLeft: 24.542250 ScaledRight: 500.824500
INFO:root:Looping....
DEBUG:root:This is the line: drive:55.922:-99.837

DEBUG:root:We got command: drive
DEBUG:root:We got a drive command: rawX:-99.837000 and rawY:55.922000
DEBUG:root:Forward to the Left/Straight
DEBUG:root:Left=-155.759000 Right=55.922000
DEBUG:root:ScaledLeft: 24.542250 ScaledRight: 500.824500
INFO:root:Looping....
DEBUG:root:This is the line: drive:55.922:-99.837

DEBUG:root:We got command: drive
DEBUG:root:We got a drive command: rawX:-99.837000 and rawY:55.922000
DEBUG:root:Forward to the Left/Straight
DEBUG:root:Left=-155.759000 Right=55.922000
DEBUG:root:ScaledLeft: 24.542250 ScaledRight: 500.824500
INFO:root:Looping....
DEBUG:root:This is the line: drive:55.922:-99.837

DEBUG:root:We got command: drive
DEBUG:root:We got a drive command: rawX:-99.837000 and rawY:55.922000
DEBUG:root:Forward to the Left/Straight
DEBUG:root:Left=-155.759000 Right=55.922000
DEBUG:root:ScaledLeft: 24.542250 ScaledRight: 500.824500
INFO:root:Looping....
DEBUG:root:This is the line: drive:53.869:-93.26

DEBUG:root:We got command: drive
DEBUG:root:We got a drive command: rawX:-93.260000 and rawY:53.869000
DEBUG:root:Forward to the Left/Straight
DEBUG:root:Left=-147.129000 Right=53.869000
DEBUG:root:ScaledLeft: 43.959750 ScaledRight: 496.205250
INFO:root:Looping....
DEBUG:root:This is the line: drive:40.833:-68.597

DEBUG:root:We got command: drive
DEBUG:root:We got a drive command: rawX:-68.597000 and rawY:40.833000
DEBUG:root:Forward to the Left/Straight
DEBUG:root:Left=-109.430000 Right=40.833000
DEBUG:root:ScaledLeft: 128.782500 ScaledRight: 466.874250
INFO:root:Looping....
DEBUG:root:This is the line: drive:0:0

DEBUG:root:We got command: drive
DEBUG:root:We got a drive command: rawX:0.000000 and rawY:0.000000
DEBUG:root:Left=0.000000 Right=0.000000
DEBUG:root:ScaledLeft: 375.000000 ScaledRight: 375.000000
INFO:root:Looping....
DEBUG:root:This is the line: drive:32.0:-49.107

DEBUG:root:We got command: drive
DEBUG:root:We got a drive command: rawX:-49.107000 and rawY:32.000000
DEBUG:root:Forward to the Left/Straight
DEBUG:root:Left=-81.107000 Right=32.000000
DEBUG:root:ScaledLeft: 192.509250 ScaledRight: 447.000000
INFO:root:Looping....
DEBUG:root:This is the line: drive:22.286:-39.881

DEBUG:root:We got command: drive
DEBUG:root:We got a drive command: rawX:-39.881000 and rawY:22.286000
DEBUG:root:Forward to the Left/Straight
DEBUG:root:Left=-62.167000 Right=22.286000
DEBUG:root:ScaledLeft: 235.124250 ScaledRight: 425.143500
INFO:root:Looping....
DEBUG:root:This is the line: drive:18.115:-40.179

DEBUG:root:We got command: drive
DEBUG:root:We got a drive command: rawX:-40.179000 and rawY:18.115000
DEBUG:root:Forward to the Left/Straight
DEBUG:root:Left=-58.294000 Right=18.115000
DEBUG:root:ScaledLeft: 243.838500 ScaledRight: 415.758750
INFO:root:Looping....
DEBUG:root:This is the line: drive:13.296:-40.476

DEBUG:root:We got command: drive
DEBUG:root:We got a drive command: rawX:-40.476000 and rawY:13.296000
DEBUG:root:Forward to the Left/Straight
DEBUG:root:Left=-53.772000 Right=13.296000
DEBUG:root:ScaledLeft: 254.013000 ScaledRight: 404.916000
INFO:root:Looping....
DEBUG:root:This is the line: drive:9.778:-40.476

DEBUG:root:We got command: drive
DEBUG:root:We got a drive command: rawX:-40.476000 and rawY:9.778000
DEBUG:root:Forward to the Left/Straight
DEBUG:root:Left=-50.254000 Right=9.778000
DEBUG:root:ScaledLeft: 261.928500 ScaledRight: 397.000500
INFO:root:Looping....
DEBUG:root:This is the line: drive:7.218:-40.476

DEBUG:root:We got command: drive
DEBUG:root:We got a drive command: rawX:-40.476000 and rawY:7.218000
DEBUG:root:Forward to the Left/Straight
DEBUG:root:Left=-47.694000 Right=7.218000
DEBUG:root:ScaledLeft: 267.688500 ScaledRight: 391.240500
INFO:root:Looping....
DEBUG:root:This is the line: drive:0:0

DEBUG:root:We got command: drive
DEBUG:root:We got a drive command: rawX:0.000000 and rawY:0.000000
DEBUG:root:Left=0.000000 Right=0.000000
DEBUG:root:ScaledLeft: 375.000000 ScaledRight: 375.000000
INFO:root:Looping....
DEBUG:root:This is the line: drive:6.0:-40.179

DEBUG:root:We got command: drive
DEBUG:root:We got a drive command: rawX:-40.179000 and rawY:6.000000
DEBUG:root:Forward to the Left/Straight
DEBUG:root:Left=-46.179000 Right=6.000000
DEBUG:root:ScaledLeft: 271.097250 ScaledRight: 388.500000
INFO:root:Looping....
DEBUG:root:This is the line: drive:35.714:-17.857

DEBUG:root:We got command: drive
DEBUG:root:We got a drive command: rawX:-17.857000 and rawY:35.714000
DEBUG:root:Forward to the Left/Straight
DEBUG:root:Left=-53.571000 Right=35.714000
DEBUG:root:ScaledLeft: 254.465250 ScaledRight: 455.356500
INFO:root:Looping....
DEBUG:root:This is the line: drive:35.714:-17.857

DEBUG:root:We got command: drive
DEBUG:root:We got a drive command: rawX:-17.857000 and rawY:35.714000
DEBUG:root:Forward to the Left/Straight
DEBUG:root:Left=-53.571000 Right=35.714000
DEBUG:root:ScaledLeft: 254.465250 ScaledRight: 455.356500
INFO:root:Looping....
DEBUG:root:This is the line: drive:35.714:-17.857

DEBUG:root:We got command: drive
DEBUG:root:We got a drive command: rawX:-17.857000 and rawY:35.714000
DEBUG:root:Forward to the Left/Straight
DEBUG:root:Left=-53.571000 Right=35.714000
DEBUG:root:ScaledLeft: 254.465250 ScaledRight: 455.356500
INFO:root:Looping....
DEBUG:root:This is the line: drive:35.714:-17.857

DEBUG:root:We got command: drive
DEBUG:root:We got a drive command: rawX:-17.857000 and rawY:35.714000
DEBUG:root:Forward to the Left/Straight
DEBUG:root:Left=-53.571000 Right=35.714000
DEBUG:root:ScaledLeft: 254.465250 ScaledRight: 455.356500
INFO:root:Looping....
DEBUG:root:This is the line: drive:35.714:-17.857

DEBUG:root:We got command: drive
DEBUG:root:We got a drive command: rawX:-17.857000 and rawY:35.714000
DEBUG:root:Forward to the Left/Straight
DEBUG:root:Left=-53.571000 Right=35.714000
DEBUG:root:ScaledLeft: 254.465250 ScaledRight: 455.356500
INFO:root:Looping....
DEBUG:root:This is the line: drive:35.714:-17.857

DEBUG:root:We got command: drive
DEBUG:root:We got a drive command: rawX:-17.857000 and rawY:35.714000
DEBUG:root:Forward to the Left/Straight
DEBUG:root:Left=-53.571000 Right=35.714000
DEBUG:root:ScaledLeft: 254.465250 ScaledRight: 455.356500
INFO:root:Looping....
DEBUG:root:This is the line: drive:0:0

DEBUG:root:We got command: drive
DEBUG:root:We got a drive command: rawX:0.000000 and rawY:0.000000
DEBUG:root:Left=0.000000 Right=0.000000
DEBUG:root:ScaledLeft: 375.000000 ScaledRight: 375.000000
INFO:root:Looping....
DEBUG:root:This is the line: drive:35.714:-17.857

DEBUG:root:We got command: drive
DEBUG:root:We got a drive command: rawX:-17.857000 and rawY:35.714000
DEBUG:root:Forward to the Left/Straight
DEBUG:root:Left=-53.571000 Right=35.714000
DEBUG:root:ScaledLeft: 254.465250 ScaledRight: 455.356500
INFO:root:Looping....
DEBUG:root:This is the line: drive:40.571:-18.155

DEBUG:root:We got command: drive
DEBUG:root:We got a drive command: rawX:-18.155000 and rawY:40.571000
DEBUG:root:Forward to the Left/Straight
DEBUG:root:Left=-58.726000 Right=40.571000
DEBUG:root:ScaledLeft: 242.866500 ScaledRight: 466.284750
INFO:root:Looping....
DEBUG:root:This is the line: drive:40.571:-18.155

DEBUG:root:We got command: drive
DEBUG:root:We got a drive command: rawX:-18.155000 and rawY:40.571000
DEBUG:root:Forward to the Left/Straight
DEBUG:root:Left=-58.726000 Right=40.571000
DEBUG:root:ScaledLeft: 242.866500 ScaledRight: 466.284750
INFO:root:Looping....
DEBUG:root:This is the line: drive:0:0

DEBUG:root:We got command: drive
DEBUG:root:We got a drive command: rawX:0.000000 and rawY:0.000000
DEBUG:root:Left=0.000000 Right=0.000000
DEBUG:root:ScaledLeft: 375.000000 ScaledRight: 375.000000
INFO:root:Looping....
DEBUG:root:This is the line: drive:40.571:-18.155

DEBUG:root:We got command: drive
DEBUG:root:We got a drive command: rawX:-18.155000 and rawY:40.571000
DEBUG:root:Forward to the Left/Straight
DEBUG:root:Left=-58.726000 Right=40.571000
DEBUG:root:ScaledLeft: 242.866500 ScaledRight: 466.284750
INFO:root:Looping....
DEBUG:root:This is the line: drive:37.143:-20.833

DEBUG:root:We got command: drive
DEBUG:root:We got a drive command: rawX:-20.833000 and rawY:37.143000
DEBUG:root:Forward to the Left/Straight
DEBUG:root:Left=-57.976000 Right=37.143000
DEBUG:root:ScaledLeft: 244.554000 ScaledRight: 458.571750
INFO:root:Looping....
DEBUG:root:This is the line: drive:37.143:-20.833

DEBUG:root:We got command: drive
DEBUG:root:We got a drive command: rawX:-20.833000 and rawY:37.143000
DEBUG:root:Forward to the Left/Straight
DEBUG:root:Left=-57.976000 Right=37.143000
DEBUG:root:ScaledLeft: 244.554000 ScaledRight: 458.571750
INFO:root:Looping....
DEBUG:root:This is the line: drive:0:0

DEBUG:root:We got command: drive
DEBUG:root:We got a drive command: rawX:0.000000 and rawY:0.000000
DEBUG:root:Left=0.000000 Right=0.000000
DEBUG:root:ScaledLeft: 375.000000 ScaledRight: 375.000000
INFO:root:Looping....
DEBUG:root:This is the line: drive:37.143:-20.833

DEBUG:root:We got command: drive
DEBUG:root:We got a drive command: rawX:-20.833000 and rawY:37.143000
DEBUG:root:Forward to the Left/Straight
DEBUG:root:Left=-57.976000 Right=37.143000
DEBUG:root:ScaledLeft: 244.554000 ScaledRight: 458.571750
INFO:root:Looping....
DEBUG:root:This is the line: drive:26.571:-21.429

DEBUG:root:We got command: drive
DEBUG:root:We got a drive command: rawX:-21.429000 and rawY:26.571000
DEBUG:root:Forward to the Left/Straight
DEBUG:root:Left=-48.000000 Right=26.571000
DEBUG:root:ScaledLeft: 267.000000 ScaledRight: 434.784750
INFO:root:Looping....
DEBUG:root:This is the line: drive:26.571:-21.429

DEBUG:root:We got command: drive
DEBUG:root:We got a drive command: rawX:-21.429000 and rawY:26.571000
DEBUG:root:Forward to the Left/Straight
DEBUG:root:Left=-48.000000 Right=26.571000
DEBUG:root:ScaledLeft: 267.000000 ScaledRight: 434.784750
INFO:root:Looping....
DEBUG:root:This is the line: drive:26.571:-21.429

DEBUG:root:We got command: drive
DEBUG:root:We got a drive command: rawX:-21.429000 and rawY:26.571000
DEBUG:root:Forward to the Left/Straight
DEBUG:root:Left=-48.000000 Right=26.571000
DEBUG:root:ScaledLeft: 267.000000 ScaledRight: 434.784750
INFO:root:Looping....
DEBUG:root:This is the line: drive:0:0

DEBUG:root:We got command: drive
DEBUG:root:We got a drive command: rawX:0.000000 and rawY:0.000000
DEBUG:root:Left=0.000000 Right=0.000000
DEBUG:root:ScaledLeft: 375.000000 ScaledRight: 375.000000
INFO:root:Looping....
DEBUG:root:This is the line: drive:26.571:-21.429

DEBUG:root:We got command: drive
DEBUG:root:We got a drive command: rawX:-21.429000 and rawY:26.571000
DEBUG:root:Forward to the Left/Straight
DEBUG:root:Left=-48.000000 Right=26.571000
DEBUG:root:ScaledLeft: 267.000000 ScaledRight: 434.784750
INFO:root:Looping....
DEBUG:root:This is the line: drive:24.857:-25.595

DEBUG:root:We got command: drive
DEBUG:root:We got a drive command: rawX:-25.595000 and rawY:24.857000
DEBUG:root:Forward to the Left/Straight
DEBUG:root:Left=-50.452000 Right=24.857000
DEBUG:root:ScaledLeft: 261.483000 ScaledRight: 430.928250
INFO:root:Looping....
DEBUG:root:This is the line: drive:24.857:-25.595

DEBUG:root:We got command: drive
DEBUG:root:We got a drive command: rawX:-25.595000 and rawY:24.857000
DEBUG:root:Forward to the Left/Straight
DEBUG:root:Left=-50.452000 Right=24.857000
DEBUG:root:ScaledLeft: 261.483000 ScaledRight: 430.928250
INFO:root:Looping....
DEBUG:root:This is the line: drive:24.857:-25.595

DEBUG:root:We got command: drive
DEBUG:root:We got a drive command: rawX:-25.595000 and rawY:24.857000
DEBUG:root:Forward to the Left/Straight
DEBUG:root:Left=-50.452000 Right=24.857000
DEBUG:root:ScaledLeft: 261.483000 ScaledRight: 430.928250
INFO:root:Looping....
DEBUG:root:This is the line: drive:0:0

DEBUG:root:We got command: drive
DEBUG:root:We got a drive command: rawX:0.000000 and rawY:0.000000
DEBUG:root:Left=0.000000 Right=0.000000
DEBUG:root:ScaledLeft: 375.000000 ScaledRight: 375.000000
INFO:root:Looping....
DEBUG:root:This is the line: drive:24.857:-25.595

DEBUG:root:We got command: drive
DEBUG:root:We got a drive command: rawX:-25.595000 and rawY:24.857000
DEBUG:root:Forward to the Left/Straight
DEBUG:root:Left=-50.452000 Right=24.857000
DEBUG:root:ScaledLeft: 261.483000 ScaledRight: 430.928250
INFO:root:Looping....
DEBUG:root:This is the line: drive:31.143:-17.56

DEBUG:root:We got command: drive
DEBUG:root:We got a drive command: rawX:-17.560000 and rawY:31.143000
DEBUG:root:Forward to the Left/Straight
DEBUG:root:Left=-48.703000 Right=31.143000
DEBUG:root:ScaledLeft: 265.418250 ScaledRight: 445.071750
INFO:root:Looping....
DEBUG:root:This is the line: drive:31.143:-17.56

DEBUG:root:We got command: drive
DEBUG:root:We got a drive command: rawX:-17.560000 and rawY:31.143000
DEBUG:root:Forward to the Left/Straight
DEBUG:root:Left=-48.703000 Right=31.143000
DEBUG:root:ScaledLeft: 265.418250 ScaledRight: 445.071750
INFO:root:Looping....
DEBUG:root:This is the line: drive:31.143:-17.56

DEBUG:root:We got command: drive
DEBUG:root:We got a drive command: rawX:-17.560000 and rawY:31.143000
DEBUG:root:Forward to the Left/Straight
DEBUG:root:Left=-48.703000 Right=31.143000
DEBUG:root:ScaledLeft: 265.418250 ScaledRight: 445.071750
INFO:root:Looping....
DEBUG:root:This is the line: drive:31.143:-17.56

DEBUG:root:We got command: drive
DEBUG:root:We got a drive command: rawX:-17.560000 and rawY:31.143000
DEBUG:root:Forward to the Left/Straight
DEBUG:root:Left=-48.703000 Right=31.143000
DEBUG:root:ScaledLeft: 265.418250 ScaledRight: 445.071750
INFO:root:Looping....
DEBUG:root:This is the line: drive:0:0

DEBUG:root:We got command: drive
DEBUG:root:We got a drive command: rawX:0.000000 and rawY:0.000000
DEBUG:root:Left=0.000000 Right=0.000000
DEBUG:root:ScaledLeft: 375.000000 ScaledRight: 375.000000
INFO:root:Looping....
DEBUG:root:This is the line: drive:31.143:-17.56

DEBUG:root:We got command: drive
DEBUG:root:We got a drive command: rawX:-17.560000 and rawY:31.143000
DEBUG:root:Forward to the Left/Straight
DEBUG:root:Left=-48.703000 Right=31.143000
DEBUG:root:ScaledLeft: 265.418250 ScaledRight: 445.071750
INFO:root:Looping....
DEBUG:root:This is the line: drive:29.714:-17.56

DEBUG:root:We got command: drive
DEBUG:root:We got a drive command: rawX:-17.560000 and rawY:29.714000
DEBUG:root:Forward to the Left/Straight
DEBUG:root:Left=-47.274000 Right=29.714000
DEBUG:root:ScaledLeft: 268.633500 ScaledRight: 441.856500
INFO:root:Looping....
DEBUG:root:This is the line: drive:29.714:-17.56

DEBUG:root:We got command: drive
DEBUG:root:We got a drive command: rawX:-17.560000 and rawY:29.714000
DEBUG:root:Forward to the Left/Straight
DEBUG:root:Left=-47.274000 Right=29.714000
DEBUG:root:ScaledLeft: 268.633500 ScaledRight: 441.856500
INFO:root:Looping....
DEBUG:root:This is the line: drive:29.714:-17.56

DEBUG:root:We got command: drive
DEBUG:root:We got a drive command: rawX:-17.560000 and rawY:29.714000
DEBUG:root:Forward to the Left/Straight
DEBUG:root:Left=-47.274000 Right=29.714000
DEBUG:root:ScaledLeft: 268.633500 ScaledRight: 441.856500
INFO:root:Looping....
DEBUG:root:This is the line: drive:29.714:-17.56

DEBUG:root:We got command: drive
DEBUG:root:We got a drive command: rawX:-17.560000 and rawY:29.714000
DEBUG:root:Forward to the Left/Straight
DEBUG:root:Left=-47.274000 Right=29.714000
DEBUG:root:ScaledLeft: 268.633500 ScaledRight: 441.856500
INFO:root:Looping....
DEBUG:root:This is the line: drive:29.714:-17.56

DEBUG:root:We got command: drive
DEBUG:root:We got a drive command: rawX:-17.560000 and rawY:29.714000
DEBUG:root:Forward to the Left/Straight
DEBUG:root:Left=-47.274000 Right=29.714000
DEBUG:root:ScaledLeft: 268.633500 ScaledRight: 441.856500
INFO:root:Looping....
DEBUG:root:This is the line: drive:0:0

DEBUG:root:We got command: drive
DEBUG:root:We got a drive command: rawX:0.000000 and rawY:0.000000
DEBUG:root:Left=0.000000 Right=0.000000
DEBUG:root:ScaledLeft: 375.000000 ScaledRight: 375.000000
INFO:root:Looping....
DEBUG:root:This is the line: drive:29.714:-17.56

DEBUG:root:We got command: drive
DEBUG:root:We got a drive command: rawX:-17.560000 and rawY:29.714000
DEBUG:root:Forward to the Left/Straight
DEBUG:root:Left=-47.274000 Right=29.714000
DEBUG:root:ScaledLeft: 268.633500 ScaledRight: 441.856500
INFO:root:Looping....
DEBUG:root:This is the line: drive:33.714:-14.583

DEBUG:root:We got command: drive
DEBUG:root:We got a drive command: rawX:-14.583000 and rawY:33.714000
DEBUG:root:Forward to the Left/Straight
DEBUG:root:Left=-48.297000 Right=33.714000
DEBUG:root:ScaledLeft: 266.331750 ScaledRight: 450.856500
INFO:root:Looping....
DEBUG:root:This is the line: drive:33.714:-14.583

DEBUG:root:We got command: drive
DEBUG:root:We got a drive command: rawX:-14.583000 and rawY:33.714000
DEBUG:root:Forward to the Left/Straight
DEBUG:root:Left=-48.297000 Right=33.714000
DEBUG:root:ScaledLeft: 266.331750 ScaledRight: 450.856500
INFO:root:Looping....
DEBUG:root:This is the line: drive:33.714:-14.583

DEBUG:root:We got command: drive
DEBUG:root:We got a drive command: rawX:-14.583000 and rawY:33.714000
DEBUG:root:Forward to the Left/Straight
DEBUG:root:Left=-48.297000 Right=33.714000
DEBUG:root:ScaledLeft: 266.331750 ScaledRight: 450.856500
INFO:root:Looping....
DEBUG:root:This is the line: drive:0:0

DEBUG:root:We got command: drive
DEBUG:root:We got a drive command: rawX:0.000000 and rawY:0.000000
DEBUG:root:Left=0.000000 Right=0.000000
DEBUG:root:ScaledLeft: 375.000000 ScaledRight: 375.000000
INFO:root:Looping....
DEBUG:root:This is the line: drive:33.714:-14.583

DEBUG:root:We got command: drive
DEBUG:root:We got a drive command: rawX:-14.583000 and rawY:33.714000
DEBUG:root:Forward to the Left/Straight
DEBUG:root:Left=-48.297000 Right=33.714000
DEBUG:root:ScaledLeft: 266.331750 ScaledRight: 450.856500
INFO:root:Looping....
DEBUG:root:This is the line: drive:41.714:-13.69

DEBUG:root:We got command: drive
DEBUG:root:We got a drive command: rawX:-13.690000 and rawY:41.714000
DEBUG:root:Forward to the Left/Straight
DEBUG:root:Left=-55.404000 Right=41.714000
DEBUG:root:ScaledLeft: 250.341000 ScaledRight: 468.856500
INFO:root:Looping....
DEBUG:root:This is the line: drive:41.714:-13.69

DEBUG:root:We got command: drive
DEBUG:root:We got a drive command: rawX:-13.690000 and rawY:41.714000
DEBUG:root:Forward to the Left/Straight
DEBUG:root:Left=-55.404000 Right=41.714000
DEBUG:root:ScaledLeft: 250.341000 ScaledRight: 468.856500
INFO:root:Looping....
DEBUG:root:This is the line: drive:48.828:-8.877

DEBUG:root:We got command: drive
DEBUG:root:We got a drive command: rawX:-8.877000 and rawY:48.828000
DEBUG:root:Forward to the Left/Straight
DEBUG:root:Left=-57.705000 Right=48.828000
DEBUG:root:ScaledLeft: 245.163750 ScaledRight: 484.863000
INFO:root:Looping....
DEBUG:root:This is the line: drive:55.879:-3.754

DEBUG:root:We got command: drive
DEBUG:root:We got a drive command: rawX:-3.754000 and rawY:55.879000
DEBUG:root:Forward to the Left/Straight
DEBUG:root:Left=-59.633000 Right=55.879000
DEBUG:root:ScaledLeft: 240.825750 ScaledRight: 500.727750
INFO:root:Looping....
DEBUG:root:This is the line: drive:61.66:0.864

DEBUG:root:We got command: drive
DEBUG:root:We got a drive command: rawX:0.864000 and rawY:61.660000
DEBUG:root:Forward to the Right
DEBUG:root:Left=-61.660000 Right=60.796000
DEBUG:root:ScaledLeft: 236.265000 ScaledRight: 511.791000
INFO:root:Looping....
DEBUG:root:This is the line: drive:65.101:4.123

DEBUG:root:We got command: drive
DEBUG:root:We got a drive command: rawX:4.123000 and rawY:65.101000
DEBUG:root:Forward to the Right
DEBUG:root:Left=-65.101000 Right=60.978000
DEBUG:root:ScaledLeft: 228.522750 ScaledRight: 512.200500
INFO:root:Looping....
DEBUG:root:This is the line: drive:66.873:5.969

DEBUG:root:We got command: drive
DEBUG:root:We got a drive command: rawX:5.969000 and rawY:66.873000
DEBUG:root:Forward to the Right
DEBUG:root:Left=-66.873000 Right=60.904000
DEBUG:root:ScaledLeft: 224.535750 ScaledRight: 512.034000
INFO:root:Looping....
DEBUG:root:This is the line: drive:67.857:6.548

DEBUG:root:We got command: drive
DEBUG:root:We got a drive command: rawX:6.548000 and rawY:67.857000
DEBUG:root:Forward to the Right
DEBUG:root:Left=-67.857000 Right=61.309000
DEBUG:root:ScaledLeft: 222.321750 ScaledRight: 512.945250
INFO:root:Looping....
DEBUG:root:This is the line: drive:0:0

DEBUG:root:We got command: drive
DEBUG:root:We got a drive command: rawX:0.000000 and rawY:0.000000
DEBUG:root:Left=0.000000 Right=0.000000
DEBUG:root:ScaledLeft: 375.000000 ScaledRight: 375.000000
INFO:root:Looping....
DEBUG:root:This is the line: drive:67.714:6.833

DEBUG:root:We got command: drive
DEBUG:root:We got a drive command: rawX:6.833000 and rawY:67.714000
DEBUG:root:Forward to the Right
DEBUG:root:Left=-67.714000 Right=60.881000
DEBUG:root:ScaledLeft: 222.643500 ScaledRight: 511.982250
INFO:root:Looping....
DEBUG:root:This is the line: drive:32.0:-27.381

DEBUG:root:We got command: drive
DEBUG:root:We got a drive command: rawX:-27.381000 and rawY:32.000000
DEBUG:root:Forward to the Left/Straight
DEBUG:root:Left=-59.381000 Right=32.000000
DEBUG:root:ScaledLeft: 241.392750 ScaledRight: 447.000000
INFO:root:Looping....
DEBUG:root:This is the line: drive:35.629:-25.789

DEBUG:root:We got command: drive
DEBUG:root:We got a drive command: rawX:-25.789000 and rawY:35.629000
DEBUG:root:Forward to the Left/Straight
DEBUG:root:Left=-61.418000 Right=35.629000
DEBUG:root:ScaledLeft: 236.809500 ScaledRight: 455.165250
INFO:root:Looping....
DEBUG:root:This is the line: drive:43.471:-20.903

DEBUG:root:We got command: drive
DEBUG:root:We got a drive command: rawX:-20.903000 and rawY:43.471000
DEBUG:root:Forward to the Left/Straight
DEBUG:root:Left=-64.374000 Right=43.471000
DEBUG:root:ScaledLeft: 230.158500 ScaledRight: 472.809750
INFO:root:Looping....
DEBUG:root:This is the line: drive:60.43:-8.153

DEBUG:root:We got command: drive
DEBUG:root:We got a drive command: rawX:-8.153000 and rawY:60.430000
DEBUG:root:Forward to the Left/Straight
DEBUG:root:Left=-68.583000 Right=60.430000
DEBUG:root:ScaledLeft: 220.688250 ScaledRight: 510.967500
INFO:root:Looping....
DEBUG:root:This is the line: drive:67.404:-2.406

DEBUG:root:We got command: drive
DEBUG:root:We got a drive command: rawX:-2.406000 and rawY:67.404000
DEBUG:root:Forward to the Left/Straight
DEBUG:root:Left=-69.810000 Right=67.404000
DEBUG:root:ScaledLeft: 217.927500 ScaledRight: 526.659000
INFO:root:Looping....
DEBUG:root:This is the line: drive:74.46:5.897

DEBUG:root:We got command: drive
DEBUG:root:We got a drive command: rawX:5.897000 and rawY:74.460000
DEBUG:root:Forward to the Right
DEBUG:root:Left=-74.460000 Right=68.563000
DEBUG:root:ScaledLeft: 207.465000 ScaledRight: 529.266750
INFO:root:Looping....
DEBUG:root:This is the line: drive:79.635:12.119

DEBUG:root:We got command: drive
DEBUG:root:We got a drive command: rawX:12.119000 and rawY:79.635000
DEBUG:root:Forward to the Right
DEBUG:root:Left=-79.635000 Right=67.516000
DEBUG:root:ScaledLeft: 195.821250 ScaledRight: 526.911000
INFO:root:Looping....
DEBUG:root:This is the line: drive:83.906:16.371

DEBUG:root:We got command: drive
DEBUG:root:We got a drive command: rawX:16.371000 and rawY:83.906000
DEBUG:root:Forward to the Right
DEBUG:root:Left=-83.906000 Right=67.535000
DEBUG:root:ScaledLeft: 186.211500 ScaledRight: 526.953750
INFO:root:Looping....
DEBUG:root:This is the line: drive:88.11:20.948

DEBUG:root:We got command: drive
DEBUG:root:We got a drive command: rawX:20.948000 and rawY:88.110000
DEBUG:root:Forward to the Right
DEBUG:root:Left=-88.110000 Right=67.162000
DEBUG:root:ScaledLeft: 176.752500 ScaledRight: 526.114500
INFO:root:Looping....
DEBUG:root:This is the line: drive:91.627:24.909

DEBUG:root:We got command: drive
DEBUG:root:We got a drive command: rawX:24.909000 and rawY:91.627000
DEBUG:root:Forward to the Right
DEBUG:root:Left=-91.627000 Right=66.718000
DEBUG:root:ScaledLeft: 168.839250 ScaledRight: 525.115500
INFO:root:Looping....
DEBUG:root:This is the line: drive:96.86:30.36

DEBUG:root:We got command: drive
DEBUG:root:We got a drive command: rawX:30.360000 and rawY:96.860000
DEBUG:root:Forward to the Right
DEBUG:root:Left=-96.860000 Right=66.500000
DEBUG:root:ScaledLeft: 157.065000 ScaledRight: 524.625000
INFO:root:Looping....
DEBUG:root:This is the line: drive:99.358:31.772

DEBUG:root:We got command: drive
DEBUG:root:We got a drive command: rawX:31.772000 and rawY:99.358000
DEBUG:root:Forward to the Right
DEBUG:root:Left=-99.358000 Right=67.586000
DEBUG:root:ScaledLeft: 151.444500 ScaledRight: 527.068500
INFO:root:Looping....
DEBUG:root:This is the line: drive:99.358:31.772

DEBUG:root:We got command: drive
DEBUG:root:We got a drive command: rawX:31.772000 and rawY:99.358000
DEBUG:root:Forward to the Right
DEBUG:root:Left=-99.358000 Right=67.586000
DEBUG:root:ScaledLeft: 151.444500 ScaledRight: 527.068500
INFO:root:Looping....
DEBUG:root:This is the line: drive:99.358:31.772

DEBUG:root:We got command: drive
DEBUG:root:We got a drive command: rawX:31.772000 and rawY:99.358000
DEBUG:root:Forward to the Right
DEBUG:root:Left=-99.358000 Right=67.586000
DEBUG:root:ScaledLeft: 151.444500 ScaledRight: 527.068500
INFO:root:Looping....
DEBUG:root:This is the line: drive:0:0

DEBUG:root:We got command: drive
DEBUG:root:We got a drive command: rawX:0.000000 and rawY:0.000000
DEBUG:root:Left=0.000000 Right=0.000000
DEBUG:root:ScaledLeft: 375.000000 ScaledRight: 375.000000
INFO:root:Looping....
DEBUG:root:This is the line: drive:99.358:31.772

DEBUG:root:We got command: drive
DEBUG:root:We got a drive command: rawX:31.772000 and rawY:99.358000
DEBUG:root:Forward to the Right
DEBUG:root:Left=-99.358000 Right=67.586000
DEBUG:root:ScaledLeft: 151.444500 ScaledRight: 527.068500
INFO:root:Looping....
DEBUG:root:This is the line: drive:-15.429:-5.952

DEBUG:root:We got command: drive
DEBUG:root:We got a drive command: rawX:-5.952000 and rawY:-15.429000
DEBUG:root:Reverse to the Left/Straight
DEBUG:root:Left=9.477000 Right=-15.429000
DEBUG:root:ScaledLeft: 396.323250 ScaledRight: 340.284750
INFO:root:Looping....
DEBUG:root:This is the line: drive:-10.354:-8.012

DEBUG:root:We got command: drive
DEBUG:root:We got a drive command: rawX:-8.012000 and rawY:-10.354000
DEBUG:root:Reverse to the Left/Straight
DEBUG:root:Left=2.342000 Right=-10.354000
DEBUG:root:ScaledLeft: 380.269500 ScaledRight: 351.703500
INFO:root:Looping....
DEBUG:root:This is the line: drive:-2.46:-8.036

DEBUG:root:We got command: drive
DEBUG:root:We got a drive command: rawX:-8.036000 and rawY:-2.460000
DEBUG:root:Reverse to the Left/Straight
DEBUG:root:Left=-5.576000 Right=-2.460000
DEBUG:root:ScaledLeft: 362.454000 ScaledRight: 369.465000
INFO:root:Looping....
DEBUG:root:This is the line: drive:2.874:-8.036

DEBUG:root:We got command: drive
DEBUG:root:We got a drive command: rawX:-8.036000 and rawY:2.874000
DEBUG:root:Forward to the Left/Straight
DEBUG:root:Left=-10.910000 Right=2.874000
DEBUG:root:ScaledLeft: 350.452500 ScaledRight: 381.466500
INFO:root:Looping....
DEBUG:root:This is the line: drive:10.986:-8.036

DEBUG:root:We got command: drive
DEBUG:root:We got a drive command: rawX:-8.036000 and rawY:10.986000
DEBUG:root:Forward to the Left/Straight
DEBUG:root:Left=-19.022000 Right=10.986000
DEBUG:root:ScaledLeft: 332.200500 ScaledRight: 399.718500
INFO:root:Looping....
DEBUG:root:This is the line: drive:16.77:-8.036

DEBUG:root:We got command: drive
DEBUG:root:We got a drive command: rawX:-8.036000 and rawY:16.770000
DEBUG:root:Forward to the Left/Straight
DEBUG:root:Left=-24.806000 Right=16.770000
DEBUG:root:ScaledLeft: 319.186500 ScaledRight: 412.732500
INFO:root:Looping....
DEBUG:root:This is the line: drive:22.237:-8.036

DEBUG:root:We got command: drive
DEBUG:root:We got a drive command: rawX:-8.036000 and rawY:22.237000
DEBUG:root:Forward to the Left/Straight
DEBUG:root:Left=-30.273000 Right=22.237000
DEBUG:root:ScaledLeft: 306.885750 ScaledRight: 425.033250
INFO:root:Looping....
DEBUG:root:This is the line: drive:26.473:-6.845

DEBUG:root:We got command: drive
DEBUG:root:We got a drive command: rawX:-6.845000 and rawY:26.473000
DEBUG:root:Forward to the Left/Straight
DEBUG:root:Left=-33.318000 Right=26.473000
DEBUG:root:ScaledLeft: 300.034500 ScaledRight: 434.564250
INFO:root:Looping....
DEBUG:root:This is the line: drive:30.135:-5.952

DEBUG:root:We got command: drive
DEBUG:root:We got a drive command: rawX:-5.952000 and rawY:30.135000
DEBUG:root:Forward to the Left/Straight
DEBUG:root:Left=-36.087000 Right=30.135000
DEBUG:root:ScaledLeft: 293.804250 ScaledRight: 442.803750
INFO:root:Looping....
DEBUG:root:This is the line: drive:33.661:-5.655

DEBUG:root:We got command: drive
DEBUG:root:We got a drive command: rawX:-5.655000 and rawY:33.661000
DEBUG:root:Forward to the Left/Straight
DEBUG:root:Left=-39.316000 Right=33.661000
DEBUG:root:ScaledLeft: 286.539000 ScaledRight: 450.737250
INFO:root:Looping....
DEBUG:root:This is the line: drive:36.323:-5.357

DEBUG:root:We got command: drive
DEBUG:root:We got a drive command: rawX:-5.357000 and rawY:36.323000
DEBUG:root:Forward to the Left/Straight
DEBUG:root:Left=-41.680000 Right=36.323000
DEBUG:root:ScaledLeft: 281.220000 ScaledRight: 456.726750
INFO:root:Looping....
DEBUG:root:This is the line: drive:38.984:-4.464

DEBUG:root:We got command: drive
DEBUG:root:We got a drive command: rawX:-4.464000 and rawY:38.984000
DEBUG:root:Forward to the Left/Straight
DEBUG:root:Left=-43.448000 Right=38.984000
DEBUG:root:ScaledLeft: 277.242000 ScaledRight: 462.714000
INFO:root:Looping....
DEBUG:root:This is the line: drive:41.826:-3.869

DEBUG:root:We got command: drive
DEBUG:root:We got a drive command: rawX:-3.869000 and rawY:41.826000
DEBUG:root:Forward to the Left/Straight
DEBUG:root:Left=-45.695000 Right=41.826000
DEBUG:root:ScaledLeft: 272.186250 ScaledRight: 469.108500
INFO:root:Looping....
DEBUG:root:This is the line: drive:43.627:-3.869

DEBUG:root:We got command: drive
DEBUG:root:We got a drive command: rawX:-3.869000 and rawY:43.627000
DEBUG:root:Forward to the Left/Straight
DEBUG:root:Left=-47.496000 Right=43.627000
DEBUG:root:ScaledLeft: 268.134000 ScaledRight: 473.160750
INFO:root:Looping....
DEBUG:root:This is the line: drive:46.552:-3.571

DEBUG:root:We got command: drive
DEBUG:root:We got a drive command: rawX:-3.571000 and rawY:46.552000
DEBUG:root:Forward to the Left/Straight
DEBUG:root:Left=-50.123000 Right=46.552000
DEBUG:root:ScaledLeft: 262.223250 ScaledRight: 479.742000
INFO:root:Looping....
DEBUG:root:This is the line: drive:48.599:-3.274

DEBUG:root:We got command: drive
DEBUG:root:We got a drive command: rawX:-3.274000 and rawY:48.599000
DEBUG:root:Forward to the Left/Straight
DEBUG:root:Left=-51.873000 Right=48.599000
DEBUG:root:ScaledLeft: 258.285750 ScaledRight: 484.347750
INFO:root:Looping....
DEBUG:root:This is the line: drive:50.99:-2.976

DEBUG:root:We got command: drive
DEBUG:root:We got a drive command: rawX:-2.976000 and rawY:50.990000
DEBUG:root:Forward to the Left/Straight
DEBUG:root:Left=-53.966000 Right=50.990000
DEBUG:root:ScaledLeft: 253.576500 ScaledRight: 489.727500
INFO:root:Looping....
DEBUG:root:This is the line: drive:53.072:-2.976

DEBUG:root:We got command: drive
DEBUG:root:We got a drive command: rawX:-2.976000 and rawY:53.072000
DEBUG:root:Forward to the Left/Straight
DEBUG:root:Left=-56.048000 Right=53.072000
DEBUG:root:ScaledLeft: 248.892000 ScaledRight: 494.412000
INFO:root:Looping....
DEBUG:root:This is the line: drive:54.822:-2.417

DEBUG:root:We got command: drive
DEBUG:root:We got a drive command: rawX:-2.417000 and rawY:54.822000
DEBUG:root:Forward to the Left/Straight
DEBUG:root:Left=-57.239000 Right=54.822000
DEBUG:root:ScaledLeft: 246.212250 ScaledRight: 498.349500
INFO:root:Looping....
DEBUG:root:This is the line: drive:56.915:-2.381

DEBUG:root:We got command: drive
DEBUG:root:We got a drive command: rawX:-2.381000 and rawY:56.915000
DEBUG:root:Forward to the Left/Straight
DEBUG:root:Left=-59.296000 Right=56.915000
DEBUG:root:ScaledLeft: 241.584000 ScaledRight: 503.058750
INFO:root:Looping....
DEBUG:root:This is the line: drive:58.597:-2.381

DEBUG:root:We got command: drive
DEBUG:root:We got a drive command: rawX:-2.381000 and rawY:58.597000
DEBUG:root:Forward to the Left/Straight
DEBUG:root:Left=-60.978000 Right=58.597000
DEBUG:root:ScaledLeft: 237.799500 ScaledRight: 506.843250
INFO:root:Looping....
DEBUG:root:This is the line: drive:61.405:-1.786

DEBUG:root:We got command: drive
DEBUG:root:We got a drive command: rawX:-1.786000 and rawY:61.405000
DEBUG:root:Forward to the Left/Straight
DEBUG:root:Left=-63.191000 Right=61.405000
DEBUG:root:ScaledLeft: 232.820250 ScaledRight: 513.161250
INFO:root:Looping....
DEBUG:root:This is the line: drive:63.286:-1.786

DEBUG:root:We got command: drive
DEBUG:root:We got a drive command: rawX:-1.786000 and rawY:63.286000
DEBUG:root:Forward to the Left/Straight
DEBUG:root:Left=-65.072000 Right=63.286000
DEBUG:root:ScaledLeft: 228.588000 ScaledRight: 517.393500
INFO:root:Looping....
DEBUG:root:This is the line: drive:64.293:-1.786

DEBUG:root:We got command: drive
DEBUG:root:We got a drive command: rawX:-1.786000 and rawY:64.293000
DEBUG:root:Forward to the Left/Straight
DEBUG:root:Left=-66.079000 Right=64.293000
DEBUG:root:ScaledLeft: 226.322250 ScaledRight: 519.659250
INFO:root:Looping....
DEBUG:root:This is the line: drive:65.774:-1.786

DEBUG:root:We got command: drive
DEBUG:root:We got a drive command: rawX:-1.786000 and rawY:65.774000
DEBUG:root:Forward to the Left/Straight
DEBUG:root:Left=-67.560000 Right=65.774000
DEBUG:root:ScaledLeft: 222.990000 ScaledRight: 522.991500
INFO:root:Looping....
DEBUG:root:This is the line: drive:66.631:-1.786

DEBUG:root:We got command: drive
DEBUG:root:We got a drive command: rawX:-1.786000 and rawY:66.631000
DEBUG:root:Forward to the Left/Straight
DEBUG:root:Left=-68.417000 Right=66.631000
DEBUG:root:ScaledLeft: 221.061750 ScaledRight: 524.919750
INFO:root:Looping....
DEBUG:root:This is the line: drive:67.837:-1.488

DEBUG:root:We got command: drive
DEBUG:root:We got a drive command: rawX:-1.488000 and rawY:67.837000
DEBUG:root:Forward to the Left/Straight
DEBUG:root:Left=-69.325000 Right=67.837000
DEBUG:root:ScaledLeft: 219.018750 ScaledRight: 527.633250
INFO:root:Looping....
DEBUG:root:This is the line: drive:68.714:-1.488

DEBUG:root:We got command: drive
DEBUG:root:We got a drive command: rawX:-1.488000 and rawY:68.714000
DEBUG:root:Forward to the Left/Straight
DEBUG:root:Left=-70.202000 Right=68.714000
DEBUG:root:ScaledLeft: 217.045500 ScaledRight: 529.606500
INFO:root:Looping....
DEBUG:root:This is the line: drive:69.224:-1.488

DEBUG:root:We got command: drive
DEBUG:root:We got a drive command: rawX:-1.488000 and rawY:69.224000
DEBUG:root:Forward to the Left/Straight
DEBUG:root:Left=-70.712000 Right=69.224000
DEBUG:root:ScaledLeft: 215.898000 ScaledRight: 530.754000
INFO:root:Looping....
DEBUG:root:This is the line: drive:70.133:-1.19

DEBUG:root:We got command: drive
DEBUG:root:We got a drive command: rawX:-1.190000 and rawY:70.133000
DEBUG:root:Forward to the Left/Straight
DEBUG:root:Left=-71.323000 Right=70.133000
DEBUG:root:ScaledLeft: 214.523250 ScaledRight: 532.799250
INFO:root:Looping....
DEBUG:root:This is the line: drive:70.92:-1.19

DEBUG:root:We got command: drive
DEBUG:root:We got a drive command: rawX:-1.190000 and rawY:70.920000
DEBUG:root:Forward to the Left/Straight
DEBUG:root:Left=-72.110000 Right=70.920000
DEBUG:root:ScaledLeft: 212.752500 ScaledRight: 534.570000
INFO:root:Looping....
DEBUG:root:This is the line: drive:71.496:-1.19

DEBUG:root:We got command: drive
DEBUG:root:We got a drive command: rawX:-1.190000 and rawY:71.496000
DEBUG:root:Forward to the Left/Straight
DEBUG:root:Left=-72.686000 Right=71.496000
DEBUG:root:ScaledLeft: 211.456500 ScaledRight: 535.866000
INFO:root:Looping....
DEBUG:root:This is the line: drive:72.038:-1.19

DEBUG:root:We got command: drive
DEBUG:root:We got a drive command: rawX:-1.190000 and rawY:72.038000
DEBUG:root:Forward to the Left/Straight
DEBUG:root:Left=-73.228000 Right=72.038000
DEBUG:root:ScaledLeft: 210.237000 ScaledRight: 537.085500
INFO:root:Looping....
DEBUG:root:This is the line: drive:72.601:-1.19

DEBUG:root:We got command: drive
DEBUG:root:We got a drive command: rawX:-1.190000 and rawY:72.601000
DEBUG:root:Forward to the Left/Straight
DEBUG:root:Left=-73.791000 Right=72.601000
DEBUG:root:ScaledLeft: 208.970250 ScaledRight: 538.352250
INFO:root:Looping....
DEBUG:root:This is the line: drive:72.571:-0.812

DEBUG:root:We got command: drive
DEBUG:root:We got a drive command: rawX:-0.812000 and rawY:72.571000
DEBUG:root:Forward to the Left/Straight
DEBUG:root:Left=-73.383000 Right=72.571000
DEBUG:root:ScaledLeft: 209.888250 ScaledRight: 538.284750
INFO:root:Looping....
DEBUG:root:This is the line: drive:72.934:-0.893

DEBUG:root:We got command: drive
DEBUG:root:We got a drive command: rawX:-0.893000 and rawY:72.934000
DEBUG:root:Forward to the Left/Straight
DEBUG:root:Left=-73.827000 Right=72.934000
DEBUG:root:ScaledLeft: 208.889250 ScaledRight: 539.101500
INFO:root:Looping....
DEBUG:root:This is the line: drive:73.473:-0.595

DEBUG:root:We got command: drive
DEBUG:root:We got a drive command: rawX:-0.595000 and rawY:73.473000
DEBUG:root:Forward to the Left/Straight
DEBUG:root:Left=-74.068000 Right=73.473000
DEBUG:root:ScaledLeft: 208.347000 ScaledRight: 540.314250
INFO:root:Looping....
DEBUG:root:This is the line: drive:73.721:-0.595

DEBUG:root:We got command: drive
DEBUG:root:We got a drive command: rawX:-0.595000 and rawY:73.721000
DEBUG:root:Forward to the Left/Straight
DEBUG:root:Left=-74.316000 Right=73.721000
DEBUG:root:ScaledLeft: 207.789000 ScaledRight: 540.872250
INFO:root:Looping....
DEBUG:root:This is the line: drive:74.714:-0.595

DEBUG:root:We got command: drive
DEBUG:root:We got a drive command: rawX:-0.595000 and rawY:74.714000
DEBUG:root:Forward to the Left/Straight
DEBUG:root:Left=-75.309000 Right=74.714000
DEBUG:root:ScaledLeft: 205.554750 ScaledRight: 543.106500
INFO:root:Looping....
DEBUG:root:This is the line: drive:74.714:-0.595

DEBUG:root:We got command: drive
DEBUG:root:We got a drive command: rawX:-0.595000 and rawY:74.714000
DEBUG:root:Forward to the Left/Straight
DEBUG:root:Left=-75.309000 Right=74.714000
DEBUG:root:ScaledLeft: 205.554750 ScaledRight: 543.106500
INFO:root:Looping....
DEBUG:root:This is the line: drive:74.714:-0.595

DEBUG:root:We got command: drive
DEBUG:root:We got a drive command: rawX:-0.595000 and rawY:74.714000
DEBUG:root:Forward to the Left/Straight
DEBUG:root:Left=-75.309000 Right=74.714000
DEBUG:root:ScaledLeft: 205.554750 ScaledRight: 543.106500
INFO:root:Looping....
DEBUG:root:This is the line: drive:74.87:-0.595

DEBUG:root:We got command: drive
DEBUG:root:We got a drive command: rawX:-0.595000 and rawY:74.870000
DEBUG:root:Forward to the Left/Straight
DEBUG:root:Left=-75.465000 Right=74.870000
DEBUG:root:ScaledLeft: 205.203750 ScaledRight: 543.457500
INFO:root:Looping....
DEBUG:root:This is the line: drive:75.196:-0.595

DEBUG:root:We got command: drive
DEBUG:root:We got a drive command: rawX:-0.595000 and rawY:75.196000
DEBUG:root:Forward to the Left/Straight
DEBUG:root:Left=-75.791000 Right=75.196000
DEBUG:root:ScaledLeft: 204.470250 ScaledRight: 544.191000
INFO:root:Looping....
DEBUG:root:This is the line: drive:75.47:-0.595

DEBUG:root:We got command: drive
DEBUG:root:We got a drive command: rawX:-0.595000 and rawY:75.470000
DEBUG:root:Forward to the Left/Straight
DEBUG:root:Left=-76.065000 Right=75.470000
DEBUG:root:ScaledLeft: 203.853750 ScaledRight: 544.807500
INFO:root:Looping....
DEBUG:root:This is the line: drive:76.022:-0.595

DEBUG:root:We got command: drive
DEBUG:root:We got a drive command: rawX:-0.595000 and rawY:76.022000
DEBUG:root:Forward to the Left/Straight
DEBUG:root:Left=-76.617000 Right=76.022000
DEBUG:root:ScaledLeft: 202.611750 ScaledRight: 546.049500
INFO:root:Looping....
DEBUG:root:This is the line: drive:76.294:-0.595

DEBUG:root:We got command: drive
DEBUG:root:We got a drive command: rawX:-0.595000 and rawY:76.294000
DEBUG:root:Forward to the Left/Straight
DEBUG:root:Left=-76.889000 Right=76.294000
DEBUG:root:ScaledLeft: 201.999750 ScaledRight: 546.661500
INFO:root:Looping....
DEBUG:root:This is the line: drive:76.626:-0.595

DEBUG:root:We got command: drive
DEBUG:root:We got a drive command: rawX:-0.595000 and rawY:76.626000
DEBUG:root:Forward to the Left/Straight
DEBUG:root:Left=-77.221000 Right=76.626000
DEBUG:root:ScaledLeft: 201.252750 ScaledRight: 547.408500
INFO:root:Looping....
DEBUG:root:This is the line: drive:76.893:-0.595

DEBUG:root:We got command: drive
DEBUG:root:We got a drive command: rawX:-0.595000 and rawY:76.893000
DEBUG:root:Forward to the Left/Straight
DEBUG:root:Left=-77.488000 Right=76.893000
DEBUG:root:ScaledLeft: 200.652000 ScaledRight: 548.009250
INFO:root:Looping....
DEBUG:root:This is the line: drive:77.459:-0.595

DEBUG:root:We got command: drive
DEBUG:root:We got a drive command: rawX:-0.595000 and rawY:77.459000
DEBUG:root:Forward to the Left/Straight
DEBUG:root:Left=-78.054000 Right=77.459000
DEBUG:root:ScaledLeft: 199.378500 ScaledRight: 549.282750
INFO:root:Looping....
DEBUG:root:This is the line: drive:77.768:-0.595

DEBUG:root:We got command: drive
DEBUG:root:We got a drive command: rawX:-0.595000 and rawY:77.768000
DEBUG:root:Forward to the Left/Straight
DEBUG:root:Left=-78.363000 Right=77.768000
DEBUG:root:ScaledLeft: 198.683250 ScaledRight: 549.978000
INFO:root:Looping....
DEBUG:root:This is the line: drive:78.651:-0.595

DEBUG:root:We got command: drive
DEBUG:root:We got a drive command: rawX:-0.595000 and rawY:78.651000
DEBUG:root:Forward to the Left/Straight
DEBUG:root:Left=-79.246000 Right=78.651000
DEBUG:root:ScaledLeft: 196.696500 ScaledRight: 551.964750
INFO:root:Looping....
DEBUG:root:This is the line: drive:79.252:-0.595

DEBUG:root:We got command: drive
DEBUG:root:We got a drive command: rawX:-0.595000 and rawY:79.252000
DEBUG:root:Forward to the Left/Straight
DEBUG:root:Left=-79.847000 Right=79.252000
DEBUG:root:ScaledLeft: 195.344250 ScaledRight: 553.317000
INFO:root:Looping....
DEBUG:root:This is the line: drive:79.475:-0.595

DEBUG:root:We got command: drive
DEBUG:root:We got a drive command: rawX:-0.595000 and rawY:79.475000
DEBUG:root:Forward to the Left/Straight
DEBUG:root:Left=-80.070000 Right=79.475000
DEBUG:root:ScaledLeft: 194.842500 ScaledRight: 553.818750
INFO:root:Looping....
DEBUG:root:This is the line: drive:79.916:-0.595

DEBUG:root:We got command: drive
DEBUG:root:We got a drive command: rawX:-0.595000 and rawY:79.916000
DEBUG:root:Forward to the Left/Straight
DEBUG:root:Left=-80.511000 Right=79.916000
DEBUG:root:ScaledLeft: 193.850250 ScaledRight: 554.811000
INFO:root:Looping....
DEBUG:root:This is the line: drive:80.143:-0.595

DEBUG:root:We got command: drive
DEBUG:root:We got a drive command: rawX:-0.595000 and rawY:80.143000
DEBUG:root:Forward to the Left/Straight
DEBUG:root:Left=-80.738000 Right=80.143000
DEBUG:root:ScaledLeft: 193.339500 ScaledRight: 555.321750
INFO:root:Looping....
DEBUG:root:This is the line: drive:80.331:-0.595

DEBUG:root:We got command: drive
DEBUG:root:We got a drive command: rawX:-0.595000 and rawY:80.331000
DEBUG:root:Forward to the Left/Straight
DEBUG:root:Left=-80.926000 Right=80.331000
DEBUG:root:ScaledLeft: 192.916500 ScaledRight: 555.744750
INFO:root:Looping....
DEBUG:root:This is the line: drive:80.331:-0.595

DEBUG:root:We got command: drive
DEBUG:root:We got a drive command: rawX:-0.595000 and rawY:80.331000
DEBUG:root:Forward to the Left/Straight
DEBUG:root:Left=-80.926000 Right=80.331000
DEBUG:root:ScaledLeft: 192.916500 ScaledRight: 555.744750
INFO:root:Looping....
DEBUG:root:This is the line: drive:80.92:-0.595

DEBUG:root:We got command: drive
DEBUG:root:We got a drive command: rawX:-0.595000 and rawY:80.920000
DEBUG:root:Forward to the Left/Straight
DEBUG:root:Left=-81.515000 Right=80.920000
DEBUG:root:ScaledLeft: 191.591250 ScaledRight: 557.070000
INFO:root:Looping....
DEBUG:root:This is the line: drive:80.857:-0.229

DEBUG:root:We got command: drive
DEBUG:root:We got a drive command: rawX:-0.229000 and rawY:80.857000
DEBUG:root:Forward to the Left/Straight
DEBUG:root:Left=-81.086000 Right=80.857000
DEBUG:root:ScaledLeft: 192.556500 ScaledRight: 556.928250
INFO:root:Looping....
DEBUG:root:This is the line: drive:80.857:-0.229

DEBUG:root:We got command: drive
DEBUG:root:We got a drive command: rawX:-0.229000 and rawY:80.857000
DEBUG:root:Forward to the Left/Straight
DEBUG:root:Left=-81.086000 Right=80.857000
DEBUG:root:ScaledLeft: 192.556500 ScaledRight: 556.928250
INFO:root:Looping....
DEBUG:root:This is the line: drive:80.857:-0.229

DEBUG:root:We got command: drive
DEBUG:root:We got a drive command: rawX:-0.229000 and rawY:80.857000
DEBUG:root:Forward to the Left/Straight
DEBUG:root:Left=-81.086000 Right=80.857000
DEBUG:root:ScaledLeft: 192.556500 ScaledRight: 556.928250
INFO:root:Looping....
DEBUG:root:This is the line: drive:80.857:0.015

DEBUG:root:We got command: drive
DEBUG:root:We got a drive command: rawX:0.015000 and rawY:80.857000
DEBUG:root:Forward to the Right
DEBUG:root:Left=-80.857000 Right=80.842000
DEBUG:root:ScaledLeft: 193.071750 ScaledRight: 556.894500
INFO:root:Looping....
DEBUG:root:This is the line: drive:77.362:0.0

DEBUG:root:We got command: drive
DEBUG:root:We got a drive command: rawX:0.000000 and rawY:77.362000
DEBUG:root:Forward to the Left/Straight
DEBUG:root:Left=-77.362000 Right=77.362000
DEBUG:root:ScaledLeft: 200.935500 ScaledRight: 549.064500
INFO:root:Looping....
DEBUG:root:This is the line: drive:73.284:0.0

DEBUG:root:We got command: drive
DEBUG:root:We got a drive command: rawX:0.000000 and rawY:73.284000
DEBUG:root:Forward to the Left/Straight
DEBUG:root:Left=-73.284000 Right=73.284000
DEBUG:root:ScaledLeft: 210.111000 ScaledRight: 539.889000
INFO:root:Looping....
DEBUG:root:This is the line: drive:69.466:0.0

DEBUG:root:We got command: drive
DEBUG:root:We got a drive command: rawX:0.000000 and rawY:69.466000
DEBUG:root:Forward to the Left/Straight
DEBUG:root:Left=-69.466000 Right=69.466000
DEBUG:root:ScaledLeft: 218.701500 ScaledRight: 531.298500
INFO:root:Looping....
DEBUG:root:This is the line: drive:63.087:0.0

DEBUG:root:We got command: drive
DEBUG:root:We got a drive command: rawX:0.000000 and rawY:63.087000
DEBUG:root:Forward to the Left/Straight
DEBUG:root:Left=-63.087000 Right=63.087000
DEBUG:root:ScaledLeft: 233.054250 ScaledRight: 516.945750
INFO:root:Looping....
DEBUG:root:This is the line: drive:55.286:0.0

DEBUG:root:We got command: drive
DEBUG:root:We got a drive command: rawX:0.000000 and rawY:55.286000
DEBUG:root:Forward to the Left/Straight
DEBUG:root:Left=-55.286000 Right=55.286000
DEBUG:root:ScaledLeft: 250.606500 ScaledRight: 499.393500
INFO:root:Looping....
DEBUG:root:This is the line: drive:46.422:0.0

DEBUG:root:We got command: drive
DEBUG:root:We got a drive command: rawX:0.000000 and rawY:46.422000
DEBUG:root:Forward to the Left/Straight
DEBUG:root:Left=-46.422000 Right=46.422000
DEBUG:root:ScaledLeft: 270.550500 ScaledRight: 479.449500
INFO:root:Looping....
DEBUG:root:This is the line: drive:35.776:0.298

DEBUG:root:We got command: drive
DEBUG:root:We got a drive command: rawX:0.298000 and rawY:35.776000
DEBUG:root:Forward to the Right
DEBUG:root:Left=-35.776000 Right=35.478000
DEBUG:root:ScaledLeft: 294.504000 ScaledRight: 454.825500
INFO:root:Looping....
DEBUG:root:This is the line: drive:28.262:0.298

DEBUG:root:We got command: drive
DEBUG:root:We got a drive command: rawX:0.298000 and rawY:28.262000
DEBUG:root:Forward to the Right
DEBUG:root:Left=-28.262000 Right=27.964000
DEBUG:root:ScaledLeft: 311.410500 ScaledRight: 437.919000
INFO:root:Looping....
DEBUG:root:This is the line: drive:18.415:0.595

DEBUG:root:We got command: drive
DEBUG:root:We got a drive command: rawX:0.595000 and rawY:18.415000
DEBUG:root:Forward to the Right
DEBUG:root:Left=-18.415000 Right=17.820000
DEBUG:root:ScaledLeft: 333.566250 ScaledRight: 415.095000
INFO:root:Looping....
DEBUG:root:This is the line: drive:9.0:1.19

DEBUG:root:We got command: drive
DEBUG:root:We got a drive command: rawX:1.190000 and rawY:9.000000
DEBUG:root:Forward to the Right
DEBUG:root:Left=-9.000000 Right=7.810000
DEBUG:root:ScaledLeft: 354.750000 ScaledRight: 392.572500
INFO:root:Looping....
DEBUG:root:This is the line: drive:0.531:1.488

DEBUG:root:We got command: drive
DEBUG:root:We got a drive command: rawX:1.488000 and rawY:0.531000
DEBUG:root:Forward to the Right
DEBUG:root:Left=-0.531000 Right=-0.957000
DEBUG:root:ScaledLeft: 373.805250 ScaledRight: 372.846750
INFO:root:Looping....
DEBUG:root:This is the line: drive:-6.402:1.786

DEBUG:root:We got command: drive
DEBUG:root:We got a drive command: rawX:1.786000 and rawY:-6.402000
DEBUG:root:Reverse to the Right
DEBUG:root:Left=6.402000 Right=-8.188000
DEBUG:root:ScaledLeft: 389.404500 ScaledRight: 356.577000
INFO:root:Looping....
DEBUG:root:This is the line: drive:-11.973:2.679

DEBUG:root:We got command: drive
DEBUG:root:We got a drive command: rawX:2.679000 and rawY:-11.973000
DEBUG:root:Reverse to the Right
DEBUG:root:Left=11.973000 Right=-14.652000
DEBUG:root:ScaledLeft: 401.939250 ScaledRight: 342.033000
INFO:root:Looping....
DEBUG:root:This is the line: drive:-18.403:3.274

DEBUG:root:We got command: drive
DEBUG:root:We got a drive command: rawX:3.274000 and rawY:-18.403000
DEBUG:root:Reverse to the Right
DEBUG:root:Left=18.403000 Right=-21.677000
DEBUG:root:ScaledLeft: 416.406750 ScaledRight: 326.226750
INFO:root:Looping....
DEBUG:root:This is the line: drive:-23.132:3.274

DEBUG:root:We got command: drive
DEBUG:root:We got a drive command: rawX:3.274000 and rawY:-23.132000
DEBUG:root:Reverse to the Right
DEBUG:root:Left=23.132000 Right=-26.406000
DEBUG:root:ScaledLeft: 427.047000 ScaledRight: 315.586500
INFO:root:Looping....
DEBUG:root:This is the line: drive:-27.328:3.571

DEBUG:root:We got command: drive
DEBUG:root:We got a drive command: rawX:3.571000 and rawY:-27.328000
DEBUG:root:Reverse to the Right
DEBUG:root:Left=27.328000 Right=-30.899000
DEBUG:root:ScaledLeft: 436.488000 ScaledRight: 305.477250
INFO:root:Looping....
DEBUG:root:This is the line: drive:-31.429:4.018

DEBUG:root:We got command: drive
DEBUG:root:We got a drive command: rawX:4.018000 and rawY:-31.429000
DEBUG:root:Reverse to the Right
DEBUG:root:Left=31.429000 Right=-35.447000
DEBUG:root:ScaledLeft: 445.715250 ScaledRight: 295.244250
INFO:root:Looping....
DEBUG:root:This is the line: drive:-35.075:4.167

DEBUG:root:We got command: drive
DEBUG:root:We got a drive command: rawX:4.167000 and rawY:-35.075000
DEBUG:root:Reverse to the Right
DEBUG:root:Left=35.075000 Right=-39.242000
DEBUG:root:ScaledLeft: 453.918750 ScaledRight: 286.705500
INFO:root:Looping....
DEBUG:root:This is the line: drive:-39.228:4.167

DEBUG:root:We got command: drive
DEBUG:root:We got a drive command: rawX:4.167000 and rawY:-39.228000
DEBUG:root:Reverse to the Right
DEBUG:root:Left=39.228000 Right=-43.395000
DEBUG:root:ScaledLeft: 463.263000 ScaledRight: 277.361250
INFO:root:Looping....
DEBUG:root:This is the line: drive:-44.005:4.464

DEBUG:root:We got command: drive
DEBUG:root:We got a drive command: rawX:4.464000 and rawY:-44.005000
DEBUG:root:Reverse to the Right
DEBUG:root:Left=44.005000 Right=-48.469000
DEBUG:root:ScaledLeft: 474.011250 ScaledRight: 265.944750
INFO:root:Looping....
DEBUG:root:This is the line: drive:-46.203:4.464

DEBUG:root:We got command: drive
DEBUG:root:We got a drive command: rawX:4.464000 and rawY:-46.203000
DEBUG:root:Reverse to the Right
DEBUG:root:Left=46.203000 Right=-50.667000
DEBUG:root:ScaledLeft: 478.956750 ScaledRight: 260.999250
INFO:root:Looping....
DEBUG:root:This is the line: drive:-48.147:4.464

DEBUG:root:We got command: drive
DEBUG:root:We got a drive command: rawX:4.464000 and rawY:-48.147000
DEBUG:root:Reverse to the Right
DEBUG:root:Left=48.147000 Right=-52.611000
DEBUG:root:ScaledLeft: 483.330750 ScaledRight: 256.625250
INFO:root:Looping....
DEBUG:root:This is the line: drive:-50.137:4.464

DEBUG:root:We got command: drive
DEBUG:root:We got a drive command: rawX:4.464000 and rawY:-50.137000
DEBUG:root:Reverse to the Right
DEBUG:root:Left=50.137000 Right=-54.601000
DEBUG:root:ScaledLeft: 487.808250 ScaledRight: 252.147750
INFO:root:Looping....
DEBUG:root:This is the line: drive:-53.019:4.464

DEBUG:root:We got command: drive
DEBUG:root:We got a drive command: rawX:4.464000 and rawY:-53.019000
DEBUG:root:Reverse to the Right
DEBUG:root:Left=53.019000 Right=-57.483000
DEBUG:root:ScaledLeft: 494.292750 ScaledRight: 245.663250
INFO:root:Looping....
DEBUG:root:This is the line: drive:-55.295:4.464

DEBUG:root:We got command: drive
DEBUG:root:We got a drive command: rawX:4.464000 and rawY:-55.295000
DEBUG:root:Reverse to the Right
DEBUG:root:Left=55.295000 Right=-59.759000
DEBUG:root:ScaledLeft: 499.413750 ScaledRight: 240.542250
INFO:root:Looping....
DEBUG:root:This is the line: drive:-57.924:4.464

DEBUG:root:We got command: drive
DEBUG:root:We got a drive command: rawX:4.464000 and rawY:-57.924000
DEBUG:root:Reverse to the Right
DEBUG:root:Left=57.924000 Right=-62.388000
DEBUG:root:ScaledLeft: 505.329000 ScaledRight: 234.627000
INFO:root:Looping....
DEBUG:root:This is the line: drive:-60.324:4.464

DEBUG:root:We got command: drive
DEBUG:root:We got a drive command: rawX:4.464000 and rawY:-60.324000
DEBUG:root:Reverse to the Right
DEBUG:root:Left=60.324000 Right=-64.788000
DEBUG:root:ScaledLeft: 510.729000 ScaledRight: 229.227000
INFO:root:Looping....
DEBUG:root:This is the line: drive:-62.345:4.464

DEBUG:root:We got command: drive
DEBUG:root:We got a drive command: rawX:4.464000 and rawY:-62.345000
DEBUG:root:Reverse to the Right
DEBUG:root:Left=62.345000 Right=-66.809000
DEBUG:root:ScaledLeft: 515.276250 ScaledRight: 224.679750
INFO:root:Looping....
DEBUG:root:This is the line: drive:-64.367:4.464

DEBUG:root:We got command: drive
DEBUG:root:We got a drive command: rawX:4.464000 and rawY:-64.367000
DEBUG:root:Reverse to the Right
DEBUG:root:Left=64.367000 Right=-68.831000
DEBUG:root:ScaledLeft: 519.825750 ScaledRight: 220.130250
INFO:root:Looping....
DEBUG:root:This is the line: drive:-66.04:4.464

DEBUG:root:We got command: drive
DEBUG:root:We got a drive command: rawX:4.464000 and rawY:-66.040000
DEBUG:root:Reverse to the Right
DEBUG:root:Left=66.040000 Right=-70.504000
DEBUG:root:ScaledLeft: 523.590000 ScaledRight: 216.366000
INFO:root:Looping....
DEBUG:root:This is the line: drive:-68.334:4.464

DEBUG:root:We got command: drive
DEBUG:root:We got a drive command: rawX:4.464000 and rawY:-68.334000
DEBUG:root:Reverse to the Right
DEBUG:root:Left=68.334000 Right=-72.798000
DEBUG:root:ScaledLeft: 528.751500 ScaledRight: 211.204500
INFO:root:Looping....
DEBUG:root:This is the line: drive:-70.56:4.464

DEBUG:root:We got command: drive
DEBUG:root:We got a drive command: rawX:4.464000 and rawY:-70.560000
DEBUG:root:Reverse to the Right
DEBUG:root:Left=70.560000 Right=-75.024000
DEBUG:root:ScaledLeft: 533.760000 ScaledRight: 206.196000
INFO:root:Looping....
DEBUG:root:This is the line: drive:-74.668:4.464

DEBUG:root:We got command: drive
DEBUG:root:We got a drive command: rawX:4.464000 and rawY:-74.668000
DEBUG:root:Reverse to the Right
DEBUG:root:Left=74.668000 Right=-79.132000
DEBUG:root:ScaledLeft: 543.003000 ScaledRight: 196.953000
INFO:root:Looping....
DEBUG:root:This is the line: drive:-77.959:4.464

DEBUG:root:We got command: drive
DEBUG:root:We got a drive command: rawX:4.464000 and rawY:-77.959000
DEBUG:root:Reverse to the Right
DEBUG:root:Left=77.959000 Right=-82.423000
DEBUG:root:ScaledLeft: 550.407750 ScaledRight: 189.548250
INFO:root:Looping....
DEBUG:root:This is the line: drive:-80.409:4.464

DEBUG:root:We got command: drive
DEBUG:root:We got a drive command: rawX:4.464000 and rawY:-80.409000
DEBUG:root:Reverse to the Right
DEBUG:root:Left=80.409000 Right=-84.873000
DEBUG:root:ScaledLeft: 555.920250 ScaledRight: 184.035750
INFO:root:Looping....
DEBUG:root:This is the line: drive:-82.763:4.464

DEBUG:root:We got command: drive
DEBUG:root:We got a drive command: rawX:4.464000 and rawY:-82.763000
DEBUG:root:Reverse to the Right
DEBUG:root:Left=82.763000 Right=-87.227000
DEBUG:root:ScaledLeft: 561.216750 ScaledRight: 178.739250
INFO:root:Looping....
DEBUG:root:This is the line: drive:-85.457:4.464

DEBUG:root:We got command: drive
DEBUG:root:We got a drive command: rawX:4.464000 and rawY:-85.457000
DEBUG:root:Reverse to the Right
DEBUG:root:Left=85.457000 Right=-89.921000
DEBUG:root:ScaledLeft: 567.278250 ScaledRight: 172.677750
INFO:root:Looping....
DEBUG:root:This is the line: drive:-87.53:5.06

DEBUG:root:We got command: drive
DEBUG:root:We got a drive command: rawX:5.060000 and rawY:-87.530000
DEBUG:root:Reverse to the Right
DEBUG:root:Left=87.530000 Right=-92.590000
DEBUG:root:ScaledLeft: 571.942500 ScaledRight: 166.672500
INFO:root:Looping....
DEBUG:root:This is the line: drive:-89.353:5.06

DEBUG:root:We got command: drive
DEBUG:root:We got a drive command: rawX:5.060000 and rawY:-89.353000
DEBUG:root:Reverse to the Right
DEBUG:root:Left=89.353000 Right=-94.413000
DEBUG:root:ScaledLeft: 576.044250 ScaledRight: 162.570750
INFO:root:Looping....
DEBUG:root:This is the line: drive:-91.363:5.06

DEBUG:root:We got command: drive
DEBUG:root:We got a drive command: rawX:5.060000 and rawY:-91.363000
DEBUG:root:Reverse to the Right
DEBUG:root:Left=91.363000 Right=-96.423000
DEBUG:root:ScaledLeft: 580.566750 ScaledRight: 158.048250
INFO:root:Looping....
DEBUG:root:This is the line: drive:-93.447:5.06

DEBUG:root:We got command: drive
DEBUG:root:We got a drive command: rawX:5.060000 and rawY:-93.447000
DEBUG:root:Reverse to the Right
DEBUG:root:Left=93.447000 Right=-98.507000
DEBUG:root:ScaledLeft: 585.255750 ScaledRight: 153.359250
INFO:root:Looping....
DEBUG:root:This is the line: drive:-95.896:5.357

DEBUG:root:We got command: drive
DEBUG:root:We got a drive command: rawX:5.357000 and rawY:-95.896000
DEBUG:root:Reverse to the Right
DEBUG:root:Left=95.896000 Right=-101.253000
DEBUG:root:ScaledLeft: 590.766000 ScaledRight: 147.180750
INFO:root:Looping....
DEBUG:root:This is the line: drive:-96.714:5.357

DEBUG:root:We got command: drive
DEBUG:root:We got a drive command: rawX:5.357000 and rawY:-96.714000
DEBUG:root:Reverse to the Right
DEBUG:root:Left=96.714000 Right=-102.071000
DEBUG:root:ScaledLeft: 592.606500 ScaledRight: 145.340250
INFO:root:Looping....
DEBUG:root:This is the line: drive:-97.304:5.357

DEBUG:root:We got command: drive
DEBUG:root:We got a drive command: rawX:5.357000 and rawY:-97.304000
DEBUG:root:Reverse to the Right
DEBUG:root:Left=97.304000 Right=-102.661000
DEBUG:root:ScaledLeft: 593.934000 ScaledRight: 144.012750
INFO:root:Looping....
DEBUG:root:This is the line: drive:-97.731:5.357

DEBUG:root:We got command: drive
DEBUG:root:We got a drive command: rawX:5.357000 and rawY:-97.731000
DEBUG:root:Reverse to the Right
DEBUG:root:Left=97.731000 Right=-103.088000
DEBUG:root:ScaledLeft: 594.894750 ScaledRight: 143.052000
INFO:root:Looping....
DEBUG:root:This is the line: drive:-98.06:5.357

DEBUG:root:We got command: drive
DEBUG:root:We got a drive command: rawX:5.357000 and rawY:-98.060000
DEBUG:root:Reverse to the Right
DEBUG:root:Left=98.060000 Right=-103.417000
DEBUG:root:ScaledLeft: 595.635000 ScaledRight: 142.311750
INFO:root:Looping....
DEBUG:root:This is the line: drive:-98.69:5.357

DEBUG:root:We got command: drive
DEBUG:root:We got a drive command: rawX:5.357000 and rawY:-98.690000
DEBUG:root:Reverse to the Right
DEBUG:root:Left=98.690000 Right=-104.047000
DEBUG:root:ScaledLeft: 597.052500 ScaledRight: 140.894250
INFO:root:Looping....
DEBUG:root:This is the line: drive:-98.91:5.357

DEBUG:root:We got command: drive
DEBUG:root:We got a drive command: rawX:5.357000 and rawY:-98.910000
DEBUG:root:Reverse to the Right
DEBUG:root:Left=98.910000 Right=-104.267000
DEBUG:root:ScaledLeft: 597.547500 ScaledRight: 140.399250
INFO:root:Looping....
DEBUG:root:This is the line: drive:-99.547:5.357

DEBUG:root:We got command: drive
DEBUG:root:We got a drive command: rawX:5.357000 and rawY:-99.547000
DEBUG:root:Reverse to the Right
DEBUG:root:Left=99.547000 Right=-104.904000
DEBUG:root:ScaledLeft: 598.980750 ScaledRight: 138.966000
INFO:root:Looping....
DEBUG:root:This is the line: drive:-99.75:5.357

DEBUG:root:We got command: drive
DEBUG:root:We got a drive command: rawX:5.357000 and rawY:-99.750000
DEBUG:root:Reverse to the Right
DEBUG:root:Left=99.750000 Right=-105.107000
DEBUG:root:ScaledLeft: 599.437500 ScaledRight: 138.509250
INFO:root:Looping....
DEBUG:root:This is the line: drive:-100.015:5.357

DEBUG:root:We got command: drive
DEBUG:root:We got a drive command: rawX:5.357000 and rawY:-100.015000
DEBUG:root:Reverse to the Right
DEBUG:root:Left=100.015000 Right=-105.372000
DEBUG:root:ScaledLeft: 600.033750 ScaledRight: 137.913000
INFO:root:Looping....
DEBUG:root:This is the line: drive:-100.015:5.357

DEBUG:root:We got command: drive
DEBUG:root:We got a drive command: rawX:5.357000 and rawY:-100.015000
DEBUG:root:Reverse to the Right
DEBUG:root:Left=100.015000 Right=-105.372000
DEBUG:root:ScaledLeft: 600.033750 ScaledRight: 137.913000
INFO:root:Looping....
DEBUG:root:This is the line: drive:-100.315:5.357

DEBUG:root:We got command: drive
DEBUG:root:We got a drive command: rawX:5.357000 and rawY:-100.315000
DEBUG:root:Reverse to the Right
DEBUG:root:Left=100.315000 Right=-105.672000
DEBUG:root:ScaledLeft: 600.708750 ScaledRight: 137.238000
INFO:root:Looping....
DEBUG:root:This is the line: drive:-100.315:5.357

DEBUG:root:We got command: drive
DEBUG:root:We got a drive command: rawX:5.357000 and rawY:-100.315000
DEBUG:root:Reverse to the Right
DEBUG:root:Left=100.315000 Right=-105.672000
DEBUG:root:ScaledLeft: 600.708750 ScaledRight: 137.238000
INFO:root:Looping....
DEBUG:root:This is the line: drive:-100.315:5.357

DEBUG:root:We got command: drive
DEBUG:root:We got a drive command: rawX:5.357000 and rawY:-100.315000
DEBUG:root:Reverse to the Right
DEBUG:root:Left=100.315000 Right=-105.672000
DEBUG:root:ScaledLeft: 600.708750 ScaledRight: 137.238000
INFO:root:Looping....
DEBUG:root:This is the line: drive:-100.315:5.357

DEBUG:root:We got command: drive
DEBUG:root:We got a drive command: rawX:5.357000 and rawY:-100.315000
DEBUG:root:Reverse to the Right
DEBUG:root:Left=100.315000 Right=-105.672000
DEBUG:root:ScaledLeft: 600.708750 ScaledRight: 137.238000
INFO:root:Looping....
DEBUG:root:This is the line: drive:-100.315:5.357

DEBUG:root:We got command: drive
DEBUG:root:We got a drive command: rawX:5.357000 and rawY:-100.315000
DEBUG:root:Reverse to the Right
DEBUG:root:Left=100.315000 Right=-105.672000
DEBUG:root:ScaledLeft: 600.708750 ScaledRight: 137.238000
INFO:root:Looping....
DEBUG:root:This is the line: drive:-100.315:5.357

DEBUG:root:We got command: drive
DEBUG:root:We got a drive command: rawX:5.357000 and rawY:-100.315000
DEBUG:root:Reverse to the Right
DEBUG:root:Left=100.315000 Right=-105.672000
DEBUG:root:ScaledLeft: 600.708750 ScaledRight: 137.238000
INFO:root:Looping....
DEBUG:root:This is the line: drive:-100.315:5.357

DEBUG:root:We got command: drive
DEBUG:root:We got a drive command: rawX:5.357000 and rawY:-100.315000
DEBUG:root:Reverse to the Right
DEBUG:root:Left=100.315000 Right=-105.672000
DEBUG:root:ScaledLeft: 600.708750 ScaledRight: 137.238000
INFO:root:Looping....
DEBUG:root:This is the line: drive:-100.315:5.357

DEBUG:root:We got command: drive
DEBUG:root:We got a drive command: rawX:5.357000 and rawY:-100.315000
DEBUG:root:Reverse to the Right
DEBUG:root:Left=100.315000 Right=-105.672000
DEBUG:root:ScaledLeft: 600.708750 ScaledRight: 137.238000
INFO:root:Looping....
DEBUG:root:This is the line: drive:-100.315:5.357

DEBUG:root:We got command: drive
DEBUG:root:We got a drive command: rawX:5.357000 and rawY:-100.315000
DEBUG:root:Reverse to the Right
DEBUG:root:Left=100.315000 Right=-105.672000
DEBUG:root:ScaledLeft: 600.708750 ScaledRight: 137.238000
INFO:root:Looping....
DEBUG:root:This is the line: drive:-100.315:5.357

DEBUG:root:We got command: drive
DEBUG:root:We got a drive command: rawX:5.357000 and rawY:-100.315000
DEBUG:root:Reverse to the Right
DEBUG:root:Left=100.315000 Right=-105.672000
DEBUG:root:ScaledLeft: 600.708750 ScaledRight: 137.238000
INFO:root:Looping....
DEBUG:root:This is the line: drive:-98.985:4.3

DEBUG:root:We got command: drive
DEBUG:root:We got a drive command: rawX:4.300000 and rawY:-98.985000
DEBUG:root:Reverse to the Right
DEBUG:root:Left=98.985000 Right=-103.285000
DEBUG:root:ScaledLeft: 597.716250 ScaledRight: 142.608750
INFO:root:Looping....
DEBUG:root:This is the line: drive:-97.98:3.253

DEBUG:root:We got command: drive
DEBUG:root:We got a drive command: rawX:3.253000 and rawY:-97.980000
DEBUG:root:Reverse to the Right
DEBUG:root:Left=97.980000 Right=-101.233000
DEBUG:root:ScaledLeft: 595.455000 ScaledRight: 147.225750
INFO:root:Looping....
DEBUG:root:This is the line: drive:-95.21:0.14

DEBUG:root:We got command: drive
DEBUG:root:We got a drive command: rawX:0.140000 and rawY:-95.210000
DEBUG:root:Reverse to the Right
DEBUG:root:Left=95.210000 Right=-95.350000
DEBUG:root:ScaledLeft: 589.222500 ScaledRight: 160.462500
INFO:root:Looping....
DEBUG:root:This is the line: drive:-93.286:-2.827

DEBUG:root:We got command: drive
DEBUG:root:We got a drive command: rawX:-2.827000 and rawY:-93.286000
DEBUG:root:Reverse to the Left/Straight
DEBUG:root:Left=90.459000 Right=-93.286000
DEBUG:root:ScaledLeft: 578.532750 ScaledRight: 165.106500
INFO:root:Looping....
DEBUG:root:This is the line: drive:-90.296:-6.527

DEBUG:root:We got command: drive
DEBUG:root:We got a drive command: rawX:-6.527000 and rawY:-90.296000
DEBUG:root:Reverse to the Left/Straight
DEBUG:root:Left=83.769000 Right=-90.296000
DEBUG:root:ScaledLeft: 563.480250 ScaledRight: 171.834000
INFO:root:Looping....
DEBUG:root:This is the line: drive:-88.246:-9.268

DEBUG:root:We got command: drive
DEBUG:root:We got a drive command: rawX:-9.268000 and rawY:-88.246000
DEBUG:root:Reverse to the Left/Straight
DEBUG:root:Left=78.978000 Right=-88.246000
DEBUG:root:ScaledLeft: 552.700500 ScaledRight: 176.446500
INFO:root:Looping....
DEBUG:root:This is the line: drive:-86.581:-11.002

DEBUG:root:We got command: drive
DEBUG:root:We got a drive command: rawX:-11.002000 and rawY:-86.581000
DEBUG:root:Reverse to the Left/Straight
DEBUG:root:Left=75.579000 Right=-86.581000
DEBUG:root:ScaledLeft: 545.052750 ScaledRight: 180.192750
INFO:root:Looping....
DEBUG:root:This is the line: drive:-84.557:-13.111

DEBUG:root:We got command: drive
DEBUG:root:We got a drive command: rawX:-13.111000 and rawY:-84.557000
DEBUG:root:Reverse to the Left/Straight
DEBUG:root:Left=71.446000 Right=-84.557000
DEBUG:root:ScaledLeft: 535.753500 ScaledRight: 184.746750
INFO:root:Looping....
DEBUG:root:This is the line: drive:-83.156:-15.165

DEBUG:root:We got command: drive
DEBUG:root:We got a drive command: rawX:-15.165000 and rawY:-83.156000
DEBUG:root:Reverse to the Left/Straight
DEBUG:root:Left=67.991000 Right=-83.156000
DEBUG:root:ScaledLeft: 527.979750 ScaledRight: 187.899000
INFO:root:Looping....
DEBUG:root:This is the line: drive:-82.857:-16.881

DEBUG:root:We got command: drive
DEBUG:root:We got a drive command: rawX:-16.881000 and rawY:-82.857000
DEBUG:root:Reverse to the Left/Straight
DEBUG:root:Left=65.976000 Right=-82.857000
DEBUG:root:ScaledLeft: 523.446000 ScaledRight: 188.571750
INFO:root:Looping....
DEBUG:root:This is the line: drive:-81.141:-22.027

DEBUG:root:We got command: drive
DEBUG:root:We got a drive command: rawX:-22.027000 and rawY:-81.141000
DEBUG:root:Reverse to the Left/Straight
DEBUG:root:Left=59.114000 Right=-81.141000
DEBUG:root:ScaledLeft: 508.006500 ScaledRight: 192.432750
INFO:root:Looping....
DEBUG:root:This is the line: drive:-80.286:-25.994

DEBUG:root:We got command: drive
DEBUG:root:We got a drive command: rawX:-25.994000 and rawY:-80.286000
DEBUG:root:Reverse to the Left/Straight
DEBUG:root:Left=54.292000 Right=-80.286000
DEBUG:root:ScaledLeft: 497.157000 ScaledRight: 194.356500
INFO:root:Looping....
DEBUG:root:This is the line: drive:-79.714:-32.161

DEBUG:root:We got command: drive
DEBUG:root:We got a drive command: rawX:-32.161000 and rawY:-79.714000
DEBUG:root:Reverse to the Left/Straight
DEBUG:root:Left=47.553000 Right=-79.714000
DEBUG:root:ScaledLeft: 481.994250 ScaledRight: 195.643500
INFO:root:Looping....
DEBUG:root:This is the line: drive:-79.714:-38.244

DEBUG:root:We got command: drive
DEBUG:root:We got a drive command: rawX:-38.244000 and rawY:-79.714000
DEBUG:root:Reverse to the Left/Straight
DEBUG:root:Left=41.470000 Right=-79.714000
DEBUG:root:ScaledLeft: 468.307500 ScaledRight: 195.643500
INFO:root:Looping....
DEBUG:root:This is the line: drive:-79.714:-41.874

DEBUG:root:We got command: drive
DEBUG:root:We got a drive command: rawX:-41.874000 and rawY:-79.714000
DEBUG:root:Reverse to the Left/Straight
DEBUG:root:Left=37.840000 Right=-79.714000
DEBUG:root:ScaledLeft: 460.140000 ScaledRight: 195.643500
INFO:root:Looping....
DEBUG:root:This is the line: drive:-79.714:-45.986

DEBUG:root:We got command: drive
DEBUG:root:We got a drive command: rawX:-45.986000 and rawY:-79.714000
DEBUG:root:Reverse to the Left/Straight
DEBUG:root:Left=33.728000 Right=-79.714000
DEBUG:root:ScaledLeft: 450.888000 ScaledRight: 195.643500
INFO:root:Looping....
DEBUG:root:This is the line: drive:-79.714:-49.415

DEBUG:root:We got command: drive
DEBUG:root:We got a drive command: rawX:-49.415000 and rawY:-79.714000
DEBUG:root:Reverse to the Left/Straight
DEBUG:root:Left=30.299000 Right=-79.714000
DEBUG:root:ScaledLeft: 443.172750 ScaledRight: 195.643500
INFO:root:Looping....
DEBUG:root:This is the line: drive:-79.714:-53.527

DEBUG:root:We got command: drive
DEBUG:root:We got a drive command: rawX:-53.527000 and rawY:-79.714000
DEBUG:root:Reverse to the Left/Straight
DEBUG:root:Left=26.187000 Right=-79.714000
DEBUG:root:ScaledLeft: 433.920750 ScaledRight: 195.643500
INFO:root:Looping....
DEBUG:root:This is the line: drive:-79.714:-57.392

DEBUG:root:We got command: drive
DEBUG:root:We got a drive command: rawX:-57.392000 and rawY:-79.714000
DEBUG:root:Reverse to the Left/Straight
DEBUG:root:Left=22.322000 Right=-79.714000
DEBUG:root:ScaledLeft: 425.224500 ScaledRight: 195.643500
INFO:root:Looping....
DEBUG:root:This is the line: drive:-79.714:-61.583

DEBUG:root:We got command: drive
DEBUG:root:We got a drive command: rawX:-61.583000 and rawY:-79.714000
DEBUG:root:Reverse to the Left/Straight
DEBUG:root:Left=18.131000 Right=-79.714000
DEBUG:root:ScaledLeft: 415.794750 ScaledRight: 195.643500
INFO:root:Looping....
DEBUG:root:This is the line: drive:-79.714:-63.939

DEBUG:root:We got command: drive
DEBUG:root:We got a drive command: rawX:-63.939000 and rawY:-79.714000
DEBUG:root:Reverse to the Left/Straight
DEBUG:root:Left=15.775000 Right=-79.714000
DEBUG:root:ScaledLeft: 410.493750 ScaledRight: 195.643500
INFO:root:Looping....
DEBUG:root:This is the line: drive:-79.714:-65.656

DEBUG:root:We got command: drive
DEBUG:root:We got a drive command: rawX:-65.656000 and rawY:-79.714000
DEBUG:root:Reverse to the Left/Straight
DEBUG:root:Left=14.058000 Right=-79.714000
DEBUG:root:ScaledLeft: 406.630500 ScaledRight: 195.643500
INFO:root:Looping....
DEBUG:root:This is the line: drive:-79.714:-67.714

DEBUG:root:We got command: drive
DEBUG:root:We got a drive command: rawX:-67.714000 and rawY:-79.714000
DEBUG:root:Reverse to the Left/Straight
DEBUG:root:Left=12.000000 Right=-79.714000
DEBUG:root:ScaledLeft: 402.000000 ScaledRight: 195.643500
INFO:root:Looping....
DEBUG:root:This is the line: drive:-79.714:-69.779

DEBUG:root:We got command: drive
DEBUG:root:We got a drive command: rawX:-69.779000 and rawY:-79.714000
DEBUG:root:Reverse to the Left/Straight
DEBUG:root:Left=9.935000 Right=-79.714000
DEBUG:root:ScaledLeft: 397.353750 ScaledRight: 195.643500
INFO:root:Looping....
DEBUG:root:This is the line: drive:-80.152:-72.182

DEBUG:root:We got command: drive
DEBUG:root:We got a drive command: rawX:-72.182000 and rawY:-80.152000
DEBUG:root:Reverse to the Left/Straight
DEBUG:root:Left=7.970000 Right=-80.152000
DEBUG:root:ScaledLeft: 392.932500 ScaledRight: 194.658000
INFO:root:Looping....
DEBUG:root:This is the line: drive:-80.571:-74.239

DEBUG:root:We got command: drive
DEBUG:root:We got a drive command: rawX:-74.239000 and rawY:-80.571000
DEBUG:root:Reverse to the Left/Straight
DEBUG:root:Left=6.332000 Right=-80.571000
DEBUG:root:ScaledLeft: 389.247000 ScaledRight: 193.715250
INFO:root:Looping....
DEBUG:root:This is the line: drive:-80.857:-75.952

DEBUG:root:We got command: drive
DEBUG:root:We got a drive command: rawX:-75.952000 and rawY:-80.857000
DEBUG:root:Reverse to the Left/Straight
DEBUG:root:Left=4.905000 Right=-80.857000
DEBUG:root:ScaledLeft: 386.036250 ScaledRight: 193.071750
INFO:root:Looping....
DEBUG:root:This is the line: drive:-80.857:-78.01

DEBUG:root:We got command: drive
DEBUG:root:We got a drive command: rawX:-78.010000 and rawY:-80.857000
DEBUG:root:Reverse to the Left/Straight
DEBUG:root:Left=2.847000 Right=-80.857000
DEBUG:root:ScaledLeft: 381.405750 ScaledRight: 193.071750
INFO:root:Looping....
DEBUG:root:This is the line: drive:-81.143:-79.482

DEBUG:root:We got command: drive
DEBUG:root:We got a drive command: rawX:-79.482000 and rawY:-81.143000
DEBUG:root:Reverse to the Left/Straight
DEBUG:root:Left=1.661000 Right=-81.143000
DEBUG:root:ScaledLeft: 378.737250 ScaledRight: 192.428250
INFO:root:Looping....
DEBUG:root:This is the line: drive:-81.429:-81.888

DEBUG:root:We got command: drive
DEBUG:root:We got a drive command: rawX:-81.888000 and rawY:-81.429000
DEBUG:root:Reverse to the Left/Straight
DEBUG:root:Left=-0.459000 Right=-81.429000
DEBUG:root:ScaledLeft: 373.967250 ScaledRight: 191.784750
INFO:root:Looping....
DEBUG:root:This is the line: drive:-81.429:-83.354

DEBUG:root:We got command: drive
DEBUG:root:We got a drive command: rawX:-83.354000 and rawY:-81.429000
DEBUG:root:Reverse to the Left/Straight
DEBUG:root:Left=-1.925000 Right=-81.429000
DEBUG:root:ScaledLeft: 370.668750 ScaledRight: 191.784750
INFO:root:Looping....
DEBUG:root:This is the line: drive:-81.429:-84.516

DEBUG:root:We got command: drive
DEBUG:root:We got a drive command: rawX:-84.516000 and rawY:-81.429000
DEBUG:root:Reverse to the Left/Straight
DEBUG:root:Left=-3.087000 Right=-81.429000
DEBUG:root:ScaledLeft: 368.054250 ScaledRight: 191.784750
INFO:root:Looping....
DEBUG:root:This is the line: drive:-81.429:-86.161

DEBUG:root:We got command: drive
DEBUG:root:We got a drive command: rawX:-86.161000 and rawY:-81.429000
DEBUG:root:Reverse to the Left/Straight
DEBUG:root:Left=-4.732000 Right=-81.429000
DEBUG:root:ScaledLeft: 364.353000 ScaledRight: 191.784750
INFO:root:Looping....
DEBUG:root:This is the line: drive:-81.429:-87.351

DEBUG:root:We got command: drive
DEBUG:root:We got a drive command: rawX:-87.351000 and rawY:-81.429000
DEBUG:root:Reverse to the Left/Straight
DEBUG:root:Left=-5.922000 Right=-81.429000
DEBUG:root:ScaledLeft: 361.675500 ScaledRight: 191.784750
INFO:root:Looping....
DEBUG:root:This is the line: drive:-81.714:-88.185

DEBUG:root:We got command: drive
DEBUG:root:We got a drive command: rawX:-88.185000 and rawY:-81.714000
DEBUG:root:Reverse to the Left/Straight
DEBUG:root:Left=-6.471000 Right=-81.714000
DEBUG:root:ScaledLeft: 360.440250 ScaledRight: 191.143500
INFO:root:Looping....
DEBUG:root:This is the line: drive:-81.714:-89.384

DEBUG:root:We got command: drive
DEBUG:root:We got a drive command: rawX:-89.384000 and rawY:-81.714000
DEBUG:root:Reverse to the Left/Straight
DEBUG:root:Left=-7.670000 Right=-81.714000
DEBUG:root:ScaledLeft: 357.742500 ScaledRight: 191.143500
INFO:root:Looping....
DEBUG:root:This is the line: drive:-82.369:-90.179

DEBUG:root:We got command: drive
DEBUG:root:We got a drive command: rawX:-90.179000 and rawY:-82.369000
DEBUG:root:Reverse to the Left/Straight
DEBUG:root:Left=-7.810000 Right=-82.369000
DEBUG:root:ScaledLeft: 357.427500 ScaledRight: 189.669750
INFO:root:Looping....
DEBUG:root:This is the line: drive:-82.286:-91.421

DEBUG:root:We got command: drive
DEBUG:root:We got a drive command: rawX:-91.421000 and rawY:-82.286000
DEBUG:root:Reverse to the Left/Straight
DEBUG:root:Left=-9.135000 Right=-82.286000
DEBUG:root:ScaledLeft: 354.446250 ScaledRight: 189.856500
INFO:root:Looping....
DEBUG:root:This is the line: drive:-82.286:-92.013

DEBUG:root:We got command: drive
DEBUG:root:We got a drive command: rawX:-92.013000 and rawY:-82.286000
DEBUG:root:Reverse to the Left/Straight
DEBUG:root:Left=-9.727000 Right=-82.286000
DEBUG:root:ScaledLeft: 353.114250 ScaledRight: 189.856500
INFO:root:Looping....
DEBUG:root:This is the line: drive:-82.682:-92.972

DEBUG:root:We got command: drive
DEBUG:root:We got a drive command: rawX:-92.972000 and rawY:-82.682000
DEBUG:root:Reverse to the Left/Straight
DEBUG:root:Left=-10.290000 Right=-82.682000
DEBUG:root:ScaledLeft: 351.847500 ScaledRight: 188.965500
INFO:root:Looping....
DEBUG:root:This is the line: drive:-82.571:-93.173

DEBUG:root:We got command: drive
DEBUG:root:We got a drive command: rawX:-93.173000 and rawY:-82.571000
DEBUG:root:Reverse to the Left/Straight
DEBUG:root:Left=-10.602000 Right=-82.571000
DEBUG:root:ScaledLeft: 351.145500 ScaledRight: 189.215250
INFO:root:Looping....
DEBUG:root:This is the line: drive:-82.571:-93.899

DEBUG:root:We got command: drive
DEBUG:root:We got a drive command: rawX:-93.899000 and rawY:-82.571000
DEBUG:root:Reverse to the Left/Straight
DEBUG:root:Left=-11.328000 Right=-82.571000
DEBUG:root:ScaledLeft: 349.512000 ScaledRight: 189.215250
INFO:root:Looping....
DEBUG:root:This is the line: drive:-82.857:-94.792

DEBUG:root:We got command: drive
DEBUG:root:We got a drive command: rawX:-94.792000 and rawY:-82.857000
DEBUG:root:Reverse to the Left/Straight
DEBUG:root:Left=-11.935000 Right=-82.857000
DEBUG:root:ScaledLeft: 348.146250 ScaledRight: 188.571750
INFO:root:Looping....
DEBUG:root:This is the line: drive:-82.857:-95.513

DEBUG:root:We got command: drive
DEBUG:root:We got a drive command: rawX:-95.513000 and rawY:-82.857000
DEBUG:root:Reverse to the Left/Straight
DEBUG:root:Left=-12.656000 Right=-82.857000
DEBUG:root:ScaledLeft: 346.524000 ScaledRight: 188.571750
INFO:root:Looping....
DEBUG:root:This is the line: drive:-83.143:-96.577

DEBUG:root:We got command: drive
DEBUG:root:We got a drive command: rawX:-96.577000 and rawY:-83.143000
DEBUG:root:Reverse to the Left/Straight
DEBUG:root:Left=-13.434000 Right=-83.143000
DEBUG:root:ScaledLeft: 344.773500 ScaledRight: 187.928250
INFO:root:Looping....
DEBUG:root:This is the line: drive:-83.429:-97.411

DEBUG:root:We got command: drive
DEBUG:root:We got a drive command: rawX:-97.411000 and rawY:-83.429000
DEBUG:root:Reverse to the Left/Straight
DEBUG:root:Left=-13.982000 Right=-83.429000
DEBUG:root:ScaledLeft: 343.540500 ScaledRight: 187.284750
INFO:root:Looping....
DEBUG:root:This is the line: drive:-83.714:-98.634

DEBUG:root:We got command: drive
DEBUG:root:We got a drive command: rawX:-98.634000 and rawY:-83.714000
DEBUG:root:Reverse to the Left/Straight
DEBUG:root:Left=-14.920000 Right=-83.714000
DEBUG:root:ScaledLeft: 341.430000 ScaledRight: 186.643500
INFO:root:Looping....
DEBUG:root:This is the line: drive:-83.714:-99.759

DEBUG:root:We got command: drive
DEBUG:root:We got a drive command: rawX:-99.759000 and rawY:-83.714000
DEBUG:root:Reverse to the Left/Straight
DEBUG:root:Left=-16.045000 Right=-83.714000
DEBUG:root:ScaledLeft: 338.898750 ScaledRight: 186.643500
INFO:root:Looping....
DEBUG:root:This is the line: drive:-83.714:-99.759

DEBUG:root:We got command: drive
DEBUG:root:We got a drive command: rawX:-99.759000 and rawY:-83.714000
DEBUG:root:Reverse to the Left/Straight
DEBUG:root:Left=-16.045000 Right=-83.714000
DEBUG:root:ScaledLeft: 338.898750 ScaledRight: 186.643500
INFO:root:Looping....
DEBUG:root:This is the line: drive:-83.714:-99.759

DEBUG:root:We got command: drive
DEBUG:root:We got a drive command: rawX:-99.759000 and rawY:-83.714000
DEBUG:root:Reverse to the Left/Straight
DEBUG:root:Left=-16.045000 Right=-83.714000
DEBUG:root:ScaledLeft: 338.898750 ScaledRight: 186.643500
INFO:root:Looping....
DEBUG:root:This is the line: drive:-83.714:-99.759

DEBUG:root:We got command: drive
DEBUG:root:We got a drive command: rawX:-99.759000 and rawY:-83.714000
DEBUG:root:Reverse to the Left/Straight
DEBUG:root:Left=-16.045000 Right=-83.714000
DEBUG:root:ScaledLeft: 338.898750 ScaledRight: 186.643500
INFO:root:Looping....
DEBUG:root:This is the line: drive:-83.714:-99.759

DEBUG:root:We got command: drive
DEBUG:root:We got a drive command: rawX:-99.759000 and rawY:-83.714000
DEBUG:root:Reverse to the Left/Straight
DEBUG:root:Left=-16.045000 Right=-83.714000
DEBUG:root:ScaledLeft: 338.898750 ScaledRight: 186.643500
INFO:root:Looping....
DEBUG:root:This is the line: drive:-83.714:-99.759

DEBUG:root:We got command: drive
DEBUG:root:We got a drive command: rawX:-99.759000 and rawY:-83.714000
DEBUG:root:Reverse to the Left/Straight
DEBUG:root:Left=-16.045000 Right=-83.714000
DEBUG:root:ScaledLeft: 338.898750 ScaledRight: 186.643500
INFO:root:Looping....
DEBUG:root:This is the line: drive:-83.714:-99.759

DEBUG:root:We got command: drive
DEBUG:root:We got a drive command: rawX:-99.759000 and rawY:-83.714000
DEBUG:root:Reverse to the Left/Straight
DEBUG:root:Left=-16.045000 Right=-83.714000
DEBUG:root:ScaledLeft: 338.898750 ScaledRight: 186.643500
INFO:root:Looping....
DEBUG:root:This is the line: drive:-83.714:-99.759

DEBUG:root:We got command: drive
DEBUG:root:We got a drive command: rawX:-99.759000 and rawY:-83.714000
DEBUG:root:Reverse to the Left/Straight
DEBUG:root:Left=-16.045000 Right=-83.714000
DEBUG:root:ScaledLeft: 338.898750 ScaledRight: 186.643500
INFO:root:Looping....
DEBUG:root:This is the line: drive:-83.714:-99.759

DEBUG:root:We got command: drive
DEBUG:root:We got a drive command: rawX:-99.759000 and rawY:-83.714000
DEBUG:root:Reverse to the Left/Straight
DEBUG:root:Left=-16.045000 Right=-83.714000
DEBUG:root:ScaledLeft: 338.898750 ScaledRight: 186.643500
INFO:root:Looping....
DEBUG:root:This is the line: drive:-83.714:-99.759

DEBUG:root:We got command: drive
DEBUG:root:We got a drive command: rawX:-99.759000 and rawY:-83.714000
DEBUG:root:Reverse to the Left/Straight
DEBUG:root:Left=-16.045000 Right=-83.714000
DEBUG:root:ScaledLeft: 338.898750 ScaledRight: 186.643500
INFO:root:Looping....
DEBUG:root:This is the line: drive:-83.714:-99.759

DEBUG:root:We got command: drive
DEBUG:root:We got a drive command: rawX:-99.759000 and rawY:-83.714000
DEBUG:root:Reverse to the Left/Straight
DEBUG:root:Left=-16.045000 Right=-83.714000
DEBUG:root:ScaledLeft: 338.898750 ScaledRight: 186.643500
INFO:root:Looping....
DEBUG:root:This is the line: drive:-83.714:-99.759

DEBUG:root:We got command: drive
DEBUG:root:We got a drive command: rawX:-99.759000 and rawY:-83.714000
DEBUG:root:Reverse to the Left/Straight
DEBUG:root:Left=-16.045000 Right=-83.714000
DEBUG:root:ScaledLeft: 338.898750 ScaledRight: 186.643500
INFO:root:Looping....
DEBUG:root:This is the line: drive:-83.714:-99.759

DEBUG:root:We got command: drive
DEBUG:root:We got a drive command: rawX:-99.759000 and rawY:-83.714000
DEBUG:root:Reverse to the Left/Straight
DEBUG:root:Left=-16.045000 Right=-83.714000
DEBUG:root:ScaledLeft: 338.898750 ScaledRight: 186.643500
INFO:root:Looping....
DEBUG:root:This is the line: drive:-83.714:-99.759

DEBUG:root:We got command: drive
DEBUG:root:We got a drive command: rawX:-99.759000 and rawY:-83.714000
DEBUG:root:Reverse to the Left/Straight
DEBUG:root:Left=-16.045000 Right=-83.714000
DEBUG:root:ScaledLeft: 338.898750 ScaledRight: 186.643500
INFO:root:Looping....
DEBUG:root:This is the line: drive:-83.714:-99.759

DEBUG:root:We got command: drive
DEBUG:root:We got a drive command: rawX:-99.759000 and rawY:-83.714000
DEBUG:root:Reverse to the Left/Straight
DEBUG:root:Left=-16.045000 Right=-83.714000
DEBUG:root:ScaledLeft: 338.898750 ScaledRight: 186.643500
INFO:root:Looping....
DEBUG:root:This is the line: drive:-83.714:-99.759

DEBUG:root:We got command: drive
DEBUG:root:We got a drive command: rawX:-99.759000 and rawY:-83.714000
DEBUG:root:Reverse to the Left/Straight
DEBUG:root:Left=-16.045000 Right=-83.714000
DEBUG:root:ScaledLeft: 338.898750 ScaledRight: 186.643500
INFO:root:Looping....
DEBUG:root:This is the line: drive:-83.714:-99.759

DEBUG:root:We got command: drive
DEBUG:root:We got a drive command: rawX:-99.759000 and rawY:-83.714000
DEBUG:root:Reverse to the Left/Straight
DEBUG:root:Left=-16.045000 Right=-83.714000
DEBUG:root:ScaledLeft: 338.898750 ScaledRight: 186.643500
INFO:root:Looping....
DEBUG:root:This is the line: drive:-83.714:-99.759

DEBUG:root:We got command: drive
DEBUG:root:We got a drive command: rawX:-99.759000 and rawY:-83.714000
DEBUG:root:Reverse to the Left/Straight
DEBUG:root:Left=-16.045000 Right=-83.714000
DEBUG:root:ScaledLeft: 338.898750 ScaledRight: 186.643500
INFO:root:Looping....
DEBUG:root:This is the line: drive:-83.714:-99.759

DEBUG:root:We got command: drive
DEBUG:root:We got a drive command: rawX:-99.759000 and rawY:-83.714000
DEBUG:root:Reverse to the Left/Straight
DEBUG:root:Left=-16.045000 Right=-83.714000
DEBUG:root:ScaledLeft: 338.898750 ScaledRight: 186.643500
INFO:root:Looping....
DEBUG:root:This is the line: drive:-85.394:-99.667

DEBUG:root:We got command: drive
DEBUG:root:We got a drive command: rawX:-99.667000 and rawY:-85.394000
DEBUG:root:Reverse to the Left/Straight
DEBUG:root:Left=-14.273000 Right=-85.394000
DEBUG:root:ScaledLeft: 342.885750 ScaledRight: 182.863500
INFO:root:Looping....
DEBUG:root:This is the line: drive:-83.42:-96.113

DEBUG:root:We got command: drive
DEBUG:root:We got a drive command: rawX:-96.113000 and rawY:-83.420000
DEBUG:root:Reverse to the Left/Straight
DEBUG:root:Left=-12.693000 Right=-83.420000
DEBUG:root:ScaledLeft: 346.440750 ScaledRight: 187.305000
INFO:root:Looping....
DEBUG:root:This is the line: drive:-81.442:-90.22

DEBUG:root:We got command: drive
DEBUG:root:We got a drive command: rawX:-90.220000 and rawY:-81.442000
DEBUG:root:Reverse to the Left/Straight
DEBUG:root:Left=-8.778000 Right=-81.442000
DEBUG:root:ScaledLeft: 355.249500 ScaledRight: 191.755500
INFO:root:Looping....
DEBUG:root:This is the line: drive:-80.286:-85.584

DEBUG:root:We got command: drive
DEBUG:root:We got a drive command: rawX:-85.584000 and rawY:-80.286000
DEBUG:root:Reverse to the Left/Straight
DEBUG:root:Left=-5.298000 Right=-80.286000
DEBUG:root:ScaledLeft: 363.079500 ScaledRight: 194.356500
INFO:root:Looping....
DEBUG:root:This is the line: drive:-80.286:-81.87

DEBUG:root:We got command: drive
DEBUG:root:We got a drive command: rawX:-81.870000 and rawY:-80.286000
DEBUG:root:Reverse to the Left/Straight
DEBUG:root:Left=-1.584000 Right=-80.286000
DEBUG:root:ScaledLeft: 371.436000 ScaledRight: 194.356500
INFO:root:Looping....
DEBUG:root:This is the line: drive:-80.286:-80.155

DEBUG:root:We got command: drive
DEBUG:root:We got a drive command: rawX:-80.155000 and rawY:-80.286000
DEBUG:root:Reverse to the Left/Straight
DEBUG:root:Left=0.131000 Right=-80.286000
DEBUG:root:ScaledLeft: 375.294750 ScaledRight: 194.356500
INFO:root:Looping....
DEBUG:root:This is the line: drive:-80.286:-79.315

DEBUG:root:We got command: drive
DEBUG:root:We got a drive command: rawX:-79.315000 and rawY:-80.286000
DEBUG:root:Reverse to the Left/Straight
DEBUG:root:Left=0.971000 Right=-80.286000
DEBUG:root:ScaledLeft: 377.184750 ScaledRight: 194.356500
INFO:root:Looping....
DEBUG:root:This is the line: drive:-80.286:-79.315

DEBUG:root:We got command: drive
DEBUG:root:We got a drive command: rawX:-79.315000 and rawY:-80.286000
DEBUG:root:Reverse to the Left/Straight
DEBUG:root:Left=0.971000 Right=-80.286000
DEBUG:root:ScaledLeft: 377.184750 ScaledRight: 194.356500
INFO:root:Looping....
DEBUG:root:This is the line: drive:-80.286:-79.315

DEBUG:root:We got command: drive
DEBUG:root:We got a drive command: rawX:-79.315000 and rawY:-80.286000
DEBUG:root:Reverse to the Left/Straight
DEBUG:root:Left=0.971000 Right=-80.286000
DEBUG:root:ScaledLeft: 377.184750 ScaledRight: 194.356500
INFO:root:Looping....
DEBUG:root:This is the line: drive:-80.286:-80.017

DEBUG:root:We got command: drive
DEBUG:root:We got a drive command: rawX:-80.017000 and rawY:-80.286000
DEBUG:root:Reverse to the Left/Straight
DEBUG:root:Left=0.269000 Right=-80.286000
DEBUG:root:ScaledLeft: 375.605250 ScaledRight: 194.356500
INFO:root:Looping....
DEBUG:root:This is the line: drive:-80.286:-81.994

DEBUG:root:We got command: drive
DEBUG:root:We got a drive command: rawX:-81.994000 and rawY:-80.286000
DEBUG:root:Reverse to the Left/Straight
DEBUG:root:Left=-1.708000 Right=-80.286000
DEBUG:root:ScaledLeft: 371.157000 ScaledRight: 194.356500
INFO:root:Looping....
DEBUG:root:This is the line: drive:-80.286:-83.825

DEBUG:root:We got command: drive
DEBUG:root:We got a drive command: rawX:-83.825000 and rawY:-80.286000
DEBUG:root:Reverse to the Left/Straight
DEBUG:root:Left=-3.539000 Right=-80.286000
DEBUG:root:ScaledLeft: 367.037250 ScaledRight: 194.356500
INFO:root:Looping....
DEBUG:root:This is the line: drive:-80.286:-84.375

DEBUG:root:We got command: drive
DEBUG:root:We got a drive command: rawX:-84.375000 and rawY:-80.286000
DEBUG:root:Reverse to the Left/Straight
DEBUG:root:Left=-4.089000 Right=-80.286000
DEBUG:root:ScaledLeft: 365.799750 ScaledRight: 194.356500
INFO:root:Looping....
DEBUG:root:This is the line: drive:-80.286:-85.268

DEBUG:root:We got command: drive
DEBUG:root:We got a drive command: rawX:-85.268000 and rawY:-80.286000
DEBUG:root:Reverse to the Left/Straight
DEBUG:root:Left=-4.982000 Right=-80.286000
DEBUG:root:ScaledLeft: 363.790500 ScaledRight: 194.356500
INFO:root:Looping....
DEBUG:root:This is the line: drive:-80.286:-86.103

DEBUG:root:We got command: drive
DEBUG:root:We got a drive command: rawX:-86.103000 and rawY:-80.286000
DEBUG:root:Reverse to the Left/Straight
DEBUG:root:Left=-5.817000 Right=-80.286000
DEBUG:root:ScaledLeft: 361.911750 ScaledRight: 194.356500
INFO:root:Looping....
DEBUG:root:This is the line: drive:-80.286:-86.103

DEBUG:root:We got command: drive
DEBUG:root:We got a drive command: rawX:-86.103000 and rawY:-80.286000
DEBUG:root:Reverse to the Left/Straight
DEBUG:root:Left=-5.817000 Right=-80.286000
DEBUG:root:ScaledLeft: 361.911750 ScaledRight: 194.356500
INFO:root:Looping....
DEBUG:root:This is the line: drive:-80.286:-86.632

DEBUG:root:We got command: drive
DEBUG:root:We got a drive command: rawX:-86.632000 and rawY:-80.286000
DEBUG:root:Reverse to the Left/Straight
DEBUG:root:Left=-6.346000 Right=-80.286000
DEBUG:root:ScaledLeft: 360.721500 ScaledRight: 194.356500
INFO:root:Looping....
DEBUG:root:This is the line: drive:-80.286:-87.232

DEBUG:root:We got command: drive
DEBUG:root:We got a drive command: rawX:-87.232000 and rawY:-80.286000
DEBUG:root:Reverse to the Left/Straight
DEBUG:root:Left=-6.946000 Right=-80.286000
DEBUG:root:ScaledLeft: 359.371500 ScaledRight: 194.356500
INFO:root:Looping....
DEBUG:root:This is the line: drive:-80.286:-88.157

DEBUG:root:We got command: drive
DEBUG:root:We got a drive command: rawX:-88.157000 and rawY:-80.286000
DEBUG:root:Reverse to the Left/Straight
DEBUG:root:Left=-7.871000 Right=-80.286000
DEBUG:root:ScaledLeft: 357.290250 ScaledRight: 194.356500
INFO:root:Looping....
DEBUG:root:This is the line: drive:-80.286:-88.438

DEBUG:root:We got command: drive
DEBUG:root:We got a drive command: rawX:-88.438000 and rawY:-80.286000
DEBUG:root:Reverse to the Left/Straight
DEBUG:root:Left=-8.152000 Right=-80.286000
DEBUG:root:ScaledLeft: 356.658000 ScaledRight: 194.356500
INFO:root:Looping....
DEBUG:root:This is the line: drive:-80.286:-89.137

DEBUG:root:We got command: drive
DEBUG:root:We got a drive command: rawX:-89.137000 and rawY:-80.286000
DEBUG:root:Reverse to the Left/Straight
DEBUG:root:Left=-8.851000 Right=-80.286000
DEBUG:root:ScaledLeft: 355.085250 ScaledRight: 194.356500
INFO:root:Looping....
DEBUG:root:This is the line: drive:-80.286:-89.593

DEBUG:root:We got command: drive
DEBUG:root:We got a drive command: rawX:-89.593000 and rawY:-80.286000
DEBUG:root:Reverse to the Left/Straight
DEBUG:root:Left=-9.307000 Right=-80.286000
DEBUG:root:ScaledLeft: 354.059250 ScaledRight: 194.356500
INFO:root:Looping....
DEBUG:root:This is the line: drive:-80.286:-89.883

DEBUG:root:We got command: drive
DEBUG:root:We got a drive command: rawX:-89.883000 and rawY:-80.286000
DEBUG:root:Reverse to the Left/Straight
DEBUG:root:Left=-9.597000 Right=-80.286000
DEBUG:root:ScaledLeft: 353.406750 ScaledRight: 194.356500
INFO:root:Looping....
DEBUG:root:This is the line: drive:-80.286:-89.883

DEBUG:root:We got command: drive
DEBUG:root:We got a drive command: rawX:-89.883000 and rawY:-80.286000
DEBUG:root:Reverse to the Left/Straight
DEBUG:root:Left=-9.597000 Right=-80.286000
DEBUG:root:ScaledLeft: 353.406750 ScaledRight: 194.356500
INFO:root:Looping....
DEBUG:root:This is the line: drive:-80.286:-90.207

DEBUG:root:We got command: drive
DEBUG:root:We got a drive command: rawX:-90.207000 and rawY:-80.286000
DEBUG:root:Reverse to the Left/Straight
DEBUG:root:Left=-9.921000 Right=-80.286000
DEBUG:root:ScaledLeft: 352.677750 ScaledRight: 194.356500
INFO:root:Looping....
DEBUG:root:This is the line: drive:-80.286:-90.523

DEBUG:root:We got command: drive
DEBUG:root:We got a drive command: rawX:-90.523000 and rawY:-80.286000
DEBUG:root:Reverse to the Left/Straight
DEBUG:root:Left=-10.237000 Right=-80.286000
DEBUG:root:ScaledLeft: 351.966750 ScaledRight: 194.356500
INFO:root:Looping....
DEBUG:root:This is the line: drive:-80.286:-90.523

DEBUG:root:We got command: drive
DEBUG:root:We got a drive command: rawX:-90.523000 and rawY:-80.286000
DEBUG:root:Reverse to the Left/Straight
DEBUG:root:Left=-10.237000 Right=-80.286000
DEBUG:root:ScaledLeft: 351.966750 ScaledRight: 194.356500
INFO:root:Looping....
DEBUG:root:This is the line: drive:-80.286:-90.523

DEBUG:root:We got command: drive
DEBUG:root:We got a drive command: rawX:-90.523000 and rawY:-80.286000
DEBUG:root:Reverse to the Left/Straight
DEBUG:root:Left=-10.237000 Right=-80.286000
DEBUG:root:ScaledLeft: 351.966750 ScaledRight: 194.356500
INFO:root:Looping....
DEBUG:root:This is the line: drive:-80.286:-86.753

DEBUG:root:We got command: drive
DEBUG:root:We got a drive command: rawX:-86.753000 and rawY:-80.286000
DEBUG:root:Reverse to the Left/Straight
DEBUG:root:Left=-6.467000 Right=-80.286000
DEBUG:root:ScaledLeft: 360.449250 ScaledRight: 194.356500
INFO:root:Looping....
DEBUG:root:This is the line: drive:-80.286:-81.224

DEBUG:root:We got command: drive
DEBUG:root:We got a drive command: rawX:-81.224000 and rawY:-80.286000
DEBUG:root:Reverse to the Left/Straight
DEBUG:root:Left=-0.938000 Right=-80.286000
DEBUG:root:ScaledLeft: 372.889500 ScaledRight: 194.356500
INFO:root:Looping....
DEBUG:root:This is the line: drive:-79.749:-72.873

DEBUG:root:We got command: drive
DEBUG:root:We got a drive command: rawX:-72.873000 and rawY:-79.749000
DEBUG:root:Reverse to the Left/Straight
DEBUG:root:Left=6.876000 Right=-79.749000
DEBUG:root:ScaledLeft: 390.471000 ScaledRight: 195.564750
INFO:root:Looping....
DEBUG:root:This is the line: drive:-79.714:-57.273

DEBUG:root:We got command: drive
DEBUG:root:We got a drive command: rawX:-57.273000 and rawY:-79.714000
DEBUG:root:Reverse to the Left/Straight
DEBUG:root:Left=22.441000 Right=-79.714000
DEBUG:root:ScaledLeft: 425.492250 ScaledRight: 195.643500
INFO:root:Looping....
DEBUG:root:This is the line: drive:-79.714:-46.122

DEBUG:root:We got command: drive
DEBUG:root:We got a drive command: rawX:-46.122000 and rawY:-79.714000
DEBUG:root:Reverse to the Left/Straight
DEBUG:root:Left=33.592000 Right=-79.714000
DEBUG:root:ScaledLeft: 450.582000 ScaledRight: 195.643500
INFO:root:Looping....
DEBUG:root:This is the line: drive:-79.714:-34.253

DEBUG:root:We got command: drive
DEBUG:root:We got a drive command: rawX:-34.253000 and rawY:-79.714000
DEBUG:root:Reverse to the Left/Straight
DEBUG:root:Left=45.461000 Right=-79.714000
DEBUG:root:ScaledLeft: 477.287250 ScaledRight: 195.643500
INFO:root:Looping....
DEBUG:root:This is the line: drive:-79.714:-25.547

DEBUG:root:We got command: drive
DEBUG:root:We got a drive command: rawX:-25.547000 and rawY:-79.714000
DEBUG:root:Reverse to the Left/Straight
DEBUG:root:Left=54.167000 Right=-79.714000
DEBUG:root:ScaledLeft: 496.875750 ScaledRight: 195.643500
INFO:root:Looping....
DEBUG:root:This is the line: drive:-79.714:-16.734

DEBUG:root:We got command: drive
DEBUG:root:We got a drive command: rawX:-16.734000 and rawY:-79.714000
DEBUG:root:Reverse to the Left/Straight
DEBUG:root:Left=62.980000 Right=-79.714000
DEBUG:root:ScaledLeft: 516.705000 ScaledRight: 195.643500
INFO:root:Looping....
DEBUG:root:This is the line: drive:-79.714:-8.578

DEBUG:root:We got command: drive
DEBUG:root:We got a drive command: rawX:-8.578000 and rawY:-79.714000
DEBUG:root:Reverse to the Left/Straight
DEBUG:root:Left=71.136000 Right=-79.714000
DEBUG:root:ScaledLeft: 535.056000 ScaledRight: 195.643500
INFO:root:Looping....
DEBUG:root:This is the line: drive:-79.714:-1.724

DEBUG:root:We got command: drive
DEBUG:root:We got a drive command: rawX:-1.724000 and rawY:-79.714000
DEBUG:root:Reverse to the Left/Straight
DEBUG:root:Left=77.990000 Right=-79.714000
DEBUG:root:ScaledLeft: 550.477500 ScaledRight: 195.643500
INFO:root:Looping....
DEBUG:root:This is the line: drive:-79.714:2.47

DEBUG:root:We got command: drive
DEBUG:root:We got a drive command: rawX:2.470000 and rawY:-79.714000
DEBUG:root:Reverse to the Right
DEBUG:root:Left=79.714000 Right=-82.184000
DEBUG:root:ScaledLeft: 554.356500 ScaledRight: 190.086000
INFO:root:Looping....
DEBUG:root:This is the line: drive:-79.714:5.933

DEBUG:root:We got command: drive
DEBUG:root:We got a drive command: rawX:5.933000 and rawY:-79.714000
DEBUG:root:Reverse to the Right
DEBUG:root:Left=79.714000 Right=-85.647000
DEBUG:root:ScaledLeft: 554.356500 ScaledRight: 182.294250
INFO:root:Looping....
DEBUG:root:This is the line: drive:-79.714:10.147

DEBUG:root:We got command: drive
DEBUG:root:We got a drive command: rawX:10.147000 and rawY:-79.714000
DEBUG:root:Reverse to the Right
DEBUG:root:Left=79.714000 Right=-89.861000
DEBUG:root:ScaledLeft: 554.356500 ScaledRight: 172.812750
INFO:root:Looping....
DEBUG:root:This is the line: drive:-79.714:14.301

DEBUG:root:We got command: drive
DEBUG:root:We got a drive command: rawX:14.301000 and rawY:-79.714000
DEBUG:root:Reverse to the Right
DEBUG:root:Left=79.714000 Right=-94.015000
DEBUG:root:ScaledLeft: 554.356500 ScaledRight: 163.466250
INFO:root:Looping....
DEBUG:root:This is the line: drive:-79.714:17.818

DEBUG:root:We got command: drive
DEBUG:root:We got a drive command: rawX:17.818000 and rawY:-79.714000
DEBUG:root:Reverse to the Right
DEBUG:root:Left=79.714000 Right=-97.532000
DEBUG:root:ScaledLeft: 554.356500 ScaledRight: 155.553000
INFO:root:Looping....
DEBUG:root:This is the line: drive:-79.714:21.691

DEBUG:root:We got command: drive
DEBUG:root:We got a drive command: rawX:21.691000 and rawY:-79.714000
DEBUG:root:Reverse to the Right
DEBUG:root:Left=79.714000 Right=-101.405000
DEBUG:root:ScaledLeft: 554.356500 ScaledRight: 146.838750
INFO:root:Looping....
DEBUG:root:This is the line: drive:-79.714:23.745

DEBUG:root:We got command: drive
DEBUG:root:We got a drive command: rawX:23.745000 and rawY:-79.714000
DEBUG:root:Reverse to the Right
DEBUG:root:Left=79.714000 Right=-103.459000
DEBUG:root:ScaledLeft: 554.356500 ScaledRight: 142.217250
INFO:root:Looping....
DEBUG:root:This is the line: drive:-79.714:25.855

DEBUG:root:We got command: drive
DEBUG:root:We got a drive command: rawX:25.855000 and rawY:-79.714000
DEBUG:root:Reverse to the Right
DEBUG:root:Left=79.714000 Right=-105.569000
DEBUG:root:ScaledLeft: 554.356500 ScaledRight: 137.469750
INFO:root:Looping....
DEBUG:root:This is the line: drive:-79.714:27.941

DEBUG:root:We got command: drive
DEBUG:root:We got a drive command: rawX:27.941000 and rawY:-79.714000
DEBUG:root:Reverse to the Right
DEBUG:root:Left=79.714000 Right=-107.655000
DEBUG:root:ScaledLeft: 554.356500 ScaledRight: 132.776250
INFO:root:Looping....
DEBUG:root:This is the line: drive:-79.714:29.703

DEBUG:root:We got command: drive
DEBUG:root:We got a drive command: rawX:29.703000 and rawY:-79.714000
DEBUG:root:Reverse to the Right
DEBUG:root:Left=79.714000 Right=-109.417000
DEBUG:root:ScaledLeft: 554.356500 ScaledRight: 128.811750
INFO:root:Looping....
DEBUG:root:This is the line: drive:-79.714:32.548

DEBUG:root:We got command: drive
DEBUG:root:We got a drive command: rawX:32.548000 and rawY:-79.714000
DEBUG:root:Reverse to the Right
DEBUG:root:Left=79.714000 Right=-112.262000
DEBUG:root:ScaledLeft: 554.356500 ScaledRight: 122.410500
INFO:root:Looping....
DEBUG:root:This is the line: drive:-80.0:34.327

DEBUG:root:We got command: drive
DEBUG:root:We got a drive command: rawX:34.327000 and rawY:-80.000000
DEBUG:root:Reverse to the Right
DEBUG:root:Left=80.000000 Right=-114.327000
DEBUG:root:ScaledLeft: 555.000000 ScaledRight: 117.764250
INFO:root:Looping....
DEBUG:root:This is the line: drive:-80.0:36.46

DEBUG:root:We got command: drive
DEBUG:root:We got a drive command: rawX:36.460000 and rawY:-80.000000
DEBUG:root:Reverse to the Right
DEBUG:root:Left=80.000000 Right=-116.460000
DEBUG:root:ScaledLeft: 555.000000 ScaledRight: 112.965000
INFO:root:Looping....
DEBUG:root:This is the line: drive:-80.0:38.839

DEBUG:root:We got command: drive
DEBUG:root:We got a drive command: rawX:38.839000 and rawY:-80.000000
DEBUG:root:Reverse to the Right
DEBUG:root:Left=80.000000 Right=-118.839000
DEBUG:root:ScaledLeft: 555.000000 ScaledRight: 107.612250
INFO:root:Looping....
DEBUG:root:This is the line: drive:-80.286:40.214

DEBUG:root:We got command: drive
DEBUG:root:We got a drive command: rawX:40.214000 and rawY:-80.286000
DEBUG:root:Reverse to the Right
DEBUG:root:Left=80.286000 Right=-120.500000
DEBUG:root:ScaledLeft: 555.643500 ScaledRight: 103.875000
INFO:root:Looping....
DEBUG:root:This is the line: drive:-80.286:41.189

DEBUG:root:We got command: drive
DEBUG:root:We got a drive command: rawX:41.189000 and rawY:-80.286000
DEBUG:root:Reverse to the Right
DEBUG:root:Left=80.286000 Right=-121.475000
DEBUG:root:ScaledLeft: 555.643500 ScaledRight: 101.681250
INFO:root:Looping....
DEBUG:root:This is the line: drive:-80.286:42.851

DEBUG:root:We got command: drive
DEBUG:root:We got a drive command: rawX:42.851000 and rawY:-80.286000
DEBUG:root:Reverse to the Right
DEBUG:root:Left=80.286000 Right=-123.137000
DEBUG:root:ScaledLeft: 555.643500 ScaledRight: 97.941750
INFO:root:Looping....
DEBUG:root:This is the line: drive:-80.286:44.237

DEBUG:root:We got command: drive
DEBUG:root:We got a drive command: rawX:44.237000 and rawY:-80.286000
DEBUG:root:Reverse to the Right
DEBUG:root:Left=80.286000 Right=-124.523000
DEBUG:root:ScaledLeft: 555.643500 ScaledRight: 94.823250
INFO:root:Looping....
DEBUG:root:This is the line: drive:-80.286:45.178

DEBUG:root:We got command: drive
DEBUG:root:We got a drive command: rawX:45.178000 and rawY:-80.286000
DEBUG:root:Reverse to the Right
DEBUG:root:Left=80.286000 Right=-125.464000
DEBUG:root:ScaledLeft: 555.643500 ScaledRight: 92.706000
INFO:root:Looping....
DEBUG:root:This is the line: drive:-80.286:46.875

DEBUG:root:We got command: drive
DEBUG:root:We got a drive command: rawX:46.875000 and rawY:-80.286000
DEBUG:root:Reverse to the Right
DEBUG:root:Left=80.286000 Right=-127.161000
DEBUG:root:ScaledLeft: 555.643500 ScaledRight: 88.887750
INFO:root:Looping....
DEBUG:root:This is the line: drive:-80.286:47.647

DEBUG:root:We got command: drive
DEBUG:root:We got a drive command: rawX:47.647000 and rawY:-80.286000
DEBUG:root:Reverse to the Right
DEBUG:root:Left=80.286000 Right=-127.933000
DEBUG:root:ScaledLeft: 555.643500 ScaledRight: 87.150750
INFO:root:Looping....
DEBUG:root:This is the line: drive:-80.286:48.581

DEBUG:root:We got command: drive
DEBUG:root:We got a drive command: rawX:48.581000 and rawY:-80.286000
DEBUG:root:Reverse to the Right
DEBUG:root:Left=80.286000 Right=-128.867000
DEBUG:root:ScaledLeft: 555.643500 ScaledRight: 85.049250
INFO:root:Looping....
DEBUG:root:This is the line: drive:-80.286:49.196

DEBUG:root:We got command: drive
DEBUG:root:We got a drive command: rawX:49.196000 and rawY:-80.286000
DEBUG:root:Reverse to the Right
DEBUG:root:Left=80.286000 Right=-129.482000
DEBUG:root:ScaledLeft: 555.643500 ScaledRight: 83.665500
INFO:root:Looping....
DEBUG:root:This is the line: drive:-80.286:49.82

DEBUG:root:We got command: drive
DEBUG:root:We got a drive command: rawX:49.820000 and rawY:-80.286000
DEBUG:root:Reverse to the Right
DEBUG:root:Left=80.286000 Right=-130.106000
DEBUG:root:ScaledLeft: 555.643500 ScaledRight: 82.261500
INFO:root:Looping....
DEBUG:root:This is the line: drive:-80.286:50.088

DEBUG:root:We got command: drive
DEBUG:root:We got a drive command: rawX:50.088000 and rawY:-80.286000
DEBUG:root:Reverse to the Right
DEBUG:root:Left=80.286000 Right=-130.374000
DEBUG:root:ScaledLeft: 555.643500 ScaledRight: 81.658500
INFO:root:Looping....
DEBUG:root:This is the line: drive:-80.286:50.088

DEBUG:root:We got command: drive
DEBUG:root:We got a drive command: rawX:50.088000 and rawY:-80.286000
DEBUG:root:Reverse to the Right
DEBUG:root:Left=80.286000 Right=-130.374000
DEBUG:root:ScaledLeft: 555.643500 ScaledRight: 81.658500
INFO:root:Looping....
DEBUG:root:This is the line: drive:-80.286:50.603

DEBUG:root:We got command: drive
DEBUG:root:We got a drive command: rawX:50.603000 and rawY:-80.286000
DEBUG:root:Reverse to the Right
DEBUG:root:Left=80.286000 Right=-130.889000
DEBUG:root:ScaledLeft: 555.643500 ScaledRight: 80.499750
INFO:root:Looping....
DEBUG:root:This is the line: drive:-80.286:50.603

DEBUG:root:We got command: drive
DEBUG:root:We got a drive command: rawX:50.603000 and rawY:-80.286000
DEBUG:root:Reverse to the Right
DEBUG:root:Left=80.286000 Right=-130.889000
DEBUG:root:ScaledLeft: 555.643500 ScaledRight: 80.499750
INFO:root:Looping....
DEBUG:root:This is the line: drive:-80.286:51.193

DEBUG:root:We got command: drive
DEBUG:root:We got a drive command: rawX:51.193000 and rawY:-80.286000
DEBUG:root:Reverse to the Right
DEBUG:root:Left=80.286000 Right=-131.479000
DEBUG:root:ScaledLeft: 555.643500 ScaledRight: 79.172250
INFO:root:Looping....
DEBUG:root:This is the line: drive:-80.286:51.558

DEBUG:root:We got command: drive
DEBUG:root:We got a drive command: rawX:51.558000 and rawY:-80.286000
DEBUG:root:Reverse to the Right
DEBUG:root:Left=80.286000 Right=-131.844000
DEBUG:root:ScaledLeft: 555.643500 ScaledRight: 78.351000
INFO:root:Looping....
DEBUG:root:This is the line: drive:-80.286:51.558

DEBUG:root:We got command: drive
DEBUG:root:We got a drive command: rawX:51.558000 and rawY:-80.286000
DEBUG:root:Reverse to the Right
DEBUG:root:Left=80.286000 Right=-131.844000
DEBUG:root:ScaledLeft: 555.643500 ScaledRight: 78.351000
INFO:root:Looping....
DEBUG:root:This is the line: drive:-80.286:51.558

DEBUG:root:We got command: drive
DEBUG:root:We got a drive command: rawX:51.558000 and rawY:-80.286000
DEBUG:root:Reverse to the Right
DEBUG:root:Left=80.286000 Right=-131.844000
DEBUG:root:ScaledLeft: 555.643500 ScaledRight: 78.351000
INFO:root:Looping....
DEBUG:root:This is the line: drive:-80.286:51.558

DEBUG:root:We got command: drive
DEBUG:root:We got a drive command: rawX:51.558000 and rawY:-80.286000
DEBUG:root:Reverse to the Right
DEBUG:root:Left=80.286000 Right=-131.844000
DEBUG:root:ScaledLeft: 555.643500 ScaledRight: 78.351000
INFO:root:Looping....
DEBUG:root:This is the line: drive:-80.286:52.498

DEBUG:root:We got command: drive
DEBUG:root:We got a drive command: rawX:52.498000 and rawY:-80.286000
DEBUG:root:Reverse to the Right
DEBUG:root:Left=80.286000 Right=-132.784000
DEBUG:root:ScaledLeft: 555.643500 ScaledRight: 76.236000
INFO:root:Looping....
DEBUG:root:This is the line: drive:-80.286:53.285

DEBUG:root:We got command: drive
DEBUG:root:We got a drive command: rawX:53.285000 and rawY:-80.286000
DEBUG:root:Reverse to the Right
DEBUG:root:Left=80.286000 Right=-133.571000
DEBUG:root:ScaledLeft: 555.643500 ScaledRight: 74.465250
INFO:root:Looping....
DEBUG:root:This is the line: drive:-80.286:53.977

DEBUG:root:We got command: drive
DEBUG:root:We got a drive command: rawX:53.977000 and rawY:-80.286000
DEBUG:root:Reverse to the Right
DEBUG:root:Left=80.286000 Right=-134.263000
DEBUG:root:ScaledLeft: 555.643500 ScaledRight: 72.908250
INFO:root:Looping....
DEBUG:root:This is the line: drive:-80.286:54.911

DEBUG:root:We got command: drive
DEBUG:root:We got a drive command: rawX:54.911000 and rawY:-80.286000
DEBUG:root:Reverse to the Right
DEBUG:root:Left=80.286000 Right=-135.197000
DEBUG:root:ScaledLeft: 555.643500 ScaledRight: 70.806750
INFO:root:Looping....
DEBUG:root:This is the line: drive:-80.286:55.665

DEBUG:root:We got command: drive
DEBUG:root:We got a drive command: rawX:55.665000 and rawY:-80.286000
DEBUG:root:Reverse to the Right
DEBUG:root:Left=80.286000 Right=-135.951000
DEBUG:root:ScaledLeft: 555.643500 ScaledRight: 69.110250
INFO:root:Looping....
DEBUG:root:This is the line: drive:-80.286:56.248

DEBUG:root:We got command: drive
DEBUG:root:We got a drive command: rawX:56.248000 and rawY:-80.286000
DEBUG:root:Reverse to the Right
DEBUG:root:Left=80.286000 Right=-136.534000
DEBUG:root:ScaledLeft: 555.643500 ScaledRight: 67.798500
INFO:root:Looping....
DEBUG:root:This is the line: drive:-80.571:57.875

DEBUG:root:We got command: drive
DEBUG:root:We got a drive command: rawX:57.875000 and rawY:-80.571000
DEBUG:root:Reverse to the Right
DEBUG:root:Left=80.571000 Right=-138.446000
DEBUG:root:ScaledLeft: 556.284750 ScaledRight: 63.496500
INFO:root:Looping....
DEBUG:root:This is the line: drive:-80.571:58.482

DEBUG:root:We got command: drive
DEBUG:root:We got a drive command: rawX:58.482000 and rawY:-80.571000
DEBUG:root:Reverse to the Right
DEBUG:root:Left=80.571000 Right=-139.053000
DEBUG:root:ScaledLeft: 556.284750 ScaledRight: 62.130750
INFO:root:Looping....
DEBUG:root:This is the line: drive:-80.97:59.226

DEBUG:root:We got command: drive
DEBUG:root:We got a drive command: rawX:59.226000 and rawY:-80.970000
DEBUG:root:Reverse to the Right
DEBUG:root:Left=80.970000 Right=-140.196000
DEBUG:root:ScaledLeft: 557.182500 ScaledRight: 59.559000
INFO:root:Looping....
DEBUG:root:This is the line: drive:-80.857:61.161

DEBUG:root:We got command: drive
DEBUG:root:We got a drive command: rawX:61.161000 and rawY:-80.857000
DEBUG:root:Reverse to the Right
DEBUG:root:Left=80.857000 Right=-142.018000
DEBUG:root:ScaledLeft: 556.928250 ScaledRight: 55.459500
INFO:root:Looping....
DEBUG:root:This is the line: drive:-80.857:61.854

DEBUG:root:We got command: drive
DEBUG:root:We got a drive command: rawX:61.854000 and rawY:-80.857000
DEBUG:root:Reverse to the Right
DEBUG:root:Left=80.857000 Right=-142.711000
DEBUG:root:ScaledLeft: 556.928250 ScaledRight: 53.900250
INFO:root:Looping....
DEBUG:root:This is the line: drive:-80.857:63.244

DEBUG:root:We got command: drive
DEBUG:root:We got a drive command: rawX:63.244000 and rawY:-80.857000
DEBUG:root:Reverse to the Right
DEBUG:root:Left=80.857000 Right=-144.101000
DEBUG:root:ScaledLeft: 556.928250 ScaledRight: 50.772750
INFO:root:Looping....
DEBUG:root:This is the line: drive:-81.143:64.049

DEBUG:root:We got command: drive
DEBUG:root:We got a drive command: rawX:64.049000 and rawY:-81.143000
DEBUG:root:Reverse to the Right
DEBUG:root:Left=81.143000 Right=-145.192000
DEBUG:root:ScaledLeft: 557.571750 ScaledRight: 48.318000
INFO:root:Looping....
DEBUG:root:This is the line: drive:-81.143:65.03

DEBUG:root:We got command: drive
DEBUG:root:We got a drive command: rawX:65.030000 and rawY:-81.143000
DEBUG:root:Reverse to the Right
DEBUG:root:Left=81.143000 Right=-146.173000
DEBUG:root:ScaledLeft: 557.571750 ScaledRight: 46.110750
INFO:root:Looping....
DEBUG:root:This is the line: drive:-81.571:65.625

DEBUG:root:We got command: drive
DEBUG:root:We got a drive command: rawX:65.625000 and rawY:-81.571000
DEBUG:root:Reverse to the Right
DEBUG:root:Left=81.571000 Right=-147.196000
DEBUG:root:ScaledLeft: 558.534750 ScaledRight: 43.809000
INFO:root:Looping....
DEBUG:root:This is the line: drive:-81.429:66.22

DEBUG:root:We got command: drive
DEBUG:root:We got a drive command: rawX:66.220000 and rawY:-81.429000
DEBUG:root:Reverse to the Right
DEBUG:root:Left=81.429000 Right=-147.649000
DEBUG:root:ScaledLeft: 558.215250 ScaledRight: 42.789750
INFO:root:Looping....
DEBUG:root:This is the line: drive:-81.429:66.724

DEBUG:root:We got command: drive
DEBUG:root:We got a drive command: rawX:66.724000 and rawY:-81.429000
DEBUG:root:Reverse to the Right
DEBUG:root:Left=81.429000 Right=-148.153000
DEBUG:root:ScaledLeft: 558.215250 ScaledRight: 41.655750
INFO:root:Looping....
DEBUG:root:This is the line: drive:-81.429:67.501

DEBUG:root:We got command: drive
DEBUG:root:We got a drive command: rawX:67.501000 and rawY:-81.429000
DEBUG:root:Reverse to the Right
DEBUG:root:Left=81.429000 Right=-148.930000
DEBUG:root:ScaledLeft: 558.215250 ScaledRight: 39.907500
INFO:root:Looping....
DEBUG:root:This is the line: drive:-81.714:67.889

DEBUG:root:We got command: drive
DEBUG:root:We got a drive command: rawX:67.889000 and rawY:-81.714000
DEBUG:root:Reverse to the Right
DEBUG:root:Left=81.714000 Right=-149.603000
DEBUG:root:ScaledLeft: 558.856500 ScaledRight: 38.393250
INFO:root:Looping....
DEBUG:root:This is the line: drive:-81.714:68.16

DEBUG:root:We got command: drive
DEBUG:root:We got a drive command: rawX:68.160000 and rawY:-81.714000
DEBUG:root:Reverse to the Right
DEBUG:root:Left=81.714000 Right=-149.874000
DEBUG:root:ScaledLeft: 558.856500 ScaledRight: 37.783500
INFO:root:Looping....
DEBUG:root:This is the line: drive:-82.0:69.792

DEBUG:root:We got command: drive
DEBUG:root:We got a drive command: rawX:69.792000 and rawY:-82.000000
DEBUG:root:Reverse to the Right
DEBUG:root:Left=82.000000 Right=-151.792000
DEBUG:root:ScaledLeft: 559.500000 ScaledRight: 33.468000
INFO:root:Looping....
DEBUG:root:This is the line: drive:-82.0:70.685

DEBUG:root:We got command: drive
DEBUG:root:We got a drive command: rawX:70.685000 and rawY:-82.000000
DEBUG:root:Reverse to the Right
DEBUG:root:Left=82.000000 Right=-152.685000
DEBUG:root:ScaledLeft: 559.500000 ScaledRight: 31.458750
INFO:root:Looping....
DEBUG:root:This is the line: drive:-82.38:70.833

DEBUG:root:We got command: drive
DEBUG:root:We got a drive command: rawX:70.833000 and rawY:-82.380000
DEBUG:root:Reverse to the Right
DEBUG:root:Left=82.380000 Right=-153.213000
DEBUG:root:ScaledLeft: 560.355000 ScaledRight: 30.270750
INFO:root:Looping....
DEBUG:root:This is the line: drive:-82.286:71.577

DEBUG:root:We got command: drive
DEBUG:root:We got a drive command: rawX:71.577000 and rawY:-82.286000
DEBUG:root:Reverse to the Right
DEBUG:root:Left=82.286000 Right=-153.863000
DEBUG:root:ScaledLeft: 560.143500 ScaledRight: 28.808250
INFO:root:Looping....
DEBUG:root:This is the line: drive:-82.571:72.046

DEBUG:root:We got command: drive
DEBUG:root:We got a drive command: rawX:72.046000 and rawY:-82.571000
DEBUG:root:Reverse to the Right
DEBUG:root:Left=82.571000 Right=-154.617000
DEBUG:root:ScaledLeft: 560.784750 ScaledRight: 27.111750
INFO:root:Looping....
DEBUG:root:This is the line: drive:-82.857:72.36

DEBUG:root:We got command: drive
DEBUG:root:We got a drive command: rawX:72.360000 and rawY:-82.857000
DEBUG:root:Reverse to the Right
DEBUG:root:Left=82.857000 Right=-155.217000
DEBUG:root:ScaledLeft: 561.428250 ScaledRight: 25.761750
INFO:root:Looping....
DEBUG:root:This is the line: drive:-82.857:72.679

DEBUG:root:We got command: drive
DEBUG:root:We got a drive command: rawX:72.679000 and rawY:-82.857000
DEBUG:root:Reverse to the Right
DEBUG:root:Left=82.857000 Right=-155.536000
DEBUG:root:ScaledLeft: 561.428250 ScaledRight: 25.044000
INFO:root:Looping....
DEBUG:root:This is the line: drive:-83.143:73.065

DEBUG:root:We got command: drive
DEBUG:root:We got a drive command: rawX:73.065000 and rawY:-83.143000
DEBUG:root:Reverse to the Right
DEBUG:root:Left=83.143000 Right=-156.208000
DEBUG:root:ScaledLeft: 562.071750 ScaledRight: 23.532000
INFO:root:Looping....
DEBUG:root:This is the line: drive:-83.429:73.792

DEBUG:root:We got command: drive
DEBUG:root:We got a drive command: rawX:73.792000 and rawY:-83.429000
DEBUG:root:Reverse to the Right
DEBUG:root:Left=83.429000 Right=-157.221000
DEBUG:root:ScaledLeft: 562.715250 ScaledRight: 21.252750
INFO:root:Looping....
DEBUG:root:This is the line: drive:-83.429:74.228

DEBUG:root:We got command: drive
DEBUG:root:We got a drive command: rawX:74.228000 and rawY:-83.429000
DEBUG:root:Reverse to the Right
DEBUG:root:Left=83.429000 Right=-157.657000
DEBUG:root:ScaledLeft: 562.715250 ScaledRight: 20.271750
INFO:root:Looping....
DEBUG:root:This is the line: drive:-83.714:75.096

DEBUG:root:We got command: drive
DEBUG:root:We got a drive command: rawX:75.096000 and rawY:-83.714000
DEBUG:root:Reverse to the Right
DEBUG:root:Left=83.714000 Right=-158.810000
DEBUG:root:ScaledLeft: 563.356500 ScaledRight: 17.677500
INFO:root:Looping....
DEBUG:root:This is the line: drive:-84.302:75.613

DEBUG:root:We got command: drive
DEBUG:root:We got a drive command: rawX:75.613000 and rawY:-84.302000
DEBUG:root:Reverse to the Right
DEBUG:root:Left=84.302000 Right=-159.915000
DEBUG:root:ScaledLeft: 564.679500 ScaledRight: 15.191250
INFO:root:Looping....
DEBUG:root:This is the line: drive:-84.286:75.911

DEBUG:root:We got command: drive
DEBUG:root:We got a drive command: rawX:75.911000 and rawY:-84.286000
DEBUG:root:Reverse to the Right
DEBUG:root:Left=84.286000 Right=-160.197000
DEBUG:root:ScaledLeft: 564.643500 ScaledRight: 14.556750
INFO:root:Looping....
DEBUG:root:This is the line: drive:-84.768:76.99

DEBUG:root:We got command: drive
DEBUG:root:We got a drive command: rawX:76.990000 and rawY:-84.768000
DEBUG:root:Reverse to the Right
DEBUG:root:Left=84.768000 Right=-161.758000
DEBUG:root:ScaledLeft: 565.728000 ScaledRight: 11.044500
INFO:root:Looping....
DEBUG:root:This is the line: drive:-84.857:78.354

DEBUG:root:We got command: drive
DEBUG:root:We got a drive command: rawX:78.354000 and rawY:-84.857000
DEBUG:root:Reverse to the Right
DEBUG:root:Left=84.857000 Right=-163.211000
DEBUG:root:ScaledLeft: 565.928250 ScaledRight: 7.775250
INFO:root:Looping....
DEBUG:root:This is the line: drive:-85.143:80.889

DEBUG:root:We got command: drive
DEBUG:root:We got a drive command: rawX:80.889000 and rawY:-85.143000
DEBUG:root:Reverse to the Right
DEBUG:root:Left=85.143000 Right=-166.032000
DEBUG:root:ScaledLeft: 566.571750 ScaledRight: 1.428000
INFO:root:Looping....
DEBUG:root:This is the line: drive:-85.143:83.074

DEBUG:root:We got command: drive
DEBUG:root:We got a drive command: rawX:83.074000 and rawY:-85.143000
DEBUG:root:Reverse to the Right
DEBUG:root:Left=85.143000 Right=-168.217000
DEBUG:root:ScaledLeft: 566.571750 ScaledRight: -3.488250
INFO:root:Looping....
DEBUG:root:This is the line: drive:-85.442:83.348

DEBUG:root:We got command: drive
DEBUG:root:We got a drive command: rawX:83.348000 and rawY:-85.442000
DEBUG:root:Reverse to the Right
DEBUG:root:Left=85.442000 Right=-168.790000
DEBUG:root:ScaledLeft: 567.244500 ScaledRight: -4.777500
INFO:root:Looping....
DEBUG:root:This is the line: drive:-85.714:84.048

DEBUG:root:We got command: drive
DEBUG:root:We got a drive command: rawX:84.048000 and rawY:-85.714000
DEBUG:root:Reverse to the Right
DEBUG:root:Left=85.714000 Right=-169.762000
DEBUG:root:ScaledLeft: 567.856500 ScaledRight: -6.964500
INFO:root:Looping....
DEBUG:root:This is the line: drive:-85.714:84.278

DEBUG:root:We got command: drive
DEBUG:root:We got a drive command: rawX:84.278000 and rawY:-85.714000
DEBUG:root:Reverse to the Right
DEBUG:root:Left=85.714000 Right=-169.992000
DEBUG:root:ScaledLeft: 567.856500 ScaledRight: -7.482000
INFO:root:Looping....
DEBUG:root:This is the line: drive:-86.286:84.97

DEBUG:root:We got command: drive
DEBUG:root:We got a drive command: rawX:84.970000 and rawY:-86.286000
DEBUG:root:Reverse to the Right
DEBUG:root:Left=86.286000 Right=-171.256000
DEBUG:root:ScaledLeft: 569.143500 ScaledRight: -10.326000
INFO:root:Looping....
DEBUG:root:This is the line: drive:-86.286:85.151

DEBUG:root:We got command: drive
DEBUG:root:We got a drive command: rawX:85.151000 and rawY:-86.286000
DEBUG:root:Reverse to the Right
DEBUG:root:Left=86.286000 Right=-171.437000
DEBUG:root:ScaledLeft: 569.143500 ScaledRight: -10.733250
INFO:root:Looping....
DEBUG:root:This is the line: drive:-86.571:85.863

DEBUG:root:We got command: drive
DEBUG:root:We got a drive command: rawX:85.863000 and rawY:-86.571000
DEBUG:root:Reverse to the Right
DEBUG:root:Left=86.571000 Right=-172.434000
DEBUG:root:ScaledLeft: 569.784750 ScaledRight: -12.976500
INFO:root:Looping....
DEBUG:root:This is the line: drive:-86.857:86.102

DEBUG:root:We got command: drive
DEBUG:root:We got a drive command: rawX:86.102000 and rawY:-86.857000
DEBUG:root:Reverse to the Right
DEBUG:root:Left=86.857000 Right=-172.959000
DEBUG:root:ScaledLeft: 570.428250 ScaledRight: -14.157750
INFO:root:Looping....
DEBUG:root:This is the line: drive:-86.857:86.345

DEBUG:root:We got command: drive
DEBUG:root:We got a drive command: rawX:86.345000 and rawY:-86.857000
DEBUG:root:Reverse to the Right
DEBUG:root:Left=86.857000 Right=-173.202000
DEBUG:root:ScaledLeft: 570.428250 ScaledRight: -14.704500
INFO:root:Looping....
DEBUG:root:This is the line: drive:-87.199:86.666

DEBUG:root:We got command: drive
DEBUG:root:We got a drive command: rawX:86.666000 and rawY:-87.199000
DEBUG:root:Reverse to the Right
DEBUG:root:Left=87.199000 Right=-173.865000
DEBUG:root:ScaledLeft: 571.197750 ScaledRight: -16.196250
INFO:root:Looping....
DEBUG:root:This is the line: drive:-87.199:86.666

DEBUG:root:We got command: drive
DEBUG:root:We got a drive command: rawX:86.666000 and rawY:-87.199000
DEBUG:root:Reverse to the Right
DEBUG:root:Left=87.199000 Right=-173.865000
DEBUG:root:ScaledLeft: 571.197750 ScaledRight: -16.196250
INFO:root:Looping....
DEBUG:root:This is the line: drive:-87.449:86.926

DEBUG:root:We got command: drive
DEBUG:root:We got a drive command: rawX:86.926000 and rawY:-87.449000
DEBUG:root:Reverse to the Right
DEBUG:root:Left=87.449000 Right=-174.375000
DEBUG:root:ScaledLeft: 571.760250 ScaledRight: -17.343750
INFO:root:Looping....
DEBUG:root:This is the line: drive:-87.449:86.926

DEBUG:root:We got command: drive
DEBUG:root:We got a drive command: rawX:86.926000 and rawY:-87.449000
DEBUG:root:Reverse to the Right
DEBUG:root:Left=87.449000 Right=-174.375000
DEBUG:root:ScaledLeft: 571.760250 ScaledRight: -17.343750
INFO:root:Looping....
DEBUG:root:This is the line: drive:-87.449:86.926

DEBUG:root:We got command: drive
DEBUG:root:We got a drive command: rawX:86.926000 and rawY:-87.449000
DEBUG:root:Reverse to the Right
DEBUG:root:Left=87.449000 Right=-174.375000
DEBUG:root:ScaledLeft: 571.760250 ScaledRight: -17.343750
INFO:root:Looping....
DEBUG:root:This is the line: drive:-87.449:86.926

DEBUG:root:We got command: drive
DEBUG:root:We got a drive command: rawX:86.926000 and rawY:-87.449000
DEBUG:root:Reverse to the Right
DEBUG:root:Left=87.449000 Right=-174.375000
DEBUG:root:ScaledLeft: 571.760250 ScaledRight: -17.343750
INFO:root:Looping....
DEBUG:root:This is the line: drive:-87.714:87.232

DEBUG:root:We got command: drive
DEBUG:root:We got a drive command: rawX:87.232000 and rawY:-87.714000
DEBUG:root:Reverse to the Right
DEBUG:root:Left=87.714000 Right=-174.946000
DEBUG:root:ScaledLeft: 572.356500 ScaledRight: -18.628500
INFO:root:Looping....
DEBUG:root:This is the line: drive:-87.714:87.232

DEBUG:root:We got command: drive
DEBUG:root:We got a drive command: rawX:87.232000 and rawY:-87.714000
DEBUG:root:Reverse to the Right
DEBUG:root:Left=87.714000 Right=-174.946000
DEBUG:root:ScaledLeft: 572.356500 ScaledRight: -18.628500
INFO:root:Looping....
DEBUG:root:This is the line: drive:-87.714:87.232

DEBUG:root:We got command: drive
DEBUG:root:We got a drive command: rawX:87.232000 and rawY:-87.714000
DEBUG:root:Reverse to the Right
DEBUG:root:Left=87.714000 Right=-174.946000
DEBUG:root:ScaledLeft: 572.356500 ScaledRight: -18.628500
INFO:root:Looping....
DEBUG:root:This is the line: drive:-87.714:86.892

DEBUG:root:We got command: drive
DEBUG:root:We got a drive command: rawX:86.892000 and rawY:-87.714000
DEBUG:root:Reverse to the Right
DEBUG:root:Left=87.714000 Right=-174.606000
DEBUG:root:ScaledLeft: 572.356500 ScaledRight: -17.863500
INFO:root:Looping....
DEBUG:root:This is the line: drive:-87.714:87.009

DEBUG:root:We got command: drive
DEBUG:root:We got a drive command: rawX:87.009000 and rawY:-87.714000
DEBUG:root:Reverse to the Right
DEBUG:root:Left=87.714000 Right=-174.723000
DEBUG:root:ScaledLeft: 572.356500 ScaledRight: -18.126750
INFO:root:Looping....
DEBUG:root:This is the line: drive:-87.714:86.756

DEBUG:root:We got command: drive
DEBUG:root:We got a drive command: rawX:86.756000 and rawY:-87.714000
DEBUG:root:Reverse to the Right
DEBUG:root:Left=87.714000 Right=-174.470000
DEBUG:root:ScaledLeft: 572.356500 ScaledRight: -17.557500
INFO:root:Looping....
DEBUG:root:This is the line: drive:-87.714:86.756

DEBUG:root:We got command: drive
DEBUG:root:We got a drive command: rawX:86.756000 and rawY:-87.714000
DEBUG:root:Reverse to the Right
DEBUG:root:Left=87.714000 Right=-174.470000
DEBUG:root:ScaledLeft: 572.356500 ScaledRight: -17.557500
INFO:root:Looping....
DEBUG:root:This is the line: drive:-87.714:86.756

DEBUG:root:We got command: drive
DEBUG:root:We got a drive command: rawX:86.756000 and rawY:-87.714000
DEBUG:root:Reverse to the Right
DEBUG:root:Left=87.714000 Right=-174.470000
DEBUG:root:ScaledLeft: 572.356500 ScaledRight: -17.557500
INFO:root:Looping....
DEBUG:root:This is the line: drive:-87.714:86.756

DEBUG:root:We got command: drive
DEBUG:root:We got a drive command: rawX:86.756000 and rawY:-87.714000
DEBUG:root:Reverse to the Right
DEBUG:root:Left=87.714000 Right=-174.470000
DEBUG:root:ScaledLeft: 572.356500 ScaledRight: -17.557500
INFO:root:Looping....
DEBUG:root:This is the line: drive:-87.714:86.756

DEBUG:root:We got command: drive
DEBUG:root:We got a drive command: rawX:86.756000 and rawY:-87.714000
DEBUG:root:Reverse to the Right
DEBUG:root:Left=87.714000 Right=-174.470000
DEBUG:root:ScaledLeft: 572.356500 ScaledRight: -17.557500
INFO:root:Looping....
DEBUG:root:This is the line: drive:-87.714:86.756

DEBUG:root:We got command: drive
DEBUG:root:We got a drive command: rawX:86.756000 and rawY:-87.714000
DEBUG:root:Reverse to the Right
DEBUG:root:Left=87.714000 Right=-174.470000
DEBUG:root:ScaledLeft: 572.356500 ScaledRight: -17.557500
INFO:root:Looping....
DEBUG:root:This is the line: drive:-87.714:86.756

DEBUG:root:We got command: drive
DEBUG:root:We got a drive command: rawX:86.756000 and rawY:-87.714000
DEBUG:root:Reverse to the Right
DEBUG:root:Left=87.714000 Right=-174.470000
DEBUG:root:ScaledLeft: 572.356500 ScaledRight: -17.557500
INFO:root:Looping....
DEBUG:root:This is the line: drive:-87.714:86.756

DEBUG:root:We got command: drive
DEBUG:root:We got a drive command: rawX:86.756000 and rawY:-87.714000
DEBUG:root:Reverse to the Right
DEBUG:root:Left=87.714000 Right=-174.470000
DEBUG:root:ScaledLeft: 572.356500 ScaledRight: -17.557500
INFO:root:Looping....
DEBUG:root:This is the line: drive:-87.714:86.604

DEBUG:root:We got command: drive
DEBUG:root:We got a drive command: rawX:86.604000 and rawY:-87.714000
DEBUG:root:Reverse to the Right
DEBUG:root:Left=87.714000 Right=-174.318000
DEBUG:root:ScaledLeft: 572.356500 ScaledRight: -17.215500
INFO:root:Looping....
DEBUG:root:This is the line: drive:-87.714:86.252

DEBUG:root:We got command: drive
DEBUG:root:We got a drive command: rawX:86.252000 and rawY:-87.714000
DEBUG:root:Reverse to the Right
DEBUG:root:Left=87.714000 Right=-173.966000
DEBUG:root:ScaledLeft: 572.356500 ScaledRight: -16.423500
INFO:root:Looping....
DEBUG:root:This is the line: drive:-87.714:85.976

DEBUG:root:We got command: drive
DEBUG:root:We got a drive command: rawX:85.976000 and rawY:-87.714000
DEBUG:root:Reverse to the Right
DEBUG:root:Left=87.714000 Right=-173.690000
DEBUG:root:ScaledLeft: 572.356500 ScaledRight: -15.802500
INFO:root:Looping....
DEBUG:root:This is the line: drive:-87.714:85.334

DEBUG:root:We got command: drive
DEBUG:root:We got a drive command: rawX:85.334000 and rawY:-87.714000
DEBUG:root:Reverse to the Right
DEBUG:root:Left=87.714000 Right=-173.048000
DEBUG:root:ScaledLeft: 572.356500 ScaledRight: -14.358000
INFO:root:Looping....
DEBUG:root:This is the line: drive:-87.714:85.079

DEBUG:root:We got command: drive
DEBUG:root:We got a drive command: rawX:85.079000 and rawY:-87.714000
DEBUG:root:Reverse to the Right
DEBUG:root:Left=87.714000 Right=-172.793000
DEBUG:root:ScaledLeft: 572.356500 ScaledRight: -13.784250
INFO:root:Looping....
DEBUG:root:This is the line: drive:-87.714:85.079

DEBUG:root:We got command: drive
DEBUG:root:We got a drive command: rawX:85.079000 and rawY:-87.714000
DEBUG:root:Reverse to the Right
DEBUG:root:Left=87.714000 Right=-172.793000
DEBUG:root:ScaledLeft: 572.356500 ScaledRight: -13.784250
INFO:root:Looping....
DEBUG:root:This is the line: drive:-87.714:84.812

DEBUG:root:We got command: drive
DEBUG:root:We got a drive command: rawX:84.812000 and rawY:-87.714000
DEBUG:root:Reverse to the Right
DEBUG:root:Left=87.714000 Right=-172.526000
DEBUG:root:ScaledLeft: 572.356500 ScaledRight: -13.183500
INFO:root:Looping....
DEBUG:root:This is the line: drive:-87.714:84.812

DEBUG:root:We got command: drive
DEBUG:root:We got a drive command: rawX:84.812000 and rawY:-87.714000
DEBUG:root:Reverse to the Right
DEBUG:root:Left=87.714000 Right=-172.526000
DEBUG:root:ScaledLeft: 572.356500 ScaledRight: -13.183500
INFO:root:Looping....
DEBUG:root:This is the line: drive:-85.803:84.021

DEBUG:root:We got command: drive
DEBUG:root:We got a drive command: rawX:84.021000 and rawY:-85.803000
DEBUG:root:Reverse to the Right
DEBUG:root:Left=85.803000 Right=-169.824000
DEBUG:root:ScaledLeft: 568.056750 ScaledRight: -7.104000
INFO:root:Looping....
DEBUG:root:This is the line: drive:-83.526:83.137

DEBUG:root:We got command: drive
DEBUG:root:We got a drive command: rawX:83.137000 and rawY:-83.526000
DEBUG:root:Reverse to the Right
DEBUG:root:Left=83.526000 Right=-166.663000
DEBUG:root:ScaledLeft: 562.933500 ScaledRight: 0.008250
INFO:root:Looping....
DEBUG:root:This is the line: drive:-81.588:81.713

DEBUG:root:We got command: drive
DEBUG:root:We got a drive command: rawX:81.713000 and rawY:-81.588000
DEBUG:root:Reverse to the Right
DEBUG:root:Left=81.588000 Right=-163.301000
DEBUG:root:ScaledLeft: 558.573000 ScaledRight: 7.572750
INFO:root:Looping....
DEBUG:root:This is the line: drive:-79.523:79.86

DEBUG:root:We got command: drive
DEBUG:root:We got a drive command: rawX:79.860000 and rawY:-79.523000
DEBUG:root:Reverse to the Right
DEBUG:root:Left=79.523000 Right=-159.383000
DEBUG:root:ScaledLeft: 553.926750 ScaledRight: 16.388250
INFO:root:Looping....
DEBUG:root:This is the line: drive:-76.145:78.052

DEBUG:root:We got command: drive
DEBUG:root:We got a drive command: rawX:78.052000 and rawY:-76.145000
DEBUG:root:Reverse to the Right
DEBUG:root:Left=76.145000 Right=-154.197000
DEBUG:root:ScaledLeft: 546.326250 ScaledRight: 28.056750
INFO:root:Looping....
DEBUG:root:This is the line: drive:-71.958:77.083

DEBUG:root:We got command: drive
DEBUG:root:We got a drive command: rawX:77.083000 and rawY:-71.958000
DEBUG:root:Reverse to the Right
DEBUG:root:Left=71.958000 Right=-149.041000
DEBUG:root:ScaledLeft: 536.905500 ScaledRight: 39.657750
INFO:root:Looping....
DEBUG:root:This is the line: drive:-69.571:76.786

DEBUG:root:We got command: drive
DEBUG:root:We got a drive command: rawX:76.786000 and rawY:-69.571000
DEBUG:root:Reverse to the Right
DEBUG:root:Left=69.571000 Right=-146.357000
DEBUG:root:ScaledLeft: 531.534750 ScaledRight: 45.696750
INFO:root:Looping....
DEBUG:root:This is the line: drive:-66.894:76.786

DEBUG:root:We got command: drive
DEBUG:root:We got a drive command: rawX:76.786000 and rawY:-66.894000
DEBUG:root:Reverse to the Right
DEBUG:root:Left=66.894000 Right=-143.680000
DEBUG:root:ScaledLeft: 525.511500 ScaledRight: 51.720000
INFO:root:Looping....
DEBUG:root:This is the line: drive:-65.857:76.786

DEBUG:root:We got command: drive
DEBUG:root:We got a drive command: rawX:76.786000 and rawY:-65.857000
DEBUG:root:Reverse to the Right
DEBUG:root:Left=65.857000 Right=-142.643000
DEBUG:root:ScaledLeft: 523.178250 ScaledRight: 54.053250
INFO:root:Looping....
DEBUG:root:This is the line: drive:-65.857:76.786

DEBUG:root:We got command: drive
DEBUG:root:We got a drive command: rawX:76.786000 and rawY:-65.857000
DEBUG:root:Reverse to the Right
DEBUG:root:Left=65.857000 Right=-142.643000
DEBUG:root:ScaledLeft: 523.178250 ScaledRight: 54.053250
INFO:root:Looping....
DEBUG:root:This is the line: drive:-65.857:76.786

DEBUG:root:We got command: drive
DEBUG:root:We got a drive command: rawX:76.786000 and rawY:-65.857000
DEBUG:root:Reverse to the Right
DEBUG:root:Left=65.857000 Right=-142.643000
DEBUG:root:ScaledLeft: 523.178250 ScaledRight: 54.053250
INFO:root:Looping....
DEBUG:root:This is the line: drive:-65.857:76.786

DEBUG:root:We got command: drive
DEBUG:root:We got a drive command: rawX:76.786000 and rawY:-65.857000
DEBUG:root:Reverse to the Right
DEBUG:root:Left=65.857000 Right=-142.643000
DEBUG:root:ScaledLeft: 523.178250 ScaledRight: 54.053250
INFO:root:Looping....
DEBUG:root:This is the line: drive:-65.857:76.786

DEBUG:root:We got command: drive
DEBUG:root:We got a drive command: rawX:76.786000 and rawY:-65.857000
DEBUG:root:Reverse to the Right
DEBUG:root:Left=65.857000 Right=-142.643000
DEBUG:root:ScaledLeft: 523.178250 ScaledRight: 54.053250
INFO:root:Looping....
DEBUG:root:This is the line: drive:-65.857:76.786

DEBUG:root:We got command: drive
DEBUG:root:We got a drive command: rawX:76.786000 and rawY:-65.857000
DEBUG:root:Reverse to the Right
DEBUG:root:Left=65.857000 Right=-142.643000
DEBUG:root:ScaledLeft: 523.178250 ScaledRight: 54.053250
INFO:root:Looping....
DEBUG:root:This is the line: drive:-65.857:76.786

DEBUG:root:We got command: drive
DEBUG:root:We got a drive command: rawX:76.786000 and rawY:-65.857000
DEBUG:root:Reverse to the Right
DEBUG:root:Left=65.857000 Right=-142.643000
DEBUG:root:ScaledLeft: 523.178250 ScaledRight: 54.053250
INFO:root:Looping....
DEBUG:root:This is the line: drive:-65.857:76.786

DEBUG:root:We got command: drive
DEBUG:root:We got a drive command: rawX:76.786000 and rawY:-65.857000
DEBUG:root:Reverse to the Right
DEBUG:root:Left=65.857000 Right=-142.643000
DEBUG:root:ScaledLeft: 523.178250 ScaledRight: 54.053250
INFO:root:Looping....
DEBUG:root:This is the line: drive:-66.0:77.084

DEBUG:root:We got command: drive
DEBUG:root:We got a drive command: rawX:77.084000 and rawY:-66.000000
DEBUG:root:Reverse to the Right
DEBUG:root:Left=66.000000 Right=-143.084000
DEBUG:root:ScaledLeft: 523.500000 ScaledRight: 53.061000
INFO:root:Looping....
DEBUG:root:This is the line: drive:-66.0:79.285

DEBUG:root:We got command: drive
DEBUG:root:We got a drive command: rawX:79.285000 and rawY:-66.000000
DEBUG:root:Reverse to the Right
DEBUG:root:Left=66.000000 Right=-145.285000
DEBUG:root:ScaledLeft: 523.500000 ScaledRight: 48.108750
INFO:root:Looping....
DEBUG:root:This is the line: drive:-66.0:82.526

DEBUG:root:We got command: drive
DEBUG:root:We got a drive command: rawX:82.526000 and rawY:-66.000000
DEBUG:root:Reverse to the Right
DEBUG:root:Left=66.000000 Right=-148.526000
DEBUG:root:ScaledLeft: 523.500000 ScaledRight: 40.816500
INFO:root:Looping....
DEBUG:root:This is the line: drive:-66.0:83.78

DEBUG:root:We got command: drive
DEBUG:root:We got a drive command: rawX:83.780000 and rawY:-66.000000
DEBUG:root:Reverse to the Right
DEBUG:root:Left=66.000000 Right=-149.780000
DEBUG:root:ScaledLeft: 523.500000 ScaledRight: 37.995000
INFO:root:Looping....
DEBUG:root:This is the line: drive:-66.429:84.673

DEBUG:root:We got command: drive
DEBUG:root:We got a drive command: rawX:84.673000 and rawY:-66.429000
DEBUG:root:Reverse to the Right
DEBUG:root:Left=66.429000 Right=-151.102000
DEBUG:root:ScaledLeft: 524.465250 ScaledRight: 35.020500
INFO:root:Looping....
DEBUG:root:This is the line: drive:-66.596:84.821

DEBUG:root:We got command: drive
DEBUG:root:We got a drive command: rawX:84.821000 and rawY:-66.596000
DEBUG:root:Reverse to the Right
DEBUG:root:Left=66.596000 Right=-151.417000
DEBUG:root:ScaledLeft: 524.841000 ScaledRight: 34.311750
INFO:root:Looping....
DEBUG:root:This is the line: drive:-67.143:85.293

DEBUG:root:We got command: drive
DEBUG:root:We got a drive command: rawX:85.293000 and rawY:-67.143000
DEBUG:root:Reverse to the Right
DEBUG:root:Left=67.143000 Right=-152.436000
DEBUG:root:ScaledLeft: 526.071750 ScaledRight: 32.019000
INFO:root:Looping....
DEBUG:root:This is the line: drive:-67.429:86.024

DEBUG:root:We got command: drive
DEBUG:root:We got a drive command: rawX:86.024000 and rawY:-67.429000
DEBUG:root:Reverse to the Right
DEBUG:root:Left=67.429000 Right=-153.453000
DEBUG:root:ScaledLeft: 526.715250 ScaledRight: 29.730750
INFO:root:Looping....
DEBUG:root:This is the line: drive:-67.829:86.31

DEBUG:root:We got command: drive
DEBUG:root:We got a drive command: rawX:86.310000 and rawY:-67.829000
DEBUG:root:Reverse to the Right
DEBUG:root:Left=67.829000 Right=-154.139000
DEBUG:root:ScaledLeft: 527.615250 ScaledRight: 28.187250
INFO:root:Looping....
DEBUG:root:This is the line: drive:-68.429:87.054

DEBUG:root:We got command: drive
DEBUG:root:We got a drive command: rawX:87.054000 and rawY:-68.429000
DEBUG:root:Reverse to the Right
DEBUG:root:Left=68.429000 Right=-155.483000
DEBUG:root:ScaledLeft: 528.965250 ScaledRight: 25.163250
INFO:root:Looping....
DEBUG:root:This is the line: drive:-68.286:87.218

DEBUG:root:We got command: drive
DEBUG:root:We got a drive command: rawX:87.218000 and rawY:-68.286000
DEBUG:root:Reverse to the Right
DEBUG:root:Left=68.286000 Right=-155.504000
DEBUG:root:ScaledLeft: 528.643500 ScaledRight: 25.116000
INFO:root:Looping....
DEBUG:root:This is the line: drive:-68.652:87.202

DEBUG:root:We got command: drive
DEBUG:root:We got a drive command: rawX:87.202000 and rawY:-68.652000
DEBUG:root:Reverse to the Right
DEBUG:root:Left=68.652000 Right=-155.854000
DEBUG:root:ScaledLeft: 529.467000 ScaledRight: 24.328500
INFO:root:Looping....
DEBUG:root:This is the line: drive:-68.943:87.589

DEBUG:root:We got command: drive
DEBUG:root:We got a drive command: rawX:87.589000 and rawY:-68.943000
DEBUG:root:Reverse to the Right
DEBUG:root:Left=68.943000 Right=-156.532000
DEBUG:root:ScaledLeft: 530.121750 ScaledRight: 22.803000
INFO:root:Looping....
DEBUG:root:This is the line: drive:-69.165:87.5

DEBUG:root:We got command: drive
DEBUG:root:We got a drive command: rawX:87.500000 and rawY:-69.165000
DEBUG:root:Reverse to the Right
DEBUG:root:Left=69.165000 Right=-156.665000
DEBUG:root:ScaledLeft: 530.621250 ScaledRight: 22.503750
INFO:root:Looping....
DEBUG:root:This is the line: drive:-69.165:87.5

DEBUG:root:We got command: drive
DEBUG:root:We got a drive command: rawX:87.500000 and rawY:-69.165000
DEBUG:root:Reverse to the Right
DEBUG:root:Left=69.165000 Right=-156.665000
DEBUG:root:ScaledLeft: 530.621250 ScaledRight: 22.503750
INFO:root:Looping....
DEBUG:root:This is the line: drive:-69.44:87.5

DEBUG:root:We got command: drive
DEBUG:root:We got a drive command: rawX:87.500000 and rawY:-69.440000
DEBUG:root:Reverse to the Right
DEBUG:root:Left=69.440000 Right=-156.940000
DEBUG:root:ScaledLeft: 531.240000 ScaledRight: 21.885000
INFO:root:Looping....
DEBUG:root:This is the line: drive:-69.429:87.489

DEBUG:root:We got command: drive
DEBUG:root:We got a drive command: rawX:87.489000 and rawY:-69.429000
DEBUG:root:Reverse to the Right
DEBUG:root:Left=69.429000 Right=-156.918000
DEBUG:root:ScaledLeft: 531.215250 ScaledRight: 21.934500
INFO:root:Looping....
DEBUG:root:This is the line: drive:-69.429:87.489

DEBUG:root:We got command: drive
DEBUG:root:We got a drive command: rawX:87.489000 and rawY:-69.429000
DEBUG:root:Reverse to the Right
DEBUG:root:Left=69.429000 Right=-156.918000
DEBUG:root:ScaledLeft: 531.215250 ScaledRight: 21.934500
INFO:root:Looping....
DEBUG:root:This is the line: drive:-69.429:87.829

DEBUG:root:We got command: drive
DEBUG:root:We got a drive command: rawX:87.829000 and rawY:-69.429000
DEBUG:root:Reverse to the Right
DEBUG:root:Left=69.429000 Right=-157.258000
DEBUG:root:ScaledLeft: 531.215250 ScaledRight: 21.169500
INFO:root:Looping....
DEBUG:root:This is the line: drive:-69.429:87.829

DEBUG:root:We got command: drive
DEBUG:root:We got a drive command: rawX:87.829000 and rawY:-69.429000
DEBUG:root:Reverse to the Right
DEBUG:root:Left=69.429000 Right=-157.258000
DEBUG:root:ScaledLeft: 531.215250 ScaledRight: 21.169500
INFO:root:Looping....
DEBUG:root:This is the line: drive:-69.429:87.486

DEBUG:root:We got command: drive
DEBUG:root:We got a drive command: rawX:87.486000 and rawY:-69.429000
DEBUG:root:Reverse to the Right
DEBUG:root:Left=69.429000 Right=-156.915000
DEBUG:root:ScaledLeft: 531.215250 ScaledRight: 21.941250
INFO:root:Looping....
DEBUG:root:This is the line: drive:-69.429:87.486

DEBUG:root:We got command: drive
DEBUG:root:We got a drive command: rawX:87.486000 and rawY:-69.429000
DEBUG:root:Reverse to the Right
DEBUG:root:Left=69.429000 Right=-156.915000
DEBUG:root:ScaledLeft: 531.215250 ScaledRight: 21.941250
INFO:root:Looping....
DEBUG:root:This is the line: drive:-69.429:87.177

DEBUG:root:We got command: drive
DEBUG:root:We got a drive command: rawX:87.177000 and rawY:-69.429000
DEBUG:root:Reverse to the Right
DEBUG:root:Left=69.429000 Right=-156.606000
DEBUG:root:ScaledLeft: 531.215250 ScaledRight: 22.636500
INFO:root:Looping....
DEBUG:root:This is the line: drive:-69.429:87.177

DEBUG:root:We got command: drive
DEBUG:root:We got a drive command: rawX:87.177000 and rawY:-69.429000
DEBUG:root:Reverse to the Right
DEBUG:root:Left=69.429000 Right=-156.606000
DEBUG:root:ScaledLeft: 531.215250 ScaledRight: 22.636500
INFO:root:Looping....
DEBUG:root:This is the line: drive:-69.429:87.177

DEBUG:root:We got command: drive
DEBUG:root:We got a drive command: rawX:87.177000 and rawY:-69.429000
DEBUG:root:Reverse to the Right
DEBUG:root:Left=69.429000 Right=-156.606000
DEBUG:root:ScaledLeft: 531.215250 ScaledRight: 22.636500
INFO:root:Looping....
DEBUG:root:This is the line: drive:-69.429:87.177

DEBUG:root:We got command: drive
DEBUG:root:We got a drive command: rawX:87.177000 and rawY:-69.429000
DEBUG:root:Reverse to the Right
DEBUG:root:Left=69.429000 Right=-156.606000
DEBUG:root:ScaledLeft: 531.215250 ScaledRight: 22.636500
INFO:root:Looping....
DEBUG:root:This is the line: drive:-69.429:87.177

DEBUG:root:We got command: drive
DEBUG:root:We got a drive command: rawX:87.177000 and rawY:-69.429000
DEBUG:root:Reverse to the Right
DEBUG:root:Left=69.429000 Right=-156.606000
DEBUG:root:ScaledLeft: 531.215250 ScaledRight: 22.636500
INFO:root:Looping....
DEBUG:root:This is the line: drive:-69.429:86.895

DEBUG:root:We got command: drive
DEBUG:root:We got a drive command: rawX:86.895000 and rawY:-69.429000
DEBUG:root:Reverse to the Right
DEBUG:root:Left=69.429000 Right=-156.324000
DEBUG:root:ScaledLeft: 531.215250 ScaledRight: 23.271000
INFO:root:Looping....
DEBUG:root:This is the line: drive:-69.429:86.895

DEBUG:root:We got command: drive
DEBUG:root:We got a drive command: rawX:86.895000 and rawY:-69.429000
DEBUG:root:Reverse to the Right
DEBUG:root:Left=69.429000 Right=-156.324000
DEBUG:root:ScaledLeft: 531.215250 ScaledRight: 23.271000
INFO:root:Looping....
DEBUG:root:This is the line: drive:-69.429:86.895

DEBUG:root:We got command: drive
DEBUG:root:We got a drive command: rawX:86.895000 and rawY:-69.429000
DEBUG:root:Reverse to the Right
DEBUG:root:Left=69.429000 Right=-156.324000
DEBUG:root:ScaledLeft: 531.215250 ScaledRight: 23.271000
INFO:root:Looping....
DEBUG:root:This is the line: drive:-69.429:86.895

DEBUG:root:We got command: drive
DEBUG:root:We got a drive command: rawX:86.895000 and rawY:-69.429000
DEBUG:root:Reverse to the Right
DEBUG:root:Left=69.429000 Right=-156.324000
DEBUG:root:ScaledLeft: 531.215250 ScaledRight: 23.271000
INFO:root:Looping....
DEBUG:root:This is the line: drive:-69.429:86.895

DEBUG:root:We got command: drive
DEBUG:root:We got a drive command: rawX:86.895000 and rawY:-69.429000
DEBUG:root:Reverse to the Right
DEBUG:root:Left=69.429000 Right=-156.324000
DEBUG:root:ScaledLeft: 531.215250 ScaledRight: 23.271000
INFO:root:Looping....
DEBUG:root:This is the line: drive:-69.429:86.895

DEBUG:root:We got command: drive
DEBUG:root:We got a drive command: rawX:86.895000 and rawY:-69.429000
DEBUG:root:Reverse to the Right
DEBUG:root:Left=69.429000 Right=-156.324000
DEBUG:root:ScaledLeft: 531.215250 ScaledRight: 23.271000
INFO:root:Looping....
DEBUG:root:This is the line: drive:-69.72:86.905

DEBUG:root:We got command: drive
DEBUG:root:We got a drive command: rawX:86.905000 and rawY:-69.720000
DEBUG:root:Reverse to the Right
DEBUG:root:Left=69.720000 Right=-156.625000
DEBUG:root:ScaledLeft: 531.870000 ScaledRight: 22.593750
INFO:root:Looping....
DEBUG:root:This is the line: drive:-69.72:86.905

DEBUG:root:We got command: drive
DEBUG:root:We got a drive command: rawX:86.905000 and rawY:-69.720000
DEBUG:root:Reverse to the Right
DEBUG:root:Left=69.720000 Right=-156.625000
DEBUG:root:ScaledLeft: 531.870000 ScaledRight: 22.593750
INFO:root:Looping....
DEBUG:root:This is the line: drive:-69.72:86.905

DEBUG:root:We got command: drive
DEBUG:root:We got a drive command: rawX:86.905000 and rawY:-69.720000
DEBUG:root:Reverse to the Right
DEBUG:root:Left=69.720000 Right=-156.625000
DEBUG:root:ScaledLeft: 531.870000 ScaledRight: 22.593750
INFO:root:Looping....
DEBUG:root:This is the line: drive:-69.72:86.905

DEBUG:root:We got command: drive
DEBUG:root:We got a drive command: rawX:86.905000 and rawY:-69.720000
DEBUG:root:Reverse to the Right
DEBUG:root:Left=69.720000 Right=-156.625000
DEBUG:root:ScaledLeft: 531.870000 ScaledRight: 22.593750
INFO:root:Looping....
DEBUG:root:This is the line: drive:-69.72:86.905

DEBUG:root:We got command: drive
DEBUG:root:We got a drive command: rawX:86.905000 and rawY:-69.720000
DEBUG:root:Reverse to the Right
DEBUG:root:Left=69.720000 Right=-156.625000
DEBUG:root:ScaledLeft: 531.870000 ScaledRight: 22.593750
INFO:root:Looping....
DEBUG:root:This is the line: drive:-69.714:86.598

DEBUG:root:We got command: drive
DEBUG:root:We got a drive command: rawX:86.598000 and rawY:-69.714000
DEBUG:root:Reverse to the Right
DEBUG:root:Left=69.714000 Right=-156.312000
DEBUG:root:ScaledLeft: 531.856500 ScaledRight: 23.298000
INFO:root:Looping....
DEBUG:root:This is the line: drive:-69.714:86.598

DEBUG:root:We got command: drive
DEBUG:root:We got a drive command: rawX:86.598000 and rawY:-69.714000
DEBUG:root:Reverse to the Right
DEBUG:root:Left=69.714000 Right=-156.312000
DEBUG:root:ScaledLeft: 531.856500 ScaledRight: 23.298000
INFO:root:Looping....
DEBUG:root:This is the line: drive:-69.714:86.598

DEBUG:root:We got command: drive
DEBUG:root:We got a drive command: rawX:86.598000 and rawY:-69.714000
DEBUG:root:Reverse to the Right
DEBUG:root:Left=69.714000 Right=-156.312000
DEBUG:root:ScaledLeft: 531.856500 ScaledRight: 23.298000
INFO:root:Looping....
DEBUG:root:This is the line: drive:-69.714:86.598

DEBUG:root:We got command: drive
DEBUG:root:We got a drive command: rawX:86.598000 and rawY:-69.714000
DEBUG:root:Reverse to the Right
DEBUG:root:Left=69.714000 Right=-156.312000
DEBUG:root:ScaledLeft: 531.856500 ScaledRight: 23.298000
INFO:root:Looping....
DEBUG:root:This is the line: drive:-69.714:86.598

DEBUG:root:We got command: drive
DEBUG:root:We got a drive command: rawX:86.598000 and rawY:-69.714000
DEBUG:root:Reverse to the Right
DEBUG:root:Left=69.714000 Right=-156.312000
DEBUG:root:ScaledLeft: 531.856500 ScaledRight: 23.298000
INFO:root:Looping....
DEBUG:root:This is the line: drive:-69.714:86.598

DEBUG:root:We got command: drive
DEBUG:root:We got a drive command: rawX:86.598000 and rawY:-69.714000
DEBUG:root:Reverse to the Right
DEBUG:root:Left=69.714000 Right=-156.312000
DEBUG:root:ScaledLeft: 531.856500 ScaledRight: 23.298000
INFO:root:Looping....
DEBUG:root:This is the line: drive:-69.714:86.598

DEBUG:root:We got command: drive
DEBUG:root:We got a drive command: rawX:86.598000 and rawY:-69.714000
DEBUG:root:Reverse to the Right
DEBUG:root:Left=69.714000 Right=-156.312000
DEBUG:root:ScaledLeft: 531.856500 ScaledRight: 23.298000
INFO:root:Looping....
DEBUG:root:This is the line: drive:-70.006:86.607

DEBUG:root:We got command: drive
DEBUG:root:We got a drive command: rawX:86.607000 and rawY:-70.006000
DEBUG:root:Reverse to the Right
DEBUG:root:Left=70.006000 Right=-156.613000
DEBUG:root:ScaledLeft: 532.513500 ScaledRight: 22.620750
INFO:root:Looping....
DEBUG:root:This is the line: drive:-70.006:86.607

DEBUG:root:We got command: drive
DEBUG:root:We got a drive command: rawX:86.607000 and rawY:-70.006000
DEBUG:root:Reverse to the Right
DEBUG:root:Left=70.006000 Right=-156.613000
DEBUG:root:ScaledLeft: 532.513500 ScaledRight: 22.620750
INFO:root:Looping....
DEBUG:root:This is the line: drive:-70.006:86.607

DEBUG:root:We got command: drive
DEBUG:root:We got a drive command: rawX:86.607000 and rawY:-70.006000
DEBUG:root:Reverse to the Right
DEBUG:root:Left=70.006000 Right=-156.613000
DEBUG:root:ScaledLeft: 532.513500 ScaledRight: 22.620750
INFO:root:Looping....
DEBUG:root:This is the line: drive:-70.006:86.607

DEBUG:root:We got command: drive
DEBUG:root:We got a drive command: rawX:86.607000 and rawY:-70.006000
DEBUG:root:Reverse to the Right
DEBUG:root:Left=70.006000 Right=-156.613000
DEBUG:root:ScaledLeft: 532.513500 ScaledRight: 22.620750
INFO:root:Looping....
DEBUG:root:This is the line: drive:-70.006:86.607

DEBUG:root:We got command: drive
DEBUG:root:We got a drive command: rawX:86.607000 and rawY:-70.006000
DEBUG:root:Reverse to the Right
DEBUG:root:Left=70.006000 Right=-156.613000
DEBUG:root:ScaledLeft: 532.513500 ScaledRight: 22.620750
INFO:root:Looping....
DEBUG:root:This is the line: drive:-70.006:86.607

DEBUG:root:We got command: drive
DEBUG:root:We got a drive command: rawX:86.607000 and rawY:-70.006000
DEBUG:root:Reverse to the Right
DEBUG:root:Left=70.006000 Right=-156.613000
DEBUG:root:ScaledLeft: 532.513500 ScaledRight: 22.620750
INFO:root:Looping....
DEBUG:root:This is the line: drive:-70.006:86.607

DEBUG:root:We got command: drive
DEBUG:root:We got a drive command: rawX:86.607000 and rawY:-70.006000
DEBUG:root:Reverse to the Right
DEBUG:root:Left=70.006000 Right=-156.613000
DEBUG:root:ScaledLeft: 532.513500 ScaledRight: 22.620750
INFO:root:Looping....
DEBUG:root:This is the line: drive:-70.006:86.607

DEBUG:root:We got command: drive
DEBUG:root:We got a drive command: rawX:86.607000 and rawY:-70.006000
DEBUG:root:Reverse to the Right
DEBUG:root:Left=70.006000 Right=-156.613000
DEBUG:root:ScaledLeft: 532.513500 ScaledRight: 22.620750
INFO:root:Looping....
DEBUG:root:This is the line: drive:-70.286:86.905

DEBUG:root:We got command: drive
DEBUG:root:We got a drive command: rawX:86.905000 and rawY:-70.286000
DEBUG:root:Reverse to the Right
DEBUG:root:Left=70.286000 Right=-157.191000
DEBUG:root:ScaledLeft: 533.143500 ScaledRight: 21.320250
INFO:root:Looping....
DEBUG:root:This is the line: drive:-70.286:86.905

DEBUG:root:We got command: drive
DEBUG:root:We got a drive command: rawX:86.905000 and rawY:-70.286000
DEBUG:root:Reverse to the Right
DEBUG:root:Left=70.286000 Right=-157.191000
DEBUG:root:ScaledLeft: 533.143500 ScaledRight: 21.320250
INFO:root:Looping....
DEBUG:root:This is the line: drive:-70.286:86.905

DEBUG:root:We got command: drive
DEBUG:root:We got a drive command: rawX:86.905000 and rawY:-70.286000
DEBUG:root:Reverse to the Right
DEBUG:root:Left=70.286000 Right=-157.191000
DEBUG:root:ScaledLeft: 533.143500 ScaledRight: 21.320250
INFO:root:Looping....
DEBUG:root:This is the line: drive:-70.286:86.905

DEBUG:root:We got command: drive
DEBUG:root:We got a drive command: rawX:86.905000 and rawY:-70.286000
DEBUG:root:Reverse to the Right
DEBUG:root:Left=70.286000 Right=-157.191000
DEBUG:root:ScaledLeft: 533.143500 ScaledRight: 21.320250
INFO:root:Looping....
DEBUG:root:This is the line: drive:-70.286:86.905

DEBUG:root:We got command: drive
DEBUG:root:We got a drive command: rawX:86.905000 and rawY:-70.286000
DEBUG:root:Reverse to the Right
DEBUG:root:Left=70.286000 Right=-157.191000
DEBUG:root:ScaledLeft: 533.143500 ScaledRight: 21.320250
INFO:root:Looping....
DEBUG:root:This is the line: drive:-70.286:86.905

DEBUG:root:We got command: drive
DEBUG:root:We got a drive command: rawX:86.905000 and rawY:-70.286000
DEBUG:root:Reverse to the Right
DEBUG:root:Left=70.286000 Right=-157.191000
DEBUG:root:ScaledLeft: 533.143500 ScaledRight: 21.320250
INFO:root:Looping....
DEBUG:root:This is the line: drive:-70.579:86.905

DEBUG:root:We got command: drive
DEBUG:root:We got a drive command: rawX:86.905000 and rawY:-70.579000
DEBUG:root:Reverse to the Right
DEBUG:root:Left=70.579000 Right=-157.484000
DEBUG:root:ScaledLeft: 533.802750 ScaledRight: 20.661000
INFO:root:Looping....
DEBUG:root:This is the line: drive:-70.579:86.905

DEBUG:root:We got command: drive
DEBUG:root:We got a drive command: rawX:86.905000 and rawY:-70.579000
DEBUG:root:Reverse to the Right
DEBUG:root:Left=70.579000 Right=-157.484000
DEBUG:root:ScaledLeft: 533.802750 ScaledRight: 20.661000
INFO:root:Looping....
DEBUG:root:This is the line: drive:-70.579:86.905

DEBUG:root:We got command: drive
DEBUG:root:We got a drive command: rawX:86.905000 and rawY:-70.579000
DEBUG:root:Reverse to the Right
DEBUG:root:Left=70.579000 Right=-157.484000
DEBUG:root:ScaledLeft: 533.802750 ScaledRight: 20.661000
INFO:root:Looping....
DEBUG:root:This is the line: drive:-70.579:86.905

DEBUG:root:We got command: drive
DEBUG:root:We got a drive command: rawX:86.905000 and rawY:-70.579000
DEBUG:root:Reverse to the Right
DEBUG:root:Left=70.579000 Right=-157.484000
DEBUG:root:ScaledLeft: 533.802750 ScaledRight: 20.661000
INFO:root:Looping....
DEBUG:root:This is the line: drive:-70.865:86.905

DEBUG:root:We got command: drive
DEBUG:root:We got a drive command: rawX:86.905000 and rawY:-70.865000
DEBUG:root:Reverse to the Right
DEBUG:root:Left=70.865000 Right=-157.770000
DEBUG:root:ScaledLeft: 534.446250 ScaledRight: 20.017500
INFO:root:Looping....
DEBUG:root:This is the line: drive:-70.865:86.905

DEBUG:root:We got command: drive
DEBUG:root:We got a drive command: rawX:86.905000 and rawY:-70.865000
DEBUG:root:Reverse to the Right
DEBUG:root:Left=70.865000 Right=-157.770000
DEBUG:root:ScaledLeft: 534.446250 ScaledRight: 20.017500
INFO:root:Looping....
DEBUG:root:This is the line: drive:-70.865:86.905

DEBUG:root:We got command: drive
DEBUG:root:We got a drive command: rawX:86.905000 and rawY:-70.865000
DEBUG:root:Reverse to the Right
DEBUG:root:Left=70.865000 Right=-157.770000
DEBUG:root:ScaledLeft: 534.446250 ScaledRight: 20.017500
INFO:root:Looping....
DEBUG:root:This is the line: drive:-70.865:86.905

DEBUG:root:We got command: drive
DEBUG:root:We got a drive command: rawX:86.905000 and rawY:-70.865000
DEBUG:root:Reverse to the Right
DEBUG:root:Left=70.865000 Right=-157.770000
DEBUG:root:ScaledLeft: 534.446250 ScaledRight: 20.017500
INFO:root:Looping....
DEBUG:root:This is the line: drive:-71.155:86.905

DEBUG:root:We got command: drive
DEBUG:root:We got a drive command: rawX:86.905000 and rawY:-71.155000
DEBUG:root:Reverse to the Right
DEBUG:root:Left=71.155000 Right=-158.060000
DEBUG:root:ScaledLeft: 535.098750 ScaledRight: 19.365000
INFO:root:Looping....
DEBUG:root:This is the line: drive:-71.143:86.904

DEBUG:root:We got command: drive
DEBUG:root:We got a drive command: rawX:86.904000 and rawY:-71.143000
DEBUG:root:Reverse to the Right
DEBUG:root:Left=71.143000 Right=-158.047000
DEBUG:root:ScaledLeft: 535.071750 ScaledRight: 19.394250
INFO:root:Looping....
DEBUG:root:This is the line: drive:-71.143:87.212

DEBUG:root:We got command: drive
DEBUG:root:We got a drive command: rawX:87.212000 and rawY:-71.143000
DEBUG:root:Reverse to the Right
DEBUG:root:Left=71.143000 Right=-158.355000
DEBUG:root:ScaledLeft: 535.071750 ScaledRight: 18.701250
INFO:root:Looping....
DEBUG:root:This is the line: drive:-71.143:87.212

DEBUG:root:We got command: drive
DEBUG:root:We got a drive command: rawX:87.212000 and rawY:-71.143000
DEBUG:root:Reverse to the Right
DEBUG:root:Left=71.143000 Right=-158.355000
DEBUG:root:ScaledLeft: 535.071750 ScaledRight: 18.701250
INFO:root:Looping....
DEBUG:root:This is the line: drive:-71.143:87.212

DEBUG:root:We got command: drive
DEBUG:root:We got a drive command: rawX:87.212000 and rawY:-71.143000
DEBUG:root:Reverse to the Right
DEBUG:root:Left=71.143000 Right=-158.355000
DEBUG:root:ScaledLeft: 535.071750 ScaledRight: 18.701250
INFO:root:Looping....
DEBUG:root:This is the line: drive:-71.143:87.212

DEBUG:root:We got command: drive
DEBUG:root:We got a drive command: rawX:87.212000 and rawY:-71.143000
DEBUG:root:Reverse to the Right
DEBUG:root:Left=71.143000 Right=-158.355000
DEBUG:root:ScaledLeft: 535.071750 ScaledRight: 18.701250
INFO:root:Looping....
DEBUG:root:This is the line: drive:-71.143:87.214

DEBUG:root:We got command: drive
DEBUG:root:We got a drive command: rawX:87.214000 and rawY:-71.143000
DEBUG:root:Reverse to the Right
DEBUG:root:Left=71.143000 Right=-158.357000
DEBUG:root:ScaledLeft: 535.071750 ScaledRight: 18.696750
INFO:root:Looping....
DEBUG:root:This is the line: drive:-71.448:87.202

DEBUG:root:We got command: drive
DEBUG:root:We got a drive command: rawX:87.202000 and rawY:-71.448000
DEBUG:root:Reverse to the Right
DEBUG:root:Left=71.448000 Right=-158.650000
DEBUG:root:ScaledLeft: 535.758000 ScaledRight: 18.037500
INFO:root:Looping....
DEBUG:root:This is the line: drive:-71.448:87.202

DEBUG:root:We got command: drive
DEBUG:root:We got a drive command: rawX:87.202000 and rawY:-71.448000
DEBUG:root:Reverse to the Right
DEBUG:root:Left=71.448000 Right=-158.650000
DEBUG:root:ScaledLeft: 535.758000 ScaledRight: 18.037500
INFO:root:Looping....
DEBUG:root:This is the line: drive:-71.448:87.202

DEBUG:root:We got command: drive
DEBUG:root:We got a drive command: rawX:87.202000 and rawY:-71.448000
DEBUG:root:Reverse to the Right
DEBUG:root:Left=71.448000 Right=-158.650000
DEBUG:root:ScaledLeft: 535.758000 ScaledRight: 18.037500
INFO:root:Looping....
DEBUG:root:This is the line: drive:-71.448:87.202

DEBUG:root:We got command: drive
DEBUG:root:We got a drive command: rawX:87.202000 and rawY:-71.448000
DEBUG:root:Reverse to the Right
DEBUG:root:Left=71.448000 Right=-158.650000
DEBUG:root:ScaledLeft: 535.758000 ScaledRight: 18.037500
INFO:root:Looping....
DEBUG:root:This is the line: drive:-71.448:87.202

DEBUG:root:We got command: drive
DEBUG:root:We got a drive command: rawX:87.202000 and rawY:-71.448000
DEBUG:root:Reverse to the Right
DEBUG:root:Left=71.448000 Right=-158.650000
DEBUG:root:ScaledLeft: 535.758000 ScaledRight: 18.037500
INFO:root:Looping....
DEBUG:root:This is the line: drive:-71.723:87.202

DEBUG:root:We got command: drive
DEBUG:root:We got a drive command: rawX:87.202000 and rawY:-71.723000
DEBUG:root:Reverse to the Right
DEBUG:root:Left=71.723000 Right=-158.925000
DEBUG:root:ScaledLeft: 536.376750 ScaledRight: 17.418750
INFO:root:Looping....
DEBUG:root:This is the line: drive:-71.852:87.5

DEBUG:root:We got command: drive
DEBUG:root:We got a drive command: rawX:87.500000 and rawY:-71.852000
DEBUG:root:Reverse to the Right
DEBUG:root:Left=71.852000 Right=-159.352000
DEBUG:root:ScaledLeft: 536.667000 ScaledRight: 16.458000
INFO:root:Looping....
DEBUG:root:This is the line: drive:-72.538:88.06

DEBUG:root:We got command: drive
DEBUG:root:We got a drive command: rawX:88.060000 and rawY:-72.538000
DEBUG:root:Reverse to the Right
DEBUG:root:Left=72.538000 Right=-160.598000
DEBUG:root:ScaledLeft: 538.210500 ScaledRight: 13.654500
INFO:root:Looping....
DEBUG:root:This is the line: drive:-72.857:88.306

DEBUG:root:We got command: drive
DEBUG:root:We got a drive command: rawX:88.306000 and rawY:-72.857000
DEBUG:root:Reverse to the Right
DEBUG:root:Left=72.857000 Right=-161.163000
DEBUG:root:ScaledLeft: 538.928250 ScaledRight: 12.383250
INFO:root:Looping....
DEBUG:root:This is the line: drive:-73.286:88.839

DEBUG:root:We got command: drive
DEBUG:root:We got a drive command: rawX:88.839000 and rawY:-73.286000
DEBUG:root:Reverse to the Right
DEBUG:root:Left=73.286000 Right=-162.125000
DEBUG:root:ScaledLeft: 539.893500 ScaledRight: 10.218750
INFO:root:Looping....
DEBUG:root:This is the line: drive:-73.429:89.299

DEBUG:root:We got command: drive
DEBUG:root:We got a drive command: rawX:89.299000 and rawY:-73.429000
DEBUG:root:Reverse to the Right
DEBUG:root:Left=73.429000 Right=-162.728000
DEBUG:root:ScaledLeft: 540.215250 ScaledRight: 8.862000
INFO:root:Looping....
DEBUG:root:This is the line: drive:-73.714:89.592

DEBUG:root:We got command: drive
DEBUG:root:We got a drive command: rawX:89.592000 and rawY:-73.714000
DEBUG:root:Reverse to the Right
DEBUG:root:Left=73.714000 Right=-163.306000
DEBUG:root:ScaledLeft: 540.856500 ScaledRight: 7.561500
INFO:root:Looping....
DEBUG:root:This is the line: drive:-74.143:89.881

DEBUG:root:We got command: drive
DEBUG:root:We got a drive command: rawX:89.881000 and rawY:-74.143000
DEBUG:root:Reverse to the Right
DEBUG:root:Left=74.143000 Right=-164.024000
DEBUG:root:ScaledLeft: 541.821750 ScaledRight: 5.946000
INFO:root:Looping....
DEBUG:root:This is the line: drive:-74.0:90.22

DEBUG:root:We got command: drive
DEBUG:root:We got a drive command: rawX:90.220000 and rawY:-74.000000
DEBUG:root:Reverse to the Right
DEBUG:root:Left=74.000000 Right=-164.220000
DEBUG:root:ScaledLeft: 541.500000 ScaledRight: 5.505000
INFO:root:Looping....
DEBUG:root:This is the line: drive:-74.286:90.586

DEBUG:root:We got command: drive
DEBUG:root:We got a drive command: rawX:90.586000 and rawY:-74.286000
DEBUG:root:Reverse to the Right
DEBUG:root:Left=74.286000 Right=-164.872000
DEBUG:root:ScaledLeft: 542.143500 ScaledRight: 4.038000
INFO:root:Looping....
DEBUG:root:This is the line: drive:-74.653:90.476

DEBUG:root:We got command: drive
DEBUG:root:We got a drive command: rawX:90.476000 and rawY:-74.653000
DEBUG:root:Reverse to the Right
DEBUG:root:Left=74.653000 Right=-165.129000
DEBUG:root:ScaledLeft: 542.969250 ScaledRight: 3.459750
INFO:root:Looping....
DEBUG:root:This is the line: drive:-74.864:90.476

DEBUG:root:We got command: drive
DEBUG:root:We got a drive command: rawX:90.476000 and rawY:-74.864000
DEBUG:root:Reverse to the Right
DEBUG:root:Left=74.864000 Right=-165.340000
DEBUG:root:ScaledLeft: 543.444000 ScaledRight: 2.985000
INFO:root:Looping....
DEBUG:root:This is the line: drive:-74.857:90.862

DEBUG:root:We got command: drive
DEBUG:root:We got a drive command: rawX:90.862000 and rawY:-74.857000
DEBUG:root:Reverse to the Right
DEBUG:root:Left=74.857000 Right=-165.719000
DEBUG:root:ScaledLeft: 543.428250 ScaledRight: 2.132250
INFO:root:Looping....
DEBUG:root:This is the line: drive:-75.143:91.369

DEBUG:root:We got command: drive
DEBUG:root:We got a drive command: rawX:91.369000 and rawY:-75.143000
DEBUG:root:Reverse to the Right
DEBUG:root:Left=75.143000 Right=-166.512000
DEBUG:root:ScaledLeft: 544.071750 ScaledRight: 0.348000
INFO:root:Looping....
DEBUG:root:This is the line: drive:-75.143:91.692

DEBUG:root:We got command: drive
DEBUG:root:We got a drive command: rawX:91.692000 and rawY:-75.143000
DEBUG:root:Reverse to the Right
DEBUG:root:Left=75.143000 Right=-166.835000
DEBUG:root:ScaledLeft: 544.071750 ScaledRight: -0.378750
INFO:root:Looping....
DEBUG:root:This is the line: drive:-75.143:92.38

DEBUG:root:We got command: drive
DEBUG:root:We got a drive command: rawX:92.380000 and rawY:-75.143000
DEBUG:root:Reverse to the Right
DEBUG:root:Left=75.143000 Right=-167.523000
DEBUG:root:ScaledLeft: 544.071750 ScaledRight: -1.926750
INFO:root:Looping....
DEBUG:root:This is the line: drive:-75.143:92.609

DEBUG:root:We got command: drive
DEBUG:root:We got a drive command: rawX:92.609000 and rawY:-75.143000
DEBUG:root:Reverse to the Right
DEBUG:root:Left=75.143000 Right=-167.752000
DEBUG:root:ScaledLeft: 544.071750 ScaledRight: -2.442000
INFO:root:Looping....
DEBUG:root:This is the line: drive:-75.429:92.991

DEBUG:root:We got command: drive
DEBUG:root:We got a drive command: rawX:92.991000 and rawY:-75.429000
DEBUG:root:Reverse to the Right
DEBUG:root:Left=75.429000 Right=-168.420000
DEBUG:root:ScaledLeft: 544.715250 ScaledRight: -3.945000
INFO:root:Looping....
DEBUG:root:This is the line: drive:-75.429:93.465

DEBUG:root:We got command: drive
DEBUG:root:We got a drive command: rawX:93.465000 and rawY:-75.429000
DEBUG:root:Reverse to the Right
DEBUG:root:Left=75.429000 Right=-168.894000
DEBUG:root:ScaledLeft: 544.715250 ScaledRight: -5.011500
INFO:root:Looping....
DEBUG:root:This is the line: drive:-75.429:94.052

DEBUG:root:We got command: drive
DEBUG:root:We got a drive command: rawX:94.052000 and rawY:-75.429000
DEBUG:root:Reverse to the Right
DEBUG:root:Left=75.429000 Right=-169.481000
DEBUG:root:ScaledLeft: 544.715250 ScaledRight: -6.332250
INFO:root:Looping....
DEBUG:root:This is the line: drive:-75.857:94.345

DEBUG:root:We got command: drive
DEBUG:root:We got a drive command: rawX:94.345000 and rawY:-75.857000
DEBUG:root:Reverse to the Right
DEBUG:root:Left=75.857000 Right=-170.202000
DEBUG:root:ScaledLeft: 545.678250 ScaledRight: -7.954500
INFO:root:Looping....
DEBUG:root:This is the line: drive:-75.714:95.071

DEBUG:root:We got command: drive
DEBUG:root:We got a drive command: rawX:95.071000 and rawY:-75.714000
DEBUG:root:Reverse to the Right
DEBUG:root:Left=75.714000 Right=-170.785000
DEBUG:root:ScaledLeft: 545.356500 ScaledRight: -9.266250
INFO:root:Looping....
DEBUG:root:This is the line: drive:-75.714:95.089

DEBUG:root:We got command: drive
DEBUG:root:We got a drive command: rawX:95.089000 and rawY:-75.714000
DEBUG:root:Reverse to the Right
DEBUG:root:Left=75.714000 Right=-170.803000
DEBUG:root:ScaledLeft: 545.356500 ScaledRight: -9.306750
INFO:root:Looping....
DEBUG:root:This is the line: drive:-75.714:95.853

DEBUG:root:We got command: drive
DEBUG:root:We got a drive command: rawX:95.853000 and rawY:-75.714000
DEBUG:root:Reverse to the Right
DEBUG:root:Left=75.714000 Right=-171.567000
DEBUG:root:ScaledLeft: 545.356500 ScaledRight: -11.025750
INFO:root:Looping....
DEBUG:root:This is the line: drive:-76.0:96.528

DEBUG:root:We got command: drive
DEBUG:root:We got a drive command: rawX:96.528000 and rawY:-76.000000
DEBUG:root:Reverse to the Right
DEBUG:root:Left=76.000000 Right=-172.528000
DEBUG:root:ScaledLeft: 546.000000 ScaledRight: -13.188000
INFO:root:Looping....
DEBUG:root:This is the line: drive:-76.397:97.14

DEBUG:root:We got command: drive
DEBUG:root:We got a drive command: rawX:97.140000 and rawY:-76.397000
DEBUG:root:Reverse to the Right
DEBUG:root:Left=76.397000 Right=-173.537000
DEBUG:root:ScaledLeft: 546.893250 ScaledRight: -15.458250
INFO:root:Looping....
DEBUG:root:This is the line: drive:-76.286:97.376

DEBUG:root:We got command: drive
DEBUG:root:We got a drive command: rawX:97.376000 and rawY:-76.286000
DEBUG:root:Reverse to the Right
DEBUG:root:Left=76.286000 Right=-173.662000
DEBUG:root:ScaledLeft: 546.643500 ScaledRight: -15.739500
INFO:root:Looping....
DEBUG:root:This is the line: drive:-76.571:97.568

DEBUG:root:We got command: drive
DEBUG:root:We got a drive command: rawX:97.568000 and rawY:-76.571000
DEBUG:root:Reverse to the Right
DEBUG:root:Left=76.571000 Right=-174.139000
DEBUG:root:ScaledLeft: 547.284750 ScaledRight: -16.812750
INFO:root:Looping....
DEBUG:root:This is the line: drive:-76.782:98.214

DEBUG:root:We got command: drive
DEBUG:root:We got a drive command: rawX:98.214000 and rawY:-76.782000
DEBUG:root:Reverse to the Right
DEBUG:root:Left=76.782000 Right=-174.996000
DEBUG:root:ScaledLeft: 547.759500 ScaledRight: -18.741000
INFO:root:Looping....
DEBUG:root:This is the line: drive:-77.0:98.214

DEBUG:root:We got command: drive
DEBUG:root:We got a drive command: rawX:98.214000 and rawY:-77.000000
DEBUG:root:Reverse to the Right
DEBUG:root:Left=77.000000 Right=-175.214000
DEBUG:root:ScaledLeft: 548.250000 ScaledRight: -19.231500
INFO:root:Looping....
DEBUG:root:This is the line: drive:-76.857:98.065

DEBUG:root:We got command: drive
DEBUG:root:We got a drive command: rawX:98.065000 and rawY:-76.857000
DEBUG:root:Reverse to the Right
DEBUG:root:Left=76.857000 Right=-174.922000
DEBUG:root:ScaledLeft: 547.928250 ScaledRight: -18.574500
INFO:root:Looping....
DEBUG:root:This is the line: drive:-76.857:98.123

DEBUG:root:We got command: drive
DEBUG:root:We got a drive command: rawX:98.123000 and rawY:-76.857000
DEBUG:root:Reverse to the Right
DEBUG:root:Left=76.857000 Right=-174.980000
DEBUG:root:ScaledLeft: 547.928250 ScaledRight: -18.705000
INFO:root:Looping....
DEBUG:root:This is the line: drive:-77.205:97.851

DEBUG:root:We got command: drive
DEBUG:root:We got a drive command: rawX:97.851000 and rawY:-77.205000
DEBUG:root:Reverse to the Right
DEBUG:root:Left=77.205000 Right=-175.056000
DEBUG:root:ScaledLeft: 548.711250 ScaledRight: -18.876000
INFO:root:Looping....
DEBUG:root:This is the line: drive:-77.429:98.347

DEBUG:root:We got command: drive
DEBUG:root:We got a drive command: rawX:98.347000 and rawY:-77.429000
DEBUG:root:Reverse to the Right
DEBUG:root:Left=77.429000 Right=-175.776000
DEBUG:root:ScaledLeft: 549.215250 ScaledRight: -20.496000
INFO:root:Looping....
DEBUG:root:This is the line: drive:-77.714:97.82

DEBUG:root:We got command: drive
DEBUG:root:We got a drive command: rawX:97.820000 and rawY:-77.714000
DEBUG:root:Reverse to the Right
DEBUG:root:Left=77.714000 Right=-175.534000
DEBUG:root:ScaledLeft: 549.856500 ScaledRight: -19.951500
INFO:root:Looping....
DEBUG:root:This is the line: drive:-78.429:97.47

DEBUG:root:We got command: drive
DEBUG:root:We got a drive command: rawX:97.470000 and rawY:-78.429000
DEBUG:root:Reverse to the Right
DEBUG:root:Left=78.429000 Right=-175.899000
DEBUG:root:ScaledLeft: 551.465250 ScaledRight: -20.772750
INFO:root:Looping....
DEBUG:root:This is the line: drive:-78.571:98.129

DEBUG:root:We got command: drive
DEBUG:root:We got a drive command: rawX:98.129000 and rawY:-78.571000
DEBUG:root:Reverse to the Right
DEBUG:root:Left=78.571000 Right=-176.700000
DEBUG:root:ScaledLeft: 551.784750 ScaledRight: -22.575000
INFO:root:Looping....
DEBUG:root:This is the line: drive:-79.143:97.783

DEBUG:root:We got command: drive
DEBUG:root:We got a drive command: rawX:97.783000 and rawY:-79.143000
DEBUG:root:Reverse to the Right
DEBUG:root:Left=79.143000 Right=-176.926000
DEBUG:root:ScaledLeft: 553.071750 ScaledRight: -23.083500
INFO:root:Looping....
DEBUG:root:This is the line: drive:-79.429:97.203

DEBUG:root:We got command: drive
DEBUG:root:We got a drive command: rawX:97.203000 and rawY:-79.429000
DEBUG:root:Reverse to the Right
DEBUG:root:Left=79.429000 Right=-176.632000
DEBUG:root:ScaledLeft: 553.715250 ScaledRight: -22.422000
INFO:root:Looping....
DEBUG:root:This is the line: drive:0:0

DEBUG:root:We got command: drive
DEBUG:root:We got a drive command: rawX:0.000000 and rawY:0.000000
DEBUG:root:Left=0.000000 Right=0.000000
DEBUG:root:ScaledLeft: 375.000000 ScaledRight: 375.000000
INFO:root:Looping....
DEBUG:root:This is the line: drive:-79.714:97.321

DEBUG:root:We got command: drive
DEBUG:root:We got a drive command: rawX:97.321000 and rawY:-79.714000
DEBUG:root:Reverse to the Right
DEBUG:root:Left=79.714000 Right=-177.035000
DEBUG:root:ScaledLeft: 554.356500 ScaledRight: -23.328750
INFO:root:Looping....
DEBUG:root:This is the line: drive:6.571:14.583

DEBUG:root:We got command: drive
DEBUG:root:We got a drive command: rawX:14.583000 and rawY:6.571000
DEBUG:root:Forward to the Right
DEBUG:root:Left=-6.571000 Right=-8.012000
DEBUG:root:ScaledLeft: 360.215250 ScaledRight: 356.973000
INFO:root:Looping....
DEBUG:root:This is the line: drive:0:0

DEBUG:root:We got command: drive
DEBUG:root:We got a drive command: rawX:0.000000 and rawY:0.000000
DEBUG:root:Left=0.000000 Right=0.000000
DEBUG:root:ScaledLeft: 375.000000 ScaledRight: 375.000000
INFO:root:Looping....
DEBUG:root:This is the line: drive:6.571:14.583

DEBUG:root:We got command: drive
DEBUG:root:We got a drive command: rawX:14.583000 and rawY:6.571000
DEBUG:root:Forward to the Right
DEBUG:root:Left=-6.571000 Right=-8.012000
DEBUG:root:ScaledLeft: 360.215250 ScaledRight: 356.973000
INFO:root:Looping....
DEBUG:root:This is the line: drive:8.0:9.524

DEBUG:root:We got command: drive
DEBUG:root:We got a drive command: rawX:9.524000 and rawY:8.000000
DEBUG:root:Forward to the Right
DEBUG:root:Left=-8.000000 Right=-1.524000
DEBUG:root:ScaledLeft: 357.000000 ScaledRight: 371.571000
INFO:root:Looping....
DEBUG:root:This is the line: drive:6.135:5.498

DEBUG:root:We got command: drive
DEBUG:root:We got a drive command: rawX:5.498000 and rawY:6.135000
DEBUG:root:Forward to the Right
DEBUG:root:Left=-6.135000 Right=0.637000
DEBUG:root:ScaledLeft: 361.196250 ScaledRight: 376.433250
INFO:root:Looping....
DEBUG:root:This is the line: drive:5.714:3.015

DEBUG:root:We got command: drive
DEBUG:root:We got a drive command: rawX:3.015000 and rawY:5.714000
DEBUG:root:Forward to the Right
DEBUG:root:Left=-5.714000 Right=2.699000
DEBUG:root:ScaledLeft: 362.143500 ScaledRight: 381.072750
INFO:root:Looping....
DEBUG:root:This is the line: drive:5.714:0.881

DEBUG:root:We got command: drive
DEBUG:root:We got a drive command: rawX:0.881000 and rawY:5.714000
DEBUG:root:Forward to the Right
DEBUG:root:Left=-5.714000 Right=4.833000
DEBUG:root:ScaledLeft: 362.143500 ScaledRight: 385.874250
INFO:root:Looping....
DEBUG:root:This is the line: drive:5.714:-0.446

DEBUG:root:We got command: drive
DEBUG:root:We got a drive command: rawX:-0.446000 and rawY:5.714000
DEBUG:root:Forward to the Left/Straight
DEBUG:root:Left=-6.160000 Right=5.714000
DEBUG:root:ScaledLeft: 361.140000 ScaledRight: 387.856500
INFO:root:Looping....
DEBUG:root:This is the line: drive:5.429:-2.116

DEBUG:root:We got command: drive
DEBUG:root:We got a drive command: rawX:-2.116000 and rawY:5.429000
DEBUG:root:Forward to the Left/Straight
DEBUG:root:Left=-7.545000 Right=5.429000
DEBUG:root:ScaledLeft: 358.023750 ScaledRight: 387.215250
INFO:root:Looping....
DEBUG:root:This is the line: drive:4.571:-4.266

DEBUG:root:We got command: drive
DEBUG:root:We got a drive command: rawX:-4.266000 and rawY:4.571000
DEBUG:root:Forward to the Left/Straight
DEBUG:root:Left=-8.837000 Right=4.571000
DEBUG:root:ScaledLeft: 355.116750 ScaledRight: 385.284750
INFO:root:Looping....
DEBUG:root:This is the line: drive:3.627:-6.043

DEBUG:root:We got command: drive
DEBUG:root:We got a drive command: rawX:-6.043000 and rawY:3.627000
DEBUG:root:Forward to the Left/Straight
DEBUG:root:Left=-9.670000 Right=3.627000
DEBUG:root:ScaledLeft: 353.242500 ScaledRight: 383.160750
INFO:root:Looping....
DEBUG:root:This is the line: drive:1.737:-7.738

DEBUG:root:We got command: drive
DEBUG:root:We got a drive command: rawX:-7.738000 and rawY:1.737000
DEBUG:root:Forward to the Left/Straight
DEBUG:root:Left=-9.475000 Right=1.737000
DEBUG:root:ScaledLeft: 353.681250 ScaledRight: 378.908250
INFO:root:Looping....
DEBUG:root:This is the line: drive:0.316:-8.333

DEBUG:root:We got command: drive
DEBUG:root:We got a drive command: rawX:-8.333000 and rawY:0.316000
DEBUG:root:Forward to the Left/Straight
DEBUG:root:Left=-8.649000 Right=0.316000
DEBUG:root:ScaledLeft: 355.539750 ScaledRight: 375.711000
INFO:root:Looping....
DEBUG:root:This is the line: drive:-1.723:-8.631

DEBUG:root:We got command: drive
DEBUG:root:We got a drive command: rawX:-8.631000 and rawY:-1.723000
DEBUG:root:Reverse to the Left/Straight
DEBUG:root:Left=-6.908000 Right=-1.723000
DEBUG:root:ScaledLeft: 359.457000 ScaledRight: 371.123250
INFO:root:Looping....
DEBUG:root:This is the line: drive:-3.783:-8.631

DEBUG:root:We got command: drive
DEBUG:root:We got a drive command: rawX:-8.631000 and rawY:-3.783000
DEBUG:root:Reverse to the Left/Straight
DEBUG:root:Left=-4.848000 Right=-3.783000
DEBUG:root:ScaledLeft: 364.092000 ScaledRight: 366.488250
INFO:root:Looping....
DEBUG:root:This is the line: drive:-5.491:-8.631

DEBUG:root:We got command: drive
DEBUG:root:We got a drive command: rawX:-8.631000 and rawY:-5.491000
DEBUG:root:Reverse to the Left/Straight
DEBUG:root:Left=-3.140000 Right=-5.491000
DEBUG:root:ScaledLeft: 367.935000 ScaledRight: 362.645250
INFO:root:Looping....
DEBUG:root:This is the line: drive:-5.857:-8.631

DEBUG:root:We got command: drive
DEBUG:root:We got a drive command: rawX:-8.631000 and rawY:-5.857000
DEBUG:root:Reverse to the Left/Straight
DEBUG:root:Left=-2.774000 Right=-5.857000
DEBUG:root:ScaledLeft: 368.758500 ScaledRight: 361.821750
INFO:root:Looping....
DEBUG:root:This is the line: drive:0:0

DEBUG:root:We got command: drive
DEBUG:root:We got a drive command: rawX:0.000000 and rawY:0.000000
DEBUG:root:Left=0.000000 Right=0.000000
DEBUG:root:ScaledLeft: 375.000000 ScaledRight: 375.000000
INFO:root:Looping....
DEBUG:root:This is the line: drive:-6.286:-6.548

DEBUG:root:We got command: drive
DEBUG:root:We got a drive command: rawX:-6.548000 and rawY:-6.286000
DEBUG:root:Reverse to the Left/Straight
DEBUG:root:Left=-0.262000 Right=-6.286000
DEBUG:root:ScaledLeft: 374.410500 ScaledRight: 360.856500
INFO:root:Looping....
DEBUG:root:This is the line: drive:-6.286:-6.548

DEBUG:root:We got command: drive
DEBUG:root:We got a drive command: rawX:-6.548000 and rawY:-6.286000
DEBUG:root:Reverse to the Left/Straight
DEBUG:root:Left=-0.262000 Right=-6.286000
DEBUG:root:ScaledLeft: 374.410500 ScaledRight: 360.856500
INFO:root:Looping....
DEBUG:root:This is the line: drive:0:0

DEBUG:root:We got command: drive
DEBUG:root:We got a drive command: rawX:0.000000 and rawY:0.000000
DEBUG:root:Left=0.000000 Right=0.000000
DEBUG:root:ScaledLeft: 375.000000 ScaledRight: 375.000000
INFO:root:Looping....
DEBUG:root:This is the line: drive:0:0

DEBUG:root:We got command: drive
DEBUG:root:We got a drive command: rawX:0.000000 and rawY:0.000000
DEBUG:root:Left=0.000000 Right=0.000000
DEBUG:root:ScaledLeft: 375.000000 ScaledRight: 375.000000
INFO:root:Looping....
DEBUG:root:This is the line: drive:0:0

DEBUG:root:We got command: drive
DEBUG:root:We got a drive command: rawX:0.000000 and rawY:0.000000
DEBUG:root:Left=0.000000 Right=0.000000
DEBUG:root:ScaledLeft: 375.000000 ScaledRight: 375.000000
INFO:root:Looping....
DEBUG:root:This is the line: drive:0:0

DEBUG:root:We got command: drive
DEBUG:root:We got a drive command: rawX:0.000000 and rawY:0.000000
DEBUG:root:Left=0.000000 Right=0.000000
DEBUG:root:ScaledLeft: 375.000000 ScaledRight: 375.000000
INFO:root:Looping....
DEBUG:root:This is the line: drive:-0.857:-25.662

DEBUG:root:We got command: drive
DEBUG:root:We got a drive command: rawX:-25.662000 and rawY:-0.857000
DEBUG:root:Reverse to the Left/Straight
DEBUG:root:Left=-24.805000 Right=-0.857000
DEBUG:root:ScaledLeft: 319.188750 ScaledRight: 373.071750
INFO:root:Looping....
DEBUG:root:This is the line: drive:-3.088:-27.976

DEBUG:root:We got command: drive
DEBUG:root:We got a drive command: rawX:-27.976000 and rawY:-3.088000
DEBUG:root:Reverse to the Left/Straight
DEBUG:root:Left=-24.888000 Right=-3.088000
DEBUG:root:ScaledLeft: 319.002000 ScaledRight: 368.052000
INFO:root:Looping....
DEBUG:root:This is the line: drive:-6.255:-27.976

DEBUG:root:We got command: drive
DEBUG:root:We got a drive command: rawX:-27.976000 and rawY:-6.255000
DEBUG:root:Reverse to the Left/Straight
DEBUG:root:Left=-21.721000 Right=-6.255000
DEBUG:root:ScaledLeft: 326.127750 ScaledRight: 360.926250
INFO:root:Looping....
DEBUG:root:This is the line: drive:-10.396:-25.835

DEBUG:root:We got command: drive
DEBUG:root:We got a drive command: rawX:-25.835000 and rawY:-10.396000
DEBUG:root:Reverse to the Left/Straight
DEBUG:root:Left=-15.439000 Right=-10.396000
DEBUG:root:ScaledLeft: 340.262250 ScaledRight: 351.609000
INFO:root:Looping....
DEBUG:root:This is the line: drive:-12.945:-24.016

DEBUG:root:We got command: drive
DEBUG:root:We got a drive command: rawX:-24.016000 and rawY:-12.945000
DEBUG:root:Reverse to the Left/Straight
DEBUG:root:Left=-11.071000 Right=-12.945000
DEBUG:root:ScaledLeft: 350.090250 ScaledRight: 345.873750
INFO:root:Looping....
DEBUG:root:This is the line: drive:-13.368:-20.473

DEBUG:root:We got command: drive
DEBUG:root:We got a drive command: rawX:-20.473000 and rawY:-13.368000
DEBUG:root:Reverse to the Left/Straight
DEBUG:root:Left=-7.105000 Right=-13.368000
DEBUG:root:ScaledLeft: 359.013750 ScaledRight: 344.922000
INFO:root:Looping....
DEBUG:root:This is the line: drive:-11.655:-18.688

DEBUG:root:We got command: drive
DEBUG:root:We got a drive command: rawX:-18.688000 and rawY:-11.655000
DEBUG:root:Reverse to the Left/Straight
DEBUG:root:Left=-7.033000 Right=-11.655000
DEBUG:root:ScaledLeft: 359.175750 ScaledRight: 348.776250
INFO:root:Looping....
DEBUG:root:This is the line: drive:-7.494:-16.667

DEBUG:root:We got command: drive
DEBUG:root:We got a drive command: rawX:-16.667000 and rawY:-7.494000
DEBUG:root:Reverse to the Left/Straight
DEBUG:root:Left=-9.173000 Right=-7.494000
DEBUG:root:ScaledLeft: 354.360750 ScaledRight: 358.138500
INFO:root:Looping....
DEBUG:root:This is the line: drive:-3.429:-15.327

DEBUG:root:We got command: drive
DEBUG:root:We got a drive command: rawX:-15.327000 and rawY:-3.429000
DEBUG:root:Reverse to the Left/Straight
DEBUG:root:Left=-11.898000 Right=-3.429000
DEBUG:root:ScaledLeft: 348.229500 ScaledRight: 367.284750
INFO:root:Looping....
DEBUG:root:This is the line: drive:0:0

DEBUG:root:We got command: drive
DEBUG:root:We got a drive command: rawX:0.000000 and rawY:0.000000
DEBUG:root:Left=0.000000 Right=0.000000
DEBUG:root:ScaledLeft: 375.000000 ScaledRight: 375.000000
INFO:root:Looping....
DEBUG:root:This is the line: EMERGENCYSTOP:STOP

DEBUG:root:We got command: EMERGENCYSTOP
INFO:root:We got the EMERGENCY STOP command.
INFO:root:Looping....
DEBUG:root:This is the line: EMERGENCYSTOP:STOP

DEBUG:root:We got command: EMERGENCYSTOP
INFO:root:We got the EMERGENCY STOP command.
INFO:root:Looping....
DEBUG:root:This is the line: drive:-2.571:-14.881

DEBUG:root:We got command: drive
DEBUG:root:We got a drive command: rawX:-14.881000 and rawY:-2.571000
DEBUG:root:Reverse to the Left/Straight
DEBUG:root:Left=-12.310000 Right=-2.571000
DEBUG:root:ScaledLeft: 347.302500 ScaledRight: 369.215250
INFO:root:Looping....
DEBUG:root:This is the line: drive:17.143:-14.286

DEBUG:root:We got command: drive
DEBUG:root:We got a drive command: rawX:-14.286000 and rawY:17.143000
DEBUG:root:Forward to the Left/Straight
DEBUG:root:Left=-31.429000 Right=17.143000
DEBUG:root:ScaledLeft: 304.284750 ScaledRight: 413.571750
INFO:root:Looping....
DEBUG:root:This is the line: drive:25.23:-15.825

DEBUG:root:We got command: drive
DEBUG:root:We got a drive command: rawX:-15.825000 and rawY:25.230000
DEBUG:root:Forward to the Left/Straight
DEBUG:root:Left=-41.055000 Right=25.230000
DEBUG:root:ScaledLeft: 282.626250 ScaledRight: 431.767500
INFO:root:Looping....
DEBUG:root:This is the line: drive:30.597:-13.871

DEBUG:root:We got command: drive
DEBUG:root:We got a drive command: rawX:-13.871000 and rawY:30.597000
DEBUG:root:Forward to the Left/Straight
DEBUG:root:Left=-44.468000 Right=30.597000
DEBUG:root:ScaledLeft: 274.947000 ScaledRight: 443.843250
INFO:root:Looping....
DEBUG:root:This is the line: drive:35.764:-9.77

DEBUG:root:We got command: drive
DEBUG:root:We got a drive command: rawX:-9.770000 and rawY:35.764000
DEBUG:root:Forward to the Left/Straight
DEBUG:root:Left=-45.534000 Right=35.764000
DEBUG:root:ScaledLeft: 272.548500 ScaledRight: 455.469000
INFO:root:Looping....
DEBUG:root:This is the line: drive:36.857:-4.84

DEBUG:root:We got command: drive
DEBUG:root:We got a drive command: rawX:-4.840000 and rawY:36.857000
DEBUG:root:Forward to the Left/Straight
DEBUG:root:Left=-41.697000 Right=36.857000
DEBUG:root:ScaledLeft: 281.181750 ScaledRight: 457.928250
INFO:root:Looping....
DEBUG:root:This is the line: drive:32.57:0.3

DEBUG:root:We got command: drive
DEBUG:root:We got a drive command: rawX:0.300000 and rawY:32.570000
DEBUG:root:Forward to the Right
DEBUG:root:Left=-32.570000 Right=32.270000
DEBUG:root:ScaledLeft: 301.717500 ScaledRight: 447.607500
INFO:root:Looping....
DEBUG:root:This is the line: drive:25.368:3.811

DEBUG:root:We got command: drive
DEBUG:root:We got a drive command: rawX:3.811000 and rawY:25.368000
DEBUG:root:Forward to the Right
DEBUG:root:Left=-25.368000 Right=21.557000
DEBUG:root:ScaledLeft: 317.922000 ScaledRight: 423.503250
INFO:root:Looping....
DEBUG:root:This is the line: drive:17.71:3.645

DEBUG:root:We got command: drive
DEBUG:root:We got a drive command: rawX:3.645000 and rawY:17.710000
DEBUG:root:Forward to the Right
DEBUG:root:Left=-17.710000 Right=14.065000
DEBUG:root:ScaledLeft: 335.152500 ScaledRight: 406.646250
INFO:root:Looping....
DEBUG:root:This is the line: drive:0:0

DEBUG:root:We got command: drive
DEBUG:root:We got a drive command: rawX:0.000000 and rawY:0.000000
DEBUG:root:Left=0.000000 Right=0.000000
DEBUG:root:ScaledLeft: 375.000000 ScaledRight: 375.000000
INFO:root:Looping....
DEBUG:root:This is the line: EMERGENCYSTOP:STOP

DEBUG:root:We got command: EMERGENCYSTOP
INFO:root:We got the EMERGENCY STOP command.
INFO:root:Looping....
DEBUG:root:This is the line: EMERGENCYSTOP:STOP

DEBUG:root:We got command: EMERGENCYSTOP
INFO:root:We got the EMERGENCY STOP command.
INFO:root:Looping....
INFO:root:Starting Log file.
INFO:root:Looping....
DEBUG:root:This is the line: Beginning test.EMERGENCYSTOP:STOP

DEBUG:root:We got command: Beginning test.EMERGENCYSTOP
INFO:root:We got some other kind of command
INFO:root:Looping....
DEBUG:root:This is the line: EMERGENCYSTOP:STOP

DEBUG:root:We got command: EMERGENCYSTOP
INFO:root:We got the EMERGENCY STOP command.
INFO:root:Looping....
DEBUG:root:This is the line: EMERGENCYSTOP:STOP

DEBUG:root:We got command: EMERGENCYSTOP
INFO:root:We got the EMERGENCY STOP command.
INFO:root:Looping....
DEBUG:root:This is the line: EMERGENCYSTOP:STOP

DEBUG:root:We got command: EMERGENCYSTOP
INFO:root:We got the EMERGENCY STOP command.
INFO:root:Looping....
DEBUG:root:This is the line: EMERGENCYSTOP:STOP

DEBUG:root:We got command: EMERGENCYSTOP
INFO:root:We got the EMERGENCY STOP command.
INFO:root:Looping....
DEBUG:root:This is the line: EMERGENCYSTOP:STOP

DEBUG:root:We got command: EMERGENCYSTOP
INFO:root:We got the EMERGENCY STOP command.
INFO:root:Looping....
DEBUG:root:This is the line: EMERGENCYSTOP:STOP

DEBUG:root:We got command: EMERGENCYSTOP
INFO:root:We got the EMERGENCY STOP command.
INFO:root:Looping....
DEBUG:root:This is the line: EMERGENCYSTOP:STOP

DEBUG:root:We got command: EMERGENCYSTOP
INFO:root:We got the EMERGENCY STOP command.
INFO:root:Looping....
DEBUG:root:This is the line: EMERGENCYSTOP:STOP

DEBUG:root:We got command: EMERGENCYSTOP
INFO:root:We got the EMERGENCY STOP command.
INFO:root:Looping....
DEBUG:root:This is the line: EMERGENCYSTOP:STOP

DEBUG:root:We got command: EMERGENCYSTOP
INFO:root:We got the EMERGENCY STOP command.
INFO:root:Looping....
DEBUG:root:This is the line: EMERGENCYSTOP:STOP

DEBUG:root:We got command: EMERGENCYSTOP
INFO:root:We got the EMERGENCY STOP command.
INFO:root:Looping....
DEBUG:root:This is the line: EMERGENCYSTOP:STOP

DEBUG:root:We got command: EMERGENCYSTOP
INFO:root:We got the EMERGENCY STOP command.
INFO:root:Looping....
DEBUG:root:This is the line: EMERGENCYSTOP:STOP

DEBUG:root:We got command: EMERGENCYSTOP
INFO:root:We got the EMERGENCY STOP command.
INFO:root:Looping....
DEBUG:root:This is the line: EMERGENCYSTOP:STOP

DEBUG:root:We got command: EMERGENCYSTOP
INFO:root:We got the EMERGENCY STOP command.
INFO:root:Looping....
DEBUG:root:This is the line: EMERGENCYSTOP:STOP

DEBUG:root:We got command: EMERGENCYSTOP
INFO:root:We got the EMERGENCY STOP command.
INFO:root:Looping....
DEBUG:root:This is the line: EMERGENCYSTOP:STOP

DEBUG:root:We got command: EMERGENCYSTOP
INFO:root:We got the EMERGENCY STOP command.
INFO:root:Looping....
DEBUG:root:This is the line: EMERGENCYSTOP:STOP

DEBUG:root:We got command: EMERGENCYSTOP
INFO:root:We got the EMERGENCY STOP command.
INFO:root:Looping....
DEBUG:root:This is the line: EMERGENCYSTOP:STOP

DEBUG:root:We got command: EMERGENCYSTOP
INFO:root:We got the EMERGENCY STOP command.
INFO:root:Looping....
DEBUG:root:This is the line: EMERGENCYSTOP:STOP

DEBUG:root:We got command: EMERGENCYSTOP
INFO:root:We got the EMERGENCY STOP command.
INFO:root:Looping....
DEBUG:root:This is the line: EMERGENCYSTOP:STOP

DEBUG:root:We got command: EMERGENCYSTOP
INFO:root:We got the EMERGENCY STOP command.
INFO:root:Looping....
DEBUG:root:This is the line: EMERGENCYSTOP:STOP

DEBUG:root:We got command: EMERGENCYSTOP
INFO:root:We got the EMERGENCY STOP command.
INFO:root:Looping....
DEBUG:root:This is the line: drive:13.143:0.595

DEBUG:root:We got command: drive
DEBUG:root:We got a drive command: rawX:0.595000 and rawY:13.143000
DEBUG:root:Forward to the Right
DEBUG:root:Left=-13.143000 Right=12.548000
DEBUG:root:ScaledLeft: 345.428250 ScaledRight: 403.233000
INFO:root:Looping....
DEBUG:root:This is the line: drive:6.857:0.0

DEBUG:root:We got command: drive
DEBUG:root:We got a drive command: rawX:0.000000 and rawY:6.857000
DEBUG:root:Forward to the Left/Straight
DEBUG:root:Left=-6.857000 Right=6.857000
DEBUG:root:ScaledLeft: 359.571750 ScaledRight: 390.428250
INFO:root:Looping....
DEBUG:root:This is the line: drive:6.857:0.0

DEBUG:root:We got command: drive
DEBUG:root:We got a drive command: rawX:0.000000 and rawY:6.857000
DEBUG:root:Forward to the Left/Straight
DEBUG:root:Left=-6.857000 Right=6.857000
DEBUG:root:ScaledLeft: 359.571750 ScaledRight: 390.428250
INFO:root:Looping....
DEBUG:root:This is the line: drive:6.857:0.0

DEBUG:root:We got command: drive
DEBUG:root:We got a drive command: rawX:0.000000 and rawY:6.857000
DEBUG:root:Forward to the Left/Straight
DEBUG:root:Left=-6.857000 Right=6.857000
DEBUG:root:ScaledLeft: 359.571750 ScaledRight: 390.428250
INFO:root:Looping....
DEBUG:root:This is the line: drive:6.857:0.0

DEBUG:root:We got command: drive
DEBUG:root:We got a drive command: rawX:0.000000 and rawY:6.857000
DEBUG:root:Forward to the Left/Straight
DEBUG:root:Left=-6.857000 Right=6.857000
DEBUG:root:ScaledLeft: 359.571750 ScaledRight: 390.428250
INFO:root:Looping....
DEBUG:root:This is the line: drive:6.857:0.0

DEBUG:root:We got command: drive
DEBUG:root:We got a drive command: rawX:0.000000 and rawY:6.857000
DEBUG:root:Forward to the Left/Straight
DEBUG:root:Left=-6.857000 Right=6.857000
DEBUG:root:ScaledLeft: 359.571750 ScaledRight: 390.428250
INFO:root:Looping....
DEBUG:root:This is the line: drive:6.857:0.0

DEBUG:root:We got command: drive
DEBUG:root:We got a drive command: rawX:0.000000 and rawY:6.857000
DEBUG:root:Forward to the Left/Straight
DEBUG:root:Left=-6.857000 Right=6.857000
DEBUG:root:ScaledLeft: 359.571750 ScaledRight: 390.428250
INFO:root:Looping....
DEBUG:root:This is the line: drive:6.857:0.0

DEBUG:root:We got command: drive
DEBUG:root:We got a drive command: rawX:0.000000 and rawY:6.857000
DEBUG:root:Forward to the Left/Straight
DEBUG:root:Left=-6.857000 Right=6.857000
DEBUG:root:ScaledLeft: 359.571750 ScaledRight: 390.428250
INFO:root:Looping....
DEBUG:root:This is the line: drive:6.857:0.0

DEBUG:root:We got command: drive
DEBUG:root:We got a drive command: rawX:0.000000 and rawY:6.857000
DEBUG:root:Forward to the Left/Straight
DEBUG:root:Left=-6.857000 Right=6.857000
DEBUG:root:ScaledLeft: 359.571750 ScaledRight: 390.428250
INFO:root:Looping....
DEBUG:root:This is the line: drive:6.857:0.0

DEBUG:root:We got command: drive
DEBUG:root:We got a drive command: rawX:0.000000 and rawY:6.857000
DEBUG:root:Forward to the Left/Straight
DEBUG:root:Left=-6.857000 Right=6.857000
DEBUG:root:ScaledLeft: 359.571750 ScaledRight: 390.428250
INFO:root:Looping....
DEBUG:root:This is the line: drive:6.857:0.0

DEBUG:root:We got command: drive
DEBUG:root:We got a drive command: rawX:0.000000 and rawY:6.857000
DEBUG:root:Forward to the Left/Straight
DEBUG:root:Left=-6.857000 Right=6.857000
DEBUG:root:ScaledLeft: 359.571750 ScaledRight: 390.428250
INFO:root:Looping....
DEBUG:root:This is the line: drive:6.857:0.0

DEBUG:root:We got command: drive
DEBUG:root:We got a drive command: rawX:0.000000 and rawY:6.857000
DEBUG:root:Forward to the Left/Straight
DEBUG:root:Left=-6.857000 Right=6.857000
DEBUG:root:ScaledLeft: 359.571750 ScaledRight: 390.428250
INFO:root:Looping....
DEBUG:root:This is the line: drive:6.857:0.0

DEBUG:root:We got command: drive
DEBUG:root:We got a drive command: rawX:0.000000 and rawY:6.857000
DEBUG:root:Forward to the Left/Straight
DEBUG:root:Left=-6.857000 Right=6.857000
DEBUG:root:ScaledLeft: 359.571750 ScaledRight: 390.428250
INFO:root:Looping....
DEBUG:root:This is the line: drive:6.857:0.0

DEBUG:root:We got command: drive
DEBUG:root:We got a drive command: rawX:0.000000 and rawY:6.857000
DEBUG:root:Forward to the Left/Straight
DEBUG:root:Left=-6.857000 Right=6.857000
DEBUG:root:ScaledLeft: 359.571750 ScaledRight: 390.428250
INFO:root:Looping....
DEBUG:root:This is the line: drive:6.857:0.0

DEBUG:root:We got command: drive
DEBUG:root:We got a drive command: rawX:0.000000 and rawY:6.857000
DEBUG:root:Forward to the Left/Straight
DEBUG:root:Left=-6.857000 Right=6.857000
DEBUG:root:ScaledLeft: 359.571750 ScaledRight: 390.428250
INFO:root:Looping....
DEBUG:root:This is the line: drive:6.857:0.0

DEBUG:root:We got command: drive
DEBUG:root:We got a drive command: rawX:0.000000 and rawY:6.857000
DEBUG:root:Forward to the Left/Straight
DEBUG:root:Left=-6.857000 Right=6.857000
DEBUG:root:ScaledLeft: 359.571750 ScaledRight: 390.428250
INFO:root:Looping....
DEBUG:root:This is the line: drive:6.857:0.0

DEBUG:root:We got command: drive
DEBUG:root:We got a drive command: rawX:0.000000 and rawY:6.857000
DEBUG:root:Forward to the Left/Straight
DEBUG:root:Left=-6.857000 Right=6.857000
DEBUG:root:ScaledLeft: 359.571750 ScaledRight: 390.428250
INFO:root:Looping....
DEBUG:root:This is the line: drive:6.857:0.0

DEBUG:root:We got command: drive
DEBUG:root:We got a drive command: rawX:0.000000 and rawY:6.857000
DEBUG:root:Forward to the Left/Straight
DEBUG:root:Left=-6.857000 Right=6.857000
DEBUG:root:ScaledLeft: 359.571750 ScaledRight: 390.428250
INFO:root:Looping....
DEBUG:root:This is the line: drive:6.857:0.0

DEBUG:root:We got command: drive
DEBUG:root:We got a drive command: rawX:0.000000 and rawY:6.857000
DEBUG:root:Forward to the Left/Straight
DEBUG:root:Left=-6.857000 Right=6.857000
DEBUG:root:ScaledLeft: 359.571750 ScaledRight: 390.428250
INFO:root:Looping....
DEBUG:root:This is the line: drive:6.857:0.0

DEBUG:root:We got command: drive
DEBUG:root:We got a drive command: rawX:0.000000 and rawY:6.857000
DEBUG:root:Forward to the Left/Straight
DEBUG:root:Left=-6.857000 Right=6.857000
DEBUG:root:ScaledLeft: 359.571750 ScaledRight: 390.428250
INFO:root:Looping....
DEBUG:root:This is the line: drive:6.857:0.0

DEBUG:root:We got command: drive
DEBUG:root:We got a drive command: rawX:0.000000 and rawY:6.857000
DEBUG:root:Forward to the Left/Straight
DEBUG:root:Left=-6.857000 Right=6.857000
DEBUG:root:ScaledLeft: 359.571750 ScaledRight: 390.428250
INFO:root:Looping....
DEBUG:root:This is the line: drive:6.857:0.0

DEBUG:root:We got command: drive
DEBUG:root:We got a drive command: rawX:0.000000 and rawY:6.857000
DEBUG:root:Forward to the Left/Straight
DEBUG:root:Left=-6.857000 Right=6.857000
DEBUG:root:ScaledLeft: 359.571750 ScaledRight: 390.428250
INFO:root:Looping....
DEBUG:root:This is the line: drive:6.857:0.0

DEBUG:root:We got command: drive
DEBUG:root:We got a drive command: rawX:0.000000 and rawY:6.857000
DEBUG:root:Forward to the Left/Straight
DEBUG:root:Left=-6.857000 Right=6.857000
DEBUG:root:ScaledLeft: 359.571750 ScaledRight: 390.428250
INFO:root:Looping....
DEBUG:root:This is the line: drive:6.857:0.0

DEBUG:root:We got command: drive
DEBUG:root:We got a drive command: rawX:0.000000 and rawY:6.857000
DEBUG:root:Forward to the Left/Straight
DEBUG:root:Left=-6.857000 Right=6.857000
DEBUG:root:ScaledLeft: 359.571750 ScaledRight: 390.428250
INFO:root:Looping....
DEBUG:root:This is the line: drive:6.857:0.0

DEBUG:root:We got command: drive
DEBUG:root:We got a drive command: rawX:0.000000 and rawY:6.857000
DEBUG:root:Forward to the Left/Straight
DEBUG:root:Left=-6.857000 Right=6.857000
DEBUG:root:ScaledLeft: 359.571750 ScaledRight: 390.428250
INFO:root:Looping....
DEBUG:root:This is the line: drive:6.857:0.0

DEBUG:root:We got command: drive
DEBUG:root:We got a drive command: rawX:0.000000 and rawY:6.857000
DEBUG:root:Forward to the Left/Straight
DEBUG:root:Left=-6.857000 Right=6.857000
DEBUG:root:ScaledLeft: 359.571750 ScaledRight: 390.428250
INFO:root:Looping....
DEBUG:root:This is the line: drive:6.857:0.0

DEBUG:root:We got command: drive
DEBUG:root:We got a drive command: rawX:0.000000 and rawY:6.857000
DEBUG:root:Forward to the Left/Straight
DEBUG:root:Left=-6.857000 Right=6.857000
DEBUG:root:ScaledLeft: 359.571750 ScaledRight: 390.428250
INFO:root:Looping....
DEBUG:root:This is the line: drive:6.857:0.0

DEBUG:root:We got command: drive
DEBUG:root:We got a drive command: rawX:0.000000 and rawY:6.857000
DEBUG:root:Forward to the Left/Straight
DEBUG:root:Left=-6.857000 Right=6.857000
DEBUG:root:ScaledLeft: 359.571750 ScaledRight: 390.428250
INFO:root:Looping....
DEBUG:root:This is the line: drive:6.857:0.0

DEBUG:root:We got command: drive
DEBUG:root:We got a drive command: rawX:0.000000 and rawY:6.857000
DEBUG:root:Forward to the Left/Straight
DEBUG:root:Left=-6.857000 Right=6.857000
DEBUG:root:ScaledLeft: 359.571750 ScaledRight: 390.428250
INFO:root:Looping....
DEBUG:root:This is the line: drive:6.857:0.0

DEBUG:root:We got command: drive
DEBUG:root:We got a drive command: rawX:0.000000 and rawY:6.857000
DEBUG:root:Forward to the Left/Straight
DEBUG:root:Left=-6.857000 Right=6.857000
DEBUG:root:ScaledLeft: 359.571750 ScaledRight: 390.428250
INFO:root:Looping....
DEBUG:root:This is the line: drive:6.857:0.0

DEBUG:root:We got command: drive
DEBUG:root:We got a drive command: rawX:0.000000 and rawY:6.857000
DEBUG:root:Forward to the Left/Straight
DEBUG:root:Left=-6.857000 Right=6.857000
DEBUG:root:ScaledLeft: 359.571750 ScaledRight: 390.428250
INFO:root:Looping....
DEBUG:root:This is the line: drive:6.857:0.0

DEBUG:root:We got command: drive
DEBUG:root:We got a drive command: rawX:0.000000 and rawY:6.857000
DEBUG:root:Forward to the Left/Straight
DEBUG:root:Left=-6.857000 Right=6.857000
DEBUG:root:ScaledLeft: 359.571750 ScaledRight: 390.428250
INFO:root:Looping....
DEBUG:root:This is the line: drive:6.857:0.0

DEBUG:root:We got command: drive
DEBUG:root:We got a drive command: rawX:0.000000 and rawY:6.857000
DEBUG:root:Forward to the Left/Straight
DEBUG:root:Left=-6.857000 Right=6.857000
DEBUG:root:ScaledLeft: 359.571750 ScaledRight: 390.428250
INFO:root:Looping....
DEBUG:root:This is the line: drive:6.857:0.0

DEBUG:root:We got command: drive
DEBUG:root:We got a drive command: rawX:0.000000 and rawY:6.857000
DEBUG:root:Forward to the Left/Straight
DEBUG:root:Left=-6.857000 Right=6.857000
DEBUG:root:ScaledLeft: 359.571750 ScaledRight: 390.428250
INFO:root:Looping....
DEBUG:root:This is the line: drive:6.857:0.0

DEBUG:root:We got command: drive
DEBUG:root:We got a drive command: rawX:0.000000 and rawY:6.857000
DEBUG:root:Forward to the Left/Straight
DEBUG:root:Left=-6.857000 Right=6.857000
DEBUG:root:ScaledLeft: 359.571750 ScaledRight: 390.428250
INFO:root:Looping....
DEBUG:root:This is the line: drive:6.857:0.0

DEBUG:root:We got command: drive
DEBUG:root:We got a drive command: rawX:0.000000 and rawY:6.857000
DEBUG:root:Forward to the Left/Straight
DEBUG:root:Left=-6.857000 Right=6.857000
DEBUG:root:ScaledLeft: 359.571750 ScaledRight: 390.428250
INFO:root:Looping....
DEBUG:root:This is the line: drive:6.857:0.0

DEBUG:root:We got command: drive
DEBUG:root:We got a drive command: rawX:0.000000 and rawY:6.857000
DEBUG:root:Forward to the Left/Straight
DEBUG:root:Left=-6.857000 Right=6.857000
DEBUG:root:ScaledLeft: 359.571750 ScaledRight: 390.428250
INFO:root:Looping....
DEBUG:root:This is the line: drive:6.857:0.0

DEBUG:root:We got command: drive
DEBUG:root:We got a drive command: rawX:0.000000 and rawY:6.857000
DEBUG:root:Forward to the Left/Straight
DEBUG:root:Left=-6.857000 Right=6.857000
DEBUG:root:ScaledLeft: 359.571750 ScaledRight: 390.428250
INFO:root:Looping....
DEBUG:root:This is the line: drive:6.857:0.0

DEBUG:root:We got command: drive
DEBUG:root:We got a drive command: rawX:0.000000 and rawY:6.857000
DEBUG:root:Forward to the Left/Straight
DEBUG:root:Left=-6.857000 Right=6.857000
DEBUG:root:ScaledLeft: 359.571750 ScaledRight: 390.428250
INFO:root:Looping....
DEBUG:root:This is the line: drive:6.857:0.0

DEBUG:root:We got command: drive
DEBUG:root:We got a drive command: rawX:0.000000 and rawY:6.857000
DEBUG:root:Forward to the Left/Straight
DEBUG:root:Left=-6.857000 Right=6.857000
DEBUG:root:ScaledLeft: 359.571750 ScaledRight: 390.428250
INFO:root:Looping....
DEBUG:root:This is the line: drive:6.857:0.0

DEBUG:root:We got command: drive
DEBUG:root:We got a drive command: rawX:0.000000 and rawY:6.857000
DEBUG:root:Forward to the Left/Straight
DEBUG:root:Left=-6.857000 Right=6.857000
DEBUG:root:ScaledLeft: 359.571750 ScaledRight: 390.428250
INFO:root:Looping....
DEBUG:root:This is the line: drive:6.857:0.0

DEBUG:root:We got command: drive
DEBUG:root:We got a drive command: rawX:0.000000 and rawY:6.857000
DEBUG:root:Forward to the Left/Straight
DEBUG:root:Left=-6.857000 Right=6.857000
DEBUG:root:ScaledLeft: 359.571750 ScaledRight: 390.428250
INFO:root:Looping....
DEBUG:root:This is the line: drive:6.857:0.0

DEBUG:root:We got command: drive
DEBUG:root:We got a drive command: rawX:0.000000 and rawY:6.857000
DEBUG:root:Forward to the Left/Straight
DEBUG:root:Left=-6.857000 Right=6.857000
DEBUG:root:ScaledLeft: 359.571750 ScaledRight: 390.428250
INFO:root:Looping....
DEBUG:root:This is the line: drive:6.857:0.0

DEBUG:root:We got command: drive
DEBUG:root:We got a drive command: rawX:0.000000 and rawY:6.857000
DEBUG:root:Forward to the Left/Straight
DEBUG:root:Left=-6.857000 Right=6.857000
DEBUG:root:ScaledLeft: 359.571750 ScaledRight: 390.428250
INFO:root:Looping....
DEBUG:root:This is the line: drive:6.857:0.0

DEBUG:root:We got command: drive
DEBUG:root:We got a drive command: rawX:0.000000 and rawY:6.857000
DEBUG:root:Forward to the Left/Straight
DEBUG:root:Left=-6.857000 Right=6.857000
DEBUG:root:ScaledLeft: 359.571750 ScaledRight: 390.428250
INFO:root:Looping....
DEBUG:root:This is the line: drive:6.857:0.0

DEBUG:root:We got command: drive
DEBUG:root:We got a drive command: rawX:0.000000 and rawY:6.857000
DEBUG:root:Forward to the Left/Straight
DEBUG:root:Left=-6.857000 Right=6.857000
DEBUG:root:ScaledLeft: 359.571750 ScaledRight: 390.428250
INFO:root:Looping....
DEBUG:root:This is the line: drive:6.857:0.0

DEBUG:root:We got command: drive
DEBUG:root:We got a drive command: rawX:0.000000 and rawY:6.857000
DEBUG:root:Forward to the Left/Straight
DEBUG:root:Left=-6.857000 Right=6.857000
DEBUG:root:ScaledLeft: 359.571750 ScaledRight: 390.428250
INFO:root:Looping....
DEBUG:root:This is the line: drive:6.857:0.0

DEBUG:root:We got command: drive
DEBUG:root:We got a drive command: rawX:0.000000 and rawY:6.857000
DEBUG:root:Forward to the Left/Straight
DEBUG:root:Left=-6.857000 Right=6.857000
DEBUG:root:ScaledLeft: 359.571750 ScaledRight: 390.428250
INFO:root:Looping....
DEBUG:root:This is the line: drive:6.857:0.0

DEBUG:root:We got command: drive
DEBUG:root:We got a drive command: rawX:0.000000 and rawY:6.857000
DEBUG:root:Forward to the Left/Straight
DEBUG:root:Left=-6.857000 Right=6.857000
DEBUG:root:ScaledLeft: 359.571750 ScaledRight: 390.428250
INFO:root:Looping....
DEBUG:root:This is the line: drive:6.857:0.0

DEBUG:root:We got command: drive
DEBUG:root:We got a drive command: rawX:0.000000 and rawY:6.857000
DEBUG:root:Forward to the Left/Straight
DEBUG:root:Left=-6.857000 Right=6.857000
DEBUG:root:ScaledLeft: 359.571750 ScaledRight: 390.428250
INFO:root:Looping....
DEBUG:root:This is the line: drive:6.857:0.0

DEBUG:root:We got command: drive
DEBUG:root:We got a drive command: rawX:0.000000 and rawY:6.857000
DEBUG:root:Forward to the Left/Straight
DEBUG:root:Left=-6.857000 Right=6.857000
DEBUG:root:ScaledLeft: 359.571750 ScaledRight: 390.428250
INFO:root:Looping....
DEBUG:root:This is the line: drive:6.857:0.0

DEBUG:root:We got command: drive
DEBUG:root:We got a drive command: rawX:0.000000 and rawY:6.857000
DEBUG:root:Forward to the Left/Straight
DEBUG:root:Left=-6.857000 Right=6.857000
DEBUG:root:ScaledLeft: 359.571750 ScaledRight: 390.428250
INFO:root:Looping....
DEBUG:root:This is the line: drive:6.857:0.0

DEBUG:root:We got command: drive
DEBUG:root:We got a drive command: rawX:0.000000 and rawY:6.857000
DEBUG:root:Forward to the Left/Straight
DEBUG:root:Left=-6.857000 Right=6.857000
DEBUG:root:ScaledLeft: 359.571750 ScaledRight: 390.428250
INFO:root:Looping....
DEBUG:root:This is the line: drive:6.857:0.0

DEBUG:root:We got command: drive
DEBUG:root:We got a drive command: rawX:0.000000 and rawY:6.857000
DEBUG:root:Forward to the Left/Straight
DEBUG:root:Left=-6.857000 Right=6.857000
DEBUG:root:ScaledLeft: 359.571750 ScaledRight: 390.428250
INFO:root:Looping....
DEBUG:root:This is the line: drive:6.857:0.0

DEBUG:root:We got command: drive
DEBUG:root:We got a drive command: rawX:0.000000 and rawY:6.857000
DEBUG:root:Forward to the Left/Straight
DEBUG:root:Left=-6.857000 Right=6.857000
DEBUG:root:ScaledLeft: 359.571750 ScaledRight: 390.428250
INFO:root:Looping....
DEBUG:root:This is the line: drive:6.857:0.0

DEBUG:root:We got command: drive
DEBUG:root:We got a drive command: rawX:0.000000 and rawY:6.857000
DEBUG:root:Forward to the Left/Straight
DEBUG:root:Left=-6.857000 Right=6.857000
DEBUG:root:ScaledLeft: 359.571750 ScaledRight: 390.428250
INFO:root:Looping....
DEBUG:root:This is the line: drive:6.857:0.0

DEBUG:root:We got command: drive
DEBUG:root:We got a drive command: rawX:0.000000 and rawY:6.857000
DEBUG:root:Forward to the Left/Straight
DEBUG:root:Left=-6.857000 Right=6.857000
DEBUG:root:ScaledLeft: 359.571750 ScaledRight: 390.428250
INFO:root:Looping....
DEBUG:root:This is the line: drive:6.857:0.0

DEBUG:root:We got command: drive
DEBUG:root:We got a drive command: rawX:0.000000 and rawY:6.857000
DEBUG:root:Forward to the Left/Straight
DEBUG:root:Left=-6.857000 Right=6.857000
DEBUG:root:ScaledLeft: 359.571750 ScaledRight: 390.428250
INFO:root:Looping....
DEBUG:root:This is the line: drive:6.857:0.0

DEBUG:root:We got command: drive
DEBUG:root:We got a drive command: rawX:0.000000 and rawY:6.857000
DEBUG:root:Forward to the Left/Straight
DEBUG:root:Left=-6.857000 Right=6.857000
DEBUG:root:ScaledLeft: 359.571750 ScaledRight: 390.428250
INFO:root:Looping....
DEBUG:root:This is the line: drive:6.857:0.0

DEBUG:root:We got command: drive
DEBUG:root:We got a drive command: rawX:0.000000 and rawY:6.857000
DEBUG:root:Forward to the Left/Straight
DEBUG:root:Left=-6.857000 Right=6.857000
DEBUG:root:ScaledLeft: 359.571750 ScaledRight: 390.428250
INFO:root:Looping....
DEBUG:root:This is the line: drive:6.857:0.0

DEBUG:root:We got command: drive
DEBUG:root:We got a drive command: rawX:0.000000 and rawY:6.857000
DEBUG:root:Forward to the Left/Straight
DEBUG:root:Left=-6.857000 Right=6.857000
DEBUG:root:ScaledLeft: 359.571750 ScaledRight: 390.428250
INFO:root:Looping....
DEBUG:root:This is the line: drive:6.857:0.0

DEBUG:root:We got command: drive
DEBUG:root:We got a drive command: rawX:0.000000 and rawY:6.857000
DEBUG:root:Forward to the Left/Straight
DEBUG:root:Left=-6.857000 Right=6.857000
DEBUG:root:ScaledLeft: 359.571750 ScaledRight: 390.428250
INFO:root:Looping....
DEBUG:root:This is the line: drive:6.857:0.0

DEBUG:root:We got command: drive
DEBUG:root:We got a drive command: rawX:0.000000 and rawY:6.857000
DEBUG:root:Forward to the Left/Straight
DEBUG:root:Left=-6.857000 Right=6.857000
DEBUG:root:ScaledLeft: 359.571750 ScaledRight: 390.428250
INFO:root:Looping....
DEBUG:root:This is the line: drive:6.857:0.0

DEBUG:root:We got command: drive
DEBUG:root:We got a drive command: rawX:0.000000 and rawY:6.857000
DEBUG:root:Forward to the Left/Straight
DEBUG:root:Left=-6.857000 Right=6.857000
DEBUG:root:ScaledLeft: 359.571750 ScaledRight: 390.428250
INFO:root:Looping....
DEBUG:root:This is the line: drive:6.857:0.0

DEBUG:root:We got command: drive
DEBUG:root:We got a drive command: rawX:0.000000 and rawY:6.857000
DEBUG:root:Forward to the Left/Straight
DEBUG:root:Left=-6.857000 Right=6.857000
DEBUG:root:ScaledLeft: 359.571750 ScaledRight: 390.428250
INFO:root:Looping....
DEBUG:root:This is the line: drive:6.857:0.0

DEBUG:root:We got command: drive
DEBUG:root:We got a drive command: rawX:0.000000 and rawY:6.857000
DEBUG:root:Forward to the Left/Straight
DEBUG:root:Left=-6.857000 Right=6.857000
DEBUG:root:ScaledLeft: 359.571750 ScaledRight: 390.428250
INFO:root:Looping....
DEBUG:root:This is the line: drive:6.857:0.0

DEBUG:root:We got command: drive
DEBUG:root:We got a drive command: rawX:0.000000 and rawY:6.857000
DEBUG:root:Forward to the Left/Straight
DEBUG:root:Left=-6.857000 Right=6.857000
DEBUG:root:ScaledLeft: 359.571750 ScaledRight: 390.428250
INFO:root:Looping....
DEBUG:root:This is the line: drive:6.857:0.0

DEBUG:root:We got command: drive
DEBUG:root:We got a drive command: rawX:0.000000 and rawY:6.857000
DEBUG:root:Forward to the Left/Straight
DEBUG:root:Left=-6.857000 Right=6.857000
DEBUG:root:ScaledLeft: 359.571750 ScaledRight: 390.428250
INFO:root:Looping....
DEBUG:root:This is the line: drive:6.857:0.0

DEBUG:root:We got command: drive
DEBUG:root:We got a drive command: rawX:0.000000 and rawY:6.857000
DEBUG:root:Forward to the Left/Straight
DEBUG:root:Left=-6.857000 Right=6.857000
DEBUG:root:ScaledLeft: 359.571750 ScaledRight: 390.428250
INFO:root:Looping....
DEBUG:root:This is the line: drive:6.857:0.0

DEBUG:root:We got command: drive
DEBUG:root:We got a drive command: rawX:0.000000 and rawY:6.857000
DEBUG:root:Forward to the Left/Straight
DEBUG:root:Left=-6.857000 Right=6.857000
DEBUG:root:ScaledLeft: 359.571750 ScaledRight: 390.428250
INFO:root:Looping....
DEBUG:root:This is the line: drive:6.857:0.0

DEBUG:root:We got command: drive
DEBUG:root:We got a drive command: rawX:0.000000 and rawY:6.857000
DEBUG:root:Forward to the Left/Straight
DEBUG:root:Left=-6.857000 Right=6.857000
DEBUG:root:ScaledLeft: 359.571750 ScaledRight: 390.428250
INFO:root:Looping....
DEBUG:root:This is the line: drive:6.857:0.0

DEBUG:root:We got command: drive
DEBUG:root:We got a drive command: rawX:0.000000 and rawY:6.857000
DEBUG:root:Forward to the Left/Straight
DEBUG:root:Left=-6.857000 Right=6.857000
DEBUG:root:ScaledLeft: 359.571750 ScaledRight: 390.428250
INFO:root:Looping....
DEBUG:root:This is the line: drive:6.857:0.0

DEBUG:root:We got command: drive
DEBUG:root:We got a drive command: rawX:0.000000 and rawY:6.857000
DEBUG:root:Forward to the Left/Straight
DEBUG:root:Left=-6.857000 Right=6.857000
DEBUG:root:ScaledLeft: 359.571750 ScaledRight: 390.428250
INFO:root:Looping....
DEBUG:root:This is the line: drive:6.857:0.0

DEBUG:root:We got command: drive
DEBUG:root:We got a drive command: rawX:0.000000 and rawY:6.857000
DEBUG:root:Forward to the Left/Straight
DEBUG:root:Left=-6.857000 Right=6.857000
DEBUG:root:ScaledLeft: 359.571750 ScaledRight: 390.428250
INFO:root:Looping....
DEBUG:root:This is the line: drive:6.857:0.0

DEBUG:root:We got command: drive
DEBUG:root:We got a drive command: rawX:0.000000 and rawY:6.857000
DEBUG:root:Forward to the Left/Straight
DEBUG:root:Left=-6.857000 Right=6.857000
DEBUG:root:ScaledLeft: 359.571750 ScaledRight: 390.428250
INFO:root:Looping....
DEBUG:root:This is the line: drive:6.857:0.0

DEBUG:root:We got command: drive
DEBUG:root:We got a drive command: rawX:0.000000 and rawY:6.857000
DEBUG:root:Forward to the Left/Straight
DEBUG:root:Left=-6.857000 Right=6.857000
DEBUG:root:ScaledLeft: 359.571750 ScaledRight: 390.428250
INFO:root:Looping....
DEBUG:root:This is the line: drive:6.857:0.0

DEBUG:root:We got command: drive
DEBUG:root:We got a drive command: rawX:0.000000 and rawY:6.857000
DEBUG:root:Forward to the Left/Straight
DEBUG:root:Left=-6.857000 Right=6.857000
DEBUG:root:ScaledLeft: 359.571750 ScaledRight: 390.428250
INFO:root:Looping....
DEBUG:root:This is the line: drive:6.857:0.0

DEBUG:root:We got command: drive
DEBUG:root:We got a drive command: rawX:0.000000 and rawY:6.857000
DEBUG:root:Forward to the Left/Straight
DEBUG:root:Left=-6.857000 Right=6.857000
DEBUG:root:ScaledLeft: 359.571750 ScaledRight: 390.428250
INFO:root:Looping....
DEBUG:root:This is the line: drive:6.857:0.0

DEBUG:root:We got command: drive
DEBUG:root:We got a drive command: rawX:0.000000 and rawY:6.857000
DEBUG:root:Forward to the Left/Straight
DEBUG:root:Left=-6.857000 Right=6.857000
DEBUG:root:ScaledLeft: 359.571750 ScaledRight: 390.428250
INFO:root:Looping....
DEBUG:root:This is the line: drive:6.857:0.0

DEBUG:root:We got command: drive
DEBUG:root:We got a drive command: rawX:0.000000 and rawY:6.857000
DEBUG:root:Forward to the Left/Straight
DEBUG:root:Left=-6.857000 Right=6.857000
DEBUG:root:ScaledLeft: 359.571750 ScaledRight: 390.428250
INFO:root:Looping....
DEBUG:root:This is the line: drive:6.857:0.0

DEBUG:root:We got command: drive
DEBUG:root:We got a drive command: rawX:0.000000 and rawY:6.857000
DEBUG:root:Forward to the Left/Straight
DEBUG:root:Left=-6.857000 Right=6.857000
DEBUG:root:ScaledLeft: 359.571750 ScaledRight: 390.428250
INFO:root:Looping....
DEBUG:root:This is the line: drive:6.857:0.0

DEBUG:root:We got command: drive
DEBUG:root:We got a drive command: rawX:0.000000 and rawY:6.857000
DEBUG:root:Forward to the Left/Straight
DEBUG:root:Left=-6.857000 Right=6.857000
DEBUG:root:ScaledLeft: 359.571750 ScaledRight: 390.428250
INFO:root:Looping....
DEBUG:root:This is the line: drive:6.857:0.0

DEBUG:root:We got command: drive
DEBUG:root:We got a drive command: rawX:0.000000 and rawY:6.857000
DEBUG:root:Forward to the Left/Straight
DEBUG:root:Left=-6.857000 Right=6.857000
DEBUG:root:ScaledLeft: 359.571750 ScaledRight: 390.428250
INFO:root:Looping....
DEBUG:root:This is the line: drive:6.857:0.0

DEBUG:root:We got command: drive
DEBUG:root:We got a drive command: rawX:0.000000 and rawY:6.857000
DEBUG:root:Forward to the Left/Straight
DEBUG:root:Left=-6.857000 Right=6.857000
DEBUG:root:ScaledLeft: 359.571750 ScaledRight: 390.428250
INFO:root:Looping....
DEBUG:root:This is the line: drive:6.857:0.0

DEBUG:root:We got command: drive
DEBUG:root:We got a drive command: rawX:0.000000 and rawY:6.857000
DEBUG:root:Forward to the Left/Straight
DEBUG:root:Left=-6.857000 Right=6.857000
DEBUG:root:ScaledLeft: 359.571750 ScaledRight: 390.428250
INFO:root:Looping....
DEBUG:root:This is the line: drive:6.857:0.0

DEBUG:root:We got command: drive
DEBUG:root:We got a drive command: rawX:0.000000 and rawY:6.857000
DEBUG:root:Forward to the Left/Straight
DEBUG:root:Left=-6.857000 Right=6.857000
DEBUG:root:ScaledLeft: 359.571750 ScaledRight: 390.428250
INFO:root:Looping....
DEBUG:root:This is the line: drive:6.857:0.0

DEBUG:root:We got command: drive
DEBUG:root:We got a drive command: rawX:0.000000 and rawY:6.857000
DEBUG:root:Forward to the Left/Straight
DEBUG:root:Left=-6.857000 Right=6.857000
DEBUG:root:ScaledLeft: 359.571750 ScaledRight: 390.428250
INFO:root:Looping....
DEBUG:root:This is the line: drive:6.857:0.0

DEBUG:root:We got command: drive
DEBUG:root:We got a drive command: rawX:0.000000 and rawY:6.857000
DEBUG:root:Forward to the Left/Straight
DEBUG:root:Left=-6.857000 Right=6.857000
DEBUG:root:ScaledLeft: 359.571750 ScaledRight: 390.428250
INFO:root:Looping....
DEBUG:root:This is the line: drive:6.857:0.0

DEBUG:root:We got command: drive
DEBUG:root:We got a drive command: rawX:0.000000 and rawY:6.857000
DEBUG:root:Forward to the Left/Straight
DEBUG:root:Left=-6.857000 Right=6.857000
DEBUG:root:ScaledLeft: 359.571750 ScaledRight: 390.428250
INFO:root:Looping....
DEBUG:root:This is the line: drive:6.857:0.0

DEBUG:root:We got command: drive
DEBUG:root:We got a drive command: rawX:0.000000 and rawY:6.857000
DEBUG:root:Forward to the Left/Straight
DEBUG:root:Left=-6.857000 Right=6.857000
DEBUG:root:ScaledLeft: 359.571750 ScaledRight: 390.428250
INFO:root:Looping....
DEBUG:root:This is the line: drive:6.857:0.0

DEBUG:root:We got command: drive
DEBUG:root:We got a drive command: rawX:0.000000 and rawY:6.857000
DEBUG:root:Forward to the Left/Straight
DEBUG:root:Left=-6.857000 Right=6.857000
DEBUG:root:ScaledLeft: 359.571750 ScaledRight: 390.428250
INFO:root:Looping....
DEBUG:root:This is the line: drive:6.857:0.0

DEBUG:root:We got command: drive
DEBUG:root:We got a drive command: rawX:0.000000 and rawY:6.857000
DEBUG:root:Forward to the Left/Straight
DEBUG:root:Left=-6.857000 Right=6.857000
DEBUG:root:ScaledLeft: 359.571750 ScaledRight: 390.428250
INFO:root:Looping....
DEBUG:root:This is the line: drive:6.857:0.0

DEBUG:root:We got command: drive
DEBUG:root:We got a drive command: rawX:0.000000 and rawY:6.857000
DEBUG:root:Forward to the Left/Straight
DEBUG:root:Left=-6.857000 Right=6.857000
DEBUG:root:ScaledLeft: 359.571750 ScaledRight: 390.428250
INFO:root:Looping....
DEBUG:root:This is the line: drive:6.857:0.0

DEBUG:root:We got command: drive
DEBUG:root:We got a drive command: rawX:0.000000 and rawY:6.857000
DEBUG:root:Forward to the Left/Straight
DEBUG:root:Left=-6.857000 Right=6.857000
DEBUG:root:ScaledLeft: 359.571750 ScaledRight: 390.428250
INFO:root:Looping....
DEBUG:root:This is the line: drive:6.857:0.0

DEBUG:root:We got command: drive
DEBUG:root:We got a drive command: rawX:0.000000 and rawY:6.857000
DEBUG:root:Forward to the Left/Straight
DEBUG:root:Left=-6.857000 Right=6.857000
DEBUG:root:ScaledLeft: 359.571750 ScaledRight: 390.428250
INFO:root:Looping....
DEBUG:root:This is the line: drive:6.857:0.0

DEBUG:root:We got command: drive
DEBUG:root:We got a drive command: rawX:0.000000 and rawY:6.857000
DEBUG:root:Forward to the Left/Straight
DEBUG:root:Left=-6.857000 Right=6.857000
DEBUG:root:ScaledLeft: 359.571750 ScaledRight: 390.428250
INFO:root:Looping....
DEBUG:root:This is the line: drive:6.857:0.0

DEBUG:root:We got command: drive
DEBUG:root:We got a drive command: rawX:0.000000 and rawY:6.857000
DEBUG:root:Forward to the Left/Straight
DEBUG:root:Left=-6.857000 Right=6.857000
DEBUG:root:ScaledLeft: 359.571750 ScaledRight: 390.428250
INFO:root:Looping....
DEBUG:root:This is the line: drive:6.857:0.0

DEBUG:root:We got command: drive
DEBUG:root:We got a drive command: rawX:0.000000 and rawY:6.857000
DEBUG:root:Forward to the Left/Straight
DEBUG:root:Left=-6.857000 Right=6.857000
DEBUG:root:ScaledLeft: 359.571750 ScaledRight: 390.428250
INFO:root:Looping....
DEBUG:root:This is the line: drive:6.857:0.0

DEBUG:root:We got command: drive
DEBUG:root:We got a drive command: rawX:0.000000 and rawY:6.857000
DEBUG:root:Forward to the Left/Straight
DEBUG:root:Left=-6.857000 Right=6.857000
DEBUG:root:ScaledLeft: 359.571750 ScaledRight: 390.428250
INFO:root:Looping....
DEBUG:root:This is the line: drive:6.857:0.0

DEBUG:root:We got command: drive
DEBUG:root:We got a drive command: rawX:0.000000 and rawY:6.857000
DEBUG:root:Forward to the Left/Straight
DEBUG:root:Left=-6.857000 Right=6.857000
DEBUG:root:ScaledLeft: 359.571750 ScaledRight: 390.428250
INFO:root:Looping....
DEBUG:root:This is the line: drive:6.857:0.0

DEBUG:root:We got command: drive
DEBUG:root:We got a drive command: rawX:0.000000 and rawY:6.857000
DEBUG:root:Forward to the Left/Straight
DEBUG:root:Left=-6.857000 Right=6.857000
DEBUG:root:ScaledLeft: 359.571750 ScaledRight: 390.428250
INFO:root:Looping....
DEBUG:root:This is the line: drive:6.857:0.0

DEBUG:root:We got command: drive
DEBUG:root:We got a drive command: rawX:0.000000 and rawY:6.857000
DEBUG:root:Forward to the Left/Straight
DEBUG:root:Left=-6.857000 Right=6.857000
DEBUG:root:ScaledLeft: 359.571750 ScaledRight: 390.428250
INFO:root:Looping....
DEBUG:root:This is the line: drive:6.857:0.0

DEBUG:root:We got command: drive
DEBUG:root:We got a drive command: rawX:0.000000 and rawY:6.857000
DEBUG:root:Forward to the Left/Straight
DEBUG:root:Left=-6.857000 Right=6.857000
DEBUG:root:ScaledLeft: 359.571750 ScaledRight: 390.428250
INFO:root:Looping....
DEBUG:root:This is the line: drive:6.857:0.0

DEBUG:root:We got command: drive
DEBUG:root:We got a drive command: rawX:0.000000 and rawY:6.857000
DEBUG:root:Forward to the Left/Straight
DEBUG:root:Left=-6.857000 Right=6.857000
DEBUG:root:ScaledLeft: 359.571750 ScaledRight: 390.428250
INFO:root:Looping....
DEBUG:root:This is the line: drive:6.857:0.0

DEBUG:root:We got command: drive
DEBUG:root:We got a drive command: rawX:0.000000 and rawY:6.857000
DEBUG:root:Forward to the Left/Straight
DEBUG:root:Left=-6.857000 Right=6.857000
DEBUG:root:ScaledLeft: 359.571750 ScaledRight: 390.428250
INFO:root:Looping....
DEBUG:root:This is the line: drive:6.857:0.0

DEBUG:root:We got command: drive
DEBUG:root:We got a drive command: rawX:0.000000 and rawY:6.857000
DEBUG:root:Forward to the Left/Straight
DEBUG:root:Left=-6.857000 Right=6.857000
DEBUG:root:ScaledLeft: 359.571750 ScaledRight: 390.428250
INFO:root:Looping....
DEBUG:root:This is the line: drive:6.857:0.0

DEBUG:root:We got command: drive
DEBUG:root:We got a drive command: rawX:0.000000 and rawY:6.857000
DEBUG:root:Forward to the Left/Straight
DEBUG:root:Left=-6.857000 Right=6.857000
DEBUG:root:ScaledLeft: 359.571750 ScaledRight: 390.428250
INFO:root:Looping....
DEBUG:root:This is the line: drive:6.857:0.0

DEBUG:root:We got command: drive
DEBUG:root:We got a drive command: rawX:0.000000 and rawY:6.857000
DEBUG:root:Forward to the Left/Straight
DEBUG:root:Left=-6.857000 Right=6.857000
DEBUG:root:ScaledLeft: 359.571750 ScaledRight: 390.428250
INFO:root:Looping....
DEBUG:root:This is the line: drive:6.857:0.0

DEBUG:root:We got command: drive
DEBUG:root:We got a drive command: rawX:0.000000 and rawY:6.857000
DEBUG:root:Forward to the Left/Straight
DEBUG:root:Left=-6.857000 Right=6.857000
DEBUG:root:ScaledLeft: 359.571750 ScaledRight: 390.428250
INFO:root:Looping....
DEBUG:root:This is the line: drive:6.857:0.0

DEBUG:root:We got command: drive
DEBUG:root:We got a drive command: rawX:0.000000 and rawY:6.857000
DEBUG:root:Forward to the Left/Straight
DEBUG:root:Left=-6.857000 Right=6.857000
DEBUG:root:ScaledLeft: 359.571750 ScaledRight: 390.428250
INFO:root:Looping....
DEBUG:root:This is the line: drive:6.857:0.0

DEBUG:root:We got command: drive
DEBUG:root:We got a drive command: rawX:0.000000 and rawY:6.857000
DEBUG:root:Forward to the Left/Straight
DEBUG:root:Left=-6.857000 Right=6.857000
DEBUG:root:ScaledLeft: 359.571750 ScaledRight: 390.428250
INFO:root:Looping....
DEBUG:root:This is the line: drive:6.857:0.0

DEBUG:root:We got command: drive
DEBUG:root:We got a drive command: rawX:0.000000 and rawY:6.857000
DEBUG:root:Forward to the Left/Straight
DEBUG:root:Left=-6.857000 Right=6.857000
DEBUG:root:ScaledLeft: 359.571750 ScaledRight: 390.428250
INFO:root:Looping....
DEBUG:root:This is the line: drive:6.857:0.0

DEBUG:root:We got command: drive
DEBUG:root:We got a drive command: rawX:0.000000 and rawY:6.857000
DEBUG:root:Forward to the Left/Straight
DEBUG:root:Left=-6.857000 Right=6.857000
DEBUG:root:ScaledLeft: 359.571750 ScaledRight: 390.428250
INFO:root:Looping....
DEBUG:root:This is the line: drive:6.857:0.0

DEBUG:root:We got command: drive
DEBUG:root:We got a drive command: rawX:0.000000 and rawY:6.857000
DEBUG:root:Forward to the Left/Straight
DEBUG:root:Left=-6.857000 Right=6.857000
DEBUG:root:ScaledLeft: 359.571750 ScaledRight: 390.428250
INFO:root:Looping....
DEBUG:root:This is the line: drive:6.857:0.0

DEBUG:root:We got command: drive
DEBUG:root:We got a drive command: rawX:0.000000 and rawY:6.857000
DEBUG:root:Forward to the Left/Straight
DEBUG:root:Left=-6.857000 Right=6.857000
DEBUG:root:ScaledLeft: 359.571750 ScaledRight: 390.428250
INFO:root:Looping....
DEBUG:root:This is the line: drive:6.857:0.0

DEBUG:root:We got command: drive
DEBUG:root:We got a drive command: rawX:0.000000 and rawY:6.857000
DEBUG:root:Forward to the Left/Straight
DEBUG:root:Left=-6.857000 Right=6.857000
DEBUG:root:ScaledLeft: 359.571750 ScaledRight: 390.428250
INFO:root:Looping....
DEBUG:root:This is the line: drive:6.857:0.0

DEBUG:root:We got command: drive
DEBUG:root:We got a drive command: rawX:0.000000 and rawY:6.857000
DEBUG:root:Forward to the Left/Straight
DEBUG:root:Left=-6.857000 Right=6.857000
DEBUG:root:ScaledLeft: 359.571750 ScaledRight: 390.428250
INFO:root:Looping....
DEBUG:root:This is the line: drive:6.857:0.0

DEBUG:root:We got command: drive
DEBUG:root:We got a drive command: rawX:0.000000 and rawY:6.857000
DEBUG:root:Forward to the Left/Straight
DEBUG:root:Left=-6.857000 Right=6.857000
DEBUG:root:ScaledLeft: 359.571750 ScaledRight: 390.428250
INFO:root:Looping....
DEBUG:root:This is the line: drive:6.857:0.0

DEBUG:root:We got command: drive
DEBUG:root:We got a drive command: rawX:0.000000 and rawY:6.857000
DEBUG:root:Forward to the Left/Straight
DEBUG:root:Left=-6.857000 Right=6.857000
DEBUG:root:ScaledLeft: 359.571750 ScaledRight: 390.428250
INFO:root:Looping....
DEBUG:root:This is the line: drive:6.857:0.0

DEBUG:root:We got command: drive
DEBUG:root:We got a drive command: rawX:0.000000 and rawY:6.857000
DEBUG:root:Forward to the Left/Straight
DEBUG:root:Left=-6.857000 Right=6.857000
DEBUG:root:ScaledLeft: 359.571750 ScaledRight: 390.428250
INFO:root:Looping....
DEBUG:root:This is the line: drive:6.857:0.0

DEBUG:root:We got command: drive
DEBUG:root:We got a drive command: rawX:0.000000 and rawY:6.857000
DEBUG:root:Forward to the Left/Straight
DEBUG:root:Left=-6.857000 Right=6.857000
DEBUG:root:ScaledLeft: 359.571750 ScaledRight: 390.428250
INFO:root:Looping....
DEBUG:root:This is the line: drive:6.857:0.0

DEBUG:root:We got command: drive
DEBUG:root:We got a drive command: rawX:0.000000 and rawY:6.857000
DEBUG:root:Forward to the Left/Straight
DEBUG:root:Left=-6.857000 Right=6.857000
DEBUG:root:ScaledLeft: 359.571750 ScaledRight: 390.428250
INFO:root:Looping....
DEBUG:root:This is the line: drive:6.857:0.0

DEBUG:root:We got command: drive
DEBUG:root:We got a drive command: rawX:0.000000 and rawY:6.857000
DEBUG:root:Forward to the Left/Straight
DEBUG:root:Left=-6.857000 Right=6.857000
DEBUG:root:ScaledLeft: 359.571750 ScaledRight: 390.428250
INFO:root:Looping....
DEBUG:root:This is the line: drive:6.857:0.0

DEBUG:root:We got command: drive
DEBUG:root:We got a drive command: rawX:0.000000 and rawY:6.857000
DEBUG:root:Forward to the Left/Straight
DEBUG:root:Left=-6.857000 Right=6.857000
DEBUG:root:ScaledLeft: 359.571750 ScaledRight: 390.428250
INFO:root:Looping....
DEBUG:root:This is the line: drive:6.857:0.0

DEBUG:root:We got command: drive
DEBUG:root:We got a drive command: rawX:0.000000 and rawY:6.857000
DEBUG:root:Forward to the Left/Straight
DEBUG:root:Left=-6.857000 Right=6.857000
DEBUG:root:ScaledLeft: 359.571750 ScaledRight: 390.428250
INFO:root:Looping....
DEBUG:root:This is the line: drive:6.857:0.0

DEBUG:root:We got command: drive
DEBUG:root:We got a drive command: rawX:0.000000 and rawY:6.857000
DEBUG:root:Forward to the Left/Straight
DEBUG:root:Left=-6.857000 Right=6.857000
DEBUG:root:ScaledLeft: 359.571750 ScaledRight: 390.428250
INFO:root:Looping....
DEBUG:root:This is the line: drive:6.857:0.0

DEBUG:root:We got command: drive
DEBUG:root:We got a drive command: rawX:0.000000 and rawY:6.857000
DEBUG:root:Forward to the Left/Straight
DEBUG:root:Left=-6.857000 Right=6.857000
DEBUG:root:ScaledLeft: 359.571750 ScaledRight: 390.428250
INFO:root:Looping....
DEBUG:root:This is the line: drive:6.857:0.0

DEBUG:root:We got command: drive
DEBUG:root:We got a drive command: rawX:0.000000 and rawY:6.857000
DEBUG:root:Forward to the Left/Straight
DEBUG:root:Left=-6.857000 Right=6.857000
DEBUG:root:ScaledLeft: 359.571750 ScaledRight: 390.428250
INFO:root:Looping....
DEBUG:root:This is the line: drive:6.857:0.0

DEBUG:root:We got command: drive
DEBUG:root:We got a drive command: rawX:0.000000 and rawY:6.857000
DEBUG:root:Forward to the Left/Straight
DEBUG:root:Left=-6.857000 Right=6.857000
DEBUG:root:ScaledLeft: 359.571750 ScaledRight: 390.428250
INFO:root:Looping....
DEBUG:root:This is the line: drive:6.857:0.0

DEBUG:root:We got command: drive
DEBUG:root:We got a drive command: rawX:0.000000 and rawY:6.857000
DEBUG:root:Forward to the Left/Straight
DEBUG:root:Left=-6.857000 Right=6.857000
DEBUG:root:ScaledLeft: 359.571750 ScaledRight: 390.428250
INFO:root:Looping....
DEBUG:root:This is the line: drive:6.857:0.0

DEBUG:root:We got command: drive
DEBUG:root:We got a drive command: rawX:0.000000 and rawY:6.857000
DEBUG:root:Forward to the Left/Straight
DEBUG:root:Left=-6.857000 Right=6.857000
DEBUG:root:ScaledLeft: 359.571750 ScaledRight: 390.428250
INFO:root:Looping....
DEBUG:root:This is the line: drive:6.857:0.0

DEBUG:root:We got command: drive
DEBUG:root:We got a drive command: rawX:0.000000 and rawY:6.857000
DEBUG:root:Forward to the Left/Straight
DEBUG:root:Left=-6.857000 Right=6.857000
DEBUG:root:ScaledLeft: 359.571750 ScaledRight: 390.428250
INFO:root:Looping....
DEBUG:root:This is the line: drive:6.857:0.0

DEBUG:root:We got command: drive
DEBUG:root:We got a drive command: rawX:0.000000 and rawY:6.857000
DEBUG:root:Forward to the Left/Straight
DEBUG:root:Left=-6.857000 Right=6.857000
DEBUG:root:ScaledLeft: 359.571750 ScaledRight: 390.428250
INFO:root:Looping....
DEBUG:root:This is the line: drive:6.857:0.0

DEBUG:root:We got command: drive
DEBUG:root:We got a drive command: rawX:0.000000 and rawY:6.857000
DEBUG:root:Forward to the Left/Straight
DEBUG:root:Left=-6.857000 Right=6.857000
DEBUG:root:ScaledLeft: 359.571750 ScaledRight: 390.428250
INFO:root:Looping....
DEBUG:root:This is the line: drive:6.857:0.0

DEBUG:root:We got command: drive
DEBUG:root:We got a drive command: rawX:0.000000 and rawY:6.857000
DEBUG:root:Forward to the Left/Straight
DEBUG:root:Left=-6.857000 Right=6.857000
DEBUG:root:ScaledLeft: 359.571750 ScaledRight: 390.428250
INFO:root:Looping....
DEBUG:root:This is the line: drive:6.857:0.0

DEBUG:root:We got command: drive
DEBUG:root:We got a drive command: rawX:0.000000 and rawY:6.857000
DEBUG:root:Forward to the Left/Straight
DEBUG:root:Left=-6.857000 Right=6.857000
DEBUG:root:ScaledLeft: 359.571750 ScaledRight: 390.428250
INFO:root:Looping....
DEBUG:root:This is the line: drive:6.857:0.0

DEBUG:root:We got command: drive
DEBUG:root:We got a drive command: rawX:0.000000 and rawY:6.857000
DEBUG:root:Forward to the Left/Straight
DEBUG:root:Left=-6.857000 Right=6.857000
DEBUG:root:ScaledLeft: 359.571750 ScaledRight: 390.428250
INFO:root:Looping....
DEBUG:root:This is the line: drive:6.857:0.0

DEBUG:root:We got command: drive
DEBUG:root:We got a drive command: rawX:0.000000 and rawY:6.857000
DEBUG:root:Forward to the Left/Straight
DEBUG:root:Left=-6.857000 Right=6.857000
DEBUG:root:ScaledLeft: 359.571750 ScaledRight: 390.428250
INFO:root:Looping....
DEBUG:root:This is the line: drive:6.857:0.0

DEBUG:root:We got command: drive
DEBUG:root:We got a drive command: rawX:0.000000 and rawY:6.857000
DEBUG:root:Forward to the Left/Straight
DEBUG:root:Left=-6.857000 Right=6.857000
DEBUG:root:ScaledLeft: 359.571750 ScaledRight: 390.428250
INFO:root:Looping....
DEBUG:root:This is the line: drive:6.857:0.0

DEBUG:root:We got command: drive
DEBUG:root:We got a drive command: rawX:0.000000 and rawY:6.857000
DEBUG:root:Forward to the Left/Straight
DEBUG:root:Left=-6.857000 Right=6.857000
DEBUG:root:ScaledLeft: 359.571750 ScaledRight: 390.428250
INFO:root:Looping....
DEBUG:root:This is the line: drive:6.857:0.0

DEBUG:root:We got command: drive
DEBUG:root:We got a drive command: rawX:0.000000 and rawY:6.857000
DEBUG:root:Forward to the Left/Straight
DEBUG:root:Left=-6.857000 Right=6.857000
DEBUG:root:ScaledLeft: 359.571750 ScaledRight: 390.428250
INFO:root:Looping....
DEBUG:root:This is the line: drive:6.857:0.0

DEBUG:root:We got command: drive
DEBUG:root:We got a drive command: rawX:0.000000 and rawY:6.857000
DEBUG:root:Forward to the Left/Straight
DEBUG:root:Left=-6.857000 Right=6.857000
DEBUG:root:ScaledLeft: 359.571750 ScaledRight: 390.428250
INFO:root:Looping....
DEBUG:root:This is the line: drive:6.857:0.0

DEBUG:root:We got command: drive
DEBUG:root:We got a drive command: rawX:0.000000 and rawY:6.857000
DEBUG:root:Forward to the Left/Straight
DEBUG:root:Left=-6.857000 Right=6.857000
DEBUG:root:ScaledLeft: 359.571750 ScaledRight: 390.428250
INFO:root:Looping....
DEBUG:root:This is the line: drive:6.857:0.0

DEBUG:root:We got command: drive
DEBUG:root:We got a drive command: rawX:0.000000 and rawY:6.857000
DEBUG:root:Forward to the Left/Straight
DEBUG:root:Left=-6.857000 Right=6.857000
DEBUG:root:ScaledLeft: 359.571750 ScaledRight: 390.428250
INFO:root:Looping....
DEBUG:root:This is the line: drive:6.857:0.0

DEBUG:root:We got command: drive
DEBUG:root:We got a drive command: rawX:0.000000 and rawY:6.857000
DEBUG:root:Forward to the Left/Straight
DEBUG:root:Left=-6.857000 Right=6.857000
DEBUG:root:ScaledLeft: 359.571750 ScaledRight: 390.428250
INFO:root:Looping....
DEBUG:root:This is the line: drive:6.857:0.0

DEBUG:root:We got command: drive
DEBUG:root:We got a drive command: rawX:0.000000 and rawY:6.857000
DEBUG:root:Forward to the Left/Straight
DEBUG:root:Left=-6.857000 Right=6.857000
DEBUG:root:ScaledLeft: 359.571750 ScaledRight: 390.428250
INFO:root:Looping....
DEBUG:root:This is the line: drive:6.857:0.0

DEBUG:root:We got command: drive
DEBUG:root:We got a drive command: rawX:0.000000 and rawY:6.857000
DEBUG:root:Forward to the Left/Straight
DEBUG:root:Left=-6.857000 Right=6.857000
DEBUG:root:ScaledLeft: 359.571750 ScaledRight: 390.428250
INFO:root:Looping....
DEBUG:root:This is the line: drive:6.857:0.0

DEBUG:root:We got command: drive
DEBUG:root:We got a drive command: rawX:0.000000 and rawY:6.857000
DEBUG:root:Forward to the Left/Straight
DEBUG:root:Left=-6.857000 Right=6.857000
DEBUG:root:ScaledLeft: 359.571750 ScaledRight: 390.428250
INFO:root:Looping....
DEBUG:root:This is the line: drive:6.857:0.0

DEBUG:root:We got command: drive
DEBUG:root:We got a drive command: rawX:0.000000 and rawY:6.857000
DEBUG:root:Forward to the Left/Straight
DEBUG:root:Left=-6.857000 Right=6.857000
DEBUG:root:ScaledLeft: 359.571750 ScaledRight: 390.428250
INFO:root:Looping....
DEBUG:root:This is the line: drive:6.857:0.0

DEBUG:root:We got command: drive
DEBUG:root:We got a drive command: rawX:0.000000 and rawY:6.857000
DEBUG:root:Forward to the Left/Straight
DEBUG:root:Left=-6.857000 Right=6.857000
DEBUG:root:ScaledLeft: 359.571750 ScaledRight: 390.428250
INFO:root:Looping....
DEBUG:root:This is the line: drive:6.857:0.0

DEBUG:root:We got command: drive
DEBUG:root:We got a drive command: rawX:0.000000 and rawY:6.857000
DEBUG:root:Forward to the Left/Straight
DEBUG:root:Left=-6.857000 Right=6.857000
DEBUG:root:ScaledLeft: 359.571750 ScaledRight: 390.428250
INFO:root:Looping....
DEBUG:root:This is the line: drive:6.857:0.0

DEBUG:root:We got command: drive
DEBUG:root:We got a drive command: rawX:0.000000 and rawY:6.857000
DEBUG:root:Forward to the Left/Straight
DEBUG:root:Left=-6.857000 Right=6.857000
DEBUG:root:ScaledLeft: 359.571750 ScaledRight: 390.428250
INFO:root:Looping....
DEBUG:root:This is the line: drive:6.857:0.0

DEBUG:root:We got command: drive
DEBUG:root:We got a drive command: rawX:0.000000 and rawY:6.857000
DEBUG:root:Forward to the Left/Straight
DEBUG:root:Left=-6.857000 Right=6.857000
DEBUG:root:ScaledLeft: 359.571750 ScaledRight: 390.428250
INFO:root:Looping....
DEBUG:root:This is the line: drive:6.857:0.0

DEBUG:root:We got command: drive
DEBUG:root:We got a drive command: rawX:0.000000 and rawY:6.857000
DEBUG:root:Forward to the Left/Straight
DEBUG:root:Left=-6.857000 Right=6.857000
DEBUG:root:ScaledLeft: 359.571750 ScaledRight: 390.428250
INFO:root:Looping....
DEBUG:root:This is the line: drive:6.857:0.0

DEBUG:root:We got command: drive
DEBUG:root:We got a drive command: rawX:0.000000 and rawY:6.857000
DEBUG:root:Forward to the Left/Straight
DEBUG:root:Left=-6.857000 Right=6.857000
DEBUG:root:ScaledLeft: 359.571750 ScaledRight: 390.428250
INFO:root:Looping....
DEBUG:root:This is the line: drive:6.857:0.0

DEBUG:root:We got command: drive
DEBUG:root:We got a drive command: rawX:0.000000 and rawY:6.857000
DEBUG:root:Forward to the Left/Straight
DEBUG:root:Left=-6.857000 Right=6.857000
DEBUG:root:ScaledLeft: 359.571750 ScaledRight: 390.428250
INFO:root:Looping....
DEBUG:root:This is the line: drive:6.857:0.0

DEBUG:root:We got command: drive
DEBUG:root:We got a drive command: rawX:0.000000 and rawY:6.857000
DEBUG:root:Forward to the Left/Straight
DEBUG:root:Left=-6.857000 Right=6.857000
DEBUG:root:ScaledLeft: 359.571750 ScaledRight: 390.428250
INFO:root:Looping....
DEBUG:root:This is the line: drive:6.857:0.0

DEBUG:root:We got command: drive
DEBUG:root:We got a drive command: rawX:0.000000 and rawY:6.857000
DEBUG:root:Forward to the Left/Straight
DEBUG:root:Left=-6.857000 Right=6.857000
DEBUG:root:ScaledLeft: 359.571750 ScaledRight: 390.428250
INFO:root:Looping....
DEBUG:root:This is the line: drive:6.857:0.0

DEBUG:root:We got command: drive
DEBUG:root:We got a drive command: rawX:0.000000 and rawY:6.857000
DEBUG:root:Forward to the Left/Straight
DEBUG:root:Left=-6.857000 Right=6.857000
DEBUG:root:ScaledLeft: 359.571750 ScaledRight: 390.428250
INFO:root:Looping....
DEBUG:root:This is the line: drive:6.857:0.0

DEBUG:root:We got command: drive
DEBUG:root:We got a drive command: rawX:0.000000 and rawY:6.857000
DEBUG:root:Forward to the Left/Straight
DEBUG:root:Left=-6.857000 Right=6.857000
DEBUG:root:ScaledLeft: 359.571750 ScaledRight: 390.428250
INFO:root:Looping....
DEBUG:root:This is the line: drive:6.857:0.0

DEBUG:root:We got command: drive
DEBUG:root:We got a drive command: rawX:0.000000 and rawY:6.857000
DEBUG:root:Forward to the Left/Straight
DEBUG:root:Left=-6.857000 Right=6.857000
DEBUG:root:ScaledLeft: 359.571750 ScaledRight: 390.428250
INFO:root:Looping....
DEBUG:root:This is the line: drive:6.857:0.0

DEBUG:root:We got command: drive
DEBUG:root:We got a drive command: rawX:0.000000 and rawY:6.857000
DEBUG:root:Forward to the Left/Straight
DEBUG:root:Left=-6.857000 Right=6.857000
DEBUG:root:ScaledLeft: 359.571750 ScaledRight: 390.428250
INFO:root:Looping....
DEBUG:root:This is the line: drive:6.857:0.0

DEBUG:root:We got command: drive
DEBUG:root:We got a drive command: rawX:0.000000 and rawY:6.857000
DEBUG:root:Forward to the Left/Straight
DEBUG:root:Left=-6.857000 Right=6.857000
DEBUG:root:ScaledLeft: 359.571750 ScaledRight: 390.428250
INFO:root:Looping....
DEBUG:root:This is the line: drive:6.857:0.0

DEBUG:root:We got command: drive
DEBUG:root:We got a drive command: rawX:0.000000 and rawY:6.857000
DEBUG:root:Forward to the Left/Straight
DEBUG:root:Left=-6.857000 Right=6.857000
DEBUG:root:ScaledLeft: 359.571750 ScaledRight: 390.428250
INFO:root:Looping....
DEBUG:root:This is the line: drive:6.857:0.0

DEBUG:root:We got command: drive
DEBUG:root:We got a drive command: rawX:0.000000 and rawY:6.857000
DEBUG:root:Forward to the Left/Straight
DEBUG:root:Left=-6.857000 Right=6.857000
DEBUG:root:ScaledLeft: 359.571750 ScaledRight: 390.428250
INFO:root:Looping....
DEBUG:root:This is the line: drive:6.857:0.0

DEBUG:root:We got command: drive
DEBUG:root:We got a drive command: rawX:0.000000 and rawY:6.857000
DEBUG:root:Forward to the Left/Straight
DEBUG:root:Left=-6.857000 Right=6.857000
DEBUG:root:ScaledLeft: 359.571750 ScaledRight: 390.428250
INFO:root:Looping....
DEBUG:root:This is the line: drive:6.857:0.0

DEBUG:root:We got command: drive
DEBUG:root:We got a drive command: rawX:0.000000 and rawY:6.857000
DEBUG:root:Forward to the Left/Straight
DEBUG:root:Left=-6.857000 Right=6.857000
DEBUG:root:ScaledLeft: 359.571750 ScaledRight: 390.428250
INFO:root:Looping....
DEBUG:root:This is the line: drive:6.857:0.0

DEBUG:root:We got command: drive
DEBUG:root:We got a drive command: rawX:0.000000 and rawY:6.857000
DEBUG:root:Forward to the Left/Straight
DEBUG:root:Left=-6.857000 Right=6.857000
DEBUG:root:ScaledLeft: 359.571750 ScaledRight: 390.428250
INFO:root:Looping....
DEBUG:root:This is the line: drive:6.857:0.0

DEBUG:root:We got command: drive
DEBUG:root:We got a drive command: rawX:0.000000 and rawY:6.857000
DEBUG:root:Forward to the Left/Straight
DEBUG:root:Left=-6.857000 Right=6.857000
DEBUG:root:ScaledLeft: 359.571750 ScaledRight: 390.428250
INFO:root:Looping....
DEBUG:root:This is the line: drive:6.857:0.0

DEBUG:root:We got command: drive
DEBUG:root:We got a drive command: rawX:0.000000 and rawY:6.857000
DEBUG:root:Forward to the Left/Straight
DEBUG:root:Left=-6.857000 Right=6.857000
DEBUG:root:ScaledLeft: 359.571750 ScaledRight: 390.428250
INFO:root:Looping....
DEBUG:root:This is the line: drive:6.857:0.0

DEBUG:root:We got command: drive
DEBUG:root:We got a drive command: rawX:0.000000 and rawY:6.857000
DEBUG:root:Forward to the Left/Straight
DEBUG:root:Left=-6.857000 Right=6.857000
DEBUG:root:ScaledLeft: 359.571750 ScaledRight: 390.428250
INFO:root:Looping....
DEBUG:root:This is the line: drive:6.857:0.0

DEBUG:root:We got command: drive
DEBUG:root:We got a drive command: rawX:0.000000 and rawY:6.857000
DEBUG:root:Forward to the Left/Straight
DEBUG:root:Left=-6.857000 Right=6.857000
DEBUG:root:ScaledLeft: 359.571750 ScaledRight: 390.428250
INFO:root:Looping....
DEBUG:root:This is the line: drive:6.857:0.0

DEBUG:root:We got command: drive
DEBUG:root:We got a drive command: rawX:0.000000 and rawY:6.857000
DEBUG:root:Forward to the Left/Straight
DEBUG:root:Left=-6.857000 Right=6.857000
DEBUG:root:ScaledLeft: 359.571750 ScaledRight: 390.428250
INFO:root:Looping....
DEBUG:root:This is the line: drive:6.857:0.0

DEBUG:root:We got command: drive
DEBUG:root:We got a drive command: rawX:0.000000 and rawY:6.857000
DEBUG:root:Forward to the Left/Straight
DEBUG:root:Left=-6.857000 Right=6.857000
DEBUG:root:ScaledLeft: 359.571750 ScaledRight: 390.428250
INFO:root:Looping....
DEBUG:root:This is the line: drive:6.857:0.0

DEBUG:root:We got command: drive
DEBUG:root:We got a drive command: rawX:0.000000 and rawY:6.857000
DEBUG:root:Forward to the Left/Straight
DEBUG:root:Left=-6.857000 Right=6.857000
DEBUG:root:ScaledLeft: 359.571750 ScaledRight: 390.428250
INFO:root:Looping....
DEBUG:root:This is the line: drive:6.857:0.0

DEBUG:root:We got command: drive
DEBUG:root:We got a drive command: rawX:0.000000 and rawY:6.857000
DEBUG:root:Forward to the Left/Straight
DEBUG:root:Left=-6.857000 Right=6.857000
DEBUG:root:ScaledLeft: 359.571750 ScaledRight: 390.428250
INFO:root:Looping....
DEBUG:root:This is the line: drive:6.857:0.0

DEBUG:root:We got command: drive
DEBUG:root:We got a drive command: rawX:0.000000 and rawY:6.857000
DEBUG:root:Forward to the Left/Straight
DEBUG:root:Left=-6.857000 Right=6.857000
DEBUG:root:ScaledLeft: 359.571750 ScaledRight: 390.428250
INFO:root:Looping....
DEBUG:root:This is the line: drive:6.857:0.0

DEBUG:root:We got command: drive
DEBUG:root:We got a drive command: rawX:0.000000 and rawY:6.857000
DEBUG:root:Forward to the Left/Straight
DEBUG:root:Left=-6.857000 Right=6.857000
DEBUG:root:ScaledLeft: 359.571750 ScaledRight: 390.428250
INFO:root:Looping....
DEBUG:root:This is the line: drive:6.857:0.0

DEBUG:root:We got command: drive
DEBUG:root:We got a drive command: rawX:0.000000 and rawY:6.857000
DEBUG:root:Forward to the Left/Straight
DEBUG:root:Left=-6.857000 Right=6.857000
DEBUG:root:ScaledLeft: 359.571750 ScaledRight: 390.428250
INFO:root:Looping....
DEBUG:root:This is the line: drive:67.143:-5.357

DEBUG:root:We got command: drive
DEBUG:root:We got a drive command: rawX:-5.357000 and rawY:67.143000
DEBUG:root:Forward to the Left/Straight
DEBUG:root:Left=-72.500000 Right=67.143000
DEBUG:root:ScaledLeft: 211.875000 ScaledRight: 526.071750
INFO:root:Looping....
DEBUG:root:This is the line: drive:67.143:-5.357

DEBUG:root:We got command: drive
DEBUG:root:We got a drive command: rawX:-5.357000 and rawY:67.143000
DEBUG:root:Forward to the Left/Straight
DEBUG:root:Left=-72.500000 Right=67.143000
DEBUG:root:ScaledLeft: 211.875000 ScaledRight: 526.071750
INFO:root:Looping....
DEBUG:root:This is the line: drive:13.714:16.369

DEBUG:root:We got command: drive
DEBUG:root:We got a drive command: rawX:16.369000 and rawY:13.714000
DEBUG:root:Forward to the Right
DEBUG:root:Left=-13.714000 Right=-2.655000
DEBUG:root:ScaledLeft: 344.143500 ScaledRight: 369.026250
INFO:root:Looping....
DEBUG:root:This is the line: drive:67.143:-5.357

DEBUG:root:We got command: drive
DEBUG:root:We got a drive command: rawX:-5.357000 and rawY:67.143000
DEBUG:root:Forward to the Left/Straight
DEBUG:root:Left=-72.500000 Right=67.143000
DEBUG:root:ScaledLeft: 211.875000 ScaledRight: 526.071750
INFO:root:Looping....
DEBUG:root:This is the line: drive:13.714:16.369

DEBUG:root:We got command: drive
DEBUG:root:We got a drive command: rawX:16.369000 and rawY:13.714000
DEBUG:root:Forward to the Right
DEBUG:root:Left=-13.714000 Right=-2.655000
DEBUG:root:ScaledLeft: 344.143500 ScaledRight: 369.026250
INFO:root:Looping....
DEBUG:root:This is the line: drive:67.143:-5.357

DEBUG:root:We got command: drive
DEBUG:root:We got a drive command: rawX:-5.357000 and rawY:67.143000
DEBUG:root:Forward to the Left/Straight
DEBUG:root:Left=-72.500000 Right=67.143000
DEBUG:root:ScaledLeft: 211.875000 ScaledRight: 526.071750
INFO:root:Looping....
DEBUG:root:This is the line: drive:13.714:16.369

DEBUG:root:We got command: drive
DEBUG:root:We got a drive command: rawX:16.369000 and rawY:13.714000
DEBUG:root:Forward to the Right
DEBUG:root:Left=-13.714000 Right=-2.655000
DEBUG:root:ScaledLeft: 344.143500 ScaledRight: 369.026250
INFO:root:Looping....
DEBUG:root:This is the line: drive:67.143:-5.357

DEBUG:root:We got command: drive
DEBUG:root:We got a drive command: rawX:-5.357000 and rawY:67.143000
DEBUG:root:Forward to the Left/Straight
DEBUG:root:Left=-72.500000 Right=67.143000
DEBUG:root:ScaledLeft: 211.875000 ScaledRight: 526.071750
INFO:root:Looping....
DEBUG:root:This is the line: drive:13.714:16.369

DEBUG:root:We got command: drive
DEBUG:root:We got a drive command: rawX:16.369000 and rawY:13.714000
DEBUG:root:Forward to the Right
DEBUG:root:Left=-13.714000 Right=-2.655000
DEBUG:root:ScaledLeft: 344.143500 ScaledRight: 369.026250
INFO:root:Looping....
DEBUG:root:This is the line: drive:67.143:-5.357

DEBUG:root:We got command: drive
DEBUG:root:We got a drive command: rawX:-5.357000 and rawY:67.143000
DEBUG:root:Forward to the Left/Straight
DEBUG:root:Left=-72.500000 Right=67.143000
DEBUG:root:ScaledLeft: 211.875000 ScaledRight: 526.071750
INFO:root:Looping....
DEBUG:root:This is the line: drive:13.714:16.369

DEBUG:root:We got command: drive
DEBUG:root:We got a drive command: rawX:16.369000 and rawY:13.714000
DEBUG:root:Forward to the Right
DEBUG:root:Left=-13.714000 Right=-2.655000
DEBUG:root:ScaledLeft: 344.143500 ScaledRight: 369.026250
INFO:root:Looping....
DEBUG:root:This is the line: drive:67.143:-5.357

DEBUG:root:We got command: drive
DEBUG:root:We got a drive command: rawX:-5.357000 and rawY:67.143000
DEBUG:root:Forward to the Left/Straight
DEBUG:root:Left=-72.500000 Right=67.143000
DEBUG:root:ScaledLeft: 211.875000 ScaledRight: 526.071750
INFO:root:Looping....
DEBUG:root:This is the line: drive:13.714:16.369

DEBUG:root:We got command: drive
DEBUG:root:We got a drive command: rawX:16.369000 and rawY:13.714000
DEBUG:root:Forward to the Right
DEBUG:root:Left=-13.714000 Right=-2.655000
DEBUG:root:ScaledLeft: 344.143500 ScaledRight: 369.026250
INFO:root:Looping....
DEBUG:root:This is the line: drive:67.143:-5.357

DEBUG:root:We got command: drive
DEBUG:root:We got a drive command: rawX:-5.357000 and rawY:67.143000
DEBUG:root:Forward to the Left/Straight
DEBUG:root:Left=-72.500000 Right=67.143000
DEBUG:root:ScaledLeft: 211.875000 ScaledRight: 526.071750
INFO:root:Looping....
DEBUG:root:This is the line: drive:13.714:16.369

DEBUG:root:We got command: drive
DEBUG:root:We got a drive command: rawX:16.369000 and rawY:13.714000
DEBUG:root:Forward to the Right
DEBUG:root:Left=-13.714000 Right=-2.655000
DEBUG:root:ScaledLeft: 344.143500 ScaledRight: 369.026250
INFO:root:Looping....
DEBUG:root:This is the line: drive:67.143:-5.357

DEBUG:root:We got command: drive
DEBUG:root:We got a drive command: rawX:-5.357000 and rawY:67.143000
DEBUG:root:Forward to the Left/Straight
DEBUG:root:Left=-72.500000 Right=67.143000
DEBUG:root:ScaledLeft: 211.875000 ScaledRight: 526.071750
INFO:root:Looping....
DEBUG:root:This is the line: drive:13.714:16.369

DEBUG:root:We got command: drive
DEBUG:root:We got a drive command: rawX:16.369000 and rawY:13.714000
DEBUG:root:Forward to the Right
DEBUG:root:Left=-13.714000 Right=-2.655000
DEBUG:root:ScaledLeft: 344.143500 ScaledRight: 369.026250
INFO:root:Looping....
DEBUG:root:This is the line: drive:67.143:-5.357

DEBUG:root:We got command: drive
DEBUG:root:We got a drive command: rawX:-5.357000 and rawY:67.143000
DEBUG:root:Forward to the Left/Straight
DEBUG:root:Left=-72.500000 Right=67.143000
DEBUG:root:ScaledLeft: 211.875000 ScaledRight: 526.071750
INFO:root:Looping....
DEBUG:root:This is the line: drive:13.714:16.369

DEBUG:root:We got command: drive
DEBUG:root:We got a drive command: rawX:16.369000 and rawY:13.714000
DEBUG:root:Forward to the Right
DEBUG:root:Left=-13.714000 Right=-2.655000
DEBUG:root:ScaledLeft: 344.143500 ScaledRight: 369.026250
INFO:root:Looping....
DEBUG:root:This is the line: drive:67.143:-5.357

DEBUG:root:We got command: drive
DEBUG:root:We got a drive command: rawX:-5.357000 and rawY:67.143000
DEBUG:root:Forward to the Left/Straight
DEBUG:root:Left=-72.500000 Right=67.143000
DEBUG:root:ScaledLeft: 211.875000 ScaledRight: 526.071750
INFO:root:Looping....
DEBUG:root:This is the line: drive:67.143:-5.357

DEBUG:root:We got command: drive
DEBUG:root:We got a drive command: rawX:-5.357000 and rawY:67.143000
DEBUG:root:Forward to the Left/Straight
DEBUG:root:Left=-72.500000 Right=67.143000
DEBUG:root:ScaledLeft: 211.875000 ScaledRight: 526.071750
INFO:root:Looping....
DEBUG:root:This is the line: drive:13.714:16.369

DEBUG:root:We got command: drive
DEBUG:root:We got a drive command: rawX:16.369000 and rawY:13.714000
DEBUG:root:Forward to the Right
DEBUG:root:Left=-13.714000 Right=-2.655000
DEBUG:root:ScaledLeft: 344.143500 ScaledRight: 369.026250
INFO:root:Looping....
DEBUG:root:This is the line: drive:67.143:-5.357

DEBUG:root:We got command: drive
DEBUG:root:We got a drive command: rawX:-5.357000 and rawY:67.143000
DEBUG:root:Forward to the Left/Straight
DEBUG:root:Left=-72.500000 Right=67.143000
DEBUG:root:ScaledLeft: 211.875000 ScaledRight: 526.071750
INFO:root:Looping....
DEBUG:root:This is the line: drive:13.714:16.369

DEBUG:root:We got command: drive
DEBUG:root:We got a drive command: rawX:16.369000 and rawY:13.714000
DEBUG:root:Forward to the Right
DEBUG:root:Left=-13.714000 Right=-2.655000
DEBUG:root:ScaledLeft: 344.143500 ScaledRight: 369.026250
INFO:root:Looping....
DEBUG:root:This is the line: drive:67.143:-5.357

DEBUG:root:We got command: drive
DEBUG:root:We got a drive command: rawX:-5.357000 and rawY:67.143000
DEBUG:root:Forward to the Left/Straight
DEBUG:root:Left=-72.500000 Right=67.143000
DEBUG:root:ScaledLeft: 211.875000 ScaledRight: 526.071750
INFO:root:Looping....
DEBUG:root:This is the line: drive:13.714:16.369

DEBUG:root:We got command: drive
DEBUG:root:We got a drive command: rawX:16.369000 and rawY:13.714000
DEBUG:root:Forward to the Right
DEBUG:root:Left=-13.714000 Right=-2.655000
DEBUG:root:ScaledLeft: 344.143500 ScaledRight: 369.026250
INFO:root:Looping....
DEBUG:root:This is the line: drive:67.143:-5.357

DEBUG:root:We got command: drive
DEBUG:root:We got a drive command: rawX:-5.357000 and rawY:67.143000
DEBUG:root:Forward to the Left/Straight
DEBUG:root:Left=-72.500000 Right=67.143000
DEBUG:root:ScaledLeft: 211.875000 ScaledRight: 526.071750
INFO:root:Looping....
DEBUG:root:This is the line: drive:13.714:16.369

DEBUG:root:We got command: drive
DEBUG:root:We got a drive command: rawX:16.369000 and rawY:13.714000
DEBUG:root:Forward to the Right
DEBUG:root:Left=-13.714000 Right=-2.655000
DEBUG:root:ScaledLeft: 344.143500 ScaledRight: 369.026250
INFO:root:Looping....
DEBUG:root:This is the line: drive:67.143:-5.357

DEBUG:root:We got command: drive
DEBUG:root:We got a drive command: rawX:-5.357000 and rawY:67.143000
DEBUG:root:Forward to the Left/Straight
DEBUG:root:Left=-72.500000 Right=67.143000
DEBUG:root:ScaledLeft: 211.875000 ScaledRight: 526.071750
INFO:root:Looping....
DEBUG:root:This is the line: drive:13.714:16.369

DEBUG:root:We got command: drive
DEBUG:root:We got a drive command: rawX:16.369000 and rawY:13.714000
DEBUG:root:Forward to the Right
DEBUG:root:Left=-13.714000 Right=-2.655000
DEBUG:root:ScaledLeft: 344.143500 ScaledRight: 369.026250
INFO:root:Looping....
DEBUG:root:This is the line: drive:67.143:-5.357

DEBUG:root:We got command: drive
DEBUG:root:We got a drive command: rawX:-5.357000 and rawY:67.143000
DEBUG:root:Forward to the Left/Straight
DEBUG:root:Left=-72.500000 Right=67.143000
DEBUG:root:ScaledLeft: 211.875000 ScaledRight: 526.071750
INFO:root:Looping....
DEBUG:root:This is the line: drive:13.714:16.369

DEBUG:root:We got command: drive
DEBUG:root:We got a drive command: rawX:16.369000 and rawY:13.714000
DEBUG:root:Forward to the Right
DEBUG:root:Left=-13.714000 Right=-2.655000
DEBUG:root:ScaledLeft: 344.143500 ScaledRight: 369.026250
INFO:root:Looping....
DEBUG:root:This is the line: drive:67.143:-5.357

DEBUG:root:We got command: drive
DEBUG:root:We got a drive command: rawX:-5.357000 and rawY:67.143000
DEBUG:root:Forward to the Left/Straight
DEBUG:root:Left=-72.500000 Right=67.143000
DEBUG:root:ScaledLeft: 211.875000 ScaledRight: 526.071750
INFO:root:Looping....
DEBUG:root:This is the line: drive:13.714:16.369

DEBUG:root:We got command: drive
DEBUG:root:We got a drive command: rawX:16.369000 and rawY:13.714000
DEBUG:root:Forward to the Right
DEBUG:root:Left=-13.714000 Right=-2.655000
DEBUG:root:ScaledLeft: 344.143500 ScaledRight: 369.026250
INFO:root:Looping....
DEBUG:root:This is the line: drive:67.143:-5.357

DEBUG:root:We got command: drive
DEBUG:root:We got a drive command: rawX:-5.357000 and rawY:67.143000
DEBUG:root:Forward to the Left/Straight
DEBUG:root:Left=-72.500000 Right=67.143000
DEBUG:root:ScaledLeft: 211.875000 ScaledRight: 526.071750
INFO:root:Looping....
DEBUG:root:This is the line: drive:13.714:16.369

DEBUG:root:We got command: drive
DEBUG:root:We got a drive command: rawX:16.369000 and rawY:13.714000
DEBUG:root:Forward to the Right
DEBUG:root:Left=-13.714000 Right=-2.655000
DEBUG:root:ScaledLeft: 344.143500 ScaledRight: 369.026250
INFO:root:Looping....
DEBUG:root:This is the line: drive:67.143:-5.357

DEBUG:root:We got command: drive
DEBUG:root:We got a drive command: rawX:-5.357000 and rawY:67.143000
DEBUG:root:Forward to the Left/Straight
DEBUG:root:Left=-72.500000 Right=67.143000
DEBUG:root:ScaledLeft: 211.875000 ScaledRight: 526.071750
INFO:root:Looping....
DEBUG:root:This is the line: drive:13.714:16.369

DEBUG:root:We got command: drive
DEBUG:root:We got a drive command: rawX:16.369000 and rawY:13.714000
DEBUG:root:Forward to the Right
DEBUG:root:Left=-13.714000 Right=-2.655000
DEBUG:root:ScaledLeft: 344.143500 ScaledRight: 369.026250
INFO:root:Looping....
DEBUG:root:This is the line: drive:67.143:-5.357

DEBUG:root:We got command: drive
DEBUG:root:We got a drive command: rawX:-5.357000 and rawY:67.143000
DEBUG:root:Forward to the Left/Straight
DEBUG:root:Left=-72.500000 Right=67.143000
DEBUG:root:ScaledLeft: 211.875000 ScaledRight: 526.071750
INFO:root:Looping....
DEBUG:root:This is the line: drive:67.143:-5.357

DEBUG:root:We got command: drive
DEBUG:root:We got a drive command: rawX:-5.357000 and rawY:67.143000
DEBUG:root:Forward to the Left/Straight
DEBUG:root:Left=-72.500000 Right=67.143000
DEBUG:root:ScaledLeft: 211.875000 ScaledRight: 526.071750
INFO:root:Looping....
DEBUG:root:This is the line: drive:13.714:16.369

DEBUG:root:We got command: drive
DEBUG:root:We got a drive command: rawX:16.369000 and rawY:13.714000
DEBUG:root:Forward to the Right
DEBUG:root:Left=-13.714000 Right=-2.655000
DEBUG:root:ScaledLeft: 344.143500 ScaledRight: 369.026250
INFO:root:Looping....
DEBUG:root:This is the line: drive:13.714:16.369

DEBUG:root:We got command: drive
DEBUG:root:We got a drive command: rawX:16.369000 and rawY:13.714000
DEBUG:root:Forward to the Right
DEBUG:root:Left=-13.714000 Right=-2.655000
DEBUG:root:ScaledLeft: 344.143500 ScaledRight: 369.026250
INFO:root:Looping....
DEBUG:root:This is the line: drive:67.143:-5.357

DEBUG:root:We got command: drive
DEBUG:root:We got a drive command: rawX:-5.357000 and rawY:67.143000
DEBUG:root:Forward to the Left/Straight
DEBUG:root:Left=-72.500000 Right=67.143000
DEBUG:root:ScaledLeft: 211.875000 ScaledRight: 526.071750
INFO:root:Looping....
DEBUG:root:This is the line: drive:13.714:16.369

DEBUG:root:We got command: drive
DEBUG:root:We got a drive command: rawX:16.369000 and rawY:13.714000
DEBUG:root:Forward to the Right
DEBUG:root:Left=-13.714000 Right=-2.655000
DEBUG:root:ScaledLeft: 344.143500 ScaledRight: 369.026250
INFO:root:Looping....
DEBUG:root:This is the line: drive:67.143:-5.357

DEBUG:root:We got command: drive
DEBUG:root:We got a drive command: rawX:-5.357000 and rawY:67.143000
DEBUG:root:Forward to the Left/Straight
DEBUG:root:Left=-72.500000 Right=67.143000
DEBUG:root:ScaledLeft: 211.875000 ScaledRight: 526.071750
INFO:root:Looping....
DEBUG:root:This is the line: drive:13.714:16.369

DEBUG:root:We got command: drive
DEBUG:root:We got a drive command: rawX:16.369000 and rawY:13.714000
DEBUG:root:Forward to the Right
DEBUG:root:Left=-13.714000 Right=-2.655000
DEBUG:root:ScaledLeft: 344.143500 ScaledRight: 369.026250
INFO:root:Looping....
DEBUG:root:This is the line: drive:67.143:-5.357

DEBUG:root:We got command: drive
DEBUG:root:We got a drive command: rawX:-5.357000 and rawY:67.143000
DEBUG:root:Forward to the Left/Straight
DEBUG:root:Left=-72.500000 Right=67.143000
DEBUG:root:ScaledLeft: 211.875000 ScaledRight: 526.071750
INFO:root:Looping....
DEBUG:root:This is the line: drive:13.714:16.369

DEBUG:root:We got command: drive
DEBUG:root:We got a drive command: rawX:16.369000 and rawY:13.714000
DEBUG:root:Forward to the Right
DEBUG:root:Left=-13.714000 Right=-2.655000
DEBUG:root:ScaledLeft: 344.143500 ScaledRight: 369.026250
INFO:root:Looping....
DEBUG:root:This is the line: drive:67.143:-5.357

DEBUG:root:We got command: drive
DEBUG:root:We got a drive command: rawX:-5.357000 and rawY:67.143000
DEBUG:root:Forward to the Left/Straight
DEBUG:root:Left=-72.500000 Right=67.143000
DEBUG:root:ScaledLeft: 211.875000 ScaledRight: 526.071750
INFO:root:Looping....
DEBUG:root:This is the line: drive:13.714:16.369

DEBUG:root:We got command: drive
DEBUG:root:We got a drive command: rawX:16.369000 and rawY:13.714000
DEBUG:root:Forward to the Right
DEBUG:root:Left=-13.714000 Right=-2.655000
DEBUG:root:ScaledLeft: 344.143500 ScaledRight: 369.026250
INFO:root:Looping....
DEBUG:root:This is the line: drive:67.143:-5.357

DEBUG:root:We got command: drive
DEBUG:root:We got a drive command: rawX:-5.357000 and rawY:67.143000
DEBUG:root:Forward to the Left/Straight
DEBUG:root:Left=-72.500000 Right=67.143000
DEBUG:root:ScaledLeft: 211.875000 ScaledRight: 526.071750
INFO:root:Looping....
DEBUG:root:This is the line: drive:13.714:16.369

DEBUG:root:We got command: drive
DEBUG:root:We got a drive command: rawX:16.369000 and rawY:13.714000
DEBUG:root:Forward to the Right
DEBUG:root:Left=-13.714000 Right=-2.655000
DEBUG:root:ScaledLeft: 344.143500 ScaledRight: 369.026250
INFO:root:Looping....
DEBUG:root:This is the line: drive:67.143:-5.357

DEBUG:root:We got command: drive
DEBUG:root:We got a drive command: rawX:-5.357000 and rawY:67.143000
DEBUG:root:Forward to the Left/Straight
DEBUG:root:Left=-72.500000 Right=67.143000
DEBUG:root:ScaledLeft: 211.875000 ScaledRight: 526.071750
INFO:root:Looping....
DEBUG:root:This is the line: drive:13.714:16.369

DEBUG:root:We got command: drive
DEBUG:root:We got a drive command: rawX:16.369000 and rawY:13.714000
DEBUG:root:Forward to the Right
DEBUG:root:Left=-13.714000 Right=-2.655000
DEBUG:root:ScaledLeft: 344.143500 ScaledRight: 369.026250
INFO:root:Looping....
DEBUG:root:This is the line: drive:67.143:-5.357

DEBUG:root:We got command: drive
DEBUG:root:We got a drive command: rawX:-5.357000 and rawY:67.143000
DEBUG:root:Forward to the Left/Straight
DEBUG:root:Left=-72.500000 Right=67.143000
DEBUG:root:ScaledLeft: 211.875000 ScaledRight: 526.071750
INFO:root:Looping....
DEBUG:root:This is the line: drive:67.143:-5.357

DEBUG:root:We got command: drive
DEBUG:root:We got a drive command: rawX:-5.357000 and rawY:67.143000
DEBUG:root:Forward to the Left/Straight
DEBUG:root:Left=-72.500000 Right=67.143000
DEBUG:root:ScaledLeft: 211.875000 ScaledRight: 526.071750
INFO:root:Looping....
DEBUG:root:This is the line: drive:13.714:16.369

DEBUG:root:We got command: drive
DEBUG:root:We got a drive command: rawX:16.369000 and rawY:13.714000
DEBUG:root:Forward to the Right
DEBUG:root:Left=-13.714000 Right=-2.655000
DEBUG:root:ScaledLeft: 344.143500 ScaledRight: 369.026250
INFO:root:Looping....
DEBUG:root:This is the line: drive:67.143:-5.357

DEBUG:root:We got command: drive
DEBUG:root:We got a drive command: rawX:-5.357000 and rawY:67.143000
DEBUG:root:Forward to the Left/Straight
DEBUG:root:Left=-72.500000 Right=67.143000
DEBUG:root:ScaledLeft: 211.875000 ScaledRight: 526.071750
INFO:root:Looping....
DEBUG:root:This is the line: drive:13.714:16.369

DEBUG:root:We got command: drive
DEBUG:root:We got a drive command: rawX:16.369000 and rawY:13.714000
DEBUG:root:Forward to the Right
DEBUG:root:Left=-13.714000 Right=-2.655000
DEBUG:root:ScaledLeft: 344.143500 ScaledRight: 369.026250
INFO:root:Looping....
DEBUG:root:This is the line: drive:13.714:16.369

DEBUG:root:We got command: drive
DEBUG:root:We got a drive command: rawX:16.369000 and rawY:13.714000
DEBUG:root:Forward to the Right
DEBUG:root:Left=-13.714000 Right=-2.655000
DEBUG:root:ScaledLeft: 344.143500 ScaledRight: 369.026250
INFO:root:Looping....
DEBUG:root:This is the line: drive:67.143:-5.357

DEBUG:root:We got command: drive
DEBUG:root:We got a drive command: rawX:-5.357000 and rawY:67.143000
DEBUG:root:Forward to the Left/Straight
DEBUG:root:Left=-72.500000 Right=67.143000
DEBUG:root:ScaledLeft: 211.875000 ScaledRight: 526.071750
INFO:root:Looping....
DEBUG:root:This is the line: drive:67.143:-5.357

DEBUG:root:We got command: drive
DEBUG:root:We got a drive command: rawX:-5.357000 and rawY:67.143000
DEBUG:root:Forward to the Left/Straight
DEBUG:root:Left=-72.500000 Right=67.143000
DEBUG:root:ScaledLeft: 211.875000 ScaledRight: 526.071750
INFO:root:Looping....
DEBUG:root:This is the line: drive:13.714:16.369

DEBUG:root:We got command: drive
DEBUG:root:We got a drive command: rawX:16.369000 and rawY:13.714000
DEBUG:root:Forward to the Right
DEBUG:root:Left=-13.714000 Right=-2.655000
DEBUG:root:ScaledLeft: 344.143500 ScaledRight: 369.026250
INFO:root:Looping....
DEBUG:root:This is the line: drive:67.143:-5.357

DEBUG:root:We got command: drive
DEBUG:root:We got a drive command: rawX:-5.357000 and rawY:67.143000
DEBUG:root:Forward to the Left/Straight
DEBUG:root:Left=-72.500000 Right=67.143000
DEBUG:root:ScaledLeft: 211.875000 ScaledRight: 526.071750
INFO:root:Looping....
DEBUG:root:This is the line: drive:13.714:16.369

DEBUG:root:We got command: drive
DEBUG:root:We got a drive command: rawX:16.369000 and rawY:13.714000
DEBUG:root:Forward to the Right
DEBUG:root:Left=-13.714000 Right=-2.655000
DEBUG:root:ScaledLeft: 344.143500 ScaledRight: 369.026250
INFO:root:Looping....
DEBUG:root:This is the line: drive:67.143:-5.357

DEBUG:root:We got command: drive
DEBUG:root:We got a drive command: rawX:-5.357000 and rawY:67.143000
DEBUG:root:Forward to the Left/Straight
DEBUG:root:Left=-72.500000 Right=67.143000
DEBUG:root:ScaledLeft: 211.875000 ScaledRight: 526.071750
INFO:root:Looping....
DEBUG:root:This is the line: drive:13.714:16.369

DEBUG:root:We got command: drive
DEBUG:root:We got a drive command: rawX:16.369000 and rawY:13.714000
DEBUG:root:Forward to the Right
DEBUG:root:Left=-13.714000 Right=-2.655000
DEBUG:root:ScaledLeft: 344.143500 ScaledRight: 369.026250
INFO:root:Looping....
DEBUG:root:This is the line: drive:67.143:-5.357

DEBUG:root:We got command: drive
DEBUG:root:We got a drive command: rawX:-5.357000 and rawY:67.143000
DEBUG:root:Forward to the Left/Straight
DEBUG:root:Left=-72.500000 Right=67.143000
DEBUG:root:ScaledLeft: 211.875000 ScaledRight: 526.071750
INFO:root:Looping....
DEBUG:root:This is the line: drive:13.714:16.369

DEBUG:root:We got command: drive
DEBUG:root:We got a drive command: rawX:16.369000 and rawY:13.714000
DEBUG:root:Forward to the Right
DEBUG:root:Left=-13.714000 Right=-2.655000
DEBUG:root:ScaledLeft: 344.143500 ScaledRight: 369.026250
INFO:root:Looping....
DEBUG:root:This is the line: drive:67.143:-5.357

DEBUG:root:We got command: drive
DEBUG:root:We got a drive command: rawX:-5.357000 and rawY:67.143000
DEBUG:root:Forward to the Left/Straight
DEBUG:root:Left=-72.500000 Right=67.143000
DEBUG:root:ScaledLeft: 211.875000 ScaledRight: 526.071750
INFO:root:Looping....
DEBUG:root:This is the line: drive:13.714:16.369

DEBUG:root:We got command: drive
DEBUG:root:We got a drive command: rawX:16.369000 and rawY:13.714000
DEBUG:root:Forward to the Right
DEBUG:root:Left=-13.714000 Right=-2.655000
DEBUG:root:ScaledLeft: 344.143500 ScaledRight: 369.026250
INFO:root:Looping....
DEBUG:root:This is the line: drive:67.143:-5.357

DEBUG:root:We got command: drive
DEBUG:root:We got a drive command: rawX:-5.357000 and rawY:67.143000
DEBUG:root:Forward to the Left/Straight
DEBUG:root:Left=-72.500000 Right=67.143000
DEBUG:root:ScaledLeft: 211.875000 ScaledRight: 526.071750
INFO:root:Looping....
DEBUG:root:This is the line: drive:13.714:16.369

DEBUG:root:We got command: drive
DEBUG:root:We got a drive command: rawX:16.369000 and rawY:13.714000
DEBUG:root:Forward to the Right
DEBUG:root:Left=-13.714000 Right=-2.655000
DEBUG:root:ScaledLeft: 344.143500 ScaledRight: 369.026250
INFO:root:Looping....
DEBUG:root:This is the line: drive:67.143:-5.357

DEBUG:root:We got command: drive
DEBUG:root:We got a drive command: rawX:-5.357000 and rawY:67.143000
DEBUG:root:Forward to the Left/Straight
DEBUG:root:Left=-72.500000 Right=67.143000
DEBUG:root:ScaledLeft: 211.875000 ScaledRight: 526.071750
INFO:root:Looping....
DEBUG:root:This is the line: drive:13.714:16.369

DEBUG:root:We got command: drive
DEBUG:root:We got a drive command: rawX:16.369000 and rawY:13.714000
DEBUG:root:Forward to the Right
DEBUG:root:Left=-13.714000 Right=-2.655000
DEBUG:root:ScaledLeft: 344.143500 ScaledRight: 369.026250
INFO:root:Looping....
DEBUG:root:This is the line: drive:67.143:-5.357

DEBUG:root:We got command: drive
DEBUG:root:We got a drive command: rawX:-5.357000 and rawY:67.143000
DEBUG:root:Forward to the Left/Straight
DEBUG:root:Left=-72.500000 Right=67.143000
DEBUG:root:ScaledLeft: 211.875000 ScaledRight: 526.071750
INFO:root:Looping....
DEBUG:root:This is the line: drive:13.714:16.369

DEBUG:root:We got command: drive
DEBUG:root:We got a drive command: rawX:16.369000 and rawY:13.714000
DEBUG:root:Forward to the Right
DEBUG:root:Left=-13.714000 Right=-2.655000
DEBUG:root:ScaledLeft: 344.143500 ScaledRight: 369.026250
INFO:root:Looping....
DEBUG:root:This is the line: drive:67.143:-5.357

DEBUG:root:We got command: drive
DEBUG:root:We got a drive command: rawX:-5.357000 and rawY:67.143000
DEBUG:root:Forward to the Left/Straight
DEBUG:root:Left=-72.500000 Right=67.143000
DEBUG:root:ScaledLeft: 211.875000 ScaledRight: 526.071750
INFO:root:Looping....
DEBUG:root:This is the line: drive:13.714:16.369

DEBUG:root:We got command: drive
DEBUG:root:We got a drive command: rawX:16.369000 and rawY:13.714000
DEBUG:root:Forward to the Right
DEBUG:root:Left=-13.714000 Right=-2.655000
DEBUG:root:ScaledLeft: 344.143500 ScaledRight: 369.026250
INFO:root:Looping....
DEBUG:root:This is the line: drive:67.143:-5.357

DEBUG:root:We got command: drive
DEBUG:root:We got a drive command: rawX:-5.357000 and rawY:67.143000
DEBUG:root:Forward to the Left/Straight
DEBUG:root:Left=-72.500000 Right=67.143000
DEBUG:root:ScaledLeft: 211.875000 ScaledRight: 526.071750
INFO:root:Looping....
DEBUG:root:This is the line: drive:13.714:16.369

DEBUG:root:We got command: drive
DEBUG:root:We got a drive command: rawX:16.369000 and rawY:13.714000
DEBUG:root:Forward to the Right
DEBUG:root:Left=-13.714000 Right=-2.655000
DEBUG:root:ScaledLeft: 344.143500 ScaledRight: 369.026250
INFO:root:Looping....
DEBUG:root:This is the line: drive:67.143:-5.357

DEBUG:root:We got command: drive
DEBUG:root:We got a drive command: rawX:-5.357000 and rawY:67.143000
DEBUG:root:Forward to the Left/Straight
DEBUG:root:Left=-72.500000 Right=67.143000
DEBUG:root:ScaledLeft: 211.875000 ScaledRight: 526.071750
INFO:root:Looping....
DEBUG:root:This is the line: drive:13.714:16.369

DEBUG:root:We got command: drive
DEBUG:root:We got a drive command: rawX:16.369000 and rawY:13.714000
DEBUG:root:Forward to the Right
DEBUG:root:Left=-13.714000 Right=-2.655000
DEBUG:root:ScaledLeft: 344.143500 ScaledRight: 369.026250
INFO:root:Looping....
DEBUG:root:This is the line: drive:67.143:-5.357

DEBUG:root:We got command: drive
DEBUG:root:We got a drive command: rawX:-5.357000 and rawY:67.143000
DEBUG:root:Forward to the Left/Straight
DEBUG:root:Left=-72.500000 Right=67.143000
DEBUG:root:ScaledLeft: 211.875000 ScaledRight: 526.071750
INFO:root:Looping....
DEBUG:root:This is the line: drive:13.714:16.369

DEBUG:root:We got command: drive
DEBUG:root:We got a drive command: rawX:16.369000 and rawY:13.714000
DEBUG:root:Forward to the Right
DEBUG:root:Left=-13.714000 Right=-2.655000
DEBUG:root:ScaledLeft: 344.143500 ScaledRight: 369.026250
INFO:root:Looping....
DEBUG:root:This is the line: drive:67.143:-5.357

DEBUG:root:We got command: drive
DEBUG:root:We got a drive command: rawX:-5.357000 and rawY:67.143000
DEBUG:root:Forward to the Left/Straight
DEBUG:root:Left=-72.500000 Right=67.143000
DEBUG:root:ScaledLeft: 211.875000 ScaledRight: 526.071750
INFO:root:Looping....
DEBUG:root:This is the line: drive:13.714:16.369

DEBUG:root:We got command: drive
DEBUG:root:We got a drive command: rawX:16.369000 and rawY:13.714000
DEBUG:root:Forward to the Right
DEBUG:root:Left=-13.714000 Right=-2.655000
DEBUG:root:ScaledLeft: 344.143500 ScaledRight: 369.026250
INFO:root:Looping....
DEBUG:root:This is the line: drive:67.143:-5.357

DEBUG:root:We got command: drive
DEBUG:root:We got a drive command: rawX:-5.357000 and rawY:67.143000
DEBUG:root:Forward to the Left/Straight
DEBUG:root:Left=-72.500000 Right=67.143000
DEBUG:root:ScaledLeft: 211.875000 ScaledRight: 526.071750
INFO:root:Looping....
DEBUG:root:This is the line: drive:13.714:16.369

DEBUG:root:We got command: drive
DEBUG:root:We got a drive command: rawX:16.369000 and rawY:13.714000
DEBUG:root:Forward to the Right
DEBUG:root:Left=-13.714000 Right=-2.655000
DEBUG:root:ScaledLeft: 344.143500 ScaledRight: 369.026250
INFO:root:Looping....
DEBUG:root:This is the line: drive:67.143:-5.357

DEBUG:root:We got command: drive
DEBUG:root:We got a drive command: rawX:-5.357000 and rawY:67.143000
DEBUG:root:Forward to the Left/Straight
DEBUG:root:Left=-72.500000 Right=67.143000
DEBUG:root:ScaledLeft: 211.875000 ScaledRight: 526.071750
INFO:root:Looping....
DEBUG:root:This is the line: drive:13.714:16.369

DEBUG:root:We got command: drive
DEBUG:root:We got a drive command: rawX:16.369000 and rawY:13.714000
DEBUG:root:Forward to the Right
DEBUG:root:Left=-13.714000 Right=-2.655000
DEBUG:root:ScaledLeft: 344.143500 ScaledRight: 369.026250
INFO:root:Looping....
DEBUG:root:This is the line: drive:67.143:-5.357

DEBUG:root:We got command: drive
DEBUG:root:We got a drive command: rawX:-5.357000 and rawY:67.143000
DEBUG:root:Forward to the Left/Straight
DEBUG:root:Left=-72.500000 Right=67.143000
DEBUG:root:ScaledLeft: 211.875000 ScaledRight: 526.071750
INFO:root:Looping....
DEBUG:root:This is the line: drive:13.714:16.369

DEBUG:root:We got command: drive
DEBUG:root:We got a drive command: rawX:16.369000 and rawY:13.714000
DEBUG:root:Forward to the Right
DEBUG:root:Left=-13.714000 Right=-2.655000
DEBUG:root:ScaledLeft: 344.143500 ScaledRight: 369.026250
INFO:root:Looping....
DEBUG:root:This is the line: drive:13.714:16.369

DEBUG:root:We got command: drive
DEBUG:root:We got a drive command: rawX:16.369000 and rawY:13.714000
DEBUG:root:Forward to the Right
DEBUG:root:Left=-13.714000 Right=-2.655000
DEBUG:root:ScaledLeft: 344.143500 ScaledRight: 369.026250
INFO:root:Looping....
DEBUG:root:This is the line: drive:67.143:-5.357

DEBUG:root:We got command: drive
DEBUG:root:We got a drive command: rawX:-5.357000 and rawY:67.143000
DEBUG:root:Forward to the Left/Straight
DEBUG:root:Left=-72.500000 Right=67.143000
DEBUG:root:ScaledLeft: 211.875000 ScaledRight: 526.071750
INFO:root:Looping....
DEBUG:root:This is the line: drive:13.714:16.369

DEBUG:root:We got command: drive
DEBUG:root:We got a drive command: rawX:16.369000 and rawY:13.714000
DEBUG:root:Forward to the Right
DEBUG:root:Left=-13.714000 Right=-2.655000
DEBUG:root:ScaledLeft: 344.143500 ScaledRight: 369.026250
INFO:root:Looping....
DEBUG:root:This is the line: drive:13.714:16.369

DEBUG:root:We got command: drive
DEBUG:root:We got a drive command: rawX:16.369000 and rawY:13.714000
DEBUG:root:Forward to the Right
DEBUG:root:Left=-13.714000 Right=-2.655000
DEBUG:root:ScaledLeft: 344.143500 ScaledRight: 369.026250
INFO:root:Looping....
DEBUG:root:This is the line: drive:67.143:-5.357

DEBUG:root:We got command: drive
DEBUG:root:We got a drive command: rawX:-5.357000 and rawY:67.143000
DEBUG:root:Forward to the Left/Straight
DEBUG:root:Left=-72.500000 Right=67.143000
DEBUG:root:ScaledLeft: 211.875000 ScaledRight: 526.071750
INFO:root:Looping....
DEBUG:root:This is the line: drive:13.714:16.369

DEBUG:root:We got command: drive
DEBUG:root:We got a drive command: rawX:16.369000 and rawY:13.714000
DEBUG:root:Forward to the Right
DEBUG:root:Left=-13.714000 Right=-2.655000
DEBUG:root:ScaledLeft: 344.143500 ScaledRight: 369.026250
INFO:root:Looping....
DEBUG:root:This is the line: drive:67.143:-5.357

DEBUG:root:We got command: drive
DEBUG:root:We got a drive command: rawX:-5.357000 and rawY:67.143000
DEBUG:root:Forward to the Left/Straight
DEBUG:root:Left=-72.500000 Right=67.143000
DEBUG:root:ScaledLeft: 211.875000 ScaledRight: 526.071750
INFO:root:Looping....
DEBUG:root:This is the line: drive:13.714:16.369

DEBUG:root:We got command: drive
DEBUG:root:We got a drive command: rawX:16.369000 and rawY:13.714000
DEBUG:root:Forward to the Right
DEBUG:root:Left=-13.714000 Right=-2.655000
DEBUG:root:ScaledLeft: 344.143500 ScaledRight: 369.026250
INFO:root:Looping....
DEBUG:root:This is the line: drive:67.143:-5.357

DEBUG:root:We got command: drive
DEBUG:root:We got a drive command: rawX:-5.357000 and rawY:67.143000
DEBUG:root:Forward to the Left/Straight
DEBUG:root:Left=-72.500000 Right=67.143000
DEBUG:root:ScaledLeft: 211.875000 ScaledRight: 526.071750
INFO:root:Looping....
DEBUG:root:This is the line: drive:13.714:16.369

DEBUG:root:We got command: drive
DEBUG:root:We got a drive command: rawX:16.369000 and rawY:13.714000
DEBUG:root:Forward to the Right
DEBUG:root:Left=-13.714000 Right=-2.655000
DEBUG:root:ScaledLeft: 344.143500 ScaledRight: 369.026250
INFO:root:Looping....
DEBUG:root:This is the line: drive:67.143:-5.357

DEBUG:root:We got command: drive
DEBUG:root:We got a drive command: rawX:-5.357000 and rawY:67.143000
DEBUG:root:Forward to the Left/Straight
DEBUG:root:Left=-72.500000 Right=67.143000
DEBUG:root:ScaledLeft: 211.875000 ScaledRight: 526.071750
INFO:root:Looping....
DEBUG:root:This is the line: drive:13.714:16.369

DEBUG:root:We got command: drive
DEBUG:root:We got a drive command: rawX:16.369000 and rawY:13.714000
DEBUG:root:Forward to the Right
DEBUG:root:Left=-13.714000 Right=-2.655000
DEBUG:root:ScaledLeft: 344.143500 ScaledRight: 369.026250
INFO:root:Looping....
DEBUG:root:This is the line: drive:67.143:-5.357

DEBUG:root:We got command: drive
DEBUG:root:We got a drive command: rawX:-5.357000 and rawY:67.143000
DEBUG:root:Forward to the Left/Straight
DEBUG:root:Left=-72.500000 Right=67.143000
DEBUG:root:ScaledLeft: 211.875000 ScaledRight: 526.071750
INFO:root:Looping....
DEBUG:root:This is the line: drive:13.714:16.369

DEBUG:root:We got command: drive
DEBUG:root:We got a drive command: rawX:16.369000 and rawY:13.714000
DEBUG:root:Forward to the Right
DEBUG:root:Left=-13.714000 Right=-2.655000
DEBUG:root:ScaledLeft: 344.143500 ScaledRight: 369.026250
INFO:root:Looping....
DEBUG:root:This is the line: drive:67.143:-5.357

DEBUG:root:We got command: drive
DEBUG:root:We got a drive command: rawX:-5.357000 and rawY:67.143000
DEBUG:root:Forward to the Left/Straight
DEBUG:root:Left=-72.500000 Right=67.143000
DEBUG:root:ScaledLeft: 211.875000 ScaledRight: 526.071750
INFO:root:Looping....
DEBUG:root:This is the line: drive:13.714:16.369

DEBUG:root:We got command: drive
DEBUG:root:We got a drive command: rawX:16.369000 and rawY:13.714000
DEBUG:root:Forward to the Right
DEBUG:root:Left=-13.714000 Right=-2.655000
DEBUG:root:ScaledLeft: 344.143500 ScaledRight: 369.026250
INFO:root:Looping....
DEBUG:root:This is the line: drive:67.143:-5.357

DEBUG:root:We got command: drive
DEBUG:root:We got a drive command: rawX:-5.357000 and rawY:67.143000
DEBUG:root:Forward to the Left/Straight
DEBUG:root:Left=-72.500000 Right=67.143000
DEBUG:root:ScaledLeft: 211.875000 ScaledRight: 526.071750
INFO:root:Looping....
DEBUG:root:This is the line: drive:13.714:16.369

DEBUG:root:We got command: drive
DEBUG:root:We got a drive command: rawX:16.369000 and rawY:13.714000
DEBUG:root:Forward to the Right
DEBUG:root:Left=-13.714000 Right=-2.655000
DEBUG:root:ScaledLeft: 344.143500 ScaledRight: 369.026250
INFO:root:Looping....
DEBUG:root:This is the line: drive:67.143:-5.357

DEBUG:root:We got command: drive
DEBUG:root:We got a drive command: rawX:-5.357000 and rawY:67.143000
DEBUG:root:Forward to the Left/Straight
DEBUG:root:Left=-72.500000 Right=67.143000
DEBUG:root:ScaledLeft: 211.875000 ScaledRight: 526.071750
INFO:root:Looping....
DEBUG:root:This is the line: drive:13.714:16.369

DEBUG:root:We got command: drive
DEBUG:root:We got a drive command: rawX:16.369000 and rawY:13.714000
DEBUG:root:Forward to the Right
DEBUG:root:Left=-13.714000 Right=-2.655000
DEBUG:root:ScaledLeft: 344.143500 ScaledRight: 369.026250
INFO:root:Looping....
DEBUG:root:This is the line: drive:67.143:-5.357

DEBUG:root:We got command: drive
DEBUG:root:We got a drive command: rawX:-5.357000 and rawY:67.143000
DEBUG:root:Forward to the Left/Straight
DEBUG:root:Left=-72.500000 Right=67.143000
DEBUG:root:ScaledLeft: 211.875000 ScaledRight: 526.071750
INFO:root:Looping....
DEBUG:root:This is the line: drive:13.714:16.369

DEBUG:root:We got command: drive
DEBUG:root:We got a drive command: rawX:16.369000 and rawY:13.714000
DEBUG:root:Forward to the Right
DEBUG:root:Left=-13.714000 Right=-2.655000
DEBUG:root:ScaledLeft: 344.143500 ScaledRight: 369.026250
INFO:root:Looping....
DEBUG:root:This is the line: drive:67.143:-5.357

DEBUG:root:We got command: drive
DEBUG:root:We got a drive command: rawX:-5.357000 and rawY:67.143000
DEBUG:root:Forward to the Left/Straight
DEBUG:root:Left=-72.500000 Right=67.143000
DEBUG:root:ScaledLeft: 211.875000 ScaledRight: 526.071750
INFO:root:Looping....
DEBUG:root:This is the line: drive:13.714:16.369

DEBUG:root:We got command: drive
DEBUG:root:We got a drive command: rawX:16.369000 and rawY:13.714000
DEBUG:root:Forward to the Right
DEBUG:root:Left=-13.714000 Right=-2.655000
DEBUG:root:ScaledLeft: 344.143500 ScaledRight: 369.026250
INFO:root:Looping....
DEBUG:root:This is the line: drive:67.143:-5.357

DEBUG:root:We got command: drive
DEBUG:root:We got a drive command: rawX:-5.357000 and rawY:67.143000
DEBUG:root:Forward to the Left/Straight
DEBUG:root:Left=-72.500000 Right=67.143000
DEBUG:root:ScaledLeft: 211.875000 ScaledRight: 526.071750
INFO:root:Looping....
DEBUG:root:This is the line: drive:13.714:16.369

DEBUG:root:We got command: drive
DEBUG:root:We got a drive command: rawX:16.369000 and rawY:13.714000
DEBUG:root:Forward to the Right
DEBUG:root:Left=-13.714000 Right=-2.655000
DEBUG:root:ScaledLeft: 344.143500 ScaledRight: 369.026250
INFO:root:Looping....
DEBUG:root:This is the line: drive:67.143:-5.357

DEBUG:root:We got command: drive
DEBUG:root:We got a drive command: rawX:-5.357000 and rawY:67.143000
DEBUG:root:Forward to the Left/Straight
DEBUG:root:Left=-72.500000 Right=67.143000
DEBUG:root:ScaledLeft: 211.875000 ScaledRight: 526.071750
INFO:root:Looping....
DEBUG:root:This is the line: drive:67.143:-5.357

DEBUG:root:We got command: drive
DEBUG:root:We got a drive command: rawX:-5.357000 and rawY:67.143000
DEBUG:root:Forward to the Left/Straight
DEBUG:root:Left=-72.500000 Right=67.143000
DEBUG:root:ScaledLeft: 211.875000 ScaledRight: 526.071750
INFO:root:Looping....
DEBUG:root:This is the line: drive:13.714:16.369

DEBUG:root:We got command: drive
DEBUG:root:We got a drive command: rawX:16.369000 and rawY:13.714000
DEBUG:root:Forward to the Right
DEBUG:root:Left=-13.714000 Right=-2.655000
DEBUG:root:ScaledLeft: 344.143500 ScaledRight: 369.026250
INFO:root:Looping....
DEBUG:root:This is the line: drive:67.143:-5.357

DEBUG:root:We got command: drive
DEBUG:root:We got a drive command: rawX:-5.357000 and rawY:67.143000
DEBUG:root:Forward to the Left/Straight
DEBUG:root:Left=-72.500000 Right=67.143000
DEBUG:root:ScaledLeft: 211.875000 ScaledRight: 526.071750
INFO:root:Looping....
DEBUG:root:This is the line: drive:13.714:16.369

DEBUG:root:We got command: drive
DEBUG:root:We got a drive command: rawX:16.369000 and rawY:13.714000
DEBUG:root:Forward to the Right
DEBUG:root:Left=-13.714000 Right=-2.655000
DEBUG:root:ScaledLeft: 344.143500 ScaledRight: 369.026250
INFO:root:Looping....
DEBUG:root:This is the line: drive:13.714:16.369

DEBUG:root:We got command: drive
DEBUG:root:We got a drive command: rawX:16.369000 and rawY:13.714000
DEBUG:root:Forward to the Right
DEBUG:root:Left=-13.714000 Right=-2.655000
DEBUG:root:ScaledLeft: 344.143500 ScaledRight: 369.026250
INFO:root:Looping....
DEBUG:root:This is the line: drive:67.143:-5.357

DEBUG:root:We got command: drive
DEBUG:root:We got a drive command: rawX:-5.357000 and rawY:67.143000
DEBUG:root:Forward to the Left/Straight
DEBUG:root:Left=-72.500000 Right=67.143000
DEBUG:root:ScaledLeft: 211.875000 ScaledRight: 526.071750
INFO:root:Looping....
DEBUG:root:This is the line: drive:13.714:16.369

DEBUG:root:We got command: drive
DEBUG:root:We got a drive command: rawX:16.369000 and rawY:13.714000
DEBUG:root:Forward to the Right
DEBUG:root:Left=-13.714000 Right=-2.655000
DEBUG:root:ScaledLeft: 344.143500 ScaledRight: 369.026250
INFO:root:Looping....
DEBUG:root:This is the line: drive:67.143:-5.357

DEBUG:root:We got command: drive
DEBUG:root:We got a drive command: rawX:-5.357000 and rawY:67.143000
DEBUG:root:Forward to the Left/Straight
DEBUG:root:Left=-72.500000 Right=67.143000
DEBUG:root:ScaledLeft: 211.875000 ScaledRight: 526.071750
INFO:root:Looping....
DEBUG:root:This is the line: drive:13.714:16.369

DEBUG:root:We got command: drive
DEBUG:root:We got a drive command: rawX:16.369000 and rawY:13.714000
DEBUG:root:Forward to the Right
DEBUG:root:Left=-13.714000 Right=-2.655000
DEBUG:root:ScaledLeft: 344.143500 ScaledRight: 369.026250
INFO:root:Looping....
DEBUG:root:This is the line: drive:67.143:-5.357

DEBUG:root:We got command: drive
DEBUG:root:We got a drive command: rawX:-5.357000 and rawY:67.143000
DEBUG:root:Forward to the Left/Straight
DEBUG:root:Left=-72.500000 Right=67.143000
DEBUG:root:ScaledLeft: 211.875000 ScaledRight: 526.071750
INFO:root:Looping....
DEBUG:root:This is the line: drive:13.714:16.369

DEBUG:root:We got command: drive
DEBUG:root:We got a drive command: rawX:16.369000 and rawY:13.714000
DEBUG:root:Forward to the Right
DEBUG:root:Left=-13.714000 Right=-2.655000
DEBUG:root:ScaledLeft: 344.143500 ScaledRight: 369.026250
INFO:root:Looping....
DEBUG:root:This is the line: drive:67.143:-5.357

DEBUG:root:We got command: drive
DEBUG:root:We got a drive command: rawX:-5.357000 and rawY:67.143000
DEBUG:root:Forward to the Left/Straight
DEBUG:root:Left=-72.500000 Right=67.143000
DEBUG:root:ScaledLeft: 211.875000 ScaledRight: 526.071750
INFO:root:Looping....
DEBUG:root:This is the line: drive:13.714:16.369

DEBUG:root:We got command: drive
DEBUG:root:We got a drive command: rawX:16.369000 and rawY:13.714000
DEBUG:root:Forward to the Right
DEBUG:root:Left=-13.714000 Right=-2.655000
DEBUG:root:ScaledLeft: 344.143500 ScaledRight: 369.026250
INFO:root:Looping....
DEBUG:root:This is the line: drive:13.714:16.369

DEBUG:root:We got command: drive
DEBUG:root:We got a drive command: rawX:16.369000 and rawY:13.714000
DEBUG:root:Forward to the Right
DEBUG:root:Left=-13.714000 Right=-2.655000
DEBUG:root:ScaledLeft: 344.143500 ScaledRight: 369.026250
INFO:root:Looping....
DEBUG:root:This is the line: drive:67.143:-5.357

DEBUG:root:We got command: drive
DEBUG:root:We got a drive command: rawX:-5.357000 and rawY:67.143000
DEBUG:root:Forward to the Left/Straight
DEBUG:root:Left=-72.500000 Right=67.143000
DEBUG:root:ScaledLeft: 211.875000 ScaledRight: 526.071750
INFO:root:Looping....
DEBUG:root:This is the line: drive:13.714:16.369

DEBUG:root:We got command: drive
DEBUG:root:We got a drive command: rawX:16.369000 and rawY:13.714000
DEBUG:root:Forward to the Right
DEBUG:root:Left=-13.714000 Right=-2.655000
DEBUG:root:ScaledLeft: 344.143500 ScaledRight: 369.026250
INFO:root:Looping....
DEBUG:root:This is the line: drive:67.143:-5.357

DEBUG:root:We got command: drive
DEBUG:root:We got a drive command: rawX:-5.357000 and rawY:67.143000
DEBUG:root:Forward to the Left/Straight
DEBUG:root:Left=-72.500000 Right=67.143000
DEBUG:root:ScaledLeft: 211.875000 ScaledRight: 526.071750
INFO:root:Looping....
DEBUG:root:This is the line: drive:13.714:16.369

DEBUG:root:We got command: drive
DEBUG:root:We got a drive command: rawX:16.369000 and rawY:13.714000
DEBUG:root:Forward to the Right
DEBUG:root:Left=-13.714000 Right=-2.655000
DEBUG:root:ScaledLeft: 344.143500 ScaledRight: 369.026250
INFO:root:Looping....
DEBUG:root:This is the line: drive:13.714:13.095

DEBUG:root:We got command: drive
DEBUG:root:We got a drive command: rawX:13.095000 and rawY:13.714000
DEBUG:root:Forward to the Right
DEBUG:root:Left=-13.714000 Right=0.619000
DEBUG:root:ScaledLeft: 344.143500 ScaledRight: 376.392750
INFO:root:Looping....
DEBUG:root:This is the line: drive:13.714:13.095

DEBUG:root:We got command: drive
DEBUG:root:We got a drive command: rawX:13.095000 and rawY:13.714000
DEBUG:root:Forward to the Right
DEBUG:root:Left=-13.714000 Right=0.619000
DEBUG:root:ScaledLeft: 344.143500 ScaledRight: 376.392750
INFO:root:Looping....
DEBUG:root:This is the line: drive:67.143:-5.357

DEBUG:root:We got command: drive
DEBUG:root:We got a drive command: rawX:-5.357000 and rawY:67.143000
DEBUG:root:Forward to the Left/Straight
DEBUG:root:Left=-72.500000 Right=67.143000
DEBUG:root:ScaledLeft: 211.875000 ScaledRight: 526.071750
INFO:root:Looping....
DEBUG:root:This is the line: drive:13.714:13.095

DEBUG:root:We got command: drive
DEBUG:root:We got a drive command: rawX:13.095000 and rawY:13.714000
DEBUG:root:Forward to the Right
DEBUG:root:Left=-13.714000 Right=0.619000
DEBUG:root:ScaledLeft: 344.143500 ScaledRight: 376.392750
INFO:root:Looping....
DEBUG:root:This is the line: drive:13.714:13.095

DEBUG:root:We got command: drive
DEBUG:root:We got a drive command: rawX:13.095000 and rawY:13.714000
DEBUG:root:Forward to the Right
DEBUG:root:Left=-13.714000 Right=0.619000
DEBUG:root:ScaledLeft: 344.143500 ScaledRight: 376.392750
INFO:root:Looping....
DEBUG:root:This is the line: drive:67.143:-5.357

DEBUG:root:We got command: drive
DEBUG:root:We got a drive command: rawX:-5.357000 and rawY:67.143000
DEBUG:root:Forward to the Left/Straight
DEBUG:root:Left=-72.500000 Right=67.143000
DEBUG:root:ScaledLeft: 211.875000 ScaledRight: 526.071750
INFO:root:Looping....
DEBUG:root:This is the line: drive:13.714:13.095

DEBUG:root:We got command: drive
DEBUG:root:We got a drive command: rawX:13.095000 and rawY:13.714000
DEBUG:root:Forward to the Right
DEBUG:root:Left=-13.714000 Right=0.619000
DEBUG:root:ScaledLeft: 344.143500 ScaledRight: 376.392750
INFO:root:Looping....
DEBUG:root:This is the line: drive:13.714:13.095

DEBUG:root:We got command: drive
DEBUG:root:We got a drive command: rawX:13.095000 and rawY:13.714000
DEBUG:root:Forward to the Right
DEBUG:root:Left=-13.714000 Right=0.619000
DEBUG:root:ScaledLeft: 344.143500 ScaledRight: 376.392750
INFO:root:Looping....
DEBUG:root:This is the line: drive:13.714:13.095

DEBUG:root:We got command: drive
DEBUG:root:We got a drive command: rawX:13.095000 and rawY:13.714000
DEBUG:root:Forward to the Right
DEBUG:root:Left=-13.714000 Right=0.619000
DEBUG:root:ScaledLeft: 344.143500 ScaledRight: 376.392750
INFO:root:Looping....
DEBUG:root:This is the line: drive:67.143:-5.357

DEBUG:root:We got command: drive
DEBUG:root:We got a drive command: rawX:-5.357000 and rawY:67.143000
DEBUG:root:Forward to the Left/Straight
DEBUG:root:Left=-72.500000 Right=67.143000
DEBUG:root:ScaledLeft: 211.875000 ScaledRight: 526.071750
INFO:root:Looping....
DEBUG:root:This is the line: drive:13.714:13.095

DEBUG:root:We got command: drive
DEBUG:root:We got a drive command: rawX:13.095000 and rawY:13.714000
DEBUG:root:Forward to the Right
DEBUG:root:Left=-13.714000 Right=0.619000
DEBUG:root:ScaledLeft: 344.143500 ScaledRight: 376.392750
INFO:root:Looping....
DEBUG:root:This is the line: drive:67.143:-5.357

DEBUG:root:We got command: drive
DEBUG:root:We got a drive command: rawX:-5.357000 and rawY:67.143000
DEBUG:root:Forward to the Left/Straight
DEBUG:root:Left=-72.500000 Right=67.143000
DEBUG:root:ScaledLeft: 211.875000 ScaledRight: 526.071750
INFO:root:Looping....
DEBUG:root:This is the line: drive:13.714:13.095

DEBUG:root:We got command: drive
DEBUG:root:We got a drive command: rawX:13.095000 and rawY:13.714000
DEBUG:root:Forward to the Right
DEBUG:root:Left=-13.714000 Right=0.619000
DEBUG:root:ScaledLeft: 344.143500 ScaledRight: 376.392750
INFO:root:Looping....
DEBUG:root:This is the line: drive:13.714:13.095

DEBUG:root:We got command: drive
DEBUG:root:We got a drive command: rawX:13.095000 and rawY:13.714000
DEBUG:root:Forward to the Right
DEBUG:root:Left=-13.714000 Right=0.619000
DEBUG:root:ScaledLeft: 344.143500 ScaledRight: 376.392750
INFO:root:Looping....
DEBUG:root:This is the line: drive:13.714:13.095

DEBUG:root:We got command: drive
DEBUG:root:We got a drive command: rawX:13.095000 and rawY:13.714000
DEBUG:root:Forward to the Right
DEBUG:root:Left=-13.714000 Right=0.619000
DEBUG:root:ScaledLeft: 344.143500 ScaledRight: 376.392750
INFO:root:Looping....
DEBUG:root:This is the line: drive:67.143:-5.357

DEBUG:root:We got command: drive
DEBUG:root:We got a drive command: rawX:-5.357000 and rawY:67.143000
DEBUG:root:Forward to the Left/Straight
DEBUG:root:Left=-72.500000 Right=67.143000
DEBUG:root:ScaledLeft: 211.875000 ScaledRight: 526.071750
INFO:root:Looping....
DEBUG:root:This is the line: drive:13.714:13.095

DEBUG:root:We got command: drive
DEBUG:root:We got a drive command: rawX:13.095000 and rawY:13.714000
DEBUG:root:Forward to the Right
DEBUG:root:Left=-13.714000 Right=0.619000
DEBUG:root:ScaledLeft: 344.143500 ScaledRight: 376.392750
INFO:root:Looping....
DEBUG:root:This is the line: drive:13.714:13.095

DEBUG:root:We got command: drive
DEBUG:root:We got a drive command: rawX:13.095000 and rawY:13.714000
DEBUG:root:Forward to the Right
DEBUG:root:Left=-13.714000 Right=0.619000
DEBUG:root:ScaledLeft: 344.143500 ScaledRight: 376.392750
INFO:root:Looping....
DEBUG:root:This is the line: drive:13.714:13.095

DEBUG:root:We got command: drive
DEBUG:root:We got a drive command: rawX:13.095000 and rawY:13.714000
DEBUG:root:Forward to the Right
DEBUG:root:Left=-13.714000 Right=0.619000
DEBUG:root:ScaledLeft: 344.143500 ScaledRight: 376.392750
INFO:root:Looping....
DEBUG:root:This is the line: drive:67.143:-5.357

DEBUG:root:We got command: drive
DEBUG:root:We got a drive command: rawX:-5.357000 and rawY:67.143000
DEBUG:root:Forward to the Left/Straight
DEBUG:root:Left=-72.500000 Right=67.143000
DEBUG:root:ScaledLeft: 211.875000 ScaledRight: 526.071750
INFO:root:Looping....
DEBUG:root:This is the line: drive:67.143:-5.357

DEBUG:root:We got command: drive
DEBUG:root:We got a drive command: rawX:-5.357000 and rawY:67.143000
DEBUG:root:Forward to the Left/Straight
DEBUG:root:Left=-72.500000 Right=67.143000
DEBUG:root:ScaledLeft: 211.875000 ScaledRight: 526.071750
INFO:root:Looping....
DEBUG:root:This is the line: drive:13.714:13.095

DEBUG:root:We got command: drive
DEBUG:root:We got a drive command: rawX:13.095000 and rawY:13.714000
DEBUG:root:Forward to the Right
DEBUG:root:Left=-13.714000 Right=0.619000
DEBUG:root:ScaledLeft: 344.143500 ScaledRight: 376.392750
INFO:root:Looping....
DEBUG:root:This is the line: drive:13.714:13.095

DEBUG:root:We got command: drive
DEBUG:root:We got a drive command: rawX:13.095000 and rawY:13.714000
DEBUG:root:Forward to the Right
DEBUG:root:Left=-13.714000 Right=0.619000
DEBUG:root:ScaledLeft: 344.143500 ScaledRight: 376.392750
INFO:root:Looping....
DEBUG:root:This is the line: drive:13.714:13.095

DEBUG:root:We got command: drive
DEBUG:root:We got a drive command: rawX:13.095000 and rawY:13.714000
DEBUG:root:Forward to the Right
DEBUG:root:Left=-13.714000 Right=0.619000
DEBUG:root:ScaledLeft: 344.143500 ScaledRight: 376.392750
INFO:root:Looping....
DEBUG:root:This is the line: drive:13.714:13.095

DEBUG:root:We got command: drive
DEBUG:root:We got a drive command: rawX:13.095000 and rawY:13.714000
DEBUG:root:Forward to the Right
DEBUG:root:Left=-13.714000 Right=0.619000
DEBUG:root:ScaledLeft: 344.143500 ScaledRight: 376.392750
INFO:root:Looping....
DEBUG:root:This is the line: drive:67.143:-5.357

DEBUG:root:We got command: drive
DEBUG:root:We got a drive command: rawX:-5.357000 and rawY:67.143000
DEBUG:root:Forward to the Left/Straight
DEBUG:root:Left=-72.500000 Right=67.143000
DEBUG:root:ScaledLeft: 211.875000 ScaledRight: 526.071750
INFO:root:Looping....
DEBUG:root:This is the line: drive:13.714:13.095

DEBUG:root:We got command: drive
DEBUG:root:We got a drive command: rawX:13.095000 and rawY:13.714000
DEBUG:root:Forward to the Right
DEBUG:root:Left=-13.714000 Right=0.619000
DEBUG:root:ScaledLeft: 344.143500 ScaledRight: 376.392750
INFO:root:Looping....
DEBUG:root:This is the line: drive:13.714:13.095

DEBUG:root:We got command: drive
DEBUG:root:We got a drive command: rawX:13.095000 and rawY:13.714000
DEBUG:root:Forward to the Right
DEBUG:root:Left=-13.714000 Right=0.619000
DEBUG:root:ScaledLeft: 344.143500 ScaledRight: 376.392750
INFO:root:Looping....
DEBUG:root:This is the line: drive:67.143:-5.357

DEBUG:root:We got command: drive
DEBUG:root:We got a drive command: rawX:-5.357000 and rawY:67.143000
DEBUG:root:Forward to the Left/Straight
DEBUG:root:Left=-72.500000 Right=67.143000
DEBUG:root:ScaledLeft: 211.875000 ScaledRight: 526.071750
INFO:root:Looping....
DEBUG:root:This is the line: drive:13.714:13.095

DEBUG:root:We got command: drive
DEBUG:root:We got a drive command: rawX:13.095000 and rawY:13.714000
DEBUG:root:Forward to the Right
DEBUG:root:Left=-13.714000 Right=0.619000
DEBUG:root:ScaledLeft: 344.143500 ScaledRight: 376.392750
INFO:root:Looping....
DEBUG:root:This is the line: drive:67.143:-5.357

DEBUG:root:We got command: drive
DEBUG:root:We got a drive command: rawX:-5.357000 and rawY:67.143000
DEBUG:root:Forward to the Left/Straight
DEBUG:root:Left=-72.500000 Right=67.143000
DEBUG:root:ScaledLeft: 211.875000 ScaledRight: 526.071750
INFO:root:Looping....
DEBUG:root:This is the line: drive:13.714:13.095

DEBUG:root:We got command: drive
DEBUG:root:We got a drive command: rawX:13.095000 and rawY:13.714000
DEBUG:root:Forward to the Right
DEBUG:root:Left=-13.714000 Right=0.619000
DEBUG:root:ScaledLeft: 344.143500 ScaledRight: 376.392750
INFO:root:Looping....
DEBUG:root:This is the line: drive:13.714:13.095

DEBUG:root:We got command: drive
DEBUG:root:We got a drive command: rawX:13.095000 and rawY:13.714000
DEBUG:root:Forward to the Right
DEBUG:root:Left=-13.714000 Right=0.619000
DEBUG:root:ScaledLeft: 344.143500 ScaledRight: 376.392750
INFO:root:Looping....
DEBUG:root:This is the line: drive:13.714:13.095

DEBUG:root:We got command: drive
DEBUG:root:We got a drive command: rawX:13.095000 and rawY:13.714000
DEBUG:root:Forward to the Right
DEBUG:root:Left=-13.714000 Right=0.619000
DEBUG:root:ScaledLeft: 344.143500 ScaledRight: 376.392750
INFO:root:Looping....
DEBUG:root:This is the line: drive:67.143:-5.357

DEBUG:root:We got command: drive
DEBUG:root:We got a drive command: rawX:-5.357000 and rawY:67.143000
DEBUG:root:Forward to the Left/Straight
DEBUG:root:Left=-72.500000 Right=67.143000
DEBUG:root:ScaledLeft: 211.875000 ScaledRight: 526.071750
INFO:root:Looping....
DEBUG:root:This is the line: drive:13.714:13.095

DEBUG:root:We got command: drive
DEBUG:root:We got a drive command: rawX:13.095000 and rawY:13.714000
DEBUG:root:Forward to the Right
DEBUG:root:Left=-13.714000 Right=0.619000
DEBUG:root:ScaledLeft: 344.143500 ScaledRight: 376.392750
INFO:root:Looping....
DEBUG:root:This is the line: drive:13.714:13.095

DEBUG:root:We got command: drive
DEBUG:root:We got a drive command: rawX:13.095000 and rawY:13.714000
DEBUG:root:Forward to the Right
DEBUG:root:Left=-13.714000 Right=0.619000
DEBUG:root:ScaledLeft: 344.143500 ScaledRight: 376.392750
INFO:root:Looping....
DEBUG:root:This is the line: drive:67.143:-5.357

DEBUG:root:We got command: drive
DEBUG:root:We got a drive command: rawX:-5.357000 and rawY:67.143000
DEBUG:root:Forward to the Left/Straight
DEBUG:root:Left=-72.500000 Right=67.143000
DEBUG:root:ScaledLeft: 211.875000 ScaledRight: 526.071750
INFO:root:Looping....
DEBUG:root:This is the line: drive:13.714:13.095

DEBUG:root:We got command: drive
DEBUG:root:We got a drive command: rawX:13.095000 and rawY:13.714000
DEBUG:root:Forward to the Right
DEBUG:root:Left=-13.714000 Right=0.619000
DEBUG:root:ScaledLeft: 344.143500 ScaledRight: 376.392750
INFO:root:Looping....
DEBUG:root:This is the line: drive:67.143:-5.357

DEBUG:root:We got command: drive
DEBUG:root:We got a drive command: rawX:-5.357000 and rawY:67.143000
DEBUG:root:Forward to the Left/Straight
DEBUG:root:Left=-72.500000 Right=67.143000
DEBUG:root:ScaledLeft: 211.875000 ScaledRight: 526.071750
INFO:root:Looping....
DEBUG:root:This is the line: drive:13.714:13.095

DEBUG:root:We got command: drive
DEBUG:root:We got a drive command: rawX:13.095000 and rawY:13.714000
DEBUG:root:Forward to the Right
DEBUG:root:Left=-13.714000 Right=0.619000
DEBUG:root:ScaledLeft: 344.143500 ScaledRight: 376.392750
INFO:root:Looping....
DEBUG:root:This is the line: drive:13.714:13.095

DEBUG:root:We got command: drive
DEBUG:root:We got a drive command: rawX:13.095000 and rawY:13.714000
DEBUG:root:Forward to the Right
DEBUG:root:Left=-13.714000 Right=0.619000
DEBUG:root:ScaledLeft: 344.143500 ScaledRight: 376.392750
INFO:root:Looping....
DEBUG:root:This is the line: drive:13.714:13.095

DEBUG:root:We got command: drive
DEBUG:root:We got a drive command: rawX:13.095000 and rawY:13.714000
DEBUG:root:Forward to the Right
DEBUG:root:Left=-13.714000 Right=0.619000
DEBUG:root:ScaledLeft: 344.143500 ScaledRight: 376.392750
INFO:root:Looping....
DEBUG:root:This is the line: drive:67.143:-5.357

DEBUG:root:We got command: drive
DEBUG:root:We got a drive command: rawX:-5.357000 and rawY:67.143000
DEBUG:root:Forward to the Left/Straight
DEBUG:root:Left=-72.500000 Right=67.143000
DEBUG:root:ScaledLeft: 211.875000 ScaledRight: 526.071750
INFO:root:Looping....
DEBUG:root:This is the line: drive:13.714:13.095

DEBUG:root:We got command: drive
DEBUG:root:We got a drive command: rawX:13.095000 and rawY:13.714000
DEBUG:root:Forward to the Right
DEBUG:root:Left=-13.714000 Right=0.619000
DEBUG:root:ScaledLeft: 344.143500 ScaledRight: 376.392750
INFO:root:Looping....
DEBUG:root:This is the line: drive:13.714:13.095

DEBUG:root:We got command: drive
DEBUG:root:We got a drive command: rawX:13.095000 and rawY:13.714000
DEBUG:root:Forward to the Right
DEBUG:root:Left=-13.714000 Right=0.619000
DEBUG:root:ScaledLeft: 344.143500 ScaledRight: 376.392750
INFO:root:Looping....
DEBUG:root:This is the line: drive:67.143:-5.357

DEBUG:root:We got command: drive
DEBUG:root:We got a drive command: rawX:-5.357000 and rawY:67.143000
DEBUG:root:Forward to the Left/Straight
DEBUG:root:Left=-72.500000 Right=67.143000
DEBUG:root:ScaledLeft: 211.875000 ScaledRight: 526.071750
INFO:root:Looping....
DEBUG:root:This is the line: drive:13.714:13.095

DEBUG:root:We got command: drive
DEBUG:root:We got a drive command: rawX:13.095000 and rawY:13.714000
DEBUG:root:Forward to the Right
DEBUG:root:Left=-13.714000 Right=0.619000
DEBUG:root:ScaledLeft: 344.143500 ScaledRight: 376.392750
INFO:root:Looping....
DEBUG:root:This is the line: drive:13.714:13.095

DEBUG:root:We got command: drive
DEBUG:root:We got a drive command: rawX:13.095000 and rawY:13.714000
DEBUG:root:Forward to the Right
DEBUG:root:Left=-13.714000 Right=0.619000
DEBUG:root:ScaledLeft: 344.143500 ScaledRight: 376.392750
INFO:root:Looping....
DEBUG:root:This is the line: drive:67.143:-5.357

DEBUG:root:We got command: drive
DEBUG:root:We got a drive command: rawX:-5.357000 and rawY:67.143000
DEBUG:root:Forward to the Left/Straight
DEBUG:root:Left=-72.500000 Right=67.143000
DEBUG:root:ScaledLeft: 211.875000 ScaledRight: 526.071750
INFO:root:Looping....
DEBUG:root:This is the line: drive:13.714:13.095

DEBUG:root:We got command: drive
DEBUG:root:We got a drive command: rawX:13.095000 and rawY:13.714000
DEBUG:root:Forward to the Right
DEBUG:root:Left=-13.714000 Right=0.619000
DEBUG:root:ScaledLeft: 344.143500 ScaledRight: 376.392750
INFO:root:Looping....
DEBUG:root:This is the line: drive:13.714:13.095

DEBUG:root:We got command: drive
DEBUG:root:We got a drive command: rawX:13.095000 and rawY:13.714000
DEBUG:root:Forward to the Right
DEBUG:root:Left=-13.714000 Right=0.619000
DEBUG:root:ScaledLeft: 344.143500 ScaledRight: 376.392750
INFO:root:Looping....
DEBUG:root:This is the line: drive:67.143:-5.357

DEBUG:root:We got command: drive
DEBUG:root:We got a drive command: rawX:-5.357000 and rawY:67.143000
DEBUG:root:Forward to the Left/Straight
DEBUG:root:Left=-72.500000 Right=67.143000
DEBUG:root:ScaledLeft: 211.875000 ScaledRight: 526.071750
INFO:root:Looping....
DEBUG:root:This is the line: drive:13.714:13.095

DEBUG:root:We got command: drive
DEBUG:root:We got a drive command: rawX:13.095000 and rawY:13.714000
DEBUG:root:Forward to the Right
DEBUG:root:Left=-13.714000 Right=0.619000
DEBUG:root:ScaledLeft: 344.143500 ScaledRight: 376.392750
INFO:root:Looping....
DEBUG:root:This is the line: drive:13.714:13.095

DEBUG:root:We got command: drive
DEBUG:root:We got a drive command: rawX:13.095000 and rawY:13.714000
DEBUG:root:Forward to the Right
DEBUG:root:Left=-13.714000 Right=0.619000
DEBUG:root:ScaledLeft: 344.143500 ScaledRight: 376.392750
INFO:root:Looping....
DEBUG:root:This is the line: drive:67.143:-5.357

DEBUG:root:We got command: drive
DEBUG:root:We got a drive command: rawX:-5.357000 and rawY:67.143000
DEBUG:root:Forward to the Left/Straight
DEBUG:root:Left=-72.500000 Right=67.143000
DEBUG:root:ScaledLeft: 211.875000 ScaledRight: 526.071750
INFO:root:Looping....
DEBUG:root:This is the line: drive:13.714:13.095

DEBUG:root:We got command: drive
DEBUG:root:We got a drive command: rawX:13.095000 and rawY:13.714000
DEBUG:root:Forward to the Right
DEBUG:root:Left=-13.714000 Right=0.619000
DEBUG:root:ScaledLeft: 344.143500 ScaledRight: 376.392750
INFO:root:Looping....
DEBUG:root:This is the line: drive:67.143:-5.357

DEBUG:root:We got command: drive
DEBUG:root:We got a drive command: rawX:-5.357000 and rawY:67.143000
DEBUG:root:Forward to the Left/Straight
DEBUG:root:Left=-72.500000 Right=67.143000
DEBUG:root:ScaledLeft: 211.875000 ScaledRight: 526.071750
INFO:root:Looping....
DEBUG:root:This is the line: drive:13.714:13.095

DEBUG:root:We got command: drive
DEBUG:root:We got a drive command: rawX:13.095000 and rawY:13.714000
DEBUG:root:Forward to the Right
DEBUG:root:Left=-13.714000 Right=0.619000
DEBUG:root:ScaledLeft: 344.143500 ScaledRight: 376.392750
INFO:root:Looping....
DEBUG:root:This is the line: drive:13.714:13.095

DEBUG:root:We got command: drive
DEBUG:root:We got a drive command: rawX:13.095000 and rawY:13.714000
DEBUG:root:Forward to the Right
DEBUG:root:Left=-13.714000 Right=0.619000
DEBUG:root:ScaledLeft: 344.143500 ScaledRight: 376.392750
INFO:root:Looping....
DEBUG:root:This is the line: drive:67.143:-5.357

DEBUG:root:We got command: drive
DEBUG:root:We got a drive command: rawX:-5.357000 and rawY:67.143000
DEBUG:root:Forward to the Left/Straight
DEBUG:root:Left=-72.500000 Right=67.143000
DEBUG:root:ScaledLeft: 211.875000 ScaledRight: 526.071750
INFO:root:Looping....
DEBUG:root:This is the line: drive:13.714:13.095

DEBUG:root:We got command: drive
DEBUG:root:We got a drive command: rawX:13.095000 and rawY:13.714000
DEBUG:root:Forward to the Right
DEBUG:root:Left=-13.714000 Right=0.619000
DEBUG:root:ScaledLeft: 344.143500 ScaledRight: 376.392750
INFO:root:Looping....
DEBUG:root:This is the line: drive:13.714:13.095

DEBUG:root:We got command: drive
DEBUG:root:We got a drive command: rawX:13.095000 and rawY:13.714000
DEBUG:root:Forward to the Right
DEBUG:root:Left=-13.714000 Right=0.619000
DEBUG:root:ScaledLeft: 344.143500 ScaledRight: 376.392750
INFO:root:Looping....
DEBUG:root:This is the line: drive:67.143:-5.357

DEBUG:root:We got command: drive
DEBUG:root:We got a drive command: rawX:-5.357000 and rawY:67.143000
DEBUG:root:Forward to the Left/Straight
DEBUG:root:Left=-72.500000 Right=67.143000
DEBUG:root:ScaledLeft: 211.875000 ScaledRight: 526.071750
INFO:root:Looping....
DEBUG:root:This is the line: drive:13.714:13.095

DEBUG:root:We got command: drive
DEBUG:root:We got a drive command: rawX:13.095000 and rawY:13.714000
DEBUG:root:Forward to the Right
DEBUG:root:Left=-13.714000 Right=0.619000
DEBUG:root:ScaledLeft: 344.143500 ScaledRight: 376.392750
INFO:root:Looping....
DEBUG:root:This is the line: drive:67.143:-5.357

DEBUG:root:We got command: drive
DEBUG:root:We got a drive command: rawX:-5.357000 and rawY:67.143000
DEBUG:root:Forward to the Left/Straight
DEBUG:root:Left=-72.500000 Right=67.143000
DEBUG:root:ScaledLeft: 211.875000 ScaledRight: 526.071750
INFO:root:Looping....
DEBUG:root:This is the line: drive:13.714:13.095

DEBUG:root:We got command: drive
DEBUG:root:We got a drive command: rawX:13.095000 and rawY:13.714000
DEBUG:root:Forward to the Right
DEBUG:root:Left=-13.714000 Right=0.619000
DEBUG:root:ScaledLeft: 344.143500 ScaledRight: 376.392750
INFO:root:Looping....
DEBUG:root:This is the line: drive:67.143:-5.357

DEBUG:root:We got command: drive
DEBUG:root:We got a drive command: rawX:-5.357000 and rawY:67.143000
DEBUG:root:Forward to the Left/Straight
DEBUG:root:Left=-72.500000 Right=67.143000
DEBUG:root:ScaledLeft: 211.875000 ScaledRight: 526.071750
INFO:root:Looping....
DEBUG:root:This is the line: drive:13.714:13.095

DEBUG:root:We got command: drive
DEBUG:root:We got a drive command: rawX:13.095000 and rawY:13.714000
DEBUG:root:Forward to the Right
DEBUG:root:Left=-13.714000 Right=0.619000
DEBUG:root:ScaledLeft: 344.143500 ScaledRight: 376.392750
INFO:root:Looping....
DEBUG:root:This is the line: drive:13.714:13.095

DEBUG:root:We got command: drive
DEBUG:root:We got a drive command: rawX:13.095000 and rawY:13.714000
DEBUG:root:Forward to the Right
DEBUG:root:Left=-13.714000 Right=0.619000
DEBUG:root:ScaledLeft: 344.143500 ScaledRight: 376.392750
INFO:root:Looping....
DEBUG:root:This is the line: drive:13.714:13.095

DEBUG:root:We got command: drive
DEBUG:root:We got a drive command: rawX:13.095000 and rawY:13.714000
DEBUG:root:Forward to the Right
DEBUG:root:Left=-13.714000 Right=0.619000
DEBUG:root:ScaledLeft: 344.143500 ScaledRight: 376.392750
INFO:root:Looping....
DEBUG:root:This is the line: drive:13.714:13.095

DEBUG:root:We got command: drive
DEBUG:root:We got a drive command: rawX:13.095000 and rawY:13.714000
DEBUG:root:Forward to the Right
DEBUG:root:Left=-13.714000 Right=0.619000
DEBUG:root:ScaledLeft: 344.143500 ScaledRight: 376.392750
INFO:root:Looping....
DEBUG:root:This is the line: drive:67.143:-5.357

DEBUG:root:We got command: drive
DEBUG:root:We got a drive command: rawX:-5.357000 and rawY:67.143000
DEBUG:root:Forward to the Left/Straight
DEBUG:root:Left=-72.500000 Right=67.143000
DEBUG:root:ScaledLeft: 211.875000 ScaledRight: 526.071750
INFO:root:Looping....
DEBUG:root:This is the line: drive:13.714:13.095

DEBUG:root:We got command: drive
DEBUG:root:We got a drive command: rawX:13.095000 and rawY:13.714000
DEBUG:root:Forward to the Right
DEBUG:root:Left=-13.714000 Right=0.619000
DEBUG:root:ScaledLeft: 344.143500 ScaledRight: 376.392750
INFO:root:Looping....
DEBUG:root:This is the line: drive:13.714:13.095

DEBUG:root:We got command: drive
DEBUG:root:We got a drive command: rawX:13.095000 and rawY:13.714000
DEBUG:root:Forward to the Right
DEBUG:root:Left=-13.714000 Right=0.619000
DEBUG:root:ScaledLeft: 344.143500 ScaledRight: 376.392750
INFO:root:Looping....
DEBUG:root:This is the line: drive:67.143:-5.357

DEBUG:root:We got command: drive
DEBUG:root:We got a drive command: rawX:-5.357000 and rawY:67.143000
DEBUG:root:Forward to the Left/Straight
DEBUG:root:Left=-72.500000 Right=67.143000
DEBUG:root:ScaledLeft: 211.875000 ScaledRight: 526.071750
INFO:root:Looping....
DEBUG:root:This is the line: drive:13.714:13.095

DEBUG:root:We got command: drive
DEBUG:root:We got a drive command: rawX:13.095000 and rawY:13.714000
DEBUG:root:Forward to the Right
DEBUG:root:Left=-13.714000 Right=0.619000
DEBUG:root:ScaledLeft: 344.143500 ScaledRight: 376.392750
INFO:root:Looping....
DEBUG:root:This is the line: drive:13.714:13.095

DEBUG:root:We got command: drive
DEBUG:root:We got a drive command: rawX:13.095000 and rawY:13.714000
DEBUG:root:Forward to the Right
DEBUG:root:Left=-13.714000 Right=0.619000
DEBUG:root:ScaledLeft: 344.143500 ScaledRight: 376.392750
INFO:root:Looping....
DEBUG:root:This is the line: drive:67.143:-5.357

DEBUG:root:We got command: drive
DEBUG:root:We got a drive command: rawX:-5.357000 and rawY:67.143000
DEBUG:root:Forward to the Left/Straight
DEBUG:root:Left=-72.500000 Right=67.143000
DEBUG:root:ScaledLeft: 211.875000 ScaledRight: 526.071750
INFO:root:Looping....
DEBUG:root:This is the line: drive:13.714:13.095

DEBUG:root:We got command: drive
DEBUG:root:We got a drive command: rawX:13.095000 and rawY:13.714000
DEBUG:root:Forward to the Right
DEBUG:root:Left=-13.714000 Right=0.619000
DEBUG:root:ScaledLeft: 344.143500 ScaledRight: 376.392750
INFO:root:Looping....
DEBUG:root:This is the line: drive:13.714:13.095

DEBUG:root:We got command: drive
DEBUG:root:We got a drive command: rawX:13.095000 and rawY:13.714000
DEBUG:root:Forward to the Right
DEBUG:root:Left=-13.714000 Right=0.619000
DEBUG:root:ScaledLeft: 344.143500 ScaledRight: 376.392750
INFO:root:Looping....
DEBUG:root:This is the line: drive:67.143:-5.357

DEBUG:root:We got command: drive
DEBUG:root:We got a drive command: rawX:-5.357000 and rawY:67.143000
DEBUG:root:Forward to the Left/Straight
DEBUG:root:Left=-72.500000 Right=67.143000
DEBUG:root:ScaledLeft: 211.875000 ScaledRight: 526.071750
INFO:root:Looping....
DEBUG:root:This is the line: drive:13.714:13.095

DEBUG:root:We got command: drive
DEBUG:root:We got a drive command: rawX:13.095000 and rawY:13.714000
DEBUG:root:Forward to the Right
DEBUG:root:Left=-13.714000 Right=0.619000
DEBUG:root:ScaledLeft: 344.143500 ScaledRight: 376.392750
INFO:root:Looping....
DEBUG:root:This is the line: drive:13.714:13.095

DEBUG:root:We got command: drive
DEBUG:root:We got a drive command: rawX:13.095000 and rawY:13.714000
DEBUG:root:Forward to the Right
DEBUG:root:Left=-13.714000 Right=0.619000
DEBUG:root:ScaledLeft: 344.143500 ScaledRight: 376.392750
INFO:root:Looping....
DEBUG:root:This is the line: drive:67.143:-5.357

DEBUG:root:We got command: drive
DEBUG:root:We got a drive command: rawX:-5.357000 and rawY:67.143000
DEBUG:root:Forward to the Left/Straight
DEBUG:root:Left=-72.500000 Right=67.143000
DEBUG:root:ScaledLeft: 211.875000 ScaledRight: 526.071750
INFO:root:Looping....
DEBUG:root:This is the line: drive:13.714:13.095

DEBUG:root:We got command: drive
DEBUG:root:We got a drive command: rawX:13.095000 and rawY:13.714000
DEBUG:root:Forward to the Right
DEBUG:root:Left=-13.714000 Right=0.619000
DEBUG:root:ScaledLeft: 344.143500 ScaledRight: 376.392750
INFO:root:Looping....
DEBUG:root:This is the line: drive:13.714:13.095

DEBUG:root:We got command: drive
DEBUG:root:We got a drive command: rawX:13.095000 and rawY:13.714000
DEBUG:root:Forward to the Right
DEBUG:root:Left=-13.714000 Right=0.619000
DEBUG:root:ScaledLeft: 344.143500 ScaledRight: 376.392750
INFO:root:Looping....
DEBUG:root:This is the line: drive:13.714:13.095

DEBUG:root:We got command: drive
DEBUG:root:We got a drive command: rawX:13.095000 and rawY:13.714000
DEBUG:root:Forward to the Right
DEBUG:root:Left=-13.714000 Right=0.619000
DEBUG:root:ScaledLeft: 344.143500 ScaledRight: 376.392750
INFO:root:Looping....
DEBUG:root:This is the line: drive:67.143:-5.357

DEBUG:root:We got command: drive
DEBUG:root:We got a drive command: rawX:-5.357000 and rawY:67.143000
DEBUG:root:Forward to the Left/Straight
DEBUG:root:Left=-72.500000 Right=67.143000
DEBUG:root:ScaledLeft: 211.875000 ScaledRight: 526.071750
INFO:root:Looping....
DEBUG:root:This is the line: drive:13.714:13.095

DEBUG:root:We got command: drive
DEBUG:root:We got a drive command: rawX:13.095000 and rawY:13.714000
DEBUG:root:Forward to the Right
DEBUG:root:Left=-13.714000 Right=0.619000
DEBUG:root:ScaledLeft: 344.143500 ScaledRight: 376.392750
INFO:root:Looping....
DEBUG:root:This is the line: drive:13.714:13.095

DEBUG:root:We got command: drive
DEBUG:root:We got a drive command: rawX:13.095000 and rawY:13.714000
DEBUG:root:Forward to the Right
DEBUG:root:Left=-13.714000 Right=0.619000
DEBUG:root:ScaledLeft: 344.143500 ScaledRight: 376.392750
INFO:root:Looping....
DEBUG:root:This is the line: drive:67.143:-5.357

DEBUG:root:We got command: drive
DEBUG:root:We got a drive command: rawX:-5.357000 and rawY:67.143000
DEBUG:root:Forward to the Left/Straight
DEBUG:root:Left=-72.500000 Right=67.143000
DEBUG:root:ScaledLeft: 211.875000 ScaledRight: 526.071750
INFO:root:Looping....
DEBUG:root:This is the line: drive:13.714:13.095

DEBUG:root:We got command: drive
DEBUG:root:We got a drive command: rawX:13.095000 and rawY:13.714000
DEBUG:root:Forward to the Right
DEBUG:root:Left=-13.714000 Right=0.619000
DEBUG:root:ScaledLeft: 344.143500 ScaledRight: 376.392750
INFO:root:Looping....
DEBUG:root:This is the line: drive:13.714:13.095

DEBUG:root:We got command: drive
DEBUG:root:We got a drive command: rawX:13.095000 and rawY:13.714000
DEBUG:root:Forward to the Right
DEBUG:root:Left=-13.714000 Right=0.619000
DEBUG:root:ScaledLeft: 344.143500 ScaledRight: 376.392750
INFO:root:Looping....
DEBUG:root:This is the line: drive:67.143:-5.357

DEBUG:root:We got command: drive
DEBUG:root:We got a drive command: rawX:-5.357000 and rawY:67.143000
DEBUG:root:Forward to the Left/Straight
DEBUG:root:Left=-72.500000 Right=67.143000
DEBUG:root:ScaledLeft: 211.875000 ScaledRight: 526.071750
INFO:root:Looping....
DEBUG:root:This is the line: drive:13.714:13.095

DEBUG:root:We got command: drive
DEBUG:root:We got a drive command: rawX:13.095000 and rawY:13.714000
DEBUG:root:Forward to the Right
DEBUG:root:Left=-13.714000 Right=0.619000
DEBUG:root:ScaledLeft: 344.143500 ScaledRight: 376.392750
INFO:root:Looping....
DEBUG:root:This is the line: drive:13.714:13.095

DEBUG:root:We got command: drive
DEBUG:root:We got a drive command: rawX:13.095000 and rawY:13.714000
DEBUG:root:Forward to the Right
DEBUG:root:Left=-13.714000 Right=0.619000
DEBUG:root:ScaledLeft: 344.143500 ScaledRight: 376.392750
INFO:root:Looping....
DEBUG:root:This is the line: drive:67.143:-5.357

DEBUG:root:We got command: drive
DEBUG:root:We got a drive command: rawX:-5.357000 and rawY:67.143000
DEBUG:root:Forward to the Left/Straight
DEBUG:root:Left=-72.500000 Right=67.143000
DEBUG:root:ScaledLeft: 211.875000 ScaledRight: 526.071750
INFO:root:Looping....
DEBUG:root:This is the line: drive:13.714:13.095

DEBUG:root:We got command: drive
DEBUG:root:We got a drive command: rawX:13.095000 and rawY:13.714000
DEBUG:root:Forward to the Right
DEBUG:root:Left=-13.714000 Right=0.619000
DEBUG:root:ScaledLeft: 344.143500 ScaledRight: 376.392750
INFO:root:Looping....
DEBUG:root:This is the line: drive:13.714:13.095

DEBUG:root:We got command: drive
DEBUG:root:We got a drive command: rawX:13.095000 and rawY:13.714000
DEBUG:root:Forward to the Right
DEBUG:root:Left=-13.714000 Right=0.619000
DEBUG:root:ScaledLeft: 344.143500 ScaledRight: 376.392750
INFO:root:Looping....
DEBUG:root:This is the line: drive:67.143:-5.357

DEBUG:root:We got command: drive
DEBUG:root:We got a drive command: rawX:-5.357000 and rawY:67.143000
DEBUG:root:Forward to the Left/Straight
DEBUG:root:Left=-72.500000 Right=67.143000
DEBUG:root:ScaledLeft: 211.875000 ScaledRight: 526.071750
INFO:root:Looping....
DEBUG:root:This is the line: drive:13.714:13.095

DEBUG:root:We got command: drive
DEBUG:root:We got a drive command: rawX:13.095000 and rawY:13.714000
DEBUG:root:Forward to the Right
DEBUG:root:Left=-13.714000 Right=0.619000
DEBUG:root:ScaledLeft: 344.143500 ScaledRight: 376.392750
INFO:root:Looping....
DEBUG:root:This is the line: drive:13.714:13.095

DEBUG:root:We got command: drive
DEBUG:root:We got a drive command: rawX:13.095000 and rawY:13.714000
DEBUG:root:Forward to the Right
DEBUG:root:Left=-13.714000 Right=0.619000
DEBUG:root:ScaledLeft: 344.143500 ScaledRight: 376.392750
INFO:root:Looping....
DEBUG:root:This is the line: drive:67.143:-5.357

DEBUG:root:We got command: drive
DEBUG:root:We got a drive command: rawX:-5.357000 and rawY:67.143000
DEBUG:root:Forward to the Left/Straight
DEBUG:root:Left=-72.500000 Right=67.143000
DEBUG:root:ScaledLeft: 211.875000 ScaledRight: 526.071750
INFO:root:Looping....
DEBUG:root:This is the line: drive:13.714:13.095

DEBUG:root:We got command: drive
DEBUG:root:We got a drive command: rawX:13.095000 and rawY:13.714000
DEBUG:root:Forward to the Right
DEBUG:root:Left=-13.714000 Right=0.619000
DEBUG:root:ScaledLeft: 344.143500 ScaledRight: 376.392750
INFO:root:Looping....
DEBUG:root:This is the line: drive:13.714:13.095

DEBUG:root:We got command: drive
DEBUG:root:We got a drive command: rawX:13.095000 and rawY:13.714000
DEBUG:root:Forward to the Right
DEBUG:root:Left=-13.714000 Right=0.619000
DEBUG:root:ScaledLeft: 344.143500 ScaledRight: 376.392750
INFO:root:Looping....
DEBUG:root:This is the line: drive:67.143:-5.357

DEBUG:root:We got command: drive
DEBUG:root:We got a drive command: rawX:-5.357000 and rawY:67.143000
DEBUG:root:Forward to the Left/Straight
DEBUG:root:Left=-72.500000 Right=67.143000
DEBUG:root:ScaledLeft: 211.875000 ScaledRight: 526.071750
INFO:root:Looping....
DEBUG:root:This is the line: drive:13.714:13.095

DEBUG:root:We got command: drive
DEBUG:root:We got a drive command: rawX:13.095000 and rawY:13.714000
DEBUG:root:Forward to the Right
DEBUG:root:Left=-13.714000 Right=0.619000
DEBUG:root:ScaledLeft: 344.143500 ScaledRight: 376.392750
INFO:root:Looping....
DEBUG:root:This is the line: drive:13.714:13.095

DEBUG:root:We got command: drive
DEBUG:root:We got a drive command: rawX:13.095000 and rawY:13.714000
DEBUG:root:Forward to the Right
DEBUG:root:Left=-13.714000 Right=0.619000
DEBUG:root:ScaledLeft: 344.143500 ScaledRight: 376.392750
INFO:root:Looping....
DEBUG:root:This is the line: drive:67.143:-5.357

DEBUG:root:We got command: drive
DEBUG:root:We got a drive command: rawX:-5.357000 and rawY:67.143000
DEBUG:root:Forward to the Left/Straight
DEBUG:root:Left=-72.500000 Right=67.143000
DEBUG:root:ScaledLeft: 211.875000 ScaledRight: 526.071750
INFO:root:Looping....
DEBUG:root:This is the line: drive:13.714:13.095

DEBUG:root:We got command: drive
DEBUG:root:We got a drive command: rawX:13.095000 and rawY:13.714000
DEBUG:root:Forward to the Right
DEBUG:root:Left=-13.714000 Right=0.619000
DEBUG:root:ScaledLeft: 344.143500 ScaledRight: 376.392750
INFO:root:Looping....
DEBUG:root:This is the line: drive:13.714:13.095

DEBUG:root:We got command: drive
DEBUG:root:We got a drive command: rawX:13.095000 and rawY:13.714000
DEBUG:root:Forward to the Right
DEBUG:root:Left=-13.714000 Right=0.619000
DEBUG:root:ScaledLeft: 344.143500 ScaledRight: 376.392750
INFO:root:Looping....
DEBUG:root:This is the line: drive:13.714:13.095

DEBUG:root:We got command: drive
DEBUG:root:We got a drive command: rawX:13.095000 and rawY:13.714000
DEBUG:root:Forward to the Right
DEBUG:root:Left=-13.714000 Right=0.619000
DEBUG:root:ScaledLeft: 344.143500 ScaledRight: 376.392750
INFO:root:Looping....
DEBUG:root:This is the line: drive:67.143:-5.357

DEBUG:root:We got command: drive
DEBUG:root:We got a drive command: rawX:-5.357000 and rawY:67.143000
DEBUG:root:Forward to the Left/Straight
DEBUG:root:Left=-72.500000 Right=67.143000
DEBUG:root:ScaledLeft: 211.875000 ScaledRight: 526.071750
INFO:root:Looping....
DEBUG:root:This is the line: drive:13.714:13.095

DEBUG:root:We got command: drive
DEBUG:root:We got a drive command: rawX:13.095000 and rawY:13.714000
DEBUG:root:Forward to the Right
DEBUG:root:Left=-13.714000 Right=0.619000
DEBUG:root:ScaledLeft: 344.143500 ScaledRight: 376.392750
INFO:root:Looping....
DEBUG:root:This is the line: drive:13.714:13.095

DEBUG:root:We got command: drive
DEBUG:root:We got a drive command: rawX:13.095000 and rawY:13.714000
DEBUG:root:Forward to the Right
DEBUG:root:Left=-13.714000 Right=0.619000
DEBUG:root:ScaledLeft: 344.143500 ScaledRight: 376.392750
INFO:root:Looping....
DEBUG:root:This is the line: drive:67.143:-5.357

DEBUG:root:We got command: drive
DEBUG:root:We got a drive command: rawX:-5.357000 and rawY:67.143000
DEBUG:root:Forward to the Left/Straight
DEBUG:root:Left=-72.500000 Right=67.143000
DEBUG:root:ScaledLeft: 211.875000 ScaledRight: 526.071750
INFO:root:Looping....
DEBUG:root:This is the line: drive:13.714:13.095

DEBUG:root:We got command: drive
DEBUG:root:We got a drive command: rawX:13.095000 and rawY:13.714000
DEBUG:root:Forward to the Right
DEBUG:root:Left=-13.714000 Right=0.619000
DEBUG:root:ScaledLeft: 344.143500 ScaledRight: 376.392750
INFO:root:Looping....
DEBUG:root:This is the line: drive:13.714:13.095

DEBUG:root:We got command: drive
DEBUG:root:We got a drive command: rawX:13.095000 and rawY:13.714000
DEBUG:root:Forward to the Right
DEBUG:root:Left=-13.714000 Right=0.619000
DEBUG:root:ScaledLeft: 344.143500 ScaledRight: 376.392750
INFO:root:Looping....
DEBUG:root:This is the line: drive:67.143:-5.357

DEBUG:root:We got command: drive
DEBUG:root:We got a drive command: rawX:-5.357000 and rawY:67.143000
DEBUG:root:Forward to the Left/Straight
DEBUG:root:Left=-72.500000 Right=67.143000
DEBUG:root:ScaledLeft: 211.875000 ScaledRight: 526.071750
INFO:root:Looping....
DEBUG:root:This is the line: drive:13.714:13.095

DEBUG:root:We got command: drive
DEBUG:root:We got a drive command: rawX:13.095000 and rawY:13.714000
DEBUG:root:Forward to the Right
DEBUG:root:Left=-13.714000 Right=0.619000
DEBUG:root:ScaledLeft: 344.143500 ScaledRight: 376.392750
INFO:root:Looping....
DEBUG:root:This is the line: drive:13.714:13.095

DEBUG:root:We got command: drive
DEBUG:root:We got a drive command: rawX:13.095000 and rawY:13.714000
DEBUG:root:Forward to the Right
DEBUG:root:Left=-13.714000 Right=0.619000
DEBUG:root:ScaledLeft: 344.143500 ScaledRight: 376.392750
INFO:root:Looping....
DEBUG:root:This is the line: drive:67.143:-5.357

DEBUG:root:We got command: drive
DEBUG:root:We got a drive command: rawX:-5.357000 and rawY:67.143000
DEBUG:root:Forward to the Left/Straight
DEBUG:root:Left=-72.500000 Right=67.143000
DEBUG:root:ScaledLeft: 211.875000 ScaledRight: 526.071750
INFO:root:Looping....
DEBUG:root:This is the line: drive:13.714:13.095

DEBUG:root:We got command: drive
DEBUG:root:We got a drive command: rawX:13.095000 and rawY:13.714000
DEBUG:root:Forward to the Right
DEBUG:root:Left=-13.714000 Right=0.619000
DEBUG:root:ScaledLeft: 344.143500 ScaledRight: 376.392750
INFO:root:Looping....
DEBUG:root:This is the line: drive:13.714:13.095

DEBUG:root:We got command: drive
DEBUG:root:We got a drive command: rawX:13.095000 and rawY:13.714000
DEBUG:root:Forward to the Right
DEBUG:root:Left=-13.714000 Right=0.619000
DEBUG:root:ScaledLeft: 344.143500 ScaledRight: 376.392750
INFO:root:Looping....
DEBUG:root:This is the line: drive:13.714:13.095

DEBUG:root:We got command: drive
DEBUG:root:We got a drive command: rawX:13.095000 and rawY:13.714000
DEBUG:root:Forward to the Right
DEBUG:root:Left=-13.714000 Right=0.619000
DEBUG:root:ScaledLeft: 344.143500 ScaledRight: 376.392750
INFO:root:Looping....
DEBUG:root:This is the line: drive:67.143:-5.357

DEBUG:root:We got command: drive
DEBUG:root:We got a drive command: rawX:-5.357000 and rawY:67.143000
DEBUG:root:Forward to the Left/Straight
DEBUG:root:Left=-72.500000 Right=67.143000
DEBUG:root:ScaledLeft: 211.875000 ScaledRight: 526.071750
INFO:root:Looping....
DEBUG:root:This is the line: drive:13.714:13.095

DEBUG:root:We got command: drive
DEBUG:root:We got a drive command: rawX:13.095000 and rawY:13.714000
DEBUG:root:Forward to the Right
DEBUG:root:Left=-13.714000 Right=0.619000
DEBUG:root:ScaledLeft: 344.143500 ScaledRight: 376.392750
INFO:root:Looping....
DEBUG:root:This is the line: drive:13.714:13.095

DEBUG:root:We got command: drive
DEBUG:root:We got a drive command: rawX:13.095000 and rawY:13.714000
DEBUG:root:Forward to the Right
DEBUG:root:Left=-13.714000 Right=0.619000
DEBUG:root:ScaledLeft: 344.143500 ScaledRight: 376.392750
INFO:root:Looping....
DEBUG:root:This is the line: drive:67.143:-5.357

DEBUG:root:We got command: drive
DEBUG:root:We got a drive command: rawX:-5.357000 and rawY:67.143000
DEBUG:root:Forward to the Left/Straight
DEBUG:root:Left=-72.500000 Right=67.143000
DEBUG:root:ScaledLeft: 211.875000 ScaledRight: 526.071750
INFO:root:Looping....
DEBUG:root:This is the line: drive:13.714:13.095

DEBUG:root:We got command: drive
DEBUG:root:We got a drive command: rawX:13.095000 and rawY:13.714000
DEBUG:root:Forward to the Right
DEBUG:root:Left=-13.714000 Right=0.619000
DEBUG:root:ScaledLeft: 344.143500 ScaledRight: 376.392750
INFO:root:Looping....
DEBUG:root:This is the line: drive:13.714:13.095

DEBUG:root:We got command: drive
DEBUG:root:We got a drive command: rawX:13.095000 and rawY:13.714000
DEBUG:root:Forward to the Right
DEBUG:root:Left=-13.714000 Right=0.619000
DEBUG:root:ScaledLeft: 344.143500 ScaledRight: 376.392750
INFO:root:Looping....
DEBUG:root:This is the line: drive:67.143:-5.357

DEBUG:root:We got command: drive
DEBUG:root:We got a drive command: rawX:-5.357000 and rawY:67.143000
DEBUG:root:Forward to the Left/Straight
DEBUG:root:Left=-72.500000 Right=67.143000
DEBUG:root:ScaledLeft: 211.875000 ScaledRight: 526.071750
INFO:root:Looping....
DEBUG:root:This is the line: drive:13.714:13.095

DEBUG:root:We got command: drive
DEBUG:root:We got a drive command: rawX:13.095000 and rawY:13.714000
DEBUG:root:Forward to the Right
DEBUG:root:Left=-13.714000 Right=0.619000
DEBUG:root:ScaledLeft: 344.143500 ScaledRight: 376.392750
INFO:root:Looping....
DEBUG:root:This is the line: drive:13.714:13.095

DEBUG:root:We got command: drive
DEBUG:root:We got a drive command: rawX:13.095000 and rawY:13.714000
DEBUG:root:Forward to the Right
DEBUG:root:Left=-13.714000 Right=0.619000
DEBUG:root:ScaledLeft: 344.143500 ScaledRight: 376.392750
INFO:root:Looping....
DEBUG:root:This is the line: drive:67.143:-5.357

DEBUG:root:We got command: drive
DEBUG:root:We got a drive command: rawX:-5.357000 and rawY:67.143000
DEBUG:root:Forward to the Left/Straight
DEBUG:root:Left=-72.500000 Right=67.143000
DEBUG:root:ScaledLeft: 211.875000 ScaledRight: 526.071750
INFO:root:Looping....
DEBUG:root:This is the line: drive:13.714:13.095

DEBUG:root:We got command: drive
DEBUG:root:We got a drive command: rawX:13.095000 and rawY:13.714000
DEBUG:root:Forward to the Right
DEBUG:root:Left=-13.714000 Right=0.619000
DEBUG:root:ScaledLeft: 344.143500 ScaledRight: 376.392750
INFO:root:Looping....
DEBUG:root:This is the line: drive:13.714:13.095

DEBUG:root:We got command: drive
DEBUG:root:We got a drive command: rawX:13.095000 and rawY:13.714000
DEBUG:root:Forward to the Right
DEBUG:root:Left=-13.714000 Right=0.619000
DEBUG:root:ScaledLeft: 344.143500 ScaledRight: 376.392750
INFO:root:Looping....
DEBUG:root:This is the line: drive:13.714:13.095

DEBUG:root:We got command: drive
DEBUG:root:We got a drive command: rawX:13.095000 and rawY:13.714000
DEBUG:root:Forward to the Right
DEBUG:root:Left=-13.714000 Right=0.619000
DEBUG:root:ScaledLeft: 344.143500 ScaledRight: 376.392750
INFO:root:Looping....
DEBUG:root:This is the line: drive:67.143:-5.357

DEBUG:root:We got command: drive
DEBUG:root:We got a drive command: rawX:-5.357000 and rawY:67.143000
DEBUG:root:Forward to the Left/Straight
DEBUG:root:Left=-72.500000 Right=67.143000
DEBUG:root:ScaledLeft: 211.875000 ScaledRight: 526.071750
INFO:root:Looping....
DEBUG:root:This is the line: drive:13.714:13.095

DEBUG:root:We got command: drive
DEBUG:root:We got a drive command: rawX:13.095000 and rawY:13.714000
DEBUG:root:Forward to the Right
DEBUG:root:Left=-13.714000 Right=0.619000
DEBUG:root:ScaledLeft: 344.143500 ScaledRight: 376.392750
INFO:root:Looping....
DEBUG:root:This is the line: drive:13.714:13.095

DEBUG:root:We got command: drive
DEBUG:root:We got a drive command: rawX:13.095000 and rawY:13.714000
DEBUG:root:Forward to the Right
DEBUG:root:Left=-13.714000 Right=0.619000
DEBUG:root:ScaledLeft: 344.143500 ScaledRight: 376.392750
INFO:root:Looping....
DEBUG:root:This is the line: drive:13.714:13.095

DEBUG:root:We got command: drive
DEBUG:root:We got a drive command: rawX:13.095000 and rawY:13.714000
DEBUG:root:Forward to the Right
DEBUG:root:Left=-13.714000 Right=0.619000
DEBUG:root:ScaledLeft: 344.143500 ScaledRight: 376.392750
INFO:root:Looping....
DEBUG:root:This is the line: drive:67.143:-5.357

DEBUG:root:We got command: drive
DEBUG:root:We got a drive command: rawX:-5.357000 and rawY:67.143000
DEBUG:root:Forward to the Left/Straight
DEBUG:root:Left=-72.500000 Right=67.143000
DEBUG:root:ScaledLeft: 211.875000 ScaledRight: 526.071750
INFO:root:Looping....
DEBUG:root:This is the line: drive:13.714:13.095

DEBUG:root:We got command: drive
DEBUG:root:We got a drive command: rawX:13.095000 and rawY:13.714000
DEBUG:root:Forward to the Right
DEBUG:root:Left=-13.714000 Right=0.619000
DEBUG:root:ScaledLeft: 344.143500 ScaledRight: 376.392750
INFO:root:Looping....
DEBUG:root:This is the line: drive:13.714:13.095

DEBUG:root:We got command: drive
DEBUG:root:We got a drive command: rawX:13.095000 and rawY:13.714000
DEBUG:root:Forward to the Right
DEBUG:root:Left=-13.714000 Right=0.619000
DEBUG:root:ScaledLeft: 344.143500 ScaledRight: 376.392750
INFO:root:Looping....
DEBUG:root:This is the line: drive:13.714:13.095

DEBUG:root:We got command: drive
DEBUG:root:We got a drive command: rawX:13.095000 and rawY:13.714000
DEBUG:root:Forward to the Right
DEBUG:root:Left=-13.714000 Right=0.619000
DEBUG:root:ScaledLeft: 344.143500 ScaledRight: 376.392750
INFO:root:Looping....
DEBUG:root:This is the line: drive:67.143:-5.357

DEBUG:root:We got command: drive
DEBUG:root:We got a drive command: rawX:-5.357000 and rawY:67.143000
DEBUG:root:Forward to the Left/Straight
DEBUG:root:Left=-72.500000 Right=67.143000
DEBUG:root:ScaledLeft: 211.875000 ScaledRight: 526.071750
INFO:root:Looping....
DEBUG:root:This is the line: drive:13.714:13.095

DEBUG:root:We got command: drive
DEBUG:root:We got a drive command: rawX:13.095000 and rawY:13.714000
DEBUG:root:Forward to the Right
DEBUG:root:Left=-13.714000 Right=0.619000
DEBUG:root:ScaledLeft: 344.143500 ScaledRight: 376.392750
INFO:root:Looping....
DEBUG:root:This is the line: drive:13.714:13.095

DEBUG:root:We got command: drive
DEBUG:root:We got a drive command: rawX:13.095000 and rawY:13.714000
DEBUG:root:Forward to the Right
DEBUG:root:Left=-13.714000 Right=0.619000
DEBUG:root:ScaledLeft: 344.143500 ScaledRight: 376.392750
INFO:root:Looping....
DEBUG:root:This is the line: drive:67.143:-5.357

DEBUG:root:We got command: drive
DEBUG:root:We got a drive command: rawX:-5.357000 and rawY:67.143000
DEBUG:root:Forward to the Left/Straight
DEBUG:root:Left=-72.500000 Right=67.143000
DEBUG:root:ScaledLeft: 211.875000 ScaledRight: 526.071750
INFO:root:Looping....
DEBUG:root:This is the line: drive:13.714:13.095

DEBUG:root:We got command: drive
DEBUG:root:We got a drive command: rawX:13.095000 and rawY:13.714000
DEBUG:root:Forward to the Right
DEBUG:root:Left=-13.714000 Right=0.619000
DEBUG:root:ScaledLeft: 344.143500 ScaledRight: 376.392750
INFO:root:Looping....
DEBUG:root:This is the line: drive:13.714:13.095

DEBUG:root:We got command: drive
DEBUG:root:We got a drive command: rawX:13.095000 and rawY:13.714000
DEBUG:root:Forward to the Right
DEBUG:root:Left=-13.714000 Right=0.619000
DEBUG:root:ScaledLeft: 344.143500 ScaledRight: 376.392750
INFO:root:Looping....
DEBUG:root:This is the line: drive:67.143:-5.357

DEBUG:root:We got command: drive
DEBUG:root:We got a drive command: rawX:-5.357000 and rawY:67.143000
DEBUG:root:Forward to the Left/Straight
DEBUG:root:Left=-72.500000 Right=67.143000
DEBUG:root:ScaledLeft: 211.875000 ScaledRight: 526.071750
INFO:root:Looping....
DEBUG:root:This is the line: drive:67.143:-5.357

DEBUG:root:We got command: drive
DEBUG:root:We got a drive command: rawX:-5.357000 and rawY:67.143000
DEBUG:root:Forward to the Left/Straight
DEBUG:root:Left=-72.500000 Right=67.143000
DEBUG:root:ScaledLeft: 211.875000 ScaledRight: 526.071750
INFO:root:Looping....
DEBUG:root:This is the line: drive:13.714:13.095

DEBUG:root:We got command: drive
DEBUG:root:We got a drive command: rawX:13.095000 and rawY:13.714000
DEBUG:root:Forward to the Right
DEBUG:root:Left=-13.714000 Right=0.619000
DEBUG:root:ScaledLeft: 344.143500 ScaledRight: 376.392750
INFO:root:Looping....
DEBUG:root:This is the line: drive:13.714:13.095

DEBUG:root:We got command: drive
DEBUG:root:We got a drive command: rawX:13.095000 and rawY:13.714000
DEBUG:root:Forward to the Right
DEBUG:root:Left=-13.714000 Right=0.619000
DEBUG:root:ScaledLeft: 344.143500 ScaledRight: 376.392750
INFO:root:Looping....
DEBUG:root:This is the line: drive:13.714:13.095

DEBUG:root:We got command: drive
DEBUG:root:We got a drive command: rawX:13.095000 and rawY:13.714000
DEBUG:root:Forward to the Right
DEBUG:root:Left=-13.714000 Right=0.619000
DEBUG:root:ScaledLeft: 344.143500 ScaledRight: 376.392750
INFO:root:Looping....
DEBUG:root:This is the line: drive:67.143:-5.357

DEBUG:root:We got command: drive
DEBUG:root:We got a drive command: rawX:-5.357000 and rawY:67.143000
DEBUG:root:Forward to the Left/Straight
DEBUG:root:Left=-72.500000 Right=67.143000
DEBUG:root:ScaledLeft: 211.875000 ScaledRight: 526.071750
INFO:root:Looping....
DEBUG:root:This is the line: drive:13.714:13.095

DEBUG:root:We got command: drive
DEBUG:root:We got a drive command: rawX:13.095000 and rawY:13.714000
DEBUG:root:Forward to the Right
DEBUG:root:Left=-13.714000 Right=0.619000
DEBUG:root:ScaledLeft: 344.143500 ScaledRight: 376.392750
INFO:root:Looping....
DEBUG:root:This is the line: drive:13.714:13.095

DEBUG:root:We got command: drive
DEBUG:root:We got a drive command: rawX:13.095000 and rawY:13.714000
DEBUG:root:Forward to the Right
DEBUG:root:Left=-13.714000 Right=0.619000
DEBUG:root:ScaledLeft: 344.143500 ScaledRight: 376.392750
INFO:root:Looping....
DEBUG:root:This is the line: drive:67.143:-5.357

DEBUG:root:We got command: drive
DEBUG:root:We got a drive command: rawX:-5.357000 and rawY:67.143000
DEBUG:root:Forward to the Left/Straight
DEBUG:root:Left=-72.500000 Right=67.143000
DEBUG:root:ScaledLeft: 211.875000 ScaledRight: 526.071750
INFO:root:Looping....
DEBUG:root:This is the line: drive:13.714:13.095

DEBUG:root:We got command: drive
DEBUG:root:We got a drive command: rawX:13.095000 and rawY:13.714000
DEBUG:root:Forward to the Right
DEBUG:root:Left=-13.714000 Right=0.619000
DEBUG:root:ScaledLeft: 344.143500 ScaledRight: 376.392750
INFO:root:Looping....
DEBUG:root:This is the line: drive:13.714:13.095

DEBUG:root:We got command: drive
DEBUG:root:We got a drive command: rawX:13.095000 and rawY:13.714000
DEBUG:root:Forward to the Right
DEBUG:root:Left=-13.714000 Right=0.619000
DEBUG:root:ScaledLeft: 344.143500 ScaledRight: 376.392750
INFO:root:Looping....
DEBUG:root:This is the line: drive:13.714:13.095

DEBUG:root:We got command: drive
DEBUG:root:We got a drive command: rawX:13.095000 and rawY:13.714000
DEBUG:root:Forward to the Right
DEBUG:root:Left=-13.714000 Right=0.619000
DEBUG:root:ScaledLeft: 344.143500 ScaledRight: 376.392750
INFO:root:Looping....
DEBUG:root:This is the line: drive:67.143:-5.357

DEBUG:root:We got command: drive
DEBUG:root:We got a drive command: rawX:-5.357000 and rawY:67.143000
DEBUG:root:Forward to the Left/Straight
DEBUG:root:Left=-72.500000 Right=67.143000
DEBUG:root:ScaledLeft: 211.875000 ScaledRight: 526.071750
INFO:root:Looping....
DEBUG:root:This is the line: drive:13.714:13.095

DEBUG:root:We got command: drive
DEBUG:root:We got a drive command: rawX:13.095000 and rawY:13.714000
DEBUG:root:Forward to the Right
DEBUG:root:Left=-13.714000 Right=0.619000
DEBUG:root:ScaledLeft: 344.143500 ScaledRight: 376.392750
INFO:root:Looping....
DEBUG:root:This is the line: drive:13.714:13.095

DEBUG:root:We got command: drive
DEBUG:root:We got a drive command: rawX:13.095000 and rawY:13.714000
DEBUG:root:Forward to the Right
DEBUG:root:Left=-13.714000 Right=0.619000
DEBUG:root:ScaledLeft: 344.143500 ScaledRight: 376.392750
INFO:root:Looping....
DEBUG:root:This is the line: drive:13.714:13.095

DEBUG:root:We got command: drive
DEBUG:root:We got a drive command: rawX:13.095000 and rawY:13.714000
DEBUG:root:Forward to the Right
DEBUG:root:Left=-13.714000 Right=0.619000
DEBUG:root:ScaledLeft: 344.143500 ScaledRight: 376.392750
INFO:root:Looping....
DEBUG:root:This is the line: drive:67.143:-5.357

DEBUG:root:We got command: drive
DEBUG:root:We got a drive command: rawX:-5.357000 and rawY:67.143000
DEBUG:root:Forward to the Left/Straight
DEBUG:root:Left=-72.500000 Right=67.143000
DEBUG:root:ScaledLeft: 211.875000 ScaledRight: 526.071750
INFO:root:Looping....
DEBUG:root:This is the line: drive:13.714:13.095

DEBUG:root:We got command: drive
DEBUG:root:We got a drive command: rawX:13.095000 and rawY:13.714000
DEBUG:root:Forward to the Right
DEBUG:root:Left=-13.714000 Right=0.619000
DEBUG:root:ScaledLeft: 344.143500 ScaledRight: 376.392750
INFO:root:Looping....
DEBUG:root:This is the line: drive:67.143:-5.357

DEBUG:root:We got command: drive
DEBUG:root:We got a drive command: rawX:-5.357000 and rawY:67.143000
DEBUG:root:Forward to the Left/Straight
DEBUG:root:Left=-72.500000 Right=67.143000
DEBUG:root:ScaledLeft: 211.875000 ScaledRight: 526.071750
INFO:root:Looping....
DEBUG:root:This is the line: drive:13.714:13.095

DEBUG:root:We got command: drive
DEBUG:root:We got a drive command: rawX:13.095000 and rawY:13.714000
DEBUG:root:Forward to the Right
DEBUG:root:Left=-13.714000 Right=0.619000
DEBUG:root:ScaledLeft: 344.143500 ScaledRight: 376.392750
INFO:root:Looping....
DEBUG:root:This is the line: drive:13.714:13.095

DEBUG:root:We got command: drive
DEBUG:root:We got a drive command: rawX:13.095000 and rawY:13.714000
DEBUG:root:Forward to the Right
DEBUG:root:Left=-13.714000 Right=0.619000
DEBUG:root:ScaledLeft: 344.143500 ScaledRight: 376.392750
INFO:root:Looping....
DEBUG:root:This is the line: drive:67.143:-5.357

DEBUG:root:We got command: drive
DEBUG:root:We got a drive command: rawX:-5.357000 and rawY:67.143000
DEBUG:root:Forward to the Left/Straight
DEBUG:root:Left=-72.500000 Right=67.143000
DEBUG:root:ScaledLeft: 211.875000 ScaledRight: 526.071750
INFO:root:Looping....
DEBUG:root:This is the line: drive:13.714:13.095

DEBUG:root:We got command: drive
DEBUG:root:We got a drive command: rawX:13.095000 and rawY:13.714000
DEBUG:root:Forward to the Right
DEBUG:root:Left=-13.714000 Right=0.619000
DEBUG:root:ScaledLeft: 344.143500 ScaledRight: 376.392750
INFO:root:Looping....
DEBUG:root:This is the line: drive:13.714:13.095

DEBUG:root:We got command: drive
DEBUG:root:We got a drive command: rawX:13.095000 and rawY:13.714000
DEBUG:root:Forward to the Right
DEBUG:root:Left=-13.714000 Right=0.619000
DEBUG:root:ScaledLeft: 344.143500 ScaledRight: 376.392750
INFO:root:Looping....
DEBUG:root:This is the line: drive:67.143:-5.357

DEBUG:root:We got command: drive
DEBUG:root:We got a drive command: rawX:-5.357000 and rawY:67.143000
DEBUG:root:Forward to the Left/Straight
DEBUG:root:Left=-72.500000 Right=67.143000
DEBUG:root:ScaledLeft: 211.875000 ScaledRight: 526.071750
INFO:root:Looping....
DEBUG:root:This is the line: drive:13.714:13.095

DEBUG:root:We got command: drive
DEBUG:root:We got a drive command: rawX:13.095000 and rawY:13.714000
DEBUG:root:Forward to the Right
DEBUG:root:Left=-13.714000 Right=0.619000
DEBUG:root:ScaledLeft: 344.143500 ScaledRight: 376.392750
INFO:root:Looping....
DEBUG:root:This is the line: drive:13.714:13.095

DEBUG:root:We got command: drive
DEBUG:root:We got a drive command: rawX:13.095000 and rawY:13.714000
DEBUG:root:Forward to the Right
DEBUG:root:Left=-13.714000 Right=0.619000
DEBUG:root:ScaledLeft: 344.143500 ScaledRight: 376.392750
INFO:root:Looping....
DEBUG:root:This is the line: drive:67.143:-5.357

DEBUG:root:We got command: drive
DEBUG:root:We got a drive command: rawX:-5.357000 and rawY:67.143000
DEBUG:root:Forward to the Left/Straight
DEBUG:root:Left=-72.500000 Right=67.143000
DEBUG:root:ScaledLeft: 211.875000 ScaledRight: 526.071750
INFO:root:Looping....
DEBUG:root:This is the line: drive:13.714:13.095

DEBUG:root:We got command: drive
DEBUG:root:We got a drive command: rawX:13.095000 and rawY:13.714000
DEBUG:root:Forward to the Right
DEBUG:root:Left=-13.714000 Right=0.619000
DEBUG:root:ScaledLeft: 344.143500 ScaledRight: 376.392750
INFO:root:Looping....
DEBUG:root:This is the line: drive:13.714:13.095

DEBUG:root:We got command: drive
DEBUG:root:We got a drive command: rawX:13.095000 and rawY:13.714000
DEBUG:root:Forward to the Right
DEBUG:root:Left=-13.714000 Right=0.619000
DEBUG:root:ScaledLeft: 344.143500 ScaledRight: 376.392750
INFO:root:Looping....
DEBUG:root:This is the line: drive:13.714:13.095

DEBUG:root:We got command: drive
DEBUG:root:We got a drive command: rawX:13.095000 and rawY:13.714000
DEBUG:root:Forward to the Right
DEBUG:root:Left=-13.714000 Right=0.619000
DEBUG:root:ScaledLeft: 344.143500 ScaledRight: 376.392750
INFO:root:Looping....
DEBUG:root:This is the line: drive:67.143:-5.357

DEBUG:root:We got command: drive
DEBUG:root:We got a drive command: rawX:-5.357000 and rawY:67.143000
DEBUG:root:Forward to the Left/Straight
DEBUG:root:Left=-72.500000 Right=67.143000
DEBUG:root:ScaledLeft: 211.875000 ScaledRight: 526.071750
INFO:root:Looping....
DEBUG:root:This is the line: drive:13.714:13.095

DEBUG:root:We got command: drive
DEBUG:root:We got a drive command: rawX:13.095000 and rawY:13.714000
DEBUG:root:Forward to the Right
DEBUG:root:Left=-13.714000 Right=0.619000
DEBUG:root:ScaledLeft: 344.143500 ScaledRight: 376.392750
INFO:root:Looping....
DEBUG:root:This is the line: drive:13.714:13.095

DEBUG:root:We got command: drive
DEBUG:root:We got a drive command: rawX:13.095000 and rawY:13.714000
DEBUG:root:Forward to the Right
DEBUG:root:Left=-13.714000 Right=0.619000
DEBUG:root:ScaledLeft: 344.143500 ScaledRight: 376.392750
INFO:root:Looping....
DEBUG:root:This is the line: drive:67.143:-5.357

DEBUG:root:We got command: drive
DEBUG:root:We got a drive command: rawX:-5.357000 and rawY:67.143000
DEBUG:root:Forward to the Left/Straight
DEBUG:root:Left=-72.500000 Right=67.143000
DEBUG:root:ScaledLeft: 211.875000 ScaledRight: 526.071750
INFO:root:Looping....
DEBUG:root:This is the line: drive:13.714:13.095

DEBUG:root:We got command: drive
DEBUG:root:We got a drive command: rawX:13.095000 and rawY:13.714000
DEBUG:root:Forward to the Right
DEBUG:root:Left=-13.714000 Right=0.619000
DEBUG:root:ScaledLeft: 344.143500 ScaledRight: 376.392750
INFO:root:Looping....
DEBUG:root:This is the line: drive:67.143:-5.357

DEBUG:root:We got command: drive
DEBUG:root:We got a drive command: rawX:-5.357000 and rawY:67.143000
DEBUG:root:Forward to the Left/Straight
DEBUG:root:Left=-72.500000 Right=67.143000
DEBUG:root:ScaledLeft: 211.875000 ScaledRight: 526.071750
INFO:root:Looping....
DEBUG:root:This is the line: drive:13.714:13.095

DEBUG:root:We got command: drive
DEBUG:root:We got a drive command: rawX:13.095000 and rawY:13.714000
DEBUG:root:Forward to the Right
DEBUG:root:Left=-13.714000 Right=0.619000
DEBUG:root:ScaledLeft: 344.143500 ScaledRight: 376.392750
INFO:root:Looping....
DEBUG:root:This is the line: drive:67.143:-5.357

DEBUG:root:We got command: drive
DEBUG:root:We got a drive command: rawX:-5.357000 and rawY:67.143000
DEBUG:root:Forward to the Left/Straight
DEBUG:root:Left=-72.500000 Right=67.143000
DEBUG:root:ScaledLeft: 211.875000 ScaledRight: 526.071750
INFO:root:Looping....
DEBUG:root:This is the line: drive:13.714:13.095

DEBUG:root:We got command: drive
DEBUG:root:We got a drive command: rawX:13.095000 and rawY:13.714000
DEBUG:root:Forward to the Right
DEBUG:root:Left=-13.714000 Right=0.619000
DEBUG:root:ScaledLeft: 344.143500 ScaledRight: 376.392750
INFO:root:Looping....
DEBUG:root:This is the line: drive:13.714:13.095

DEBUG:root:We got command: drive
DEBUG:root:We got a drive command: rawX:13.095000 and rawY:13.714000
DEBUG:root:Forward to the Right
DEBUG:root:Left=-13.714000 Right=0.619000
DEBUG:root:ScaledLeft: 344.143500 ScaledRight: 376.392750
INFO:root:Looping....
DEBUG:root:This is the line: drive:67.143:-5.357

DEBUG:root:We got command: drive
DEBUG:root:We got a drive command: rawX:-5.357000 and rawY:67.143000
DEBUG:root:Forward to the Left/Straight
DEBUG:root:Left=-72.500000 Right=67.143000
DEBUG:root:ScaledLeft: 211.875000 ScaledRight: 526.071750
INFO:root:Looping....
DEBUG:root:This is the line: drive:13.714:13.095

DEBUG:root:We got command: drive
DEBUG:root:We got a drive command: rawX:13.095000 and rawY:13.714000
DEBUG:root:Forward to the Right
DEBUG:root:Left=-13.714000 Right=0.619000
DEBUG:root:ScaledLeft: 344.143500 ScaledRight: 376.392750
INFO:root:Looping....
DEBUG:root:This is the line: drive:13.714:13.095

DEBUG:root:We got command: drive
DEBUG:root:We got a drive command: rawX:13.095000 and rawY:13.714000
DEBUG:root:Forward to the Right
DEBUG:root:Left=-13.714000 Right=0.619000
DEBUG:root:ScaledLeft: 344.143500 ScaledRight: 376.392750
INFO:root:Looping....
DEBUG:root:This is the line: drive:13.714:13.095

DEBUG:root:We got command: drive
DEBUG:root:We got a drive command: rawX:13.095000 and rawY:13.714000
DEBUG:root:Forward to the Right
DEBUG:root:Left=-13.714000 Right=0.619000
DEBUG:root:ScaledLeft: 344.143500 ScaledRight: 376.392750
INFO:root:Looping....
DEBUG:root:This is the line: drive:13.714:13.095

DEBUG:root:We got command: drive
DEBUG:root:We got a drive command: rawX:13.095000 and rawY:13.714000
DEBUG:root:Forward to the Right
DEBUG:root:Left=-13.714000 Right=0.619000
DEBUG:root:ScaledLeft: 344.143500 ScaledRight: 376.392750
INFO:root:Looping....
DEBUG:root:This is the line: drive:67.143:-5.357

DEBUG:root:We got command: drive
DEBUG:root:We got a drive command: rawX:-5.357000 and rawY:67.143000
DEBUG:root:Forward to the Left/Straight
DEBUG:root:Left=-72.500000 Right=67.143000
DEBUG:root:ScaledLeft: 211.875000 ScaledRight: 526.071750
INFO:root:Looping....
DEBUG:root:This is the line: drive:13.714:13.095

DEBUG:root:We got command: drive
DEBUG:root:We got a drive command: rawX:13.095000 and rawY:13.714000
DEBUG:root:Forward to the Right
DEBUG:root:Left=-13.714000 Right=0.619000
DEBUG:root:ScaledLeft: 344.143500 ScaledRight: 376.392750
INFO:root:Looping....
DEBUG:root:This is the line: drive:13.714:13.095

DEBUG:root:We got command: drive
DEBUG:root:We got a drive command: rawX:13.095000 and rawY:13.714000
DEBUG:root:Forward to the Right
DEBUG:root:Left=-13.714000 Right=0.619000
DEBUG:root:ScaledLeft: 344.143500 ScaledRight: 376.392750
INFO:root:Looping....
DEBUG:root:This is the line: drive:67.143:-5.357

DEBUG:root:We got command: drive
DEBUG:root:We got a drive command: rawX:-5.357000 and rawY:67.143000
DEBUG:root:Forward to the Left/Straight
DEBUG:root:Left=-72.500000 Right=67.143000
DEBUG:root:ScaledLeft: 211.875000 ScaledRight: 526.071750
INFO:root:Looping....
DEBUG:root:This is the line: drive:13.714:13.095

DEBUG:root:We got command: drive
DEBUG:root:We got a drive command: rawX:13.095000 and rawY:13.714000
DEBUG:root:Forward to the Right
DEBUG:root:Left=-13.714000 Right=0.619000
DEBUG:root:ScaledLeft: 344.143500 ScaledRight: 376.392750
INFO:root:Looping....
DEBUG:root:This is the line: drive:67.143:-5.357

DEBUG:root:We got command: drive
DEBUG:root:We got a drive command: rawX:-5.357000 and rawY:67.143000
DEBUG:root:Forward to the Left/Straight
DEBUG:root:Left=-72.500000 Right=67.143000
DEBUG:root:ScaledLeft: 211.875000 ScaledRight: 526.071750
INFO:root:Looping....
DEBUG:root:This is the line: drive:13.714:13.095

DEBUG:root:We got command: drive
DEBUG:root:We got a drive command: rawX:13.095000 and rawY:13.714000
DEBUG:root:Forward to the Right
DEBUG:root:Left=-13.714000 Right=0.619000
DEBUG:root:ScaledLeft: 344.143500 ScaledRight: 376.392750
INFO:root:Looping....
DEBUG:root:This is the line: drive:13.714:13.095

DEBUG:root:We got command: drive
DEBUG:root:We got a drive command: rawX:13.095000 and rawY:13.714000
DEBUG:root:Forward to the Right
DEBUG:root:Left=-13.714000 Right=0.619000
DEBUG:root:ScaledLeft: 344.143500 ScaledRight: 376.392750
INFO:root:Looping....
DEBUG:root:This is the line: drive:67.143:-5.357

DEBUG:root:We got command: drive
DEBUG:root:We got a drive command: rawX:-5.357000 and rawY:67.143000
DEBUG:root:Forward to the Left/Straight
DEBUG:root:Left=-72.500000 Right=67.143000
DEBUG:root:ScaledLeft: 211.875000 ScaledRight: 526.071750
INFO:root:Looping....
DEBUG:root:This is the line: drive:13.714:13.095

DEBUG:root:We got command: drive
DEBUG:root:We got a drive command: rawX:13.095000 and rawY:13.714000
DEBUG:root:Forward to the Right
DEBUG:root:Left=-13.714000 Right=0.619000
DEBUG:root:ScaledLeft: 344.143500 ScaledRight: 376.392750
INFO:root:Looping....
DEBUG:root:This is the line: drive:13.714:13.095

DEBUG:root:We got command: drive
DEBUG:root:We got a drive command: rawX:13.095000 and rawY:13.714000
DEBUG:root:Forward to the Right
DEBUG:root:Left=-13.714000 Right=0.619000
DEBUG:root:ScaledLeft: 344.143500 ScaledRight: 376.392750
INFO:root:Looping....
DEBUG:root:This is the line: drive:13.714:13.095

DEBUG:root:We got command: drive
DEBUG:root:We got a drive command: rawX:13.095000 and rawY:13.714000
DEBUG:root:Forward to the Right
DEBUG:root:Left=-13.714000 Right=0.619000
DEBUG:root:ScaledLeft: 344.143500 ScaledRight: 376.392750
INFO:root:Looping....
DEBUG:root:This is the line: EMERGENCYSTOP:STOP

DEBUG:root:We got command: EMERGENCYSTOP
INFO:root:We got the EMERGENCY STOP command.
INFO:root:Looping....
DEBUG:root:This is the line: drive:67.143:-5.357

DEBUG:root:We got command: drive
DEBUG:root:We got a drive command: rawX:-5.357000 and rawY:67.143000
DEBUG:root:Forward to the Left/Straight
DEBUG:root:Left=-72.500000 Right=67.143000
DEBUG:root:ScaledLeft: 211.875000 ScaledRight: 526.071750
INFO:root:Looping....
DEBUG:root:This is the line: drive:-11.429:22.321

DEBUG:root:We got command: drive
DEBUG:root:We got a drive command: rawX:22.321000 and rawY:-11.429000
DEBUG:root:Reverse to the Right
DEBUG:root:Left=11.429000 Right=-33.750000
DEBUG:root:ScaledLeft: 400.715250 ScaledRight: 299.062500
INFO:root:Looping....
DEBUG:root:This is the line: drive:13.714:13.095

DEBUG:root:We got command: drive
DEBUG:root:We got a drive command: rawX:13.095000 and rawY:13.714000
DEBUG:root:Forward to the Right
DEBUG:root:Left=-13.714000 Right=0.619000
DEBUG:root:ScaledLeft: 344.143500 ScaledRight: 376.392750
INFO:root:Looping....
DEBUG:root:This is the line: drive:67.143:-5.357

DEBUG:root:We got command: drive
DEBUG:root:We got a drive command: rawX:-5.357000 and rawY:67.143000
DEBUG:root:Forward to the Left/Straight
DEBUG:root:Left=-72.500000 Right=67.143000
DEBUG:root:ScaledLeft: 211.875000 ScaledRight: 526.071750
INFO:root:Looping....
DEBUG:root:This is the line: drive:-11.429:22.321

DEBUG:root:We got command: drive
DEBUG:root:We got a drive command: rawX:22.321000 and rawY:-11.429000
DEBUG:root:Reverse to the Right
DEBUG:root:Left=11.429000 Right=-33.750000
DEBUG:root:ScaledLeft: 400.715250 ScaledRight: 299.062500
INFO:root:Looping....
DEBUG:root:This is the line: drive:13.714:13.095

DEBUG:root:We got command: drive
DEBUG:root:We got a drive command: rawX:13.095000 and rawY:13.714000
DEBUG:root:Forward to the Right
DEBUG:root:Left=-13.714000 Right=0.619000
DEBUG:root:ScaledLeft: 344.143500 ScaledRight: 376.392750
INFO:root:Looping....
DEBUG:root:This is the line: drive:67.143:-5.357

DEBUG:root:We got command: drive
DEBUG:root:We got a drive command: rawX:-5.357000 and rawY:67.143000
DEBUG:root:Forward to the Left/Straight
DEBUG:root:Left=-72.500000 Right=67.143000
DEBUG:root:ScaledLeft: 211.875000 ScaledRight: 526.071750
INFO:root:Looping....
DEBUG:root:This is the line: drive:-11.429:22.321

DEBUG:root:We got command: drive
DEBUG:root:We got a drive command: rawX:22.321000 and rawY:-11.429000
DEBUG:root:Reverse to the Right
DEBUG:root:Left=11.429000 Right=-33.750000
DEBUG:root:ScaledLeft: 400.715250 ScaledRight: 299.062500
INFO:root:Looping....
DEBUG:root:This is the line: drive:13.714:13.095

DEBUG:root:We got command: drive
DEBUG:root:We got a drive command: rawX:13.095000 and rawY:13.714000
DEBUG:root:Forward to the Right
DEBUG:root:Left=-13.714000 Right=0.619000
DEBUG:root:ScaledLeft: 344.143500 ScaledRight: 376.392750
INFO:root:Looping....
DEBUG:root:This is the line: drive:67.143:-5.357

DEBUG:root:We got command: drive
DEBUG:root:We got a drive command: rawX:-5.357000 and rawY:67.143000
DEBUG:root:Forward to the Left/Straight
DEBUG:root:Left=-72.500000 Right=67.143000
DEBUG:root:ScaledLeft: 211.875000 ScaledRight: 526.071750
INFO:root:Looping....
DEBUG:root:This is the line: drive:-11.429:22.321

DEBUG:root:We got command: drive
DEBUG:root:We got a drive command: rawX:22.321000 and rawY:-11.429000
DEBUG:root:Reverse to the Right
DEBUG:root:Left=11.429000 Right=-33.750000
DEBUG:root:ScaledLeft: 400.715250 ScaledRight: 299.062500
INFO:root:Looping....
DEBUG:root:This is the line: drive:13.714:13.095

DEBUG:root:We got command: drive
DEBUG:root:We got a drive command: rawX:13.095000 and rawY:13.714000
DEBUG:root:Forward to the Right
DEBUG:root:Left=-13.714000 Right=0.619000
DEBUG:root:ScaledLeft: 344.143500 ScaledRight: 376.392750
INFO:root:Looping....
DEBUG:root:This is the line: drive:67.143:-5.357

DEBUG:root:We got command: drive
DEBUG:root:We got a drive command: rawX:-5.357000 and rawY:67.143000
DEBUG:root:Forward to the Left/Straight
DEBUG:root:Left=-72.500000 Right=67.143000
DEBUG:root:ScaledLeft: 211.875000 ScaledRight: 526.071750
INFO:root:Looping....
DEBUG:root:This is the line: drive:-11.429:22.321

DEBUG:root:We got command: drive
DEBUG:root:We got a drive command: rawX:22.321000 and rawY:-11.429000
DEBUG:root:Reverse to the Right
DEBUG:root:Left=11.429000 Right=-33.750000
DEBUG:root:ScaledLeft: 400.715250 ScaledRight: 299.062500
INFO:root:Looping....
DEBUG:root:This is the line: drive:13.714:13.095

DEBUG:root:We got command: drive
DEBUG:root:We got a drive command: rawX:13.095000 and rawY:13.714000
DEBUG:root:Forward to the Right
DEBUG:root:Left=-13.714000 Right=0.619000
DEBUG:root:ScaledLeft: 344.143500 ScaledRight: 376.392750
INFO:root:Looping....
DEBUG:root:This is the line: drive:67.143:-5.357

DEBUG:root:We got command: drive
DEBUG:root:We got a drive command: rawX:-5.357000 and rawY:67.143000
DEBUG:root:Forward to the Left/Straight
DEBUG:root:Left=-72.500000 Right=67.143000
DEBUG:root:ScaledLeft: 211.875000 ScaledRight: 526.071750
INFO:root:Looping....
DEBUG:root:This is the line: drive:-11.429:22.321

DEBUG:root:We got command: drive
DEBUG:root:We got a drive command: rawX:22.321000 and rawY:-11.429000
DEBUG:root:Reverse to the Right
DEBUG:root:Left=11.429000 Right=-33.750000
DEBUG:root:ScaledLeft: 400.715250 ScaledRight: 299.062500
INFO:root:Looping....
DEBUG:root:This is the line: drive:13.714:13.095

DEBUG:root:We got command: drive
DEBUG:root:We got a drive command: rawX:13.095000 and rawY:13.714000
DEBUG:root:Forward to the Right
DEBUG:root:Left=-13.714000 Right=0.619000
DEBUG:root:ScaledLeft: 344.143500 ScaledRight: 376.392750
INFO:root:Looping....
DEBUG:root:This is the line: drive:67.143:-5.357

DEBUG:root:We got command: drive
DEBUG:root:We got a drive command: rawX:-5.357000 and rawY:67.143000
DEBUG:root:Forward to the Left/Straight
DEBUG:root:Left=-72.500000 Right=67.143000
DEBUG:root:ScaledLeft: 211.875000 ScaledRight: 526.071750
INFO:root:Looping....
DEBUG:root:This is the line: drive:-11.429:22.321

DEBUG:root:We got command: drive
DEBUG:root:We got a drive command: rawX:22.321000 and rawY:-11.429000
DEBUG:root:Reverse to the Right
DEBUG:root:Left=11.429000 Right=-33.750000
DEBUG:root:ScaledLeft: 400.715250 ScaledRight: 299.062500
INFO:root:Looping....
DEBUG:root:This is the line: drive:13.714:13.095

DEBUG:root:We got command: drive
DEBUG:root:We got a drive command: rawX:13.095000 and rawY:13.714000
DEBUG:root:Forward to the Right
DEBUG:root:Left=-13.714000 Right=0.619000
DEBUG:root:ScaledLeft: 344.143500 ScaledRight: 376.392750
INFO:root:Looping....
DEBUG:root:This is the line: drive:67.143:-5.357

DEBUG:root:We got command: drive
DEBUG:root:We got a drive command: rawX:-5.357000 and rawY:67.143000
DEBUG:root:Forward to the Left/Straight
DEBUG:root:Left=-72.500000 Right=67.143000
DEBUG:root:ScaledLeft: 211.875000 ScaledRight: 526.071750
INFO:root:Looping....
DEBUG:root:This is the line: drive:-11.429:22.321

DEBUG:root:We got command: drive
DEBUG:root:We got a drive command: rawX:22.321000 and rawY:-11.429000
DEBUG:root:Reverse to the Right
DEBUG:root:Left=11.429000 Right=-33.750000
DEBUG:root:ScaledLeft: 400.715250 ScaledRight: 299.062500
INFO:root:Looping....
DEBUG:root:This is the line: drive:13.714:13.095

DEBUG:root:We got command: drive
DEBUG:root:We got a drive command: rawX:13.095000 and rawY:13.714000
DEBUG:root:Forward to the Right
DEBUG:root:Left=-13.714000 Right=0.619000
DEBUG:root:ScaledLeft: 344.143500 ScaledRight: 376.392750
INFO:root:Looping....
DEBUG:root:This is the line: drive:67.143:-5.357

DEBUG:root:We got command: drive
DEBUG:root:We got a drive command: rawX:-5.357000 and rawY:67.143000
DEBUG:root:Forward to the Left/Straight
DEBUG:root:Left=-72.500000 Right=67.143000
DEBUG:root:ScaledLeft: 211.875000 ScaledRight: 526.071750
INFO:root:Looping....
DEBUG:root:This is the line: drive:-11.429:22.321

DEBUG:root:We got command: drive
DEBUG:root:We got a drive command: rawX:22.321000 and rawY:-11.429000
DEBUG:root:Reverse to the Right
DEBUG:root:Left=11.429000 Right=-33.750000
DEBUG:root:ScaledLeft: 400.715250 ScaledRight: 299.062500
INFO:root:Looping....
DEBUG:root:This is the line: drive:13.714:13.095

DEBUG:root:We got command: drive
DEBUG:root:We got a drive command: rawX:13.095000 and rawY:13.714000
DEBUG:root:Forward to the Right
DEBUG:root:Left=-13.714000 Right=0.619000
DEBUG:root:ScaledLeft: 344.143500 ScaledRight: 376.392750
INFO:root:Looping....
DEBUG:root:This is the line: drive:67.143:-5.357

DEBUG:root:We got command: drive
DEBUG:root:We got a drive command: rawX:-5.357000 and rawY:67.143000
DEBUG:root:Forward to the Left/Straight
DEBUG:root:Left=-72.500000 Right=67.143000
DEBUG:root:ScaledLeft: 211.875000 ScaledRight: 526.071750
INFO:root:Looping....
DEBUG:root:This is the line: drive:-11.429:22.321

DEBUG:root:We got command: drive
DEBUG:root:We got a drive command: rawX:22.321000 and rawY:-11.429000
DEBUG:root:Reverse to the Right
DEBUG:root:Left=11.429000 Right=-33.750000
DEBUG:root:ScaledLeft: 400.715250 ScaledRight: 299.062500
INFO:root:Looping....
DEBUG:root:This is the line: drive:13.714:13.095

DEBUG:root:We got command: drive
DEBUG:root:We got a drive command: rawX:13.095000 and rawY:13.714000
DEBUG:root:Forward to the Right
DEBUG:root:Left=-13.714000 Right=0.619000
DEBUG:root:ScaledLeft: 344.143500 ScaledRight: 376.392750
INFO:root:Looping....
DEBUG:root:This is the line: drive:67.143:-5.357

DEBUG:root:We got command: drive
DEBUG:root:We got a drive command: rawX:-5.357000 and rawY:67.143000
DEBUG:root:Forward to the Left/Straight
DEBUG:root:Left=-72.500000 Right=67.143000
DEBUG:root:ScaledLeft: 211.875000 ScaledRight: 526.071750
INFO:root:Looping....
DEBUG:root:This is the line: drive:-11.429:22.321

DEBUG:root:We got command: drive
DEBUG:root:We got a drive command: rawX:22.321000 and rawY:-11.429000
DEBUG:root:Reverse to the Right
DEBUG:root:Left=11.429000 Right=-33.750000
DEBUG:root:ScaledLeft: 400.715250 ScaledRight: 299.062500
INFO:root:Looping....
DEBUG:root:This is the line: drive:13.714:13.095

DEBUG:root:We got command: drive
DEBUG:root:We got a drive command: rawX:13.095000 and rawY:13.714000
DEBUG:root:Forward to the Right
DEBUG:root:Left=-13.714000 Right=0.619000
DEBUG:root:ScaledLeft: 344.143500 ScaledRight: 376.392750
INFO:root:Looping....
DEBUG:root:This is the line: drive:67.143:-5.357

DEBUG:root:We got command: drive
DEBUG:root:We got a drive command: rawX:-5.357000 and rawY:67.143000
DEBUG:root:Forward to the Left/Straight
DEBUG:root:Left=-72.500000 Right=67.143000
DEBUG:root:ScaledLeft: 211.875000 ScaledRight: 526.071750
INFO:root:Looping....
DEBUG:root:This is the line: drive:-11.429:22.321

DEBUG:root:We got command: drive
DEBUG:root:We got a drive command: rawX:22.321000 and rawY:-11.429000
DEBUG:root:Reverse to the Right
DEBUG:root:Left=11.429000 Right=-33.750000
DEBUG:root:ScaledLeft: 400.715250 ScaledRight: 299.062500
INFO:root:Looping....
DEBUG:root:This is the line: drive:67.143:-5.357

DEBUG:root:We got command: drive
DEBUG:root:We got a drive command: rawX:-5.357000 and rawY:67.143000
DEBUG:root:Forward to the Left/Straight
DEBUG:root:Left=-72.500000 Right=67.143000
DEBUG:root:ScaledLeft: 211.875000 ScaledRight: 526.071750
INFO:root:Looping....
DEBUG:root:This is the line: drive:13.714:13.095

DEBUG:root:We got command: drive
DEBUG:root:We got a drive command: rawX:13.095000 and rawY:13.714000
DEBUG:root:Forward to the Right
DEBUG:root:Left=-13.714000 Right=0.619000
DEBUG:root:ScaledLeft: 344.143500 ScaledRight: 376.392750
INFO:root:Looping....
DEBUG:root:This is the line: drive:-11.429:22.321

DEBUG:root:We got command: drive
DEBUG:root:We got a drive command: rawX:22.321000 and rawY:-11.429000
DEBUG:root:Reverse to the Right
DEBUG:root:Left=11.429000 Right=-33.750000
DEBUG:root:ScaledLeft: 400.715250 ScaledRight: 299.062500
INFO:root:Looping....
DEBUG:root:This is the line: drive:13.714:13.095

DEBUG:root:We got command: drive
DEBUG:root:We got a drive command: rawX:13.095000 and rawY:13.714000
DEBUG:root:Forward to the Right
DEBUG:root:Left=-13.714000 Right=0.619000
DEBUG:root:ScaledLeft: 344.143500 ScaledRight: 376.392750
INFO:root:Looping....
DEBUG:root:This is the line: drive:67.143:-5.357

DEBUG:root:We got command: drive
DEBUG:root:We got a drive command: rawX:-5.357000 and rawY:67.143000
DEBUG:root:Forward to the Left/Straight
DEBUG:root:Left=-72.500000 Right=67.143000
DEBUG:root:ScaledLeft: 211.875000 ScaledRight: 526.071750
INFO:root:Looping....
DEBUG:root:This is the line: drive:-11.429:22.321

DEBUG:root:We got command: drive
DEBUG:root:We got a drive command: rawX:22.321000 and rawY:-11.429000
DEBUG:root:Reverse to the Right
DEBUG:root:Left=11.429000 Right=-33.750000
DEBUG:root:ScaledLeft: 400.715250 ScaledRight: 299.062500
INFO:root:Looping....
DEBUG:root:This is the line: drive:13.714:13.095

DEBUG:root:We got command: drive
DEBUG:root:We got a drive command: rawX:13.095000 and rawY:13.714000
DEBUG:root:Forward to the Right
DEBUG:root:Left=-13.714000 Right=0.619000
DEBUG:root:ScaledLeft: 344.143500 ScaledRight: 376.392750
INFO:root:Looping....
DEBUG:root:This is the line: drive:-11.429:22.321

DEBUG:root:We got command: drive
DEBUG:root:We got a drive command: rawX:22.321000 and rawY:-11.429000
DEBUG:root:Reverse to the Right
DEBUG:root:Left=11.429000 Right=-33.750000
DEBUG:root:ScaledLeft: 400.715250 ScaledRight: 299.062500
INFO:root:Looping....
DEBUG:root:This is the line: drive:67.143:-5.357

DEBUG:root:We got command: drive
DEBUG:root:We got a drive command: rawX:-5.357000 and rawY:67.143000
DEBUG:root:Forward to the Left/Straight
DEBUG:root:Left=-72.500000 Right=67.143000
DEBUG:root:ScaledLeft: 211.875000 ScaledRight: 526.071750
INFO:root:Looping....
DEBUG:root:This is the line: drive:13.714:13.095

DEBUG:root:We got command: drive
DEBUG:root:We got a drive command: rawX:13.095000 and rawY:13.714000
DEBUG:root:Forward to the Right
DEBUG:root:Left=-13.714000 Right=0.619000
DEBUG:root:ScaledLeft: 344.143500 ScaledRight: 376.392750
INFO:root:Looping....
DEBUG:root:This is the line: drive:-11.429:22.321

DEBUG:root:We got command: drive
DEBUG:root:We got a drive command: rawX:22.321000 and rawY:-11.429000
DEBUG:root:Reverse to the Right
DEBUG:root:Left=11.429000 Right=-33.750000
DEBUG:root:ScaledLeft: 400.715250 ScaledRight: 299.062500
INFO:root:Looping....
DEBUG:root:This is the line: drive:67.143:-5.357

DEBUG:root:We got command: drive
DEBUG:root:We got a drive command: rawX:-5.357000 and rawY:67.143000
DEBUG:root:Forward to the Left/Straight
DEBUG:root:Left=-72.500000 Right=67.143000
DEBUG:root:ScaledLeft: 211.875000 ScaledRight: 526.071750
INFO:root:Looping....
DEBUG:root:This is the line: drive:13.714:13.095

DEBUG:root:We got command: drive
DEBUG:root:We got a drive command: rawX:13.095000 and rawY:13.714000
DEBUG:root:Forward to the Right
DEBUG:root:Left=-13.714000 Right=0.619000
DEBUG:root:ScaledLeft: 344.143500 ScaledRight: 376.392750
INFO:root:Looping....
DEBUG:root:This is the line: drive:-11.429:22.321

DEBUG:root:We got command: drive
DEBUG:root:We got a drive command: rawX:22.321000 and rawY:-11.429000
DEBUG:root:Reverse to the Right
DEBUG:root:Left=11.429000 Right=-33.750000
DEBUG:root:ScaledLeft: 400.715250 ScaledRight: 299.062500
INFO:root:Looping....
DEBUG:root:This is the line: drive:67.143:-5.357

DEBUG:root:We got command: drive
DEBUG:root:We got a drive command: rawX:-5.357000 and rawY:67.143000
DEBUG:root:Forward to the Left/Straight
DEBUG:root:Left=-72.500000 Right=67.143000
DEBUG:root:ScaledLeft: 211.875000 ScaledRight: 526.071750
INFO:root:Looping....
DEBUG:root:This is the line: drive:-11.429:22.321

DEBUG:root:We got command: drive
DEBUG:root:We got a drive command: rawX:22.321000 and rawY:-11.429000
DEBUG:root:Reverse to the Right
DEBUG:root:Left=11.429000 Right=-33.750000
DEBUG:root:ScaledLeft: 400.715250 ScaledRight: 299.062500
INFO:root:Looping....
DEBUG:root:This is the line: drive:13.714:13.095

DEBUG:root:We got command: drive
DEBUG:root:We got a drive command: rawX:13.095000 and rawY:13.714000
DEBUG:root:Forward to the Right
DEBUG:root:Left=-13.714000 Right=0.619000
DEBUG:root:ScaledLeft: 344.143500 ScaledRight: 376.392750
INFO:root:Looping....
DEBUG:root:This is the line: drive:67.143:-5.357

DEBUG:root:We got command: drive
DEBUG:root:We got a drive command: rawX:-5.357000 and rawY:67.143000
DEBUG:root:Forward to the Left/Straight
DEBUG:root:Left=-72.500000 Right=67.143000
DEBUG:root:ScaledLeft: 211.875000 ScaledRight: 526.071750
INFO:root:Looping....
DEBUG:root:This is the line: drive:-11.429:22.321

DEBUG:root:We got command: drive
DEBUG:root:We got a drive command: rawX:22.321000 and rawY:-11.429000
DEBUG:root:Reverse to the Right
DEBUG:root:Left=11.429000 Right=-33.750000
DEBUG:root:ScaledLeft: 400.715250 ScaledRight: 299.062500
INFO:root:Looping....
DEBUG:root:This is the line: drive:13.714:13.095

DEBUG:root:We got command: drive
DEBUG:root:We got a drive command: rawX:13.095000 and rawY:13.714000
DEBUG:root:Forward to the Right
DEBUG:root:Left=-13.714000 Right=0.619000
DEBUG:root:ScaledLeft: 344.143500 ScaledRight: 376.392750
INFO:root:Looping....
DEBUG:root:This is the line: drive:-11.429:22.321

DEBUG:root:We got command: drive
DEBUG:root:We got a drive command: rawX:22.321000 and rawY:-11.429000
DEBUG:root:Reverse to the Right
DEBUG:root:Left=11.429000 Right=-33.750000
DEBUG:root:ScaledLeft: 400.715250 ScaledRight: 299.062500
INFO:root:Looping....
DEBUG:root:This is the line: drive:67.143:-5.357

DEBUG:root:We got command: drive
DEBUG:root:We got a drive command: rawX:-5.357000 and rawY:67.143000
DEBUG:root:Forward to the Left/Straight
DEBUG:root:Left=-72.500000 Right=67.143000
DEBUG:root:ScaledLeft: 211.875000 ScaledRight: 526.071750
INFO:root:Looping....
DEBUG:root:This is the line: drive:13.714:13.095

DEBUG:root:We got command: drive
DEBUG:root:We got a drive command: rawX:13.095000 and rawY:13.714000
DEBUG:root:Forward to the Right
DEBUG:root:Left=-13.714000 Right=0.619000
DEBUG:root:ScaledLeft: 344.143500 ScaledRight: 376.392750
INFO:root:Looping....
DEBUG:root:This is the line: drive:-11.429:22.321

DEBUG:root:We got command: drive
DEBUG:root:We got a drive command: rawX:22.321000 and rawY:-11.429000
DEBUG:root:Reverse to the Right
DEBUG:root:Left=11.429000 Right=-33.750000
DEBUG:root:ScaledLeft: 400.715250 ScaledRight: 299.062500
INFO:root:Looping....
DEBUG:root:This is the line: drive:67.143:-5.357

DEBUG:root:We got command: drive
DEBUG:root:We got a drive command: rawX:-5.357000 and rawY:67.143000
DEBUG:root:Forward to the Left/Straight
DEBUG:root:Left=-72.500000 Right=67.143000
DEBUG:root:ScaledLeft: 211.875000 ScaledRight: 526.071750
INFO:root:Looping....
DEBUG:root:This is the line: drive:13.714:13.095

DEBUG:root:We got command: drive
DEBUG:root:We got a drive command: rawX:13.095000 and rawY:13.714000
DEBUG:root:Forward to the Right
DEBUG:root:Left=-13.714000 Right=0.619000
DEBUG:root:ScaledLeft: 344.143500 ScaledRight: 376.392750
INFO:root:Looping....
DEBUG:root:This is the line: drive:-11.429:22.321

DEBUG:root:We got command: drive
DEBUG:root:We got a drive command: rawX:22.321000 and rawY:-11.429000
DEBUG:root:Reverse to the Right
DEBUG:root:Left=11.429000 Right=-33.750000
DEBUG:root:ScaledLeft: 400.715250 ScaledRight: 299.062500
INFO:root:Looping....
DEBUG:root:This is the line: drive:67.143:-5.357

DEBUG:root:We got command: drive
DEBUG:root:We got a drive command: rawX:-5.357000 and rawY:67.143000
DEBUG:root:Forward to the Left/Straight
DEBUG:root:Left=-72.500000 Right=67.143000
DEBUG:root:ScaledLeft: 211.875000 ScaledRight: 526.071750
INFO:root:Looping....
DEBUG:root:This is the line: drive:13.714:13.095

DEBUG:root:We got command: drive
DEBUG:root:We got a drive command: rawX:13.095000 and rawY:13.714000
DEBUG:root:Forward to the Right
DEBUG:root:Left=-13.714000 Right=0.619000
DEBUG:root:ScaledLeft: 344.143500 ScaledRight: 376.392750
INFO:root:Looping....
DEBUG:root:This is the line: drive:-11.429:22.321

DEBUG:root:We got command: drive
DEBUG:root:We got a drive command: rawX:22.321000 and rawY:-11.429000
DEBUG:root:Reverse to the Right
DEBUG:root:Left=11.429000 Right=-33.750000
DEBUG:root:ScaledLeft: 400.715250 ScaledRight: 299.062500
INFO:root:Looping....
DEBUG:root:This is the line: drive:67.143:-5.357

DEBUG:root:We got command: drive
DEBUG:root:We got a drive command: rawX:-5.357000 and rawY:67.143000
DEBUG:root:Forward to the Left/Straight
DEBUG:root:Left=-72.500000 Right=67.143000
DEBUG:root:ScaledLeft: 211.875000 ScaledRight: 526.071750
INFO:root:Looping....
DEBUG:root:This is the line: drive:13.714:13.095

DEBUG:root:We got command: drive
DEBUG:root:We got a drive command: rawX:13.095000 and rawY:13.714000
DEBUG:root:Forward to the Right
DEBUG:root:Left=-13.714000 Right=0.619000
DEBUG:root:ScaledLeft: 344.143500 ScaledRight: 376.392750
INFO:root:Looping....
DEBUG:root:This is the line: drive:67.143:-5.357

DEBUG:root:We got command: drive
DEBUG:root:We got a drive command: rawX:-5.357000 and rawY:67.143000
DEBUG:root:Forward to the Left/Straight
DEBUG:root:Left=-72.500000 Right=67.143000
DEBUG:root:ScaledLeft: 211.875000 ScaledRight: 526.071750
INFO:root:Looping....
DEBUG:root:This is the line: drive:-11.429:22.321

DEBUG:root:We got command: drive
DEBUG:root:We got a drive command: rawX:22.321000 and rawY:-11.429000
DEBUG:root:Reverse to the Right
DEBUG:root:Left=11.429000 Right=-33.750000
DEBUG:root:ScaledLeft: 400.715250 ScaledRight: 299.062500
INFO:root:Looping....
DEBUG:root:This is the line: drive:13.714:13.095

DEBUG:root:We got command: drive
DEBUG:root:We got a drive command: rawX:13.095000 and rawY:13.714000
DEBUG:root:Forward to the Right
DEBUG:root:Left=-13.714000 Right=0.619000
DEBUG:root:ScaledLeft: 344.143500 ScaledRight: 376.392750
INFO:root:Looping....
DEBUG:root:This is the line: drive:67.143:-5.357

DEBUG:root:We got command: drive
DEBUG:root:We got a drive command: rawX:-5.357000 and rawY:67.143000
DEBUG:root:Forward to the Left/Straight
DEBUG:root:Left=-72.500000 Right=67.143000
DEBUG:root:ScaledLeft: 211.875000 ScaledRight: 526.071750
INFO:root:Looping....
DEBUG:root:This is the line: drive:-11.429:22.321

DEBUG:root:We got command: drive
DEBUG:root:We got a drive command: rawX:22.321000 and rawY:-11.429000
DEBUG:root:Reverse to the Right
DEBUG:root:Left=11.429000 Right=-33.750000
DEBUG:root:ScaledLeft: 400.715250 ScaledRight: 299.062500
INFO:root:Looping....
DEBUG:root:This is the line: drive:13.714:13.095

DEBUG:root:We got command: drive
DEBUG:root:We got a drive command: rawX:13.095000 and rawY:13.714000
DEBUG:root:Forward to the Right
DEBUG:root:Left=-13.714000 Right=0.619000
DEBUG:root:ScaledLeft: 344.143500 ScaledRight: 376.392750
INFO:root:Looping....
DEBUG:root:This is the line: drive:67.143:-5.357

DEBUG:root:We got command: drive
DEBUG:root:We got a drive command: rawX:-5.357000 and rawY:67.143000
DEBUG:root:Forward to the Left/Straight
DEBUG:root:Left=-72.500000 Right=67.143000
DEBUG:root:ScaledLeft: 211.875000 ScaledRight: 526.071750
INFO:root:Looping....
DEBUG:root:This is the line: drive:13.714:13.095

DEBUG:root:We got command: drive
DEBUG:root:We got a drive command: rawX:13.095000 and rawY:13.714000
DEBUG:root:Forward to the Right
DEBUG:root:Left=-13.714000 Right=0.619000
DEBUG:root:ScaledLeft: 344.143500 ScaledRight: 376.392750
INFO:root:Looping....
DEBUG:root:This is the line: drive:-11.429:22.321

DEBUG:root:We got command: drive
DEBUG:root:We got a drive command: rawX:22.321000 and rawY:-11.429000
DEBUG:root:Reverse to the Right
DEBUG:root:Left=11.429000 Right=-33.750000
DEBUG:root:ScaledLeft: 400.715250 ScaledRight: 299.062500
INFO:root:Looping....
DEBUG:root:This is the line: drive:13.714:13.095

DEBUG:root:We got command: drive
DEBUG:root:We got a drive command: rawX:13.095000 and rawY:13.714000
DEBUG:root:Forward to the Right
DEBUG:root:Left=-13.714000 Right=0.619000
DEBUG:root:ScaledLeft: 344.143500 ScaledRight: 376.392750
INFO:root:Looping....
DEBUG:root:This is the line: drive:-11.429:22.321

DEBUG:root:We got command: drive
DEBUG:root:We got a drive command: rawX:22.321000 and rawY:-11.429000
DEBUG:root:Reverse to the Right
DEBUG:root:Left=11.429000 Right=-33.750000
DEBUG:root:ScaledLeft: 400.715250 ScaledRight: 299.062500
INFO:root:Looping....
DEBUG:root:This is the line: drive:67.143:-5.357

DEBUG:root:We got command: drive
DEBUG:root:We got a drive command: rawX:-5.357000 and rawY:67.143000
DEBUG:root:Forward to the Left/Straight
DEBUG:root:Left=-72.500000 Right=67.143000
DEBUG:root:ScaledLeft: 211.875000 ScaledRight: 526.071750
INFO:root:Looping....
DEBUG:root:This is the line: drive:13.714:13.095

DEBUG:root:We got command: drive
DEBUG:root:We got a drive command: rawX:13.095000 and rawY:13.714000
DEBUG:root:Forward to the Right
DEBUG:root:Left=-13.714000 Right=0.619000
DEBUG:root:ScaledLeft: 344.143500 ScaledRight: 376.392750
INFO:root:Looping....
DEBUG:root:This is the line: drive:-11.429:22.321

DEBUG:root:We got command: drive
DEBUG:root:We got a drive command: rawX:22.321000 and rawY:-11.429000
DEBUG:root:Reverse to the Right
DEBUG:root:Left=11.429000 Right=-33.750000
DEBUG:root:ScaledLeft: 400.715250 ScaledRight: 299.062500
INFO:root:Looping....
DEBUG:root:This is the line: drive:67.143:-5.357

DEBUG:root:We got command: drive
DEBUG:root:We got a drive command: rawX:-5.357000 and rawY:67.143000
DEBUG:root:Forward to the Left/Straight
DEBUG:root:Left=-72.500000 Right=67.143000
DEBUG:root:ScaledLeft: 211.875000 ScaledRight: 526.071750
INFO:root:Looping....
DEBUG:root:This is the line: drive:13.714:13.095

DEBUG:root:We got command: drive
DEBUG:root:We got a drive command: rawX:13.095000 and rawY:13.714000
DEBUG:root:Forward to the Right
DEBUG:root:Left=-13.714000 Right=0.619000
DEBUG:root:ScaledLeft: 344.143500 ScaledRight: 376.392750
INFO:root:Looping....
DEBUG:root:This is the line: drive:67.143:-5.357

DEBUG:root:We got command: drive
DEBUG:root:We got a drive command: rawX:-5.357000 and rawY:67.143000
DEBUG:root:Forward to the Left/Straight
DEBUG:root:Left=-72.500000 Right=67.143000
DEBUG:root:ScaledLeft: 211.875000 ScaledRight: 526.071750
INFO:root:Looping....
DEBUG:root:This is the line: drive:-11.429:22.321

DEBUG:root:We got command: drive
DEBUG:root:We got a drive command: rawX:22.321000 and rawY:-11.429000
DEBUG:root:Reverse to the Right
DEBUG:root:Left=11.429000 Right=-33.750000
DEBUG:root:ScaledLeft: 400.715250 ScaledRight: 299.062500
INFO:root:Looping....
DEBUG:root:This is the line: drive:13.714:13.095

DEBUG:root:We got command: drive
DEBUG:root:We got a drive command: rawX:13.095000 and rawY:13.714000
DEBUG:root:Forward to the Right
DEBUG:root:Left=-13.714000 Right=0.619000
DEBUG:root:ScaledLeft: 344.143500 ScaledRight: 376.392750
INFO:root:Looping....
DEBUG:root:This is the line: drive:67.143:-5.357

DEBUG:root:We got command: drive
DEBUG:root:We got a drive command: rawX:-5.357000 and rawY:67.143000
DEBUG:root:Forward to the Left/Straight
DEBUG:root:Left=-72.500000 Right=67.143000
DEBUG:root:ScaledLeft: 211.875000 ScaledRight: 526.071750
INFO:root:Looping....
DEBUG:root:This is the line: drive:-11.429:22.321

DEBUG:root:We got command: drive
DEBUG:root:We got a drive command: rawX:22.321000 and rawY:-11.429000
DEBUG:root:Reverse to the Right
DEBUG:root:Left=11.429000 Right=-33.750000
DEBUG:root:ScaledLeft: 400.715250 ScaledRight: 299.062500
INFO:root:Looping....
DEBUG:root:This is the line: drive:13.714:13.095

DEBUG:root:We got command: drive
DEBUG:root:We got a drive command: rawX:13.095000 and rawY:13.714000
DEBUG:root:Forward to the Right
DEBUG:root:Left=-13.714000 Right=0.619000
DEBUG:root:ScaledLeft: 344.143500 ScaledRight: 376.392750
INFO:root:Looping....
DEBUG:root:This is the line: drive:-11.429:22.321

DEBUG:root:We got command: drive
DEBUG:root:We got a drive command: rawX:22.321000 and rawY:-11.429000
DEBUG:root:Reverse to the Right
DEBUG:root:Left=11.429000 Right=-33.750000
DEBUG:root:ScaledLeft: 400.715250 ScaledRight: 299.062500
INFO:root:Looping....
DEBUG:root:This is the line: drive:67.143:-5.357

DEBUG:root:We got command: drive
DEBUG:root:We got a drive command: rawX:-5.357000 and rawY:67.143000
DEBUG:root:Forward to the Left/Straight
DEBUG:root:Left=-72.500000 Right=67.143000
DEBUG:root:ScaledLeft: 211.875000 ScaledRight: 526.071750
INFO:root:Looping....
DEBUG:root:This is the line: drive:13.714:13.095

DEBUG:root:We got command: drive
DEBUG:root:We got a drive command: rawX:13.095000 and rawY:13.714000
DEBUG:root:Forward to the Right
DEBUG:root:Left=-13.714000 Right=0.619000
DEBUG:root:ScaledLeft: 344.143500 ScaledRight: 376.392750
INFO:root:Looping....
DEBUG:root:This is the line: drive:67.143:-5.357

DEBUG:root:We got command: drive
DEBUG:root:We got a drive command: rawX:-5.357000 and rawY:67.143000
DEBUG:root:Forward to the Left/Straight
DEBUG:root:Left=-72.500000 Right=67.143000
DEBUG:root:ScaledLeft: 211.875000 ScaledRight: 526.071750
INFO:root:Looping....
DEBUG:root:This is the line: drive:13.714:13.095

DEBUG:root:We got command: drive
DEBUG:root:We got a drive command: rawX:13.095000 and rawY:13.714000
DEBUG:root:Forward to the Right
DEBUG:root:Left=-13.714000 Right=0.619000
DEBUG:root:ScaledLeft: 344.143500 ScaledRight: 376.392750
INFO:root:Looping....
DEBUG:root:This is the line: drive:-11.429:22.321

DEBUG:root:We got command: drive
DEBUG:root:We got a drive command: rawX:22.321000 and rawY:-11.429000
DEBUG:root:Reverse to the Right
DEBUG:root:Left=11.429000 Right=-33.750000
DEBUG:root:ScaledLeft: 400.715250 ScaledRight: 299.062500
INFO:root:Looping....
DEBUG:root:This is the line: drive:13.714:13.095

DEBUG:root:We got command: drive
DEBUG:root:We got a drive command: rawX:13.095000 and rawY:13.714000
DEBUG:root:Forward to the Right
DEBUG:root:Left=-13.714000 Right=0.619000
DEBUG:root:ScaledLeft: 344.143500 ScaledRight: 376.392750
INFO:root:Looping....
DEBUG:root:This is the line: drive:67.143:-5.357

DEBUG:root:We got command: drive
DEBUG:root:We got a drive command: rawX:-5.357000 and rawY:67.143000
DEBUG:root:Forward to the Left/Straight
DEBUG:root:Left=-72.500000 Right=67.143000
DEBUG:root:ScaledLeft: 211.875000 ScaledRight: 526.071750
INFO:root:Looping....
DEBUG:root:This is the line: drive:-11.429:22.321

DEBUG:root:We got command: drive
DEBUG:root:We got a drive command: rawX:22.321000 and rawY:-11.429000
DEBUG:root:Reverse to the Right
DEBUG:root:Left=11.429000 Right=-33.750000
DEBUG:root:ScaledLeft: 400.715250 ScaledRight: 299.062500
INFO:root:Looping....
DEBUG:root:This is the line: drive:13.714:13.095

DEBUG:root:We got command: drive
DEBUG:root:We got a drive command: rawX:13.095000 and rawY:13.714000
DEBUG:root:Forward to the Right
DEBUG:root:Left=-13.714000 Right=0.619000
DEBUG:root:ScaledLeft: 344.143500 ScaledRight: 376.392750
INFO:root:Looping....
DEBUG:root:This is the line: drive:-11.429:22.321

DEBUG:root:We got command: drive
DEBUG:root:We got a drive command: rawX:22.321000 and rawY:-11.429000
DEBUG:root:Reverse to the Right
DEBUG:root:Left=11.429000 Right=-33.750000
DEBUG:root:ScaledLeft: 400.715250 ScaledRight: 299.062500
INFO:root:Looping....
DEBUG:root:This is the line: drive:67.143:-5.357

DEBUG:root:We got command: drive
DEBUG:root:We got a drive command: rawX:-5.357000 and rawY:67.143000
DEBUG:root:Forward to the Left/Straight
DEBUG:root:Left=-72.500000 Right=67.143000
DEBUG:root:ScaledLeft: 211.875000 ScaledRight: 526.071750
INFO:root:Looping....
DEBUG:root:This is the line: drive:13.714:13.095

DEBUG:root:We got command: drive
DEBUG:root:We got a drive command: rawX:13.095000 and rawY:13.714000
DEBUG:root:Forward to the Right
DEBUG:root:Left=-13.714000 Right=0.619000
DEBUG:root:ScaledLeft: 344.143500 ScaledRight: 376.392750
INFO:root:Looping....
DEBUG:root:This is the line: drive:-11.429:22.321

DEBUG:root:We got command: drive
DEBUG:root:We got a drive command: rawX:22.321000 and rawY:-11.429000
DEBUG:root:Reverse to the Right
DEBUG:root:Left=11.429000 Right=-33.750000
DEBUG:root:ScaledLeft: 400.715250 ScaledRight: 299.062500
INFO:root:Looping....
DEBUG:root:This is the line: drive:67.143:-5.357

DEBUG:root:We got command: drive
DEBUG:root:We got a drive command: rawX:-5.357000 and rawY:67.143000
DEBUG:root:Forward to the Left/Straight
DEBUG:root:Left=-72.500000 Right=67.143000
DEBUG:root:ScaledLeft: 211.875000 ScaledRight: 526.071750
INFO:root:Looping....
DEBUG:root:This is the line: drive:13.714:13.095

DEBUG:root:We got command: drive
DEBUG:root:We got a drive command: rawX:13.095000 and rawY:13.714000
DEBUG:root:Forward to the Right
DEBUG:root:Left=-13.714000 Right=0.619000
DEBUG:root:ScaledLeft: 344.143500 ScaledRight: 376.392750
INFO:root:Looping....
DEBUG:root:This is the line: drive:-11.429:22.321

DEBUG:root:We got command: drive
DEBUG:root:We got a drive command: rawX:22.321000 and rawY:-11.429000
DEBUG:root:Reverse to the Right
DEBUG:root:Left=11.429000 Right=-33.750000
DEBUG:root:ScaledLeft: 400.715250 ScaledRight: 299.062500
INFO:root:Looping....
DEBUG:root:This is the line: drive:67.143:-5.357

DEBUG:root:We got command: drive
DEBUG:root:We got a drive command: rawX:-5.357000 and rawY:67.143000
DEBUG:root:Forward to the Left/Straight
DEBUG:root:Left=-72.500000 Right=67.143000
DEBUG:root:ScaledLeft: 211.875000 ScaledRight: 526.071750
INFO:root:Looping....
DEBUG:root:This is the line: drive:13.714:13.095

DEBUG:root:We got command: drive
DEBUG:root:We got a drive command: rawX:13.095000 and rawY:13.714000
DEBUG:root:Forward to the Right
DEBUG:root:Left=-13.714000 Right=0.619000
DEBUG:root:ScaledLeft: 344.143500 ScaledRight: 376.392750
INFO:root:Looping....
DEBUG:root:This is the line: drive:-11.429:22.321

DEBUG:root:We got command: drive
DEBUG:root:We got a drive command: rawX:22.321000 and rawY:-11.429000
DEBUG:root:Reverse to the Right
DEBUG:root:Left=11.429000 Right=-33.750000
DEBUG:root:ScaledLeft: 400.715250 ScaledRight: 299.062500
INFO:root:Looping....
DEBUG:root:This is the line: drive:13.714:13.095

DEBUG:root:We got command: drive
DEBUG:root:We got a drive command: rawX:13.095000 and rawY:13.714000
DEBUG:root:Forward to the Right
DEBUG:root:Left=-13.714000 Right=0.619000
DEBUG:root:ScaledLeft: 344.143500 ScaledRight: 376.392750
INFO:root:Looping....
DEBUG:root:This is the line: drive:67.143:-5.357

DEBUG:root:We got command: drive
DEBUG:root:We got a drive command: rawX:-5.357000 and rawY:67.143000
DEBUG:root:Forward to the Left/Straight
DEBUG:root:Left=-72.500000 Right=67.143000
DEBUG:root:ScaledLeft: 211.875000 ScaledRight: 526.071750
INFO:root:Looping....
DEBUG:root:This is the line: drive:-11.429:22.321

DEBUG:root:We got command: drive
DEBUG:root:We got a drive command: rawX:22.321000 and rawY:-11.429000
DEBUG:root:Reverse to the Right
DEBUG:root:Left=11.429000 Right=-33.750000
DEBUG:root:ScaledLeft: 400.715250 ScaledRight: 299.062500
INFO:root:Looping....
DEBUG:root:This is the line: drive:13.714:13.095

DEBUG:root:We got command: drive
DEBUG:root:We got a drive command: rawX:13.095000 and rawY:13.714000
DEBUG:root:Forward to the Right
DEBUG:root:Left=-13.714000 Right=0.619000
DEBUG:root:ScaledLeft: 344.143500 ScaledRight: 376.392750
INFO:root:Looping....
DEBUG:root:This is the line: drive:67.143:-5.357

DEBUG:root:We got command: drive
DEBUG:root:We got a drive command: rawX:-5.357000 and rawY:67.143000
DEBUG:root:Forward to the Left/Straight
DEBUG:root:Left=-72.500000 Right=67.143000
DEBUG:root:ScaledLeft: 211.875000 ScaledRight: 526.071750
INFO:root:Looping....
DEBUG:root:This is the line: drive:13.714:13.095

DEBUG:root:We got command: drive
DEBUG:root:We got a drive command: rawX:13.095000 and rawY:13.714000
DEBUG:root:Forward to the Right
DEBUG:root:Left=-13.714000 Right=0.619000
DEBUG:root:ScaledLeft: 344.143500 ScaledRight: 376.392750
INFO:root:Looping....
DEBUG:root:This is the line: drive:67.143:-5.357

DEBUG:root:We got command: drive
DEBUG:root:We got a drive command: rawX:-5.357000 and rawY:67.143000
DEBUG:root:Forward to the Left/Straight
DEBUG:root:Left=-72.500000 Right=67.143000
DEBUG:root:ScaledLeft: 211.875000 ScaledRight: 526.071750
INFO:root:Looping....
DEBUG:root:This is the line: drive:-11.429:22.321

DEBUG:root:We got command: drive
DEBUG:root:We got a drive command: rawX:22.321000 and rawY:-11.429000
DEBUG:root:Reverse to the Right
DEBUG:root:Left=11.429000 Right=-33.750000
DEBUG:root:ScaledLeft: 400.715250 ScaledRight: 299.062500
INFO:root:Looping....
DEBUG:root:This is the line: drive:67.143:-5.357

DEBUG:root:We got command: drive
DEBUG:root:We got a drive command: rawX:-5.357000 and rawY:67.143000
DEBUG:root:Forward to the Left/Straight
DEBUG:root:Left=-72.500000 Right=67.143000
DEBUG:root:ScaledLeft: 211.875000 ScaledRight: 526.071750
INFO:root:Looping....
DEBUG:root:This is the line: drive:13.714:13.095

DEBUG:root:We got command: drive
DEBUG:root:We got a drive command: rawX:13.095000 and rawY:13.714000
DEBUG:root:Forward to the Right
DEBUG:root:Left=-13.714000 Right=0.619000
DEBUG:root:ScaledLeft: 344.143500 ScaledRight: 376.392750
INFO:root:Looping....
DEBUG:root:This is the line: drive:-11.429:22.321

DEBUG:root:We got command: drive
DEBUG:root:We got a drive command: rawX:22.321000 and rawY:-11.429000
DEBUG:root:Reverse to the Right
DEBUG:root:Left=11.429000 Right=-33.750000
DEBUG:root:ScaledLeft: 400.715250 ScaledRight: 299.062500
INFO:root:Looping....
DEBUG:root:This is the line: drive:67.143:-5.357

DEBUG:root:We got command: drive
DEBUG:root:We got a drive command: rawX:-5.357000 and rawY:67.143000
DEBUG:root:Forward to the Left/Straight
DEBUG:root:Left=-72.500000 Right=67.143000
DEBUG:root:ScaledLeft: 211.875000 ScaledRight: 526.071750
INFO:root:Looping....
DEBUG:root:This is the line: drive:13.714:13.095

DEBUG:root:We got command: drive
DEBUG:root:We got a drive command: rawX:13.095000 and rawY:13.714000
DEBUG:root:Forward to the Right
DEBUG:root:Left=-13.714000 Right=0.619000
DEBUG:root:ScaledLeft: 344.143500 ScaledRight: 376.392750
INFO:root:Looping....
DEBUG:root:This is the line: drive:-11.429:22.321

DEBUG:root:We got command: drive
DEBUG:root:We got a drive command: rawX:22.321000 and rawY:-11.429000
DEBUG:root:Reverse to the Right
DEBUG:root:Left=11.429000 Right=-33.750000
DEBUG:root:ScaledLeft: 400.715250 ScaledRight: 299.062500
INFO:root:Looping....
DEBUG:root:This is the line: drive:13.714:13.095

DEBUG:root:We got command: drive
DEBUG:root:We got a drive command: rawX:13.095000 and rawY:13.714000
DEBUG:root:Forward to the Right
DEBUG:root:Left=-13.714000 Right=0.619000
DEBUG:root:ScaledLeft: 344.143500 ScaledRight: 376.392750
INFO:root:Looping....
DEBUG:root:This is the line: drive:67.143:-5.357

DEBUG:root:We got command: drive
DEBUG:root:We got a drive command: rawX:-5.357000 and rawY:67.143000
DEBUG:root:Forward to the Left/Straight
DEBUG:root:Left=-72.500000 Right=67.143000
DEBUG:root:ScaledLeft: 211.875000 ScaledRight: 526.071750
INFO:root:Looping....
DEBUG:root:This is the line: drive:-11.429:22.321

DEBUG:root:We got command: drive
DEBUG:root:We got a drive command: rawX:22.321000 and rawY:-11.429000
DEBUG:root:Reverse to the Right
DEBUG:root:Left=11.429000 Right=-33.750000
DEBUG:root:ScaledLeft: 400.715250 ScaledRight: 299.062500
INFO:root:Looping....
DEBUG:root:This is the line: drive:67.143:-5.357

DEBUG:root:We got command: drive
DEBUG:root:We got a drive command: rawX:-5.357000 and rawY:67.143000
DEBUG:root:Forward to the Left/Straight
DEBUG:root:Left=-72.500000 Right=67.143000
DEBUG:root:ScaledLeft: 211.875000 ScaledRight: 526.071750
INFO:root:Looping....
DEBUG:root:This is the line: drive:13.714:13.095

DEBUG:root:We got command: drive
DEBUG:root:We got a drive command: rawX:13.095000 and rawY:13.714000
DEBUG:root:Forward to the Right
DEBUG:root:Left=-13.714000 Right=0.619000
DEBUG:root:ScaledLeft: 344.143500 ScaledRight: 376.392750
INFO:root:Looping....
DEBUG:root:This is the line: EMERGENCYSTOP:STOP

DEBUG:root:We got command: EMERGENCYSTOP
INFO:root:We got the EMERGENCY STOP command.
INFO:root:Looping....
DEBUG:root:This is the line: drive:-11.429:22.321

DEBUG:root:We got command: drive
DEBUG:root:We got a drive command: rawX:22.321000 and rawY:-11.429000
DEBUG:root:Reverse to the Right
DEBUG:root:Left=11.429000 Right=-33.750000
DEBUG:root:ScaledLeft: 400.715250 ScaledRight: 299.062500
INFO:root:Looping....
DEBUG:root:This is the line: drive:67.143:-5.357

DEBUG:root:We got command: drive
DEBUG:root:We got a drive command: rawX:-5.357000 and rawY:67.143000
DEBUG:root:Forward to the Left/Straight
DEBUG:root:Left=-72.500000 Right=67.143000
DEBUG:root:ScaledLeft: 211.875000 ScaledRight: 526.071750
INFO:root:Looping....
DEBUG:root:This is the line: drive:13.714:13.095

DEBUG:root:We got command: drive
DEBUG:root:We got a drive command: rawX:13.095000 and rawY:13.714000
DEBUG:root:Forward to the Right
DEBUG:root:Left=-13.714000 Right=0.619000
DEBUG:root:ScaledLeft: 344.143500 ScaledRight: 376.392750
INFO:root:Looping....
DEBUG:root:This is the line: drive:-11.429:22.321

DEBUG:root:We got command: drive
DEBUG:root:We got a drive command: rawX:22.321000 and rawY:-11.429000
DEBUG:root:Reverse to the Right
DEBUG:root:Left=11.429000 Right=-33.750000
DEBUG:root:ScaledLeft: 400.715250 ScaledRight: 299.062500
INFO:root:Looping....
DEBUG:root:This is the line: drive:67.143:-5.357

DEBUG:root:We got command: drive
DEBUG:root:We got a drive command: rawX:-5.357000 and rawY:67.143000
DEBUG:root:Forward to the Left/Straight
DEBUG:root:Left=-72.500000 Right=67.143000
DEBUG:root:ScaledLeft: 211.875000 ScaledRight: 526.071750
INFO:root:Looping....
DEBUG:root:This is the line: drive:13.714:13.095

DEBUG:root:We got command: drive
DEBUG:root:We got a drive command: rawX:13.095000 and rawY:13.714000
DEBUG:root:Forward to the Right
DEBUG:root:Left=-13.714000 Right=0.619000
DEBUG:root:ScaledLeft: 344.143500 ScaledRight: 376.392750
INFO:root:Looping....
DEBUG:root:This is the line: drive:-11.429:22.321

DEBUG:root:We got command: drive
DEBUG:root:We got a drive command: rawX:22.321000 and rawY:-11.429000
DEBUG:root:Reverse to the Right
DEBUG:root:Left=11.429000 Right=-33.750000
DEBUG:root:ScaledLeft: 400.715250 ScaledRight: 299.062500
INFO:root:Looping....
DEBUG:root:This is the line: drive:67.143:-5.357

DEBUG:root:We got command: drive
DEBUG:root:We got a drive command: rawX:-5.357000 and rawY:67.143000
DEBUG:root:Forward to the Left/Straight
DEBUG:root:Left=-72.500000 Right=67.143000
DEBUG:root:ScaledLeft: 211.875000 ScaledRight: 526.071750
INFO:root:Looping....
DEBUG:root:This is the line: drive:13.714:13.095

DEBUG:root:We got command: drive
DEBUG:root:We got a drive command: rawX:13.095000 and rawY:13.714000
DEBUG:root:Forward to the Right
DEBUG:root:Left=-13.714000 Right=0.619000
DEBUG:root:ScaledLeft: 344.143500 ScaledRight: 376.392750
INFO:root:Looping....
DEBUG:root:This is the line: drive:-11.429:22.321

DEBUG:root:We got command: drive
DEBUG:root:We got a drive command: rawX:22.321000 and rawY:-11.429000
DEBUG:root:Reverse to the Right
DEBUG:root:Left=11.429000 Right=-33.750000
DEBUG:root:ScaledLeft: 400.715250 ScaledRight: 299.062500
INFO:root:Looping....
DEBUG:root:This is the line: drive:67.143:-5.357

DEBUG:root:We got command: drive
DEBUG:root:We got a drive command: rawX:-5.357000 and rawY:67.143000
DEBUG:root:Forward to the Left/Straight
DEBUG:root:Left=-72.500000 Right=67.143000
DEBUG:root:ScaledLeft: 211.875000 ScaledRight: 526.071750
INFO:root:Looping....
DEBUG:root:This is the line: drive:13.714:13.095

DEBUG:root:We got command: drive
DEBUG:root:We got a drive command: rawX:13.095000 and rawY:13.714000
DEBUG:root:Forward to the Right
DEBUG:root:Left=-13.714000 Right=0.619000
DEBUG:root:ScaledLeft: 344.143500 ScaledRight: 376.392750
INFO:root:Looping....
DEBUG:root:This is the line: drive:-11.429:22.321

DEBUG:root:We got command: drive
DEBUG:root:We got a drive command: rawX:22.321000 and rawY:-11.429000
DEBUG:root:Reverse to the Right
DEBUG:root:Left=11.429000 Right=-33.750000
DEBUG:root:ScaledLeft: 400.715250 ScaledRight: 299.062500
INFO:root:Looping....
DEBUG:root:This is the line: drive:-11.429:22.321

DEBUG:root:We got command: drive
DEBUG:root:We got a drive command: rawX:22.321000 and rawY:-11.429000
DEBUG:root:Reverse to the Right
DEBUG:root:Left=11.429000 Right=-33.750000
DEBUG:root:ScaledLeft: 400.715250 ScaledRight: 299.062500
INFO:root:Looping....
DEBUG:root:This is the line: drive:67.143:-5.357

DEBUG:root:We got command: drive
DEBUG:root:We got a drive command: rawX:-5.357000 and rawY:67.143000
DEBUG:root:Forward to the Left/Straight
DEBUG:root:Left=-72.500000 Right=67.143000
DEBUG:root:ScaledLeft: 211.875000 ScaledRight: 526.071750
INFO:root:Looping....
DEBUG:root:This is the line: drive:13.714:13.095

DEBUG:root:We got command: drive
DEBUG:root:We got a drive command: rawX:13.095000 and rawY:13.714000
DEBUG:root:Forward to the Right
DEBUG:root:Left=-13.714000 Right=0.619000
DEBUG:root:ScaledLeft: 344.143500 ScaledRight: 376.392750
INFO:root:Looping....
DEBUG:root:This is the line: drive:-11.429:22.321

DEBUG:root:We got command: drive
DEBUG:root:We got a drive command: rawX:22.321000 and rawY:-11.429000
DEBUG:root:Reverse to the Right
DEBUG:root:Left=11.429000 Right=-33.750000
DEBUG:root:ScaledLeft: 400.715250 ScaledRight: 299.062500
INFO:root:Looping....
DEBUG:root:This is the line: drive:13.714:13.095

DEBUG:root:We got command: drive
DEBUG:root:We got a drive command: rawX:13.095000 and rawY:13.714000
DEBUG:root:Forward to the Right
DEBUG:root:Left=-13.714000 Right=0.619000
DEBUG:root:ScaledLeft: 344.143500 ScaledRight: 376.392750
INFO:root:Looping....
DEBUG:root:This is the line: drive:67.143:-5.357

DEBUG:root:We got command: drive
DEBUG:root:We got a drive command: rawX:-5.357000 and rawY:67.143000
DEBUG:root:Forward to the Left/Straight
DEBUG:root:Left=-72.500000 Right=67.143000
DEBUG:root:ScaledLeft: 211.875000 ScaledRight: 526.071750
INFO:root:Looping....
DEBUG:root:This is the line: drive:-11.429:22.321

DEBUG:root:We got command: drive
DEBUG:root:We got a drive command: rawX:22.321000 and rawY:-11.429000
DEBUG:root:Reverse to the Right
DEBUG:root:Left=11.429000 Right=-33.750000
DEBUG:root:ScaledLeft: 400.715250 ScaledRight: 299.062500
INFO:root:Looping....
DEBUG:root:This is the line: drive:13.714:13.095

DEBUG:root:We got command: drive
DEBUG:root:We got a drive command: rawX:13.095000 and rawY:13.714000
DEBUG:root:Forward to the Right
DEBUG:root:Left=-13.714000 Right=0.619000
DEBUG:root:ScaledLeft: 344.143500 ScaledRight: 376.392750
INFO:root:Looping....
DEBUG:root:This is the line: drive:67.143:-5.357

DEBUG:root:We got command: drive
DEBUG:root:We got a drive command: rawX:-5.357000 and rawY:67.143000
DEBUG:root:Forward to the Left/Straight
DEBUG:root:Left=-72.500000 Right=67.143000
DEBUG:root:ScaledLeft: 211.875000 ScaledRight: 526.071750
INFO:root:Looping....
DEBUG:root:This is the line: drive:-11.429:22.321

DEBUG:root:We got command: drive
DEBUG:root:We got a drive command: rawX:22.321000 and rawY:-11.429000
DEBUG:root:Reverse to the Right
DEBUG:root:Left=11.429000 Right=-33.750000
DEBUG:root:ScaledLeft: 400.715250 ScaledRight: 299.062500
INFO:root:Looping....
DEBUG:root:This is the line: drive:67.143:-5.357

DEBUG:root:We got command: drive
DEBUG:root:We got a drive command: rawX:-5.357000 and rawY:67.143000
DEBUG:root:Forward to the Left/Straight
DEBUG:root:Left=-72.500000 Right=67.143000
DEBUG:root:ScaledLeft: 211.875000 ScaledRight: 526.071750
INFO:root:Looping....
DEBUG:root:This is the line: drive:13.714:13.095

DEBUG:root:We got command: drive
DEBUG:root:We got a drive command: rawX:13.095000 and rawY:13.714000
DEBUG:root:Forward to the Right
DEBUG:root:Left=-13.714000 Right=0.619000
DEBUG:root:ScaledLeft: 344.143500 ScaledRight: 376.392750
INFO:root:Looping....
DEBUG:root:This is the line: drive:-11.429:22.321

DEBUG:root:We got command: drive
DEBUG:root:We got a drive command: rawX:22.321000 and rawY:-11.429000
DEBUG:root:Reverse to the Right
DEBUG:root:Left=11.429000 Right=-33.750000
DEBUG:root:ScaledLeft: 400.715250 ScaledRight: 299.062500
INFO:root:Looping....
DEBUG:root:This is the line: drive:13.714:13.095

DEBUG:root:We got command: drive
DEBUG:root:We got a drive command: rawX:13.095000 and rawY:13.714000
DEBUG:root:Forward to the Right
DEBUG:root:Left=-13.714000 Right=0.619000
DEBUG:root:ScaledLeft: 344.143500 ScaledRight: 376.392750
INFO:root:Looping....
DEBUG:root:This is the line: drive:67.143:-5.357

DEBUG:root:We got command: drive
DEBUG:root:We got a drive command: rawX:-5.357000 and rawY:67.143000
DEBUG:root:Forward to the Left/Straight
DEBUG:root:Left=-72.500000 Right=67.143000
DEBUG:root:ScaledLeft: 211.875000 ScaledRight: 526.071750
INFO:root:Looping....
DEBUG:root:This is the line: drive:-11.429:22.321

DEBUG:root:We got command: drive
DEBUG:root:We got a drive command: rawX:22.321000 and rawY:-11.429000
DEBUG:root:Reverse to the Right
DEBUG:root:Left=11.429000 Right=-33.750000
DEBUG:root:ScaledLeft: 400.715250 ScaledRight: 299.062500
INFO:root:Looping....
DEBUG:root:This is the line: drive:13.714:13.095

DEBUG:root:We got command: drive
DEBUG:root:We got a drive command: rawX:13.095000 and rawY:13.714000
DEBUG:root:Forward to the Right
DEBUG:root:Left=-13.714000 Right=0.619000
DEBUG:root:ScaledLeft: 344.143500 ScaledRight: 376.392750
INFO:root:Looping....
DEBUG:root:This is the line: drive:-11.429:22.321

DEBUG:root:We got command: drive
DEBUG:root:We got a drive command: rawX:22.321000 and rawY:-11.429000
DEBUG:root:Reverse to the Right
DEBUG:root:Left=11.429000 Right=-33.750000
DEBUG:root:ScaledLeft: 400.715250 ScaledRight: 299.062500
INFO:root:Looping....
DEBUG:root:This is the line: drive:67.143:-5.357

DEBUG:root:We got command: drive
DEBUG:root:We got a drive command: rawX:-5.357000 and rawY:67.143000
DEBUG:root:Forward to the Left/Straight
DEBUG:root:Left=-72.500000 Right=67.143000
DEBUG:root:ScaledLeft: 211.875000 ScaledRight: 526.071750
INFO:root:Looping....
DEBUG:root:This is the line: drive:13.714:13.095

DEBUG:root:We got command: drive
DEBUG:root:We got a drive command: rawX:13.095000 and rawY:13.714000
DEBUG:root:Forward to the Right
DEBUG:root:Left=-13.714000 Right=0.619000
DEBUG:root:ScaledLeft: 344.143500 ScaledRight: 376.392750
INFO:root:Looping....
DEBUG:root:This is the line: drive:-11.429:22.321

DEBUG:root:We got command: drive
DEBUG:root:We got a drive command: rawX:22.321000 and rawY:-11.429000
DEBUG:root:Reverse to the Right
DEBUG:root:Left=11.429000 Right=-33.750000
DEBUG:root:ScaledLeft: 400.715250 ScaledRight: 299.062500
INFO:root:Looping....
DEBUG:root:This is the line: drive:67.143:-5.357

DEBUG:root:We got command: drive
DEBUG:root:We got a drive command: rawX:-5.357000 and rawY:67.143000
DEBUG:root:Forward to the Left/Straight
DEBUG:root:Left=-72.500000 Right=67.143000
DEBUG:root:ScaledLeft: 211.875000 ScaledRight: 526.071750
INFO:root:Looping....
DEBUG:root:This is the line: drive:13.714:13.095

DEBUG:root:We got command: drive
DEBUG:root:We got a drive command: rawX:13.095000 and rawY:13.714000
DEBUG:root:Forward to the Right
DEBUG:root:Left=-13.714000 Right=0.619000
DEBUG:root:ScaledLeft: 344.143500 ScaledRight: 376.392750
INFO:root:Looping....
DEBUG:root:This is the line: drive:-11.429:22.321

DEBUG:root:We got command: drive
DEBUG:root:We got a drive command: rawX:22.321000 and rawY:-11.429000
DEBUG:root:Reverse to the Right
DEBUG:root:Left=11.429000 Right=-33.750000
DEBUG:root:ScaledLeft: 400.715250 ScaledRight: 299.062500
INFO:root:Looping....
DEBUG:root:This is the line: drive:67.143:-5.357

DEBUG:root:We got command: drive
DEBUG:root:We got a drive command: rawX:-5.357000 and rawY:67.143000
DEBUG:root:Forward to the Left/Straight
DEBUG:root:Left=-72.500000 Right=67.143000
DEBUG:root:ScaledLeft: 211.875000 ScaledRight: 526.071750
INFO:root:Looping....
DEBUG:root:This is the line: drive:13.714:13.095

DEBUG:root:We got command: drive
DEBUG:root:We got a drive command: rawX:13.095000 and rawY:13.714000
DEBUG:root:Forward to the Right
DEBUG:root:Left=-13.714000 Right=0.619000
DEBUG:root:ScaledLeft: 344.143500 ScaledRight: 376.392750
INFO:root:Looping....
DEBUG:root:This is the line: drive:-11.429:22.321

DEBUG:root:We got command: drive
DEBUG:root:We got a drive command: rawX:22.321000 and rawY:-11.429000
DEBUG:root:Reverse to the Right
DEBUG:root:Left=11.429000 Right=-33.750000
DEBUG:root:ScaledLeft: 400.715250 ScaledRight: 299.062500
INFO:root:Looping....
DEBUG:root:This is the line: drive:13.714:13.095

DEBUG:root:We got command: drive
DEBUG:root:We got a drive command: rawX:13.095000 and rawY:13.714000
DEBUG:root:Forward to the Right
DEBUG:root:Left=-13.714000 Right=0.619000
DEBUG:root:ScaledLeft: 344.143500 ScaledRight: 376.392750
INFO:root:Looping....
DEBUG:root:This is the line: drive:67.143:-5.357

DEBUG:root:We got command: drive
DEBUG:root:We got a drive command: rawX:-5.357000 and rawY:67.143000
DEBUG:root:Forward to the Left/Straight
DEBUG:root:Left=-72.500000 Right=67.143000
DEBUG:root:ScaledLeft: 211.875000 ScaledRight: 526.071750
INFO:root:Looping....
DEBUG:root:This is the line: drive:-11.429:22.321

DEBUG:root:We got command: drive
DEBUG:root:We got a drive command: rawX:22.321000 and rawY:-11.429000
DEBUG:root:Reverse to the Right
DEBUG:root:Left=11.429000 Right=-33.750000
DEBUG:root:ScaledLeft: 400.715250 ScaledRight: 299.062500
INFO:root:Looping....
DEBUG:root:This is the line: drive:13.714:13.095

DEBUG:root:We got command: drive
DEBUG:root:We got a drive command: rawX:13.095000 and rawY:13.714000
DEBUG:root:Forward to the Right
DEBUG:root:Left=-13.714000 Right=0.619000
DEBUG:root:ScaledLeft: 344.143500 ScaledRight: 376.392750
INFO:root:Looping....
DEBUG:root:This is the line: drive:67.143:-5.357

DEBUG:root:We got command: drive
DEBUG:root:We got a drive command: rawX:-5.357000 and rawY:67.143000
DEBUG:root:Forward to the Left/Straight
DEBUG:root:Left=-72.500000 Right=67.143000
DEBUG:root:ScaledLeft: 211.875000 ScaledRight: 526.071750
INFO:root:Looping....
DEBUG:root:This is the line: drive:-11.429:22.321

DEBUG:root:We got command: drive
DEBUG:root:We got a drive command: rawX:22.321000 and rawY:-11.429000
DEBUG:root:Reverse to the Right
DEBUG:root:Left=11.429000 Right=-33.750000
DEBUG:root:ScaledLeft: 400.715250 ScaledRight: 299.062500
INFO:root:Looping....
DEBUG:root:This is the line: drive:13.714:13.095

DEBUG:root:We got command: drive
DEBUG:root:We got a drive command: rawX:13.095000 and rawY:13.714000
DEBUG:root:Forward to the Right
DEBUG:root:Left=-13.714000 Right=0.619000
DEBUG:root:ScaledLeft: 344.143500 ScaledRight: 376.392750
INFO:root:Looping....
DEBUG:root:This is the line: drive:67.143:-5.357

DEBUG:root:We got command: drive
DEBUG:root:We got a drive command: rawX:-5.357000 and rawY:67.143000
DEBUG:root:Forward to the Left/Straight
DEBUG:root:Left=-72.500000 Right=67.143000
DEBUG:root:ScaledLeft: 211.875000 ScaledRight: 526.071750
INFO:root:Looping....
DEBUG:root:This is the line: drive:-11.429:22.321

DEBUG:root:We got command: drive
DEBUG:root:We got a drive command: rawX:22.321000 and rawY:-11.429000
DEBUG:root:Reverse to the Right
DEBUG:root:Left=11.429000 Right=-33.750000
DEBUG:root:ScaledLeft: 400.715250 ScaledRight: 299.062500
INFO:root:Looping....
DEBUG:root:This is the line: drive:13.714:13.095

DEBUG:root:We got command: drive
DEBUG:root:We got a drive command: rawX:13.095000 and rawY:13.714000
DEBUG:root:Forward to the Right
DEBUG:root:Left=-13.714000 Right=0.619000
DEBUG:root:ScaledLeft: 344.143500 ScaledRight: 376.392750
INFO:root:Looping....
DEBUG:root:This is the line: drive:-11.429:22.321

DEBUG:root:We got command: drive
DEBUG:root:We got a drive command: rawX:22.321000 and rawY:-11.429000
DEBUG:root:Reverse to the Right
DEBUG:root:Left=11.429000 Right=-33.750000
DEBUG:root:ScaledLeft: 400.715250 ScaledRight: 299.062500
INFO:root:Looping....
DEBUG:root:This is the line: drive:67.143:-5.357

DEBUG:root:We got command: drive
DEBUG:root:We got a drive command: rawX:-5.357000 and rawY:67.143000
DEBUG:root:Forward to the Left/Straight
DEBUG:root:Left=-72.500000 Right=67.143000
DEBUG:root:ScaledLeft: 211.875000 ScaledRight: 526.071750
INFO:root:Looping....
DEBUG:root:This is the line: drive:13.714:13.095

DEBUG:root:We got command: drive
DEBUG:root:We got a drive command: rawX:13.095000 and rawY:13.714000
DEBUG:root:Forward to the Right
DEBUG:root:Left=-13.714000 Right=0.619000
DEBUG:root:ScaledLeft: 344.143500 ScaledRight: 376.392750
INFO:root:Looping....
DEBUG:root:This is the line: drive:67.143:-5.357

DEBUG:root:We got command: drive
DEBUG:root:We got a drive command: rawX:-5.357000 and rawY:67.143000
DEBUG:root:Forward to the Left/Straight
DEBUG:root:Left=-72.500000 Right=67.143000
DEBUG:root:ScaledLeft: 211.875000 ScaledRight: 526.071750
INFO:root:Looping....
DEBUG:root:This is the line: drive:67.143:-5.357

DEBUG:root:We got command: drive
DEBUG:root:We got a drive command: rawX:-5.357000 and rawY:67.143000
DEBUG:root:Forward to the Left/Straight
DEBUG:root:Left=-72.500000 Right=67.143000
DEBUG:root:ScaledLeft: 211.875000 ScaledRight: 526.071750
INFO:root:Looping....
DEBUG:root:This is the line: drive:-11.429:22.321

DEBUG:root:We got command: drive
DEBUG:root:We got a drive command: rawX:22.321000 and rawY:-11.429000
DEBUG:root:Reverse to the Right
DEBUG:root:Left=11.429000 Right=-33.750000
DEBUG:root:ScaledLeft: 400.715250 ScaledRight: 299.062500
INFO:root:Looping....
DEBUG:root:This is the line: drive:13.714:13.095

DEBUG:root:We got command: drive
DEBUG:root:We got a drive command: rawX:13.095000 and rawY:13.714000
DEBUG:root:Forward to the Right
DEBUG:root:Left=-13.714000 Right=0.619000
DEBUG:root:ScaledLeft: 344.143500 ScaledRight: 376.392750
INFO:root:Looping....
DEBUG:root:This is the line: drive:67.143:-5.357

DEBUG:root:We got command: drive
DEBUG:root:We got a drive command: rawX:-5.357000 and rawY:67.143000
DEBUG:root:Forward to the Left/Straight
DEBUG:root:Left=-72.500000 Right=67.143000
DEBUG:root:ScaledLeft: 211.875000 ScaledRight: 526.071750
INFO:root:Looping....
DEBUG:root:This is the line: drive:13.714:13.095

DEBUG:root:We got command: drive
DEBUG:root:We got a drive command: rawX:13.095000 and rawY:13.714000
DEBUG:root:Forward to the Right
DEBUG:root:Left=-13.714000 Right=0.619000
DEBUG:root:ScaledLeft: 344.143500 ScaledRight: 376.392750
INFO:root:Looping....
DEBUG:root:This is the line: drive:-11.429:22.321

DEBUG:root:We got command: drive
DEBUG:root:We got a drive command: rawX:22.321000 and rawY:-11.429000
DEBUG:root:Reverse to the Right
DEBUG:root:Left=11.429000 Right=-33.750000
DEBUG:root:ScaledLeft: 400.715250 ScaledRight: 299.062500
INFO:root:Looping....
DEBUG:root:This is the line: drive:67.143:-5.357

DEBUG:root:We got command: drive
DEBUG:root:We got a drive command: rawX:-5.357000 and rawY:67.143000
DEBUG:root:Forward to the Left/Straight
DEBUG:root:Left=-72.500000 Right=67.143000
DEBUG:root:ScaledLeft: 211.875000 ScaledRight: 526.071750
INFO:root:Looping....
DEBUG:root:This is the line: drive:13.714:13.095

DEBUG:root:We got command: drive
DEBUG:root:We got a drive command: rawX:13.095000 and rawY:13.714000
DEBUG:root:Forward to the Right
DEBUG:root:Left=-13.714000 Right=0.619000
DEBUG:root:ScaledLeft: 344.143500 ScaledRight: 376.392750
INFO:root:Looping....
DEBUG:root:This is the line: drive:-11.429:22.321

DEBUG:root:We got command: drive
DEBUG:root:We got a drive command: rawX:22.321000 and rawY:-11.429000
DEBUG:root:Reverse to the Right
DEBUG:root:Left=11.429000 Right=-33.750000
DEBUG:root:ScaledLeft: 400.715250 ScaledRight: 299.062500
INFO:root:Looping....
DEBUG:root:This is the line: drive:67.143:-5.357

DEBUG:root:We got command: drive
DEBUG:root:We got a drive command: rawX:-5.357000 and rawY:67.143000
DEBUG:root:Forward to the Left/Straight
DEBUG:root:Left=-72.500000 Right=67.143000
DEBUG:root:ScaledLeft: 211.875000 ScaledRight: 526.071750
INFO:root:Looping....
DEBUG:root:This is the line: drive:-11.429:22.321

DEBUG:root:We got command: drive
DEBUG:root:We got a drive command: rawX:22.321000 and rawY:-11.429000
DEBUG:root:Reverse to the Right
DEBUG:root:Left=11.429000 Right=-33.750000
DEBUG:root:ScaledLeft: 400.715250 ScaledRight: 299.062500
INFO:root:Looping....
DEBUG:root:This is the line: drive:13.714:13.095

DEBUG:root:We got command: drive
DEBUG:root:We got a drive command: rawX:13.095000 and rawY:13.714000
DEBUG:root:Forward to the Right
DEBUG:root:Left=-13.714000 Right=0.619000
DEBUG:root:ScaledLeft: 344.143500 ScaledRight: 376.392750
INFO:root:Looping....
DEBUG:root:This is the line: drive:67.143:-5.357

DEBUG:root:We got command: drive
DEBUG:root:We got a drive command: rawX:-5.357000 and rawY:67.143000
DEBUG:root:Forward to the Left/Straight
DEBUG:root:Left=-72.500000 Right=67.143000
DEBUG:root:ScaledLeft: 211.875000 ScaledRight: 526.071750
INFO:root:Looping....
DEBUG:root:This is the line: drive:-11.429:22.321

DEBUG:root:We got command: drive
DEBUG:root:We got a drive command: rawX:22.321000 and rawY:-11.429000
DEBUG:root:Reverse to the Right
DEBUG:root:Left=11.429000 Right=-33.750000
DEBUG:root:ScaledLeft: 400.715250 ScaledRight: 299.062500
INFO:root:Looping....
DEBUG:root:This is the line: drive:13.714:13.095

DEBUG:root:We got command: drive
DEBUG:root:We got a drive command: rawX:13.095000 and rawY:13.714000
DEBUG:root:Forward to the Right
DEBUG:root:Left=-13.714000 Right=0.619000
DEBUG:root:ScaledLeft: 344.143500 ScaledRight: 376.392750
INFO:root:Looping....
DEBUG:root:This is the line: drive:-11.429:22.321

DEBUG:root:We got command: drive
DEBUG:root:We got a drive command: rawX:22.321000 and rawY:-11.429000
DEBUG:root:Reverse to the Right
DEBUG:root:Left=11.429000 Right=-33.750000
DEBUG:root:ScaledLeft: 400.715250 ScaledRight: 299.062500
INFO:root:Looping....
DEBUG:root:This is the line: drive:67.143:-5.357

DEBUG:root:We got command: drive
DEBUG:root:We got a drive command: rawX:-5.357000 and rawY:67.143000
DEBUG:root:Forward to the Left/Straight
DEBUG:root:Left=-72.500000 Right=67.143000
DEBUG:root:ScaledLeft: 211.875000 ScaledRight: 526.071750
INFO:root:Looping....
DEBUG:root:This is the line: drive:-11.429:22.321

DEBUG:root:We got command: drive
DEBUG:root:We got a drive command: rawX:22.321000 and rawY:-11.429000
DEBUG:root:Reverse to the Right
DEBUG:root:Left=11.429000 Right=-33.750000
DEBUG:root:ScaledLeft: 400.715250 ScaledRight: 299.062500
INFO:root:Looping....
DEBUG:root:This is the line: drive:13.714:13.095

DEBUG:root:We got command: drive
DEBUG:root:We got a drive command: rawX:13.095000 and rawY:13.714000
DEBUG:root:Forward to the Right
DEBUG:root:Left=-13.714000 Right=0.619000
DEBUG:root:ScaledLeft: 344.143500 ScaledRight: 376.392750
INFO:root:Looping....
DEBUG:root:This is the line: drive:67.143:-5.357

DEBUG:root:We got command: drive
DEBUG:root:We got a drive command: rawX:-5.357000 and rawY:67.143000
DEBUG:root:Forward to the Left/Straight
DEBUG:root:Left=-72.500000 Right=67.143000
DEBUG:root:ScaledLeft: 211.875000 ScaledRight: 526.071750
INFO:root:Looping....
DEBUG:root:This is the line: drive:-11.429:22.321

DEBUG:root:We got command: drive
DEBUG:root:We got a drive command: rawX:22.321000 and rawY:-11.429000
DEBUG:root:Reverse to the Right
DEBUG:root:Left=11.429000 Right=-33.750000
DEBUG:root:ScaledLeft: 400.715250 ScaledRight: 299.062500
INFO:root:Looping....
DEBUG:root:This is the line: drive:-11.429:22.321

DEBUG:root:We got command: drive
DEBUG:root:We got a drive command: rawX:22.321000 and rawY:-11.429000
DEBUG:root:Reverse to the Right
DEBUG:root:Left=11.429000 Right=-33.750000
DEBUG:root:ScaledLeft: 400.715250 ScaledRight: 299.062500
INFO:root:Looping....
DEBUG:root:This is the line: drive:67.143:-5.357

DEBUG:root:We got command: drive
DEBUG:root:We got a drive command: rawX:-5.357000 and rawY:67.143000
DEBUG:root:Forward to the Left/Straight
DEBUG:root:Left=-72.500000 Right=67.143000
DEBUG:root:ScaledLeft: 211.875000 ScaledRight: 526.071750
INFO:root:Looping....
DEBUG:root:This is the line: drive:13.714:13.095

DEBUG:root:We got command: drive
DEBUG:root:We got a drive command: rawX:13.095000 and rawY:13.714000
DEBUG:root:Forward to the Right
DEBUG:root:Left=-13.714000 Right=0.619000
DEBUG:root:ScaledLeft: 344.143500 ScaledRight: 376.392750
INFO:root:Looping....
DEBUG:root:This is the line: drive:-11.429:22.321

DEBUG:root:We got command: drive
DEBUG:root:We got a drive command: rawX:22.321000 and rawY:-11.429000
DEBUG:root:Reverse to the Right
DEBUG:root:Left=11.429000 Right=-33.750000
DEBUG:root:ScaledLeft: 400.715250 ScaledRight: 299.062500
INFO:root:Looping....
DEBUG:root:This is the line: drive:13.714:13.095

DEBUG:root:We got command: drive
DEBUG:root:We got a drive command: rawX:13.095000 and rawY:13.714000
DEBUG:root:Forward to the Right
DEBUG:root:Left=-13.714000 Right=0.619000
DEBUG:root:ScaledLeft: 344.143500 ScaledRight: 376.392750
INFO:root:Looping....
DEBUG:root:This is the line: drive:67.143:-5.357

DEBUG:root:We got command: drive
DEBUG:root:We got a drive command: rawX:-5.357000 and rawY:67.143000
DEBUG:root:Forward to the Left/Straight
DEBUG:root:Left=-72.500000 Right=67.143000
DEBUG:root:ScaledLeft: 211.875000 ScaledRight: 526.071750
INFO:root:Looping....
DEBUG:root:This is the line: drive:-11.429:22.321

DEBUG:root:We got command: drive
DEBUG:root:We got a drive command: rawX:22.321000 and rawY:-11.429000
DEBUG:root:Reverse to the Right
DEBUG:root:Left=11.429000 Right=-33.750000
DEBUG:root:ScaledLeft: 400.715250 ScaledRight: 299.062500
INFO:root:Looping....
DEBUG:root:This is the line: drive:67.143:-5.357

DEBUG:root:We got command: drive
DEBUG:root:We got a drive command: rawX:-5.357000 and rawY:67.143000
DEBUG:root:Forward to the Left/Straight
DEBUG:root:Left=-72.500000 Right=67.143000
DEBUG:root:ScaledLeft: 211.875000 ScaledRight: 526.071750
INFO:root:Looping....
DEBUG:root:This is the line: drive:13.714:13.095

DEBUG:root:We got command: drive
DEBUG:root:We got a drive command: rawX:13.095000 and rawY:13.714000
DEBUG:root:Forward to the Right
DEBUG:root:Left=-13.714000 Right=0.619000
DEBUG:root:ScaledLeft: 344.143500 ScaledRight: 376.392750
INFO:root:Looping....
DEBUG:root:This is the line: drive:67.143:-5.357

DEBUG:root:We got command: drive
DEBUG:root:We got a drive command: rawX:-5.357000 and rawY:67.143000
DEBUG:root:Forward to the Left/Straight
DEBUG:root:Left=-72.500000 Right=67.143000
DEBUG:root:ScaledLeft: 211.875000 ScaledRight: 526.071750
INFO:root:Looping....
DEBUG:root:This is the line: drive:13.714:13.095

DEBUG:root:We got command: drive
DEBUG:root:We got a drive command: rawX:13.095000 and rawY:13.714000
DEBUG:root:Forward to the Right
DEBUG:root:Left=-13.714000 Right=0.619000
DEBUG:root:ScaledLeft: 344.143500 ScaledRight: 376.392750
INFO:root:Looping....
DEBUG:root:This is the line: drive:-11.429:22.321

DEBUG:root:We got command: drive
DEBUG:root:We got a drive command: rawX:22.321000 and rawY:-11.429000
DEBUG:root:Reverse to the Right
DEBUG:root:Left=11.429000 Right=-33.750000
DEBUG:root:ScaledLeft: 400.715250 ScaledRight: 299.062500
INFO:root:Looping....
DEBUG:root:This is the line: drive:13.714:13.095

DEBUG:root:We got command: drive
DEBUG:root:We got a drive command: rawX:13.095000 and rawY:13.714000
DEBUG:root:Forward to the Right
DEBUG:root:Left=-13.714000 Right=0.619000
DEBUG:root:ScaledLeft: 344.143500 ScaledRight: 376.392750
INFO:root:Looping....
DEBUG:root:This is the line: drive:-11.429:22.321

DEBUG:root:We got command: drive
DEBUG:root:We got a drive command: rawX:22.321000 and rawY:-11.429000
DEBUG:root:Reverse to the Right
DEBUG:root:Left=11.429000 Right=-33.750000
DEBUG:root:ScaledLeft: 400.715250 ScaledRight: 299.062500
INFO:root:Looping....
DEBUG:root:This is the line: drive:67.143:-5.357

DEBUG:root:We got command: drive
DEBUG:root:We got a drive command: rawX:-5.357000 and rawY:67.143000
DEBUG:root:Forward to the Left/Straight
DEBUG:root:Left=-72.500000 Right=67.143000
DEBUG:root:ScaledLeft: 211.875000 ScaledRight: 526.071750
INFO:root:Looping....
DEBUG:root:This is the line: drive:13.714:13.095

DEBUG:root:We got command: drive
DEBUG:root:We got a drive command: rawX:13.095000 and rawY:13.714000
DEBUG:root:Forward to the Right
DEBUG:root:Left=-13.714000 Right=0.619000
DEBUG:root:ScaledLeft: 344.143500 ScaledRight: 376.392750
INFO:root:Looping....
DEBUG:root:This is the line: drive:-11.429:22.321

DEBUG:root:We got command: drive
DEBUG:root:We got a drive command: rawX:22.321000 and rawY:-11.429000
DEBUG:root:Reverse to the Right
DEBUG:root:Left=11.429000 Right=-33.750000
DEBUG:root:ScaledLeft: 400.715250 ScaledRight: 299.062500
INFO:root:Looping....
DEBUG:root:This is the line: drive:67.143:-5.357

DEBUG:root:We got command: drive
DEBUG:root:We got a drive command: rawX:-5.357000 and rawY:67.143000
DEBUG:root:Forward to the Left/Straight
DEBUG:root:Left=-72.500000 Right=67.143000
DEBUG:root:ScaledLeft: 211.875000 ScaledRight: 526.071750
INFO:root:Looping....
DEBUG:root:This is the line: drive:13.714:13.095

DEBUG:root:We got command: drive
DEBUG:root:We got a drive command: rawX:13.095000 and rawY:13.714000
DEBUG:root:Forward to the Right
DEBUG:root:Left=-13.714000 Right=0.619000
DEBUG:root:ScaledLeft: 344.143500 ScaledRight: 376.392750
INFO:root:Looping....
DEBUG:root:This is the line: drive:-11.429:22.321

DEBUG:root:We got command: drive
DEBUG:root:We got a drive command: rawX:22.321000 and rawY:-11.429000
DEBUG:root:Reverse to the Right
DEBUG:root:Left=11.429000 Right=-33.750000
DEBUG:root:ScaledLeft: 400.715250 ScaledRight: 299.062500
INFO:root:Looping....
DEBUG:root:This is the line: drive:67.143:-5.357

DEBUG:root:We got command: drive
DEBUG:root:We got a drive command: rawX:-5.357000 and rawY:67.143000
DEBUG:root:Forward to the Left/Straight
DEBUG:root:Left=-72.500000 Right=67.143000
DEBUG:root:ScaledLeft: 211.875000 ScaledRight: 526.071750
INFO:root:Looping....
DEBUG:root:This is the line: drive:13.714:13.095

DEBUG:root:We got command: drive
DEBUG:root:We got a drive command: rawX:13.095000 and rawY:13.714000
DEBUG:root:Forward to the Right
DEBUG:root:Left=-13.714000 Right=0.619000
DEBUG:root:ScaledLeft: 344.143500 ScaledRight: 376.392750
INFO:root:Looping....
DEBUG:root:This is the line: drive:-11.429:22.321

DEBUG:root:We got command: drive
DEBUG:root:We got a drive command: rawX:22.321000 and rawY:-11.429000
DEBUG:root:Reverse to the Right
DEBUG:root:Left=11.429000 Right=-33.750000
DEBUG:root:ScaledLeft: 400.715250 ScaledRight: 299.062500
INFO:root:Looping....
DEBUG:root:This is the line: drive:67.143:-5.357

DEBUG:root:We got command: drive
DEBUG:root:We got a drive command: rawX:-5.357000 and rawY:67.143000
DEBUG:root:Forward to the Left/Straight
DEBUG:root:Left=-72.500000 Right=67.143000
DEBUG:root:ScaledLeft: 211.875000 ScaledRight: 526.071750
INFO:root:Looping....
DEBUG:root:This is the line: drive:13.714:13.095

DEBUG:root:We got command: drive
DEBUG:root:We got a drive command: rawX:13.095000 and rawY:13.714000
DEBUG:root:Forward to the Right
DEBUG:root:Left=-13.714000 Right=0.619000
DEBUG:root:ScaledLeft: 344.143500 ScaledRight: 376.392750
INFO:root:Looping....
DEBUG:root:This is the line: drive:-11.429:22.321

DEBUG:root:We got command: drive
DEBUG:root:We got a drive command: rawX:22.321000 and rawY:-11.429000
DEBUG:root:Reverse to the Right
DEBUG:root:Left=11.429000 Right=-33.750000
DEBUG:root:ScaledLeft: 400.715250 ScaledRight: 299.062500
INFO:root:Looping....
DEBUG:root:This is the line: drive:67.143:-5.357

DEBUG:root:We got command: drive
DEBUG:root:We got a drive command: rawX:-5.357000 and rawY:67.143000
DEBUG:root:Forward to the Left/Straight
DEBUG:root:Left=-72.500000 Right=67.143000
DEBUG:root:ScaledLeft: 211.875000 ScaledRight: 526.071750
INFO:root:Looping....
DEBUG:root:This is the line: drive:13.714:13.095

DEBUG:root:We got command: drive
DEBUG:root:We got a drive command: rawX:13.095000 and rawY:13.714000
DEBUG:root:Forward to the Right
DEBUG:root:Left=-13.714000 Right=0.619000
DEBUG:root:ScaledLeft: 344.143500 ScaledRight: 376.392750
INFO:root:Looping....
DEBUG:root:This is the line: drive:-11.429:22.321

DEBUG:root:We got command: drive
DEBUG:root:We got a drive command: rawX:22.321000 and rawY:-11.429000
DEBUG:root:Reverse to the Right
DEBUG:root:Left=11.429000 Right=-33.750000
DEBUG:root:ScaledLeft: 400.715250 ScaledRight: 299.062500
INFO:root:Looping....
DEBUG:root:This is the line: drive:67.143:-5.357

DEBUG:root:We got command: drive
DEBUG:root:We got a drive command: rawX:-5.357000 and rawY:67.143000
DEBUG:root:Forward to the Left/Straight
DEBUG:root:Left=-72.500000 Right=67.143000
DEBUG:root:ScaledLeft: 211.875000 ScaledRight: 526.071750
INFO:root:Looping....
DEBUG:root:This is the line: drive:13.714:13.095

DEBUG:root:We got command: drive
DEBUG:root:We got a drive command: rawX:13.095000 and rawY:13.714000
DEBUG:root:Forward to the Right
DEBUG:root:Left=-13.714000 Right=0.619000
DEBUG:root:ScaledLeft: 344.143500 ScaledRight: 376.392750
INFO:root:Looping....
DEBUG:root:This is the line: drive:67.143:-5.357

DEBUG:root:We got command: drive
DEBUG:root:We got a drive command: rawX:-5.357000 and rawY:67.143000
DEBUG:root:Forward to the Left/Straight
DEBUG:root:Left=-72.500000 Right=67.143000
DEBUG:root:ScaledLeft: 211.875000 ScaledRight: 526.071750
INFO:root:Looping....
DEBUG:root:This is the line: drive:-11.429:22.321

DEBUG:root:We got command: drive
DEBUG:root:We got a drive command: rawX:22.321000 and rawY:-11.429000
DEBUG:root:Reverse to the Right
DEBUG:root:Left=11.429000 Right=-33.750000
DEBUG:root:ScaledLeft: 400.715250 ScaledRight: 299.062500
INFO:root:Looping....
DEBUG:root:This is the line: drive:13.714:13.095

DEBUG:root:We got command: drive
DEBUG:root:We got a drive command: rawX:13.095000 and rawY:13.714000
DEBUG:root:Forward to the Right
DEBUG:root:Left=-13.714000 Right=0.619000
DEBUG:root:ScaledLeft: 344.143500 ScaledRight: 376.392750
INFO:root:Looping....
DEBUG:root:This is the line: drive:67.143:-5.357

DEBUG:root:We got command: drive
DEBUG:root:We got a drive command: rawX:-5.357000 and rawY:67.143000
DEBUG:root:Forward to the Left/Straight
DEBUG:root:Left=-72.500000 Right=67.143000
DEBUG:root:ScaledLeft: 211.875000 ScaledRight: 526.071750
INFO:root:Looping....
DEBUG:root:This is the line: drive:-11.429:22.321

DEBUG:root:We got command: drive
DEBUG:root:We got a drive command: rawX:22.321000 and rawY:-11.429000
DEBUG:root:Reverse to the Right
DEBUG:root:Left=11.429000 Right=-33.750000
DEBUG:root:ScaledLeft: 400.715250 ScaledRight: 299.062500
INFO:root:Looping....
DEBUG:root:This is the line: drive:13.714:13.095

DEBUG:root:We got command: drive
DEBUG:root:We got a drive command: rawX:13.095000 and rawY:13.714000
DEBUG:root:Forward to the Right
DEBUG:root:Left=-13.714000 Right=0.619000
DEBUG:root:ScaledLeft: 344.143500 ScaledRight: 376.392750
INFO:root:Looping....
DEBUG:root:This is the line: drive:67.143:-5.357

DEBUG:root:We got command: drive
DEBUG:root:We got a drive command: rawX:-5.357000 and rawY:67.143000
DEBUG:root:Forward to the Left/Straight
DEBUG:root:Left=-72.500000 Right=67.143000
DEBUG:root:ScaledLeft: 211.875000 ScaledRight: 526.071750
INFO:root:Looping....
DEBUG:root:This is the line: drive:-11.429:22.321

DEBUG:root:We got command: drive
DEBUG:root:We got a drive command: rawX:22.321000 and rawY:-11.429000
DEBUG:root:Reverse to the Right
DEBUG:root:Left=11.429000 Right=-33.750000
DEBUG:root:ScaledLeft: 400.715250 ScaledRight: 299.062500
INFO:root:Looping....
DEBUG:root:This is the line: drive:13.714:13.095

DEBUG:root:We got command: drive
DEBUG:root:We got a drive command: rawX:13.095000 and rawY:13.714000
DEBUG:root:Forward to the Right
DEBUG:root:Left=-13.714000 Right=0.619000
DEBUG:root:ScaledLeft: 344.143500 ScaledRight: 376.392750
INFO:root:Looping....
DEBUG:root:This is the line: drive:67.143:-5.357

DEBUG:root:We got command: drive
DEBUG:root:We got a drive command: rawX:-5.357000 and rawY:67.143000
DEBUG:root:Forward to the Left/Straight
DEBUG:root:Left=-72.500000 Right=67.143000
DEBUG:root:ScaledLeft: 211.875000 ScaledRight: 526.071750
INFO:root:Looping....
DEBUG:root:This is the line: drive:-11.429:22.321

DEBUG:root:We got command: drive
DEBUG:root:We got a drive command: rawX:22.321000 and rawY:-11.429000
DEBUG:root:Reverse to the Right
DEBUG:root:Left=11.429000 Right=-33.750000
DEBUG:root:ScaledLeft: 400.715250 ScaledRight: 299.062500
INFO:root:Looping....
DEBUG:root:This is the line: drive:13.714:13.095

DEBUG:root:We got command: drive
DEBUG:root:We got a drive command: rawX:13.095000 and rawY:13.714000
DEBUG:root:Forward to the Right
DEBUG:root:Left=-13.714000 Right=0.619000
DEBUG:root:ScaledLeft: 344.143500 ScaledRight: 376.392750
INFO:root:Looping....
DEBUG:root:This is the line: drive:67.143:-5.357

DEBUG:root:We got command: drive
DEBUG:root:We got a drive command: rawX:-5.357000 and rawY:67.143000
DEBUG:root:Forward to the Left/Straight
DEBUG:root:Left=-72.500000 Right=67.143000
DEBUG:root:ScaledLeft: 211.875000 ScaledRight: 526.071750
INFO:root:Looping....
DEBUG:root:This is the line: drive:-11.429:22.321

DEBUG:root:We got command: drive
DEBUG:root:We got a drive command: rawX:22.321000 and rawY:-11.429000
DEBUG:root:Reverse to the Right
DEBUG:root:Left=11.429000 Right=-33.750000
DEBUG:root:ScaledLeft: 400.715250 ScaledRight: 299.062500
INFO:root:Looping....
DEBUG:root:This is the line: drive:13.714:13.095

DEBUG:root:We got command: drive
DEBUG:root:We got a drive command: rawX:13.095000 and rawY:13.714000
DEBUG:root:Forward to the Right
DEBUG:root:Left=-13.714000 Right=0.619000
DEBUG:root:ScaledLeft: 344.143500 ScaledRight: 376.392750
INFO:root:Looping....
DEBUG:root:This is the line: drive:-11.429:22.321

DEBUG:root:We got command: drive
DEBUG:root:We got a drive command: rawX:22.321000 and rawY:-11.429000
DEBUG:root:Reverse to the Right
DEBUG:root:Left=11.429000 Right=-33.750000
DEBUG:root:ScaledLeft: 400.715250 ScaledRight: 299.062500
INFO:root:Looping....
DEBUG:root:This is the line: drive:67.143:-5.357

DEBUG:root:We got command: drive
DEBUG:root:We got a drive command: rawX:-5.357000 and rawY:67.143000
DEBUG:root:Forward to the Left/Straight
DEBUG:root:Left=-72.500000 Right=67.143000
DEBUG:root:ScaledLeft: 211.875000 ScaledRight: 526.071750
INFO:root:Looping....
DEBUG:root:This is the line: drive:13.714:13.095

DEBUG:root:We got command: drive
DEBUG:root:We got a drive command: rawX:13.095000 and rawY:13.714000
DEBUG:root:Forward to the Right
DEBUG:root:Left=-13.714000 Right=0.619000
DEBUG:root:ScaledLeft: 344.143500 ScaledRight: 376.392750
INFO:root:Looping....
DEBUG:root:This is the line: drive:-11.429:22.321

DEBUG:root:We got command: drive
DEBUG:root:We got a drive command: rawX:22.321000 and rawY:-11.429000
DEBUG:root:Reverse to the Right
DEBUG:root:Left=11.429000 Right=-33.750000
DEBUG:root:ScaledLeft: 400.715250 ScaledRight: 299.062500
INFO:root:Looping....
DEBUG:root:This is the line: drive:67.143:-5.357

DEBUG:root:We got command: drive
DEBUG:root:We got a drive command: rawX:-5.357000 and rawY:67.143000
DEBUG:root:Forward to the Left/Straight
DEBUG:root:Left=-72.500000 Right=67.143000
DEBUG:root:ScaledLeft: 211.875000 ScaledRight: 526.071750
INFO:root:Looping....
DEBUG:root:This is the line: drive:13.714:13.095

DEBUG:root:We got command: drive
DEBUG:root:We got a drive command: rawX:13.095000 and rawY:13.714000
DEBUG:root:Forward to the Right
DEBUG:root:Left=-13.714000 Right=0.619000
DEBUG:root:ScaledLeft: 344.143500 ScaledRight: 376.392750
INFO:root:Looping....
DEBUG:root:This is the line: drive:-11.429:22.321

DEBUG:root:We got command: drive
DEBUG:root:We got a drive command: rawX:22.321000 and rawY:-11.429000
DEBUG:root:Reverse to the Right
DEBUG:root:Left=11.429000 Right=-33.750000
DEBUG:root:ScaledLeft: 400.715250 ScaledRight: 299.062500
INFO:root:Looping....
DEBUG:root:This is the line: drive:67.143:-5.357

DEBUG:root:We got command: drive
DEBUG:root:We got a drive command: rawX:-5.357000 and rawY:67.143000
DEBUG:root:Forward to the Left/Straight
DEBUG:root:Left=-72.500000 Right=67.143000
DEBUG:root:ScaledLeft: 211.875000 ScaledRight: 526.071750
INFO:root:Looping....
DEBUG:root:This is the line: drive:-11.429:22.321

DEBUG:root:We got command: drive
DEBUG:root:We got a drive command: rawX:22.321000 and rawY:-11.429000
DEBUG:root:Reverse to the Right
DEBUG:root:Left=11.429000 Right=-33.750000
DEBUG:root:ScaledLeft: 400.715250 ScaledRight: 299.062500
INFO:root:Looping....
DEBUG:root:This is the line: drive:13.714:13.095

DEBUG:root:We got command: drive
DEBUG:root:We got a drive command: rawX:13.095000 and rawY:13.714000
DEBUG:root:Forward to the Right
DEBUG:root:Left=-13.714000 Right=0.619000
DEBUG:root:ScaledLeft: 344.143500 ScaledRight: 376.392750
INFO:root:Looping....
DEBUG:root:This is the line: drive:67.143:-5.357

DEBUG:root:We got command: drive
DEBUG:root:We got a drive command: rawX:-5.357000 and rawY:67.143000
DEBUG:root:Forward to the Left/Straight
DEBUG:root:Left=-72.500000 Right=67.143000
DEBUG:root:ScaledLeft: 211.875000 ScaledRight: 526.071750
INFO:root:Looping....
DEBUG:root:This is the line: drive:13.714:13.095

DEBUG:root:We got command: drive
DEBUG:root:We got a drive command: rawX:13.095000 and rawY:13.714000
DEBUG:root:Forward to the Right
DEBUG:root:Left=-13.714000 Right=0.619000
DEBUG:root:ScaledLeft: 344.143500 ScaledRight: 376.392750
INFO:root:Looping....
DEBUG:root:This is the line: drive:-11.429:22.321

DEBUG:root:We got command: drive
DEBUG:root:We got a drive command: rawX:22.321000 and rawY:-11.429000
DEBUG:root:Reverse to the Right
DEBUG:root:Left=11.429000 Right=-33.750000
DEBUG:root:ScaledLeft: 400.715250 ScaledRight: 299.062500
INFO:root:Looping....
DEBUG:root:This is the line: drive:67.143:-5.357

DEBUG:root:We got command: drive
DEBUG:root:We got a drive command: rawX:-5.357000 and rawY:67.143000
DEBUG:root:Forward to the Left/Straight
DEBUG:root:Left=-72.500000 Right=67.143000
DEBUG:root:ScaledLeft: 211.875000 ScaledRight: 526.071750
INFO:root:Looping....
DEBUG:root:This is the line: drive:13.714:13.095

DEBUG:root:We got command: drive
DEBUG:root:We got a drive command: rawX:13.095000 and rawY:13.714000
DEBUG:root:Forward to the Right
DEBUG:root:Left=-13.714000 Right=0.619000
DEBUG:root:ScaledLeft: 344.143500 ScaledRight: 376.392750
INFO:root:Looping....
DEBUG:root:This is the line: drive:-11.429:22.321

DEBUG:root:We got command: drive
DEBUG:root:We got a drive command: rawX:22.321000 and rawY:-11.429000
DEBUG:root:Reverse to the Right
DEBUG:root:Left=11.429000 Right=-33.750000
DEBUG:root:ScaledLeft: 400.715250 ScaledRight: 299.062500
INFO:root:Looping....
DEBUG:root:This is the line: drive:67.143:-5.357

DEBUG:root:We got command: drive
DEBUG:root:We got a drive command: rawX:-5.357000 and rawY:67.143000
DEBUG:root:Forward to the Left/Straight
DEBUG:root:Left=-72.500000 Right=67.143000
DEBUG:root:ScaledLeft: 211.875000 ScaledRight: 526.071750
INFO:root:Looping....
DEBUG:root:This is the line: drive:13.714:13.095

DEBUG:root:We got command: drive
DEBUG:root:We got a drive command: rawX:13.095000 and rawY:13.714000
DEBUG:root:Forward to the Right
DEBUG:root:Left=-13.714000 Right=0.619000
DEBUG:root:ScaledLeft: 344.143500 ScaledRight: 376.392750
INFO:root:Looping....
DEBUG:root:This is the line: drive:-11.429:22.321

DEBUG:root:We got command: drive
DEBUG:root:We got a drive command: rawX:22.321000 and rawY:-11.429000
DEBUG:root:Reverse to the Right
DEBUG:root:Left=11.429000 Right=-33.750000
DEBUG:root:ScaledLeft: 400.715250 ScaledRight: 299.062500
INFO:root:Looping....
DEBUG:root:This is the line: drive:67.143:-5.357

DEBUG:root:We got command: drive
DEBUG:root:We got a drive command: rawX:-5.357000 and rawY:67.143000
DEBUG:root:Forward to the Left/Straight
DEBUG:root:Left=-72.500000 Right=67.143000
DEBUG:root:ScaledLeft: 211.875000 ScaledRight: 526.071750
INFO:root:Looping....
DEBUG:root:This is the line: drive:-11.429:22.321

DEBUG:root:We got command: drive
DEBUG:root:We got a drive command: rawX:22.321000 and rawY:-11.429000
DEBUG:root:Reverse to the Right
DEBUG:root:Left=11.429000 Right=-33.750000
DEBUG:root:ScaledLeft: 400.715250 ScaledRight: 299.062500
INFO:root:Looping....
DEBUG:root:This is the line: drive:13.714:13.095

DEBUG:root:We got command: drive
DEBUG:root:We got a drive command: rawX:13.095000 and rawY:13.714000
DEBUG:root:Forward to the Right
DEBUG:root:Left=-13.714000 Right=0.619000
DEBUG:root:ScaledLeft: 344.143500 ScaledRight: 376.392750
INFO:root:Looping....
DEBUG:root:This is the line: drive:67.143:-5.357

DEBUG:root:We got command: drive
DEBUG:root:We got a drive command: rawX:-5.357000 and rawY:67.143000
DEBUG:root:Forward to the Left/Straight
DEBUG:root:Left=-72.500000 Right=67.143000
DEBUG:root:ScaledLeft: 211.875000 ScaledRight: 526.071750
INFO:root:Looping....
DEBUG:root:This is the line: drive:-11.429:22.321

DEBUG:root:We got command: drive
DEBUG:root:We got a drive command: rawX:22.321000 and rawY:-11.429000
DEBUG:root:Reverse to the Right
DEBUG:root:Left=11.429000 Right=-33.750000
DEBUG:root:ScaledLeft: 400.715250 ScaledRight: 299.062500
INFO:root:Looping....
DEBUG:root:This is the line: drive:13.714:13.095

DEBUG:root:We got command: drive
DEBUG:root:We got a drive command: rawX:13.095000 and rawY:13.714000
DEBUG:root:Forward to the Right
DEBUG:root:Left=-13.714000 Right=0.619000
DEBUG:root:ScaledLeft: 344.143500 ScaledRight: 376.392750
INFO:root:Looping....
DEBUG:root:This is the line: drive:67.143:-5.357

DEBUG:root:We got command: drive
DEBUG:root:We got a drive command: rawX:-5.357000 and rawY:67.143000
DEBUG:root:Forward to the Left/Straight
DEBUG:root:Left=-72.500000 Right=67.143000
DEBUG:root:ScaledLeft: 211.875000 ScaledRight: 526.071750
INFO:root:Looping....
DEBUG:root:This is the line: drive:-11.429:22.321

DEBUG:root:We got command: drive
DEBUG:root:We got a drive command: rawX:22.321000 and rawY:-11.429000
DEBUG:root:Reverse to the Right
DEBUG:root:Left=11.429000 Right=-33.750000
DEBUG:root:ScaledLeft: 400.715250 ScaledRight: 299.062500
INFO:root:Looping....
DEBUG:root:This is the line: drive:13.714:13.095

DEBUG:root:We got command: drive
DEBUG:root:We got a drive command: rawX:13.095000 and rawY:13.714000
DEBUG:root:Forward to the Right
DEBUG:root:Left=-13.714000 Right=0.619000
DEBUG:root:ScaledLeft: 344.143500 ScaledRight: 376.392750
INFO:root:Looping....
DEBUG:root:This is the line: drive:67.143:-5.357

DEBUG:root:We got command: drive
DEBUG:root:We got a drive command: rawX:-5.357000 and rawY:67.143000
DEBUG:root:Forward to the Left/Straight
DEBUG:root:Left=-72.500000 Right=67.143000
DEBUG:root:ScaledLeft: 211.875000 ScaledRight: 526.071750
INFO:root:Looping....
DEBUG:root:This is the line: drive:-11.429:22.321

DEBUG:root:We got command: drive
DEBUG:root:We got a drive command: rawX:22.321000 and rawY:-11.429000
DEBUG:root:Reverse to the Right
DEBUG:root:Left=11.429000 Right=-33.750000
DEBUG:root:ScaledLeft: 400.715250 ScaledRight: 299.062500
INFO:root:Looping....
DEBUG:root:This is the line: drive:13.714:13.095

DEBUG:root:We got command: drive
DEBUG:root:We got a drive command: rawX:13.095000 and rawY:13.714000
DEBUG:root:Forward to the Right
DEBUG:root:Left=-13.714000 Right=0.619000
DEBUG:root:ScaledLeft: 344.143500 ScaledRight: 376.392750
INFO:root:Looping....
DEBUG:root:This is the line: drive:67.143:-5.357

DEBUG:root:We got command: drive
DEBUG:root:We got a drive command: rawX:-5.357000 and rawY:67.143000
DEBUG:root:Forward to the Left/Straight
DEBUG:root:Left=-72.500000 Right=67.143000
DEBUG:root:ScaledLeft: 211.875000 ScaledRight: 526.071750
INFO:root:Looping....
DEBUG:root:This is the line: drive:-11.429:22.321

DEBUG:root:We got command: drive
DEBUG:root:We got a drive command: rawX:22.321000 and rawY:-11.429000
DEBUG:root:Reverse to the Right
DEBUG:root:Left=11.429000 Right=-33.750000
DEBUG:root:ScaledLeft: 400.715250 ScaledRight: 299.062500
INFO:root:Looping....
DEBUG:root:This is the line: drive:13.714:13.095

DEBUG:root:We got command: drive
DEBUG:root:We got a drive command: rawX:13.095000 and rawY:13.714000
DEBUG:root:Forward to the Right
DEBUG:root:Left=-13.714000 Right=0.619000
DEBUG:root:ScaledLeft: 344.143500 ScaledRight: 376.392750
INFO:root:Looping....
DEBUG:root:This is the line: drive:67.143:-5.357

DEBUG:root:We got command: drive
DEBUG:root:We got a drive command: rawX:-5.357000 and rawY:67.143000
DEBUG:root:Forward to the Left/Straight
DEBUG:root:Left=-72.500000 Right=67.143000
DEBUG:root:ScaledLeft: 211.875000 ScaledRight: 526.071750
INFO:root:Looping....
DEBUG:root:This is the line: drive:13.714:13.095

DEBUG:root:We got command: drive
DEBUG:root:We got a drive command: rawX:13.095000 and rawY:13.714000
DEBUG:root:Forward to the Right
DEBUG:root:Left=-13.714000 Right=0.619000
DEBUG:root:ScaledLeft: 344.143500 ScaledRight: 376.392750
INFO:root:Looping....
DEBUG:root:This is the line: drive:67.143:-5.357

DEBUG:root:We got command: drive
DEBUG:root:We got a drive command: rawX:-5.357000 and rawY:67.143000
DEBUG:root:Forward to the Left/Straight
DEBUG:root:Left=-72.500000 Right=67.143000
DEBUG:root:ScaledLeft: 211.875000 ScaledRight: 526.071750
INFO:root:Looping....
DEBUG:root:This is the line: drive:-11.429:22.321

DEBUG:root:We got command: drive
DEBUG:root:We got a drive command: rawX:22.321000 and rawY:-11.429000
DEBUG:root:Reverse to the Right
DEBUG:root:Left=11.429000 Right=-33.750000
DEBUG:root:ScaledLeft: 400.715250 ScaledRight: 299.062500
INFO:root:Looping....
DEBUG:root:This is the line: drive:13.714:13.095

DEBUG:root:We got command: drive
DEBUG:root:We got a drive command: rawX:13.095000 and rawY:13.714000
DEBUG:root:Forward to the Right
DEBUG:root:Left=-13.714000 Right=0.619000
DEBUG:root:ScaledLeft: 344.143500 ScaledRight: 376.392750
INFO:root:Looping....
DEBUG:root:This is the line: drive:67.143:-5.357

DEBUG:root:We got command: drive
DEBUG:root:We got a drive command: rawX:-5.357000 and rawY:67.143000
DEBUG:root:Forward to the Left/Straight
DEBUG:root:Left=-72.500000 Right=67.143000
DEBUG:root:ScaledLeft: 211.875000 ScaledRight: 526.071750
INFO:root:Looping....
DEBUG:root:This is the line: drive:-11.429:22.321

DEBUG:root:We got command: drive
DEBUG:root:We got a drive command: rawX:22.321000 and rawY:-11.429000
DEBUG:root:Reverse to the Right
DEBUG:root:Left=11.429000 Right=-33.750000
DEBUG:root:ScaledLeft: 400.715250 ScaledRight: 299.062500
INFO:root:Looping....
DEBUG:root:This is the line: drive:13.714:13.095

DEBUG:root:We got command: drive
DEBUG:root:We got a drive command: rawX:13.095000 and rawY:13.714000
DEBUG:root:Forward to the Right
DEBUG:root:Left=-13.714000 Right=0.619000
DEBUG:root:ScaledLeft: 344.143500 ScaledRight: 376.392750
INFO:root:Looping....
DEBUG:root:This is the line: drive:13.714:13.095

DEBUG:root:We got command: drive
DEBUG:root:We got a drive command: rawX:13.095000 and rawY:13.714000
DEBUG:root:Forward to the Right
DEBUG:root:Left=-13.714000 Right=0.619000
DEBUG:root:ScaledLeft: 344.143500 ScaledRight: 376.392750
INFO:root:Looping....
DEBUG:root:This is the line: drive:-11.429:22.321

DEBUG:root:We got command: drive
DEBUG:root:We got a drive command: rawX:22.321000 and rawY:-11.429000
DEBUG:root:Reverse to the Right
DEBUG:root:Left=11.429000 Right=-33.750000
DEBUG:root:ScaledLeft: 400.715250 ScaledRight: 299.062500
INFO:root:Looping....
DEBUG:root:This is the line: drive:67.143:-5.357

DEBUG:root:We got command: drive
DEBUG:root:We got a drive command: rawX:-5.357000 and rawY:67.143000
DEBUG:root:Forward to the Left/Straight
DEBUG:root:Left=-72.500000 Right=67.143000
DEBUG:root:ScaledLeft: 211.875000 ScaledRight: 526.071750
INFO:root:Looping....
DEBUG:root:This is the line: drive:13.714:13.095

DEBUG:root:We got command: drive
DEBUG:root:We got a drive command: rawX:13.095000 and rawY:13.714000
DEBUG:root:Forward to the Right
DEBUG:root:Left=-13.714000 Right=0.619000
DEBUG:root:ScaledLeft: 344.143500 ScaledRight: 376.392750
INFO:root:Looping....
DEBUG:root:This is the line: drive:-11.429:22.321

DEBUG:root:We got command: drive
DEBUG:root:We got a drive command: rawX:22.321000 and rawY:-11.429000
DEBUG:root:Reverse to the Right
DEBUG:root:Left=11.429000 Right=-33.750000
DEBUG:root:ScaledLeft: 400.715250 ScaledRight: 299.062500
INFO:root:Looping....
DEBUG:root:This is the line: drive:67.143:-5.357

DEBUG:root:We got command: drive
DEBUG:root:We got a drive command: rawX:-5.357000 and rawY:67.143000
DEBUG:root:Forward to the Left/Straight
DEBUG:root:Left=-72.500000 Right=67.143000
DEBUG:root:ScaledLeft: 211.875000 ScaledRight: 526.071750
INFO:root:Looping....
DEBUG:root:This is the line: drive:13.714:13.095

DEBUG:root:We got command: drive
DEBUG:root:We got a drive command: rawX:13.095000 and rawY:13.714000
DEBUG:root:Forward to the Right
DEBUG:root:Left=-13.714000 Right=0.619000
DEBUG:root:ScaledLeft: 344.143500 ScaledRight: 376.392750
INFO:root:Looping....
DEBUG:root:This is the line: drive:-11.429:22.321

DEBUG:root:We got command: drive
DEBUG:root:We got a drive command: rawX:22.321000 and rawY:-11.429000
DEBUG:root:Reverse to the Right
DEBUG:root:Left=11.429000 Right=-33.750000
DEBUG:root:ScaledLeft: 400.715250 ScaledRight: 299.062500
INFO:root:Looping....
DEBUG:root:This is the line: drive:67.143:-5.357

DEBUG:root:We got command: drive
DEBUG:root:We got a drive command: rawX:-5.357000 and rawY:67.143000
DEBUG:root:Forward to the Left/Straight
DEBUG:root:Left=-72.500000 Right=67.143000
DEBUG:root:ScaledLeft: 211.875000 ScaledRight: 526.071750
INFO:root:Looping....
DEBUG:root:This is the line: drive:13.714:13.095

DEBUG:root:We got command: drive
DEBUG:root:We got a drive command: rawX:13.095000 and rawY:13.714000
DEBUG:root:Forward to the Right
DEBUG:root:Left=-13.714000 Right=0.619000
DEBUG:root:ScaledLeft: 344.143500 ScaledRight: 376.392750
INFO:root:Looping....
DEBUG:root:This is the line: drive:-11.429:22.321

DEBUG:root:We got command: drive
DEBUG:root:We got a drive command: rawX:22.321000 and rawY:-11.429000
DEBUG:root:Reverse to the Right
DEBUG:root:Left=11.429000 Right=-33.750000
DEBUG:root:ScaledLeft: 400.715250 ScaledRight: 299.062500
INFO:root:Looping....
DEBUG:root:This is the line: drive:67.143:-5.357

DEBUG:root:We got command: drive
DEBUG:root:We got a drive command: rawX:-5.357000 and rawY:67.143000
DEBUG:root:Forward to the Left/Straight
DEBUG:root:Left=-72.500000 Right=67.143000
DEBUG:root:ScaledLeft: 211.875000 ScaledRight: 526.071750
INFO:root:Looping....
DEBUG:root:This is the line: drive:13.714:13.095

DEBUG:root:We got command: drive
DEBUG:root:We got a drive command: rawX:13.095000 and rawY:13.714000
DEBUG:root:Forward to the Right
DEBUG:root:Left=-13.714000 Right=0.619000
DEBUG:root:ScaledLeft: 344.143500 ScaledRight: 376.392750
INFO:root:Looping....
DEBUG:root:This is the line: drive:67.143:-5.357

DEBUG:root:We got command: drive
DEBUG:root:We got a drive command: rawX:-5.357000 and rawY:67.143000
DEBUG:root:Forward to the Left/Straight
DEBUG:root:Left=-72.500000 Right=67.143000
DEBUG:root:ScaledLeft: 211.875000 ScaledRight: 526.071750
INFO:root:Looping....
DEBUG:root:This is the line: drive:-11.429:22.321

DEBUG:root:We got command: drive
DEBUG:root:We got a drive command: rawX:22.321000 and rawY:-11.429000
DEBUG:root:Reverse to the Right
DEBUG:root:Left=11.429000 Right=-33.750000
DEBUG:root:ScaledLeft: 400.715250 ScaledRight: 299.062500
INFO:root:Looping....
DEBUG:root:This is the line: drive:67.143:-5.357

DEBUG:root:We got command: drive
DEBUG:root:We got a drive command: rawX:-5.357000 and rawY:67.143000
DEBUG:root:Forward to the Left/Straight
DEBUG:root:Left=-72.500000 Right=67.143000
DEBUG:root:ScaledLeft: 211.875000 ScaledRight: 526.071750
INFO:root:Looping....
DEBUG:root:This is the line: drive:13.714:13.095

DEBUG:root:We got command: drive
DEBUG:root:We got a drive command: rawX:13.095000 and rawY:13.714000
DEBUG:root:Forward to the Right
DEBUG:root:Left=-13.714000 Right=0.619000
DEBUG:root:ScaledLeft: 344.143500 ScaledRight: 376.392750
INFO:root:Looping....
DEBUG:root:This is the line: drive:-11.429:22.321

DEBUG:root:We got command: drive
DEBUG:root:We got a drive command: rawX:22.321000 and rawY:-11.429000
DEBUG:root:Reverse to the Right
DEBUG:root:Left=11.429000 Right=-33.750000
DEBUG:root:ScaledLeft: 400.715250 ScaledRight: 299.062500
INFO:root:Looping....
DEBUG:root:This is the line: drive:67.143:-5.357

DEBUG:root:We got command: drive
DEBUG:root:We got a drive command: rawX:-5.357000 and rawY:67.143000
DEBUG:root:Forward to the Left/Straight
DEBUG:root:Left=-72.500000 Right=67.143000
DEBUG:root:ScaledLeft: 211.875000 ScaledRight: 526.071750
INFO:root:Looping....
DEBUG:root:This is the line: drive:13.714:13.095

DEBUG:root:We got command: drive
DEBUG:root:We got a drive command: rawX:13.095000 and rawY:13.714000
DEBUG:root:Forward to the Right
DEBUG:root:Left=-13.714000 Right=0.619000
DEBUG:root:ScaledLeft: 344.143500 ScaledRight: 376.392750
INFO:root:Looping....
DEBUG:root:This is the line: drive:13.714:13.095

DEBUG:root:We got command: drive
DEBUG:root:We got a drive command: rawX:13.095000 and rawY:13.714000
DEBUG:root:Forward to the Right
DEBUG:root:Left=-13.714000 Right=0.619000
DEBUG:root:ScaledLeft: 344.143500 ScaledRight: 376.392750
INFO:root:Looping....
DEBUG:root:This is the line: drive:-11.429:22.321

DEBUG:root:We got command: drive
DEBUG:root:We got a drive command: rawX:22.321000 and rawY:-11.429000
DEBUG:root:Reverse to the Right
DEBUG:root:Left=11.429000 Right=-33.750000
DEBUG:root:ScaledLeft: 400.715250 ScaledRight: 299.062500
INFO:root:Looping....
DEBUG:root:This is the line: drive:67.143:-5.357

DEBUG:root:We got command: drive
DEBUG:root:We got a drive command: rawX:-5.357000 and rawY:67.143000
DEBUG:root:Forward to the Left/Straight
DEBUG:root:Left=-72.500000 Right=67.143000
DEBUG:root:ScaledLeft: 211.875000 ScaledRight: 526.071750
INFO:root:Looping....
DEBUG:root:This is the line: drive:13.714:13.095

DEBUG:root:We got command: drive
DEBUG:root:We got a drive command: rawX:13.095000 and rawY:13.714000
DEBUG:root:Forward to the Right
DEBUG:root:Left=-13.714000 Right=0.619000
DEBUG:root:ScaledLeft: 344.143500 ScaledRight: 376.392750
INFO:root:Looping....
DEBUG:root:This is the line: drive:-11.429:22.321

DEBUG:root:We got command: drive
DEBUG:root:We got a drive command: rawX:22.321000 and rawY:-11.429000
DEBUG:root:Reverse to the Right
DEBUG:root:Left=11.429000 Right=-33.750000
DEBUG:root:ScaledLeft: 400.715250 ScaledRight: 299.062500
INFO:root:Looping....
DEBUG:root:This is the line: drive:67.143:-5.357

DEBUG:root:We got command: drive
DEBUG:root:We got a drive command: rawX:-5.357000 and rawY:67.143000
DEBUG:root:Forward to the Left/Straight
DEBUG:root:Left=-72.500000 Right=67.143000
DEBUG:root:ScaledLeft: 211.875000 ScaledRight: 526.071750
INFO:root:Looping....
DEBUG:root:This is the line: drive:-11.429:22.321

DEBUG:root:We got command: drive
DEBUG:root:We got a drive command: rawX:22.321000 and rawY:-11.429000
DEBUG:root:Reverse to the Right
DEBUG:root:Left=11.429000 Right=-33.750000
DEBUG:root:ScaledLeft: 400.715250 ScaledRight: 299.062500
INFO:root:Looping....
DEBUG:root:This is the line: drive:13.714:13.095

DEBUG:root:We got command: drive
DEBUG:root:We got a drive command: rawX:13.095000 and rawY:13.714000
DEBUG:root:Forward to the Right
DEBUG:root:Left=-13.714000 Right=0.619000
DEBUG:root:ScaledLeft: 344.143500 ScaledRight: 376.392750
INFO:root:Looping....
DEBUG:root:This is the line: drive:-11.429:22.321

DEBUG:root:We got command: drive
DEBUG:root:We got a drive command: rawX:22.321000 and rawY:-11.429000
DEBUG:root:Reverse to the Right
DEBUG:root:Left=11.429000 Right=-33.750000
DEBUG:root:ScaledLeft: 400.715250 ScaledRight: 299.062500
INFO:root:Looping....
DEBUG:root:This is the line: drive:67.143:-5.357

DEBUG:root:We got command: drive
DEBUG:root:We got a drive command: rawX:-5.357000 and rawY:67.143000
DEBUG:root:Forward to the Left/Straight
DEBUG:root:Left=-72.500000 Right=67.143000
DEBUG:root:ScaledLeft: 211.875000 ScaledRight: 526.071750
INFO:root:Looping....
DEBUG:root:This is the line: drive:13.714:13.095

DEBUG:root:We got command: drive
DEBUG:root:We got a drive command: rawX:13.095000 and rawY:13.714000
DEBUG:root:Forward to the Right
DEBUG:root:Left=-13.714000 Right=0.619000
DEBUG:root:ScaledLeft: 344.143500 ScaledRight: 376.392750
INFO:root:Looping....
DEBUG:root:This is the line: drive:67.143:-5.357

DEBUG:root:We got command: drive
DEBUG:root:We got a drive command: rawX:-5.357000 and rawY:67.143000
DEBUG:root:Forward to the Left/Straight
DEBUG:root:Left=-72.500000 Right=67.143000
DEBUG:root:ScaledLeft: 211.875000 ScaledRight: 526.071750
INFO:root:Looping....
DEBUG:root:This is the line: drive:-11.429:22.321

DEBUG:root:We got command: drive
DEBUG:root:We got a drive command: rawX:22.321000 and rawY:-11.429000
DEBUG:root:Reverse to the Right
DEBUG:root:Left=11.429000 Right=-33.750000
DEBUG:root:ScaledLeft: 400.715250 ScaledRight: 299.062500
INFO:root:Looping....
DEBUG:root:This is the line: drive:13.714:13.095

DEBUG:root:We got command: drive
DEBUG:root:We got a drive command: rawX:13.095000 and rawY:13.714000
DEBUG:root:Forward to the Right
DEBUG:root:Left=-13.714000 Right=0.619000
DEBUG:root:ScaledLeft: 344.143500 ScaledRight: 376.392750
INFO:root:Looping....
DEBUG:root:This is the line: drive:67.143:-5.357

DEBUG:root:We got command: drive
DEBUG:root:We got a drive command: rawX:-5.357000 and rawY:67.143000
DEBUG:root:Forward to the Left/Straight
DEBUG:root:Left=-72.500000 Right=67.143000
DEBUG:root:ScaledLeft: 211.875000 ScaledRight: 526.071750
INFO:root:Looping....
DEBUG:root:This is the line: drive:13.714:13.095

DEBUG:root:We got command: drive
DEBUG:root:We got a drive command: rawX:13.095000 and rawY:13.714000
DEBUG:root:Forward to the Right
DEBUG:root:Left=-13.714000 Right=0.619000
DEBUG:root:ScaledLeft: 344.143500 ScaledRight: 376.392750
INFO:root:Looping....
DEBUG:root:This is the line: drive:-11.429:22.321

DEBUG:root:We got command: drive
DEBUG:root:We got a drive command: rawX:22.321000 and rawY:-11.429000
DEBUG:root:Reverse to the Right
DEBUG:root:Left=11.429000 Right=-33.750000
DEBUG:root:ScaledLeft: 400.715250 ScaledRight: 299.062500
INFO:root:Looping....
DEBUG:root:This is the line: drive:67.143:-5.357

DEBUG:root:We got command: drive
DEBUG:root:We got a drive command: rawX:-5.357000 and rawY:67.143000
DEBUG:root:Forward to the Left/Straight
DEBUG:root:Left=-72.500000 Right=67.143000
DEBUG:root:ScaledLeft: 211.875000 ScaledRight: 526.071750
INFO:root:Looping....
DEBUG:root:This is the line: drive:13.714:13.095

DEBUG:root:We got command: drive
DEBUG:root:We got a drive command: rawX:13.095000 and rawY:13.714000
DEBUG:root:Forward to the Right
DEBUG:root:Left=-13.714000 Right=0.619000
DEBUG:root:ScaledLeft: 344.143500 ScaledRight: 376.392750
INFO:root:Looping....
DEBUG:root:This is the line: drive:-11.429:22.321

DEBUG:root:We got command: drive
DEBUG:root:We got a drive command: rawX:22.321000 and rawY:-11.429000
DEBUG:root:Reverse to the Right
DEBUG:root:Left=11.429000 Right=-33.750000
DEBUG:root:ScaledLeft: 400.715250 ScaledRight: 299.062500
INFO:root:Looping....
DEBUG:root:This is the line: drive:67.143:-5.357

DEBUG:root:We got command: drive
DEBUG:root:We got a drive command: rawX:-5.357000 and rawY:67.143000
DEBUG:root:Forward to the Left/Straight
DEBUG:root:Left=-72.500000 Right=67.143000
DEBUG:root:ScaledLeft: 211.875000 ScaledRight: 526.071750
INFO:root:Looping....
DEBUG:root:This is the line: drive:13.714:13.095

DEBUG:root:We got command: drive
DEBUG:root:We got a drive command: rawX:13.095000 and rawY:13.714000
DEBUG:root:Forward to the Right
DEBUG:root:Left=-13.714000 Right=0.619000
DEBUG:root:ScaledLeft: 344.143500 ScaledRight: 376.392750
INFO:root:Looping....
DEBUG:root:This is the line: drive:-11.429:22.321

DEBUG:root:We got command: drive
DEBUG:root:We got a drive command: rawX:22.321000 and rawY:-11.429000
DEBUG:root:Reverse to the Right
DEBUG:root:Left=11.429000 Right=-33.750000
DEBUG:root:ScaledLeft: 400.715250 ScaledRight: 299.062500
INFO:root:Looping....
DEBUG:root:This is the line: drive:67.143:-5.357

DEBUG:root:We got command: drive
DEBUG:root:We got a drive command: rawX:-5.357000 and rawY:67.143000
DEBUG:root:Forward to the Left/Straight
DEBUG:root:Left=-72.500000 Right=67.143000
DEBUG:root:ScaledLeft: 211.875000 ScaledRight: 526.071750
INFO:root:Looping....
DEBUG:root:This is the line: drive:-11.429:22.321

DEBUG:root:We got command: drive
DEBUG:root:We got a drive command: rawX:22.321000 and rawY:-11.429000
DEBUG:root:Reverse to the Right
DEBUG:root:Left=11.429000 Right=-33.750000
DEBUG:root:ScaledLeft: 400.715250 ScaledRight: 299.062500
INFO:root:Looping....
DEBUG:root:This is the line: drive:13.714:13.095

DEBUG:root:We got command: drive
DEBUG:root:We got a drive command: rawX:13.095000 and rawY:13.714000
DEBUG:root:Forward to the Right
DEBUG:root:Left=-13.714000 Right=0.619000
DEBUG:root:ScaledLeft: 344.143500 ScaledRight: 376.392750
INFO:root:Looping....
DEBUG:root:This is the line: drive:67.143:-5.357

DEBUG:root:We got command: drive
DEBUG:root:We got a drive command: rawX:-5.357000 and rawY:67.143000
DEBUG:root:Forward to the Left/Straight
DEBUG:root:Left=-72.500000 Right=67.143000
DEBUG:root:ScaledLeft: 211.875000 ScaledRight: 526.071750
INFO:root:Looping....
DEBUG:root:This is the line: drive:-11.429:22.321

DEBUG:root:We got command: drive
DEBUG:root:We got a drive command: rawX:22.321000 and rawY:-11.429000
DEBUG:root:Reverse to the Right
DEBUG:root:Left=11.429000 Right=-33.750000
DEBUG:root:ScaledLeft: 400.715250 ScaledRight: 299.062500
INFO:root:Looping....
DEBUG:root:This is the line: drive:13.714:13.095

DEBUG:root:We got command: drive
DEBUG:root:We got a drive command: rawX:13.095000 and rawY:13.714000
DEBUG:root:Forward to the Right
DEBUG:root:Left=-13.714000 Right=0.619000
DEBUG:root:ScaledLeft: 344.143500 ScaledRight: 376.392750
INFO:root:Looping....
DEBUG:root:This is the line: drive:67.143:-5.357

DEBUG:root:We got command: drive
DEBUG:root:We got a drive command: rawX:-5.357000 and rawY:67.143000
DEBUG:root:Forward to the Left/Straight
DEBUG:root:Left=-72.500000 Right=67.143000
DEBUG:root:ScaledLeft: 211.875000 ScaledRight: 526.071750
INFO:root:Looping....
DEBUG:root:This is the line: drive:13.714:13.095

DEBUG:root:We got command: drive
DEBUG:root:We got a drive command: rawX:13.095000 and rawY:13.714000
DEBUG:root:Forward to the Right
DEBUG:root:Left=-13.714000 Right=0.619000
DEBUG:root:ScaledLeft: 344.143500 ScaledRight: 376.392750
INFO:root:Looping....
DEBUG:root:This is the line: drive:-11.429:22.321

DEBUG:root:We got command: drive
DEBUG:root:We got a drive command: rawX:22.321000 and rawY:-11.429000
DEBUG:root:Reverse to the Right
DEBUG:root:Left=11.429000 Right=-33.750000
DEBUG:root:ScaledLeft: 400.715250 ScaledRight: 299.062500
INFO:root:Looping....
DEBUG:root:This is the line: drive:67.143:-5.357

DEBUG:root:We got command: drive
DEBUG:root:We got a drive command: rawX:-5.357000 and rawY:67.143000
DEBUG:root:Forward to the Left/Straight
DEBUG:root:Left=-72.500000 Right=67.143000
DEBUG:root:ScaledLeft: 211.875000 ScaledRight: 526.071750
INFO:root:Looping....
DEBUG:root:This is the line: drive:13.714:13.095

DEBUG:root:We got command: drive
DEBUG:root:We got a drive command: rawX:13.095000 and rawY:13.714000
DEBUG:root:Forward to the Right
DEBUG:root:Left=-13.714000 Right=0.619000
DEBUG:root:ScaledLeft: 344.143500 ScaledRight: 376.392750
INFO:root:Looping....
DEBUG:root:This is the line: drive:67.143:-5.357

DEBUG:root:We got command: drive
DEBUG:root:We got a drive command: rawX:-5.357000 and rawY:67.143000
DEBUG:root:Forward to the Left/Straight
DEBUG:root:Left=-72.500000 Right=67.143000
DEBUG:root:ScaledLeft: 211.875000 ScaledRight: 526.071750
INFO:root:Looping....
DEBUG:root:This is the line: drive:-11.429:22.321

DEBUG:root:We got command: drive
DEBUG:root:We got a drive command: rawX:22.321000 and rawY:-11.429000
DEBUG:root:Reverse to the Right
DEBUG:root:Left=11.429000 Right=-33.750000
DEBUG:root:ScaledLeft: 400.715250 ScaledRight: 299.062500
INFO:root:Looping....
DEBUG:root:This is the line: drive:13.714:13.095

DEBUG:root:We got command: drive
DEBUG:root:We got a drive command: rawX:13.095000 and rawY:13.714000
DEBUG:root:Forward to the Right
DEBUG:root:Left=-13.714000 Right=0.619000
DEBUG:root:ScaledLeft: 344.143500 ScaledRight: 376.392750
INFO:root:Looping....
DEBUG:root:This is the line: drive:-11.429:22.321

DEBUG:root:We got command: drive
DEBUG:root:We got a drive command: rawX:22.321000 and rawY:-11.429000
DEBUG:root:Reverse to the Right
DEBUG:root:Left=11.429000 Right=-33.750000
DEBUG:root:ScaledLeft: 400.715250 ScaledRight: 299.062500
INFO:root:Looping....
DEBUG:root:This is the line: drive:67.143:-5.357

DEBUG:root:We got command: drive
DEBUG:root:We got a drive command: rawX:-5.357000 and rawY:67.143000
DEBUG:root:Forward to the Left/Straight
DEBUG:root:Left=-72.500000 Right=67.143000
DEBUG:root:ScaledLeft: 211.875000 ScaledRight: 526.071750
INFO:root:Looping....
DEBUG:root:This is the line: drive:13.714:13.095

DEBUG:root:We got command: drive
DEBUG:root:We got a drive command: rawX:13.095000 and rawY:13.714000
DEBUG:root:Forward to the Right
DEBUG:root:Left=-13.714000 Right=0.619000
DEBUG:root:ScaledLeft: 344.143500 ScaledRight: 376.392750
INFO:root:Looping....
DEBUG:root:This is the line: drive:-11.429:22.321

DEBUG:root:We got command: drive
DEBUG:root:We got a drive command: rawX:22.321000 and rawY:-11.429000
DEBUG:root:Reverse to the Right
DEBUG:root:Left=11.429000 Right=-33.750000
DEBUG:root:ScaledLeft: 400.715250 ScaledRight: 299.062500
INFO:root:Looping....
DEBUG:root:This is the line: drive:67.143:-5.357

DEBUG:root:We got command: drive
DEBUG:root:We got a drive command: rawX:-5.357000 and rawY:67.143000
DEBUG:root:Forward to the Left/Straight
DEBUG:root:Left=-72.500000 Right=67.143000
DEBUG:root:ScaledLeft: 211.875000 ScaledRight: 526.071750
INFO:root:Looping....
DEBUG:root:This is the line: drive:13.714:13.095

DEBUG:root:We got command: drive
DEBUG:root:We got a drive command: rawX:13.095000 and rawY:13.714000
DEBUG:root:Forward to the Right
DEBUG:root:Left=-13.714000 Right=0.619000
DEBUG:root:ScaledLeft: 344.143500 ScaledRight: 376.392750
INFO:root:Looping....
DEBUG:root:This is the line: drive:67.143:-5.357

DEBUG:root:We got command: drive
DEBUG:root:We got a drive command: rawX:-5.357000 and rawY:67.143000
DEBUG:root:Forward to the Left/Straight
DEBUG:root:Left=-72.500000 Right=67.143000
DEBUG:root:ScaledLeft: 211.875000 ScaledRight: 526.071750
INFO:root:Looping....
DEBUG:root:This is the line: drive:-11.429:22.321

DEBUG:root:We got command: drive
DEBUG:root:We got a drive command: rawX:22.321000 and rawY:-11.429000
DEBUG:root:Reverse to the Right
DEBUG:root:Left=11.429000 Right=-33.750000
DEBUG:root:ScaledLeft: 400.715250 ScaledRight: 299.062500
INFO:root:Looping....
DEBUG:root:This is the line: drive:13.714:13.095

DEBUG:root:We got command: drive
DEBUG:root:We got a drive command: rawX:13.095000 and rawY:13.714000
DEBUG:root:Forward to the Right
DEBUG:root:Left=-13.714000 Right=0.619000
DEBUG:root:ScaledLeft: 344.143500 ScaledRight: 376.392750
INFO:root:Looping....
DEBUG:root:This is the line: drive:67.143:-5.357

DEBUG:root:We got command: drive
DEBUG:root:We got a drive command: rawX:-5.357000 and rawY:67.143000
DEBUG:root:Forward to the Left/Straight
DEBUG:root:Left=-72.500000 Right=67.143000
DEBUG:root:ScaledLeft: 211.875000 ScaledRight: 526.071750
INFO:root:Looping....
DEBUG:root:This is the line: drive:-11.429:22.321

DEBUG:root:We got command: drive
DEBUG:root:We got a drive command: rawX:22.321000 and rawY:-11.429000
DEBUG:root:Reverse to the Right
DEBUG:root:Left=11.429000 Right=-33.750000
DEBUG:root:ScaledLeft: 400.715250 ScaledRight: 299.062500
INFO:root:Looping....
DEBUG:root:This is the line: drive:13.714:13.095

DEBUG:root:We got command: drive
DEBUG:root:We got a drive command: rawX:13.095000 and rawY:13.714000
DEBUG:root:Forward to the Right
DEBUG:root:Left=-13.714000 Right=0.619000
DEBUG:root:ScaledLeft: 344.143500 ScaledRight: 376.392750
INFO:root:Looping....
DEBUG:root:This is the line: drive:67.143:-5.357

DEBUG:root:We got command: drive
DEBUG:root:We got a drive command: rawX:-5.357000 and rawY:67.143000
DEBUG:root:Forward to the Left/Straight
DEBUG:root:Left=-72.500000 Right=67.143000
DEBUG:root:ScaledLeft: 211.875000 ScaledRight: 526.071750
INFO:root:Looping....
DEBUG:root:This is the line: drive:-11.429:22.321

DEBUG:root:We got command: drive
DEBUG:root:We got a drive command: rawX:22.321000 and rawY:-11.429000
DEBUG:root:Reverse to the Right
DEBUG:root:Left=11.429000 Right=-33.750000
DEBUG:root:ScaledLeft: 400.715250 ScaledRight: 299.062500
INFO:root:Looping....
DEBUG:root:This is the line: drive:13.714:13.095

DEBUG:root:We got command: drive
DEBUG:root:We got a drive command: rawX:13.095000 and rawY:13.714000
DEBUG:root:Forward to the Right
DEBUG:root:Left=-13.714000 Right=0.619000
DEBUG:root:ScaledLeft: 344.143500 ScaledRight: 376.392750
INFO:root:Looping....
DEBUG:root:This is the line: drive:67.143:-5.357

DEBUG:root:We got command: drive
DEBUG:root:We got a drive command: rawX:-5.357000 and rawY:67.143000
DEBUG:root:Forward to the Left/Straight
DEBUG:root:Left=-72.500000 Right=67.143000
DEBUG:root:ScaledLeft: 211.875000 ScaledRight: 526.071750
INFO:root:Looping....
DEBUG:root:This is the line: drive:-11.429:22.321

DEBUG:root:We got command: drive
DEBUG:root:We got a drive command: rawX:22.321000 and rawY:-11.429000
DEBUG:root:Reverse to the Right
DEBUG:root:Left=11.429000 Right=-33.750000
DEBUG:root:ScaledLeft: 400.715250 ScaledRight: 299.062500
INFO:root:Looping....
DEBUG:root:This is the line: drive:13.714:13.095

DEBUG:root:We got command: drive
DEBUG:root:We got a drive command: rawX:13.095000 and rawY:13.714000
DEBUG:root:Forward to the Right
DEBUG:root:Left=-13.714000 Right=0.619000
DEBUG:root:ScaledLeft: 344.143500 ScaledRight: 376.392750
INFO:root:Looping....
DEBUG:root:This is the line: drive:67.143:-5.357

DEBUG:root:We got command: drive
DEBUG:root:We got a drive command: rawX:-5.357000 and rawY:67.143000
DEBUG:root:Forward to the Left/Straight
DEBUG:root:Left=-72.500000 Right=67.143000
DEBUG:root:ScaledLeft: 211.875000 ScaledRight: 526.071750
INFO:root:Looping....
DEBUG:root:This is the line: drive:-11.429:22.321

DEBUG:root:We got command: drive
DEBUG:root:We got a drive command: rawX:22.321000 and rawY:-11.429000
DEBUG:root:Reverse to the Right
DEBUG:root:Left=11.429000 Right=-33.750000
DEBUG:root:ScaledLeft: 400.715250 ScaledRight: 299.062500
INFO:root:Looping....
DEBUG:root:This is the line: drive:13.714:13.095

DEBUG:root:We got command: drive
DEBUG:root:We got a drive command: rawX:13.095000 and rawY:13.714000
DEBUG:root:Forward to the Right
DEBUG:root:Left=-13.714000 Right=0.619000
DEBUG:root:ScaledLeft: 344.143500 ScaledRight: 376.392750
INFO:root:Looping....
DEBUG:root:This is the line: drive:67.143:-5.357

DEBUG:root:We got command: drive
DEBUG:root:We got a drive command: rawX:-5.357000 and rawY:67.143000
DEBUG:root:Forward to the Left/Straight
DEBUG:root:Left=-72.500000 Right=67.143000
DEBUG:root:ScaledLeft: 211.875000 ScaledRight: 526.071750
INFO:root:Looping....
DEBUG:root:This is the line: drive:13.714:13.095

DEBUG:root:We got command: drive
DEBUG:root:We got a drive command: rawX:13.095000 and rawY:13.714000
DEBUG:root:Forward to the Right
DEBUG:root:Left=-13.714000 Right=0.619000
DEBUG:root:ScaledLeft: 344.143500 ScaledRight: 376.392750
INFO:root:Looping....
DEBUG:root:This is the line: drive:-11.429:22.321

DEBUG:root:We got command: drive
DEBUG:root:We got a drive command: rawX:22.321000 and rawY:-11.429000
DEBUG:root:Reverse to the Right
DEBUG:root:Left=11.429000 Right=-33.750000
DEBUG:root:ScaledLeft: 400.715250 ScaledRight: 299.062500
INFO:root:Looping....
DEBUG:root:This is the line: drive:67.143:-5.357

DEBUG:root:We got command: drive
DEBUG:root:We got a drive command: rawX:-5.357000 and rawY:67.143000
DEBUG:root:Forward to the Left/Straight
DEBUG:root:Left=-72.500000 Right=67.143000
DEBUG:root:ScaledLeft: 211.875000 ScaledRight: 526.071750
INFO:root:Looping....
DEBUG:root:This is the line: drive:-11.429:22.321

DEBUG:root:We got command: drive
DEBUG:root:We got a drive command: rawX:22.321000 and rawY:-11.429000
DEBUG:root:Reverse to the Right
DEBUG:root:Left=11.429000 Right=-33.750000
DEBUG:root:ScaledLeft: 400.715250 ScaledRight: 299.062500
INFO:root:Looping....
DEBUG:root:This is the line: drive:13.714:13.095

DEBUG:root:We got command: drive
DEBUG:root:We got a drive command: rawX:13.095000 and rawY:13.714000
DEBUG:root:Forward to the Right
DEBUG:root:Left=-13.714000 Right=0.619000
DEBUG:root:ScaledLeft: 344.143500 ScaledRight: 376.392750
INFO:root:Looping....
DEBUG:root:This is the line: drive:67.143:-5.357

DEBUG:root:We got command: drive
DEBUG:root:We got a drive command: rawX:-5.357000 and rawY:67.143000
DEBUG:root:Forward to the Left/Straight
DEBUG:root:Left=-72.500000 Right=67.143000
DEBUG:root:ScaledLeft: 211.875000 ScaledRight: 526.071750
INFO:root:Looping....
DEBUG:root:This is the line: drive:-11.429:22.321

DEBUG:root:We got command: drive
DEBUG:root:We got a drive command: rawX:22.321000 and rawY:-11.429000
DEBUG:root:Reverse to the Right
DEBUG:root:Left=11.429000 Right=-33.750000
DEBUG:root:ScaledLeft: 400.715250 ScaledRight: 299.062500
INFO:root:Looping....
DEBUG:root:This is the line: drive:13.714:13.095

DEBUG:root:We got command: drive
DEBUG:root:We got a drive command: rawX:13.095000 and rawY:13.714000
DEBUG:root:Forward to the Right
DEBUG:root:Left=-13.714000 Right=0.619000
DEBUG:root:ScaledLeft: 344.143500 ScaledRight: 376.392750
INFO:root:Looping....
DEBUG:root:This is the line: drive:67.143:-5.357

DEBUG:root:We got command: drive
DEBUG:root:We got a drive command: rawX:-5.357000 and rawY:67.143000
DEBUG:root:Forward to the Left/Straight
DEBUG:root:Left=-72.500000 Right=67.143000
DEBUG:root:ScaledLeft: 211.875000 ScaledRight: 526.071750
INFO:root:Looping....
DEBUG:root:This is the line: drive:-11.429:22.321

DEBUG:root:We got command: drive
DEBUG:root:We got a drive command: rawX:22.321000 and rawY:-11.429000
DEBUG:root:Reverse to the Right
DEBUG:root:Left=11.429000 Right=-33.750000
DEBUG:root:ScaledLeft: 400.715250 ScaledRight: 299.062500
INFO:root:Looping....
DEBUG:root:This is the line: drive:13.714:13.095

DEBUG:root:We got command: drive
DEBUG:root:We got a drive command: rawX:13.095000 and rawY:13.714000
DEBUG:root:Forward to the Right
DEBUG:root:Left=-13.714000 Right=0.619000
DEBUG:root:ScaledLeft: 344.143500 ScaledRight: 376.392750
INFO:root:Looping....
DEBUG:root:This is the line: drive:67.143:-5.357

DEBUG:root:We got command: drive
DEBUG:root:We got a drive command: rawX:-5.357000 and rawY:67.143000
DEBUG:root:Forward to the Left/Straight
DEBUG:root:Left=-72.500000 Right=67.143000
DEBUG:root:ScaledLeft: 211.875000 ScaledRight: 526.071750
INFO:root:Looping....
DEBUG:root:This is the line: drive:-11.429:22.321

DEBUG:root:We got command: drive
DEBUG:root:We got a drive command: rawX:22.321000 and rawY:-11.429000
DEBUG:root:Reverse to the Right
DEBUG:root:Left=11.429000 Right=-33.750000
DEBUG:root:ScaledLeft: 400.715250 ScaledRight: 299.062500
INFO:root:Looping....
DEBUG:root:This is the line: drive:13.714:13.095

DEBUG:root:We got command: drive
DEBUG:root:We got a drive command: rawX:13.095000 and rawY:13.714000
DEBUG:root:Forward to the Right
DEBUG:root:Left=-13.714000 Right=0.619000
DEBUG:root:ScaledLeft: 344.143500 ScaledRight: 376.392750
INFO:root:Looping....
DEBUG:root:This is the line: drive:13.714:13.095

DEBUG:root:We got command: drive
DEBUG:root:We got a drive command: rawX:13.095000 and rawY:13.714000
DEBUG:root:Forward to the Right
DEBUG:root:Left=-13.714000 Right=0.619000
DEBUG:root:ScaledLeft: 344.143500 ScaledRight: 376.392750
INFO:root:Looping....
DEBUG:root:This is the line: drive:-11.429:22.321

DEBUG:root:We got command: drive
DEBUG:root:We got a drive command: rawX:22.321000 and rawY:-11.429000
DEBUG:root:Reverse to the Right
DEBUG:root:Left=11.429000 Right=-33.750000
DEBUG:root:ScaledLeft: 400.715250 ScaledRight: 299.062500
INFO:root:Looping....
DEBUG:root:This is the line: drive:67.143:-5.357

DEBUG:root:We got command: drive
DEBUG:root:We got a drive command: rawX:-5.357000 and rawY:67.143000
DEBUG:root:Forward to the Left/Straight
DEBUG:root:Left=-72.500000 Right=67.143000
DEBUG:root:ScaledLeft: 211.875000 ScaledRight: 526.071750
INFO:root:Looping....
DEBUG:root:This is the line: drive:13.714:13.095

DEBUG:root:We got command: drive
DEBUG:root:We got a drive command: rawX:13.095000 and rawY:13.714000
DEBUG:root:Forward to the Right
DEBUG:root:Left=-13.714000 Right=0.619000
DEBUG:root:ScaledLeft: 344.143500 ScaledRight: 376.392750
INFO:root:Looping....
DEBUG:root:This is the line: drive:67.143:-5.357

DEBUG:root:We got command: drive
DEBUG:root:We got a drive command: rawX:-5.357000 and rawY:67.143000
DEBUG:root:Forward to the Left/Straight
DEBUG:root:Left=-72.500000 Right=67.143000
DEBUG:root:ScaledLeft: 211.875000 ScaledRight: 526.071750
INFO:root:Looping....
DEBUG:root:This is the line: drive:-11.429:22.321

DEBUG:root:We got command: drive
DEBUG:root:We got a drive command: rawX:22.321000 and rawY:-11.429000
DEBUG:root:Reverse to the Right
DEBUG:root:Left=11.429000 Right=-33.750000
DEBUG:root:ScaledLeft: 400.715250 ScaledRight: 299.062500
INFO:root:Looping....
DEBUG:root:This is the line: drive:-11.429:22.321

DEBUG:root:We got command: drive
DEBUG:root:We got a drive command: rawX:22.321000 and rawY:-11.429000
DEBUG:root:Reverse to the Right
DEBUG:root:Left=11.429000 Right=-33.750000
DEBUG:root:ScaledLeft: 400.715250 ScaledRight: 299.062500
INFO:root:Looping....
DEBUG:root:This is the line: drive:67.143:-5.357

DEBUG:root:We got command: drive
DEBUG:root:We got a drive command: rawX:-5.357000 and rawY:67.143000
DEBUG:root:Forward to the Left/Straight
DEBUG:root:Left=-72.500000 Right=67.143000
DEBUG:root:ScaledLeft: 211.875000 ScaledRight: 526.071750
INFO:root:Looping....
DEBUG:root:This is the line: drive:13.714:13.095

DEBUG:root:We got command: drive
DEBUG:root:We got a drive command: rawX:13.095000 and rawY:13.714000
DEBUG:root:Forward to the Right
DEBUG:root:Left=-13.714000 Right=0.619000
DEBUG:root:ScaledLeft: 344.143500 ScaledRight: 376.392750
INFO:root:Looping....
DEBUG:root:This is the line: drive:-11.429:22.321

DEBUG:root:We got command: drive
DEBUG:root:We got a drive command: rawX:22.321000 and rawY:-11.429000
DEBUG:root:Reverse to the Right
DEBUG:root:Left=11.429000 Right=-33.750000
DEBUG:root:ScaledLeft: 400.715250 ScaledRight: 299.062500
INFO:root:Looping....
DEBUG:root:This is the line: drive:67.143:-5.357

DEBUG:root:We got command: drive
DEBUG:root:We got a drive command: rawX:-5.357000 and rawY:67.143000
DEBUG:root:Forward to the Left/Straight
DEBUG:root:Left=-72.500000 Right=67.143000
DEBUG:root:ScaledLeft: 211.875000 ScaledRight: 526.071750
INFO:root:Looping....
DEBUG:root:This is the line: drive:-11.429:22.321

DEBUG:root:We got command: drive
DEBUG:root:We got a drive command: rawX:22.321000 and rawY:-11.429000
DEBUG:root:Reverse to the Right
DEBUG:root:Left=11.429000 Right=-33.750000
DEBUG:root:ScaledLeft: 400.715250 ScaledRight: 299.062500
INFO:root:Looping....
DEBUG:root:This is the line: drive:13.714:13.095

DEBUG:root:We got command: drive
DEBUG:root:We got a drive command: rawX:13.095000 and rawY:13.714000
DEBUG:root:Forward to the Right
DEBUG:root:Left=-13.714000 Right=0.619000
DEBUG:root:ScaledLeft: 344.143500 ScaledRight: 376.392750
INFO:root:Looping....
DEBUG:root:This is the line: drive:13.714:13.095

DEBUG:root:We got command: drive
DEBUG:root:We got a drive command: rawX:13.095000 and rawY:13.714000
DEBUG:root:Forward to the Right
DEBUG:root:Left=-13.714000 Right=0.619000
DEBUG:root:ScaledLeft: 344.143500 ScaledRight: 376.392750
INFO:root:Looping....
DEBUG:root:This is the line: drive:67.143:-5.357

DEBUG:root:We got command: drive
DEBUG:root:We got a drive command: rawX:-5.357000 and rawY:67.143000
DEBUG:root:Forward to the Left/Straight
DEBUG:root:Left=-72.500000 Right=67.143000
DEBUG:root:ScaledLeft: 211.875000 ScaledRight: 526.071750
INFO:root:Looping....
DEBUG:root:This is the line: drive:-11.429:22.321

DEBUG:root:We got command: drive
DEBUG:root:We got a drive command: rawX:22.321000 and rawY:-11.429000
DEBUG:root:Reverse to the Right
DEBUG:root:Left=11.429000 Right=-33.750000
DEBUG:root:ScaledLeft: 400.715250 ScaledRight: 299.062500
INFO:root:Looping....
DEBUG:root:This is the line: drive:13.714:13.095

DEBUG:root:We got command: drive
DEBUG:root:We got a drive command: rawX:13.095000 and rawY:13.714000
DEBUG:root:Forward to the Right
DEBUG:root:Left=-13.714000 Right=0.619000
DEBUG:root:ScaledLeft: 344.143500 ScaledRight: 376.392750
INFO:root:Looping....
DEBUG:root:This is the line: drive:67.143:-5.357

DEBUG:root:We got command: drive
DEBUG:root:We got a drive command: rawX:-5.357000 and rawY:67.143000
DEBUG:root:Forward to the Left/Straight
DEBUG:root:Left=-72.500000 Right=67.143000
DEBUG:root:ScaledLeft: 211.875000 ScaledRight: 526.071750
INFO:root:Looping....
DEBUG:root:This is the line: drive:-11.429:22.321

DEBUG:root:We got command: drive
DEBUG:root:We got a drive command: rawX:22.321000 and rawY:-11.429000
DEBUG:root:Reverse to the Right
DEBUG:root:Left=11.429000 Right=-33.750000
DEBUG:root:ScaledLeft: 400.715250 ScaledRight: 299.062500
INFO:root:Looping....
DEBUG:root:This is the line: drive:67.143:-5.357

DEBUG:root:We got command: drive
DEBUG:root:We got a drive command: rawX:-5.357000 and rawY:67.143000
DEBUG:root:Forward to the Left/Straight
DEBUG:root:Left=-72.500000 Right=67.143000
DEBUG:root:ScaledLeft: 211.875000 ScaledRight: 526.071750
INFO:root:Looping....
DEBUG:root:This is the line: drive:-11.429:22.321

DEBUG:root:We got command: drive
DEBUG:root:We got a drive command: rawX:22.321000 and rawY:-11.429000
DEBUG:root:Reverse to the Right
DEBUG:root:Left=11.429000 Right=-33.750000
DEBUG:root:ScaledLeft: 400.715250 ScaledRight: 299.062500
INFO:root:Looping....
DEBUG:root:This is the line: drive:13.714:13.095

DEBUG:root:We got command: drive
DEBUG:root:We got a drive command: rawX:13.095000 and rawY:13.714000
DEBUG:root:Forward to the Right
DEBUG:root:Left=-13.714000 Right=0.619000
DEBUG:root:ScaledLeft: 344.143500 ScaledRight: 376.392750
INFO:root:Looping....
DEBUG:root:This is the line: drive:67.143:-5.357

DEBUG:root:We got command: drive
DEBUG:root:We got a drive command: rawX:-5.357000 and rawY:67.143000
DEBUG:root:Forward to the Left/Straight
DEBUG:root:Left=-72.500000 Right=67.143000
DEBUG:root:ScaledLeft: 211.875000 ScaledRight: 526.071750
INFO:root:Looping....
DEBUG:root:This is the line: drive:-11.429:22.321

DEBUG:root:We got command: drive
DEBUG:root:We got a drive command: rawX:22.321000 and rawY:-11.429000
DEBUG:root:Reverse to the Right
DEBUG:root:Left=11.429000 Right=-33.750000
DEBUG:root:ScaledLeft: 400.715250 ScaledRight: 299.062500
INFO:root:Looping....
DEBUG:root:This is the line: drive:13.714:13.095

DEBUG:root:We got command: drive
DEBUG:root:We got a drive command: rawX:13.095000 and rawY:13.714000
DEBUG:root:Forward to the Right
DEBUG:root:Left=-13.714000 Right=0.619000
DEBUG:root:ScaledLeft: 344.143500 ScaledRight: 376.392750
INFO:root:Looping....
DEBUG:root:This is the line: drive:67.143:-5.357

DEBUG:root:We got command: drive
DEBUG:root:We got a drive command: rawX:-5.357000 and rawY:67.143000
DEBUG:root:Forward to the Left/Straight
DEBUG:root:Left=-72.500000 Right=67.143000
DEBUG:root:ScaledLeft: 211.875000 ScaledRight: 526.071750
INFO:root:Looping....
DEBUG:root:This is the line: drive:-11.429:22.321

DEBUG:root:We got command: drive
DEBUG:root:We got a drive command: rawX:22.321000 and rawY:-11.429000
DEBUG:root:Reverse to the Right
DEBUG:root:Left=11.429000 Right=-33.750000
DEBUG:root:ScaledLeft: 400.715250 ScaledRight: 299.062500
INFO:root:Looping....
DEBUG:root:This is the line: drive:13.714:13.095

DEBUG:root:We got command: drive
DEBUG:root:We got a drive command: rawX:13.095000 and rawY:13.714000
DEBUG:root:Forward to the Right
DEBUG:root:Left=-13.714000 Right=0.619000
DEBUG:root:ScaledLeft: 344.143500 ScaledRight: 376.392750
INFO:root:Looping....
DEBUG:root:This is the line: drive:67.143:-5.357

DEBUG:root:We got command: drive
DEBUG:root:We got a drive command: rawX:-5.357000 and rawY:67.143000
DEBUG:root:Forward to the Left/Straight
DEBUG:root:Left=-72.500000 Right=67.143000
DEBUG:root:ScaledLeft: 211.875000 ScaledRight: 526.071750
INFO:root:Looping....
DEBUG:root:This is the line: drive:-11.429:22.321

DEBUG:root:We got command: drive
DEBUG:root:We got a drive command: rawX:22.321000 and rawY:-11.429000
DEBUG:root:Reverse to the Right
DEBUG:root:Left=11.429000 Right=-33.750000
DEBUG:root:ScaledLeft: 400.715250 ScaledRight: 299.062500
INFO:root:Looping....
DEBUG:root:This is the line: drive:13.714:13.095

DEBUG:root:We got command: drive
DEBUG:root:We got a drive command: rawX:13.095000 and rawY:13.714000
DEBUG:root:Forward to the Right
DEBUG:root:Left=-13.714000 Right=0.619000
DEBUG:root:ScaledLeft: 344.143500 ScaledRight: 376.392750
INFO:root:Looping....
DEBUG:root:This is the line: drive:67.143:-5.357

DEBUG:root:We got command: drive
DEBUG:root:We got a drive command: rawX:-5.357000 and rawY:67.143000
DEBUG:root:Forward to the Left/Straight
DEBUG:root:Left=-72.500000 Right=67.143000
DEBUG:root:ScaledLeft: 211.875000 ScaledRight: 526.071750
INFO:root:Looping....
DEBUG:root:This is the line: drive:-11.429:22.321

DEBUG:root:We got command: drive
DEBUG:root:We got a drive command: rawX:22.321000 and rawY:-11.429000
DEBUG:root:Reverse to the Right
DEBUG:root:Left=11.429000 Right=-33.750000
DEBUG:root:ScaledLeft: 400.715250 ScaledRight: 299.062500
INFO:root:Looping....
DEBUG:root:This is the line: drive:13.714:13.095

DEBUG:root:We got command: drive
DEBUG:root:We got a drive command: rawX:13.095000 and rawY:13.714000
DEBUG:root:Forward to the Right
DEBUG:root:Left=-13.714000 Right=0.619000
DEBUG:root:ScaledLeft: 344.143500 ScaledRight: 376.392750
INFO:root:Looping....
DEBUG:root:This is the line: drive:67.143:-5.357

DEBUG:root:We got command: drive
DEBUG:root:We got a drive command: rawX:-5.357000 and rawY:67.143000
DEBUG:root:Forward to the Left/Straight
DEBUG:root:Left=-72.500000 Right=67.143000
DEBUG:root:ScaledLeft: 211.875000 ScaledRight: 526.071750
INFO:root:Looping....
DEBUG:root:This is the line: drive:-11.429:22.321

DEBUG:root:We got command: drive
DEBUG:root:We got a drive command: rawX:22.321000 and rawY:-11.429000
DEBUG:root:Reverse to the Right
DEBUG:root:Left=11.429000 Right=-33.750000
DEBUG:root:ScaledLeft: 400.715250 ScaledRight: 299.062500
INFO:root:Looping....
DEBUG:root:This is the line: drive:13.714:13.095

DEBUG:root:We got command: drive
DEBUG:root:We got a drive command: rawX:13.095000 and rawY:13.714000
DEBUG:root:Forward to the Right
DEBUG:root:Left=-13.714000 Right=0.619000
DEBUG:root:ScaledLeft: 344.143500 ScaledRight: 376.392750
INFO:root:Looping....
DEBUG:root:This is the line: drive:67.143:-5.357

DEBUG:root:We got command: drive
DEBUG:root:We got a drive command: rawX:-5.357000 and rawY:67.143000
DEBUG:root:Forward to the Left/Straight
DEBUG:root:Left=-72.500000 Right=67.143000
DEBUG:root:ScaledLeft: 211.875000 ScaledRight: 526.071750
INFO:root:Looping....
DEBUG:root:This is the line: drive:-11.429:22.321

DEBUG:root:We got command: drive
DEBUG:root:We got a drive command: rawX:22.321000 and rawY:-11.429000
DEBUG:root:Reverse to the Right
DEBUG:root:Left=11.429000 Right=-33.750000
DEBUG:root:ScaledLeft: 400.715250 ScaledRight: 299.062500
INFO:root:Looping....
DEBUG:root:This is the line: drive:13.714:13.095

DEBUG:root:We got command: drive
DEBUG:root:We got a drive command: rawX:13.095000 and rawY:13.714000
DEBUG:root:Forward to the Right
DEBUG:root:Left=-13.714000 Right=0.619000
DEBUG:root:ScaledLeft: 344.143500 ScaledRight: 376.392750
INFO:root:Looping....
DEBUG:root:This is the line: drive:67.143:-5.357

DEBUG:root:We got command: drive
DEBUG:root:We got a drive command: rawX:-5.357000 and rawY:67.143000
DEBUG:root:Forward to the Left/Straight
DEBUG:root:Left=-72.500000 Right=67.143000
DEBUG:root:ScaledLeft: 211.875000 ScaledRight: 526.071750
INFO:root:Looping....
DEBUG:root:This is the line: drive:-11.429:22.321

DEBUG:root:We got command: drive
DEBUG:root:We got a drive command: rawX:22.321000 and rawY:-11.429000
DEBUG:root:Reverse to the Right
DEBUG:root:Left=11.429000 Right=-33.750000
DEBUG:root:ScaledLeft: 400.715250 ScaledRight: 299.062500
INFO:root:Looping....
DEBUG:root:This is the line: drive:13.714:13.095

DEBUG:root:We got command: drive
DEBUG:root:We got a drive command: rawX:13.095000 and rawY:13.714000
DEBUG:root:Forward to the Right
DEBUG:root:Left=-13.714000 Right=0.619000
DEBUG:root:ScaledLeft: 344.143500 ScaledRight: 376.392750
INFO:root:Looping....
DEBUG:root:This is the line: drive:67.143:-5.357

DEBUG:root:We got command: drive
DEBUG:root:We got a drive command: rawX:-5.357000 and rawY:67.143000
DEBUG:root:Forward to the Left/Straight
DEBUG:root:Left=-72.500000 Right=67.143000
DEBUG:root:ScaledLeft: 211.875000 ScaledRight: 526.071750
INFO:root:Looping....
DEBUG:root:This is the line: drive:-11.429:22.321

DEBUG:root:We got command: drive
DEBUG:root:We got a drive command: rawX:22.321000 and rawY:-11.429000
DEBUG:root:Reverse to the Right
DEBUG:root:Left=11.429000 Right=-33.750000
DEBUG:root:ScaledLeft: 400.715250 ScaledRight: 299.062500
INFO:root:Looping....
DEBUG:root:This is the line: drive:13.714:13.095

DEBUG:root:We got command: drive
DEBUG:root:We got a drive command: rawX:13.095000 and rawY:13.714000
DEBUG:root:Forward to the Right
DEBUG:root:Left=-13.714000 Right=0.619000
DEBUG:root:ScaledLeft: 344.143500 ScaledRight: 376.392750
INFO:root:Looping....
DEBUG:root:This is the line: drive:-11.429:22.321

DEBUG:root:We got command: drive
DEBUG:root:We got a drive command: rawX:22.321000 and rawY:-11.429000
DEBUG:root:Reverse to the Right
DEBUG:root:Left=11.429000 Right=-33.750000
DEBUG:root:ScaledLeft: 400.715250 ScaledRight: 299.062500
INFO:root:Looping....
DEBUG:root:This is the line: drive:67.143:-5.357

DEBUG:root:We got command: drive
DEBUG:root:We got a drive command: rawX:-5.357000 and rawY:67.143000
DEBUG:root:Forward to the Left/Straight
DEBUG:root:Left=-72.500000 Right=67.143000
DEBUG:root:ScaledLeft: 211.875000 ScaledRight: 526.071750
INFO:root:Looping....
DEBUG:root:This is the line: drive:13.714:13.095

DEBUG:root:We got command: drive
DEBUG:root:We got a drive command: rawX:13.095000 and rawY:13.714000
DEBUG:root:Forward to the Right
DEBUG:root:Left=-13.714000 Right=0.619000
DEBUG:root:ScaledLeft: 344.143500 ScaledRight: 376.392750
INFO:root:Looping....
DEBUG:root:This is the line: drive:-11.429:22.321

DEBUG:root:We got command: drive
DEBUG:root:We got a drive command: rawX:22.321000 and rawY:-11.429000
DEBUG:root:Reverse to the Right
DEBUG:root:Left=11.429000 Right=-33.750000
DEBUG:root:ScaledLeft: 400.715250 ScaledRight: 299.062500
INFO:root:Looping....
DEBUG:root:This is the line: drive:67.143:-5.357

DEBUG:root:We got command: drive
DEBUG:root:We got a drive command: rawX:-5.357000 and rawY:67.143000
DEBUG:root:Forward to the Left/Straight
DEBUG:root:Left=-72.500000 Right=67.143000
DEBUG:root:ScaledLeft: 211.875000 ScaledRight: 526.071750
INFO:root:Looping....
DEBUG:root:This is the line: drive:13.714:13.095

DEBUG:root:We got command: drive
DEBUG:root:We got a drive command: rawX:13.095000 and rawY:13.714000
DEBUG:root:Forward to the Right
DEBUG:root:Left=-13.714000 Right=0.619000
DEBUG:root:ScaledLeft: 344.143500 ScaledRight: 376.392750
INFO:root:Looping....
DEBUG:root:This is the line: drive:-11.429:22.321

DEBUG:root:We got command: drive
DEBUG:root:We got a drive command: rawX:22.321000 and rawY:-11.429000
DEBUG:root:Reverse to the Right
DEBUG:root:Left=11.429000 Right=-33.750000
DEBUG:root:ScaledLeft: 400.715250 ScaledRight: 299.062500
INFO:root:Looping....
DEBUG:root:This is the line: drive:67.143:-5.357

DEBUG:root:We got command: drive
DEBUG:root:We got a drive command: rawX:-5.357000 and rawY:67.143000
DEBUG:root:Forward to the Left/Straight
DEBUG:root:Left=-72.500000 Right=67.143000
DEBUG:root:ScaledLeft: 211.875000 ScaledRight: 526.071750
INFO:root:Looping....
DEBUG:root:This is the line: drive:13.714:13.095

DEBUG:root:We got command: drive
DEBUG:root:We got a drive command: rawX:13.095000 and rawY:13.714000
DEBUG:root:Forward to the Right
DEBUG:root:Left=-13.714000 Right=0.619000
DEBUG:root:ScaledLeft: 344.143500 ScaledRight: 376.392750
INFO:root:Looping....
DEBUG:root:This is the line: drive:67.143:-5.357

DEBUG:root:We got command: drive
DEBUG:root:We got a drive command: rawX:-5.357000 and rawY:67.143000
DEBUG:root:Forward to the Left/Straight
DEBUG:root:Left=-72.500000 Right=67.143000
DEBUG:root:ScaledLeft: 211.875000 ScaledRight: 526.071750
INFO:root:Looping....
DEBUG:root:This is the line: drive:-11.429:22.321

DEBUG:root:We got command: drive
DEBUG:root:We got a drive command: rawX:22.321000 and rawY:-11.429000
DEBUG:root:Reverse to the Right
DEBUG:root:Left=11.429000 Right=-33.750000
DEBUG:root:ScaledLeft: 400.715250 ScaledRight: 299.062500
INFO:root:Looping....
DEBUG:root:This is the line: drive:13.714:13.095

DEBUG:root:We got command: drive
DEBUG:root:We got a drive command: rawX:13.095000 and rawY:13.714000
DEBUG:root:Forward to the Right
DEBUG:root:Left=-13.714000 Right=0.619000
DEBUG:root:ScaledLeft: 344.143500 ScaledRight: 376.392750
INFO:root:Looping....
DEBUG:root:This is the line: drive:67.143:-5.357

DEBUG:root:We got command: drive
DEBUG:root:We got a drive command: rawX:-5.357000 and rawY:67.143000
DEBUG:root:Forward to the Left/Straight
DEBUG:root:Left=-72.500000 Right=67.143000
DEBUG:root:ScaledLeft: 211.875000 ScaledRight: 526.071750
INFO:root:Looping....
DEBUG:root:This is the line: drive:-11.429:22.321

DEBUG:root:We got command: drive
DEBUG:root:We got a drive command: rawX:22.321000 and rawY:-11.429000
DEBUG:root:Reverse to the Right
DEBUG:root:Left=11.429000 Right=-33.750000
DEBUG:root:ScaledLeft: 400.715250 ScaledRight: 299.062500
INFO:root:Looping....
DEBUG:root:This is the line: drive:13.714:13.095

DEBUG:root:We got command: drive
DEBUG:root:We got a drive command: rawX:13.095000 and rawY:13.714000
DEBUG:root:Forward to the Right
DEBUG:root:Left=-13.714000 Right=0.619000
DEBUG:root:ScaledLeft: 344.143500 ScaledRight: 376.392750
INFO:root:Looping....
DEBUG:root:This is the line: drive:67.143:-5.357

DEBUG:root:We got command: drive
DEBUG:root:We got a drive command: rawX:-5.357000 and rawY:67.143000
DEBUG:root:Forward to the Left/Straight
DEBUG:root:Left=-72.500000 Right=67.143000
DEBUG:root:ScaledLeft: 211.875000 ScaledRight: 526.071750
INFO:root:Looping....
DEBUG:root:This is the line: drive:-11.429:22.321

DEBUG:root:We got command: drive
DEBUG:root:We got a drive command: rawX:22.321000 and rawY:-11.429000
DEBUG:root:Reverse to the Right
DEBUG:root:Left=11.429000 Right=-33.750000
DEBUG:root:ScaledLeft: 400.715250 ScaledRight: 299.062500
INFO:root:Looping....
DEBUG:root:This is the line: drive:13.714:13.095

DEBUG:root:We got command: drive
DEBUG:root:We got a drive command: rawX:13.095000 and rawY:13.714000
DEBUG:root:Forward to the Right
DEBUG:root:Left=-13.714000 Right=0.619000
DEBUG:root:ScaledLeft: 344.143500 ScaledRight: 376.392750
INFO:root:Looping....
DEBUG:root:This is the line: drive:13.714:13.095

DEBUG:root:We got command: drive
DEBUG:root:We got a drive command: rawX:13.095000 and rawY:13.714000
DEBUG:root:Forward to the Right
DEBUG:root:Left=-13.714000 Right=0.619000
DEBUG:root:ScaledLeft: 344.143500 ScaledRight: 376.392750
INFO:root:Looping....
DEBUG:root:This is the line: drive:67.143:-5.357

DEBUG:root:We got command: drive
DEBUG:root:We got a drive command: rawX:-5.357000 and rawY:67.143000
DEBUG:root:Forward to the Left/Straight
DEBUG:root:Left=-72.500000 Right=67.143000
DEBUG:root:ScaledLeft: 211.875000 ScaledRight: 526.071750
INFO:root:Looping....
DEBUG:root:This is the line: drive:-11.429:22.321

DEBUG:root:We got command: drive
DEBUG:root:We got a drive command: rawX:22.321000 and rawY:-11.429000
DEBUG:root:Reverse to the Right
DEBUG:root:Left=11.429000 Right=-33.750000
DEBUG:root:ScaledLeft: 400.715250 ScaledRight: 299.062500
INFO:root:Looping....
DEBUG:root:This is the line: drive:-11.429:22.321

DEBUG:root:We got command: drive
DEBUG:root:We got a drive command: rawX:22.321000 and rawY:-11.429000
DEBUG:root:Reverse to the Right
DEBUG:root:Left=11.429000 Right=-33.750000
DEBUG:root:ScaledLeft: 400.715250 ScaledRight: 299.062500
INFO:root:Looping....
DEBUG:root:This is the line: drive:13.714:13.095

DEBUG:root:We got command: drive
DEBUG:root:We got a drive command: rawX:13.095000 and rawY:13.714000
DEBUG:root:Forward to the Right
DEBUG:root:Left=-13.714000 Right=0.619000
DEBUG:root:ScaledLeft: 344.143500 ScaledRight: 376.392750
INFO:root:Looping....
DEBUG:root:This is the line: drive:67.143:-5.357

DEBUG:root:We got command: drive
DEBUG:root:We got a drive command: rawX:-5.357000 and rawY:67.143000
DEBUG:root:Forward to the Left/Straight
DEBUG:root:Left=-72.500000 Right=67.143000
DEBUG:root:ScaledLeft: 211.875000 ScaledRight: 526.071750
INFO:root:Looping....
DEBUG:root:This is the line: drive:-11.429:22.321

DEBUG:root:We got command: drive
DEBUG:root:We got a drive command: rawX:22.321000 and rawY:-11.429000
DEBUG:root:Reverse to the Right
DEBUG:root:Left=11.429000 Right=-33.750000
DEBUG:root:ScaledLeft: 400.715250 ScaledRight: 299.062500
INFO:root:Looping....
DEBUG:root:This is the line: drive:67.143:-5.357

DEBUG:root:We got command: drive
DEBUG:root:We got a drive command: rawX:-5.357000 and rawY:67.143000
DEBUG:root:Forward to the Left/Straight
DEBUG:root:Left=-72.500000 Right=67.143000
DEBUG:root:ScaledLeft: 211.875000 ScaledRight: 526.071750
INFO:root:Looping....
DEBUG:root:This is the line: drive:13.714:13.095

DEBUG:root:We got command: drive
DEBUG:root:We got a drive command: rawX:13.095000 and rawY:13.714000
DEBUG:root:Forward to the Right
DEBUG:root:Left=-13.714000 Right=0.619000
DEBUG:root:ScaledLeft: 344.143500 ScaledRight: 376.392750
INFO:root:Looping....
DEBUG:root:This is the line: drive:-11.429:22.321

DEBUG:root:We got command: drive
DEBUG:root:We got a drive command: rawX:22.321000 and rawY:-11.429000
DEBUG:root:Reverse to the Right
DEBUG:root:Left=11.429000 Right=-33.750000
DEBUG:root:ScaledLeft: 400.715250 ScaledRight: 299.062500
INFO:root:Looping....
DEBUG:root:This is the line: drive:67.143:-5.357

DEBUG:root:We got command: drive
DEBUG:root:We got a drive command: rawX:-5.357000 and rawY:67.143000
DEBUG:root:Forward to the Left/Straight
DEBUG:root:Left=-72.500000 Right=67.143000
DEBUG:root:ScaledLeft: 211.875000 ScaledRight: 526.071750
INFO:root:Looping....
DEBUG:root:This is the line: drive:13.714:13.095

DEBUG:root:We got command: drive
DEBUG:root:We got a drive command: rawX:13.095000 and rawY:13.714000
DEBUG:root:Forward to the Right
DEBUG:root:Left=-13.714000 Right=0.619000
DEBUG:root:ScaledLeft: 344.143500 ScaledRight: 376.392750
INFO:root:Looping....
DEBUG:root:This is the line: drive:-11.429:22.321

DEBUG:root:We got command: drive
DEBUG:root:We got a drive command: rawX:22.321000 and rawY:-11.429000
DEBUG:root:Reverse to the Right
DEBUG:root:Left=11.429000 Right=-33.750000
DEBUG:root:ScaledLeft: 400.715250 ScaledRight: 299.062500
INFO:root:Looping....
DEBUG:root:This is the line: drive:67.143:-5.357

DEBUG:root:We got command: drive
DEBUG:root:We got a drive command: rawX:-5.357000 and rawY:67.143000
DEBUG:root:Forward to the Left/Straight
DEBUG:root:Left=-72.500000 Right=67.143000
DEBUG:root:ScaledLeft: 211.875000 ScaledRight: 526.071750
INFO:root:Looping....
DEBUG:root:This is the line: drive:13.714:13.095

DEBUG:root:We got command: drive
DEBUG:root:We got a drive command: rawX:13.095000 and rawY:13.714000
DEBUG:root:Forward to the Right
DEBUG:root:Left=-13.714000 Right=0.619000
DEBUG:root:ScaledLeft: 344.143500 ScaledRight: 376.392750
INFO:root:Looping....
DEBUG:root:This is the line: drive:67.143:-5.357

DEBUG:root:We got command: drive
DEBUG:root:We got a drive command: rawX:-5.357000 and rawY:67.143000
DEBUG:root:Forward to the Left/Straight
DEBUG:root:Left=-72.500000 Right=67.143000
DEBUG:root:ScaledLeft: 211.875000 ScaledRight: 526.071750
INFO:root:Looping....
DEBUG:root:This is the line: drive:-11.429:22.321

DEBUG:root:We got command: drive
DEBUG:root:We got a drive command: rawX:22.321000 and rawY:-11.429000
DEBUG:root:Reverse to the Right
DEBUG:root:Left=11.429000 Right=-33.750000
DEBUG:root:ScaledLeft: 400.715250 ScaledRight: 299.062500
INFO:root:Looping....
DEBUG:root:This is the line: drive:13.714:13.095

DEBUG:root:We got command: drive
DEBUG:root:We got a drive command: rawX:13.095000 and rawY:13.714000
DEBUG:root:Forward to the Right
DEBUG:root:Left=-13.714000 Right=0.619000
DEBUG:root:ScaledLeft: 344.143500 ScaledRight: 376.392750
INFO:root:Looping....
DEBUG:root:This is the line: drive:67.143:-5.357

DEBUG:root:We got command: drive
DEBUG:root:We got a drive command: rawX:-5.357000 and rawY:67.143000
DEBUG:root:Forward to the Left/Straight
DEBUG:root:Left=-72.500000 Right=67.143000
DEBUG:root:ScaledLeft: 211.875000 ScaledRight: 526.071750
INFO:root:Looping....
DEBUG:root:This is the line: drive:-11.429:22.321

DEBUG:root:We got command: drive
DEBUG:root:We got a drive command: rawX:22.321000 and rawY:-11.429000
DEBUG:root:Reverse to the Right
DEBUG:root:Left=11.429000 Right=-33.750000
DEBUG:root:ScaledLeft: 400.715250 ScaledRight: 299.062500
INFO:root:Looping....
DEBUG:root:This is the line: drive:13.714:13.095

DEBUG:root:We got command: drive
DEBUG:root:We got a drive command: rawX:13.095000 and rawY:13.714000
DEBUG:root:Forward to the Right
DEBUG:root:Left=-13.714000 Right=0.619000
DEBUG:root:ScaledLeft: 344.143500 ScaledRight: 376.392750
INFO:root:Looping....
DEBUG:root:This is the line: drive:-11.429:22.321

DEBUG:root:We got command: drive
DEBUG:root:We got a drive command: rawX:22.321000 and rawY:-11.429000
DEBUG:root:Reverse to the Right
DEBUG:root:Left=11.429000 Right=-33.750000
DEBUG:root:ScaledLeft: 400.715250 ScaledRight: 299.062500
INFO:root:Looping....
DEBUG:root:This is the line: drive:67.143:-5.357

DEBUG:root:We got command: drive
DEBUG:root:We got a drive command: rawX:-5.357000 and rawY:67.143000
DEBUG:root:Forward to the Left/Straight
DEBUG:root:Left=-72.500000 Right=67.143000
DEBUG:root:ScaledLeft: 211.875000 ScaledRight: 526.071750
INFO:root:Looping....
DEBUG:root:This is the line: drive:13.714:13.095

DEBUG:root:We got command: drive
DEBUG:root:We got a drive command: rawX:13.095000 and rawY:13.714000
DEBUG:root:Forward to the Right
DEBUG:root:Left=-13.714000 Right=0.619000
DEBUG:root:ScaledLeft: 344.143500 ScaledRight: 376.392750
INFO:root:Looping....
DEBUG:root:This is the line: drive:-11.429:22.321

DEBUG:root:We got command: drive
DEBUG:root:We got a drive command: rawX:22.321000 and rawY:-11.429000
DEBUG:root:Reverse to the Right
DEBUG:root:Left=11.429000 Right=-33.750000
DEBUG:root:ScaledLeft: 400.715250 ScaledRight: 299.062500
INFO:root:Looping....
DEBUG:root:This is the line: drive:67.143:-5.357

DEBUG:root:We got command: drive
DEBUG:root:We got a drive command: rawX:-5.357000 and rawY:67.143000
DEBUG:root:Forward to the Left/Straight
DEBUG:root:Left=-72.500000 Right=67.143000
DEBUG:root:ScaledLeft: 211.875000 ScaledRight: 526.071750
INFO:root:Looping....
DEBUG:root:This is the line: drive:13.714:13.095

DEBUG:root:We got command: drive
DEBUG:root:We got a drive command: rawX:13.095000 and rawY:13.714000
DEBUG:root:Forward to the Right
DEBUG:root:Left=-13.714000 Right=0.619000
DEBUG:root:ScaledLeft: 344.143500 ScaledRight: 376.392750
INFO:root:Looping....
DEBUG:root:This is the line: drive:-11.429:22.321

DEBUG:root:We got command: drive
DEBUG:root:We got a drive command: rawX:22.321000 and rawY:-11.429000
DEBUG:root:Reverse to the Right
DEBUG:root:Left=11.429000 Right=-33.750000
DEBUG:root:ScaledLeft: 400.715250 ScaledRight: 299.062500
INFO:root:Looping....
DEBUG:root:This is the line: drive:67.143:-5.357

DEBUG:root:We got command: drive
DEBUG:root:We got a drive command: rawX:-5.357000 and rawY:67.143000
DEBUG:root:Forward to the Left/Straight
DEBUG:root:Left=-72.500000 Right=67.143000
DEBUG:root:ScaledLeft: 211.875000 ScaledRight: 526.071750
INFO:root:Looping....
DEBUG:root:This is the line: drive:13.714:13.095

DEBUG:root:We got command: drive
DEBUG:root:We got a drive command: rawX:13.095000 and rawY:13.714000
DEBUG:root:Forward to the Right
DEBUG:root:Left=-13.714000 Right=0.619000
DEBUG:root:ScaledLeft: 344.143500 ScaledRight: 376.392750
INFO:root:Looping....
DEBUG:root:This is the line: drive:-11.429:22.321

DEBUG:root:We got command: drive
DEBUG:root:We got a drive command: rawX:22.321000 and rawY:-11.429000
DEBUG:root:Reverse to the Right
DEBUG:root:Left=11.429000 Right=-33.750000
DEBUG:root:ScaledLeft: 400.715250 ScaledRight: 299.062500
INFO:root:Looping....
DEBUG:root:This is the line: drive:67.143:-5.357

DEBUG:root:We got command: drive
DEBUG:root:We got a drive command: rawX:-5.357000 and rawY:67.143000
DEBUG:root:Forward to the Left/Straight
DEBUG:root:Left=-72.500000 Right=67.143000
DEBUG:root:ScaledLeft: 211.875000 ScaledRight: 526.071750
INFO:root:Looping....
DEBUG:root:This is the line: drive:13.714:13.095

DEBUG:root:We got command: drive
DEBUG:root:We got a drive command: rawX:13.095000 and rawY:13.714000
DEBUG:root:Forward to the Right
DEBUG:root:Left=-13.714000 Right=0.619000
DEBUG:root:ScaledLeft: 344.143500 ScaledRight: 376.392750
INFO:root:Looping....
DEBUG:root:This is the line: drive:-11.429:22.321

DEBUG:root:We got command: drive
DEBUG:root:We got a drive command: rawX:22.321000 and rawY:-11.429000
DEBUG:root:Reverse to the Right
DEBUG:root:Left=11.429000 Right=-33.750000
DEBUG:root:ScaledLeft: 400.715250 ScaledRight: 299.062500
INFO:root:Looping....
DEBUG:root:This is the line: drive:67.143:-5.357

DEBUG:root:We got command: drive
DEBUG:root:We got a drive command: rawX:-5.357000 and rawY:67.143000
DEBUG:root:Forward to the Left/Straight
DEBUG:root:Left=-72.500000 Right=67.143000
DEBUG:root:ScaledLeft: 211.875000 ScaledRight: 526.071750
INFO:root:Looping....
DEBUG:root:This is the line: drive:13.714:13.095

DEBUG:root:We got command: drive
DEBUG:root:We got a drive command: rawX:13.095000 and rawY:13.714000
DEBUG:root:Forward to the Right
DEBUG:root:Left=-13.714000 Right=0.619000
DEBUG:root:ScaledLeft: 344.143500 ScaledRight: 376.392750
INFO:root:Looping....
DEBUG:root:This is the line: drive:-11.429:22.321

DEBUG:root:We got command: drive
DEBUG:root:We got a drive command: rawX:22.321000 and rawY:-11.429000
DEBUG:root:Reverse to the Right
DEBUG:root:Left=11.429000 Right=-33.750000
DEBUG:root:ScaledLeft: 400.715250 ScaledRight: 299.062500
INFO:root:Looping....
DEBUG:root:This is the line: drive:67.143:-5.357

DEBUG:root:We got command: drive
DEBUG:root:We got a drive command: rawX:-5.357000 and rawY:67.143000
DEBUG:root:Forward to the Left/Straight
DEBUG:root:Left=-72.500000 Right=67.143000
DEBUG:root:ScaledLeft: 211.875000 ScaledRight: 526.071750
INFO:root:Looping....
DEBUG:root:This is the line: drive:13.714:13.095

DEBUG:root:We got command: drive
DEBUG:root:We got a drive command: rawX:13.095000 and rawY:13.714000
DEBUG:root:Forward to the Right
DEBUG:root:Left=-13.714000 Right=0.619000
DEBUG:root:ScaledLeft: 344.143500 ScaledRight: 376.392750
INFO:root:Looping....
DEBUG:root:This is the line: drive:-11.429:22.321

DEBUG:root:We got command: drive
DEBUG:root:We got a drive command: rawX:22.321000 and rawY:-11.429000
DEBUG:root:Reverse to the Right
DEBUG:root:Left=11.429000 Right=-33.750000
DEBUG:root:ScaledLeft: 400.715250 ScaledRight: 299.062500
INFO:root:Looping....
DEBUG:root:This is the line: drive:67.143:-5.357

DEBUG:root:We got command: drive
DEBUG:root:We got a drive command: rawX:-5.357000 and rawY:67.143000
DEBUG:root:Forward to the Left/Straight
DEBUG:root:Left=-72.500000 Right=67.143000
DEBUG:root:ScaledLeft: 211.875000 ScaledRight: 526.071750
INFO:root:Looping....
DEBUG:root:This is the line: drive:13.714:13.095

DEBUG:root:We got command: drive
DEBUG:root:We got a drive command: rawX:13.095000 and rawY:13.714000
DEBUG:root:Forward to the Right
DEBUG:root:Left=-13.714000 Right=0.619000
DEBUG:root:ScaledLeft: 344.143500 ScaledRight: 376.392750
INFO:root:Looping....
DEBUG:root:This is the line: drive:-11.429:22.321

DEBUG:root:We got command: drive
DEBUG:root:We got a drive command: rawX:22.321000 and rawY:-11.429000
DEBUG:root:Reverse to the Right
DEBUG:root:Left=11.429000 Right=-33.750000
DEBUG:root:ScaledLeft: 400.715250 ScaledRight: 299.062500
INFO:root:Looping....
DEBUG:root:This is the line: drive:67.143:-5.357

DEBUG:root:We got command: drive
DEBUG:root:We got a drive command: rawX:-5.357000 and rawY:67.143000
DEBUG:root:Forward to the Left/Straight
DEBUG:root:Left=-72.500000 Right=67.143000
DEBUG:root:ScaledLeft: 211.875000 ScaledRight: 526.071750
INFO:root:Looping....
DEBUG:root:This is the line: drive:13.714:13.095

DEBUG:root:We got command: drive
DEBUG:root:We got a drive command: rawX:13.095000 and rawY:13.714000
DEBUG:root:Forward to the Right
DEBUG:root:Left=-13.714000 Right=0.619000
DEBUG:root:ScaledLeft: 344.143500 ScaledRight: 376.392750
INFO:root:Looping....
DEBUG:root:This is the line: drive:-11.429:22.321

DEBUG:root:We got command: drive
DEBUG:root:We got a drive command: rawX:22.321000 and rawY:-11.429000
DEBUG:root:Reverse to the Right
DEBUG:root:Left=11.429000 Right=-33.750000
DEBUG:root:ScaledLeft: 400.715250 ScaledRight: 299.062500
INFO:root:Looping....
DEBUG:root:This is the line: drive:67.143:-5.357

DEBUG:root:We got command: drive
DEBUG:root:We got a drive command: rawX:-5.357000 and rawY:67.143000
DEBUG:root:Forward to the Left/Straight
DEBUG:root:Left=-72.500000 Right=67.143000
DEBUG:root:ScaledLeft: 211.875000 ScaledRight: 526.071750
INFO:root:Looping....
DEBUG:root:This is the line: drive:13.714:13.095

DEBUG:root:We got command: drive
DEBUG:root:We got a drive command: rawX:13.095000 and rawY:13.714000
DEBUG:root:Forward to the Right
DEBUG:root:Left=-13.714000 Right=0.619000
DEBUG:root:ScaledLeft: 344.143500 ScaledRight: 376.392750
INFO:root:Looping....
DEBUG:root:This is the line: drive:-11.429:22.321

DEBUG:root:We got command: drive
DEBUG:root:We got a drive command: rawX:22.321000 and rawY:-11.429000
DEBUG:root:Reverse to the Right
DEBUG:root:Left=11.429000 Right=-33.750000
DEBUG:root:ScaledLeft: 400.715250 ScaledRight: 299.062500
INFO:root:Looping....
DEBUG:root:This is the line: drive:67.143:-5.357

DEBUG:root:We got command: drive
DEBUG:root:We got a drive command: rawX:-5.357000 and rawY:67.143000
DEBUG:root:Forward to the Left/Straight
DEBUG:root:Left=-72.500000 Right=67.143000
DEBUG:root:ScaledLeft: 211.875000 ScaledRight: 526.071750
INFO:root:Looping....
DEBUG:root:This is the line: drive:13.714:13.095

DEBUG:root:We got command: drive
DEBUG:root:We got a drive command: rawX:13.095000 and rawY:13.714000
DEBUG:root:Forward to the Right
DEBUG:root:Left=-13.714000 Right=0.619000
DEBUG:root:ScaledLeft: 344.143500 ScaledRight: 376.392750
INFO:root:Looping....
DEBUG:root:This is the line: drive:-11.429:22.321

DEBUG:root:We got command: drive
DEBUG:root:We got a drive command: rawX:22.321000 and rawY:-11.429000
DEBUG:root:Reverse to the Right
DEBUG:root:Left=11.429000 Right=-33.750000
DEBUG:root:ScaledLeft: 400.715250 ScaledRight: 299.062500
INFO:root:Looping....
DEBUG:root:This is the line: drive:67.143:-5.357

DEBUG:root:We got command: drive
DEBUG:root:We got a drive command: rawX:-5.357000 and rawY:67.143000
DEBUG:root:Forward to the Left/Straight
DEBUG:root:Left=-72.500000 Right=67.143000
DEBUG:root:ScaledLeft: 211.875000 ScaledRight: 526.071750
INFO:root:Looping....
DEBUG:root:This is the line: drive:13.714:13.095

DEBUG:root:We got command: drive
DEBUG:root:We got a drive command: rawX:13.095000 and rawY:13.714000
DEBUG:root:Forward to the Right
DEBUG:root:Left=-13.714000 Right=0.619000
DEBUG:root:ScaledLeft: 344.143500 ScaledRight: 376.392750
INFO:root:Looping....
DEBUG:root:This is the line: drive:67.143:-5.357

DEBUG:root:We got command: drive
DEBUG:root:We got a drive command: rawX:-5.357000 and rawY:67.143000
DEBUG:root:Forward to the Left/Straight
DEBUG:root:Left=-72.500000 Right=67.143000
DEBUG:root:ScaledLeft: 211.875000 ScaledRight: 526.071750
INFO:root:Looping....
DEBUG:root:This is the line: drive:-11.429:22.321

DEBUG:root:We got command: drive
DEBUG:root:We got a drive command: rawX:22.321000 and rawY:-11.429000
DEBUG:root:Reverse to the Right
DEBUG:root:Left=11.429000 Right=-33.750000
DEBUG:root:ScaledLeft: 400.715250 ScaledRight: 299.062500
INFO:root:Looping....
DEBUG:root:This is the line: drive:13.714:13.095

DEBUG:root:We got command: drive
DEBUG:root:We got a drive command: rawX:13.095000 and rawY:13.714000
DEBUG:root:Forward to the Right
DEBUG:root:Left=-13.714000 Right=0.619000
DEBUG:root:ScaledLeft: 344.143500 ScaledRight: 376.392750
INFO:root:Looping....
DEBUG:root:This is the line: drive:67.143:-5.357

DEBUG:root:We got command: drive
DEBUG:root:We got a drive command: rawX:-5.357000 and rawY:67.143000
DEBUG:root:Forward to the Left/Straight
DEBUG:root:Left=-72.500000 Right=67.143000
DEBUG:root:ScaledLeft: 211.875000 ScaledRight: 526.071750
INFO:root:Looping....
DEBUG:root:This is the line: drive:-11.429:22.321

DEBUG:root:We got command: drive
DEBUG:root:We got a drive command: rawX:22.321000 and rawY:-11.429000
DEBUG:root:Reverse to the Right
DEBUG:root:Left=11.429000 Right=-33.750000
DEBUG:root:ScaledLeft: 400.715250 ScaledRight: 299.062500
INFO:root:Looping....
DEBUG:root:This is the line: drive:13.714:13.095

DEBUG:root:We got command: drive
DEBUG:root:We got a drive command: rawX:13.095000 and rawY:13.714000
DEBUG:root:Forward to the Right
DEBUG:root:Left=-13.714000 Right=0.619000
DEBUG:root:ScaledLeft: 344.143500 ScaledRight: 376.392750
INFO:root:Looping....
DEBUG:root:This is the line: drive:67.143:-5.357

DEBUG:root:We got command: drive
DEBUG:root:We got a drive command: rawX:-5.357000 and rawY:67.143000
DEBUG:root:Forward to the Left/Straight
DEBUG:root:Left=-72.500000 Right=67.143000
DEBUG:root:ScaledLeft: 211.875000 ScaledRight: 526.071750
INFO:root:Looping....
DEBUG:root:This is the line: drive:-11.429:22.321

DEBUG:root:We got command: drive
DEBUG:root:We got a drive command: rawX:22.321000 and rawY:-11.429000
DEBUG:root:Reverse to the Right
DEBUG:root:Left=11.429000 Right=-33.750000
DEBUG:root:ScaledLeft: 400.715250 ScaledRight: 299.062500
INFO:root:Looping....
DEBUG:root:This is the line: drive:13.714:13.095

DEBUG:root:We got command: drive
DEBUG:root:We got a drive command: rawX:13.095000 and rawY:13.714000
DEBUG:root:Forward to the Right
DEBUG:root:Left=-13.714000 Right=0.619000
DEBUG:root:ScaledLeft: 344.143500 ScaledRight: 376.392750
INFO:root:Looping....
DEBUG:root:This is the line: drive:67.143:-5.357

DEBUG:root:We got command: drive
DEBUG:root:We got a drive command: rawX:-5.357000 and rawY:67.143000
DEBUG:root:Forward to the Left/Straight
DEBUG:root:Left=-72.500000 Right=67.143000
DEBUG:root:ScaledLeft: 211.875000 ScaledRight: 526.071750
INFO:root:Looping....
DEBUG:root:This is the line: drive:-11.429:22.321

DEBUG:root:We got command: drive
DEBUG:root:We got a drive command: rawX:22.321000 and rawY:-11.429000
DEBUG:root:Reverse to the Right
DEBUG:root:Left=11.429000 Right=-33.750000
DEBUG:root:ScaledLeft: 400.715250 ScaledRight: 299.062500
INFO:root:Looping....
DEBUG:root:This is the line: drive:13.714:13.095

DEBUG:root:We got command: drive
DEBUG:root:We got a drive command: rawX:13.095000 and rawY:13.714000
DEBUG:root:Forward to the Right
DEBUG:root:Left=-13.714000 Right=0.619000
DEBUG:root:ScaledLeft: 344.143500 ScaledRight: 376.392750
INFO:root:Looping....
DEBUG:root:This is the line: drive:67.143:-5.357

DEBUG:root:We got command: drive
DEBUG:root:We got a drive command: rawX:-5.357000 and rawY:67.143000
DEBUG:root:Forward to the Left/Straight
DEBUG:root:Left=-72.500000 Right=67.143000
DEBUG:root:ScaledLeft: 211.875000 ScaledRight: 526.071750
INFO:root:Looping....
DEBUG:root:This is the line: drive:-11.429:22.321

DEBUG:root:We got command: drive
DEBUG:root:We got a drive command: rawX:22.321000 and rawY:-11.429000
DEBUG:root:Reverse to the Right
DEBUG:root:Left=11.429000 Right=-33.750000
DEBUG:root:ScaledLeft: 400.715250 ScaledRight: 299.062500
INFO:root:Looping....
DEBUG:root:This is the line: drive:13.714:13.095

DEBUG:root:We got command: drive
DEBUG:root:We got a drive command: rawX:13.095000 and rawY:13.714000
DEBUG:root:Forward to the Right
DEBUG:root:Left=-13.714000 Right=0.619000
DEBUG:root:ScaledLeft: 344.143500 ScaledRight: 376.392750
INFO:root:Looping....
DEBUG:root:This is the line: drive:67.143:-5.357

DEBUG:root:We got command: drive
DEBUG:root:We got a drive command: rawX:-5.357000 and rawY:67.143000
DEBUG:root:Forward to the Left/Straight
DEBUG:root:Left=-72.500000 Right=67.143000
DEBUG:root:ScaledLeft: 211.875000 ScaledRight: 526.071750
INFO:root:Looping....
DEBUG:root:This is the line: drive:-11.429:22.321

DEBUG:root:We got command: drive
DEBUG:root:We got a drive command: rawX:22.321000 and rawY:-11.429000
DEBUG:root:Reverse to the Right
DEBUG:root:Left=11.429000 Right=-33.750000
DEBUG:root:ScaledLeft: 400.715250 ScaledRight: 299.062500
INFO:root:Looping....
DEBUG:root:This is the line: drive:13.714:13.095

DEBUG:root:We got command: drive
DEBUG:root:We got a drive command: rawX:13.095000 and rawY:13.714000
DEBUG:root:Forward to the Right
DEBUG:root:Left=-13.714000 Right=0.619000
DEBUG:root:ScaledLeft: 344.143500 ScaledRight: 376.392750
INFO:root:Looping....
DEBUG:root:This is the line: drive:67.143:-5.357

DEBUG:root:We got command: drive
DEBUG:root:We got a drive command: rawX:-5.357000 and rawY:67.143000
DEBUG:root:Forward to the Left/Straight
DEBUG:root:Left=-72.500000 Right=67.143000
DEBUG:root:ScaledLeft: 211.875000 ScaledRight: 526.071750
INFO:root:Looping....
DEBUG:root:This is the line: drive:-11.429:22.321

DEBUG:root:We got command: drive
DEBUG:root:We got a drive command: rawX:22.321000 and rawY:-11.429000
DEBUG:root:Reverse to the Right
DEBUG:root:Left=11.429000 Right=-33.750000
DEBUG:root:ScaledLeft: 400.715250 ScaledRight: 299.062500
INFO:root:Looping....
DEBUG:root:This is the line: drive:13.714:13.095

DEBUG:root:We got command: drive
DEBUG:root:We got a drive command: rawX:13.095000 and rawY:13.714000
DEBUG:root:Forward to the Right
DEBUG:root:Left=-13.714000 Right=0.619000
DEBUG:root:ScaledLeft: 344.143500 ScaledRight: 376.392750
INFO:root:Looping....
DEBUG:root:This is the line: drive:67.143:-5.357

DEBUG:root:We got command: drive
DEBUG:root:We got a drive command: rawX:-5.357000 and rawY:67.143000
DEBUG:root:Forward to the Left/Straight
DEBUG:root:Left=-72.500000 Right=67.143000
DEBUG:root:ScaledLeft: 211.875000 ScaledRight: 526.071750
INFO:root:Looping....
DEBUG:root:This is the line: drive:-11.429:22.321

DEBUG:root:We got command: drive
DEBUG:root:We got a drive command: rawX:22.321000 and rawY:-11.429000
DEBUG:root:Reverse to the Right
DEBUG:root:Left=11.429000 Right=-33.750000
DEBUG:root:ScaledLeft: 400.715250 ScaledRight: 299.062500
INFO:root:Looping....
DEBUG:root:This is the line: drive:13.714:13.095

DEBUG:root:We got command: drive
DEBUG:root:We got a drive command: rawX:13.095000 and rawY:13.714000
DEBUG:root:Forward to the Right
DEBUG:root:Left=-13.714000 Right=0.619000
DEBUG:root:ScaledLeft: 344.143500 ScaledRight: 376.392750
INFO:root:Looping....
DEBUG:root:This is the line: drive:67.143:-5.357

DEBUG:root:We got command: drive
DEBUG:root:We got a drive command: rawX:-5.357000 and rawY:67.143000
DEBUG:root:Forward to the Left/Straight
DEBUG:root:Left=-72.500000 Right=67.143000
DEBUG:root:ScaledLeft: 211.875000 ScaledRight: 526.071750
INFO:root:Looping....
DEBUG:root:This is the line: drive:-11.429:22.321

DEBUG:root:We got command: drive
DEBUG:root:We got a drive command: rawX:22.321000 and rawY:-11.429000
DEBUG:root:Reverse to the Right
DEBUG:root:Left=11.429000 Right=-33.750000
DEBUG:root:ScaledLeft: 400.715250 ScaledRight: 299.062500
INFO:root:Looping....
DEBUG:root:This is the line: drive:13.714:13.095

DEBUG:root:We got command: drive
DEBUG:root:We got a drive command: rawX:13.095000 and rawY:13.714000
DEBUG:root:Forward to the Right
DEBUG:root:Left=-13.714000 Right=0.619000
DEBUG:root:ScaledLeft: 344.143500 ScaledRight: 376.392750
INFO:root:Looping....
DEBUG:root:This is the line: drive:67.143:-5.357

DEBUG:root:We got command: drive
DEBUG:root:We got a drive command: rawX:-5.357000 and rawY:67.143000
DEBUG:root:Forward to the Left/Straight
DEBUG:root:Left=-72.500000 Right=67.143000
DEBUG:root:ScaledLeft: 211.875000 ScaledRight: 526.071750
INFO:root:Looping....
DEBUG:root:This is the line: drive:-11.429:22.321

DEBUG:root:We got command: drive
DEBUG:root:We got a drive command: rawX:22.321000 and rawY:-11.429000
DEBUG:root:Reverse to the Right
DEBUG:root:Left=11.429000 Right=-33.750000
DEBUG:root:ScaledLeft: 400.715250 ScaledRight: 299.062500
INFO:root:Looping....
DEBUG:root:This is the line: drive:13.714:13.095

DEBUG:root:We got command: drive
DEBUG:root:We got a drive command: rawX:13.095000 and rawY:13.714000
DEBUG:root:Forward to the Right
DEBUG:root:Left=-13.714000 Right=0.619000
DEBUG:root:ScaledLeft: 344.143500 ScaledRight: 376.392750
INFO:root:Looping....
DEBUG:root:This is the line: drive:67.143:-5.357

DEBUG:root:We got command: drive
DEBUG:root:We got a drive command: rawX:-5.357000 and rawY:67.143000
DEBUG:root:Forward to the Left/Straight
DEBUG:root:Left=-72.500000 Right=67.143000
DEBUG:root:ScaledLeft: 211.875000 ScaledRight: 526.071750
INFO:root:Looping....
DEBUG:root:This is the line: drive:-11.429:22.321

DEBUG:root:We got command: drive
DEBUG:root:We got a drive command: rawX:22.321000 and rawY:-11.429000
DEBUG:root:Reverse to the Right
DEBUG:root:Left=11.429000 Right=-33.750000
DEBUG:root:ScaledLeft: 400.715250 ScaledRight: 299.062500
INFO:root:Looping....
DEBUG:root:This is the line: drive:13.714:13.095

DEBUG:root:We got command: drive
DEBUG:root:We got a drive command: rawX:13.095000 and rawY:13.714000
DEBUG:root:Forward to the Right
DEBUG:root:Left=-13.714000 Right=0.619000
DEBUG:root:ScaledLeft: 344.143500 ScaledRight: 376.392750
INFO:root:Looping....
DEBUG:root:This is the line: drive:67.143:-5.357

DEBUG:root:We got command: drive
DEBUG:root:We got a drive command: rawX:-5.357000 and rawY:67.143000
DEBUG:root:Forward to the Left/Straight
DEBUG:root:Left=-72.500000 Right=67.143000
DEBUG:root:ScaledLeft: 211.875000 ScaledRight: 526.071750
INFO:root:Looping....
DEBUG:root:This is the line: drive:-11.429:22.321

DEBUG:root:We got command: drive
DEBUG:root:We got a drive command: rawX:22.321000 and rawY:-11.429000
DEBUG:root:Reverse to the Right
DEBUG:root:Left=11.429000 Right=-33.750000
DEBUG:root:ScaledLeft: 400.715250 ScaledRight: 299.062500
INFO:root:Looping....
DEBUG:root:This is the line: drive:13.714:13.095

DEBUG:root:We got command: drive
DEBUG:root:We got a drive command: rawX:13.095000 and rawY:13.714000
DEBUG:root:Forward to the Right
DEBUG:root:Left=-13.714000 Right=0.619000
DEBUG:root:ScaledLeft: 344.143500 ScaledRight: 376.392750
INFO:root:Looping....
DEBUG:root:This is the line: drive:67.143:-5.357

DEBUG:root:We got command: drive
DEBUG:root:We got a drive command: rawX:-5.357000 and rawY:67.143000
DEBUG:root:Forward to the Left/Straight
DEBUG:root:Left=-72.500000 Right=67.143000
DEBUG:root:ScaledLeft: 211.875000 ScaledRight: 526.071750
INFO:root:Looping....
DEBUG:root:This is the line: drive:-11.429:22.321

DEBUG:root:We got command: drive
DEBUG:root:We got a drive command: rawX:22.321000 and rawY:-11.429000
DEBUG:root:Reverse to the Right
DEBUG:root:Left=11.429000 Right=-33.750000
DEBUG:root:ScaledLeft: 400.715250 ScaledRight: 299.062500
INFO:root:Looping....
DEBUG:root:This is the line: drive:13.714:13.095

DEBUG:root:We got command: drive
DEBUG:root:We got a drive command: rawX:13.095000 and rawY:13.714000
DEBUG:root:Forward to the Right
DEBUG:root:Left=-13.714000 Right=0.619000
DEBUG:root:ScaledLeft: 344.143500 ScaledRight: 376.392750
INFO:root:Looping....
DEBUG:root:This is the line: drive:67.143:-5.357

DEBUG:root:We got command: drive
DEBUG:root:We got a drive command: rawX:-5.357000 and rawY:67.143000
DEBUG:root:Forward to the Left/Straight
DEBUG:root:Left=-72.500000 Right=67.143000
DEBUG:root:ScaledLeft: 211.875000 ScaledRight: 526.071750
INFO:root:Looping....
DEBUG:root:This is the line: drive:-11.429:22.321

DEBUG:root:We got command: drive
DEBUG:root:We got a drive command: rawX:22.321000 and rawY:-11.429000
DEBUG:root:Reverse to the Right
DEBUG:root:Left=11.429000 Right=-33.750000
DEBUG:root:ScaledLeft: 400.715250 ScaledRight: 299.062500
INFO:root:Looping....
DEBUG:root:This is the line: drive:13.714:13.095

DEBUG:root:We got command: drive
DEBUG:root:We got a drive command: rawX:13.095000 and rawY:13.714000
DEBUG:root:Forward to the Right
DEBUG:root:Left=-13.714000 Right=0.619000
DEBUG:root:ScaledLeft: 344.143500 ScaledRight: 376.392750
INFO:root:Looping....
DEBUG:root:This is the line: drive:67.143:-5.357

DEBUG:root:We got command: drive
DEBUG:root:We got a drive command: rawX:-5.357000 and rawY:67.143000
DEBUG:root:Forward to the Left/Straight
DEBUG:root:Left=-72.500000 Right=67.143000
DEBUG:root:ScaledLeft: 211.875000 ScaledRight: 526.071750
INFO:root:Looping....
DEBUG:root:This is the line: drive:13.714:13.095

DEBUG:root:We got command: drive
DEBUG:root:We got a drive command: rawX:13.095000 and rawY:13.714000
DEBUG:root:Forward to the Right
DEBUG:root:Left=-13.714000 Right=0.619000
DEBUG:root:ScaledLeft: 344.143500 ScaledRight: 376.392750
INFO:root:Looping....
DEBUG:root:This is the line: drive:-11.429:22.321

DEBUG:root:We got command: drive
DEBUG:root:We got a drive command: rawX:22.321000 and rawY:-11.429000
DEBUG:root:Reverse to the Right
DEBUG:root:Left=11.429000 Right=-33.750000
DEBUG:root:ScaledLeft: 400.715250 ScaledRight: 299.062500
INFO:root:Looping....
DEBUG:root:This is the line: drive:67.143:-5.357

DEBUG:root:We got command: drive
DEBUG:root:We got a drive command: rawX:-5.357000 and rawY:67.143000
DEBUG:root:Forward to the Left/Straight
DEBUG:root:Left=-72.500000 Right=67.143000
DEBUG:root:ScaledLeft: 211.875000 ScaledRight: 526.071750
INFO:root:Looping....
DEBUG:root:This is the line: drive:13.714:13.095

DEBUG:root:We got command: drive
DEBUG:root:We got a drive command: rawX:13.095000 and rawY:13.714000
DEBUG:root:Forward to the Right
DEBUG:root:Left=-13.714000 Right=0.619000
DEBUG:root:ScaledLeft: 344.143500 ScaledRight: 376.392750
INFO:root:Looping....
DEBUG:root:This is the line: drive:-11.429:22.321

DEBUG:root:We got command: drive
DEBUG:root:We got a drive command: rawX:22.321000 and rawY:-11.429000
DEBUG:root:Reverse to the Right
DEBUG:root:Left=11.429000 Right=-33.750000
DEBUG:root:ScaledLeft: 400.715250 ScaledRight: 299.062500
INFO:root:Looping....
DEBUG:root:This is the line: drive:67.143:-5.357

DEBUG:root:We got command: drive
DEBUG:root:We got a drive command: rawX:-5.357000 and rawY:67.143000
DEBUG:root:Forward to the Left/Straight
DEBUG:root:Left=-72.500000 Right=67.143000
DEBUG:root:ScaledLeft: 211.875000 ScaledRight: 526.071750
INFO:root:Looping....
DEBUG:root:This is the line: drive:-11.429:22.321

DEBUG:root:We got command: drive
DEBUG:root:We got a drive command: rawX:22.321000 and rawY:-11.429000
DEBUG:root:Reverse to the Right
DEBUG:root:Left=11.429000 Right=-33.750000
DEBUG:root:ScaledLeft: 400.715250 ScaledRight: 299.062500
INFO:root:Looping....
DEBUG:root:This is the line: drive:13.714:13.095

DEBUG:root:We got command: drive
DEBUG:root:We got a drive command: rawX:13.095000 and rawY:13.714000
DEBUG:root:Forward to the Right
DEBUG:root:Left=-13.714000 Right=0.619000
DEBUG:root:ScaledLeft: 344.143500 ScaledRight: 376.392750
INFO:root:Looping....
DEBUG:root:This is the line: drive:67.143:-5.357

DEBUG:root:We got command: drive
DEBUG:root:We got a drive command: rawX:-5.357000 and rawY:67.143000
DEBUG:root:Forward to the Left/Straight
DEBUG:root:Left=-72.500000 Right=67.143000
DEBUG:root:ScaledLeft: 211.875000 ScaledRight: 526.071750
INFO:root:Looping....
DEBUG:root:This is the line: drive:-11.429:22.321

DEBUG:root:We got command: drive
DEBUG:root:We got a drive command: rawX:22.321000 and rawY:-11.429000
DEBUG:root:Reverse to the Right
DEBUG:root:Left=11.429000 Right=-33.750000
DEBUG:root:ScaledLeft: 400.715250 ScaledRight: 299.062500
INFO:root:Looping....
DEBUG:root:This is the line: drive:13.714:13.095

DEBUG:root:We got command: drive
DEBUG:root:We got a drive command: rawX:13.095000 and rawY:13.714000
DEBUG:root:Forward to the Right
DEBUG:root:Left=-13.714000 Right=0.619000
DEBUG:root:ScaledLeft: 344.143500 ScaledRight: 376.392750
INFO:root:Looping....
DEBUG:root:This is the line: drive:67.143:-5.357

DEBUG:root:We got command: drive
DEBUG:root:We got a drive command: rawX:-5.357000 and rawY:67.143000
DEBUG:root:Forward to the Left/Straight
DEBUG:root:Left=-72.500000 Right=67.143000
DEBUG:root:ScaledLeft: 211.875000 ScaledRight: 526.071750
INFO:root:Looping....
DEBUG:root:This is the line: drive:-11.429:22.321

DEBUG:root:We got command: drive
DEBUG:root:We got a drive command: rawX:22.321000 and rawY:-11.429000
DEBUG:root:Reverse to the Right
DEBUG:root:Left=11.429000 Right=-33.750000
DEBUG:root:ScaledLeft: 400.715250 ScaledRight: 299.062500
INFO:root:Looping....
DEBUG:root:This is the line: drive:13.714:13.095

DEBUG:root:We got command: drive
DEBUG:root:We got a drive command: rawX:13.095000 and rawY:13.714000
DEBUG:root:Forward to the Right
DEBUG:root:Left=-13.714000 Right=0.619000
DEBUG:root:ScaledLeft: 344.143500 ScaledRight: 376.392750
INFO:root:Looping....
DEBUG:root:This is the line: drive:67.143:-5.357

DEBUG:root:We got command: drive
DEBUG:root:We got a drive command: rawX:-5.357000 and rawY:67.143000
DEBUG:root:Forward to the Left/Straight
DEBUG:root:Left=-72.500000 Right=67.143000
DEBUG:root:ScaledLeft: 211.875000 ScaledRight: 526.071750
INFO:root:Looping....
DEBUG:root:This is the line: drive:-11.429:22.321

DEBUG:root:We got command: drive
DEBUG:root:We got a drive command: rawX:22.321000 and rawY:-11.429000
DEBUG:root:Reverse to the Right
DEBUG:root:Left=11.429000 Right=-33.750000
DEBUG:root:ScaledLeft: 400.715250 ScaledRight: 299.062500
INFO:root:Looping....
DEBUG:root:This is the line: drive:13.714:13.095

DEBUG:root:We got command: drive
DEBUG:root:We got a drive command: rawX:13.095000 and rawY:13.714000
DEBUG:root:Forward to the Right
DEBUG:root:Left=-13.714000 Right=0.619000
DEBUG:root:ScaledLeft: 344.143500 ScaledRight: 376.392750
INFO:root:Looping....
DEBUG:root:This is the line: drive:67.143:-5.357

DEBUG:root:We got command: drive
DEBUG:root:We got a drive command: rawX:-5.357000 and rawY:67.143000
DEBUG:root:Forward to the Left/Straight
DEBUG:root:Left=-72.500000 Right=67.143000
DEBUG:root:ScaledLeft: 211.875000 ScaledRight: 526.071750
INFO:root:Looping....
DEBUG:root:This is the line: drive:-11.429:22.321

DEBUG:root:We got command: drive
DEBUG:root:We got a drive command: rawX:22.321000 and rawY:-11.429000
DEBUG:root:Reverse to the Right
DEBUG:root:Left=11.429000 Right=-33.750000
DEBUG:root:ScaledLeft: 400.715250 ScaledRight: 299.062500
INFO:root:Looping....
DEBUG:root:This is the line: drive:13.714:13.095

DEBUG:root:We got command: drive
DEBUG:root:We got a drive command: rawX:13.095000 and rawY:13.714000
DEBUG:root:Forward to the Right
DEBUG:root:Left=-13.714000 Right=0.619000
DEBUG:root:ScaledLeft: 344.143500 ScaledRight: 376.392750
INFO:root:Looping....
DEBUG:root:This is the line: drive:67.143:-5.357

DEBUG:root:We got command: drive
DEBUG:root:We got a drive command: rawX:-5.357000 and rawY:67.143000
DEBUG:root:Forward to the Left/Straight
DEBUG:root:Left=-72.500000 Right=67.143000
DEBUG:root:ScaledLeft: 211.875000 ScaledRight: 526.071750
INFO:root:Looping....
DEBUG:root:This is the line: drive:-11.429:22.321

DEBUG:root:We got command: drive
DEBUG:root:We got a drive command: rawX:22.321000 and rawY:-11.429000
DEBUG:root:Reverse to the Right
DEBUG:root:Left=11.429000 Right=-33.750000
DEBUG:root:ScaledLeft: 400.715250 ScaledRight: 299.062500
INFO:root:Looping....
DEBUG:root:This is the line: drive:13.714:13.095

DEBUG:root:We got command: drive
DEBUG:root:We got a drive command: rawX:13.095000 and rawY:13.714000
DEBUG:root:Forward to the Right
DEBUG:root:Left=-13.714000 Right=0.619000
DEBUG:root:ScaledLeft: 344.143500 ScaledRight: 376.392750
INFO:root:Looping....
DEBUG:root:This is the line: drive:67.143:-5.357

DEBUG:root:We got command: drive
DEBUG:root:We got a drive command: rawX:-5.357000 and rawY:67.143000
DEBUG:root:Forward to the Left/Straight
DEBUG:root:Left=-72.500000 Right=67.143000
DEBUG:root:ScaledLeft: 211.875000 ScaledRight: 526.071750
INFO:root:Looping....
DEBUG:root:This is the line: drive:-11.429:22.321

DEBUG:root:We got command: drive
DEBUG:root:We got a drive command: rawX:22.321000 and rawY:-11.429000
DEBUG:root:Reverse to the Right
DEBUG:root:Left=11.429000 Right=-33.750000
DEBUG:root:ScaledLeft: 400.715250 ScaledRight: 299.062500
INFO:root:Looping....
DEBUG:root:This is the line: drive:13.714:13.095

DEBUG:root:We got command: drive
DEBUG:root:We got a drive command: rawX:13.095000 and rawY:13.714000
DEBUG:root:Forward to the Right
DEBUG:root:Left=-13.714000 Right=0.619000
DEBUG:root:ScaledLeft: 344.143500 ScaledRight: 376.392750
INFO:root:Looping....
DEBUG:root:This is the line: drive:67.143:-5.357

DEBUG:root:We got command: drive
DEBUG:root:We got a drive command: rawX:-5.357000 and rawY:67.143000
DEBUG:root:Forward to the Left/Straight
DEBUG:root:Left=-72.500000 Right=67.143000
DEBUG:root:ScaledLeft: 211.875000 ScaledRight: 526.071750
INFO:root:Looping....
DEBUG:root:This is the line: drive:-11.429:22.321

DEBUG:root:We got command: drive
DEBUG:root:We got a drive command: rawX:22.321000 and rawY:-11.429000
DEBUG:root:Reverse to the Right
DEBUG:root:Left=11.429000 Right=-33.750000
DEBUG:root:ScaledLeft: 400.715250 ScaledRight: 299.062500
INFO:root:Looping....
DEBUG:root:This is the line: drive:13.714:13.095

DEBUG:root:We got command: drive
DEBUG:root:We got a drive command: rawX:13.095000 and rawY:13.714000
DEBUG:root:Forward to the Right
DEBUG:root:Left=-13.714000 Right=0.619000
DEBUG:root:ScaledLeft: 344.143500 ScaledRight: 376.392750
INFO:root:Looping....
DEBUG:root:This is the line: drive:67.143:-5.357

DEBUG:root:We got command: drive
DEBUG:root:We got a drive command: rawX:-5.357000 and rawY:67.143000
DEBUG:root:Forward to the Left/Straight
DEBUG:root:Left=-72.500000 Right=67.143000
DEBUG:root:ScaledLeft: 211.875000 ScaledRight: 526.071750
INFO:root:Looping....
DEBUG:root:This is the line: drive:-11.429:22.321

DEBUG:root:We got command: drive
DEBUG:root:We got a drive command: rawX:22.321000 and rawY:-11.429000
DEBUG:root:Reverse to the Right
DEBUG:root:Left=11.429000 Right=-33.750000
DEBUG:root:ScaledLeft: 400.715250 ScaledRight: 299.062500
INFO:root:Looping....
DEBUG:root:This is the line: drive:13.714:13.095

DEBUG:root:We got command: drive
DEBUG:root:We got a drive command: rawX:13.095000 and rawY:13.714000
DEBUG:root:Forward to the Right
DEBUG:root:Left=-13.714000 Right=0.619000
DEBUG:root:ScaledLeft: 344.143500 ScaledRight: 376.392750
INFO:root:Looping....
DEBUG:root:This is the line: drive:67.143:-5.357

DEBUG:root:We got command: drive
DEBUG:root:We got a drive command: rawX:-5.357000 and rawY:67.143000
DEBUG:root:Forward to the Left/Straight
DEBUG:root:Left=-72.500000 Right=67.143000
DEBUG:root:ScaledLeft: 211.875000 ScaledRight: 526.071750
INFO:root:Looping....
DEBUG:root:This is the line: drive:13.714:13.095

DEBUG:root:We got command: drive
DEBUG:root:We got a drive command: rawX:13.095000 and rawY:13.714000
DEBUG:root:Forward to the Right
DEBUG:root:Left=-13.714000 Right=0.619000
DEBUG:root:ScaledLeft: 344.143500 ScaledRight: 376.392750
INFO:root:Looping....
DEBUG:root:This is the line: drive:-11.429:22.321

DEBUG:root:We got command: drive
DEBUG:root:We got a drive command: rawX:22.321000 and rawY:-11.429000
DEBUG:root:Reverse to the Right
DEBUG:root:Left=11.429000 Right=-33.750000
DEBUG:root:ScaledLeft: 400.715250 ScaledRight: 299.062500
INFO:root:Looping....
DEBUG:root:This is the line: drive:67.143:-5.357

DEBUG:root:We got command: drive
DEBUG:root:We got a drive command: rawX:-5.357000 and rawY:67.143000
DEBUG:root:Forward to the Left/Straight
DEBUG:root:Left=-72.500000 Right=67.143000
DEBUG:root:ScaledLeft: 211.875000 ScaledRight: 526.071750
INFO:root:Looping....
DEBUG:root:This is the line: drive:-11.429:22.321

DEBUG:root:We got command: drive
DEBUG:root:We got a drive command: rawX:22.321000 and rawY:-11.429000
DEBUG:root:Reverse to the Right
DEBUG:root:Left=11.429000 Right=-33.750000
DEBUG:root:ScaledLeft: 400.715250 ScaledRight: 299.062500
INFO:root:Looping....
DEBUG:root:This is the line: drive:13.714:13.095

DEBUG:root:We got command: drive
DEBUG:root:We got a drive command: rawX:13.095000 and rawY:13.714000
DEBUG:root:Forward to the Right
DEBUG:root:Left=-13.714000 Right=0.619000
DEBUG:root:ScaledLeft: 344.143500 ScaledRight: 376.392750
INFO:root:Looping....
DEBUG:root:This is the line: drive:67.143:-5.357

DEBUG:root:We got command: drive
DEBUG:root:We got a drive command: rawX:-5.357000 and rawY:67.143000
DEBUG:root:Forward to the Left/Straight
DEBUG:root:Left=-72.500000 Right=67.143000
DEBUG:root:ScaledLeft: 211.875000 ScaledRight: 526.071750
INFO:root:Looping....
DEBUG:root:This is the line: drive:-11.429:22.321

DEBUG:root:We got command: drive
DEBUG:root:We got a drive command: rawX:22.321000 and rawY:-11.429000
DEBUG:root:Reverse to the Right
DEBUG:root:Left=11.429000 Right=-33.750000
DEBUG:root:ScaledLeft: 400.715250 ScaledRight: 299.062500
INFO:root:Looping....
DEBUG:root:This is the line: drive:13.714:13.095

DEBUG:root:We got command: drive
DEBUG:root:We got a drive command: rawX:13.095000 and rawY:13.714000
DEBUG:root:Forward to the Right
DEBUG:root:Left=-13.714000 Right=0.619000
DEBUG:root:ScaledLeft: 344.143500 ScaledRight: 376.392750
INFO:root:Looping....
DEBUG:root:This is the line: drive:67.143:-5.357

DEBUG:root:We got command: drive
DEBUG:root:We got a drive command: rawX:-5.357000 and rawY:67.143000
DEBUG:root:Forward to the Left/Straight
DEBUG:root:Left=-72.500000 Right=67.143000
DEBUG:root:ScaledLeft: 211.875000 ScaledRight: 526.071750
INFO:root:Looping....
DEBUG:root:This is the line: drive:-11.429:22.321

DEBUG:root:We got command: drive
DEBUG:root:We got a drive command: rawX:22.321000 and rawY:-11.429000
DEBUG:root:Reverse to the Right
DEBUG:root:Left=11.429000 Right=-33.750000
DEBUG:root:ScaledLeft: 400.715250 ScaledRight: 299.062500
INFO:root:Looping....
DEBUG:root:This is the line: drive:13.714:13.095

DEBUG:root:We got command: drive
DEBUG:root:We got a drive command: rawX:13.095000 and rawY:13.714000
DEBUG:root:Forward to the Right
DEBUG:root:Left=-13.714000 Right=0.619000
DEBUG:root:ScaledLeft: 344.143500 ScaledRight: 376.392750
INFO:root:Looping....
DEBUG:root:This is the line: drive:67.143:-5.357

DEBUG:root:We got command: drive
DEBUG:root:We got a drive command: rawX:-5.357000 and rawY:67.143000
DEBUG:root:Forward to the Left/Straight
DEBUG:root:Left=-72.500000 Right=67.143000
DEBUG:root:ScaledLeft: 211.875000 ScaledRight: 526.071750
INFO:root:Looping....
DEBUG:root:This is the line: drive:13.714:13.095

DEBUG:root:We got command: drive
DEBUG:root:We got a drive command: rawX:13.095000 and rawY:13.714000
DEBUG:root:Forward to the Right
DEBUG:root:Left=-13.714000 Right=0.619000
DEBUG:root:ScaledLeft: 344.143500 ScaledRight: 376.392750
INFO:root:Looping....
DEBUG:root:This is the line: drive:-11.429:22.321

DEBUG:root:We got command: drive
DEBUG:root:We got a drive command: rawX:22.321000 and rawY:-11.429000
DEBUG:root:Reverse to the Right
DEBUG:root:Left=11.429000 Right=-33.750000
DEBUG:root:ScaledLeft: 400.715250 ScaledRight: 299.062500
INFO:root:Looping....
DEBUG:root:This is the line: drive:67.143:-5.357

DEBUG:root:We got command: drive
DEBUG:root:We got a drive command: rawX:-5.357000 and rawY:67.143000
DEBUG:root:Forward to the Left/Straight
DEBUG:root:Left=-72.500000 Right=67.143000
DEBUG:root:ScaledLeft: 211.875000 ScaledRight: 526.071750
INFO:root:Looping....
DEBUG:root:This is the line: drive:-11.429:22.321

DEBUG:root:We got command: drive
DEBUG:root:We got a drive command: rawX:22.321000 and rawY:-11.429000
DEBUG:root:Reverse to the Right
DEBUG:root:Left=11.429000 Right=-33.750000
DEBUG:root:ScaledLeft: 400.715250 ScaledRight: 299.062500
INFO:root:Looping....
DEBUG:root:This is the line: drive:13.714:13.095

DEBUG:root:We got command: drive
DEBUG:root:We got a drive command: rawX:13.095000 and rawY:13.714000
DEBUG:root:Forward to the Right
DEBUG:root:Left=-13.714000 Right=0.619000
DEBUG:root:ScaledLeft: 344.143500 ScaledRight: 376.392750
INFO:root:Looping....
DEBUG:root:This is the line: drive:67.143:-5.357

DEBUG:root:We got command: drive
DEBUG:root:We got a drive command: rawX:-5.357000 and rawY:67.143000
DEBUG:root:Forward to the Left/Straight
DEBUG:root:Left=-72.500000 Right=67.143000
DEBUG:root:ScaledLeft: 211.875000 ScaledRight: 526.071750
INFO:root:Looping....
DEBUG:root:This is the line: drive:-11.429:22.321

DEBUG:root:We got command: drive
DEBUG:root:We got a drive command: rawX:22.321000 and rawY:-11.429000
DEBUG:root:Reverse to the Right
DEBUG:root:Left=11.429000 Right=-33.750000
DEBUG:root:ScaledLeft: 400.715250 ScaledRight: 299.062500
INFO:root:Looping....
DEBUG:root:This is the line: drive:13.714:13.095

DEBUG:root:We got command: drive
DEBUG:root:We got a drive command: rawX:13.095000 and rawY:13.714000
DEBUG:root:Forward to the Right
DEBUG:root:Left=-13.714000 Right=0.619000
DEBUG:root:ScaledLeft: 344.143500 ScaledRight: 376.392750
INFO:root:Looping....
DEBUG:root:This is the line: drive:67.143:-5.357

DEBUG:root:We got command: drive
DEBUG:root:We got a drive command: rawX:-5.357000 and rawY:67.143000
DEBUG:root:Forward to the Left/Straight
DEBUG:root:Left=-72.500000 Right=67.143000
DEBUG:root:ScaledLeft: 211.875000 ScaledRight: 526.071750
INFO:root:Looping....
DEBUG:root:This is the line: drive:-11.429:22.321

DEBUG:root:We got command: drive
DEBUG:root:We got a drive command: rawX:22.321000 and rawY:-11.429000
DEBUG:root:Reverse to the Right
DEBUG:root:Left=11.429000 Right=-33.750000
DEBUG:root:ScaledLeft: 400.715250 ScaledRight: 299.062500
INFO:root:Looping....
DEBUG:root:This is the line: drive:13.714:13.095

DEBUG:root:We got command: drive
DEBUG:root:We got a drive command: rawX:13.095000 and rawY:13.714000
DEBUG:root:Forward to the Right
DEBUG:root:Left=-13.714000 Right=0.619000
DEBUG:root:ScaledLeft: 344.143500 ScaledRight: 376.392750
INFO:root:Looping....
DEBUG:root:This is the line: drive:67.143:-5.357

DEBUG:root:We got command: drive
DEBUG:root:We got a drive command: rawX:-5.357000 and rawY:67.143000
DEBUG:root:Forward to the Left/Straight
DEBUG:root:Left=-72.500000 Right=67.143000
DEBUG:root:ScaledLeft: 211.875000 ScaledRight: 526.071750
INFO:root:Looping....
DEBUG:root:This is the line: drive:-11.429:22.321

DEBUG:root:We got command: drive
DEBUG:root:We got a drive command: rawX:22.321000 and rawY:-11.429000
DEBUG:root:Reverse to the Right
DEBUG:root:Left=11.429000 Right=-33.750000
DEBUG:root:ScaledLeft: 400.715250 ScaledRight: 299.062500
INFO:root:Looping....
DEBUG:root:This is the line: drive:13.714:13.095

DEBUG:root:We got command: drive
DEBUG:root:We got a drive command: rawX:13.095000 and rawY:13.714000
DEBUG:root:Forward to the Right
DEBUG:root:Left=-13.714000 Right=0.619000
DEBUG:root:ScaledLeft: 344.143500 ScaledRight: 376.392750
INFO:root:Looping....
DEBUG:root:This is the line: drive:67.143:-5.357

DEBUG:root:We got command: drive
DEBUG:root:We got a drive command: rawX:-5.357000 and rawY:67.143000
DEBUG:root:Forward to the Left/Straight
DEBUG:root:Left=-72.500000 Right=67.143000
DEBUG:root:ScaledLeft: 211.875000 ScaledRight: 526.071750
INFO:root:Looping....
DEBUG:root:This is the line: drive:-11.429:22.321

DEBUG:root:We got command: drive
DEBUG:root:We got a drive command: rawX:22.321000 and rawY:-11.429000
DEBUG:root:Reverse to the Right
DEBUG:root:Left=11.429000 Right=-33.750000
DEBUG:root:ScaledLeft: 400.715250 ScaledRight: 299.062500
INFO:root:Looping....
DEBUG:root:This is the line: drive:13.714:13.095

DEBUG:root:We got command: drive
DEBUG:root:We got a drive command: rawX:13.095000 and rawY:13.714000
DEBUG:root:Forward to the Right
DEBUG:root:Left=-13.714000 Right=0.619000
DEBUG:root:ScaledLeft: 344.143500 ScaledRight: 376.392750
INFO:root:Looping....
DEBUG:root:This is the line: drive:67.143:-5.357

DEBUG:root:We got command: drive
DEBUG:root:We got a drive command: rawX:-5.357000 and rawY:67.143000
DEBUG:root:Forward to the Left/Straight
DEBUG:root:Left=-72.500000 Right=67.143000
DEBUG:root:ScaledLeft: 211.875000 ScaledRight: 526.071750
INFO:root:Looping....
DEBUG:root:This is the line: drive:-11.429:22.321

DEBUG:root:We got command: drive
DEBUG:root:We got a drive command: rawX:22.321000 and rawY:-11.429000
DEBUG:root:Reverse to the Right
DEBUG:root:Left=11.429000 Right=-33.750000
DEBUG:root:ScaledLeft: 400.715250 ScaledRight: 299.062500
INFO:root:Looping....
DEBUG:root:This is the line: drive:13.714:13.095

DEBUG:root:We got command: drive
DEBUG:root:We got a drive command: rawX:13.095000 and rawY:13.714000
DEBUG:root:Forward to the Right
DEBUG:root:Left=-13.714000 Right=0.619000
DEBUG:root:ScaledLeft: 344.143500 ScaledRight: 376.392750
INFO:root:Looping....
DEBUG:root:This is the line: drive:67.143:-5.357

DEBUG:root:We got command: drive
DEBUG:root:We got a drive command: rawX:-5.357000 and rawY:67.143000
DEBUG:root:Forward to the Left/Straight
DEBUG:root:Left=-72.500000 Right=67.143000
DEBUG:root:ScaledLeft: 211.875000 ScaledRight: 526.071750
INFO:root:Looping....
DEBUG:root:This is the line: drive:-11.429:22.321

DEBUG:root:We got command: drive
DEBUG:root:We got a drive command: rawX:22.321000 and rawY:-11.429000
DEBUG:root:Reverse to the Right
DEBUG:root:Left=11.429000 Right=-33.750000
DEBUG:root:ScaledLeft: 400.715250 ScaledRight: 299.062500
INFO:root:Looping....
DEBUG:root:This is the line: drive:13.714:13.095

DEBUG:root:We got command: drive
DEBUG:root:We got a drive command: rawX:13.095000 and rawY:13.714000
DEBUG:root:Forward to the Right
DEBUG:root:Left=-13.714000 Right=0.619000
DEBUG:root:ScaledLeft: 344.143500 ScaledRight: 376.392750
INFO:root:Looping....
DEBUG:root:This is the line: drive:67.143:-5.357

DEBUG:root:We got command: drive
DEBUG:root:We got a drive command: rawX:-5.357000 and rawY:67.143000
DEBUG:root:Forward to the Left/Straight
DEBUG:root:Left=-72.500000 Right=67.143000
DEBUG:root:ScaledLeft: 211.875000 ScaledRight: 526.071750
INFO:root:Looping....
DEBUG:root:This is the line: drive:13.714:13.095

DEBUG:root:We got command: drive
DEBUG:root:We got a drive command: rawX:13.095000 and rawY:13.714000
DEBUG:root:Forward to the Right
DEBUG:root:Left=-13.714000 Right=0.619000
DEBUG:root:ScaledLeft: 344.143500 ScaledRight: 376.392750
INFO:root:Looping....
DEBUG:root:This is the line: drive:-11.429:22.321

DEBUG:root:We got command: drive
DEBUG:root:We got a drive command: rawX:22.321000 and rawY:-11.429000
DEBUG:root:Reverse to the Right
DEBUG:root:Left=11.429000 Right=-33.750000
DEBUG:root:ScaledLeft: 400.715250 ScaledRight: 299.062500
INFO:root:Looping....
DEBUG:root:This is the line: drive:67.143:-5.357

DEBUG:root:We got command: drive
DEBUG:root:We got a drive command: rawX:-5.357000 and rawY:67.143000
DEBUG:root:Forward to the Left/Straight
DEBUG:root:Left=-72.500000 Right=67.143000
DEBUG:root:ScaledLeft: 211.875000 ScaledRight: 526.071750
INFO:root:Looping....
DEBUG:root:This is the line: drive:13.714:13.095

DEBUG:root:We got command: drive
DEBUG:root:We got a drive command: rawX:13.095000 and rawY:13.714000
DEBUG:root:Forward to the Right
DEBUG:root:Left=-13.714000 Right=0.619000
DEBUG:root:ScaledLeft: 344.143500 ScaledRight: 376.392750
INFO:root:Looping....
DEBUG:root:This is the line: drive:67.143:-5.357

DEBUG:root:We got command: drive
DEBUG:root:We got a drive command: rawX:-5.357000 and rawY:67.143000
DEBUG:root:Forward to the Left/Straight
DEBUG:root:Left=-72.500000 Right=67.143000
DEBUG:root:ScaledLeft: 211.875000 ScaledRight: 526.071750
INFO:root:Looping....
DEBUG:root:This is the line: drive:-11.429:22.321

DEBUG:root:We got command: drive
DEBUG:root:We got a drive command: rawX:22.321000 and rawY:-11.429000
DEBUG:root:Reverse to the Right
DEBUG:root:Left=11.429000 Right=-33.750000
DEBUG:root:ScaledLeft: 400.715250 ScaledRight: 299.062500
INFO:root:Looping....
DEBUG:root:This is the line: drive:67.143:-5.357

DEBUG:root:We got command: drive
DEBUG:root:We got a drive command: rawX:-5.357000 and rawY:67.143000
DEBUG:root:Forward to the Left/Straight
DEBUG:root:Left=-72.500000 Right=67.143000
DEBUG:root:ScaledLeft: 211.875000 ScaledRight: 526.071750
INFO:root:Looping....
DEBUG:root:This is the line: drive:-11.429:22.321

DEBUG:root:We got command: drive
DEBUG:root:We got a drive command: rawX:22.321000 and rawY:-11.429000
DEBUG:root:Reverse to the Right
DEBUG:root:Left=11.429000 Right=-33.750000
DEBUG:root:ScaledLeft: 400.715250 ScaledRight: 299.062500
INFO:root:Looping....
DEBUG:root:This is the line: drive:13.714:13.095

DEBUG:root:We got command: drive
DEBUG:root:We got a drive command: rawX:13.095000 and rawY:13.714000
DEBUG:root:Forward to the Right
DEBUG:root:Left=-13.714000 Right=0.619000
DEBUG:root:ScaledLeft: 344.143500 ScaledRight: 376.392750
INFO:root:Looping....
DEBUG:root:This is the line: drive:67.143:-5.357

DEBUG:root:We got command: drive
DEBUG:root:We got a drive command: rawX:-5.357000 and rawY:67.143000
DEBUG:root:Forward to the Left/Straight
DEBUG:root:Left=-72.500000 Right=67.143000
DEBUG:root:ScaledLeft: 211.875000 ScaledRight: 526.071750
INFO:root:Looping....
DEBUG:root:This is the line: drive:13.714:13.095

DEBUG:root:We got command: drive
DEBUG:root:We got a drive command: rawX:13.095000 and rawY:13.714000
DEBUG:root:Forward to the Right
DEBUG:root:Left=-13.714000 Right=0.619000
DEBUG:root:ScaledLeft: 344.143500 ScaledRight: 376.392750
INFO:root:Looping....
DEBUG:root:This is the line: drive:-11.429:22.321

DEBUG:root:We got command: drive
DEBUG:root:We got a drive command: rawX:22.321000 and rawY:-11.429000
DEBUG:root:Reverse to the Right
DEBUG:root:Left=11.429000 Right=-33.750000
DEBUG:root:ScaledLeft: 400.715250 ScaledRight: 299.062500
INFO:root:Looping....
DEBUG:root:This is the line: drive:-11.429:22.321

DEBUG:root:We got command: drive
DEBUG:root:We got a drive command: rawX:22.321000 and rawY:-11.429000
DEBUG:root:Reverse to the Right
DEBUG:root:Left=11.429000 Right=-33.750000
DEBUG:root:ScaledLeft: 400.715250 ScaledRight: 299.062500
INFO:root:Looping....
DEBUG:root:This is the line: drive:67.143:-5.357

DEBUG:root:We got command: drive
DEBUG:root:We got a drive command: rawX:-5.357000 and rawY:67.143000
DEBUG:root:Forward to the Left/Straight
DEBUG:root:Left=-72.500000 Right=67.143000
DEBUG:root:ScaledLeft: 211.875000 ScaledRight: 526.071750
INFO:root:Looping....
DEBUG:root:This is the line: drive:13.714:13.095

DEBUG:root:We got command: drive
DEBUG:root:We got a drive command: rawX:13.095000 and rawY:13.714000
DEBUG:root:Forward to the Right
DEBUG:root:Left=-13.714000 Right=0.619000
DEBUG:root:ScaledLeft: 344.143500 ScaledRight: 376.392750
INFO:root:Looping....
DEBUG:root:This is the line: drive:67.143:-5.357

DEBUG:root:We got command: drive
DEBUG:root:We got a drive command: rawX:-5.357000 and rawY:67.143000
DEBUG:root:Forward to the Left/Straight
DEBUG:root:Left=-72.500000 Right=67.143000
DEBUG:root:ScaledLeft: 211.875000 ScaledRight: 526.071750
INFO:root:Looping....
DEBUG:root:This is the line: drive:13.714:13.095

DEBUG:root:We got command: drive
DEBUG:root:We got a drive command: rawX:13.095000 and rawY:13.714000
DEBUG:root:Forward to the Right
DEBUG:root:Left=-13.714000 Right=0.619000
DEBUG:root:ScaledLeft: 344.143500 ScaledRight: 376.392750
INFO:root:Looping....
DEBUG:root:This is the line: drive:-11.429:22.321

DEBUG:root:We got command: drive
DEBUG:root:We got a drive command: rawX:22.321000 and rawY:-11.429000
DEBUG:root:Reverse to the Right
DEBUG:root:Left=11.429000 Right=-33.750000
DEBUG:root:ScaledLeft: 400.715250 ScaledRight: 299.062500
INFO:root:Looping....
DEBUG:root:This is the line: drive:67.143:-5.357

DEBUG:root:We got command: drive
DEBUG:root:We got a drive command: rawX:-5.357000 and rawY:67.143000
DEBUG:root:Forward to the Left/Straight
DEBUG:root:Left=-72.500000 Right=67.143000
DEBUG:root:ScaledLeft: 211.875000 ScaledRight: 526.071750
INFO:root:Looping....
DEBUG:root:This is the line: drive:-11.429:22.321

DEBUG:root:We got command: drive
DEBUG:root:We got a drive command: rawX:22.321000 and rawY:-11.429000
DEBUG:root:Reverse to the Right
DEBUG:root:Left=11.429000 Right=-33.750000
DEBUG:root:ScaledLeft: 400.715250 ScaledRight: 299.062500
INFO:root:Looping....
DEBUG:root:This is the line: drive:13.714:13.095

DEBUG:root:We got command: drive
DEBUG:root:We got a drive command: rawX:13.095000 and rawY:13.714000
DEBUG:root:Forward to the Right
DEBUG:root:Left=-13.714000 Right=0.619000
DEBUG:root:ScaledLeft: 344.143500 ScaledRight: 376.392750
INFO:root:Looping....
DEBUG:root:This is the line: drive:-11.429:22.321

DEBUG:root:We got command: drive
DEBUG:root:We got a drive command: rawX:22.321000 and rawY:-11.429000
DEBUG:root:Reverse to the Right
DEBUG:root:Left=11.429000 Right=-33.750000
DEBUG:root:ScaledLeft: 400.715250 ScaledRight: 299.062500
INFO:root:Looping....
DEBUG:root:This is the line: drive:67.143:-5.357

DEBUG:root:We got command: drive
DEBUG:root:We got a drive command: rawX:-5.357000 and rawY:67.143000
DEBUG:root:Forward to the Left/Straight
DEBUG:root:Left=-72.500000 Right=67.143000
DEBUG:root:ScaledLeft: 211.875000 ScaledRight: 526.071750
INFO:root:Looping....
DEBUG:root:This is the line: drive:13.714:13.095

DEBUG:root:We got command: drive
DEBUG:root:We got a drive command: rawX:13.095000 and rawY:13.714000
DEBUG:root:Forward to the Right
DEBUG:root:Left=-13.714000 Right=0.619000
DEBUG:root:ScaledLeft: 344.143500 ScaledRight: 376.392750
INFO:root:Looping....
DEBUG:root:This is the line: drive:67.143:-5.357

DEBUG:root:We got command: drive
DEBUG:root:We got a drive command: rawX:-5.357000 and rawY:67.143000
DEBUG:root:Forward to the Left/Straight
DEBUG:root:Left=-72.500000 Right=67.143000
DEBUG:root:ScaledLeft: 211.875000 ScaledRight: 526.071750
INFO:root:Looping....
DEBUG:root:This is the line: drive:13.714:13.095

DEBUG:root:We got command: drive
DEBUG:root:We got a drive command: rawX:13.095000 and rawY:13.714000
DEBUG:root:Forward to the Right
DEBUG:root:Left=-13.714000 Right=0.619000
DEBUG:root:ScaledLeft: 344.143500 ScaledRight: 376.392750
INFO:root:Looping....
DEBUG:root:This is the line: drive:-11.429:22.321

DEBUG:root:We got command: drive
DEBUG:root:We got a drive command: rawX:22.321000 and rawY:-11.429000
DEBUG:root:Reverse to the Right
DEBUG:root:Left=11.429000 Right=-33.750000
DEBUG:root:ScaledLeft: 400.715250 ScaledRight: 299.062500
INFO:root:Looping....
DEBUG:root:This is the line: drive:13.714:13.095

DEBUG:root:We got command: drive
DEBUG:root:We got a drive command: rawX:13.095000 and rawY:13.714000
DEBUG:root:Forward to the Right
DEBUG:root:Left=-13.714000 Right=0.619000
DEBUG:root:ScaledLeft: 344.143500 ScaledRight: 376.392750
INFO:root:Looping....
DEBUG:root:This is the line: drive:-11.429:22.321

DEBUG:root:We got command: drive
DEBUG:root:We got a drive command: rawX:22.321000 and rawY:-11.429000
DEBUG:root:Reverse to the Right
DEBUG:root:Left=11.429000 Right=-33.750000
DEBUG:root:ScaledLeft: 400.715250 ScaledRight: 299.062500
INFO:root:Looping....
DEBUG:root:This is the line: drive:67.143:-5.357

DEBUG:root:We got command: drive
DEBUG:root:We got a drive command: rawX:-5.357000 and rawY:67.143000
DEBUG:root:Forward to the Left/Straight
DEBUG:root:Left=-72.500000 Right=67.143000
DEBUG:root:ScaledLeft: 211.875000 ScaledRight: 526.071750
INFO:root:Looping....
DEBUG:root:This is the line: drive:13.714:13.095

DEBUG:root:We got command: drive
DEBUG:root:We got a drive command: rawX:13.095000 and rawY:13.714000
DEBUG:root:Forward to the Right
DEBUG:root:Left=-13.714000 Right=0.619000
DEBUG:root:ScaledLeft: 344.143500 ScaledRight: 376.392750
INFO:root:Looping....
DEBUG:root:This is the line: drive:-11.429:22.321

DEBUG:root:We got command: drive
DEBUG:root:We got a drive command: rawX:22.321000 and rawY:-11.429000
DEBUG:root:Reverse to the Right
DEBUG:root:Left=11.429000 Right=-33.750000
DEBUG:root:ScaledLeft: 400.715250 ScaledRight: 299.062500
INFO:root:Looping....
DEBUG:root:This is the line: drive:67.143:-5.357

DEBUG:root:We got command: drive
DEBUG:root:We got a drive command: rawX:-5.357000 and rawY:67.143000
DEBUG:root:Forward to the Left/Straight
DEBUG:root:Left=-72.500000 Right=67.143000
DEBUG:root:ScaledLeft: 211.875000 ScaledRight: 526.071750
INFO:root:Looping....
DEBUG:root:This is the line: drive:13.714:13.095

DEBUG:root:We got command: drive
DEBUG:root:We got a drive command: rawX:13.095000 and rawY:13.714000
DEBUG:root:Forward to the Right
DEBUG:root:Left=-13.714000 Right=0.619000
DEBUG:root:ScaledLeft: 344.143500 ScaledRight: 376.392750
INFO:root:Looping....
DEBUG:root:This is the line: drive:67.143:-5.357

DEBUG:root:We got command: drive
DEBUG:root:We got a drive command: rawX:-5.357000 and rawY:67.143000
DEBUG:root:Forward to the Left/Straight
DEBUG:root:Left=-72.500000 Right=67.143000
DEBUG:root:ScaledLeft: 211.875000 ScaledRight: 526.071750
INFO:root:Looping....
DEBUG:root:This is the line: drive:-11.429:22.321

DEBUG:root:We got command: drive
DEBUG:root:We got a drive command: rawX:22.321000 and rawY:-11.429000
DEBUG:root:Reverse to the Right
DEBUG:root:Left=11.429000 Right=-33.750000
DEBUG:root:ScaledLeft: 400.715250 ScaledRight: 299.062500
INFO:root:Looping....
DEBUG:root:This is the line: drive:13.714:13.095

DEBUG:root:We got command: drive
DEBUG:root:We got a drive command: rawX:13.095000 and rawY:13.714000
DEBUG:root:Forward to the Right
DEBUG:root:Left=-13.714000 Right=0.619000
DEBUG:root:ScaledLeft: 344.143500 ScaledRight: 376.392750
INFO:root:Looping....
DEBUG:root:This is the line: drive:-11.429:22.321

DEBUG:root:We got command: drive
DEBUG:root:We got a drive command: rawX:22.321000 and rawY:-11.429000
DEBUG:root:Reverse to the Right
DEBUG:root:Left=11.429000 Right=-33.750000
DEBUG:root:ScaledLeft: 400.715250 ScaledRight: 299.062500
INFO:root:Looping....
DEBUG:root:This is the line: drive:67.143:-5.357

DEBUG:root:We got command: drive
DEBUG:root:We got a drive command: rawX:-5.357000 and rawY:67.143000
DEBUG:root:Forward to the Left/Straight
DEBUG:root:Left=-72.500000 Right=67.143000
DEBUG:root:ScaledLeft: 211.875000 ScaledRight: 526.071750
INFO:root:Looping....
DEBUG:root:This is the line: drive:13.714:13.095

DEBUG:root:We got command: drive
DEBUG:root:We got a drive command: rawX:13.095000 and rawY:13.714000
DEBUG:root:Forward to the Right
DEBUG:root:Left=-13.714000 Right=0.619000
DEBUG:root:ScaledLeft: 344.143500 ScaledRight: 376.392750
INFO:root:Looping....
DEBUG:root:This is the line: drive:67.143:-5.357

DEBUG:root:We got command: drive
DEBUG:root:We got a drive command: rawX:-5.357000 and rawY:67.143000
DEBUG:root:Forward to the Left/Straight
DEBUG:root:Left=-72.500000 Right=67.143000
DEBUG:root:ScaledLeft: 211.875000 ScaledRight: 526.071750
INFO:root:Looping....
DEBUG:root:This is the line: drive:-11.429:22.321

DEBUG:root:We got command: drive
DEBUG:root:We got a drive command: rawX:22.321000 and rawY:-11.429000
DEBUG:root:Reverse to the Right
DEBUG:root:Left=11.429000 Right=-33.750000
DEBUG:root:ScaledLeft: 400.715250 ScaledRight: 299.062500
INFO:root:Looping....
DEBUG:root:This is the line: drive:13.714:13.095

DEBUG:root:We got command: drive
DEBUG:root:We got a drive command: rawX:13.095000 and rawY:13.714000
DEBUG:root:Forward to the Right
DEBUG:root:Left=-13.714000 Right=0.619000
DEBUG:root:ScaledLeft: 344.143500 ScaledRight: 376.392750
INFO:root:Looping....
DEBUG:root:This is the line: drive:67.143:-5.357

DEBUG:root:We got command: drive
DEBUG:root:We got a drive command: rawX:-5.357000 and rawY:67.143000
DEBUG:root:Forward to the Left/Straight
DEBUG:root:Left=-72.500000 Right=67.143000
DEBUG:root:ScaledLeft: 211.875000 ScaledRight: 526.071750
INFO:root:Looping....
DEBUG:root:This is the line: drive:-11.429:22.321

DEBUG:root:We got command: drive
DEBUG:root:We got a drive command: rawX:22.321000 and rawY:-11.429000
DEBUG:root:Reverse to the Right
DEBUG:root:Left=11.429000 Right=-33.750000
DEBUG:root:ScaledLeft: 400.715250 ScaledRight: 299.062500
INFO:root:Looping....
DEBUG:root:This is the line: drive:13.714:13.095

DEBUG:root:We got command: drive
DEBUG:root:We got a drive command: rawX:13.095000 and rawY:13.714000
DEBUG:root:Forward to the Right
DEBUG:root:Left=-13.714000 Right=0.619000
DEBUG:root:ScaledLeft: 344.143500 ScaledRight: 376.392750
INFO:root:Looping....
DEBUG:root:This is the line: drive:67.143:-5.357

DEBUG:root:We got command: drive
DEBUG:root:We got a drive command: rawX:-5.357000 and rawY:67.143000
DEBUG:root:Forward to the Left/Straight
DEBUG:root:Left=-72.500000 Right=67.143000
DEBUG:root:ScaledLeft: 211.875000 ScaledRight: 526.071750
INFO:root:Looping....
DEBUG:root:This is the line: drive:-11.429:22.321

DEBUG:root:We got command: drive
DEBUG:root:We got a drive command: rawX:22.321000 and rawY:-11.429000
DEBUG:root:Reverse to the Right
DEBUG:root:Left=11.429000 Right=-33.750000
DEBUG:root:ScaledLeft: 400.715250 ScaledRight: 299.062500
INFO:root:Looping....
DEBUG:root:This is the line: drive:13.714:13.095

DEBUG:root:We got command: drive
DEBUG:root:We got a drive command: rawX:13.095000 and rawY:13.714000
DEBUG:root:Forward to the Right
DEBUG:root:Left=-13.714000 Right=0.619000
DEBUG:root:ScaledLeft: 344.143500 ScaledRight: 376.392750
INFO:root:Looping....
DEBUG:root:This is the line: drive:67.143:-5.357

DEBUG:root:We got command: drive
DEBUG:root:We got a drive command: rawX:-5.357000 and rawY:67.143000
DEBUG:root:Forward to the Left/Straight
DEBUG:root:Left=-72.500000 Right=67.143000
DEBUG:root:ScaledLeft: 211.875000 ScaledRight: 526.071750
INFO:root:Looping....
DEBUG:root:This is the line: drive:-11.429:22.321

DEBUG:root:We got command: drive
DEBUG:root:We got a drive command: rawX:22.321000 and rawY:-11.429000
DEBUG:root:Reverse to the Right
DEBUG:root:Left=11.429000 Right=-33.750000
DEBUG:root:ScaledLeft: 400.715250 ScaledRight: 299.062500
INFO:root:Looping....
DEBUG:root:This is the line: drive:13.714:13.095

DEBUG:root:We got command: drive
DEBUG:root:We got a drive command: rawX:13.095000 and rawY:13.714000
DEBUG:root:Forward to the Right
DEBUG:root:Left=-13.714000 Right=0.619000
DEBUG:root:ScaledLeft: 344.143500 ScaledRight: 376.392750
INFO:root:Looping....
DEBUG:root:This is the line: drive:67.143:-5.357

DEBUG:root:We got command: drive
DEBUG:root:We got a drive command: rawX:-5.357000 and rawY:67.143000
DEBUG:root:Forward to the Left/Straight
DEBUG:root:Left=-72.500000 Right=67.143000
DEBUG:root:ScaledLeft: 211.875000 ScaledRight: 526.071750
INFO:root:Looping....
DEBUG:root:This is the line: drive:-11.429:22.321

DEBUG:root:We got command: drive
DEBUG:root:We got a drive command: rawX:22.321000 and rawY:-11.429000
DEBUG:root:Reverse to the Right
DEBUG:root:Left=11.429000 Right=-33.750000
DEBUG:root:ScaledLeft: 400.715250 ScaledRight: 299.062500
INFO:root:Looping....
DEBUG:root:This is the line: drive:13.714:13.095

DEBUG:root:We got command: drive
DEBUG:root:We got a drive command: rawX:13.095000 and rawY:13.714000
DEBUG:root:Forward to the Right
DEBUG:root:Left=-13.714000 Right=0.619000
DEBUG:root:ScaledLeft: 344.143500 ScaledRight: 376.392750
INFO:root:Looping....
DEBUG:root:This is the line: drive:67.143:-5.357

DEBUG:root:We got command: drive
DEBUG:root:We got a drive command: rawX:-5.357000 and rawY:67.143000
DEBUG:root:Forward to the Left/Straight
DEBUG:root:Left=-72.500000 Right=67.143000
DEBUG:root:ScaledLeft: 211.875000 ScaledRight: 526.071750
INFO:root:Looping....
DEBUG:root:This is the line: drive:-11.429:22.321

DEBUG:root:We got command: drive
DEBUG:root:We got a drive command: rawX:22.321000 and rawY:-11.429000
DEBUG:root:Reverse to the Right
DEBUG:root:Left=11.429000 Right=-33.750000
DEBUG:root:ScaledLeft: 400.715250 ScaledRight: 299.062500
INFO:root:Looping....
DEBUG:root:This is the line: drive:13.714:13.095

DEBUG:root:We got command: drive
DEBUG:root:We got a drive command: rawX:13.095000 and rawY:13.714000
DEBUG:root:Forward to the Right
DEBUG:root:Left=-13.714000 Right=0.619000
DEBUG:root:ScaledLeft: 344.143500 ScaledRight: 376.392750
INFO:root:Looping....
DEBUG:root:This is the line: drive:67.143:-5.357

DEBUG:root:We got command: drive
DEBUG:root:We got a drive command: rawX:-5.357000 and rawY:67.143000
DEBUG:root:Forward to the Left/Straight
DEBUG:root:Left=-72.500000 Right=67.143000
DEBUG:root:ScaledLeft: 211.875000 ScaledRight: 526.071750
INFO:root:Looping....
DEBUG:root:This is the line: drive:-11.429:22.321

DEBUG:root:We got command: drive
DEBUG:root:We got a drive command: rawX:22.321000 and rawY:-11.429000
DEBUG:root:Reverse to the Right
DEBUG:root:Left=11.429000 Right=-33.750000
DEBUG:root:ScaledLeft: 400.715250 ScaledRight: 299.062500
INFO:root:Looping....
DEBUG:root:This is the line: drive:13.714:13.095

DEBUG:root:We got command: drive
DEBUG:root:We got a drive command: rawX:13.095000 and rawY:13.714000
DEBUG:root:Forward to the Right
DEBUG:root:Left=-13.714000 Right=0.619000
DEBUG:root:ScaledLeft: 344.143500 ScaledRight: 376.392750
INFO:root:Looping....
DEBUG:root:This is the line: drive:67.143:-5.357

DEBUG:root:We got command: drive
DEBUG:root:We got a drive command: rawX:-5.357000 and rawY:67.143000
DEBUG:root:Forward to the Left/Straight
DEBUG:root:Left=-72.500000 Right=67.143000
DEBUG:root:ScaledLeft: 211.875000 ScaledRight: 526.071750
INFO:root:Looping....
DEBUG:root:This is the line: drive:-11.429:22.321

DEBUG:root:We got command: drive
DEBUG:root:We got a drive command: rawX:22.321000 and rawY:-11.429000
DEBUG:root:Reverse to the Right
DEBUG:root:Left=11.429000 Right=-33.750000
DEBUG:root:ScaledLeft: 400.715250 ScaledRight: 299.062500
INFO:root:Looping....
DEBUG:root:This is the line: drive:67.143:-5.357

DEBUG:root:We got command: drive
DEBUG:root:We got a drive command: rawX:-5.357000 and rawY:67.143000
DEBUG:root:Forward to the Left/Straight
DEBUG:root:Left=-72.500000 Right=67.143000
DEBUG:root:ScaledLeft: 211.875000 ScaledRight: 526.071750
INFO:root:Looping....
DEBUG:root:This is the line: drive:13.714:13.095

DEBUG:root:We got command: drive
DEBUG:root:We got a drive command: rawX:13.095000 and rawY:13.714000
DEBUG:root:Forward to the Right
DEBUG:root:Left=-13.714000 Right=0.619000
DEBUG:root:ScaledLeft: 344.143500 ScaledRight: 376.392750
INFO:root:Looping....
DEBUG:root:This is the line: drive:-11.429:22.321

DEBUG:root:We got command: drive
DEBUG:root:We got a drive command: rawX:22.321000 and rawY:-11.429000
DEBUG:root:Reverse to the Right
DEBUG:root:Left=11.429000 Right=-33.750000
DEBUG:root:ScaledLeft: 400.715250 ScaledRight: 299.062500
INFO:root:Looping....
DEBUG:root:This is the line: drive:67.143:-5.357

DEBUG:root:We got command: drive
DEBUG:root:We got a drive command: rawX:-5.357000 and rawY:67.143000
DEBUG:root:Forward to the Left/Straight
DEBUG:root:Left=-72.500000 Right=67.143000
DEBUG:root:ScaledLeft: 211.875000 ScaledRight: 526.071750
INFO:root:Looping....
DEBUG:root:This is the line: drive:13.714:13.095

DEBUG:root:We got command: drive
DEBUG:root:We got a drive command: rawX:13.095000 and rawY:13.714000
DEBUG:root:Forward to the Right
DEBUG:root:Left=-13.714000 Right=0.619000
DEBUG:root:ScaledLeft: 344.143500 ScaledRight: 376.392750
INFO:root:Looping....
DEBUG:root:This is the line: drive:-11.429:22.321

DEBUG:root:We got command: drive
DEBUG:root:We got a drive command: rawX:22.321000 and rawY:-11.429000
DEBUG:root:Reverse to the Right
DEBUG:root:Left=11.429000 Right=-33.750000
DEBUG:root:ScaledLeft: 400.715250 ScaledRight: 299.062500
INFO:root:Looping....
DEBUG:root:This is the line: drive:13.714:13.095

DEBUG:root:We got command: drive
DEBUG:root:We got a drive command: rawX:13.095000 and rawY:13.714000
DEBUG:root:Forward to the Right
DEBUG:root:Left=-13.714000 Right=0.619000
DEBUG:root:ScaledLeft: 344.143500 ScaledRight: 376.392750
INFO:root:Looping....
DEBUG:root:This is the line: drive:67.143:-5.357

DEBUG:root:We got command: drive
DEBUG:root:We got a drive command: rawX:-5.357000 and rawY:67.143000
DEBUG:root:Forward to the Left/Straight
DEBUG:root:Left=-72.500000 Right=67.143000
DEBUG:root:ScaledLeft: 211.875000 ScaledRight: 526.071750
INFO:root:Looping....
DEBUG:root:This is the line: drive:-11.429:22.321

DEBUG:root:We got command: drive
DEBUG:root:We got a drive command: rawX:22.321000 and rawY:-11.429000
DEBUG:root:Reverse to the Right
DEBUG:root:Left=11.429000 Right=-33.750000
DEBUG:root:ScaledLeft: 400.715250 ScaledRight: 299.062500
INFO:root:Looping....
DEBUG:root:This is the line: drive:13.714:13.095

DEBUG:root:We got command: drive
DEBUG:root:We got a drive command: rawX:13.095000 and rawY:13.714000
DEBUG:root:Forward to the Right
DEBUG:root:Left=-13.714000 Right=0.619000
DEBUG:root:ScaledLeft: 344.143500 ScaledRight: 376.392750
INFO:root:Looping....
DEBUG:root:This is the line: drive:67.143:-5.357

DEBUG:root:We got command: drive
DEBUG:root:We got a drive command: rawX:-5.357000 and rawY:67.143000
DEBUG:root:Forward to the Left/Straight
DEBUG:root:Left=-72.500000 Right=67.143000
DEBUG:root:ScaledLeft: 211.875000 ScaledRight: 526.071750
INFO:root:Looping....
DEBUG:root:This is the line: drive:-11.429:22.321

DEBUG:root:We got command: drive
DEBUG:root:We got a drive command: rawX:22.321000 and rawY:-11.429000
DEBUG:root:Reverse to the Right
DEBUG:root:Left=11.429000 Right=-33.750000
DEBUG:root:ScaledLeft: 400.715250 ScaledRight: 299.062500
INFO:root:Looping....
DEBUG:root:This is the line: drive:13.714:13.095

DEBUG:root:We got command: drive
DEBUG:root:We got a drive command: rawX:13.095000 and rawY:13.714000
DEBUG:root:Forward to the Right
DEBUG:root:Left=-13.714000 Right=0.619000
DEBUG:root:ScaledLeft: 344.143500 ScaledRight: 376.392750
INFO:root:Looping....
DEBUG:root:This is the line: drive:67.143:-5.357

DEBUG:root:We got command: drive
DEBUG:root:We got a drive command: rawX:-5.357000 and rawY:67.143000
DEBUG:root:Forward to the Left/Straight
DEBUG:root:Left=-72.500000 Right=67.143000
DEBUG:root:ScaledLeft: 211.875000 ScaledRight: 526.071750
INFO:root:Looping....
DEBUG:root:This is the line: drive:-11.429:22.321

DEBUG:root:We got command: drive
DEBUG:root:We got a drive command: rawX:22.321000 and rawY:-11.429000
DEBUG:root:Reverse to the Right
DEBUG:root:Left=11.429000 Right=-33.750000
DEBUG:root:ScaledLeft: 400.715250 ScaledRight: 299.062500
INFO:root:Looping....
DEBUG:root:This is the line: drive:13.714:13.095

DEBUG:root:We got command: drive
DEBUG:root:We got a drive command: rawX:13.095000 and rawY:13.714000
DEBUG:root:Forward to the Right
DEBUG:root:Left=-13.714000 Right=0.619000
DEBUG:root:ScaledLeft: 344.143500 ScaledRight: 376.392750
INFO:root:Looping....
DEBUG:root:This is the line: drive:67.143:-5.357

DEBUG:root:We got command: drive
DEBUG:root:We got a drive command: rawX:-5.357000 and rawY:67.143000
DEBUG:root:Forward to the Left/Straight
DEBUG:root:Left=-72.500000 Right=67.143000
DEBUG:root:ScaledLeft: 211.875000 ScaledRight: 526.071750
INFO:root:Looping....
DEBUG:root:This is the line: drive:-11.429:22.321

DEBUG:root:We got command: drive
DEBUG:root:We got a drive command: rawX:22.321000 and rawY:-11.429000
DEBUG:root:Reverse to the Right
DEBUG:root:Left=11.429000 Right=-33.750000
DEBUG:root:ScaledLeft: 400.715250 ScaledRight: 299.062500
INFO:root:Looping....
DEBUG:root:This is the line: drive:13.714:13.095

DEBUG:root:We got command: drive
DEBUG:root:We got a drive command: rawX:13.095000 and rawY:13.714000
DEBUG:root:Forward to the Right
DEBUG:root:Left=-13.714000 Right=0.619000
DEBUG:root:ScaledLeft: 344.143500 ScaledRight: 376.392750
INFO:root:Looping....
DEBUG:root:This is the line: drive:67.143:-5.357

DEBUG:root:We got command: drive
DEBUG:root:We got a drive command: rawX:-5.357000 and rawY:67.143000
DEBUG:root:Forward to the Left/Straight
DEBUG:root:Left=-72.500000 Right=67.143000
DEBUG:root:ScaledLeft: 211.875000 ScaledRight: 526.071750
INFO:root:Looping....
DEBUG:root:This is the line: drive:-11.429:22.321

DEBUG:root:We got command: drive
DEBUG:root:We got a drive command: rawX:22.321000 and rawY:-11.429000
DEBUG:root:Reverse to the Right
DEBUG:root:Left=11.429000 Right=-33.750000
DEBUG:root:ScaledLeft: 400.715250 ScaledRight: 299.062500
INFO:root:Looping....
DEBUG:root:This is the line: drive:13.714:13.095

DEBUG:root:We got command: drive
DEBUG:root:We got a drive command: rawX:13.095000 and rawY:13.714000
DEBUG:root:Forward to the Right
DEBUG:root:Left=-13.714000 Right=0.619000
DEBUG:root:ScaledLeft: 344.143500 ScaledRight: 376.392750
INFO:root:Looping....
DEBUG:root:This is the line: drive:67.143:-5.357

DEBUG:root:We got command: drive
DEBUG:root:We got a drive command: rawX:-5.357000 and rawY:67.143000
DEBUG:root:Forward to the Left/Straight
DEBUG:root:Left=-72.500000 Right=67.143000
DEBUG:root:ScaledLeft: 211.875000 ScaledRight: 526.071750
INFO:root:Looping....
DEBUG:root:This is the line: drive:-11.429:22.321

DEBUG:root:We got command: drive
DEBUG:root:We got a drive command: rawX:22.321000 and rawY:-11.429000
DEBUG:root:Reverse to the Right
DEBUG:root:Left=11.429000 Right=-33.750000
DEBUG:root:ScaledLeft: 400.715250 ScaledRight: 299.062500
INFO:root:Looping....
DEBUG:root:This is the line: drive:13.714:13.095

DEBUG:root:We got command: drive
DEBUG:root:We got a drive command: rawX:13.095000 and rawY:13.714000
DEBUG:root:Forward to the Right
DEBUG:root:Left=-13.714000 Right=0.619000
DEBUG:root:ScaledLeft: 344.143500 ScaledRight: 376.392750
INFO:root:Looping....
DEBUG:root:This is the line: drive:67.143:-5.357

DEBUG:root:We got command: drive
DEBUG:root:We got a drive command: rawX:-5.357000 and rawY:67.143000
DEBUG:root:Forward to the Left/Straight
DEBUG:root:Left=-72.500000 Right=67.143000
DEBUG:root:ScaledLeft: 211.875000 ScaledRight: 526.071750
INFO:root:Looping....
DEBUG:root:This is the line: drive:-11.429:22.321

DEBUG:root:We got command: drive
DEBUG:root:We got a drive command: rawX:22.321000 and rawY:-11.429000
DEBUG:root:Reverse to the Right
DEBUG:root:Left=11.429000 Right=-33.750000
DEBUG:root:ScaledLeft: 400.715250 ScaledRight: 299.062500
INFO:root:Looping....
DEBUG:root:This is the line: drive:13.714:13.095

DEBUG:root:We got command: drive
DEBUG:root:We got a drive command: rawX:13.095000 and rawY:13.714000
DEBUG:root:Forward to the Right
DEBUG:root:Left=-13.714000 Right=0.619000
DEBUG:root:ScaledLeft: 344.143500 ScaledRight: 376.392750
INFO:root:Looping....
DEBUG:root:This is the line: drive:67.143:-5.357

DEBUG:root:We got command: drive
DEBUG:root:We got a drive command: rawX:-5.357000 and rawY:67.143000
DEBUG:root:Forward to the Left/Straight
DEBUG:root:Left=-72.500000 Right=67.143000
DEBUG:root:ScaledLeft: 211.875000 ScaledRight: 526.071750
INFO:root:Looping....
DEBUG:root:This is the line: drive:-11.429:22.321

DEBUG:root:We got command: drive
DEBUG:root:We got a drive command: rawX:22.321000 and rawY:-11.429000
DEBUG:root:Reverse to the Right
DEBUG:root:Left=11.429000 Right=-33.750000
DEBUG:root:ScaledLeft: 400.715250 ScaledRight: 299.062500
INFO:root:Looping....
DEBUG:root:This is the line: drive:13.714:13.095

DEBUG:root:We got command: drive
DEBUG:root:We got a drive command: rawX:13.095000 and rawY:13.714000
DEBUG:root:Forward to the Right
DEBUG:root:Left=-13.714000 Right=0.619000
DEBUG:root:ScaledLeft: 344.143500 ScaledRight: 376.392750
INFO:root:Looping....
DEBUG:root:This is the line: drive:67.143:-5.357

DEBUG:root:We got command: drive
DEBUG:root:We got a drive command: rawX:-5.357000 and rawY:67.143000
DEBUG:root:Forward to the Left/Straight
DEBUG:root:Left=-72.500000 Right=67.143000
DEBUG:root:ScaledLeft: 211.875000 ScaledRight: 526.071750
INFO:root:Looping....
DEBUG:root:This is the line: drive:-11.429:22.321

DEBUG:root:We got command: drive
DEBUG:root:We got a drive command: rawX:22.321000 and rawY:-11.429000
DEBUG:root:Reverse to the Right
DEBUG:root:Left=11.429000 Right=-33.750000
DEBUG:root:ScaledLeft: 400.715250 ScaledRight: 299.062500
INFO:root:Looping....
DEBUG:root:This is the line: drive:13.714:13.095

DEBUG:root:We got command: drive
DEBUG:root:We got a drive command: rawX:13.095000 and rawY:13.714000
DEBUG:root:Forward to the Right
DEBUG:root:Left=-13.714000 Right=0.619000
DEBUG:root:ScaledLeft: 344.143500 ScaledRight: 376.392750
INFO:root:Looping....
DEBUG:root:This is the line: drive:67.143:-5.357

DEBUG:root:We got command: drive
DEBUG:root:We got a drive command: rawX:-5.357000 and rawY:67.143000
DEBUG:root:Forward to the Left/Straight
DEBUG:root:Left=-72.500000 Right=67.143000
DEBUG:root:ScaledLeft: 211.875000 ScaledRight: 526.071750
INFO:root:Looping....
DEBUG:root:This is the line: drive:-11.429:22.321

DEBUG:root:We got command: drive
DEBUG:root:We got a drive command: rawX:22.321000 and rawY:-11.429000
DEBUG:root:Reverse to the Right
DEBUG:root:Left=11.429000 Right=-33.750000
DEBUG:root:ScaledLeft: 400.715250 ScaledRight: 299.062500
INFO:root:Looping....
DEBUG:root:This is the line: drive:13.714:13.095

DEBUG:root:We got command: drive
DEBUG:root:We got a drive command: rawX:13.095000 and rawY:13.714000
DEBUG:root:Forward to the Right
DEBUG:root:Left=-13.714000 Right=0.619000
DEBUG:root:ScaledLeft: 344.143500 ScaledRight: 376.392750
INFO:root:Looping....
DEBUG:root:This is the line: drive:67.143:-5.357

DEBUG:root:We got command: drive
DEBUG:root:We got a drive command: rawX:-5.357000 and rawY:67.143000
DEBUG:root:Forward to the Left/Straight
DEBUG:root:Left=-72.500000 Right=67.143000
DEBUG:root:ScaledLeft: 211.875000 ScaledRight: 526.071750
INFO:root:Looping....
DEBUG:root:This is the line: drive:-11.429:22.321

DEBUG:root:We got command: drive
DEBUG:root:We got a drive command: rawX:22.321000 and rawY:-11.429000
DEBUG:root:Reverse to the Right
DEBUG:root:Left=11.429000 Right=-33.750000
DEBUG:root:ScaledLeft: 400.715250 ScaledRight: 299.062500
INFO:root:Looping....
DEBUG:root:This is the line: drive:13.714:13.095

DEBUG:root:We got command: drive
DEBUG:root:We got a drive command: rawX:13.095000 and rawY:13.714000
DEBUG:root:Forward to the Right
DEBUG:root:Left=-13.714000 Right=0.619000
DEBUG:root:ScaledLeft: 344.143500 ScaledRight: 376.392750
INFO:root:Looping....
DEBUG:root:This is the line: drive:67.143:-5.357

DEBUG:root:We got command: drive
DEBUG:root:We got a drive command: rawX:-5.357000 and rawY:67.143000
DEBUG:root:Forward to the Left/Straight
DEBUG:root:Left=-72.500000 Right=67.143000
DEBUG:root:ScaledLeft: 211.875000 ScaledRight: 526.071750
INFO:root:Looping....
DEBUG:root:This is the line: drive:-11.429:22.321

DEBUG:root:We got command: drive
DEBUG:root:We got a drive command: rawX:22.321000 and rawY:-11.429000
DEBUG:root:Reverse to the Right
DEBUG:root:Left=11.429000 Right=-33.750000
DEBUG:root:ScaledLeft: 400.715250 ScaledRight: 299.062500
INFO:root:Looping....
DEBUG:root:This is the line: drive:13.714:13.095

DEBUG:root:We got command: drive
DEBUG:root:We got a drive command: rawX:13.095000 and rawY:13.714000
DEBUG:root:Forward to the Right
DEBUG:root:Left=-13.714000 Right=0.619000
DEBUG:root:ScaledLeft: 344.143500 ScaledRight: 376.392750
INFO:root:Looping....
DEBUG:root:This is the line: drive:67.143:-5.357

DEBUG:root:We got command: drive
DEBUG:root:We got a drive command: rawX:-5.357000 and rawY:67.143000
DEBUG:root:Forward to the Left/Straight
DEBUG:root:Left=-72.500000 Right=67.143000
DEBUG:root:ScaledLeft: 211.875000 ScaledRight: 526.071750
INFO:root:Looping....
DEBUG:root:This is the line: drive:-11.429:22.321

DEBUG:root:We got command: drive
DEBUG:root:We got a drive command: rawX:22.321000 and rawY:-11.429000
DEBUG:root:Reverse to the Right
DEBUG:root:Left=11.429000 Right=-33.750000
DEBUG:root:ScaledLeft: 400.715250 ScaledRight: 299.062500
INFO:root:Looping....
DEBUG:root:This is the line: drive:13.714:13.095

DEBUG:root:We got command: drive
DEBUG:root:We got a drive command: rawX:13.095000 and rawY:13.714000
DEBUG:root:Forward to the Right
DEBUG:root:Left=-13.714000 Right=0.619000
DEBUG:root:ScaledLeft: 344.143500 ScaledRight: 376.392750
INFO:root:Looping....
DEBUG:root:This is the line: drive:67.143:-5.357

DEBUG:root:We got command: drive
DEBUG:root:We got a drive command: rawX:-5.357000 and rawY:67.143000
DEBUG:root:Forward to the Left/Straight
DEBUG:root:Left=-72.500000 Right=67.143000
DEBUG:root:ScaledLeft: 211.875000 ScaledRight: 526.071750
INFO:root:Looping....
DEBUG:root:This is the line: drive:-11.429:22.321

DEBUG:root:We got command: drive
DEBUG:root:We got a drive command: rawX:22.321000 and rawY:-11.429000
DEBUG:root:Reverse to the Right
DEBUG:root:Left=11.429000 Right=-33.750000
DEBUG:root:ScaledLeft: 400.715250 ScaledRight: 299.062500
INFO:root:Looping....
DEBUG:root:This is the line: drive:67.143:-5.357

DEBUG:root:We got command: drive
DEBUG:root:We got a drive command: rawX:-5.357000 and rawY:67.143000
DEBUG:root:Forward to the Left/Straight
DEBUG:root:Left=-72.500000 Right=67.143000
DEBUG:root:ScaledLeft: 211.875000 ScaledRight: 526.071750
INFO:root:Looping....
DEBUG:root:This is the line: drive:13.714:13.095

DEBUG:root:We got command: drive
DEBUG:root:We got a drive command: rawX:13.095000 and rawY:13.714000
DEBUG:root:Forward to the Right
DEBUG:root:Left=-13.714000 Right=0.619000
DEBUG:root:ScaledLeft: 344.143500 ScaledRight: 376.392750
INFO:root:Looping....
DEBUG:root:This is the line: drive:-11.429:22.321

DEBUG:root:We got command: drive
DEBUG:root:We got a drive command: rawX:22.321000 and rawY:-11.429000
DEBUG:root:Reverse to the Right
DEBUG:root:Left=11.429000 Right=-33.750000
DEBUG:root:ScaledLeft: 400.715250 ScaledRight: 299.062500
INFO:root:Looping....
DEBUG:root:This is the line: drive:67.143:-5.357

DEBUG:root:We got command: drive
DEBUG:root:We got a drive command: rawX:-5.357000 and rawY:67.143000
DEBUG:root:Forward to the Left/Straight
DEBUG:root:Left=-72.500000 Right=67.143000
DEBUG:root:ScaledLeft: 211.875000 ScaledRight: 526.071750
INFO:root:Looping....
DEBUG:root:This is the line: drive:13.714:13.095

DEBUG:root:We got command: drive
DEBUG:root:We got a drive command: rawX:13.095000 and rawY:13.714000
DEBUG:root:Forward to the Right
DEBUG:root:Left=-13.714000 Right=0.619000
DEBUG:root:ScaledLeft: 344.143500 ScaledRight: 376.392750
INFO:root:Looping....
DEBUG:root:This is the line: drive:-11.429:22.321

DEBUG:root:We got command: drive
DEBUG:root:We got a drive command: rawX:22.321000 and rawY:-11.429000
DEBUG:root:Reverse to the Right
DEBUG:root:Left=11.429000 Right=-33.750000
DEBUG:root:ScaledLeft: 400.715250 ScaledRight: 299.062500
INFO:root:Looping....
DEBUG:root:This is the line: drive:67.143:-5.357

DEBUG:root:We got command: drive
DEBUG:root:We got a drive command: rawX:-5.357000 and rawY:67.143000
DEBUG:root:Forward to the Left/Straight
DEBUG:root:Left=-72.500000 Right=67.143000
DEBUG:root:ScaledLeft: 211.875000 ScaledRight: 526.071750
INFO:root:Looping....
DEBUG:root:This is the line: drive:-11.429:22.321

DEBUG:root:We got command: drive
DEBUG:root:We got a drive command: rawX:22.321000 and rawY:-11.429000
DEBUG:root:Reverse to the Right
DEBUG:root:Left=11.429000 Right=-33.750000
DEBUG:root:ScaledLeft: 400.715250 ScaledRight: 299.062500
INFO:root:Looping....
DEBUG:root:This is the line: drive:13.714:13.095

DEBUG:root:We got command: drive
DEBUG:root:We got a drive command: rawX:13.095000 and rawY:13.714000
DEBUG:root:Forward to the Right
DEBUG:root:Left=-13.714000 Right=0.619000
DEBUG:root:ScaledLeft: 344.143500 ScaledRight: 376.392750
INFO:root:Looping....
DEBUG:root:This is the line: drive:67.143:-5.357

DEBUG:root:We got command: drive
DEBUG:root:We got a drive command: rawX:-5.357000 and rawY:67.143000
DEBUG:root:Forward to the Left/Straight
DEBUG:root:Left=-72.500000 Right=67.143000
DEBUG:root:ScaledLeft: 211.875000 ScaledRight: 526.071750
INFO:root:Looping....
DEBUG:root:This is the line: drive:67.143:-5.357

DEBUG:root:We got command: drive
DEBUG:root:We got a drive command: rawX:-5.357000 and rawY:67.143000
DEBUG:root:Forward to the Left/Straight
DEBUG:root:Left=-72.500000 Right=67.143000
DEBUG:root:ScaledLeft: 211.875000 ScaledRight: 526.071750
INFO:root:Looping....
DEBUG:root:This is the line: drive:-11.429:22.321

DEBUG:root:We got command: drive
DEBUG:root:We got a drive command: rawX:22.321000 and rawY:-11.429000
DEBUG:root:Reverse to the Right
DEBUG:root:Left=11.429000 Right=-33.750000
DEBUG:root:ScaledLeft: 400.715250 ScaledRight: 299.062500
INFO:root:Looping....
DEBUG:root:This is the line: drive:13.714:13.095

DEBUG:root:We got command: drive
DEBUG:root:We got a drive command: rawX:13.095000 and rawY:13.714000
DEBUG:root:Forward to the Right
DEBUG:root:Left=-13.714000 Right=0.619000
DEBUG:root:ScaledLeft: 344.143500 ScaledRight: 376.392750
INFO:root:Looping....
DEBUG:root:This is the line: drive:67.143:-5.357

DEBUG:root:We got command: drive
DEBUG:root:We got a drive command: rawX:-5.357000 and rawY:67.143000
DEBUG:root:Forward to the Left/Straight
DEBUG:root:Left=-72.500000 Right=67.143000
DEBUG:root:ScaledLeft: 211.875000 ScaledRight: 526.071750
INFO:root:Looping....
DEBUG:root:This is the line: drive:-11.429:22.321

DEBUG:root:We got command: drive
DEBUG:root:We got a drive command: rawX:22.321000 and rawY:-11.429000
DEBUG:root:Reverse to the Right
DEBUG:root:Left=11.429000 Right=-33.750000
DEBUG:root:ScaledLeft: 400.715250 ScaledRight: 299.062500
INFO:root:Looping....
DEBUG:root:This is the line: drive:13.714:13.095

DEBUG:root:We got command: drive
DEBUG:root:We got a drive command: rawX:13.095000 and rawY:13.714000
DEBUG:root:Forward to the Right
DEBUG:root:Left=-13.714000 Right=0.619000
DEBUG:root:ScaledLeft: 344.143500 ScaledRight: 376.392750
INFO:root:Looping....
DEBUG:root:This is the line: drive:67.143:-5.357

DEBUG:root:We got command: drive
DEBUG:root:We got a drive command: rawX:-5.357000 and rawY:67.143000
DEBUG:root:Forward to the Left/Straight
DEBUG:root:Left=-72.500000 Right=67.143000
DEBUG:root:ScaledLeft: 211.875000 ScaledRight: 526.071750
INFO:root:Looping....
DEBUG:root:This is the line: drive:13.714:13.095

DEBUG:root:We got command: drive
DEBUG:root:We got a drive command: rawX:13.095000 and rawY:13.714000
DEBUG:root:Forward to the Right
DEBUG:root:Left=-13.714000 Right=0.619000
DEBUG:root:ScaledLeft: 344.143500 ScaledRight: 376.392750
INFO:root:Looping....
DEBUG:root:This is the line: drive:-11.429:22.321

DEBUG:root:We got command: drive
DEBUG:root:We got a drive command: rawX:22.321000 and rawY:-11.429000
DEBUG:root:Reverse to the Right
DEBUG:root:Left=11.429000 Right=-33.750000
DEBUG:root:ScaledLeft: 400.715250 ScaledRight: 299.062500
INFO:root:Looping....
DEBUG:root:This is the line: drive:67.143:-5.357

DEBUG:root:We got command: drive
DEBUG:root:We got a drive command: rawX:-5.357000 and rawY:67.143000
DEBUG:root:Forward to the Left/Straight
DEBUG:root:Left=-72.500000 Right=67.143000
DEBUG:root:ScaledLeft: 211.875000 ScaledRight: 526.071750
INFO:root:Looping....
DEBUG:root:This is the line: drive:13.714:13.095

DEBUG:root:We got command: drive
DEBUG:root:We got a drive command: rawX:13.095000 and rawY:13.714000
DEBUG:root:Forward to the Right
DEBUG:root:Left=-13.714000 Right=0.619000
DEBUG:root:ScaledLeft: 344.143500 ScaledRight: 376.392750
INFO:root:Looping....
DEBUG:root:This is the line: drive:-11.429:22.321

DEBUG:root:We got command: drive
DEBUG:root:We got a drive command: rawX:22.321000 and rawY:-11.429000
DEBUG:root:Reverse to the Right
DEBUG:root:Left=11.429000 Right=-33.750000
DEBUG:root:ScaledLeft: 400.715250 ScaledRight: 299.062500
INFO:root:Looping....
DEBUG:root:This is the line: drive:13.714:13.095

DEBUG:root:We got command: drive
DEBUG:root:We got a drive command: rawX:13.095000 and rawY:13.714000
DEBUG:root:Forward to the Right
DEBUG:root:Left=-13.714000 Right=0.619000
DEBUG:root:ScaledLeft: 344.143500 ScaledRight: 376.392750
INFO:root:Looping....
DEBUG:root:This is the line: drive:67.143:-5.357

DEBUG:root:We got command: drive
DEBUG:root:We got a drive command: rawX:-5.357000 and rawY:67.143000
DEBUG:root:Forward to the Left/Straight
DEBUG:root:Left=-72.500000 Right=67.143000
DEBUG:root:ScaledLeft: 211.875000 ScaledRight: 526.071750
INFO:root:Looping....
DEBUG:root:This is the line: drive:-11.429:22.321

DEBUG:root:We got command: drive
DEBUG:root:We got a drive command: rawX:22.321000 and rawY:-11.429000
DEBUG:root:Reverse to the Right
DEBUG:root:Left=11.429000 Right=-33.750000
DEBUG:root:ScaledLeft: 400.715250 ScaledRight: 299.062500
INFO:root:Looping....
DEBUG:root:This is the line: drive:13.714:13.095

DEBUG:root:We got command: drive
DEBUG:root:We got a drive command: rawX:13.095000 and rawY:13.714000
DEBUG:root:Forward to the Right
DEBUG:root:Left=-13.714000 Right=0.619000
DEBUG:root:ScaledLeft: 344.143500 ScaledRight: 376.392750
INFO:root:Looping....
DEBUG:root:This is the line: drive:67.143:-5.357

DEBUG:root:We got command: drive
DEBUG:root:We got a drive command: rawX:-5.357000 and rawY:67.143000
DEBUG:root:Forward to the Left/Straight
DEBUG:root:Left=-72.500000 Right=67.143000
DEBUG:root:ScaledLeft: 211.875000 ScaledRight: 526.071750
INFO:root:Looping....
DEBUG:root:This is the line: drive:-11.429:22.321

DEBUG:root:We got command: drive
DEBUG:root:We got a drive command: rawX:22.321000 and rawY:-11.429000
DEBUG:root:Reverse to the Right
DEBUG:root:Left=11.429000 Right=-33.750000
DEBUG:root:ScaledLeft: 400.715250 ScaledRight: 299.062500
INFO:root:Looping....
DEBUG:root:This is the line: drive:67.143:-5.357

DEBUG:root:We got command: drive
DEBUG:root:We got a drive command: rawX:-5.357000 and rawY:67.143000
DEBUG:root:Forward to the Left/Straight
DEBUG:root:Left=-72.500000 Right=67.143000
DEBUG:root:ScaledLeft: 211.875000 ScaledRight: 526.071750
INFO:root:Looping....
DEBUG:root:This is the line: drive:13.714:13.095

DEBUG:root:We got command: drive
DEBUG:root:We got a drive command: rawX:13.095000 and rawY:13.714000
DEBUG:root:Forward to the Right
DEBUG:root:Left=-13.714000 Right=0.619000
DEBUG:root:ScaledLeft: 344.143500 ScaledRight: 376.392750
INFO:root:Looping....
DEBUG:root:This is the line: drive:-11.429:22.321

DEBUG:root:We got command: drive
DEBUG:root:We got a drive command: rawX:22.321000 and rawY:-11.429000
DEBUG:root:Reverse to the Right
DEBUG:root:Left=11.429000 Right=-33.750000
DEBUG:root:ScaledLeft: 400.715250 ScaledRight: 299.062500
INFO:root:Looping....
DEBUG:root:This is the line: drive:67.143:-5.357

DEBUG:root:We got command: drive
DEBUG:root:We got a drive command: rawX:-5.357000 and rawY:67.143000
DEBUG:root:Forward to the Left/Straight
DEBUG:root:Left=-72.500000 Right=67.143000
DEBUG:root:ScaledLeft: 211.875000 ScaledRight: 526.071750
INFO:root:Looping....
DEBUG:root:This is the line: drive:13.714:13.095

DEBUG:root:We got command: drive
DEBUG:root:We got a drive command: rawX:13.095000 and rawY:13.714000
DEBUG:root:Forward to the Right
DEBUG:root:Left=-13.714000 Right=0.619000
DEBUG:root:ScaledLeft: 344.143500 ScaledRight: 376.392750
INFO:root:Looping....
DEBUG:root:This is the line: drive:-11.429:22.321

DEBUG:root:We got command: drive
DEBUG:root:We got a drive command: rawX:22.321000 and rawY:-11.429000
DEBUG:root:Reverse to the Right
DEBUG:root:Left=11.429000 Right=-33.750000
DEBUG:root:ScaledLeft: 400.715250 ScaledRight: 299.062500
INFO:root:Looping....
DEBUG:root:This is the line: drive:67.143:-5.357

DEBUG:root:We got command: drive
DEBUG:root:We got a drive command: rawX:-5.357000 and rawY:67.143000
DEBUG:root:Forward to the Left/Straight
DEBUG:root:Left=-72.500000 Right=67.143000
DEBUG:root:ScaledLeft: 211.875000 ScaledRight: 526.071750
INFO:root:Looping....
DEBUG:root:This is the line: drive:13.714:13.095

DEBUG:root:We got command: drive
DEBUG:root:We got a drive command: rawX:13.095000 and rawY:13.714000
DEBUG:root:Forward to the Right
DEBUG:root:Left=-13.714000 Right=0.619000
DEBUG:root:ScaledLeft: 344.143500 ScaledRight: 376.392750
INFO:root:Looping....
DEBUG:root:This is the line: drive:-11.429:22.321

DEBUG:root:We got command: drive
DEBUG:root:We got a drive command: rawX:22.321000 and rawY:-11.429000
DEBUG:root:Reverse to the Right
DEBUG:root:Left=11.429000 Right=-33.750000
DEBUG:root:ScaledLeft: 400.715250 ScaledRight: 299.062500
INFO:root:Looping....
DEBUG:root:This is the line: drive:67.143:-5.357

DEBUG:root:We got command: drive
DEBUG:root:We got a drive command: rawX:-5.357000 and rawY:67.143000
DEBUG:root:Forward to the Left/Straight
DEBUG:root:Left=-72.500000 Right=67.143000
DEBUG:root:ScaledLeft: 211.875000 ScaledRight: 526.071750
INFO:root:Looping....
DEBUG:root:This is the line: EMERGENCYSTOP:STOP

DEBUG:root:We got command: EMERGENCYSTOP
INFO:root:We got the EMERGENCY STOP command.
INFO:root:Looping....
DEBUG:root:This is the line: EMERGENCYSTOP:STOP

DEBUG:root:We got command: EMERGENCYSTOP
INFO:root:We got the EMERGENCY STOP command.
INFO:root:Looping....
DEBUG:root:This is the line: drive:0:0

DEBUG:root:We got command: drive
DEBUG:root:We got a drive command: rawX:0.000000 and rawY:0.000000
DEBUG:root:Forward to the Left/Straight
DEBUG:root:Left=-0.000000 Right=0.000000
DEBUG:root:ScaledLeft: 375.000000 ScaledRight: 375.000000
INFO:root:Looping....
DEBUG:root:This is the line: drive:-18.0:1.786

DEBUG:root:We got command: drive
DEBUG:root:We got a drive command: rawX:1.786000 and rawY:-18.000000
DEBUG:root:Reverse to the Right
DEBUG:root:Left=18.000000 Right=-19.786000
DEBUG:root:ScaledLeft: 415.500000 ScaledRight: 330.481500
INFO:root:Looping....
DEBUG:root:This is the line: drive:-10.274:-3.723

DEBUG:root:We got command: drive
DEBUG:root:We got a drive command: rawX:-3.723000 and rawY:-10.274000
DEBUG:root:Reverse to the Left/Straight
DEBUG:root:Left=6.551000 Right=-10.274000
DEBUG:root:ScaledLeft: 389.739750 ScaledRight: 351.883500
INFO:root:Looping....
DEBUG:root:This is the line: drive:4.651:-6.25

DEBUG:root:We got command: drive
DEBUG:root:We got a drive command: rawX:-6.250000 and rawY:4.651000
DEBUG:root:Forward to the Left/Straight
DEBUG:root:Left=-10.901000 Right=4.651000
DEBUG:root:ScaledLeft: 350.472750 ScaledRight: 385.464750
INFO:root:Looping....
DEBUG:root:This is the line: drive:13.437:-6.25

DEBUG:root:We got command: drive
DEBUG:root:We got a drive command: rawX:-6.250000 and rawY:13.437000
DEBUG:root:Forward to the Left/Straight
DEBUG:root:Left=-19.687000 Right=13.437000
DEBUG:root:ScaledLeft: 330.704250 ScaledRight: 405.233250
INFO:root:Looping....
DEBUG:root:This is the line: drive:27.173:-4.608

DEBUG:root:We got command: drive
DEBUG:root:We got a drive command: rawX:-4.608000 and rawY:27.173000
DEBUG:root:Forward to the Left/Straight
DEBUG:root:Left=-31.781000 Right=27.173000
DEBUG:root:ScaledLeft: 303.492750 ScaledRight: 436.139250
INFO:root:Looping....
DEBUG:root:This is the line: drive:40.143:-1.935

DEBUG:root:We got command: drive
DEBUG:root:We got a drive command: rawX:-1.935000 and rawY:40.143000
DEBUG:root:Forward to the Left/Straight
DEBUG:root:Left=-42.078000 Right=40.143000
DEBUG:root:ScaledLeft: 280.324500 ScaledRight: 465.321750
INFO:root:Looping....
DEBUG:root:This is the line: drive:46.168:-0.893

DEBUG:root:We got command: drive
DEBUG:root:We got a drive command: rawX:-0.893000 and rawY:46.168000
DEBUG:root:Forward to the Left/Straight
DEBUG:root:Left=-47.061000 Right=46.168000
DEBUG:root:ScaledLeft: 269.112750 ScaledRight: 478.878000
INFO:root:Looping....
DEBUG:root:This is the line: drive:51.064:-0.893

DEBUG:root:We got command: drive
DEBUG:root:We got a drive command: rawX:-0.893000 and rawY:51.064000
DEBUG:root:Forward to the Left/Straight
DEBUG:root:Left=-51.957000 Right=51.064000
DEBUG:root:ScaledLeft: 258.096750 ScaledRight: 489.894000
INFO:root:Looping....
DEBUG:root:This is the line: drive:53.6:-0.893

DEBUG:root:We got command: drive
DEBUG:root:We got a drive command: rawX:-0.893000 and rawY:53.600000
DEBUG:root:Forward to the Left/Straight
DEBUG:root:Left=-54.493000 Right=53.600000
DEBUG:root:ScaledLeft: 252.390750 ScaledRight: 495.600000
INFO:root:Looping....
DEBUG:root:This is the line: drive:54.913:-0.893

DEBUG:root:We got command: drive
DEBUG:root:We got a drive command: rawX:-0.893000 and rawY:54.913000
DEBUG:root:Forward to the Left/Straight
DEBUG:root:Left=-55.806000 Right=54.913000
DEBUG:root:ScaledLeft: 249.436500 ScaledRight: 498.554250
INFO:root:Looping....
DEBUG:root:This is the line: drive:50.886:-2.001

DEBUG:root:We got command: drive
DEBUG:root:We got a drive command: rawX:-2.001000 and rawY:50.886000
DEBUG:root:Forward to the Left/Straight
DEBUG:root:Left=-52.887000 Right=50.886000
DEBUG:root:ScaledLeft: 256.004250 ScaledRight: 489.493500
INFO:root:Looping....
DEBUG:root:This is the line: drive:31.939:-6.856

DEBUG:root:We got command: drive
DEBUG:root:We got a drive command: rawX:-6.856000 and rawY:31.939000
DEBUG:root:Forward to the Left/Straight
DEBUG:root:Left=-38.795000 Right=31.939000
DEBUG:root:ScaledLeft: 287.711250 ScaledRight: 446.862750
INFO:root:Looping....
DEBUG:root:This is the line: drive:22.335:-8.333

DEBUG:root:We got command: drive
DEBUG:root:We got a drive command: rawX:-8.333000 and rawY:22.335000
DEBUG:root:Forward to the Left/Straight
DEBUG:root:Left=-30.668000 Right=22.335000
DEBUG:root:ScaledLeft: 305.997000 ScaledRight: 425.253750
INFO:root:Looping....
DEBUG:root:This is the line: drive:16.965:-8.333

DEBUG:root:We got command: drive
DEBUG:root:We got a drive command: rawX:-8.333000 and rawY:16.965000
DEBUG:root:Forward to the Left/Straight
DEBUG:root:Left=-25.298000 Right=16.965000
DEBUG:root:ScaledLeft: 318.079500 ScaledRight: 413.171250
INFO:root:Looping....
DEBUG:root:This is the line: drive:0:0

DEBUG:root:We got command: drive
DEBUG:root:We got a drive command: rawX:0.000000 and rawY:0.000000
DEBUG:root:Forward to the Left/Straight
DEBUG:root:Left=-0.000000 Right=0.000000
DEBUG:root:ScaledLeft: 375.000000 ScaledRight: 375.000000
INFO:root:Looping....
DEBUG:root:This is the line: drive:16.857:-8.333

DEBUG:root:We got command: drive
DEBUG:root:We got a drive command: rawX:-8.333000 and rawY:16.857000
DEBUG:root:Forward to the Left/Straight
DEBUG:root:Left=-25.190000 Right=16.857000
DEBUG:root:ScaledLeft: 318.322500 ScaledRight: 412.928250
INFO:root:Looping....
DEBUG:root:This is the line: drive:16.857:-8.333

DEBUG:root:We got command: drive
DEBUG:root:We got a drive command: rawX:-8.333000 and rawY:16.857000
DEBUG:root:Forward to the Left/Straight
DEBUG:root:Left=-25.190000 Right=16.857000
DEBUG:root:ScaledLeft: 318.322500 ScaledRight: 412.928250
INFO:root:Looping....
DEBUG:root:This is the line: drive:6.462:0.893

DEBUG:root:We got command: drive
DEBUG:root:We got a drive command: rawX:0.893000 and rawY:6.462000
DEBUG:root:Forward to the Right
DEBUG:root:Left=-6.462000 Right=5.569000
DEBUG:root:ScaledLeft: 360.460500 ScaledRight: 387.530250
INFO:root:Looping....
DEBUG:root:This is the line: drive:35.702:2.702

DEBUG:root:We got command: drive
DEBUG:root:We got a drive command: rawX:2.702000 and rawY:35.702000
DEBUG:root:Forward to the Right
DEBUG:root:Left=-35.702000 Right=33.000000
DEBUG:root:ScaledLeft: 294.670500 ScaledRight: 449.250000
INFO:root:Looping....
DEBUG:root:This is the line: drive:60.363:9.415

DEBUG:root:We got command: drive
DEBUG:root:We got a drive command: rawX:9.415000 and rawY:60.363000
DEBUG:root:Forward to the Right
DEBUG:root:Left=-60.363000 Right=50.948000
DEBUG:root:ScaledLeft: 239.183250 ScaledRight: 489.633000
INFO:root:Looping....
DEBUG:root:This is the line: drive:0:0

DEBUG:root:We got command: drive
DEBUG:root:We got a drive command: rawX:0.000000 and rawY:0.000000
DEBUG:root:Forward to the Left/Straight
DEBUG:root:Left=-0.000000 Right=0.000000
DEBUG:root:ScaledLeft: 375.000000 ScaledRight: 375.000000
INFO:root:Looping....
DEBUG:root:This is the line: drive:69.429:14.286

DEBUG:root:We got command: drive
DEBUG:root:We got a drive command: rawX:14.286000 and rawY:69.429000
DEBUG:root:Forward to the Right
DEBUG:root:Left=-69.429000 Right=55.143000
DEBUG:root:ScaledLeft: 218.784750 ScaledRight: 499.071750
INFO:root:Looping....
DEBUG:root:This is the line: drive:40.279:9.371

DEBUG:root:We got command: drive
DEBUG:root:We got a drive command: rawX:9.371000 and rawY:40.279000
DEBUG:root:Forward to the Right
DEBUG:root:Left=-40.279000 Right=30.908000
DEBUG:root:ScaledLeft: 284.372250 ScaledRight: 444.543000
INFO:root:Looping....
DEBUG:root:This is the line: drive:38.079:6.713

DEBUG:root:We got command: drive
DEBUG:root:We got a drive command: rawX:6.713000 and rawY:38.079000
DEBUG:root:Forward to the Right
DEBUG:root:Left=-38.079000 Right=31.366000
DEBUG:root:ScaledLeft: 289.322250 ScaledRight: 445.573500
INFO:root:Looping....
DEBUG:root:This is the line: drive:39.295:-0.982

DEBUG:root:We got command: drive
DEBUG:root:We got a drive command: rawX:-0.982000 and rawY:39.295000
DEBUG:root:Forward to the Left/Straight
DEBUG:root:Left=-40.277000 Right=39.295000
DEBUG:root:ScaledLeft: 284.376750 ScaledRight: 463.413750
INFO:root:Looping....
DEBUG:root:This is the line: drive:45.82:-6.751

DEBUG:root:We got command: drive
DEBUG:root:We got a drive command: rawX:-6.751000 and rawY:45.820000
DEBUG:root:Forward to the Left/Straight
DEBUG:root:Left=-52.571000 Right=45.820000
DEBUG:root:ScaledLeft: 256.715250 ScaledRight: 478.095000
INFO:root:Looping....
DEBUG:root:This is the line: drive:53.376:-9.989

DEBUG:root:We got command: drive
DEBUG:root:We got a drive command: rawX:-9.989000 and rawY:53.376000
DEBUG:root:Forward to the Left/Straight
DEBUG:root:Left=-63.365000 Right=53.376000
DEBUG:root:ScaledLeft: 232.428750 ScaledRight: 495.096000
INFO:root:Looping....
DEBUG:root:This is the line: drive:62.939:-10.714

DEBUG:root:We got command: drive
DEBUG:root:We got a drive command: rawX:-10.714000 and rawY:62.939000
DEBUG:root:Forward to the Left/Straight
DEBUG:root:Left=-73.653000 Right=62.939000
DEBUG:root:ScaledLeft: 209.280750 ScaledRight: 516.612750
INFO:root:Looping....
DEBUG:root:This is the line: drive:68.638:-9.005

DEBUG:root:We got command: drive
DEBUG:root:We got a drive command: rawX:-9.005000 and rawY:68.638000
DEBUG:root:Forward to the Left/Straight
DEBUG:root:Left=-77.643000 Right=68.638000
DEBUG:root:ScaledLeft: 200.303250 ScaledRight: 529.435500
INFO:root:Looping....
DEBUG:root:This is the line: drive:72.997:-7.219

DEBUG:root:We got command: drive
DEBUG:root:We got a drive command: rawX:-7.219000 and rawY:72.997000
DEBUG:root:Forward to the Left/Straight
DEBUG:root:Left=-80.216000 Right=72.997000
DEBUG:root:ScaledLeft: 194.514000 ScaledRight: 539.243250
INFO:root:Looping....
DEBUG:root:This is the line: drive:75.089:-6.25

DEBUG:root:We got command: drive
DEBUG:root:We got a drive command: rawX:-6.250000 and rawY:75.089000
DEBUG:root:Forward to the Left/Straight
DEBUG:root:Left=-81.339000 Right=75.089000
DEBUG:root:ScaledLeft: 191.987250 ScaledRight: 543.950250
INFO:root:Looping....
DEBUG:root:This is the line: drive:77.436:-6.25

DEBUG:root:We got command: drive
DEBUG:root:We got a drive command: rawX:-6.250000 and rawY:77.436000
DEBUG:root:Forward to the Left/Straight
DEBUG:root:Left=-83.686000 Right=77.436000
DEBUG:root:ScaledLeft: 186.706500 ScaledRight: 549.231000
INFO:root:Looping....
DEBUG:root:This is the line: drive:77.429:-9.245

DEBUG:root:We got command: drive
DEBUG:root:We got a drive command: rawX:-9.245000 and rawY:77.429000
DEBUG:root:Forward to the Left/Straight
DEBUG:root:Left=-86.674000 Right=77.429000
DEBUG:root:ScaledLeft: 179.983500 ScaledRight: 549.215250
INFO:root:Looping....
DEBUG:root:This is the line: drive:76.046:-14.391

DEBUG:root:We got command: drive
DEBUG:root:We got a drive command: rawX:-14.391000 and rawY:76.046000
DEBUG:root:Forward to the Left/Straight
DEBUG:root:Left=-90.437000 Right=76.046000
DEBUG:root:ScaledLeft: 171.516750 ScaledRight: 546.103500
INFO:root:Looping....
DEBUG:root:This is the line: drive:74.004:-27.355

DEBUG:root:We got command: drive
DEBUG:root:We got a drive command: rawX:-27.355000 and rawY:74.004000
DEBUG:root:Forward to the Left/Straight
DEBUG:root:Left=-101.359000 Right=74.004000
DEBUG:root:ScaledLeft: 146.942250 ScaledRight: 541.509000
INFO:root:Looping....
DEBUG:root:This is the line: drive:73.714:-40.289

DEBUG:root:We got command: drive
DEBUG:root:We got a drive command: rawX:-40.289000 and rawY:73.714000
DEBUG:root:Forward to the Left/Straight
DEBUG:root:Left=-114.003000 Right=73.714000
DEBUG:root:ScaledLeft: 118.493250 ScaledRight: 540.856500
INFO:root:Looping....
DEBUG:root:This is the line: drive:73.428:-48.215

DEBUG:root:We got command: drive
DEBUG:root:We got a drive command: rawX:-48.215000 and rawY:73.428000
DEBUG:root:Forward to the Left/Straight
DEBUG:root:Left=-121.643000 Right=73.428000
DEBUG:root:ScaledLeft: 101.303250 ScaledRight: 540.213000
INFO:root:Looping....
DEBUG:root:This is the line: drive:72.29:-56.83

DEBUG:root:We got command: drive
DEBUG:root:We got a drive command: rawX:-56.830000 and rawY:72.290000
DEBUG:root:Forward to the Left/Straight
DEBUG:root:Left=-129.120000 Right=72.290000
DEBUG:root:ScaledLeft: 84.480000 ScaledRight: 537.652500
INFO:root:Looping....
DEBUG:root:This is the line: drive:70.945:-61.721

DEBUG:root:We got command: drive
DEBUG:root:We got a drive command: rawX:-61.721000 and rawY:70.945000
DEBUG:root:Forward to the Left/Straight
DEBUG:root:Left=-132.666000 Right=70.945000
DEBUG:root:ScaledLeft: 76.501500 ScaledRight: 534.626250
INFO:root:Looping....
DEBUG:root:This is the line: drive:69.271:-66.103

DEBUG:root:We got command: drive
DEBUG:root:We got a drive command: rawX:-66.103000 and rawY:69.271000
DEBUG:root:Forward to the Left/Straight
DEBUG:root:Left=-135.374000 Right=69.271000
DEBUG:root:ScaledLeft: 70.408500 ScaledRight: 530.859750
INFO:root:Looping....
DEBUG:root:This is the line: drive:68.146:-69.788

DEBUG:root:We got command: drive
DEBUG:root:We got a drive command: rawX:-69.788000 and rawY:68.146000
DEBUG:root:Forward to the Left/Straight
DEBUG:root:Left=-137.934000 Right=68.146000
DEBUG:root:ScaledLeft: 64.648500 ScaledRight: 528.328500
INFO:root:Looping....
DEBUG:root:This is the line: drive:67.143:-71.472

DEBUG:root:We got command: drive
DEBUG:root:We got a drive command: rawX:-71.472000 and rawY:67.143000
DEBUG:root:Forward to the Left/Straight
DEBUG:root:Left=-138.615000 Right=67.143000
DEBUG:root:ScaledLeft: 63.116250 ScaledRight: 526.071750
INFO:root:Looping....
DEBUG:root:This is the line: drive:65.448:-73.492

DEBUG:root:We got command: drive
DEBUG:root:We got a drive command: rawX:-73.492000 and rawY:65.448000
DEBUG:root:Forward to the Left/Straight
DEBUG:root:Left=-138.940000 Right=65.448000
DEBUG:root:ScaledLeft: 62.385000 ScaledRight: 522.258000
INFO:root:Looping....
DEBUG:root:This is the line: drive:63.571:-75.446

DEBUG:root:We got command: drive
DEBUG:root:We got a drive command: rawX:-75.446000 and rawY:63.571000
DEBUG:root:Forward to the Left/Straight
DEBUG:root:Left=-139.017000 Right=63.571000
DEBUG:root:ScaledLeft: 62.211750 ScaledRight: 518.034750
INFO:root:Looping....
DEBUG:root:This is the line: drive:58.842:-78.877

DEBUG:root:We got command: drive
DEBUG:root:We got a drive command: rawX:-78.877000 and rawY:58.842000
DEBUG:root:Forward to the Left/Straight
DEBUG:root:Left=-137.719000 Right=58.842000
DEBUG:root:ScaledLeft: 65.132250 ScaledRight: 507.394500
INFO:root:Looping....
DEBUG:root:This is the line: drive:54.864:-80.357

DEBUG:root:We got command: drive
DEBUG:root:We got a drive command: rawX:-80.357000 and rawY:54.864000
DEBUG:root:Forward to the Left/Straight
DEBUG:root:Left=-135.221000 Right=54.864000
DEBUG:root:ScaledLeft: 70.752750 ScaledRight: 498.444000
INFO:root:Looping....
DEBUG:root:This is the line: drive:50.597:-79.843

DEBUG:root:We got command: drive
DEBUG:root:We got a drive command: rawX:-79.843000 and rawY:50.597000
DEBUG:root:Forward to the Left/Straight
DEBUG:root:Left=-130.440000 Right=50.597000
DEBUG:root:ScaledLeft: 81.510000 ScaledRight: 488.843250
INFO:root:Looping....
DEBUG:root:This is the line: drive:43.097:-75.548

DEBUG:root:We got command: drive
DEBUG:root:We got a drive command: rawX:-75.548000 and rawY:43.097000
DEBUG:root:Forward to the Left/Straight
DEBUG:root:Left=-118.645000 Right=43.097000
DEBUG:root:ScaledLeft: 108.048750 ScaledRight: 471.968250
INFO:root:Looping....
DEBUG:root:This is the line: drive:36.494:-66.992

DEBUG:root:We got command: drive
DEBUG:root:We got a drive command: rawX:-66.992000 and rawY:36.494000
DEBUG:root:Forward to the Left/Straight
DEBUG:root:Left=-103.486000 Right=36.494000
DEBUG:root:ScaledLeft: 142.156500 ScaledRight: 457.111500
INFO:root:Looping....
DEBUG:root:This is the line: drive:26.767:-53.712

DEBUG:root:We got command: drive
DEBUG:root:We got a drive command: rawX:-53.712000 and rawY:26.767000
DEBUG:root:Forward to the Left/Straight
DEBUG:root:Left=-80.479000 Right=26.767000
DEBUG:root:ScaledLeft: 193.922250 ScaledRight: 435.225750
INFO:root:Looping....
DEBUG:root:This is the line: drive:20.661:-44.073

DEBUG:root:We got command: drive
DEBUG:root:We got a drive command: rawX:-44.073000 and rawY:20.661000
DEBUG:root:Forward to the Left/Straight
DEBUG:root:Left=-64.734000 Right=20.661000
DEBUG:root:ScaledLeft: 229.348500 ScaledRight: 421.487250
INFO:root:Looping....
DEBUG:root:This is the line: drive:17.298:-37.227

DEBUG:root:We got command: drive
DEBUG:root:We got a drive command: rawX:-37.227000 and rawY:17.298000
DEBUG:root:Forward to the Left/Straight
DEBUG:root:Left=-54.525000 Right=17.298000
DEBUG:root:ScaledLeft: 252.318750 ScaledRight: 413.920500
INFO:root:Looping....
DEBUG:root:This is the line: drive:14.221:-29.215

DEBUG:root:We got command: drive
DEBUG:root:We got a drive command: rawX:-29.215000 and rawY:14.221000
DEBUG:root:Forward to the Left/Straight
DEBUG:root:Left=-43.436000 Right=14.221000
DEBUG:root:ScaledLeft: 277.269000 ScaledRight: 406.997250
INFO:root:Looping....
DEBUG:root:This is the line: drive:11.612:-23.798

DEBUG:root:We got command: drive
DEBUG:root:We got a drive command: rawX:-23.798000 and rawY:11.612000
DEBUG:root:Forward to the Left/Straight
DEBUG:root:Left=-35.410000 Right=11.612000
DEBUG:root:ScaledLeft: 295.327500 ScaledRight: 401.127000
INFO:root:Looping....
DEBUG:root:This is the line: drive:6.365:-16.857

DEBUG:root:We got command: drive
DEBUG:root:We got a drive command: rawX:-16.857000 and rawY:6.365000
DEBUG:root:Forward to the Left/Straight
DEBUG:root:Left=-23.222000 Right=6.365000
DEBUG:root:ScaledLeft: 322.750500 ScaledRight: 389.321250
INFO:root:Looping....
DEBUG:root:This is the line: drive:3.585:-15.409

DEBUG:root:We got command: drive
DEBUG:root:We got a drive command: rawX:-15.409000 and rawY:3.585000
DEBUG:root:Forward to the Left/Straight
DEBUG:root:Left=-18.994000 Right=3.585000
DEBUG:root:ScaledLeft: 332.263500 ScaledRight: 383.066250
INFO:root:Looping....
DEBUG:root:This is the line: drive:-2.787:-13.988

DEBUG:root:We got command: drive
DEBUG:root:We got a drive command: rawX:-13.988000 and rawY:-2.787000
DEBUG:root:Reverse to the Left/Straight
DEBUG:root:Left=-11.201000 Right=-2.787000
DEBUG:root:ScaledLeft: 349.797750 ScaledRight: 368.729250
INFO:root:Looping....
DEBUG:root:This is the line: drive:-7.501:-13.988

DEBUG:root:We got command: drive
DEBUG:root:We got a drive command: rawX:-13.988000 and rawY:-7.501000
DEBUG:root:Reverse to the Left/Straight
DEBUG:root:Left=-6.487000 Right=-7.501000
DEBUG:root:ScaledLeft: 360.404250 ScaledRight: 358.122750
INFO:root:Looping....
DEBUG:root:This is the line: drive:-10.903:-13.988

DEBUG:root:We got command: drive
DEBUG:root:We got a drive command: rawX:-13.988000 and rawY:-10.903000
DEBUG:root:Reverse to the Left/Straight
DEBUG:root:Left=-3.085000 Right=-10.903000
DEBUG:root:ScaledLeft: 368.058750 ScaledRight: 350.468250
INFO:root:Looping....
DEBUG:root:This is the line: drive:-15.008:-13.988

DEBUG:root:We got command: drive
DEBUG:root:We got a drive command: rawX:-13.988000 and rawY:-15.008000
DEBUG:root:Reverse to the Left/Straight
DEBUG:root:Left=1.020000 Right=-15.008000
DEBUG:root:ScaledLeft: 377.295000 ScaledRight: 341.232000
INFO:root:Looping....
DEBUG:root:This is the line: drive:-17.167:-13.988

DEBUG:root:We got command: drive
DEBUG:root:We got a drive command: rawX:-13.988000 and rawY:-17.167000
DEBUG:root:Reverse to the Left/Straight
DEBUG:root:Left=3.179000 Right=-17.167000
DEBUG:root:ScaledLeft: 382.152750 ScaledRight: 336.374250
INFO:root:Looping....
DEBUG:root:This is the line: drive:-19.253:-13.988

DEBUG:root:We got command: drive
DEBUG:root:We got a drive command: rawX:-13.988000 and rawY:-19.253000
DEBUG:root:Reverse to the Left/Straight
DEBUG:root:Left=5.265000 Right=-19.253000
DEBUG:root:ScaledLeft: 386.846250 ScaledRight: 331.680750
INFO:root:Looping....
DEBUG:root:This is the line: drive:-21.0:-13.988

DEBUG:root:We got command: drive
DEBUG:root:We got a drive command: rawX:-13.988000 and rawY:-21.000000
DEBUG:root:Reverse to the Left/Straight
DEBUG:root:Left=7.012000 Right=-21.000000
DEBUG:root:ScaledLeft: 390.777000 ScaledRight: 327.750000
INFO:root:Looping....
DEBUG:root:This is the line: drive:-18.09:-13.988

DEBUG:root:We got command: drive
DEBUG:root:We got a drive command: rawX:-13.988000 and rawY:-18.090000
DEBUG:root:Reverse to the Left/Straight
DEBUG:root:Left=4.102000 Right=-18.090000
DEBUG:root:ScaledLeft: 384.229500 ScaledRight: 334.297500
INFO:root:Looping....
DEBUG:root:This is the line: drive:-7.966:-13.988

DEBUG:root:We got command: drive
DEBUG:root:We got a drive command: rawX:-13.988000 and rawY:-7.966000
DEBUG:root:Reverse to the Left/Straight
DEBUG:root:Left=-6.022000 Right=-7.966000
DEBUG:root:ScaledLeft: 361.450500 ScaledRight: 357.076500
INFO:root:Looping....
DEBUG:root:This is the line: drive:0.983:-13.988

DEBUG:root:We got command: drive
DEBUG:root:We got a drive command: rawX:-13.988000 and rawY:0.983000
DEBUG:root:Forward to the Left/Straight
DEBUG:root:Left=-14.971000 Right=0.983000
DEBUG:root:ScaledLeft: 341.315250 ScaledRight: 377.211750
INFO:root:Looping....
DEBUG:root:This is the line: drive:9.421:-13.988

DEBUG:root:We got command: drive
DEBUG:root:We got a drive command: rawX:-13.988000 and rawY:9.421000
DEBUG:root:Forward to the Left/Straight
DEBUG:root:Left=-23.409000 Right=9.421000
DEBUG:root:ScaledLeft: 322.329750 ScaledRight: 396.197250
INFO:root:Looping....
DEBUG:root:This is the line: drive:13.429:-13.988

DEBUG:root:We got command: drive
DEBUG:root:We got a drive command: rawX:-13.988000 and rawY:13.429000
DEBUG:root:Forward to the Left/Straight
DEBUG:root:Left=-27.417000 Right=13.429000
DEBUG:root:ScaledLeft: 313.311750 ScaledRight: 405.215250
INFO:root:Looping....
DEBUG:root:This is the line: drive:16.478:-13.988

DEBUG:root:We got command: drive
DEBUG:root:We got a drive command: rawX:-13.988000 and rawY:16.478000
DEBUG:root:Forward to the Left/Straight
DEBUG:root:Left=-30.466000 Right=16.478000
DEBUG:root:ScaledLeft: 306.451500 ScaledRight: 412.075500
INFO:root:Looping....
DEBUG:root:This is the line: drive:18.48:-13.988

DEBUG:root:We got command: drive
DEBUG:root:We got a drive command: rawX:-13.988000 and rawY:18.480000
DEBUG:root:Forward to the Left/Straight
DEBUG:root:Left=-32.468000 Right=18.480000
DEBUG:root:ScaledLeft: 301.947000 ScaledRight: 416.580000
INFO:root:Looping....
DEBUG:root:This is the line: drive:20.198:-13.988

DEBUG:root:We got command: drive
DEBUG:root:We got a drive command: rawX:-13.988000 and rawY:20.198000
DEBUG:root:Forward to the Left/Straight
DEBUG:root:Left=-34.186000 Right=20.198000
DEBUG:root:ScaledLeft: 298.081500 ScaledRight: 420.445500
INFO:root:Looping....
DEBUG:root:This is the line: drive:21.857:-13.988

DEBUG:root:We got command: drive
DEBUG:root:We got a drive command: rawX:-13.988000 and rawY:21.857000
DEBUG:root:Forward to the Left/Straight
DEBUG:root:Left=-35.845000 Right=21.857000
DEBUG:root:ScaledLeft: 294.348750 ScaledRight: 424.178250
INFO:root:Looping....
DEBUG:root:This is the line: drive:21.857:-13.988

DEBUG:root:We got command: drive
DEBUG:root:We got a drive command: rawX:-13.988000 and rawY:21.857000
DEBUG:root:Forward to the Left/Straight
DEBUG:root:Left=-35.845000 Right=21.857000
DEBUG:root:ScaledLeft: 294.348750 ScaledRight: 424.178250
INFO:root:Looping....
DEBUG:root:This is the line: drive:21.857:-13.988

DEBUG:root:We got command: drive
DEBUG:root:We got a drive command: rawX:-13.988000 and rawY:21.857000
DEBUG:root:Forward to the Left/Straight
DEBUG:root:Left=-35.845000 Right=21.857000
DEBUG:root:ScaledLeft: 294.348750 ScaledRight: 424.178250
INFO:root:Looping....
DEBUG:root:This is the line: drive:21.857:-13.988

DEBUG:root:We got command: drive
DEBUG:root:We got a drive command: rawX:-13.988000 and rawY:21.857000
DEBUG:root:Forward to the Left/Straight
DEBUG:root:Left=-35.845000 Right=21.857000
DEBUG:root:ScaledLeft: 294.348750 ScaledRight: 424.178250
INFO:root:Looping....
DEBUG:root:This is the line: drive:21.857:-13.988

DEBUG:root:We got command: drive
DEBUG:root:We got a drive command: rawX:-13.988000 and rawY:21.857000
DEBUG:root:Forward to the Left/Straight
DEBUG:root:Left=-35.845000 Right=21.857000
DEBUG:root:ScaledLeft: 294.348750 ScaledRight: 424.178250
INFO:root:Looping....
DEBUG:root:This is the line: drive:20.751:-13.988

DEBUG:root:We got command: drive
DEBUG:root:We got a drive command: rawX:-13.988000 and rawY:20.751000
DEBUG:root:Forward to the Left/Straight
DEBUG:root:Left=-34.739000 Right=20.751000
DEBUG:root:ScaledLeft: 296.837250 ScaledRight: 421.689750
INFO:root:Looping....
DEBUG:root:This is the line: drive:18.179:-13.988

DEBUG:root:We got command: drive
DEBUG:root:We got a drive command: rawX:-13.988000 and rawY:18.179000
DEBUG:root:Forward to the Left/Straight
DEBUG:root:Left=-32.167000 Right=18.179000
DEBUG:root:ScaledLeft: 302.624250 ScaledRight: 415.902750
INFO:root:Looping....
DEBUG:root:This is the line: drive:13.973:-13.988

DEBUG:root:We got command: drive
DEBUG:root:We got a drive command: rawX:-13.988000 and rawY:13.973000
DEBUG:root:Forward to the Left/Straight
DEBUG:root:Left=-27.961000 Right=13.973000
DEBUG:root:ScaledLeft: 312.087750 ScaledRight: 406.439250
INFO:root:Looping....
DEBUG:root:This is the line: drive:9.781:-13.988

DEBUG:root:We got command: drive
DEBUG:root:We got a drive command: rawX:-13.988000 and rawY:9.781000
DEBUG:root:Forward to the Left/Straight
DEBUG:root:Left=-23.769000 Right=9.781000
DEBUG:root:ScaledLeft: 321.519750 ScaledRight: 397.007250
INFO:root:Looping....
DEBUG:root:This is the line: drive:6.386:-13.988

DEBUG:root:We got command: drive
DEBUG:root:We got a drive command: rawX:-13.988000 and rawY:6.386000
DEBUG:root:Forward to the Left/Straight
DEBUG:root:Left=-20.374000 Right=6.386000
DEBUG:root:ScaledLeft: 329.158500 ScaledRight: 389.368500
INFO:root:Looping....
DEBUG:root:This is the line: drive:3.863:-14.131

DEBUG:root:We got command: drive
DEBUG:root:We got a drive command: rawX:-14.131000 and rawY:3.863000
DEBUG:root:Forward to the Left/Straight
DEBUG:root:Left=-17.994000 Right=3.863000
DEBUG:root:ScaledLeft: 334.513500 ScaledRight: 383.691750
INFO:root:Looping....
DEBUG:root:This is the line: drive:1.876:-14.583

DEBUG:root:We got command: drive
DEBUG:root:We got a drive command: rawX:-14.583000 and rawY:1.876000
DEBUG:root:Forward to the Left/Straight
DEBUG:root:Left=-16.459000 Right=1.876000
DEBUG:root:ScaledLeft: 337.967250 ScaledRight: 379.221000
INFO:root:Looping....
DEBUG:root:This is the line: drive:-1.187:-14.881

DEBUG:root:We got command: drive
DEBUG:root:We got a drive command: rawX:-14.881000 and rawY:-1.187000
DEBUG:root:Reverse to the Left/Straight
DEBUG:root:Left=-13.694000 Right=-1.187000
DEBUG:root:ScaledLeft: 344.188500 ScaledRight: 372.329250
INFO:root:Looping....
DEBUG:root:This is the line: drive:-3.0:-15.179

DEBUG:root:We got command: drive
DEBUG:root:We got a drive command: rawX:-15.179000 and rawY:-3.000000
DEBUG:root:Reverse to the Left/Straight
DEBUG:root:Left=-12.179000 Right=-3.000000
DEBUG:root:ScaledLeft: 347.597250 ScaledRight: 368.250000
INFO:root:Looping....
DEBUG:root:This is the line: drive:-5.015:-15.774

DEBUG:root:We got command: drive
DEBUG:root:We got a drive command: rawX:-15.774000 and rawY:-5.015000
DEBUG:root:Reverse to the Left/Straight
DEBUG:root:Left=-10.759000 Right=-5.015000
DEBUG:root:ScaledLeft: 350.792250 ScaledRight: 363.716250
INFO:root:Looping....
DEBUG:root:This is the line: drive:-7.131:-16.071

DEBUG:root:We got command: drive
DEBUG:root:We got a drive command: rawX:-16.071000 and rawY:-7.131000
DEBUG:root:Reverse to the Left/Straight
DEBUG:root:Left=-8.940000 Right=-7.131000
DEBUG:root:ScaledLeft: 354.885000 ScaledRight: 358.955250
INFO:root:Looping....
DEBUG:root:This is the line: drive:-8.885:-16.369

DEBUG:root:We got command: drive
DEBUG:root:We got a drive command: rawX:-16.369000 and rawY:-8.885000
DEBUG:root:Reverse to the Left/Straight
DEBUG:root:Left=-7.484000 Right=-8.885000
DEBUG:root:ScaledLeft: 358.161000 ScaledRight: 355.008750
INFO:root:Looping....
DEBUG:root:This is the line: drive:-11.0:-16.667

DEBUG:root:We got command: drive
DEBUG:root:We got a drive command: rawX:-16.667000 and rawY:-11.000000
DEBUG:root:Reverse to the Left/Straight
DEBUG:root:Left=-5.667000 Right=-11.000000
DEBUG:root:ScaledLeft: 362.249250 ScaledRight: 350.250000
INFO:root:Looping....
DEBUG:root:This is the line: drive:-11.785:-17.038

DEBUG:root:We got command: drive
DEBUG:root:We got a drive command: rawX:-17.038000 and rawY:-11.785000
DEBUG:root:Reverse to the Left/Straight
DEBUG:root:Left=-5.253000 Right=-11.785000
DEBUG:root:ScaledLeft: 363.180750 ScaledRight: 348.483750
INFO:root:Looping....
DEBUG:root:This is the line: drive:-13.143:-17.34

DEBUG:root:We got command: drive
DEBUG:root:We got a drive command: rawX:-17.340000 and rawY:-13.143000
DEBUG:root:Reverse to the Left/Straight
DEBUG:root:Left=-4.197000 Right=-13.143000
DEBUG:root:ScaledLeft: 365.556750 ScaledRight: 345.428250
INFO:root:Looping....
DEBUG:root:This is the line: drive:-14.714:-17.56

DEBUG:root:We got command: drive
DEBUG:root:We got a drive command: rawX:-17.560000 and rawY:-14.714000
DEBUG:root:Reverse to the Left/Straight
DEBUG:root:Left=-2.846000 Right=-14.714000
DEBUG:root:ScaledLeft: 368.596500 ScaledRight: 341.893500
INFO:root:Looping....
DEBUG:root:This is the line: drive:-15.286:-17.857

DEBUG:root:We got command: drive
DEBUG:root:We got a drive command: rawX:-17.857000 and rawY:-15.286000
DEBUG:root:Reverse to the Left/Straight
DEBUG:root:Left=-2.571000 Right=-15.286000
DEBUG:root:ScaledLeft: 369.215250 ScaledRight: 340.606500
INFO:root:Looping....
DEBUG:root:This is the line: drive:-15.714:-18.304

DEBUG:root:We got command: drive
DEBUG:root:We got a drive command: rawX:-18.304000 and rawY:-15.714000
DEBUG:root:Reverse to the Left/Straight
DEBUG:root:Left=-2.590000 Right=-15.714000
DEBUG:root:ScaledLeft: 369.172500 ScaledRight: 339.643500
INFO:root:Looping....
DEBUG:root:This is the line: drive:-16.571:-18.601

DEBUG:root:We got command: drive
DEBUG:root:We got a drive command: rawX:-18.601000 and rawY:-16.571000
DEBUG:root:Reverse to the Left/Straight
DEBUG:root:Left=-2.030000 Right=-16.571000
DEBUG:root:ScaledLeft: 370.432500 ScaledRight: 337.715250
INFO:root:Looping....
DEBUG:root:This is the line: drive:-17.175:-18.452

DEBUG:root:We got command: drive
DEBUG:root:We got a drive command: rawX:-18.452000 and rawY:-17.175000
DEBUG:root:Reverse to the Left/Straight
DEBUG:root:Left=-1.277000 Right=-17.175000
DEBUG:root:ScaledLeft: 372.126750 ScaledRight: 336.356250
INFO:root:Looping....
DEBUG:root:This is the line: drive:-17.571:-18.75

DEBUG:root:We got command: drive
DEBUG:root:We got a drive command: rawX:-18.750000 and rawY:-17.571000
DEBUG:root:Reverse to the Left/Straight
DEBUG:root:Left=-1.179000 Right=-17.571000
DEBUG:root:ScaledLeft: 372.347250 ScaledRight: 335.465250
INFO:root:Looping....
DEBUG:root:This is the line: drive:-18.254:-20.502

DEBUG:root:We got command: drive
DEBUG:root:We got a drive command: rawX:-20.502000 and rawY:-18.254000
DEBUG:root:Reverse to the Left/Straight
DEBUG:root:Left=-2.248000 Right=-18.254000
DEBUG:root:ScaledLeft: 369.942000 ScaledRight: 333.928500
INFO:root:Looping....
DEBUG:root:This is the line: drive:-20.015:-22.635

DEBUG:root:We got command: drive
DEBUG:root:We got a drive command: rawX:-22.635000 and rawY:-20.015000
DEBUG:root:Reverse to the Left/Straight
DEBUG:root:Left=-2.620000 Right=-20.015000
DEBUG:root:ScaledLeft: 369.105000 ScaledRight: 329.966250
INFO:root:Looping....
DEBUG:root:This is the line: drive:-20.852:-24.4

DEBUG:root:We got command: drive
DEBUG:root:We got a drive command: rawX:-24.400000 and rawY:-20.852000
DEBUG:root:Reverse to the Left/Straight
DEBUG:root:Left=-3.548000 Right=-20.852000
DEBUG:root:ScaledLeft: 367.017000 ScaledRight: 328.083000
INFO:root:Looping....
DEBUG:root:This is the line: drive:-22.876:-27.698

DEBUG:root:We got command: drive
DEBUG:root:We got a drive command: rawX:-27.698000 and rawY:-22.876000
DEBUG:root:Reverse to the Left/Straight
DEBUG:root:Left=-4.822000 Right=-22.876000
DEBUG:root:ScaledLeft: 364.150500 ScaledRight: 323.529000
INFO:root:Looping....
DEBUG:root:This is the line: drive:-25.326:-31.632

DEBUG:root:We got command: drive
DEBUG:root:We got a drive command: rawX:-31.632000 and rawY:-25.326000
DEBUG:root:Reverse to the Left/Straight
DEBUG:root:Left=-6.306000 Right=-25.326000
DEBUG:root:ScaledLeft: 360.811500 ScaledRight: 318.016500
INFO:root:Looping....
DEBUG:root:This is the line: drive:-28.151:-35.871

DEBUG:root:We got command: drive
DEBUG:root:We got a drive command: rawX:-35.871000 and rawY:-28.151000
DEBUG:root:Reverse to the Left/Straight
DEBUG:root:Left=-7.720000 Right=-28.151000
DEBUG:root:ScaledLeft: 357.630000 ScaledRight: 311.660250
INFO:root:Looping....
DEBUG:root:This is the line: drive:-31.309:-39.459

DEBUG:root:We got command: drive
DEBUG:root:We got a drive command: rawX:-39.459000 and rawY:-31.309000
DEBUG:root:Reverse to the Left/Straight
DEBUG:root:Left=-8.150000 Right=-31.309000
DEBUG:root:ScaledLeft: 356.662500 ScaledRight: 304.554750
INFO:root:Looping....
DEBUG:root:This is the line: drive:-34.779:-44.264

DEBUG:root:We got command: drive
DEBUG:root:We got a drive command: rawX:-44.264000 and rawY:-34.779000
DEBUG:root:Reverse to the Left/Straight
DEBUG:root:Left=-9.485000 Right=-34.779000
DEBUG:root:ScaledLeft: 353.658750 ScaledRight: 296.747250
INFO:root:Looping....
DEBUG:root:This is the line: drive:-38.678:-49.274

DEBUG:root:We got command: drive
DEBUG:root:We got a drive command: rawX:-49.274000 and rawY:-38.678000
DEBUG:root:Reverse to the Left/Straight
DEBUG:root:Left=-10.596000 Right=-38.678000
DEBUG:root:ScaledLeft: 351.159000 ScaledRight: 287.974500
INFO:root:Looping....
DEBUG:root:This is the line: drive:-41.405:-53.237

DEBUG:root:We got command: drive
DEBUG:root:We got a drive command: rawX:-53.237000 and rawY:-41.405000
DEBUG:root:Reverse to the Left/Straight
DEBUG:root:Left=-11.832000 Right=-41.405000
DEBUG:root:ScaledLeft: 348.378000 ScaledRight: 281.838750
INFO:root:Looping....
DEBUG:root:This is the line: drive:-44.22:-57.601

DEBUG:root:We got command: drive
DEBUG:root:We got a drive command: rawX:-57.601000 and rawY:-44.220000
DEBUG:root:Reverse to the Left/Straight
DEBUG:root:Left=-13.381000 Right=-44.220000
DEBUG:root:ScaledLeft: 344.892750 ScaledRight: 275.505000
INFO:root:Looping....
DEBUG:root:This is the line: drive:-47.78:-61.675

DEBUG:root:We got command: drive
DEBUG:root:We got a drive command: rawX:-61.675000 and rawY:-47.780000
DEBUG:root:Reverse to the Left/Straight
DEBUG:root:Left=-13.895000 Right=-47.780000
DEBUG:root:ScaledLeft: 343.736250 ScaledRight: 267.495000
INFO:root:Looping....
DEBUG:root:This is the line: drive:-51.05:-64.386

DEBUG:root:We got command: drive
DEBUG:root:We got a drive command: rawX:-64.386000 and rawY:-51.050000
DEBUG:root:Reverse to the Left/Straight
DEBUG:root:Left=-13.336000 Right=-51.050000
DEBUG:root:ScaledLeft: 344.994000 ScaledRight: 260.137500
INFO:root:Looping....
DEBUG:root:This is the line: drive:-53.81:-66.469

DEBUG:root:We got command: drive
DEBUG:root:We got a drive command: rawX:-66.469000 and rawY:-53.810000
DEBUG:root:Reverse to the Left/Straight
DEBUG:root:Left=-12.659000 Right=-53.810000
DEBUG:root:ScaledLeft: 346.517250 ScaledRight: 253.927500
INFO:root:Looping....
DEBUG:root:This is the line: drive:-55.434:-68.161

DEBUG:root:We got command: drive
DEBUG:root:We got a drive command: rawX:-68.161000 and rawY:-55.434000
DEBUG:root:Reverse to the Left/Straight
DEBUG:root:Left=-12.727000 Right=-55.434000
DEBUG:root:ScaledLeft: 346.364250 ScaledRight: 250.273500
INFO:root:Looping....
DEBUG:root:This is the line: drive:-58.356:-70.238

DEBUG:root:We got command: drive
DEBUG:root:We got a drive command: rawX:-70.238000 and rawY:-58.356000
DEBUG:root:Reverse to the Left/Straight
DEBUG:root:Left=-11.882000 Right=-58.356000
DEBUG:root:ScaledLeft: 348.265500 ScaledRight: 243.699000
INFO:root:Looping....
DEBUG:root:This is the line: drive:-60.342:-71.19

DEBUG:root:We got command: drive
DEBUG:root:We got a drive command: rawX:-71.190000 and rawY:-60.342000
DEBUG:root:Reverse to the Left/Straight
DEBUG:root:Left=-10.848000 Right=-60.342000
DEBUG:root:ScaledLeft: 350.592000 ScaledRight: 239.230500
INFO:root:Looping....
DEBUG:root:This is the line: drive:-61.968:-71.429

DEBUG:root:We got command: drive
DEBUG:root:We got a drive command: rawX:-71.429000 and rawY:-61.968000
DEBUG:root:Reverse to the Left/Straight
DEBUG:root:Left=-9.461000 Right=-61.968000
DEBUG:root:ScaledLeft: 353.712750 ScaledRight: 235.572000
INFO:root:Looping....
DEBUG:root:This is the line: drive:-63.689:-71.726

DEBUG:root:We got command: drive
DEBUG:root:We got a drive command: rawX:-71.726000 and rawY:-63.689000
DEBUG:root:Reverse to the Left/Straight
DEBUG:root:Left=-8.037000 Right=-63.689000
DEBUG:root:ScaledLeft: 356.916750 ScaledRight: 231.699750
INFO:root:Looping....
DEBUG:root:This is the line: drive:-64.0:-72.091

DEBUG:root:We got command: drive
DEBUG:root:We got a drive command: rawX:-72.091000 and rawY:-64.000000
DEBUG:root:Reverse to the Left/Straight
DEBUG:root:Left=-8.091000 Right=-64.000000
DEBUG:root:ScaledLeft: 356.795250 ScaledRight: 231.000000
INFO:root:Looping....
DEBUG:root:This is the line: drive:-64.0:-72.091

DEBUG:root:We got command: drive
DEBUG:root:We got a drive command: rawX:-72.091000 and rawY:-64.000000
DEBUG:root:Reverse to the Left/Straight
DEBUG:root:Left=-8.091000 Right=-64.000000
DEBUG:root:ScaledLeft: 356.795250 ScaledRight: 231.000000
INFO:root:Looping....
DEBUG:root:This is the line: drive:-64.0:-72.091

DEBUG:root:We got command: drive
DEBUG:root:We got a drive command: rawX:-72.091000 and rawY:-64.000000
DEBUG:root:Reverse to the Left/Straight
DEBUG:root:Left=-8.091000 Right=-64.000000
DEBUG:root:ScaledLeft: 356.795250 ScaledRight: 231.000000
INFO:root:Looping....
DEBUG:root:This is the line: drive:-63.281:-71.275

DEBUG:root:We got command: drive
DEBUG:root:We got a drive command: rawX:-71.275000 and rawY:-63.281000
DEBUG:root:Reverse to the Left/Straight
DEBUG:root:Left=-7.994000 Right=-63.281000
DEBUG:root:ScaledLeft: 357.013500 ScaledRight: 232.617750
INFO:root:Looping....
DEBUG:root:This is the line: drive:-60.057:-63.988

DEBUG:root:We got command: drive
DEBUG:root:We got a drive command: rawX:-63.988000 and rawY:-60.057000
DEBUG:root:Reverse to the Left/Straight
DEBUG:root:Left=-3.931000 Right=-60.057000
DEBUG:root:ScaledLeft: 366.155250 ScaledRight: 239.871750
INFO:root:Looping....
DEBUG:root:This is the line: drive:-55.872:-50.719

DEBUG:root:We got command: drive
DEBUG:root:We got a drive command: rawX:-50.719000 and rawY:-55.872000
DEBUG:root:Reverse to the Left/Straight
DEBUG:root:Left=5.153000 Right=-55.872000
DEBUG:root:ScaledLeft: 386.594250 ScaledRight: 249.288000
INFO:root:Looping....
DEBUG:root:This is the line: drive:-54.571:-32.514

DEBUG:root:We got command: drive
DEBUG:root:We got a drive command: rawX:-32.514000 and rawY:-54.571000
DEBUG:root:Reverse to the Left/Straight
DEBUG:root:Left=22.057000 Right=-54.571000
DEBUG:root:ScaledLeft: 424.628250 ScaledRight: 252.215250
INFO:root:Looping....
DEBUG:root:This is the line: drive:-55.504:-20.443

DEBUG:root:We got command: drive
DEBUG:root:We got a drive command: rawX:-20.443000 and rawY:-55.504000
DEBUG:root:Reverse to the Left/Straight
DEBUG:root:Left=35.061000 Right=-55.504000
DEBUG:root:ScaledLeft: 453.887250 ScaledRight: 250.116000
INFO:root:Looping....
DEBUG:root:This is the line: drive:-57.137:-11.935

DEBUG:root:We got command: drive
DEBUG:root:We got a drive command: rawX:-11.935000 and rawY:-57.137000
DEBUG:root:Reverse to the Left/Straight
DEBUG:root:Left=45.202000 Right=-57.137000
DEBUG:root:ScaledLeft: 476.704500 ScaledRight: 246.441750
INFO:root:Looping....
DEBUG:root:This is the line: drive:-59.149:-5.641

DEBUG:root:We got command: drive
DEBUG:root:We got a drive command: rawX:-5.641000 and rawY:-59.149000
DEBUG:root:Reverse to the Left/Straight
DEBUG:root:Left=53.508000 Right=-59.149000
DEBUG:root:ScaledLeft: 495.393000 ScaledRight: 241.914750
INFO:root:Looping....
DEBUG:root:This is the line: drive:-60.842:-1.817

DEBUG:root:We got command: drive
DEBUG:root:We got a drive command: rawX:-1.817000 and rawY:-60.842000
DEBUG:root:Reverse to the Left/Straight
DEBUG:root:Left=59.025000 Right=-60.842000
DEBUG:root:ScaledLeft: 507.806250 ScaledRight: 238.105500
INFO:root:Looping....
DEBUG:root:This is the line: drive:-62.0:2.046

DEBUG:root:We got command: drive
DEBUG:root:We got a drive command: rawX:2.046000 and rawY:-62.000000
DEBUG:root:Reverse to the Right
DEBUG:root:Left=62.000000 Right=-64.046000
DEBUG:root:ScaledLeft: 514.500000 ScaledRight: 230.896500
INFO:root:Looping....
DEBUG:root:This is the line: drive:-62.286:4.454

DEBUG:root:We got command: drive
DEBUG:root:We got a drive command: rawX:4.454000 and rawY:-62.286000
DEBUG:root:Reverse to the Right
DEBUG:root:Left=62.286000 Right=-66.740000
DEBUG:root:ScaledLeft: 515.143500 ScaledRight: 224.835000
INFO:root:Looping....
DEBUG:root:This is the line: drive:-63.131:6.833

DEBUG:root:We got command: drive
DEBUG:root:We got a drive command: rawX:6.833000 and rawY:-63.131000
DEBUG:root:Reverse to the Right
DEBUG:root:Left=63.131000 Right=-69.964000
DEBUG:root:ScaledLeft: 517.044750 ScaledRight: 217.581000
INFO:root:Looping....
DEBUG:root:This is the line: drive:-64.067:6.845

DEBUG:root:We got command: drive
DEBUG:root:We got a drive command: rawX:6.845000 and rawY:-64.067000
DEBUG:root:Reverse to the Right
DEBUG:root:Left=64.067000 Right=-70.912000
DEBUG:root:ScaledLeft: 519.150750 ScaledRight: 215.448000
INFO:root:Looping....
DEBUG:root:This is the line: drive:-64.299:5.344

DEBUG:root:We got command: drive
DEBUG:root:We got a drive command: rawX:5.344000 and rawY:-64.299000
DEBUG:root:Reverse to the Right
DEBUG:root:Left=64.299000 Right=-69.643000
DEBUG:root:ScaledLeft: 519.672750 ScaledRight: 218.303250
INFO:root:Looping....
DEBUG:root:This is the line: drive:-65.714:3.231

DEBUG:root:We got command: drive
DEBUG:root:We got a drive command: rawX:3.231000 and rawY:-65.714000
DEBUG:root:Reverse to the Right
DEBUG:root:Left=65.714000 Right=-68.945000
DEBUG:root:ScaledLeft: 522.856500 ScaledRight: 219.873750
INFO:root:Looping....
DEBUG:root:This is the line: drive:-66.571:1.167

DEBUG:root:We got command: drive
DEBUG:root:We got a drive command: rawX:1.167000 and rawY:-66.571000
DEBUG:root:Reverse to the Right
DEBUG:root:Left=66.571000 Right=-67.738000
DEBUG:root:ScaledLeft: 524.784750 ScaledRight: 222.589500
INFO:root:Looping....
DEBUG:root:This is the line: drive:-67.404:-0.569

DEBUG:root:We got command: drive
DEBUG:root:We got a drive command: rawX:-0.569000 and rawY:-67.404000
DEBUG:root:Reverse to the Left/Straight
DEBUG:root:Left=66.835000 Right=-67.404000
DEBUG:root:ScaledLeft: 525.378750 ScaledRight: 223.341000
INFO:root:Looping....
DEBUG:root:This is the line: drive:-68.209:-2.381

DEBUG:root:We got command: drive
DEBUG:root:We got a drive command: rawX:-2.381000 and rawY:-68.209000
DEBUG:root:Reverse to the Left/Straight
DEBUG:root:Left=65.828000 Right=-68.209000
DEBUG:root:ScaledLeft: 523.113000 ScaledRight: 221.529750
INFO:root:Looping....
DEBUG:root:This is the line: drive:-68.857:-3.224

DEBUG:root:We got command: drive
DEBUG:root:We got a drive command: rawX:-3.224000 and rawY:-68.857000
DEBUG:root:Reverse to the Left/Straight
DEBUG:root:Left=65.633000 Right=-68.857000
DEBUG:root:ScaledLeft: 522.674250 ScaledRight: 220.071750
INFO:root:Looping....
DEBUG:root:This is the line: drive:-69.385:-3.274

DEBUG:root:We got command: drive
DEBUG:root:We got a drive command: rawX:-3.274000 and rawY:-69.385000
DEBUG:root:Reverse to the Left/Straight
DEBUG:root:Left=66.111000 Right=-69.385000
DEBUG:root:ScaledLeft: 523.749750 ScaledRight: 218.883750
INFO:root:Looping....
DEBUG:root:This is the line: drive:-69.714:-4.093

DEBUG:root:We got command: drive
DEBUG:root:We got a drive command: rawX:-4.093000 and rawY:-69.714000
DEBUG:root:Reverse to the Left/Straight
DEBUG:root:Left=65.621000 Right=-69.714000
DEBUG:root:ScaledLeft: 522.647250 ScaledRight: 218.143500
INFO:root:Looping....
DEBUG:root:This is the line: drive:-70.364:-4.167

DEBUG:root:We got command: drive
DEBUG:root:We got a drive command: rawX:-4.167000 and rawY:-70.364000
DEBUG:root:Reverse to the Left/Straight
DEBUG:root:Left=66.197000 Right=-70.364000
DEBUG:root:ScaledLeft: 523.943250 ScaledRight: 216.681000
INFO:root:Looping....
DEBUG:root:This is the line: drive:-71.452:-4.167

DEBUG:root:We got command: drive
DEBUG:root:We got a drive command: rawX:-4.167000 and rawY:-71.452000
DEBUG:root:Reverse to the Left/Straight
DEBUG:root:Left=67.285000 Right=-71.452000
DEBUG:root:ScaledLeft: 526.391250 ScaledRight: 214.233000
INFO:root:Looping....
DEBUG:root:This is the line: drive:-71.452:-4.167

DEBUG:root:We got command: drive
DEBUG:root:We got a drive command: rawX:-4.167000 and rawY:-71.452000
DEBUG:root:Reverse to the Left/Straight
DEBUG:root:Left=67.285000 Right=-71.452000
DEBUG:root:ScaledLeft: 526.391250 ScaledRight: 214.233000
INFO:root:Looping....
DEBUG:root:This is the line: drive:-72.143:-4.167

DEBUG:root:We got command: drive
DEBUG:root:We got a drive command: rawX:-4.167000 and rawY:-72.143000
DEBUG:root:Reverse to the Left/Straight
DEBUG:root:Left=67.976000 Right=-72.143000
DEBUG:root:ScaledLeft: 527.946000 ScaledRight: 212.678250
INFO:root:Looping....
DEBUG:root:This is the line: drive:-72.324:-4.167

DEBUG:root:We got command: drive
DEBUG:root:We got a drive command: rawX:-4.167000 and rawY:-72.324000
DEBUG:root:Reverse to the Left/Straight
DEBUG:root:Left=68.157000 Right=-72.324000
DEBUG:root:ScaledLeft: 528.353250 ScaledRight: 212.271000
INFO:root:Looping....
DEBUG:root:This is the line: drive:-72.324:-4.167

DEBUG:root:We got command: drive
DEBUG:root:We got a drive command: rawX:-4.167000 and rawY:-72.324000
DEBUG:root:Reverse to the Left/Straight
DEBUG:root:Left=68.157000 Right=-72.324000
DEBUG:root:ScaledLeft: 528.353250 ScaledRight: 212.271000
INFO:root:Looping....
DEBUG:root:This is the line: drive:-72.586:-4.167

DEBUG:root:We got command: drive
DEBUG:root:We got a drive command: rawX:-4.167000 and rawY:-72.586000
DEBUG:root:Reverse to the Left/Straight
DEBUG:root:Left=68.419000 Right=-72.586000
DEBUG:root:ScaledLeft: 528.942750 ScaledRight: 211.681500
INFO:root:Looping....
DEBUG:root:This is the line: drive:-72.857:-2.971

DEBUG:root:We got command: drive
DEBUG:root:We got a drive command: rawX:-2.971000 and rawY:-72.857000
DEBUG:root:Reverse to the Left/Straight
DEBUG:root:Left=69.886000 Right=-72.857000
DEBUG:root:ScaledLeft: 532.243500 ScaledRight: 211.071750
INFO:root:Looping....
DEBUG:root:This is the line: drive:-72.857:-0.305

DEBUG:root:We got command: drive
DEBUG:root:We got a drive command: rawX:-0.305000 and rawY:-72.857000
DEBUG:root:Reverse to the Left/Straight
DEBUG:root:Left=72.552000 Right=-72.857000
DEBUG:root:ScaledLeft: 538.242000 ScaledRight: 211.071750
INFO:root:Looping....
DEBUG:root:This is the line: drive:-72.857:6.74

DEBUG:root:We got command: drive
DEBUG:root:We got a drive command: rawX:6.740000 and rawY:-72.857000
DEBUG:root:Reverse to the Right
DEBUG:root:Left=72.857000 Right=-79.597000
DEBUG:root:ScaledLeft: 538.928250 ScaledRight: 195.906750
INFO:root:Looping....
DEBUG:root:This is the line: drive:-72.857:11.917

DEBUG:root:We got command: drive
DEBUG:root:We got a drive command: rawX:11.917000 and rawY:-72.857000
DEBUG:root:Reverse to the Right
DEBUG:root:Left=72.857000 Right=-84.774000
DEBUG:root:ScaledLeft: 538.928250 ScaledRight: 184.258500
INFO:root:Looping....
DEBUG:root:This is the line: drive:-72.857:16.922

DEBUG:root:We got command: drive
DEBUG:root:We got a drive command: rawX:16.922000 and rawY:-72.857000
DEBUG:root:Reverse to the Right
DEBUG:root:Left=72.857000 Right=-89.779000
DEBUG:root:ScaledLeft: 538.928250 ScaledRight: 172.997250
INFO:root:Looping....
DEBUG:root:This is the line: drive:-72.857:20.397

DEBUG:root:We got command: drive
DEBUG:root:We got a drive command: rawX:20.397000 and rawY:-72.857000
DEBUG:root:Reverse to the Right
DEBUG:root:Left=72.857000 Right=-93.254000
DEBUG:root:ScaledLeft: 538.928250 ScaledRight: 165.178500
INFO:root:Looping....
DEBUG:root:This is the line: drive:-72.857:24.567

DEBUG:root:We got command: drive
DEBUG:root:We got a drive command: rawX:24.567000 and rawY:-72.857000
DEBUG:root:Reverse to the Right
DEBUG:root:Left=72.857000 Right=-97.424000
DEBUG:root:ScaledLeft: 538.928250 ScaledRight: 155.796000
INFO:root:Looping....
DEBUG:root:This is the line: drive:-72.857:28.216

DEBUG:root:We got command: drive
DEBUG:root:We got a drive command: rawX:28.216000 and rawY:-72.857000
DEBUG:root:Reverse to the Right
DEBUG:root:Left=72.857000 Right=-101.073000
DEBUG:root:ScaledLeft: 538.928250 ScaledRight: 147.585750
INFO:root:Looping....
DEBUG:root:This is the line: drive:-72.857:30.87

DEBUG:root:We got command: drive
DEBUG:root:We got a drive command: rawX:30.870000 and rawY:-72.857000
DEBUG:root:Reverse to the Right
DEBUG:root:Left=72.857000 Right=-103.727000
DEBUG:root:ScaledLeft: 538.928250 ScaledRight: 141.614250
INFO:root:Looping....
DEBUG:root:This is the line: drive:-72.286:34.891

DEBUG:root:We got command: drive
DEBUG:root:We got a drive command: rawX:34.891000 and rawY:-72.286000
DEBUG:root:Reverse to the Right
DEBUG:root:Left=72.286000 Right=-107.177000
DEBUG:root:ScaledLeft: 537.643500 ScaledRight: 133.851750
INFO:root:Looping....
DEBUG:root:This is the line: drive:-72.286:36.946

DEBUG:root:We got command: drive
DEBUG:root:We got a drive command: rawX:36.946000 and rawY:-72.286000
DEBUG:root:Reverse to the Right
DEBUG:root:Left=72.286000 Right=-109.232000
DEBUG:root:ScaledLeft: 537.643500 ScaledRight: 129.228000
INFO:root:Looping....
DEBUG:root:This is the line: drive:-71.944:41.189

DEBUG:root:We got command: drive
DEBUG:root:We got a drive command: rawX:41.189000 and rawY:-71.944000
DEBUG:root:Reverse to the Right
DEBUG:root:Left=71.944000 Right=-113.133000
DEBUG:root:ScaledLeft: 536.874000 ScaledRight: 120.450750
INFO:root:Looping....
DEBUG:root:This is the line: drive:-72.0:45.463

DEBUG:root:We got command: drive
DEBUG:root:We got a drive command: rawX:45.463000 and rawY:-72.000000
DEBUG:root:Reverse to the Right
DEBUG:root:Left=72.000000 Right=-117.463000
DEBUG:root:ScaledLeft: 537.000000 ScaledRight: 110.708250
INFO:root:Looping....
DEBUG:root:This is the line: drive:-72.0:48.023

DEBUG:root:We got command: drive
DEBUG:root:We got a drive command: rawX:48.023000 and rawY:-72.000000
DEBUG:root:Reverse to the Right
DEBUG:root:Left=72.000000 Right=-120.023000
DEBUG:root:ScaledLeft: 537.000000 ScaledRight: 104.948250
INFO:root:Looping....
DEBUG:root:This is the line: drive:-71.847:51.052

DEBUG:root:We got command: drive
DEBUG:root:We got a drive command: rawX:51.052000 and rawY:-71.847000
DEBUG:root:Reverse to the Right
DEBUG:root:Left=71.847000 Right=-122.899000
DEBUG:root:ScaledLeft: 536.655750 ScaledRight: 98.477250
INFO:root:Looping....
DEBUG:root:This is the line: drive:-71.714:52.813

DEBUG:root:We got command: drive
DEBUG:root:We got a drive command: rawX:52.813000 and rawY:-71.714000
DEBUG:root:Reverse to the Right
DEBUG:root:Left=71.714000 Right=-124.527000
DEBUG:root:ScaledLeft: 536.356500 ScaledRight: 94.814250
INFO:root:Looping....
DEBUG:root:This is the line: drive:-71.714:55.236

DEBUG:root:We got command: drive
DEBUG:root:We got a drive command: rawX:55.236000 and rawY:-71.714000
DEBUG:root:Reverse to the Right
DEBUG:root:Left=71.714000 Right=-126.950000
DEBUG:root:ScaledLeft: 536.356500 ScaledRight: 89.362500
INFO:root:Looping....
DEBUG:root:This is the line: drive:-71.714:57.357

DEBUG:root:We got command: drive
DEBUG:root:We got a drive command: rawX:57.357000 and rawY:-71.714000
DEBUG:root:Reverse to the Right
DEBUG:root:Left=71.714000 Right=-129.071000
DEBUG:root:ScaledLeft: 536.356500 ScaledRight: 84.590250
INFO:root:Looping....
DEBUG:root:This is the line: drive:-71.425:59.825

DEBUG:root:We got command: drive
DEBUG:root:We got a drive command: rawX:59.825000 and rawY:-71.425000
DEBUG:root:Reverse to the Right
DEBUG:root:Left=71.425000 Right=-131.250000
DEBUG:root:ScaledLeft: 535.706250 ScaledRight: 79.687500
INFO:root:Looping....
DEBUG:root:This is the line: drive:-71.143:61.963

DEBUG:root:We got command: drive
DEBUG:root:We got a drive command: rawX:61.963000 and rawY:-71.143000
DEBUG:root:Reverse to the Right
DEBUG:root:Left=71.143000 Right=-133.106000
DEBUG:root:ScaledLeft: 535.071750 ScaledRight: 75.511500
INFO:root:Looping....
DEBUG:root:This is the line: drive:-71.143:64.044

DEBUG:root:We got command: drive
DEBUG:root:We got a drive command: rawX:64.044000 and rawY:-71.143000
DEBUG:root:Reverse to the Right
DEBUG:root:Left=71.143000 Right=-135.187000
DEBUG:root:ScaledLeft: 535.071750 ScaledRight: 70.829250
INFO:root:Looping....
DEBUG:root:This is the line: drive:-71.143:66.797

DEBUG:root:We got command: drive
DEBUG:root:We got a drive command: rawX:66.797000 and rawY:-71.143000
DEBUG:root:Reverse to the Right
DEBUG:root:Left=71.143000 Right=-137.940000
DEBUG:root:ScaledLeft: 535.071750 ScaledRight: 64.635000
INFO:root:Looping....
DEBUG:root:This is the line: drive:-71.143:69.328

DEBUG:root:We got command: drive
DEBUG:root:We got a drive command: rawX:69.328000 and rawY:-71.143000
DEBUG:root:Reverse to the Right
DEBUG:root:Left=71.143000 Right=-140.471000
DEBUG:root:ScaledLeft: 535.071750 ScaledRight: 58.940250
INFO:root:Looping....
DEBUG:root:This is the line: drive:-71.143:71.318

DEBUG:root:We got command: drive
DEBUG:root:We got a drive command: rawX:71.318000 and rawY:-71.143000
DEBUG:root:Reverse to the Right
DEBUG:root:Left=71.143000 Right=-142.461000
DEBUG:root:ScaledLeft: 535.071750 ScaledRight: 54.462750
INFO:root:Looping....
DEBUG:root:This is the line: drive:-71.143:71.577

DEBUG:root:We got command: drive
DEBUG:root:We got a drive command: rawX:71.577000 and rawY:-71.143000
DEBUG:root:Reverse to the Right
DEBUG:root:Left=71.143000 Right=-142.720000
DEBUG:root:ScaledLeft: 535.071750 ScaledRight: 53.880000
INFO:root:Looping....
DEBUG:root:This is the line: drive:-71.143:71.577

DEBUG:root:We got command: drive
DEBUG:root:We got a drive command: rawX:71.577000 and rawY:-71.143000
DEBUG:root:Reverse to the Right
DEBUG:root:Left=71.143000 Right=-142.720000
DEBUG:root:ScaledLeft: 535.071750 ScaledRight: 53.880000
INFO:root:Looping....
DEBUG:root:This is the line: drive:-71.143:71.577

DEBUG:root:We got command: drive
DEBUG:root:We got a drive command: rawX:71.577000 and rawY:-71.143000
DEBUG:root:Reverse to the Right
DEBUG:root:Left=71.143000 Right=-142.720000
DEBUG:root:ScaledLeft: 535.071750 ScaledRight: 53.880000
INFO:root:Looping....
DEBUG:root:This is the line: drive:-71.143:71.734

DEBUG:root:We got command: drive
DEBUG:root:We got a drive command: rawX:71.734000 and rawY:-71.143000
DEBUG:root:Reverse to the Right
DEBUG:root:Left=71.143000 Right=-142.877000
DEBUG:root:ScaledLeft: 535.071750 ScaledRight: 53.526750
INFO:root:Looping....
DEBUG:root:This is the line: drive:-71.143:72.346

DEBUG:root:We got command: drive
DEBUG:root:We got a drive command: rawX:72.346000 and rawY:-71.143000
DEBUG:root:Reverse to the Right
DEBUG:root:Left=71.143000 Right=-143.489000
DEBUG:root:ScaledLeft: 535.071750 ScaledRight: 52.149750
INFO:root:Looping....
DEBUG:root:This is the line: drive:-71.143:73.201

DEBUG:root:We got command: drive
DEBUG:root:We got a drive command: rawX:73.201000 and rawY:-71.143000
DEBUG:root:Reverse to the Right
DEBUG:root:Left=71.143000 Right=-144.344000
DEBUG:root:ScaledLeft: 535.071750 ScaledRight: 50.226000
INFO:root:Looping....
DEBUG:root:This is the line: drive:-70.571:74.304

DEBUG:root:We got command: drive
DEBUG:root:We got a drive command: rawX:74.304000 and rawY:-70.571000
DEBUG:root:Reverse to the Right
DEBUG:root:Left=70.571000 Right=-144.875000
DEBUG:root:ScaledLeft: 533.784750 ScaledRight: 49.031250
INFO:root:Looping....
DEBUG:root:This is the line: drive:-70.0:75.149

DEBUG:root:We got command: drive
DEBUG:root:We got a drive command: rawX:75.149000 and rawY:-70.000000
DEBUG:root:Reverse to the Right
DEBUG:root:Left=70.000000 Right=-145.149000
DEBUG:root:ScaledLeft: 532.500000 ScaledRight: 48.414750
INFO:root:Looping....
DEBUG:root:This is the line: drive:-69.286:75.893

DEBUG:root:We got command: drive
DEBUG:root:We got a drive command: rawX:75.893000 and rawY:-69.286000
DEBUG:root:Reverse to the Right
DEBUG:root:Left=69.286000 Right=-145.179000
DEBUG:root:ScaledLeft: 530.893500 ScaledRight: 48.347250
INFO:root:Looping....
DEBUG:root:This is the line: drive:-69.429:76.21

DEBUG:root:We got command: drive
DEBUG:root:We got a drive command: rawX:76.210000 and rawY:-69.429000
DEBUG:root:Reverse to the Right
DEBUG:root:Left=69.429000 Right=-145.639000
DEBUG:root:ScaledLeft: 531.215250 ScaledRight: 47.312250
INFO:root:Looping....
DEBUG:root:This is the line: drive:-69.12:76.488

DEBUG:root:We got command: drive
DEBUG:root:We got a drive command: rawX:76.488000 and rawY:-69.120000
DEBUG:root:Reverse to the Right
DEBUG:root:Left=69.120000 Right=-145.608000
DEBUG:root:ScaledLeft: 530.520000 ScaledRight: 47.382000
INFO:root:Looping....
DEBUG:root:This is the line: drive:-68.857:78.659

DEBUG:root:We got command: drive
DEBUG:root:We got a drive command: rawX:78.659000 and rawY:-68.857000
DEBUG:root:Reverse to the Right
DEBUG:root:Left=68.857000 Right=-147.516000
DEBUG:root:ScaledLeft: 529.928250 ScaledRight: 43.089000
INFO:root:Looping....
DEBUG:root:This is the line: drive:-68.857:80.448

DEBUG:root:We got command: drive
DEBUG:root:We got a drive command: rawX:80.448000 and rawY:-68.857000
DEBUG:root:Reverse to the Right
DEBUG:root:Left=68.857000 Right=-149.305000
DEBUG:root:ScaledLeft: 529.928250 ScaledRight: 39.063750
INFO:root:Looping....
DEBUG:root:This is the line: drive:-68.429:81.845

DEBUG:root:We got command: drive
DEBUG:root:We got a drive command: rawX:81.845000 and rawY:-68.429000
DEBUG:root:Reverse to the Right
DEBUG:root:Left=68.429000 Right=-150.274000
DEBUG:root:ScaledLeft: 528.965250 ScaledRight: 36.883500
INFO:root:Looping....
DEBUG:root:This is the line: drive:-68.571:82.186

DEBUG:root:We got command: drive
DEBUG:root:We got a drive command: rawX:82.186000 and rawY:-68.571000
DEBUG:root:Reverse to the Right
DEBUG:root:Left=68.571000 Right=-150.757000
DEBUG:root:ScaledLeft: 529.284750 ScaledRight: 35.796750
INFO:root:Looping....
DEBUG:root:This is the line: drive:-68.571:83.112

DEBUG:root:We got command: drive
DEBUG:root:We got a drive command: rawX:83.112000 and rawY:-68.571000
DEBUG:root:Reverse to the Right
DEBUG:root:Left=68.571000 Right=-151.683000
DEBUG:root:ScaledLeft: 529.284750 ScaledRight: 33.713250
INFO:root:Looping....
DEBUG:root:This is the line: drive:-68.286:83.452

DEBUG:root:We got command: drive
DEBUG:root:We got a drive command: rawX:83.452000 and rawY:-68.286000
DEBUG:root:Reverse to the Right
DEBUG:root:Left=68.286000 Right=-151.738000
DEBUG:root:ScaledLeft: 528.643500 ScaledRight: 33.589500
INFO:root:Looping....
DEBUG:root:This is the line: drive:-68.286:84.077

DEBUG:root:We got command: drive
DEBUG:root:We got a drive command: rawX:84.077000 and rawY:-68.286000
DEBUG:root:Reverse to the Right
DEBUG:root:Left=68.286000 Right=-152.363000
DEBUG:root:ScaledLeft: 528.643500 ScaledRight: 32.183250
INFO:root:Looping....
DEBUG:root:This is the line: drive:-68.0:84.137

DEBUG:root:We got command: drive
DEBUG:root:We got a drive command: rawX:84.137000 and rawY:-68.000000
DEBUG:root:Reverse to the Right
DEBUG:root:Left=68.000000 Right=-152.137000
DEBUG:root:ScaledLeft: 528.000000 ScaledRight: 32.691750
INFO:root:Looping....
DEBUG:root:This is the line: drive:-68.0:84.567

DEBUG:root:We got command: drive
DEBUG:root:We got a drive command: rawX:84.567000 and rawY:-68.000000
DEBUG:root:Reverse to the Right
DEBUG:root:Left=68.000000 Right=-152.567000
DEBUG:root:ScaledLeft: 528.000000 ScaledRight: 31.724250
INFO:root:Looping....
DEBUG:root:This is the line: drive:-68.0:84.835

DEBUG:root:We got command: drive
DEBUG:root:We got a drive command: rawX:84.835000 and rawY:-68.000000
DEBUG:root:Reverse to the Right
DEBUG:root:Left=68.000000 Right=-152.835000
DEBUG:root:ScaledLeft: 528.000000 ScaledRight: 31.121250
INFO:root:Looping....
DEBUG:root:This is the line: drive:-68.0:84.722

DEBUG:root:We got command: drive
DEBUG:root:We got a drive command: rawX:84.722000 and rawY:-68.000000
DEBUG:root:Reverse to the Right
DEBUG:root:Left=68.000000 Right=-152.722000
DEBUG:root:ScaledLeft: 528.000000 ScaledRight: 31.375500
INFO:root:Looping....
DEBUG:root:This is the line: drive:-67.675:85.119

DEBUG:root:We got command: drive
DEBUG:root:We got a drive command: rawX:85.119000 and rawY:-67.675000
DEBUG:root:Reverse to the Right
DEBUG:root:Left=67.675000 Right=-152.794000
DEBUG:root:ScaledLeft: 527.268750 ScaledRight: 31.213500
INFO:root:Looping....
DEBUG:root:This is the line: drive:-67.714:85.129

DEBUG:root:We got command: drive
DEBUG:root:We got a drive command: rawX:85.129000 and rawY:-67.714000
DEBUG:root:Reverse to the Right
DEBUG:root:Left=67.714000 Right=-152.843000
DEBUG:root:ScaledLeft: 527.356500 ScaledRight: 31.103250
INFO:root:Looping....
DEBUG:root:This is the line: drive:-67.714:85.129

DEBUG:root:We got command: drive
DEBUG:root:We got a drive command: rawX:85.129000 and rawY:-67.714000
DEBUG:root:Reverse to the Right
DEBUG:root:Left=67.714000 Right=-152.843000
DEBUG:root:ScaledLeft: 527.356500 ScaledRight: 31.103250
INFO:root:Looping....
DEBUG:root:This is the line: drive:-67.714:85.129

DEBUG:root:We got command: drive
DEBUG:root:We got a drive command: rawX:85.129000 and rawY:-67.714000
DEBUG:root:Reverse to the Right
DEBUG:root:Left=67.714000 Right=-152.843000
DEBUG:root:ScaledLeft: 527.356500 ScaledRight: 31.103250
INFO:root:Looping....
DEBUG:root:This is the line: drive:-67.714:85.129

DEBUG:root:We got command: drive
DEBUG:root:We got a drive command: rawX:85.129000 and rawY:-67.714000
DEBUG:root:Reverse to the Right
DEBUG:root:Left=67.714000 Right=-152.843000
DEBUG:root:ScaledLeft: 527.356500 ScaledRight: 31.103250
INFO:root:Looping....
DEBUG:root:This is the line: drive:-67.714:85.129

DEBUG:root:We got command: drive
DEBUG:root:We got a drive command: rawX:85.129000 and rawY:-67.714000
DEBUG:root:Reverse to the Right
DEBUG:root:Left=67.714000 Right=-152.843000
DEBUG:root:ScaledLeft: 527.356500 ScaledRight: 31.103250
INFO:root:Looping....
DEBUG:root:This is the line: drive:-67.714:85.129

DEBUG:root:We got command: drive
DEBUG:root:We got a drive command: rawX:85.129000 and rawY:-67.714000
DEBUG:root:Reverse to the Right
DEBUG:root:Left=67.714000 Right=-152.843000
DEBUG:root:ScaledLeft: 527.356500 ScaledRight: 31.103250
INFO:root:Looping....
DEBUG:root:This is the line: drive:-67.714:85.129

DEBUG:root:We got command: drive
DEBUG:root:We got a drive command: rawX:85.129000 and rawY:-67.714000
DEBUG:root:Reverse to the Right
DEBUG:root:Left=67.714000 Right=-152.843000
DEBUG:root:ScaledLeft: 527.356500 ScaledRight: 31.103250
INFO:root:Looping....
DEBUG:root:This is the line: drive:-67.427:85.119

DEBUG:root:We got command: drive
DEBUG:root:We got a drive command: rawX:85.119000 and rawY:-67.427000
DEBUG:root:Reverse to the Right
DEBUG:root:Left=67.427000 Right=-152.546000
DEBUG:root:ScaledLeft: 526.710750 ScaledRight: 31.771500
INFO:root:Looping....
DEBUG:root:This is the line: drive:-67.427:85.119

DEBUG:root:We got command: drive
DEBUG:root:We got a drive command: rawX:85.119000 and rawY:-67.427000
DEBUG:root:Reverse to the Right
DEBUG:root:Left=67.427000 Right=-152.546000
DEBUG:root:ScaledLeft: 526.710750 ScaledRight: 31.771500
INFO:root:Looping....
DEBUG:root:This is the line: drive:-67.429:84.97

DEBUG:root:We got command: drive
DEBUG:root:We got a drive command: rawX:84.970000 and rawY:-67.429000
DEBUG:root:Reverse to the Right
DEBUG:root:Left=67.429000 Right=-152.399000
DEBUG:root:ScaledLeft: 526.715250 ScaledRight: 32.102250
INFO:root:Looping....
DEBUG:root:This is the line: drive:-67.429:84.97

DEBUG:root:We got command: drive
DEBUG:root:We got a drive command: rawX:84.970000 and rawY:-67.429000
DEBUG:root:Reverse to the Right
DEBUG:root:Left=67.429000 Right=-152.399000
DEBUG:root:ScaledLeft: 526.715250 ScaledRight: 32.102250
INFO:root:Looping....
DEBUG:root:This is the line: drive:-67.429:84.97

DEBUG:root:We got command: drive
DEBUG:root:We got a drive command: rawX:84.970000 and rawY:-67.429000
DEBUG:root:Reverse to the Right
DEBUG:root:Left=67.429000 Right=-152.399000
DEBUG:root:ScaledLeft: 526.715250 ScaledRight: 32.102250
INFO:root:Looping....
DEBUG:root:This is the line: drive:-67.429:84.97

DEBUG:root:We got command: drive
DEBUG:root:We got a drive command: rawX:84.970000 and rawY:-67.429000
DEBUG:root:Reverse to the Right
DEBUG:root:Left=67.429000 Right=-152.399000
DEBUG:root:ScaledLeft: 526.715250 ScaledRight: 32.102250
INFO:root:Looping....
DEBUG:root:This is the line: drive:-67.129:85.119

DEBUG:root:We got command: drive
DEBUG:root:We got a drive command: rawX:85.119000 and rawY:-67.129000
DEBUG:root:Reverse to the Right
DEBUG:root:Left=67.129000 Right=-152.248000
DEBUG:root:ScaledLeft: 526.040250 ScaledRight: 32.442000
INFO:root:Looping....
DEBUG:root:This is the line: drive:-67.129:85.119

DEBUG:root:We got command: drive
DEBUG:root:We got a drive command: rawX:85.119000 and rawY:-67.129000
DEBUG:root:Reverse to the Right
DEBUG:root:Left=67.129000 Right=-152.248000
DEBUG:root:ScaledLeft: 526.040250 ScaledRight: 32.442000
INFO:root:Looping....
DEBUG:root:This is the line: drive:-67.129:85.119

DEBUG:root:We got command: drive
DEBUG:root:We got a drive command: rawX:85.119000 and rawY:-67.129000
DEBUG:root:Reverse to the Right
DEBUG:root:Left=67.129000 Right=-152.248000
DEBUG:root:ScaledLeft: 526.040250 ScaledRight: 32.442000
INFO:root:Looping....
DEBUG:root:This is the line: drive:-67.129:85.119

DEBUG:root:We got command: drive
DEBUG:root:We got a drive command: rawX:85.119000 and rawY:-67.129000
DEBUG:root:Reverse to the Right
DEBUG:root:Left=67.129000 Right=-152.248000
DEBUG:root:ScaledLeft: 526.040250 ScaledRight: 32.442000
INFO:root:Looping....
DEBUG:root:This is the line: drive:-67.129:85.119

DEBUG:root:We got command: drive
DEBUG:root:We got a drive command: rawX:85.119000 and rawY:-67.129000
DEBUG:root:Reverse to the Right
DEBUG:root:Left=67.129000 Right=-152.248000
DEBUG:root:ScaledLeft: 526.040250 ScaledRight: 32.442000
INFO:root:Looping....
DEBUG:root:This is the line: drive:-67.129:85.119

DEBUG:root:We got command: drive
DEBUG:root:We got a drive command: rawX:85.119000 and rawY:-67.129000
DEBUG:root:Reverse to the Right
DEBUG:root:Left=67.129000 Right=-152.248000
DEBUG:root:ScaledLeft: 526.040250 ScaledRight: 32.442000
INFO:root:Looping....
DEBUG:root:This is the line: drive:-67.129:85.119

DEBUG:root:We got command: drive
DEBUG:root:We got a drive command: rawX:85.119000 and rawY:-67.129000
DEBUG:root:Reverse to the Right
DEBUG:root:Left=67.129000 Right=-152.248000
DEBUG:root:ScaledLeft: 526.040250 ScaledRight: 32.442000
INFO:root:Looping....
DEBUG:root:This is the line: drive:-67.129:85.119

DEBUG:root:We got command: drive
DEBUG:root:We got a drive command: rawX:85.119000 and rawY:-67.129000
DEBUG:root:Reverse to the Right
DEBUG:root:Left=67.129000 Right=-152.248000
DEBUG:root:ScaledLeft: 526.040250 ScaledRight: 32.442000
INFO:root:Looping....
DEBUG:root:This is the line: drive:-67.129:85.119

DEBUG:root:We got command: drive
DEBUG:root:We got a drive command: rawX:85.119000 and rawY:-67.129000
DEBUG:root:Reverse to the Right
DEBUG:root:Left=67.129000 Right=-152.248000
DEBUG:root:ScaledLeft: 526.040250 ScaledRight: 32.442000
INFO:root:Looping....
DEBUG:root:This is the line: drive:-67.129:85.119

DEBUG:root:We got command: drive
DEBUG:root:We got a drive command: rawX:85.119000 and rawY:-67.129000
DEBUG:root:Reverse to the Right
DEBUG:root:Left=67.129000 Right=-152.248000
DEBUG:root:ScaledLeft: 526.040250 ScaledRight: 32.442000
INFO:root:Looping....
DEBUG:root:This is the line: drive:-67.129:85.119

DEBUG:root:We got command: drive
DEBUG:root:We got a drive command: rawX:85.119000 and rawY:-67.129000
DEBUG:root:Reverse to the Right
DEBUG:root:Left=67.129000 Right=-152.248000
DEBUG:root:ScaledLeft: 526.040250 ScaledRight: 32.442000
INFO:root:Looping....
DEBUG:root:This is the line: drive:-67.129:85.119

DEBUG:root:We got command: drive
DEBUG:root:We got a drive command: rawX:85.119000 and rawY:-67.129000
DEBUG:root:Reverse to the Right
DEBUG:root:Left=67.129000 Right=-152.248000
DEBUG:root:ScaledLeft: 526.040250 ScaledRight: 32.442000
INFO:root:Looping....
DEBUG:root:This is the line: drive:-67.129:85.119

DEBUG:root:We got command: drive
DEBUG:root:We got a drive command: rawX:85.119000 and rawY:-67.129000
DEBUG:root:Reverse to the Right
DEBUG:root:Left=67.129000 Right=-152.248000
DEBUG:root:ScaledLeft: 526.040250 ScaledRight: 32.442000
INFO:root:Looping....
DEBUG:root:This is the line: drive:-67.129:85.119

DEBUG:root:We got command: drive
DEBUG:root:We got a drive command: rawX:85.119000 and rawY:-67.129000
DEBUG:root:Reverse to the Right
DEBUG:root:Left=67.129000 Right=-152.248000
DEBUG:root:ScaledLeft: 526.040250 ScaledRight: 32.442000
INFO:root:Looping....
DEBUG:root:This is the line: drive:-67.129:85.119

DEBUG:root:We got command: drive
DEBUG:root:We got a drive command: rawX:85.119000 and rawY:-67.129000
DEBUG:root:Reverse to the Right
DEBUG:root:Left=67.129000 Right=-152.248000
DEBUG:root:ScaledLeft: 526.040250 ScaledRight: 32.442000
INFO:root:Looping....
DEBUG:root:This is the line: drive:-67.129:85.119

DEBUG:root:We got command: drive
DEBUG:root:We got a drive command: rawX:85.119000 and rawY:-67.129000
DEBUG:root:Reverse to the Right
DEBUG:root:Left=67.129000 Right=-152.248000
DEBUG:root:ScaledLeft: 526.040250 ScaledRight: 32.442000
INFO:root:Looping....
DEBUG:root:This is the line: drive:-67.129:85.119

DEBUG:root:We got command: drive
DEBUG:root:We got a drive command: rawX:85.119000 and rawY:-67.129000
DEBUG:root:Reverse to the Right
DEBUG:root:Left=67.129000 Right=-152.248000
DEBUG:root:ScaledLeft: 526.040250 ScaledRight: 32.442000
INFO:root:Looping....
DEBUG:root:This is the line: drive:-67.129:85.119

DEBUG:root:We got command: drive
DEBUG:root:We got a drive command: rawX:85.119000 and rawY:-67.129000
DEBUG:root:Reverse to the Right
DEBUG:root:Left=67.129000 Right=-152.248000
DEBUG:root:ScaledLeft: 526.040250 ScaledRight: 32.442000
INFO:root:Looping....
DEBUG:root:This is the line: drive:-67.129:85.119

DEBUG:root:We got command: drive
DEBUG:root:We got a drive command: rawX:85.119000 and rawY:-67.129000
DEBUG:root:Reverse to the Right
DEBUG:root:Left=67.129000 Right=-152.248000
DEBUG:root:ScaledLeft: 526.040250 ScaledRight: 32.442000
INFO:root:Looping....
DEBUG:root:This is the line: drive:-66.857:85.119

DEBUG:root:We got command: drive
DEBUG:root:We got a drive command: rawX:85.119000 and rawY:-66.857000
DEBUG:root:Reverse to the Right
DEBUG:root:Left=66.857000 Right=-151.976000
DEBUG:root:ScaledLeft: 525.428250 ScaledRight: 33.054000
INFO:root:Looping....
DEBUG:root:This is the line: drive:-66.857:84.777

DEBUG:root:We got command: drive
DEBUG:root:We got a drive command: rawX:84.777000 and rawY:-66.857000
DEBUG:root:Reverse to the Right
DEBUG:root:Left=66.857000 Right=-151.634000
DEBUG:root:ScaledLeft: 525.428250 ScaledRight: 33.823500
INFO:root:Looping....
DEBUG:root:This is the line: drive:-66.857:85.143

DEBUG:root:We got command: drive
DEBUG:root:We got a drive command: rawX:85.143000 and rawY:-66.857000
DEBUG:root:Reverse to the Right
DEBUG:root:Left=66.857000 Right=-152.000000
DEBUG:root:ScaledLeft: 525.428250 ScaledRight: 33.000000
INFO:root:Looping....
DEBUG:root:This is the line: drive:-66.857:85.143

DEBUG:root:We got command: drive
DEBUG:root:We got a drive command: rawX:85.143000 and rawY:-66.857000
DEBUG:root:Reverse to the Right
DEBUG:root:Left=66.857000 Right=-152.000000
DEBUG:root:ScaledLeft: 525.428250 ScaledRight: 33.000000
INFO:root:Looping....
DEBUG:root:This is the line: drive:-66.857:85.143

DEBUG:root:We got command: drive
DEBUG:root:We got a drive command: rawX:85.143000 and rawY:-66.857000
DEBUG:root:Reverse to the Right
DEBUG:root:Left=66.857000 Right=-152.000000
DEBUG:root:ScaledLeft: 525.428250 ScaledRight: 33.000000
INFO:root:Looping....
DEBUG:root:This is the line: drive:-66.857:85.143

DEBUG:root:We got command: drive
DEBUG:root:We got a drive command: rawX:85.143000 and rawY:-66.857000
DEBUG:root:Reverse to the Right
DEBUG:root:Left=66.857000 Right=-152.000000
DEBUG:root:ScaledLeft: 525.428250 ScaledRight: 33.000000
INFO:root:Looping....
DEBUG:root:This is the line: drive:-66.857:85.143

DEBUG:root:We got command: drive
DEBUG:root:We got a drive command: rawX:85.143000 and rawY:-66.857000
DEBUG:root:Reverse to the Right
DEBUG:root:Left=66.857000 Right=-152.000000
DEBUG:root:ScaledLeft: 525.428250 ScaledRight: 33.000000
INFO:root:Looping....
DEBUG:root:This is the line: drive:-66.857:85.143

DEBUG:root:We got command: drive
DEBUG:root:We got a drive command: rawX:85.143000 and rawY:-66.857000
DEBUG:root:Reverse to the Right
DEBUG:root:Left=66.857000 Right=-152.000000
DEBUG:root:ScaledLeft: 525.428250 ScaledRight: 33.000000
INFO:root:Looping....
DEBUG:root:This is the line: drive:-66.857:85.143

DEBUG:root:We got command: drive
DEBUG:root:We got a drive command: rawX:85.143000 and rawY:-66.857000
DEBUG:root:Reverse to the Right
DEBUG:root:Left=66.857000 Right=-152.000000
DEBUG:root:ScaledLeft: 525.428250 ScaledRight: 33.000000
INFO:root:Looping....
DEBUG:root:This is the line: drive:-66.857:85.143

DEBUG:root:We got command: drive
DEBUG:root:We got a drive command: rawX:85.143000 and rawY:-66.857000
DEBUG:root:Reverse to the Right
DEBUG:root:Left=66.857000 Right=-152.000000
DEBUG:root:ScaledLeft: 525.428250 ScaledRight: 33.000000
INFO:root:Looping....
DEBUG:root:This is the line: drive:-66.857:85.143

DEBUG:root:We got command: drive
DEBUG:root:We got a drive command: rawX:85.143000 and rawY:-66.857000
DEBUG:root:Reverse to the Right
DEBUG:root:Left=66.857000 Right=-152.000000
DEBUG:root:ScaledLeft: 525.428250 ScaledRight: 33.000000
INFO:root:Looping....
DEBUG:root:This is the line: drive:-66.857:85.143

DEBUG:root:We got command: drive
DEBUG:root:We got a drive command: rawX:85.143000 and rawY:-66.857000
DEBUG:root:Reverse to the Right
DEBUG:root:Left=66.857000 Right=-152.000000
DEBUG:root:ScaledLeft: 525.428250 ScaledRight: 33.000000
INFO:root:Looping....
DEBUG:root:This is the line: drive:-66.857:85.143

DEBUG:root:We got command: drive
DEBUG:root:We got a drive command: rawX:85.143000 and rawY:-66.857000
DEBUG:root:Reverse to the Right
DEBUG:root:Left=66.857000 Right=-152.000000
DEBUG:root:ScaledLeft: 525.428250 ScaledRight: 33.000000
INFO:root:Looping....
DEBUG:root:This is the line: drive:-66.857:85.143

DEBUG:root:We got command: drive
DEBUG:root:We got a drive command: rawX:85.143000 and rawY:-66.857000
DEBUG:root:Reverse to the Right
DEBUG:root:Left=66.857000 Right=-152.000000
DEBUG:root:ScaledLeft: 525.428250 ScaledRight: 33.000000
INFO:root:Looping....
DEBUG:root:This is the line: drive:-66.857:85.143

DEBUG:root:We got command: drive
DEBUG:root:We got a drive command: rawX:85.143000 and rawY:-66.857000
DEBUG:root:Reverse to the Right
DEBUG:root:Left=66.857000 Right=-152.000000
DEBUG:root:ScaledLeft: 525.428250 ScaledRight: 33.000000
INFO:root:Looping....
DEBUG:root:This is the line: drive:-66.857:85.143

DEBUG:root:We got command: drive
DEBUG:root:We got a drive command: rawX:85.143000 and rawY:-66.857000
DEBUG:root:Reverse to the Right
DEBUG:root:Left=66.857000 Right=-152.000000
DEBUG:root:ScaledLeft: 525.428250 ScaledRight: 33.000000
INFO:root:Looping....
DEBUG:root:This is the line: drive:-66.857:85.143

DEBUG:root:We got command: drive
DEBUG:root:We got a drive command: rawX:85.143000 and rawY:-66.857000
DEBUG:root:Reverse to the Right
DEBUG:root:Left=66.857000 Right=-152.000000
DEBUG:root:ScaledLeft: 525.428250 ScaledRight: 33.000000
INFO:root:Looping....
DEBUG:root:This is the line: drive:-66.857:85.143

DEBUG:root:We got command: drive
DEBUG:root:We got a drive command: rawX:85.143000 and rawY:-66.857000
DEBUG:root:Reverse to the Right
DEBUG:root:Left=66.857000 Right=-152.000000
DEBUG:root:ScaledLeft: 525.428250 ScaledRight: 33.000000
INFO:root:Looping....
DEBUG:root:This is the line: drive:-66.857:85.42

DEBUG:root:We got command: drive
DEBUG:root:We got a drive command: rawX:85.420000 and rawY:-66.857000
DEBUG:root:Reverse to the Right
DEBUG:root:Left=66.857000 Right=-152.277000
DEBUG:root:ScaledLeft: 525.428250 ScaledRight: 32.376750
INFO:root:Looping....
DEBUG:root:This is the line: drive:0:0

DEBUG:root:We got command: drive
DEBUG:root:We got a drive command: rawX:0.000000 and rawY:0.000000
DEBUG:root:Forward to the Left/Straight
DEBUG:root:Left=-0.000000 Right=0.000000
DEBUG:root:ScaledLeft: 375.000000 ScaledRight: 375.000000
INFO:root:Looping....
DEBUG:root:This is the line: drive:-66.429:86.756

DEBUG:root:We got command: drive
DEBUG:root:We got a drive command: rawX:86.756000 and rawY:-66.429000
DEBUG:root:Reverse to the Right
DEBUG:root:Left=66.429000 Right=-153.185000
DEBUG:root:ScaledLeft: 524.465250 ScaledRight: 30.333750
INFO:root:Looping....
DEBUG:root:This is the line: drive:-66.429:86.756

DEBUG:root:We got command: drive
DEBUG:root:We got a drive command: rawX:86.756000 and rawY:-66.429000
DEBUG:root:Reverse to the Right
DEBUG:root:Left=66.429000 Right=-153.185000
DEBUG:root:ScaledLeft: 524.465250 ScaledRight: 30.333750
INFO:root:Looping....
DEBUG:root:This is the line: drive:-66.429:86.756

DEBUG:root:We got command: drive
DEBUG:root:We got a drive command: rawX:86.756000 and rawY:-66.429000
DEBUG:root:Reverse to the Right
DEBUG:root:Left=66.429000 Right=-153.185000
DEBUG:root:ScaledLeft: 524.465250 ScaledRight: 30.333750
INFO:root:Looping....
DEBUG:root:This is the line: drive:-52.143:70.833

DEBUG:root:We got command: drive
DEBUG:root:We got a drive command: rawX:70.833000 and rawY:-52.143000
DEBUG:root:Reverse to the Right
DEBUG:root:Left=52.143000 Right=-122.976000
DEBUG:root:ScaledLeft: 492.321750 ScaledRight: 98.304000
INFO:root:Looping....
DEBUG:root:This is the line: drive:-50.299:76.461

DEBUG:root:We got command: drive
DEBUG:root:We got a drive command: rawX:76.461000 and rawY:-50.299000
DEBUG:root:Reverse to the Right
DEBUG:root:Left=50.299000 Right=-126.760000
DEBUG:root:ScaledLeft: 488.172750 ScaledRight: 89.790000
INFO:root:Looping....
DEBUG:root:This is the line: drive:-49.143:80.904

DEBUG:root:We got command: drive
DEBUG:root:We got a drive command: rawX:80.904000 and rawY:-49.143000
DEBUG:root:Reverse to the Right
DEBUG:root:Left=49.143000 Right=-130.047000
DEBUG:root:ScaledLeft: 485.571750 ScaledRight: 82.394250
INFO:root:Looping....
DEBUG:root:This is the line: drive:-49.143:83.817

DEBUG:root:We got command: drive
DEBUG:root:We got a drive command: rawX:83.817000 and rawY:-49.143000
DEBUG:root:Reverse to the Right
DEBUG:root:Left=49.143000 Right=-132.960000
DEBUG:root:ScaledLeft: 485.571750 ScaledRight: 75.840000
INFO:root:Looping....
DEBUG:root:This is the line: drive:-49.143:86.032

DEBUG:root:We got command: drive
DEBUG:root:We got a drive command: rawX:86.032000 and rawY:-49.143000
DEBUG:root:Reverse to the Right
DEBUG:root:Left=49.143000 Right=-135.175000
DEBUG:root:ScaledLeft: 485.571750 ScaledRight: 70.856250
INFO:root:Looping....
DEBUG:root:This is the line: drive:-49.143:87.946

DEBUG:root:We got command: drive
DEBUG:root:We got a drive command: rawX:87.946000 and rawY:-49.143000
DEBUG:root:Reverse to the Right
DEBUG:root:Left=49.143000 Right=-137.089000
DEBUG:root:ScaledLeft: 485.571750 ScaledRight: 66.549750
INFO:root:Looping....
DEBUG:root:This is the line: drive:-49.143:88.839

DEBUG:root:We got command: drive
DEBUG:root:We got a drive command: rawX:88.839000 and rawY:-49.143000
DEBUG:root:Reverse to the Right
DEBUG:root:Left=49.143000 Right=-137.982000
DEBUG:root:ScaledLeft: 485.571750 ScaledRight: 64.540500
INFO:root:Looping....
DEBUG:root:This is the line: drive:-49.143:88.839

DEBUG:root:We got command: drive
DEBUG:root:We got a drive command: rawX:88.839000 and rawY:-49.143000
DEBUG:root:Reverse to the Right
DEBUG:root:Left=49.143000 Right=-137.982000
DEBUG:root:ScaledLeft: 485.571750 ScaledRight: 64.540500
INFO:root:Looping....
DEBUG:root:This is the line: drive:-49.143:88.627

DEBUG:root:We got command: drive
DEBUG:root:We got a drive command: rawX:88.627000 and rawY:-49.143000
DEBUG:root:Reverse to the Right
DEBUG:root:Left=49.143000 Right=-137.770000
DEBUG:root:ScaledLeft: 485.571750 ScaledRight: 65.017500
INFO:root:Looping....
DEBUG:root:This is the line: drive:-49.143:88.627

DEBUG:root:We got command: drive
DEBUG:root:We got a drive command: rawX:88.627000 and rawY:-49.143000
DEBUG:root:Reverse to the Right
DEBUG:root:Left=49.143000 Right=-137.770000
DEBUG:root:ScaledLeft: 485.571750 ScaledRight: 65.017500
INFO:root:Looping....
DEBUG:root:This is the line: drive:-49.143:88.627

DEBUG:root:We got command: drive
DEBUG:root:We got a drive command: rawX:88.627000 and rawY:-49.143000
DEBUG:root:Reverse to the Right
DEBUG:root:Left=49.143000 Right=-137.770000
DEBUG:root:ScaledLeft: 485.571750 ScaledRight: 65.017500
INFO:root:Looping....
DEBUG:root:This is the line: drive:-49.143:88.627

DEBUG:root:We got command: drive
DEBUG:root:We got a drive command: rawX:88.627000 and rawY:-49.143000
DEBUG:root:Reverse to the Right
DEBUG:root:Left=49.143000 Right=-137.770000
DEBUG:root:ScaledLeft: 485.571750 ScaledRight: 65.017500
INFO:root:Looping....
DEBUG:root:This is the line: drive:-49.143:88.627

DEBUG:root:We got command: drive
DEBUG:root:We got a drive command: rawX:88.627000 and rawY:-49.143000
DEBUG:root:Reverse to the Right
DEBUG:root:Left=49.143000 Right=-137.770000
DEBUG:root:ScaledLeft: 485.571750 ScaledRight: 65.017500
INFO:root:Looping....
DEBUG:root:This is the line: drive:0:0

DEBUG:root:We got command: drive
DEBUG:root:We got a drive command: rawX:0.000000 and rawY:0.000000
DEBUG:root:Forward to the Left/Straight
DEBUG:root:Left=-0.000000 Right=0.000000
DEBUG:root:ScaledLeft: 375.000000 ScaledRight: 375.000000
INFO:root:Looping....
DEBUG:root:This is the line: EMERGENCYSTOP:STOP

DEBUG:root:We got command: EMERGENCYSTOP
INFO:root:We got the EMERGENCY STOP command.
INFO:root:Looping....
DEBUG:root:This is the line: EMERGENCYSTOP:STOP

DEBUG:root:We got command: EMERGENCYSTOP
INFO:root:We got the EMERGENCY STOP command.
INFO:root:Looping....
DEBUG:root:This is the line: EMERGENCYSTOP:STOP

DEBUG:root:We got command: EMERGENCYSTOP
INFO:root:We got the EMERGENCY STOP command.
INFO:root:Looping....
INFO:root:Starting Log file.
INFO:root:Looping....
DEBUG:root:This is the line: Beginning test.EMERGENCYSTOP:STOP

DEBUG:root:We got command: Beginning test.EMERGENCYSTOP
INFO:root:We got some other kind of command
INFO:root:Looping....
DEBUG:root:This is the line: EMERGENCYSTOP:STOP

DEBUG:root:We got command: EMERGENCYSTOP
INFO:root:We got the EMERGENCY STOP command.
INFO:root:Looping....
DEBUG:root:This is the line: EMERGENCYSTOP:STOP

DEBUG:root:We got command: EMERGENCYSTOP
INFO:root:We got the EMERGENCY STOP command.
INFO:root:Looping....
DEBUG:root:This is the line: EMERGENCYSTOP:STOP

DEBUG:root:We got command: EMERGENCYSTOP
INFO:root:We got the EMERGENCY STOP command.
INFO:root:Looping....
DEBUG:root:This is the line: EMERGENCYSTOP:STOP

DEBUG:root:We got command: EMERGENCYSTOP
INFO:root:We got the EMERGENCY STOP command.
INFO:root:Looping....
DEBUG:root:This is the line: EMERGENCYSTOP:STOP

DEBUG:root:We got command: EMERGENCYSTOP
INFO:root:We got the EMERGENCY STOP command.
INFO:root:Looping....
DEBUG:root:This is the line: EMERGENCYSTOP:STOP

DEBUG:root:We got command: EMERGENCYSTOP
INFO:root:We got the EMERGENCY STOP command.
INFO:root:Looping....
DEBUG:root:This is the line: EMERGENCYSTOP:STOP

DEBUG:root:We got command: EMERGENCYSTOP
INFO:root:We got the EMERGENCY STOP command.
INFO:root:Looping....
DEBUG:root:This is the line: EMERGENCYSTOP:STOP

DEBUG:root:We got command: EMERGENCYSTOP
INFO:root:We got the EMERGENCY STOP command.
INFO:root:Looping....
DEBUG:root:This is the line: EMERGENCYSTOP:STOP

DEBUG:root:We got command: EMERGENCYSTOP
INFO:root:We got the EMERGENCY STOP command.
INFO:root:Looping....
DEBUG:root:This is the line: EMERGENCYSTOP:STOP

DEBUG:root:We got command: EMERGENCYSTOP
INFO:root:We got the EMERGENCY STOP command.
INFO:root:Looping....
DEBUG:root:This is the line: EMERGENCYSTOP:STOP

DEBUG:root:We got command: EMERGENCYSTOP
INFO:root:We got the EMERGENCY STOP command.
INFO:root:Looping....
DEBUG:root:This is the line: EMERGENCYSTOP:STOP

DEBUG:root:We got command: EMERGENCYSTOP
INFO:root:We got the EMERGENCY STOP command.
INFO:root:Looping....
DEBUG:root:This is the line: EMERGENCYSTOP:STOP

DEBUG:root:We got command: EMERGENCYSTOP
INFO:root:We got the EMERGENCY STOP command.
INFO:root:Looping....
DEBUG:root:This is the line: EMERGENCYSTOP:STOP

DEBUG:root:We got command: EMERGENCYSTOP
INFO:root:We got the EMERGENCY STOP command.
INFO:root:Looping....
DEBUG:root:This is the line: drive:0:0

DEBUG:root:We got command: drive
DEBUG:root:We got a drive command: rawX:0.000000 and rawY:0.000000
INFO:root:Looping....
DEBUG:root:This is the line: drive:-11.624:-4.488

DEBUG:root:We got command: drive
DEBUG:root:We got a drive command: rawX:-4.488000 and rawY:-11.624000
DEBUG:root:Reverse to the Left/Straight
DEBUG:root:Left=7.136000 Right=-11.624000
DEBUG:root:ScaledLeft: 391.056000 ScaledRight: 348.846000
INFO:root:Looping....
DEBUG:root:This is the line: drive:-3.303:-6.272

DEBUG:root:We got command: drive
DEBUG:root:We got a drive command: rawX:-6.272000 and rawY:-3.303000
DEBUG:root:Reverse to the Left/Straight
DEBUG:root:Left=-2.969000 Right=-3.303000
DEBUG:root:ScaledLeft: 368.319750 ScaledRight: 367.568250
INFO:root:Looping....
DEBUG:root:This is the line: drive:17.992:-8.333

DEBUG:root:We got command: drive
DEBUG:root:We got a drive command: rawX:-8.333000 and rawY:17.992000
DEBUG:root:Forward to the Left/Straight
DEBUG:root:Left=-26.325000 Right=17.992000
DEBUG:root:ScaledLeft: 315.768750 ScaledRight: 415.482000
INFO:root:Looping....
DEBUG:root:This is the line: drive:26.056:-8.929

DEBUG:root:We got command: drive
DEBUG:root:We got a drive command: rawX:-8.929000 and rawY:26.056000
DEBUG:root:Forward to the Left/Straight
DEBUG:root:Left=-34.985000 Right=26.056000
DEBUG:root:ScaledLeft: 296.283750 ScaledRight: 433.626000
INFO:root:Looping....
DEBUG:root:This is the line: drive:30.936:-9.226

DEBUG:root:We got command: drive
DEBUG:root:We got a drive command: rawX:-9.226000 and rawY:30.936000
DEBUG:root:Forward to the Left/Straight
DEBUG:root:Left=-40.162000 Right=30.936000
DEBUG:root:ScaledLeft: 284.635500 ScaledRight: 444.606000
INFO:root:Looping....
DEBUG:root:This is the line: drive:35.255:-9.524

DEBUG:root:We got command: drive
DEBUG:root:We got a drive command: rawX:-9.524000 and rawY:35.255000
DEBUG:root:Forward to the Left/Straight
DEBUG:root:Left=-44.779000 Right=35.255000
DEBUG:root:ScaledLeft: 274.247250 ScaledRight: 454.323750
INFO:root:Looping....
DEBUG:root:This is the line: drive:37.904:-9.721

DEBUG:root:We got command: drive
DEBUG:root:We got a drive command: rawX:-9.721000 and rawY:37.904000
DEBUG:root:Forward to the Left/Straight
DEBUG:root:Left=-47.625000 Right=37.904000
DEBUG:root:ScaledLeft: 267.843750 ScaledRight: 460.284000
INFO:root:Looping....
DEBUG:root:This is the line: drive:39.94:-10.119

DEBUG:root:We got command: drive
DEBUG:root:We got a drive command: rawX:-10.119000 and rawY:39.940000
DEBUG:root:Forward to the Left/Straight
DEBUG:root:Left=-50.059000 Right=39.940000
DEBUG:root:ScaledLeft: 262.367250 ScaledRight: 464.865000
INFO:root:Looping....
DEBUG:root:This is the line: drive:41.636:-10.119

DEBUG:root:We got command: drive
DEBUG:root:We got a drive command: rawX:-10.119000 and rawY:41.636000
DEBUG:root:Forward to the Left/Straight
DEBUG:root:Left=-51.755000 Right=41.636000
DEBUG:root:ScaledLeft: 258.551250 ScaledRight: 468.681000
INFO:root:Looping....
DEBUG:root:This is the line: drive:43.681:-10.417

DEBUG:root:We got command: drive
DEBUG:root:We got a drive command: rawX:-10.417000 and rawY:43.681000
DEBUG:root:Forward to the Left/Straight
DEBUG:root:Left=-54.098000 Right=43.681000
DEBUG:root:ScaledLeft: 253.279500 ScaledRight: 473.282250
INFO:root:Looping....
DEBUG:root:This is the line: drive:45.692:-10.417

DEBUG:root:We got command: drive
DEBUG:root:We got a drive command: rawX:-10.417000 and rawY:45.692000
DEBUG:root:Forward to the Left/Straight
DEBUG:root:Left=-56.109000 Right=45.692000
DEBUG:root:ScaledLeft: 248.754750 ScaledRight: 477.807000
INFO:root:Looping....
DEBUG:root:This is the line: drive:48.072:-10.417

DEBUG:root:We got command: drive
DEBUG:root:We got a drive command: rawX:-10.417000 and rawY:48.072000
DEBUG:root:Forward to the Left/Straight
DEBUG:root:Left=-58.489000 Right=48.072000
DEBUG:root:ScaledLeft: 243.399750 ScaledRight: 483.162000
INFO:root:Looping....
DEBUG:root:This is the line: drive:50.096:-10.417

DEBUG:root:We got command: drive
DEBUG:root:We got a drive command: rawX:-10.417000 and rawY:50.096000
DEBUG:root:Forward to the Left/Straight
DEBUG:root:Left=-60.513000 Right=50.096000
DEBUG:root:ScaledLeft: 238.845750 ScaledRight: 487.716000
INFO:root:Looping....
DEBUG:root:This is the line: drive:51.792:-10.417

DEBUG:root:We got command: drive
DEBUG:root:We got a drive command: rawX:-10.417000 and rawY:51.792000
DEBUG:root:Forward to the Left/Straight
DEBUG:root:Left=-62.209000 Right=51.792000
DEBUG:root:ScaledLeft: 235.029750 ScaledRight: 491.532000
INFO:root:Looping....
DEBUG:root:This is the line: drive:53.851:-10.417

DEBUG:root:We got command: drive
DEBUG:root:We got a drive command: rawX:-10.417000 and rawY:53.851000
DEBUG:root:Forward to the Left/Straight
DEBUG:root:Left=-64.268000 Right=53.851000
DEBUG:root:ScaledLeft: 230.397000 ScaledRight: 496.164750
INFO:root:Looping....
DEBUG:root:This is the line: drive:54.957:-10.417

DEBUG:root:We got command: drive
DEBUG:root:We got a drive command: rawX:-10.417000 and rawY:54.957000
DEBUG:root:Forward to the Left/Straight
DEBUG:root:Left=-65.374000 Right=54.957000
DEBUG:root:ScaledLeft: 227.908500 ScaledRight: 498.653250
INFO:root:Looping....
DEBUG:root:This is the line: drive:56.101:-10.417

DEBUG:root:We got command: drive
DEBUG:root:We got a drive command: rawX:-10.417000 and rawY:56.101000
DEBUG:root:Forward to the Left/Straight
DEBUG:root:Left=-66.518000 Right=56.101000
DEBUG:root:ScaledLeft: 225.334500 ScaledRight: 501.227250
INFO:root:Looping....
DEBUG:root:This is the line: drive:56.858:-10.417

DEBUG:root:We got command: drive
DEBUG:root:We got a drive command: rawX:-10.417000 and rawY:56.858000
DEBUG:root:Forward to the Left/Straight
DEBUG:root:Left=-67.275000 Right=56.858000
DEBUG:root:ScaledLeft: 223.631250 ScaledRight: 502.930500
INFO:root:Looping....
DEBUG:root:This is the line: drive:57.257:-10.417

DEBUG:root:We got command: drive
DEBUG:root:We got a drive command: rawX:-10.417000 and rawY:57.257000
DEBUG:root:Forward to the Left/Straight
DEBUG:root:Left=-67.674000 Right=57.257000
DEBUG:root:ScaledLeft: 222.733500 ScaledRight: 503.828250
INFO:root:Looping....
DEBUG:root:This is the line: drive:57.429:-10.417

DEBUG:root:We got command: drive
DEBUG:root:We got a drive command: rawX:-10.417000 and rawY:57.429000
DEBUG:root:Forward to the Left/Straight
DEBUG:root:Left=-67.846000 Right=57.429000
DEBUG:root:ScaledLeft: 222.346500 ScaledRight: 504.215250
INFO:root:Looping....
DEBUG:root:This is the line: drive:58.086:-10.417

DEBUG:root:We got command: drive
DEBUG:root:We got a drive command: rawX:-10.417000 and rawY:58.086000
DEBUG:root:Forward to the Left/Straight
DEBUG:root:Left=-68.503000 Right=58.086000
DEBUG:root:ScaledLeft: 220.868250 ScaledRight: 505.693500
INFO:root:Looping....
DEBUG:root:This is the line: drive:58.086:-10.417

DEBUG:root:We got command: drive
DEBUG:root:We got a drive command: rawX:-10.417000 and rawY:58.086000
DEBUG:root:Forward to the Left/Straight
DEBUG:root:Left=-68.503000 Right=58.086000
DEBUG:root:ScaledLeft: 220.868250 ScaledRight: 505.693500
INFO:root:Looping....
DEBUG:root:This is the line: drive:58.216:-9.669

DEBUG:root:We got command: drive
DEBUG:root:We got a drive command: rawX:-9.669000 and rawY:58.216000
DEBUG:root:Forward to the Left/Straight
DEBUG:root:Left=-67.885000 Right=58.216000
DEBUG:root:ScaledLeft: 222.258750 ScaledRight: 505.986000
INFO:root:Looping....
DEBUG:root:This is the line: drive:0:0

DEBUG:root:We got command: drive
DEBUG:root:We got a drive command: rawX:0.000000 and rawY:0.000000
INFO:root:Looping....
